2026-10-09T10:31:10Z INFO Logging to /tmp/logs/update_2026-10-09T10-31-10Z.log.
2026-10-09T10:31:10Z INFO Update valid-nwb-file-to-sackin-index (base directory /tmp).
2026-10-09T10:31:10Z INFO Processing 750 items (109336 already recorded).
2026-10-09T10:32:03Z INFO [1/750] 818619c4-e49d-4d80-8b8b-bbd2df1cacca: Sackin index -0.1144; 52.1 s; peak memory 200 MiB.
2026-10-09T10:32:04Z INFO [2/750] 81868ea0-0f0a-4084-8e7d-b4545acbf23c: Sackin index -0.2147; 1.2 s; peak memory 200 MiB.
2026-10-09T10:32:06Z INFO [3/750] 81875a6b-66e9-4204-a496-9ec79a3af1a0: Sackin index -0.0728; 1.7 s; peak memory 200 MiB.
2026-10-09T10:32:07Z INFO [4/750] 8187d4bc-a82b-41ea-bab0-e1fe8f501012: Sackin index -0.1349; 1.3 s; peak memory 201 MiB.
2026-10-09T10:32:09Z INFO [5/750] 8187f69c-ba4d-46fc-b158-3771e66b7c56: Sackin index -0.0275; 2.2 s; peak memory 201 MiB.
2026-10-09T10:32:12Z INFO [6/750] 818823dd-6e4c-436b-af50-70ed04d9b615: Sackin index -0.0930; 2.7 s; peak memory 201 MiB.
2026-10-09T10:32:13Z INFO [7/750] 8188d7fa-33fb-4c23-a9b9-b7f782b321ab: Sackin index -0.1349; 1.5 s; peak memory 201 MiB.
2026-10-09T10:32:17Z INFO [8/750] 81895270-faf9-46c1-948b-46fc6a3eb7f7: Sackin index -0.1938; 3.2 s; peak memory 201 MiB.
2026-10-09T10:32:18Z INFO [9/750] 818a0571-670c-4498-b7da-536fb7aadd73: Sackin index -0.1349; 1.3 s; peak memory 201 MiB.
2026-10-09T10:32:19Z INFO [10/750] 818a177c-5e87-4a98-ac43-cc26aad9c73a: Sackin index -0.1135; 1.1 s; peak memory 201 MiB.
2026-10-09T10:32:20Z INFO [11/750] 818a3ef2-dd9b-4f83-baa7-0106baab5ceb: Sackin index -0.1356; 1.1 s; peak memory 201 MiB.
2026-10-09T10:32:22Z INFO [12/750] 818aba59-6d54-4093-919f-7698ea483e3b: Sackin index -0.0379; 2.0 s; peak memory 201 MiB.
2026-10-09T10:32:30Z INFO [13/750] 818b900f-5391-4b3d-af85-d42da8aa1f0c: Sackin index -0.0251; 8.1 s; peak memory 201 MiB.
2026-10-09T10:32:32Z INFO [14/750] 818c9522-93a3-4069-a4af-f30b861c56ae: Sackin index -0.1248; 1.5 s; peak memory 202 MiB.
2026-10-09T10:32:34Z INFO [15/750] 818cf1d5-3b22-4337-b757-46d6850d7936: Sackin index -0.0728; 1.7 s; peak memory 202 MiB.
2026-10-09T10:32:36Z INFO [16/750] 818d2449-4be9-4c06-a0af-18b27e35cfc0: Sackin index -0.0369; 2.4 s; peak memory 202 MiB.
2026-10-09T10:32:43Z INFO [17/750] 818d5c38-c714-48f5-9979-8c25abe4378d: Sackin index -0.0411; 6.8 s; peak memory 202 MiB.
2026-10-09T10:32:44Z INFO [18/750] 818d6b2f-51e0-4fa8-b0fc-8fb8e3cb76d2: Sackin index -0.1319; 1.3 s; peak memory 202 MiB.
2026-10-09T10:32:45Z INFO [19/750] 818ddb09-526e-429b-bf75-9fdf752647b7: Sackin index -0.1303; 1.3 s; peak memory 203 MiB.
2026-10-09T10:32:47Z INFO [20/750] 818dfe7f-a038-4ea7-9add-75af8f5153ad: Sackin index -0.1215; 1.4 s; peak memory 203 MiB.
2026-10-09T10:32:51Z INFO [21/750] 818f5257-627d-4255-8ee3-0bb1edf35077: Sackin index -0.0533; 4.3 s; peak memory 203 MiB.
2026-10-09T10:32:53Z INFO [22/750] 818fcc69-8c0f-455e-9f36-63571cfd37e0: Sackin index -0.0434; 1.9 s; peak memory 203 MiB.
2026-10-09T10:32:55Z INFO [23/750] 818fef6e-b4a2-44f3-bf17-a09bda9e56e5: Sackin index -0.0369; 2.2 s; peak memory 203 MiB.
2026-10-09T10:32:57Z INFO [24/750] 81900be0-b5ea-4758-93bc-abb9f5943c87: Sackin index -0.0696; 2.0 s; peak memory 203 MiB.
2026-10-09T10:32:59Z INFO [25/750] 8190854d-6169-4600-8e3e-181ccffdf010: Sackin index -0.1349; 1.5 s; peak memory 203 MiB.
2026-10-09T10:33:00Z INFO [26/750] 8190afea-ff3a-463c-b39c-7223e9dd9d2c: Sackin index -0.1421; 1.1 s; peak memory 203 MiB.
2026-10-09T10:33:13Z INFO [27/750] 8192d301-6cac-48cb-802c-9e4b81fc2d62: Sackin index -0.0356; 13.8 s; peak memory 203 MiB.
2026-10-09T10:33:28Z INFO [28/750] 8193eef3-eee6-439e-87cc-66f955573aa3: Sackin index -0.0263; 14.3 s; peak memory 203 MiB.
2026-10-09T10:33:30Z INFO [29/750] 819428f0-40d5-4043-ac8c-b032494e52c9: Sackin index -0.0746; 2.0 s; peak memory 203 MiB.
2026-10-09T10:33:34Z INFO [30/750] 81948ffd-b643-4723-850b-120a84bbba15: Sackin index -0.0562; 4.2 s; peak memory 203 MiB.
2026-10-09T10:33:35Z INFO [31/750] 81949afb-4a67-430f-8fbb-b06f98faf3ba: Sackin index -0.1602; 1.4 s; peak memory 203 MiB.
2026-10-09T10:33:36Z INFO [32/750] 8194b50b-7cc7-4176-a530-124d1537974e: Sackin index -0.1658; 1.0 s; peak memory 203 MiB.
2026-10-09T10:33:38Z INFO [33/750] 8195509a-4e35-4a77-b0c0-13c1261a1110: Sackin index -0.1429; 1.4 s; peak memory 203 MiB.
2026-10-09T10:33:45Z INFO [34/750] 8195ab51-c57e-4f8b-881f-0cdefce76eaa: Sackin index -0.0252; 6.9 s; peak memory 203 MiB.
2026-10-09T10:33:46Z INFO [35/750] 8198b66e-a9de-4528-9d2c-e31c8e52f805: Sackin index -0.0728; 1.6 s; peak memory 203 MiB.
2026-10-09T10:33:48Z INFO [36/750] 8198eabe-ca6e-4312-9531-9f10890e8478: Sackin index -0.1273; 1.8 s; peak memory 203 MiB.
2026-10-09T10:34:05Z INFO [37/750] 8198eda5-c0f6-4943-900e-ba0ab3dfd77a: Sackin index -0.1284; 17.1 s; peak memory 203 MiB.
2026-10-09T10:34:07Z INFO [38/750] 81996091-d785-4d1a-9529-57587ddb8f1f: Sackin index -0.0956; 1.6 s; peak memory 203 MiB.
2026-10-09T10:34:08Z INFO [39/750] 81997b9a-23ff-4f32-873d-9fd4e1e484ea: Sackin index -0.1120; 1.2 s; peak memory 203 MiB.
2026-10-09T10:34:11Z INFO [40/750] 819a5d36-4b44-4448-8622-8564c8de0a53: Sackin index -0.0704; 3.3 s; peak memory 203 MiB.
2026-10-09T10:34:13Z INFO [41/750] 819c06b5-b31e-4785-978c-008463c84382: Sackin index -0.0728; 1.6 s; peak memory 203 MiB.
2026-10-09T10:34:14Z INFO [42/750] 819caf06-0052-4499-9e95-6e66210098bf: Sackin index -0.1658; 1.1 s; peak memory 203 MiB.
2026-10-09T10:34:16Z INFO [43/750] 819cd391-8de5-449d-9eb9-5e8aafde5d2b: Sackin index -0.0702; 1.8 s; peak memory 203 MiB.
2026-10-09T10:34:17Z INFO [44/750] 819eca26-97c4-4f3b-8755-8646edd0264c: Sackin index -0.0696; 1.7 s; peak memory 204 MiB.
2026-10-09T10:34:21Z INFO [45/750] 819f02bf-dd44-45c4-ab06-7ec44d63de48: Sackin index -0.0660; 3.8 s; peak memory 204 MiB.
2026-10-09T10:34:23Z INFO [46/750] 819f2b2a-0d11-460a-a56a-6f13f1343974: Sackin index -0.1361; 1.4 s; peak memory 204 MiB.
2026-10-09T10:34:24Z INFO [47/750] 819f3b93-ba4f-432b-bf5e-579876b52853: Sackin index -0.1658; 1.0 s; peak memory 204 MiB.
2026-10-09T10:38:54Z INFO [48/750] 819fcac8-63da-4602-bb62-74c0b64f50ef: Sackin index -0.0394; 270.6 s; peak memory 409 MiB.
2026-10-09T10:38:56Z INFO [49/750] 81a0a839-9e34-428b-9066-239eb223826f: Sackin index -0.1191; 1.5 s; peak memory 409 MiB.
2026-10-09T10:38:57Z INFO [50/750] 81a0d474-07cb-493e-99da-0db6fd3dac06: Sackin index -0.1349; 1.5 s; peak memory 409 MiB.
2026-10-09T10:38:57Z INFO [50/750] 81a0d474-07cb-493e-99da-0db6fd3dac06: checkpointed 109386 new records.
2026-10-09T10:41:34Z INFO [51/750] 81a1193e-9b56-4439-87c2-04278a5dac8f: Sackin index -0.0271; 156.3 s; peak memory 409 MiB.
2026-10-09T10:41:37Z INFO [52/750] 81a1dbfd-a092-4c92-940d-e2ec6cee17c6: Sackin index -0.0699; 3.3 s; peak memory 409 MiB.
2026-10-09T10:41:38Z INFO [53/750] 81a2b0f6-ad54-4307-b38e-317f60455269: Sackin index -0.1349; 1.4 s; peak memory 409 MiB.
2026-10-09T10:41:40Z INFO [54/750] 81a3608b-2abf-425f-ba0a-f5caf1ba0887: Sackin index -0.1349; 1.4 s; peak memory 409 MiB.
2026-10-09T10:41:47Z INFO [55/750] 81a3f1d7-2fa2-4839-9ec8-092bb58b643f: Sackin index -0.0438; 7.6 s; peak memory 409 MiB.
2026-10-09T10:41:49Z INFO [56/750] 81a405ab-a22c-407c-8012-b1a2e7626448: Sackin index -0.1521; 1.3 s; peak memory 409 MiB.
2026-10-09T10:41:50Z INFO [57/750] 81a4649f-7042-4aac-a251-353e1def6b09: Sackin index -0.1272; 1.1 s; peak memory 409 MiB.
2026-10-09T10:41:52Z INFO [58/750] 81a55ed0-793a-4750-9bef-f8484a0c8e3b: Sackin index -0.0702; 1.9 s; peak memory 409 MiB.
2026-10-09T10:41:54Z INFO [59/750] 81a6249c-35d5-47bf-a68c-7011ef888834: Sackin index -0.0369; 2.6 s; peak memory 409 MiB.
2026-10-09T10:41:56Z INFO [60/750] 81a6f114-d092-4667-a3b0-514b2209616f: Sackin index -0.1349; 1.4 s; peak memory 409 MiB.
2026-10-09T10:41:57Z INFO [61/750] 81a6f696-6043-4df5-928b-3edc8ef40686: Sackin index -0.1349; 1.5 s; peak memory 409 MiB.
2026-10-09T10:42:01Z INFO [62/750] 81a6fe41-f881-4cdd-9209-81360019bee1: Sackin index -0.0704; 3.4 s; peak memory 409 MiB.
2026-10-09T10:42:22Z INFO [63/750] 81a733c1-bdf2-4929-92a0-54988fad9078: Sackin index -0.0400; 21.4 s; peak memory 409 MiB.
2026-10-09T10:42:23Z INFO [64/750] 81a796e7-fe8a-440c-b9dd-1f43c8f91c50: Sackin index -0.1658; 1.2 s; peak memory 409 MiB.
2026-10-09T10:42:25Z INFO [65/750] 81a7b1a9-d1d1-41d8-8ddb-49f89b4f7800: Sackin index -0.0709; 1.6 s; peak memory 409 MiB.
2026-10-09T10:42:27Z INFO [66/750] 81a8f5cd-f8d9-45b3-95c8-9aa3c02bb3d8: Sackin index -0.0369; 2.4 s; peak memory 409 MiB.
2026-10-09T10:42:30Z INFO [67/750] 81abc771-9c3e-4e17-bfe8-56d6c957c026: Sackin index -0.0681; 3.0 s; peak memory 409 MiB.
2026-10-09T10:42:32Z INFO [68/750] 81ac20fc-8b0b-4f90-9831-010cf3d11690: Sackin index -0.0709; 1.8 s; peak memory 409 MiB.
2026-10-09T10:42:34Z INFO [69/750] 81ac934c-fd97-461a-8201-54e9a98c4f1a: Sackin index -0.0326; 2.0 s; peak memory 409 MiB.
2026-10-09T10:42:42Z INFO [70/750] 81ad207b-e4fe-4c52-8811-62cbb56f22fb: Sackin index -0.0439; 8.4 s; peak memory 409 MiB.
2026-10-09T10:42:49Z INFO [71/750] 81adb7bb-a43f-4d70-bfa2-d9ec69982d03: Sackin index -0.0343; 6.5 s; peak memory 409 MiB.
2026-10-09T10:42:56Z INFO [72/750] 81ae8844-5bb6-4888-bbc4-a2120ca7b3e3: Sackin index -0.0824; 7.2 s; peak memory 409 MiB.
2026-10-09T10:42:58Z INFO [73/750] 81ae960f-96b6-48f2-a0d4-b3d29cbc5c5f: Sackin index -0.0376; 2.0 s; peak memory 409 MiB.
2026-10-09T10:42:59Z INFO [74/750] 81aed060-0eaa-4355-8a8c-06b6ceb9667a: Sackin index -0.0391; 1.5 s; peak memory 409 MiB.
2026-10-09T10:43:02Z INFO [75/750] 81af0d4d-fdf7-4d79-82dd-4609f414ac3f: Sackin index -0.0676; 2.6 s; peak memory 409 MiB.
2026-10-09T10:43:04Z INFO [76/750] 81af22aa-c62a-4d06-9eb5-947c11cdf2f5: Sackin index -0.1293; 2.0 s; peak memory 409 MiB.
2026-10-09T10:43:23Z INFO [77/750] 81aff87d-ae21-4863-8132-3262967721c3: Sackin index -0.1462; 18.7 s; peak memory 409 MiB.
2026-10-09T10:43:25Z INFO [78/750] 81b04ac6-03af-4fec-b951-46631ec82be6: Sackin index -0.0702; 1.7 s; peak memory 409 MiB.
2026-10-09T10:43:26Z INFO [79/750] 81b061de-471b-4fb4-9d3d-2ad4abe7ec67: Sackin index -0.1349; 1.3 s; peak memory 409 MiB.
2026-10-09T10:43:27Z INFO [80/750] 81b0ac0f-bbf1-4cd9-a163-dcd26c39f134: Sackin index -0.1349; 1.4 s; peak memory 409 MiB.
2026-10-09T10:43:30Z INFO [81/750] 81b11a72-bad7-4295-84d8-c9e6ad84cf95: Sackin index -0.0362; 2.6 s; peak memory 409 MiB.
2026-10-09T10:43:31Z INFO [82/750] 81b27acf-0fc7-4021-8500-d994e91db11b: Sackin index -0.1303; 1.1 s; peak memory 409 MiB.
2026-10-09T10:43:34Z INFO [83/750] 81b2800e-1569-4fee-af9c-82dd076128e2: Sackin index -0.0714; 3.0 s; peak memory 409 MiB.
2026-10-09T10:43:35Z INFO [84/750] 81b2a670-7004-43d0-9832-7d3f0f43be0e: Sackin index -0.1658; 1.2 s; peak memory 409 MiB.
2026-10-09T10:43:37Z INFO [85/750] 81b2adc7-27f0-464f-8651-59e99a6a97b8: Sackin index -0.0272; 2.1 s; peak memory 409 MiB.
2026-10-09T10:43:39Z INFO [86/750] 81b2f4af-36cb-43ca-b661-d306b192c3fa: Sackin index -0.0702; 1.6 s; peak memory 409 MiB.
2026-10-09T10:43:41Z INFO [87/750] 81b31bb2-d6dd-47b5-ad51-c08993fa8335: Sackin index -0.0728; 2.2 s; peak memory 409 MiB.
2026-10-09T10:43:45Z INFO [88/750] 81b3bd67-2fa8-468e-99b1-5648ead8c184: Sackin index -0.0660; 3.8 s; peak memory 409 MiB.
2026-10-09T10:43:46Z INFO [89/750] 81b3e11c-d7fd-4890-bce8-4d54828eebbb: Sackin index -0.1349; 1.3 s; peak memory 409 MiB.
2026-10-09T10:43:48Z INFO [90/750] 81b3fd9b-f11b-4a03-bafb-ed0c5ac8e81e: Sackin index -0.0375; 1.9 s; peak memory 409 MiB.
2026-10-09T10:43:50Z INFO [91/750] 81b5f2c2-ab95-41b5-a095-3ed76a1d6581: Sackin index -0.0376; 1.6 s; peak memory 409 MiB.
2026-10-09T10:43:51Z INFO [92/750] 81b65f0d-d47e-4248-960e-81c2c279a191: Sackin index -0.1349; 1.4 s; peak memory 409 MiB.
2026-10-09T10:43:54Z INFO [93/750] 81b6acad-24a5-4c42-ad64-cca24eb99810: Sackin index -0.1938; 3.2 s; peak memory 409 MiB.
2026-10-09T10:44:12Z INFO [94/750] 81b6ed4d-b04b-48d4-8d14-1c09f84a20e6: Sackin index -0.0150; 17.6 s; peak memory 409 MiB.
2026-10-09T10:44:13Z INFO [95/750] 81b6f1d6-aa3d-4d3e-bfaf-035108f9408c: Sackin index -0.1191; 1.4 s; peak memory 409 MiB.
2026-10-09T10:44:14Z INFO [96/750] 81b739b7-c3c1-4cdd-ab54-c4d8710a5825: Sackin index -0.1239; 1.1 s; peak memory 409 MiB.
2026-10-09T10:44:16Z INFO [97/750] 81b87828-36b4-4290-8f70-0a612ba94297: Sackin index -0.0375; 2.0 s; peak memory 409 MiB.
2026-10-09T10:44:18Z INFO [98/750] 81b95d05-63db-4058-aae6-daacb8a0b7f1: Sackin index -0.0702; 1.5 s; peak memory 409 MiB.
2026-10-09T10:44:20Z INFO [99/750] 81b98c14-f5eb-4560-b882-2ecd666627cd: Sackin index -0.1293; 1.9 s; peak memory 409 MiB.
2026-10-09T10:44:21Z INFO [100/750] 81bad6df-68c4-45d6-8069-64c085db6491: Sackin index -0.1201; 1.4 s; peak memory 409 MiB.
2026-10-09T10:44:21Z INFO [100/750] 81bad6df-68c4-45d6-8069-64c085db6491: checkpointed 109436 new records.
2026-10-09T10:44:23Z INFO [101/750] 81bb37d2-4921-4e22-8b43-feedf84fbbd6: Sackin index -0.0702; 1.8 s; peak memory 409 MiB.
2026-10-09T10:44:25Z INFO [102/750] 81bb7fa3-3675-40ba-9d33-ee73d5d89606: Sackin index -0.1331; 1.3 s; peak memory 409 MiB.
2026-10-09T10:44:26Z INFO [103/750] 81bbd268-8f95-4f88-a65c-e9f8943f3275: Sackin index -0.1658; 1.2 s; peak memory 409 MiB.
2026-10-09T10:44:27Z INFO [104/750] 81bca9f7-145b-410d-9e2a-ffa368726674: Sackin index -0.0881; 1.6 s; peak memory 409 MiB.
2026-10-09T10:44:30Z INFO [105/750] 81bcd696-f44d-4146-8d27-27a7c792d2d5: Sackin index -0.0369; 2.4 s; peak memory 409 MiB.
2026-10-09T10:44:31Z INFO [106/750] 81bd7e97-011b-43ea-beba-45f7d92788d7: Sackin index -0.1349; 1.3 s; peak memory 409 MiB.
2026-10-09T10:44:32Z INFO [107/750] 81bdf459-7bae-42af-9ef7-a9a787d0c930: Sackin index -0.2147; 1.0 s; peak memory 409 MiB.
2026-10-09T10:44:33Z INFO [108/750] 81be03eb-96c6-42ea-89b1-4af7ce865dd2: Sackin index -0.1349; 1.4 s; peak memory 409 MiB.
2026-10-09T10:44:35Z INFO [109/750] 81be415b-c4ae-44c1-9c78-d2efa4edcc87: Sackin index -0.0376; 1.8 s; peak memory 409 MiB.
2026-10-09T10:44:37Z INFO [110/750] 81be8391-33a6-4608-b872-9bb48b5b5d7b: Sackin index -0.0752; 2.1 s; peak memory 409 MiB.
2026-10-09T10:44:39Z INFO [111/750] 81bedfb7-c218-4196-8a88-38739fcd3c5c: Sackin index -0.1349; 1.3 s; peak memory 409 MiB.
2026-10-09T10:44:40Z INFO [112/750] 81bf6779-7435-4c98-be89-72168de4417a: Sackin index -0.1248; 1.5 s; peak memory 409 MiB.
2026-10-09T10:44:42Z INFO [113/750] 81c1ad61-4826-4664-9db7-a25c1eb4eeca: Sackin index -0.0767; 1.8 s; peak memory 409 MiB.
2026-10-09T10:44:43Z INFO [114/750] 81c202ed-b512-48ec-af35-4be4aac1a6ec: Sackin index -0.1349; 1.3 s; peak memory 409 MiB.
2026-10-09T10:45:39Z INFO [115/750] 81c2b893-fc86-4c22-93cf-ed5892b74203: Sackin index -0.1144; 55.6 s; peak memory 409 MiB.
2026-10-09T10:45:43Z INFO [116/750] 81c324dd-f84b-49d9-bae2-563d4a0e0bcc: Sackin index -0.0372; 4.5 s; peak memory 409 MiB.
2026-10-09T10:45:45Z INFO [117/750] 81c36005-da47-4498-905e-5b49a5db3345: Sackin index -0.0375; 1.8 s; peak memory 409 MiB.
2026-10-09T10:45:48Z INFO [118/750] 81c3792f-9ffa-4ace-aeed-54a87423c0a9: Sackin index -0.0681; 3.0 s; peak memory 409 MiB.
2026-10-09T10:45:49Z INFO [119/750] 81c4194a-fe4c-4038-9488-dca380810d46: Sackin index -0.1658; 1.1 s; peak memory 409 MiB.
2026-10-09T10:45:51Z INFO [120/750] 81c42129-28d4-4d0c-bf79-e9e3de87c6d4: Sackin index -0.1273; 1.7 s; peak memory 409 MiB.
2026-10-09T10:45:53Z INFO [121/750] 81c43a2b-2b41-4d3e-abf7-5a8f58091e85: Sackin index -0.0728; 2.4 s; peak memory 409 MiB.
2026-10-09T10:45:55Z INFO [122/750] 81c63e32-2d25-4d0f-a89d-05261ac4787f: Sackin index -0.1191; 1.9 s; peak memory 409 MiB.
2026-10-09T10:45:57Z INFO [123/750] 81c67b8e-349c-4639-bd7f-4da81e5235a2: Sackin index -0.1658; 1.3 s; peak memory 409 MiB.
2026-10-09T10:45:58Z INFO [124/750] 81c68c32-0d90-4394-80b0-4edf541f01a6: Sackin index -0.0967; 1.4 s; peak memory 409 MiB.
2026-10-09T10:45:59Z INFO [125/750] 81c69bf7-a819-4336-9f09-a4f2b7587d78: Sackin index -0.1602; 1.3 s; peak memory 409 MiB.
2026-10-09T10:46:13Z INFO [126/750] 81c6a627-e9ad-42b5-a265-1e9f2d2aa021: Sackin index -0.0152; 14.1 s; peak memory 409 MiB.
2026-10-09T10:46:15Z INFO [127/750] 81c6ca51-24ea-4cbc-8c0a-c4383a84749c: Sackin index -0.1178; 1.1 s; peak memory 409 MiB.
2026-10-09T10:46:16Z INFO [128/750] 81c77d45-448c-42f4-8dd7-381873c4c82b: Sackin index -0.1349; 1.4 s; peak memory 409 MiB.
2026-10-09T10:46:17Z INFO [129/750] 81c795ab-fed2-45c1-bf3c-5e9e1cb39fe5: Sackin index -0.1349; 1.3 s; peak memory 409 MiB.
2026-10-09T10:46:19Z INFO [130/750] 81c7d1b0-9005-4017-ae46-b68ba0850759: Sackin index -0.1349; 1.3 s; peak memory 409 MiB.
2026-10-09T10:46:20Z INFO [131/750] 81c87b25-4da4-4727-8b49-233abbb6a9ff: Sackin index -0.1349; 1.4 s; peak memory 409 MiB.
2026-10-09T10:46:22Z INFO [132/750] 81c8a4cb-ac35-4648-b2f9-3064e992d614: Sackin index -0.0384; 1.7 s; peak memory 409 MiB.
2026-10-09T10:46:24Z INFO [133/750] 81c9b213-3ae9-47fe-90cd-17c9607b5147: Sackin index -0.0483; 2.2 s; peak memory 409 MiB.
2026-10-09T10:46:25Z INFO [134/750] 81cb3c69-7e43-4b38-b293-65512ed932c4: Sackin index -0.1349; 1.4 s; peak memory 409 MiB.
2026-10-09T10:46:28Z INFO [135/750] 81cb8a1b-8a6a-4417-9a46-4261cf6d5383: Sackin index -0.0358; 2.6 s; peak memory 409 MiB.
2026-10-09T10:46:30Z INFO [136/750] 81cb8a9c-d0dc-4ed6-af76-d9283a16195e: Sackin index -0.0941; 2.2 s; peak memory 409 MiB.
2026-10-09T10:46:32Z INFO [137/750] 81ccecc7-9336-4c72-8215-644756711f31: Sackin index -0.1139; 2.0 s; peak memory 409 MiB.
2026-10-09T10:46:33Z INFO [138/750] 81cd1702-24ac-4de8-82a7-edb840d44e22: Sackin index -0.1658; 1.1 s; peak memory 409 MiB.
2026-10-09T10:46:35Z INFO [139/750] 81cd9b5b-54d7-4af5-b7e9-c9fda855c345: Sackin index -0.0745; 1.7 s; peak memory 409 MiB.
2026-10-09T10:46:37Z INFO [140/750] 81cfae67-9bb1-4df9-8a13-7458e28badc1: Sackin index -0.1210; 2.0 s; peak memory 409 MiB.
2026-10-09T10:46:57Z INFO [141/750] 81cfcf0d-38c8-463e-8e5d-7d1655d6a348: Sackin index -0.2073; 19.9 s; peak memory 409 MiB.
2026-10-09T10:46:59Z INFO [142/750] 81d07646-b2e6-4a4a-b406-2b84896cbe6d: Sackin index -0.1000; 1.8 s; peak memory 409 MiB.
2026-10-09T10:47:00Z INFO [143/750] 81d0d8e5-485a-49da-803f-aaa06a4c013c: Sackin index -0.1178; 1.1 s; peak memory 409 MiB.
2026-10-09T10:47:01Z INFO [144/750] 81d178dd-1bcd-4390-9ce2-4c672bffbd65: Sackin index -0.1349; 1.4 s; peak memory 409 MiB.
2026-10-09T10:47:03Z INFO [145/750] 81d20bfa-7b97-49bd-adba-fb87e719dc74: Sackin index -0.0883; 1.7 s; peak memory 409 MiB.
2026-10-09T10:47:04Z INFO [146/750] 81d3eca6-be68-4be6-b04c-7c022a95b041: Sackin index -0.0696; 1.6 s; peak memory 409 MiB.
2026-10-09T10:47:06Z INFO [147/750] 81d4e6a2-fd3d-432e-8e51-81048027f30e: Sackin index -0.0376; 1.8 s; peak memory 409 MiB.
2026-10-09T10:47:08Z INFO [148/750] 81d60fe4-1896-4da9-900e-78210b525c63: Sackin index -0.0696; 1.5 s; peak memory 409 MiB.
2026-10-09T10:47:11Z INFO [149/750] 81d8d97a-c553-468c-ad93-d3dda12190d2: Sackin index -0.1938; 2.8 s; peak memory 409 MiB.
2026-10-09T10:47:13Z INFO [150/750] 81d922ab-e31d-47cc-88f0-c1cae9557c16: Sackin index -0.0728; 2.1 s; peak memory 409 MiB.
2026-10-09T10:47:13Z INFO [150/750] 81d922ab-e31d-47cc-88f0-c1cae9557c16: checkpointed 109486 new records.
2026-10-09T10:47:15Z INFO [151/750] 81da06e0-ccb4-4f34-9f75-8e57b53b4390: Sackin index -0.0676; 2.5 s; peak memory 409 MiB.
2026-10-09T10:47:17Z INFO [152/750] 81da6793-6c64-444b-b950-c763478ac369: Sackin index -0.0375; 2.1 s; peak memory 409 MiB.
2026-10-09T10:47:19Z INFO [153/750] 81da9408-5244-4490-b07a-a42dc3dc2430: Sackin index -0.0702; 1.7 s; peak memory 409 MiB.
2026-10-09T10:47:22Z INFO [154/750] 81db9917-9aa3-4a5e-8b32-1d0f28c61a0a: Sackin index -0.1224; 2.6 s; peak memory 409 MiB.
2026-10-09T10:47:23Z INFO [155/750] 81dbc42e-3171-4699-95c6-9620aab96d94: Sackin index -0.0380; 1.7 s; peak memory 409 MiB.
2026-10-09T10:47:29Z INFO [156/750] 81dbf1a4-5892-4d6e-8dcf-2f6beddf0b2c: Sackin index -0.0340; 5.1 s; peak memory 409 MiB.
2026-10-09T10:47:30Z INFO [157/750] 81dc2928-2b8d-4ec9-9328-4be2597c3c02: Sackin index -0.0376; 1.8 s; peak memory 409 MiB.
2026-10-09T10:47:43Z INFO [158/750] 81dd1bb1-997c-4211-935c-c3501178324c: Sackin index -0.0145; 12.7 s; peak memory 409 MiB.
2026-10-09T10:48:03Z INFO [159/750] 81dd4301-0ca7-4681-9bb7-563d4fa9e315: Sackin index -0.0147; 19.6 s; peak memory 409 MiB.
2026-10-09T10:48:04Z INFO [160/750] 81dfe6d9-631c-4c26-b8af-59e9b9cd78db: Sackin index -0.1938; 1.3 s; peak memory 409 MiB.
2026-10-09T10:48:05Z INFO [161/750] 81dfe93c-89c7-4f14-a342-96c0c011a765: Sackin index -0.1878; 1.4 s; peak memory 409 MiB.
2026-10-09T10:48:13Z INFO [162/750] 81e09aa8-20ad-4ec9-b2d0-41bed029e3d4: Sackin index -0.1310; 7.6 s; peak memory 409 MiB.
2026-10-09T10:48:14Z INFO [163/750] 81e0f852-126b-4882-a3b0-4af14aa41ae4: Sackin index -0.1741; 1.3 s; peak memory 409 MiB.
2026-10-09T10:48:16Z INFO [164/750] 81e2669a-1ba4-4dab-8752-7fe2c6a4edf7: Sackin index -0.1349; 1.4 s; peak memory 409 MiB.
2026-10-09T10:48:17Z INFO [165/750] 81e2ecd1-9d90-4684-abe1-2cc49016f1c1: Sackin index -0.1349; 1.5 s; peak memory 409 MiB.
2026-10-09T10:48:18Z INFO [166/750] 81e31713-c3ce-4b3b-a564-c410021d442f: Sackin index -0.1349; 1.3 s; peak memory 409 MiB.
2026-10-09T10:48:32Z INFO [167/750] 81e3e0f8-1b53-4a5b-b370-fbff0240e732: Sackin index -0.0141; 13.9 s; peak memory 409 MiB.
2026-10-09T10:48:35Z INFO [168/750] 81e4adb6-ebe1-494b-ac82-db695890e5d0: Sackin index -0.1243; 3.1 s; peak memory 409 MiB.
2026-10-09T10:48:39Z INFO [169/750] 81e50248-9050-4199-a348-c91f761da4e4: Sackin index -0.0681; 3.5 s; peak memory 409 MiB.
2026-10-09T10:48:41Z INFO [170/750] 81e5f498-93fc-45f1-b9a3-8c80c6c0aea5: Sackin index -0.0702; 1.7 s; peak memory 409 MiB.
2026-10-09T10:48:43Z INFO [171/750] 81e61470-1c7f-408c-9740-022c562ea6f2: Sackin index -0.1293; 2.0 s; peak memory 409 MiB.
2026-10-09T10:48:44Z INFO [172/750] 81e64188-e454-412e-964f-6d1597d754f3: Sackin index -0.0702; 1.7 s; peak memory 409 MiB.
2026-10-09T10:48:47Z INFO [173/750] 81e71b52-846a-4ac3-99cc-76b39ccc4524: Sackin index -0.0809; 2.4 s; peak memory 409 MiB.
2026-10-09T10:48:50Z INFO [174/750] 81e7490f-1393-4938-84a0-395d2a46f4c1: Sackin index -0.0681; 3.1 s; peak memory 409 MiB.
2026-10-09T10:48:51Z INFO [175/750] 81e7f9bb-3354-492b-ab53-df9dbdc0e93a: Sackin index -0.0707; 1.7 s; peak memory 409 MiB.
2026-10-09T10:49:04Z INFO [176/750] 81e81a02-794e-468e-b75d-c5406dff2459: Sackin index -0.0288; 12.6 s; peak memory 409 MiB.
2026-10-09T10:49:07Z INFO [177/750] 81e825ad-9211-466e-92f5-1952d6d52bf9: Sackin index -0.1938; 2.6 s; peak memory 409 MiB.
2026-10-09T10:49:09Z INFO [178/750] 81e85b41-bfff-4200-a960-c1d92954a97c: Sackin index -0.0728; 1.9 s; peak memory 409 MiB.
2026-10-09T10:49:10Z INFO [179/750] 81e86a2c-b6d5-4c92-9161-343386761aab: Sackin index -0.1349; 1.4 s; peak memory 409 MiB.
2026-10-09T10:49:11Z INFO [180/750] 81e89475-56b0-4619-9db7-98a11ec2cb0e: Sackin index -0.1349; 1.4 s; peak memory 409 MiB.
2026-10-09T10:49:20Z INFO [181/750] 81e8caaa-764e-4079-b118-cec4951ba958: Sackin index -0.0180; 8.8 s; peak memory 409 MiB.
2026-10-09T10:49:22Z INFO [182/750] 81e94810-831e-4e80-befa-37d2a2395e07: Sackin index -0.0748; 1.7 s; peak memory 409 MiB.
2026-10-09T10:49:23Z INFO [183/750] 81e96c75-4395-4577-9d24-a746f17039a6: Sackin index -0.0702; 1.6 s; peak memory 409 MiB.
2026-10-09T10:49:25Z INFO [184/750] 81e9795b-9acd-4e60-ba87-aea1670eafae: Sackin index -0.1349; 1.3 s; peak memory 409 MiB.
2026-10-09T10:49:26Z INFO [185/750] 81ea2014-6773-4d0f-ae23-d5727a04d410: Sackin index -0.0702; 1.6 s; peak memory 409 MiB.
2026-10-09T10:49:28Z INFO [186/750] 81eb4f0e-57f8-489e-8733-fd336455c86a: Sackin index -0.0387; 1.8 s; peak memory 409 MiB.
2026-10-09T10:49:36Z INFO [187/750] 81ebbdfd-856d-469a-a001-6510434345aa: Sackin index -0.0240; 8.0 s; peak memory 409 MiB.
2026-10-09T10:49:42Z INFO [188/750] 81ec4755-b589-4970-af90-068176f4adbf: Sackin index -0.0411; 6.2 s; peak memory 409 MiB.
2026-10-09T10:49:45Z INFO [189/750] 81ecbafb-00e4-4424-8c3c-e4e148f19526: Sackin index -0.0738; 2.1 s; peak memory 409 MiB.
2026-10-09T10:49:46Z INFO [190/750] 81ecbfd4-4826-4b7c-a7a8-17bbab666936: Sackin index -0.1349; 1.4 s; peak memory 409 MiB.
2026-10-09T10:49:49Z INFO [191/750] 81ecc66c-1254-4a8b-bdc1-fc18e87e9724: Sackin index -0.0515; 3.4 s; peak memory 409 MiB.
2026-10-09T10:49:51Z INFO [192/750] 81ecf2f7-b006-4c5d-abf3-f67b55702c38: Sackin index -0.1349; 1.3 s; peak memory 409 MiB.
2026-10-09T10:49:53Z INFO [193/750] 81eedd08-4c47-460c-94e6-c99f19309b0a: Sackin index -0.0728; 2.0 s; peak memory 409 MiB.
2026-10-09T10:49:54Z INFO [194/750] 81eee0f4-67e6-403e-921d-0541ed48efc0: Sackin index -0.1658; 1.3 s; peak memory 409 MiB.
2026-10-09T10:50:37Z INFO [195/750] 81ef0096-213e-4860-9662-210e509e5853: Sackin index -0.0492; 43.0 s; peak memory 409 MiB.
2026-10-09T10:50:53Z INFO [196/750] 81ef20b5-887e-488c-aad6-39252f035551: Sackin index -0.0430; 16.2 s; peak memory 409 MiB.
2026-10-09T10:50:55Z INFO [197/750] 81ef71a2-53d7-4c15-bdd9-e75895ed7fde: Sackin index -0.0702; 1.6 s; peak memory 409 MiB.
2026-10-09T10:50:57Z INFO [198/750] 81efc24d-7664-4cc0-b3e2-55a8f11dd9b8: Sackin index -0.0375; 1.8 s; peak memory 409 MiB.
2026-10-09T10:50:59Z INFO [199/750] 81f01392-394e-4c25-9018-870b9298cfff: Sackin index -0.0728; 2.1 s; peak memory 409 MiB.
2026-10-09T10:51:01Z INFO [200/750] 81f01b21-9ace-4b48-b401-d9f49c986611: Sackin index -0.0944; 1.9 s; peak memory 409 MiB.
2026-10-09T10:51:01Z INFO [200/750] 81f01b21-9ace-4b48-b401-d9f49c986611: checkpointed 109536 new records.
2026-10-09T10:51:02Z INFO [201/750] 81f048f4-ea3b-4705-a4e9-4172c9884f2a: Sackin index -0.1349; 1.4 s; peak memory 409 MiB.
2026-10-09T10:51:18Z INFO [202/750] 81f0c56b-8aa0-4b8e-b22e-bbc779497395: Sackin index -0.0150; 16.0 s; peak memory 409 MiB.
2026-10-09T10:51:20Z INFO [203/750] 81f0f389-d68f-45b1-b304-735a4466d115: Sackin index -0.1349; 1.4 s; peak memory 409 MiB.
2026-10-09T10:51:22Z INFO [204/750] 81f17db1-8f21-4a8e-a0b1-66e355399b23: Sackin index -0.1370; 2.6 s; peak memory 409 MiB.
2026-10-09T10:51:25Z INFO [205/750] 81f1e4ac-3787-498e-9bca-86f66621b598: Sackin index -0.0699; 3.2 s; peak memory 409 MiB.
2026-10-09T10:51:29Z INFO [206/750] 81f20775-1778-49ac-918c-0657c1138324: Sackin index -0.0718; 3.4 s; peak memory 409 MiB.
2026-10-09T10:51:31Z INFO [207/750] 81f23245-32b8-44f6-8c85-88ca71c409c8: Sackin index -0.0722; 2.6 s; peak memory 409 MiB.
2026-10-09T10:51:34Z INFO [208/750] 81f24846-0549-45b4-ae6d-122e379adf3f: Sackin index -0.0375; 2.2 s; peak memory 409 MiB.
2026-10-09T10:51:35Z INFO [209/750] 81f24b6d-3269-49c1-8607-85e2db7f01d1: Sackin index -0.1466; 1.4 s; peak memory 409 MiB.
2026-10-09T10:51:36Z INFO [210/750] 81f2a0a3-6151-41be-aac5-b299c83aa7ca: Sackin index -0.1658; 1.1 s; peak memory 409 MiB.
2026-10-09T10:51:41Z INFO [211/750] 81f3fa67-3a97-428e-ab0a-ba8637886247: Sackin index -0.1117; 5.3 s; peak memory 409 MiB.
2026-10-09T10:51:42Z INFO [212/750] 81f5bd9f-dd94-4218-93c1-4dbff5188d39: Sackin index -0.1303; 1.2 s; peak memory 409 MiB.
2026-10-09T10:51:44Z INFO [213/750] 81f61acf-f37c-484d-bf7e-77e06ebc27a7: Sackin index -0.1215; 1.5 s; peak memory 409 MiB.
2026-10-09T10:51:46Z INFO [214/750] 81f74732-e20b-463b-9355-b33a029222c5: Sackin index -0.0728; 2.0 s; peak memory 409 MiB.
2026-10-09T10:52:02Z INFO [215/750] 81f8161f-e967-4344-b803-773bf256cf84: Sackin index -0.0118; 16.0 s; peak memory 409 MiB.
2026-10-09T10:52:25Z INFO [216/750] 81f84d7f-9d62-44f7-84a1-093d4906b47a: Sackin index -0.1367; 23.2 s; peak memory 409 MiB.
2026-10-09T10:52:40Z INFO [217/750] 81f85173-c40d-4f0f-ad4b-5f763204d90f: Sackin index -0.0139; 15.1 s; peak memory 409 MiB.
2026-10-09T10:52:43Z INFO [218/750] 81f85901-cc16-4854-870b-f22a518ed1df: Sackin index -0.0728; 2.5 s; peak memory 409 MiB.
2026-10-09T10:52:47Z INFO [219/750] 81f86d83-43a5-4edf-a6d0-dd8f8529f317: Sackin index -0.0779; 3.9 s; peak memory 409 MiB.
2026-10-09T10:52:48Z INFO [220/750] 81f90c5a-76a7-4448-96b6-d2dca2beef1d: Sackin index -0.1349; 1.5 s; peak memory 409 MiB.
2026-10-09T10:52:51Z INFO [221/750] 81f97688-733c-4e3c-8269-bed67630d091: Sackin index -0.0369; 2.4 s; peak memory 409 MiB.
2026-10-09T10:52:53Z INFO [222/750] 81f9a088-d36d-427b-b5e9-f0bd8b059ad3: Sackin index -0.0728; 2.0 s; peak memory 409 MiB.
2026-10-09T10:53:00Z INFO [223/750] 81fa6535-b928-4b73-8da2-0591684c3d17: Sackin index -0.0415; 7.5 s; peak memory 409 MiB.
2026-10-09T10:53:01Z INFO [224/750] 81fb0605-f1db-492a-83e1-4ef040065860: Sackin index -0.1331; 1.2 s; peak memory 409 MiB.
2026-10-09T10:53:03Z INFO [225/750] 81fbf4d6-6b2d-47ab-9332-9f6dfff33c76: Sackin index -0.1082; 1.9 s; peak memory 409 MiB.
2026-10-09T10:53:06Z INFO [226/750] 81fc53ab-19a0-46aa-b4bd-5c8e7b2f46aa: Sackin index -0.0693; 3.2 s; peak memory 409 MiB.
2026-10-09T10:53:08Z INFO [227/750] 81fd25e1-0b05-4958-8e14-eb5a7494a154: Sackin index -0.1349; 1.3 s; peak memory 409 MiB.
2026-10-09T10:53:18Z INFO [228/750] 81fdd2b3-4db9-4470-8bc0-5c3a6cf75c6a: Sackin index -0.0232; 10.1 s; peak memory 409 MiB.
2026-10-09T10:53:37Z INFO [229/750] 8200479b-5e7c-4ca3-8327-0a0df326502f: Sackin index -0.0124; 19.6 s; peak memory 409 MiB.
2026-10-09T10:54:18Z INFO [230/750] 8201d925-0000-4e40-b89a-6bbe287a2959: Sackin index -0.0935; 40.4 s; peak memory 409 MiB.
2026-10-09T10:54:29Z INFO [231/750] 8202258d-e1bf-4f6f-98b6-daf3c74ea550: Sackin index -0.0200; 10.7 s; peak memory 409 MiB.
2026-10-09T10:54:31Z INFO [232/750] 820275ed-23cd-44e9-9fcb-d2ddb6c6be05: Sackin index -0.0728; 2.1 s; peak memory 409 MiB.
2026-10-09T10:54:34Z INFO [233/750] 8203b314-aadf-4ee7-8951-b66baaa3acb9: Sackin index -0.0676; 3.4 s; peak memory 409 MiB.
2026-10-09T10:54:36Z INFO [234/750] 8203b380-43a5-493c-9e32-d412a462c41e: Sackin index -0.1000; 1.8 s; peak memory 409 MiB.
2026-10-09T10:54:37Z INFO [235/750] 8203ce17-aa56-4be4-a70e-c43dc3822066: Sackin index -0.1602; 1.6 s; peak memory 409 MiB.
2026-10-09T10:54:57Z INFO [236/750] 8206d0c1-18a2-4305-8ea0-ab83e16b2435: Sackin index -0.0044; 19.9 s; peak memory 409 MiB.
2026-10-09T10:54:59Z INFO [237/750] 8207d973-9fb6-4fb6-bde8-5a4922615d75: Sackin index -0.1349; 1.4 s; peak memory 409 MiB.
2026-10-09T10:55:00Z INFO [238/750] 82083dda-5f40-4617-bd8c-98ce3a194ce6: Sackin index -0.1448; 1.2 s; peak memory 409 MiB.
2026-10-09T10:55:01Z INFO [239/750] 8208705b-46f7-4739-bd32-b06e85fe1141: Sackin index -0.1658; 1.1 s; peak memory 409 MiB.
2026-10-09T10:55:02Z INFO [240/750] 8208825e-b38b-4fd6-be03-e004c16ef1e9: Sackin index -0.1349; 1.3 s; peak memory 409 MiB.
2026-10-09T10:55:04Z INFO [241/750] 8208b918-a7a5-463f-ad02-1accaf007e1f: Sackin index -0.1349; 1.3 s; peak memory 409 MiB.
2026-10-09T10:55:05Z INFO [242/750] 82092351-b26c-4bbf-919a-c4c0ce75818a: Sackin index -0.1319; 1.3 s; peak memory 409 MiB.
2026-10-09T10:55:07Z INFO [243/750] 82092d86-287f-44dc-a213-1ee2927b712b: Sackin index -0.0722; 2.0 s; peak memory 409 MiB.
2026-10-09T10:55:08Z INFO [244/750] 82094077-1616-4327-b385-955ac837d137: Sackin index -0.1349; 1.4 s; peak memory 409 MiB.
2026-10-09T10:55:10Z INFO [245/750] 82099dbc-a5e1-48c8-af0e-49fa7d82a604: Sackin index -0.1303; 1.1 s; peak memory 409 MiB.
2026-10-09T10:55:11Z INFO [246/750] 820a0724-eaad-49ca-b095-e395a212295c: Sackin index -0.0702; 1.6 s; peak memory 409 MiB.
2026-10-09T10:55:13Z INFO [247/750] 820a414c-470a-49d8-94ed-8401611b99fa: Sackin index -0.0728; 2.0 s; peak memory 409 MiB.
2026-10-09T10:55:15Z INFO [248/750] 820a5237-554f-4ba9-b079-17bd56221116: Sackin index -0.1248; 1.5 s; peak memory 409 MiB.
2026-10-09T10:55:16Z INFO [249/750] 820a5757-2762-4e43-95a9-fb739c5e1de5: Sackin index -0.0382; 1.6 s; peak memory 409 MiB.
2026-10-09T10:55:18Z INFO [250/750] 820b5dd0-bae0-4565-9fc7-75688d243fa4: Sackin index -0.0748; 1.8 s; peak memory 409 MiB.
2026-10-09T10:55:18Z INFO [250/750] 820b5dd0-bae0-4565-9fc7-75688d243fa4: checkpointed 109586 new records.
2026-10-09T10:55:21Z INFO [251/750] 820d47a8-1680-4aa9-828b-baf15e3c6b46: Sackin index -0.0745; 2.3 s; peak memory 409 MiB.
2026-10-09T10:55:36Z INFO [252/750] 820dc7da-3b39-48d6-af68-6715a4b153ee: Sackin index -0.0035; 15.3 s; peak memory 409 MiB.
2026-10-09T10:55:38Z INFO [253/750] 820e13ae-7cbd-4871-9cc5-756b73ddd6d1: Sackin index -0.1273; 1.8 s; peak memory 409 MiB.
2026-10-09T10:56:01Z INFO [254/750] 820e4f93-e795-419a-b0d2-52563afa162f: Sackin index -0.0165; 23.4 s; peak memory 409 MiB.
2026-10-09T10:56:17Z INFO [255/750] 820e539a-3263-463e-8b9e-4e9b9df27817: Sackin index -0.0185; 15.8 s; peak memory 409 MiB.
2026-10-09T10:56:19Z INFO [256/750] 820e6758-46ac-487a-9b30-39697ef45784: Sackin index -0.1383; 1.9 s; peak memory 409 MiB.
2026-10-09T10:56:21Z INFO [257/750] 820e6b59-e08b-42dd-854f-63a0c7e7db11: Sackin index -0.1273; 1.8 s; peak memory 409 MiB.
2026-10-09T10:56:24Z INFO [258/750] 820e82c9-2f5d-49a8-ab42-1756a417456f: Sackin index -0.1938; 3.1 s; peak memory 409 MiB.
2026-10-09T10:56:25Z INFO [259/750] 820fe9ed-b96f-4b1d-a943-b0416d8362d7: Sackin index -0.1349; 1.4 s; peak memory 409 MiB.
2026-10-09T10:56:45Z INFO [260/750] 82103dd1-a5dc-4ccc-8108-74840da51a92: Sackin index -0.1388; 19.4 s; peak memory 409 MiB.
2026-10-09T10:56:46Z INFO [261/750] 8210ce68-b310-49c0-a285-37e00b95a201: Sackin index -0.1349; 1.4 s; peak memory 409 MiB.
2026-10-09T10:56:47Z INFO [262/750] 82118178-2c42-4162-84a1-7bb71d240686: Sackin index -0.1349; 1.3 s; peak memory 409 MiB.
2026-10-09T10:56:49Z INFO [263/750] 82125be8-b8cb-4b25-a407-08949fbc8b6e: Sackin index -0.1349; 1.4 s; peak memory 409 MiB.
2026-10-09T10:56:56Z INFO [264/750] 82128d4e-9d43-48e5-a76c-7b40215a3bfa: Sackin index -0.1657; 7.1 s; peak memory 409 MiB.
2026-10-09T10:56:57Z INFO [265/750] 8212b2b7-ea6c-4300-a5cc-ea1a4c5d8732: Sackin index -0.1448; 1.1 s; peak memory 409 MiB.
2026-10-09T10:57:01Z INFO [266/750] 821342fd-5bbc-48d4-ac80-c62ea981ef32: Sackin index -0.0869; 4.2 s; peak memory 409 MiB.
2026-10-09T10:57:03Z INFO [267/750] 8213513b-e4fe-4e17-8531-cc0af2622aa2: Sackin index -0.0956; 1.7 s; peak memory 409 MiB.
2026-10-09T10:57:05Z INFO [268/750] 8214ab24-f5aa-4b9d-a0c5-1c7af2e3f263: Sackin index -0.0702; 1.9 s; peak memory 409 MiB.
2026-10-09T10:57:06Z INFO [269/750] 82155ea2-857a-44b5-ab89-ab433a70e952: Sackin index -0.1349; 1.5 s; peak memory 409 MiB.
2026-10-09T10:57:08Z INFO [270/750] 8215b3b8-a873-4c38-ab5c-e14c5ac4412f: Sackin index -0.0369; 2.0 s; peak memory 409 MiB.
2026-10-09T10:57:10Z INFO [271/750] 8215d4e3-905e-4078-83a1-6c6c5dffce13: Sackin index -0.1269; 2.1 s; peak memory 409 MiB.
2026-10-09T11:02:02Z INFO [272/750] 8215ebc1-095c-4895-aebc-6d663d60827e: Sackin index -0.0605; 291.9 s; peak memory 423 MiB.
2026-10-09T11:02:04Z INFO [273/750] 82162572-60d9-47f9-9e11-814a9f0cd5a9: Sackin index -0.0722; 1.7 s; peak memory 423 MiB.
2026-10-09T11:02:05Z INFO [274/750] 82179840-6566-42ae-90af-f05d6d3d18b9: Sackin index -0.1349; 1.4 s; peak memory 423 MiB.
2026-10-09T11:02:07Z INFO [275/750] 8217eff4-3b17-4863-87fe-08c89426acd7: Sackin index -0.0377; 1.8 s; peak memory 423 MiB.
2026-10-09T11:02:09Z INFO [276/750] 8217fc28-9b5b-4eb2-b56f-5c08c4910819: Sackin index -0.0709; 1.7 s; peak memory 423 MiB.
2026-10-09T11:02:11Z INFO [277/750] 8218102e-8503-4c2c-be7e-12d5481a5a54: Sackin index -0.0745; 2.1 s; peak memory 423 MiB.
2026-10-09T11:02:15Z INFO [278/750] 8218a940-016c-403f-a7ed-c9e8fb522c6b: Sackin index -0.1266; 4.5 s; peak memory 423 MiB.
2026-10-09T11:02:17Z INFO [279/750] 821909d0-368c-42fd-b9ea-953aaf2bb550: Sackin index -0.1349; 1.4 s; peak memory 423 MiB.
2026-10-09T11:02:18Z INFO [280/750] 8219db60-90ea-4127-bdef-27eb2254352b: Sackin index -0.1349; 1.5 s; peak memory 423 MiB.
2026-10-09T11:02:20Z INFO [281/750] 821b3f44-3e4a-4d65-9724-1992d1e5ecba: Sackin index -0.1349; 1.5 s; peak memory 423 MiB.
2026-10-09T11:02:21Z INFO [282/750] 821b4900-3882-4d33-b56e-145036163975: Sackin index -0.1135; 1.1 s; peak memory 423 MiB.
2026-10-09T11:02:22Z INFO [283/750] 821b8ba6-0afa-4276-8b52-6a70a1da69cb: Sackin index -0.1349; 1.4 s; peak memory 423 MiB.
2026-10-09T11:02:23Z INFO [284/750] 821c0e31-d363-4e47-92a8-897cc10e6a09: Sackin index -0.1658; 1.0 s; peak memory 423 MiB.
2026-10-09T11:02:25Z INFO [285/750] 821c9386-6260-484e-964f-06da371898c5: Sackin index -0.0696; 1.4 s; peak memory 423 MiB.
2026-10-09T11:02:26Z INFO [286/750] 821d2fa9-ed7c-4042-9a72-66887540cad8: Sackin index -0.0375; 1.6 s; peak memory 423 MiB.
2026-10-09T11:02:38Z INFO [287/750] 821d552c-aeaa-45d1-90fa-4b805c738e93: Sackin index -0.0204; 11.3 s; peak memory 423 MiB.
2026-10-09T11:02:40Z INFO [288/750] 821d861f-a76b-424f-8914-6291e3ab86e2: Sackin index -0.0369; 2.7 s; peak memory 423 MiB.
2026-10-09T11:02:42Z INFO [289/750] 821daae1-1dcf-4f14-95c8-4b2ee5492d86: Sackin index -0.0483; 2.0 s; peak memory 423 MiB.
2026-10-09T11:02:45Z INFO [290/750] 821dd3e4-7b5b-4c41-b1de-13c9a673abad: Sackin index -0.0728; 2.4 s; peak memory 423 MiB.
2026-10-09T11:02:52Z INFO [291/750] 821e6af3-0352-470f-a4a0-5749d83fb2eb: Sackin index -0.0251; 7.7 s; peak memory 423 MiB.
2026-10-09T11:02:54Z INFO [292/750] 821f5176-1936-49bc-9328-406fdcde60d8: Sackin index -0.1349; 1.4 s; peak memory 423 MiB.
2026-10-09T11:02:55Z INFO [293/750] 821fbe33-a56d-408a-b94f-d0cae825d37c: Sackin index -0.1298; 1.3 s; peak memory 423 MiB.
2026-10-09T11:03:06Z INFO [294/750] 821fcb1f-d843-4606-8a36-c592fe720ca1: Sackin index -0.0247; 11.2 s; peak memory 423 MiB.
2026-10-09T11:03:08Z INFO [295/750] 821ff223-727f-4ac2-9cff-f33e76611d8c: Sackin index -0.0382; 1.8 s; peak memory 423 MiB.
2026-10-09T11:03:14Z INFO [296/750] 8220244a-2deb-4f39-8383-02653767485d: Sackin index -0.0818; 6.3 s; peak memory 423 MiB.
2026-10-09T11:03:20Z INFO [297/750] 822025ae-aadb-411c-aef7-42f5a957ca9d: Sackin index -0.0984; 5.5 s; peak memory 423 MiB.
2026-10-09T11:03:21Z INFO [298/750] 82206f5f-f0c7-40bd-a8db-6e813fbad475: Sackin index -0.1349; 1.4 s; peak memory 423 MiB.
2026-10-09T11:03:22Z INFO [299/750] 8221000e-f0b9-4f3a-a2f6-7e2be3dbe168: Sackin index -0.1191; 1.2 s; peak memory 423 MiB.
2026-10-09T11:03:24Z INFO [300/750] 822105a8-0433-4965-b012-0076f8785fbd: Sackin index -0.0696; 1.8 s; peak memory 423 MiB.
2026-10-09T11:03:24Z INFO [300/750] 822105a8-0433-4965-b012-0076f8785fbd: checkpointed 109636 new records.
2026-10-09T11:03:26Z INFO [301/750] 82224c92-707c-4196-b47e-717dd84049a9: Sackin index -0.1248; 1.6 s; peak memory 423 MiB.
2026-10-09T11:03:27Z INFO [302/750] 82229341-04d9-4566-ad8f-62f7de343ed8: Sackin index -0.1349; 1.4 s; peak memory 423 MiB.
2026-10-09T11:03:29Z INFO [303/750] 822393f3-2d77-4303-a068-ec57c1c1c4b1: Sackin index -0.0702; 1.7 s; peak memory 423 MiB.
2026-10-09T11:03:33Z INFO [304/750] 8225a7dc-4608-468a-9b85-aa30f8d58337: Sackin index -0.1293; 3.7 s; peak memory 423 MiB.
2026-10-09T11:03:34Z INFO [305/750] 82261b1f-faf4-43ca-be7c-c3f95341f939: Sackin index -0.1938; 1.3 s; peak memory 423 MiB.
2026-10-09T11:03:36Z INFO [306/750] 82269405-5f84-4182-a6b7-8858cc061b51: Sackin index -0.0384; 1.7 s; peak memory 423 MiB.
2026-10-09T11:03:37Z INFO [307/750] 8227ce69-3481-47ab-bcf6-fab311491a31: Sackin index -0.0667; 1.5 s; peak memory 423 MiB.
2026-10-09T11:03:39Z INFO [308/750] 82287ccf-ddab-4dcc-862b-baca4d1df102: Sackin index -0.1349; 1.3 s; peak memory 423 MiB.
2026-10-09T11:03:40Z INFO [309/750] 822885b7-d63c-4c49-b6de-ae01306f9837: Sackin index -0.0702; 1.6 s; peak memory 423 MiB.
2026-10-09T11:03:42Z INFO [310/750] 82292b8b-73a2-4c4b-bc3d-2b4b3a872543: Sackin index -0.1349; 1.4 s; peak memory 423 MiB.
2026-10-09T11:03:44Z INFO [311/750] 8229379e-2913-4b4b-b176-6ce7246462de: Sackin index -0.1761; 2.4 s; peak memory 423 MiB.
2026-10-09T11:03:46Z INFO [312/750] 8229b98d-adea-4838-be21-cf1a5ff32e62: Sackin index -0.1273; 1.9 s; peak memory 423 MiB.
2026-10-09T11:03:48Z INFO [313/750] 822a2731-9512-46c9-a647-aae3731c9325: Sackin index -0.0728; 2.0 s; peak memory 423 MiB.
2026-10-09T11:03:50Z INFO [314/750] 822a761f-89f2-4bf2-b6c0-ec1eb64b5bca: Sackin index -0.0275; 2.0 s; peak memory 423 MiB.
2026-10-09T11:03:51Z INFO [315/750] 822ae500-1a8d-4ecf-a2e8-c33825fdb14e: Sackin index -0.1349; 1.4 s; peak memory 423 MiB.
2026-10-09T11:03:54Z INFO [316/750] 822bb050-fd77-4114-a7b9-ba054d8862d5: Sackin index -0.0728; 2.3 s; peak memory 423 MiB.
2026-10-09T11:03:55Z INFO [317/750] 822bd09d-e524-4b45-8ad6-94e095b15eee: Sackin index -0.0702; 1.6 s; peak memory 423 MiB.
2026-10-09T11:03:57Z INFO [318/750] 822d2c66-6168-4fd9-8bf0-4740a5a4f2fa: Sackin index -0.1349; 1.4 s; peak memory 423 MiB.
2026-10-09T11:03:58Z INFO [319/750] 822d5d33-a3c0-49cb-bd4d-4a4f74aab8c9: Sackin index -0.1408; 1.7 s; peak memory 423 MiB.
2026-10-09T11:04:00Z INFO [320/750] 822d9547-6428-4440-8167-130c63ff3bc0: Sackin index -0.0376; 1.9 s; peak memory 423 MiB.
2026-10-09T11:04:08Z INFO [321/750] 822e1f70-c9ca-4ae6-88a4-3866759e6c0f: Sackin index -0.0254; 7.3 s; peak memory 423 MiB.
2026-10-09T11:04:09Z INFO [322/750] 822e9903-5f18-49dc-ba62-e5d9c06ed731: Sackin index -0.0745; 1.4 s; peak memory 423 MiB.
2026-10-09T11:04:14Z INFO [323/750] 822eb944-d7d2-4c2f-ac5d-3d96a75475e8: Sackin index -0.1117; 5.3 s; peak memory 423 MiB.
2026-10-09T11:04:16Z INFO [324/750] 822f9795-807c-4860-badb-901a9696bf0c: Sackin index -0.1349; 1.5 s; peak memory 423 MiB.
2026-10-09T11:04:19Z INFO [325/750] 8230bc0f-b0aa-443d-9d41-530ffb129113: Sackin index -0.0369; 2.9 s; peak memory 423 MiB.
2026-10-09T11:04:21Z INFO [326/750] 8230cca9-1d29-4e9c-86d8-f1027e43c625: Sackin index -0.0376; 2.0 s; peak memory 423 MiB.
2026-10-09T11:04:23Z INFO [327/750] 82314148-dc58-4075-99b8-26261a462858: Sackin index -0.0818; 2.7 s; peak memory 423 MiB.
2026-10-09T11:04:25Z INFO [328/750] 82314e77-0760-4e42-b7db-806d3f8fb19c: Sackin index -0.0696; 1.9 s; peak memory 423 MiB.
2026-10-09T11:04:27Z INFO [329/750] 8231c9e5-91fb-481c-9a71-0033b502a86a: Sackin index -0.1349; 1.3 s; peak memory 423 MiB.
2026-10-09T11:04:28Z INFO [330/750] 82320207-cf2f-4c2e-8580-0c0b0af50d9c: Sackin index -0.1349; 1.4 s; peak memory 423 MiB.
2026-10-09T11:04:29Z INFO [331/750] 823259eb-5afd-4f65-8e3c-600338598202: Sackin index -0.1349; 1.3 s; peak memory 423 MiB.
2026-10-09T11:04:40Z INFO [332/750] 8232a34d-9edc-4c0d-ad2f-efbfa3d03d14: Sackin index -0.0215; 10.2 s; peak memory 423 MiB.
2026-10-09T11:04:41Z INFO [333/750] 82334966-e912-4ff9-9bca-1c391f5622c7: Sackin index -0.1349; 1.3 s; peak memory 423 MiB.
2026-10-09T11:05:08Z INFO [334/750] 823367b2-5113-454b-8778-8a32e6a81ea7: Sackin index -0.0148; 27.3 s; peak memory 423 MiB.
2026-10-09T11:05:10Z INFO [335/750] 82349427-b1f4-44bf-8abe-243e61f596d6: Sackin index -0.1349; 1.4 s; peak memory 423 MiB.
2026-10-09T11:05:11Z INFO [336/750] 8235292c-ec30-4938-8128-9f25145ebd9f: Sackin index -0.1349; 1.5 s; peak memory 423 MiB.
2026-10-09T11:05:13Z INFO [337/750] 82353fd5-cc5f-4f4f-b475-cbe0678fe5cf: Sackin index -0.0709; 1.6 s; peak memory 423 MiB.
2026-10-09T11:05:24Z INFO [338/750] 8236208b-044e-4e2e-bfa8-4021424e62eb: Sackin index -0.0170; 11.7 s; peak memory 423 MiB.
2026-10-09T11:05:26Z INFO [339/750] 823692db-f867-4ae4-9c3a-cd92a58985c8: Sackin index -0.0387; 1.7 s; peak memory 423 MiB.
2026-10-09T11:05:28Z INFO [340/750] 8236f569-2406-49dd-998c-412e06a1c32b: Sackin index -0.0702; 1.6 s; peak memory 423 MiB.
2026-10-09T11:05:30Z INFO [341/750] 82379c18-6629-4e40-8a33-6b066e2ed838: Sackin index -0.0745; 2.0 s; peak memory 423 MiB.
2026-10-09T11:05:32Z INFO [342/750] 8237ed53-8417-4f0e-8bd6-50efc220561b: Sackin index -0.0681; 2.5 s; peak memory 423 MiB.
2026-10-09T11:05:53Z INFO [343/750] 82392695-123b-4b53-8e41-4ade2a49d9c5: Sackin index -0.1388; 20.6 s; peak memory 423 MiB.
2026-10-09T11:05:56Z INFO [344/750] 8239e5f8-1f58-4ce1-bb2c-880ea1503da1: Sackin index -0.1224; 3.0 s; peak memory 423 MiB.
2026-10-09T11:05:57Z INFO [345/750] 823aa790-e4e6-4f18-8fa9-f1568d2035be: Sackin index -0.1349; 1.4 s; peak memory 423 MiB.
2026-10-09T11:05:59Z INFO [346/750] 823b5b02-4abe-423e-8dde-9ca97cb77efe: Sackin index -0.1349; 1.6 s; peak memory 423 MiB.
2026-10-09T11:06:00Z INFO [347/750] 823b9fe9-e13f-481c-ba7f-7c8ce21547c8: Sackin index -0.1658; 1.1 s; peak memory 423 MiB.
2026-10-09T11:07:01Z INFO [348/750] 823c13d7-1796-44ff-b0eb-d079cd09687d: Sackin index -0.1076; 61.1 s; peak memory 423 MiB.
2026-10-09T11:07:03Z INFO [349/750] 823c1e38-c469-4ddc-9113-8d03650183c5: Sackin index -0.0722; 1.7 s; peak memory 423 MiB.
2026-10-09T11:07:04Z INFO [350/750] 823ca00c-a457-4d47-a26f-f19d65026387: Sackin index -0.1349; 1.3 s; peak memory 423 MiB.
2026-10-09T11:07:04Z INFO [350/750] 823ca00c-a457-4d47-a26f-f19d65026387: checkpointed 109686 new records.
2026-10-09T11:07:07Z INFO [351/750] 823cb6c6-f691-4460-a330-e7ad4010e126: Sackin index -0.0369; 2.6 s; peak memory 423 MiB.
2026-10-09T11:07:08Z INFO [352/750] 823db89f-f6ce-4553-9ad3-b309f0a40fc1: Sackin index -0.0709; 1.7 s; peak memory 423 MiB.
2026-10-09T11:07:20Z INFO [353/750] 823e4d5a-cb06-4386-a598-4ed0f34dd164: Sackin index -0.0230; 11.7 s; peak memory 423 MiB.
2026-10-09T11:07:21Z INFO [354/750] 823e73f9-f6c9-41ae-b0f4-b95f9e2df381: Sackin index -0.1349; 1.2 s; peak memory 423 MiB.
2026-10-09T11:07:23Z INFO [355/750] 823ed524-511b-4c91-82da-092afb763ef3: Sackin index -0.1349; 1.4 s; peak memory 423 MiB.
2026-10-09T11:07:24Z INFO [356/750] 823f843c-555d-4701-9fac-7ad6d4b76546: Sackin index -0.1201; 1.5 s; peak memory 423 MiB.
2026-10-09T11:07:26Z INFO [357/750] 82404149-9c56-4a51-a428-7ccbbff5b2eb: Sackin index -0.1562; 1.3 s; peak memory 423 MiB.
2026-10-09T11:08:01Z INFO [358/750] 8241a0ee-609a-4a03-a662-f734c5c582b8: Sackin index -0.0112; 35.8 s; peak memory 423 MiB.
2026-10-09T11:08:03Z INFO [359/750] 824201fe-4bd7-434c-b4f8-aff4f5979658: Sackin index -0.0626; 1.9 s; peak memory 423 MiB.
2026-10-09T11:08:06Z INFO [360/750] 82423e38-4b38-48f6-b227-b3cdc8be1d32: Sackin index -0.0423; 2.2 s; peak memory 423 MiB.
2026-10-09T11:08:07Z INFO [361/750] 8243621e-3ab8-4a77-b18f-9cca96644762: Sackin index -0.1349; 1.4 s; peak memory 423 MiB.
2026-10-09T11:08:08Z INFO [362/750] 82451f32-f45c-4527-9cad-a9d94981bc24: Sackin index -0.1349; 1.4 s; peak memory 423 MiB.
2026-10-09T11:08:10Z INFO [363/750] 8245386d-9d93-4a0f-9407-f2a4045189ae: Sackin index -0.1068; 1.5 s; peak memory 423 MiB.
2026-10-09T11:08:11Z INFO [364/750] 82477678-b965-45b1-8c13-97a48e0c10cd: Sackin index -0.1349; 1.4 s; peak memory 423 MiB.
2026-10-09T11:08:13Z INFO [365/750] 8247b2cb-d35f-4506-9828-6353c5d6cdf1: Sackin index -0.0748; 1.7 s; peak memory 423 MiB.
2026-10-09T11:08:14Z INFO [366/750] 8247d125-c58a-483c-aa53-9d69b1e13dd9: Sackin index -0.1248; 1.5 s; peak memory 423 MiB.
2026-10-09T11:08:15Z INFO [367/750] 8248053f-c3cf-4877-a30b-5ebe616eda30: Sackin index -0.1658; 1.1 s; peak memory 423 MiB.
2026-10-09T11:08:17Z INFO [368/750] 8249a5b3-9e0e-4f0c-a172-a1a4f8770ec8: Sackin index -0.1349; 1.5 s; peak memory 423 MiB.
2026-10-09T11:08:19Z INFO [369/750] 824a4d1a-2151-4873-ab0b-e769ae1ca29e: Sackin index -0.0376; 1.7 s; peak memory 423 MiB.
2026-10-09T11:08:20Z INFO [370/750] 824c06e1-7b15-47b0-b0ed-f4f1ecb7838e: Sackin index -0.1448; 1.3 s; peak memory 423 MiB.
2026-10-09T11:08:21Z INFO [371/750] 824c22db-a741-4818-b33e-e070a946cbdd: Sackin index -0.1319; 1.3 s; peak memory 423 MiB.
2026-10-09T11:08:23Z INFO [372/750] 824c7116-1e55-4d40-a3d7-9d3d41bb7ac5: Sackin index -0.0702; 1.7 s; peak memory 423 MiB.
2026-10-09T11:08:31Z INFO [373/750] 824d408f-b3c3-4b1d-97c9-2a7c15022c3c: Sackin index -0.0476; 8.1 s; peak memory 423 MiB.
2026-10-09T11:08:33Z INFO [374/750] 824e2184-e6f8-4da7-86da-0e838dbe4f64: Sackin index -0.0371; 2.0 s; peak memory 423 MiB.
2026-10-09T11:08:35Z INFO [375/750] 824e4723-11ce-4663-a0ad-a4b30ffec566: Sackin index -0.0745; 1.7 s; peak memory 423 MiB.
2026-10-09T11:08:36Z INFO [376/750] 824eba5e-2d96-4379-b122-c75379656435: Sackin index -0.1349; 1.5 s; peak memory 423 MiB.
2026-10-09T11:08:38Z INFO [377/750] 824ecb04-15fd-462e-8582-c5779081a841: Sackin index -0.0696; 1.6 s; peak memory 423 MiB.
2026-10-09T11:08:45Z INFO [378/750] 824f89d9-ccd1-4b48-8510-dc82f362fc98: Sackin index -0.0670; 7.3 s; peak memory 423 MiB.
2026-10-09T11:08:47Z INFO [379/750] 824ffbb1-dc81-48a8-b77a-60c771912a4f: Sackin index -0.1349; 1.5 s; peak memory 423 MiB.
2026-10-09T11:08:48Z INFO [380/750] 8251cff3-04d5-489e-9f25-ff93e9ae4365: Sackin index -0.0709; 1.5 s; peak memory 423 MiB.
2026-10-09T11:08:51Z INFO [381/750] 8252b45c-bfef-452b-86e2-742dd7c1f7a3: Sackin index -0.0275; 2.5 s; peak memory 423 MiB.
2026-10-09T11:09:09Z INFO [382/750] 8253eb11-90ff-4bf8-93ed-19c36468dc2e: Sackin index -0.0145; 18.7 s; peak memory 423 MiB.
2026-10-09T11:09:11Z INFO [383/750] 82542414-2296-421e-b265-4f02e9695670: Sackin index -0.1349; 1.4 s; peak memory 423 MiB.
2026-10-09T11:09:14Z INFO [384/750] 82543713-30d1-4b55-a4ff-f36c1ad7d117: Sackin index -0.0660; 3.8 s; peak memory 423 MiB.
2026-10-09T11:09:18Z INFO [385/750] 8255d589-6346-4e5c-bf94-8ca8f6cf11a7: Sackin index -0.0648; 3.6 s; peak memory 423 MiB.
2026-10-09T11:09:19Z INFO [386/750] 82562b5d-f9dd-40b8-98ab-f4619ca82c08: Sackin index -0.1349; 1.4 s; peak memory 423 MiB.
2026-10-09T11:09:32Z INFO [387/750] 82569a80-75d6-4b04-ab1d-b8e2208e8a08: Sackin index -0.1330; 12.7 s; peak memory 423 MiB.
2026-10-09T11:10:16Z INFO [388/750] 8257141c-5659-49c2-ac0c-ea9ac6cfd901: Sackin index -0.0050; 43.6 s; peak memory 423 MiB.
2026-10-09T11:10:17Z INFO [389/750] 82574116-64f6-4aec-8c54-e5231c061c38: Sackin index -0.0886; 1.8 s; peak memory 423 MiB.
2026-10-09T11:10:19Z INFO [390/750] 8257d2be-6304-4de9-8ff7-c2d1d48e383a: Sackin index -0.0728; 2.0 s; peak memory 423 MiB.
2026-10-09T11:10:21Z INFO [391/750] 8259b66c-bba7-4d84-9314-c3d5b529c5fd: Sackin index -0.1135; 1.3 s; peak memory 423 MiB.
2026-10-09T11:10:31Z INFO [392/750] 8259bb89-0757-42a8-8620-9e626cc37281: Sackin index -0.0153; 10.3 s; peak memory 423 MiB.
2026-10-09T11:12:47Z INFO [393/750] 825a066e-c367-43d9-baf6-816c729bb831: Sackin index -0.0450; 135.6 s; peak memory 423 MiB.
2026-10-09T11:13:04Z INFO [394/750] 825b03b6-28c7-4954-b907-14f867fa5e69: Sackin index -0.0156; 17.1 s; peak memory 423 MiB.
2026-10-09T11:13:05Z INFO [395/750] 825b1035-892c-4066-90bf-88c662130c8e: Sackin index -0.1272; 1.4 s; peak memory 423 MiB.
2026-10-09T11:13:06Z INFO [396/750] 825bb24d-e3c4-43fd-b5e5-71a096715205: Sackin index -0.0667; 1.5 s; peak memory 423 MiB.
2026-10-09T11:13:08Z INFO [397/750] 825c57a5-15f8-42fa-b4aa-25be84ff1ec2: Sackin index -0.1602; 1.5 s; peak memory 423 MiB.
2026-10-09T11:13:12Z INFO [398/750] 825c783c-14be-454b-b3f5-2e2cb6103a7c: Sackin index -0.1433; 3.9 s; peak memory 423 MiB.
2026-10-09T11:13:14Z INFO [399/750] 825ca180-cfd9-4977-8637-dca59b8311ff: Sackin index -0.0688; 2.4 s; peak memory 423 MiB.
2026-10-09T11:13:16Z INFO [400/750] 825de0f0-8058-4595-9fd8-27755b18e21e: Sackin index -0.0709; 1.6 s; peak memory 423 MiB.
2026-10-09T11:13:16Z INFO [400/750] 825de0f0-8058-4595-9fd8-27755b18e21e: checkpointed 109736 new records.
2026-10-09T11:13:19Z INFO [401/750] 825e2d97-98a6-4242-9dc4-2625afd134d5: Sackin index -0.0842; 3.1 s; peak memory 423 MiB.
2026-10-09T11:13:34Z INFO [402/750] 825e4de3-531e-4513-830e-826a846e188b: Sackin index -0.0151; 15.0 s; peak memory 423 MiB.
2026-10-09T11:13:36Z INFO [403/750] 825e8880-cb0d-4379-8a71-3c2555924b1c: Sackin index -0.0702; 1.7 s; peak memory 423 MiB.
2026-10-09T11:13:51Z INFO [404/750] 825ed9e6-1100-42c1-a907-27fc5f29ba1d: Sackin index -0.0151; 15.4 s; peak memory 423 MiB.
2026-10-09T11:13:54Z INFO [405/750] 825f046a-1553-4ebe-bae9-659bfbc60eb7: Sackin index -0.0272; 2.6 s; peak memory 423 MiB.
2026-10-09T11:13:55Z INFO [406/750] 8260128c-e9ce-443c-bee0-51960bc32ae0: Sackin index -0.1658; 1.1 s; peak memory 423 MiB.
2026-10-09T11:13:57Z INFO [407/750] 82601296-9131-4921-ae4a-20546cb314bd: Sackin index -0.0746; 2.1 s; peak memory 423 MiB.
2026-10-09T11:14:05Z INFO [408/750] 82615553-0e16-4d9a-832e-5405e1188ca0: Sackin index -0.0241; 8.0 s; peak memory 423 MiB.
2026-10-09T11:14:07Z INFO [409/750] 8261a92f-423d-4a43-8f81-7747988ff434: Sackin index -0.0709; 1.7 s; peak memory 423 MiB.
2026-10-09T11:14:08Z INFO [410/750] 82626363-194f-4d74-bc4f-c1402af1aea1: Sackin index -0.1602; 1.6 s; peak memory 423 MiB.
2026-10-09T11:14:10Z INFO [411/750] 82637786-e3ca-4083-a381-aecdea9aac0b: Sackin index -0.1194; 2.0 s; peak memory 423 MiB.
2026-10-09T11:14:12Z INFO [412/750] 82640c4f-7361-42d1-9c19-03f27a52b748: Sackin index -0.0746; 1.7 s; peak memory 423 MiB.
2026-10-09T11:14:14Z INFO [413/750] 8264bf01-eb24-4c67-b8d7-24c4fe7ec833: Sackin index -0.0398; 2.1 s; peak memory 423 MiB.
2026-10-09T11:14:16Z INFO [414/750] 82652f39-002c-4b78-aeff-5c8e63ff597c: Sackin index -0.0709; 1.6 s; peak memory 423 MiB.
2026-10-09T11:14:17Z INFO [415/750] 8265ce87-5f4a-4786-a62a-6740ba2d8934: Sackin index -0.1349; 1.4 s; peak memory 423 MiB.
2026-10-09T11:14:18Z INFO [416/750] 8267124d-d4c3-4dee-b909-6de385a9ddc8: Sackin index -0.1161; 1.1 s; peak memory 423 MiB.
2026-10-09T11:14:20Z INFO [417/750] 8267f296-03df-4866-85e0-fd94971f59e2: Sackin index -0.1658; 1.3 s; peak memory 423 MiB.
2026-10-09T11:14:22Z INFO [418/750] 8267fbca-d041-49c1-af47-6013c7ce0f5b: Sackin index -0.0326; 2.1 s; peak memory 423 MiB.
2026-10-09T11:14:23Z INFO [419/750] 82680a65-c469-47da-9365-e212bd366a6d: Sackin index -0.1349; 1.3 s; peak memory 423 MiB.
2026-10-09T11:14:25Z INFO [420/750] 8268e74e-65f2-489d-b43e-b5495567717a: Sackin index -0.0745; 1.6 s; peak memory 423 MiB.
2026-10-09T11:14:28Z INFO [421/750] 826918f8-b85d-4ef3-ac53-aa97d38a2fd2: Sackin index -0.0681; 3.6 s; peak memory 423 MiB.
2026-10-09T11:14:39Z INFO [422/750] 82692515-5f50-424f-97e4-eb663c348a0b: Sackin index -0.0614; 11.3 s; peak memory 423 MiB.
2026-10-09T11:14:41Z INFO [423/750] 8269ba97-bf6e-46a2-8432-18b2d79a4ee5: Sackin index -0.1349; 1.4 s; peak memory 423 MiB.
2026-10-09T11:14:42Z INFO [424/750] 826a0d67-a235-4523-9c1e-e26561c95f8e: Sackin index -0.1938; 1.2 s; peak memory 423 MiB.
2026-10-09T11:14:43Z INFO [425/750] 826a7087-239d-4ffd-a4ad-ccbd56b35ee8: Sackin index -0.1349; 1.4 s; peak memory 423 MiB.
2026-10-09T11:14:45Z INFO [426/750] 826b8716-43b6-4f2d-9712-5ef22e41bba1: Sackin index -0.0728; 1.9 s; peak memory 423 MiB.
2026-10-09T11:14:48Z INFO [427/750] 826d322d-f4bd-49d0-ab6c-881d877f68dc: Sackin index -0.0643; 2.7 s; peak memory 423 MiB.
2026-10-09T11:14:55Z INFO [428/750] 826d3466-0392-4587-86aa-b0d7845063d8: Sackin index -0.0251; 6.5 s; peak memory 423 MiB.
2026-10-09T11:15:01Z INFO [429/750] 826d7b0e-c7bf-438e-96a4-e41f1e66a981: Sackin index -0.0611; 6.2 s; peak memory 423 MiB.
2026-10-09T11:15:03Z INFO [430/750] 826de69d-f1ba-42cb-a0a0-873ecbf953ed: Sackin index -0.0881; 1.9 s; peak memory 423 MiB.
2026-10-09T11:15:06Z INFO [431/750] 826f3a91-20ce-496b-bc04-6186be43fff4: Sackin index -0.0522; 3.2 s; peak memory 423 MiB.
2026-10-09T11:15:08Z INFO [432/750] 826fbaf7-a555-4643-82e1-7f730b32b689: Sackin index -0.0728; 2.1 s; peak memory 423 MiB.
2026-10-09T11:15:16Z INFO [433/750] 82707074-59a6-447d-a784-38602502f12c: Sackin index -0.0049; 8.0 s; peak memory 423 MiB.
2026-10-09T11:15:18Z INFO [434/750] 8270b257-8bb0-4550-a23e-3a45772a5af6: Sackin index -0.0376; 2.0 s; peak memory 423 MiB.
2026-10-09T11:15:19Z INFO [435/750] 82712c6f-5738-402e-baeb-85b68325c667: Sackin index -0.1349; 1.3 s; peak memory 423 MiB.
2026-10-09T11:15:21Z INFO [436/750] 8271daff-6944-4b13-b1b6-a6c96d7d4335: Sackin index -0.1349; 1.4 s; peak memory 423 MiB.
2026-10-09T11:15:22Z INFO [437/750] 82729101-23d7-4bc2-9a11-5ac8e21ccbbf: Sackin index -0.0696; 1.8 s; peak memory 423 MiB.
2026-10-09T11:15:24Z INFO [438/750] 827362f3-da93-4f1a-9c00-032842ba3819: Sackin index -0.1349; 1.4 s; peak memory 423 MiB.
2026-10-09T11:15:25Z INFO [439/750] 8273c10e-859a-4a5e-87b6-99c7036825d7: Sackin index -0.1349; 1.3 s; peak memory 423 MiB.
2026-10-09T11:15:27Z INFO [440/750] 82745731-036e-44c9-b810-329941b6e880: Sackin index -0.1349; 1.3 s; peak memory 423 MiB.
2026-10-09T11:15:28Z INFO [441/750] 82752eae-3801-4b86-aaf3-ba7f0ed2f319: Sackin index -0.1361; 1.4 s; peak memory 423 MiB.
2026-10-09T11:15:29Z INFO [442/750] 8275980f-aea6-4f8f-81da-b24c80ac9888: Sackin index -0.0702; 1.5 s; peak memory 423 MiB.
2026-10-09T11:15:34Z INFO [443/750] 8276954a-5182-4c0a-8418-eb6b70c2915e: Sackin index -0.0539; 4.3 s; peak memory 423 MiB.
2026-10-09T11:15:57Z INFO [444/750] 8276cc62-ff29-4422-87a8-c87add4bc5d8: Sackin index -0.1367; 23.5 s; peak memory 423 MiB.
2026-10-09T11:15:59Z INFO [445/750] 82773492-4169-4886-bcfd-1152751f42b7: Sackin index -0.1349; 1.3 s; peak memory 423 MiB.
2026-10-09T11:16:02Z INFO [446/750] 8277dd25-249c-4517-bd4a-fe575c655657: Sackin index -0.0761; 3.5 s; peak memory 423 MiB.
2026-10-09T11:16:04Z INFO [447/750] 8278250b-f172-4ea2-89a2-c28df65cc8a2: Sackin index -0.0883; 1.7 s; peak memory 423 MiB.
2026-10-09T11:16:05Z INFO [448/750] 8278a090-97fe-47e9-8547-41acf6b8ada5: Sackin index -0.1448; 1.2 s; peak memory 423 MiB.
2026-10-09T11:17:02Z INFO [449/750] 8278dc10-a432-482b-9919-0035871e9a6a: Sackin index -0.1076; 57.4 s; peak memory 423 MiB.
2026-10-09T11:17:06Z INFO [450/750] 82790313-aecc-4bd7-8e9a-58f664c5d623: Sackin index -0.0660; 3.8 s; peak memory 423 MiB.
2026-10-09T11:17:06Z INFO [450/750] 82790313-aecc-4bd7-8e9a-58f664c5d623: checkpointed 109786 new records.
2026-10-09T11:17:11Z INFO [451/750] 827960ad-38e1-4514-88d5-564b90d1e4a7: Sackin index -0.1062; 4.5 s; peak memory 423 MiB.
2026-10-09T11:17:12Z INFO [452/750] 8279755c-7e3e-476b-b838-2243dc260144: Sackin index -0.1349; 1.4 s; peak memory 423 MiB.
2026-10-09T11:17:18Z INFO [453/750] 827b2a21-b53b-4b06-8818-a25bfeca1a94: Sackin index -0.0415; 5.8 s; peak memory 423 MiB.
2026-10-09T11:17:20Z INFO [454/750] 827b56cd-8f2f-4806-af8e-f3793432d334: Sackin index -0.1072; 2.5 s; peak memory 423 MiB.
2026-10-09T11:17:22Z INFO [455/750] 827e1156-162b-4977-a6ee-6724ac878677: Sackin index -0.0702; 1.6 s; peak memory 423 MiB.
2026-10-09T11:17:23Z INFO [456/750] 827fb658-5d95-457a-9993-8e3ed9a590bf: Sackin index -0.1938; 1.3 s; peak memory 423 MiB.
2026-10-09T11:17:25Z INFO [457/750] 82800047-c6dc-4283-b072-f21d441a8320: Sackin index -0.1009; 1.6 s; peak memory 423 MiB.
2026-10-09T11:17:28Z INFO [458/750] 82803a6c-f568-4c63-8b1b-adfa9fb34170: Sackin index -0.0548; 3.3 s; peak memory 423 MiB.
2026-10-09T11:17:30Z INFO [459/750] 82803e2b-ce3b-4e31-91a1-f3d3d7ab36b0: Sackin index -0.1349; 1.3 s; peak memory 423 MiB.
2026-10-09T11:17:31Z INFO [460/750] 828078e6-2a9a-40f9-99fb-6dc3e9cb3c58: Sackin index -0.0881; 1.8 s; peak memory 423 MiB.
2026-10-09T11:17:33Z INFO [461/750] 8281e5c6-8dd5-4a29-840c-3729dc1eb851: Sackin index -0.0702; 1.5 s; peak memory 423 MiB.
2026-10-09T11:17:44Z INFO [462/750] 8281e753-e293-4e3b-aab6-14234ac0ef89: Sackin index -0.0040; 10.9 s; peak memory 423 MiB.
2026-10-09T11:17:45Z INFO [463/750] 828272ee-c93c-4ffb-89d5-1d568ef315ed: Sackin index -0.1349; 1.3 s; peak memory 423 MiB.
2026-10-09T11:17:49Z INFO [464/750] 82830d71-289b-4f22-a22a-f7c5a0f66f8e: Sackin index -0.0648; 3.7 s; peak memory 423 MiB.
2026-10-09T11:18:02Z INFO [465/750] 8284424e-048e-42cc-8769-950328bcf8cf: Sackin index -0.0293; 13.3 s; peak memory 423 MiB.
2026-10-09T11:18:04Z INFO [466/750] 82847f57-8772-4b28-a2f8-b244696533fc: Sackin index -0.0944; 2.2 s; peak memory 423 MiB.
2026-10-09T11:18:10Z INFO [467/750] 82852581-30fd-44ad-bd69-dc634014cdb7: Sackin index -0.0235; 5.2 s; peak memory 423 MiB.
2026-10-09T11:18:19Z INFO [468/750] 82855dbf-5977-441d-92ef-0384734d4034: Sackin index -0.0205; 9.8 s; peak memory 423 MiB.
2026-10-09T11:18:21Z INFO [469/750] 8285dc37-ba23-48e6-b965-83d7915b7c15: Sackin index -0.1349; 1.4 s; peak memory 423 MiB.
2026-10-09T11:19:13Z INFO [470/750] 8286a2a3-8dec-48c6-8629-51de19a79d30: Sackin index -0.1076; 51.9 s; peak memory 423 MiB.
2026-10-09T11:19:14Z INFO [471/750] 828740e1-c7e2-470f-aec5-e952520a725b: Sackin index -0.0748; 1.6 s; peak memory 423 MiB.
2026-10-09T11:19:27Z INFO [472/750] 8287875c-7393-4360-a072-7b985e38ca67: Sackin index -0.0177; 12.9 s; peak memory 423 MiB.
2026-10-09T11:19:34Z INFO [473/750] 8287ec9f-bbcf-4d47-b538-6ffedb0b1c63: Sackin index -0.0435; 6.8 s; peak memory 423 MiB.
2026-10-09T11:19:36Z INFO [474/750] 828808a1-9acc-446a-bfde-7682f5113f80: Sackin index -0.0379; 2.0 s; peak memory 423 MiB.
2026-10-09T11:19:38Z INFO [475/750] 828879b1-4c96-4354-b544-17ce6169c4be: Sackin index -0.0375; 1.8 s; peak memory 423 MiB.
2026-10-09T11:19:39Z INFO [476/750] 82890d90-62d8-46b3-b241-e4a92b4b7060: Sackin index -0.0376; 1.7 s; peak memory 423 MiB.
2026-10-09T11:19:56Z INFO [477/750] 828a8f60-0802-4bc3-838b-ad4ce8693219: Sackin index -0.1938; 16.4 s; peak memory 423 MiB.
2026-10-09T11:19:57Z INFO [478/750] 828ce90d-54b5-49b5-9367-c5cfcb68f8b9: Sackin index -0.0696; 1.7 s; peak memory 423 MiB.
2026-10-09T11:19:59Z INFO [479/750] 828d0bf8-d51c-4aaa-95d7-d7a9cb0a3bc4: Sackin index -0.1658; 1.1 s; peak memory 423 MiB.
2026-10-09T11:20:00Z INFO [480/750] 828d43ee-bafc-4170-b0be-ae50018c2027: Sackin index -0.1161; 1.1 s; peak memory 423 MiB.
2026-10-09T11:20:03Z INFO [481/750] 828e122d-e01b-41f4-9a11-5a515ab07914: Sackin index -0.0869; 3.3 s; peak memory 423 MiB.
2026-10-09T11:20:04Z INFO [482/750] 828e1c91-3f27-49a4-860b-5cce70aec5ee: Sackin index -0.1602; 1.4 s; peak memory 423 MiB.
2026-10-09T11:20:06Z INFO [483/750] 828fc8ae-8da6-4b02-b290-88a9f962eb83: Sackin index -0.0702; 1.8 s; peak memory 423 MiB.
2026-10-09T11:20:18Z INFO [484/750] 829019a6-3f30-49ec-ad28-4d283989d8d6: Sackin index -0.0154; 12.2 s; peak memory 423 MiB.
2026-10-09T11:20:20Z INFO [485/750] 8290e8ad-f0fb-4ced-8229-6212ac26aec4: Sackin index -0.0696; 1.8 s; peak memory 423 MiB.
2026-10-09T11:20:29Z INFO [486/750] 82931a71-a308-43c6-bd55-3925a5d49356: Sackin index -0.0251; 8.9 s; peak memory 423 MiB.
2026-10-09T11:20:31Z INFO [487/750] 8294264d-6d97-4a87-b812-ca3e080de45f: Sackin index -0.0275; 2.3 s; peak memory 423 MiB.
2026-10-09T11:20:33Z INFO [488/750] 82943f29-dd73-46e3-b26a-868fb65977ac: Sackin index -0.1361; 1.4 s; peak memory 423 MiB.
2026-10-09T11:20:49Z INFO [489/750] 8294980a-d82d-4f9c-8a50-2c562a615b9f: Sackin index -0.0151; 16.5 s; peak memory 423 MiB.
2026-10-09T11:20:51Z INFO [490/750] 8295c5c6-bc43-456f-b13d-6dc1ada328ff: Sackin index -0.0434; 2.1 s; peak memory 423 MiB.
2026-10-09T11:20:54Z INFO [491/750] 8295ce79-2ffc-437a-b90f-a281d5dd6cd6: Sackin index -0.0683; 3.1 s; peak memory 423 MiB.
2026-10-09T11:21:13Z INFO [492/750] 8295eddb-0b31-48a2-8fad-d856c91173f0: Sackin index -0.0112; 19.1 s; peak memory 423 MiB.
2026-10-09T11:21:24Z INFO [493/750] 82962959-0ede-4716-94bb-501fea0419b9: Sackin index -0.0153; 10.3 s; peak memory 423 MiB.
2026-10-09T11:21:27Z INFO [494/750] 82966fbd-1a01-43f1-8bf0-3d86cb3d8c8b: Sackin index -0.0693; 3.2 s; peak memory 423 MiB.
2026-10-09T11:21:30Z INFO [495/750] 82966fd1-ba41-4e07-8c33-dfd89c5a5851: Sackin index -0.0693; 3.3 s; peak memory 423 MiB.
2026-10-09T11:23:44Z INFO [496/750] 8296ba34-dcc3-4134-a9b0-633f5399739f: Sackin index -0.0434; 133.5 s; peak memory 423 MiB.
2026-10-09T11:23:45Z INFO [497/750] 8296d8ad-73b9-442b-a5e1-e700293a7739: Sackin index -0.1239; 1.1 s; peak memory 423 MiB.
2026-10-09T11:30:29Z INFO [498/750] 8296dbc2-90b0-4b7c-8443-8525bcf419ed: Sackin index -0.0667; 404.3 s; peak memory 1336 MiB.
2026-10-09T11:30:32Z INFO [499/750] 82983627-8f62-4ea7-a612-2f8b2f27cfdf: Sackin index -0.0579; 3.1 s; peak memory 1336 MiB.
2026-10-09T11:30:34Z INFO [500/750] 829a9200-51ce-4175-9bc2-8bf8de5b6415: Sackin index -0.1349; 1.4 s; peak memory 1336 MiB.
2026-10-09T11:30:34Z INFO [500/750] 829a9200-51ce-4175-9bc2-8bf8de5b6415: checkpointed 109836 new records.
2026-10-09T11:30:35Z INFO [501/750] 829ad594-2b81-4b40-8fee-5ee800809511: Sackin index -0.1349; 1.4 s; peak memory 1336 MiB.
2026-10-09T11:30:37Z INFO [502/750] 829b0540-4d4b-4ba9-8be6-0b6be79be2e4: Sackin index -0.1349; 1.4 s; peak memory 1336 MiB.
2026-10-09T11:30:38Z INFO [503/750] 829b13e6-0316-4b06-9c7d-17ff3862824d: Sackin index -0.1239; 1.3 s; peak memory 1336 MiB.
2026-10-09T11:30:40Z INFO [504/750] 829b8601-25c5-45b0-a12e-43646cffb612: Sackin index -0.1361; 1.6 s; peak memory 1336 MiB.
2026-10-09T11:30:43Z INFO [505/750] 829cc83a-4603-4e3d-936f-484bcf06cbcb: Sackin index -0.0736; 3.2 s; peak memory 1336 MiB.
2026-10-09T11:30:45Z INFO [506/750] 829ce817-6519-4690-9ee1-9d4499c7d10c: Sackin index -0.0377; 1.7 s; peak memory 1336 MiB.
2026-10-09T11:30:46Z INFO [507/750] 829d64ce-a9ab-4524-98b3-125a23b72652: Sackin index -0.1248; 1.5 s; peak memory 1336 MiB.
2026-10-09T11:31:00Z INFO [508/750] 829e7591-cb2c-4360-a07f-10a2461528a3: Sackin index -0.0150; 13.9 s; peak memory 1336 MiB.
2026-10-09T11:31:02Z INFO [509/750] 829eea01-edc9-4f4e-acee-efaca600a2cc: Sackin index -0.0728; 2.1 s; peak memory 1336 MiB.
2026-10-09T11:31:08Z INFO [510/750] 829f2470-0d82-4198-8659-d822965d031d: Sackin index -0.0415; 6.3 s; peak memory 1336 MiB.
2026-10-09T11:31:10Z INFO [511/750] 829f3e71-8eec-4fb3-a0a6-123e42ff3aef: Sackin index -0.1349; 1.6 s; peak memory 1336 MiB.
2026-10-09T11:31:12Z INFO [512/750] 829f4273-54d5-40e5-8691-39e771755b26: Sackin index -0.0369; 2.3 s; peak memory 1336 MiB.
2026-10-09T11:31:15Z INFO [513/750] 829f9cef-2425-43cb-a7e0-40160a6a9d29: Sackin index -0.0369; 2.5 s; peak memory 1336 MiB.
2026-10-09T11:31:16Z INFO [514/750] 829faa00-fcf3-408a-9ea4-bec67a790199: Sackin index -0.0702; 1.6 s; peak memory 1336 MiB.
2026-10-09T11:31:19Z INFO [515/750] 82a029b7-8b07-4e66-8c7f-a840d218bfef: Sackin index -0.1938; 2.7 s; peak memory 1336 MiB.
2026-10-09T11:31:24Z INFO [516/750] 82a138f9-f462-4791-ba0a-afefcd25cbca: Sackin index -0.0554; 4.7 s; peak memory 1336 MiB.
2026-10-09T11:31:39Z INFO [517/750] 82a262a0-4465-4059-9b4f-5ed136fa2726: Sackin index -0.0139; 15.3 s; peak memory 1336 MiB.
2026-10-09T11:31:41Z INFO [518/750] 82a347ce-0a3b-4ec7-8181-4d49a1110549: Sackin index -0.0382; 1.7 s; peak memory 1336 MiB.
2026-10-09T11:31:42Z INFO [519/750] 82a393bb-e745-4299-8fe3-e990cf015dce: Sackin index -0.1331; 1.3 s; peak memory 1336 MiB.
2026-10-09T11:31:44Z INFO [520/750] 82a40ae0-81c1-4ad8-863d-6ef3d4e3f57a: Sackin index -0.1248; 1.6 s; peak memory 1336 MiB.
2026-10-09T11:31:45Z INFO [521/750] 82a45ede-2078-4143-ac38-9e110c09336b: Sackin index -0.1349; 1.3 s; peak memory 1336 MiB.
2026-10-09T11:31:47Z INFO [522/750] 82a4c6f1-8a67-4ae0-a3ca-3a7b5511527a: Sackin index -0.0457; 2.0 s; peak memory 1336 MiB.
2026-10-09T11:32:00Z INFO [523/750] 82a5dd4d-44d6-4cc2-b473-d16c9583c9d2: Sackin index -0.0175; 12.9 s; peak memory 1336 MiB.
2026-10-09T11:32:02Z INFO [524/750] 82a7b3ff-fcd5-4c38-af48-413efa35e7a0: Sackin index -0.0728; 1.8 s; peak memory 1336 MiB.
2026-10-09T11:32:03Z INFO [525/750] 82a7ffd8-cb8d-4dcb-884f-5838b27f8da6: Sackin index -0.1068; 1.7 s; peak memory 1336 MiB.
2026-10-09T11:32:23Z INFO [526/750] 82a8e51c-09e5-4f90-9b27-86bbfb749aeb: Sackin index -0.0235; 19.5 s; peak memory 1336 MiB.
2026-10-09T11:32:30Z INFO [527/750] 82a903cc-9b70-43bf-bfc4-5f6ede8ba479: Sackin index -0.0476; 7.5 s; peak memory 1336 MiB.
2026-10-09T11:32:37Z INFO [528/750] 82aa3a7c-1686-4e70-b16d-3df019020884: Sackin index -0.0411; 6.6 s; peak memory 1336 MiB.
2026-10-09T11:32:39Z INFO [529/750] 82aaaeea-9de5-43ae-9fb9-d7bee854aeb4: Sackin index -0.0702; 1.7 s; peak memory 1336 MiB.
2026-10-09T11:32:40Z INFO [530/750] 82acbd40-2bbd-4120-bbef-1869fb1e76a2: Sackin index -0.1349; 1.4 s; peak memory 1336 MiB.
2026-10-09T11:32:41Z INFO [531/750] 82acbe33-58c9-4f5f-a893-9b7c2e8624fd: Sackin index -0.1349; 1.4 s; peak memory 1336 MiB.
2026-10-09T11:32:43Z INFO [532/750] 82acd3d9-46b3-4282-9176-dd55a15ccf78: Sackin index -0.1201; 1.4 s; peak memory 1336 MiB.
2026-10-09T11:32:45Z INFO [533/750] 82ae3e5e-984a-4037-b086-a77b62a5d2f1: Sackin index -0.0702; 1.8 s; peak memory 1336 MiB.
2026-10-09T11:32:46Z INFO [534/750] 82aeeaf7-261c-482e-b2c1-28675f2dfbd1: Sackin index -0.1273; 1.9 s; peak memory 1336 MiB.
2026-10-09T11:32:56Z INFO [535/750] 82afdbb9-3252-43d8-bc6a-ee8b5549eb70: Sackin index -0.0022; 9.3 s; peak memory 1336 MiB.
2026-10-09T11:33:29Z INFO [536/750] 82afe0f3-dd7a-43f8-9163-0a360907a4fd: Sackin index -0.1287; 33.0 s; peak memory 1336 MiB.
2026-10-09T11:33:30Z INFO [537/750] 82b15016-7cbf-480b-aeb9-70ab87ab862a: Sackin index -0.1254; 1.6 s; peak memory 1336 MiB.
2026-10-09T11:33:32Z INFO [538/750] 82b1c1ea-7432-4b51-91cc-46f44175ea5c: Sackin index -0.1408; 1.6 s; peak memory 1336 MiB.
2026-10-09T11:33:34Z INFO [539/750] 82b23474-8839-4c0d-8c54-e23eba9a1ede: Sackin index -0.0709; 1.7 s; peak memory 1336 MiB.
2026-10-09T11:33:35Z INFO [540/750] 82b48852-1cbd-42e4-baf9-4d0d3929da34: Sackin index -0.1349; 1.3 s; peak memory 1336 MiB.
2026-10-09T11:33:49Z INFO [541/750] 82b529b9-df58-4adb-8fc0-a9c7e3245892: Sackin index -0.0255; 14.2 s; peak memory 1336 MiB.
2026-10-09T11:33:50Z INFO [542/750] 82b54384-4b0b-49de-85a6-71b6b45c1108: Sackin index -0.1349; 1.4 s; peak memory 1336 MiB.
2026-10-09T11:33:54Z INFO [543/750] 82b54866-3b22-4356-8d19-b03a19e4ec4d: Sackin index -0.0731; 3.6 s; peak memory 1336 MiB.
2026-10-09T11:34:11Z INFO [544/750] 82b5ccb7-402d-49fa-80d0-cae99e2f5e7f: Sackin index -0.0240; 16.6 s; peak memory 1336 MiB.
2026-10-09T11:34:12Z INFO [545/750] 82b724b9-4378-48e6-87f5-bcd5851eb134: Sackin index -0.0377; 1.7 s; peak memory 1336 MiB.
2026-10-09T11:34:14Z INFO [546/750] 82b790f8-93b8-4299-be14-82169eeb8fd3: Sackin index -0.0379; 1.9 s; peak memory 1336 MiB.
2026-10-09T11:34:16Z INFO [547/750] 82b8f975-2167-4e02-a223-6dde3231a925: Sackin index -0.1349; 1.4 s; peak memory 1336 MiB.
2026-10-09T11:34:17Z INFO [548/750] 82ba1da4-6b4b-46c3-90f1-febc6e25a723: Sackin index -0.1248; 1.7 s; peak memory 1336 MiB.
2026-10-09T11:34:21Z INFO [549/750] 82ba6a0e-ff09-4018-a8d5-beadacc17cbc: Sackin index -0.0660; 3.8 s; peak memory 1336 MiB.
2026-10-09T11:34:23Z INFO [550/750] 82ba77ac-92fa-4a63-904b-7c6750fd00e8: Sackin index -0.1427; 1.3 s; peak memory 1336 MiB.
2026-10-09T11:34:23Z INFO [550/750] 82ba77ac-92fa-4a63-904b-7c6750fd00e8: checkpointed 109886 new records.
2026-10-09T11:34:24Z INFO [551/750] 82ba9834-580e-4c05-a2db-6e3de64c8aa2: Sackin index -0.0709; 1.5 s; peak memory 1336 MiB.
2026-10-09T11:34:26Z INFO [552/750] 82bb7937-810c-402b-b775-89951312ada1: Sackin index -0.1248; 1.4 s; peak memory 1336 MiB.
2026-10-09T11:34:28Z INFO [553/750] 82bb8260-5f45-45d4-8407-2f27aac20493: Sackin index -0.0752; 2.5 s; peak memory 1336 MiB.
2026-10-09T11:34:31Z INFO [554/750] 82bbf59d-acde-4629-909d-38742267b91d: Sackin index -0.0684; 3.2 s; peak memory 1336 MiB.
2026-10-09T11:34:33Z INFO [555/750] 82bd3a13-62a8-421d-89a6-22df330495e4: Sackin index -0.1349; 1.4 s; peak memory 1336 MiB.
2026-10-09T11:34:34Z INFO [556/750] 82bd3c7f-41af-4e96-adae-16e08cd41764: Sackin index -0.1349; 1.3 s; peak memory 1336 MiB.
2026-10-09T11:34:37Z INFO [557/750] 82bda2c9-5ec2-40b8-b7d6-1d6945d5565f: Sackin index -0.1283; 2.7 s; peak memory 1336 MiB.
2026-10-09T11:34:49Z INFO [558/750] 82be1cb5-bb78-49f9-87ac-16eeaa386397: Sackin index -0.0288; 12.3 s; peak memory 1336 MiB.
2026-10-09T11:34:50Z INFO [559/750] 82c08e1f-28ee-4353-a8bf-009226a59ddf: Sackin index -0.3646; 1.1 s; peak memory 1336 MiB.
2026-10-09T11:34:58Z INFO [560/750] 82c1378a-cc85-4c6b-b0db-53358d91499d: Sackin index -0.0237; 7.6 s; peak memory 1336 MiB.
2026-10-09T11:34:59Z INFO [561/750] 82c15b91-9b56-499f-8192-dab94c008a87: Sackin index -0.1153; 1.5 s; peak memory 1336 MiB.
2026-10-09T11:35:01Z INFO [562/750] 82c1e3ad-bef4-40a9-8778-aa9478188a22: Sackin index -0.0728; 1.9 s; peak memory 1336 MiB.
2026-10-09T11:35:28Z INFO [563/750] 82c26648-07ea-4e9d-adb4-4e143b47d375: Sackin index -0.0083; 27.0 s; peak memory 1336 MiB.
2026-10-09T11:35:30Z INFO [564/750] 82c26b4e-622b-4134-9fc9-64507a1bea2e: Sackin index -0.1349; 1.4 s; peak memory 1336 MiB.
2026-10-09T11:35:31Z INFO [565/750] 82c2c99d-b405-43da-9285-4b085e4ee5fe: Sackin index -0.0696; 1.7 s; peak memory 1336 MiB.
2026-10-09T11:35:33Z INFO [566/750] 82c3c669-ce65-4c5c-b13b-3e87af6d90d5: Sackin index -0.1349; 1.3 s; peak memory 1336 MiB.
2026-10-09T11:35:35Z INFO [567/750] 82c3ead2-ef5f-45f6-8059-12809ce63e84: Sackin index -0.0783; 2.7 s; peak memory 1336 MiB.
2026-10-09T11:35:37Z INFO [568/750] 82c479e6-eb9d-48db-9c1a-6b34f5225eb3: Sackin index -0.0702; 1.6 s; peak memory 1336 MiB.
2026-10-09T11:35:39Z INFO [569/750] 82c4a829-fccd-4eec-88a4-1120dadb17cb: Sackin index -0.0709; 1.6 s; peak memory 1336 MiB.
2026-10-09T11:35:40Z INFO [570/750] 82c4b5d4-1ea2-48ee-80da-d7f08b77c50a: Sackin index -0.0375; 1.7 s; peak memory 1336 MiB.
2026-10-09T11:35:42Z INFO [571/750] 82c4e393-93c3-40ff-9c55-18b78f257aa0: Sackin index -0.1349; 1.3 s; peak memory 1336 MiB.
2026-10-09T11:35:43Z INFO [572/750] 82c557a8-5432-432e-b34d-b612b1454ef2: Sackin index -0.1349; 1.4 s; peak memory 1336 MiB.
2026-10-09T11:35:44Z INFO [573/750] 82c60592-7508-4e23-85d3-5d1011f303e8: Sackin index -0.1349; 1.3 s; peak memory 1336 MiB.
2026-10-09T11:35:46Z INFO [574/750] 82c673d4-77a5-42f9-829f-00db40fee6da: Sackin index -0.0702; 1.8 s; peak memory 1336 MiB.
2026-10-09T11:35:47Z INFO [575/750] 82c70647-ad88-4126-a470-ea11d5d1ece5: Sackin index -0.1349; 1.3 s; peak memory 1336 MiB.
2026-10-09T11:35:49Z INFO [576/750] 82c7f1df-e1e5-458b-97de-8caab73bd35e: Sackin index -0.0702; 1.8 s; peak memory 1336 MiB.
2026-10-09T11:35:51Z INFO [577/750] 82c95928-e3f7-4cc7-a80a-5f9a8cdf32b9: Sackin index -0.1380; 1.6 s; peak memory 1336 MiB.
2026-10-09T11:35:52Z INFO [578/750] 82c9a98a-f2b8-462a-a213-e494cdb773ff: Sackin index -0.0744; 1.5 s; peak memory 1336 MiB.
2026-10-09T11:35:54Z INFO [579/750] 82ca231a-a6b9-47c8-9354-28872a862a5f: Sackin index -0.1349; 1.4 s; peak memory 1336 MiB.
2026-10-09T11:35:55Z INFO [580/750] 82ca8d0d-36a8-42b1-ad25-a55393a55f86: Sackin index -0.1349; 1.3 s; peak memory 1336 MiB.
2026-10-09T11:35:57Z INFO [581/750] 82cbe3e4-73ff-4101-af3e-c1d44adefa0f: Sackin index -0.0728; 1.9 s; peak memory 1336 MiB.
2026-10-09T11:36:00Z INFO [582/750] 82cc7b04-c775-4adf-bfe6-dee9e942ef36: Sackin index -0.1938; 3.4 s; peak memory 1336 MiB.
2026-10-09T11:36:13Z INFO [583/750] 82cd45d5-001a-4c0d-9ef9-f771c48b80d1: Sackin index -0.0175; 12.5 s; peak memory 1336 MiB.
2026-10-09T11:36:16Z INFO [584/750] 82ce1321-a6c1-41a1-8300-8cf368e318d8: Sackin index -0.0677; 3.4 s; peak memory 1336 MiB.
2026-10-09T11:36:17Z INFO [585/750] 82ce1e4c-f8be-4621-a916-90be97cb8156: Sackin index -0.1239; 1.2 s; peak memory 1336 MiB.
2026-10-09T11:36:19Z INFO [586/750] 82cfc5cd-9bd5-4a5d-b6c0-6cb08067ba0d: Sackin index -0.1349; 1.3 s; peak memory 1336 MiB.
2026-10-09T11:36:21Z INFO [587/750] 82d01947-53e4-4d08-9a98-adadf2c8ebd2: Sackin index -0.0728; 2.0 s; peak memory 1336 MiB.
2026-10-09T11:36:22Z INFO [588/750] 82d0da21-7864-45c9-aa9a-bfd0731774c0: Sackin index -0.1938; 1.2 s; peak memory 1336 MiB.
2026-10-09T11:36:25Z INFO [589/750] 82d12b86-27e6-4775-a353-3c4b13a17917: Sackin index -0.0706; 3.2 s; peak memory 1336 MiB.
2026-10-09T11:36:26Z INFO [590/750] 82d1a4c9-bea2-42fe-bc29-f75ad5090ffc: Sackin index -0.1349; 1.3 s; peak memory 1336 MiB.
2026-10-09T11:36:28Z INFO [591/750] 82d1c39e-526a-4363-94ea-ed92b383bbc1: Sackin index -0.0696; 1.6 s; peak memory 1336 MiB.
2026-10-09T11:36:31Z INFO [592/750] 82d2921e-f23f-4420-b1ed-4efb719cc5d3: Sackin index -0.0738; 2.8 s; peak memory 1336 MiB.
2026-10-09T11:36:39Z INFO [593/750] 82d2d902-900b-4459-b36b-6ae5c088c0e4: Sackin index -0.0243; 7.9 s; peak memory 1336 MiB.
2026-10-09T11:36:40Z INFO [594/750] 82d3097a-ac9a-4a7a-b95f-002ed0a39b5a: Sackin index -0.1349; 1.4 s; peak memory 1336 MiB.
2026-10-09T11:36:42Z INFO [595/750] 82d38aa6-cacd-4699-863b-23c5f0b7433b: Sackin index -0.0376; 1.8 s; peak memory 1336 MiB.
2026-10-09T11:36:47Z INFO [596/750] 82d3b8d5-b17e-4682-aeee-4dfb46b9ceee: Sackin index -0.0462; 5.5 s; peak memory 1336 MiB.
2026-10-09T11:36:49Z INFO [597/750] 82d42366-54b0-482b-bde8-a9274bdab1f6: Sackin index -0.1349; 1.4 s; peak memory 1336 MiB.
2026-10-09T11:36:50Z INFO [598/750] 82d4dbb8-d25c-4284-92cb-1db3559c2219: Sackin index -0.1429; 1.6 s; peak memory 1336 MiB.
2026-10-09T11:36:58Z INFO [599/750] 82d4ea9c-b3e7-4dba-88b6-10d8f865c08b: Sackin index -0.0435; 7.6 s; peak memory 1336 MiB.
2026-10-09T11:36:59Z INFO [600/750] 82d6d70b-5e74-4567-877c-3c66199d0b5b: Sackin index -0.1349; 1.3 s; peak memory 1336 MiB.
2026-10-09T11:36:59Z INFO [600/750] 82d6d70b-5e74-4567-877c-3c66199d0b5b: checkpointed 109936 new records.
2026-10-09T11:37:02Z INFO [601/750] 82d7d107-bf64-44dd-844f-a7ae6e10c4e3: Sackin index -0.0272; 2.5 s; peak memory 1336 MiB.
2026-10-09T11:37:03Z INFO [602/750] 82d7d2fe-9a4d-4a1c-89a6-32e6a900a973: Sackin index -0.1349; 1.4 s; peak memory 1336 MiB.
2026-10-09T11:37:04Z INFO [603/750] 82d7fbba-caf9-4bdc-91f4-249662b8a8b0: Sackin index -0.1303; 1.1 s; peak memory 1336 MiB.
2026-10-09T11:37:06Z INFO [604/750] 82d837cf-3d57-4a3c-aae5-5c4e5f05d9fd: Sackin index -0.1331; 1.2 s; peak memory 1336 MiB.
2026-10-09T11:37:08Z INFO [605/750] 82d8fa42-656c-4075-b7c6-735e8b18c766: Sackin index -0.0728; 2.4 s; peak memory 1336 MiB.
2026-10-09T11:37:20Z INFO [606/750] 82da205d-b5bb-4d22-9a30-d67f45f0b021: Sackin index -0.0164; 12.0 s; peak memory 1336 MiB.
2026-10-09T11:37:21Z INFO [607/750] 82da428a-e352-4ea2-8b13-33b361c68abb: Sackin index -0.1349; 1.4 s; peak memory 1336 MiB.
2026-10-09T11:37:23Z INFO [608/750] 82daef38-c708-4b65-b0e6-dd9973907037: Sackin index -0.1349; 1.4 s; peak memory 1336 MiB.
2026-10-09T11:37:39Z INFO [609/750] 82dafebe-c14a-4678-b48f-51f7889dfc73: Sackin index -0.0127; 16.4 s; peak memory 1336 MiB.
2026-10-09T11:37:40Z INFO [610/750] 82dc8b77-8d8f-45a3-ac94-46a9bdd55870: Sackin index -0.1448; 1.2 s; peak memory 1336 MiB.
2026-10-09T11:37:44Z INFO [611/750] 82dd68f8-acf5-49e7-b678-cc25a56de17c: Sackin index -0.0699; 3.2 s; peak memory 1336 MiB.
2026-10-09T11:37:51Z INFO [612/750] 82dd9308-3623-4101-8337-f0df51802728: Sackin index -0.0431; 7.1 s; peak memory 1336 MiB.
2026-10-09T11:37:52Z INFO [613/750] 82dd967e-9d0d-4166-adb9-a667bc8849b7: Sackin index -0.1380; 1.7 s; peak memory 1336 MiB.
2026-10-09T11:37:54Z INFO [614/750] 82ddcafe-fd94-4e2d-87a2-83a420f28fe5: Sackin index -0.0384; 1.7 s; peak memory 1336 MiB.
2026-10-09T11:38:06Z INFO [615/750] 82de40ee-e990-4f8f-b51f-e824ceea1de8: Sackin index -0.0138; 11.8 s; peak memory 1336 MiB.
2026-10-09T11:38:08Z INFO [616/750] 82de7ea3-8aaa-453d-b803-8d7dc41ec8c0: Sackin index -0.0728; 2.0 s; peak memory 1336 MiB.
2026-10-09T11:38:09Z INFO [617/750] 82dee18c-0fe5-48ed-aa5d-42cbc315e13f: Sackin index -0.1349; 1.4 s; peak memory 1336 MiB.
2026-10-09T11:38:26Z INFO [618/750] 82df8a5e-c0fa-47a5-bdb1-581bdb987111: Sackin index -0.0119; 16.7 s; peak memory 1336 MiB.
2026-10-09T11:38:29Z INFO [619/750] 82e0adc4-edf1-4ec0-9ab3-b80ffedbb98b: Sackin index -0.0745; 2.5 s; peak memory 1336 MiB.
2026-10-09T11:38:30Z INFO [620/750] 82e11a91-3410-40f9-a4c7-623b9cbe1444: Sackin index -0.1349; 1.3 s; peak memory 1336 MiB.
2026-10-09T11:38:31Z INFO [621/750] 82e201c6-4433-4eeb-aaad-390574320841: Sackin index -0.1349; 1.3 s; peak memory 1336 MiB.
2026-10-09T11:38:32Z INFO [622/750] 82e24ca2-4b01-4084-99ab-5ebdf1af785b: Sackin index -0.1658; 1.2 s; peak memory 1336 MiB.
2026-10-09T11:38:35Z INFO [623/750] 82e2859a-b949-4d33-8b11-039ee1cb2e62: Sackin index -0.1291; 2.3 s; peak memory 1336 MiB.
2026-10-09T11:38:36Z INFO [624/750] 82e2fa3f-2b09-4380-b16e-e0c2c4557d45: Sackin index -0.1349; 1.3 s; peak memory 1336 MiB.
2026-10-09T11:38:43Z INFO [625/750] 82e4c01e-c83a-497a-9752-d915052ca9a8: Sackin index -0.0611; 6.6 s; peak memory 1336 MiB.
2026-10-09T11:38:44Z INFO [626/750] 82e5b724-b33c-44e1-a155-500295a0db39: Sackin index -0.1267; 1.2 s; peak memory 1336 MiB.
2026-10-09T11:38:45Z INFO [627/750] 82e6eb3d-4d5d-4854-9496-befa5952c590: Sackin index -0.1254; 1.5 s; peak memory 1336 MiB.
2026-10-09T11:38:47Z INFO [628/750] 82e806ba-03c9-4740-8708-a5d29ea414cb: Sackin index -0.0728; 2.2 s; peak memory 1336 MiB.
2026-10-09T11:38:49Z INFO [629/750] 82e81c69-ddfd-4629-b7b6-aa1c5038bee7: Sackin index -0.0626; 1.9 s; peak memory 1336 MiB.
2026-10-09T11:38:56Z INFO [630/750] 82e8ea6d-7b65-4129-a7df-d87edfe51524: Sackin index -0.0248; 6.3 s; peak memory 1336 MiB.
2026-10-09T11:39:01Z INFO [631/750] 82eb81c8-9c0a-4c5d-a1b2-6cc64ecc4646: Sackin index -0.0265; 5.3 s; peak memory 1336 MiB.
2026-10-09T11:39:02Z INFO [632/750] 82ec3e68-2569-4317-85e1-91c2670614a1: Sackin index -0.1178; 1.2 s; peak memory 1336 MiB.
2026-10-09T11:39:04Z INFO [633/750] 82ed0192-23df-478a-8ac7-f651f987af65: Sackin index -0.1273; 1.9 s; peak memory 1336 MiB.
2026-10-09T11:39:08Z INFO [634/750] 82edc7af-0bee-4c0b-9306-6c6d282633f3: Sackin index -0.0660; 3.7 s; peak memory 1336 MiB.
2026-10-09T11:39:09Z INFO [635/750] 82edd177-478a-460a-a98a-8a561f77e89f: Sackin index -0.1349; 1.4 s; peak memory 1336 MiB.
2026-10-09T11:39:11Z INFO [636/750] 82edde3c-4c91-45fb-9037-4deab1525d90: Sackin index -0.1349; 1.5 s; peak memory 1336 MiB.
2026-10-09T11:39:13Z INFO [637/750] 82ee0dce-c14c-47d3-aaf6-f688b6230c5e: Sackin index -0.0728; 1.9 s; peak memory 1336 MiB.
2026-10-09T11:39:14Z INFO [638/750] 82ee9862-fb96-4442-99dd-38a5ec76e155: Sackin index -0.0375; 1.9 s; peak memory 1336 MiB.
2026-10-09T11:39:16Z INFO [639/750] 82ef2a4c-2180-4ceb-8028-aebb73823f5d: Sackin index -0.0375; 1.9 s; peak memory 1336 MiB.
2026-10-09T11:39:18Z INFO [640/750] 82f05cf8-d70c-4f08-b597-f78f18a0e4ef: Sackin index -0.0702; 1.8 s; peak memory 1336 MiB.
2026-10-09T11:39:20Z INFO [641/750] 82f09856-c6d5-4a87-8a74-39a4d9e162fe: Sackin index -0.0702; 1.9 s; peak memory 1336 MiB.
2026-10-09T11:39:53Z INFO [642/750] 82f1a3de-522b-4101-824c-da4c227aebb8: Sackin index -0.0025; 33.3 s; peak memory 1336 MiB.
2026-10-09T11:39:55Z INFO [643/750] 82f29f90-3374-4c10-917e-715f6f313f2a: Sackin index -0.0709; 1.6 s; peak memory 1336 MiB.
2026-10-09T11:39:56Z INFO [644/750] 82f2a83a-3cca-4df0-b021-0ee2c2332ff6: Sackin index -0.1349; 1.4 s; peak memory 1336 MiB.
2026-10-09T11:39:58Z INFO [645/750] 82f2ce2f-2df7-47eb-aac1-e2b78140bc2a: Sackin index -0.0745; 2.0 s; peak memory 1336 MiB.
2026-10-09T11:40:08Z INFO [646/750] 82f30105-93e8-49a7-8939-3287ad1030d4: Sackin index -0.0153; 10.1 s; peak memory 1336 MiB.
2026-10-09T11:40:33Z INFO [647/750] 82f30333-ad3b-4dcd-bbed-fc1b7e30c89d: Sackin index -0.0262; 24.3 s; peak memory 1336 MiB.
2026-10-09T11:40:35Z INFO [648/750] 82f3dddf-c6ff-4c74-b54b-ec2a6be3d717: Sackin index -0.0941; 2.1 s; peak memory 1336 MiB.
2026-10-09T11:40:37Z INFO [649/750] 82f3e45b-7cc7-420b-94ed-904cbbd23503: Sackin index -0.0696; 1.7 s; peak memory 1336 MiB.
2026-10-09T11:40:49Z INFO [650/750] 82f406ea-749e-4ff9-b768-d716ef327256: Sackin index -0.0341; 12.5 s; peak memory 1336 MiB.
2026-10-09T11:40:49Z INFO [650/750] 82f406ea-749e-4ff9-b768-d716ef327256: checkpointed 109986 new records.
2026-10-09T11:40:51Z INFO [651/750] 82f47313-6d09-4885-8d0b-6de15aba2abe: Sackin index -0.1349; 1.4 s; peak memory 1336 MiB.
2026-10-09T11:40:52Z INFO [652/750] 82f4c2b3-02ee-4127-af94-34498cd04021: Sackin index -0.0707; 1.3 s; peak memory 1336 MiB.
2026-10-09T11:40:53Z INFO [653/750] 82f58e9f-0b65-470a-b9be-cc05bca09d79: Sackin index -0.2168; 1.0 s; peak memory 1336 MiB.
2026-10-09T11:41:17Z INFO [654/750] 82f648e1-f906-46b3-b738-531b3dbe20aa: Sackin index -0.1367; 23.6 s; peak memory 1336 MiB.
2026-10-09T11:41:18Z INFO [655/750] 82f70959-cb3f-44ec-8543-4d933c9c0eb4: Sackin index -0.1349; 1.4 s; peak memory 1336 MiB.
2026-10-09T11:41:20Z INFO [656/750] 82f75279-a4ca-4362-8682-baa11d14c765: Sackin index -0.0369; 2.1 s; peak memory 1336 MiB.
2026-10-09T11:41:23Z INFO [657/750] 82f7d693-a739-4d46-beee-3eaf7ddaea7f: Sackin index -0.0694; 3.3 s; peak memory 1336 MiB.
2026-10-09T11:41:25Z INFO [658/750] 82f7ec61-3d53-43fe-b4b0-c967335c939e: Sackin index -0.1349; 1.4 s; peak memory 1336 MiB.
2026-10-09T11:41:37Z INFO [659/750] 82f89e87-b3eb-43a1-b453-789ecd396c14: Sackin index -0.0288; 12.6 s; peak memory 1336 MiB.
2026-10-09T11:41:39Z INFO [660/750] 82f8ad9e-f193-4df0-83ff-472478211517: Sackin index -0.1191; 1.4 s; peak memory 1336 MiB.
2026-10-09T11:41:42Z INFO [661/750] 82f8f2fc-11dd-49ac-a020-cddb17361db7: Sackin index -0.0522; 3.0 s; peak memory 1336 MiB.
2026-10-09T11:41:43Z INFO [662/750] 82f90b15-0407-4c37-b112-25d6fec8e08a: Sackin index -0.1349; 1.4 s; peak memory 1336 MiB.
2026-10-09T11:41:47Z INFO [663/750] 82f9205a-3909-49b2-a96e-f9c256b27e9c: Sackin index -0.0564; 4.1 s; peak memory 1336 MiB.
2026-10-09T11:44:57Z INFO [664/750] 82f9663b-a48a-422b-bb5f-ade575e824b7: Sackin index -0.0935; 189.9 s; peak memory 1336 MiB.
2026-10-09T11:44:59Z INFO [665/750] 82f9dced-088f-4961-8ee3-356d814160a0: Sackin index -0.0375; 2.0 s; peak memory 1336 MiB.
2026-10-09T11:45:03Z INFO [666/750] 82faae20-f32f-4d14-bc7d-aa4a11856f63: Sackin index -0.0704; 3.3 s; peak memory 1336 MiB.
2026-10-09T11:45:48Z INFO [667/750] 82fb6470-7402-4bcf-a1d0-7e8a6e0858cd: Sackin index -0.0019; 45.2 s; peak memory 1336 MiB.
2026-10-09T11:45:54Z INFO [668/750] 82fd0a4c-b388-4ca3-909e-e539792e5103: Sackin index -0.0057; 5.8 s; peak memory 1336 MiB.
2026-10-09T11:45:55Z INFO [669/750] 82fd651b-bcf0-4b0e-8c71-5e2660966420: Sackin index -0.1273; 1.9 s; peak memory 1336 MiB.
2026-10-09T11:46:04Z INFO [670/750] 82fdec40-68db-436f-b679-09a1f1038861: Sackin index -0.1408; 8.3 s; peak memory 1336 MiB.
2026-10-09T11:46:05Z INFO [671/750] 82fdf896-4f56-4e62-9574-5b72ad4c2012: Sackin index -0.1349; 1.3 s; peak memory 1336 MiB.
2026-10-09T11:46:06Z INFO [672/750] 82fff7ff-7ee8-4174-a91b-370c65554aca: Sackin index -0.1728; 1.3 s; peak memory 1336 MiB.
2026-10-09T11:46:08Z INFO [673/750] 830087b4-611e-46f8-9e0c-24f289cf9751: Sackin index -0.1692; 1.5 s; peak memory 1336 MiB.
2026-10-09T11:46:09Z INFO [674/750] 83013455-fa3f-4709-8fe9-0a0b48eb89c9: Sackin index -0.1349; 1.3 s; peak memory 1336 MiB.
2026-10-09T11:46:21Z INFO [675/750] 83014e99-ce8e-4e65-9d64-56010d8e622c: Sackin index -0.0146; 11.6 s; peak memory 1336 MiB.
2026-10-09T11:46:22Z INFO [676/750] 8301cca7-9813-43d4-9bae-107520e616b3: Sackin index -0.0702; 1.6 s; peak memory 1336 MiB.
2026-10-09T11:48:40Z INFO [677/750] 830290d9-149d-4471-83ac-30a4a4a610e7: Sackin index -0.0288; 137.4 s; peak memory 1336 MiB.
2026-10-09T11:48:41Z INFO [678/750] 8302b1ef-5ca6-47ca-b7c3-801456770b61: Sackin index -0.1349; 1.4 s; peak memory 1336 MiB.
2026-10-09T11:48:43Z INFO [679/750] 8302c572-97f6-41e2-89c7-902f4fb9ed93: Sackin index -0.0728; 1.9 s; peak memory 1336 MiB.
2026-10-09T11:48:44Z INFO [680/750] 830303e3-72d7-4750-b548-e09c9ecd4c5e: Sackin index -0.1331; 1.3 s; peak memory 1336 MiB.
2026-10-09T11:48:46Z INFO [681/750] 8303c9dc-93bb-451f-b3c5-edc0f656c503: Sackin index -0.1383; 1.8 s; peak memory 1336 MiB.
2026-10-09T11:48:47Z INFO [682/750] 83042293-6043-4ac0-8a06-f5454484d7ef: Sackin index -0.1349; 1.3 s; peak memory 1336 MiB.
2026-10-09T11:49:49Z INFO [683/750] 8304b981-4255-4088-891f-12c693a61174: Sackin index -0.0149; 61.3 s; peak memory 1336 MiB.
2026-10-09T11:49:50Z INFO [684/750] 83057b8f-7243-4295-adf5-5ccd300bba02: Sackin index -0.1349; 1.4 s; peak memory 1336 MiB.
2026-10-09T11:49:52Z INFO [685/750] 83057c6c-c3a3-4eac-80cc-dbbb2909084b: Sackin index -0.0369; 2.2 s; peak memory 1336 MiB.
2026-10-09T11:49:54Z INFO [686/750] 8305b8b1-c200-49b7-9612-932e9aebf1be: Sackin index -0.0702; 1.6 s; peak memory 1336 MiB.
2026-10-09T11:49:55Z INFO [687/750] 83082fac-8e9b-48f2-b4fb-78a542eab0f6: Sackin index -0.1349; 1.3 s; peak memory 1336 MiB.
2026-10-09T11:49:56Z INFO [688/750] 8308feb9-21de-400b-9fdd-88aa86b1ffdd: Sackin index -0.1248; 1.4 s; peak memory 1336 MiB.
2026-10-09T11:49:58Z INFO [689/750] 830953b0-5e82-4200-9a9f-2d76142f94b0: Sackin index -0.0715; 1.6 s; peak memory 1336 MiB.
2026-10-09T11:50:00Z INFO [690/750] 8309e2bd-46c4-4baf-ab1b-20db127acf41: Sackin index -0.0702; 1.7 s; peak memory 1336 MiB.
2026-10-09T11:50:01Z INFO [691/750] 830a476d-2f12-4be8-bcdc-a9ae7185009d: Sackin index -0.1349; 1.3 s; peak memory 1336 MiB.
2026-10-09T11:50:12Z INFO [692/750] 830afdd3-5e21-4ae2-b1af-78de592eb530: Sackin index -0.0163; 11.2 s; peak memory 1336 MiB.
2026-10-09T11:50:16Z INFO [693/750] 830aff77-699e-478a-bdb6-de3ae542c842: Sackin index -0.0660; 3.9 s; peak memory 1336 MiB.
2026-10-09T11:50:17Z INFO [694/750] 830bd656-c440-43f2-acdd-e88457a0d6c3: Sackin index -0.1658; 1.1 s; peak memory 1336 MiB.
2026-10-09T11:50:19Z INFO [695/750] 830c6c01-e5e8-40b9-9442-2d6774006b31: Sackin index -0.0748; 1.6 s; peak memory 1336 MiB.
2026-10-09T11:50:21Z INFO [696/750] 830d72cb-f267-4a25-943b-62d579351ca4: Sackin index -0.0702; 1.7 s; peak memory 1336 MiB.
2026-10-09T11:50:22Z INFO [697/750] 830d9c3d-d424-4efa-965b-5c4b55f780f1: Sackin index -0.1349; 1.3 s; peak memory 1336 MiB.
2026-10-09T11:55:12Z INFO [698/750] 830db29b-e939-4375-a7df-a31d06d6d9a4: Sackin index -0.0006; 289.6 s; peak memory 1336 MiB.
2026-10-09T11:55:13Z INFO [699/750] 830e3c5c-cce7-4299-a42a-8b6e5dce3ca7: Sackin index -0.0702; 1.8 s; peak memory 1336 MiB.
2026-10-09T11:57:47Z INFO [700/750] 830ef7a3-8a95-449e-9715-8b1d28ae4e86: Sackin index -0.0286; 153.4 s; peak memory 1336 MiB.
2026-10-09T11:57:47Z INFO [700/750] 830ef7a3-8a95-449e-9715-8b1d28ae4e86: checkpointed 110036 new records.
2026-10-09T11:57:49Z INFO [701/750] 830f295e-7733-411f-9475-996553fb4592: Sackin index -0.1283; 2.3 s; peak memory 1336 MiB.
2026-10-09T11:57:51Z INFO [702/750] 830f48e7-da83-4c7f-b28a-0bb65e1df4b7: Sackin index -0.0702; 1.6 s; peak memory 1336 MiB.
2026-10-09T11:57:54Z INFO [703/750] 83102fa4-842c-4c7b-b6cf-b84f42fbdabb: Sackin index -0.0869; 3.5 s; peak memory 1336 MiB.
2026-10-09T11:57:56Z INFO [704/750] 831032eb-5a7d-4374-856a-4eef5c528016: Sackin index -0.0728; 2.1 s; peak memory 1336 MiB.
2026-10-09T11:58:51Z INFO [705/750] 8310b8d7-79ba-4022-b540-db54d18eaa9a: Sackin index -0.1274; 54.8 s; peak memory 1336 MiB.
2026-10-09T11:58:59Z INFO [706/750] 8310f16e-8488-48a8-af55-7f6fe02b6810: Sackin index -0.0437; 7.7 s; peak memory 1336 MiB.
2026-10-09T11:59:00Z INFO [707/750] 8310f271-c618-428a-a7bb-5aedb9eee642: Sackin index -0.1602; 1.3 s; peak memory 1336 MiB.
2026-10-09T11:59:02Z INFO [708/750] 8311f0b8-6315-4d31-85c0-d05d5c7d691b: Sackin index -0.0728; 2.2 s; peak memory 1336 MiB.
2026-10-09T11:59:14Z INFO [709/750] 8313470d-e655-4497-ba7f-4ab03d6b7d41: Sackin index -0.0341; 11.4 s; peak memory 1336 MiB.
2026-10-09T11:59:15Z INFO [710/750] 83145866-df65-48a2-a2c9-a66974b383f7: Sackin index -0.0702; 1.6 s; peak memory 1336 MiB.
2026-10-09T11:59:17Z INFO [711/750] 83147cb2-8919-4035-b5f4-693e0eabe0ec: Sackin index -0.0886; 1.7 s; peak memory 1336 MiB.
2026-10-09T11:59:19Z INFO [712/750] 8314c65c-39e0-4b73-b978-06284e35f744: Sackin index -0.1349; 1.6 s; peak memory 1336 MiB.
2026-10-09T11:59:20Z INFO [713/750] 83155227-21d1-46d3-b4c9-3ba3ee311a5d: Sackin index -0.0371; 1.7 s; peak memory 1336 MiB.
2026-10-09T11:59:22Z INFO [714/750] 83157aee-cfd8-418d-a729-0efc32626978: Sackin index -0.1191; 1.2 s; peak memory 1336 MiB.
2026-10-09T11:59:23Z INFO [715/750] 83158b1c-ed28-4591-945d-d6c286e16ae6: Sackin index -0.1658; 1.0 s; peak memory 1336 MiB.
2026-10-09T11:59:25Z INFO [716/750] 83161a66-319d-4da9-a3ad-4e8a1dd86360: Sackin index -0.0369; 2.4 s; peak memory 1336 MiB.
2026-10-09T11:59:27Z INFO [717/750] 8316280a-b4c1-4b4d-8cf4-4240cfe7f981: Sackin index -0.0365; 2.3 s; peak memory 1336 MiB.
2026-10-09T11:59:29Z INFO [718/750] 8316b795-d0ff-4672-8e39-dde35b0e65b0: Sackin index -0.0728; 1.8 s; peak memory 1336 MiB.
2026-10-09T11:59:31Z INFO [719/750] 83173f80-ea58-4c48-9027-f5fa6a9b3a49: Sackin index -0.1349; 1.4 s; peak memory 1336 MiB.
2026-10-09T11:59:33Z INFO [720/750] 8317ae5c-c4c5-4bfb-a133-7aa3ebdf95f6: Sackin index -0.0369; 2.7 s; peak memory 1336 MiB.
2026-10-09T11:59:41Z INFO [721/750] 83182ddb-7e42-4075-b5a5-b630cf59b63c: Sackin index -0.1362; 7.9 s; peak memory 1336 MiB.
2026-10-09T11:59:42Z INFO [722/750] 83187985-ade3-4b21-a875-807aedb2b973: Sackin index -0.1349; 1.3 s; peak memory 1336 MiB.
2026-10-09T11:59:44Z INFO [723/750] 83199fdb-c786-443e-a305-fc90f3a29e5b: Sackin index -0.0702; 1.7 s; peak memory 1336 MiB.
2026-10-09T11:59:46Z INFO [724/750] 8319ee6f-6210-4dd3-a81d-85ba275d5da6: Sackin index -0.1191; 1.4 s; peak memory 1336 MiB.
2026-10-09T11:59:47Z INFO [725/750] 831a47a5-e43c-43d6-b047-b581f7f2a6e4: Sackin index -0.0728; 1.9 s; peak memory 1336 MiB.
2026-10-09T12:04:27Z INFO [726/750] 831b66ef-42e2-40c1-ba3c-dcfa19ac4569: Sackin index -0.0269; 279.2 s; peak memory 1336 MiB.
2026-10-09T12:04:34Z INFO [727/750] 831be9cb-ea35-4727-aa99-367d3f398131: Sackin index -0.0234; 7.0 s; peak memory 1336 MiB.
2026-10-09T12:04:35Z INFO [728/750] 831c0bd3-7d75-4497-9d0e-32aee0ee2b33: Sackin index -0.1658; 1.1 s; peak memory 1336 MiB.
2026-10-09T12:04:36Z INFO [729/750] 831c4345-b346-4640-9506-63a5ca63e73a: Sackin index -0.1349; 1.4 s; peak memory 1336 MiB.
2026-10-09T12:04:38Z INFO [730/750] 831c5e4f-2be6-4ac0-b063-d5454021fdf1: Sackin index -0.1602; 1.4 s; peak memory 1336 MiB.
2026-10-09T12:04:39Z INFO [731/750] 831cde6f-d87b-466d-b058-c1da21c92954: Sackin index -0.1349; 1.4 s; peak memory 1336 MiB.
2026-10-09T12:04:41Z INFO [732/750] 831d8649-7256-411c-a50a-cf613ae395a3: Sackin index -0.0696; 1.8 s; peak memory 1336 MiB.
2026-10-09T12:04:55Z INFO [733/750] 831efaa7-ad8b-4437-a53c-d8c72473bf61: Sackin index -0.0162; 14.2 s; peak memory 1336 MiB.
2026-10-09T12:04:57Z INFO [734/750] 831f94a9-df85-40f4-acf1-27b6739e6a39: Sackin index -0.1383; 2.0 s; peak memory 1336 MiB.
2026-10-09T12:04:59Z INFO [735/750] 83204c38-998c-4099-ad4e-5dc6f8325531: Sackin index -0.1273; 2.2 s; peak memory 1336 MiB.
2026-10-09T12:05:01Z INFO [736/750] 83204f00-a48e-4ab8-8135-151f50cd7616: Sackin index -0.1456; 2.3 s; peak memory 1336 MiB.
2026-10-09T12:05:03Z INFO [737/750] 8320503b-eff8-4705-86cd-d1fe25ea5a95: Sackin index -0.1349; 1.5 s; peak memory 1336 MiB.
2026-10-09T12:05:04Z INFO [738/750] 8320b279-ec9c-42e4-af7a-d03ca07e0747: Sackin index -0.1349; 1.5 s; peak memory 1336 MiB.
2026-10-09T12:05:07Z INFO [739/750] 83213b3d-11b8-4c8d-a4c4-feb5c42a0be1: Sackin index -0.1362; 2.2 s; peak memory 1336 MiB.
2026-10-09T12:05:08Z INFO [740/750] 83219de1-514a-4eb0-978f-6248e5eb95ac: Sackin index -0.1704; 1.5 s; peak memory 1336 MiB.
2026-10-09T12:05:09Z INFO [741/750] 8321c4f8-8f6d-4736-83eb-4c35bffe5b73: Sackin index -0.1272; 1.1 s; peak memory 1336 MiB.
2026-10-09T12:05:11Z INFO [742/750] 83221fd7-f149-426c-b58f-f49362e616e3: Sackin index -0.0696; 1.7 s; peak memory 1336 MiB.
2026-10-09T12:05:13Z INFO [743/750] 83227fe6-43b3-498b-829d-5fb968e47b61: Sackin index -0.0735; 2.0 s; peak memory 1336 MiB.
2026-10-09T12:05:15Z INFO [744/750] 8323bf96-3724-4f96-a4f8-48090ee2d2f8: Sackin index -0.0709; 1.9 s; peak memory 1336 MiB.
2026-10-09T12:05:18Z INFO [745/750] 8323ee23-4b9d-4d72-b776-932d04a471bf: Sackin index -0.0704; 3.4 s; peak memory 1336 MiB.
2026-10-09T12:05:20Z INFO [746/750] 83249476-5759-4b15-9ca4-c009da79f0fb: Sackin index -0.0702; 2.1 s; peak memory 1336 MiB.
2026-10-09T12:05:22Z INFO [747/750] 8324a6db-3f22-4474-a162-c592fcb30467: Sackin index -0.1349; 1.5 s; peak memory 1336 MiB.
2026-10-09T12:05:25Z INFO [748/750] 8324a7a7-7c55-4f21-812f-3af002b67389: Sackin index -0.0731; 3.2 s; peak memory 1336 MiB.
2026-10-09T12:05:27Z INFO [749/750] 8324ff58-ffe1-46bc-a8fc-56804aec6a96: Sackin index -0.0728; 1.8 s; peak memory 1336 MiB.
2026-10-09T12:05:28Z INFO [750/750] 83253b9e-4b9b-4035-83d9-536f34896fcd: Sackin index -0.0881; 1.4 s; peak memory 1336 MiB.
2026-10-09T12:05:28Z INFO [750/750] 83253b9e-4b9b-4035-83d9-536f34896fcd: checkpointed 110086 new records.
2026-10-09T12:05:29Z INFO Wrote 110086 records to /tmp/derivatives/valid_nwb_file_to_sackin_index.jsonl (750 new, 0 failed) in 94.3 min (peak memory 1336 MiB).
