2026-10-08T19:24:12Z INFO Logging to /tmp/logs/update_2026-10-08T19-24-12Z.log.
2026-10-08T19:24:12Z INFO Update valid-nwb-file-to-sackin-index (base directory /tmp).
2026-10-08T19:24:12Z INFO Processing 750 items (104086 already recorded).
2026-10-08T19:24:25Z INFO [1/750] 769f75c9-1c89-4fe1-a3a9-e16833e6d71f: Sackin index -0.0131; 13.4 s; peak memory 168 MiB.
2026-10-08T19:24:26Z INFO [2/750] 769f9d4b-cb33-42ef-8323-5e3ab7817081: Sackin index -0.0883; 1.0 s; peak memory 168 MiB.
2026-10-08T19:24:28Z INFO [3/750] 76a0448b-b7b3-4e28-94fa-5e4b077cf569: Sackin index -0.0732; 1.4 s; peak memory 168 MiB.
2026-10-08T19:24:29Z INFO [4/750] 76a14f8a-a48c-4278-89cc-2a0b85ad8491: Sackin index -0.0375; 1.2 s; peak memory 168 MiB.
2026-10-08T19:24:48Z INFO [5/750] 76a213b2-e0f6-4f35-8962-af9e262a5192: Sackin index -0.0239; 19.3 s; peak memory 169 MiB.
2026-10-08T19:24:49Z INFO [6/750] 76a29b1d-1834-4721-9c93-e683c49874cb: Sackin index -0.1349; 1.1 s; peak memory 169 MiB.
2026-10-08T19:24:50Z INFO [7/750] 76a2ac73-400b-46a0-b150-1df1bb747ba6: Sackin index -0.1349; 0.9 s; peak memory 169 MiB.
2026-10-08T19:24:52Z INFO [8/750] 76a340c2-aa83-46d8-b176-0234913e3fa6: Sackin index -0.0728; 1.6 s; peak memory 169 MiB.
2026-10-08T19:24:53Z INFO [9/750] 76a39193-84ce-4ac8-933f-5d3b85f5417e: Sackin index -0.0376; 1.4 s; peak memory 169 MiB.
2026-10-08T19:24:54Z INFO [10/750] 76a475c4-1cd8-45ec-8ee2-33594a371340: Sackin index -0.1349; 1.0 s; peak memory 169 MiB.
2026-10-08T19:24:56Z INFO [11/750] 76a53aca-c20d-4a0c-8556-f1b9158aa005: Sackin index -0.0728; 1.4 s; peak memory 169 MiB.
2026-10-08T19:25:00Z INFO [12/750] 76a5aed3-02c0-4280-a275-0a0dd567d8bf: Sackin index -0.0177; 4.3 s; peak memory 169 MiB.
2026-10-08T19:25:01Z INFO [13/750] 76a5b6d4-4c46-4cbf-9ad2-43c7b038371d: Sackin index -0.0702; 1.1 s; peak memory 169 MiB.
2026-10-08T19:25:02Z INFO [14/750] 76a6889a-4d6b-4298-a328-343fa5178f2f: Sackin index -0.1349; 0.9 s; peak memory 170 MiB.
2026-10-08T19:25:03Z INFO [15/750] 76a6a9ab-617e-4a31-9590-c8f2ee55f32f: Sackin index -0.1667; 1.0 s; peak memory 170 MiB.
2026-10-08T19:25:08Z INFO [16/750] 76a6f0e2-0396-4596-887f-d5d3bb38dd98: Sackin index -0.0403; 5.0 s; peak memory 170 MiB.
2026-10-08T19:25:09Z INFO [17/750] 76a71fd1-45dc-42c2-ab3a-ad81055eebfd: Sackin index -0.2147; 0.7 s; peak memory 170 MiB.
2026-10-08T19:25:10Z INFO [18/750] 76a7347b-f02f-4772-8414-1670d0ec7211: Sackin index -0.1349; 1.0 s; peak memory 170 MiB.
2026-10-08T19:25:12Z INFO [19/750] 76a7fe30-0d26-4e23-97e0-e946a28a7bdc: Sackin index -0.0373; 2.0 s; peak memory 171 MiB.
2026-10-08T19:25:13Z INFO [20/750] 76a87975-4ae5-4ca9-9261-d559dc837a90: Sackin index -0.1248; 1.0 s; peak memory 171 MiB.
2026-10-08T19:25:15Z INFO [21/750] 76aa8735-a807-478d-b5e2-a6b7e4fc7e49: Sackin index -0.1044; 2.1 s; peak memory 171 MiB.
2026-10-08T19:25:29Z INFO [22/750] 76aaf9bc-3557-4c33-8058-3358f031e4c0: Sackin index -0.1462; 13.6 s; peak memory 173 MiB.
2026-10-08T19:25:31Z INFO [23/750] 76ab064b-3c5e-4308-b9e8-972b761a4259: Sackin index -0.1938; 2.1 s; peak memory 173 MiB.
2026-10-08T19:25:33Z INFO [24/750] 76ab303e-595e-4729-ab7f-45fadd249c47: Sackin index -0.1224; 1.9 s; peak memory 173 MiB.
2026-10-08T19:25:34Z INFO [25/750] 76ac33d4-d1b0-4dc8-8193-187bf20683f6: Sackin index -0.0728; 1.2 s; peak memory 173 MiB.
2026-10-08T19:25:35Z INFO [26/750] 76adc4f2-c70f-4f96-b02b-57328f5534b3: Sackin index -0.0728; 1.2 s; peak memory 173 MiB.
2026-10-08T19:25:44Z INFO [27/750] 76addd0b-40fe-4ee0-958a-ac29c32af7cd: Sackin index -0.0183; 8.8 s; peak memory 175 MiB.
2026-10-08T19:25:45Z INFO [28/750] 76adf131-1ee3-47fb-9556-2f61f8c7c37c: Sackin index -0.1349; 1.1 s; peak memory 175 MiB.
2026-10-08T19:25:46Z INFO [29/750] 76ae8b3e-54d1-4614-a24e-4cce6bf1ee40: Sackin index -0.0275; 1.5 s; peak memory 175 MiB.
2026-10-08T19:25:47Z INFO [30/750] 76aea87d-9be2-44a0-9302-bef39934271d: Sackin index -0.1178; 0.8 s; peak memory 175 MiB.
2026-10-08T19:25:59Z INFO [31/750] 76affd44-8f48-4d51-bfd4-66cbd95faf1e: Sackin index -0.0137; 11.7 s; peak memory 175 MiB.
2026-10-08T19:26:00Z INFO [32/750] 76b01458-1b78-400e-9e84-c8520b59209e: Sackin index -0.1349; 1.1 s; peak memory 175 MiB.
2026-10-08T19:26:01Z INFO [33/750] 76b0420b-df9e-4c32-849e-8dca418feeef: Sackin index -0.1349; 0.9 s; peak memory 175 MiB.
2026-10-08T19:26:02Z INFO [34/750] 76b07f49-13ef-4447-9355-88137aabaedb: Sackin index -0.1349; 1.0 s; peak memory 175 MiB.
2026-10-08T19:26:03Z INFO [35/750] 76b1134f-2fa5-4818-a19f-cb65eb4baa10: Sackin index -0.2000; 0.6 s; peak memory 175 MiB.
2026-10-08T19:26:03Z INFO [36/750] 76b12613-95ff-4cc6-8cbf-c5bb6732f99b: Sackin index -0.0696; 1.0 s; peak memory 175 MiB.
2026-10-08T19:26:05Z INFO [37/750] 76b12c31-d857-479a-bee0-b3d104c21cfb: Sackin index -0.0728; 1.3 s; peak memory 175 MiB.
2026-10-08T19:26:06Z INFO [38/750] 76b1661c-8ad4-46fa-a839-ca3b860a53ed: Sackin index -0.0941; 1.6 s; peak memory 175 MiB.
2026-10-08T19:26:08Z INFO [39/750] 76b1d183-03fb-47f0-a3f9-b7fdc9d0afaa: Sackin index -0.0735; 1.5 s; peak memory 175 MiB.
2026-10-08T19:26:09Z INFO [40/750] 76b1d75f-1c40-4ad4-8680-23b779bedb87: Sackin index -0.1349; 1.1 s; peak memory 175 MiB.
2026-10-08T19:26:11Z INFO [41/750] 76b263d0-929f-4a81-86d4-b05d80d4da37: Sackin index -0.1938; 2.2 s; peak memory 175 MiB.
2026-10-08T19:26:13Z INFO [42/750] 76b2a092-c930-4c9c-959d-462ed40506ab: Sackin index -0.0369; 1.5 s; peak memory 175 MiB.
2026-10-08T19:26:14Z INFO [43/750] 76b43945-8b11-4437-9e16-bfc9a7b39243: Sackin index -0.1349; 0.9 s; peak memory 175 MiB.
2026-10-08T19:27:31Z INFO [44/750] 76b495a9-5017-4ec2-b779-8dd3717bffbb: Sackin index -0.1274; 77.5 s; peak memory 261 MiB.
2026-10-08T19:27:32Z INFO [45/750] 76b4c354-9368-48b9-8f2f-e1487adfaade: Sackin index -0.1349; 1.0 s; peak memory 261 MiB.
2026-10-08T19:27:33Z INFO [46/750] 76b58fb6-ac9f-4757-b3fe-2b60f570701c: Sackin index -0.1349; 0.9 s; peak memory 261 MiB.
2026-10-08T19:27:35Z INFO [47/750] 76b5c74c-82bd-4759-a165-d2947f3da56b: Sackin index -0.0660; 2.5 s; peak memory 261 MiB.
2026-10-08T19:27:37Z INFO [48/750] 76b638d5-38ed-4dbd-9df5-c82dd9943aa5: Sackin index -0.0728; 1.4 s; peak memory 261 MiB.
2026-10-08T19:27:38Z INFO [49/750] 76b7cd89-3277-4411-b31f-8b5cfa0a6827: Sackin index -0.0709; 1.2 s; peak memory 261 MiB.
2026-10-08T19:27:39Z INFO [50/750] 76b81116-fb83-4d81-b28f-1ffe1e6660be: Sackin index -0.0728; 1.5 s; peak memory 261 MiB.
2026-10-08T19:27:40Z INFO [50/750] 76b81116-fb83-4d81-b28f-1ffe1e6660be: checkpointed 104136 new records.
2026-10-08T19:27:41Z INFO [51/750] 76b814c9-8bb1-4016-bf8e-f167446d901f: Sackin index -0.0709; 1.5 s; peak memory 261 MiB.
2026-10-08T19:27:45Z INFO [52/750] 76b839c9-6a29-4f79-b7e7-ba4973bcba7f: Sackin index -0.0403; 4.4 s; peak memory 261 MiB.
2026-10-08T19:27:49Z INFO [53/750] 76b8a8e6-6909-4c21-bd8e-8ad008d8f7f7: Sackin index -0.0157; 3.7 s; peak memory 261 MiB.
2026-10-08T19:27:50Z INFO [54/750] 76b8b945-0315-473b-8864-c72891bd1426: Sackin index -0.1248; 0.9 s; peak memory 261 MiB.
2026-10-08T19:28:07Z INFO [55/750] 76b98e17-6785-4acf-82c5-5cbfc75430f1: Sackin index -0.0197; 16.8 s; peak memory 261 MiB.
2026-10-08T19:28:08Z INFO [56/750] 76b9ad3b-0370-4079-9d11-fc6e6a156820: Sackin index -0.1704; 0.8 s; peak memory 261 MiB.
2026-10-08T19:28:09Z INFO [57/750] 76b9d2ce-3b7a-4b75-ba07-8b693e4f7502: Sackin index -0.0702; 1.2 s; peak memory 261 MiB.
2026-10-08T19:28:10Z INFO [58/750] 76b9e8ec-f2dd-4406-8cd7-ab99f46a86dc: Sackin index -0.0702; 1.1 s; peak memory 261 MiB.
2026-10-08T19:28:14Z INFO [59/750] 76bad415-c50e-474c-8146-0f695bb656ca: Sackin index -0.0181; 4.5 s; peak memory 261 MiB.
2026-10-08T19:28:15Z INFO [60/750] 76bae2c6-b0b1-4139-b353-a471aa8ad63f: Sackin index -0.1349; 0.9 s; peak memory 261 MiB.
2026-10-08T19:28:59Z INFO [61/750] 76bb8df3-40a1-4d1f-b203-11bb02b99aeb: Sackin index -0.1076; 43.5 s; peak memory 261 MiB.
2026-10-08T19:29:00Z INFO [62/750] 76bbaa86-30d7-48b1-91dc-e44b43962d0f: Sackin index -0.0732; 1.3 s; peak memory 261 MiB.
2026-10-08T19:29:01Z INFO [63/750] 76bdb126-b3a6-4c98-bbb1-a443388db391: Sackin index -0.0702; 1.1 s; peak memory 261 MiB.
2026-10-08T19:29:02Z INFO [64/750] 76be8e8a-c902-43ac-8c39-66bfed5aa567: Sackin index -0.1248; 1.1 s; peak memory 261 MiB.
2026-10-08T19:29:03Z INFO [65/750] 76bea0f2-9b3b-4ba6-99f8-fcd17f87b495: Sackin index -0.1349; 1.0 s; peak memory 261 MiB.
2026-10-08T19:29:05Z INFO [66/750] 76bed660-06a0-4739-99ed-01de307fad70: Sackin index -0.0388; 1.4 s; peak memory 261 MiB.
2026-10-08T19:29:06Z INFO [67/750] 76bf0f44-d6a3-4667-ab5b-670f65159552: Sackin index -0.0709; 1.0 s; peak memory 261 MiB.
2026-10-08T19:29:06Z INFO [68/750] 76bfdb48-2b8e-4d27-ae3e-1fd45292f71b: Sackin index -0.1303; 0.8 s; peak memory 261 MiB.
2026-10-08T19:29:31Z INFO [69/750] 76bfe2db-40e3-4eac-b5c7-facb33a6d53e: Sackin index -0.0239; 24.6 s; peak memory 261 MiB.
2026-10-08T19:29:32Z INFO [70/750] 76c053a7-a814-4722-b5c3-2eebfeb14c4a: Sackin index -0.0702; 1.1 s; peak memory 261 MiB.
2026-10-08T19:29:36Z INFO [71/750] 76c0923d-2706-4615-b3a5-f2c897d5d999: Sackin index -0.0253; 4.2 s; peak memory 261 MiB.
2026-10-08T19:29:37Z INFO [72/750] 76c167df-e79e-4ffc-8e0e-bf0ff1212693: Sackin index -0.1349; 1.0 s; peak memory 261 MiB.
2026-10-08T19:29:38Z INFO [73/750] 76c2d860-0a22-464e-9264-c8e251a85674: Sackin index -0.1398; 1.2 s; peak memory 261 MiB.
2026-10-08T19:29:39Z INFO [74/750] 76c2f72c-b0a1-4198-898d-559dc8650f42: Sackin index -0.1349; 0.9 s; peak memory 261 MiB.
2026-10-08T19:30:09Z INFO [75/750] 76c401c5-9e7a-4fb8-929e-f0fa51de434b: Sackin index -0.0026; 29.9 s; peak memory 261 MiB.
2026-10-08T19:30:10Z INFO [76/750] 76c43363-ea5e-4314-8611-ed814393ebe9: Sackin index -0.1658; 0.8 s; peak memory 261 MiB.
2026-10-08T19:30:11Z INFO [77/750] 76c4418a-9039-4d4b-9888-bca982b914b6: Sackin index -0.0702; 1.1 s; peak memory 261 MiB.
2026-10-08T19:30:12Z INFO [78/750] 76c471ff-c200-401c-9d96-aabd5c10acb3: Sackin index -0.1658; 0.8 s; peak memory 261 MiB.
2026-10-08T19:30:13Z INFO [79/750] 76c4f052-5650-4419-b180-098e74e82c5e: Sackin index -0.1658; 1.1 s; peak memory 261 MiB.
2026-10-08T19:30:14Z INFO [80/750] 76c537eb-4816-443c-ac3f-32c47a1badcb: Sackin index -0.1349; 1.0 s; peak memory 261 MiB.
2026-10-08T19:30:15Z INFO [81/750] 76c5d31a-f7e3-4e02-bccb-eb139cdc1142: Sackin index -0.1194; 1.1 s; peak memory 261 MiB.
2026-10-08T19:30:16Z INFO [82/750] 76c66c87-f0e9-4e4a-9227-c561a75ebeb0: Sackin index -0.1349; 1.0 s; peak memory 261 MiB.
2026-10-08T19:30:17Z INFO [83/750] 76c8ddf1-5acd-4f4f-b57f-6f4630fb4c54: Sackin index -0.0696; 1.1 s; peak memory 261 MiB.
2026-10-08T19:30:19Z INFO [84/750] 76ca187a-667c-4e35-9b79-e7d664b57043: Sackin index -0.0728; 1.3 s; peak memory 261 MiB.
2026-10-08T19:30:30Z INFO [85/750] 76cae961-078a-4bc4-99e5-3e9c62c4db8c: Sackin index -0.0614; 11.7 s; peak memory 261 MiB.
2026-10-08T19:30:41Z INFO [86/750] 76cc86f1-d549-45b8-9bf7-ad6e1f908414: Sackin index -0.0231; 10.7 s; peak memory 261 MiB.
2026-10-08T19:30:44Z INFO [87/750] 76cc901d-c1cb-4e94-933d-d1f6cf237a28: Sackin index -0.0376; 2.8 s; peak memory 261 MiB.
2026-10-08T19:30:45Z INFO [88/750] 76cc974c-f8b9-450a-aad2-50135f0ee99a: Sackin index -0.1383; 1.1 s; peak memory 261 MiB.
2026-10-08T19:30:46Z INFO [89/750] 76cc991b-2b2b-4827-a515-d7d8a41bc09d: Sackin index -0.1331; 1.0 s; peak memory 261 MiB.
2026-10-08T19:30:47Z INFO [90/750] 76cc9c46-6f44-4dc2-9019-b66891271b23: Sackin index -0.1349; 0.9 s; peak memory 261 MiB.
2026-10-08T19:30:48Z INFO [91/750] 76cd2692-0c8d-4ff0-a8ef-9c85a99cb858: Sackin index -0.1349; 0.9 s; peak memory 261 MiB.
2026-10-08T19:30:49Z INFO [92/750] 76cd7880-a861-4002-9aeb-30fc8cf9bb99: Sackin index -0.1349; 0.9 s; peak memory 261 MiB.
2026-10-08T19:30:50Z INFO [93/750] 76cd7a32-c5a6-4458-8886-3b76b754df62: Sackin index -0.1319; 1.0 s; peak memory 261 MiB.
2026-10-08T19:30:51Z INFO [94/750] 76cdd454-a8f9-4bbb-9294-cd6251d497c1: Sackin index -0.1361; 1.0 s; peak memory 261 MiB.
2026-10-08T19:30:56Z INFO [95/750] 76cde1a2-a0ac-4624-bdd8-101a57d95923: Sackin index -0.0251; 5.4 s; peak memory 261 MiB.
2026-10-08T19:30:57Z INFO [96/750] 76cde82b-52f3-4bda-9086-64ef8ea57be1: Sackin index -0.0702; 1.0 s; peak memory 261 MiB.
2026-10-08T19:30:58Z INFO [97/750] 76ce22e0-7bad-4b65-9891-1c41ee73725a: Sackin index -0.0702; 1.1 s; peak memory 261 MiB.
2026-10-08T19:30:59Z INFO [98/750] 76cebc59-7396-467b-85e4-031ea9d73926: Sackin index -0.1349; 1.0 s; peak memory 261 MiB.
2026-10-08T19:31:00Z INFO [99/750] 76cfae02-a2b1-41cb-a9a5-e50228ffb06e: Sackin index -0.0738; 1.5 s; peak memory 261 MiB.
2026-10-08T19:31:02Z INFO [100/750] 76d0aa06-f5e3-4e17-b115-f1b3e8c5d5fe: Sackin index -0.1380; 1.0 s; peak memory 261 MiB.
2026-10-08T19:31:02Z INFO [100/750] 76d0aa06-f5e3-4e17-b115-f1b3e8c5d5fe: checkpointed 104186 new records.
2026-10-08T19:31:03Z INFO [101/750] 76d13e65-64ae-4a0c-9600-b57c712fb9f2: Sackin index -0.1349; 1.0 s; peak memory 261 MiB.
2026-10-08T19:31:04Z INFO [102/750] 76d1c001-8fcd-4083-b406-ba103467deb5: Sackin index -0.1349; 1.1 s; peak memory 261 MiB.
2026-10-08T19:31:05Z INFO [103/750] 76d2e1fa-8c0f-4ee9-989c-d5eb156576a9: Sackin index -0.0696; 1.0 s; peak memory 261 MiB.
2026-10-08T19:31:06Z INFO [104/750] 76d35fdd-66d1-4c15-b32c-353431384e60: Sackin index -0.0376; 1.1 s; peak memory 261 MiB.
2026-10-08T19:31:07Z INFO [105/750] 76d405af-3eac-4b4c-aa99-6a0a7c610ec4: Sackin index -0.1349; 0.9 s; peak memory 261 MiB.
2026-10-08T19:31:08Z INFO [106/750] 76d5c5d0-5054-461e-88be-68300ca90a88: Sackin index -0.1448; 0.7 s; peak memory 261 MiB.
2026-10-08T19:31:10Z INFO [107/750] 76d601f2-e56e-4b19-9fda-b3dcfbb7060a: Sackin index -0.0699; 2.0 s; peak memory 261 MiB.
2026-10-08T19:31:19Z INFO [108/750] 76d65d05-4af0-4242-bb2a-8e7ae4c885b3: Sackin index -0.0147; 9.2 s; peak memory 261 MiB.
2026-10-08T19:31:20Z INFO [109/750] 76d67e00-ed3f-40f5-b6a0-927735b88618: Sackin index -0.1349; 0.8 s; peak memory 261 MiB.
2026-10-08T19:31:21Z INFO [110/750] 76d6eb22-614b-433a-a6ea-539a0701a049: Sackin index -0.1349; 1.2 s; peak memory 261 MiB.
2026-10-08T19:31:23Z INFO [111/750] 76d85680-504f-4188-a64d-b83d87fff5aa: Sackin index -0.0986; 1.8 s; peak memory 261 MiB.
2026-10-08T19:31:29Z INFO [112/750] 76d85982-39fa-4d21-a157-2352191cfe65: Sackin index -0.0435; 6.2 s; peak memory 261 MiB.
2026-10-08T19:31:31Z INFO [113/750] 76d8ba83-71de-45e0-98b0-3a0ce05aa53a: Sackin index -0.1224; 1.7 s; peak memory 261 MiB.
2026-10-08T19:31:32Z INFO [114/750] 76d975ac-ea83-4094-837c-a89e80f32f96: Sackin index -0.1349; 1.0 s; peak memory 261 MiB.
2026-10-08T19:31:34Z INFO [115/750] 76da0dff-620c-44c4-a1f8-e1b7ab7c3163: Sackin index -0.1243; 2.2 s; peak memory 261 MiB.
2026-10-08T19:31:35Z INFO [116/750] 76da3cd7-c250-45f6-8143-b06c4c003818: Sackin index -0.0702; 1.1 s; peak memory 261 MiB.
2026-10-08T19:31:36Z INFO [117/750] 76dbb551-6706-488e-a931-095ca62150f9: Sackin index -0.0702; 1.0 s; peak memory 261 MiB.
2026-10-08T19:31:37Z INFO [118/750] 76dd34b4-bcb9-4cf5-9669-673c39818ba7: Sackin index -0.0375; 1.2 s; peak memory 261 MiB.
2026-10-08T19:31:42Z INFO [119/750] 76dddc54-99c4-49f6-bdf7-8fe82799fe61: Sackin index -0.0243; 4.9 s; peak memory 261 MiB.
2026-10-08T19:31:43Z INFO [120/750] 76deb2b2-904d-4740-8676-ecb1fef5508d: Sackin index -0.0709; 1.2 s; peak memory 261 MiB.
2026-10-08T19:31:45Z INFO [121/750] 76def0c3-775d-4675-8913-106b30fa8e69: Sackin index -0.0702; 1.3 s; peak memory 261 MiB.
2026-10-08T19:31:46Z INFO [122/750] 76df68ea-cf9f-485d-8a6c-c52402b866e5: Sackin index -0.1349; 1.0 s; peak memory 261 MiB.
2026-10-08T19:31:47Z INFO [123/750] 76df90a3-772d-4e69-b8e7-0a4e5400c616: Sackin index -0.1068; 1.1 s; peak memory 261 MiB.
2026-10-08T19:31:47Z INFO [124/750] 76e01042-e388-4925-93ce-5c0ae254efca: Sackin index -0.1658; 0.7 s; peak memory 261 MiB.
2026-10-08T19:31:48Z INFO [125/750] 76e03e86-aa24-4baa-9584-2827575eebea: Sackin index -0.1319; 0.9 s; peak memory 261 MiB.
2026-10-08T19:31:49Z INFO [126/750] 76e22f1c-0dfe-4608-a544-96ed6689e169: Sackin index -0.0696; 1.0 s; peak memory 261 MiB.
2026-10-08T19:31:50Z INFO [127/750] 76e23192-6ab7-44ba-a3bf-35141c8e2b16: Sackin index -0.1349; 0.9 s; peak memory 261 MiB.
2026-10-08T19:31:51Z INFO [128/750] 76e33975-8df3-4698-9f44-9df922f7f620: Sackin index -0.0386; 1.2 s; peak memory 261 MiB.
2026-10-08T19:31:52Z INFO [129/750] 76e3f763-ed8a-42a1-83ac-abeeefedffca: Sackin index -0.1602; 1.0 s; peak memory 261 MiB.
2026-10-08T19:31:53Z INFO [130/750] 76e429fa-8af1-4b4f-8a86-633ddaa9f04e: Sackin index -0.1349; 1.0 s; peak memory 261 MiB.
2026-10-08T19:31:54Z INFO [131/750] 76e53d02-bbe0-4152-96a1-a178ba15ba61: Sackin index -0.1349; 1.0 s; peak memory 261 MiB.
2026-10-08T19:31:56Z INFO [132/750] 76e548cb-2b53-4b2e-832a-077aca0fbb3e: Sackin index -0.0728; 1.4 s; peak memory 261 MiB.
2026-10-08T19:32:06Z INFO [133/750] 76e5af41-b139-46e3-a255-5d1f8d71a63e: Sackin index -0.0115; 10.4 s; peak memory 261 MiB.
2026-10-08T19:34:25Z INFO [134/750] 76e612f4-fd2b-4e3b-bc48-b78bbe62add4: Sackin index -0.0288; 139.0 s; peak memory 289 MiB.
2026-10-08T19:34:37Z INFO [135/750] 76e6b2ee-b802-40f6-9c1f-2c9f6706a885: Sackin index -0.0090; 12.0 s; peak memory 289 MiB.
2026-10-08T19:34:53Z INFO [136/750] 76e6dc2b-036f-4835-b85f-9fad9791c35c: Sackin index -0.0391; 15.5 s; peak memory 289 MiB.
2026-10-08T19:34:54Z INFO [137/750] 76e72259-8cb1-4e8d-9b14-ad47fd4526bf: Sackin index -0.1383; 1.2 s; peak memory 289 MiB.
2026-10-08T19:34:55Z INFO [138/750] 76e76bbf-aa3c-4137-986e-d9bf0ac71ce6: Sackin index -0.1349; 0.9 s; peak memory 289 MiB.
2026-10-08T19:34:56Z INFO [139/750] 76e7d9d0-5d29-41c2-ba10-d11c88a9d30b: Sackin index -0.1704; 0.9 s; peak memory 289 MiB.
2026-10-08T19:34:56Z INFO [140/750] 76e8713b-f0c2-47d1-bcef-96daeafbf08e: Sackin index -0.1303; 0.7 s; peak memory 289 MiB.
2026-10-08T19:34:59Z INFO [141/750] 76e8746a-baa7-4d85-be6a-34283d18e1e0: Sackin index -0.0660; 2.9 s; peak memory 289 MiB.
2026-10-08T19:35:03Z INFO [142/750] 76e9920b-7da9-49c9-aa3d-e2c77b2a0411: Sackin index -0.0259; 3.9 s; peak memory 289 MiB.
2026-10-08T19:35:05Z INFO [143/750] 76e9b0a7-bae9-4d9d-bac4-528dc6b6d6f2: Sackin index -0.1224; 1.9 s; peak memory 289 MiB.
2026-10-08T19:35:06Z INFO [144/750] 76eb6381-6970-4339-8355-d06902952f5a: Sackin index -0.2168; 0.9 s; peak memory 289 MiB.
2026-10-08T19:35:08Z INFO [145/750] 76eb9d7d-a0ce-4128-98fa-14646d913641: Sackin index -0.1370; 1.8 s; peak memory 289 MiB.
2026-10-08T19:35:09Z INFO [146/750] 76ec2b0b-0d0a-43f6-8ad7-882dba4e958f: Sackin index -0.0702; 1.1 s; peak memory 289 MiB.
2026-10-08T19:35:12Z INFO [147/750] 76ecba8f-0894-4d7d-bf72-1387020d5f1e: Sackin index -0.0466; 3.6 s; peak memory 289 MiB.
2026-10-08T19:35:20Z INFO [148/750] 76ecbbd8-ab8c-4169-8be4-8f26a910fe71: Sackin index -0.0439; 7.8 s; peak memory 289 MiB.
2026-10-08T19:35:22Z INFO [149/750] 76ed1f7f-3301-4f30-aaad-f4635efda906: Sackin index -0.0870; 2.0 s; peak memory 289 MiB.
2026-10-08T19:35:27Z INFO [150/750] 76edde9d-dcf0-4fc7-bb21-bee5ccc0bb61: Sackin index -0.1938; 4.4 s; peak memory 289 MiB.
2026-10-08T19:35:27Z INFO [150/750] 76edde9d-dcf0-4fc7-bb21-bee5ccc0bb61: checkpointed 104236 new records.
2026-10-08T19:35:28Z INFO [151/750] 76ee1cf4-c7ff-4f56-b078-8d2ada9b449c: Sackin index -0.1658; 0.7 s; peak memory 289 MiB.
2026-10-08T19:37:53Z INFO [152/750] 76ee4585-ddde-4275-88f0-1fb0127ff98d: Sackin index -0.0684; 145.9 s; peak memory 294 MiB.
2026-10-08T19:37:54Z INFO [153/750] 76eea06a-41ce-4c62-869f-b20550be34b3: Sackin index -0.1349; 1.0 s; peak memory 294 MiB.
2026-10-08T19:37:55Z INFO [154/750] 76ef2f9b-f68d-4e7e-ba99-72c8942cb0d3: Sackin index -0.1349; 1.0 s; peak memory 294 MiB.
2026-10-08T19:37:58Z INFO [155/750] 76efb2ad-80c1-4e2a-b92a-1d34d93c695f: Sackin index -0.0718; 2.2 s; peak memory 294 MiB.
2026-10-08T19:37:59Z INFO [156/750] 76efbb60-bc1f-4940-b1aa-bfa548a93441: Sackin index -0.0707; 1.1 s; peak memory 294 MiB.
2026-10-08T19:38:00Z INFO [157/750] 76efd2ea-7255-4e1e-803e-93d286915224: Sackin index -0.0702; 1.2 s; peak memory 294 MiB.
2026-10-08T19:38:01Z INFO [158/750] 76f0d852-17b5-4870-a394-67f6103bfb67: Sackin index -0.1349; 0.9 s; peak memory 294 MiB.
2026-10-08T19:38:06Z INFO [159/750] 76f0e33d-5538-411d-9dfb-40806796e5b0: Sackin index -0.0411; 5.3 s; peak memory 294 MiB.
2026-10-08T19:38:07Z INFO [160/750] 76f18469-26bc-4a25-8e9e-5e138fe7fac3: Sackin index -0.0728; 1.4 s; peak memory 294 MiB.
2026-10-08T19:38:09Z INFO [161/750] 76f1ccad-f16c-4746-ab6f-b7f59afa4751: Sackin index -0.0891; 1.2 s; peak memory 294 MiB.
2026-10-08T19:38:10Z INFO [162/750] 76f278ad-dfa0-4480-ae31-0af8eb455e0e: Sackin index -0.0728; 1.2 s; peak memory 294 MiB.
2026-10-08T19:38:12Z INFO [163/750] 76f37924-c984-491d-bc09-9f4341c0e639: Sackin index -0.0693; 2.0 s; peak memory 294 MiB.
2026-10-08T19:38:15Z INFO [164/750] 76f3a93b-ef62-4bb6-8bd5-aa6311e587f6: Sackin index -0.0869; 3.6 s; peak memory 294 MiB.
2026-10-08T19:38:17Z INFO [165/750] 76f44008-e85b-4bc5-b924-85ef3bb2eaf2: Sackin index -0.0728; 1.3 s; peak memory 294 MiB.
2026-10-08T19:38:18Z INFO [166/750] 76f49b52-f259-4f8d-bb7a-808212f7c2b0: Sackin index -0.0728; 1.3 s; peak memory 294 MiB.
2026-10-08T19:38:19Z INFO [167/750] 76f505f6-8bbf-4f2c-91d1-e54e0927f586: Sackin index -0.1331; 1.1 s; peak memory 294 MiB.
2026-10-08T19:40:04Z INFO [168/750] 76f5240d-f489-4321-bd1a-7a6841d359a3: Sackin index -0.0015; 104.9 s; peak memory 418 MiB.
2026-10-08T19:40:05Z INFO [169/750] 76f52db5-4990-4350-9d35-ac442d8751ef: Sackin index -0.0380; 1.2 s; peak memory 418 MiB.
2026-10-08T19:40:08Z INFO [170/750] 76f66354-27da-44a7-bc6e-b1758df76bc9: Sackin index -0.0842; 2.7 s; peak memory 418 MiB.
2026-10-08T19:40:09Z INFO [171/750] 76f7bb69-caa3-4ead-b956-67648274cbc8: Sackin index -0.0728; 1.3 s; peak memory 418 MiB.
2026-10-08T19:40:20Z INFO [172/750] 76f8cdd6-9c68-442a-963f-78a7209412e8: Sackin index -0.0111; 11.0 s; peak memory 418 MiB.
2026-10-08T19:40:22Z INFO [173/750] 76f8e6ff-6c66-419d-8ad4-5ab029e56163: Sackin index -0.0676; 1.7 s; peak memory 418 MiB.
2026-10-08T19:40:24Z INFO [174/750] 76f8fe61-02c9-4536-b8be-a7d91560c115: Sackin index -0.0824; 2.0 s; peak memory 418 MiB.
2026-10-08T19:40:25Z INFO [175/750] 76f944fe-0715-49f6-b2e3-eaebdf998d50: Sackin index -0.0728; 1.2 s; peak memory 418 MiB.
2026-10-08T19:40:26Z INFO [176/750] 76f9e68b-7dee-438f-8ba2-be36cc871b3d: Sackin index -0.0602; 1.2 s; peak memory 418 MiB.
2026-10-08T19:40:27Z INFO [177/750] 76fa19a2-a099-4dee-bee8-b836956abe01: Sackin index -0.0728; 1.3 s; peak memory 418 MiB.
2026-10-08T19:40:29Z INFO [178/750] 76fab41e-0160-4f28-9a8a-41a0f2406f01: Sackin index -0.0375; 1.5 s; peak memory 418 MiB.
2026-10-08T19:40:30Z INFO [179/750] 76fadaa8-b426-42ef-9fca-5a0131adc4e2: Sackin index -0.1349; 1.1 s; peak memory 418 MiB.
2026-10-08T19:40:31Z INFO [180/750] 76fcf92b-6681-498b-8e6e-ab9d5362af5b: Sackin index -0.1349; 1.0 s; peak memory 418 MiB.
2026-10-08T19:40:36Z INFO [181/750] 76fd27f1-a756-47f7-8c84-51af880ebfc3: Sackin index -0.0471; 4.5 s; peak memory 418 MiB.
2026-10-08T19:40:36Z INFO [182/750] 76fdff20-181c-44f7-bac5-a885292f5e59: Sackin index -0.1461; 0.9 s; peak memory 418 MiB.
2026-10-08T19:40:38Z INFO [183/750] 76fe5a7a-8b36-4dbe-8f95-02a53adf6331: Sackin index -0.1349; 1.1 s; peak memory 418 MiB.
2026-10-08T19:40:41Z INFO [184/750] 76fe6d9e-6251-47d3-a773-8b8e839ef558: Sackin index -0.0869; 3.3 s; peak memory 418 MiB.
2026-10-08T19:40:42Z INFO [185/750] 76fe8912-d7a4-490f-875a-578a45f66eb8: Sackin index -0.1658; 0.8 s; peak memory 418 MiB.
2026-10-08T19:40:44Z INFO [186/750] 76ff0309-d5d8-445c-96f1-0df3d662ffc7: Sackin index -0.0234; 1.9 s; peak memory 418 MiB.
2026-10-08T19:40:45Z INFO [187/750] 76ff6e02-afe4-4df5-9c9d-e57570eac772: Sackin index -0.1349; 1.0 s; peak memory 418 MiB.
2026-10-08T19:40:46Z INFO [188/750] 76ffa489-244a-4aa3-8992-4ecb4699a3de: Sackin index -0.0745; 1.7 s; peak memory 418 MiB.
2026-10-08T19:40:49Z INFO [189/750] 76fffaf2-630c-4ef2-a410-e1d314016a54: Sackin index -0.0699; 2.6 s; peak memory 418 MiB.
2026-10-08T19:40:50Z INFO [190/750] 77021656-0240-4d1f-90ee-1ff265b235ec: Sackin index -0.1349; 1.0 s; peak memory 418 MiB.
2026-10-08T19:40:53Z INFO [191/750] 7702de29-f50a-46a8-a1ab-fe31c9fd4c84: Sackin index -0.0539; 3.2 s; peak memory 418 MiB.
2026-10-08T19:40:54Z INFO [192/750] 77035385-6023-4a37-b262-76dc6efee72d: Sackin index -0.0702; 1.2 s; peak memory 418 MiB.
2026-10-08T19:40:55Z INFO [193/750] 77035a53-c012-4a1c-89a2-57533ad8ff15: Sackin index -0.1349; 0.9 s; peak memory 418 MiB.
2026-10-08T19:40:57Z INFO [194/750] 77039241-5fa9-415d-8cd9-574ef1f67eaf: Sackin index -0.0728; 1.6 s; peak memory 418 MiB.
2026-10-08T19:41:07Z INFO [195/750] 7703ab64-a5b2-432e-84de-f588a4ee1a39: Sackin index -0.0211; 10.7 s; peak memory 418 MiB.
2026-10-08T19:41:08Z INFO [196/750] 770422d8-e053-4f79-ad13-237f698ea804: Sackin index -0.0702; 1.1 s; peak memory 418 MiB.
2026-10-08T19:41:10Z INFO [197/750] 7704b5cb-30be-4905-b64c-f6eb907f3f7d: Sackin index -0.1370; 1.6 s; peak memory 418 MiB.
2026-10-08T19:41:11Z INFO [198/750] 7704e821-e17f-426b-ae03-a77f4dd2c7e0: Sackin index -0.0988; 0.9 s; peak memory 418 MiB.
2026-10-08T19:41:12Z INFO [199/750] 77054bef-2de4-4c1e-ac66-8cb712e631d6: Sackin index -0.1349; 0.9 s; peak memory 418 MiB.
2026-10-08T19:41:18Z INFO [200/750] 77068f1e-359e-419a-9d53-1cebfb9be2c5: Sackin index -0.0022; 6.5 s; peak memory 418 MiB.
2026-10-08T19:41:19Z INFO [200/750] 77068f1e-359e-419a-9d53-1cebfb9be2c5: checkpointed 104286 new records.
2026-10-08T19:41:20Z INFO [201/750] 7708a79e-e44d-446c-9959-e7cec9619d1e: Sackin index -0.0702; 1.0 s; peak memory 418 MiB.
2026-10-08T19:41:20Z INFO [202/750] 7708c389-0ff9-45d1-8bf2-00c77eb3c4d6: Sackin index -0.1349; 0.8 s; peak memory 418 MiB.
2026-10-08T19:41:21Z INFO [203/750] 77092ebf-a5f5-4058-b2e3-6b8505f53ea1: Sackin index -0.1191; 1.0 s; peak memory 418 MiB.
2026-10-08T19:41:23Z INFO [204/750] 77097dc5-757e-4021-9ec9-f97dc107feff: Sackin index -0.0702; 1.1 s; peak memory 418 MiB.
2026-10-08T19:41:26Z INFO [205/750] 77098fd1-76c8-4b3c-9d1f-9b5934427e3c: Sackin index -0.0533; 3.1 s; peak memory 418 MiB.
2026-10-08T19:41:27Z INFO [206/750] 7709f8d3-3d4a-4b86-8e80-6617f9b24aee: Sackin index -0.1191; 1.5 s; peak memory 418 MiB.
2026-10-08T19:41:28Z INFO [207/750] 770aa674-1859-4d08-a418-94908d026341: Sackin index -0.0709; 1.0 s; peak memory 418 MiB.
2026-10-08T19:41:29Z INFO [208/750] 770ae486-dc85-4385-8793-b3fc171ad45c: Sackin index -0.1349; 0.9 s; peak memory 418 MiB.
2026-10-08T19:41:30Z INFO [209/750] 770c5af3-5c81-443b-aa19-2880c7c5f7cc: Sackin index -0.0696; 1.1 s; peak memory 418 MiB.
2026-10-08T19:41:31Z INFO [210/750] 770c8711-4b5b-432c-b459-f480cb71e850: Sackin index -0.0483; 1.2 s; peak memory 418 MiB.
2026-10-08T19:41:32Z INFO [211/750] 770cf52e-a763-4048-bae0-546513cbfb78: Sackin index -0.1349; 0.8 s; peak memory 418 MiB.
2026-10-08T19:41:58Z INFO [212/750] 770df9b9-bacb-43e5-89cd-3866d411977c: Sackin index -0.1367; 25.6 s; peak memory 418 MiB.
2026-10-08T19:42:00Z INFO [213/750] 770dfb71-73c4-4f63-83c6-498ed9262449: Sackin index -0.0681; 2.2 s; peak memory 418 MiB.
2026-10-08T19:42:06Z INFO [214/750] 770e641e-9ef3-40cb-83ef-d7c0c78d4748: Sackin index -0.0213; 5.4 s; peak memory 418 MiB.
2026-10-08T19:42:06Z INFO [215/750] 770f4269-39c8-4369-9003-21d5837bb584: Sackin index -0.1938; 0.9 s; peak memory 418 MiB.
2026-10-08T19:42:11Z INFO [216/750] 770f6c4d-100a-4229-b342-fc5117fb55ad: Sackin index -0.0718; 4.5 s; peak memory 418 MiB.
2026-10-08T19:42:12Z INFO [217/750] 770f7e6f-5bc1-45d3-84ec-9b7f1708f7c4: Sackin index -0.1602; 0.9 s; peak memory 418 MiB.
2026-10-08T19:42:13Z INFO [218/750] 77103aa5-2946-47db-a414-ed8d35baf453: Sackin index -0.0881; 1.2 s; peak memory 418 MiB.
2026-10-08T19:42:15Z INFO [219/750] 771052b3-03b6-4fd2-8604-c483825f1cfb: Sackin index -0.0704; 2.2 s; peak memory 418 MiB.
2026-10-08T19:42:16Z INFO [220/750] 77116c36-a5b8-41b6-a289-7f8759c4486f: Sackin index -0.0728; 1.2 s; peak memory 418 MiB.
2026-10-08T19:42:18Z INFO [221/750] 7711b286-8343-40e7-a53d-46e604ae233e: Sackin index -0.0728; 1.2 s; peak memory 418 MiB.
2026-10-08T19:42:23Z INFO [222/750] 7711cf23-7844-4b1f-b4db-2f8297b77b3c: Sackin index -0.0940; 5.2 s; peak memory 418 MiB.
2026-10-08T19:42:31Z INFO [223/750] 7711f22f-b4f4-431f-bc70-461df1c1264d: Sackin index -0.0021; 8.1 s; peak memory 418 MiB.
2026-10-08T19:42:32Z INFO [224/750] 77122811-6c37-4df8-a71a-551b01faed96: Sackin index -0.1349; 0.9 s; peak memory 418 MiB.
2026-10-08T19:42:33Z INFO [225/750] 77123d54-8586-4831-ab86-fac078c1b7d7: Sackin index -0.1349; 1.0 s; peak memory 418 MiB.
2026-10-08T19:42:34Z INFO [226/750] 77129805-c1d8-4779-a544-a472289dd032: Sackin index -0.0728; 1.3 s; peak memory 418 MiB.
2026-10-08T19:42:35Z INFO [227/750] 77139c29-1797-49a8-851a-58fbb6f7e482: Sackin index -0.1288; 0.8 s; peak memory 418 MiB.
2026-10-08T19:42:36Z INFO [228/750] 77144c79-4a84-4917-a912-17cc488db89f: Sackin index -0.0745; 1.1 s; peak memory 418 MiB.
2026-10-08T19:42:37Z INFO [229/750] 77148cd5-4af4-426e-b008-52f3e63d1a36: Sackin index -0.2073; 0.7 s; peak memory 418 MiB.
2026-10-08T19:42:44Z INFO [230/750] 7714d1f0-a108-43f0-9c86-f3501776c98a: Sackin index -0.0691; 7.6 s; peak memory 418 MiB.
2026-10-08T19:42:47Z INFO [231/750] 77153b10-c6b2-4612-8fb2-db4fd78e56e8: Sackin index -0.0660; 2.6 s; peak memory 418 MiB.
2026-10-08T19:42:48Z INFO [232/750] 7715714d-5e29-414b-805f-bd79b6c838a1: Sackin index -0.1349; 0.8 s; peak memory 418 MiB.
2026-10-08T19:42:52Z INFO [233/750] 7716710f-c670-4ab5-9a57-c9dd84211b55: Sackin index -0.0251; 4.7 s; peak memory 418 MiB.
2026-10-08T19:42:54Z INFO [234/750] 7716cc19-f8be-4552-821f-4c4ca7a60432: Sackin index -0.0728; 1.3 s; peak memory 418 MiB.
2026-10-08T19:42:55Z INFO [235/750] 7716f8e7-00b5-4e46-8152-f84ad2f34601: Sackin index -0.0735; 1.1 s; peak memory 418 MiB.
2026-10-08T19:43:01Z INFO [236/750] 771727ed-651f-4ce7-a9b5-0ba3d50c487b: Sackin index -0.0614; 5.8 s; peak memory 418 MiB.
2026-10-08T19:43:02Z INFO [237/750] 7717367f-f72b-4dd9-84de-fa80b0676551: Sackin index -0.0371; 1.0 s; peak memory 418 MiB.
2026-10-08T19:43:13Z INFO [238/750] 7717e2df-b8f7-4688-8047-027f62e327ba: Sackin index -0.0133; 10.9 s; peak memory 418 MiB.
2026-10-08T19:43:14Z INFO [239/750] 7718867e-1029-4638-9cfd-6060b86f41a8: Sackin index -0.0702; 1.1 s; peak memory 418 MiB.
2026-10-08T19:43:15Z INFO [240/750] 77192515-77f7-432b-bd2b-39f88ef9496c: Sackin index -0.1356; 0.8 s; peak memory 418 MiB.
2026-10-08T19:43:16Z INFO [241/750] 771a0e71-98e4-411a-a883-aa40836f973a: Sackin index -0.0728; 1.4 s; peak memory 418 MiB.
2026-10-08T19:43:21Z INFO [242/750] 771a29cf-72c2-4da3-8794-7f2c1af819c5: Sackin index -0.0243; 5.3 s; peak memory 418 MiB.
2026-10-08T19:43:23Z INFO [243/750] 771a4c68-00a3-44ff-90ca-9d69c6595a8f: Sackin index -0.0702; 1.3 s; peak memory 418 MiB.
2026-10-08T19:43:23Z INFO [244/750] 771bf968-bb91-4188-8a7f-1f0570f38c70: Sackin index -0.1349; 0.9 s; peak memory 418 MiB.
2026-10-08T19:43:28Z INFO [245/750] 771da72f-704e-456b-84d6-9ff8c2ada686: Sackin index -0.1938; 4.1 s; peak memory 418 MiB.
2026-10-08T19:43:29Z INFO [246/750] 771e0c71-1a42-4aef-a925-185125ccc8e5: Sackin index -0.0365; 1.8 s; peak memory 418 MiB.
2026-10-08T19:43:35Z INFO [247/750] 771e810c-113d-4191-9989-ca92233defe4: Sackin index -0.0210; 5.2 s; peak memory 418 MiB.
2026-10-08T19:43:35Z INFO [248/750] 771f0bb1-3efb-4eb6-9e9c-08bc15c06bfc: Sackin index -0.1658; 0.7 s; peak memory 418 MiB.
2026-10-08T19:43:36Z INFO [249/750] 771f11e0-f6fb-47ba-b92d-c340c36fdd1a: Sackin index -0.1658; 0.7 s; peak memory 418 MiB.
2026-10-08T19:43:43Z INFO [250/750] 771f9077-a000-4ea6-964d-26452a286fcd: Sackin index -0.0238; 6.8 s; peak memory 418 MiB.
2026-10-08T19:43:43Z INFO [250/750] 771f9077-a000-4ea6-964d-26452a286fcd: checkpointed 104336 new records.
2026-10-08T19:43:44Z INFO [251/750] 7721ec1e-986a-4239-a3a7-9c7d8bc2455b: Sackin index -0.0702; 1.2 s; peak memory 418 MiB.
2026-10-08T19:43:45Z INFO [252/750] 77223645-49c1-4fd3-a325-6f2653f53b9d: Sackin index -0.0696; 1.1 s; peak memory 418 MiB.
2026-10-08T19:43:53Z INFO [253/750] 772259f0-4d53-454d-87c4-822e42664fa0: Sackin index -0.0078; 7.6 s; peak memory 418 MiB.
2026-10-08T19:43:54Z INFO [254/750] 77227f09-9e6e-4418-b960-ce14614a8b84: Sackin index -0.1349; 1.1 s; peak memory 418 MiB.
2026-10-08T19:43:55Z INFO [255/750] 7722863c-dc0f-4115-a20d-38cb5b230f45: Sackin index -0.0917; 1.0 s; peak memory 418 MiB.
2026-10-08T19:43:56Z INFO [256/750] 7723b3b7-2350-43f4-b517-97fdd094205d: Sackin index -0.1153; 0.9 s; peak memory 418 MiB.
2026-10-08T19:43:57Z INFO [257/750] 772436a2-865f-4de6-854c-4f4b40b0302c: Sackin index -0.1273; 1.2 s; peak memory 418 MiB.
2026-10-08T19:43:59Z INFO [258/750] 7724bb22-37da-4d1a-8509-c6e4a57c942d: Sackin index -0.1013; 1.5 s; peak memory 418 MiB.
2026-10-08T19:44:00Z INFO [259/750] 7724c95f-cf88-4931-8c01-e5f3b64e7fc4: Sackin index -0.1349; 1.1 s; peak memory 418 MiB.
2026-10-08T19:44:01Z INFO [260/750] 7725cfab-b9ee-4be6-bb27-53aecdcae318: Sackin index -0.0702; 1.1 s; peak memory 418 MiB.
2026-10-08T19:44:02Z INFO [261/750] 77281fec-e87e-4710-a90e-d52fe8864103: Sackin index -0.1349; 1.1 s; peak memory 418 MiB.
2026-10-08T19:44:03Z INFO [262/750] 77293b9c-c21f-4aee-affe-9df4f7db02e9: Sackin index -0.1349; 1.1 s; peak memory 418 MiB.
2026-10-08T19:44:04Z INFO [263/750] 772a20a7-d2b2-40c4-81aa-7c414c78ba6c: Sackin index -0.0709; 1.1 s; peak memory 418 MiB.
2026-10-08T19:44:05Z INFO [264/750] 772b35a8-667f-4f2b-98cf-0f749c3e58c8: Sackin index -0.0696; 1.1 s; peak memory 418 MiB.
2026-10-08T19:44:07Z INFO [265/750] 772b36db-a944-467c-8574-2d0b54942b73: Sackin index -0.0728; 1.3 s; peak memory 418 MiB.
2026-10-08T19:46:36Z INFO [266/750] 772d138b-e6ce-4d14-ad55-717302123c4a: Sackin index -0.0456; 148.8 s; peak memory 418 MiB.
2026-10-08T19:46:37Z INFO [267/750] 772e2bfb-489a-4376-b588-ad679909c226: Sackin index -0.0376; 1.7 s; peak memory 418 MiB.
2026-10-08T19:46:38Z INFO [268/750] 772e384e-718c-48e0-ad7d-ed8d36e68aeb: Sackin index -0.1938; 0.9 s; peak memory 418 MiB.
2026-10-08T19:46:39Z INFO [269/750] 772f0304-18d8-4843-8b25-80bf07593e40: Sackin index -0.0881; 1.3 s; peak memory 418 MiB.
2026-10-08T19:46:40Z INFO [270/750] 772f0f3d-8a74-45b0-9068-02fb57552d4c: Sackin index -0.1349; 1.0 s; peak memory 418 MiB.
2026-10-08T19:46:42Z INFO [271/750] 772f370b-a7a2-4eaf-b0d0-e6c31b62b461: Sackin index -0.0728; 1.5 s; peak memory 418 MiB.
2026-10-08T19:47:10Z INFO [272/750] 77306c7e-7fe0-4b3f-9a38-4a1fc2558abf: Sackin index -0.1367; 28.3 s; peak memory 418 MiB.
2026-10-08T19:47:17Z INFO [273/750] 77306fbb-0500-410e-909a-07bd4db3aada: Sackin index -0.0168; 6.9 s; peak memory 418 MiB.
2026-10-08T19:47:19Z INFO [274/750] 7730ce55-0a58-493b-9fea-a730748bf1cd: Sackin index -0.0728; 1.3 s; peak memory 418 MiB.
2026-10-08T19:47:20Z INFO [275/750] 77315141-5c7f-485f-b1d3-405a037f1c27: Sackin index -0.0696; 1.1 s; peak memory 418 MiB.
2026-10-08T19:47:24Z INFO [276/750] 7731f836-044d-4770-8dbb-e444dbbc0f2e: Sackin index -0.0547; 4.2 s; peak memory 418 MiB.
2026-10-08T19:47:25Z INFO [277/750] 7732020e-337e-4a1b-a246-1face81c8db0: Sackin index -0.0702; 0.9 s; peak memory 418 MiB.
2026-10-08T19:47:26Z INFO [278/750] 77321e1e-31cd-4c97-a74e-0540af451513: Sackin index -0.1349; 1.0 s; peak memory 418 MiB.
2026-10-08T19:47:27Z INFO [279/750] 77322b74-8921-46b7-bfa0-33426786e7c8: Sackin index -0.0722; 1.0 s; peak memory 418 MiB.
2026-10-08T19:47:36Z INFO [280/750] 773243c0-7260-457c-90d2-0c2ce2640bd4: Sackin index -0.0146; 9.3 s; peak memory 418 MiB.
2026-10-08T19:47:37Z INFO [281/750] 7733a833-71b6-4f07-a5bb-acb3d3319652: Sackin index -0.1349; 1.1 s; peak memory 418 MiB.
2026-10-08T19:47:38Z INFO [282/750] 7734699e-c836-4e4f-858b-4cbe00763e97: Sackin index -0.0709; 1.1 s; peak memory 418 MiB.
2026-10-08T19:47:41Z INFO [283/750] 7734796e-b8fd-4483-8df0-acc5602549fd: Sackin index -0.0660; 2.7 s; peak memory 418 MiB.
2026-10-08T19:47:42Z INFO [284/750] 77353cc9-d898-40c0-8614-9097da4e1379: Sackin index -0.0748; 1.3 s; peak memory 418 MiB.
2026-10-08T19:47:43Z INFO [285/750] 7735e483-1167-4b08-a078-628cfbc05c29: Sackin index -0.1349; 0.9 s; peak memory 418 MiB.
2026-10-08T19:47:45Z INFO [286/750] 7735f147-5401-46be-bbe7-cc2ca4ccfbc5: Sackin index -0.0941; 1.7 s; peak memory 418 MiB.
2026-10-08T19:47:46Z INFO [287/750] 77363275-41aa-45d1-b435-4b7f8dc76e99: Sackin index -0.1291; 1.4 s; peak memory 418 MiB.
2026-10-08T19:47:47Z INFO [288/750] 77364937-d552-4c88-9d6f-288e59c9464e: Sackin index -0.1938; 0.8 s; peak memory 418 MiB.
2026-10-08T19:47:54Z INFO [289/750] 77365f90-967b-4190-ad63-9e66ac49177f: Sackin index -0.0248; 7.1 s; peak memory 418 MiB.
2026-10-08T19:47:55Z INFO [290/750] 773677cf-c832-425d-8749-7322ee564dd0: Sackin index -0.1602; 1.1 s; peak memory 418 MiB.
2026-10-08T19:47:56Z INFO [291/750] 773790ee-c768-4402-bdf4-23bd4f1bf4d8: Sackin index -0.1201; 1.1 s; peak memory 418 MiB.
2026-10-08T19:47:57Z INFO [292/750] 773842e7-9b69-4431-a487-cd3d93cb5445: Sackin index -0.1349; 1.1 s; peak memory 418 MiB.
2026-10-08T19:47:59Z INFO [293/750] 773847af-5595-4b53-a0c8-fff207362ea6: Sackin index -0.0728; 1.4 s; peak memory 418 MiB.
2026-10-08T19:47:59Z INFO [294/750] 773a608c-3f39-4b2f-962a-c4afbe5e2eb5: Sackin index -0.1658; 0.7 s; peak memory 418 MiB.
2026-10-08T19:48:00Z INFO [295/750] 773ab39a-44b5-4ead-a459-04b26b5bfa19: Sackin index -0.0745; 1.1 s; peak memory 418 MiB.
2026-10-08T19:48:02Z INFO [296/750] 773c51f4-59da-4df9-93ae-5d984877c611: Sackin index -0.0702; 1.2 s; peak memory 418 MiB.
2026-10-08T19:48:03Z INFO [297/750] 773ce605-a18e-431f-afb6-e28cf8ff8c3a: Sackin index -0.1938; 1.9 s; peak memory 418 MiB.
2026-10-08T19:48:05Z INFO [298/750] 773d3ab7-24eb-469d-bdb2-e8027002f672: Sackin index -0.1349; 1.1 s; peak memory 418 MiB.
2026-10-08T19:48:06Z INFO [299/750] 773d929b-cc86-4380-82e1-11c58654eabd: Sackin index -0.0702; 1.2 s; peak memory 418 MiB.
2026-10-08T19:48:08Z INFO [300/750] 773dfeb8-bd87-486d-86e0-98043cc0d8c6: Sackin index -0.0369; 2.1 s; peak memory 418 MiB.
2026-10-08T19:48:08Z INFO [300/750] 773dfeb8-bd87-486d-86e0-98043cc0d8c6: checkpointed 104386 new records.
2026-10-08T19:48:35Z INFO [301/750] 773e0ac1-1597-4df9-9e46-e690e901fffc: Sackin index -0.1367; 26.6 s; peak memory 418 MiB.
2026-10-08T19:48:37Z INFO [302/750] 773e10e3-4227-4f2a-a8b1-b4d7ce75bb4a: Sackin index -0.0373; 1.8 s; peak memory 418 MiB.
2026-10-08T19:49:01Z INFO [303/750] 773e740c-0277-458f-b159-0388998381ff: Sackin index -0.0025; 24.2 s; peak memory 418 MiB.
2026-10-08T19:49:02Z INFO [304/750] 773ea01c-5519-409c-9f85-7199aa6b8fe2: Sackin index -0.1349; 0.9 s; peak memory 418 MiB.
2026-10-08T19:49:05Z INFO [305/750] 773f0055-71f5-4359-9a1f-f0fd0e5c7b53: Sackin index -0.0539; 3.3 s; peak memory 418 MiB.
2026-10-08T19:49:06Z INFO [306/750] 773fde29-aee1-4c0a-87d9-214e9cc80cd6: Sackin index -0.1349; 0.9 s; peak memory 418 MiB.
2026-10-08T19:49:07Z INFO [307/750] 7740508c-3198-48c5-861b-c4ec36a2e753: Sackin index -0.0702; 1.0 s; peak memory 418 MiB.
2026-10-08T19:49:08Z INFO [308/750] 7741131d-5caa-4254-a2c7-ad3876588524: Sackin index -0.0883; 1.2 s; peak memory 418 MiB.
2026-10-08T19:49:09Z INFO [309/750] 7741f9f8-4149-439d-b245-a91231a03f9d: Sackin index -0.0709; 1.0 s; peak memory 418 MiB.
2026-10-08T19:49:10Z INFO [310/750] 7742373d-7f1f-43b1-ac0a-bdeeec7a8716: Sackin index -0.1349; 1.0 s; peak memory 418 MiB.
2026-10-08T19:49:11Z INFO [311/750] 774257a7-05dd-4295-81fa-04fe636b7909: Sackin index -0.0709; 1.1 s; peak memory 418 MiB.
2026-10-08T19:49:13Z INFO [312/750] 77431a90-72d6-46fe-9d18-a31a1481246c: Sackin index -0.0745; 1.4 s; peak memory 418 MiB.
2026-10-08T19:51:49Z INFO [313/750] 77439a2e-7f2b-4839-b610-aa8f22f813db: Sackin index -0.0573; 156.2 s; peak memory 422 MiB.
2026-10-08T19:51:50Z INFO [314/750] 7743e961-e979-490d-b945-079e569836a2: Sackin index -0.1383; 1.2 s; peak memory 422 MiB.
2026-10-08T19:51:51Z INFO [315/750] 774411c3-fc79-4fb6-aaf6-0722509753b9: Sackin index -0.0696; 1.2 s; peak memory 422 MiB.
2026-10-08T19:51:52Z INFO [316/750] 7744f807-3e5c-4d2a-8555-10282d6ab599: Sackin index -0.0684; 0.8 s; peak memory 422 MiB.
2026-10-08T19:51:53Z INFO [317/750] 7745bae3-177f-44fd-8210-256a8a5b1242: Sackin index -0.1658; 0.7 s; peak memory 422 MiB.
2026-10-08T19:51:54Z INFO [318/750] 7745dac7-22b9-4cf3-9cea-2e3730d56732: Sackin index -0.0728; 1.3 s; peak memory 422 MiB.
2026-10-08T19:52:05Z INFO [319/750] 77466ef8-749c-4e68-aebc-566deb220e17: Sackin index -0.0141; 10.4 s; peak memory 422 MiB.
2026-10-08T19:52:06Z INFO [320/750] 7746a0c9-1890-46d4-ace4-9080c6b843cd: Sackin index -0.0881; 1.7 s; peak memory 422 MiB.
2026-10-08T19:52:08Z INFO [321/750] 77470ae1-c7c8-4be2-b8f3-b9cb6613f894: Sackin index -0.1349; 1.1 s; peak memory 422 MiB.
2026-10-08T19:52:09Z INFO [322/750] 774746d3-532e-46ca-b7ee-f2d501d8fc59: Sackin index -0.1117; 1.4 s; peak memory 422 MiB.
2026-10-08T19:52:11Z INFO [323/750] 77480dbf-62c7-414c-9194-609791333d89: Sackin index -0.1013; 1.7 s; peak memory 422 MiB.
2026-10-08T19:52:32Z INFO [324/750] 7748b94f-4606-41eb-bae9-16bfd9655402: Sackin index -0.0110; 20.9 s; peak memory 422 MiB.
2026-10-08T19:52:32Z INFO [325/750] 7748d74c-5355-42cd-bae5-195c5c7cf769: Sackin index -0.1658; 0.8 s; peak memory 422 MiB.
2026-10-08T19:52:34Z INFO [326/750] 77498e89-f3d3-4272-9a7e-4a23a1003235: Sackin index -0.0901; 1.7 s; peak memory 422 MiB.
2026-10-08T19:52:43Z INFO [327/750] 774a714b-4577-4925-929f-155a6ac5756e: Sackin index -0.0140; 9.3 s; peak memory 422 MiB.
2026-10-08T19:52:44Z INFO [328/750] 774a9172-a209-4854-8c7b-e42af8d556dd: Sackin index -0.1349; 1.0 s; peak memory 422 MiB.
2026-10-08T19:52:45Z INFO [329/750] 774b7990-3379-4828-bd0d-afa36beef1ab: Sackin index -0.1349; 0.9 s; peak memory 422 MiB.
2026-10-08T19:52:51Z INFO [330/750] 774c1b85-4f44-4beb-a0bb-d49ca4cec97d: Sackin index -0.0191; 6.0 s; peak memory 422 MiB.
2026-10-08T19:53:05Z INFO [331/750] 774c207a-df0f-4a0a-bd2b-89ab656563ab: Sackin index -0.0316; 13.3 s; peak memory 422 MiB.
2026-10-08T19:53:07Z INFO [332/750] 774c63f1-eb83-486d-a540-a0a9de543afb: Sackin index -0.0699; 2.5 s; peak memory 422 MiB.
2026-10-08T19:53:08Z INFO [333/750] 774c96ad-057e-4760-a84f-be49cdbf7501: Sackin index -0.2000; 0.7 s; peak memory 422 MiB.
2026-10-08T19:53:23Z INFO [334/750] 774d05d0-8b5d-464f-9fbf-a2f9bfcfd08a: Sackin index -0.0114; 15.6 s; peak memory 422 MiB.
2026-10-08T19:53:24Z INFO [335/750] 774d233c-5343-4da3-bdd5-134be798abe0: Sackin index -0.0735; 0.9 s; peak memory 422 MiB.
2026-10-08T19:57:54Z INFO [336/750] 774d38e2-d13b-4846-b147-e789c59b07b3: Sackin index -0.0587; 270.2 s; peak memory 473 MiB.
2026-10-08T19:58:06Z INFO [337/750] 774d54eb-c406-4c77-9113-82ad5035c1a9: Sackin index -0.0162; 11.5 s; peak memory 473 MiB.
2026-10-08T19:58:07Z INFO [338/750] 774d66ac-6080-43e4-b83a-868c83a6da60: Sackin index -0.1349; 1.1 s; peak memory 473 MiB.
2026-10-08T19:58:08Z INFO [339/750] 774d7431-8682-4219-b03c-86dba61746f4: Sackin index -0.1349; 1.1 s; peak memory 473 MiB.
2026-10-08T19:58:10Z INFO [340/750] 774dc6ae-7919-4248-84d8-e69c1d8beb09: Sackin index -0.0173; 1.8 s; peak memory 473 MiB.
2026-10-08T19:58:11Z INFO [341/750] 774e75c2-b7b9-47e1-b721-e6fd32c885bf: Sackin index -0.1349; 1.2 s; peak memory 473 MiB.
2026-10-08T19:58:24Z INFO [342/750] 774ea739-5982-44e5-a14d-485a40678c0e: Sackin index -0.1938; 12.8 s; peak memory 473 MiB.
2026-10-08T19:58:32Z INFO [343/750] 774ebe0e-5598-4973-b17c-c204726827bb: Sackin index -0.0438; 8.1 s; peak memory 473 MiB.
2026-10-08T20:01:30Z INFO [344/750] 774f6c21-a1e4-4ce4-b100-593b75d5af3a: Sackin index -0.0667; 177.7 s; peak memory 1346 MiB.
2026-10-08T20:01:31Z INFO [345/750] 774fc5ba-3f17-4c0c-b03f-494b81e61a93: Sackin index -0.1349; 1.1 s; peak memory 1346 MiB.
2026-10-08T20:01:50Z INFO [346/750] 774fe0a3-a7ba-4cfe-a01b-fc29a25d2b20: Sackin index -0.0173; 19.7 s; peak memory 1346 MiB.
2026-10-08T20:01:51Z INFO [347/750] 774ff0e9-ce25-4844-a8af-57867c34683d: Sackin index -0.0656; 1.0 s; peak memory 1346 MiB.
2026-10-08T20:02:02Z INFO [348/750] 7750c16b-025f-4f8c-be3e-e67bee819dc4: Sackin index -0.1538; 10.8 s; peak memory 1346 MiB.
2026-10-08T20:02:04Z INFO [349/750] 7750d71b-0f7a-4f49-8af1-ff5041f240e9: Sackin index -0.0728; 1.5 s; peak memory 1346 MiB.
2026-10-08T20:02:05Z INFO [350/750] 7750eff2-3933-4715-986b-40e87f6d4bce: Sackin index -0.1408; 1.1 s; peak memory 1346 MiB.
2026-10-08T20:02:05Z INFO [350/750] 7750eff2-3933-4715-986b-40e87f6d4bce: checkpointed 104436 new records.
2026-10-08T20:03:25Z INFO [351/750] 77517765-e154-451c-9563-2fe20311509d: Sackin index -0.0023; 79.6 s; peak memory 1346 MiB.
2026-10-08T20:03:25Z INFO [352/750] 7751964d-06ea-498f-886c-4070a5e5d611: Sackin index -0.1658; 0.7 s; peak memory 1346 MiB.
2026-10-08T20:03:41Z INFO [353/750] 77529128-60c7-4b2f-b943-80a13f46769d: Sackin index -0.1495; 15.9 s; peak memory 1346 MiB.
2026-10-08T20:03:42Z INFO [354/750] 7753f8fd-77fb-4469-9b8d-7693de8056a5: Sackin index -0.0696; 1.0 s; peak memory 1346 MiB.
2026-10-08T20:03:43Z INFO [355/750] 77550ba4-203a-4859-82ef-533c9e3fcfcb: Sackin index -0.1349; 1.0 s; peak memory 1346 MiB.
2026-10-08T20:03:45Z INFO [356/750] 7756588d-a51d-495d-92f1-014c3f647aac: Sackin index -0.0728; 1.4 s; peak memory 1346 MiB.
2026-10-08T20:03:46Z INFO [357/750] 77565fa4-44ed-4c2b-ba9a-587b90f66180: Sackin index -0.0375; 1.3 s; peak memory 1346 MiB.
2026-10-08T20:03:47Z INFO [358/750] 77569caa-25b7-405c-85dd-c4624b845f22: Sackin index -0.1239; 0.9 s; peak memory 1346 MiB.
2026-10-08T20:03:48Z INFO [359/750] 7756a0e1-fdcc-45c5-a11d-4c9e819be544: Sackin index -0.1349; 1.2 s; peak memory 1346 MiB.
2026-10-08T20:03:50Z INFO [360/750] 775701f1-dcb1-4771-9495-333e258a111a: Sackin index -0.0728; 1.4 s; peak memory 1346 MiB.
2026-10-08T20:03:50Z INFO [361/750] 77572220-5277-4502-b1f7-5aa8dbd308f4: Sackin index -0.2411; 0.9 s; peak memory 1346 MiB.
2026-10-08T20:03:52Z INFO [362/750] 77578ccc-1955-495e-8397-abd58cd0d5fb: Sackin index -0.0375; 1.5 s; peak memory 1346 MiB.
2026-10-08T20:03:53Z INFO [363/750] 77580e9b-bf2b-452d-9052-e8cd22ce2941: Sackin index -0.2168; 0.8 s; peak memory 1346 MiB.
2026-10-08T20:03:54Z INFO [364/750] 77581485-b71c-4c7e-b356-50a632f185ec: Sackin index -0.0728; 1.5 s; peak memory 1346 MiB.
2026-10-08T20:04:06Z INFO [365/750] 7758e1b2-e4d2-4285-b8f0-34797c9d7ab2: Sackin index -0.0150; 11.4 s; peak memory 1346 MiB.
2026-10-08T20:09:10Z INFO [366/750] 77595e0a-51cc-4a0e-96cc-a57edfeb25d1: Sackin index -0.0269; 303.9 s; peak memory 1346 MiB.
2026-10-08T20:09:17Z INFO [367/750] 77599375-b7e4-4da4-9703-54d338bb9575: Sackin index -0.0308; 7.1 s; peak memory 1346 MiB.
2026-10-08T20:09:18Z INFO [368/750] 7759c763-ad81-4373-aee7-3a700fdc8467: Sackin index -0.1349; 1.1 s; peak memory 1346 MiB.
2026-10-08T20:09:23Z INFO [369/750] 775a070a-d52d-4c0b-a910-5f29a21f5c0a: Sackin index -0.0403; 5.4 s; peak memory 1346 MiB.
2026-10-08T20:10:21Z INFO [370/750] 775a52db-aef2-4ecb-9bb7-4fd9c2f9048d: Sackin index -0.0053; 58.2 s; peak memory 1346 MiB.
2026-10-08T20:10:22Z INFO [371/750] 775aac26-77f8-4bf6-95a1-301ce97b3a48: Sackin index -0.1175; 0.8 s; peak memory 1346 MiB.
2026-10-08T20:10:23Z INFO [372/750] 775ac925-f99c-40af-8328-dcf28e796c29: Sackin index -0.0390; 1.1 s; peak memory 1346 MiB.
2026-10-08T20:10:25Z INFO [373/750] 775c4b1c-bdbb-4808-83c3-dc8243f63d5c: Sackin index -0.0398; 1.7 s; peak memory 1346 MiB.
2026-10-08T20:10:29Z INFO [374/750] 775dca5c-25e8-4ada-a537-1046abddd453: Sackin index -0.0250; 4.2 s; peak memory 1346 MiB.
2026-10-08T20:10:30Z INFO [375/750] 775e139e-c083-4c0b-ac3c-c395fad5d314: Sackin index -0.0384; 1.2 s; peak memory 1346 MiB.
2026-10-08T20:10:33Z INFO [376/750] 775ea1d3-6017-43be-9ce6-0bc99406d517: Sackin index -0.0693; 2.3 s; peak memory 1346 MiB.
2026-10-08T20:10:33Z INFO [377/750] 775efba9-bafb-4358-bf77-f39ed1db5bf6: Sackin index -0.1658; 0.7 s; peak memory 1346 MiB.
2026-10-08T20:10:35Z INFO [378/750] 775f1a92-a4de-493e-9e1a-8bf756f4a23e: Sackin index -0.1072; 1.8 s; peak memory 1346 MiB.
2026-10-08T20:10:40Z INFO [379/750] 775f2a2c-fd73-4b4e-8bf2-7f43fa50f323: Sackin index -0.0415; 4.8 s; peak memory 1346 MiB.
2026-10-08T20:10:47Z INFO [380/750] 775f3779-14a2-4332-ab8c-71349f563c03: Sackin index -0.0178; 7.2 s; peak memory 1346 MiB.
2026-10-08T20:10:48Z INFO [381/750] 776176b7-ee5f-4a35-a7da-0c9a58e4184a: Sackin index -0.0709; 1.0 s; peak memory 1346 MiB.
2026-10-08T20:10:53Z INFO [382/750] 77620d36-0bc7-4f48-9d26-0b943a6175f6: Sackin index -0.0403; 4.6 s; peak memory 1346 MiB.
2026-10-08T20:10:54Z INFO [383/750] 7763d8a1-013f-48f4-92ed-b41a65f77167: Sackin index -0.1349; 1.1 s; peak memory 1346 MiB.
2026-10-08T20:10:55Z INFO [384/750] 77651c47-ef1c-49f4-b4ca-b5330d3bc295: Sackin index -0.1000; 1.5 s; peak memory 1346 MiB.
2026-10-08T20:10:56Z INFO [385/750] 77654502-4fea-4f78-b4ee-696686db6a8a: Sackin index -0.1349; 0.9 s; peak memory 1346 MiB.
2026-10-08T20:10:57Z INFO [386/750] 77654ebb-6a5e-4647-a7de-07888f6cddf4: Sackin index -0.1288; 0.9 s; peak memory 1346 MiB.
2026-10-08T20:10:58Z INFO [387/750] 776721d1-d3bb-4512-aca9-4de6f617e1ed: Sackin index -0.1658; 0.7 s; peak memory 1346 MiB.
2026-10-08T20:10:59Z INFO [388/750] 7767fa5a-e5eb-49ae-9976-31d52148e14b: Sackin index -0.0745; 0.9 s; peak memory 1346 MiB.
2026-10-08T20:11:00Z INFO [389/750] 7768f129-49c5-4e1e-a366-08ff22f0b571: Sackin index -0.1448; 0.7 s; peak memory 1346 MiB.
2026-10-08T20:11:00Z INFO [390/750] 7769b9c3-ae87-4ea7-9c81-03f1ff4b4c46: Sackin index -0.1658; 0.6 s; peak memory 1346 MiB.
2026-10-08T20:11:01Z INFO [391/750] 776a0e9f-abba-40b7-9b27-e90c55597ce1: Sackin index -0.1349; 1.0 s; peak memory 1346 MiB.
2026-10-08T20:11:03Z INFO [392/750] 776a1326-dec5-47bd-947e-25867a9e87be: Sackin index -0.0688; 2.3 s; peak memory 1346 MiB.
2026-10-08T20:11:05Z INFO [393/750] 776a36c5-01f3-4576-8a68-734102da30bb: Sackin index -0.0272; 1.5 s; peak memory 1346 MiB.
2026-10-08T20:11:06Z INFO [394/750] 776a67ec-2dc4-4160-85ce-5af31264906b: Sackin index -0.1183; 1.4 s; peak memory 1346 MiB.
2026-10-08T20:11:08Z INFO [395/750] 776ae878-b9b6-416d-a5ea-cfe5056298a4: Sackin index -0.0709; 1.1 s; peak memory 1346 MiB.
2026-10-08T20:11:08Z INFO [396/750] 776b6274-187a-4524-94b7-6389af40517d: Sackin index -0.2168; 0.7 s; peak memory 1346 MiB.
2026-10-08T20:11:10Z INFO [397/750] 776bd938-028e-4cf4-b04e-4680a1b3f2ff: Sackin index -0.0434; 1.4 s; peak memory 1346 MiB.
2026-10-08T20:11:11Z INFO [398/750] 776ca597-684c-4168-8606-df5cc004be28: Sackin index -0.1349; 1.0 s; peak memory 1346 MiB.
2026-10-08T20:11:11Z INFO [399/750] 776cfa8d-e627-4ff5-9938-04c9f8c984f7: Sackin index -0.1658; 0.7 s; peak memory 1346 MiB.
2026-10-08T20:11:12Z INFO [400/750] 776d3aed-2f1b-4878-b812-b815110743be: Sackin index -0.3646; 0.8 s; peak memory 1346 MiB.
2026-10-08T20:11:12Z INFO [400/750] 776d3aed-2f1b-4878-b812-b815110743be: checkpointed 104486 new records.
2026-10-08T20:11:13Z INFO [401/750] 776dc065-d5ee-47fd-bc2a-9a3afc456e4f: Sackin index -0.1191; 0.9 s; peak memory 1346 MiB.
2026-10-08T20:11:14Z INFO [402/750] 776eca78-4ae6-4d2e-bcd8-1204d18f950a: Sackin index -0.0696; 1.0 s; peak memory 1346 MiB.
2026-10-08T20:11:22Z INFO [403/750] 776f0e4a-d12c-48b4-af5f-0663f8636d27: Sackin index -0.0940; 7.4 s; peak memory 1346 MiB.
2026-10-08T20:11:23Z INFO [404/750] 776f19ed-add4-4662-9770-7548127810d9: Sackin index -0.0728; 1.3 s; peak memory 1346 MiB.
2026-10-08T20:11:24Z INFO [405/750] 776f2016-dadf-4d8f-8411-ca11002a0c0e: Sackin index -0.1349; 1.0 s; peak memory 1346 MiB.
2026-10-08T20:11:25Z INFO [406/750] 776f4f86-82bc-438d-b479-71b42d766d90: Sackin index -0.0728; 1.2 s; peak memory 1346 MiB.
2026-10-08T20:11:27Z INFO [407/750] 776fda63-253e-4d2d-80eb-65017d8ca54f: Sackin index -0.0681; 1.9 s; peak memory 1346 MiB.
2026-10-08T20:11:31Z INFO [408/750] 7771082b-1b39-4e97-9656-93abfbdeb13c: Sackin index -0.0991; 4.2 s; peak memory 1346 MiB.
2026-10-08T20:11:33Z INFO [409/750] 77718df8-466d-4aef-b399-9e82fab5e321: Sackin index -0.0728; 1.4 s; peak memory 1346 MiB.
2026-10-08T20:11:35Z INFO [410/750] 7771db96-58dc-41d1-bbd1-783810309175: Sackin index -0.0693; 2.3 s; peak memory 1346 MiB.
2026-10-08T20:11:39Z INFO [411/750] 7773117e-ce4d-44cc-bf1e-dbb2992600af: Sackin index -0.0261; 3.6 s; peak memory 1346 MiB.
2026-10-08T20:11:40Z INFO [412/750] 77731ef7-44c4-44f3-9e8f-db3382080c97: Sackin index -0.0944; 1.2 s; peak memory 1346 MiB.
2026-10-08T20:11:41Z INFO [413/750] 777339f1-d842-4ddc-a0e1-d42b938055f6: Sackin index -0.0385; 0.9 s; peak memory 1346 MiB.
2026-10-08T20:16:43Z INFO [414/750] 77734288-51f6-4f79-815a-1e5f2e489d40: Sackin index -0.0286; 301.9 s; peak memory 1346 MiB.
2026-10-08T20:16:44Z INFO [415/750] 7773775d-341a-490c-a5b3-63d53304d3af: Sackin index -0.0696; 1.1 s; peak memory 1346 MiB.
2026-10-08T20:16:45Z INFO [416/750] 77738760-1849-4160-aa1a-a025ed3dbcda: Sackin index -0.1194; 1.6 s; peak memory 1346 MiB.
2026-10-08T20:16:46Z INFO [417/750] 7773e4bb-6100-4407-bc4c-54dd897b6d15: Sackin index -0.1349; 1.1 s; peak memory 1346 MiB.
2026-10-08T20:16:51Z INFO [418/750] 7773ffd1-5726-406c-a41a-01323e0ec8ea: Sackin index -0.0635; 4.2 s; peak memory 1346 MiB.
2026-10-08T20:16:52Z INFO [419/750] 77742e1e-9dc4-4cd6-b6f1-f93a9b200b87: Sackin index -0.1349; 1.1 s; peak memory 1346 MiB.
2026-10-08T20:16:53Z INFO [420/750] 77745d46-83ac-49ba-8248-8366f3115626: Sackin index -0.0748; 0.9 s; peak memory 1346 MiB.
2026-10-08T20:16:54Z INFO [421/750] 7776424f-da89-41af-a6c7-9b6453b5d73f: Sackin index -0.1349; 1.0 s; peak memory 1346 MiB.
2026-10-08T20:16:55Z INFO [422/750] 77773db6-130f-4ed3-bf57-af40c54e7ccd: Sackin index -0.1349; 1.0 s; peak memory 1346 MiB.
2026-10-08T20:16:55Z INFO [423/750] 77778dda-ffb1-4055-8bc1-dda9292392ce: Sackin index -0.1658; 0.7 s; peak memory 1346 MiB.
2026-10-08T20:16:56Z INFO [424/750] 77779318-1a38-44f6-8eb4-96537cd357b2: Sackin index -0.0709; 1.2 s; peak memory 1346 MiB.
2026-10-08T20:16:58Z INFO [425/750] 7777b756-2481-473b-9946-307dee167d02: Sackin index -0.0728; 1.2 s; peak memory 1346 MiB.
2026-10-08T20:19:38Z INFO [426/750] 7778275e-6a54-495a-bb66-a1e9ead76dfa: Sackin index -0.0573; 160.3 s; peak memory 1346 MiB.
2026-10-08T20:19:39Z INFO [427/750] 7778ee4b-edd5-4f22-86f6-7b171c847538: Sackin index -0.0376; 1.4 s; peak memory 1346 MiB.
2026-10-08T20:19:41Z INFO [428/750] 7779412e-841a-460b-ba95-b634cd49fd75: Sackin index -0.0696; 1.3 s; peak memory 1346 MiB.
2026-10-08T20:19:55Z INFO [429/750] 77796f43-b091-4b3e-a8f9-2620634657ab: Sackin index -0.0614; 14.7 s; peak memory 1346 MiB.
2026-10-08T20:19:56Z INFO [430/750] 7779c5f3-f798-4874-aaf5-627d2fb5e7c8: Sackin index -0.0728; 1.2 s; peak memory 1346 MiB.
2026-10-08T20:19:57Z INFO [431/750] 7779e263-21c6-435c-80f6-d782da42fe12: Sackin index -0.1319; 1.0 s; peak memory 1346 MiB.
2026-10-08T20:19:59Z INFO [432/750] 777a1e5f-629d-4d98-88b2-7446e5cf7d80: Sackin index -0.0728; 1.3 s; peak memory 1346 MiB.
2026-10-08T20:20:01Z INFO [433/750] 777a2ff9-29e9-4cd1-b90b-e305252189d1: Sackin index -0.0660; 2.7 s; peak memory 1346 MiB.
2026-10-08T20:20:03Z INFO [434/750] 777ae015-4236-40bf-82cf-1eabddd54252: Sackin index -0.0696; 1.1 s; peak memory 1346 MiB.
2026-10-08T20:20:04Z INFO [435/750] 777aef21-f9be-43cf-ac4f-0f108c84e5b1: Sackin index -0.0738; 1.8 s; peak memory 1346 MiB.
2026-10-08T20:20:07Z INFO [436/750] 777b2ff2-2293-4e21-9c77-0b15ac04f00a: Sackin index -0.0704; 2.7 s; peak memory 1346 MiB.
2026-10-08T20:20:23Z INFO [437/750] 777b6a41-3e9a-477a-a0ab-953c385319aa: Sackin index -0.0108; 15.9 s; peak memory 1346 MiB.
2026-10-08T20:23:35Z INFO [438/750] 777c03f5-c9b3-461a-9e96-797aa5ddc2f1: Sackin index -0.0286; 192.1 s; peak memory 1346 MiB.
2026-10-08T20:23:36Z INFO [439/750] 777ca322-f9b3-41f7-a20c-97c4cdffe5fd: Sackin index -0.1349; 1.1 s; peak memory 1346 MiB.
2026-10-08T20:23:47Z INFO [440/750] 777d35a5-614c-4dee-8166-40e8d55c6b8c: Sackin index -0.0188; 11.3 s; peak memory 1346 MiB.
2026-10-08T20:23:58Z INFO [441/750] 777de237-b6bc-40b7-b47e-ff894dd1f2d9: Sackin index -0.0293; 10.8 s; peak memory 1346 MiB.
2026-10-08T20:24:00Z INFO [442/750] 777de30f-4a79-4fba-8481-0c3573c4deea: Sackin index -0.0585; 1.9 s; peak memory 1346 MiB.
2026-10-08T20:24:01Z INFO [443/750] 777dfeb2-a274-4e00-8036-a76681aecaec: Sackin index -0.0728; 1.3 s; peak memory 1346 MiB.
2026-10-08T20:24:03Z INFO [444/750] 777e2207-dc9e-4c0f-8620-11f3b21d0e88: Sackin index -0.1349; 1.1 s; peak memory 1346 MiB.
2026-10-08T20:24:04Z INFO [445/750] 777e4c77-ae71-457d-8f44-d2c0bb4ebd50: Sackin index -0.0369; 1.5 s; peak memory 1346 MiB.
2026-10-08T20:24:14Z INFO [446/750] 777f87b6-b1b0-4022-98fb-d1883400f112: Sackin index -0.0159; 10.4 s; peak memory 1346 MiB.
2026-10-08T20:24:16Z INFO [447/750] 777fbfe0-42a3-4f86-b3fe-3edca69bf9f9: Sackin index -0.0901; 1.3 s; peak memory 1346 MiB.
2026-10-08T20:24:17Z INFO [448/750] 777fec0e-4256-40aa-ba72-cbf7106b77ed: Sackin index -0.0434; 1.3 s; peak memory 1346 MiB.
2026-10-08T20:24:18Z INFO [449/750] 77800b77-b6fa-4e86-9409-fe8f6890db18: Sackin index -0.1349; 1.1 s; peak memory 1346 MiB.
2026-10-08T20:24:19Z INFO [450/750] 77813398-bcea-44ea-b8fc-4d504b1962c3: Sackin index -0.1349; 1.0 s; peak memory 1346 MiB.
2026-10-08T20:24:19Z INFO [450/750] 77813398-bcea-44ea-b8fc-4d504b1962c3: checkpointed 104536 new records.
2026-10-08T20:24:20Z INFO [451/750] 7781dd90-161e-464f-9931-c2a934cdbcf9: Sackin index -0.1288; 1.0 s; peak memory 1346 MiB.
2026-10-08T20:24:27Z INFO [452/750] 77821711-1a65-4dae-b4d6-ee5c190ff54a: Sackin index -0.0415; 6.3 s; peak memory 1346 MiB.
2026-10-08T20:24:28Z INFO [453/750] 7782eabe-4a5b-49fa-9e0e-9c6dc7e11697: Sackin index -0.1349; 0.9 s; peak memory 1346 MiB.
2026-10-08T20:24:29Z INFO [454/750] 778367dd-cde3-48a9-9a14-331e8f2a2837: Sackin index -0.0696; 1.1 s; peak memory 1346 MiB.
2026-10-08T20:24:30Z INFO [455/750] 77837f7a-dde8-453d-bd42-b2f2ea09964a: Sackin index -0.0386; 1.0 s; peak memory 1346 MiB.
2026-10-08T20:24:37Z INFO [456/750] 7783af79-d3ce-4fc1-a81b-12fe516baead: Sackin index -0.1938; 7.1 s; peak memory 1346 MiB.
2026-10-08T20:24:38Z INFO [457/750] 77850772-56c4-4829-9925-ae88d464183d: Sackin index -0.0375; 1.5 s; peak memory 1346 MiB.
2026-10-08T20:24:39Z INFO [458/750] 77855463-8033-47b2-944f-e622d3869e21: Sackin index -0.1349; 1.1 s; peak memory 1346 MiB.
2026-10-08T20:24:41Z INFO [459/750] 77855675-e34b-4ffe-abaf-8b215ee12713: Sackin index -0.0699; 2.2 s; peak memory 1346 MiB.
2026-10-08T20:24:42Z INFO [460/750] 77859ae4-03bc-458a-a290-52c36057a6dc: Sackin index -0.1349; 1.1 s; peak memory 1346 MiB.
2026-10-08T20:25:24Z INFO [461/750] 7785df5b-1053-466f-b372-df38128eb581: Sackin index -0.1144; 41.7 s; peak memory 1346 MiB.
2026-10-08T20:25:31Z INFO [462/750] 7785f1f2-d638-4af0-a757-9c3cc6f5020e: Sackin index -0.0476; 6.3 s; peak memory 1346 MiB.
2026-10-08T20:25:32Z INFO [463/750] 7785f3cd-292d-43af-b1c8-cf383e7ed64b: Sackin index -0.0728; 1.0 s; peak memory 1346 MiB.
2026-10-08T20:25:33Z INFO [464/750] 77860314-f54c-41f8-8b27-0391cb7d6160: Sackin index -0.1349; 1.1 s; peak memory 1346 MiB.
2026-10-08T20:25:35Z INFO [465/750] 77861bc6-8cb8-4123-b4ed-09b2ca31f971: Sackin index -0.1243; 2.3 s; peak memory 1346 MiB.
2026-10-08T20:25:36Z INFO [466/750] 778630e8-fe8b-4a9d-a8ce-d3c6c633e154: Sackin index -0.1731; 0.9 s; peak memory 1346 MiB.
2026-10-08T20:25:37Z INFO [467/750] 77878583-37f7-4ae3-b90b-f3d00909c3bb: Sackin index -0.1429; 1.1 s; peak memory 1346 MiB.
2026-10-08T20:26:01Z INFO [468/750] 7787c215-2b10-4e69-9b9b-2eea06e986c2: Sackin index -0.0147; 23.7 s; peak memory 1346 MiB.
2026-10-08T20:26:02Z INFO [469/750] 77889775-b8ee-488b-9dd6-28f6dd7820ca: Sackin index -0.0379; 1.6 s; peak memory 1346 MiB.
2026-10-08T20:26:03Z INFO [470/750] 77889b18-344b-4e55-acde-2cbf54878b1e: Sackin index -0.0382; 1.2 s; peak memory 1346 MiB.
2026-10-08T20:26:05Z INFO [471/750] 7788a8f6-2ff2-40f1-8fd1-31079ef9b0ca: Sackin index -0.1269; 1.3 s; peak memory 1346 MiB.
2026-10-08T20:26:06Z INFO [472/750] 7788cbb6-eb93-4bfc-b5d7-e944b63a2998: Sackin index -0.0275; 1.8 s; peak memory 1346 MiB.
2026-10-08T20:26:08Z INFO [473/750] 778912dd-6f49-4190-ab4d-5a60e81e90bc: Sackin index -0.0728; 1.2 s; peak memory 1346 MiB.
2026-10-08T20:26:09Z INFO [474/750] 7789715f-c8f9-4071-9520-4b139133ef7d: Sackin index -0.1349; 1.0 s; peak memory 1346 MiB.
2026-10-08T20:26:09Z INFO [475/750] 77897899-ac84-4531-a847-e20a33200faf: Sackin index -0.3646; 0.8 s; peak memory 1346 MiB.
2026-10-08T20:26:11Z INFO [476/750] 7789b99f-8003-4110-87da-7cc609bb370d: Sackin index -0.0276; 1.9 s; peak memory 1346 MiB.
2026-10-08T20:26:13Z INFO [477/750] 778afd77-4136-4199-b9b2-4dce2ae101bc: Sackin index -0.1349; 1.2 s; peak memory 1346 MiB.
2026-10-08T20:26:14Z INFO [478/750] 778c188c-39b8-4f7d-9f7b-802f8d3c867f: Sackin index -0.1349; 1.0 s; peak memory 1346 MiB.
2026-10-08T20:26:15Z INFO [479/750] 778c3167-0cc5-4e65-89e6-d127e8cc22d9: Sackin index -0.0371; 1.1 s; peak memory 1346 MiB.
2026-10-08T20:26:16Z INFO [480/750] 778c47b1-5fa9-4bfa-b9e7-01245fcb18e4: Sackin index -0.0359; 1.1 s; peak memory 1346 MiB.
2026-10-08T20:26:26Z INFO [481/750] 778dd961-a82c-42c5-b900-14fdeea2c03c: Sackin index -0.0188; 9.9 s; peak memory 1346 MiB.
2026-10-08T20:26:30Z INFO [482/750] 778e054c-343b-47a2-9547-34eb0a03ada6: Sackin index -0.0415; 4.4 s; peak memory 1346 MiB.
2026-10-08T20:26:31Z INFO [483/750] 778e6d75-4887-4b8d-8978-de3f3c26c3fe: Sackin index -0.0702; 1.1 s; peak memory 1346 MiB.
2026-10-08T20:26:34Z INFO [484/750] 778efffe-56b6-4b2a-ae3c-2c1b294771af: Sackin index -0.0693; 2.9 s; peak memory 1346 MiB.
2026-10-08T20:26:35Z INFO [485/750] 778f5a06-c742-439b-9522-787700c7a450: Sackin index -0.0689; 0.9 s; peak memory 1346 MiB.
2026-10-08T20:26:42Z INFO [486/750] 778faecc-f9b4-490c-a4f1-ce8c9d24298e: Sackin index -0.0308; 7.6 s; peak memory 1346 MiB.
2026-10-08T20:26:44Z INFO [487/750] 7790c815-175e-40b4-a0a5-8b5006258a71: Sackin index -0.1248; 1.3 s; peak memory 1346 MiB.
2026-10-08T20:26:45Z INFO [488/750] 77911f8a-1401-418a-b7c3-a88325690160: Sackin index -0.1349; 1.2 s; peak memory 1346 MiB.
2026-10-08T20:26:46Z INFO [489/750] 7791380c-5672-4053-a752-e73bc069afd2: Sackin index -0.1349; 1.0 s; peak memory 1346 MiB.
2026-10-08T20:26:47Z INFO [490/750] 77916ff0-c831-4844-910a-ca9075012ae6: Sackin index -0.1349; 1.2 s; peak memory 1346 MiB.
2026-10-08T20:27:17Z INFO [491/750] 7791a226-aab0-45f9-ac7f-66005d3980f3: Sackin index -0.1367; 30.2 s; peak memory 1346 MiB.
2026-10-08T20:27:20Z INFO [492/750] 7791f195-a032-4efe-a821-83150dc563b7: Sackin index -0.0699; 2.6 s; peak memory 1346 MiB.
2026-10-08T20:27:21Z INFO [493/750] 77926699-844f-4f8c-8982-ada59ed1ebdf: Sackin index -0.1295; 1.0 s; peak memory 1346 MiB.
2026-10-08T20:27:22Z INFO [494/750] 7793cd34-f2d6-4ec7-bdb7-a6e6dd5b6245: Sackin index -0.1383; 1.4 s; peak memory 1346 MiB.
2026-10-08T20:27:23Z INFO [495/750] 7793f5df-c348-476d-9b89-122c62fb9355: Sackin index -0.1349; 1.0 s; peak memory 1346 MiB.
2026-10-08T20:27:32Z INFO [496/750] 779489e7-54c8-4d01-85eb-b2dc76a7bc3c: Sackin index -0.0212; 8.7 s; peak memory 1346 MiB.
2026-10-08T20:27:33Z INFO [497/750] 7794f4bf-6dd7-49e3-9e73-6fba39079a9e: Sackin index -0.1349; 1.0 s; peak memory 1346 MiB.
2026-10-08T20:27:34Z INFO [498/750] 779590f1-14a2-473e-94a9-8cae98de2e0f: Sackin index -0.1349; 0.9 s; peak memory 1346 MiB.
2026-10-08T20:27:34Z INFO [499/750] 7795b64c-ac77-4075-8ace-89445636c45f: Sackin index -0.1938; 0.7 s; peak memory 1346 MiB.
2026-10-08T20:27:35Z INFO [500/750] 7795f939-5f9b-4181-8edb-6173060a85fc: Sackin index -0.2000; 0.7 s; peak memory 1346 MiB.
2026-10-08T20:27:35Z INFO [500/750] 7795f939-5f9b-4181-8edb-6173060a85fc: checkpointed 104586 new records.
2026-10-08T20:27:43Z INFO [501/750] 77961c20-22be-4bf3-92a9-b632020b80ba: Sackin index -0.1462; 7.8 s; peak memory 1346 MiB.
2026-10-08T20:27:44Z INFO [502/750] 77962366-231c-4527-8ebc-73b88182cabd: Sackin index -0.1349; 1.1 s; peak memory 1346 MiB.
2026-10-08T20:27:45Z INFO [503/750] 7797a9ed-ff93-42a5-8fe6-4e2e7f14fccd: Sackin index -0.1349; 1.2 s; peak memory 1346 MiB.
2026-10-08T20:27:47Z INFO [504/750] 7797db22-c7f3-4e06-8806-7eba188ecf6a: Sackin index -0.1082; 1.3 s; peak memory 1346 MiB.
2026-10-08T20:27:47Z INFO [505/750] 779892f5-0ab7-4f10-a948-a20e823910a4: Sackin index -0.1331; 0.8 s; peak memory 1346 MiB.
2026-10-08T20:27:49Z INFO [506/750] 7798f539-b9d7-4a13-8255-59ad1c0a4a28: Sackin index -0.1000; 1.3 s; peak memory 1346 MiB.
2026-10-08T20:27:52Z INFO [507/750] 7799162f-f298-4024-91f0-287dd2f5f51a: Sackin index -0.0694; 3.0 s; peak memory 1346 MiB.
2026-10-08T20:27:53Z INFO [508/750] 77993ef8-2777-4a38-a89d-4b1632fc1ae6: Sackin index -0.0702; 1.1 s; peak memory 1346 MiB.
2026-10-08T20:27:54Z INFO [509/750] 779a4048-a15c-4d6d-b322-beb0ddab69b8: Sackin index -0.0387; 1.5 s; peak memory 1346 MiB.
2026-10-08T20:27:56Z INFO [510/750] 779a7b50-2e2f-40f3-8d5f-a315e288a320: Sackin index -0.0272; 1.5 s; peak memory 1346 MiB.
2026-10-08T20:27:57Z INFO [511/750] 779a889c-91ee-4104-8a61-131393f0fae1: Sackin index -0.1349; 1.1 s; peak memory 1346 MiB.
2026-10-08T20:27:58Z INFO [512/750] 779afef8-cfc6-4bf7-970d-671be0501e7f: Sackin index -0.1349; 1.0 s; peak memory 1346 MiB.
2026-10-08T20:28:00Z INFO [513/750] 779b2022-519e-437f-86d6-1ac6db1d036f: Sackin index -0.0373; 1.5 s; peak memory 1346 MiB.
2026-10-08T20:28:01Z INFO [514/750] 779b2782-20ff-489e-9833-a31f7871428e: Sackin index -0.0365; 1.8 s; peak memory 1346 MiB.
2026-10-08T20:28:02Z INFO [515/750] 779ba80c-a34e-4537-8c50-2061525a5cd5: Sackin index -0.1349; 0.9 s; peak memory 1346 MiB.
2026-10-08T20:28:08Z INFO [516/750] 779bf95a-682e-4221-8bbf-84ca51c1da99: Sackin index -0.0166; 5.8 s; peak memory 1346 MiB.
2026-10-08T20:28:10Z INFO [517/750] 779c9331-093f-4f18-b492-a49e4a87c7aa: Sackin index -0.1273; 1.7 s; peak memory 1346 MiB.
2026-10-08T20:28:16Z INFO [518/750] 779f9f72-d509-4066-b86f-99539532aa6b: Sackin index -0.0021; 6.3 s; peak memory 1346 MiB.
2026-10-08T20:28:17Z INFO [519/750] 77a04e2f-5b7f-4cd5-8b8b-514e9bb00520: Sackin index -0.0696; 1.1 s; peak memory 1346 MiB.
2026-10-08T20:28:29Z INFO [520/750] 77a05244-ac0b-453b-a023-ca65bf9aaf61: Sackin index -0.0284; 12.3 s; peak memory 1346 MiB.
2026-10-08T20:28:40Z INFO [521/750] 77a0d2db-b0d9-4c9f-b1a9-902673eccda0: Sackin index -0.0115; 10.2 s; peak memory 1346 MiB.
2026-10-08T20:28:40Z INFO [522/750] 77a0e4a3-ae99-4234-9d8d-5e96c043b93a: Sackin index -0.1178; 0.7 s; peak memory 1346 MiB.
2026-10-08T20:28:42Z INFO [523/750] 77a144ec-656d-4747-b7df-c493b4df5352: Sackin index -0.0728; 1.2 s; peak memory 1346 MiB.
2026-10-08T20:28:48Z INFO [524/750] 77a189c7-eb35-4069-bea4-ea2edeee0fe5: Sackin index -0.0940; 6.4 s; peak memory 1346 MiB.
2026-10-08T20:28:49Z INFO [525/750] 77a1d51c-3bd4-41b0-a446-88aa660b8698: Sackin index -0.0883; 1.0 s; peak memory 1346 MiB.
2026-10-08T20:28:50Z INFO [526/750] 77a2194b-b9d2-48f0-aafb-1b519f83dd01: Sackin index -0.1349; 0.8 s; peak memory 1346 MiB.
2026-10-08T20:28:51Z INFO [527/750] 77a256e0-dd96-4b60-81b4-f543f816eaf8: Sackin index -0.1349; 0.9 s; peak memory 1346 MiB.
2026-10-08T20:28:52Z INFO [528/750] 77a2dc90-cf02-4def-8f4d-28cb1a4de18e: Sackin index -0.0702; 1.1 s; peak memory 1346 MiB.
2026-10-08T20:28:53Z INFO [529/750] 77a3518b-89b4-42c9-bd64-a4c973f79bcc: Sackin index -0.1349; 0.9 s; peak memory 1346 MiB.
2026-10-08T20:28:55Z INFO [530/750] 77a3beda-f06c-446e-a211-9dd943841c3f: Sackin index -0.0695; 2.4 s; peak memory 1346 MiB.
2026-10-08T20:31:31Z INFO [531/750] 77a43e8a-d029-43ce-b4eb-463ceb83ba92: Sackin index -0.0260; 155.7 s; peak memory 1346 MiB.
2026-10-08T20:31:32Z INFO [532/750] 77a4ef1e-5e98-42de-b792-2e744fd153fa: Sackin index -0.1331; 1.0 s; peak memory 1346 MiB.
2026-10-08T20:31:33Z INFO [533/750] 77a5fa11-d68c-4dbf-9bad-5ade1deacf13: Sackin index -0.0728; 1.3 s; peak memory 1346 MiB.
2026-10-08T20:31:34Z INFO [534/750] 77a689d8-76b0-4551-8f07-98b09764426a: Sackin index -0.1349; 1.1 s; peak memory 1346 MiB.
2026-10-08T20:31:35Z INFO [535/750] 77a7607b-1b21-4055-89c2-939fa0d72803: Sackin index -0.1349; 1.0 s; peak memory 1346 MiB.
2026-10-08T20:31:36Z INFO [536/750] 77a8706c-53b6-45b5-9a2d-b312c6731c87: Sackin index -0.1349; 1.1 s; peak memory 1346 MiB.
2026-10-08T20:31:37Z INFO [537/750] 77a897f8-fd50-4c33-b1f3-fbe5f954c212: Sackin index -0.1658; 0.9 s; peak memory 1346 MiB.
2026-10-08T20:31:38Z INFO [538/750] 77a8a01e-f5bf-443c-a1e7-dc9d1ab99152: Sackin index -0.1303; 0.8 s; peak memory 1346 MiB.
2026-10-08T20:31:39Z INFO [539/750] 77a93520-7c48-4ae6-86a0-ca5531c3401d: Sackin index -0.1492; 1.3 s; peak memory 1346 MiB.
2026-10-08T20:31:41Z INFO [540/750] 77a99d27-c0a3-49d1-92d9-c32d749ebcf2: Sackin index -0.0728; 1.3 s; peak memory 1346 MiB.
2026-10-08T20:31:53Z INFO [541/750] 77aa8a8d-2e6b-4641-9ff4-613917b219e9: Sackin index -0.0173; 12.7 s; peak memory 1346 MiB.
2026-10-08T20:31:54Z INFO [542/750] 77aaf2c2-0356-431e-8f4a-652c2475826f: Sackin index -0.1248; 1.1 s; peak memory 1346 MiB.
2026-10-08T20:31:56Z INFO [543/750] 77ab6cbb-358e-43df-8cc4-a0e8d0506d5c: Sackin index -0.1244; 1.5 s; peak memory 1346 MiB.
2026-10-08T20:31:57Z INFO [544/750] 77abc09f-e970-48c7-8056-6b44f9d8654b: Sackin index -0.1272; 0.8 s; peak memory 1346 MiB.
2026-10-08T20:31:58Z INFO [545/750] 77acb42e-d791-4987-8ff1-f4be7b5080d9: Sackin index -0.0728; 1.1 s; peak memory 1346 MiB.
2026-10-08T20:31:59Z INFO [546/750] 77ace434-3b07-4b00-8a8a-1c434f3b45a5: Sackin index -0.0738; 1.0 s; peak memory 1346 MiB.
2026-10-08T20:32:00Z INFO [547/750] 77acf426-6799-42c8-8f50-e46a21ad1d6d: Sackin index -0.1349; 1.1 s; peak memory 1346 MiB.
2026-10-08T20:32:01Z INFO [548/750] 77ad408e-0dda-411d-9e02-c939f136f168: Sackin index -0.0702; 1.0 s; peak memory 1346 MiB.
2026-10-08T20:32:02Z INFO [549/750] 77ad6807-99e5-4d7b-9a5a-c7ddbe39184f: Sackin index -0.1349; 0.9 s; peak memory 1346 MiB.
2026-10-08T20:32:03Z INFO [550/750] 77ad6997-1bfa-46f3-830d-59c2a173b9d6: Sackin index -0.0434; 1.5 s; peak memory 1346 MiB.
2026-10-08T20:32:04Z INFO [550/750] 77ad6997-1bfa-46f3-830d-59c2a173b9d6: checkpointed 104636 new records.
2026-10-08T20:32:05Z INFO [551/750] 77af8b64-954b-4050-9d23-6e68e73a2e03: Sackin index -0.0702; 1.1 s; peak memory 1346 MiB.
2026-10-08T20:32:07Z INFO [552/750] 77b14bd5-41e5-4fbe-94cf-3a9b978fca01: Sackin index -0.0681; 2.5 s; peak memory 1346 MiB.
2026-10-08T20:32:10Z INFO [553/750] 77b183c4-ec32-4e31-9672-b1e64eaac807: Sackin index -0.0978; 2.5 s; peak memory 1346 MiB.
2026-10-08T20:32:11Z INFO [554/750] 77b21477-1a05-4814-8253-8193d2417933: Sackin index -0.0728; 1.2 s; peak memory 1346 MiB.
2026-10-08T20:32:12Z INFO [555/750] 77b26a6b-fb0a-4a74-881c-34c1adc4f23d: Sackin index -0.1272; 0.7 s; peak memory 1346 MiB.
2026-10-08T20:32:23Z INFO [556/750] 77b278a1-a177-4b46-8922-8e1482422307: Sackin index -0.0055; 11.2 s; peak memory 1346 MiB.
2026-10-08T20:32:24Z INFO [557/750] 77b33a6b-fbca-4e90-9c23-e1fc0b73b60b: Sackin index -0.1349; 1.0 s; peak memory 1346 MiB.
2026-10-08T20:32:44Z INFO [558/750] 77b42a1b-b90b-477c-8bd2-a8816da2c742: Sackin index -0.0237; 20.3 s; peak memory 1346 MiB.
2026-10-08T20:32:46Z INFO [559/750] 77b48624-f495-49fa-a7f5-c6faa25b96d4: Sackin index -0.0728; 1.2 s; peak memory 1346 MiB.
2026-10-08T20:32:46Z INFO [560/750] 77b5bc41-4d54-4398-93c6-0f801a66cdca: Sackin index -0.1430; 0.9 s; peak memory 1346 MiB.
2026-10-08T20:32:47Z INFO [561/750] 77b67c13-7f32-43bc-8b4d-d083db69e28d: Sackin index -0.1349; 1.0 s; peak memory 1346 MiB.
2026-10-08T20:32:49Z INFO [562/750] 77b6bebb-9442-4e7d-9aa4-dd8930f1e694: Sackin index -0.0275; 1.5 s; peak memory 1346 MiB.
2026-10-08T20:32:52Z INFO [563/750] 77b6c626-8350-47bc-8305-63f9c7c821a1: Sackin index -0.0797; 3.1 s; peak memory 1346 MiB.
2026-10-08T20:32:53Z INFO [564/750] 77b6d0d1-bad9-4da6-b611-aeb52f44d160: Sackin index -0.1349; 0.9 s; peak memory 1346 MiB.
2026-10-08T20:32:54Z INFO [565/750] 77b87ada-78da-4aa2-a3cf-a220baa0c5af: Sackin index -0.1349; 1.0 s; peak memory 1346 MiB.
2026-10-08T20:35:38Z INFO [566/750] 77b8edc8-97ae-49f1-b7aa-dcd5dc97ebd1: Sackin index -0.0573; 164.2 s; peak memory 1346 MiB.
2026-10-08T20:35:57Z INFO [567/750] 77b9706c-4527-489e-bb05-7fac707df009: Sackin index -0.1462; 18.3 s; peak memory 1346 MiB.
2026-10-08T20:35:58Z INFO [568/750] 77b982a3-7e7d-4e38-9c2e-1d0ff5c3546a: Sackin index -0.0702; 1.2 s; peak memory 1346 MiB.
2026-10-08T20:35:59Z INFO [569/750] 77b9f6ca-83a0-49a1-a8ff-5d356d41f0b6: Sackin index -0.0728; 1.5 s; peak memory 1346 MiB.
2026-10-08T20:36:00Z INFO [570/750] 77ba479d-0fa7-4a51-9a15-f31a5da20cd6: Sackin index -0.1349; 1.2 s; peak memory 1346 MiB.
2026-10-08T20:36:01Z INFO [571/750] 77ba6546-51db-4f59-88ab-e1f53e6c17d7: Sackin index -0.1349; 0.9 s; peak memory 1346 MiB.
2026-10-08T20:36:02Z INFO [572/750] 77bad4bc-6caa-4225-a2af-547e347783c7: Sackin index -0.2147; 0.8 s; peak memory 1346 MiB.
2026-10-08T20:36:03Z INFO [573/750] 77bc7527-31bb-45c1-b169-ce0cfdd487eb: Sackin index -0.0702; 1.4 s; peak memory 1346 MiB.
2026-10-08T20:36:04Z INFO [574/750] 77bc8f9e-6936-450d-9c29-0be61f0427d3: Sackin index -0.1938; 0.9 s; peak memory 1346 MiB.
2026-10-08T20:36:05Z INFO [575/750] 77bca852-3eff-486a-a04f-2f8b44ab7f19: Sackin index -0.1349; 1.0 s; peak memory 1346 MiB.
2026-10-08T20:36:07Z INFO [576/750] 77bce1b2-912b-4570-9a33-cf47e319bf5a: Sackin index -0.0369; 2.1 s; peak memory 1346 MiB.
2026-10-08T20:36:09Z INFO [577/750] 77bd07a6-2099-4e10-abd9-c7912efc0426: Sackin index -0.0745; 2.0 s; peak memory 1346 MiB.
2026-10-08T20:36:10Z INFO [578/750] 77bd412e-e46e-4b09-9f0a-03253d7257a9: Sackin index -0.0702; 1.1 s; peak memory 1346 MiB.
2026-10-08T20:36:12Z INFO [579/750] 77bd6357-be77-48d1-87fa-d7665d5f2616: Sackin index -0.0702; 1.2 s; peak memory 1346 MiB.
2026-10-08T20:36:13Z INFO [580/750] 77bdf76e-7584-48c0-86b4-92152c4e1d1b: Sackin index -0.0745; 1.3 s; peak memory 1346 MiB.
2026-10-08T20:36:14Z INFO [581/750] 77be50d9-4d9f-423a-b0ba-25f17ba17371: Sackin index -0.1349; 0.9 s; peak memory 1346 MiB.
2026-10-08T20:36:18Z INFO [582/750] 77beefc8-dc5c-4ff5-9b4e-21b147460a91: Sackin index -0.0403; 3.9 s; peak memory 1346 MiB.
2026-10-08T20:36:19Z INFO [583/750] 77bf232c-1d07-4d02-92b2-c290bd3c5eb1: Sackin index -0.0748; 1.2 s; peak memory 1346 MiB.
2026-10-08T20:36:20Z INFO [584/750] 77bfc18a-60f6-464e-973c-332f6a6696c4: Sackin index -0.1349; 1.0 s; peak memory 1346 MiB.
2026-10-08T20:37:10Z INFO [585/750] 77bfe7d7-ee6f-4060-999d-7167184dbc61: Sackin index -0.1144; 50.1 s; peak memory 1346 MiB.
2026-10-08T20:37:16Z INFO [586/750] 77c02ce0-5c58-4f8b-82d2-682eef35ad1d: Sackin index -0.0171; 6.2 s; peak memory 1346 MiB.
2026-10-08T20:37:19Z INFO [587/750] 77c033f1-693b-4498-ad46-d0e88c2caaac: Sackin index -0.0313; 3.0 s; peak memory 1346 MiB.
2026-10-08T20:37:21Z INFO [588/750] 77c04e60-610c-495b-b902-a7d90b7b79cb: Sackin index -0.0231; 1.8 s; peak memory 1346 MiB.
2026-10-08T20:37:22Z INFO [589/750] 77c097d4-e9ce-4477-9e04-d4ba4626cbe9: Sackin index -0.1349; 1.0 s; peak memory 1346 MiB.
2026-10-08T20:37:23Z INFO [590/750] 77c11b84-4228-4402-a1b9-de4af44ea91c: Sackin index -0.1397; 0.8 s; peak memory 1346 MiB.
2026-10-08T20:37:23Z INFO [591/750] 77c25b41-8618-41f6-8cd8-fafc77211cfd: Sackin index -0.1319; 0.7 s; peak memory 1346 MiB.
2026-10-08T20:37:28Z INFO [592/750] 77c2a953-0809-49ac-b0f7-4bd6e12d07ba: Sackin index -0.0403; 5.0 s; peak memory 1346 MiB.
2026-10-08T20:37:29Z INFO [593/750] 77c2e799-e0fc-49a8-96aa-aa2f1c27dbe1: Sackin index -0.1272; 0.7 s; peak memory 1346 MiB.
2026-10-08T20:37:31Z INFO [594/750] 77c2e816-4062-4d77-a13b-037ce3984391: Sackin index -0.1194; 1.7 s; peak memory 1346 MiB.
2026-10-08T20:37:40Z INFO [595/750] 77c5f1ff-34b0-451b-b02f-a83b75771c28: Sackin index -0.0268; 9.4 s; peak memory 1346 MiB.
2026-10-08T20:37:42Z INFO [596/750] 77c61aa8-24c5-4305-a5e5-5912a9fec805: Sackin index -0.0275; 1.8 s; peak memory 1346 MiB.
2026-10-08T20:37:44Z INFO [597/750] 77c63ec1-f6a5-4da4-8345-d4947064e184: Sackin index -0.0376; 1.6 s; peak memory 1346 MiB.
2026-10-08T20:37:50Z INFO [598/750] 77c706be-bb83-43c2-943d-16fa9d5c3fdd: Sackin index -0.0143; 6.3 s; peak memory 1346 MiB.
2026-10-08T20:37:51Z INFO [599/750] 77c77c69-9a99-4372-83f1-9cce0c553f46: Sackin index -0.1349; 1.0 s; peak memory 1346 MiB.
2026-10-08T20:37:52Z INFO [600/750] 77c7929e-91ef-4247-8446-caf5608511e3: Sackin index -0.1272; 0.8 s; peak memory 1346 MiB.
2026-10-08T20:37:52Z INFO [600/750] 77c7929e-91ef-4247-8446-caf5608511e3: checkpointed 104686 new records.
2026-10-08T20:37:53Z INFO [601/750] 77c7fe2a-7406-49ef-a5c1-d3a69c21a6c1: Sackin index -0.0702; 1.0 s; peak memory 1346 MiB.
2026-10-08T20:37:57Z INFO [602/750] 77c887db-6732-4eac-9227-a0c706fdf43b: Sackin index -0.0403; 4.1 s; peak memory 1346 MiB.
2026-10-08T20:37:58Z INFO [603/750] 77c93f59-bae4-43f1-b4f2-0292a85b39ff: Sackin index -0.0886; 1.3 s; peak memory 1346 MiB.
2026-10-08T20:37:59Z INFO [604/750] 77c95092-9d5f-4455-b13f-01d0b74827a8: Sackin index -0.1349; 1.0 s; peak memory 1346 MiB.
2026-10-08T20:42:08Z INFO [605/750] 77ca7da2-8f0d-4c92-85a8-65b59a1205e6: Sackin index -0.0020; 248.7 s; peak memory 1346 MiB.
2026-10-08T20:43:06Z INFO [606/750] 77cba15f-a1b3-4e28-9848-0bd9c3a73cda: Sackin index -0.0777; 57.4 s; peak memory 1346 MiB.
2026-10-08T20:43:07Z INFO [607/750] 77cc7f75-190a-4fc5-8d6e-209ab89da870: Sackin index -0.0696; 1.3 s; peak memory 1346 MiB.
2026-10-08T20:43:08Z INFO [608/750] 77cccd9a-6fe4-44a5-a4cd-a3de4ff1fdd8: Sackin index -0.1356; 0.9 s; peak memory 1346 MiB.
2026-10-08T20:43:09Z INFO [609/750] 77cd0e10-1f60-405c-bb47-792a5e73a6d0: Sackin index -0.0728; 1.4 s; peak memory 1346 MiB.
2026-10-08T20:44:53Z INFO [610/750] 77cd7493-7b32-42fd-8413-209b5d8690f4: Sackin index -0.1038; 104.0 s; peak memory 1346 MiB.
2026-10-08T20:44:57Z INFO [611/750] 77ce0550-6553-4443-98d1-904748424341: Sackin index -0.0125; 3.8 s; peak memory 1346 MiB.
2026-10-08T20:44:58Z INFO [612/750] 77ce873f-6d69-4df9-a9a7-2acc2ce527ff: Sackin index -0.0745; 1.2 s; peak memory 1346 MiB.
2026-10-08T20:45:00Z INFO [613/750] 77cf4c3f-f327-4a52-8057-768f405ee54f: Sackin index -0.0382; 1.4 s; peak memory 1346 MiB.
2026-10-08T20:45:12Z INFO [614/750] 77cfa6f4-693a-4dab-b94f-2868444818c8: Sackin index -0.0162; 12.9 s; peak memory 1346 MiB.
2026-10-08T20:45:14Z INFO [615/750] 77d08978-85c7-44be-8207-8a43c8617b22: Sackin index -0.0728; 1.6 s; peak memory 1346 MiB.
2026-10-08T20:45:27Z INFO [616/750] 77d173b4-ea58-4b2d-b17f-282c674609fc: Sackin index -0.1258; 13.4 s; peak memory 1346 MiB.
2026-10-08T20:45:28Z INFO [617/750] 77d24d91-64b4-4cee-bb28-f16a05f28604: Sackin index -0.1248; 1.1 s; peak memory 1346 MiB.
2026-10-08T20:45:30Z INFO [618/750] 77d2fd9f-8b3d-4866-a304-b8ec005cbdf5: Sackin index -0.0702; 1.2 s; peak memory 1346 MiB.
2026-10-08T20:48:16Z INFO [619/750] 77d32bd8-817e-498d-b608-62b771d665ea: Sackin index -0.0414; 166.4 s; peak memory 1346 MiB.
2026-10-08T20:48:17Z INFO [620/750] 77d35bbd-f5d0-4767-ab4b-b51b10270803: Sackin index -0.0752; 1.3 s; peak memory 1346 MiB.
2026-10-08T20:48:20Z INFO [621/750] 77d3e9c1-6db3-467c-92a0-c90ba2df1335: Sackin index -0.0272; 2.5 s; peak memory 1346 MiB.
2026-10-08T20:48:21Z INFO [622/750] 77d3f3ff-42f2-4388-a05b-da75cfbea0ff: Sackin index -0.1752; 1.0 s; peak memory 1346 MiB.
2026-10-08T20:48:22Z INFO [623/750] 77d579fd-3bc6-46d1-83cb-393fbf34c5d8: Sackin index -0.1349; 1.3 s; peak memory 1346 MiB.
2026-10-08T20:48:23Z INFO [624/750] 77d5894a-68f0-4e33-963d-16a967ff8859: Sackin index -0.1448; 0.9 s; peak memory 1346 MiB.
2026-10-08T20:48:39Z INFO [625/750] 77d5aeab-c19f-4900-8adc-836035cdb8df: Sackin index -0.1892; 15.9 s; peak memory 1346 MiB.
2026-10-08T20:48:40Z INFO [626/750] 77d5b0d2-11ac-4bc4-b81a-7bc65b5a0664: Sackin index -0.0702; 1.1 s; peak memory 1346 MiB.
2026-10-08T20:48:41Z INFO [627/750] 77d62899-9cda-48f2-893a-68917e883b72: Sackin index -0.0696; 1.3 s; peak memory 1346 MiB.
2026-10-08T20:48:48Z INFO [628/750] 77d62dba-4da1-4f61-9904-a92460476d57: Sackin index -0.0476; 6.8 s; peak memory 1346 MiB.
2026-10-08T20:48:49Z INFO [629/750] 77d70453-b26d-4669-aa1d-adc19da6dbca: Sackin index -0.1575; 0.9 s; peak memory 1346 MiB.
2026-10-08T20:48:50Z INFO [630/750] 77d705b8-fe8d-4b36-8edb-dbb097565561: Sackin index -0.1349; 1.0 s; peak memory 1346 MiB.
2026-10-08T20:48:51Z INFO [631/750] 77d74a89-bdea-4029-887f-db908d506a4b: Sackin index -0.0709; 1.2 s; peak memory 1346 MiB.
2026-10-08T20:48:56Z INFO [632/750] 77d81019-3001-455d-ab07-910cb21d6c4a: Sackin index -0.0205; 4.4 s; peak memory 1346 MiB.
2026-10-08T20:48:57Z INFO [633/750] 77d8a058-1f57-4d3b-a582-8c2119e1b599: Sackin index -0.1013; 1.2 s; peak memory 1346 MiB.
2026-10-08T20:48:58Z INFO [634/750] 77d96271-3f29-4c55-a991-e6d6e98a3032: Sackin index -0.0379; 1.5 s; peak memory 1346 MiB.
2026-10-08T20:49:00Z INFO [635/750] 77d9c965-1b07-42a9-98a7-f823d2450543: Sackin index -0.0702; 1.1 s; peak memory 1346 MiB.
2026-10-08T20:49:05Z INFO [636/750] 77daede6-db44-4e90-b1c3-6ef68756d7af: Sackin index -0.0383; 4.9 s; peak memory 1346 MiB.
2026-10-08T20:49:16Z INFO [637/750] 77db68e0-c8b4-4b04-b380-ee21a6289114: Sackin index -0.0776; 11.1 s; peak memory 1346 MiB.
2026-10-08T20:49:17Z INFO [638/750] 77dbad7a-1134-4fef-acb5-5eb6e5d89a2d: Sackin index -0.0696; 1.0 s; peak memory 1346 MiB.
2026-10-08T20:49:18Z INFO [639/750] 77dbe21a-3525-448b-b4a6-d70f8ac694b7: Sackin index -0.0702; 1.3 s; peak memory 1346 MiB.
2026-10-08T20:49:20Z INFO [640/750] 77dbec1d-49b3-40df-8842-dce6cd2bf5a8: Sackin index -0.0369; 1.9 s; peak memory 1346 MiB.
2026-10-08T20:49:21Z INFO [641/750] 77dc5bd1-26fc-465d-827e-41183c9f3922: Sackin index -0.1448; 0.9 s; peak memory 1346 MiB.
2026-10-08T20:49:22Z INFO [642/750] 77dc6f92-55a0-402f-bf03-275af2ab1bdb: Sackin index -0.0728; 1.4 s; peak memory 1346 MiB.
2026-10-08T20:49:23Z INFO [643/750] 77dccda1-50ee-4c34-a1c2-b8eabab09713: Sackin index -0.0656; 1.2 s; peak memory 1346 MiB.
2026-10-08T20:49:34Z INFO [644/750] 77dd621d-fd80-4c57-9704-60e97cbbb509: Sackin index -0.0293; 10.5 s; peak memory 1346 MiB.
2026-10-08T20:49:35Z INFO [645/750] 77df9475-c9e1-4763-9153-c7d5b974b810: Sackin index -0.1000; 1.4 s; peak memory 1346 MiB.
2026-10-08T20:49:40Z INFO [646/750] 77e0059d-0f4a-4e7e-9c65-3f32ddc399c8: Sackin index -0.0415; 5.2 s; peak memory 1346 MiB.
2026-10-08T20:49:41Z INFO [647/750] 77e065b6-7999-4007-813c-464512cf3774: Sackin index -0.1349; 1.0 s; peak memory 1346 MiB.
2026-10-08T20:49:43Z INFO [648/750] 77e0ca1b-0e0a-4800-9994-b2cb7e781dfa: Sackin index -0.0696; 1.2 s; peak memory 1346 MiB.
2026-10-08T20:49:44Z INFO [649/750] 77e17da3-8a97-43e3-9535-ecb4e99a4bbf: Sackin index -0.0728; 1.2 s; peak memory 1346 MiB.
2026-10-08T20:49:45Z INFO [650/750] 77e27d5b-82aa-462a-b78c-7d7aefb2f9c3: Sackin index -0.1349; 1.0 s; peak memory 1346 MiB.
2026-10-08T20:49:45Z INFO [650/750] 77e27d5b-82aa-462a-b78c-7d7aefb2f9c3: checkpointed 104736 new records.
2026-10-08T20:49:46Z INFO [651/750] 77e37055-a1b7-49f7-87d4-4434543915bb: Sackin index -0.1349; 1.0 s; peak memory 1346 MiB.
2026-10-08T20:49:47Z INFO [652/750] 77e4bdca-00b8-4ebb-a2cf-638ad8d4b333: Sackin index -0.0728; 1.3 s; peak memory 1346 MiB.
2026-10-08T20:49:48Z INFO [653/750] 77e5f939-eafe-4383-a2c6-bfdbb787869f: Sackin index -0.1349; 1.0 s; peak memory 1346 MiB.
2026-10-08T20:49:49Z INFO [654/750] 77e66e5f-5aa3-43fd-9287-7602487c4da4: Sackin index -0.1349; 1.0 s; peak memory 1346 MiB.
2026-10-08T20:49:55Z INFO [655/750] 77e7059e-3a13-4bae-a1e9-e7a7982c841b: Sackin index -0.0392; 5.7 s; peak memory 1346 MiB.
2026-10-08T20:49:57Z INFO [656/750] 77e851f3-7fa0-4d39-8682-8a840c24bda9: Sackin index -0.0275; 1.7 s; peak memory 1346 MiB.
2026-10-08T20:50:04Z INFO [657/750] 77e939d9-03d7-4d05-a00e-6066af5e29e9: Sackin index -0.0153; 7.0 s; peak memory 1346 MiB.
2026-10-08T20:50:05Z INFO [658/750] 77ea3158-64c7-485e-914a-2047bb783a64: Sackin index -0.0376; 1.5 s; peak memory 1346 MiB.
2026-10-08T20:50:06Z INFO [659/750] 77eac54d-abb8-4384-9947-a73ee07e841a: Sackin index -0.1349; 1.1 s; peak memory 1346 MiB.
2026-10-08T20:50:07Z INFO [660/750] 77eb06da-4604-415b-89b7-ddd578266cff: Sackin index -0.1484; 0.9 s; peak memory 1346 MiB.
2026-10-08T20:50:08Z INFO [661/750] 77eb968b-e78a-4d96-91a0-523452f540eb: Sackin index -0.1349; 0.9 s; peak memory 1346 MiB.
2026-10-08T20:50:09Z INFO [662/750] 77eda0f6-97db-4792-a3b7-82f0e08722e8: Sackin index -0.0696; 1.1 s; peak memory 1346 MiB.
2026-10-08T20:50:11Z INFO [663/750] 77eeedc6-d63a-4c5e-b2bf-b5120a8ca1f9: Sackin index -0.1248; 1.6 s; peak memory 1346 MiB.
2026-10-08T20:50:12Z INFO [664/750] 77ef4679-5eb2-436f-a2d3-6e7b958b8d52: Sackin index -0.1349; 1.2 s; peak memory 1346 MiB.
2026-10-08T20:50:14Z INFO [665/750] 77ef7928-4cf5-407d-8d8c-0db98d0ae3a8: Sackin index -0.0398; 1.7 s; peak memory 1346 MiB.
2026-10-08T20:50:15Z INFO [666/750] 77efd0db-ee32-4a75-b9f1-73817be7640b: Sackin index -0.0728; 1.7 s; peak memory 1346 MiB.
2026-10-08T20:50:17Z INFO [667/750] 77f0425c-6223-4e79-baf0-6608500bb2d2: Sackin index -0.0728; 1.5 s; peak memory 1346 MiB.
2026-10-08T20:50:18Z INFO [668/750] 77f0897a-3a7b-4ce3-a152-173e0d4447ce: Sackin index -0.1478; 0.7 s; peak memory 1346 MiB.
2026-10-08T20:50:19Z INFO [669/750] 77f151bc-e3c3-497f-9ab8-b53991c411c3: Sackin index -0.0728; 1.3 s; peak memory 1346 MiB.
2026-10-08T20:50:20Z INFO [670/750] 77f18777-f3d4-46bc-99c7-ecfbf6e696fc: Sackin index -0.1484; 0.8 s; peak memory 1346 MiB.
2026-10-08T20:50:26Z INFO [671/750] 77f1b8c8-4b6a-4e25-87fb-de0f8c00d6ad: Sackin index -0.0251; 5.9 s; peak memory 1346 MiB.
2026-10-08T20:50:36Z INFO [672/750] 77f20a90-76f8-49f5-8106-de9cbe63a327: Sackin index -0.0257; 10.0 s; peak memory 1346 MiB.
2026-10-08T20:51:05Z INFO [673/750] 77f22d46-6e1f-49f9-8283-ece7dd08cbd6: Sackin index -0.1362; 29.5 s; peak memory 1346 MiB.
2026-10-08T20:51:06Z INFO [674/750] 77f2d312-5e6e-4817-a723-21107562e85f: Sackin index -0.0702; 1.0 s; peak memory 1346 MiB.
2026-10-08T20:51:07Z INFO [675/750] 77f30c9f-2e71-4bfe-b1c6-cd91068e450a: Sackin index -0.1239; 0.8 s; peak memory 1346 MiB.
2026-10-08T20:51:08Z INFO [676/750] 77f35e6b-6546-41ea-806b-60bc0628c533: Sackin index -0.0702; 1.2 s; peak memory 1346 MiB.
2026-10-08T20:51:14Z INFO [677/750] 77f36c59-73b8-4855-89de-4347bfb2ba9f: Sackin index -0.0435; 5.9 s; peak memory 1346 MiB.
2026-10-08T20:51:15Z INFO [678/750] 77f5909f-4a34-4710-ab28-b1bb2582a920: Sackin index -0.2000; 0.8 s; peak memory 1346 MiB.
2026-10-08T20:51:16Z INFO [679/750] 77f5a1a2-8e29-43e2-9a1a-ff5e0d4cab72: Sackin index -0.1349; 1.0 s; peak memory 1346 MiB.
2026-10-08T21:31:26Z INFO [680/750] 77f5e56e-a83d-49cf-9365-f617f2d9d680: Sackin index -0.0095; 2410.2 s; peak memory 1346 MiB.
2026-10-08T21:33:38Z INFO [681/750] 77f6be8a-339f-4e59-9dc3-e306e9d31864: Sackin index -0.1290; 131.5 s; peak memory 1346 MiB.
2026-10-08T21:33:39Z INFO [682/750] 77f7a0a3-9905-4be9-b34f-3e8960d129b3: Sackin index -0.1658; 0.9 s; peak memory 1346 MiB.
2026-10-08T21:33:40Z INFO [683/750] 77f7a7e4-0e58-499d-8070-59e31ceb9403: Sackin index -0.1349; 1.2 s; peak memory 1346 MiB.
2026-10-08T21:33:41Z INFO [684/750] 77f8b7da-a3e8-4bac-900d-fbd7a3af8051: Sackin index -0.1459; 0.9 s; peak memory 1346 MiB.
2026-10-08T21:33:42Z INFO [685/750] 77f91582-b80a-47ab-9910-0e9ee3225e72: Sackin index -0.0728; 1.1 s; peak memory 1346 MiB.
2026-10-08T21:33:43Z INFO [686/750] 77f9512e-c888-4d09-b3c3-51074ecfb1c2: Sackin index -0.0702; 1.1 s; peak memory 1346 MiB.
2026-10-08T21:33:44Z INFO [687/750] 77fa9714-4ce0-4dd9-9db3-3e0e59bee6e5: Sackin index -0.0702; 1.1 s; peak memory 1346 MiB.
2026-10-08T21:33:45Z INFO [688/750] 77fbb22e-e4e6-4d11-9d53-a43fa577288a: Sackin index -0.0728; 1.5 s; peak memory 1346 MiB.
2026-10-08T21:33:46Z INFO [689/750] 77fc5df9-4b93-4718-aa83-f375c60ab34a: Sackin index -0.0702; 1.0 s; peak memory 1346 MiB.
2026-10-08T21:33:47Z INFO [690/750] 77fc7da1-761b-466a-b157-577c943d9850: Sackin index -0.1349; 0.9 s; peak memory 1346 MiB.
2026-10-08T21:33:49Z INFO [691/750] 77fc834f-304d-4c5a-8afb-d1ff7ed1ba9c: Sackin index -0.0379; 1.5 s; peak memory 1346 MiB.
2026-10-08T21:33:50Z INFO [692/750] 77fc92dc-0d38-4254-8872-bb2da1582719: Sackin index -0.0702; 1.1 s; peak memory 1346 MiB.
2026-10-08T21:33:51Z INFO [693/750] 77fdf568-ceec-47d6-bfe1-c92603ce5ea2: Sackin index -0.1191; 0.8 s; peak memory 1346 MiB.
2026-10-08T21:33:52Z INFO [694/750] 77fdf88d-63c1-47a7-865a-519591a351f6: Sackin index -0.1349; 0.9 s; peak memory 1346 MiB.
2026-10-08T21:36:15Z INFO [695/750] 77fdf98b-f745-412f-8ce5-77b9e6713d53: Sackin index -0.0575; 143.8 s; peak memory 1346 MiB.
2026-10-08T21:36:18Z INFO [696/750] 77fe465d-b3b9-40f4-9919-792ed34df660: Sackin index -0.0681; 2.6 s; peak memory 1346 MiB.
2026-10-08T21:36:22Z INFO [697/750] 77fe57ae-dc1d-4869-acaa-1c26cf1c5a5c: Sackin index -0.0403; 4.5 s; peak memory 1346 MiB.
2026-10-08T21:36:33Z INFO [698/750] 78001a1b-752b-4ca6-b07e-3c13693df1bb: Sackin index -0.0132; 10.4 s; peak memory 1346 MiB.
2026-10-08T21:36:34Z INFO [699/750] 78008005-4892-406f-bb20-674746ed1284: Sackin index -0.1144; 1.5 s; peak memory 1346 MiB.
2026-10-08T21:36:36Z INFO [700/750] 78008c8c-3f6d-4174-8e57-f6808af728d0: Sackin index -0.0369; 2.0 s; peak memory 1346 MiB.
2026-10-08T21:36:37Z INFO [700/750] 78008c8c-3f6d-4174-8e57-f6808af728d0: checkpointed 104786 new records.
2026-10-08T21:36:38Z INFO [701/750] 78011676-7b24-47f2-826b-9610306c92d3: Sackin index -0.0752; 1.0 s; peak memory 1346 MiB.
2026-10-08T21:36:39Z INFO [702/750] 7802142e-c3a0-47d1-bd32-c87bceb1b6ef: Sackin index -0.0369; 1.6 s; peak memory 1346 MiB.
2026-10-08T21:36:40Z INFO [703/750] 7802b78a-da49-4b48-85d5-280692645e25: Sackin index -0.0376; 1.2 s; peak memory 1346 MiB.
2026-10-08T21:36:44Z INFO [704/750] 7802eba6-5263-4b11-8243-e2f5c278d354: Sackin index -0.0869; 3.7 s; peak memory 1346 MiB.
2026-10-08T21:36:45Z INFO [705/750] 7802f254-602b-4f27-9487-77966d97149b: Sackin index -0.1349; 0.9 s; peak memory 1346 MiB.
2026-10-08T21:36:47Z INFO [706/750] 780337a3-d0f8-47f9-b1b1-29b84bb03693: Sackin index -0.0388; 1.9 s; peak memory 1346 MiB.
2026-10-08T21:36:48Z INFO [707/750] 7803a20e-245e-4eb2-b0d1-ec01874f557b: Sackin index -0.0702; 1.1 s; peak memory 1346 MiB.
2026-10-08T21:36:49Z INFO [708/750] 780430bc-654c-4cc0-87cb-16321a767351: Sackin index -0.1349; 1.1 s; peak memory 1346 MiB.
2026-10-08T21:36:50Z INFO [709/750] 7805459e-926f-4db8-bcc4-60cc92a8ad2a: Sackin index -0.1938; 0.9 s; peak memory 1346 MiB.
2026-10-08T21:36:52Z INFO [710/750] 7805d4bd-56aa-4394-bdcf-49114bee2a93: Sackin index -0.0276; 1.8 s; peak memory 1346 MiB.
2026-10-08T21:36:53Z INFO [711/750] 7806a6a6-6bf4-43cb-b881-14f2da36fb94: Sackin index -0.1716; 1.1 s; peak memory 1346 MiB.
2026-10-08T21:38:30Z INFO [712/750] 78076e31-8cbc-4742-a741-f377690785b0: Sackin index -0.0032; 96.9 s; peak memory 1346 MiB.
2026-10-08T21:38:35Z INFO [713/750] 78094821-8950-4078-9541-87f79a04bfc0: Sackin index -0.0265; 5.6 s; peak memory 1346 MiB.
2026-10-08T21:38:36Z INFO [714/750] 780b12a2-3cc4-4738-a9b9-945b77e80092: Sackin index -0.1658; 0.7 s; peak memory 1346 MiB.
2026-10-08T21:38:44Z INFO [715/750] 780d258b-5c50-46a9-8ad3-97a0e972eb50: Sackin index -0.0017; 8.0 s; peak memory 1346 MiB.
2026-10-08T21:38:45Z INFO [716/750] 780d60bf-dfea-44b4-8bb0-6b364a66358a: Sackin index -0.1331; 1.0 s; peak memory 1346 MiB.
2026-10-08T21:38:55Z INFO [717/750] 780da7ec-aa30-4192-a6b0-f2a6ff9bc365: Sackin index -0.0373; 10.2 s; peak memory 1346 MiB.
2026-10-08T21:38:56Z INFO [718/750] 780dc95a-36d2-4dd7-bc80-6c0d4f960486: Sackin index -0.1349; 1.0 s; peak memory 1346 MiB.
2026-10-08T21:38:57Z INFO [719/750] 780e29a3-ad9b-45d9-9bd4-e8d951e5d8f6: Sackin index -0.1349; 1.1 s; peak memory 1346 MiB.
2026-10-08T21:38:58Z INFO [720/750] 780e2edb-b67c-4e1d-b436-86bba3d4e874: Sackin index -0.1602; 1.0 s; peak memory 1346 MiB.
2026-10-08T21:38:59Z INFO [721/750] 780f2728-2352-4e59-aac3-2bfdd19f17f0: Sackin index -0.1303; 0.6 s; peak memory 1346 MiB.
2026-10-08T21:39:00Z INFO [722/750] 780f39f2-627d-42ae-bcd4-57d63509fe54: Sackin index -0.0702; 1.1 s; peak memory 1346 MiB.
2026-10-08T21:39:01Z INFO [723/750] 78100fec-d931-4000-9130-dfebb67d59aa: Sackin index -0.0696; 1.2 s; peak memory 1346 MiB.
2026-10-08T21:39:02Z INFO [724/750] 781056c2-f019-4c33-939c-f5fb38fa8a39: Sackin index -0.0709; 1.2 s; peak memory 1346 MiB.
2026-10-08T21:39:03Z INFO [725/750] 7811607a-b669-4cb2-af3b-66cf099a21c5: Sackin index -0.1349; 0.9 s; peak memory 1346 MiB.
2026-10-08T21:39:11Z INFO [726/750] 7811ea80-4b80-4b08-906e-4c29405ad7cc: Sackin index -0.0189; 7.4 s; peak memory 1346 MiB.
2026-10-08T21:39:12Z INFO [727/750] 7813f4f2-b6da-4330-9887-6c5e8c9e8250: Sackin index -0.0275; 1.4 s; peak memory 1346 MiB.
2026-10-08T21:39:13Z INFO [728/750] 781479b7-2faa-426f-b47d-5af10611ae62: Sackin index -0.0702; 1.2 s; peak memory 1346 MiB.
2026-10-08T21:39:16Z INFO [729/750] 78167b25-946a-4334-b9e7-f0df46d7105d: Sackin index -0.0869; 2.8 s; peak memory 1346 MiB.
2026-10-08T21:39:51Z INFO [730/750] 7816d4ec-dd04-4c4c-8e46-91c033b3a06e: Sackin index -0.0024; 35.0 s; peak memory 1346 MiB.
2026-10-08T21:39:52Z INFO [731/750] 7816ee41-70b0-4f9a-87c5-c8570ad00f5f: Sackin index -0.1349; 1.0 s; peak memory 1346 MiB.
2026-10-08T21:39:53Z INFO [732/750] 78177176-a180-4241-ae76-b8120c567ea4: Sackin index -0.0702; 1.1 s; peak memory 1346 MiB.
2026-10-08T21:43:21Z INFO [733/750] 781919a1-9186-405a-95ce-1fdb097d9650: Sackin index -0.1216; 207.9 s; peak memory 1346 MiB.
2026-10-08T21:43:22Z INFO [734/750] 7819dd6b-239d-4ce0-ac71-57e2cfe70915: Sackin index -0.0702; 1.2 s; peak memory 1346 MiB.
2026-10-08T21:43:23Z INFO [735/750] 7819ec70-c449-419d-ad49-7a2be8c16df3: Sackin index -0.1658; 1.0 s; peak memory 1346 MiB.
2026-10-08T21:43:25Z INFO [736/750] 781a6820-29ca-49b0-b600-121cd36c9d46: Sackin index -0.0275; 1.7 s; peak memory 1346 MiB.
2026-10-08T21:43:26Z INFO [737/750] 781a95d5-b17e-42d3-b67f-567c6dec1235: Sackin index -0.1349; 1.0 s; peak memory 1346 MiB.
2026-10-08T21:43:31Z INFO [738/750] 781aa539-9018-4f81-a0b7-77b6cd8a0a5a: Sackin index -0.0403; 5.3 s; peak memory 1346 MiB.
2026-10-08T21:43:32Z INFO [739/750] 781c1892-d0e8-4cff-a92f-820c52d7d9f7: Sackin index -0.2147; 0.7 s; peak memory 1346 MiB.
2026-10-08T21:43:33Z INFO [740/750] 781c2c2f-5368-4694-86af-73544e6d3e56: Sackin index -0.1938; 1.1 s; peak memory 1346 MiB.
2026-10-08T21:43:34Z INFO [741/750] 781c52c6-7339-447a-8b1f-dc6d15a13e10: Sackin index -0.1319; 0.9 s; peak memory 1346 MiB.
2026-10-08T21:43:35Z INFO [742/750] 781cea41-7394-49a3-b228-02711b096569: Sackin index -0.0722; 1.0 s; peak memory 1346 MiB.
2026-10-08T21:43:42Z INFO [743/750] 781d4853-32fc-4199-ae88-e3c25938ef51: Sackin index -0.0438; 6.8 s; peak memory 1346 MiB.
2026-10-08T21:43:43Z INFO [744/750] 781ef03f-bbd4-4414-8138-147aa14acdc6: Sackin index -0.1191; 1.0 s; peak memory 1346 MiB.
2026-10-08T21:43:44Z INFO [745/750] 781f0a75-10f2-480c-b0fd-532211b7cac8: Sackin index -0.0384; 1.2 s; peak memory 1346 MiB.
2026-10-08T21:43:45Z INFO [746/750] 782141ab-fa28-4c80-8194-08538c6e555b: Sackin index -0.0881; 1.5 s; peak memory 1346 MiB.
2026-10-08T21:43:46Z INFO [747/750] 782196da-3175-4211-a48d-c9a09fb36635: Sackin index -0.0702; 1.0 s; peak memory 1346 MiB.
2026-10-08T21:43:47Z INFO [748/750] 782234e2-b137-4145-bdcd-76c39a3248ff: Sackin index -0.0728; 1.1 s; peak memory 1346 MiB.
2026-10-08T21:43:50Z INFO [749/750] 782261fb-159f-467a-95e0-9e5ae1cfa03c: Sackin index -0.1370; 2.3 s; peak memory 1346 MiB.
2026-10-08T21:43:51Z INFO [750/750] 7823286a-edf1-4da1-b9a1-939ec7292290: Sackin index -0.1349; 0.9 s; peak memory 1346 MiB.
2026-10-08T21:43:51Z INFO [750/750] 7823286a-edf1-4da1-b9a1-939ec7292290: checkpointed 104836 new records.
2026-10-08T21:43:51Z INFO Wrote 104836 records to /tmp/derivatives/valid_nwb_file_to_sackin_index.jsonl (750 new, 0 failed) in 139.6 min (peak memory 1346 MiB).
