2026-10-09T04:15:37Z INFO Logging to /tmp/logs/update_2026-10-09T04-15-37Z.log.
2026-10-09T04:15:37Z INFO Update valid-nwb-file-to-sackin-index (base directory /tmp).
2026-10-09T04:15:37Z INFO Processing 750 items (107836 already recorded).
2026-10-09T04:15:57Z INFO [1/750] 7e64574f-2ed0-4441-b8ac-e70db4e497ea: Sackin index -0.1462; 19.6 s; peak memory 154 MiB.
2026-10-09T04:15:58Z INFO [2/750] 7e65b8d1-138e-4471-9645-bf2ed0e654bc: Sackin index -0.1349; 1.5 s; peak memory 154 MiB.
2026-10-09T04:16:00Z INFO [3/750] 7e66226e-479f-4fb6-90ca-e842a6d9a73f: Sackin index -0.1349; 1.4 s; peak memory 154 MiB.
2026-10-09T04:16:24Z INFO [4/750] 7e668db0-f182-4772-b2b4-7a35a81c966b: Sackin index -0.1367; 23.8 s; peak memory 154 MiB.
2026-10-09T04:16:26Z INFO [5/750] 7e67051f-ecda-4e5c-b2c3-827fa6fdf4c5: Sackin index -0.0728; 2.3 s; peak memory 155 MiB.
2026-10-09T04:16:27Z INFO [6/750] 7e67393e-0816-4eed-b02f-7ba349ffd44b: Sackin index -0.1408; 1.6 s; peak memory 155 MiB.
2026-10-09T04:16:29Z INFO [7/750] 7e6781e3-dac5-4191-be62-e0f6b470752c: Sackin index -0.0748; 1.7 s; peak memory 155 MiB.
2026-10-09T04:16:31Z INFO [8/750] 7e67a385-c951-4dd4-b3fe-2432054bafbd: Sackin index -0.1349; 1.5 s; peak memory 155 MiB.
2026-10-09T04:16:32Z INFO [9/750] 7e680082-9b87-4656-8c6a-138fe528f82d: Sackin index -0.1938; 1.3 s; peak memory 155 MiB.
2026-10-09T04:16:36Z INFO [10/750] 7e691d7b-48a7-43c3-a53d-52393a3e3ce6: Sackin index -0.1299; 3.7 s; peak memory 155 MiB.
2026-10-09T04:16:37Z INFO [11/750] 7e696046-52c6-461f-8059-882a59a37626: Sackin index -0.1408; 1.8 s; peak memory 155 MiB.
2026-10-09T04:16:39Z INFO [12/750] 7e69cd29-1822-43e9-82bb-0acc42897cd6: Sackin index -0.0702; 1.8 s; peak memory 155 MiB.
2026-10-09T04:16:42Z INFO [13/750] 7e69dd87-09ef-4d61-873a-749948c1def9: Sackin index -0.0272; 3.1 s; peak memory 155 MiB.
2026-10-09T04:16:44Z INFO [14/750] 7e6a12cf-d9d4-4e67-acb0-ce6a319de2ad: Sackin index -0.0728; 2.1 s; peak memory 155 MiB.
2026-10-09T04:16:47Z INFO [15/750] 7e6a85cb-f362-4d69-b71c-48c6fb650331: Sackin index -0.0728; 2.1 s; peak memory 156 MiB.
2026-10-09T04:17:29Z INFO [16/750] 7e6b0638-9385-4f5e-9980-aa8609e0b75f: Sackin index -0.2073; 42.5 s; peak memory 188 MiB.
2026-10-09T04:17:31Z INFO [17/750] 7e6b7812-47e0-4090-bcde-c52c8202563f: Sackin index -0.1542; 1.9 s; peak memory 188 MiB.
2026-10-09T04:17:32Z INFO [18/750] 7e6c6840-195a-4d29-a713-e89b53edb281: Sackin index -0.1349; 1.5 s; peak memory 188 MiB.
2026-10-09T04:17:45Z INFO [19/750] 7e6d1e2f-9a38-44d0-93e7-8d52e8820d7c: Sackin index -0.0291; 12.3 s; peak memory 189 MiB.
2026-10-09T04:17:47Z INFO [20/750] 7e6d342a-0217-488f-88dd-c08564635b53: Sackin index -0.0728; 2.4 s; peak memory 189 MiB.
2026-10-09T04:17:49Z INFO [21/750] 7e6ddc42-e73d-4f14-9e0a-5aab209d2f14: Sackin index -0.1349; 1.5 s; peak memory 189 MiB.
2026-10-09T04:17:53Z INFO [22/750] 7e6f1fa9-fd9e-4ae4-8c12-db1466ea15ed: Sackin index -0.0547; 4.8 s; peak memory 189 MiB.
2026-10-09T04:17:55Z INFO [23/750] 7e6f942d-694c-4b77-9dae-2d6ec3e9b141: Sackin index -0.0696; 1.8 s; peak memory 189 MiB.
2026-10-09T04:17:57Z INFO [24/750] 7e6fbf9e-5fa9-42fb-b483-56c4f18ca2cf: Sackin index -0.1248; 1.6 s; peak memory 189 MiB.
2026-10-09T04:17:58Z INFO [25/750] 7e70551d-a42e-4a04-9386-38a157b4d548: Sackin index -0.1178; 1.3 s; peak memory 189 MiB.
2026-10-09T04:18:11Z INFO [26/750] 7e72233a-e860-4830-bf0a-01910f1b856c: Sackin index -0.0158; 12.5 s; peak memory 189 MiB.
2026-10-09T04:18:12Z INFO [27/750] 7e7294df-0387-4a9c-bfd5-3891a3ce4627: Sackin index -0.0702; 1.6 s; peak memory 189 MiB.
2026-10-09T04:18:14Z INFO [28/750] 7e72f623-46fa-4bfb-90b8-ee79a50c54bd: Sackin index -0.1349; 1.5 s; peak memory 189 MiB.
2026-10-09T04:18:15Z INFO [29/750] 7e74cbe2-abab-41cf-a5bc-5dba85a18e5c: Sackin index -0.1349; 1.4 s; peak memory 189 MiB.
2026-10-09T04:18:17Z INFO [30/750] 7e75a9be-84e2-459f-9042-f3844d0955e7: Sackin index -0.1013; 2.2 s; peak memory 189 MiB.
2026-10-09T04:18:18Z INFO [31/750] 7e760376-d8d2-4d80-9122-f9c12f74eeb9: Sackin index -0.2000; 1.1 s; peak memory 189 MiB.
2026-10-09T04:18:20Z INFO [32/750] 7e7639af-e011-4c07-9437-0e3406c68772: Sackin index -0.0728; 2.0 s; peak memory 189 MiB.
2026-10-09T04:18:23Z INFO [33/750] 7e763eab-9d07-414d-9aa0-d0b538db4570: Sackin index -0.1356; 2.1 s; peak memory 189 MiB.
2026-10-09T04:18:24Z INFO [34/750] 7e771a50-4e7d-41a7-9550-cc362ad0921e: Sackin index -0.0702; 1.7 s; peak memory 189 MiB.
2026-10-09T04:18:26Z INFO [35/750] 7e7824e9-7bd9-4294-87ab-8fdbeeb266df: Sackin index -0.0702; 1.6 s; peak memory 189 MiB.
2026-10-09T04:18:30Z INFO [36/750] 7e78639c-9521-45f0-83b5-273ca6f92e9a: Sackin index -0.0718; 3.8 s; peak memory 189 MiB.
2026-10-09T04:18:31Z INFO [37/750] 7e78aede-31fb-42a6-bd93-ce1623f205eb: Sackin index -0.1239; 1.3 s; peak memory 189 MiB.
2026-10-09T04:18:33Z INFO [38/750] 7e78b5bc-b881-4a01-823b-66c13d3819f1: Sackin index -0.1000; 1.7 s; peak memory 189 MiB.
2026-10-09T04:18:34Z INFO [39/750] 7e792ccb-87ce-43a3-af43-0cd63508c45f: Sackin index -0.1349; 1.4 s; peak memory 189 MiB.
2026-10-09T04:18:36Z INFO [40/750] 7e7a00fd-03b0-4ad7-ba87-247f32ac83e0: Sackin index -0.0369; 2.2 s; peak memory 189 MiB.
2026-10-09T04:18:38Z INFO [41/750] 7e7a282e-2df5-483e-a9e6-6914a6411977: Sackin index -0.1165; 1.4 s; peak memory 189 MiB.
2026-10-09T04:18:39Z INFO [42/750] 7e7aee0e-b17c-43b0-8700-04e4380a242d: Sackin index -0.1072; 1.3 s; peak memory 189 MiB.
2026-10-09T04:18:40Z INFO [43/750] 7e7b3143-15ad-4f6d-87f0-3aad51123f30: Sackin index -0.1349; 1.4 s; peak memory 189 MiB.
2026-10-09T04:18:42Z INFO [44/750] 7e7b6b9e-6d3e-4c50-8a4f-6e1ca60acedf: Sackin index -0.1349; 1.5 s; peak memory 189 MiB.
2026-10-09T04:18:43Z INFO [45/750] 7e7b95b2-56e2-48d5-8d53-f383596a71f5: Sackin index -0.0388; 1.5 s; peak memory 189 MiB.
2026-10-09T04:18:45Z INFO [46/750] 7e7d1b18-f16c-4344-82bd-9a995a9a9b30: Sackin index -0.1349; 1.5 s; peak memory 189 MiB.
2026-10-09T04:18:47Z INFO [47/750] 7e7d1c93-3ae2-4221-bad3-78dc2fa6643c: Sackin index -0.0702; 1.8 s; peak memory 189 MiB.
2026-10-09T04:19:12Z INFO [48/750] 7e7d26d1-28f5-43e4-8fad-bad2c40791aa: Sackin index -0.1367; 25.6 s; peak memory 189 MiB.
2026-10-09T04:19:21Z INFO [49/750] 7e7df96c-287f-4366-8cf5-871e910c389a: Sackin index -0.0429; 8.9 s; peak memory 189 MiB.
2026-10-09T04:19:24Z INFO [50/750] 7e7dfa04-54fa-4554-827a-bfa245500890: Sackin index -0.0272; 2.7 s; peak memory 189 MiB.
2026-10-09T04:19:24Z INFO [50/750] 7e7dfa04-54fa-4554-827a-bfa245500890: checkpointed 107886 new records.
2026-10-09T04:19:25Z INFO [51/750] 7e7e28cb-4167-443a-8a69-71287fa5c90a: Sackin index -0.1349; 1.4 s; peak memory 189 MiB.
2026-10-09T04:19:27Z INFO [52/750] 7e7e9855-fc0a-46f4-90b5-0dda2e960b14: Sackin index -0.0398; 1.8 s; peak memory 189 MiB.
2026-10-09T04:22:14Z INFO [53/750] 7e7edb55-7909-469e-a738-4062de690011: Sackin index -0.0288; 167.1 s; peak memory 308 MiB.
2026-10-09T04:22:18Z INFO [54/750] 7e7f62da-e08c-43df-a9d8-7a44ea05a294: Sackin index -0.0693; 3.5 s; peak memory 308 MiB.
2026-10-09T04:22:19Z INFO [55/750] 7e7fb69c-a70d-411c-b290-ad35b9d1a184: Sackin index -0.1349; 1.4 s; peak memory 308 MiB.
2026-10-09T04:22:22Z INFO [56/750] 7e800e0c-c953-48fd-b8f8-ae36de15bd4b: Sackin index -0.0362; 2.9 s; peak memory 308 MiB.
2026-10-09T04:22:23Z INFO [57/750] 7e8040b7-0a3b-4a84-bce3-6a70a2fab7eb: Sackin index -0.1349; 1.4 s; peak memory 308 MiB.
2026-10-09T04:22:24Z INFO [58/750] 7e81c136-430d-4f95-a7b0-322d2c53ff8e: Sackin index -0.3646; 1.1 s; peak memory 308 MiB.
2026-10-09T04:22:26Z INFO [59/750] 7e81cc8d-becd-4923-878c-eaf9a9915c4d: Sackin index -0.1178; 1.2 s; peak memory 308 MiB.
2026-10-09T04:22:41Z INFO [60/750] 7e81f6fd-1d95-4fc6-85a9-8e2e4c2a86a2: Sackin index -0.0188; 15.1 s; peak memory 308 MiB.
2026-10-09T04:22:43Z INFO [61/750] 7e82d19c-4ded-4254-837c-97683f481b6a: Sackin index -0.1273; 2.0 s; peak memory 308 MiB.
2026-10-09T04:22:44Z INFO [62/750] 7e838258-3776-4121-b5ac-3c58b836fa20: Sackin index -0.0702; 1.7 s; peak memory 308 MiB.
2026-10-09T04:22:47Z INFO [63/750] 7e83fd46-0608-46f3-a228-63f860d32834: Sackin index -0.0824; 3.1 s; peak memory 308 MiB.
2026-10-09T04:22:49Z INFO [64/750] 7e846622-a521-4645-b38a-db79a325219d: Sackin index -0.1349; 1.4 s; peak memory 308 MiB.
2026-10-09T04:22:50Z INFO [65/750] 7e8767a1-20a4-4e3a-8a96-4f29ab1c427a: Sackin index -0.1191; 1.5 s; peak memory 308 MiB.
2026-10-09T04:23:10Z INFO [66/750] 7e8afca4-efeb-44b0-a188-d29a5a870d34: Sackin index -0.1892; 19.9 s; peak memory 308 MiB.
2026-10-09T04:23:12Z INFO [67/750] 7e8afe54-8651-4dd5-9951-3b5de440b97d: Sackin index -0.1033; 1.8 s; peak memory 308 MiB.
2026-10-09T04:23:13Z INFO [68/750] 7e8b85c3-3ada-427a-9f3d-69a088a99a58: Sackin index -0.1349; 1.4 s; peak memory 308 MiB.
2026-10-09T04:23:19Z INFO [69/750] 7e8bbf2b-b3ab-4dd4-87c4-b253a4a5fd03: Sackin index -0.0403; 5.9 s; peak memory 308 MiB.
2026-10-09T04:23:23Z INFO [70/750] 7e8c7878-925c-4909-9274-7c7deb233823: Sackin index -0.0681; 3.5 s; peak memory 308 MiB.
2026-10-09T04:23:25Z INFO [71/750] 7e8c85fc-089a-43a7-b0ca-85007c16c466: Sackin index -0.0728; 1.8 s; peak memory 308 MiB.
2026-10-09T04:23:27Z INFO [72/750] 7e8cac1f-7fe5-4b3a-bc8d-99d1eab6f5fc: Sackin index -0.0376; 2.1 s; peak memory 308 MiB.
2026-10-09T04:23:29Z INFO [73/750] 7e8d14f5-a177-46b4-a1ca-09114245d863: Sackin index -0.0696; 1.8 s; peak memory 308 MiB.
2026-10-09T04:23:30Z INFO [74/750] 7e8d274a-5398-40ad-b0cb-9a34b8662c77: Sackin index -0.0709; 1.8 s; peak memory 308 MiB.
2026-10-09T04:23:32Z INFO [75/750] 7e8da721-249a-4042-a855-6a50a77ef5ba: Sackin index -0.1349; 1.4 s; peak memory 308 MiB.
2026-10-09T04:23:40Z INFO [76/750] 7e8dcc74-905f-4e7a-91be-dbbafabc4e77: Sackin index -0.0438; 8.0 s; peak memory 308 MiB.
2026-10-09T04:23:41Z INFO [77/750] 7e8df628-1e09-4567-a5ad-b77983f2b0a9: Sackin index -0.1349; 1.5 s; peak memory 308 MiB.
2026-10-09T04:23:50Z INFO [78/750] 7e8e209d-b951-4a35-8bbb-b04c0f26cf07: Sackin index -0.0230; 8.4 s; peak memory 308 MiB.
2026-10-09T04:23:54Z INFO [79/750] 7e8eeea3-a45d-49b8-9f6f-9a6af59079d8: Sackin index -0.0869; 4.0 s; peak memory 308 MiB.
2026-10-09T04:23:56Z INFO [80/750] 7e91241b-c3d9-4119-9d25-3f0c9f38bdb1: Sackin index -0.0728; 2.0 s; peak memory 308 MiB.
2026-10-09T04:23:57Z INFO [81/750] 7e9147e8-bcd6-4761-bfb8-8a50dd99dbb9: Sackin index -0.1349; 1.5 s; peak memory 308 MiB.
2026-10-09T04:23:59Z INFO [82/750] 7e9213f3-a254-42c9-a2a4-4910c6e80f41: Sackin index -0.1349; 1.4 s; peak memory 308 MiB.
2026-10-09T04:24:00Z INFO [83/750] 7e92a79a-439a-4b24-9ab4-88009710ed43: Sackin index -0.1349; 1.4 s; peak memory 308 MiB.
2026-10-09T04:24:01Z INFO [84/750] 7e932dd7-ca5b-4bbc-807e-f3151147a9f7: Sackin index -0.1349; 1.5 s; peak memory 308 MiB.
2026-10-09T04:24:19Z INFO [85/750] 7e9406eb-520d-447d-b1e4-e59f95b75bf4: Sackin index -0.0153; 17.1 s; peak memory 308 MiB.
2026-10-09T04:24:20Z INFO [86/750] 7e9456b3-7a05-4638-abdb-dd5b98d487cb: Sackin index -0.0379; 1.9 s; peak memory 308 MiB.
2026-10-09T04:24:22Z INFO [87/750] 7e946d05-c825-4923-9c49-0fdc50ed346f: Sackin index -0.1602; 1.4 s; peak memory 308 MiB.
2026-10-09T04:24:23Z INFO [88/750] 7e94e9b2-e014-48da-b759-5c056151d5ab: Sackin index -0.1349; 1.3 s; peak memory 308 MiB.
2026-10-09T04:24:25Z INFO [89/750] 7e956bbb-7cac-4bb7-b226-eb63b0dbf280: Sackin index -0.1000; 1.9 s; peak memory 308 MiB.
2026-10-09T04:24:27Z INFO [90/750] 7e9595e2-ac74-42f7-8edd-a40608cda556: Sackin index -0.0434; 2.1 s; peak memory 308 MiB.
2026-10-09T04:25:18Z INFO [91/750] 7e96c9af-20d0-429f-b714-3e1089b56c24: Sackin index -0.1076; 50.6 s; peak memory 308 MiB.
2026-10-09T04:25:20Z INFO [92/750] 7e9734a7-827d-442a-9da2-600cbe1af2e0: Sackin index -0.0275; 2.3 s; peak memory 308 MiB.
2026-10-09T04:25:22Z INFO [93/750] 7e97a39b-5cf3-4394-af84-6c2281c297b9: Sackin index -0.0709; 1.7 s; peak memory 308 MiB.
2026-10-09T04:25:23Z INFO [94/750] 7e97fa5d-2035-48be-9194-d38d4038fc21: Sackin index -0.1349; 1.5 s; peak memory 308 MiB.
2026-10-09T04:25:25Z INFO [95/750] 7e984aa5-b5b6-4219-a60b-df7c6c279c4c: Sackin index -0.1187; 2.1 s; peak memory 308 MiB.
2026-10-09T04:25:33Z INFO [96/750] 7e98a102-3230-45fe-96df-f64f66e56831: Sackin index -0.0383; 7.2 s; peak memory 308 MiB.
2026-10-09T04:25:34Z INFO [97/750] 7e996c34-2a3e-45ab-89ec-f4755c59e7d8: Sackin index -0.1349; 1.5 s; peak memory 308 MiB.
2026-10-09T04:25:48Z INFO [98/750] 7e9c7684-14cc-4dc9-bd0d-cb81b0396177: Sackin index -0.0112; 13.4 s; peak memory 308 MiB.
2026-10-09T04:25:50Z INFO [99/750] 7e9c784e-4720-4652-a59a-a4c80e2b7318: Sackin index -0.0728; 2.1 s; peak memory 308 MiB.
2026-10-09T04:26:02Z INFO [100/750] 7e9d107c-9e3a-4cf3-9bc7-834b9e007dd3: Sackin index -0.0147; 12.1 s; peak memory 308 MiB.
2026-10-09T04:26:02Z INFO [100/750] 7e9d107c-9e3a-4cf3-9bc7-834b9e007dd3: checkpointed 107936 new records.
2026-10-09T04:26:04Z INFO [101/750] 7e9d2ba0-6653-44da-b19e-6254325402a1: Sackin index -0.0369; 1.9 s; peak memory 308 MiB.
2026-10-09T04:26:05Z INFO [102/750] 7e9d5ed1-a451-4386-87a1-0d34d0c5c6af: Sackin index -0.1349; 1.5 s; peak memory 308 MiB.
2026-10-09T04:26:07Z INFO [103/750] 7e9e12d2-d9e4-4e34-95f5-c6c1f6f538ff: Sackin index -0.0728; 1.9 s; peak memory 308 MiB.
2026-10-09T04:26:09Z INFO [104/750] 7e9e3915-9048-497d-8b9a-28649bb106ac: Sackin index -0.0908; 1.9 s; peak memory 308 MiB.
2026-10-09T04:26:11Z INFO [105/750] 7e9e3fc3-e9fb-4068-ad98-a3739cdf88a9: Sackin index -0.1349; 1.5 s; peak memory 308 MiB.
2026-10-09T04:26:12Z INFO [106/750] 7e9eb996-0bbd-489a-b131-98ee6da85c27: Sackin index -0.1331; 1.2 s; peak memory 308 MiB.
2026-10-09T04:27:56Z INFO [107/750] 7e9fe4cd-1362-42b4-85ab-5789757dc688: Sackin index -0.0007; 104.3 s; peak memory 455 MiB.
2026-10-09T04:27:58Z INFO [108/750] 7ea06680-aa64-46ee-9cb7-9630565cf24d: Sackin index -0.0656; 1.6 s; peak memory 455 MiB.
2026-10-09T04:28:00Z INFO [109/750] 7ea0a645-a912-4de0-b836-f980c80c8bbe: Sackin index -0.0728; 1.9 s; peak memory 455 MiB.
2026-10-09T04:28:01Z INFO [110/750] 7ea12f61-db74-4411-9861-dcb6bc62b47d: Sackin index -0.1349; 1.4 s; peak memory 455 MiB.
2026-10-09T04:28:02Z INFO [111/750] 7ea17588-bf3f-4c9e-a741-4073cf80fbee: Sackin index -0.1298; 1.4 s; peak memory 455 MiB.
2026-10-09T04:28:04Z INFO [112/750] 7ea23f0d-6acf-412e-968d-816a605e6ddd: Sackin index -0.1349; 1.4 s; peak memory 455 MiB.
2026-10-09T04:28:05Z INFO [113/750] 7ea27ce0-cc3e-4a6c-ab89-0b810f7bfcef: Sackin index -0.0702; 1.5 s; peak memory 455 MiB.
2026-10-09T04:28:21Z INFO [114/750] 7ea29782-d16a-4207-9926-96a43226ce7a: Sackin index -0.0294; 15.7 s; peak memory 455 MiB.
2026-10-09T04:28:23Z INFO [115/750] 7ea2c87d-47e7-4389-a634-2e56c047b930: Sackin index -0.1349; 1.5 s; peak memory 455 MiB.
2026-10-09T04:28:29Z INFO [116/750] 7ea3ba40-c86f-4989-80e5-16cfa5f11efb: Sackin index -0.0403; 6.1 s; peak memory 455 MiB.
2026-10-09T04:28:31Z INFO [117/750] 7ea3c766-ab70-4c16-b877-6116d26f53c9: Sackin index -0.0728; 2.1 s; peak memory 455 MiB.
2026-10-09T04:28:39Z INFO [118/750] 7ea3e83d-d037-4d73-a9bc-ade9cb667140: Sackin index -0.0218; 8.4 s; peak memory 455 MiB.
2026-10-09T04:31:00Z INFO [119/750] 7ea4ceba-ab87-43b6-84a6-135f532ed5ce: Sackin index -0.0410; 140.4 s; peak memory 455 MiB.
2026-10-09T04:31:36Z INFO [120/750] 7ea5edfd-b27b-4db0-984d-a95447f3b045: Sackin index -0.0369; 36.8 s; peak memory 455 MiB.
2026-10-09T04:31:57Z INFO [121/750] 7ea5fa52-c7f9-4a81-af1f-626777a55938: Sackin index -0.0160; 20.7 s; peak memory 455 MiB.
2026-10-09T04:34:31Z INFO [122/750] 7ea62833-d0ce-48e3-957e-0dcb808228df: Sackin index -0.0573; 153.7 s; peak memory 456 MiB.
2026-10-09T04:34:33Z INFO [123/750] 7ea69728-258a-4645-90ca-740ff41000f7: Sackin index -0.0728; 2.2 s; peak memory 456 MiB.
2026-10-09T04:34:37Z INFO [124/750] 7ea78c4b-2a34-431c-bd20-2a2b7c725798: Sackin index -0.0704; 3.6 s; peak memory 456 MiB.
2026-10-09T04:34:38Z INFO [125/750] 7ea79459-105c-42ce-b0d4-994304b9d1d1: Sackin index -0.1239; 1.3 s; peak memory 456 MiB.
2026-10-09T04:34:40Z INFO [126/750] 7ea7d05d-4260-4e0f-b23c-cacaeb5f2ec6: Sackin index -0.0844; 1.5 s; peak memory 456 MiB.
2026-10-09T04:38:06Z INFO [127/750] 7ea7e9b5-d3f3-4fc0-a3b7-a0379a64932c: Sackin index -0.0701; 206.7 s; peak memory 1196 MiB.
2026-10-09T04:38:26Z INFO [128/750] 7ea8086e-cea6-49dc-baf0-022db644806a: Sackin index -0.1462; 20.0 s; peak memory 1196 MiB.
2026-10-09T04:38:28Z INFO [129/750] 7ea8ad30-fa1d-4315-b0b9-d2959ba5b0b4: Sackin index -0.1272; 1.2 s; peak memory 1196 MiB.
2026-10-09T04:38:29Z INFO [130/750] 7ea8b0e7-8573-410a-bb39-f6907afd6bd0: Sackin index -0.0702; 1.8 s; peak memory 1196 MiB.
2026-10-09T04:38:31Z INFO [131/750] 7ea9ef08-71fa-4997-875b-65876dfa3201: Sackin index -0.0702; 1.7 s; peak memory 1196 MiB.
2026-10-09T04:38:33Z INFO [132/750] 7eaa1b09-17e0-4d9f-9df5-0af24abcf2c2: Sackin index -0.1349; 1.5 s; peak memory 1196 MiB.
2026-10-09T04:38:49Z INFO [133/750] 7eabeb82-c2b9-468c-b890-9c1d0e68d5ff: Sackin index -0.0153; 16.0 s; peak memory 1196 MiB.
2026-10-09T04:38:51Z INFO [134/750] 7eade635-7a75-4c2f-a28e-4c0d2d161a12: Sackin index -0.1144; 2.8 s; peak memory 1196 MiB.
2026-10-09T04:39:43Z INFO [135/750] 7eae60d6-2dc9-46ae-9e81-25aeb6864264: Sackin index -0.0050; 51.3 s; peak memory 1196 MiB.
2026-10-09T04:39:44Z INFO [136/750] 7eae6f81-c03f-42b1-838f-69ad1916d095: Sackin index -0.1303; 1.2 s; peak memory 1196 MiB.
2026-10-09T04:39:45Z INFO [137/750] 7eaf1b58-a191-439c-8918-67b25f3cb209: Sackin index -0.1731; 1.3 s; peak memory 1196 MiB.
2026-10-09T04:39:49Z INFO [138/750] 7eaf226e-663c-403e-b197-811cf1dad957: Sackin index -0.0693; 3.5 s; peak memory 1196 MiB.
2026-10-09T04:40:05Z INFO [139/750] 7eaf63c7-32a1-470b-833f-89d06b3349ce: Sackin index -0.0171; 16.7 s; peak memory 1196 MiB.
2026-10-09T04:40:07Z INFO [140/750] 7eaf71e9-a0d3-4ca2-b8ef-ec4903c8790d: Sackin index -0.1349; 1.5 s; peak memory 1196 MiB.
2026-10-09T04:40:08Z INFO [141/750] 7eb0157b-2439-4d30-8e82-4de40c39478c: Sackin index -0.1331; 1.4 s; peak memory 1196 MiB.
2026-10-09T05:28:14Z INFO [142/750] 7eb01eb6-4735-4bc7-afb1-149f9cb5b2a4: Sackin index -0.0096; 2886.0 s; peak memory 1196 MiB.
2026-10-09T05:28:16Z INFO [143/750] 7eb1503a-377d-4688-9360-2aa537fe959d: Sackin index -0.1938; 1.3 s; peak memory 1196 MiB.
2026-10-09T05:28:17Z INFO [144/750] 7eb2418b-e206-4f09-9212-9211a6f855b4: Sackin index -0.1248; 1.5 s; peak memory 1196 MiB.
2026-10-09T05:28:24Z INFO [145/750] 7eb3d18d-72bf-49b0-a341-d3d4218a3ea0: Sackin index -0.0763; 7.3 s; peak memory 1196 MiB.
2026-10-09T05:28:27Z INFO [146/750] 7eb480ac-7455-409b-8a91-9468cf2eece1: Sackin index -0.1160; 2.4 s; peak memory 1196 MiB.
2026-10-09T05:28:28Z INFO [147/750] 7eb4e71f-aa9e-4903-82ed-48ff3acd25c5: Sackin index -0.2229; 1.5 s; peak memory 1196 MiB.
2026-10-09T05:28:32Z INFO [148/750] 7eb5a0b5-1d3d-4f2c-85e5-ab6372d55432: Sackin index -0.0842; 3.6 s; peak memory 1196 MiB.
2026-10-09T05:28:35Z INFO [149/750] 7eb5ac73-cd73-4a57-a131-20e9cad14870: Sackin index -0.0676; 3.3 s; peak memory 1196 MiB.
2026-10-09T05:28:38Z INFO [150/750] 7eb5dfc7-6fe8-4c2d-afb8-243e79ae1ae0: Sackin index -0.0275; 2.2 s; peak memory 1196 MiB.
2026-10-09T05:28:38Z INFO [150/750] 7eb5dfc7-6fe8-4c2d-afb8-243e79ae1ae0: checkpointed 107986 new records.
2026-10-09T05:28:40Z INFO [151/750] 7eb5f2f4-077d-467d-9849-eb6f92439935: Sackin index -0.0369; 2.2 s; peak memory 1196 MiB.
2026-10-09T05:28:42Z INFO [152/750] 7eb6ae02-a0b3-4bd6-9c8a-401b2586176e: Sackin index -0.0944; 2.1 s; peak memory 1196 MiB.
2026-10-09T05:28:44Z INFO [153/750] 7eb7390a-c261-46e5-9d90-892802ac68f7: Sackin index -0.0732; 1.5 s; peak memory 1196 MiB.
2026-10-09T05:28:45Z INFO [154/750] 7eb7919f-d7cb-4786-823e-d480c55ae36a: Sackin index -0.1938; 1.2 s; peak memory 1196 MiB.
2026-10-09T05:28:47Z INFO [155/750] 7eb796d4-b5f8-48cf-8b02-16d3cef42f42: Sackin index -0.0702; 1.8 s; peak memory 1196 MiB.
2026-10-09T05:28:48Z INFO [156/750] 7eb7bd22-64cc-4087-9d04-bb09954fafce: Sackin index -0.0822; 1.6 s; peak memory 1196 MiB.
2026-10-09T05:28:50Z INFO [157/750] 7eb85c5a-fc43-4cc5-a80c-edb5da01a504: Sackin index -0.0702; 1.6 s; peak memory 1196 MiB.
2026-10-09T05:28:51Z INFO [158/750] 7eb8a723-f395-43f5-a871-0eab7d2abf6d: Sackin index -0.1349; 1.4 s; peak memory 1196 MiB.
2026-10-09T05:28:53Z INFO [159/750] 7eb91972-56f2-4c5e-92a3-bc90a1d535c0: Sackin index -0.0702; 2.0 s; peak memory 1196 MiB.
2026-10-09T05:28:55Z INFO [160/750] 7eb9ca65-7a0d-4abe-ba59-b2aa2487a549: Sackin index -0.0728; 2.2 s; peak memory 1196 MiB.
2026-10-09T05:28:57Z INFO [161/750] 7eba9738-978a-40bf-bbe6-f02a0dacb275: Sackin index -0.1349; 1.6 s; peak memory 1196 MiB.
2026-10-09T05:29:15Z INFO [162/750] 7ebaf0c3-c32c-44d7-96a9-80e4cfbe0b91: Sackin index -0.0226; 17.9 s; peak memory 1196 MiB.
2026-10-09T05:29:17Z INFO [163/750] 7ebc8050-792a-4569-b097-8e18804a0ca9: Sackin index -0.0702; 1.6 s; peak memory 1196 MiB.
2026-10-09T05:29:20Z INFO [164/750] 7ebd3d49-072a-41f1-9e9b-1a973c09cbfb: Sackin index -0.1057; 3.7 s; peak memory 1196 MiB.
2026-10-09T05:29:24Z INFO [165/750] 7ebddaf7-4b10-4a0a-980f-e2b13f24e325: Sackin index -0.0263; 3.4 s; peak memory 1196 MiB.
2026-10-09T05:29:28Z INFO [166/750] 7ebdfc1f-db7d-4fb8-be00-054b7bb34054: Sackin index -0.1266; 4.8 s; peak memory 1196 MiB.
2026-10-09T05:29:30Z INFO [167/750] 7ebe4595-eb5a-4c1a-8776-8c909e1915b0: Sackin index -0.0702; 1.7 s; peak memory 1196 MiB.
2026-10-09T05:29:42Z INFO [168/750] 7ebe5110-234a-4d5f-97c5-56f08c184935: Sackin index -0.0221; 11.5 s; peak memory 1196 MiB.
2026-10-09T05:29:43Z INFO [169/750] 7ebe76ec-f000-4eef-90cf-b01673b1648e: Sackin index -0.1349; 1.3 s; peak memory 1196 MiB.
2026-10-09T05:29:45Z INFO [170/750] 7ebec3e6-be74-408e-a436-2c76ff243954: Sackin index -0.0656; 1.8 s; peak memory 1196 MiB.
2026-10-09T05:29:46Z INFO [171/750] 7ebefbd7-b00b-46cb-a813-71a525af3f22: Sackin index -0.1319; 1.4 s; peak memory 1196 MiB.
2026-10-09T05:29:48Z INFO [172/750] 7ebfb0be-3f05-4bb8-9e41-132e215fb307: Sackin index -0.0709; 1.7 s; peak memory 1196 MiB.
2026-10-09T05:29:49Z INFO [173/750] 7ec1a0c0-2847-4561-be91-63f5335588b5: Sackin index -0.1201; 1.5 s; peak memory 1196 MiB.
2026-10-09T05:29:51Z INFO [174/750] 7ec202d9-7dd7-4873-83ae-1f89df906aa8: Sackin index -0.0745; 1.6 s; peak memory 1196 MiB.
2026-10-09T05:29:53Z INFO [175/750] 7ec2f067-fd87-45ac-b36b-1606337ca67d: Sackin index -0.0702; 1.8 s; peak memory 1196 MiB.
2026-10-09T05:29:56Z INFO [176/750] 7ec31a4d-3850-4295-bbde-1de2769e7242: Sackin index -0.0579; 3.5 s; peak memory 1196 MiB.
2026-10-09T05:29:58Z INFO [177/750] 7ec35dff-0087-4293-8f76-680c5a88269a: Sackin index -0.1349; 1.4 s; peak memory 1196 MiB.
2026-10-09T05:30:00Z INFO [178/750] 7ec3f165-a1e8-414a-842e-2898e94e0d91: Sackin index -0.0738; 2.8 s; peak memory 1196 MiB.
2026-10-09T05:30:02Z INFO [179/750] 7ec4dce1-6942-43a1-96c1-6fe5d749698e: Sackin index -0.0886; 1.8 s; peak memory 1196 MiB.
2026-10-09T05:30:04Z INFO [180/750] 7ec6364c-c273-4751-ac58-c13ecaa0dfdd: Sackin index -0.0696; 1.8 s; peak memory 1196 MiB.
2026-10-09T05:30:05Z INFO [181/750] 7ec69093-3a62-4aae-aa46-455a190fe5c9: Sackin index -0.1239; 1.4 s; peak memory 1196 MiB.
2026-10-09T05:30:07Z INFO [182/750] 7ec6933c-e31e-401d-9986-029deaef390a: Sackin index -0.0702; 2.0 s; peak memory 1196 MiB.
2026-10-09T05:30:28Z INFO [183/750] 7ec705c1-7a89-4115-a806-011b3a79475a: Sackin index -0.0189; 20.2 s; peak memory 1196 MiB.
2026-10-09T05:30:29Z INFO [184/750] 7ec7351e-64dc-4d51-8fb3-a66548acfc05: Sackin index -0.1175; 1.1 s; peak memory 1196 MiB.
2026-10-09T05:30:30Z INFO [185/750] 7ec91b04-9e2b-4c28-af3d-2575c2183c37: Sackin index -0.1430; 1.2 s; peak memory 1196 MiB.
2026-10-09T05:30:32Z INFO [186/750] 7ec962ae-a3b7-4fd7-be83-ee1ecfbaa7a6: Sackin index -0.1349; 1.6 s; peak memory 1196 MiB.
2026-10-09T05:30:44Z INFO [187/750] 7ecaca28-2d6b-4bb1-86b8-8e2489177aa3: Sackin index -0.0227; 12.1 s; peak memory 1196 MiB.
2026-10-09T05:30:52Z INFO [188/750] 7ecbb99c-77ec-4d7f-8ece-e910ab607f05: Sackin index -0.0202; 8.0 s; peak memory 1196 MiB.
2026-10-09T05:30:53Z INFO [189/750] 7ecbcadc-c161-4f22-96e4-b3ec3cc7952b: Sackin index -0.1658; 1.3 s; peak memory 1196 MiB.
2026-10-09T05:30:54Z INFO [190/750] 7ecd1c4e-4751-4ab4-8082-e1e75e069c74: Sackin index -0.1658; 1.2 s; peak memory 1196 MiB.
2026-10-09T05:30:56Z INFO [191/750] 7ed13026-476d-4974-b713-ac441e4b46b0: Sackin index -0.1349; 1.5 s; peak memory 1196 MiB.
2026-10-09T05:31:20Z INFO [192/750] 7ed1f062-6a6f-4550-b987-ce213adcfb84: Sackin index -0.0148; 24.4 s; peak memory 1196 MiB.
2026-10-09T05:31:22Z INFO [193/750] 7ed2ff75-1614-4734-9de2-23336df9115b: Sackin index -0.0702; 1.8 s; peak memory 1196 MiB.
2026-10-09T05:31:23Z INFO [194/750] 7ed3c0a6-45a1-4901-946d-3acdede376f1: Sackin index -0.1340; 1.2 s; peak memory 1196 MiB.
2026-10-09T05:34:03Z INFO [195/750] 7ed4a397-3035-4e2d-b45b-c9b9a17319f3: Sackin index -0.0573; 160.3 s; peak memory 1196 MiB.
2026-10-09T05:34:14Z INFO [196/750] 7ed588c5-56bc-4652-a354-0add547415d4: Sackin index -0.0017; 10.5 s; peak memory 1196 MiB.
2026-10-09T05:34:15Z INFO [197/750] 7ed5ca26-2922-48cb-b067-0bbde611880e: Sackin index -0.1349; 1.5 s; peak memory 1196 MiB.
2026-10-09T05:34:17Z INFO [198/750] 7ed5d3cd-0af8-4a66-9dc4-e1dcf3b8eb51: Sackin index -0.1124; 1.6 s; peak memory 1196 MiB.
2026-10-09T05:34:19Z INFO [199/750] 7ed5fd2a-e270-4246-9b91-8212fc0e57d7: Sackin index -0.0696; 1.7 s; peak memory 1196 MiB.
2026-10-09T05:34:46Z INFO [200/750] 7ed7508b-ae5f-4c6e-b132-fb71db0f72f6: Sackin index -0.0140; 27.5 s; peak memory 1196 MiB.
2026-10-09T05:34:46Z INFO [200/750] 7ed7508b-ae5f-4c6e-b132-fb71db0f72f6: checkpointed 108036 new records.
2026-10-09T05:34:49Z INFO [201/750] 7ed79805-0692-4b66-9ae8-64380a2e2668: Sackin index -0.0369; 2.6 s; peak memory 1196 MiB.
2026-10-09T05:34:51Z INFO [202/750] 7ed7fb19-c8a6-4017-900f-82243de6094f: Sackin index -0.0728; 1.8 s; peak memory 1196 MiB.
2026-10-09T05:34:52Z INFO [203/750] 7ed91125-5166-4653-b225-eb519c585328: Sackin index -0.1349; 1.5 s; peak memory 1196 MiB.
2026-10-09T05:34:54Z INFO [204/750] 7ed91fd5-4410-48d2-8512-da79f464fa7e: Sackin index -0.1349; 1.5 s; peak memory 1196 MiB.
2026-10-09T05:34:56Z INFO [205/750] 7ed9bf68-2eb2-4cbe-b78f-a20a9cdf6d85: Sackin index -0.0702; 1.7 s; peak memory 1196 MiB.
2026-10-09T05:34:57Z INFO [206/750] 7eda4ea2-107b-4f36-b13f-12d5ba6a0f73: Sackin index -0.0720; 1.4 s; peak memory 1196 MiB.
2026-10-09T05:34:59Z INFO [207/750] 7eda6fd2-ccbe-4c02-80ef-09ab79e2a99b: Sackin index -0.0702; 1.8 s; peak memory 1196 MiB.
2026-10-09T05:35:01Z INFO [208/750] 7edafce2-4b07-4e07-a3ef-d633903578bd: Sackin index -0.0696; 1.9 s; peak memory 1196 MiB.
2026-10-09T05:35:02Z INFO [209/750] 7edd6d59-e5ce-4450-aacd-159d4f632d49: Sackin index -0.0696; 1.7 s; peak memory 1196 MiB.
2026-10-09T05:35:05Z INFO [210/750] 7ede13d0-896f-4f1c-9751-d33ce810ee0a: Sackin index -0.1370; 2.2 s; peak memory 1196 MiB.
2026-10-09T05:35:06Z INFO [211/750] 7edec16b-f920-481f-baf9-6d5f6204e187: Sackin index -0.1178; 1.2 s; peak memory 1196 MiB.
2026-10-09T05:35:08Z INFO [212/750] 7edf9aae-c67f-41fa-985f-b7efcbb1145e: Sackin index -0.0728; 2.2 s; peak memory 1196 MiB.
2026-10-09T05:35:09Z INFO [213/750] 7edfa233-1603-4d34-a78b-b6fd505e0ec5: Sackin index -0.1658; 1.3 s; peak memory 1196 MiB.
2026-10-09T05:35:11Z INFO [214/750] 7edfdd9b-148d-4e61-84aa-5a78eaddfed3: Sackin index -0.1273; 1.9 s; peak memory 1196 MiB.
2026-10-09T05:35:14Z INFO [215/750] 7ee04d86-c8cb-4f2e-9bfc-bd759daadc46: Sackin index -0.0745; 2.4 s; peak memory 1196 MiB.
2026-10-09T05:35:15Z INFO [216/750] 7ee0a76b-1eb3-4a11-ade4-b1e3be12928e: Sackin index -0.1349; 1.5 s; peak memory 1196 MiB.
2026-10-09T05:35:17Z INFO [217/750] 7ee2d0d5-11a9-4576-b8b2-6f92ad685d1a: Sackin index -0.1602; 1.7 s; peak memory 1196 MiB.
2026-10-09T06:32:49Z INFO [218/750] 7ee31240-3229-476d-8cca-62c8c03aadeb: Sackin index -0.0091; 3452.7 s; peak memory 1231 MiB.
2026-10-09T06:32:51Z INFO [219/750] 7ee3c91d-e383-4e9e-bcf7-f7df692e51b4: Sackin index -0.0702; 1.9 s; peak memory 1231 MiB.
2026-10-09T06:32:54Z INFO [220/750] 7ee3e55b-f4cb-4f99-b796-b68b911cb171: Sackin index -0.0735; 2.1 s; peak memory 1231 MiB.
2026-10-09T06:32:56Z INFO [221/750] 7ee40a2e-c100-4800-80df-e9b5409b46b6: Sackin index -0.0369; 2.3 s; peak memory 1231 MiB.
2026-10-09T06:32:57Z INFO [222/750] 7ee4fb5f-fc59-4045-9d15-249a4eaf8582: Sackin index -0.1349; 1.6 s; peak memory 1231 MiB.
2026-10-09T06:33:00Z INFO [223/750] 7ee50394-64d0-4f67-ac6f-929e353a8605: Sackin index -0.0728; 2.5 s; peak memory 1231 MiB.
2026-10-09T06:33:02Z INFO [224/750] 7ee5671c-2fcb-4a7e-9641-d935e9489a79: Sackin index -0.0745; 2.5 s; peak memory 1231 MiB.
2026-10-09T06:33:04Z INFO [225/750] 7ee63300-6937-4c79-b076-397355e0d178: Sackin index -0.1349; 1.6 s; peak memory 1231 MiB.
2026-10-09T06:33:06Z INFO [226/750] 7ee6b352-1660-4b8a-b5f9-9fc8697a36e8: Sackin index -0.0748; 1.9 s; peak memory 1231 MiB.
2026-10-09T06:33:08Z INFO [227/750] 7ee71d3c-6ede-4360-8da5-9e5618ffeaef: Sackin index -0.0745; 2.2 s; peak memory 1231 MiB.
2026-10-09T06:33:10Z INFO [228/750] 7ee7d7d7-1e52-4671-8528-03a4e89f6a10: Sackin index -0.0702; 2.1 s; peak memory 1231 MiB.
2026-10-09T06:33:12Z INFO [229/750] 7ee8ad18-bd9b-4984-8a2b-e3e533f5ef42: Sackin index -0.1658; 1.4 s; peak memory 1231 MiB.
2026-10-09T06:33:14Z INFO [230/750] 7ee934d4-2ada-45c1-ac19-2743cb113da3: Sackin index -0.0376; 2.7 s; peak memory 1231 MiB.
2026-10-09T06:33:20Z INFO [231/750] 7eeab383-0f5d-4260-9cba-9b158b010ea5: Sackin index -0.1562; 5.9 s; peak memory 1231 MiB.
2026-10-09T06:33:23Z INFO [232/750] 7eec1825-2a31-4413-ba69-477516adef14: Sackin index -0.0376; 2.4 s; peak memory 1231 MiB.
2026-10-09T06:33:25Z INFO [233/750] 7eec2029-f8fc-485e-8074-d292d17e7b2a: Sackin index -0.0728; 2.1 s; peak memory 1231 MiB.
2026-10-09T06:33:29Z INFO [234/750] 7eec37ca-f180-4cbb-b933-bc861c04c165: Sackin index -0.0704; 3.9 s; peak memory 1231 MiB.
2026-10-09T06:33:33Z INFO [235/750] 7eede8b5-3df6-49b6-98ed-33075ca9c208: Sackin index -0.0676; 4.1 s; peak memory 1231 MiB.
2026-10-09T06:33:35Z INFO [236/750] 7eeee715-4777-4422-ad78-0f4e7efeea21: Sackin index -0.0702; 2.1 s; peak memory 1231 MiB.
2026-10-09T06:36:18Z INFO [237/750] 7eef9f41-b57a-4c36-942a-cf52cd6aa178: Sackin index -0.0288; 163.1 s; peak memory 1231 MiB.
2026-10-09T06:36:45Z INFO [238/750] 7eeff4b6-adb4-4bd6-ad5e-7f15fe2755cb: Sackin index -0.1367; 27.0 s; peak memory 1231 MiB.
2026-10-09T06:36:47Z INFO [239/750] 7ef13ed7-259d-478a-a02f-7ea2ff135c2c: Sackin index -0.0728; 2.3 s; peak memory 1231 MiB.
2026-10-09T06:36:48Z INFO [240/750] 7ef1c639-b1d8-4674-ac8c-61795bd00d94: Sackin index -0.1272; 1.3 s; peak memory 1231 MiB.
2026-10-09T06:36:50Z INFO [241/750] 7ef24d55-b347-4b6c-87b9-1ccaa5723e9c: Sackin index -0.1466; 1.6 s; peak memory 1231 MiB.
2026-10-09T06:36:52Z INFO [242/750] 7ef262c0-9c00-4a34-819a-c269c37c7cdb: Sackin index -0.0696; 2.0 s; peak memory 1231 MiB.
2026-10-09T06:36:54Z INFO [243/750] 7ef2e3f6-0974-436a-9500-92c2c6b4ee15: Sackin index -0.1349; 1.6 s; peak memory 1231 MiB.
2026-10-09T06:36:58Z INFO [244/750] 7ef4066b-183b-46bb-ac4a-ddda4bfab677: Sackin index -0.0681; 3.9 s; peak memory 1231 MiB.
2026-10-09T06:37:08Z INFO [245/750] 7ef4d786-5301-4398-96dc-8c400694af6d: Sackin index -0.0160; 10.8 s; peak memory 1231 MiB.
2026-10-09T06:39:46Z INFO [246/750] 7ef4fb56-5ce2-4950-b26d-f93e07f6f9a2: Sackin index -0.0294; 157.8 s; peak memory 1231 MiB.
2026-10-09T06:39:48Z INFO [247/750] 7ef54506-234c-4d95-8953-730a8da8c64a: Sackin index -0.0376; 2.2 s; peak memory 1231 MiB.
2026-10-09T06:39:50Z INFO [248/750] 7ef564e2-0408-40a9-a240-ef800fda1711: Sackin index -0.1191; 1.7 s; peak memory 1231 MiB.
2026-10-09T06:39:52Z INFO [249/750] 7ef63a00-d990-4b12-9c62-3f1a7822ff2e: Sackin index -0.0702; 1.9 s; peak memory 1231 MiB.
2026-10-09T06:39:55Z INFO [250/750] 7ef66785-3fe7-46ac-8472-cfddeef03b5e: Sackin index -0.0676; 3.6 s; peak memory 1231 MiB.
2026-10-09T06:39:56Z INFO [250/750] 7ef66785-3fe7-46ac-8472-cfddeef03b5e: checkpointed 108086 new records.
2026-10-09T06:40:00Z INFO [251/750] 7ef668f1-82f7-4610-9e4d-0a373d9bdbc5: Sackin index -0.0890; 3.9 s; peak memory 1231 MiB.
2026-10-09T06:40:02Z INFO [252/750] 7ef7487b-d90f-4017-8dcf-1fce2ebb0dbc: Sackin index -0.0369; 2.4 s; peak memory 1231 MiB.
2026-10-09T06:41:08Z INFO [253/750] 7ef82011-edfc-4e5f-80dd-37a1b45595a9: Sackin index -0.1076; 66.4 s; peak memory 1231 MiB.
2026-10-09T06:41:11Z INFO [254/750] 7ef89100-f6be-4351-9c30-15a1d13c5c5b: Sackin index -0.0728; 2.9 s; peak memory 1231 MiB.
2026-10-09T06:41:14Z INFO [255/750] 7ef8eb9a-799b-42c8-9a9c-5fe39b274e5a: Sackin index -0.0676; 3.0 s; peak memory 1231 MiB.
2026-10-09T06:41:16Z INFO [256/750] 7ef922cd-7239-4d62-8799-60c76d5e3e0d: Sackin index -0.0709; 2.2 s; peak memory 1231 MiB.
2026-10-09T06:41:18Z INFO [257/750] 7efa87dd-4aec-485b-bddf-e1049150f5c9: Sackin index -0.0728; 1.7 s; peak memory 1231 MiB.
2026-10-09T06:41:20Z INFO [258/750] 7efbe1aa-0fda-4856-b8ba-2d1cf7f35ff6: Sackin index -0.1356; 2.3 s; peak memory 1231 MiB.
2026-10-09T06:41:22Z INFO [259/750] 7efbe8d5-6b1a-4635-b7a0-0d26bf4e070d: Sackin index -0.1349; 1.5 s; peak memory 1231 MiB.
2026-10-09T06:41:24Z INFO [260/750] 7efc06f7-6392-457b-9c1a-5349897762cc: Sackin index -0.0709; 1.8 s; peak memory 1231 MiB.
2026-10-09T06:41:25Z INFO [261/750] 7efc9b73-2fd0-45ed-b9f0-b0a7adfaf268: Sackin index -0.1349; 1.5 s; peak memory 1231 MiB.
2026-10-09T06:46:37Z INFO [262/750] 7efcece3-667d-4165-a365-5084422ede0c: Sackin index -0.0667; 312.1 s; peak memory 1441 MiB.
2026-10-09T06:46:39Z INFO [263/750] 7efe289a-b93a-400b-a1db-85c5eb6941b1: Sackin index -0.1319; 1.3 s; peak memory 1441 MiB.
2026-10-09T06:46:40Z INFO [264/750] 7efe4f7c-e575-415f-8f21-3f8d3bde9f28: Sackin index -0.1938; 1.3 s; peak memory 1441 MiB.
2026-10-09T06:46:42Z INFO [265/750] 7effb01d-b84d-415a-b87c-c947413f711b: Sackin index -0.0702; 1.8 s; peak memory 1441 MiB.
2026-10-09T06:46:44Z INFO [266/750] 7efff795-6b5a-4d3e-8b82-1b7855d378a2: Sackin index -0.1082; 1.8 s; peak memory 1441 MiB.
2026-10-09T06:47:04Z INFO [267/750] 7f00072d-b639-4779-8412-c219011af425: Sackin index -0.1892; 20.7 s; peak memory 1441 MiB.
2026-10-09T06:48:12Z INFO [268/750] 7f0010c8-d169-4f9a-975e-f2277e6a94d3: Sackin index -0.1144; 67.5 s; peak memory 1441 MiB.
2026-10-09T06:48:15Z INFO [269/750] 7f005220-9af2-4f9c-8439-29acf12be03f: Sackin index -0.0732; 2.7 s; peak memory 1441 MiB.
2026-10-09T06:48:16Z INFO [270/750] 7f0055d4-9e05-4896-8ef9-e89bc8ed267a: Sackin index -0.1349; 1.6 s; peak memory 1441 MiB.
2026-10-09T06:48:19Z INFO [271/750] 7f016a6c-18b5-4732-ac72-19060ac7c358: Sackin index -0.0434; 2.3 s; peak memory 1441 MiB.
2026-10-09T06:48:20Z INFO [272/750] 7f019952-2dd2-4a6a-b521-5b58e82b749f: Sackin index -0.1349; 1.6 s; peak memory 1441 MiB.
2026-10-09T06:48:22Z INFO [273/750] 7f01e339-f8bf-4419-8e4c-1d6c9fba8624: Sackin index -0.1248; 1.7 s; peak memory 1441 MiB.
2026-10-09T06:48:24Z INFO [274/750] 7f03154c-9dae-41cb-9742-c4ad73e269c5: Sackin index -0.0709; 2.2 s; peak memory 1441 MiB.
2026-10-09T06:48:26Z INFO [275/750] 7f03276b-ef92-48d3-a9f4-bc0e14dda6bb: Sackin index -0.0728; 2.4 s; peak memory 1441 MiB.
2026-10-09T06:48:28Z INFO [276/750] 7f042ac4-57a3-4455-8dee-7f1d1da23162: Sackin index -0.1602; 1.8 s; peak memory 1441 MiB.
2026-10-09T06:48:30Z INFO [277/750] 7f047c2f-738d-4dbb-aa4f-cba5e9ebc9a3: Sackin index -0.1349; 1.5 s; peak memory 1441 MiB.
2026-10-09T06:48:32Z INFO [278/750] 7f050ef3-804f-4fd7-a649-51ddfa2a9a63: Sackin index -0.0728; 2.4 s; peak memory 1441 MiB.
2026-10-09T06:48:33Z INFO [279/750] 7f054491-485e-415c-81cd-9b5c253f653a: Sackin index -0.1303; 1.3 s; peak memory 1441 MiB.
2026-10-09T06:48:35Z INFO [280/750] 7f05bdc7-ed69-4962-ba21-67a5e3da5499: Sackin index -0.1658; 1.2 s; peak memory 1441 MiB.
2026-10-09T06:48:42Z INFO [281/750] 7f063ced-a91d-4162-badc-c2c4ad8079c5: Sackin index -0.0253; 7.2 s; peak memory 1441 MiB.
2026-10-09T06:48:46Z INFO [282/750] 7f07c078-167b-4669-a216-baf0ce5121cf: Sackin index -0.0699; 3.7 s; peak memory 1441 MiB.
2026-10-09T06:48:47Z INFO [283/750] 7f081290-6094-4fd6-821e-4f3ef4e411c6: Sackin index -0.1349; 1.6 s; peak memory 1441 MiB.
2026-10-09T06:48:49Z INFO [284/750] 7f08756c-76b5-4b9d-aa9f-b82887b923c7: Sackin index -0.1349; 1.7 s; peak memory 1441 MiB.
2026-10-09T06:48:59Z INFO [285/750] 7f090e14-264d-4632-be38-fd116643e7c8: Sackin index -0.0420; 10.4 s; peak memory 1441 MiB.
2026-10-09T06:49:01Z INFO [286/750] 7f095bcb-17f3-4708-afb1-ada1cc4175f4: Sackin index -0.1349; 1.4 s; peak memory 1441 MiB.
2026-10-09T06:49:02Z INFO [287/750] 7f098542-fa11-4632-a60c-cef8dcad8bea: Sackin index -0.1361; 1.7 s; peak memory 1441 MiB.
2026-10-09T06:49:04Z INFO [288/750] 7f0a0b59-0f24-442f-bd11-59c1122d23a2: Sackin index -0.1349; 1.6 s; peak memory 1441 MiB.
2026-10-09T06:49:06Z INFO [289/750] 7f0a2c47-9fc8-43c1-8ce8-8086083e60c2: Sackin index -0.1349; 1.6 s; peak memory 1441 MiB.
2026-10-09T06:49:08Z INFO [290/750] 7f0b5437-f49d-4fc0-939a-fa962fe9d9fe: Sackin index -0.0702; 2.1 s; peak memory 1441 MiB.
2026-10-09T06:49:09Z INFO [291/750] 7f0c3a93-da98-46e4-afa0-3417c7377fe0: Sackin index -0.0748; 1.8 s; peak memory 1441 MiB.
2026-10-09T06:49:20Z INFO [292/750] 7f0c747d-b86c-4a8d-b2a8-35cc2b9d839e: Sackin index -0.0221; 10.8 s; peak memory 1441 MiB.
2026-10-09T06:49:22Z INFO [293/750] 7f0c7839-a66b-4830-89d5-865330f14a3f: Sackin index -0.1349; 1.7 s; peak memory 1441 MiB.
2026-10-09T06:49:23Z INFO [294/750] 7f0d069d-47c2-4bbe-929a-25ad6ed63bf4: Sackin index -0.1349; 1.4 s; peak memory 1441 MiB.
2026-10-09T06:49:25Z INFO [295/750] 7f0d7fec-a298-440d-9c02-8d51cca21f09: Sackin index -0.1349; 1.6 s; peak memory 1441 MiB.
2026-10-09T06:49:27Z INFO [296/750] 7f0d8010-0c65-48b2-8345-f6eb78c5918b: Sackin index -0.0702; 1.9 s; peak memory 1441 MiB.
2026-10-09T06:49:29Z INFO [297/750] 7f0f58f6-5037-4455-8d69-fcceaf824185: Sackin index -0.0376; 2.1 s; peak memory 1441 MiB.
2026-10-09T06:49:36Z INFO [298/750] 7f0f8400-e314-4487-938f-f063fa25b692: Sackin index -0.0251; 7.1 s; peak memory 1441 MiB.
2026-10-09T06:50:04Z INFO [299/750] 7f0fbe02-b828-43fd-8c8e-d29a27a98285: Sackin index -0.0039; 28.2 s; peak memory 1441 MiB.
2026-10-09T06:50:07Z INFO [300/750] 7f0ff968-d666-49ec-a389-ce13423f51d9: Sackin index -0.0376; 2.4 s; peak memory 1441 MiB.
2026-10-09T06:50:07Z INFO [300/750] 7f0ff968-d666-49ec-a389-ce13423f51d9: checkpointed 108136 new records.
2026-10-09T06:50:16Z INFO [301/750] 7f1061ff-43cd-4046-8a2a-c70fcd9e2aba: Sackin index -0.0476; 8.9 s; peak memory 1441 MiB.
2026-10-09T06:50:20Z INFO [302/750] 7f106214-0346-42f5-af5d-f738742224cc: Sackin index -0.1243; 3.8 s; peak memory 1441 MiB.
2026-10-09T06:50:32Z INFO [303/750] 7f1225ad-beb3-4ba5-948b-3df83fb39daa: Sackin index -0.0017; 12.8 s; peak memory 1441 MiB.
2026-10-09T06:50:37Z INFO [304/750] 7f138f37-91b8-4e41-b5a0-7afa59844922: Sackin index -0.0872; 4.3 s; peak memory 1441 MiB.
2026-10-09T06:50:45Z INFO [305/750] 7f13e63d-088c-424f-9e1a-7849646e827b: Sackin index -0.0435; 8.6 s; peak memory 1441 MiB.
2026-10-09T06:50:47Z INFO [306/750] 7f146d71-1731-48ab-968e-38c4221e46ff: Sackin index -0.1349; 1.7 s; peak memory 1441 MiB.
2026-10-09T06:53:23Z INFO [307/750] 7f1490b8-1f05-49fa-ba20-7afabfb85d0d: Sackin index -0.0305; 156.2 s; peak memory 1441 MiB.
2026-10-09T06:53:25Z INFO [308/750] 7f153847-bfdb-40d6-b87b-be91638bd0ff: Sackin index -0.1349; 1.7 s; peak memory 1441 MiB.
2026-10-09T06:53:41Z INFO [309/750] 7f157370-583a-4ba6-939d-0a2b16fdf437: Sackin index -0.0141; 16.2 s; peak memory 1441 MiB.
2026-10-09T06:53:44Z INFO [310/750] 7f168f29-154a-41d3-939e-d5c57f9cb394: Sackin index -0.0272; 3.1 s; peak memory 1441 MiB.
2026-10-09T06:53:46Z INFO [311/750] 7f16ad6d-fec8-46be-a81d-be43507a672e: Sackin index -0.0380; 2.3 s; peak memory 1441 MiB.
2026-10-09T06:53:48Z INFO [312/750] 7f16bd69-45fd-4537-95d0-209e41d56699: Sackin index -0.1178; 1.2 s; peak memory 1441 MiB.
2026-10-09T06:53:51Z INFO [313/750] 7f176ebd-3eff-4f01-bda3-3cce9823080e: Sackin index -0.0643; 3.2 s; peak memory 1441 MiB.
2026-10-09T06:53:52Z INFO [314/750] 7f18949d-fef4-4fa9-9c25-b193c028498d: Sackin index -0.1349; 1.6 s; peak memory 1441 MiB.
2026-10-09T06:53:55Z INFO [315/750] 7f1a251c-625e-4a9e-bacb-f4fb3f040673: Sackin index -0.0732; 2.3 s; peak memory 1441 MiB.
2026-10-09T06:53:57Z INFO [316/750] 7f1a3920-82d8-41f3-99c8-0618d570b066: Sackin index -0.0702; 1.7 s; peak memory 1441 MiB.
2026-10-09T06:53:58Z INFO [317/750] 7f1ac84c-730d-4628-9f37-2f047b1d8b0c: Sackin index -0.1349; 1.6 s; peak memory 1441 MiB.
2026-10-09T06:54:00Z INFO [318/750] 7f1aeed5-626c-4f9d-adaa-007353059d03: Sackin index -0.1345; 1.5 s; peak memory 1441 MiB.
2026-10-09T06:54:02Z INFO [319/750] 7f1b405f-fb78-4e34-bf7f-0eb816922dab: Sackin index -0.0709; 1.9 s; peak memory 1441 MiB.
2026-10-09T06:54:05Z INFO [320/750] 7f1bb866-155d-4e22-9f62-7e9d0737357f: Sackin index -0.0681; 3.9 s; peak memory 1441 MiB.
2026-10-09T06:54:09Z INFO [321/750] 7f1cf20b-7a0c-4ebc-82be-69b11fa4e2ab: Sackin index -0.0173; 3.3 s; peak memory 1441 MiB.
2026-10-09T06:58:53Z INFO [322/750] 7f1d0eb7-97d6-4127-b63f-7fdb068ea71f: Sackin index -0.0451; 284.7 s; peak memory 1441 MiB.
2026-10-09T06:58:55Z INFO [323/750] 7f1d1dfa-34fc-45e4-bb54-baa9954d9dcc: Sackin index -0.1201; 1.8 s; peak memory 1441 MiB.
2026-10-09T07:02:42Z INFO [324/750] 7f1d5407-4871-4865-a953-337ecd3e24d7: Sackin index -0.0017; 226.5 s; peak memory 1441 MiB.
2026-10-09T07:03:12Z INFO [325/750] 7f1d77a2-2241-4580-b8f0-47299824c752: Sackin index -0.1367; 30.3 s; peak memory 1441 MiB.
2026-10-09T07:03:14Z INFO [326/750] 7f1ddc55-9e31-4c29-8f9b-98bb143e76ed: Sackin index -0.1349; 1.9 s; peak memory 1441 MiB.
2026-10-09T07:03:25Z INFO [327/750] 7f1e67a0-03e5-4a22-8740-5be2bbf4a7ec: Sackin index -0.0940; 10.8 s; peak memory 1441 MiB.
2026-10-09T07:07:43Z INFO [328/750] 7f1e7c1b-200b-4853-8dfa-81aec75e71fb: Sackin index -0.0587; 258.6 s; peak memory 1441 MiB.
2026-10-09T07:07:45Z INFO [329/750] 7f1f243f-d5d3-4fce-bc18-23dda43cf9ad: Sackin index -0.1472; 1.4 s; peak memory 1441 MiB.
2026-10-09T07:07:47Z INFO [330/750] 7f1f845b-f252-4f76-8cb4-130719a58f9f: Sackin index -0.0385; 1.8 s; peak memory 1441 MiB.
2026-10-09T07:07:49Z INFO [331/750] 7f1fb596-b15a-4fe9-a541-9270016314a2: Sackin index -0.0375; 2.2 s; peak memory 1441 MiB.
2026-10-09T07:07:50Z INFO [332/750] 7f20de36-10c9-4df6-8b3e-ab1ccb1b305f: Sackin index -0.1658; 1.4 s; peak memory 1441 MiB.
2026-10-09T07:08:09Z INFO [333/750] 7f23a769-20b1-44c7-8403-e1635bca1268: Sackin index -0.0252; 19.2 s; peak memory 1441 MiB.
2026-10-09T07:08:15Z INFO [334/750] 7f2405de-162d-4c9e-ab77-513d44648bf1: Sackin index -0.0476; 5.6 s; peak memory 1441 MiB.
2026-10-09T07:08:45Z INFO [335/750] 7f24774f-e60a-4d89-bdd1-9ec96a51f2c8: Sackin index -0.0125; 30.1 s; peak memory 1441 MiB.
2026-10-09T07:08:47Z INFO [336/750] 7f248c34-aedb-4d10-a8aa-5e7566d0e017: Sackin index -0.1000; 2.1 s; peak memory 1441 MiB.
2026-10-09T07:08:49Z INFO [337/750] 7f24947e-593b-4a1e-ab12-04600a106ff9: Sackin index -0.1349; 1.6 s; peak memory 1441 MiB.
2026-10-09T07:08:50Z INFO [338/750] 7f24995a-51d3-4391-b9ce-08252a22702b: Sackin index -0.1248; 1.8 s; peak memory 1441 MiB.
2026-10-09T07:08:52Z INFO [339/750] 7f24f1f2-5f38-44f7-93a0-c0baf480bdb2: Sackin index -0.0696; 2.0 s; peak memory 1441 MiB.
2026-10-09T07:08:54Z INFO [340/750] 7f24fd17-0bd6-46e4-bd83-37ee92124797: Sackin index -0.0696; 1.9 s; peak memory 1441 MiB.
2026-10-09T07:09:11Z INFO [341/750] 7f2541c0-65f2-4095-8e8f-04ba2a1d2326: Sackin index -0.0250; 16.9 s; peak memory 1441 MiB.
2026-10-09T07:09:13Z INFO [342/750] 7f25d3b6-af1b-4335-9563-430489b2cfdf: Sackin index -0.1349; 1.6 s; peak memory 1441 MiB.
2026-10-09T07:09:16Z INFO [343/750] 7f25f294-21d7-440b-9a2c-4c76b049d3ae: Sackin index -0.0728; 2.7 s; peak memory 1441 MiB.
2026-10-09T07:09:18Z INFO [344/750] 7f2660a5-eaf4-448d-9a1f-752c55fa387f: Sackin index -0.0275; 2.4 s; peak memory 1441 MiB.
2026-10-09T07:09:20Z INFO [345/750] 7f266b9c-f867-4857-ab4a-e4a4cf9d4026: Sackin index -0.1349; 1.6 s; peak memory 1441 MiB.
2026-10-09T07:09:22Z INFO [346/750] 7f2750cc-24af-4e76-b2e3-bc7ad6731caa: Sackin index -0.0728; 2.4 s; peak memory 1441 MiB.
2026-10-09T07:09:24Z INFO [347/750] 7f2764d7-e20a-4f9c-9b8e-e5d3563d4a94: Sackin index -0.0702; 2.1 s; peak memory 1441 MiB.
2026-10-09T07:09:47Z INFO [348/750] 7f2784cd-7dec-48ca-a265-7e19bcb68ff3: Sackin index -0.0389; 23.0 s; peak memory 1441 MiB.
2026-10-09T07:09:49Z INFO [349/750] 7f279fad-d728-4804-bb5c-2f4b52eefdf3: Sackin index -0.0379; 2.4 s; peak memory 1441 MiB.
2026-10-09T07:09:52Z INFO [350/750] 7f283b75-b21f-41d3-b270-1c5dd14b06d1: Sackin index -0.0728; 2.6 s; peak memory 1441 MiB.
2026-10-09T07:09:52Z INFO [350/750] 7f283b75-b21f-41d3-b270-1c5dd14b06d1: checkpointed 108186 new records.
2026-10-09T07:10:23Z INFO [351/750] 7f28459a-b196-42e8-9805-15e47915a16b: Sackin index -0.0143; 30.9 s; peak memory 1441 MiB.
2026-10-09T07:10:25Z INFO [352/750] 7f28bcc7-1a6a-4a39-b63c-81b2d1a5cd2e: Sackin index -0.1298; 1.4 s; peak memory 1441 MiB.
2026-10-09T07:10:37Z INFO [353/750] 7f28c8bf-9b8d-4198-b9a0-0faadf95645c: Sackin index -0.0174; 12.9 s; peak memory 1441 MiB.
2026-10-09T07:10:40Z INFO [354/750] 7f293765-cc0f-4cb5-9bca-02e8123f32a2: Sackin index -0.0735; 2.1 s; peak memory 1441 MiB.
2026-10-09T07:10:54Z INFO [355/750] 7f2a31b8-7bcf-4f57-897c-e94cda25ec6d: Sackin index -0.0142; 14.8 s; peak memory 1441 MiB.
2026-10-09T07:10:56Z INFO [356/750] 7f2ab6d9-4ce9-4f34-b910-381b3f469615: Sackin index -0.1349; 1.6 s; peak memory 1441 MiB.
2026-10-09T07:10:58Z INFO [357/750] 7f2bc842-7fc6-4f3e-b237-112b1cf02628: Sackin index -0.0391; 1.7 s; peak memory 1441 MiB.
2026-10-09T07:11:00Z INFO [358/750] 7f2c08b9-0527-4ecc-8968-4fb5d8ad7aa0: Sackin index -0.0702; 1.9 s; peak memory 1441 MiB.
2026-10-09T07:11:01Z INFO [359/750] 7f2c8aa9-adbf-46e3-bd64-7b155999fcb8: Sackin index -0.1349; 1.6 s; peak memory 1441 MiB.
2026-10-09T07:11:03Z INFO [360/750] 7f2cffc3-c846-4408-9143-37389945ed0b: Sackin index -0.0376; 2.1 s; peak memory 1441 MiB.
2026-10-09T07:11:05Z INFO [361/750] 7f2dddec-ac46-4f80-90e7-36c7e2c16611: Sackin index -0.1349; 1.5 s; peak memory 1441 MiB.
2026-10-09T07:11:14Z INFO [362/750] 7f2e0755-8ca6-4e49-b072-24f905222de8: Sackin index -0.0435; 8.7 s; peak memory 1441 MiB.
2026-10-09T07:11:29Z INFO [363/750] 7f2e0871-2714-4ebb-b8d7-96d947f9ca7d: Sackin index -0.0176; 15.9 s; peak memory 1441 MiB.
2026-10-09T07:12:06Z INFO [364/750] 7f2e7011-ea68-4610-ac4a-c38657851cc6: Sackin index -0.0107; 37.1 s; peak memory 1441 MiB.
2026-10-09T07:12:08Z INFO [365/750] 7f2e9575-7fd8-4edb-bc00-d58b2b73a840: Sackin index -0.1288; 1.6 s; peak memory 1441 MiB.
2026-10-09T07:12:13Z INFO [366/750] 7f2e9ba7-64e1-4015-96b6-16aff593b38b: Sackin index -0.0660; 4.7 s; peak memory 1441 MiB.
2026-10-09T07:12:15Z INFO [367/750] 7f302cdb-f659-439c-8c2c-ef74b8f777b9: Sackin index -0.1408; 2.1 s; peak memory 1441 MiB.
2026-10-09T07:12:18Z INFO [368/750] 7f315578-d5c1-44a9-b0d0-a70eba83f82d: Sackin index -0.0728; 2.8 s; peak memory 1441 MiB.
2026-10-09T07:12:19Z INFO [369/750] 7f31bc09-81ba-40b6-9318-3880370b38df: Sackin index -0.1051; 1.6 s; peak memory 1441 MiB.
2026-10-09T07:12:22Z INFO [370/750] 7f327a7f-9f14-417e-b2f6-ac796b204039: Sackin index -0.0752; 2.3 s; peak memory 1441 MiB.
2026-10-09T07:15:05Z INFO [371/750] 7f33591a-5598-4912-8ecd-3bd813baf528: Sackin index -0.0573; 164.0 s; peak memory 1441 MiB.
2026-10-09T07:15:08Z INFO [372/750] 7f335e9c-6e98-4f66-a63f-703ae2ee6db6: Sackin index -0.0434; 2.3 s; peak memory 1441 MiB.
2026-10-09T07:15:12Z INFO [373/750] 7f3380ce-9f93-49f2-a582-8e9b1c8cfcee: Sackin index -0.0654; 3.9 s; peak memory 1441 MiB.
2026-10-09T07:15:19Z INFO [374/750] 7f33f6a7-4710-4041-8cf5-0aa2efaad0c4: Sackin index -0.0403; 7.5 s; peak memory 1441 MiB.
2026-10-09T07:15:21Z INFO [375/750] 7f3403d1-de03-4ebb-a047-eba56172d7a2: Sackin index -0.0696; 2.0 s; peak memory 1441 MiB.
2026-10-09T07:15:23Z INFO [376/750] 7f341ac7-e233-4134-8071-6aabc1ff8068: Sackin index -0.1562; 1.6 s; peak memory 1441 MiB.
2026-10-09T07:15:36Z INFO [377/750] 7f345b7a-2a33-4da9-85dd-843d1d6d44da: Sackin index -0.0170; 13.5 s; peak memory 1441 MiB.
2026-10-09T07:18:07Z INFO [378/750] 7f3467ab-d952-402a-a75d-4aa49ecc8dcc: Sackin index -0.1076; 150.7 s; peak memory 1441 MiB.
2026-10-09T07:18:11Z INFO [379/750] 7f34b115-98b7-4c06-85c3-02f0d7ce789e: Sackin index -0.0681; 4.0 s; peak memory 1441 MiB.
2026-10-09T07:18:12Z INFO [380/750] 7f34cf3d-ef70-43d5-9af7-6160ae944140: Sackin index -0.1658; 1.2 s; peak memory 1441 MiB.
2026-10-09T07:18:14Z INFO [381/750] 7f34daf1-233a-402a-958a-759409ca0165: Sackin index -0.1938; 1.4 s; peak memory 1441 MiB.
2026-10-09T07:18:15Z INFO [382/750] 7f3802b9-3cef-430f-97a2-792aa748405d: Sackin index -0.1349; 1.6 s; peak memory 1441 MiB.
2026-10-09T07:18:17Z INFO [383/750] 7f3894e3-a84f-4d81-be95-f8e020688796: Sackin index -0.1349; 1.7 s; peak memory 1441 MiB.
2026-10-09T07:18:28Z INFO [384/750] 7f38b994-0a08-4830-baf4-19f6be03cbec: Sackin index -0.1938; 10.8 s; peak memory 1441 MiB.
2026-10-09T07:18:29Z INFO [385/750] 7f395c62-e862-4ac0-9a55-a84a5009a821: Sackin index -0.1349; 1.6 s; peak memory 1441 MiB.
2026-10-09T07:18:31Z INFO [386/750] 7f39a1cb-1e6c-428a-a8fd-35a673dfea99: Sackin index -0.0702; 1.9 s; peak memory 1441 MiB.
2026-10-09T07:18:35Z INFO [387/750] 7f3ac3c8-b7e2-486c-a2a6-36dbaabebb06: Sackin index -0.1085; 3.5 s; peak memory 1441 MiB.
2026-10-09T07:18:36Z INFO [388/750] 7f3b1fc8-bd0d-4c5d-97e4-9cb7d42c5bd2: Sackin index -0.1349; 1.6 s; peak memory 1441 MiB.
2026-10-09T07:18:45Z INFO [389/750] 7f3bdb32-25a8-49fe-8e24-63d4ba397e9b: Sackin index -0.0252; 9.0 s; peak memory 1441 MiB.
2026-10-09T07:18:47Z INFO [390/750] 7f3c2e5c-c6d3-4ad5-b9e8-1a438eda8a76: Sackin index -0.1303; 1.3 s; peak memory 1441 MiB.
2026-10-09T07:18:48Z INFO [391/750] 7f3c4613-627a-44e0-9eb8-a97c12d74cbe: Sackin index -0.0707; 1.8 s; peak memory 1441 MiB.
2026-10-09T07:18:50Z INFO [392/750] 7f3c7f0d-1693-47b8-9edf-c51fc7c8a1f0: Sackin index -0.1349; 1.6 s; peak memory 1441 MiB.
2026-10-09T07:18:52Z INFO [393/750] 7f3cc6d0-93d5-40d0-af55-42e7fa33cdc2: Sackin index -0.1349; 1.7 s; peak memory 1441 MiB.
2026-10-09T07:18:55Z INFO [394/750] 7f3dd24f-91fd-4930-beb8-25c8c3ffe79f: Sackin index -0.0579; 3.8 s; peak memory 1441 MiB.
2026-10-09T07:19:23Z INFO [395/750] 7f3e6d3d-20ce-4b55-8304-0c0d26f53f6e: Sackin index -0.1367; 27.3 s; peak memory 1441 MiB.
2026-10-09T07:19:24Z INFO [396/750] 7f3e7d50-4695-46cb-9bf4-f039d346b18f: Sackin index -0.1349; 1.6 s; peak memory 1441 MiB.
2026-10-09T07:19:26Z INFO [397/750] 7f3eaed7-adbd-41de-afbe-6db80e3f64cf: Sackin index -0.0673; 1.8 s; peak memory 1441 MiB.
2026-10-09T07:19:28Z INFO [398/750] 7f406338-482a-497b-81a2-70cd42dc1368: Sackin index -0.0735; 2.0 s; peak memory 1441 MiB.
2026-10-09T07:19:30Z INFO [399/750] 7f40b61d-62dd-4615-8dd5-b60be3401cf7: Sackin index -0.1828; 1.5 s; peak memory 1441 MiB.
2026-10-09T07:19:31Z INFO [400/750] 7f413096-4b77-476d-ace0-8b93ddee7859: Sackin index -0.1349; 1.5 s; peak memory 1441 MiB.
2026-10-09T07:19:31Z INFO [400/750] 7f413096-4b77-476d-ace0-8b93ddee7859: checkpointed 108236 new records.
2026-10-09T07:19:33Z INFO [401/750] 7f413bdd-8ed1-4cc7-864b-033787cf38f3: Sackin index -0.0702; 1.8 s; peak memory 1441 MiB.
2026-10-09T07:19:36Z INFO [402/750] 7f419780-ad2a-4706-991c-fb9561d051b1: Sackin index -0.0728; 2.5 s; peak memory 1441 MiB.
2026-10-09T07:19:38Z INFO [403/750] 7f42036f-8990-444a-94ea-e23651575d0c: Sackin index -0.0709; 2.1 s; peak memory 1441 MiB.
2026-10-09T07:19:39Z INFO [404/750] 7f427532-4924-4eb9-897d-46b98340f1c9: Sackin index -0.1349; 1.5 s; peak memory 1441 MiB.
2026-10-09T07:19:42Z INFO [405/750] 7f42923d-4b4f-405e-b7cb-efa58d453a79: Sackin index -0.1194; 2.4 s; peak memory 1441 MiB.
2026-10-09T07:19:43Z INFO [406/750] 7f43a7c8-6088-4e69-b0c0-621757a09fc6: Sackin index -0.0387; 1.9 s; peak memory 1441 MiB.
2026-10-09T07:19:45Z INFO [407/750] 7f44bc33-6768-4ec2-bd04-b7c1fdc3a59c: Sackin index -0.1062; 2.0 s; peak memory 1441 MiB.
2026-10-09T07:19:47Z INFO [408/750] 7f44e656-699c-4eef-a854-e3b41fa7a53d: Sackin index -0.1349; 1.6 s; peak memory 1441 MiB.
2026-10-09T07:19:49Z INFO [409/750] 7f45513f-07f2-41c7-8065-ffc2a1142360: Sackin index -0.1000; 1.9 s; peak memory 1441 MiB.
2026-10-09T07:19:51Z INFO [410/750] 7f45b751-d6cc-4823-a4cd-599ae7c66eea: Sackin index -0.1349; 1.6 s; peak memory 1441 MiB.
2026-10-09T07:19:58Z INFO [411/750] 7f461785-797a-479a-a6be-88cee139b371: Sackin index -0.0411; 7.5 s; peak memory 1441 MiB.
2026-10-09T07:20:00Z INFO [412/750] 7f4651a6-41c7-4f93-aa4b-ec995f3fbd03: Sackin index -0.0702; 1.7 s; peak memory 1441 MiB.
2026-10-09T07:20:02Z INFO [413/750] 7f46c7ed-5661-4e69-9f67-2e9b4992a356: Sackin index -0.1349; 1.7 s; peak memory 1441 MiB.
2026-10-09T07:20:03Z INFO [414/750] 7f4759b7-ac76-476c-96ca-36edd1d2669f: Sackin index -0.1349; 1.6 s; peak memory 1441 MiB.
2026-10-09T07:20:05Z INFO [415/750] 7f481686-60d9-49f8-9584-73347598f9a2: Sackin index -0.1349; 1.6 s; peak memory 1441 MiB.
2026-10-09T07:20:07Z INFO [416/750] 7f48e36f-88a4-4d96-bb07-38a575382026: Sackin index -0.1349; 1.8 s; peak memory 1441 MiB.
2026-10-09T07:20:08Z INFO [417/750] 7f494ebd-8be5-4837-9c17-490d107287bc: Sackin index -0.0702; 1.8 s; peak memory 1441 MiB.
2026-10-09T07:20:10Z INFO [418/750] 7f49e70d-d903-4418-be99-2b9e912d8a13: Sackin index -0.1349; 1.6 s; peak memory 1441 MiB.
2026-10-09T07:20:12Z INFO [419/750] 7f4a07e4-840c-47ef-a655-aed2e3709e82: Sackin index -0.0375; 2.2 s; peak memory 1441 MiB.
2026-10-09T07:20:15Z INFO [420/750] 7f4a7ca7-d170-4346-a38a-be9ba37e6139: Sackin index -0.0824; 3.0 s; peak memory 1441 MiB.
2026-10-09T07:20:17Z INFO [421/750] 7f4ac6e8-5ec6-4389-8989-e361c6ca17de: Sackin index -0.1273; 2.0 s; peak memory 1441 MiB.
2026-10-09T07:20:19Z INFO [422/750] 7f4c21bd-1952-498b-9659-9f739f94597f: Sackin index -0.1658; 1.3 s; peak memory 1441 MiB.
2026-10-09T07:20:28Z INFO [423/750] 7f4e4e52-289c-4e76-bacc-bb86b2accca8: Sackin index -0.0251; 9.9 s; peak memory 1441 MiB.
2026-10-09T07:20:33Z INFO [424/750] 7f4e8594-4493-4239-aaa5-003cc0ef136f: Sackin index -0.0718; 4.1 s; peak memory 1441 MiB.
2026-10-09T07:20:34Z INFO [425/750] 7f4f8e00-cd03-4feb-995e-24c68fc4753c: Sackin index -0.1349; 1.7 s; peak memory 1441 MiB.
2026-10-09T07:20:44Z INFO [426/750] 7f503f3d-266b-43fc-995c-652cd0183ea6: Sackin index -0.0251; 10.3 s; peak memory 1441 MiB.
2026-10-09T07:20:51Z INFO [427/750] 7f50e288-e247-4d0b-b74f-0f885f176580: Sackin index -0.0272; 6.9 s; peak memory 1441 MiB.
2026-10-09T07:20:53Z INFO [428/750] 7f50e503-9358-4325-97a0-9e807c2c476f: Sackin index -0.0696; 1.9 s; peak memory 1441 MiB.
2026-10-09T07:20:57Z INFO [429/750] 7f51ba99-eb57-410d-825d-62184b1752b9: Sackin index -0.0704; 3.6 s; peak memory 1441 MiB.
2026-10-09T07:21:01Z INFO [430/750] 7f533957-da87-4dd0-be45-378232134f9a: Sackin index -0.0660; 4.5 s; peak memory 1441 MiB.
2026-10-09T07:21:04Z INFO [431/750] 7f53c19c-e3ec-48d6-b71b-fa640ab4e5aa: Sackin index -0.0728; 2.3 s; peak memory 1441 MiB.
2026-10-09T07:21:06Z INFO [432/750] 7f540a4c-b74e-461d-b309-3ca30685a431: Sackin index -0.0702; 1.9 s; peak memory 1441 MiB.
2026-10-09T07:21:08Z INFO [433/750] 7f550497-ee0f-46e2-81b0-305796b0b401: Sackin index -0.1273; 2.3 s; peak memory 1441 MiB.
2026-10-09T07:21:10Z INFO [434/750] 7f552a7b-1cec-44b3-a956-da8fb29e202d: Sackin index -0.1602; 1.9 s; peak memory 1441 MiB.
2026-10-09T07:21:22Z INFO [435/750] 7f556db6-157f-489e-9faa-3bcc8fc7fdb9: Sackin index -0.0390; 11.9 s; peak memory 1441 MiB.
2026-10-09T07:21:54Z INFO [436/750] 7f55ecd1-779f-4d6e-a094-b780ffba7ba9: Sackin index -0.0212; 32.1 s; peak memory 1441 MiB.
2026-10-09T07:21:56Z INFO [437/750] 7f56035c-ee80-45ef-a969-8a90080aa2b1: Sackin index -0.0728; 2.1 s; peak memory 1441 MiB.
2026-10-09T07:21:58Z INFO [438/750] 7f56712a-6541-4e2a-bd4b-8cb0e1d39134: Sackin index -0.1349; 1.7 s; peak memory 1441 MiB.
2026-10-09T07:22:00Z INFO [439/750] 7f5692af-13cd-4d22-8ebf-49116833ed43: Sackin index -0.0709; 1.9 s; peak memory 1441 MiB.
2026-10-09T07:22:02Z INFO [440/750] 7f56e66c-4b3e-4c18-9599-497f332d1342: Sackin index -0.0709; 2.0 s; peak memory 1441 MiB.
2026-10-09T07:22:04Z INFO [441/750] 7f5730af-cac4-4be8-a20b-55023ad2c2d1: Sackin index -0.1273; 2.2 s; peak memory 1441 MiB.
2026-10-09T07:22:06Z INFO [442/750] 7f57bb9d-dea0-4ab2-b467-1d4d36a4be7a: Sackin index -0.0944; 2.3 s; peak memory 1441 MiB.
2026-10-09T07:22:08Z INFO [443/750] 7f588d7a-eced-417a-abd1-dc5a76b0d893: Sackin index -0.0376; 2.2 s; peak memory 1441 MiB.
2026-10-09T07:22:10Z INFO [444/750] 7f58b7d6-2fbc-437d-98c3-5fd026a0bf7b: Sackin index -0.0745; 2.1 s; peak memory 1441 MiB.
2026-10-09T07:22:12Z INFO [445/750] 7f58da23-e6ab-42c1-8b65-8bac644c5c1c: Sackin index -0.1349; 1.5 s; peak memory 1441 MiB.
2026-10-09T07:22:13Z INFO [446/750] 7f590e47-615a-4826-875e-79a23fafe15e: Sackin index -0.1349; 1.5 s; peak memory 1441 MiB.
2026-10-09T07:22:15Z INFO [447/750] 7f594f4d-6c9a-42b1-a34d-f9676e400bcc: Sackin index -0.0696; 1.8 s; peak memory 1441 MiB.
2026-10-09T07:22:32Z INFO [448/750] 7f59b479-c85f-4e79-b97a-19fe15084318: Sackin index -0.0155; 17.1 s; peak memory 1441 MiB.
2026-10-09T07:22:33Z INFO [449/750] 7f59c2be-c8bb-425f-80fd-7c91f4719965: Sackin index -0.1658; 1.2 s; peak memory 1441 MiB.
2026-10-09T07:24:07Z INFO [450/750] 7f5b5f0e-b87e-4ee0-8bdd-a92ffc87e696: Sackin index -0.0738; 93.7 s; peak memory 1441 MiB.
2026-10-09T07:24:07Z INFO [450/750] 7f5b5f0e-b87e-4ee0-8bdd-a92ffc87e696: checkpointed 108286 new records.
2026-10-09T07:24:10Z INFO [451/750] 7f5ba9f6-4ec0-4172-bda9-d71826425188: Sackin index -0.0728; 2.4 s; peak memory 1441 MiB.
2026-10-09T07:24:11Z INFO [452/750] 7f5be4c6-996d-4a36-b6b2-875821ce577c: Sackin index -0.1349; 1.6 s; peak memory 1441 MiB.
2026-10-09T07:24:14Z INFO [453/750] 7f5bf327-77fa-4347-b1b2-02b274010ca2: Sackin index -0.0413; 2.4 s; peak memory 1441 MiB.
2026-10-09T07:24:18Z INFO [454/750] 7f5c6750-5931-49ce-8863-a02cf1c2dc73: Sackin index -0.0377; 4.5 s; peak memory 1441 MiB.
2026-10-09T07:24:20Z INFO [455/750] 7f5cca21-ad6c-4d6a-b839-6d63179f3681: Sackin index -0.0386; 2.2 s; peak memory 1441 MiB.
2026-10-09T07:24:22Z INFO [456/750] 7f5cdeb6-6e33-4831-905f-4ff38a4fcab5: Sackin index -0.1191; 2.0 s; peak memory 1441 MiB.
2026-10-09T07:24:24Z INFO [457/750] 7f5d053a-e6f9-4719-b92e-443a3fe0484f: Sackin index -0.1349; 1.5 s; peak memory 1441 MiB.
2026-10-09T07:24:25Z INFO [458/750] 7f5db636-8d30-4265-ac97-f001b3766895: Sackin index -0.1658; 1.3 s; peak memory 1441 MiB.
2026-10-09T07:24:27Z INFO [459/750] 7f5df719-4398-4a19-9b3b-9318e7d8afbc: Sackin index -0.1658; 1.3 s; peak memory 1441 MiB.
2026-10-09T07:24:28Z INFO [460/750] 7f5e1578-69da-43fe-8a75-809b5aca868d: Sackin index -0.1349; 1.5 s; peak memory 1441 MiB.
2026-10-09T07:25:35Z INFO [461/750] 7f5e408f-ca40-4e7b-ac9c-41166e31b279: Sackin index -0.1076; 67.2 s; peak memory 1441 MiB.
2026-10-09T07:25:37Z INFO [462/750] 7f5f28d2-5a7d-4e09-8071-1c448b0e8725: Sackin index -0.0702; 2.0 s; peak memory 1441 MiB.
2026-10-09T07:25:45Z INFO [463/750] 7f5f3aa1-d455-45e8-a187-eadb6f3df986: Sackin index -0.0251; 7.6 s; peak memory 1441 MiB.
2026-10-09T07:25:47Z INFO [464/750] 7f620b99-1dd6-4ea4-8143-9f4407a7e53b: Sackin index -0.0745; 2.0 s; peak memory 1441 MiB.
2026-10-09T07:25:49Z INFO [465/750] 7f661203-8e15-4460-bbcd-b5107637d9f0: Sackin index -0.1349; 1.6 s; peak memory 1441 MiB.
2026-10-09T07:25:53Z INFO [466/750] 7f66fd51-184f-4dfb-8cc5-2bed9919bccc: Sackin index -0.0660; 4.7 s; peak memory 1441 MiB.
2026-10-09T07:28:35Z INFO [467/750] 7f6792e4-df45-4a5c-894f-760c993a940f: Sackin index -0.0573; 161.9 s; peak memory 1441 MiB.
2026-10-09T07:28:37Z INFO [468/750] 7f6866d0-608c-473a-94d2-7bd1bbd09842: Sackin index -0.1349; 1.6 s; peak memory 1441 MiB.
2026-10-09T07:28:51Z INFO [469/750] 7f6b1ada-b97e-4f30-af74-22f2190de03a: Sackin index -0.0365; 14.5 s; peak memory 1441 MiB.
2026-10-09T07:28:53Z INFO [470/750] 7f6b3f52-f304-47a9-8002-3c6eeeb2d979: Sackin index -0.1319; 1.5 s; peak memory 1441 MiB.
2026-10-09T07:28:55Z INFO [471/750] 7f6b86ef-c011-4544-9d8b-828404f2aa28: Sackin index -0.0376; 2.2 s; peak memory 1441 MiB.
2026-10-09T07:30:38Z INFO [472/750] 7f6c459d-d362-4e3b-9820-c0ac1da76439: Sackin index -0.0025; 103.4 s; peak memory 1441 MiB.
2026-10-09T07:30:42Z INFO [473/750] 7f6c7a7f-0c2a-4be4-8537-644a8d0edca8: Sackin index -0.0704; 3.8 s; peak memory 1441 MiB.
2026-10-09T07:30:47Z INFO [474/750] 7f6cd9b9-51d6-4785-9836-3bdabd46c198: Sackin index -0.0720; 4.6 s; peak memory 1441 MiB.
2026-10-09T07:30:48Z INFO [475/750] 7f6cdceb-821a-411b-873b-94a72946d714: Sackin index -0.1349; 1.6 s; peak memory 1441 MiB.
2026-10-09T07:30:52Z INFO [476/750] 7f6cf361-3c18-492b-b6ea-b9613b432738: Sackin index -0.0797; 4.1 s; peak memory 1441 MiB.
2026-10-09T07:30:54Z INFO [477/750] 7f6d9e78-1907-4ac2-a0ec-7ab908891025: Sackin index -0.1658; 1.3 s; peak memory 1441 MiB.
2026-10-09T07:30:55Z INFO [478/750] 7f6df3ca-fb56-4744-a15f-37b26dd2fd43: Sackin index -0.1046; 1.7 s; peak memory 1441 MiB.
2026-10-09T07:30:57Z INFO [479/750] 7f6ebf46-a046-42c8-9d63-fe6c5ef84aaf: Sackin index -0.1349; 1.6 s; peak memory 1441 MiB.
2026-10-09T07:30:59Z INFO [480/750] 7f6eefef-c7a0-409a-922c-4cf42ea622c7: Sackin index -0.1349; 1.6 s; peak memory 1441 MiB.
2026-10-09T07:31:00Z INFO [481/750] 7f6fa4a2-5cd2-4868-9b65-efc6e0192540: Sackin index -0.1349; 1.6 s; peak memory 1441 MiB.
2026-10-09T07:31:02Z INFO [482/750] 7f706a11-374b-425f-9871-9df60623196e: Sackin index -0.0702; 1.9 s; peak memory 1441 MiB.
2026-10-09T07:31:17Z INFO [483/750] 7f709884-5510-4635-84f0-f03af79ef839: Sackin index -0.0157; 14.7 s; peak memory 1441 MiB.
2026-10-09T07:31:19Z INFO [484/750] 7f70afc4-eb49-4c93-b084-1f5f01546894: Sackin index -0.0375; 2.1 s; peak memory 1441 MiB.
2026-10-09T07:31:21Z INFO [485/750] 7f70f450-2b42-402b-bb7b-efc5bd448037: Sackin index -0.0702; 1.9 s; peak memory 1441 MiB.
2026-10-09T07:31:23Z INFO [486/750] 7f71a230-d52c-4f3e-9904-cd04c0a5a639: Sackin index -0.0702; 2.0 s; peak memory 1441 MiB.
2026-10-09T07:31:24Z INFO [487/750] 7f720e0a-8024-4dde-bd50-a0366735af3a: Sackin index -0.1120; 1.3 s; peak memory 1441 MiB.
2026-10-09T07:31:43Z INFO [488/750] 7f72b1b1-2daa-4e1b-beab-8c613625d7db: Sackin index -0.0214; 19.1 s; peak memory 1441 MiB.
2026-10-09T07:31:45Z INFO [489/750] 7f72b646-ff31-4a7b-809d-61f0d6725ccf: Sackin index -0.0702; 1.9 s; peak memory 1441 MiB.
2026-10-09T07:31:46Z INFO [490/750] 7f730884-4cd6-4e44-a11e-ffacbc893f9b: Sackin index -0.1938; 1.4 s; peak memory 1441 MiB.
2026-10-09T07:31:48Z INFO [491/750] 7f735197-54b4-48fa-ae0d-a4066ec1b06f: Sackin index -0.1349; 1.6 s; peak memory 1441 MiB.
2026-10-09T07:31:50Z INFO [492/750] 7f7384dd-a3ff-4a4c-bb65-bac9ea4a4d42: Sackin index -0.1349; 1.6 s; peak memory 1441 MiB.
2026-10-09T07:31:54Z INFO [493/750] 7f73f99c-53c8-4294-8326-2f81fd8ea099: Sackin index -0.0660; 4.5 s; peak memory 1441 MiB.
2026-10-09T07:32:14Z INFO [494/750] 7f7407a0-f26e-4c40-85d4-56510dfc4d46: Sackin index -0.0118; 19.7 s; peak memory 1441 MiB.
2026-10-09T07:32:16Z INFO [495/750] 7f75471f-ca92-433f-a12b-866bcd3ca4c1: Sackin index -0.0728; 2.1 s; peak memory 1441 MiB.
2026-10-09T07:32:25Z INFO [496/750] 7f759951-c146-4c8c-a3cd-f8b11d607a30: Sackin index -0.0190; 8.9 s; peak memory 1441 MiB.
2026-10-09T07:32:27Z INFO [497/750] 7f77fc7f-7ea3-4536-a8e0-34c014ab17b4: Sackin index -0.0709; 1.8 s; peak memory 1441 MiB.
2026-10-09T07:32:28Z INFO [498/750] 7f78d29b-e886-4634-b56f-6dd67e4f2688: Sackin index -0.1349; 1.6 s; peak memory 1441 MiB.
2026-10-09T07:32:30Z INFO [499/750] 7f7938f8-044a-4f08-83ed-9f673e2b5ad6: Sackin index -0.0702; 1.9 s; peak memory 1441 MiB.
2026-10-09T07:35:07Z INFO [500/750] 7f794f2e-d816-4a69-8e56-eb223a8a7691: Sackin index -0.0414; 157.1 s; peak memory 1441 MiB.
2026-10-09T07:35:08Z INFO [500/750] 7f794f2e-d816-4a69-8e56-eb223a8a7691: checkpointed 108336 new records.
2026-10-09T07:35:09Z INFO [501/750] 7f7a1469-b2ba-4f1d-9146-6180095298d8: Sackin index -0.1321; 1.5 s; peak memory 1441 MiB.
2026-10-09T07:35:11Z INFO [502/750] 7f7ad9e8-de0c-4410-93ac-ad80ba8708af: Sackin index -0.1273; 2.2 s; peak memory 1441 MiB.
2026-10-09T07:35:14Z INFO [503/750] 7f7b6d16-474a-40b6-834f-ad0d5ba79ad0: Sackin index -0.0369; 2.2 s; peak memory 1441 MiB.
2026-10-09T07:35:15Z INFO [504/750] 7f7bb641-cbbc-4c8f-b740-ca04f1fe7599: Sackin index -0.1938; 1.4 s; peak memory 1441 MiB.
2026-10-09T07:35:17Z INFO [505/750] 7f7be826-2f38-4248-a8ab-f202e889d620: Sackin index -0.0457; 2.3 s; peak memory 1441 MiB.
2026-10-09T07:35:19Z INFO [506/750] 7f7bea42-1e58-4aea-81b8-c25b85c8a81b: Sackin index -0.1349; 1.7 s; peak memory 1441 MiB.
2026-10-09T07:35:20Z INFO [507/750] 7f7ca5f9-e3be-44af-97a0-d29a77e2f137: Sackin index -0.1319; 1.5 s; peak memory 1441 MiB.
2026-10-09T07:35:22Z INFO [508/750] 7f7cd5df-9117-4489-9d61-5fcc78dcbf8c: Sackin index -0.1349; 1.5 s; peak memory 1441 MiB.
2026-10-09T07:35:24Z INFO [509/750] 7f7d026a-8619-4d32-9cb3-97b225c09bb9: Sackin index -0.1349; 1.6 s; peak memory 1441 MiB.
2026-10-09T07:35:25Z INFO [510/750] 7f7d56a2-b2f3-4482-aa8e-cc1142f2a151: Sackin index -0.1345; 1.5 s; peak memory 1441 MiB.
2026-10-09T07:35:27Z INFO [511/750] 7f7d748a-cf21-4f36-9897-37734821ea7c: Sackin index -0.1349; 1.7 s; peak memory 1441 MiB.
2026-10-09T07:35:28Z INFO [512/750] 7f7e4332-7bfc-4f01-a9b0-40e08dd35c05: Sackin index -0.1361; 1.6 s; peak memory 1441 MiB.
2026-10-09T07:35:31Z INFO [513/750] 7f7e5161-84e4-4010-91de-deb09566d8ca: Sackin index -0.0728; 2.3 s; peak memory 1441 MiB.
2026-10-09T07:35:33Z INFO [514/750] 7f7ecdb3-959f-42f8-ae68-2a3f4ad449b5: Sackin index -0.0728; 2.2 s; peak memory 1441 MiB.
2026-10-09T07:35:34Z INFO [515/750] 7f80191e-525a-4d25-8714-429758ad2bcb: Sackin index -0.1349; 1.5 s; peak memory 1441 MiB.
2026-10-09T07:36:01Z INFO [516/750] 7f8074b8-d317-4e09-ba34-f6d2c7705b23: Sackin index -0.0110; 26.3 s; peak memory 1441 MiB.
2026-10-09T07:36:08Z INFO [517/750] 7f80cb38-68d0-4bc6-8e6c-1094f22822f9: Sackin index -0.0248; 7.9 s; peak memory 1441 MiB.
2026-10-09T07:36:31Z INFO [518/750] 7f80ec7c-3baf-4113-8f78-4782a7f7e07b: Sackin index -0.0237; 22.0 s; peak memory 1441 MiB.
2026-10-09T07:36:32Z INFO [519/750] 7f82db87-d358-4aa8-b641-0e28a5f8304a: Sackin index -0.0702; 2.0 s; peak memory 1441 MiB.
2026-10-09T07:36:35Z INFO [520/750] 7f8317af-fb56-468d-a890-9ee95963532f: Sackin index -0.0728; 2.3 s; peak memory 1441 MiB.
2026-10-09T07:36:36Z INFO [521/750] 7f832a45-35c9-4adc-8f38-e446e4774903: Sackin index -0.1658; 1.3 s; peak memory 1441 MiB.
2026-10-09T07:36:37Z INFO [522/750] 7f8363bc-6915-414d-ab7f-d2217991d851: Sackin index -0.1567; 1.3 s; peak memory 1441 MiB.
2026-10-09T07:36:39Z INFO [523/750] 7f8365a4-c626-4e6b-b525-423549ab68f8: Sackin index -0.1658; 1.4 s; peak memory 1441 MiB.
2026-10-09T07:36:40Z INFO [524/750] 7f847953-7106-4a59-a653-b1312e9d6773: Sackin index -0.1349; 1.7 s; peak memory 1441 MiB.
2026-10-09T07:36:43Z INFO [525/750] 7f850b07-e9d5-48e9-8123-adca165935aa: Sackin index -0.0728; 2.4 s; peak memory 1441 MiB.
2026-10-09T07:37:50Z INFO [526/750] 7f854dd1-8c72-4e30-bdfb-aa4e656b5a69: Sackin index -0.0777; 67.4 s; peak memory 1441 MiB.
2026-10-09T07:37:53Z INFO [527/750] 7f857dcc-0ea6-434e-bdad-4d1d290ad27b: Sackin index -0.0369; 2.5 s; peak memory 1441 MiB.
2026-10-09T07:37:54Z INFO [528/750] 7f859603-7f76-41b3-95f5-6a1090fb3aeb: Sackin index -0.1174; 1.5 s; peak memory 1441 MiB.
2026-10-09T07:38:15Z INFO [529/750] 7f86e254-6521-4252-8e40-494ae13b2830: Sackin index -0.0177; 20.9 s; peak memory 1441 MiB.
2026-10-09T07:38:17Z INFO [530/750] 7f86ef08-51ce-4291-944a-adadfc8757fd: Sackin index -0.1349; 1.5 s; peak memory 1441 MiB.
2026-10-09T07:38:26Z INFO [531/750] 7f88720c-4eea-42b1-bba2-f5fb602d7382: Sackin index -0.0251; 9.5 s; peak memory 1441 MiB.
2026-10-09T07:38:30Z INFO [532/750] 7f88bba0-a8d3-4c0e-83e9-d8f4bc5b6827: Sackin index -0.0718; 4.1 s; peak memory 1441 MiB.
2026-10-09T07:38:32Z INFO [533/750] 7f88c5e8-8220-4b4b-a24e-3553229396ad: Sackin index -0.1349; 1.6 s; peak memory 1441 MiB.
2026-10-09T07:38:34Z INFO [534/750] 7f89c019-0d60-4835-8f48-9127eb23f2b7: Sackin index -0.0702; 2.2 s; peak memory 1441 MiB.
2026-10-09T07:38:40Z INFO [535/750] 7f89f410-e415-4292-9375-9394b8a110d8: Sackin index -0.0232; 6.2 s; peak memory 1441 MiB.
2026-10-09T07:38:42Z INFO [536/750] 7f8b9977-ea35-4a39-b8b5-6f2de3712d72: Sackin index -0.1349; 1.6 s; peak memory 1441 MiB.
2026-10-09T07:38:43Z INFO [537/750] 7f8c4308-97cc-4d6c-b8eb-3606f2ad5411: Sackin index -0.0656; 1.6 s; peak memory 1441 MiB.
2026-10-09T07:39:00Z INFO [538/750] 7f8ec436-88db-40ea-a518-55442fe5564c: Sackin index -0.0614; 16.3 s; peak memory 1441 MiB.
2026-10-09T07:39:01Z INFO [539/750] 7f8efb4c-6d25-40fe-a797-2c39da702d6a: Sackin index -0.0696; 1.9 s; peak memory 1441 MiB.
2026-10-09T07:39:03Z INFO [540/750] 7f8f20a1-ab1c-4613-966f-0c104aa55e2e: Sackin index -0.0702; 2.0 s; peak memory 1441 MiB.
2026-10-09T07:39:06Z INFO [541/750] 7f8fec39-4599-4485-829c-103306974b9a: Sackin index -0.0715; 2.1 s; peak memory 1441 MiB.
2026-10-09T07:39:07Z INFO [542/750] 7f902724-a5c1-4188-92e0-99a1333fbe3c: Sackin index -0.1349; 1.5 s; peak memory 1441 MiB.
2026-10-09T07:39:11Z INFO [543/750] 7f91397e-e318-45e0-aa36-b220fe1676c9: Sackin index -0.0263; 3.9 s; peak memory 1441 MiB.
2026-10-09T07:39:15Z INFO [544/750] 7f91ccbd-6701-4661-9ea7-c5e71080712b: Sackin index -0.0797; 4.2 s; peak memory 1441 MiB.
2026-10-09T07:39:17Z INFO [545/750] 7f92711a-2a49-4e6f-a51b-dca95bb3e065: Sackin index -0.0696; 1.8 s; peak memory 1441 MiB.
2026-10-09T07:39:22Z INFO [546/750] 7f92c872-092d-4869-9a7f-2acc882a722e: Sackin index -0.1761; 4.9 s; peak memory 1441 MiB.
2026-10-09T07:39:25Z INFO [547/750] 7f940de7-838f-4d74-986f-4c0f22d4ca4e: Sackin index -0.0676; 3.2 s; peak memory 1441 MiB.
2026-10-09T07:39:54Z INFO [548/750] 7f9451c9-0e76-4b9a-985c-be3493cc1f1f: Sackin index -0.1367; 28.8 s; peak memory 1441 MiB.
2026-10-09T07:39:56Z INFO [549/750] 7f9467ec-0cc7-44a9-8376-69b189be6b7c: Sackin index -0.1191; 1.6 s; peak memory 1441 MiB.
2026-10-09T07:39:57Z INFO [550/750] 7f962f10-9d8d-4cfc-ad6f-5db97ecede5d: Sackin index -0.1319; 1.5 s; peak memory 1441 MiB.
2026-10-09T07:39:57Z INFO [550/750] 7f962f10-9d8d-4cfc-ad6f-5db97ecede5d: checkpointed 108386 new records.
2026-10-09T07:39:59Z INFO [551/750] 7f9659d5-01cd-4919-98e0-adbb001a83eb: Sackin index -0.1349; 1.6 s; peak memory 1441 MiB.
2026-10-09T07:40:01Z INFO [552/750] 7f9753b8-3b59-4d21-a583-5aec88190120: Sackin index -0.1349; 1.7 s; peak memory 1441 MiB.
2026-10-09T07:40:11Z INFO [553/750] 7f97626c-4aec-4dea-95e9-e89e2b7140ea: Sackin index -0.0198; 10.4 s; peak memory 1441 MiB.
2026-10-09T07:40:13Z INFO [554/750] 7f985682-45d8-47e7-a428-637bc6786307: Sackin index -0.0709; 2.1 s; peak memory 1441 MiB.
2026-10-09T07:40:28Z INFO [555/750] 7f98c085-b4c6-4fe2-9f3c-295704ddcded: Sackin index -0.0697; 14.5 s; peak memory 1441 MiB.
2026-10-09T07:40:35Z INFO [556/750] 7f995137-d849-485c-bdab-409aa45a5d68: Sackin index -0.0486; 6.9 s; peak memory 1441 MiB.
2026-10-09T07:41:06Z INFO [557/750] 7f9972ab-8189-4ed5-81d6-b18b92fbfa08: Sackin index -0.0143; 31.7 s; peak memory 1441 MiB.
2026-10-09T07:41:18Z INFO [558/750] 7f99a719-1576-4a1d-a3ad-e3208db70537: Sackin index -0.0229; 11.4 s; peak memory 1441 MiB.
2026-10-09T07:41:24Z INFO [559/750] 7f9ca0ef-c30d-405c-b1a5-e48dc69f891e: Sackin index -0.0378; 6.5 s; peak memory 1441 MiB.
2026-10-09T07:41:32Z INFO [560/750] 7f9d135b-8884-4dd9-841b-46ba43bb9e25: Sackin index -0.0241; 8.0 s; peak memory 1441 MiB.
2026-10-09T07:41:34Z INFO [561/750] 7f9dc332-d601-4933-9d19-4fd75d7811fe: Sackin index -0.1349; 1.7 s; peak memory 1441 MiB.
2026-10-09T07:41:35Z INFO [562/750] 7f9ea3b5-4fbc-4270-911a-12daea82db97: Sackin index -0.1349; 1.6 s; peak memory 1441 MiB.
2026-10-09T07:41:37Z INFO [563/750] 7f9ead21-35d1-438a-9828-13e55e6d1137: Sackin index -0.1349; 1.6 s; peak memory 1441 MiB.
2026-10-09T07:41:41Z INFO [564/750] 7f9f8be5-82ca-447e-8149-e72960e63485: Sackin index -0.0518; 4.2 s; peak memory 1441 MiB.
2026-10-09T07:42:08Z INFO [565/750] 7fa02d27-fc95-4d3b-815b-6dfc2f162152: Sackin index -0.1367; 27.1 s; peak memory 1441 MiB.
2026-10-09T07:42:11Z INFO [566/750] 7fa104a2-5f98-4e1d-b943-023b7cf8ae06: Sackin index -0.0369; 2.9 s; peak memory 1441 MiB.
2026-10-09T07:42:13Z INFO [567/750] 7fa1e82b-d554-4aa4-976a-27e3f62d8161: Sackin index -0.1349; 1.6 s; peak memory 1441 MiB.
2026-10-09T07:42:15Z INFO [568/750] 7fa23b02-8d3e-44b7-8448-ca8228312c4a: Sackin index -0.0735; 2.3 s; peak memory 1441 MiB.
2026-10-09T07:42:32Z INFO [569/750] 7fa25048-5e31-4b7a-9afc-6d40a8f74655: Sackin index -0.0171; 16.9 s; peak memory 1441 MiB.
2026-10-09T07:42:34Z INFO [570/750] 7fa32c6e-a4ee-47c7-a66f-b3108d59691a: Sackin index -0.0702; 1.9 s; peak memory 1441 MiB.
2026-10-09T07:42:36Z INFO [571/750] 7fa4adb9-4fe3-4738-9f44-a324d25a9b21: Sackin index -0.0388; 1.8 s; peak memory 1441 MiB.
2026-10-09T07:42:39Z INFO [572/750] 7fa4b2d4-ec74-4e44-9375-4f0a4529d977: Sackin index -0.1938; 3.3 s; peak memory 1441 MiB.
2026-10-09T07:42:42Z INFO [573/750] 7fa4f137-a4df-49a0-bc19-b88349795160: Sackin index -0.1243; 3.4 s; peak memory 1441 MiB.
2026-10-09T07:42:57Z INFO [574/750] 7fa546f4-743f-4266-ad09-a00848c8ce29: Sackin index -0.0159; 14.7 s; peak memory 1441 MiB.
2026-10-09T07:42:59Z INFO [575/750] 7fa55cff-91b4-4014-8816-e7bde4f6441b: Sackin index -0.1349; 1.5 s; peak memory 1441 MiB.
2026-10-09T07:43:01Z INFO [576/750] 7fa75cd6-3389-44b9-a6d8-538eb5e7039b: Sackin index -0.1291; 2.7 s; peak memory 1441 MiB.
2026-10-09T07:43:04Z INFO [577/750] 7fa76315-2768-4c72-a31b-ea4a703538e0: Sackin index -0.1291; 2.3 s; peak memory 1441 MiB.
2026-10-09T07:43:24Z INFO [578/750] 7fa799a8-8531-47e9-849c-c80e55ea833f: Sackin index -0.0157; 20.0 s; peak memory 1441 MiB.
2026-10-09T07:43:40Z INFO [579/750] 7fa81ad3-0912-4363-b963-565196e9b14f: Sackin index -0.0165; 16.6 s; peak memory 1441 MiB.
2026-10-09T07:43:42Z INFO [580/750] 7fa8aca0-021a-4f42-8cdf-91c5535bb7db: Sackin index -0.0702; 1.8 s; peak memory 1441 MiB.
2026-10-09T07:43:44Z INFO [581/750] 7fa91fcf-9b5e-4f33-93d1-d7b8eb31af42: Sackin index -0.1248; 1.8 s; peak memory 1441 MiB.
2026-10-09T07:44:01Z INFO [582/750] 7fa92438-7207-444f-96e9-48c10ffa2da9: Sackin index -0.0783; 17.4 s; peak memory 1441 MiB.
2026-10-09T07:44:03Z INFO [583/750] 7fa96301-925c-4431-be9e-dab391756ce6: Sackin index -0.1248; 1.7 s; peak memory 1441 MiB.
2026-10-09T07:44:07Z INFO [584/750] 7fa96f85-87ce-4464-8f3f-ce1c78566691: Sackin index -0.0686; 3.7 s; peak memory 1441 MiB.
2026-10-09T07:44:16Z INFO [585/750] 7faa7d9d-46bf-43f9-9e26-328029a431c2: Sackin index -0.0229; 9.0 s; peak memory 1441 MiB.
2026-10-09T07:44:18Z INFO [586/750] 7fab16ed-b7a9-43fe-b7f9-436058067799: Sackin index -0.0398; 2.7 s; peak memory 1441 MiB.
2026-10-09T07:44:21Z INFO [587/750] 7fab7c65-ae84-4b84-a751-d44f716ed141: Sackin index -0.1194; 2.2 s; peak memory 1441 MiB.
2026-10-09T07:44:23Z INFO [588/750] 7fab94d0-7a1d-4bcf-ba48-37836489e45e: Sackin index -0.0275; 2.6 s; peak memory 1441 MiB.
2026-10-09T07:44:41Z INFO [589/750] 7fab960e-0338-4734-9912-805c838d8440: Sackin index -0.0147; 17.8 s; peak memory 1441 MiB.
2026-10-09T07:44:45Z INFO [590/750] 7fac6c7a-ca4c-4f84-917b-b5438f9abf91: Sackin index -0.1938; 3.5 s; peak memory 1441 MiB.
2026-10-09T07:44:46Z INFO [591/750] 7facf65c-36b7-4df9-ad83-b7daeebcf2e4: Sackin index -0.1349; 1.8 s; peak memory 1441 MiB.
2026-10-09T07:44:48Z INFO [592/750] 7fad4022-2e38-4399-bc14-5e4d45cb8d80: Sackin index -0.1349; 1.7 s; peak memory 1441 MiB.
2026-10-09T07:44:49Z INFO [593/750] 7fad6ac6-56fc-41e5-8589-ff430045808b: Sackin index -0.1658; 1.4 s; peak memory 1441 MiB.
2026-10-09T07:44:52Z INFO [594/750] 7fadfbba-1abf-4a00-b840-4bbe58588d31: Sackin index -0.0696; 2.1 s; peak memory 1441 MiB.
2026-10-09T07:44:54Z INFO [595/750] 7fae0371-9379-4064-b89e-28586872574e: Sackin index -0.1429; 1.9 s; peak memory 1441 MiB.
2026-10-09T07:44:55Z INFO [596/750] 7fae4507-5aa6-4e5e-8ee5-d5a4bd903b68: Sackin index -0.0824; 1.7 s; peak memory 1441 MiB.
2026-10-09T07:44:57Z INFO [597/750] 7faeddd5-83ce-48e3-b917-28280abb52ed: Sackin index -0.1331; 1.5 s; peak memory 1441 MiB.
2026-10-09T07:44:58Z INFO [598/750] 7faeec99-ca6a-4d07-b41a-7b6cc225016e: Sackin index -0.1349; 1.6 s; peak memory 1441 MiB.
2026-10-09T07:44:59Z INFO [599/750] 7fafa71f-a82b-4669-887b-2030bc64452c: Sackin index -0.1658; 1.2 s; peak memory 1441 MiB.
2026-10-09T07:45:01Z INFO [600/750] 7fb05688-2679-4bfb-8215-c97711ab5fdd: Sackin index -0.1303; 1.3 s; peak memory 1441 MiB.
2026-10-09T07:45:01Z INFO [600/750] 7fb05688-2679-4bfb-8215-c97711ab5fdd: checkpointed 108436 new records.
2026-10-09T07:45:02Z INFO [601/750] 7fb094c6-082c-4103-a05b-6486d3d723ec: Sackin index -0.1658; 1.3 s; peak memory 1441 MiB.
2026-10-09T07:45:04Z INFO [602/750] 7fb19950-0668-402e-abf0-39f2745fc6fd: Sackin index -0.0696; 1.8 s; peak memory 1441 MiB.
2026-10-09T07:45:06Z INFO [603/750] 7fb1b586-c08f-4419-84f6-87108248cb30: Sackin index -0.0745; 2.1 s; peak memory 1441 MiB.
2026-10-09T07:45:08Z INFO [604/750] 7fb2c3c0-e2d1-4da2-b051-20556767139f: Sackin index -0.0728; 1.9 s; peak memory 1441 MiB.
2026-10-09T07:45:10Z INFO [605/750] 7fb2ea4b-b0b8-4b09-982c-b648e723e76b: Sackin index -0.1602; 1.6 s; peak memory 1441 MiB.
2026-10-09T07:45:19Z INFO [606/750] 7fb2faa6-4c49-43f1-b76a-2c393df255a1: Sackin index -0.0224; 8.8 s; peak memory 1441 MiB.
2026-10-09T07:45:21Z INFO [607/750] 7fb3a637-463e-487c-a845-f7f3eb7767f6: Sackin index -0.0379; 1.9 s; peak memory 1441 MiB.
2026-10-09T07:45:22Z INFO [608/750] 7fb3e909-8723-4913-9a30-a917abf52021: Sackin index -0.0673; 1.6 s; peak memory 1441 MiB.
2026-10-09T07:45:24Z INFO [609/750] 7fb44aff-5944-4470-aa9f-e15b43526649: Sackin index -0.0696; 2.0 s; peak memory 1441 MiB.
2026-10-09T07:45:27Z INFO [610/750] 7fb45a0f-7d1e-45bf-85c1-a601744bd7d0: Sackin index -0.1120; 2.9 s; peak memory 1441 MiB.
2026-10-09T07:45:29Z INFO [611/750] 7fb478c1-76ee-4a99-bf66-dd93e4f7204d: Sackin index -0.0656; 1.7 s; peak memory 1441 MiB.
2026-10-09T07:45:30Z INFO [612/750] 7fb495ea-1188-4cd6-b8f2-65824a1e47be: Sackin index -0.0667; 1.5 s; peak memory 1441 MiB.
2026-10-09T07:45:32Z INFO [613/750] 7fb4ca35-f3a0-4cb6-a3bb-18fa5bd163a1: Sackin index -0.1178; 1.3 s; peak memory 1441 MiB.
2026-10-09T07:45:59Z INFO [614/750] 7fb5c56d-e8b8-41e6-a136-78f40cba4aa1: Sackin index -0.0093; 27.7 s; peak memory 1441 MiB.
2026-10-09T07:46:02Z INFO [615/750] 7fb6a89a-56ed-4fed-b4c8-e670f10f67aa: Sackin index -0.0272; 3.1 s; peak memory 1441 MiB.
2026-10-09T07:46:04Z INFO [616/750] 7fb6c572-30f5-4044-897d-61babbf8cc1a: Sackin index -0.1658; 1.3 s; peak memory 1441 MiB.
2026-10-09T07:46:05Z INFO [617/750] 7fb70f6a-2398-45fc-920f-3c150d0a8c84: Sackin index -0.1658; 1.4 s; peak memory 1441 MiB.
2026-10-09T07:46:07Z INFO [618/750] 7fb73581-13ae-40c4-bef7-c3fa1e862c60: Sackin index -0.1349; 1.5 s; peak memory 1441 MiB.
2026-10-09T07:46:09Z INFO [619/750] 7fb83ba6-a61a-479a-9c0b-9367aabd4c83: Sackin index -0.0728; 2.5 s; peak memory 1441 MiB.
2026-10-09T07:46:11Z INFO [620/750] 7fb85cdd-14b4-417a-b700-fefb06d0ace5: Sackin index -0.1349; 1.6 s; peak memory 1441 MiB.
2026-10-09T07:46:13Z INFO [621/750] 7fb97226-3c5b-4e44-9e17-cdb38b35f176: Sackin index -0.0728; 2.0 s; peak memory 1441 MiB.
2026-10-09T07:46:15Z INFO [622/750] 7fba662e-63a4-4292-8ae7-53da09302489: Sackin index -0.0709; 2.0 s; peak memory 1441 MiB.
2026-10-09T07:46:16Z INFO [623/750] 7fba7394-93dc-4e96-a96c-841114dad4dc: Sackin index -0.1349; 1.6 s; peak memory 1441 MiB.
2026-10-09T07:46:18Z INFO [624/750] 7fbab4d9-a03a-4b5c-a56f-d06122195da6: Sackin index -0.1349; 1.6 s; peak memory 1441 MiB.
2026-10-09T07:46:20Z INFO [625/750] 7fbaca93-c02e-4ad8-8d77-980b29cbfc83: Sackin index -0.0702; 2.0 s; peak memory 1441 MiB.
2026-10-09T07:46:22Z INFO [626/750] 7fbbb9c2-8d56-4b90-bb76-09de043ca53f: Sackin index -0.0728; 2.5 s; peak memory 1441 MiB.
2026-10-09T07:46:27Z INFO [627/750] 7fbc1791-5707-47bb-9ec4-74232e5f7b0c: Sackin index -0.0660; 4.3 s; peak memory 1441 MiB.
2026-10-09T07:46:34Z INFO [628/750] 7fbc3d01-cdd1-45bf-9a43-a13a067c1150: Sackin index -0.1599; 7.3 s; peak memory 1441 MiB.
2026-10-09T07:46:36Z INFO [629/750] 7fbc42c9-8446-4e5c-a317-54be30a4b547: Sackin index -0.0709; 2.0 s; peak memory 1441 MiB.
2026-10-09T07:46:57Z INFO [630/750] 7fbc9457-4328-4969-8ce8-9212230beaf4: Sackin index -0.1128; 21.1 s; peak memory 1441 MiB.
2026-10-09T07:46:58Z INFO [631/750] 7fbd6ac6-657e-446b-9e8b-de91e8c24fde: Sackin index -0.1349; 1.5 s; peak memory 1441 MiB.
2026-10-09T07:47:11Z INFO [632/750] 7fbdc1c6-7688-4c07-955f-874d4fae7047: Sackin index -0.0017; 12.6 s; peak memory 1441 MiB.
2026-10-09T07:47:12Z INFO [633/750] 7fbe3c33-a636-41d6-90bd-67d197437e94: Sackin index -0.1178; 1.3 s; peak memory 1441 MiB.
2026-10-09T07:47:14Z INFO [634/750] 7fbe78bc-93be-49c0-b558-c0618f689446: Sackin index -0.0702; 2.1 s; peak memory 1441 MiB.
2026-10-09T07:47:16Z INFO [635/750] 7fbf1b03-469f-4e71-ba32-4a2fe95aa10a: Sackin index -0.0702; 2.0 s; peak memory 1441 MiB.
2026-10-09T07:47:19Z INFO [636/750] 7fbf29c1-1e77-42a7-8d3d-05051f9feb1b: Sackin index -0.0275; 2.5 s; peak memory 1441 MiB.
2026-10-09T07:47:21Z INFO [637/750] 7fbf80a8-a272-4d21-8898-ab4f303ba658: Sackin index -0.0728; 2.5 s; peak memory 1441 MiB.
2026-10-09T07:47:24Z INFO [638/750] 7fc0309d-b740-44e2-8b3f-d3e5b8eeec0a: Sackin index -0.0991; 2.2 s; peak memory 1441 MiB.
2026-10-09T07:47:25Z INFO [639/750] 7fc057d7-603b-4179-b32d-e9f39244db32: Sackin index -0.0715; 1.8 s; peak memory 1441 MiB.
2026-10-09T07:47:27Z INFO [640/750] 7fc0640e-67a7-4292-ab9b-d36269e35eb5: Sackin index -0.1349; 1.7 s; peak memory 1441 MiB.
2026-10-09T07:47:29Z INFO [641/750] 7fc199e4-cb38-4543-bd81-95419f765008: Sackin index -0.1349; 1.5 s; peak memory 1441 MiB.
2026-10-09T07:47:35Z INFO [642/750] 7fc19ac3-703b-474f-a05e-5f929b6ac452: Sackin index -0.0308; 6.4 s; peak memory 1441 MiB.
2026-10-09T07:47:37Z INFO [643/750] 7fc22a71-e176-4238-b42a-b2f7e0b8b22f: Sackin index -0.1602; 2.0 s; peak memory 1441 MiB.
2026-10-09T07:47:39Z INFO [644/750] 7fc27d58-0042-48d8-a2bb-204345fd246e: Sackin index -0.1349; 1.5 s; peak memory 1441 MiB.
2026-10-09T07:47:40Z INFO [645/750] 7fc29ddb-1c3e-4b5a-94d6-8398a822d7a7: Sackin index -0.0662; 1.6 s; peak memory 1441 MiB.
2026-10-09T07:47:42Z INFO [646/750] 7fc2a59f-18e0-43ed-b6d3-7483c62ac87b: Sackin index -0.0702; 1.9 s; peak memory 1441 MiB.
2026-10-09T07:47:44Z INFO [647/750] 7fc37fc6-def7-4023-8811-508eac4e15a8: Sackin index -0.1349; 1.6 s; peak memory 1441 MiB.
2026-10-09T07:47:47Z INFO [648/750] 7fc48219-7c34-4b6d-8b31-38681ed0a6d7: Sackin index -0.1938; 3.3 s; peak memory 1441 MiB.
2026-10-09T07:47:48Z INFO [649/750] 7fc4c696-2001-4aa2-bab7-42f76097f821: Sackin index -0.1239; 1.4 s; peak memory 1441 MiB.
2026-10-09T07:48:02Z INFO [650/750] 7fc4eaf7-9d12-4523-91da-d8d5d07f7fef: Sackin index -0.0148; 14.1 s; peak memory 1441 MiB.
2026-10-09T07:48:03Z INFO [650/750] 7fc4eaf7-9d12-4523-91da-d8d5d07f7fef: checkpointed 108486 new records.
2026-10-09T07:48:04Z INFO [651/750] 7fc4f146-4229-49bf-827d-1f5bc6844b66: Sackin index -0.1349; 1.7 s; peak memory 1441 MiB.
2026-10-09T07:48:06Z INFO [652/750] 7fc4fcef-91a5-4725-8a83-223ba51b569a: Sackin index -0.1000; 1.9 s; peak memory 1441 MiB.
2026-10-09T07:48:25Z INFO [653/750] 7fc506fb-575f-4273-914e-7282937c1d4e: Sackin index -0.0136; 18.2 s; peak memory 1441 MiB.
2026-10-09T07:48:42Z INFO [654/750] 7fc5894c-c38c-44c5-b33c-0bd3861bd59c: Sackin index -0.0035; 17.4 s; peak memory 1441 MiB.
2026-10-09T07:48:43Z INFO [655/750] 7fc5bbe2-1bb4-4a27-8dbe-eb4643fbd5a5: Sackin index -0.1349; 1.5 s; peak memory 1441 MiB.
2026-10-09T07:48:45Z INFO [656/750] 7fc5c70b-cfd2-45ca-94c1-8b12d13d006b: Sackin index -0.1602; 1.8 s; peak memory 1441 MiB.
2026-10-09T07:48:47Z INFO [657/750] 7fc61eae-2d94-4756-8b30-f36e3a2032a0: Sackin index -0.1030; 2.1 s; peak memory 1441 MiB.
2026-10-09T07:49:01Z INFO [658/750] 7fc625df-4853-4bf4-93dc-db1b8b33b5b5: Sackin index -0.0146; 14.0 s; peak memory 1441 MiB.
2026-10-09T07:49:04Z INFO [659/750] 7fc7acb1-3a01-41f7-a8b0-644197d7e2f9: Sackin index -0.0369; 2.6 s; peak memory 1441 MiB.
2026-10-09T07:49:06Z INFO [660/750] 7fc82b5a-da12-49bc-82c7-3a8ce5390440: Sackin index -0.0696; 1.8 s; peak memory 1441 MiB.
2026-10-09T07:49:08Z INFO [661/750] 7fc90dce-2b8e-4b79-a861-e212932d8a20: Sackin index -0.0745; 2.2 s; peak memory 1441 MiB.
2026-10-09T07:49:10Z INFO [662/750] 7fc94c7b-b4d8-470e-9484-aac54275aede: Sackin index -0.0728; 2.5 s; peak memory 1441 MiB.
2026-10-09T07:49:12Z INFO [663/750] 7fc97cdc-30ee-4657-9a3f-fff01869c81f: Sackin index -0.1349; 1.5 s; peak memory 1441 MiB.
2026-10-09T07:49:14Z INFO [664/750] 7fca8a1f-6136-44f0-8d90-c971a86f4037: Sackin index -0.0702; 1.8 s; peak memory 1441 MiB.
2026-10-09T07:49:18Z INFO [665/750] 7fcabda1-9d27-4e18-8a5c-63e8ca1bd18a: Sackin index -0.0658; 3.9 s; peak memory 1441 MiB.
2026-10-09T07:49:20Z INFO [666/750] 7fcb6ffb-311d-492b-b41c-09d61777fb7a: Sackin index -0.1210; 2.3 s; peak memory 1441 MiB.
2026-10-09T07:49:21Z INFO [667/750] 7fcbb86a-2803-4246-b596-9096525e3ed6: Sackin index -0.1178; 1.4 s; peak memory 1441 MiB.
2026-10-09T07:49:23Z INFO [668/750] 7fcbbb66-6c43-4e51-a49a-e9ceac801934: Sackin index -0.0696; 1.8 s; peak memory 1441 MiB.
2026-10-09T07:49:25Z INFO [669/750] 7fcc8093-8f39-43f0-8858-8536e2356f82: Sackin index -0.1380; 1.9 s; peak memory 1441 MiB.
2026-10-09T07:49:32Z INFO [670/750] 7fcce790-9018-455a-86bd-034e299598a1: Sackin index -0.0415; 7.0 s; peak memory 1441 MiB.
2026-10-09T07:49:34Z INFO [671/750] 7fccfa17-f5c2-4f3c-8479-68b4f365d9a8: Sackin index -0.1349; 1.6 s; peak memory 1441 MiB.
2026-10-09T07:49:35Z INFO [672/750] 7fcd0eb4-3e3d-4dce-9e42-9ea9fce308a5: Sackin index -0.1201; 1.8 s; peak memory 1441 MiB.
2026-10-09T07:49:37Z INFO [673/750] 7fce5ceb-951a-4252-b9af-1b4e7bcf4248: Sackin index -0.0382; 1.9 s; peak memory 1441 MiB.
2026-10-09T07:49:40Z INFO [674/750] 7fcea6af-335f-44da-9722-2f45665d7851: Sackin index -0.0728; 2.5 s; peak memory 1441 MiB.
2026-10-09T07:49:52Z INFO [675/750] 7fcec888-cba6-48e3-b7a2-6f129f55e2ba: Sackin index -0.0017; 11.9 s; peak memory 1441 MiB.
2026-10-09T07:49:54Z INFO [676/750] 7fced0d0-a7db-417a-ad44-f0dc8c27b88b: Sackin index -0.1602; 1.9 s; peak memory 1441 MiB.
2026-10-09T07:49:55Z INFO [677/750] 7fcefbd8-1605-42f0-82c8-10fcb8227603: Sackin index -0.1349; 1.6 s; peak memory 1441 MiB.
2026-10-09T07:49:57Z INFO [678/750] 7fcf65ca-eaa4-429c-b4d0-eb244e430b34: Sackin index -0.1349; 1.6 s; peak memory 1441 MiB.
2026-10-09T07:49:58Z INFO [679/750] 7fd0c205-cce1-48ce-ab49-be07e6b5b920: Sackin index -0.1349; 1.7 s; peak memory 1441 MiB.
2026-10-09T07:50:00Z INFO [680/750] 7fd0c36b-b2ac-4b69-a3a7-26166e7b8adb: Sackin index -0.1349; 1.6 s; peak memory 1441 MiB.
2026-10-09T07:50:02Z INFO [681/750] 7fd0eb64-62f6-4ab0-ae29-76a7766d9b33: Sackin index -0.0702; 1.7 s; peak memory 1441 MiB.
2026-10-09T07:50:04Z INFO [682/750] 7fd2591d-17b2-4984-aa75-dfe9f758d6d2: Sackin index -0.1000; 1.8 s; peak memory 1441 MiB.
2026-10-09T07:50:07Z INFO [683/750] 7fd2daa2-75fb-4566-b7da-21dfe7532af7: Sackin index -0.0676; 3.1 s; peak memory 1441 MiB.
2026-10-09T07:50:09Z INFO [684/750] 7fd36b3a-7b4e-4c7f-a77a-0d5935f797c7: Sackin index -0.0369; 2.4 s; peak memory 1441 MiB.
2026-10-09T07:50:11Z INFO [685/750] 7fd48284-5343-4d99-887b-316938772d20: Sackin index -0.0702; 2.0 s; peak memory 1441 MiB.
2026-10-09T07:50:15Z INFO [686/750] 7fd5b4b2-a871-4f73-b362-b57740c49b3f: Sackin index -0.0660; 4.2 s; peak memory 1441 MiB.
2026-10-09T07:52:54Z INFO [687/750] 7fd62815-1e1f-46c1-80d6-3179e24e4c0a: Sackin index -0.0573; 158.5 s; peak memory 1441 MiB.
2026-10-09T07:57:53Z INFO [688/750] 7fd66bf1-e186-4556-96d6-6bc3e2a552b7: Sackin index -0.0435; 298.7 s; peak memory 1441 MiB.
2026-10-09T07:57:55Z INFO [689/750] 7fd67a1c-f114-443b-b832-55fd4bed73b5: Sackin index -0.0728; 2.3 s; peak memory 1441 MiB.
2026-10-09T07:57:56Z INFO [690/750] 7fd6f0c5-9ebb-4e93-9e18-a0752a743f31: Sackin index -0.1658; 1.2 s; peak memory 1441 MiB.
2026-10-09T07:57:57Z INFO [691/750] 7fd74bf2-37e2-427b-8883-4731a6c8861f: Sackin index -0.1239; 1.3 s; peak memory 1441 MiB.
2026-10-09T07:58:15Z INFO [692/750] 7fd75714-ce5a-4abf-ae59-c3ce7e35aeec: Sackin index -0.0181; 17.4 s; peak memory 1441 MiB.
2026-10-09T07:58:17Z INFO [693/750] 7fd76d3d-d61a-4465-ab3a-a7b0b8b0947c: Sackin index -0.1408; 2.2 s; peak memory 1441 MiB.
2026-10-09T07:58:39Z INFO [694/750] 7fd78d0d-985e-4ff4-aaba-cdbcf9289546: Sackin index -0.0160; 21.8 s; peak memory 1441 MiB.
2026-10-09T07:58:54Z INFO [695/750] 7fd7cc7f-398e-4a31-80b8-3e6d0b0545bd: Sackin index -0.0165; 15.1 s; peak memory 1441 MiB.
2026-10-09T07:59:02Z INFO [696/750] 7fd879ce-8aa0-460e-941a-3939eb44385a: Sackin index -0.0232; 7.7 s; peak memory 1441 MiB.
2026-10-09T07:59:04Z INFO [697/750] 7fd8a4d9-4eea-4d14-bad6-1f120d173ad2: Sackin index -0.0709; 1.9 s; peak memory 1441 MiB.
2026-10-09T07:59:05Z INFO [698/750] 7fd9a5eb-1a43-4c10-9493-c477b4e75279: Sackin index -0.1492; 1.8 s; peak memory 1441 MiB.
2026-10-09T07:59:07Z INFO [699/750] 7fda137d-c400-42fd-91af-40815e02b5d6: Sackin index -0.1273; 2.1 s; peak memory 1441 MiB.
2026-10-09T07:59:10Z INFO [700/750] 7fda2f92-b414-4112-9ddd-1c1f4727e78b: Sackin index -0.0728; 2.5 s; peak memory 1441 MiB.
2026-10-09T07:59:10Z INFO [700/750] 7fda2f92-b414-4112-9ddd-1c1f4727e78b: checkpointed 108536 new records.
2026-10-09T07:59:13Z INFO [701/750] 7fda3f0e-d05c-4775-a0d9-d44a5d8f942a: Sackin index -0.0728; 2.6 s; peak memory 1441 MiB.
2026-10-09T07:59:14Z INFO [702/750] 7fda7493-c6bc-4e75-bf99-3f00d872f53d: Sackin index -0.1349; 1.6 s; peak memory 1441 MiB.
2026-10-09T07:59:18Z INFO [703/750] 7fdbe6bd-4314-4005-b4f5-c60d4f7839e3: Sackin index -0.0358; 3.1 s; peak memory 1441 MiB.
2026-10-09T07:59:33Z INFO [704/750] 7fde7763-a01b-421a-9fba-e4a07adbc6b3: Sackin index -0.1495; 15.3 s; peak memory 1441 MiB.
2026-10-09T07:59:36Z INFO [705/750] 7fdec94d-2b89-4948-b0b0-e7ac4bb35695: Sackin index -0.0676; 3.0 s; peak memory 1441 MiB.
2026-10-09T07:59:57Z INFO [706/750] 7fdf3ce1-4f49-44d4-affa-ac852e37c5f5: Sackin index -0.0121; 21.1 s; peak memory 1441 MiB.
2026-10-09T07:59:59Z INFO [707/750] 7fdf76fa-adb4-428b-8fcf-4f3ccffa1f21: Sackin index -0.1349; 1.7 s; peak memory 1441 MiB.
2026-10-09T08:00:02Z INFO [708/750] 7fdf933d-d55a-4476-95d0-9267fa750c45: Sackin index -0.1243; 3.2 s; peak memory 1441 MiB.
2026-10-09T08:00:06Z INFO [709/750] 7fdfd49d-091c-4b5a-8d5d-67b4a2c0db79: Sackin index -0.0515; 4.0 s; peak memory 1441 MiB.
2026-10-09T08:00:07Z INFO [710/750] 7fdfe173-e445-4c9c-841b-b0fc63e9cfe4: Sackin index -0.1459; 1.3 s; peak memory 1441 MiB.
2026-10-09T08:00:11Z INFO [711/750] 7fe09501-52a3-442d-986f-14d8b5dfb823: Sackin index -0.0699; 3.5 s; peak memory 1441 MiB.
2026-10-09T08:00:13Z INFO [712/750] 7fe0f680-c40c-45c0-9a47-af3f74ce0e80: Sackin index -0.1273; 2.0 s; peak memory 1441 MiB.
2026-10-09T08:00:15Z INFO [713/750] 7fe139e4-899a-47c7-817e-68c6837d568b: Sackin index -0.1191; 2.3 s; peak memory 1441 MiB.
2026-10-09T08:00:23Z INFO [714/750] 7fe1d2af-f229-4f1c-aea1-ba2950b4e2cf: Sackin index -0.0403; 8.1 s; peak memory 1441 MiB.
2026-10-09T08:00:25Z INFO [715/750] 7fe2d73a-9218-4f39-8ff1-229eb5416833: Sackin index -0.1349; 1.6 s; peak memory 1441 MiB.
2026-10-09T08:00:26Z INFO [716/750] 7fe34455-aeef-4282-9a1b-a7d908e7ab9d: Sackin index -0.1349; 1.7 s; peak memory 1441 MiB.
2026-10-09T08:00:28Z INFO [717/750] 7fe36e0c-b848-4444-85b3-06e5f267080f: Sackin index -0.1248; 1.7 s; peak memory 1441 MiB.
2026-10-09T08:00:32Z INFO [718/750] 7fe37d52-000a-4b0e-8c02-be17a0dc00c8: Sackin index -0.0693; 4.0 s; peak memory 1441 MiB.
2026-10-09T08:00:38Z INFO [719/750] 7fe7381a-d0c4-4a92-9490-b309e2c92be5: Sackin index -0.2073; 6.0 s; peak memory 1441 MiB.
2026-10-09T08:00:40Z INFO [720/750] 7fe786cb-31de-4aff-ae22-c5e8a15cd6ca: Sackin index -0.0696; 2.3 s; peak memory 1441 MiB.
2026-10-09T08:00:42Z INFO [721/750] 7fe7d72d-8e38-4ea6-a01c-ea55f64f064d: Sackin index -0.1248; 1.7 s; peak memory 1441 MiB.
2026-10-09T08:00:44Z INFO [722/750] 7fe84e1b-1924-45a3-ae26-e4ef47d34c5c: Sackin index -0.1291; 2.2 s; peak memory 1441 MiB.
2026-10-09T08:00:46Z INFO [723/750] 7fe8c82c-97d4-4baa-b983-6075eb1de8ac: Sackin index -0.0709; 2.0 s; peak memory 1441 MiB.
2026-10-09T08:00:48Z INFO [724/750] 7fea9f21-2b64-472a-9acf-9842f3a1a9a6: Sackin index -0.0702; 1.8 s; peak memory 1441 MiB.
2026-10-09T08:00:50Z INFO [725/750] 7feb8b31-c990-47e5-b03a-9d66c0354ec9: Sackin index -0.1658; 1.5 s; peak memory 1441 MiB.
2026-10-09T08:00:51Z INFO [726/750] 7feb92b0-eadf-4ead-9460-9f07edebd62d: Sackin index -0.1658; 1.7 s; peak memory 1441 MiB.
2026-10-09T08:00:55Z INFO [727/750] 7febe656-8518-4617-87ce-3a53860ad73e: Sackin index -0.0648; 3.9 s; peak memory 1441 MiB.
2026-10-09T08:00:57Z INFO [728/750] 7fec7be7-7a3e-4388-8837-d22fbe8395aa: Sackin index -0.1349; 1.7 s; peak memory 1441 MiB.
2026-10-09T08:00:59Z INFO [729/750] 7fecc147-aa20-4057-85be-97d8b069ff1e: Sackin index -0.0383; 2.4 s; peak memory 1441 MiB.
2026-10-09T08:01:29Z INFO [730/750] 7fedc067-649d-42f5-8f9e-fbc4910e4ecd: Sackin index -0.1367; 29.8 s; peak memory 1441 MiB.
2026-10-09T08:01:31Z INFO [731/750] 7fee7d2d-38b0-4367-b72b-b5889a3dc961: Sackin index -0.0881; 1.6 s; peak memory 1441 MiB.
2026-10-09T08:01:33Z INFO [732/750] 7fee88e4-59c9-46f9-9b28-14bc56b3f75b: Sackin index -0.1305; 2.3 s; peak memory 1441 MiB.
2026-10-09T08:01:34Z INFO [733/750] 7fee994a-8233-40d9-a16c-d179c74ce487: Sackin index -0.1349; 1.4 s; peak memory 1441 MiB.
2026-10-09T08:01:39Z INFO [734/750] 7fef536e-614e-4b11-ae16-bda11deb5551: Sackin index -0.0677; 4.4 s; peak memory 1441 MiB.
2026-10-09T08:01:40Z INFO [735/750] 7fef5e56-c015-41c4-8530-00812b6cf390: Sackin index -0.1191; 1.8 s; peak memory 1441 MiB.
2026-10-09T08:01:43Z INFO [736/750] 7ff06d35-b844-4568-be50-5fca0f1cf71f: Sackin index -0.0696; 2.1 s; peak memory 1441 MiB.
2026-10-09T08:01:52Z INFO [737/750] 7ff13191-df0b-4373-8a64-68f32d9f77b6: Sackin index -0.0251; 9.8 s; peak memory 1441 MiB.
2026-10-09T08:01:55Z INFO [738/750] 7ff3527f-a16d-43e0-a80f-3163cbcdb9fe: Sackin index -0.0676; 2.9 s; peak memory 1441 MiB.
2026-10-09T08:01:57Z INFO [739/750] 7ff404eb-7d19-4f76-9f65-cacd3b26de48: Sackin index -0.1349; 1.7 s; peak memory 1441 MiB.
2026-10-09T08:01:58Z INFO [740/750] 7ff508b1-84de-4f25-ab6c-95e85cdf3872: Sackin index -0.1658; 1.2 s; peak memory 1441 MiB.
2026-10-09T08:02:07Z INFO [741/750] 7ff56627-b42b-4164-bc39-730bca72bb26: Sackin index -0.0476; 8.9 s; peak memory 1441 MiB.
2026-10-09T08:02:11Z INFO [742/750] 7ff57e24-4f3a-4cb1-a457-cfbf9fd02f10: Sackin index -0.0904; 3.3 s; peak memory 1441 MiB.
2026-10-09T08:02:12Z INFO [743/750] 7ff8cdc2-dd88-4fa6-aef5-9f5f72a047c7: Sackin index -0.3646; 1.2 s; peak memory 1441 MiB.
2026-10-09T08:02:15Z INFO [744/750] 7ff953b0-6cda-4d4d-9820-905b155753ba: Sackin index -0.0681; 3.4 s; peak memory 1441 MiB.
2026-10-09T08:02:17Z INFO [745/750] 7ff96d07-ddf0-4cb2-ab1a-1f7838645c54: Sackin index -0.1349; 1.6 s; peak memory 1441 MiB.
2026-10-09T08:02:18Z INFO [746/750] 7ff96f08-c355-4e3e-b124-9d39a717d2db: Sackin index -0.1349; 1.5 s; peak memory 1441 MiB.
2026-10-09T08:02:30Z INFO [747/750] 7ffa5486-23b1-4ee7-b5c2-286123370e0d: Sackin index -0.0213; 12.0 s; peak memory 1441 MiB.
2026-10-09T08:02:32Z INFO [748/750] 7ffa91d5-81f6-40c4-8e1c-f83ee96e44e9: Sackin index -0.0696; 2.1 s; peak memory 1441 MiB.
2026-10-09T08:02:34Z INFO [749/750] 7ffadada-fbf8-4d8b-aae3-75473352d234: Sackin index -0.0380; 1.9 s; peak memory 1441 MiB.
2026-10-09T08:02:37Z INFO [750/750] 7ffb0c15-12f8-4b65-aebf-919bc0b1d61c: Sackin index -0.1000; 2.2 s; peak memory 1441 MiB.
2026-10-09T08:02:37Z INFO [750/750] 7ffb0c15-12f8-4b65-aebf-919bc0b1d61c: checkpointed 108586 new records.
2026-10-09T08:02:37Z INFO Wrote 108586 records to /tmp/derivatives/valid_nwb_file_to_sackin_index.jsonl (750 new, 0 failed) in 227.0 min (peak memory 1441 MiB).
