2026-10-08T01:04:21Z INFO Logging to /tmp/logs/update_2026-10-08T01-04-21Z.log.
2026-10-08T01:04:21Z INFO Update valid-nwb-file-to-sackin-index (base directory /tmp).
2026-10-08T01:04:22Z INFO Processing 750 items (97336 already recorded).
2026-10-08T01:04:29Z INFO [1/750] 6891b420-d382-432a-ac21-c04b427347df: Sackin index -0.0164; 7.2 s; peak memory 149 MiB.
2026-10-08T01:04:30Z INFO [2/750] 689284d0-a0a1-4b68-a0fa-1630921df4bb: Sackin index -0.0702; 0.9 s; peak memory 149 MiB.
2026-10-08T01:04:31Z INFO [3/750] 68938f3a-787a-415d-a90c-e83b36ece543: Sackin index -0.0811; 0.8 s; peak memory 149 MiB.
2026-10-08T01:04:33Z INFO [4/750] 6893c993-89b0-4604-a7b0-fd96eeebd62d: Sackin index -0.0914; 2.1 s; peak memory 149 MiB.
2026-10-08T01:04:33Z INFO [5/750] 6893e31f-a5c3-41d3-bc6d-98d17e403e05: Sackin index -0.2168; 0.4 s; peak memory 150 MiB.
2026-10-08T01:04:35Z INFO [6/750] 68946d98-d4e6-4f49-ada9-136686937b21: Sackin index -0.0415; 2.0 s; peak memory 150 MiB.
2026-10-08T01:04:36Z INFO [7/750] 68950eaa-76d4-4eea-bb30-fa980e463558: Sackin index -0.1349; 0.7 s; peak memory 150 MiB.
2026-10-08T01:04:37Z INFO [8/750] 68959cad-459f-4b92-8002-9fea446ef721: Sackin index -0.0696; 1.0 s; peak memory 150 MiB.
2026-10-08T01:04:38Z INFO [9/750] 6895dfbe-66e7-4f55-b267-021f39276ba5: Sackin index -0.1349; 0.8 s; peak memory 150 MiB.
2026-10-08T01:04:38Z INFO [10/750] 68962a5c-6bcb-446f-bc1b-4aadf30f290a: Sackin index -0.1331; 0.6 s; peak memory 150 MiB.
2026-10-08T01:04:39Z INFO [11/750] 6897d7c9-258b-41f7-8621-d7ce85bef78c: Sackin index -0.1408; 0.8 s; peak memory 150 MiB.
2026-10-08T01:04:40Z INFO [12/750] 68980cc3-38a3-4e45-935c-3b2200aec86a: Sackin index -0.1349; 0.7 s; peak memory 150 MiB.
2026-10-08T01:04:40Z INFO [13/750] 689858ab-b80a-4cca-a72c-7cbfeb372203: Sackin index -0.1349; 0.6 s; peak memory 150 MiB.
2026-10-08T01:04:41Z INFO [14/750] 6898c7b6-8e9f-4ab8-89de-3dc37c0239f0: Sackin index -0.0696; 0.8 s; peak memory 150 MiB.
2026-10-08T01:04:42Z INFO [15/750] 6898d7e0-7391-465f-9b65-42fe48bc07ce: Sackin index -0.1349; 0.7 s; peak memory 151 MiB.
2026-10-08T01:04:43Z INFO [16/750] 68992f81-704c-489b-b80a-b293ff09c5cc: Sackin index -0.0696; 0.9 s; peak memory 151 MiB.
2026-10-08T01:04:44Z INFO [17/750] 6899c01e-aaf0-4d73-981f-8a4bc34ead36: Sackin index -0.1362; 1.3 s; peak memory 151 MiB.
2026-10-08T01:04:45Z INFO [18/750] 6899c642-a271-440a-b17c-36e6b2a03aed: Sackin index -0.0881; 0.7 s; peak memory 151 MiB.
2026-10-08T01:04:46Z INFO [19/750] 6899dfc0-b979-4443-9ec4-2d4c8a459a3a: Sackin index -0.0728; 1.0 s; peak memory 152 MiB.
2026-10-08T01:04:47Z INFO [20/750] 6899fe44-74e4-4015-99d7-8feef777e6f8: Sackin index -0.1349; 0.8 s; peak memory 152 MiB.
2026-10-08T01:04:47Z INFO [21/750] 689a4f7a-4ce8-45e9-901d-4800b3fcca45: Sackin index -0.1349; 0.8 s; peak memory 152 MiB.
2026-10-08T01:04:48Z INFO [22/750] 689aa1b2-8b5b-4aaa-8225-91816f924775: Sackin index -0.0702; 0.7 s; peak memory 152 MiB.
2026-10-08T01:04:50Z INFO [23/750] 689ae458-f3a7-4592-9068-323b8fdf91a6: Sackin index -0.0699; 1.6 s; peak memory 152 MiB.
2026-10-08T01:04:50Z INFO [24/750] 689b0a87-6d9b-4b1b-95ac-2d3e6513bd3b: Sackin index -0.0380; 0.7 s; peak memory 152 MiB.
2026-10-08T01:04:51Z INFO [25/750] 689bb2e4-337c-4ea6-8b56-f169f22f9969: Sackin index -0.0728; 0.8 s; peak memory 152 MiB.
2026-10-08T01:04:52Z INFO [26/750] 689bd7c9-f552-440b-a30a-361f31306a6f: Sackin index -0.1349; 0.7 s; peak memory 152 MiB.
2026-10-08T01:04:53Z INFO [27/750] 689bde0a-eeeb-4c68-bec5-46101ef3664b: Sackin index -0.0375; 0.9 s; peak memory 152 MiB.
2026-10-08T01:04:54Z INFO [28/750] 689d0972-85d2-481b-8b8a-52fb681902c9: Sackin index -0.1248; 0.7 s; peak memory 152 MiB.
2026-10-08T01:04:57Z INFO [29/750] 689d42dd-41e1-4185-b683-0eef1f1124a8: Sackin index -0.0249; 3.4 s; peak memory 153 MiB.
2026-10-08T01:04:58Z INFO [30/750] 689d6da6-4249-43d9-a163-aeb9c051c637: Sackin index -0.0728; 0.9 s; peak memory 153 MiB.
2026-10-08T01:04:58Z INFO [31/750] 689dc974-57af-4cc5-8c26-327831ed2b4f: Sackin index -0.1430; 0.7 s; peak memory 153 MiB.
2026-10-08T01:04:59Z INFO [32/750] 689e7530-af7f-4d26-ba85-ab6cf6d9fa4f: Sackin index -0.1658; 0.5 s; peak memory 153 MiB.
2026-10-08T01:05:00Z INFO [33/750] 689f76cc-676e-40a3-b6b3-a86e3601ef6d: Sackin index -0.1349; 0.7 s; peak memory 153 MiB.
2026-10-08T01:05:03Z INFO [34/750] 689f7d0c-a779-45cb-8d92-d22e1967a156: Sackin index -0.0257; 3.7 s; peak memory 153 MiB.
2026-10-08T01:05:04Z INFO [35/750] 68a011a1-bd03-4431-aec4-1474a53b197b: Sackin index -0.1349; 0.7 s; peak memory 153 MiB.
2026-10-08T01:05:08Z INFO [36/750] 68a12f5b-5d59-4171-80e0-6d76b51cf384: Sackin index -0.0236; 3.8 s; peak memory 153 MiB.
2026-10-08T01:05:08Z INFO [37/750] 68a1f216-2729-4070-97a1-cb7e9637de3c: Sackin index -0.1319; 0.6 s; peak memory 153 MiB.
2026-10-08T01:05:09Z INFO [38/750] 68a25feb-3d77-47f1-9358-ae56e6d18583: Sackin index -0.0702; 0.8 s; peak memory 153 MiB.
2026-10-08T01:05:13Z INFO [39/750] 68a2b4ea-8595-4e4a-b771-9ec3f4744ccd: Sackin index -0.0255; 3.5 s; peak memory 153 MiB.
2026-10-08T01:05:13Z INFO [40/750] 68a2c3b9-9d40-4ba1-bb6d-90d5a25d43b6: Sackin index -0.0696; 0.7 s; peak memory 153 MiB.
2026-10-08T01:05:15Z INFO [41/750] 68a36d67-926b-43e8-b51c-00fd6d79ceb7: Sackin index -0.0369; 1.4 s; peak memory 153 MiB.
2026-10-08T01:05:16Z INFO [42/750] 68a3f3c0-fe42-44a5-9db7-a22a5a848da4: Sackin index -0.1349; 0.7 s; peak memory 153 MiB.
2026-10-08T01:05:16Z INFO [43/750] 68a41603-a114-4b54-bce0-962b6e3c21c5: Sackin index -0.1349; 0.6 s; peak memory 153 MiB.
2026-10-08T01:05:17Z INFO [44/750] 68a44970-b00f-4325-97aa-9c5cac520965: Sackin index -0.1349; 0.6 s; peak memory 153 MiB.
2026-10-08T01:05:19Z INFO [45/750] 68a50e9e-e0fc-423f-9be4-dc6e45c14832: Sackin index -0.0869; 2.0 s; peak memory 153 MiB.
2026-10-08T01:05:20Z INFO [46/750] 68a56316-4ee9-4493-8ea5-aac1e3b909e3: Sackin index -0.0383; 0.8 s; peak memory 153 MiB.
2026-10-08T01:05:20Z INFO [47/750] 68a56bd7-e129-4951-ba07-00dd7b0c6b2a: Sackin index -0.1349; 0.7 s; peak memory 153 MiB.
2026-10-08T01:05:22Z INFO [48/750] 68a56fcf-db2d-4bf5-8149-98222c4ab176: Sackin index -0.0369; 1.6 s; peak memory 153 MiB.
2026-10-08T01:05:23Z INFO [49/750] 68a62a7a-5830-4011-adaf-d7fb42c323b3: Sackin index -0.0696; 0.8 s; peak memory 153 MiB.
2026-10-08T01:05:24Z INFO [50/750] 68a69036-cf18-49ad-beb1-c48ec4b82c87: Sackin index -0.0728; 1.0 s; peak memory 153 MiB.
2026-10-08T01:05:24Z INFO [50/750] 68a69036-cf18-49ad-beb1-c48ec4b82c87: checkpointed 97386 records.
2026-10-08T01:05:25Z INFO [51/750] 68a6beee-6eb5-44e5-a070-222afce3e40e: Sackin index -0.1273; 1.0 s; peak memory 153 MiB.
2026-10-08T01:05:26Z INFO [52/750] 68a6fa9d-c0cc-40e7-9660-c9c8b355a96d: Sackin index -0.1349; 0.8 s; peak memory 153 MiB.
2026-10-08T01:05:27Z INFO [53/750] 68a7bbb0-2474-4199-b500-472076a63d89: Sackin index -0.1243; 1.3 s; peak memory 153 MiB.
2026-10-08T01:05:28Z INFO [54/750] 68a81539-4ff1-4819-af4f-e99c5c7d74fa: Sackin index -0.0386; 0.6 s; peak memory 153 MiB.
2026-10-08T01:05:29Z INFO [55/750] 68a81ed9-3d52-4153-a2ea-93c0268e888a: Sackin index -0.1266; 1.9 s; peak memory 153 MiB.
2026-10-08T01:05:31Z INFO [56/750] 68a89834-f50f-4000-9e61-570f83e16198: Sackin index -0.1349; 1.0 s; peak memory 154 MiB.
2026-10-08T01:05:32Z INFO [57/750] 68a95a82-34e0-4c4e-b7d8-f96e326210d5: Sackin index -0.0728; 1.2 s; peak memory 154 MiB.
2026-10-08T01:05:33Z INFO [58/750] 68a9780c-e473-4d4e-84af-0be01b1f98c4: Sackin index -0.0693; 1.6 s; peak memory 154 MiB.
2026-10-08T01:05:35Z INFO [59/750] 68a98b36-f5b7-45a7-b52b-678d346eb0c6: Sackin index -0.0718; 1.9 s; peak memory 154 MiB.
2026-10-08T01:05:36Z INFO [60/750] 68a9fd10-da96-4332-b539-7d6bceff979b: Sackin index -0.1273; 1.1 s; peak memory 154 MiB.
2026-10-08T01:05:37Z INFO [61/750] 68aa48b6-9ded-41ee-beb8-8908db413772: Sackin index -0.1938; 0.6 s; peak memory 154 MiB.
2026-10-08T01:05:38Z INFO [62/750] 68aa6df5-3b78-43c2-bd64-f8dfc09cda34: Sackin index -0.0702; 0.7 s; peak memory 154 MiB.
2026-10-08T01:05:38Z INFO [63/750] 68aaa6b1-cc7b-44b8-aab6-110ca3f6a8bf: Sackin index -0.1602; 0.6 s; peak memory 154 MiB.
2026-10-08T01:05:39Z INFO [64/750] 68abb495-a075-4f2a-a289-9c63c66eefef: Sackin index -0.0745; 0.7 s; peak memory 154 MiB.
2026-10-08T01:05:40Z INFO [65/750] 68abf40d-bbe8-4c7b-b82e-6792d64aa825: Sackin index -0.0881; 0.9 s; peak memory 154 MiB.
2026-10-08T01:05:41Z INFO [66/750] 68abfc14-6476-4bb5-b290-11f9f7fc0a8d: Sackin index -0.0944; 1.2 s; peak memory 154 MiB.
2026-10-08T01:05:42Z INFO [67/750] 68aea9c3-62cc-430c-bcb7-42ea92ad81b8: Sackin index -0.1349; 0.8 s; peak memory 154 MiB.
2026-10-08T01:05:43Z INFO [68/750] 68af543d-d4c6-4a35-8bdf-152eb0333aa3: Sackin index -0.0231; 1.5 s; peak memory 154 MiB.
2026-10-08T01:05:50Z INFO [69/750] 68b034e6-0a97-48ee-91d2-8bb11941eeff: Sackin index -0.0925; 6.3 s; peak memory 154 MiB.
2026-10-08T01:05:51Z INFO [70/750] 68b04915-7181-44f0-9428-874b292dfccc: Sackin index -0.0728; 0.9 s; peak memory 154 MiB.
2026-10-08T01:05:51Z INFO [71/750] 68b12c81-f6c7-40a5-8969-cb9dbe5aa61d: Sackin index -0.1349; 0.8 s; peak memory 154 MiB.
2026-10-08T01:05:52Z INFO [72/750] 68b13ec2-023b-42c0-ac25-260db126e0fb: Sackin index -0.1349; 0.8 s; peak memory 154 MiB.
2026-10-08T01:07:56Z INFO [73/750] 68b1ce29-4bec-40cd-afa7-19b5142f1c70: Sackin index -0.0410; 123.6 s; peak memory 277 MiB.
2026-10-08T01:08:07Z INFO [74/750] 68b38f51-052c-47af-8e11-6992557f3956: Sackin index -0.0035; 11.3 s; peak memory 277 MiB.
2026-10-08T01:08:08Z INFO [75/750] 68b42f04-b87d-47a8-94d6-45025f633e85: Sackin index -0.0676; 1.4 s; peak memory 277 MiB.
2026-10-08T01:08:09Z INFO [76/750] 68b51a64-ac2d-414d-895d-f3a76446d3d3: Sackin index -0.0702; 0.7 s; peak memory 277 MiB.
2026-10-08T01:08:11Z INFO [77/750] 68b59a68-00ec-480d-9e77-ba622d827ca2: Sackin index -0.0660; 1.9 s; peak memory 277 MiB.
2026-10-08T01:08:12Z INFO [78/750] 68b59c57-9d56-4926-88ce-f252558cc3bb: Sackin index -0.0376; 1.0 s; peak memory 277 MiB.
2026-10-08T01:08:13Z INFO [79/750] 68b5da47-67ad-49c3-9cb4-911ae7425049: Sackin index -0.1233; 1.1 s; peak memory 277 MiB.
2026-10-08T01:08:14Z INFO [80/750] 68b66c00-b170-4899-9874-c88c6acbd1e9: Sackin index -0.1191; 0.7 s; peak memory 277 MiB.
2026-10-08T01:08:15Z INFO [81/750] 68b71447-1fb2-4f5d-bced-efefc822ffb9: Sackin index -0.1349; 0.7 s; peak memory 277 MiB.
2026-10-08T01:08:18Z INFO [82/750] 68b7a5d7-3dd5-44fb-876c-302470accc55: Sackin index -0.0251; 3.4 s; peak memory 277 MiB.
2026-10-08T01:08:19Z INFO [83/750] 68b7ff4b-ed58-43f2-9cca-51739cec19d5: Sackin index -0.1658; 0.6 s; peak memory 277 MiB.
2026-10-08T01:08:19Z INFO [84/750] 68b8a225-22ec-4c1f-a1f0-4c590a960f0d: Sackin index -0.2000; 0.5 s; peak memory 277 MiB.
2026-10-08T01:08:20Z INFO [85/750] 68b8cbda-fa90-4a5e-ae94-cd51640bb02c: Sackin index -0.0702; 0.8 s; peak memory 277 MiB.
2026-10-08T01:08:21Z INFO [86/750] 68b94300-ccba-449d-bb63-8cc053fcfcde: Sackin index -0.0377; 0.8 s; peak memory 277 MiB.
2026-10-08T01:08:25Z INFO [87/750] 68b9f6b8-b883-42a2-97dc-5698c721a3cf: Sackin index -0.1495; 4.0 s; peak memory 277 MiB.
2026-10-08T01:08:26Z INFO [88/750] 68ba12b8-01fa-441b-8ac1-a371a3eea236: Sackin index -0.0696; 1.0 s; peak memory 277 MiB.
2026-10-08T01:08:27Z INFO [89/750] 68ba6718-3d10-4012-aa5e-16bb82aa31a1: Sackin index -0.0709; 0.8 s; peak memory 277 MiB.
2026-10-08T01:08:28Z INFO [90/750] 68ba8125-da34-443d-812a-31e24b8322de: Sackin index -0.0702; 1.1 s; peak memory 277 MiB.
2026-10-08T01:08:29Z INFO [91/750] 68baf6c8-b001-4a2f-8f07-20c127719731: Sackin index -0.0709; 0.8 s; peak memory 277 MiB.
2026-10-08T01:08:29Z INFO [92/750] 68bb0a3e-2d8e-4c5a-8962-50189767297e: Sackin index -0.1120; 0.6 s; peak memory 277 MiB.
2026-10-08T01:08:30Z INFO [93/750] 68bb6e49-f34c-48aa-83d0-061ed339dcdc: Sackin index -0.1273; 1.2 s; peak memory 277 MiB.
2026-10-08T01:08:31Z INFO [94/750] 68bb92b8-0f73-489b-bddf-d3a366a9bfb8: Sackin index -0.0369; 1.2 s; peak memory 277 MiB.
2026-10-08T01:08:44Z INFO [95/750] 68bd92bd-037e-4b9f-b41c-6717c9120ff3: Sackin index -0.0109; 12.6 s; peak memory 277 MiB.
2026-10-08T01:08:45Z INFO [96/750] 68bd941a-12ab-4ae7-a210-900799faff2c: Sackin index -0.0728; 1.0 s; peak memory 277 MiB.
2026-10-08T01:08:47Z INFO [97/750] 68be0a72-20da-447c-964e-033a2dfb9d39: Sackin index -0.0660; 2.0 s; peak memory 277 MiB.
2026-10-08T01:09:00Z INFO [98/750] 68be4d09-c9c2-49d1-b3ff-fddb1a775aaf: Sackin index -0.0090; 13.3 s; peak memory 277 MiB.
2026-10-08T01:09:01Z INFO [99/750] 68bef62c-9746-4fda-a208-91c60fbd6a2b: Sackin index -0.1658; 0.6 s; peak memory 277 MiB.
2026-10-08T01:09:02Z INFO [100/750] 68bf03a7-a04b-4038-9f5c-ce3da2553f0b: Sackin index -0.1448; 0.6 s; peak memory 277 MiB.
2026-10-08T01:09:02Z INFO [100/750] 68bf03a7-a04b-4038-9f5c-ce3da2553f0b: checkpointed 97436 records.
2026-10-08T01:09:02Z INFO [101/750] 68c05c05-611d-41eb-84aa-5f24ff32b6a8: Sackin index -0.1135; 0.5 s; peak memory 277 MiB.
2026-10-08T01:09:03Z INFO [102/750] 68c09e44-d63a-4c85-b86a-2332db8c6b2d: Sackin index -0.1658; 0.4 s; peak memory 277 MiB.
2026-10-08T01:11:04Z INFO [103/750] 68c0e137-a579-4281-9a68-e602a2a2d370: Sackin index -0.0573; 121.3 s; peak memory 288 MiB.
2026-10-08T01:11:13Z INFO [104/750] 68c0fa1a-fe86-4e85-b6ee-c1504983f241: Sackin index -0.0130; 8.5 s; peak memory 288 MiB.
2026-10-08T01:11:13Z INFO [105/750] 68c17528-b052-4080-a071-f429270fee26: Sackin index -0.0709; 0.7 s; peak memory 288 MiB.
2026-10-08T01:11:14Z INFO [106/750] 68c1c151-6df6-4d5a-b0f7-717bcacbce9e: Sackin index -0.1658; 0.5 s; peak memory 288 MiB.
2026-10-08T01:11:23Z INFO [107/750] 68c1d953-64a5-42b7-b043-a7c3ed248f43: Sackin index -0.0147; 8.9 s; peak memory 288 MiB.
2026-10-08T01:11:24Z INFO [108/750] 68c20dfc-0528-461c-a934-3432c1a9ceb4: Sackin index -0.1383; 1.0 s; peak memory 288 MiB.
2026-10-08T01:11:24Z INFO [109/750] 68c40538-cbc0-4764-b24c-f8eeeb1e4b6d: Sackin index -0.1349; 0.6 s; peak memory 288 MiB.
2026-10-08T01:11:25Z INFO [110/750] 68c4796a-68f2-4825-9136-2dc4aeda133f: Sackin index -0.1658; 0.4 s; peak memory 288 MiB.
2026-10-08T01:11:26Z INFO [111/750] 68c4f34e-e831-4562-b51f-e3d4e527e7a2: Sackin index -0.0375; 1.0 s; peak memory 288 MiB.
2026-10-08T01:11:26Z INFO [112/750] 68c51198-9857-4746-80cf-1d58adedb1d3: Sackin index -0.1349; 0.6 s; peak memory 288 MiB.
2026-10-08T01:11:28Z INFO [113/750] 68c53c4f-f246-4b61-bdaa-4b1c1c3d62bc: Sackin index -0.1370; 1.5 s; peak memory 288 MiB.
2026-10-08T01:11:29Z INFO [114/750] 68c6122c-80c6-4552-bc30-918d0424a145: Sackin index -0.1349; 0.8 s; peak memory 288 MiB.
2026-10-08T01:12:06Z INFO [115/750] 68c7aac8-6864-47b4-811f-d83eaf6f72a4: Sackin index -0.1144; 37.2 s; peak memory 288 MiB.
2026-10-08T01:12:11Z INFO [116/750] 68c971b5-d087-47fe-bf7f-0287df6aed1f: Sackin index -0.0435; 4.7 s; peak memory 288 MiB.
2026-10-08T01:12:11Z INFO [117/750] 68cab6c3-1304-40a0-b96d-601b5027fe90: Sackin index -0.1448; 0.5 s; peak memory 288 MiB.
2026-10-08T01:12:19Z INFO [118/750] 68cae8ab-b2f7-4b0a-b927-83e93a2aa257: Sackin index -0.1330; 8.1 s; peak memory 288 MiB.
2026-10-08T01:12:20Z INFO [119/750] 68caf316-1890-43c9-a089-2ecf09f27795: Sackin index -0.1349; 0.6 s; peak memory 288 MiB.
2026-10-08T01:12:28Z INFO [120/750] 68cd362c-c048-47d9-a28d-a6198a07f81c: Sackin index -0.0133; 8.0 s; peak memory 288 MiB.
2026-10-08T01:12:29Z INFO [121/750] 68cd42a2-34fc-49c0-a99d-98714b7e3270: Sackin index -0.1349; 0.8 s; peak memory 288 MiB.
2026-10-08T01:12:30Z INFO [122/750] 68cd9795-d89a-48b5-a44e-a75e49605b6f: Sackin index -0.1380; 1.0 s; peak memory 288 MiB.
2026-10-08T01:12:31Z INFO [123/750] 68cdb470-1eba-4d49-bdf6-70e36132d0f3: Sackin index -0.1009; 0.9 s; peak memory 288 MiB.
2026-10-08T01:12:33Z INFO [124/750] 68ced1ef-90d1-4100-9c76-d4cbb853e155: Sackin index -0.0687; 2.7 s; peak memory 288 MiB.
2026-10-08T01:12:35Z INFO [125/750] 68cf56ab-69d4-4474-873c-4c003b0bd02a: Sackin index -0.0350; 1.9 s; peak memory 288 MiB.
2026-10-08T01:12:38Z INFO [126/750] 68d09b83-0b14-4d08-aeb1-a6ae66b5e927: Sackin index -0.0232; 3.1 s; peak memory 288 MiB.
2026-10-08T01:12:39Z INFO [127/750] 68d11131-b38e-482f-8741-9d80d96e8701: Sackin index -0.1272; 0.6 s; peak memory 288 MiB.
2026-10-08T01:12:40Z INFO [128/750] 68d16d7d-ebbe-491b-a43a-31bb697d7ea6: Sackin index -0.1101; 0.9 s; peak memory 288 MiB.
2026-10-08T01:12:43Z INFO [129/750] 68d2ab2b-ffa6-436a-b9cc-4de12ab2656f: Sackin index -0.0251; 3.5 s; peak memory 288 MiB.
2026-10-08T01:12:44Z INFO [130/750] 68d2e983-6fd7-49b8-a00e-983563ea5557: Sackin index -0.1248; 0.8 s; peak memory 288 MiB.
2026-10-08T01:12:45Z INFO [131/750] 68d3b018-6c17-4147-92f3-cfc007168779: Sackin index -0.0413; 1.0 s; peak memory 288 MiB.
2026-10-08T01:12:46Z INFO [132/750] 68d3e3aa-2791-489a-89b0-5fc9ecdf20dd: Sackin index -0.1349; 0.7 s; peak memory 288 MiB.
2026-10-08T01:12:47Z INFO [133/750] 68d6da8d-d6b3-4875-a17c-41260b65fe79: Sackin index -0.0379; 1.0 s; peak memory 288 MiB.
2026-10-08T01:12:48Z INFO [134/750] 68d6e134-d0a6-4137-a937-63354eb19b88: Sackin index -0.1349; 0.9 s; peak memory 288 MiB.
2026-10-08T01:12:49Z INFO [135/750] 68d70145-dc3b-4b62-94c6-8e5ffbf55b76: Sackin index -0.0369; 1.5 s; peak memory 288 MiB.
2026-10-08T01:12:50Z INFO [136/750] 68d773b7-c2a0-4ae7-bb99-5e0716988f11: Sackin index -0.0702; 0.7 s; peak memory 288 MiB.
2026-10-08T01:12:52Z INFO [137/750] 68d7771e-37b9-40ae-b1d4-fa89f747922f: Sackin index -0.0369; 1.6 s; peak memory 288 MiB.
2026-10-08T01:12:52Z INFO [138/750] 68d93232-899c-4ed1-94ba-2bbcdad42864: Sackin index -0.1349; 0.7 s; peak memory 288 MiB.
2026-10-08T01:12:54Z INFO [139/750] 68d97ab2-2dc7-409d-b0b7-b3607c8be2fb: Sackin index -0.0676; 1.4 s; peak memory 288 MiB.
2026-10-08T01:12:56Z INFO [140/750] 68da0c44-20c9-4479-b467-0ad7d07c30fb: Sackin index -0.0660; 2.0 s; peak memory 288 MiB.
2026-10-08T01:12:56Z INFO [141/750] 68da6ab2-72c2-4d3e-b6fb-0e9ffe6e3339: Sackin index -0.1349; 0.7 s; peak memory 288 MiB.
2026-10-08T01:12:57Z INFO [142/750] 68db5595-0226-4cb6-99e8-9a7aec85b824: Sackin index -0.0377; 0.6 s; peak memory 288 MiB.
2026-10-08T01:12:58Z INFO [143/750] 68db6c2a-f82e-4c37-bc47-daca89bf7ec1: Sackin index -0.1165; 0.7 s; peak memory 288 MiB.
2026-10-08T01:12:59Z INFO [144/750] 68dba853-3b76-40e2-a52d-ac59a3b91493: Sackin index -0.0881; 0.8 s; peak memory 288 MiB.
2026-10-08T01:12:59Z INFO [145/750] 68dd1be2-ee8b-42ed-8242-08cb06e26484: Sackin index -0.0702; 0.7 s; peak memory 288 MiB.
2026-10-08T01:13:00Z INFO [146/750] 68dd4b98-3023-4fcf-bea5-ff0294ae650e: Sackin index -0.0728; 1.1 s; peak memory 288 MiB.
2026-10-08T01:13:01Z INFO [147/750] 68dd8d89-1304-4d95-b7da-a9537b2767d5: Sackin index -0.0745; 0.8 s; peak memory 288 MiB.
2026-10-08T01:13:02Z INFO [148/750] 68de346a-7853-4c08-a9ce-f966439f03ef: Sackin index -0.0928; 0.7 s; peak memory 288 MiB.
2026-10-08T01:13:02Z INFO [149/750] 68df6fcd-87d5-49e0-865e-24c0215d4010: Sackin index -0.1448; 0.6 s; peak memory 288 MiB.
2026-10-08T01:13:03Z INFO [150/750] 68dfe59f-d69c-451c-8ad2-4803a388126a: Sackin index -0.0696; 0.7 s; peak memory 288 MiB.
2026-10-08T01:13:03Z INFO [150/750] 68dfe59f-d69c-451c-8ad2-4803a388126a: checkpointed 97486 records.
2026-10-08T01:13:04Z INFO [151/750] 68e0c7a2-7110-41d8-8348-e05c053db009: Sackin index -0.1349; 0.7 s; peak memory 288 MiB.
2026-10-08T01:14:55Z INFO [152/750] 68e17922-1932-4cfb-b394-d2ed8e56855e: Sackin index -0.0442; 110.6 s; peak memory 288 MiB.
2026-10-08T01:14:55Z INFO [153/750] 68e1e6c1-a586-4e57-8193-b1eaa160b34b: Sackin index -0.1430; 0.5 s; peak memory 288 MiB.
2026-10-08T01:14:57Z INFO [154/750] 68e256a3-b7b0-4c73-aef3-d4d138321f06: Sackin index -0.0718; 1.7 s; peak memory 288 MiB.
2026-10-08T01:14:58Z INFO [155/750] 68e2e05b-7617-46ed-83be-dafda7f09344: Sackin index -0.0728; 0.9 s; peak memory 288 MiB.
2026-10-08T01:15:00Z INFO [156/750] 68e35a66-6315-4a96-9f30-abcd458bdadc: Sackin index -0.0738; 1.7 s; peak memory 288 MiB.
2026-10-08T01:15:00Z INFO [157/750] 68e3fea8-7a1a-4f67-b45c-b3d33f6decba: Sackin index -0.1248; 0.8 s; peak memory 288 MiB.
2026-10-08T01:15:01Z INFO [158/750] 68e57c18-9f9e-44c8-b30f-6890f605486a: Sackin index -0.0728; 1.0 s; peak memory 288 MiB.
2026-10-08T01:42:33Z INFO [159/750] 68e630c5-10cc-4a33-b2bd-1ba281049e40: Sackin index -0.0859; 1651.3 s; peak memory 1126 MiB.
2026-10-08T01:42:35Z INFO [160/750] 68e63da5-b8f4-4172-8679-84294164dbbf: Sackin index -0.1674; 2.0 s; peak memory 1126 MiB.
2026-10-08T01:42:37Z INFO [161/750] 68e6756f-49c7-4fd2-a3b5-839133a1e48d: Sackin index -0.0704; 1.9 s; peak memory 1126 MiB.
2026-10-08T01:42:37Z INFO [162/750] 68e69745-1771-4124-afe7-7fc65996adc9: Sackin index -0.1349; 0.8 s; peak memory 1126 MiB.
2026-10-08T01:42:38Z INFO [163/750] 68e7932b-4ebf-475e-a925-afd8bbe86086: Sackin index -0.0376; 1.0 s; peak memory 1126 MiB.
2026-10-08T01:42:40Z INFO [164/750] 68e7dcbd-48d6-4637-ab3a-07b3eb5a29a3: Sackin index -0.0748; 1.8 s; peak memory 1126 MiB.
2026-10-08T01:42:42Z INFO [165/750] 68e82488-95d1-46ec-9ab7-5605c5931cd4: Sackin index -0.0369; 1.4 s; peak memory 1126 MiB.
2026-10-08T01:42:50Z INFO [166/750] 68e9be8e-84ec-4a2f-b6dc-43ff9bc64fc8: Sackin index -0.0229; 8.5 s; peak memory 1126 MiB.
2026-10-08T01:42:51Z INFO [167/750] 68eb4a77-73c3-49ff-a3c1-76f9db4e1b0f: Sackin index -0.0728; 0.9 s; peak memory 1126 MiB.
2026-10-08T01:42:52Z INFO [168/750] 68ebed2f-3330-487c-93fd-98e220fcf13f: Sackin index -0.1658; 0.5 s; peak memory 1126 MiB.
2026-10-08T01:42:52Z INFO [169/750] 68ed454b-d61e-4c72-ac91-97ca126c6de4: Sackin index -0.1938; 0.7 s; peak memory 1126 MiB.
2026-10-08T01:42:54Z INFO [170/750] 68ee34cc-62c1-4b6a-9589-323499978e8f: Sackin index -0.0842; 2.0 s; peak memory 1126 MiB.
2026-10-08T01:42:58Z INFO [171/750] 68eeaf54-cd99-433f-b0b7-b986114ef028: Sackin index -0.0403; 3.3 s; peak memory 1126 MiB.
2026-10-08T01:42:59Z INFO [172/750] 68eeee89-239b-43cc-8b28-be7a23bb2c66: Sackin index -0.1938; 1.6 s; peak memory 1126 MiB.
2026-10-08T01:43:00Z INFO [173/750] 68ef3dc3-1c66-43b8-9099-e85b5e82c8ec: Sackin index -0.0702; 0.7 s; peak memory 1126 MiB.
2026-10-08T01:43:01Z INFO [174/750] 68efee1c-9be6-44c2-b69c-9c81969fba8a: Sackin index -0.0696; 0.8 s; peak memory 1126 MiB.
2026-10-08T01:43:01Z INFO [175/750] 68f03470-3ca0-4674-940b-ab3402649a73: Sackin index -0.0709; 0.7 s; peak memory 1126 MiB.
2026-10-08T01:43:02Z INFO [176/750] 68f04501-b66d-4651-93d3-9c02d6e1b987: Sackin index -0.1239; 0.7 s; peak memory 1126 MiB.
2026-10-08T01:43:05Z INFO [177/750] 68f0c758-3ad5-465d-9007-76f740f43299: Sackin index -0.0403; 3.1 s; peak memory 1126 MiB.
2026-10-08T01:43:06Z INFO [178/750] 68f10568-6dab-44e7-959a-bba68cef1833: Sackin index -0.0732; 1.1 s; peak memory 1126 MiB.
2026-10-08T01:43:30Z INFO [179/750] 68f15465-a5b6-494a-980d-ddb28455ae42: Sackin index -0.1367; 24.3 s; peak memory 1126 MiB.
2026-10-08T01:43:31Z INFO [180/750] 68f17e06-7491-485a-9b1d-b42778185266: Sackin index -0.1349; 0.8 s; peak memory 1126 MiB.
2026-10-08T01:43:33Z INFO [181/750] 68f286dc-8e0d-4dc1-974b-18559cdba6e8: Sackin index -0.0704; 1.7 s; peak memory 1126 MiB.
2026-10-08T01:43:34Z INFO [182/750] 68f2afdf-0748-4644-a5e7-f13d9b976411: Sackin index -0.1210; 1.1 s; peak memory 1126 MiB.
2026-10-08T01:43:35Z INFO [183/750] 68f2ca78-963e-46b3-9e67-a03909e9a1b4: Sackin index -0.1349; 0.8 s; peak memory 1126 MiB.
2026-10-08T01:43:36Z INFO [184/750] 68f55e51-7e21-4bbd-b917-71dd48271728: Sackin index -0.1046; 0.8 s; peak memory 1126 MiB.
2026-10-08T01:43:36Z INFO [185/750] 68f60613-8c87-4819-af6d-8d657b99a8f0: Sackin index -0.1349; 0.8 s; peak memory 1126 MiB.
2026-10-08T01:43:40Z INFO [186/750] 68f6e75e-d883-4497-8e83-5e7518751b43: Sackin index -0.0415; 3.3 s; peak memory 1126 MiB.
2026-10-08T01:43:41Z INFO [187/750] 68f7aabc-25f9-429f-ae75-ac7d930a1723: Sackin index -0.1938; 1.9 s; peak memory 1126 MiB.
2026-10-08T01:43:42Z INFO [188/750] 68f94934-f206-45b8-a150-fc83219e929c: Sackin index -0.1349; 0.7 s; peak memory 1126 MiB.
2026-10-08T01:43:48Z INFO [189/750] 68f95d62-08b9-4aa3-9724-a9196efa0469: Sackin index -0.0139; 5.9 s; peak memory 1126 MiB.
2026-10-08T01:43:49Z INFO [190/750] 68f9607b-d654-46f8-94d8-e1954a275a20: Sackin index -0.1072; 0.6 s; peak memory 1126 MiB.
2026-10-08T01:43:50Z INFO [191/750] 68f97f61-f5b7-4cde-867e-dc4d592268fa: Sackin index -0.0326; 0.8 s; peak memory 1126 MiB.
2026-10-08T01:43:50Z INFO [192/750] 68f9cb68-fdf7-47e7-9163-5d51285ab8bb: Sackin index -0.1349; 0.7 s; peak memory 1126 MiB.
2026-10-08T01:43:51Z INFO [193/750] 68fa6c80-1e22-48bd-97f7-6bfa5a61904f: Sackin index -0.1448; 0.6 s; peak memory 1126 MiB.
2026-10-08T01:43:53Z INFO [194/750] 68fa90ac-3d54-4675-8425-6ad3057e413d: Sackin index -0.0699; 1.9 s; peak memory 1126 MiB.
2026-10-08T01:43:53Z INFO [195/750] 68fb7bd0-671c-4f33-87a5-466b97d6ba4a: Sackin index -0.1349; 0.7 s; peak memory 1126 MiB.
2026-10-08T01:45:59Z INFO [196/750] 68fc9a27-9e49-472a-90a9-efd75b448d15: Sackin index -0.0573; 125.2 s; peak memory 1126 MiB.
2026-10-08T01:46:00Z INFO [197/750] 68fdc70c-960c-4d9e-a20e-63a293cf8df1: Sackin index -0.1273; 1.2 s; peak memory 1126 MiB.
2026-10-08T01:46:01Z INFO [198/750] 68ff4da4-d483-4783-8bd1-217aece04c9d: Sackin index -0.1349; 0.7 s; peak memory 1126 MiB.
2026-10-08T01:46:01Z INFO [199/750] 6900dfd4-6c24-473c-b5cc-770a4bbf2ef8: Sackin index -0.0956; 0.7 s; peak memory 1126 MiB.
2026-10-08T01:46:02Z INFO [200/750] 6900ffd2-549c-415a-b7af-e88c789a8e89: Sackin index -0.1349; 0.6 s; peak memory 1126 MiB.
2026-10-08T01:46:02Z INFO [200/750] 6900ffd2-549c-415a-b7af-e88c789a8e89: checkpointed 97536 records.
2026-10-08T01:46:03Z INFO [201/750] 6901ae73-2869-410c-8a5b-2486fa6ca966: Sackin index -0.1272; 0.6 s; peak memory 1126 MiB.
2026-10-08T01:46:14Z INFO [202/750] 6901b31a-be04-4f5b-9623-b5347c77d304: Sackin index -0.0145; 11.5 s; peak memory 1126 MiB.
2026-10-08T01:46:16Z INFO [203/750] 690283bc-2fdd-4422-9e8f-e21549dcb0a3: Sackin index -0.0705; 1.7 s; peak memory 1126 MiB.
2026-10-08T01:46:21Z INFO [204/750] 6902dffb-a743-410a-ad7d-fd1cb39f4fde: Sackin index -0.0435; 5.4 s; peak memory 1126 MiB.
2026-10-08T01:46:22Z INFO [205/750] 6903450e-1c77-4e67-bef0-45cb817d46b1: Sackin index -0.0375; 1.0 s; peak memory 1126 MiB.
2026-10-08T01:46:23Z INFO [206/750] 6903892a-7781-4bc3-9325-112c04fa9351: Sackin index -0.0369; 0.9 s; peak memory 1126 MiB.
2026-10-08T01:46:24Z INFO [207/750] 6903fbe4-1b11-457c-a4e4-2556ba502068: Sackin index -0.1429; 0.8 s; peak memory 1126 MiB.
2026-10-08T01:46:25Z INFO [208/750] 690449be-9bec-4134-9236-116a89a8dab8: Sackin index -0.1349; 0.8 s; peak memory 1126 MiB.
2026-10-08T01:46:26Z INFO [209/750] 69051bc5-361d-4d43-9e09-f57452484a20: Sackin index -0.0702; 0.7 s; peak memory 1126 MiB.
2026-10-08T01:46:26Z INFO [210/750] 690537ef-1b7d-4673-aba5-86f8dfbbee52: Sackin index -0.1349; 0.7 s; peak memory 1126 MiB.
2026-10-08T01:46:28Z INFO [211/750] 690562bd-0609-450e-b02c-e69297a52843: Sackin index -0.0579; 1.5 s; peak memory 1126 MiB.
2026-10-08T01:46:30Z INFO [212/750] 69056df8-4218-48c1-b987-57f40595c39a: Sackin index -0.0660; 1.8 s; peak memory 1126 MiB.
2026-10-08T01:46:31Z INFO [213/750] 6905cfbf-fc4e-4610-a725-11b52bba83f3: Sackin index -0.0350; 1.8 s; peak memory 1126 MiB.
2026-10-08T01:46:35Z INFO [214/750] 6905dd33-0268-4f33-984c-0e66c837572e: Sackin index -0.0466; 3.7 s; peak memory 1126 MiB.
2026-10-08T01:46:36Z INFO [215/750] 69089a0f-6aaa-451b-a66e-90c26fc15443: Sackin index -0.1349; 0.7 s; peak memory 1126 MiB.
2026-10-08T01:46:37Z INFO [216/750] 6909804f-8117-436e-8510-98dba43d6d8a: Sackin index -0.0748; 0.8 s; peak memory 1126 MiB.
2026-10-08T01:46:37Z INFO [217/750] 690a2329-4018-47df-b645-4c5bcdd9a9d6: Sackin index -0.1658; 0.4 s; peak memory 1126 MiB.
2026-10-08T01:46:38Z INFO [218/750] 690a3e0e-3e3f-4d68-a1a6-44189f72f3e0: Sackin index -0.1068; 0.6 s; peak memory 1126 MiB.
2026-10-08T01:46:40Z INFO [219/750] 690ba6bc-218b-4609-b99e-9829b37bb5de: Sackin index -0.0547; 2.7 s; peak memory 1126 MiB.
2026-10-08T01:46:41Z INFO [220/750] 690c9753-e09e-4944-ab1e-ef05e1e2b62a: Sackin index -0.1602; 0.8 s; peak memory 1126 MiB.
2026-10-08T01:46:42Z INFO [221/750] 690ccc5b-5494-490d-88c1-23ca3d1042ca: Sackin index -0.0728; 0.9 s; peak memory 1126 MiB.
2026-10-08T01:46:43Z INFO [222/750] 690d56e0-c7cc-4b5f-bb32-4103201c2554: Sackin index -0.1349; 0.9 s; peak memory 1126 MiB.
2026-10-08T01:46:44Z INFO [223/750] 690ea1c8-6bd0-4f1a-b6dd-030dd910240f: Sackin index -0.1349; 0.7 s; peak memory 1126 MiB.
2026-10-08T01:46:45Z INFO [224/750] 690eb27f-4d9d-4737-8b96-0856af406ca4: Sackin index -0.0677; 1.8 s; peak memory 1126 MiB.
2026-10-08T01:46:46Z INFO [225/750] 690f88d5-f83f-42c8-9c41-867404ce1d2b: Sackin index -0.1349; 0.6 s; peak memory 1126 MiB.
2026-10-08T01:46:47Z INFO [226/750] 690f9c23-1905-4aad-8ebd-66b0f2173372: Sackin index -0.0811; 0.7 s; peak memory 1126 MiB.
2026-10-08T01:46:48Z INFO [227/750] 690fd54b-5698-4267-ab0d-0fe4c2f4c1f0: Sackin index -0.1349; 0.9 s; peak memory 1126 MiB.
2026-10-08T01:46:48Z INFO [228/750] 6910fe1c-d222-44f2-9827-65de3c305ae6: Sackin index -0.0696; 0.7 s; peak memory 1126 MiB.
2026-10-08T01:46:59Z INFO [229/750] 69116d54-b860-4c79-abef-8c8b9fd9348d: Sackin index -0.0153; 10.4 s; peak memory 1126 MiB.
2026-10-08T01:46:59Z INFO [230/750] 6911765e-fcc4-472a-b3ea-d0208de1efd2: Sackin index -0.1303; 0.7 s; peak memory 1126 MiB.
2026-10-08T01:49:00Z INFO [231/750] 6911d1eb-a572-4ee7-b723-9baa27c9d853: Sackin index -0.0493; 121.0 s; peak memory 1126 MiB.
2026-10-08T01:49:01Z INFO [232/750] 6911e17d-cab7-48d2-a55c-b5dcef481253: Sackin index -0.0728; 0.9 s; peak memory 1126 MiB.
2026-10-08T01:49:02Z INFO [233/750] 6912a1ff-0be0-4899-b660-e12daadbd552: Sackin index -0.0379; 1.0 s; peak memory 1126 MiB.
2026-10-08T01:49:03Z INFO [234/750] 6913beff-a968-45c0-a279-15ee5bbfa8e9: Sackin index -0.0702; 0.9 s; peak memory 1126 MiB.
2026-10-08T01:49:04Z INFO [235/750] 6914b4b2-25bc-4978-9fb0-a2466d170fdb: Sackin index -0.0702; 0.7 s; peak memory 1126 MiB.
2026-10-08T01:49:05Z INFO [236/750] 69152b9a-d61e-47b1-a89d-adc0b5bb6ceb: Sackin index -0.1349; 0.7 s; peak memory 1126 MiB.
2026-10-08T01:49:06Z INFO [237/750] 69156ccb-afba-48a9-b309-508947e32196: Sackin index -0.0434; 1.0 s; peak memory 1126 MiB.
2026-10-08T01:49:06Z INFO [238/750] 69169baa-3507-4588-be18-13c7db499b5d: Sackin index -0.1349; 0.7 s; peak memory 1126 MiB.
2026-10-08T01:49:07Z INFO [239/750] 6917058d-ea4b-49d4-925d-3aa1707003c7: Sackin index -0.1349; 0.8 s; peak memory 1126 MiB.
2026-10-08T01:49:14Z INFO [240/750] 69177346-8baa-421b-8256-d87d60f1f2d1: Sackin index -0.0191; 6.7 s; peak memory 1126 MiB.
2026-10-08T01:49:14Z INFO [241/750] 6917b38e-11ae-4597-8c3c-22a852c83398: Sackin index -0.1349; 0.8 s; peak memory 1126 MiB.
2026-10-08T01:49:15Z INFO [242/750] 691807b2-5260-4e10-bc01-15dee9d0d589: Sackin index -0.1658; 0.7 s; peak memory 1126 MiB.
2026-10-08T01:49:18Z INFO [243/750] 69189d10-5cd7-4ea6-8d5c-4447225a8078: Sackin index -0.0415; 3.1 s; peak memory 1126 MiB.
2026-10-08T01:49:19Z INFO [244/750] 6918b454-13d5-4fd7-a98d-967d14a5b37d: Sackin index -0.0728; 0.8 s; peak memory 1126 MiB.
2026-10-08T01:49:20Z INFO [245/750] 691a36fb-2098-490d-a3cf-7a070f6f605e: Sackin index -0.1658; 0.6 s; peak memory 1126 MiB.
2026-10-08T01:49:25Z INFO [246/750] 691b1801-ada1-41c5-83c4-4eb43dbd85a9: Sackin index -0.0017; 4.9 s; peak memory 1126 MiB.
2026-10-08T01:49:25Z INFO [247/750] 691bb8ec-3288-49b7-af33-7659500671a3: Sackin index -0.1349; 0.6 s; peak memory 1126 MiB.
2026-10-08T01:49:27Z INFO [248/750] 691c2a3d-d36a-4543-bf3d-976471292076: Sackin index -0.0688; 1.6 s; peak memory 1126 MiB.
2026-10-08T01:49:27Z INFO [249/750] 691c5c6e-0aaa-49ee-b4fd-e44a23ed5a02: Sackin index -0.1349; 0.6 s; peak memory 1126 MiB.
2026-10-08T01:49:28Z INFO [250/750] 691dc05b-fd3f-4975-9c18-2a1d96b84905: Sackin index -0.1349; 0.7 s; peak memory 1126 MiB.
2026-10-08T01:49:28Z INFO [250/750] 691dc05b-fd3f-4975-9c18-2a1d96b84905: checkpointed 97586 records.
2026-10-08T01:49:29Z INFO [251/750] 691e85a7-5f56-4758-96eb-048a88279c8e: Sackin index -0.0702; 0.8 s; peak memory 1126 MiB.
2026-10-08T01:49:30Z INFO [252/750] 691eaf40-f057-4c57-b614-bbbb5498c6c6: Sackin index -0.0728; 1.1 s; peak memory 1126 MiB.
2026-10-08T01:49:32Z INFO [253/750] 6921b0cb-b759-47f3-8554-71aa0ef3bcf9: Sackin index -0.1283; 1.5 s; peak memory 1126 MiB.
2026-10-08T01:49:32Z INFO [254/750] 69225f23-13c3-4fc6-aabd-c0bad45f90e6: Sackin index -0.1349; 0.7 s; peak memory 1126 MiB.
2026-10-08T01:49:38Z INFO [255/750] 6922f8d9-51f1-494f-9b44-03fff455a9cc: Sackin index -0.0308; 5.1 s; peak memory 1126 MiB.
2026-10-08T01:49:44Z INFO [256/750] 69247f79-1e5e-4a17-8540-b6aa69cc78ee: Sackin index -0.0892; 6.8 s; peak memory 1126 MiB.
2026-10-08T01:49:45Z INFO [257/750] 6924ca14-80b4-4cd8-ad8c-72f6d042be93: Sackin index -0.0696; 1.0 s; peak memory 1126 MiB.
2026-10-08T01:49:47Z INFO [258/750] 6925b1c3-5d88-4322-a462-2f834c72f3ee: Sackin index -0.0369; 1.4 s; peak memory 1126 MiB.
2026-10-08T01:49:47Z INFO [259/750] 69277115-b40f-4ed3-ad02-4238b3cf0e3e: Sackin index -0.1349; 0.7 s; peak memory 1126 MiB.
2026-10-08T01:49:48Z INFO [260/750] 6928539b-76c4-44a4-ad7d-d512840b1421: Sackin index -0.0376; 0.9 s; peak memory 1126 MiB.
2026-10-08T01:49:49Z INFO [261/750] 6928c311-6890-4117-b672-4553df46635a: Sackin index -0.1349; 0.7 s; peak memory 1126 MiB.
2026-10-08T01:49:50Z INFO [262/750] 692921c4-ea5d-4ed3-8fd9-ebbacd6db3d2: Sackin index -0.1658; 0.5 s; peak memory 1126 MiB.
2026-10-08T01:49:50Z INFO [263/750] 69292f31-1663-4cb3-998b-13f57b169b79: Sackin index -0.1303; 0.6 s; peak memory 1126 MiB.
2026-10-08T01:49:51Z INFO [264/750] 69294fe1-56f7-4040-bed5-bdddfcdd2a73: Sackin index -0.1349; 0.8 s; peak memory 1126 MiB.
2026-10-08T01:53:33Z INFO [265/750] 69298193-34ff-4eb6-b05f-27bfa85ade4a: Sackin index -0.0286; 221.7 s; peak memory 1126 MiB.
2026-10-08T01:53:34Z INFO [266/750] 6929a2f3-f188-443e-8798-be4da4f969cb: Sackin index -0.0745; 1.2 s; peak memory 1126 MiB.
2026-10-08T01:53:38Z INFO [267/750] 692a9993-e29c-4720-8ac4-a2eae16bfdc6: Sackin index -0.0476; 4.2 s; peak memory 1126 MiB.
2026-10-08T01:53:42Z INFO [268/750] 692ac7fd-9ff4-4310-b58f-5f5b3723c009: Sackin index -0.0415; 3.7 s; peak memory 1126 MiB.
2026-10-08T01:53:46Z INFO [269/750] 692b7bee-f45f-4bf9-a238-90d49de5b752: Sackin index -0.0239; 4.7 s; peak memory 1126 MiB.
2026-10-08T01:53:47Z INFO [270/750] 692be0a5-43a2-491c-8565-ce737df6bdec: Sackin index -0.1331; 0.8 s; peak memory 1126 MiB.
2026-10-08T01:56:04Z INFO [271/750] 692dbe4a-fb87-46fa-b4fc-e346608cdb04: Sackin index -0.0456; 136.6 s; peak memory 1126 MiB.
2026-10-08T01:56:04Z INFO [272/750] 692df252-6d73-46c0-8568-eda9b772aa03: Sackin index -0.0709; 0.7 s; peak memory 1126 MiB.
2026-10-08T01:56:05Z INFO [273/750] 692e213e-a887-4751-9fc2-29605997f612: Sackin index -0.0376; 1.1 s; peak memory 1126 MiB.
2026-10-08T01:56:06Z INFO [274/750] 692f70e3-d0ce-4356-80d9-a6ce687f31dc: Sackin index -0.1349; 0.8 s; peak memory 1126 MiB.
2026-10-08T01:56:07Z INFO [275/750] 69309e84-b607-4b28-bae1-40037076f5d9: Sackin index -0.1658; 0.6 s; peak memory 1126 MiB.
2026-10-08T01:56:14Z INFO [276/750] 6931860b-056a-401e-8dbe-98d1101cbf10: Sackin index -0.0140; 6.8 s; peak memory 1126 MiB.
2026-10-08T01:56:14Z INFO [277/750] 693190d5-c8b8-4a5f-9b00-e3444b06b79e: Sackin index -0.1349; 0.8 s; peak memory 1126 MiB.
2026-10-08T01:56:15Z INFO [278/750] 6931f6be-736f-4ee8-add3-b2456a102b7c: Sackin index -0.1349; 0.7 s; peak memory 1126 MiB.
2026-10-08T01:56:16Z INFO [279/750] 6933022e-d84c-4e52-9aa1-52ad1d5b70ec: Sackin index -0.0376; 1.0 s; peak memory 1126 MiB.
2026-10-08T02:02:13Z INFO [280/750] 69330487-3d49-475b-832a-1f4bf2bdbf5b: Sackin index -0.0587; 357.3 s; peak memory 1126 MiB.
2026-10-08T02:02:14Z INFO [281/750] 693348cf-2970-43ba-ba8e-9eba5054cfd0: Sackin index -0.1349; 0.7 s; peak memory 1126 MiB.
2026-10-08T02:02:15Z INFO [282/750] 6933b8fa-7438-4bc7-a9b5-1b425a8be271: Sackin index -0.1161; 0.6 s; peak memory 1126 MiB.
2026-10-08T02:02:16Z INFO [283/750] 693416e0-613e-4a17-abaf-c8da7f225e34: Sackin index -0.0728; 1.0 s; peak memory 1126 MiB.
2026-10-08T02:02:20Z INFO [284/750] 6934f9e4-5f31-45b2-816b-84b92dd08092: Sackin index -0.0138; 4.8 s; peak memory 1126 MiB.
2026-10-08T02:02:24Z INFO [285/750] 69352272-bab3-44dc-b7f5-92ef965638fd: Sackin index -0.1356; 3.2 s; peak memory 1126 MiB.
2026-10-08T02:02:25Z INFO [286/750] 6936c382-ea7c-48f6-ab7c-c9710c17c7e8: Sackin index -0.0696; 0.9 s; peak memory 1126 MiB.
2026-10-08T02:02:48Z INFO [287/750] 6936edd9-d885-41ac-b3e8-1c7e61848254: Sackin index -0.1367; 23.6 s; peak memory 1126 MiB.
2026-10-08T02:02:49Z INFO [288/750] 6937a0fa-f327-497c-b4a0-40592231aab3: Sackin index -0.1349; 0.7 s; peak memory 1126 MiB.
2026-10-08T02:02:50Z INFO [289/750] 6937d3e8-e1d7-4a5b-86c1-016fe0cb2d42: Sackin index -0.0709; 0.7 s; peak memory 1126 MiB.
2026-10-08T02:02:50Z INFO [290/750] 69394a90-e3ec-4859-ae5f-24b7d68f4118: Sackin index -0.0702; 0.7 s; peak memory 1126 MiB.
2026-10-08T02:03:14Z INFO [291/750] 6939826c-0bd8-41b8-ae93-c00093198857: Sackin index -0.1367; 23.7 s; peak memory 1126 MiB.
2026-10-08T02:03:15Z INFO [292/750] 69399f67-4b87-42fe-b9b3-15812205f80a: Sackin index -0.0376; 0.8 s; peak memory 1126 MiB.
2026-10-08T02:03:18Z INFO [293/750] 693a1e86-9a28-449a-9e10-66c7bb6d6409: Sackin index -0.0761; 2.8 s; peak memory 1126 MiB.
2026-10-08T02:03:18Z INFO [294/750] 693a3efd-b8e3-40e6-ab70-34294a18420b: Sackin index -0.1239; 0.7 s; peak memory 1126 MiB.
2026-10-08T02:03:19Z INFO [295/750] 693b0797-f3f4-4be2-ad3e-f821ccaaff63: Sackin index -0.1602; 0.7 s; peak memory 1126 MiB.
2026-10-08T02:03:20Z INFO [296/750] 693b0cda-dc34-4f88-9a66-c0baac87aae0: Sackin index -0.1220; 0.6 s; peak memory 1126 MiB.
2026-10-08T02:03:21Z INFO [297/750] 693b399e-5349-4d8c-bf87-d8ee194b219a: Sackin index -0.1938; 1.2 s; peak memory 1126 MiB.
2026-10-08T02:03:22Z INFO [298/750] 693b73ab-cde8-414e-b560-9a72e9e2d9e6: Sackin index -0.0745; 0.9 s; peak memory 1126 MiB.
2026-10-08T02:03:23Z INFO [299/750] 693c179c-6260-4161-b639-491cc2098aa9: Sackin index -0.0676; 1.4 s; peak memory 1126 MiB.
2026-10-08T02:03:24Z INFO [300/750] 693dbf06-4745-4183-8e23-25ed3dce9487: Sackin index -0.0702; 0.8 s; peak memory 1126 MiB.
2026-10-08T02:03:24Z INFO [300/750] 693dbf06-4745-4183-8e23-25ed3dce9487: checkpointed 97636 records.
2026-10-08T02:03:25Z INFO [301/750] 693e2fad-5c1a-4663-98dc-5c489b676123: Sackin index -0.1349; 0.7 s; peak memory 1126 MiB.
2026-10-08T02:03:26Z INFO [302/750] 693e68d3-ace8-4d12-b6dd-382c9bf6a676: Sackin index -0.1239; 0.6 s; peak memory 1126 MiB.
2026-10-08T02:03:26Z INFO [303/750] 693ee6c6-027d-4a33-ad9f-7f9690e3807d: Sackin index -0.1349; 0.8 s; peak memory 1126 MiB.
2026-10-08T02:03:38Z INFO [304/750] 693f3ece-ecbd-4682-bcec-d99f81a45f0e: Sackin index -0.0042; 11.7 s; peak memory 1126 MiB.
2026-10-08T02:03:39Z INFO [305/750] 693f4e4e-a683-40a3-8490-91b929e5e21f: Sackin index -0.1349; 0.6 s; peak memory 1126 MiB.
2026-10-08T02:03:40Z INFO [306/750] 693f7edc-5bb5-4789-8cc0-fb717dd3c32b: Sackin index -0.0413; 1.0 s; peak memory 1126 MiB.
2026-10-08T02:03:42Z INFO [307/750] 69408006-977b-4bd3-9c91-b5179e86c3a3: Sackin index -0.0720; 2.6 s; peak memory 1126 MiB.
2026-10-08T02:03:43Z INFO [308/750] 694094f6-221f-45f4-8d6b-d52a48d695a9: Sackin index -0.0702; 0.9 s; peak memory 1126 MiB.
2026-10-08T02:03:44Z INFO [309/750] 6940f4f6-0296-4201-b519-afb8159e0130: Sackin index -0.0728; 1.0 s; peak memory 1126 MiB.
2026-10-08T02:03:48Z INFO [310/750] 6941783f-32df-4f41-816a-18cb4944411a: Sackin index -0.0244; 3.5 s; peak memory 1126 MiB.
2026-10-08T02:03:48Z INFO [311/750] 69426768-1ae3-4dfb-a946-38509f27c0ae: Sackin index -0.1191; 0.7 s; peak memory 1126 MiB.
2026-10-08T02:03:49Z INFO [312/750] 69428e45-6724-4c2c-998a-3116e0640ca1: Sackin index -0.0922; 0.8 s; peak memory 1126 MiB.
2026-10-08T02:03:50Z INFO [313/750] 6942f269-50d4-4cb7-823c-839123995bdc: Sackin index -0.1658; 0.5 s; peak memory 1126 MiB.
2026-10-08T02:04:02Z INFO [314/750] 6943ab8f-30ec-4848-85e8-1ae5fd37ce0a: Sackin index -0.1495; 12.5 s; peak memory 1126 MiB.
2026-10-08T02:04:08Z INFO [315/750] 6943c2bd-0e7f-44c7-beb7-af4b2bc9c57a: Sackin index -0.0183; 5.7 s; peak memory 1126 MiB.
2026-10-08T02:04:10Z INFO [316/750] 69454250-9604-4426-849d-3dfd14615f73: Sackin index -0.0699; 1.6 s; peak memory 1126 MiB.
2026-10-08T02:04:10Z INFO [317/750] 6945541d-42b6-4a6c-86ca-057e01941a16: Sackin index -0.0702; 0.9 s; peak memory 1126 MiB.
2026-10-08T02:04:11Z INFO [318/750] 69456089-124f-461f-835c-0b61d830ae8d: Sackin index -0.0728; 0.9 s; peak memory 1126 MiB.
2026-10-08T02:04:12Z INFO [319/750] 6945e174-0309-4b9b-916d-1196cb1c8472: Sackin index -0.1349; 0.7 s; peak memory 1126 MiB.
2026-10-08T02:04:13Z INFO [320/750] 69463a43-2cc8-4129-a915-7d040b8e149c: Sackin index -0.0376; 0.8 s; peak memory 1126 MiB.
2026-10-08T02:04:13Z INFO [321/750] 69466dad-1ebe-4297-b207-fe340ea271aa: Sackin index -0.1658; 0.5 s; peak memory 1126 MiB.
2026-10-08T02:04:14Z INFO [322/750] 6946d8a5-9002-42a1-8337-aa20061161c9: Sackin index -0.0728; 1.0 s; peak memory 1126 MiB.
2026-10-08T02:04:15Z INFO [323/750] 6947e766-fdd0-4939-83fe-d6145c22bdf8: Sackin index -0.1349; 0.7 s; peak memory 1126 MiB.
2026-10-08T02:04:16Z INFO [324/750] 69487e98-20eb-46d2-b633-5f609535a0d6: Sackin index -0.0745; 0.9 s; peak memory 1126 MiB.
2026-10-08T02:04:17Z INFO [325/750] 69496398-3a39-4172-9315-4a908f82661e: Sackin index -0.1349; 0.7 s; peak memory 1126 MiB.
2026-10-08T02:04:17Z INFO [326/750] 6949ed9b-9963-4778-9128-325a57b4dbf9: Sackin index -0.1349; 0.7 s; peak memory 1126 MiB.
2026-10-08T02:04:18Z INFO [327/750] 694aa8a0-34dd-4d69-b0e4-8c7753944994: Sackin index -0.0696; 0.6 s; peak memory 1126 MiB.
2026-10-08T02:04:20Z INFO [328/750] 694d36eb-f24f-4a69-894c-d6abba92d855: Sackin index -0.0660; 1.8 s; peak memory 1126 MiB.
2026-10-08T02:04:23Z INFO [329/750] 694db994-94ed-40b3-ab33-34f4cccaa284: Sackin index -0.1264; 3.3 s; peak memory 1126 MiB.
2026-10-08T02:04:27Z INFO [330/750] 694e0bcc-892c-4028-8166-a7f37b965c1c: Sackin index -0.1495; 3.6 s; peak memory 1126 MiB.
2026-10-08T02:04:28Z INFO [331/750] 694e85b7-40b4-4b70-bb01-e48362376e45: Sackin index -0.0375; 0.9 s; peak memory 1126 MiB.
2026-10-08T02:04:28Z INFO [332/750] 694e8d5d-48c5-4d86-981e-01751785647b: Sackin index -0.1612; 0.5 s; peak memory 1126 MiB.
2026-10-08T02:04:29Z INFO [333/750] 694fe5ba-fe9d-459a-a393-e1149ed29abf: Sackin index -0.0702; 0.8 s; peak memory 1126 MiB.
2026-10-08T02:04:30Z INFO [334/750] 69500b83-267e-4279-b62a-87bc2cc50f73: Sackin index -0.1356; 1.1 s; peak memory 1126 MiB.
2026-10-08T02:04:31Z INFO [335/750] 6950f67e-ae2d-47f7-9632-77bc0c07242b: Sackin index -0.0696; 0.9 s; peak memory 1126 MiB.
2026-10-08T02:04:32Z INFO [336/750] 6950fd2e-47ba-41c5-a88d-69c7f6c3ab9c: Sackin index -0.0388; 0.8 s; peak memory 1126 MiB.
2026-10-08T02:04:33Z INFO [337/750] 69515430-9ff5-4d3d-9aab-347a39276a17: Sackin index -0.1269; 1.0 s; peak memory 1126 MiB.
2026-10-08T02:04:33Z INFO [338/750] 69515e3b-6c59-45d6-98e5-5df303e3e36e: Sackin index -0.1349; 0.7 s; peak memory 1126 MiB.
2026-10-08T02:06:19Z INFO [339/750] 6951ab04-1822-4245-882d-db7cb5bf299d: Sackin index -0.0701; 105.5 s; peak memory 1246 MiB.
2026-10-08T02:06:20Z INFO [340/750] 6951ab23-d24d-4c91-863e-1dc3f6ad8ba4: Sackin index -0.0272; 1.7 s; peak memory 1246 MiB.
2026-10-08T02:06:22Z INFO [341/750] 6951e0d6-b597-4ee5-bbdb-bbb1ff7e63cb: Sackin index -0.0369; 1.1 s; peak memory 1246 MiB.
2026-10-08T02:06:23Z INFO [342/750] 695230e4-515a-473d-a636-6d813e1223a5: Sackin index -0.1194; 1.1 s; peak memory 1246 MiB.
2026-10-08T02:06:23Z INFO [343/750] 69531824-4bab-48b1-bc1d-856d187fc051: Sackin index -0.0569; 0.8 s; peak memory 1246 MiB.
2026-10-08T02:06:24Z INFO [344/750] 695321d8-a525-4a77-9a3a-f3e7a7adeaf1: Sackin index -0.1658; 0.6 s; peak memory 1246 MiB.
2026-10-08T02:06:25Z INFO [345/750] 69532cc8-1da7-49ea-8b8c-bffdd3e93d45: Sackin index -0.1273; 1.0 s; peak memory 1246 MiB.
2026-10-08T02:06:26Z INFO [346/750] 6954f512-f980-4b96-af2f-44e2747f0b6c: Sackin index -0.0702; 0.9 s; peak memory 1246 MiB.
2026-10-08T02:06:27Z INFO [347/750] 695529c6-1b4c-4cc3-a689-a7a6acb6e269: Sackin index -0.1349; 0.8 s; peak memory 1246 MiB.
2026-10-08T02:06:28Z INFO [348/750] 6955a446-1a21-40da-bec5-468a6baf648b: Sackin index -0.0371; 1.3 s; peak memory 1246 MiB.
2026-10-08T02:06:29Z INFO [349/750] 6955db41-914b-416a-8ea2-1593028b8b73: Sackin index -0.1273; 1.1 s; peak memory 1246 MiB.
2026-10-08T02:06:36Z INFO [350/750] 695756cd-dd3e-44aa-af64-d5562ae71a1d: Sackin index -0.0188; 6.8 s; peak memory 1246 MiB.
2026-10-08T02:06:36Z INFO [350/750] 695756cd-dd3e-44aa-af64-d5562ae71a1d: checkpointed 97686 records.
2026-10-08T02:06:41Z INFO [351/750] 69581d3b-29d2-49ec-887a-3b5f3b938d3c: Sackin index -0.0940; 4.5 s; peak memory 1246 MiB.
2026-10-08T02:06:42Z INFO [352/750] 69582b3c-bc20-4fdc-9865-b8b0aac0969a: Sackin index -0.0272; 1.6 s; peak memory 1246 MiB.
2026-10-08T02:06:44Z INFO [353/750] 69585807-a0d3-412f-a157-c8ef5e1cb21b: Sackin index -0.0718; 1.5 s; peak memory 1246 MiB.
2026-10-08T02:06:45Z INFO [354/750] 6958c998-f1e7-4ef8-a8dc-df22534ea21e: Sackin index -0.0728; 1.0 s; peak memory 1246 MiB.
2026-10-08T02:06:48Z INFO [355/750] 69590725-62b5-4810-b747-34654eedfd29: Sackin index -0.1062; 3.0 s; peak memory 1246 MiB.
2026-10-08T02:06:48Z INFO [356/750] 69591f8e-408e-4b13-ae7f-a23f0cdb41a4: Sackin index -0.0728; 0.8 s; peak memory 1246 MiB.
2026-10-08T02:06:49Z INFO [357/750] 695ae643-e844-4908-a23d-48f6c9b804b3: Sackin index -0.0375; 0.9 s; peak memory 1246 MiB.
2026-10-08T02:06:50Z INFO [358/750] 695b7713-3012-4a14-8b44-91f5d265a11b: Sackin index -0.2168; 0.7 s; peak memory 1246 MiB.
2026-10-08T02:06:51Z INFO [359/750] 695ba7dc-7a10-487b-9bd7-14f5a16b608d: Sackin index -0.1239; 0.6 s; peak memory 1246 MiB.
2026-10-08T02:06:51Z INFO [360/750] 695bff75-c880-4882-b101-d49b8b6eba4f: Sackin index -0.0391; 0.7 s; peak memory 1246 MiB.
2026-10-08T02:06:52Z INFO [361/750] 695c97b1-efc0-47a8-aa18-957f12d94885: Sackin index -0.1349; 0.7 s; peak memory 1246 MiB.
2026-10-08T02:06:53Z INFO [362/750] 695cbec2-ba4f-4a4c-8ca5-306aa2b4b847: Sackin index -0.1602; 0.6 s; peak memory 1246 MiB.
2026-10-08T02:06:55Z INFO [363/750] 695cf10c-7e0f-49a4-9fbe-8cedc92d1036: Sackin index -0.0869; 2.1 s; peak memory 1246 MiB.
2026-10-08T02:06:56Z INFO [364/750] 695d4384-a073-4bb8-8a11-0922d67bff67: Sackin index -0.1000; 1.1 s; peak memory 1246 MiB.
2026-10-08T02:06:57Z INFO [365/750] 695d5075-13e6-4f88-90ec-00911acf1798: Sackin index -0.0728; 0.8 s; peak memory 1246 MiB.
2026-10-08T02:06:58Z INFO [366/750] 695dbfd6-c649-4e2d-b4f0-43c397776210: Sackin index -0.1349; 0.9 s; peak memory 1246 MiB.
2026-10-08T02:06:58Z INFO [367/750] 695ddb76-cf4f-4327-a634-d6d81b1d4bfe: Sackin index -0.0702; 0.8 s; peak memory 1246 MiB.
2026-10-08T02:06:59Z INFO [368/750] 695dea0d-b0f3-4626-b472-3f5a358260a0: Sackin index -0.0702; 0.9 s; peak memory 1246 MiB.
2026-10-08T02:07:00Z INFO [369/750] 695e0530-858f-4e62-9b87-c3309acd7bb5: Sackin index -0.1349; 0.7 s; peak memory 1246 MiB.
2026-10-08T02:07:01Z INFO [370/750] 695f0715-ff68-4dec-aafe-39c3f1c970f1: Sackin index -0.1349; 0.9 s; peak memory 1246 MiB.
2026-10-08T02:07:02Z INFO [371/750] 696045de-f5c6-48d3-a82b-9ba60035003f: Sackin index -0.0696; 0.7 s; peak memory 1246 MiB.
2026-10-08T02:07:02Z INFO [372/750] 69605f0c-4265-4b0f-962a-8d8934bdbcce: Sackin index -0.0702; 0.8 s; peak memory 1246 MiB.
2026-10-08T02:07:03Z INFO [373/750] 6960ad28-4dab-40b4-a6b4-339f537ebc52: Sackin index -0.1248; 0.9 s; peak memory 1246 MiB.
2026-10-08T02:07:04Z INFO [374/750] 6960d239-bb97-43ee-a184-eda77d18b93b: Sackin index -0.0728; 1.1 s; peak memory 1246 MiB.
2026-10-08T02:07:05Z INFO [375/750] 6962fe5e-c896-45ef-8a41-2907415933f2: Sackin index -0.0702; 0.8 s; peak memory 1246 MiB.
2026-10-08T02:07:06Z INFO [376/750] 6963ab89-438d-4f42-80f5-57614f62fa40: Sackin index -0.1349; 0.7 s; peak memory 1246 MiB.
2026-10-08T02:07:07Z INFO [377/750] 6963f2db-afba-4746-ae4e-0456d70e5cc5: Sackin index -0.1349; 0.7 s; peak memory 1246 MiB.
2026-10-08T02:07:07Z INFO [378/750] 69645c6d-42bd-4b17-9331-3af627d77bd2: Sackin index -0.1161; 0.5 s; peak memory 1246 MiB.
2026-10-08T02:07:08Z INFO [379/750] 6964c039-7c2d-44e9-8ce9-fdf40256a3e5: Sackin index -0.1349; 0.7 s; peak memory 1246 MiB.
2026-10-08T02:07:09Z INFO [380/750] 69655f8c-9342-42d7-979e-f760b67ca212: Sackin index -0.1938; 1.0 s; peak memory 1246 MiB.
2026-10-08T02:07:10Z INFO [381/750] 69668461-0caa-4f5c-8902-1b00ab69ee52: Sackin index -0.0275; 1.1 s; peak memory 1246 MiB.
2026-10-08T02:07:11Z INFO [382/750] 69672e7d-070a-4005-bb0b-0bb1bfae0afd: Sackin index -0.0376; 1.0 s; peak memory 1246 MiB.
2026-10-08T02:07:12Z INFO [383/750] 69689a3c-f304-4616-9cc6-c4b0913d765e: Sackin index -0.0376; 1.0 s; peak memory 1246 MiB.
2026-10-08T02:07:15Z INFO [384/750] 6968db2e-dc49-4fc2-a380-ee5af30779c0: Sackin index -0.0611; 3.1 s; peak memory 1246 MiB.
2026-10-08T02:07:16Z INFO [385/750] 69699612-39ba-4b6a-bcf1-a2b7cdec8a92: Sackin index -0.0941; 1.3 s; peak memory 1246 MiB.
2026-10-08T02:07:17Z INFO [386/750] 696a16d1-6203-4e34-82ae-c77e2baf25d7: Sackin index -0.1178; 0.6 s; peak memory 1246 MiB.
2026-10-08T02:07:18Z INFO [387/750] 696a8d85-d8c0-4bd7-90e5-ac8e89b9565a: Sackin index -0.1019; 1.1 s; peak memory 1246 MiB.
2026-10-08T02:07:19Z INFO [388/750] 696aaff8-49df-4e49-b177-608877dcad63: Sackin index -0.1349; 0.7 s; peak memory 1246 MiB.
2026-10-08T02:07:20Z INFO [389/750] 696b6738-5b1c-456d-a7d8-78224d041078: Sackin index -0.0702; 0.6 s; peak memory 1246 MiB.
2026-10-08T02:07:20Z INFO [390/750] 696c0829-badb-44e4-ab65-a1656b245438: Sackin index -0.1349; 0.7 s; peak memory 1246 MiB.
2026-10-08T02:07:21Z INFO [391/750] 696cae03-758e-4ee3-bc13-39306405de58: Sackin index -0.0702; 0.8 s; peak memory 1246 MiB.
2026-10-08T02:07:22Z INFO [392/750] 696cba6e-844c-4066-b551-4bd24864ec3c: Sackin index -0.0384; 0.9 s; peak memory 1246 MiB.
2026-10-08T02:07:27Z INFO [393/750] 696cf35e-a67e-4508-9ee6-80970b1eadc4: Sackin index -0.0438; 5.3 s; peak memory 1246 MiB.
2026-10-08T02:07:28Z INFO [394/750] 696e17ef-88bb-4642-a76a-3ec3185c6623: Sackin index -0.1248; 0.8 s; peak memory 1246 MiB.
2026-10-08T02:07:29Z INFO [395/750] 696ef4b8-7564-4594-ac26-634e7e1b8789: Sackin index -0.1331; 0.6 s; peak memory 1246 MiB.
2026-10-08T02:07:31Z INFO [396/750] 696efd89-ff7c-4cff-a7da-58428cced4ba: Sackin index -0.0634; 1.9 s; peak memory 1246 MiB.
2026-10-08T02:07:31Z INFO [397/750] 696f0911-11f9-4d96-b279-b8378a9a4313: Sackin index -0.1383; 0.8 s; peak memory 1246 MiB.
2026-10-08T02:07:32Z INFO [398/750] 696f0d51-5d32-4083-8ec2-686a2ba0ef1e: Sackin index -0.1349; 0.7 s; peak memory 1246 MiB.
2026-10-08T02:07:33Z INFO [399/750] 696fe36b-4783-4e24-82ae-62f7f4f705fc: Sackin index -0.1349; 0.8 s; peak memory 1246 MiB.
2026-10-08T02:07:34Z INFO [400/750] 6970129a-8726-4bcb-80a9-7a96e84144a7: Sackin index -0.1349; 0.8 s; peak memory 1246 MiB.
2026-10-08T02:07:34Z INFO [400/750] 6970129a-8726-4bcb-80a9-7a96e84144a7: checkpointed 97736 records.
2026-10-08T02:07:35Z INFO [401/750] 6970c5ca-ff24-4535-9560-b50f16c04cfe: Sackin index -0.0728; 0.9 s; peak memory 1246 MiB.
2026-10-08T02:07:36Z INFO [402/750] 6970e570-3780-43d4-bf67-f470c1ed8fa7: Sackin index -0.1349; 0.7 s; peak memory 1246 MiB.
2026-10-08T02:07:46Z INFO [403/750] 6971132c-6216-4d77-aa23-84eb71fd778b: Sackin index -0.2073; 10.6 s; peak memory 1246 MiB.
2026-10-08T02:07:47Z INFO [404/750] 69716ce0-b046-4f5d-98d3-a744e02cb2ed: Sackin index -0.0382; 1.1 s; peak memory 1246 MiB.
2026-10-08T02:08:09Z INFO [405/750] 69723684-4928-455a-8ce3-0573a724582e: Sackin index -0.1367; 21.3 s; peak memory 1246 MiB.
2026-10-08T02:08:12Z INFO [406/750] 6972584f-d4ef-4703-a39b-dc5b8fd0bcf2: Sackin index -0.0455; 3.6 s; peak memory 1246 MiB.
2026-10-08T02:08:13Z INFO [407/750] 69738825-6512-476b-a7b4-ea5a4e210ee2: Sackin index -0.0728; 0.9 s; peak memory 1246 MiB.
2026-10-08T02:08:14Z INFO [408/750] 69738f00-c6b4-490a-b951-6a4d290900b0: Sackin index -0.0728; 1.2 s; peak memory 1246 MiB.
2026-10-08T02:08:15Z INFO [409/750] 69746918-dd5c-4250-80ff-3cfcfed883af: Sackin index -0.0696; 0.8 s; peak memory 1246 MiB.
2026-10-08T02:08:16Z INFO [410/750] 6975e509-2ece-4e23-8b1c-53c0416edd4d: Sackin index -0.0728; 0.8 s; peak memory 1246 MiB.
2026-10-08T02:08:21Z INFO [411/750] 6976b84f-1261-4d37-ac7c-3276291e4ab0: Sackin index -0.0437; 5.1 s; peak memory 1246 MiB.
2026-10-08T02:08:22Z INFO [412/750] 6976c4eb-9d23-401b-8a07-d1eab86ee903: Sackin index -0.1349; 0.8 s; peak memory 1246 MiB.
2026-10-08T02:08:23Z INFO [413/750] 6976c60b-25e8-4108-9065-f6655416f56b: Sackin index -0.1239; 0.8 s; peak memory 1246 MiB.
2026-10-08T02:08:24Z INFO [414/750] 6977fbba-a551-4f16-bddd-5ec0dbda7cdf: Sackin index -0.0869; 1.8 s; peak memory 1246 MiB.
2026-10-08T02:08:25Z INFO [415/750] 6978c625-9303-437b-83da-dec19fbdfdd4: Sackin index -0.1349; 1.0 s; peak memory 1246 MiB.
2026-10-08T02:08:26Z INFO [416/750] 69797d3b-8257-4803-9eb4-6a16ecca1e05: Sackin index -0.1349; 0.7 s; peak memory 1246 MiB.
2026-10-08T02:12:13Z INFO [417/750] 6979ca26-b243-4ead-a315-ae916889f7e9: Sackin index -0.0409; 226.6 s; peak memory 1246 MiB.
2026-10-08T02:12:16Z INFO [418/750] 697b1866-05bb-49e6-ac7e-6d5739b11789: Sackin index -0.0171; 3.7 s; peak memory 1246 MiB.
2026-10-08T02:12:17Z INFO [419/750] 697b5cc8-d88a-43b6-bd58-5cd7ec392f8d: Sackin index -0.1349; 0.7 s; peak memory 1246 MiB.
2026-10-08T02:12:19Z INFO [420/750] 697b6ccd-e2e7-4d62-bca1-c1556527d00e: Sackin index -0.0334; 2.0 s; peak memory 1246 MiB.
2026-10-08T02:12:21Z INFO [421/750] 697c9cd6-e3e2-4fb8-8156-ca748a4ef14d: Sackin index -0.0718; 1.5 s; peak memory 1246 MiB.
2026-10-08T02:12:21Z INFO [422/750] 697e2888-935a-414f-956e-829e0d11d169: Sackin index -0.1349; 0.6 s; peak memory 1246 MiB.
2026-10-08T02:12:23Z INFO [423/750] 697fd92e-6ec8-45d9-8932-520ff4057974: Sackin index -0.0660; 1.9 s; peak memory 1246 MiB.
2026-10-08T02:12:24Z INFO [424/750] 697feb52-f411-47fa-a2ec-5a60bf7b79f2: Sackin index -0.1383; 1.2 s; peak memory 1246 MiB.
2026-10-08T02:12:29Z INFO [425/750] 698023be-780f-4a33-95fc-5f5d41c82b28: Sackin index -0.0233; 4.8 s; peak memory 1246 MiB.
2026-10-08T02:12:30Z INFO [426/750] 69804a3d-8a92-470a-aaa8-9fcfc7b4f4af: Sackin index -0.0702; 0.9 s; peak memory 1246 MiB.
2026-10-08T02:12:31Z INFO [427/750] 69810868-2fd8-466e-a64d-7b16794f7229: Sackin index -0.1161; 0.7 s; peak memory 1246 MiB.
2026-10-08T02:12:32Z INFO [428/750] 69829c86-e4e7-430f-b263-d84c27bab8f8: Sackin index -0.0702; 0.8 s; peak memory 1246 MiB.
2026-10-08T02:12:34Z INFO [429/750] 6982baa8-96c6-4b1e-85e7-3b8fde382f9f: Sackin index -0.0350; 2.0 s; peak memory 1246 MiB.
2026-10-08T02:12:34Z INFO [430/750] 69837356-68b0-4c2e-a95e-fdbf18b516f0: Sackin index -0.1239; 0.7 s; peak memory 1246 MiB.
2026-10-08T02:12:35Z INFO [431/750] 6983fc1a-39b9-4276-b11a-a24cf9a05422: Sackin index -0.0709; 1.0 s; peak memory 1246 MiB.
2026-10-08T02:12:36Z INFO [432/750] 69859386-6c10-42fd-83e5-3ec5d66d840c: Sackin index -0.1349; 0.7 s; peak memory 1246 MiB.
2026-10-08T02:12:37Z INFO [433/750] 6985cc8e-f4dd-45d4-b0aa-3335c83a1502: Sackin index -0.0728; 1.0 s; peak memory 1246 MiB.
2026-10-08T02:12:38Z INFO [434/750] 69866e1e-5962-483b-b730-34b357931eb5: Sackin index -0.0745; 0.9 s; peak memory 1246 MiB.
2026-10-08T02:12:39Z INFO [435/750] 6986f028-4760-4393-b1c1-ae286a9ffeae: Sackin index -0.1349; 0.7 s; peak memory 1246 MiB.
2026-10-08T02:12:39Z INFO [436/750] 69876166-d558-4d9e-aaed-f5514cb28570: Sackin index -0.1938; 0.6 s; peak memory 1246 MiB.
2026-10-08T02:14:45Z INFO [437/750] 69879a01-53a8-4a8b-8cd4-7da1bed361e5: Sackin index -0.0573; 125.7 s; peak memory 1246 MiB.
2026-10-08T02:14:46Z INFO [438/750] 6987f33a-53a2-4da1-b2f6-a965ccca584a: Sackin index -0.1248; 0.8 s; peak memory 1246 MiB.
2026-10-08T02:14:48Z INFO [439/750] 698841f9-aed3-40e8-ac6d-9f9c3c24f3fc: Sackin index -0.0660; 1.9 s; peak memory 1246 MiB.
2026-10-08T02:15:49Z INFO [440/750] 698cfdb3-ce71-4941-b016-d9f999750005: Sackin index -0.0020; 61.3 s; peak memory 1246 MiB.
2026-10-08T02:15:50Z INFO [441/750] 698da168-3476-4e8c-a91e-45eb201f6055: Sackin index -0.1349; 0.9 s; peak memory 1246 MiB.
2026-10-08T02:15:51Z INFO [442/750] 698e2ec0-d7f6-42e8-aaf0-f3cb7067784a: Sackin index -0.1349; 0.8 s; peak memory 1246 MiB.
2026-10-08T02:15:51Z INFO [443/750] 698ecac6-9cce-4be5-9081-f002cc60730a: Sackin index -0.0696; 0.9 s; peak memory 1246 MiB.
2026-10-08T02:15:53Z INFO [444/750] 69905ba2-fc71-48a2-838e-f45ff4135104: Sackin index -0.0728; 1.2 s; peak memory 1246 MiB.
2026-10-08T02:15:54Z INFO [445/750] 6990766f-5f69-424b-a608-206680b3a4ef: Sackin index -0.1273; 0.9 s; peak memory 1246 MiB.
2026-10-08T02:17:27Z INFO [446/750] 69910dbe-3320-46c2-8046-ee1057ea3aa0: Sackin index -0.0972; 93.7 s; peak memory 1246 MiB.
2026-10-08T02:17:28Z INFO [447/750] 6991555a-383f-4efa-a58c-bfb83c6e64c0: Sackin index -0.0434; 0.9 s; peak memory 1246 MiB.
2026-10-08T02:17:30Z INFO [448/750] 699176a7-4987-41fd-91b6-e8ff6ba404bf: Sackin index -0.0660; 1.8 s; peak memory 1246 MiB.
2026-10-08T02:17:31Z INFO [449/750] 69919900-4466-4a83-88da-b65977a8bdc4: Sackin index -0.0728; 0.7 s; peak memory 1246 MiB.
2026-10-08T02:17:31Z INFO [450/750] 69924748-9dab-4abc-8cbb-03f572ad66f2: Sackin index -0.1349; 0.7 s; peak memory 1246 MiB.
2026-10-08T02:17:32Z INFO [450/750] 69924748-9dab-4abc-8cbb-03f572ad66f2: checkpointed 97786 records.
2026-10-08T02:17:33Z INFO [451/750] 6992b2a0-4797-4a70-b210-277347aaf977: Sackin index -0.1938; 1.4 s; peak memory 1246 MiB.
2026-10-08T02:19:39Z INFO [452/750] 6993146a-6232-4f45-8888-51833333c5d4: Sackin index -0.0573; 125.8 s; peak memory 1246 MiB.
2026-10-08T02:19:40Z INFO [453/750] 69936be5-cbfd-4124-8e6d-418b1193b1d9: Sackin index -0.1349; 0.9 s; peak memory 1246 MiB.
2026-10-08T02:19:40Z INFO [454/750] 6993867f-bc0c-4d35-a8a0-7264a978b33b: Sackin index -0.0702; 0.8 s; peak memory 1246 MiB.
2026-10-08T02:19:42Z INFO [455/750] 6993b390-1adf-4219-8e85-016eb6791e5c: Sackin index -0.0369; 1.3 s; peak memory 1246 MiB.
2026-10-08T02:19:43Z INFO [456/750] 699457a7-b2c2-4a76-a8d4-e95b67780de6: Sackin index -0.0728; 1.0 s; peak memory 1246 MiB.
2026-10-08T02:19:44Z INFO [457/750] 699544e3-92f2-46b9-abcb-15077cdd6e4d: Sackin index -0.1349; 0.9 s; peak memory 1246 MiB.
2026-10-08T02:19:46Z INFO [458/750] 69971fdd-83c0-47ad-813e-29b7b85fe3d1: Sackin index -0.0554; 2.5 s; peak memory 1246 MiB.
2026-10-08T02:19:47Z INFO [459/750] 699729e9-5d58-4638-9fc8-17d4db9c7875: Sackin index -0.0728; 0.8 s; peak memory 1246 MiB.
2026-10-08T02:19:48Z INFO [460/750] 69977899-297f-41f2-8f19-39e3d0962f60: Sackin index -0.0941; 1.3 s; peak memory 1246 MiB.
2026-10-08T02:19:54Z INFO [461/750] 6997c856-637e-43bf-95d6-cb3ba6056dbf: Sackin index -0.0139; 6.1 s; peak memory 1246 MiB.
2026-10-08T02:20:01Z INFO [462/750] 6997fcc3-eb48-404c-945c-efbf1224d6a9: Sackin index -0.0147; 6.7 s; peak memory 1246 MiB.
2026-10-08T02:20:02Z INFO [463/750] 699a0439-6710-4ce0-ac5f-53f7d5e6c61c: Sackin index -0.1383; 0.9 s; peak memory 1246 MiB.
2026-10-08T02:20:03Z INFO [464/750] 699a35af-6607-407c-b73b-e8d0dae8af23: Sackin index -0.1349; 0.7 s; peak memory 1246 MiB.
2026-10-08T02:20:07Z INFO [465/750] 699c9554-1b28-432e-a958-f0f2f30043d5: Sackin index -0.0476; 4.7 s; peak memory 1246 MiB.
2026-10-08T02:20:14Z INFO [466/750] 699cac31-111b-4052-8ebe-438e8a91c08f: Sackin index -0.0776; 6.8 s; peak memory 1246 MiB.
2026-10-08T02:20:15Z INFO [467/750] 699d0a22-5b21-405a-b43d-a681326b1823: Sackin index -0.1272; 0.5 s; peak memory 1246 MiB.
2026-10-08T02:20:16Z INFO [468/750] 699d3e0e-ce51-46ad-8c7b-760cad494263: Sackin index -0.0728; 1.0 s; peak memory 1246 MiB.
2026-10-08T02:20:16Z INFO [469/750] 699e4069-058b-4146-a6b1-d5677631ef56: Sackin index -0.1349; 0.7 s; peak memory 1246 MiB.
2026-10-08T02:20:17Z INFO [470/750] 699eed67-6c9d-479e-bbab-393f63dee93c: Sackin index -0.1356; 0.7 s; peak memory 1246 MiB.
2026-10-08T02:20:19Z INFO [471/750] 699fcc93-c551-4650-9a54-f60a9e5e4420: Sackin index -0.0369; 1.7 s; peak memory 1246 MiB.
2026-10-08T02:20:20Z INFO [472/750] 699fcc9a-83f8-44b4-aa9f-e7345f3b18e7: Sackin index -0.0728; 1.0 s; peak memory 1246 MiB.
2026-10-08T02:20:21Z INFO [473/750] 69a0e6d9-bd5a-416c-bb1f-318a07efde84: Sackin index -0.1349; 0.8 s; peak memory 1246 MiB.
2026-10-08T02:20:21Z INFO [474/750] 69a19253-1775-4cbd-a39e-6d02a7b998c4: Sackin index -0.1178; 0.7 s; peak memory 1246 MiB.
2026-10-08T02:20:22Z INFO [475/750] 69a1eba5-e8af-4777-b3d3-895c97c001e7: Sackin index -0.1239; 0.8 s; peak memory 1246 MiB.
2026-10-08T02:20:23Z INFO [476/750] 69a2395d-cddc-483b-8edb-5f42484753c5: Sackin index -0.0728; 1.0 s; peak memory 1246 MiB.
2026-10-08T02:20:24Z INFO [477/750] 69a330a3-0577-4d23-880c-d2dfed11d1ac: Sackin index -0.1602; 0.8 s; peak memory 1246 MiB.
2026-10-08T02:20:24Z INFO [478/750] 69a368d5-b718-4bf7-b59c-bfcfc475fc8a: Sackin index -0.0811; 0.7 s; peak memory 1246 MiB.
2026-10-08T02:20:26Z INFO [479/750] 69a39149-8279-43d0-b229-a96d88142c76: Sackin index -0.1273; 1.2 s; peak memory 1246 MiB.
2026-10-08T02:20:26Z INFO [480/750] 69a40eba-3b9a-4199-9cbe-e0e811dbee8c: Sackin index -0.1272; 0.5 s; peak memory 1246 MiB.
2026-10-08T02:20:27Z INFO [481/750] 69a440b1-ce18-412f-b5b9-b4a2390304ae: Sackin index -0.0728; 0.7 s; peak memory 1246 MiB.
2026-10-08T02:20:30Z INFO [482/750] 69a45f1c-f633-45ea-8a11-07f31ec9e600: Sackin index -0.0259; 3.1 s; peak memory 1246 MiB.
2026-10-08T02:20:31Z INFO [483/750] 69a47db9-288c-48d5-9ab6-877a7cd18930: Sackin index -0.1194; 1.1 s; peak memory 1246 MiB.
2026-10-08T02:20:32Z INFO [484/750] 69a481db-b209-4c7c-a24e-2e2f89a7245a: Sackin index -0.0375; 0.8 s; peak memory 1246 MiB.
2026-10-08T02:20:34Z INFO [485/750] 69a48311-50d7-4875-8e3d-0376bb5c686d: Sackin index -0.0869; 2.3 s; peak memory 1246 MiB.
2026-10-08T02:20:35Z INFO [486/750] 69a52991-c7a6-4b6c-99d8-7e4a45185aed: Sackin index -0.0369; 0.9 s; peak memory 1246 MiB.
2026-10-08T02:20:37Z INFO [487/750] 69a5b9eb-0288-400b-93c0-20c1dd032e4a: Sackin index -0.0350; 1.7 s; peak memory 1246 MiB.
2026-10-08T02:20:38Z INFO [488/750] 69a6a486-fefa-4194-a710-b21e8e270df4: Sackin index -0.1349; 0.7 s; peak memory 1246 MiB.
2026-10-08T02:20:38Z INFO [489/750] 69a754f2-c377-44a9-95ab-3e09a121fd08: Sackin index -0.1658; 0.4 s; peak memory 1246 MiB.
2026-10-08T02:20:39Z INFO [490/750] 69a791fe-8d80-42c1-af05-586308c58f7e: Sackin index -0.0375; 1.0 s; peak memory 1246 MiB.
2026-10-08T02:20:40Z INFO [491/750] 69a808a5-a549-402f-89b4-2c973298f815: Sackin index -0.0702; 0.9 s; peak memory 1246 MiB.
2026-10-08T02:20:41Z INFO [492/750] 69a90980-c1c3-4ca7-a2d8-07b2b564a64d: Sackin index -0.0699; 1.5 s; peak memory 1246 MiB.
2026-10-08T02:20:49Z INFO [493/750] 69a98e6b-d6ab-48d8-b096-0dfa17d636a0: Sackin index -0.0766; 7.6 s; peak memory 1246 MiB.
2026-10-08T02:20:50Z INFO [494/750] 69a9a922-173f-459b-809b-8bff5ca2e2ab: Sackin index -0.1349; 0.7 s; peak memory 1246 MiB.
2026-10-08T02:20:51Z INFO [495/750] 69aa7165-10c7-4a88-92d1-10037e5bbf00: Sackin index -0.1273; 1.1 s; peak memory 1246 MiB.
2026-10-08T02:20:52Z INFO [496/750] 69aacb4e-3373-47a6-8741-fca958d998a0: Sackin index -0.0428; 1.5 s; peak memory 1246 MiB.
2026-10-08T02:20:58Z INFO [497/750] 69abb1e8-a9b5-47bc-b3b7-694e05516e4c: Sackin index -0.0171; 5.6 s; peak memory 1246 MiB.
2026-10-08T02:20:59Z INFO [498/750] 69ac0b0c-b0ed-4c6c-88b5-7af9ac9afe53: Sackin index -0.1349; 0.7 s; peak memory 1246 MiB.
2026-10-08T02:21:00Z INFO [499/750] 69ac4bfd-cf60-4b95-8989-cbb71bf7b79f: Sackin index -0.1938; 1.2 s; peak memory 1246 MiB.
2026-10-08T02:21:01Z INFO [500/750] 69ad1cdd-1235-4135-b79d-5b32ab43a9ac: Sackin index -0.0702; 0.8 s; peak memory 1246 MiB.
2026-10-08T02:21:01Z INFO [500/750] 69ad1cdd-1235-4135-b79d-5b32ab43a9ac: checkpointed 97836 records.
2026-10-08T02:21:02Z INFO [501/750] 69adc5b4-1b76-45f6-a386-67abcfd2db3a: Sackin index -0.0702; 0.9 s; peak memory 1246 MiB.
2026-10-08T02:21:02Z INFO [502/750] 69ae2052-451c-4238-af4c-ee90f61c1701: Sackin index -0.0702; 0.8 s; peak memory 1246 MiB.
2026-10-08T02:21:04Z INFO [503/750] 69aeb414-a5cf-4978-ae1f-1cf7f9738fe4: Sackin index -0.0747; 1.1 s; peak memory 1246 MiB.
2026-10-08T02:21:09Z INFO [504/750] 69af8459-2a98-4fa2-ba22-a9e9ce280cb1: Sackin index -0.0185; 5.2 s; peak memory 1246 MiB.
2026-10-08T02:21:14Z INFO [505/750] 69b0320a-8b54-4e54-bb16-68808adad71e: Sackin index -0.0151; 5.0 s; peak memory 1246 MiB.
2026-10-08T02:21:23Z INFO [506/750] 69b05a0a-252e-4727-a9ad-5b113c2e0feb: Sackin index -0.0146; 9.3 s; peak memory 1246 MiB.
2026-10-08T02:21:24Z INFO [507/750] 69b10fc3-e8f7-4eb7-822d-255d039afcaf: Sackin index -0.1178; 0.5 s; peak memory 1246 MiB.
2026-10-08T02:21:25Z INFO [508/750] 69b1c0fe-b953-417e-98c7-0d129a09a2de: Sackin index -0.0752; 1.2 s; peak memory 1246 MiB.
2026-10-08T02:21:26Z INFO [509/750] 69b20a43-7736-4da8-b334-52d9db329ab6: Sackin index -0.0702; 0.8 s; peak memory 1246 MiB.
2026-10-08T02:21:43Z INFO [510/750] 69b29f38-c039-4ce1-ad90-b780508b7e68: Sackin index -0.1078; 17.4 s; peak memory 1246 MiB.
2026-10-08T02:21:44Z INFO [511/750] 69b2be5f-0ef5-45f6-be56-c48970c02969: Sackin index -0.0702; 0.8 s; peak memory 1246 MiB.
2026-10-08T02:21:46Z INFO [512/750] 69b37908-9b78-4a5e-8417-ed0a7a8da284: Sackin index -0.1938; 2.5 s; peak memory 1246 MiB.
2026-10-08T02:21:47Z INFO [513/750] 69b3a48c-94ce-43ec-87ed-5157bf71c00d: Sackin index -0.2168; 0.5 s; peak memory 1246 MiB.
2026-10-08T02:23:01Z INFO [514/750] 69b3f93e-502a-4d62-994b-e82718435829: Sackin index -0.0008; 73.9 s; peak memory 1246 MiB.
2026-10-08T02:23:03Z INFO [515/750] 69b41de8-832a-41df-9fd7-0589ba981782: Sackin index -0.0465; 2.3 s; peak memory 1246 MiB.
2026-10-08T02:23:04Z INFO [516/750] 69b4215f-1e78-49b0-947c-7b01e8133637: Sackin index -0.1269; 0.8 s; peak memory 1246 MiB.
2026-10-08T02:23:05Z INFO [517/750] 69b4b3ab-1b1f-4a84-9636-0471236c7c7f: Sackin index -0.0385; 0.9 s; peak memory 1246 MiB.
2026-10-08T02:23:10Z INFO [518/750] 69b4d29f-f2be-47a9-b350-6575fa87ae6a: Sackin index -0.1147; 5.4 s; peak memory 1246 MiB.
2026-10-08T02:23:11Z INFO [519/750] 69b565db-d72b-4df1-b1c8-bdeef97663ff: Sackin index -0.0702; 0.8 s; peak memory 1246 MiB.
2026-10-08T02:23:11Z INFO [520/750] 69b66426-7ee0-4422-b33f-b0fd975d5493: Sackin index -0.1448; 0.5 s; peak memory 1246 MiB.
2026-10-08T02:23:12Z INFO [521/750] 69b6a953-91bf-4d53-a59a-58c7afbd2108: Sackin index -0.1658; 0.6 s; peak memory 1246 MiB.
2026-10-08T02:23:13Z INFO [522/750] 69b6adb0-680c-403b-ad85-1d8b4c156a03: Sackin index -0.0766; 0.9 s; peak memory 1246 MiB.
2026-10-08T02:23:14Z INFO [523/750] 69b6b044-69b5-4955-975e-385d84f265ba: Sackin index -0.1349; 0.9 s; peak memory 1246 MiB.
2026-10-08T02:23:15Z INFO [524/750] 69b744c5-21b8-4ba4-8962-f40bc5a1b821: Sackin index -0.1602; 0.7 s; peak memory 1246 MiB.
2026-10-08T02:23:15Z INFO [525/750] 69b7854d-9417-4333-a56a-cc9aa9cbf598: Sackin index -0.1082; 0.9 s; peak memory 1246 MiB.
2026-10-08T02:23:16Z INFO [526/750] 69b7f3d6-7725-4de8-b654-cd3bb2765420: Sackin index -0.1938; 0.6 s; peak memory 1246 MiB.
2026-10-08T02:23:16Z INFO [527/750] 69b85dcb-9cc3-4c0c-8ac3-44c2e4b35517: Sackin index -0.1658; 0.4 s; peak memory 1246 MiB.
2026-10-08T02:23:46Z INFO [528/750] 69b9965e-750a-4833-ae82-65ba4ca9083a: Sackin index -0.2073; 29.5 s; peak memory 1246 MiB.
2026-10-08T02:23:47Z INFO [529/750] 69b9ebb5-25fa-47af-9244-28e33433d286: Sackin index -0.1349; 0.8 s; peak memory 1246 MiB.
2026-10-08T02:23:47Z INFO [530/750] 69ba817c-ff53-420c-ba6e-a36e33fc85a7: Sackin index -0.1658; 0.4 s; peak memory 1246 MiB.
2026-10-08T02:23:48Z INFO [531/750] 69bb6bfb-3406-469a-9a2d-b4712bf8c775: Sackin index -0.0881; 0.8 s; peak memory 1246 MiB.
2026-10-08T02:23:49Z INFO [532/750] 69bcb6b2-1bb3-45bf-b189-6110661939fe: Sackin index -0.1349; 0.8 s; peak memory 1246 MiB.
2026-10-08T02:23:49Z INFO [533/750] 69bcc7db-5b68-43b5-953d-e95400283850: Sackin index -0.0696; 0.8 s; peak memory 1246 MiB.
2026-10-08T02:23:53Z INFO [534/750] 69bd194a-97c4-4c4c-b50f-94754fc356e2: Sackin index -0.0272; 3.2 s; peak memory 1246 MiB.
2026-10-08T02:23:54Z INFO [535/750] 69bd4249-2d51-4853-8868-f586fb697968: Sackin index -0.1349; 0.9 s; peak memory 1246 MiB.
2026-10-08T02:23:55Z INFO [536/750] 69bd5513-9782-471d-b53e-0d09365fcb68: Sackin index -0.0886; 1.1 s; peak memory 1246 MiB.
2026-10-08T02:23:55Z INFO [537/750] 69bd9bce-d0e3-4236-a7a5-399ee503ff56: Sackin index -0.0928; 0.8 s; peak memory 1246 MiB.
2026-10-08T02:23:56Z INFO [538/750] 69bdfa0b-2586-4b5d-bce9-eea9340c51da: Sackin index -0.1178; 0.5 s; peak memory 1246 MiB.
2026-10-08T02:24:01Z INFO [539/750] 69beac87-e3e2-457f-9520-bc48b13d5262: Sackin index -0.0170; 4.7 s; peak memory 1246 MiB.
2026-10-08T02:24:02Z INFO [540/750] 69bf8b49-27ad-4930-991a-43e3f84051b1: Sackin index -0.0728; 0.9 s; peak memory 1246 MiB.
2026-10-08T02:24:03Z INFO [541/750] 69c00bef-87a4-4e62-b285-4b4880a82b3a: Sackin index -0.0722; 1.0 s; peak memory 1246 MiB.
2026-10-08T02:24:10Z INFO [542/750] 69c01087-5ec6-4aeb-bdf8-2e9726084e32: Sackin index -0.0184; 7.9 s; peak memory 1246 MiB.
2026-10-08T02:24:15Z INFO [543/750] 69c022b6-2b18-4f35-a901-1e4ce586b839: Sackin index -0.0146; 4.7 s; peak memory 1246 MiB.
2026-10-08T02:24:16Z INFO [544/750] 69c047b8-6d93-4caa-b2fc-7556cebedc80: Sackin index -0.1349; 0.7 s; peak memory 1246 MiB.
2026-10-08T02:24:16Z INFO [545/750] 69c144c7-3ec5-4d57-affa-bd7239dea2ad: Sackin index -0.1349; 0.6 s; peak memory 1246 MiB.
2026-10-08T02:24:17Z INFO [546/750] 69c1539e-0eee-469c-8088-686cc5068823: Sackin index -0.1658; 0.4 s; peak memory 1246 MiB.
2026-10-08T02:24:21Z INFO [547/750] 69c168f9-573c-437e-a016-dd96f733d2fe: Sackin index -0.0476; 4.3 s; peak memory 1246 MiB.
2026-10-08T02:24:22Z INFO [548/750] 69c1ca76-2efb-4daf-b4b4-0e5e51cb264e: Sackin index -0.0696; 0.9 s; peak memory 1246 MiB.
2026-10-08T02:24:23Z INFO [549/750] 69c24735-096e-4393-b31f-f0262462f5bd: Sackin index -0.1319; 0.6 s; peak memory 1246 MiB.
2026-10-08T02:24:24Z INFO [550/750] 69c315ab-fc00-4710-bcee-810b6f2bb336: Sackin index -0.0881; 1.0 s; peak memory 1246 MiB.
2026-10-08T02:24:24Z INFO [550/750] 69c315ab-fc00-4710-bcee-810b6f2bb336: checkpointed 97886 records.
2026-10-08T02:24:32Z INFO [551/750] 69c31d3c-34b5-4cab-bdea-c4c8f476886c: Sackin index -0.0250; 8.2 s; peak memory 1246 MiB.
2026-10-08T02:24:33Z INFO [552/750] 69c323a7-668a-425f-9d76-d68e130d1278: Sackin index -0.1349; 0.7 s; peak memory 1246 MiB.
2026-10-08T02:24:34Z INFO [553/750] 69c345d1-500a-4931-98ec-5f8c090cf261: Sackin index -0.1349; 0.7 s; peak memory 1246 MiB.
2026-10-08T02:24:40Z INFO [554/750] 69c3b54c-7180-4d54-9bcb-3f1941bde1a3: Sackin index -0.0174; 6.4 s; peak memory 1246 MiB.
2026-10-08T02:24:41Z INFO [555/750] 69c3be06-69d1-4e51-b9a9-c9a1ccc5d3f6: Sackin index -0.0702; 0.7 s; peak memory 1246 MiB.
2026-10-08T02:24:43Z INFO [556/750] 69c424a6-eb0b-495b-920c-b9e6217c3bf3: Sackin index -0.0676; 1.8 s; peak memory 1246 MiB.
2026-10-08T02:24:49Z INFO [557/750] 69c4e7c6-ff9c-4cbc-a90d-8b7a80679d23: Sackin index -0.0206; 6.2 s; peak memory 1246 MiB.
2026-10-08T02:24:50Z INFO [558/750] 69c694d7-9552-4559-be26-e70217a53fd1: Sackin index -0.1026; 0.9 s; peak memory 1246 MiB.
2026-10-08T02:24:51Z INFO [559/750] 69c69ba3-44b2-4760-a6a9-83b592a45c85: Sackin index -0.0728; 1.0 s; peak memory 1246 MiB.
2026-10-08T02:24:51Z INFO [560/750] 69c77513-71d3-4599-b515-bea6b6d99d53: Sackin index -0.1178; 0.4 s; peak memory 1246 MiB.
2026-10-08T02:24:52Z INFO [561/750] 69c81f24-b085-49c2-88b2-edf2dfb21612: Sackin index -0.0379; 0.9 s; peak memory 1246 MiB.
2026-10-08T02:24:53Z INFO [562/750] 69c82053-ccff-47ac-b807-0ed22124cde4: Sackin index -0.0276; 1.0 s; peak memory 1246 MiB.
2026-10-08T02:24:54Z INFO [563/750] 69c8cbd7-d7a7-48bd-bc48-cfb751232dcb: Sackin index -0.0728; 0.8 s; peak memory 1246 MiB.
2026-10-08T02:24:54Z INFO [564/750] 69c8cf9c-0009-4039-a1e5-ed3e0fc0d11d: Sackin index -0.0702; 0.7 s; peak memory 1246 MiB.
2026-10-08T02:24:55Z INFO [565/750] 69c90025-46bf-4365-8984-dd355e690c33: Sackin index -0.1349; 0.7 s; peak memory 1246 MiB.
2026-10-08T02:24:57Z INFO [566/750] 69c92a7c-25eb-4618-a609-70612fbb5537: Sackin index -0.0704; 1.8 s; peak memory 1246 MiB.
2026-10-08T02:24:58Z INFO [567/750] 69ca3c93-e87b-475c-b87e-9e1f290d556e: Sackin index -0.0369; 1.0 s; peak memory 1246 MiB.
2026-10-08T02:24:59Z INFO [568/750] 69cb999f-995a-4475-af68-42bf3c2c959b: Sackin index -0.0369; 0.9 s; peak memory 1246 MiB.
2026-10-08T02:25:00Z INFO [569/750] 69cc022c-7ed7-487c-aaf9-a8ad11135f97: Sackin index -0.0732; 1.0 s; peak memory 1246 MiB.
2026-10-08T02:25:02Z INFO [570/750] 69cc119d-2800-4acc-af12-6e40cc0434bb: Sackin index -0.0660; 1.7 s; peak memory 1246 MiB.
2026-10-08T02:26:55Z INFO [571/750] 69cee972-4fa6-4016-ba14-6c2b377fccce: Sackin index -0.0434; 113.3 s; peak memory 1246 MiB.
2026-10-08T02:26:56Z INFO [572/750] 69cf2235-656c-4434-8ce2-a928e2599ea0: Sackin index -0.0702; 0.8 s; peak memory 1246 MiB.
2026-10-08T02:26:58Z INFO [573/750] 69cf5217-9b43-45a4-9942-639bb852fcfd: Sackin index -0.0562; 2.2 s; peak memory 1246 MiB.
2026-10-08T02:26:59Z INFO [574/750] 69cf8f6f-729c-4c56-9845-ae6df8779c80: Sackin index -0.0457; 0.9 s; peak memory 1246 MiB.
2026-10-08T02:27:01Z INFO [575/750] 69cfae01-9f2b-4f4e-a5c5-267c7afd4274: Sackin index -0.0676; 1.6 s; peak memory 1246 MiB.
2026-10-08T02:27:01Z INFO [576/750] 69d00264-d8be-458e-8fa0-b025cff2ce1a: Sackin index -0.1349; 0.8 s; peak memory 1246 MiB.
2026-10-08T02:27:02Z INFO [577/750] 69d076c9-9d13-4378-a406-84daf183ad1c: Sackin index -0.0702; 0.9 s; peak memory 1246 MiB.
2026-10-08T02:31:57Z INFO [578/750] 69d0f48f-1de0-48c4-9957-1425f5f4ed2b: Sackin index -0.0891; 295.2 s; peak memory 1246 MiB.
2026-10-08T02:31:58Z INFO [579/750] 69d25509-cf97-4c5d-a020-7872104cad18: Sackin index -0.0728; 1.1 s; peak memory 1246 MiB.
2026-10-08T02:31:59Z INFO [580/750] 69d311d1-9c05-4db7-825d-042156c39162: Sackin index -0.0702; 0.9 s; peak memory 1246 MiB.
2026-10-08T02:32:00Z INFO [581/750] 69d36eb0-125b-47e9-8e55-77d7d4c0a08c: Sackin index -0.1349; 0.8 s; peak memory 1246 MiB.
2026-10-08T02:32:02Z INFO [582/750] 69d3b04a-af6d-499f-9793-47b2e13524c0: Sackin index -0.0718; 1.8 s; peak memory 1246 MiB.
2026-10-08T02:32:08Z INFO [583/750] 69d3eee4-7674-4ab1-93f8-0496cc97be19: Sackin index -0.0756; 5.8 s; peak memory 1246 MiB.
2026-10-08T02:32:09Z INFO [584/750] 69d43440-3cf6-46a8-b7b8-13d8f8697593: Sackin index -0.0728; 1.0 s; peak memory 1246 MiB.
2026-10-08T02:32:10Z INFO [585/750] 69d45de8-aff3-466e-b03b-6cdf771f6e7c: Sackin index -0.1349; 0.7 s; peak memory 1246 MiB.
2026-10-08T02:32:16Z INFO [586/750] 69d51e72-5cbd-4ab9-a079-cf9d056e00ce: Sackin index -0.0150; 6.5 s; peak memory 1246 MiB.
2026-10-08T02:32:17Z INFO [587/750] 69d539d6-9fe7-4ae0-9194-96806fbe7ebe: Sackin index -0.0728; 1.2 s; peak memory 1246 MiB.
2026-10-08T02:32:18Z INFO [588/750] 69d55812-27b8-4079-9928-044426dbbdd1: Sackin index -0.0696; 0.8 s; peak memory 1246 MiB.
2026-10-08T02:32:19Z INFO [589/750] 69d5b0af-cc38-4c56-8a2e-88451f53eec7: Sackin index -0.0696; 0.9 s; peak memory 1246 MiB.
2026-10-08T02:32:28Z INFO [590/750] 69d628aa-229e-48f8-912e-8e80c38e1773: Sackin index -0.0318; 8.6 s; peak memory 1246 MiB.
2026-10-08T02:32:28Z INFO [591/750] 69d62ad8-870e-4ce0-9178-03d6787e21d8: Sackin index -0.1349; 0.8 s; peak memory 1246 MiB.
2026-10-08T02:32:30Z INFO [592/750] 69d74b59-16cb-4ad3-9ba3-7b95861082ca: Sackin index -0.1117; 1.2 s; peak memory 1246 MiB.
2026-10-08T02:32:31Z INFO [593/750] 69d7e231-7853-488a-b034-b1652c6b00c2: Sackin index -0.0728; 1.1 s; peak memory 1246 MiB.
2026-10-08T02:32:31Z INFO [594/750] 69d821b1-99bc-4680-8ca6-174760302a26: Sackin index -0.1349; 0.8 s; peak memory 1246 MiB.
2026-10-08T02:32:32Z INFO [595/750] 69d844fa-65e6-4c4c-a1f0-93cff66cbb2a: Sackin index -0.1349; 0.8 s; peak memory 1246 MiB.
2026-10-08T02:32:33Z INFO [596/750] 69d86573-bfb8-48c0-ba71-fc1c2a9dc4f4: Sackin index -0.0709; 0.7 s; peak memory 1246 MiB.
2026-10-08T02:32:43Z INFO [597/750] 69d99c47-3a0a-4fc5-8acb-de9159a98a2b: Sackin index -0.0167; 9.9 s; peak memory 1246 MiB.
2026-10-08T02:32:44Z INFO [598/750] 69db09a6-5029-453a-be13-315b7929b1a6: Sackin index -0.1349; 0.8 s; peak memory 1246 MiB.
2026-10-08T02:32:45Z INFO [599/750] 69db482c-fa5c-47f9-9e69-beec30981f84: Sackin index -0.0383; 1.0 s; peak memory 1246 MiB.
2026-10-08T02:32:46Z INFO [600/750] 69dbeec8-c5b3-46e7-bd0d-de49ebe6f0bd: Sackin index -0.0728; 0.9 s; peak memory 1246 MiB.
2026-10-08T02:32:46Z INFO [600/750] 69dbeec8-c5b3-46e7-bd0d-de49ebe6f0bd: checkpointed 97936 records.
2026-10-08T02:32:46Z INFO [601/750] 69dc7330-5463-452a-9467-f9c9e7f73a9f: Sackin index -0.1349; 0.7 s; peak memory 1246 MiB.
2026-10-08T02:32:47Z INFO [602/750] 69dd0f14-70d4-412e-ac18-79f361024601: Sackin index -0.1349; 0.6 s; peak memory 1246 MiB.
2026-10-08T02:32:48Z INFO [603/750] 69de4ea8-a659-4eea-bb71-71dd17eee22b: Sackin index -0.0169; 1.3 s; peak memory 1246 MiB.
2026-10-08T02:32:49Z INFO [604/750] 69decc4a-5cd0-4a8f-9cfa-4a859161e9c9: Sackin index -0.3646; 0.5 s; peak memory 1246 MiB.
2026-10-08T02:32:50Z INFO [605/750] 69ded1e5-6134-4103-8e09-6f9c697b2940: Sackin index -0.1349; 0.8 s; peak memory 1246 MiB.
2026-10-08T02:32:50Z INFO [606/750] 69dee0cf-4bc1-4ace-b444-6b936fa33532: Sackin index -0.0384; 0.8 s; peak memory 1246 MiB.
2026-10-08T02:32:51Z INFO [607/750] 69df4175-c9c5-4cbe-aafe-bb31978e11fa: Sackin index -0.0728; 0.8 s; peak memory 1246 MiB.
2026-10-08T02:32:52Z INFO [608/750] 69df5d5d-5cc4-4d24-9fca-0e45d3f09083: Sackin index -0.0696; 0.8 s; peak memory 1246 MiB.
2026-10-08T02:32:53Z INFO [609/750] 69df89e5-bb09-4b33-a3ee-6d5fbe943524: Sackin index -0.1349; 0.6 s; peak memory 1246 MiB.
2026-10-08T02:34:44Z INFO [610/750] 69dfa2f6-edf3-42e6-bf64-9c75bcef9e04: Sackin index -0.0271; 111.7 s; peak memory 1246 MiB.
2026-10-08T02:34:45Z INFO [611/750] 69e007eb-74f8-4417-862c-519382f35ce7: Sackin index -0.1349; 0.7 s; peak memory 1246 MiB.
2026-10-08T02:34:46Z INFO [612/750] 69e06005-8b58-45f1-87b3-b4aa53c1cca8: Sackin index -0.1322; 0.6 s; peak memory 1246 MiB.
2026-10-08T02:34:53Z INFO [613/750] 69e07913-3e93-400f-8d0a-a802c7fc1f38: Sackin index -0.0161; 7.4 s; peak memory 1246 MiB.
2026-10-08T02:34:54Z INFO [614/750] 69e0da65-6417-4dd5-83b9-76d25c9161ec: Sackin index -0.0656; 0.6 s; peak memory 1246 MiB.
2026-10-08T02:34:59Z INFO [615/750] 69e1a95f-6c0f-4203-86aa-6ec1054ed1ce: Sackin index -0.0366; 5.6 s; peak memory 1246 MiB.
2026-10-08T02:35:00Z INFO [616/750] 69e31b11-0146-4cf0-a78a-470ffd9ed570: Sackin index -0.0569; 0.9 s; peak memory 1246 MiB.
2026-10-08T02:35:01Z INFO [617/750] 69e45aee-6079-4e0c-9d0d-b52eead32b95: Sackin index -0.1361; 0.6 s; peak memory 1246 MiB.
2026-10-08T02:35:03Z INFO [618/750] 69e4e701-bb9e-4a57-9c60-88a3f8541ff7: Sackin index -0.0369; 1.6 s; peak memory 1246 MiB.
2026-10-08T02:35:03Z INFO [619/750] 69e502bd-5717-4bbc-bcbc-617fd924c567: Sackin index -0.1349; 0.6 s; peak memory 1246 MiB.
2026-10-08T02:35:04Z INFO [620/750] 69e5ac0e-2d01-4372-90a9-d05ad260781b: Sackin index -0.0457; 0.9 s; peak memory 1246 MiB.
2026-10-08T02:35:06Z INFO [621/750] 69e60f96-93b4-44ee-8c91-1f5f41cb2be1: Sackin index -0.0699; 1.5 s; peak memory 1246 MiB.
2026-10-08T02:35:07Z INFO [622/750] 69e615dc-a7da-49a7-9b63-42628dbed59d: Sackin index -0.1938; 1.5 s; peak memory 1246 MiB.
2026-10-08T02:35:11Z INFO [623/750] 69e63434-988f-4baa-af39-1558617926a6: Sackin index -0.0476; 4.1 s; peak memory 1246 MiB.
2026-10-08T02:35:12Z INFO [624/750] 69e6802c-bbbc-40cb-a036-2ec4d86fe472: Sackin index -0.1349; 0.7 s; peak memory 1246 MiB.
2026-10-08T02:35:13Z INFO [625/750] 69e69e33-1ec2-4303-95c8-2f6c8575a9c6: Sackin index -0.0369; 1.4 s; peak memory 1246 MiB.
2026-10-08T02:35:14Z INFO [626/750] 69e6a6a0-4395-4554-9f8d-0fb983ba1786: Sackin index -0.1237; 0.6 s; peak memory 1246 MiB.
2026-10-08T02:35:15Z INFO [627/750] 69e7865d-aebe-48cc-b1e5-b6b620c58541: Sackin index -0.1243; 1.6 s; peak memory 1246 MiB.
2026-10-08T02:35:17Z INFO [628/750] 69e7c245-d0da-4192-8f3c-d871bf01a8e3: Sackin index -0.0369; 1.4 s; peak memory 1246 MiB.
2026-10-08T02:35:18Z INFO [629/750] 69e7de35-706e-4394-8a77-fd255b488bbf: Sackin index -0.0728; 1.2 s; peak memory 1246 MiB.
2026-10-08T02:35:20Z INFO [630/750] 69e82dd2-1f30-466c-bfbd-5469c798d845: Sackin index -0.0686; 1.5 s; peak memory 1246 MiB.
2026-10-08T02:35:21Z INFO [631/750] 69e866d2-030e-4c1a-8087-adfc753682e3: Sackin index -0.0728; 1.0 s; peak memory 1246 MiB.
2026-10-08T02:35:28Z INFO [632/750] 69e8b6b7-0c4e-485a-bbf6-23bcbcc7c0a9: Sackin index -0.0293; 7.6 s; peak memory 1246 MiB.
2026-10-08T02:35:29Z INFO [633/750] 69e95bf4-3028-4f1c-af6f-f89ad1dcdbd9: Sackin index -0.1349; 0.6 s; peak memory 1246 MiB.
2026-10-08T02:35:30Z INFO [634/750] 69ea6438-5305-424f-a203-6efa1677f421: Sackin index -0.1349; 0.7 s; peak memory 1246 MiB.
2026-10-08T02:35:42Z INFO [635/750] 69ea8fef-3cc2-4700-ac8e-ea328fe6cc73: Sackin index -0.0360; 12.5 s; peak memory 1246 MiB.
2026-10-08T02:35:43Z INFO [636/750] 69eb811f-6cae-449a-980c-770ec07cbed0: Sackin index -0.1349; 0.6 s; peak memory 1246 MiB.
2026-10-08T02:35:44Z INFO [637/750] 69ec5005-1f32-4fd4-b2e3-42775dd54f54: Sackin index -0.1349; 1.0 s; peak memory 1246 MiB.
2026-10-08T02:35:44Z INFO [638/750] 69ec5730-a9b7-4dfa-a72f-be2f3981817b: Sackin index -0.1234; 0.7 s; peak memory 1246 MiB.
2026-10-08T02:35:46Z INFO [639/750] 69ece7f8-1d2c-4cd6-b101-8d230c40d34e: Sackin index -0.1224; 1.5 s; peak memory 1246 MiB.
2026-10-08T02:35:47Z INFO [640/750] 69ed8838-7019-4915-85bc-256372e620de: Sackin index -0.1602; 0.8 s; peak memory 1246 MiB.
2026-10-08T02:35:47Z INFO [641/750] 69ee35d5-9426-4dd2-bc5f-339e71635174: Sackin index -0.1349; 0.7 s; peak memory 1246 MiB.
2026-10-08T02:35:48Z INFO [642/750] 69ee989f-0bdc-4ee0-85ea-ad5da2ad4325: Sackin index -0.1602; 0.6 s; peak memory 1246 MiB.
2026-10-08T02:35:48Z INFO [643/750] 69efd54e-03a1-40cb-8c05-b1b4d340933f: Sackin index -0.1658; 0.4 s; peak memory 1246 MiB.
2026-10-08T02:35:50Z INFO [644/750] 69f02570-207c-40fd-bc45-ad7d92f255dd: Sackin index -0.0676; 1.3 s; peak memory 1246 MiB.
2026-10-08T02:35:53Z INFO [645/750] 69f1ac36-a2ae-414c-9fd8-191407638a0b: Sackin index -0.0383; 3.5 s; peak memory 1246 MiB.
2026-10-08T02:35:54Z INFO [646/750] 69f253b2-7673-4986-807c-fe3c433ed506: Sackin index -0.0702; 0.7 s; peak memory 1246 MiB.
2026-10-08T02:35:54Z INFO [647/750] 69f32cb6-60ee-4dc0-a100-74f41a05756e: Sackin index -0.1120; 0.6 s; peak memory 1246 MiB.
2026-10-08T02:35:55Z INFO [648/750] 69f33201-185c-480b-9b72-d956458291d6: Sackin index -0.1349; 0.6 s; peak memory 1246 MiB.
2026-10-08T02:35:56Z INFO [649/750] 69f3da78-0468-4ea1-8eb5-e3593f8e9962: Sackin index -0.0369; 1.3 s; peak memory 1246 MiB.
2026-10-08T02:35:57Z INFO [650/750] 69f492c1-8348-4071-9276-e5de29941fab: Sackin index -0.0728; 1.2 s; peak memory 1246 MiB.
2026-10-08T02:35:58Z INFO [650/750] 69f492c1-8348-4071-9276-e5de29941fab: checkpointed 97986 records.
2026-10-08T02:35:58Z INFO [651/750] 69f531e6-842f-4af1-8e5f-ae02f2a71f3b: Sackin index -0.1527; 0.7 s; peak memory 1246 MiB.
2026-10-08T02:35:59Z INFO [652/750] 69f54f19-67a7-4012-8d16-4681998267d1: Sackin index -0.1349; 0.6 s; peak memory 1246 MiB.
2026-10-08T02:36:03Z INFO [653/750] 69f5f073-073f-44d6-ab2f-59016fb4abfb: Sackin index -0.0206; 4.1 s; peak memory 1246 MiB.
2026-10-08T02:36:04Z INFO [654/750] 69f5ffb9-f722-4059-99d6-9a35ba9fa3dc: Sackin index -0.1658; 0.6 s; peak memory 1246 MiB.
2026-10-08T03:04:15Z INFO [655/750] 69f60ecc-93e2-473b-b542-e03c8c2849cc: Sackin index -0.0356; 1691.5 s; peak memory 1246 MiB.
2026-10-08T03:04:16Z INFO [656/750] 69f62431-14a2-428c-bb3b-ba49124f66c7: Sackin index -0.1430; 0.7 s; peak memory 1246 MiB.
2026-10-08T03:04:17Z INFO [657/750] 69f7a6a3-3792-4d7e-9ea0-9e0df6f363f8: Sackin index -0.1349; 1.0 s; peak memory 1246 MiB.
2026-10-08T03:04:17Z INFO [658/750] 69f8dd7a-fc9e-4561-8711-8b17f9704a95: Sackin index -0.1349; 0.7 s; peak memory 1246 MiB.
2026-10-08T03:04:18Z INFO [659/750] 69f95649-914c-4e15-ab63-c8dcebbcdb30: Sackin index -0.0702; 0.8 s; peak memory 1246 MiB.
2026-10-08T03:04:19Z INFO [660/750] 69f99ea3-4152-4dce-a867-99afb4e55d3f: Sackin index -0.0728; 0.9 s; peak memory 1246 MiB.
2026-10-08T03:04:23Z INFO [661/750] 69f9b5f9-92ea-4673-bfa1-a554157430fd: Sackin index -0.0251; 3.9 s; peak memory 1246 MiB.
2026-10-08T03:04:24Z INFO [662/750] 69fa1726-2516-4758-81c6-36154d609b17: Sackin index -0.0376; 1.3 s; peak memory 1246 MiB.
2026-10-08T03:04:25Z INFO [663/750] 69fbc571-1f95-4ab4-8cb8-83b928a2b8b1: Sackin index -0.1174; 0.9 s; peak memory 1246 MiB.
2026-10-08T03:04:27Z INFO [664/750] 69fc8dc4-2a4c-49e5-b01a-72b006a5a1d3: Sackin index -0.1206; 1.5 s; peak memory 1246 MiB.
2026-10-08T03:04:27Z INFO [665/750] 69fc957a-d7de-47ff-bd7a-39be24faa3f7: Sackin index -0.2147; 0.5 s; peak memory 1246 MiB.
2026-10-08T03:06:29Z INFO [666/750] 69fcbb12-fc07-4f4e-a425-f82db2915c4a: Sackin index -0.0410; 121.3 s; peak memory 1246 MiB.
2026-10-08T03:06:29Z INFO [667/750] 69fdcd1f-8a16-40c3-a2ea-5996d68de2fc: Sackin index -0.1356; 0.5 s; peak memory 1246 MiB.
2026-10-08T03:06:30Z INFO [668/750] 69fdfd80-6861-444b-b777-36d7a9114245: Sackin index -0.0377; 0.9 s; peak memory 1246 MiB.
2026-10-08T03:06:34Z INFO [669/750] 69fedb5f-0114-440e-a2c4-844f0303190e: Sackin index -0.0251; 3.5 s; peak memory 1246 MiB.
2026-10-08T03:06:34Z INFO [670/750] 69feef59-0cfd-4fb8-8c97-c81937675c5b: Sackin index -0.0760; 0.7 s; peak memory 1246 MiB.
2026-10-08T03:06:35Z INFO [671/750] 69ffaa1b-278a-4920-aa9a-0796fc3a68dc: Sackin index -0.1030; 1.1 s; peak memory 1246 MiB.
2026-10-08T03:06:41Z INFO [672/750] 6a00c753-49fe-4852-aa40-b92844cc97df: Sackin index -0.0129; 6.0 s; peak memory 1246 MiB.
2026-10-08T03:06:49Z INFO [673/750] 6a016131-817f-4d13-94db-168590dc5b85: Sackin index -0.0029; 8.0 s; peak memory 1246 MiB.
2026-10-08T03:06:50Z INFO [674/750] 6a01790e-4e7a-412f-b953-561001a4c348: Sackin index -0.0382; 0.9 s; peak memory 1246 MiB.
2026-10-08T03:06:51Z INFO [675/750] 6a0185fa-6cde-443f-aadc-66f8c2f37964: Sackin index -0.1349; 0.7 s; peak memory 1246 MiB.
2026-10-08T03:06:52Z INFO [676/750] 6a01fbe8-1b9e-4be3-9799-309cdf598227: Sackin index -0.1349; 0.7 s; peak memory 1246 MiB.
2026-10-08T03:06:52Z INFO [677/750] 6a033776-88e8-4868-a13d-903a8b62a4ef: Sackin index -0.1938; 0.6 s; peak memory 1246 MiB.
2026-10-08T03:06:53Z INFO [678/750] 6a038bac-7db0-440e-8c32-8f46ab1250a7: Sackin index -0.1349; 0.9 s; peak memory 1246 MiB.
2026-10-08T03:08:06Z INFO [679/750] 6a03ef58-e8c6-4a4a-b145-b48ab902ce09: Sackin index -0.0016; 72.7 s; peak memory 1246 MiB.
2026-10-08T03:08:07Z INFO [680/750] 6a043849-d6af-47fb-ad83-4fc5ff41c9eb: Sackin index -0.1349; 0.7 s; peak memory 1246 MiB.
2026-10-08T03:08:08Z INFO [681/750] 6a055d31-bd41-4991-936d-135cf2a65b6f: Sackin index -0.0696; 0.9 s; peak memory 1246 MiB.
2026-10-08T03:08:08Z INFO [682/750] 6a05dd9b-e24d-4305-9665-06c8fcbc7bdf: Sackin index -0.0732; 0.8 s; peak memory 1246 MiB.
2026-10-08T03:08:11Z INFO [683/750] 6a062666-c1b8-4b51-bff4-44ee0bc48b50: Sackin index -0.0318; 2.4 s; peak memory 1246 MiB.
2026-10-08T03:08:11Z INFO [684/750] 6a071d8e-c115-4684-ae5c-567c0cc7570b: Sackin index -0.1448; 0.7 s; peak memory 1246 MiB.
2026-10-08T03:08:13Z INFO [685/750] 6a07e824-f3db-496f-b1e2-578f59e81368: Sackin index -0.0231; 1.2 s; peak memory 1246 MiB.
2026-10-08T03:08:14Z INFO [686/750] 6a090d28-c33e-434b-8a4a-e2622f94ec29: Sackin index -0.0745; 1.2 s; peak memory 1246 MiB.
2026-10-08T03:08:15Z INFO [687/750] 6a09ce94-b73f-48fb-82df-8e779c64cd27: Sackin index -0.0358; 1.4 s; peak memory 1246 MiB.
2026-10-08T03:08:16Z INFO [688/750] 6a0a68dc-587d-44d9-896b-ed8e7e522a1d: Sackin index -0.0709; 1.0 s; peak memory 1246 MiB.
2026-10-08T03:08:17Z INFO [689/750] 6a0a6af5-2969-4820-a2e5-db4e4210bdcf: Sackin index -0.0702; 0.9 s; peak memory 1246 MiB.
2026-10-08T03:08:19Z INFO [690/750] 6a0a934e-8ca9-427b-8d71-c3b68b47684b: Sackin index -0.0660; 2.0 s; peak memory 1246 MiB.
2026-10-08T03:08:20Z INFO [691/750] 6a0abfb9-f5e9-4986-af79-9d29b0c01aea: Sackin index -0.0376; 1.2 s; peak memory 1246 MiB.
2026-10-08T03:08:22Z INFO [692/750] 6a0bae93-d288-4838-b49c-7c060ec2c37e: Sackin index -0.0275; 1.2 s; peak memory 1246 MiB.
2026-10-08T03:08:23Z INFO [693/750] 6a0c756a-c043-425c-a361-cf88c21da28a: Sackin index -0.0696; 0.9 s; peak memory 1246 MiB.
2026-10-08T03:08:27Z INFO [694/750] 6a0d6ef1-e768-4785-bdcc-ba14558c5663: Sackin index -0.0455; 4.9 s; peak memory 1246 MiB.
2026-10-08T03:08:28Z INFO [695/750] 6a0d7f89-ea64-41f9-9808-e1c0e8c1638a: Sackin index -0.0702; 0.9 s; peak memory 1246 MiB.
2026-10-08T03:08:30Z INFO [696/750] 6a0de414-282d-4df1-8b30-1a0c65d835eb: Sackin index -0.0276; 1.2 s; peak memory 1246 MiB.
2026-10-08T03:08:30Z INFO [697/750] 6a0e19ee-5ceb-4756-957e-e699029ab2a1: Sackin index -0.1331; 0.7 s; peak memory 1246 MiB.
2026-10-08T03:08:31Z INFO [698/750] 6a0f552b-07e3-44bc-8e7b-69a9a36f7cd5: Sackin index -0.0696; 0.8 s; peak memory 1246 MiB.
2026-10-08T03:08:36Z INFO [699/750] 6a0f698d-d588-4247-a5cb-ec117b6b00a0: Sackin index -0.0212; 5.0 s; peak memory 1246 MiB.
2026-10-08T03:08:37Z INFO [700/750] 6a0f9370-2cd5-4893-81c2-4cb268049126: Sackin index -0.1349; 0.7 s; peak memory 1246 MiB.
2026-10-08T03:08:37Z INFO [700/750] 6a0f9370-2cd5-4893-81c2-4cb268049126: checkpointed 98036 records.
2026-10-08T03:08:38Z INFO [701/750] 6a101e39-ce85-4346-8f23-a8f9ea582c8a: Sackin index -0.0722; 0.9 s; peak memory 1246 MiB.
2026-10-08T03:08:39Z INFO [702/750] 6a109229-e122-4ce3-a70c-7dd1a86b7656: Sackin index -0.0702; 0.8 s; peak memory 1246 MiB.
2026-10-08T03:08:41Z INFO [703/750] 6a1169a0-dde8-4115-b34b-6c40f225da02: Sackin index -0.0699; 1.8 s; peak memory 1246 MiB.
2026-10-08T03:08:52Z INFO [704/750] 6a11b7c7-549d-43ea-816e-7c5b96c76c2d: Sackin index -0.0105; 11.8 s; peak memory 1246 MiB.
2026-10-08T03:08:53Z INFO [705/750] 6a122346-5fb0-4a59-b039-7a2bc51e5420: Sackin index -0.0944; 0.9 s; peak memory 1246 MiB.
2026-10-08T03:08:57Z INFO [706/750] 6a12511d-a52d-4f72-b02c-63b6b0103623: Sackin index -0.0233; 3.6 s; peak memory 1246 MiB.
2026-10-08T03:09:00Z INFO [707/750] 6a13e315-91c9-40bb-8bbe-e2735382048a: Sackin index -0.0611; 3.3 s; peak memory 1246 MiB.
2026-10-08T03:09:01Z INFO [708/750] 6a1424b8-d1d1-4e2c-89fd-f2070d95a53c: Sackin index -0.1349; 0.7 s; peak memory 1246 MiB.
2026-10-08T03:09:02Z INFO [709/750] 6a155aa7-ddf5-456b-8784-e99ed8545540: Sackin index -0.0391; 0.8 s; peak memory 1246 MiB.
2026-10-08T03:09:02Z INFO [710/750] 6a15a4f0-8a3b-4127-8076-f4e02cdf0d4f: Sackin index -0.1349; 0.7 s; peak memory 1246 MiB.
2026-10-08T03:09:03Z INFO [711/750] 6a15ecf6-45ca-4fd3-8a7d-bb4714447212: Sackin index -0.1349; 0.6 s; peak memory 1246 MiB.
2026-10-08T03:09:04Z INFO [712/750] 6a168b5c-a10e-4051-982b-c004e8ca0695: Sackin index -0.1160; 1.3 s; peak memory 1246 MiB.
2026-10-08T03:09:10Z INFO [713/750] 6a16ad4d-997d-4ab0-ac94-3abf409574f3: Sackin index -0.0439; 5.5 s; peak memory 1246 MiB.
2026-10-08T03:09:11Z INFO [714/750] 6a176d6a-6651-46a8-a3af-63483e062b5e: Sackin index -0.0369; 1.7 s; peak memory 1246 MiB.
2026-10-08T03:09:16Z INFO [715/750] 6a1787f2-53e2-40ea-a7a1-022bda800e30: Sackin index -0.0047; 4.7 s; peak memory 1246 MiB.
2026-10-08T03:09:18Z INFO [716/750] 6a183e01-e09a-4fdb-9938-61ec5d598fdc: Sackin index -0.0681; 1.5 s; peak memory 1246 MiB.
2026-10-08T03:09:18Z INFO [717/750] 6a18ab5c-2b4c-4eab-801e-fad224c6ccc9: Sackin index -0.0702; 0.8 s; peak memory 1246 MiB.
2026-10-08T03:09:19Z INFO [718/750] 6a19321a-df3a-45b6-b8d5-7616f3884b04: Sackin index -0.0728; 1.0 s; peak memory 1246 MiB.
2026-10-08T03:09:20Z INFO [719/750] 6a1b09a8-2b75-4895-9b65-03573eb03a0a: Sackin index -0.1349; 0.7 s; peak memory 1246 MiB.
2026-10-08T03:09:22Z INFO [720/750] 6a1bb1e1-97f1-4c9b-b0c4-d3ee9035325a: Sackin index -0.0660; 1.9 s; peak memory 1246 MiB.
2026-10-08T03:09:23Z INFO [721/750] 6a1c6531-5cbd-4580-bf93-83c26c33da38: Sackin index -0.1349; 0.9 s; peak memory 1246 MiB.
2026-10-08T03:09:24Z INFO [722/750] 6a1da37f-2e81-4ccb-87ad-0933f264ed89: Sackin index -0.0728; 1.1 s; peak memory 1246 MiB.
2026-10-08T03:09:25Z INFO [723/750] 6a1da62f-ae0d-4210-811e-6b4c082d7408: Sackin index -0.1383; 0.9 s; peak memory 1246 MiB.
2026-10-08T03:09:25Z INFO [724/750] 6a1ebf25-3819-4261-87ab-7c6b08bcf774: Sackin index -0.1602; 0.5 s; peak memory 1246 MiB.
2026-10-08T03:09:26Z INFO [725/750] 6a2004a2-dcaa-45a0-bacc-5b420b6935e8: Sackin index -0.0376; 1.0 s; peak memory 1246 MiB.
2026-10-08T03:09:33Z INFO [726/750] 6a20225a-399b-48fd-add6-0735963bfd7e: Sackin index -0.0299; 6.5 s; peak memory 1246 MiB.
2026-10-08T03:09:34Z INFO [727/750] 6a203b5a-cd7d-4289-8c80-11f95ed6f743: Sackin index -0.1383; 1.0 s; peak memory 1246 MiB.
2026-10-08T03:09:35Z INFO [728/750] 6a20935c-9f38-4aaf-ab93-a13b770fbe70: Sackin index -0.0382; 1.1 s; peak memory 1246 MiB.
2026-10-08T03:09:36Z INFO [729/750] 6a20ffe3-5942-40db-8d8a-28cd0f94062b: Sackin index -0.0275; 1.1 s; peak memory 1246 MiB.
2026-10-08T03:09:38Z INFO [730/750] 6a213ead-4b39-43fd-a9a7-942a26b68cee: Sackin index -0.0434; 1.5 s; peak memory 1246 MiB.
2026-10-08T03:09:39Z INFO [731/750] 6a2173cd-f872-4394-b5f1-89cc3c30e670: Sackin index -0.0728; 1.2 s; peak memory 1246 MiB.
2026-10-08T03:09:39Z INFO [732/750] 6a223310-5304-4ef4-8fd8-b43a12a9b43d: Sackin index -0.1349; 0.6 s; peak memory 1246 MiB.
2026-10-08T03:09:40Z INFO [733/750] 6a2297cb-007b-446c-97ba-52824b6a4319: Sackin index -0.0701; 0.8 s; peak memory 1246 MiB.
2026-10-08T03:09:41Z INFO [734/750] 6a22e5ff-427a-4297-a266-b9f277e7040f: Sackin index -0.1239; 0.7 s; peak memory 1246 MiB.
2026-10-08T03:09:42Z INFO [735/750] 6a24d46a-7086-433a-9e16-705036f5babb: Sackin index -0.0379; 0.9 s; peak memory 1246 MiB.
2026-10-08T03:09:42Z INFO [736/750] 6a25126a-1a67-4eda-a704-7562e3509d13: Sackin index -0.1349; 0.7 s; peak memory 1246 MiB.
2026-10-08T03:09:44Z INFO [737/750] 6a25bcaa-20d7-40fb-8b4f-93e71ef782dd: Sackin index -0.0660; 1.8 s; peak memory 1246 MiB.
2026-10-08T03:09:45Z INFO [738/750] 6a25f3ac-47d3-4d13-b48c-7668e7fbe60a: Sackin index -0.1349; 0.7 s; peak memory 1246 MiB.
2026-10-08T03:09:46Z INFO [739/750] 6a274bd5-b254-4b50-b1f8-3ae1b3e5ca2b: Sackin index -0.0376; 1.2 s; peak memory 1246 MiB.
2026-10-08T03:09:47Z INFO [740/750] 6a27812d-d23e-4c92-9753-405725d86a7f: Sackin index -0.0390; 0.7 s; peak memory 1246 MiB.
2026-10-08T03:09:47Z INFO [741/750] 6a281127-892f-47cd-a0d4-078d5bb4577d: Sackin index -0.1178; 0.6 s; peak memory 1246 MiB.
2026-10-08T03:09:54Z INFO [742/750] 6a284f68-f445-4e11-ab9f-c9036ade162a: Sackin index -0.0256; 6.5 s; peak memory 1246 MiB.
2026-10-08T03:37:15Z INFO [743/750] 6a29c76c-6f9a-4af5-8b5a-e10d6599fbdb: Sackin index -0.0451; 1641.5 s; peak memory 1246 MiB.
2026-10-08T03:37:16Z INFO [744/750] 6a2a1282-c0cb-4cf4-a5dc-658bd67cd18f: Sackin index -0.1349; 0.8 s; peak memory 1246 MiB.
2026-10-08T03:37:17Z INFO [745/750] 6a2aa26b-7e1c-4dc5-ae4d-9563d3d94790: Sackin index -0.0709; 0.9 s; peak memory 1246 MiB.
2026-10-08T03:37:19Z INFO [746/750] 6a2b4806-9851-4605-8693-21627c49747d: Sackin index -0.0660; 2.0 s; peak memory 1246 MiB.
2026-10-08T03:37:21Z INFO [747/750] 6a2e65a3-9483-443b-aed1-70f7e14eb80b: Sackin index -0.0877; 1.6 s; peak memory 1246 MiB.
2026-10-08T03:37:22Z INFO [748/750] 6a2f96ac-584f-4094-bca7-e8ec32b245b0: Sackin index -0.1248; 0.8 s; peak memory 1246 MiB.
2026-10-08T03:37:22Z INFO [749/750] 6a300115-03c1-482f-8550-98395bfaec1b: Sackin index -0.0696; 0.7 s; peak memory 1246 MiB.
2026-10-08T03:37:23Z INFO [750/750] 6a30830e-01f4-4dfb-a273-71a8c10a0e08: Sackin index -0.1380; 1.0 s; peak memory 1246 MiB.
2026-10-08T03:37:24Z INFO [750/750] 6a30830e-01f4-4dfb-a273-71a8c10a0e08: checkpointed 98086 records.
2026-10-08T03:37:24Z INFO Wrote 98086 records to /tmp/derivatives/valid_nwb_file_to_sackin_index.jsonl (750 new, 0 failed) in 153.0 min (peak memory 1246 MiB).
