2026-10-05T14:58:50Z INFO Logging to /tmp/logs/update_2026-10-05T14-58-50Z.log.
2026-10-05T14:58:50Z INFO Update valid-nwb-file-to-sackin-index (base directory /tmp).
2026-10-05T14:58:50Z INFO Processing 750 items (78586 already recorded).
2026-10-05T14:58:52Z INFO [1/750] 4199b7aa-37a2-4d5a-8743-855bf5bda3b6: Sackin index -0.0728; 1.5 s; peak memory 114 MiB.
2026-10-05T14:58:53Z INFO [2/750] 4199bf47-fd4e-4ee7-a28a-ff812a6a857e: Sackin index -0.0748; 1.0 s; peak memory 114 MiB.
2026-10-05T14:58:54Z INFO [3/750] 419a2b73-8282-4aa2-ad51-01fe1f1a5607: Sackin index -0.1349; 1.0 s; peak memory 114 MiB.
2026-10-05T14:58:55Z INFO [4/750] 419a829c-bb1f-4e7a-a721-be64376c1c54: Sackin index -0.1349; 0.9 s; peak memory 114 MiB.
2026-10-05T14:58:56Z INFO [5/750] 419b8f2f-a54d-4302-9403-4392900244cd: Sackin index -0.1349; 1.0 s; peak memory 115 MiB.
2026-10-05T14:58:57Z INFO [6/750] 419be602-bf5d-479a-8d6b-16132c7ac9b3: Sackin index -0.1349; 0.8 s; peak memory 115 MiB.
2026-10-05T14:58:57Z INFO [7/750] 419bee56-555c-4741-96f4-a80374286fd8: Sackin index -0.1602; 0.8 s; peak memory 115 MiB.
2026-10-05T14:58:58Z INFO [8/750] 419c2f3a-d054-43e2-b4b1-4791ed642834: Sackin index -0.0626; 1.2 s; peak memory 115 MiB.
2026-10-05T14:58:59Z INFO [9/750] 419c41fa-8671-47fe-9b3b-531f85377c86: Sackin index -0.1191; 0.8 s; peak memory 116 MiB.
2026-10-05T14:59:00Z INFO [10/750] 419ca876-86e4-408a-8cba-546824196aed: Sackin index -0.0881; 1.1 s; peak memory 116 MiB.
2026-10-05T14:59:01Z INFO [11/750] 419d0b1a-c939-4d60-b35c-3285eb20905f: Sackin index -0.0702; 1.0 s; peak memory 116 MiB.
2026-10-05T14:59:02Z INFO [12/750] 419de6a2-022f-4c86-95b0-8bf45ab1d19e: Sackin index -0.1349; 1.0 s; peak memory 116 MiB.
2026-10-05T14:59:07Z INFO [13/750] 419e5148-d2f3-4aae-9f57-eeac1eab4116: Sackin index -0.0188; 4.9 s; peak memory 135 MiB.
2026-10-05T14:59:08Z INFO [14/750] 419ede57-b79f-4550-8b1e-6cf8a67a707c: Sackin index -0.1741; 0.7 s; peak memory 135 MiB.
2026-10-05T14:59:09Z INFO [15/750] 419f655d-e248-4c4f-afab-b45800dd99a7: Sackin index -0.1349; 0.8 s; peak memory 135 MiB.
2026-10-05T14:59:10Z INFO [16/750] 41a01df8-75fd-4cb0-8b6e-1de7d796a8cc: Sackin index -0.0569; 1.1 s; peak memory 135 MiB.
2026-10-05T14:59:11Z INFO [17/750] 41a02123-8811-4378-a99d-411e22df6841: Sackin index -0.0728; 0.9 s; peak memory 136 MiB.
2026-10-05T14:59:12Z INFO [18/750] 41a023bd-7a00-458b-9ff3-ac629346ce13: Sackin index -0.0667; 0.8 s; peak memory 136 MiB.
2026-10-05T14:59:21Z INFO [19/750] 41a107d4-5de4-4c73-a1ee-a677dfbb7df2: Sackin index -0.0240; 9.5 s; peak memory 167 MiB.
2026-10-05T14:59:23Z INFO [20/750] 41a1cd8c-bfe8-450e-b91b-ff14d932aab8: Sackin index -0.0699; 1.9 s; peak memory 167 MiB.
2026-10-05T14:59:25Z INFO [21/750] 41a2a0e3-37dc-41b0-80e1-365a66dadf21: Sackin index -0.0686; 2.0 s; peak memory 167 MiB.
2026-10-05T14:59:26Z INFO [22/750] 41a3017a-e895-4e18-ba84-2283d7c17336: Sackin index -0.1303; 0.7 s; peak memory 167 MiB.
2026-10-05T14:59:27Z INFO [23/750] 41a377e6-676e-48ff-bbc2-162b6c87b393: Sackin index -0.0379; 1.0 s; peak memory 167 MiB.
2026-10-05T14:59:28Z INFO [24/750] 41a3970b-722b-4ce9-bc96-95b03ef21f81: Sackin index -0.0702; 0.9 s; peak memory 167 MiB.
2026-10-05T14:59:32Z INFO [25/750] 41a415bd-1207-4589-a389-7bee0d8de354: Sackin index -0.0403; 4.4 s; peak memory 167 MiB.
2026-10-05T14:59:33Z INFO [26/750] 41a4bfed-5059-44b8-bb47-1ac69a29c84b: Sackin index -0.0375; 1.1 s; peak memory 167 MiB.
2026-10-05T14:59:34Z INFO [27/750] 41a4f7f9-3deb-4c52-a436-8ad0be49d311: Sackin index -0.1567; 0.6 s; peak memory 167 MiB.
2026-10-05T14:59:35Z INFO [28/750] 41a5bca4-8987-4763-9bca-71cfb6996802: Sackin index -0.0434; 1.0 s; peak memory 167 MiB.
2026-10-05T14:59:35Z INFO [29/750] 41a5f2c6-3926-417a-b90e-e0afb2664282: Sackin index -0.1349; 0.8 s; peak memory 167 MiB.
2026-10-05T14:59:36Z INFO [30/750] 41a63c7e-19bc-42aa-abb2-b5b166fff6b4: Sackin index -0.1380; 0.9 s; peak memory 167 MiB.
2026-10-05T14:59:37Z INFO [31/750] 41a69233-5098-4e89-a2b8-c86274132752: Sackin index -0.1349; 0.8 s; peak memory 167 MiB.
2026-10-05T14:59:38Z INFO [32/750] 41a6ba87-c27f-4778-95a0-e186afd5f9d8: Sackin index -0.1349; 0.9 s; peak memory 167 MiB.
2026-10-05T14:59:39Z INFO [33/750] 41a6c2f9-528a-412a-b102-e2bad40310dc: Sackin index -0.1349; 0.7 s; peak memory 167 MiB.
2026-10-05T14:59:39Z INFO [34/750] 41a730dd-2da9-45c7-9374-a6c9e62cadb6: Sackin index -0.1448; 0.7 s; peak memory 167 MiB.
2026-10-05T14:59:40Z INFO [35/750] 41a7b903-b5c5-46c0-b14f-a0b02087d8e2: Sackin index -0.1349; 0.8 s; peak memory 167 MiB.
2026-10-05T14:59:41Z INFO [36/750] 41a867e1-a2fb-4f1d-a55c-58114ded6b33: Sackin index -0.0702; 0.8 s; peak memory 167 MiB.
2026-10-05T14:59:42Z INFO [37/750] 41a87a73-34c7-4547-b927-0a77626719a3: Sackin index -0.0702; 0.9 s; peak memory 167 MiB.
2026-10-05T14:59:43Z INFO [38/750] 41a87c2e-d8d4-45b6-bdf3-f191ed4da5b8: Sackin index -0.1254; 0.7 s; peak memory 167 MiB.
2026-10-05T14:59:49Z INFO [39/750] 41a88113-7a97-4fa6-b398-11a20a427a57: Sackin index -0.0148; 6.2 s; peak memory 167 MiB.
2026-10-05T14:59:51Z INFO [40/750] 41a96616-1699-43c5-a919-ede2c173cbb9: Sackin index -0.0676; 1.8 s; peak memory 167 MiB.
2026-10-05T14:59:51Z INFO [41/750] 41a99cdd-ef71-4419-a621-2345f47402ac: Sackin index -0.1349; 0.8 s; peak memory 167 MiB.
2026-10-05T14:59:53Z INFO [42/750] 41a9ab09-c841-4495-991b-9f82b8204725: Sackin index -0.0728; 1.1 s; peak memory 167 MiB.
2026-10-05T14:59:53Z INFO [43/750] 41a9e7ee-de22-4789-96e2-3a53df4810be: Sackin index -0.1658; 0.5 s; peak memory 167 MiB.
2026-10-05T14:59:55Z INFO [44/750] 41aa58c7-5d61-4c9c-aa31-cffd76da2f2c: Sackin index -0.0686; 1.7 s; peak memory 167 MiB.
2026-10-05T14:59:56Z INFO [45/750] 41aa89f0-c2ec-49d3-95be-a047dd2538ee: Sackin index -0.1349; 0.8 s; peak memory 167 MiB.
2026-10-05T14:59:57Z INFO [46/750] 41ab63c5-7c90-4ca6-8a0c-b3f8081981a3: Sackin index -0.0745; 1.2 s; peak memory 167 MiB.
2026-10-05T14:59:58Z INFO [47/750] 41ac8c76-10de-42f0-b824-ee02082a8c11: Sackin index -0.1349; 0.8 s; peak memory 167 MiB.
2026-10-05T14:59:58Z INFO [48/750] 41aca539-b351-40fd-8c38-7e4442ff75ca: Sackin index -0.1349; 0.8 s; peak memory 167 MiB.
2026-10-05T15:00:01Z INFO [49/750] 41acf188-7041-4cfd-9040-ce0cc53790dd: Sackin index -0.0660; 2.3 s; peak memory 167 MiB.
2026-10-05T15:00:02Z INFO [50/750] 41acf48b-8176-47db-b23e-38dd45f0cd03: Sackin index -0.0728; 1.2 s; peak memory 167 MiB.
2026-10-05T15:00:02Z INFO [50/750] 41acf48b-8176-47db-b23e-38dd45f0cd03: checkpointed 78636 records.
2026-10-05T15:00:04Z INFO [51/750] 41ad69aa-51bf-42b7-94d9-7c05e8795fa1: Sackin index -0.0699; 1.9 s; peak memory 167 MiB.
2026-10-05T15:00:05Z INFO [52/750] 41adb33c-7c6c-42c4-ae02-8b6d42fef8fd: Sackin index -0.1349; 0.8 s; peak memory 167 MiB.
2026-10-05T15:00:05Z INFO [53/750] 41ae67fc-0930-4339-b2cb-7c03e9d56c98: Sackin index -0.0728; 0.7 s; peak memory 167 MiB.
2026-10-05T15:00:06Z INFO [54/750] 41ae9ec8-cc94-4f0c-bee1-95d85611c2ca: Sackin index -0.0728; 0.6 s; peak memory 167 MiB.
2026-10-05T15:00:07Z INFO [55/750] 41b0a985-1dee-40c9-a334-06f3110b87da: Sackin index -0.1349; 0.9 s; peak memory 167 MiB.
2026-10-05T15:00:08Z INFO [56/750] 41b0c622-30f0-41b6-ad6b-ecda6a9e76c5: Sackin index -0.0709; 0.9 s; peak memory 168 MiB.
2026-10-05T15:00:09Z INFO [57/750] 41b186a2-9fb5-41e9-931a-2539cf4689a8: Sackin index -0.0728; 1.2 s; peak memory 168 MiB.
2026-10-05T15:00:10Z INFO [58/750] 41b1b45c-2596-4bb0-98ce-072c78dd38a5: Sackin index -0.1349; 0.9 s; peak memory 168 MiB.
2026-10-05T15:00:11Z INFO [59/750] 41b27802-168b-4ccf-9bac-fa72889d36b5: Sackin index -0.1161; 0.6 s; peak memory 168 MiB.
2026-10-05T15:00:11Z INFO [60/750] 41b2a1a9-c7e7-4f9d-aa37-0350abeefeba: Sackin index -0.1658; 0.6 s; peak memory 168 MiB.
2026-10-05T15:00:12Z INFO [61/750] 41b2aa02-d328-436f-82e5-e064a9376793: Sackin index -0.0702; 1.0 s; peak memory 168 MiB.
2026-10-05T15:00:13Z INFO [62/750] 41b2cbba-9c7d-467c-903b-1bad4ea1293b: Sackin index -0.0387; 1.0 s; peak memory 168 MiB.
2026-10-05T15:02:20Z INFO [63/750] 41b31993-5ae7-43bb-8fc2-fd6ad334c9d7: Sackin index -0.0573; 127.0 s; peak memory 282 MiB.
2026-10-05T15:02:21Z INFO [64/750] 41b3670b-124f-4d82-8291-29e72f00ec1e: Sackin index -0.0702; 0.8 s; peak memory 282 MiB.
2026-10-05T15:02:22Z INFO [65/750] 41b373ae-a840-45ef-a429-20ce4bb6c414: Sackin index -0.2073; 0.7 s; peak memory 282 MiB.
2026-10-05T15:02:28Z INFO [66/750] 41b409fb-3ce9-425f-a7aa-3765f0b1b8ea: Sackin index -0.0017; 6.1 s; peak memory 282 MiB.
2026-10-05T15:02:30Z INFO [67/750] 41b417d2-2168-419e-8347-ebe5cb1d57b1: Sackin index -0.0648; 2.4 s; peak memory 282 MiB.
2026-10-05T15:02:31Z INFO [68/750] 41b49073-c1a5-47cf-b2f4-bf3fbf54b54f: Sackin index -0.1349; 0.8 s; peak memory 282 MiB.
2026-10-05T15:02:33Z INFO [69/750] 41b4a54a-5005-43d9-aaa1-65680568d2af: Sackin index -0.0870; 1.8 s; peak memory 282 MiB.
2026-10-05T15:02:34Z INFO [70/750] 41b522a5-90aa-43e7-89d0-83a7e0dde6a2: Sackin index -0.1349; 0.8 s; peak memory 282 MiB.
2026-10-05T15:02:34Z INFO [71/750] 41b530d9-7f35-414a-a472-955514291c72: Sackin index -0.1658; 0.6 s; peak memory 282 MiB.
2026-10-05T15:02:35Z INFO [72/750] 41b5430b-3063-4081-b189-e30ff4628e30: Sackin index -0.0696; 0.8 s; peak memory 282 MiB.
2026-10-05T15:02:36Z INFO [73/750] 41b575f4-1ae9-4c63-b9f2-0ea668f33b48: Sackin index -0.0696; 0.9 s; peak memory 282 MiB.
2026-10-05T15:02:37Z INFO [74/750] 41b73c2a-5cfe-4167-beda-942b725c15ad: Sackin index -0.0728; 1.0 s; peak memory 282 MiB.
2026-10-05T15:02:37Z INFO [75/750] 41b774cd-e1e3-41f1-8632-90c954bb8dc5: Sackin index -0.1178; 0.6 s; peak memory 282 MiB.
2026-10-05T15:02:39Z INFO [76/750] 41b798a7-0f8d-4acf-9803-a5f047bbb973: Sackin index -0.1273; 1.1 s; peak memory 282 MiB.
2026-10-05T15:02:39Z INFO [77/750] 41ba1a53-4397-425a-998f-505005e9fcac: Sackin index -0.1349; 0.9 s; peak memory 282 MiB.
2026-10-05T15:02:40Z INFO [78/750] 41ba2ccf-9d4d-4773-8212-54c77fdbc5b2: Sackin index -0.2168; 0.6 s; peak memory 282 MiB.
2026-10-05T15:02:41Z INFO [79/750] 41baa904-9d3d-4715-a106-0b7b044221c7: Sackin index -0.0702; 0.8 s; peak memory 282 MiB.
2026-10-05T15:02:53Z INFO [80/750] 41bb1d04-47d2-46e0-b3c5-d9d002cd6b34: Sackin index -0.0084; 12.0 s; peak memory 284 MiB.
2026-10-05T15:02:54Z INFO [81/750] 41bb910c-317e-4bfe-af05-a2798817c6c5: Sackin index -0.1349; 0.8 s; peak memory 284 MiB.
2026-10-05T15:02:55Z INFO [82/750] 41bc1d74-cc85-49d0-a356-303203a20def: Sackin index -0.1349; 1.2 s; peak memory 284 MiB.
2026-10-05T15:03:04Z INFO [83/750] 41bf3a4b-ea1e-409b-b3f6-829569680bdc: Sackin index -0.0127; 9.0 s; peak memory 284 MiB.
2026-10-05T15:03:05Z INFO [84/750] 41bf7926-ef1c-4c57-8199-7370afccee01: Sackin index -0.1349; 0.8 s; peak memory 284 MiB.
2026-10-05T15:03:05Z INFO [85/750] 41c040e3-753c-46f6-86f6-2a0aebc43261: Sackin index -0.1658; 0.5 s; peak memory 284 MiB.
2026-10-05T15:03:06Z INFO [86/750] 41c1b8b4-1e46-4245-8dff-6cce33fe72b7: Sackin index -0.1349; 0.9 s; peak memory 284 MiB.
2026-10-05T15:03:11Z INFO [87/750] 41c2c3f8-312b-46d8-80f3-d91b98bcee47: Sackin index -0.0271; 4.8 s; peak memory 284 MiB.
2026-10-05T15:07:07Z INFO [88/750] 41c2c893-0a3f-49b0-b81c-4edb7516b5eb: Sackin index -0.0435; 236.3 s; peak memory 504 MiB.
2026-10-05T15:07:10Z INFO [89/750] 41c31382-a825-4d2b-a827-8de36d15b327: Sackin index -0.0643; 2.7 s; peak memory 504 MiB.
2026-10-05T15:07:31Z INFO [90/750] 41c36086-bb9c-403f-882b-ecb847ab884b: Sackin index -0.1367; 21.3 s; peak memory 504 MiB.
2026-10-05T15:07:32Z INFO [91/750] 41c39bf0-5ae5-42cc-a5fb-581485e91936: Sackin index -0.1658; 0.7 s; peak memory 504 MiB.
2026-10-05T15:07:33Z INFO [92/750] 41c47e91-c60b-4123-8c19-9fd8eef0b656: Sackin index -0.0952; 1.7 s; peak memory 504 MiB.
2026-10-05T15:07:34Z INFO [93/750] 41c53dab-0f6f-4716-a6f5-f87bb2c424b3: Sackin index -0.1349; 0.9 s; peak memory 504 MiB.
2026-10-05T15:07:36Z INFO [94/750] 41c671a2-e51b-4950-8d39-4b26b7509b85: Sackin index -0.1495; 1.7 s; peak memory 504 MiB.
2026-10-05T15:07:37Z INFO [95/750] 41c6cf79-910c-4fb6-81a3-fde04aec7a28: Sackin index -0.0748; 0.9 s; peak memory 504 MiB.
2026-10-05T15:07:38Z INFO [96/750] 41c6d2e6-0c03-4886-a512-097a2cb19541: Sackin index -0.0702; 0.9 s; peak memory 504 MiB.
2026-10-05T15:07:39Z INFO [97/750] 41c6dee9-9101-474f-a291-4c44e978f53c: Sackin index -0.1349; 0.9 s; peak memory 504 MiB.
2026-10-05T15:07:41Z INFO [98/750] 41c747f8-709f-49a9-9553-6923b37f088b: Sackin index -0.0660; 2.2 s; peak memory 504 MiB.
2026-10-05T15:07:43Z INFO [99/750] 41c799a5-9102-436e-a227-d83fa509e074: Sackin index -0.0694; 2.3 s; peak memory 504 MiB.
2026-10-05T15:07:44Z INFO [100/750] 41c84275-795d-4e3d-a4cb-36cd128f1dbb: Sackin index -0.0387; 1.0 s; peak memory 504 MiB.
2026-10-05T15:07:44Z INFO [100/750] 41c84275-795d-4e3d-a4cb-36cd128f1dbb: checkpointed 78686 records.
2026-10-05T15:07:45Z INFO [101/750] 41c851df-e32b-438e-bdde-0ecea42120b1: Sackin index -0.0702; 1.0 s; peak memory 504 MiB.
2026-10-05T15:07:46Z INFO [102/750] 41c8a306-b1d9-4e7d-a5b6-18772704f004: Sackin index -0.0756; 1.3 s; peak memory 504 MiB.
2026-10-05T15:07:47Z INFO [103/750] 41c99445-3ce4-4bb2-a4e0-2c32283b283a: Sackin index -0.1349; 0.8 s; peak memory 504 MiB.
2026-10-05T15:07:48Z INFO [104/750] 41ca0fcb-3a8e-4e17-8393-1d5ac6e5c03d: Sackin index -0.1349; 0.9 s; peak memory 504 MiB.
2026-10-05T15:07:54Z INFO [105/750] 41cb2013-f8eb-4b5e-8dae-85c1db7e614e: Sackin index -0.0153; 5.6 s; peak memory 504 MiB.
2026-10-05T15:07:55Z INFO [106/750] 41cc115a-740a-44c5-bf23-3827cf333ac6: Sackin index -0.0375; 1.2 s; peak memory 504 MiB.
2026-10-05T15:07:56Z INFO [107/750] 41cc2f80-3ed0-47e9-93a8-2eb7d12dd158: Sackin index -0.1272; 1.3 s; peak memory 504 MiB.
2026-10-05T15:08:02Z INFO [108/750] 41cc57aa-fb7f-4a4e-a9b1-c10ab46ffb78: Sackin index -0.0163; 6.1 s; peak memory 504 MiB.
2026-10-05T15:08:03Z INFO [109/750] 41ccb13a-16f5-41c5-9880-fc187dc7fb16: Sackin index -0.0728; 1.3 s; peak memory 504 MiB.
2026-10-05T15:08:05Z INFO [110/750] 41cd2381-dac2-45ee-b307-0b2012a5f249: Sackin index -0.0276; 1.4 s; peak memory 504 MiB.
2026-10-05T15:08:09Z INFO [111/750] 41ceaa6b-6026-4278-b31f-62fd5c8e42ac: Sackin index -0.0294; 3.8 s; peak memory 504 MiB.
2026-10-05T15:08:09Z INFO [112/750] 41cee94a-86f0-4453-ba26-fafd1cd9ec29: Sackin index -0.1161; 0.6 s; peak memory 504 MiB.
2026-10-05T15:08:10Z INFO [113/750] 41cf3d02-b5f4-4a68-bd5e-42723c52e697: Sackin index -0.1658; 0.5 s; peak memory 504 MiB.
2026-10-05T15:08:11Z INFO [114/750] 41d1240a-5cae-4295-8df0-9101a3bc35ca: Sackin index -0.0702; 0.9 s; peak memory 504 MiB.
2026-10-05T15:08:11Z INFO [115/750] 41d188c0-c706-42fc-8662-82aac1e632c3: Sackin index -0.1135; 0.5 s; peak memory 504 MiB.
2026-10-05T15:08:12Z INFO [116/750] 41d1c03a-d149-4e22-97a4-40763769c276: Sackin index -0.0702; 0.9 s; peak memory 504 MiB.
2026-10-05T15:08:13Z INFO [117/750] 41d28313-ac2a-4b7a-af1d-5677a3af51fe: Sackin index -0.0702; 1.0 s; peak memory 504 MiB.
2026-10-05T15:08:19Z INFO [118/750] 41d2cc43-b4ae-4ad5-b40f-1e8340465427: Sackin index -0.0213; 5.7 s; peak memory 504 MiB.
2026-10-05T15:08:20Z INFO [119/750] 41d3218b-9f03-44fe-91c4-86ec38979252: Sackin index -0.0709; 1.0 s; peak memory 504 MiB.
2026-10-05T15:08:21Z INFO [120/750] 41d3f0f9-3346-4564-bb8e-dbe508beddc1: Sackin index -0.1380; 0.9 s; peak memory 504 MiB.
2026-10-05T15:08:22Z INFO [121/750] 41d4763f-80b1-40a3-a27a-89c3c4ae8bd2: Sackin index -0.1349; 0.9 s; peak memory 504 MiB.
2026-10-05T15:08:22Z INFO [122/750] 41d480ba-27c4-40cf-8651-6b2007114610: Sackin index -0.0702; 0.8 s; peak memory 504 MiB.
2026-10-05T15:08:23Z INFO [123/750] 41d487aa-6eea-41b4-b61b-7ee9a1d1eedf: Sackin index -0.0702; 0.9 s; peak memory 504 MiB.
2026-10-05T15:08:25Z INFO [124/750] 41d4976c-92a2-4fbc-9201-d5cdf04ba179: Sackin index -0.0275; 1.4 s; peak memory 504 MiB.
2026-10-05T15:08:26Z INFO [125/750] 41d55cfa-d05c-4a9f-b830-5eb4171c3d4b: Sackin index -0.0696; 0.7 s; peak memory 504 MiB.
2026-10-05T15:08:26Z INFO [126/750] 41d572d8-af28-4dc5-81ae-b125691a62bd: Sackin index -0.1272; 0.6 s; peak memory 504 MiB.
2026-10-05T15:08:27Z INFO [127/750] 41d6127d-b6bb-40e8-b39c-9923b24fb238: Sackin index -0.1349; 0.7 s; peak memory 504 MiB.
2026-10-05T15:08:28Z INFO [128/750] 41d62c77-8a2b-41b2-911c-1bca5f95e852: Sackin index -0.1208; 0.7 s; peak memory 504 MiB.
2026-10-05T15:08:28Z INFO [129/750] 41d70ef9-8c7b-4dcb-93aa-0fd307646b3d: Sackin index -0.2229; 0.8 s; peak memory 504 MiB.
2026-10-05T15:10:49Z INFO [130/750] 41d7c2aa-aa03-48c4-ab63-cc1b2c234431: Sackin index -0.0305; 140.9 s; peak memory 504 MiB.
2026-10-05T15:10:59Z INFO [131/750] 41d8e5b5-9fd5-4829-8a3f-6e3c2af6b2dc: Sackin index -0.0164; 10.0 s; peak memory 504 MiB.
2026-10-05T15:11:00Z INFO [132/750] 41d92a40-9bce-47e7-a387-4d4063a34ce7: Sackin index -0.0728; 1.2 s; peak memory 504 MiB.
2026-10-05T15:11:02Z INFO [133/750] 41d99642-4917-42ff-9bf0-86c2d7a5b846: Sackin index -0.0702; 1.2 s; peak memory 504 MiB.
2026-10-05T15:11:04Z INFO [134/750] 41d9ee61-9d18-45df-aac5-60babf74f6b4: Sackin index -0.0676; 2.2 s; peak memory 504 MiB.
2026-10-05T15:11:05Z INFO [135/750] 41da7a55-4dfb-480d-ae3c-daa991609016: Sackin index -0.0382; 1.0 s; peak memory 504 MiB.
2026-10-05T15:11:06Z INFO [136/750] 41db3d3e-aba2-4ea4-b0e4-90c964b5754e: Sackin index -0.1349; 0.8 s; peak memory 504 MiB.
2026-10-05T15:11:06Z INFO [137/750] 41dbc6ed-4eb2-43db-a38e-dbc46d72990b: Sackin index -0.1340; 0.7 s; peak memory 504 MiB.
2026-10-05T15:11:08Z INFO [138/750] 41dc5ead-1175-444d-84bd-1a80aeddac95: Sackin index -0.0699; 1.8 s; peak memory 504 MiB.
2026-10-05T15:11:09Z INFO [139/750] 41dcdf66-d25a-4429-afb2-4a2a02ae1fad: Sackin index -0.0702; 1.1 s; peak memory 504 MiB.
2026-10-05T15:11:10Z INFO [140/750] 41dd8f87-4aca-44f8-a5f4-c19266348c8e: Sackin index -0.1349; 0.8 s; peak memory 504 MiB.
2026-10-05T15:11:11Z INFO [141/750] 41dfbd1f-8ada-47cd-a095-669743840497: Sackin index -0.0728; 1.0 s; peak memory 504 MiB.
2026-10-05T15:11:12Z INFO [142/750] 41e00a14-bfa1-40b9-9814-e04babe1bacc: Sackin index -0.0728; 1.3 s; peak memory 504 MiB.
2026-10-05T15:11:13Z INFO [143/750] 41e0728c-c161-4cdd-8701-371b2e405151: Sackin index -0.1658; 0.4 s; peak memory 504 MiB.
2026-10-05T15:11:14Z INFO [144/750] 41e0e65d-2f43-441b-bf26-27b7e900a4e1: Sackin index -0.1349; 0.8 s; peak memory 504 MiB.
2026-10-05T15:11:14Z INFO [145/750] 41e15c52-d34d-4146-a449-2374595bbc83: Sackin index -0.1349; 0.8 s; peak memory 504 MiB.
2026-10-05T15:11:22Z INFO [146/750] 41e1de09-0a10-478b-842f-d27d0344f1da: Sackin index -0.0288; 7.1 s; peak memory 504 MiB.
2026-10-05T15:11:44Z INFO [147/750] 41e1f714-d1e1-45eb-b8ff-9f0bf0378f74: Sackin index -0.1367; 22.0 s; peak memory 504 MiB.
2026-10-05T15:11:48Z INFO [148/750] 41e20797-243e-42d7-bf5c-0e4c50531311: Sackin index -0.0045; 4.0 s; peak memory 504 MiB.
2026-10-05T15:11:48Z INFO [149/750] 41e24988-ca32-4369-8d45-056d8fcd6112: Sackin index -0.1349; 0.9 s; peak memory 504 MiB.
2026-10-05T15:11:49Z INFO [150/750] 41e25ba8-22c2-46b0-a039-43762618f226: Sackin index -0.1349; 0.8 s; peak memory 504 MiB.
2026-10-05T15:11:49Z INFO [150/750] 41e25ba8-22c2-46b0-a039-43762618f226: checkpointed 78736 records.
2026-10-05T15:11:51Z INFO [151/750] 41e2d4db-ff29-4853-8f05-226a63878509: Sackin index -0.0376; 1.2 s; peak memory 504 MiB.
2026-10-05T15:11:53Z INFO [152/750] 41e442c9-1d96-4dc2-867a-c1425787e272: Sackin index -0.0660; 2.4 s; peak memory 504 MiB.
2026-10-05T15:11:54Z INFO [153/750] 41e466d7-61c1-48e6-9778-6e7a5e78c16d: Sackin index -0.0702; 0.9 s; peak memory 504 MiB.
2026-10-05T15:11:55Z INFO [154/750] 41e4c736-9d4d-4e07-9dd3-953f757781bb: Sackin index -0.0709; 0.9 s; peak memory 504 MiB.
2026-10-05T15:11:56Z INFO [155/750] 41e5ccac-3fc2-44f0-9bfd-feca736c0fa9: Sackin index -0.1349; 1.0 s; peak memory 504 MiB.
2026-10-05T15:11:59Z INFO [156/750] 41e5d500-016c-4fa2-8a35-b7b8cb29d1df: Sackin index -0.0643; 2.7 s; peak memory 504 MiB.
2026-10-05T15:11:59Z INFO [157/750] 41e5f340-f10e-42fb-b9c4-7c073c514843: Sackin index -0.0382; 0.8 s; peak memory 504 MiB.
2026-10-05T15:12:00Z INFO [158/750] 41e64dec-082b-45b0-be27-7ff0aa42aac3: Sackin index -0.0745; 1.1 s; peak memory 504 MiB.
2026-10-05T15:12:02Z INFO [159/750] 41e6b194-559e-46fb-92bf-6d31b3cc82d4: Sackin index -0.1938; 1.4 s; peak memory 504 MiB.
2026-10-05T15:12:03Z INFO [160/750] 41e6b3b9-0b83-43b9-9f46-b8a11671ae85: Sackin index -0.1349; 0.8 s; peak memory 504 MiB.
2026-10-05T15:12:04Z INFO [161/750] 41e6df6f-b9ad-4ce8-a025-0aacd587366b: Sackin index -0.1938; 1.7 s; peak memory 504 MiB.
2026-10-05T15:12:06Z INFO [162/750] 41e83d44-7092-41fd-a4b9-7399d491ecd3: Sackin index -0.0681; 1.6 s; peak memory 504 MiB.
2026-10-05T15:12:07Z INFO [163/750] 41e88e87-9cd5-42de-b028-21b455dd71d1: Sackin index -0.1331; 0.7 s; peak memory 504 MiB.
2026-10-05T15:12:08Z INFO [164/750] 41e99179-5ce8-4ae8-b8ac-7bd3d70d6d46: Sackin index -0.1349; 1.0 s; peak memory 504 MiB.
2026-10-05T15:27:19Z INFO [165/750] 41ea511b-d127-41ce-b9bc-4a9284fad224: Sackin index -0.0520; 911.1 s; peak memory 1208 MiB.
2026-10-05T15:27:20Z INFO [166/750] 41ea8b4e-8afa-419e-aebe-b3c7198db223: Sackin index -0.0702; 1.0 s; peak memory 1208 MiB.
2026-10-05T15:27:38Z INFO [167/750] 41eaa854-80ad-4db7-9fbb-bec7750baa97: Sackin index -0.1367; 18.3 s; peak memory 1208 MiB.
2026-10-05T15:27:53Z INFO [168/750] 41eab0ff-42d6-4463-b293-b9f06b07be66: Sackin index -0.0149; 14.9 s; peak memory 1208 MiB.
2026-10-05T15:27:54Z INFO [169/750] 41eb0202-4e75-4983-877c-331ad8152251: Sackin index -0.0709; 1.0 s; peak memory 1208 MiB.
2026-10-05T15:27:55Z INFO [170/750] 41ed97e7-e6b5-4d0a-a8dd-3904e53ce85b: Sackin index -0.1349; 0.9 s; peak memory 1208 MiB.
2026-10-05T15:27:56Z INFO [171/750] 41ee3502-697f-4367-8da3-e6a5b45ced06: Sackin index -0.1655; 0.8 s; peak memory 1208 MiB.
2026-10-05T15:27:57Z INFO [172/750] 41ef3e60-ff5d-4f8b-a148-62806429505c: Sackin index -0.0696; 0.9 s; peak memory 1208 MiB.
2026-10-05T15:27:59Z INFO [173/750] 41ef9380-bb65-4c4c-85b7-80e0183faeb6: Sackin index -0.0358; 2.1 s; peak memory 1208 MiB.
2026-10-05T15:28:00Z INFO [174/750] 41f01b26-1918-405c-9878-84a018aadc0a: Sackin index -0.0728; 1.4 s; peak memory 1208 MiB.
2026-10-05T15:28:01Z INFO [175/750] 41f096db-fb24-43b7-b80b-a66ede477791: Sackin index -0.0702; 0.9 s; peak memory 1208 MiB.
2026-10-05T15:28:02Z INFO [176/750] 41f0ac85-477f-4473-92b7-27dfa23b7670: Sackin index -0.0483; 1.4 s; peak memory 1208 MiB.
2026-10-05T15:28:03Z INFO [177/750] 41f0d534-7794-4bac-b76f-5a788a89ff85: Sackin index -0.1361; 0.7 s; peak memory 1208 MiB.
2026-10-05T15:28:05Z INFO [178/750] 41f19daf-9c91-40df-ac0c-ca8e05e2fd3b: Sackin index -0.1224; 1.6 s; peak memory 1208 MiB.
2026-10-05T15:28:06Z INFO [179/750] 41f29809-50d8-4a0f-939d-0250660fe90d: Sackin index -0.0369; 1.8 s; peak memory 1208 MiB.
2026-10-05T15:28:09Z INFO [180/750] 41f35892-de3c-49b0-81d0-a662a7c309ee: Sackin index -0.0660; 2.1 s; peak memory 1208 MiB.
2026-10-05T15:28:10Z INFO [181/750] 41f35c71-927b-489f-9116-be74eae1abc6: Sackin index -0.1183; 1.6 s; peak memory 1208 MiB.
2026-10-05T15:28:18Z INFO [182/750] 41f36455-1483-4435-8f86-f18634db56fe: Sackin index -0.0189; 7.7 s; peak memory 1208 MiB.
2026-10-05T15:28:19Z INFO [183/750] 41f3ac45-c645-4245-aa87-57440a4ff582: Sackin index -0.1349; 0.8 s; peak memory 1208 MiB.
2026-10-05T15:28:20Z INFO [184/750] 41f42e89-c12c-4d3e-a176-bfd81ad16b57: Sackin index -0.1273; 1.2 s; peak memory 1208 MiB.
2026-10-05T15:28:21Z INFO [185/750] 41f44dd6-ab98-424f-a336-8be7433cf469: Sackin index -0.1349; 1.0 s; peak memory 1208 MiB.
2026-10-05T15:28:21Z INFO [186/750] 41f46c9f-c477-45bf-8de8-22aac4b90a6a: Sackin index -0.1658; 0.5 s; peak memory 1208 MiB.
2026-10-05T15:28:22Z INFO [187/750] 41f484a4-5ff1-460b-82c8-40d469b02d59: Sackin index -0.0728; 1.0 s; peak memory 1208 MiB.
2026-10-05T15:28:26Z INFO [188/750] 41f52e12-802c-49c9-b2b5-de0e5f4d4a1a: Sackin index -0.0779; 3.5 s; peak memory 1208 MiB.
2026-10-05T15:28:27Z INFO [189/750] 41f53669-63dd-472a-8295-9db053c1ddf9: Sackin index -0.0369; 1.5 s; peak memory 1208 MiB.
2026-10-05T15:28:29Z INFO [190/750] 41f57345-5bbe-47da-ac5d-7ba339f5aca3: Sackin index -0.1120; 1.7 s; peak memory 1208 MiB.
2026-10-05T15:28:30Z INFO [191/750] 41f58a06-2c04-4d74-a59a-e9f816037d1e: Sackin index -0.1448; 0.6 s; peak memory 1208 MiB.
2026-10-05T15:28:30Z INFO [192/750] 41f60b27-a76f-419b-97d2-f998ac0ff908: Sackin index -0.1349; 0.9 s; peak memory 1208 MiB.
2026-10-05T15:28:34Z INFO [193/750] 41f6bfde-0efb-43ab-b05c-aff05811fd6d: Sackin index -0.0257; 3.8 s; peak memory 1208 MiB.
2026-10-05T15:28:35Z INFO [194/750] 41f74b39-4b55-4a2c-95e7-44a5dfa3d763: Sackin index -0.0702; 1.0 s; peak memory 1208 MiB.
2026-10-05T15:28:36Z INFO [195/750] 41f7539a-8d6e-40d3-9e2c-a14f0dd91f50: Sackin index -0.1291; 1.3 s; peak memory 1208 MiB.
2026-10-05T15:28:37Z INFO [196/750] 41f7f76f-9838-4b4c-a9b4-d722c45dad0c: Sackin index -0.1349; 0.9 s; peak memory 1208 MiB.
2026-10-05T15:28:42Z INFO [197/750] 41f87127-b132-4282-935a-4d4e91a30430: Sackin index -0.0201; 4.8 s; peak memory 1208 MiB.
2026-10-05T15:28:43Z INFO [198/750] 41f894af-8739-46a7-8bc3-8ea3a0d77950: Sackin index -0.0696; 0.8 s; peak memory 1208 MiB.
2026-10-05T15:28:44Z INFO [199/750] 41f8a1d9-603d-460c-a2e1-094b2c98b834: Sackin index -0.1349; 0.8 s; peak memory 1208 MiB.
2026-10-05T15:28:45Z INFO [200/750] 41f92cbf-8430-46c5-86ac-17c068a80080: Sackin index -0.1248; 1.0 s; peak memory 1208 MiB.
2026-10-05T15:28:45Z INFO [200/750] 41f92cbf-8430-46c5-86ac-17c068a80080: checkpointed 78786 records.
2026-10-05T15:28:46Z INFO [201/750] 41f98088-6518-4793-b0db-dac2dabe729e: Sackin index -0.0369; 1.5 s; peak memory 1208 MiB.
2026-10-05T15:28:47Z INFO [202/750] 41fa37d3-0240-43c8-a887-56d534474d34: Sackin index -0.1349; 0.8 s; peak memory 1208 MiB.
2026-10-05T15:28:48Z INFO [203/750] 41fa8c60-7d18-4e85-980f-984943c40988: Sackin index -0.1349; 0.8 s; peak memory 1208 MiB.
2026-10-05T15:28:49Z INFO [204/750] 41fa9971-3c82-4f81-8172-9aa4c4a5f881: Sackin index -0.1658; 0.6 s; peak memory 1208 MiB.
2026-10-05T15:28:49Z INFO [205/750] 41fb1c44-5f86-4a2a-b848-44366dd1702d: Sackin index -0.1349; 0.8 s; peak memory 1208 MiB.
2026-10-05T15:28:50Z INFO [206/750] 41fb5d09-3571-4438-bbb3-7f5f71673e04: Sackin index -0.1349; 0.8 s; peak memory 1208 MiB.
2026-10-05T15:29:18Z INFO [207/750] 41fba37c-23be-4ab0-9430-d66c8e76d6c5: Sackin index -0.1367; 27.9 s; peak memory 1208 MiB.
2026-10-05T15:29:20Z INFO [208/750] 41fdd21e-c6ac-497f-850f-312a849ad3f9: Sackin index -0.0660; 2.4 s; peak memory 1208 MiB.
2026-10-05T15:29:22Z INFO [209/750] 41ff1755-470d-4689-8f18-154e7742f4e3: Sackin index -0.0275; 1.2 s; peak memory 1208 MiB.
2026-10-05T15:29:22Z INFO [210/750] 41ff69ef-fdc6-443d-92af-5811482a7445: Sackin index -0.1239; 0.7 s; peak memory 1208 MiB.
2026-10-05T15:29:23Z INFO [211/750] 41fffc6b-95f0-4448-8155-75a193264f1d: Sackin index -0.0709; 0.9 s; peak memory 1208 MiB.
2026-10-05T15:29:24Z INFO [212/750] 42003720-f1f5-4731-8d82-c80c0eb7e577: Sackin index -0.1349; 0.7 s; peak memory 1208 MiB.
2026-10-05T15:29:25Z INFO [213/750] 4200e439-cc09-4638-b841-b9f3b5c1182a: Sackin index -0.0383; 1.1 s; peak memory 1208 MiB.
2026-10-05T15:29:27Z INFO [214/750] 4200e5f7-3bc9-4db7-9391-c6b7ea58b403: Sackin index -0.0660; 2.1 s; peak memory 1208 MiB.
2026-10-05T15:29:28Z INFO [215/750] 42020b74-2606-455b-a672-057c13ecc12a: Sackin index -0.1383; 0.9 s; peak memory 1208 MiB.
2026-10-05T15:29:30Z INFO [216/750] 4202259a-14a0-4a3d-8507-e7561f34a55f: Sackin index -0.0515; 1.7 s; peak memory 1208 MiB.
2026-10-05T15:29:31Z INFO [217/750] 42026610-39a6-42d7-9dc7-044b6e64fae5: Sackin index -0.1349; 0.9 s; peak memory 1208 MiB.
2026-10-05T15:29:32Z INFO [218/750] 4203ac85-8ca5-4aef-828f-a33de3db2bf4: Sackin index -0.0728; 0.9 s; peak memory 1208 MiB.
2026-10-05T15:29:32Z INFO [219/750] 4203c4a2-c777-4bc2-974e-c5c2ebf3f323: Sackin index -0.1234; 0.8 s; peak memory 1208 MiB.
2026-10-05T15:29:33Z INFO [220/750] 420440c5-6481-45e7-8d98-8596178d6d81: Sackin index -0.0696; 1.0 s; peak memory 1208 MiB.
2026-10-05T15:29:35Z INFO [221/750] 42048c77-40c1-447f-b171-55c9b180e104: Sackin index -0.1072; 1.4 s; peak memory 1208 MiB.
2026-10-05T15:29:38Z INFO [222/750] 42050cae-0ac6-4e9a-921f-97e6f25c8af5: Sackin index -0.0403; 3.7 s; peak memory 1208 MiB.
2026-10-05T15:29:40Z INFO [223/750] 4206ae06-08d9-4d65-b1e9-80657f398abc: Sackin index -0.0365; 1.4 s; peak memory 1208 MiB.
2026-10-05T15:29:41Z INFO [224/750] 4208dd41-7931-42d8-9a8e-86e99bcbf661: Sackin index -0.0275; 1.3 s; peak memory 1208 MiB.
2026-10-05T15:29:42Z INFO [225/750] 4208fc9e-860a-4955-8958-41f2c360a456: Sackin index -0.1349; 0.7 s; peak memory 1208 MiB.
2026-10-05T15:29:43Z INFO [226/750] 420904d5-acc8-4e04-85d2-38f2c114593c: Sackin index -0.0728; 1.1 s; peak memory 1208 MiB.
2026-10-05T15:29:50Z INFO [227/750] 4209543f-104d-47c6-91b1-d364f98e9a4a: Sackin index -0.0292; 6.9 s; peak memory 1208 MiB.
2026-10-05T15:29:51Z INFO [228/750] 420a82b4-c127-4218-936b-c5d52d443843: Sackin index -0.0369; 1.5 s; peak memory 1208 MiB.
2026-10-05T15:29:52Z INFO [229/750] 420b10bc-3606-458b-b242-41ad78c164f3: Sackin index -0.1239; 0.7 s; peak memory 1208 MiB.
2026-10-05T15:30:00Z INFO [230/750] 420ccfb1-4332-48e8-8ae3-fff9b7282af0: Sackin index -0.0111; 7.8 s; peak memory 1208 MiB.
2026-10-05T15:30:01Z INFO [231/750] 420d1fac-da90-436b-a879-34698dd58124: Sackin index -0.1492; 0.9 s; peak memory 1208 MiB.
2026-10-05T15:30:02Z INFO [232/750] 420d224f-32f4-47a0-8470-e5c4b657b7df: Sackin index -0.0377; 0.9 s; peak memory 1208 MiB.
2026-10-05T15:30:03Z INFO [233/750] 420d9645-86ab-473c-a03d-abda1f0cf0a6: Sackin index -0.0172; 1.6 s; peak memory 1208 MiB.
2026-10-05T15:30:22Z INFO [234/750] 420ece64-9fce-4399-9c33-150292b3674f: Sackin index -0.1367; 19.1 s; peak memory 1208 MiB.
2026-10-05T15:30:31Z INFO [235/750] 420ff343-c900-451b-9b3a-27ac44ce434b: Sackin index -0.0105; 8.1 s; peak memory 1208 MiB.
2026-10-05T15:30:31Z INFO [236/750] 421181d0-285d-40eb-805d-13f00a657d5a: Sackin index -0.0728; 1.0 s; peak memory 1208 MiB.
2026-10-05T15:30:32Z INFO [237/750] 4211b254-45dd-49f5-a967-2793045251f6: Sackin index -0.1266; 0.7 s; peak memory 1208 MiB.
2026-10-05T15:32:28Z INFO [238/750] 42123688-0276-4bc9-b2d0-604b2bbf1b77: Sackin index -0.0573; 116.2 s; peak memory 1208 MiB.
2026-10-05T15:32:29Z INFO [239/750] 4212fb99-61f2-4c4b-a5d3-655f733d5833: Sackin index -0.1201; 0.7 s; peak memory 1208 MiB.
2026-10-05T15:32:30Z INFO [240/750] 4214cd66-c6cc-40e1-8884-163a6cde5fb3: Sackin index -0.0779; 1.3 s; peak memory 1208 MiB.
2026-10-05T15:32:31Z INFO [241/750] 4214efad-b55d-4b84-b1dc-d5d852de74f0: Sackin index -0.0811; 0.8 s; peak memory 1208 MiB.
2026-10-05T15:32:32Z INFO [242/750] 4215858f-cf16-4c58-94f9-3347ececc89f: Sackin index -0.0702; 0.8 s; peak memory 1208 MiB.
2026-10-05T15:32:33Z INFO [243/750] 42159a6c-f5f0-4eea-8f9e-3dea2a755ab2: Sackin index -0.0375; 1.1 s; peak memory 1208 MiB.
2026-10-05T15:32:34Z INFO [244/750] 421632ef-0a57-4545-bdf0-70eb96228c35: Sackin index -0.0702; 0.9 s; peak memory 1208 MiB.
2026-10-05T15:32:35Z INFO [245/750] 4216523b-193b-4e0b-8705-bea06ebf936d: Sackin index -0.0379; 0.9 s; peak memory 1208 MiB.
2026-10-05T15:32:37Z INFO [246/750] 4216c4b3-7da5-431e-9bf0-ef0b810027c5: Sackin index -0.0660; 2.2 s; peak memory 1208 MiB.
2026-10-05T15:32:38Z INFO [247/750] 42180d4d-a5a7-41a5-984e-28bb662cc7a1: Sackin index -0.0752; 1.3 s; peak memory 1208 MiB.
2026-10-05T15:32:39Z INFO [248/750] 4218d2d0-c0b2-4724-a7cc-66600a8005d1: Sackin index -0.1248; 0.7 s; peak memory 1208 MiB.
2026-10-05T15:32:40Z INFO [249/750] 42199040-cf10-42d1-a459-94a44ecdae38: Sackin index -0.1120; 0.6 s; peak memory 1208 MiB.
2026-10-05T15:32:41Z INFO [250/750] 4219e645-73b4-4710-88f4-6e6395846389: Sackin index -0.1349; 0.9 s; peak memory 1208 MiB.
2026-10-05T15:32:41Z INFO [250/750] 4219e645-73b4-4710-88f4-6e6395846389: checkpointed 78836 records.
2026-10-05T15:32:42Z INFO [251/750] 421a3ea9-8f3b-4ccd-b54f-5374b3bf0064: Sackin index -0.1602; 0.8 s; peak memory 1208 MiB.
2026-10-05T15:32:47Z INFO [252/750] 421a666d-520f-4416-bc73-4d352eb407bc: Sackin index -0.0476; 4.9 s; peak memory 1208 MiB.
2026-10-05T15:37:12Z INFO [253/750] 421ad9e8-dbaf-411a-8241-e465bba0d7db: Sackin index -0.1321; 265.5 s; peak memory 1208 MiB.
2026-10-05T15:37:13Z INFO [254/750] 421b10d5-aa8b-4b73-be6e-04e173b4504e: Sackin index -0.0369; 1.4 s; peak memory 1208 MiB.
2026-10-05T15:37:15Z INFO [255/750] 421c3338-084a-4d37-a131-c5e51a1bc5f1: Sackin index -0.1273; 1.1 s; peak memory 1208 MiB.
2026-10-05T15:37:17Z INFO [256/750] 421c79b4-cbcf-4448-b585-e5ee2d5db2a1: Sackin index -0.0869; 2.9 s; peak memory 1208 MiB.
2026-10-05T15:37:18Z INFO [257/750] 421ce4ba-50cc-4d94-8863-4cc3ce30ab7f: Sackin index -0.0702; 0.9 s; peak memory 1208 MiB.
2026-10-05T15:37:21Z INFO [258/750] 421dac8e-fe60-41bf-9126-b26c32b7c12f: Sackin index -0.0660; 2.5 s; peak memory 1208 MiB.
2026-10-05T15:37:25Z INFO [259/750] 421dd1c3-1b67-456d-a0dd-a35c0ad7c35b: Sackin index -0.0439; 4.6 s; peak memory 1208 MiB.
2026-10-05T15:37:27Z INFO [260/750] 421dd2d3-668a-4efc-819a-938a60f54a77: Sackin index -0.0728; 1.1 s; peak memory 1208 MiB.
2026-10-05T15:37:29Z INFO [261/750] 421e6caf-e268-4ce7-90f5-c46f87b4cdb2: Sackin index -0.0335; 2.5 s; peak memory 1208 MiB.
2026-10-05T15:37:30Z INFO [262/750] 421ead95-cd02-45b6-8d56-d8c6fed28da4: Sackin index -0.1349; 0.9 s; peak memory 1208 MiB.
2026-10-05T15:37:31Z INFO [263/750] 421ec3f8-3f6f-4513-be4a-15966b5b7026: Sackin index -0.1120; 0.7 s; peak memory 1208 MiB.
2026-10-05T15:37:36Z INFO [264/750] 421f105e-4979-4df3-82e9-a70c10eeb0c7: Sackin index -0.0361; 5.4 s; peak memory 1208 MiB.
2026-10-05T15:37:37Z INFO [265/750] 421f9424-a333-47d1-b0c2-c4066f914a76: Sackin index -0.1349; 0.9 s; peak memory 1208 MiB.
2026-10-05T15:37:38Z INFO [266/750] 42202ca5-fbe1-4269-8ed5-c5dffd93139d: Sackin index -0.0702; 0.8 s; peak memory 1208 MiB.
2026-10-05T15:37:39Z INFO [267/750] 42206d3d-0c51-45da-8ed1-877798923406: Sackin index -0.0377; 0.9 s; peak memory 1208 MiB.
2026-10-05T15:37:45Z INFO [268/750] 422106b7-1b8f-4eaf-8a2f-b85d16980d33: Sackin index -0.0022; 6.2 s; peak memory 1208 MiB.
2026-10-05T15:37:46Z INFO [269/750] 4221acd3-d956-4b48-9273-847a366714bf: Sackin index -0.1044; 1.3 s; peak memory 1208 MiB.
2026-10-05T15:37:47Z INFO [270/750] 4221b983-fcc2-4c47-924d-272f2df3d926: Sackin index -0.0702; 1.1 s; peak memory 1208 MiB.
2026-10-05T15:37:50Z INFO [271/750] 4223280d-13ab-484d-9cbc-ccd4f1f655e5: Sackin index -0.0378; 2.5 s; peak memory 1208 MiB.
2026-10-05T15:37:51Z INFO [272/750] 4224141b-2052-44ec-bc89-3aeedf4ba82b: Sackin index -0.0738; 1.4 s; peak memory 1208 MiB.
2026-10-05T15:37:53Z INFO [273/750] 4224f2c1-8f1a-4a69-b384-d67e13808c25: Sackin index -0.0718; 1.8 s; peak memory 1208 MiB.
2026-10-05T15:37:55Z INFO [274/750] 4225a5ff-06df-4d2d-a263-66f34d5d5bda: Sackin index -0.0660; 2.2 s; peak memory 1208 MiB.
2026-10-05T15:37:56Z INFO [275/750] 42284672-ee11-45ba-8a85-0d725e2f7a5e: Sackin index -0.0376; 0.9 s; peak memory 1208 MiB.
2026-10-05T15:37:58Z INFO [276/750] 42285262-cedd-45d9-8dff-8bd988bdbcce: Sackin index -0.0699; 2.0 s; peak memory 1208 MiB.
2026-10-05T15:37:59Z INFO [277/750] 4228ce76-5c68-4982-b868-0d2df15f48ab: Sackin index -0.1349; 1.1 s; peak memory 1208 MiB.
2026-10-05T15:38:05Z INFO [278/750] 422956d9-0d48-484e-b79a-ad2563008e51: Sackin index -0.0439; 5.6 s; peak memory 1208 MiB.
2026-10-05T15:38:06Z INFO [279/750] 422ad0d6-1307-4916-bcc8-4f4f055173ea: Sackin index -0.0702; 1.0 s; peak memory 1208 MiB.
2026-10-05T15:38:07Z INFO [280/750] 422bda01-3601-4f85-abd1-1426a80ea61b: Sackin index -0.0728; 1.1 s; peak memory 1208 MiB.
2026-10-05T15:38:09Z INFO [281/750] 422ca20f-2bf0-405f-86de-1f3c23be59be: Sackin index -0.0842; 2.2 s; peak memory 1208 MiB.
2026-10-05T15:38:10Z INFO [282/750] 422d1197-bc60-495d-97b4-20cb48cf053d: Sackin index -0.0696; 0.9 s; peak memory 1208 MiB.
2026-10-05T15:38:11Z INFO [283/750] 422d63c1-4244-4ca0-94b8-103851007b9b: Sackin index -0.0702; 1.0 s; peak memory 1208 MiB.
2026-10-05T15:38:12Z INFO [284/750] 422d797e-db1c-4d3a-a241-1a8b10de852c: Sackin index -0.0375; 1.2 s; peak memory 1208 MiB.
2026-10-05T15:38:13Z INFO [285/750] 422e79e5-0293-4c58-a5ec-f29e182a5c3e: Sackin index -0.0371; 0.9 s; peak memory 1208 MiB.
2026-10-05T15:38:13Z INFO [286/750] 422f5c1b-8786-406b-9437-2b137b8d4cc6: Sackin index -0.1448; 0.6 s; peak memory 1208 MiB.
2026-10-05T15:38:17Z INFO [287/750] 422fb58a-bef1-4cdd-9f8b-f4a8b2b4bf06: Sackin index -0.0411; 3.8 s; peak memory 1208 MiB.
2026-10-05T15:38:18Z INFO [288/750] 42311e94-d231-44ec-a7de-fcd1011486a4: Sackin index -0.0702; 1.0 s; peak memory 1208 MiB.
2026-10-05T15:38:20Z INFO [289/750] 42326ab9-b963-42f5-a50a-63338eea1062: Sackin index -0.1938; 1.9 s; peak memory 1208 MiB.
2026-10-05T15:38:22Z INFO [290/750] 4232dda1-c9f1-47cc-8547-c6eea206543a: Sackin index -0.1026; 1.5 s; peak memory 1208 MiB.
2026-10-05T15:38:23Z INFO [291/750] 42337471-d80e-4fac-a073-dba71b1aad74: Sackin index -0.1269; 1.1 s; peak memory 1208 MiB.
2026-10-05T15:38:24Z INFO [292/750] 42351e18-5aa4-48e4-b085-2e33a981ac32: Sackin index -0.1349; 0.8 s; peak memory 1208 MiB.
2026-10-05T15:38:25Z INFO [293/750] 4235c9cf-a0c6-4786-8de2-1a358b269457: Sackin index -0.0748; 0.9 s; peak memory 1208 MiB.
2026-10-05T15:38:26Z INFO [294/750] 4235d9ef-cba3-48b3-8cdb-fcc117c989c8: Sackin index -0.0728; 1.0 s; peak memory 1208 MiB.
2026-10-05T15:38:27Z INFO [295/750] 4236486b-386e-417b-85e7-69094965c917: Sackin index -0.0718; 1.9 s; peak memory 1208 MiB.
2026-10-05T15:38:28Z INFO [296/750] 4236725c-729d-475d-8a5c-313c90acc2fc: Sackin index -0.1349; 0.8 s; peak memory 1208 MiB.
2026-10-05T15:38:29Z INFO [297/750] 42369937-dcfe-4b4b-b79f-f5c8cfb5e33b: Sackin index -0.1349; 0.9 s; peak memory 1208 MiB.
2026-10-05T15:38:30Z INFO [298/750] 4237f748-0d41-4be7-8d5a-73f77ca14c44: Sackin index -0.0376; 1.3 s; peak memory 1208 MiB.
2026-10-05T15:38:31Z INFO [299/750] 42380fbd-1eba-4de9-9ca4-cc77170a5bc3: Sackin index -0.0891; 1.0 s; peak memory 1208 MiB.
2026-10-05T15:38:33Z INFO [300/750] 4238caaa-93bb-4b36-8321-3fab37f0a304: Sackin index -0.0246; 1.9 s; peak memory 1208 MiB.
2026-10-05T15:38:34Z INFO [300/750] 4238caaa-93bb-4b36-8321-3fab37f0a304: checkpointed 78886 records.
2026-10-05T15:38:37Z INFO [301/750] 4238e0b6-ba49-4503-b6b6-f835f3ae03d8: Sackin index -0.0403; 3.5 s; peak memory 1208 MiB.
2026-10-05T15:38:43Z INFO [302/750] 4239c27c-3322-450a-a747-7c4add524de6: Sackin index -0.0940; 6.3 s; peak memory 1208 MiB.
2026-10-05T15:38:44Z INFO [303/750] 423a1631-fe83-4e2a-bc02-89ffbd5bf73f: Sackin index -0.1349; 0.8 s; peak memory 1208 MiB.
2026-10-05T15:38:45Z INFO [304/750] 423a9661-9e34-45a4-90ad-dad86ffedbdb: Sackin index -0.1349; 1.1 s; peak memory 1208 MiB.
2026-10-05T15:38:46Z INFO [305/750] 423d8444-70fb-44da-8f73-45531c517d94: Sackin index -0.0728; 1.0 s; peak memory 1208 MiB.
2026-10-05T15:38:47Z INFO [306/750] 423fc45c-6ba3-4ead-981c-13be606312bd: Sackin index -0.1349; 0.8 s; peak memory 1208 MiB.
2026-10-05T15:38:49Z INFO [307/750] 424021ce-3492-45ee-a09f-d56f2df7ca96: Sackin index -0.0660; 2.4 s; peak memory 1208 MiB.
2026-10-05T15:38:50Z INFO [308/750] 424070a3-d587-4e53-93c2-f283df5b47ef: Sackin index -0.1194; 1.0 s; peak memory 1208 MiB.
2026-10-05T15:38:51Z INFO [309/750] 42414c77-ff72-446e-92db-5470ddd70892: Sackin index -0.0696; 0.9 s; peak memory 1208 MiB.
2026-10-05T15:39:03Z INFO [310/750] 42415a3d-7e7e-4bd2-9645-585b340f75e1: Sackin index -0.0142; 12.0 s; peak memory 1208 MiB.
2026-10-05T15:39:05Z INFO [311/750] 4241a8c2-d740-476c-832a-002fe4a3770f: Sackin index -0.0693; 1.9 s; peak memory 1208 MiB.
2026-10-05T15:39:06Z INFO [312/750] 424240f5-373f-4507-a4a7-ecf98c928526: Sackin index -0.0656; 0.7 s; peak memory 1208 MiB.
2026-10-05T15:39:08Z INFO [313/750] 42428081-5b88-482f-8395-8b0c5a78e024: Sackin index -0.0369; 1.7 s; peak memory 1208 MiB.
2026-10-05T15:39:09Z INFO [314/750] 42429ce0-76f5-481a-b325-d50796a4df92: Sackin index -0.0728; 1.2 s; peak memory 1208 MiB.
2026-10-05T15:39:29Z INFO [315/750] 424312e0-3530-4edf-a8b0-52190c419eea: Sackin index -0.1367; 20.6 s; peak memory 1208 MiB.
2026-10-05T15:39:30Z INFO [316/750] 42439681-8d15-4277-9e75-9ce21de7a41f: Sackin index -0.0728; 1.0 s; peak memory 1208 MiB.
2026-10-05T15:39:31Z INFO [317/750] 4243d7b8-7e06-4cea-9b52-e5cb29f17cec: Sackin index -0.1658; 0.5 s; peak memory 1208 MiB.
2026-10-05T15:39:35Z INFO [318/750] 4245314e-7b74-40bc-ad8c-e55458b90378: Sackin index -0.0187; 3.8 s; peak memory 1208 MiB.
2026-10-05T15:39:38Z INFO [319/750] 42455559-b1cb-4cce-82ed-9209953cbed6: Sackin index -0.0763; 3.7 s; peak memory 1208 MiB.
2026-10-05T15:39:39Z INFO [320/750] 424586e1-a1b3-4bdd-b242-67440367e814: Sackin index -0.0728; 1.1 s; peak memory 1208 MiB.
2026-10-05T15:39:40Z INFO [321/750] 424706b2-668f-49a1-b4a7-35abb4da4bac: Sackin index -0.0696; 0.9 s; peak memory 1208 MiB.
2026-10-05T15:39:41Z INFO [322/750] 424727ad-2c5a-415e-af5f-a4cc6612d2b9: Sackin index -0.0702; 0.9 s; peak memory 1208 MiB.
2026-10-05T15:39:43Z INFO [323/750] 42478aee-68ce-482f-b6c8-8137b65f632a: Sackin index -0.0388; 1.4 s; peak memory 1208 MiB.
2026-10-05T15:39:43Z INFO [324/750] 4248161d-386e-4d2e-99f0-50861b4cb483: Sackin index -0.0702; 0.9 s; peak memory 1208 MiB.
2026-10-05T15:39:45Z INFO [325/750] 42481855-fa06-4d66-9d18-2ab0450ff238: Sackin index -0.0824; 1.6 s; peak memory 1208 MiB.
2026-10-05T15:39:46Z INFO [326/750] 4248c9d2-13fa-473d-a9eb-0e2439916931: Sackin index -0.1658; 0.5 s; peak memory 1208 MiB.
2026-10-05T15:39:49Z INFO [327/750] 42493878-ca4b-4295-ac9e-fb85d5e8db35: Sackin index -0.0514; 4.0 s; peak memory 1208 MiB.
2026-10-05T15:39:50Z INFO [328/750] 424a544d-5677-4c08-a0d6-8c8d80b0916b: Sackin index -0.0991; 0.8 s; peak memory 1208 MiB.
2026-10-05T15:39:52Z INFO [329/750] 424a70cc-7ef5-4f3b-a032-c04d3d0c6b1d: Sackin index -0.0173; 1.5 s; peak memory 1208 MiB.
2026-10-05T15:39:53Z INFO [330/750] 424b2371-f6b8-4df3-9cb5-108574cbaa65: Sackin index -0.1248; 0.8 s; peak memory 1208 MiB.
2026-10-05T15:39:53Z INFO [331/750] 424b69fc-d15d-47f3-8195-44a359c4f606: Sackin index -0.0696; 0.9 s; peak memory 1208 MiB.
2026-10-05T15:39:54Z INFO [332/750] 424c1d6e-fca1-4aad-bfce-a5cbe5144ba9: Sackin index -0.0377; 0.9 s; peak memory 1208 MiB.
2026-10-05T15:40:03Z INFO [333/750] 424c607b-e317-48f4-9fb1-6c58d62c1f38: Sackin index -0.0614; 8.8 s; peak memory 1208 MiB.
2026-10-05T15:40:04Z INFO [334/750] 424cc5ea-417d-4252-b412-8288c92d3359: Sackin index -0.0709; 0.9 s; peak memory 1208 MiB.
2026-10-05T15:40:06Z INFO [335/750] 424edca4-7add-49f8-a7a6-f62f0012bcb5: Sackin index -0.0350; 1.8 s; peak memory 1208 MiB.
2026-10-05T15:40:07Z INFO [336/750] 424eef2f-5190-4116-aa5a-85358fe0eed5: Sackin index -0.0728; 1.1 s; peak memory 1208 MiB.
2026-10-05T15:40:08Z INFO [337/750] 424f2faf-5b8c-4043-af0e-2d8d1e6b03dd: Sackin index -0.0728; 1.0 s; peak memory 1208 MiB.
2026-10-05T15:40:09Z INFO [338/750] 424fd27e-1596-4fdc-ba25-75fe3801b9d1: Sackin index -0.0917; 0.7 s; peak memory 1208 MiB.
2026-10-05T15:40:11Z INFO [339/750] 424fd68b-6910-4c7b-b98a-e0573d4b1130: Sackin index -0.0699; 2.0 s; peak memory 1208 MiB.
2026-10-05T15:40:17Z INFO [340/750] 4250579f-7f37-4d2b-94fb-7381fcbb6bf9: Sackin index -0.0341; 5.9 s; peak memory 1208 MiB.
2026-10-05T15:40:18Z INFO [341/750] 4250ac3c-b128-4f33-b4c4-b54bcd020edf: Sackin index -0.0728; 1.3 s; peak memory 1208 MiB.
2026-10-05T15:40:19Z INFO [342/750] 42522294-0a4c-4df2-a8af-581252e27d55: Sackin index -0.0371; 1.0 s; peak memory 1208 MiB.
2026-10-05T15:40:20Z INFO [343/750] 4252c7a3-a781-4b4b-b2b7-9b0c6cf0e228: Sackin index -0.0728; 1.2 s; peak memory 1208 MiB.
2026-10-05T15:40:21Z INFO [344/750] 42541b8b-8bd7-4c1e-9dae-12e55405250e: Sackin index -0.1000; 1.1 s; peak memory 1208 MiB.
2026-10-05T15:40:24Z INFO [345/750] 4255c687-2c9c-4ffc-83b6-08157b521931: Sackin index -0.0143; 2.8 s; peak memory 1208 MiB.
2026-10-05T15:40:26Z INFO [346/750] 4255d911-06b6-4d4c-a503-4965e0548995: Sackin index -0.0714; 1.8 s; peak memory 1208 MiB.
2026-10-05T15:40:29Z INFO [347/750] 42563b8d-bc47-4223-b0f0-51ab8e981cea: Sackin index -0.0884; 3.5 s; peak memory 1208 MiB.
2026-10-05T15:42:29Z INFO [348/750] 42564ed0-dba1-4e1a-ad06-f79dd2ddece9: Sackin index -0.0573; 119.8 s; peak memory 1208 MiB.
2026-10-05T15:42:31Z INFO [349/750] 42570a1d-0c64-4390-8e66-ad9067386827: Sackin index -0.0579; 1.8 s; peak memory 1208 MiB.
2026-10-05T15:42:32Z INFO [350/750] 425720b3-e367-484f-847a-a20b91b04eb6: Sackin index -0.0702; 1.1 s; peak memory 1208 MiB.
2026-10-05T15:42:32Z INFO [350/750] 425720b3-e367-484f-847a-a20b91b04eb6: checkpointed 78936 records.
2026-10-05T15:42:34Z INFO [351/750] 42573ef7-bbc0-461e-8194-df8ec8d22bbd: Sackin index -0.1938; 2.0 s; peak memory 1208 MiB.
2026-10-05T15:42:35Z INFO [352/750] 425798d8-10a0-415e-9366-9c4595fcbf98: Sackin index -0.1349; 0.8 s; peak memory 1208 MiB.
2026-10-05T15:42:37Z INFO [353/750] 42579c90-f278-4e58-96a3-06d5e3e7b7eb: Sackin index -0.0676; 1.6 s; peak memory 1208 MiB.
2026-10-05T15:42:56Z INFO [354/750] 4257b710-a228-408b-b96c-c2e4c63e4db2: Sackin index -0.0132; 19.3 s; peak memory 1208 MiB.
2026-10-05T15:42:57Z INFO [355/750] 4257d15c-9a49-46b1-b8ce-a0b23a4af4a2: Sackin index -0.0702; 0.9 s; peak memory 1208 MiB.
2026-10-05T15:42:58Z INFO [356/750] 425909a4-e161-4cf4-a086-bd502e1f5863: Sackin index -0.0745; 1.4 s; peak memory 1208 MiB.
2026-10-05T15:42:59Z INFO [357/750] 425a4c16-7a2c-4ce9-9dd7-b80e11296605: Sackin index -0.0881; 0.9 s; peak memory 1208 MiB.
2026-10-05T15:43:00Z INFO [358/750] 425a99d0-c23f-4176-af4f-ac76de4b12fd: Sackin index -0.1349; 1.0 s; peak memory 1208 MiB.
2026-10-05T15:43:01Z INFO [359/750] 425aad55-d400-463c-8b21-cdea9bfadac2: Sackin index -0.0384; 0.9 s; peak memory 1208 MiB.
2026-10-05T15:43:02Z INFO [360/750] 425ab2da-dcfa-48db-9a40-0e05ffefdb57: Sackin index -0.0702; 0.9 s; peak memory 1208 MiB.
2026-10-05T15:43:03Z INFO [361/750] 425b7f01-65c5-4355-a7b7-6820f37869e0: Sackin index -0.0728; 1.2 s; peak memory 1208 MiB.
2026-10-05T15:43:05Z INFO [362/750] 425c0cd7-1179-44ee-94c5-44335ab35b13: Sackin index -0.0369; 1.6 s; peak memory 1208 MiB.
2026-10-05T15:43:08Z INFO [363/750] 425cb7f2-03b3-491a-bf53-3f85ea690563: Sackin index -0.0241; 3.4 s; peak memory 1208 MiB.
2026-10-05T15:43:17Z INFO [364/750] 425cff4d-57e1-4eb2-a7f7-bb3bff8f2cef: Sackin index -0.1310; 8.8 s; peak memory 1208 MiB.
2026-10-05T15:43:18Z INFO [365/750] 425d8c07-dbd8-40ed-ace0-3b7e2afafac7: Sackin index -0.0728; 1.1 s; peak memory 1208 MiB.
2026-10-05T15:43:19Z INFO [366/750] 425e1ad4-afe4-46d1-b852-5b8de023163b: Sackin index -0.0696; 1.1 s; peak memory 1208 MiB.
2026-10-05T15:43:34Z INFO [367/750] 425e3809-bf71-4193-a16a-7cd4bb0fc48e: Sackin index -0.0351; 14.7 s; peak memory 1208 MiB.
2026-10-05T15:43:35Z INFO [368/750] 425e71b1-1578-4dbf-b3d7-318743fd1f3b: Sackin index -0.0676; 1.6 s; peak memory 1208 MiB.
2026-10-05T15:47:14Z INFO [369/750] 425f8ccc-e123-4285-96f3-cd52ec248d7b: Sackin index -0.0396; 218.9 s; peak memory 1208 MiB.
2026-10-05T15:47:15Z INFO [370/750] 42616ada-99f9-4afc-ab99-28ae25de72d4: Sackin index -0.0696; 0.9 s; peak memory 1208 MiB.
2026-10-05T15:47:16Z INFO [371/750] 4261b039-8ddd-4ef6-83d4-7858d9a3d19b: Sackin index -0.1349; 0.9 s; peak memory 1208 MiB.
2026-10-05T15:47:18Z INFO [372/750] 4261de00-275b-455c-abdd-4727d2ff14e2: Sackin index -0.0693; 2.1 s; peak memory 1208 MiB.
2026-10-05T15:47:36Z INFO [373/750] 4261ef95-a161-4055-8633-c40fb3cfcac2: Sackin index -0.1367; 18.2 s; peak memory 1208 MiB.
2026-10-05T15:47:44Z INFO [374/750] 4262dc98-b8ce-4ab8-901e-83cd2805cd67: Sackin index -0.0156; 7.9 s; peak memory 1208 MiB.
2026-10-05T15:47:46Z INFO [375/750] 42643af9-112b-4798-aa24-79cc474462bb: Sackin index -0.1072; 1.3 s; peak memory 1208 MiB.
2026-10-05T15:47:46Z INFO [376/750] 426479d0-d50e-4e64-a24b-9b10c427ac39: Sackin index -0.1331; 0.7 s; peak memory 1208 MiB.
2026-10-05T15:47:47Z INFO [377/750] 42649e7e-b3a0-419c-9c41-1e7c7afe9584: Sackin index -0.0702; 0.8 s; peak memory 1208 MiB.
2026-10-05T15:47:48Z INFO [378/750] 4264f105-f26a-47dd-8cd0-8f3e85e2d40b: Sackin index -0.0696; 1.0 s; peak memory 1208 MiB.
2026-10-05T15:47:52Z INFO [379/750] 426698c4-6b6c-4c94-bcee-3cff834c4e00: Sackin index -0.0403; 3.7 s; peak memory 1208 MiB.
2026-10-05T15:47:54Z INFO [380/750] 426736ac-928b-4a72-be96-3fe6e11efa08: Sackin index -0.0350; 2.0 s; peak memory 1208 MiB.
2026-10-05T15:47:55Z INFO [381/750] 4267d4ac-72b7-4db0-b3e7-76b1d7bb3df4: Sackin index -0.0728; 1.2 s; peak memory 1208 MiB.
2026-10-05T15:47:58Z INFO [382/750] 4267e473-e66f-4a1f-a26f-14e468a8e5f8: Sackin index -0.1259; 2.8 s; peak memory 1208 MiB.
2026-10-05T15:47:58Z INFO [383/750] 42685670-b1bf-41e1-8a13-cbc524d05881: Sackin index -0.1448; 0.7 s; peak memory 1208 MiB.
2026-10-05T15:47:59Z INFO [384/750] 42687429-5436-4ecf-897c-b5e9e0b37b37: Sackin index -0.1248; 0.8 s; peak memory 1208 MiB.
2026-10-05T15:48:00Z INFO [385/750] 426afcd8-57f1-45e6-9575-045d4d8d73f9: Sackin index -0.1165; 0.6 s; peak memory 1208 MiB.
2026-10-05T15:48:01Z INFO [386/750] 426bd113-e2b9-496b-889d-ec4a7dd20663: Sackin index -0.0369; 1.6 s; peak memory 1208 MiB.
2026-10-05T15:48:03Z INFO [387/750] 426bfaf0-a90f-4dc8-b8d9-fd48fde4fcfe: Sackin index -0.0699; 2.1 s; peak memory 1208 MiB.
2026-10-05T15:48:04Z INFO [388/750] 426cdabb-2f78-498a-9d30-d856047136da: Sackin index -0.1349; 0.8 s; peak memory 1208 MiB.
2026-10-05T15:48:10Z INFO [389/750] 426d1b91-2b50-4b14-8d70-420b44347598: Sackin index -0.1938; 5.3 s; peak memory 1208 MiB.
2026-10-05T15:48:12Z INFO [390/750] 426d7e24-2d65-4d25-9c31-cade34901d3b: Sackin index -0.1562; 2.9 s; peak memory 1208 MiB.
2026-10-05T15:48:13Z INFO [391/750] 426dac48-cf1f-4489-8817-dffad68f10a8: Sackin index -0.0702; 0.9 s; peak memory 1208 MiB.
2026-10-05T15:48:14Z INFO [392/750] 426f4e17-731b-4c0b-a01b-c1522c4aa297: Sackin index -0.0702; 1.0 s; peak memory 1208 MiB.
2026-10-05T15:48:15Z INFO [393/750] 426f50bf-33c2-45a3-9c8e-d600bf74b937: Sackin index -0.0696; 1.0 s; peak memory 1208 MiB.
2026-10-05T15:48:32Z INFO [394/750] 426fc841-41be-407e-9deb-60cbb0512528: Sackin index -0.1367; 16.2 s; peak memory 1208 MiB.
2026-10-05T15:48:32Z INFO [395/750] 4271c03a-dc70-4864-867b-346fa64bdad5: Sackin index -0.0709; 0.8 s; peak memory 1208 MiB.
2026-10-05T15:48:36Z INFO [396/750] 4271e391-08e8-4178-8df5-ff32fa705c1e: Sackin index -0.0408; 3.5 s; peak memory 1208 MiB.
2026-10-05T15:48:37Z INFO [397/750] 42739d51-1b9b-4bd5-9638-3b06316ad8d2: Sackin index -0.0702; 1.1 s; peak memory 1208 MiB.
2026-10-05T15:48:38Z INFO [398/750] 42747c5f-0455-4708-85e1-0cecb0b4f4c3: Sackin index -0.1349; 0.7 s; peak memory 1208 MiB.
2026-10-05T15:48:38Z INFO [399/750] 4274d851-b189-454e-8542-7445a7028ec6: Sackin index -0.1658; 0.7 s; peak memory 1208 MiB.
2026-10-05T15:48:39Z INFO [400/750] 427502af-8928-4ea5-a98d-b746b8866f82: Sackin index -0.1349; 0.8 s; peak memory 1208 MiB.
2026-10-05T15:48:39Z INFO [400/750] 427502af-8928-4ea5-a98d-b746b8866f82: checkpointed 78986 records.
2026-10-05T15:48:41Z INFO [401/750] 42750b1d-feac-46dc-8915-a15520bdffe4: Sackin index -0.0699; 1.8 s; peak memory 1208 MiB.
2026-10-05T15:48:43Z INFO [402/750] 427580fa-716a-4f54-94b8-bca588ed9c02: Sackin index -0.0369; 1.4 s; peak memory 1208 MiB.
2026-10-05T15:48:44Z INFO [403/750] 42758346-b3e6-4a85-9b6a-e04ecaece181: Sackin index -0.0371; 0.9 s; peak memory 1208 MiB.
2026-10-05T15:48:45Z INFO [404/750] 427843e7-e021-4cbe-8e95-e807a81fb35b: Sackin index -0.1349; 1.0 s; peak memory 1208 MiB.
2026-10-05T15:48:46Z INFO [405/750] 42796665-7b6b-4e3d-a82d-6c0bf3f6e8e5: Sackin index -0.0375; 1.4 s; peak memory 1208 MiB.
2026-10-05T15:48:47Z INFO [406/750] 427ada90-ed0b-44bb-bb53-bcdd72b2e0da: Sackin index -0.0239; 0.8 s; peak memory 1208 MiB.
2026-10-05T15:48:48Z INFO [407/750] 427b4f43-9803-41d1-b617-dc7cd2f2833a: Sackin index -0.0728; 1.1 s; peak memory 1208 MiB.
2026-10-05T15:48:49Z INFO [408/750] 427c60d8-5acb-414a-9b93-06defc54b930: Sackin index -0.0702; 1.0 s; peak memory 1208 MiB.
2026-10-05T15:48:50Z INFO [409/750] 427d60d9-c130-42a1-8116-50ea4c3217c2: Sackin index -0.1201; 0.9 s; peak memory 1208 MiB.
2026-10-05T15:48:51Z INFO [410/750] 427e9b7d-4009-44c8-8b39-62c374b39e3c: Sackin index -0.0702; 1.0 s; peak memory 1208 MiB.
2026-10-05T15:48:52Z INFO [411/750] 427f499c-e5d7-4092-a088-f60bebf28e61: Sackin index -0.0728; 0.9 s; peak memory 1208 MiB.
2026-10-05T15:48:52Z INFO [412/750] 427f72e9-a110-4032-9ab8-ddb13a336fa4: Sackin index -0.1303; 0.6 s; peak memory 1208 MiB.
2026-10-05T15:48:53Z INFO [413/750] 42802b3b-bb44-4361-bbca-860342b99aa3: Sackin index -0.0696; 1.0 s; peak memory 1208 MiB.
2026-10-05T15:48:54Z INFO [414/750] 4280cbb9-b0bd-4878-a33f-ebccb4da1ef2: Sackin index -0.0728; 0.8 s; peak memory 1208 MiB.
2026-10-05T15:48:55Z INFO [415/750] 4280d0fc-83d1-45d9-b01e-b0c51838e2ee: Sackin index -0.1178; 0.7 s; peak memory 1208 MiB.
2026-10-05T15:48:55Z INFO [416/750] 4280edf4-3339-4a8e-8d65-f639e913015d: Sackin index -0.1248; 0.7 s; peak memory 1208 MiB.
2026-10-05T15:49:05Z INFO [417/750] 42819e40-2395-4876-a5f1-ba6811459fd0: Sackin index -0.0262; 9.9 s; peak memory 1208 MiB.
2026-10-05T15:49:06Z INFO [418/750] 4281eb92-966a-4077-b8a8-e01814c496d1: Sackin index -0.0696; 0.9 s; peak memory 1208 MiB.
2026-10-05T15:49:07Z INFO [419/750] 42820f69-b6ef-4092-944f-d24d3ebc0b88: Sackin index -0.1349; 0.9 s; peak memory 1208 MiB.
2026-10-05T15:49:08Z INFO [420/750] 42825493-6404-4be8-a22d-d146a6eec3ef: Sackin index -0.0702; 0.8 s; peak memory 1208 MiB.
2026-10-05T15:49:09Z INFO [421/750] 42829986-f1b7-443f-8a0d-4f07d43ba759: Sackin index -0.0702; 1.0 s; peak memory 1208 MiB.
2026-10-05T15:49:11Z INFO [422/750] 428345c4-a58d-4e75-b36d-1e55918736b2: Sackin index -0.1938; 1.7 s; peak memory 1208 MiB.
2026-10-05T15:49:11Z INFO [423/750] 42837bf2-1d06-4b57-9e48-a111ca4438f7: Sackin index -0.0702; 0.8 s; peak memory 1208 MiB.
2026-10-05T15:49:12Z INFO [424/750] 4284dcbd-ce2f-45d0-bac2-b7805b4b00ba: Sackin index -0.1349; 0.7 s; peak memory 1208 MiB.
2026-10-05T15:49:13Z INFO [425/750] 4285415e-95f1-49b5-934d-06401d22bd1e: Sackin index -0.1349; 0.7 s; peak memory 1208 MiB.
2026-10-05T15:49:30Z INFO [426/750] 42854fcc-65a0-4b3b-a05c-356f2a0b7d05: Sackin index -0.1259; 17.3 s; peak memory 1208 MiB.
2026-10-05T15:49:31Z INFO [427/750] 428598db-8006-4eb7-9baa-d9f2168c0e14: Sackin index -0.0811; 0.7 s; peak memory 1208 MiB.
2026-10-05T15:49:34Z INFO [428/750] 4285c7d4-b1ee-4653-af79-bb4707fad686: Sackin index -0.0253; 3.5 s; peak memory 1208 MiB.
2026-10-05T15:53:17Z INFO [429/750] 42861411-2270-4a17-98e5-a466a6589f7b: Sackin index -0.0435; 222.3 s; peak memory 1208 MiB.
2026-10-05T15:53:18Z INFO [430/750] 42863464-aa82-4d7a-9fbf-a299066db0ad: Sackin index -0.0380; 1.1 s; peak memory 1208 MiB.
2026-10-05T15:53:19Z INFO [431/750] 42869f15-5083-4a44-a2bd-75225e821a3e: Sackin index -0.0699; 1.7 s; peak memory 1208 MiB.
2026-10-05T15:53:20Z INFO [432/750] 4286dcca-5d11-4779-ba4a-7952508f8482: Sackin index -0.0702; 1.0 s; peak memory 1208 MiB.
2026-10-05T15:53:21Z INFO [433/750] 4286fdd3-de2f-41a9-9435-45d623950493: Sackin index -0.2000; 0.5 s; peak memory 1208 MiB.
2026-10-05T15:53:23Z INFO [434/750] 428770bc-cc34-412c-815b-05c36ad90885: Sackin index -0.0660; 2.3 s; peak memory 1208 MiB.
2026-10-05T15:53:24Z INFO [435/750] 4287e37d-dd82-40ad-9858-3c3a1b136a12: Sackin index -0.0696; 0.9 s; peak memory 1208 MiB.
2026-10-05T15:53:25Z INFO [436/750] 428823c1-d9ea-4957-975c-a7e38840c889: Sackin index -0.1349; 1.0 s; peak memory 1208 MiB.
2026-10-05T15:53:26Z INFO [437/750] 428883d7-fd8e-48b0-b2fc-715ac2055090: Sackin index -0.1349; 0.9 s; peak memory 1208 MiB.
2026-10-05T15:57:10Z INFO [438/750] 428960c1-477d-497f-a896-2968d7a02035: Sackin index -0.0269; 224.4 s; peak memory 1208 MiB.
2026-10-05T15:57:14Z INFO [439/750] 4289a84e-e088-42fc-993e-cd1b2ec94ea8: Sackin index -0.0251; 4.0 s; peak memory 1208 MiB.
2026-10-05T15:57:15Z INFO [440/750] 428ace64-bdfe-448a-9b64-d5057ce60f06: Sackin index -0.1349; 0.9 s; peak memory 1208 MiB.
2026-10-05T15:57:20Z INFO [441/750] 428aedfa-d2c5-44bf-a447-5edc1d52fef3: Sackin index -0.0399; 4.5 s; peak memory 1208 MiB.
2026-10-05T15:57:22Z INFO [442/750] 428b9174-54f9-4b52-852c-cd3599d9a0e2: Sackin index -0.1938; 1.8 s; peak memory 1208 MiB.
2026-10-05T15:57:23Z INFO [443/750] 428cbd56-b6ae-4663-b543-28316f009617: Sackin index -0.0728; 1.1 s; peak memory 1208 MiB.
2026-10-05T15:59:24Z INFO [444/750] 428cd4cb-6334-47ae-937f-3eade70d1908: Sackin index -0.0288; 121.2 s; peak memory 1208 MiB.
2026-10-05T15:59:25Z INFO [445/750] 428d1147-1df8-47dd-97cb-8e13e9357758: Sackin index -0.0696; 0.9 s; peak memory 1208 MiB.
2026-10-05T15:59:26Z INFO [446/750] 428d137f-548f-4ec8-bd48-26db8adc2613: Sackin index -0.1349; 0.9 s; peak memory 1208 MiB.
2026-10-05T15:59:27Z INFO [447/750] 428d2333-44c8-473c-bc15-9344ec604ba9: Sackin index -0.0434; 1.1 s; peak memory 1208 MiB.
2026-10-05T15:59:44Z INFO [448/750] 428df188-7668-43fd-89b3-438b1102db44: Sackin index -0.1367; 17.2 s; peak memory 1208 MiB.
2026-10-05T15:59:45Z INFO [449/750] 428e0d37-0ab7-45f0-8194-29b933b20a7e: Sackin index -0.1349; 0.8 s; peak memory 1208 MiB.
2026-10-05T15:59:46Z INFO [450/750] 428efa0b-d690-49b8-9462-947caf7c931d: Sackin index -0.0702; 0.9 s; peak memory 1208 MiB.
2026-10-05T15:59:46Z INFO [450/750] 428efa0b-d690-49b8-9462-947caf7c931d: checkpointed 79036 records.
2026-10-05T16:00:28Z INFO [451/750] 42903713-acfe-4d50-84f3-ae9effd9757b: Sackin index -0.1144; 42.0 s; peak memory 1208 MiB.
2026-10-05T16:00:29Z INFO [452/750] 429384ff-f754-45de-8564-608ba3094704: Sackin index -0.1349; 0.7 s; peak memory 1208 MiB.
2026-10-05T16:00:30Z INFO [453/750] 4293dcff-9bf4-4773-96ac-b3609fecd38a: Sackin index -0.0896; 0.9 s; peak memory 1208 MiB.
2026-10-05T16:00:30Z INFO [454/750] 429495c4-50d2-4774-86fa-e2c929255abb: Sackin index -0.1658; 0.6 s; peak memory 1208 MiB.
2026-10-05T16:00:36Z INFO [455/750] 4294c1dc-722f-4dfc-984e-41e1e99740c5: Sackin index -0.0476; 5.4 s; peak memory 1208 MiB.
2026-10-05T16:00:37Z INFO [456/750] 4294df3d-c51f-4903-ab49-2f4506cb671c: Sackin index -0.0728; 1.1 s; peak memory 1208 MiB.
2026-10-05T16:00:37Z INFO [457/750] 4296f506-4d39-4ae1-af31-80b98dcb1cc1: Sackin index -0.1349; 0.8 s; peak memory 1208 MiB.
2026-10-05T16:02:34Z INFO [458/750] 4297a7b0-beea-49fe-b558-14eb4af501b5: Sackin index -0.0573; 116.6 s; peak memory 1208 MiB.
2026-10-05T16:02:35Z INFO [459/750] 42984c5c-5fb8-4218-af06-eb2992921103: Sackin index -0.1658; 0.8 s; peak memory 1208 MiB.
2026-10-05T16:02:36Z INFO [460/750] 42984f4c-5744-46a7-ab62-18f56c85a84f: Sackin index -0.0375; 1.3 s; peak memory 1208 MiB.
2026-10-05T16:02:37Z INFO [461/750] 4298d99e-900e-4176-8461-cbb298475b3e: Sackin index -0.0696; 1.2 s; peak memory 1208 MiB.
2026-10-05T16:02:39Z INFO [462/750] 4298e52e-6e3a-4591-b6eb-7f0fd661236f: Sackin index -0.0728; 1.4 s; peak memory 1208 MiB.
2026-10-05T16:02:40Z INFO [463/750] 4299c480-6337-4b07-9813-a83e7c475c38: Sackin index -0.1023; 1.1 s; peak memory 1208 MiB.
2026-10-05T16:02:48Z INFO [464/750] 429a2e11-09c3-4e66-8731-dd3929fe67e5: Sackin index -0.0043; 8.3 s; peak memory 1208 MiB.
2026-10-05T16:02:49Z INFO [465/750] 429a9dd2-c6bd-4c49-b14b-b64fb2bdbde8: Sackin index -0.1349; 1.0 s; peak memory 1208 MiB.
2026-10-05T16:02:51Z INFO [466/750] 429aac56-243d-4d8e-8901-9f2c13aafa0f: Sackin index -0.0614; 2.4 s; peak memory 1208 MiB.
2026-10-05T16:02:52Z INFO [467/750] 429b9db9-199d-4e02-a9a5-ad088d3fbdc0: Sackin index -0.0956; 1.0 s; peak memory 1208 MiB.
2026-10-05T16:02:54Z INFO [468/750] 429c52e7-06c3-43ee-ac5d-aabd454e9151: Sackin index -0.0371; 1.1 s; peak memory 1208 MiB.
2026-10-05T16:02:55Z INFO [469/750] 429d5017-74b9-40e6-a3c8-f0b0ed10eaaf: Sackin index -0.1273; 1.1 s; peak memory 1208 MiB.
2026-10-05T16:02:55Z INFO [470/750] 429e26ba-8574-489d-86eb-3fea6fbde780: Sackin index -0.1331; 0.7 s; peak memory 1208 MiB.
2026-10-05T16:02:56Z INFO [471/750] 429e327a-85cc-4d6e-af06-6a8a5cd0e899: Sackin index -0.2147; 0.6 s; peak memory 1208 MiB.
2026-10-05T16:02:57Z INFO [472/750] 429e4c0a-b50e-45b0-9a27-ab62d194bd8f: Sackin index -0.0369; 1.0 s; peak memory 1208 MiB.
2026-10-05T16:03:06Z INFO [473/750] 429f4695-bf01-4359-a0d9-3f9b221b95da: Sackin index -0.0105; 9.1 s; peak memory 1208 MiB.
2026-10-05T16:03:08Z INFO [474/750] 42a0afb6-7604-4d36-9810-09206d07322d: Sackin index -0.0694; 2.1 s; peak memory 1208 MiB.
2026-10-05T16:03:09Z INFO [475/750] 42a2338c-91f3-4b7c-b287-f2766dd0efbc: Sackin index -0.1349; 0.9 s; peak memory 1208 MiB.
2026-10-05T16:03:11Z INFO [476/750] 42a30353-a270-4b18-aec2-7d8cdae0b666: Sackin index -0.0704; 2.0 s; peak memory 1208 MiB.
2026-10-05T16:03:12Z INFO [477/750] 42a3099f-2c04-4693-936d-5deb0b6a79e7: Sackin index -0.1658; 0.6 s; peak memory 1208 MiB.
2026-10-05T16:03:12Z INFO [478/750] 42a396fa-96d1-4b4f-a3a1-6d62f119f407: Sackin index -0.1658; 0.6 s; peak memory 1208 MiB.
2026-10-05T16:03:14Z INFO [479/750] 42a3ed44-1826-4369-b8d6-f737134b21c7: Sackin index -0.0369; 1.5 s; peak memory 1208 MiB.
2026-10-05T16:03:15Z INFO [480/750] 42a4c74c-5e17-4d54-9a84-a3ecd5e67936: Sackin index -0.0728; 1.1 s; peak memory 1208 MiB.
2026-10-05T16:03:16Z INFO [481/750] 42a4e4ee-fc0c-4db3-8005-b8365b13345a: Sackin index -0.0881; 0.7 s; peak memory 1208 MiB.
2026-10-05T16:03:19Z INFO [482/750] 42a56cab-6483-40c0-980b-8e3e75926ec0: Sackin index -0.0411; 3.9 s; peak memory 1208 MiB.
2026-10-05T16:03:21Z INFO [483/750] 42a5a0b3-6864-4423-90b8-fb73d300654e: Sackin index -0.0728; 1.1 s; peak memory 1208 MiB.
2026-10-05T16:03:21Z INFO [484/750] 42a65e29-fd63-4a26-8dfc-6fd131005492: Sackin index -0.0388; 0.8 s; peak memory 1208 MiB.
2026-10-05T16:03:23Z INFO [485/750] 42a663f0-4ea2-4d73-92a8-9c9eb814eb8e: Sackin index -0.0681; 1.7 s; peak memory 1208 MiB.
2026-10-05T16:03:24Z INFO [486/750] 42a6f06d-63b5-4dc4-8f4d-154ef1b28c1f: Sackin index -0.0376; 1.4 s; peak memory 1208 MiB.
2026-10-05T16:03:25Z INFO [487/750] 42a74475-ced8-4f7b-8590-c0e2155ccfdc: Sackin index -0.1000; 1.0 s; peak memory 1208 MiB.
2026-10-05T16:03:26Z INFO [488/750] 42a8579e-ef72-42d3-a4a1-7322eb0a37f2: Sackin index -0.1658; 0.6 s; peak memory 1208 MiB.
2026-10-05T16:03:32Z INFO [489/750] 42a8cb9f-6d5c-4a87-b0c4-d1ac96c67752: Sackin index -0.1310; 6.4 s; peak memory 1208 MiB.
2026-10-05T16:03:33Z INFO [490/750] 42aa8637-e135-46a9-aef3-3d86ebd8763c: Sackin index -0.1349; 0.8 s; peak memory 1208 MiB.
2026-10-05T16:03:34Z INFO [491/750] 42ab8a11-ea45-429d-83c4-dde04f823483: Sackin index -0.1331; 0.6 s; peak memory 1208 MiB.
2026-10-05T16:03:35Z INFO [492/750] 42ad11be-d28f-4758-b8e2-fa57aba51b97: Sackin index -0.0702; 0.9 s; peak memory 1208 MiB.
2026-10-05T16:03:35Z INFO [493/750] 42ad23b8-da71-4af3-baf6-3db415448bcb: Sackin index -0.2073; 0.6 s; peak memory 1208 MiB.
2026-10-05T16:03:36Z INFO [494/750] 42ad393f-a657-4d63-ac52-7c728fb42a87: Sackin index -0.0702; 1.0 s; peak memory 1208 MiB.
2026-10-05T16:03:37Z INFO [495/750] 42af2c75-3e0a-40e5-9200-55fba3c14edb: Sackin index -0.0702; 0.9 s; peak memory 1208 MiB.
2026-10-05T16:03:38Z INFO [496/750] 42af35ac-3d43-4d60-bc33-c2b8e19fa557: Sackin index -0.1000; 1.0 s; peak memory 1208 MiB.
2026-10-05T16:03:39Z INFO [497/750] 42af9ace-f285-4554-bf42-84c7f1bf565f: Sackin index -0.0375; 1.0 s; peak memory 1208 MiB.
2026-10-05T16:03:41Z INFO [498/750] 42b054dd-b89a-486b-a01b-b450eaa518b5: Sackin index -0.0231; 1.5 s; peak memory 1208 MiB.
2026-10-05T16:03:42Z INFO [499/750] 42b06bb6-0876-45a9-bbec-e00bea51c8ba: Sackin index -0.0656; 0.9 s; peak memory 1208 MiB.
2026-10-05T16:03:43Z INFO [500/750] 42b18eab-0476-41dd-ac63-ea4c9c022f26: Sackin index -0.1380; 0.9 s; peak memory 1208 MiB.
2026-10-05T16:03:43Z INFO [500/750] 42b18eab-0476-41dd-ac63-ea4c9c022f26: checkpointed 79086 records.
2026-10-05T16:03:44Z INFO [501/750] 42b1ea75-e91c-4da7-814c-d0dcc4513667: Sackin index -0.1349; 0.9 s; peak memory 1208 MiB.
2026-10-05T16:03:45Z INFO [502/750] 42b24814-4e64-4afb-929b-9d3cfa6fbded: Sackin index -0.1938; 1.5 s; peak memory 1208 MiB.
2026-10-05T16:03:46Z INFO [503/750] 42b2eed6-4715-42b8-8a7e-54360a8e693c: Sackin index -0.0696; 0.8 s; peak memory 1208 MiB.
2026-10-05T16:05:56Z INFO [504/750] 42b527b0-b83d-4076-bdad-04acda8aa0a6: Sackin index -0.0414; 130.2 s; peak memory 1208 MiB.
2026-10-05T16:05:58Z INFO [505/750] 42b53719-27b9-4d4f-8c20-7c20c65ab14e: Sackin index -0.1938; 1.5 s; peak memory 1208 MiB.
2026-10-05T16:06:00Z INFO [506/750] 42b61c09-d8bb-40fc-9322-3971697e6ad8: Sackin index -0.0333; 2.3 s; peak memory 1208 MiB.
2026-10-05T16:09:42Z INFO [507/750] 42b65250-e5ac-47aa-aa4f-0c42a127d25d: Sackin index -0.0246; 222.2 s; peak memory 1208 MiB.
2026-10-05T16:09:43Z INFO [508/750] 42b75e84-9d91-413f-ad05-78a2ac04f292: Sackin index -0.2000; 0.8 s; peak memory 1208 MiB.
2026-10-05T16:09:44Z INFO [509/750] 42b79855-0e36-44a2-8795-5bca539cff7f: Sackin index -0.1349; 0.8 s; peak memory 1208 MiB.
2026-10-05T16:09:45Z INFO [510/750] 42b7e554-f8ad-4ad6-a0c1-ed65d5ee05f4: Sackin index -0.0728; 1.1 s; peak memory 1208 MiB.
2026-10-05T16:09:47Z INFO [511/750] 42b805c6-5556-4bec-872e-89393c5c2a5c: Sackin index -0.0682; 2.0 s; peak memory 1208 MiB.
2026-10-05T16:09:48Z INFO [512/750] 42b88ac0-1449-437d-9f36-a7316a456ee2: Sackin index -0.0702; 0.9 s; peak memory 1208 MiB.
2026-10-05T16:09:49Z INFO [513/750] 42b8ecfb-c26d-46e9-9eea-2d3c8099d027: Sackin index -0.1349; 0.9 s; peak memory 1208 MiB.
2026-10-05T16:09:50Z INFO [514/750] 42b9ca32-04da-4db6-8b94-9ef2026113e5: Sackin index -0.0728; 1.1 s; peak memory 1208 MiB.
2026-10-05T16:09:54Z INFO [515/750] 42ba044b-deb7-4e74-8eb2-32dcfe10f9ca: Sackin index -0.0386; 4.0 s; peak memory 1208 MiB.
2026-10-05T16:09:54Z INFO [516/750] 42ba227e-e87d-4cb0-b3ed-2d8f375f5b81: Sackin index -0.1319; 0.8 s; peak memory 1208 MiB.
2026-10-05T16:09:55Z INFO [517/750] 42bacbd7-0ad6-42b2-bca6-d1e281b6bf9a: Sackin index -0.0956; 0.9 s; peak memory 1208 MiB.
2026-10-05T16:09:56Z INFO [518/750] 42bb9dc4-41d8-4357-b0cd-2f853fa43a0d: Sackin index -0.0702; 0.9 s; peak memory 1208 MiB.
2026-10-05T16:09:57Z INFO [519/750] 42bdbfe5-dc3b-4f25-9305-58b4b81e5176: Sackin index -0.1349; 1.0 s; peak memory 1208 MiB.
2026-10-05T16:09:59Z INFO [520/750] 42bedccc-5c4a-4851-837e-d4fb05a1887b: Sackin index -0.0699; 1.8 s; peak memory 1208 MiB.
2026-10-05T16:10:06Z INFO [521/750] 42bf1a1a-1ec9-42d0-b363-e61943113ee5: Sackin index -0.0244; 7.3 s; peak memory 1208 MiB.
2026-10-05T16:10:07Z INFO [522/750] 42bfd1ab-89a3-4137-bd8a-9bed66f5292d: Sackin index -0.1338; 0.9 s; peak memory 1208 MiB.
2026-10-05T16:10:08Z INFO [523/750] 42c02289-cb3b-4863-b8c1-c8b5204bf54d: Sackin index -0.1716; 0.9 s; peak memory 1208 MiB.
2026-10-05T16:10:09Z INFO [524/750] 42c051de-5b6f-4320-b5a8-6a52fc87243a: Sackin index -0.1062; 0.9 s; peak memory 1208 MiB.
2026-10-05T16:10:12Z INFO [525/750] 42c08e94-2879-4e09-9a0f-4a6f1afb71a1: Sackin index -0.0270; 3.0 s; peak memory 1208 MiB.
2026-10-05T16:10:13Z INFO [526/750] 42c0a328-f62e-47a0-8b45-8d3b0a88ac6b: Sackin index -0.1349; 0.9 s; peak memory 1208 MiB.
2026-10-05T16:10:14Z INFO [527/750] 42c12ef7-3f79-44ed-8842-fbbc29542760: Sackin index -0.0375; 1.3 s; peak memory 1208 MiB.
2026-10-05T16:10:15Z INFO [528/750] 42c195e3-4d62-4963-afff-8006713a5a22: Sackin index -0.0728; 1.0 s; peak memory 1208 MiB.
2026-10-05T16:10:16Z INFO [529/750] 42c1aca1-a957-4bbf-9e8c-69c4d7dee75a: Sackin index -0.0728; 1.0 s; peak memory 1208 MiB.
2026-10-05T16:10:17Z INFO [530/750] 42c1d5c4-c5a6-4820-a198-b8c57350d3fa: Sackin index -0.0728; 1.0 s; peak memory 1208 MiB.
2026-10-05T16:10:18Z INFO [531/750] 42c1d6ca-d856-4c56-a9f2-1cd547c8280e: Sackin index -0.1248; 0.8 s; peak memory 1208 MiB.
2026-10-05T16:10:19Z INFO [532/750] 42c2e3da-62a5-4990-810c-b3c9fca3f8f9: Sackin index -0.0709; 1.0 s; peak memory 1208 MiB.
2026-10-05T16:10:19Z INFO [533/750] 42c30b76-05d0-4108-82c1-35951a27ca22: Sackin index -0.1248; 0.7 s; peak memory 1208 MiB.
2026-10-05T16:10:20Z INFO [534/750] 42c3546d-2385-42f0-90fd-a0c5f6d36425: Sackin index -0.1349; 0.6 s; peak memory 1208 MiB.
2026-10-05T16:10:21Z INFO [535/750] 42c394cf-678e-479b-a352-42242218420a: Sackin index -0.1248; 0.8 s; peak memory 1208 MiB.
2026-10-05T16:10:22Z INFO [536/750] 42c3d1bd-c25e-48d8-80cc-b43554d98e44: Sackin index -0.1161; 0.7 s; peak memory 1208 MiB.
2026-10-05T16:10:22Z INFO [537/750] 42c5567a-80d8-46df-8329-c44dd6185a70: Sackin index -0.0386; 0.8 s; peak memory 1208 MiB.
2026-10-05T16:10:23Z INFO [538/750] 42c5df0e-e7c8-483e-b1a8-8497416594b0: Sackin index -0.1349; 0.9 s; peak memory 1208 MiB.
2026-10-05T16:10:24Z INFO [539/750] 42c65362-b2bb-4556-88af-aaa9a9c3ccbe: Sackin index -0.1349; 0.8 s; peak memory 1208 MiB.
2026-10-05T16:10:26Z INFO [540/750] 42c6b411-5651-49f2-b457-886d0691bc0c: Sackin index -0.0676; 1.8 s; peak memory 1208 MiB.
2026-10-05T16:10:27Z INFO [541/750] 42c710ec-bff0-447c-afcb-9147c38cc27d: Sackin index -0.0728; 1.0 s; peak memory 1208 MiB.
2026-10-05T16:10:28Z INFO [542/750] 42c7e672-6ed4-429a-8aae-1c81c601ce7a: Sackin index -0.1349; 0.9 s; peak memory 1208 MiB.
2026-10-05T16:10:33Z INFO [543/750] 42c8cd54-c02c-4907-87d9-26207df89617: Sackin index -0.0201; 5.2 s; peak memory 1208 MiB.
2026-10-05T16:10:34Z INFO [544/750] 42c9217d-4cfc-46a7-a95b-d2ffb06385df: Sackin index -0.1349; 0.8 s; peak memory 1208 MiB.
2026-10-05T16:10:35Z INFO [545/750] 42c968ea-25c3-46a6-aa56-2a6a934acd62: Sackin index -0.1349; 0.8 s; peak memory 1208 MiB.
2026-10-05T16:10:42Z INFO [546/750] 42c9b40b-db25-4ce8-9dd2-ba98c16c1c44: Sackin index -0.0017; 6.9 s; peak memory 1208 MiB.
2026-10-05T16:10:43Z INFO [547/750] 42cbec93-e216-4972-90c7-e152114bd4c9: Sackin index -0.0702; 1.0 s; peak memory 1208 MiB.
2026-10-05T16:10:44Z INFO [548/750] 42cbffe0-40af-4884-8d09-ab6cbae58070: Sackin index -0.0728; 1.0 s; peak memory 1208 MiB.
2026-10-05T16:10:44Z INFO [549/750] 42cc6277-383a-4753-b810-6239b25344e5: Sackin index -0.0702; 0.9 s; peak memory 1208 MiB.
2026-10-05T16:10:45Z INFO [550/750] 42ccb401-7ac5-4fdf-bbc0-0dff02028d48: Sackin index -0.0702; 1.0 s; peak memory 1208 MiB.
2026-10-05T16:10:46Z INFO [550/750] 42ccb401-7ac5-4fdf-bbc0-0dff02028d48: checkpointed 79136 records.
2026-10-05T16:10:47Z INFO [551/750] 42cce732-43ed-4b8f-9478-da7a3066cfa1: Sackin index -0.1117; 1.1 s; peak memory 1208 MiB.
2026-10-05T16:10:47Z INFO [552/750] 42cced0f-8373-4dfa-bdca-cc71d41460d5: Sackin index -0.1349; 0.7 s; peak memory 1208 MiB.
2026-10-05T16:12:44Z INFO [553/750] 42cd046c-d5b2-4be4-8161-0322c1843e14: Sackin index -0.1038; 116.2 s; peak memory 1208 MiB.
2026-10-05T16:12:44Z INFO [554/750] 42cd99a1-3b8a-43b1-b2f5-2864b3cc8a57: Sackin index -0.1349; 0.8 s; peak memory 1208 MiB.
2026-10-05T16:12:45Z INFO [555/750] 42ce0f11-352a-4612-9992-76bb019cdd33: Sackin index -0.1349; 0.8 s; peak memory 1208 MiB.
2026-10-05T16:12:56Z INFO [556/750] 42cfe7bb-ec46-4010-9fb4-f7bcdf286274: Sackin index -0.0143; 11.1 s; peak memory 1208 MiB.
2026-10-05T16:12:58Z INFO [557/750] 42d0a234-d0cd-4ba0-a937-e24de84714df: Sackin index -0.0842; 1.8 s; peak memory 1208 MiB.
2026-10-05T16:12:59Z INFO [558/750] 42d125b4-e4d6-4861-9d1e-35779c1b3dea: Sackin index -0.0702; 1.0 s; peak memory 1208 MiB.
2026-10-05T16:13:01Z INFO [559/750] 42d130c7-af18-4621-81bd-157a23c73ee6: Sackin index -0.0369; 1.7 s; peak memory 1208 MiB.
2026-10-05T16:13:02Z INFO [560/750] 42d3f5ed-f4fb-4e80-98db-557a216b5d2b: Sackin index -0.0369; 1.5 s; peak memory 1208 MiB.
2026-10-05T16:13:24Z INFO [561/750] 42d5e910-ea7b-4d5b-82e5-6bca7dd21011: Sackin index -0.1367; 21.5 s; peak memory 1208 MiB.
2026-10-05T16:13:26Z INFO [562/750] 42d61a57-8cb3-4f07-89e2-393e3fedfe07: Sackin index -0.0790; 2.3 s; peak memory 1208 MiB.
2026-10-05T16:13:27Z INFO [563/750] 42d63e71-874e-4fbb-b57e-07502559bc0a: Sackin index -0.1101; 0.8 s; peak memory 1208 MiB.
2026-10-05T16:13:28Z INFO [564/750] 42d647fb-78f4-44a5-8407-937d6c71ff8a: Sackin index -0.1248; 1.0 s; peak memory 1208 MiB.
2026-10-05T16:13:29Z INFO [565/750] 42d6d413-942d-4411-970b-a7bfc6918561: Sackin index -0.0275; 1.3 s; peak memory 1208 MiB.
2026-10-05T16:13:30Z INFO [566/750] 42d70a08-12da-47f3-8691-5a552f1c35d9: Sackin index -0.0745; 1.0 s; peak memory 1208 MiB.
2026-10-05T16:13:31Z INFO [567/750] 42d75a49-69d6-475c-b56e-48aed4c4f94e: Sackin index -0.0380; 0.9 s; peak memory 1208 MiB.
2026-10-05T16:13:32Z INFO [568/750] 42d7db40-b835-4107-9263-fbefaafde9e9: Sackin index -0.0886; 1.2 s; peak memory 1208 MiB.
2026-10-05T16:13:39Z INFO [569/750] 42d80249-9cb3-4037-9d0e-b9230032553d: Sackin index -0.0288; 6.9 s; peak memory 1208 MiB.
2026-10-05T16:13:41Z INFO [570/750] 42d8dfdd-ed75-442c-90d4-8b250cdb149f: Sackin index -0.0369; 1.5 s; peak memory 1208 MiB.
2026-10-05T16:13:42Z INFO [571/750] 42d95040-303d-4d2a-97d0-fa44ff78f10f: Sackin index -0.0696; 0.9 s; peak memory 1208 MiB.
2026-10-05T16:13:42Z INFO [572/750] 42d9645c-0e27-43fd-9c6e-ba344c23e0e7: Sackin index -0.0702; 0.9 s; peak memory 1208 MiB.
2026-10-05T16:13:43Z INFO [573/750] 42d9e80f-1dc7-4382-abc9-8470f683c6a8: Sackin index -0.1349; 0.8 s; peak memory 1208 MiB.
2026-10-05T16:13:44Z INFO [574/750] 42dacd10-9b7c-4058-bd80-74f2c0578f7e: Sackin index -0.0728; 1.2 s; peak memory 1208 MiB.
2026-10-05T16:13:45Z INFO [575/750] 42daf241-f794-4c3d-a9d3-3870f0d202b0: Sackin index -0.1191; 0.7 s; peak memory 1208 MiB.
2026-10-05T16:13:47Z INFO [576/750] 42db98c3-d5ab-4684-b1dd-31d122fc5f77: Sackin index -0.0693; 2.1 s; peak memory 1208 MiB.
2026-10-05T16:13:53Z INFO [577/750] 42db98dc-7d81-420e-96e6-4c2795949747: Sackin index -0.0022; 5.7 s; peak memory 1208 MiB.
2026-10-05T16:13:54Z INFO [578/750] 42dbf384-49ea-464b-b4cc-4c3aa01724d0: Sackin index -0.0413; 1.0 s; peak memory 1208 MiB.
2026-10-05T16:13:55Z INFO [579/750] 42dc08f8-eae5-483d-ad5c-f5a6c61a2adc: Sackin index -0.1303; 0.8 s; peak memory 1208 MiB.
2026-10-05T16:13:56Z INFO [580/750] 42dcad4e-81ab-457e-a98e-66dbb0aa98f6: Sackin index -0.0728; 1.2 s; peak memory 1208 MiB.
2026-10-05T16:13:57Z INFO [581/750] 42dcea49-028e-478c-9949-86d5ff2119fd: Sackin index -0.0881; 0.7 s; peak memory 1208 MiB.
2026-10-05T16:13:57Z INFO [582/750] 42ddee43-d374-4b38-863f-47d91652b88f: Sackin index -0.1331; 0.6 s; peak memory 1208 MiB.
2026-10-05T16:13:58Z INFO [583/750] 42de8c80-f379-4559-a698-271e1040bbb6: Sackin index -0.1602; 0.7 s; peak memory 1208 MiB.
2026-10-05T16:13:59Z INFO [584/750] 42df4006-f359-4872-9022-f44f829fb9ab: Sackin index -0.0709; 0.9 s; peak memory 1208 MiB.
2026-10-05T16:14:00Z INFO [585/750] 42df95cd-fbad-4cae-9d68-0c73b03d90e7: Sackin index -0.0728; 1.0 s; peak memory 1208 MiB.
2026-10-05T16:14:01Z INFO [586/750] 42e0d5ee-e92c-46fa-aca6-91c1aac3f5aa: Sackin index -0.1349; 0.8 s; peak memory 1208 MiB.
2026-10-05T16:14:02Z INFO [587/750] 42e1047d-520e-49bd-910e-19003249a06a: Sackin index -0.0728; 1.3 s; peak memory 1208 MiB.
2026-10-05T16:14:03Z INFO [588/750] 42e15808-69f9-405b-ab4f-a57c64582fcb: Sackin index -0.1248; 0.8 s; peak memory 1208 MiB.
2026-10-05T16:14:04Z INFO [589/750] 42e26681-e678-4770-b583-0c76ecfa2ce1: Sackin index -0.1349; 0.8 s; peak memory 1208 MiB.
2026-10-05T16:14:05Z INFO [590/750] 42e2bc22-4aa3-4a09-8567-6d75eebdf5d0: Sackin index -0.0681; 1.5 s; peak memory 1208 MiB.
2026-10-05T16:14:06Z INFO [591/750] 42e3bbd9-a255-43df-b7d1-0f0503cfcacb: Sackin index -0.1210; 1.1 s; peak memory 1208 MiB.
2026-10-05T16:14:07Z INFO [592/750] 42e4a267-02ed-4ba3-a8ea-ce44336ccdb9: Sackin index -0.0696; 1.0 s; peak memory 1208 MiB.
2026-10-05T16:14:19Z INFO [593/750] 42e4e36c-760d-48dc-b0db-5826f51d7904: Sackin index -0.1495; 11.5 s; peak memory 1208 MiB.
2026-10-05T16:14:19Z INFO [594/750] 42e52b11-b252-49c2-bdf1-84fbd8ed2ce6: Sackin index -0.0709; 0.8 s; peak memory 1208 MiB.
2026-10-05T16:14:20Z INFO [595/750] 42e54ad8-fdc6-43c5-8803-bb2e6a6c1f66: Sackin index -0.0696; 0.9 s; peak memory 1208 MiB.
2026-10-05T16:14:21Z INFO [596/750] 42e5b1d9-3fd8-49af-9b0b-e86267a117a0: Sackin index -0.1478; 0.7 s; peak memory 1208 MiB.
2026-10-05T16:14:22Z INFO [597/750] 42e5c502-f31e-4725-8c7b-9bb10610977a: Sackin index -0.0709; 0.8 s; peak memory 1208 MiB.
2026-10-05T16:14:23Z INFO [598/750] 42e6b804-2f64-45cf-990a-205b15b4afe7: Sackin index -0.0369; 1.4 s; peak memory 1208 MiB.
2026-10-05T16:14:24Z INFO [599/750] 42e6be22-513e-404f-be05-cb70b561b596: Sackin index -0.1000; 1.1 s; peak memory 1208 MiB.
2026-10-05T16:14:25Z INFO [600/750] 42e7f219-34fb-4073-95c8-05b1926c50b0: Sackin index -0.1349; 0.7 s; peak memory 1208 MiB.
2026-10-05T16:14:25Z INFO [600/750] 42e7f219-34fb-4073-95c8-05b1926c50b0: checkpointed 79186 records.
2026-10-05T16:14:26Z INFO [601/750] 42e7f28a-2b1f-4cac-a2b6-3b5c8a4730e1: Sackin index -0.1349; 0.9 s; peak memory 1208 MiB.
2026-10-05T16:14:27Z INFO [602/750] 42e81c11-f2a5-4bf1-94dc-976f060ee32b: Sackin index -0.1349; 1.0 s; peak memory 1208 MiB.
2026-10-05T16:14:28Z INFO [603/750] 42e913db-03ab-4c92-96ba-59a553b6ca1f: Sackin index -0.1349; 0.8 s; peak memory 1208 MiB.
2026-10-05T16:14:30Z INFO [604/750] 42e92615-10da-45d4-9179-c43f5d411c92: Sackin index -0.0842; 1.8 s; peak memory 1208 MiB.
2026-10-05T16:14:30Z INFO [605/750] 42ec30fd-4643-49a2-b547-7de5a26a51a2: Sackin index -0.1658; 0.5 s; peak memory 1208 MiB.
2026-10-05T16:14:36Z INFO [606/750] 42ec42c7-415c-445a-b3f1-ee19c4d5f34b: Sackin index -0.0476; 5.3 s; peak memory 1208 MiB.
2026-10-05T16:14:37Z INFO [607/750] 42ec557b-b4b6-47dd-bd79-2e3993765c32: Sackin index -0.0375; 1.1 s; peak memory 1208 MiB.
2026-10-05T16:14:38Z INFO [608/750] 42ecd04d-32b4-4a83-a9f4-79406024d48b: Sackin index -0.0944; 0.9 s; peak memory 1208 MiB.
2026-10-05T16:14:39Z INFO [609/750] 42ee9029-9115-4360-a983-13606fafe6cb: Sackin index -0.1408; 1.1 s; peak memory 1208 MiB.
2026-10-05T16:14:40Z INFO [610/750] 42eefb2e-c2cc-471e-b501-ba4e8a27d648: Sackin index -0.0745; 1.0 s; peak memory 1208 MiB.
2026-10-05T16:14:41Z INFO [611/750] 42ef3cb8-c551-4042-83c6-6af677c4a836: Sackin index -0.0369; 1.3 s; peak memory 1208 MiB.
2026-10-05T16:14:44Z INFO [612/750] 42ef636c-3e3b-4ff3-8a2c-5d3e3c8e748a: Sackin index -0.0187; 3.5 s; peak memory 1208 MiB.
2026-10-05T16:14:46Z INFO [613/750] 42f02d3d-23fb-44d3-9113-f9051dc5a8b8: Sackin index -0.0699; 1.7 s; peak memory 1208 MiB.
2026-10-05T16:14:47Z INFO [614/750] 42f04ade-4012-475d-91f0-0fa55a116a8d: Sackin index -0.0702; 0.9 s; peak memory 1208 MiB.
2026-10-05T16:16:59Z INFO [615/750] 42f0a48f-d424-43a0-84a3-d8cd8c613349: Sackin index -0.0288; 131.9 s; peak memory 1208 MiB.
2026-10-05T16:17:00Z INFO [616/750] 42f1e34f-bf9a-492e-9b12-1ab0fe499a5e: Sackin index -0.0728; 1.3 s; peak memory 1208 MiB.
2026-10-05T16:17:01Z INFO [617/750] 42f21dd4-3e68-42f8-907c-5b1724d06de2: Sackin index -0.0728; 1.1 s; peak memory 1208 MiB.
2026-10-05T16:17:22Z INFO [618/750] 42f37bd8-c7ef-4061-ad40-2d79c42c4761: Sackin index -0.1367; 20.8 s; peak memory 1208 MiB.
2026-10-05T16:17:30Z INFO [619/750] 42f4936a-1f18-46f1-b7be-c9728f1a2594: Sackin index -0.0224; 7.6 s; peak memory 1208 MiB.
2026-10-05T16:17:31Z INFO [620/750] 42f4b874-e9de-4bbf-8f76-edeb05cbbe9d: Sackin index -0.0728; 1.1 s; peak memory 1208 MiB.
2026-10-05T16:17:33Z INFO [621/750] 42f616cc-66cb-42a2-92db-0e4be398193a: Sackin index -0.0370; 1.6 s; peak memory 1208 MiB.
2026-10-05T16:17:39Z INFO [622/750] 42f71af2-96d3-42ba-aba8-99b7274ee749: Sackin index -0.0205; 6.1 s; peak memory 1208 MiB.
2026-10-05T16:17:40Z INFO [623/750] 42f75cb6-0b5f-4395-9139-729498db4e0e: Sackin index -0.1349; 0.9 s; peak memory 1208 MiB.
2026-10-05T16:17:40Z INFO [624/750] 42f77cd2-2adf-4eb7-a6ae-cb58fc215c69: Sackin index -0.1349; 0.8 s; peak memory 1208 MiB.
2026-10-05T16:17:43Z INFO [625/750] 42f88779-ae1c-4b4e-b547-7817d8cd4e99: Sackin index -0.0321; 2.5 s; peak memory 1208 MiB.
2026-10-05T16:17:45Z INFO [626/750] 42f8f4ec-afbe-483a-8d4a-8dcccdde4882: Sackin index -0.0369; 1.7 s; peak memory 1208 MiB.
2026-10-05T16:17:45Z INFO [627/750] 42f8fa0a-768b-4cb8-9213-1c7f3f526236: Sackin index -0.0709; 0.9 s; peak memory 1208 MiB.
2026-10-05T16:17:51Z INFO [628/750] 42f95ed0-ff1e-4b58-9eef-ffa274c3ca8c: Sackin index -0.0044; 5.2 s; peak memory 1208 MiB.
2026-10-05T16:17:53Z INFO [629/750] 42f9deb0-2d36-4993-82d7-ada0e88f7920: Sackin index -0.0824; 1.9 s; peak memory 1208 MiB.
2026-10-05T16:17:54Z INFO [630/750] 42fa637c-dc75-4953-ba07-d8ecb5527e72: Sackin index -0.0375; 1.0 s; peak memory 1208 MiB.
2026-10-05T16:17:54Z INFO [631/750] 42fb25d8-fdb9-4530-9975-d8a331ccb4a1: Sackin index -0.1658; 0.6 s; peak memory 1208 MiB.
2026-10-05T16:17:55Z INFO [632/750] 42fc4cca-40ba-4a96-a6fb-b953fae698bc: Sackin index -0.0702; 1.1 s; peak memory 1208 MiB.
2026-10-05T16:17:57Z INFO [633/750] 42fc8b66-7efc-40b1-9ff6-af18367b0226: Sackin index -0.0745; 1.2 s; peak memory 1208 MiB.
2026-10-05T16:17:57Z INFO [634/750] 42fcd566-645d-4ca8-9109-e699aa633d92: Sackin index -0.0702; 0.9 s; peak memory 1208 MiB.
2026-10-05T16:17:58Z INFO [635/750] 42fd4a50-321d-439d-8830-89593fe5f328: Sackin index -0.1543; 0.9 s; peak memory 1208 MiB.
2026-10-05T16:17:59Z INFO [636/750] 42fec24d-3c08-48e4-a2de-15938bfb72fc: Sackin index -0.1349; 0.9 s; peak memory 1208 MiB.
2026-10-05T16:18:00Z INFO [637/750] 42ff0ae3-b0a4-41d6-abab-f7f444c17134: Sackin index -0.0696; 0.9 s; peak memory 1208 MiB.
2026-10-05T16:18:04Z INFO [638/750] 42ff60b0-8a85-45f0-973a-57767d230bac: Sackin index -0.0275; 3.5 s; peak memory 1208 MiB.
2026-10-05T16:18:04Z INFO [639/750] 42ffff16-a791-4a12-ab1a-06d20c8f807d: Sackin index -0.0702; 0.8 s; peak memory 1208 MiB.
2026-10-05T16:18:06Z INFO [640/750] 43006a44-760f-4b80-aeb9-6326b455ae25: Sackin index -0.0728; 1.1 s; peak memory 1208 MiB.
2026-10-05T16:18:06Z INFO [641/750] 43025451-0868-4850-8862-fb318acd36a9: Sackin index -0.1448; 0.7 s; peak memory 1208 MiB.
2026-10-05T16:18:11Z INFO [642/750] 4302ed16-56d9-44bf-ba69-4d5c0f945244: Sackin index -0.0435; 4.4 s; peak memory 1208 MiB.
2026-10-05T16:18:12Z INFO [643/750] 43033183-2b81-462f-aff5-9de8b160576d: Sackin index -0.1248; 1.1 s; peak memory 1208 MiB.
2026-10-05T16:18:13Z INFO [644/750] 43033a9c-0260-41db-b2c6-99698343fccd: Sackin index -0.1349; 0.8 s; peak memory 1208 MiB.
2026-10-05T16:18:28Z INFO [645/750] 43040d3a-1bef-4c34-b438-f63c849e00b8: Sackin index -0.1284; 15.8 s; peak memory 1208 MiB.
2026-10-05T16:18:29Z INFO [646/750] 43046000-8aaa-4004-86da-f34b0ed08523: Sackin index -0.1602; 0.7 s; peak memory 1208 MiB.
2026-10-05T16:18:30Z INFO [647/750] 43047792-bbe3-4a9a-a2e0-b3a6836cfbcc: Sackin index -0.1430; 0.7 s; peak memory 1208 MiB.
2026-10-05T16:18:31Z INFO [648/750] 4305887d-4095-43c4-947e-7fd89a209e64: Sackin index -0.0702; 0.9 s; peak memory 1208 MiB.
2026-10-05T16:18:31Z INFO [649/750] 43062213-0115-4f65-8170-79694e21d10b: Sackin index -0.1658; 0.6 s; peak memory 1208 MiB.
2026-10-05T16:18:32Z INFO [650/750] 43087416-936f-4ae8-95ce-cb72f52a703c: Sackin index -0.0728; 1.1 s; peak memory 1208 MiB.
2026-10-05T16:18:33Z INFO [650/750] 43087416-936f-4ae8-95ce-cb72f52a703c: checkpointed 79236 records.
2026-10-05T16:18:33Z INFO [651/750] 4308f665-d924-4c42-9d6d-cf5f72b53e2f: Sackin index -0.1349; 0.9 s; peak memory 1208 MiB.
2026-10-05T16:18:34Z INFO [652/750] 430a0c94-4215-45a5-8676-0879b279beb0: Sackin index -0.1658; 0.6 s; peak memory 1208 MiB.
2026-10-05T16:18:35Z INFO [653/750] 430a364e-b78d-4e0f-837d-ecab1a33332d: Sackin index -0.1658; 0.5 s; peak memory 1208 MiB.
2026-10-05T16:18:37Z INFO [654/750] 430ab003-d906-4d70-b1d3-095cb0e26a99: Sackin index -0.0660; 2.3 s; peak memory 1208 MiB.
2026-10-05T16:18:38Z INFO [655/750] 430b6f7a-ee46-4e79-bce0-dba2afbec156: Sackin index -0.1331; 0.7 s; peak memory 1208 MiB.
2026-10-05T16:18:38Z INFO [656/750] 430bb2f2-2e06-4d37-be2a-1d70bd057c6f: Sackin index -0.1349; 0.8 s; peak memory 1208 MiB.
2026-10-05T16:18:39Z INFO [657/750] 430c1646-0157-4cf9-b89b-bc9857173f49: Sackin index -0.0728; 1.1 s; peak memory 1208 MiB.
2026-10-05T16:18:40Z INFO [658/750] 430c56be-4ce5-424e-911e-18f49e757e1b: Sackin index -0.0702; 0.9 s; peak memory 1208 MiB.
2026-10-05T16:18:46Z INFO [659/750] 430cba9d-c6f7-496b-a593-da04c2440bc5: Sackin index -0.0437; 5.4 s; peak memory 1208 MiB.
2026-10-05T16:18:47Z INFO [660/750] 430cc9f6-f122-4b9b-96df-d3c250d359e1: Sackin index -0.1429; 0.8 s; peak memory 1208 MiB.
2026-10-05T16:18:48Z INFO [661/750] 430dd390-72f1-4b87-80a2-611cad0e68e4: Sackin index -0.1062; 1.0 s; peak memory 1208 MiB.
2026-10-05T16:18:48Z INFO [662/750] 430e55ae-d84f-44f9-bbbe-5419f0211d65: Sackin index -0.1349; 0.9 s; peak memory 1208 MiB.
2026-10-05T16:18:49Z INFO [663/750] 430e7bcd-3382-42ef-b5c7-aaf49c169edd: Sackin index -0.1349; 0.8 s; peak memory 1208 MiB.
2026-10-05T16:18:54Z INFO [664/750] 430fe607-f36c-4888-a9e3-e81a6713aba8: Sackin index -0.0143; 4.5 s; peak memory 1208 MiB.
2026-10-05T16:18:54Z INFO [665/750] 4310398f-9e94-4ed9-ba09-59ebf950178a: Sackin index -0.1178; 0.6 s; peak memory 1208 MiB.
2026-10-05T16:18:55Z INFO [666/750] 431040f5-22ae-423c-b86c-aec1247963c6: Sackin index -0.1349; 0.9 s; peak memory 1208 MiB.
2026-10-05T16:18:56Z INFO [667/750] 43106fdd-8afc-454e-a803-1c274ddee348: Sackin index -0.1349; 0.8 s; peak memory 1208 MiB.
2026-10-05T16:18:57Z INFO [668/750] 4310efa6-cdab-4960-9ea9-cd13e56f75fc: Sackin index -0.0722; 0.8 s; peak memory 1208 MiB.
2026-10-05T16:19:00Z INFO [669/750] 43117b90-646d-4fa8-9daa-245818953b2d: Sackin index -0.0248; 3.1 s; peak memory 1208 MiB.
2026-10-05T16:19:01Z INFO [670/750] 43130c1d-42b8-40e9-967e-d145770e1aa6: Sackin index -0.0457; 1.1 s; peak memory 1208 MiB.
2026-10-05T16:19:02Z INFO [671/750] 43137b38-3e11-47c7-9184-397e43c47e10: Sackin index -0.0728; 1.1 s; peak memory 1208 MiB.
2026-10-05T16:19:03Z INFO [672/750] 431426c1-b5be-4fcd-894d-6e546e39446d: Sackin index -0.1658; 0.7 s; peak memory 1208 MiB.
2026-10-05T16:19:04Z INFO [673/750] 43159a21-dd62-422f-b876-d7b00568fb09: Sackin index -0.0745; 1.0 s; peak memory 1208 MiB.
2026-10-05T16:19:05Z INFO [674/750] 4315b217-9ee5-4593-a874-4e83f908d1ad: Sackin index -0.1349; 0.8 s; peak memory 1208 MiB.
2026-10-05T16:19:06Z INFO [675/750] 4315c7da-3cc4-4563-b558-7ae2b5160e32: Sackin index -0.0379; 1.1 s; peak memory 1208 MiB.
2026-10-05T16:19:08Z INFO [676/750] 43162076-cdcc-4978-87f4-aac109f5b70f: Sackin index -0.0515; 1.7 s; peak memory 1208 MiB.
2026-10-05T16:19:08Z INFO [677/750] 4316b536-c44c-4232-b2e2-1e7d4a514161: Sackin index -0.1349; 0.9 s; peak memory 1208 MiB.
2026-10-05T16:19:09Z INFO [678/750] 4316e33c-4eeb-4b2c-871f-4307f83ce447: Sackin index -0.0702; 0.9 s; peak memory 1208 MiB.
2026-10-05T16:19:10Z INFO [679/750] 43171e5b-a961-4e82-aa66-c4c02e52d50e: Sackin index -0.0745; 1.1 s; peak memory 1208 MiB.
2026-10-05T16:19:12Z INFO [680/750] 43179242-c6d0-46fa-9631-f6c8ac005a10: Sackin index -0.0681; 1.5 s; peak memory 1208 MiB.
2026-10-05T16:19:13Z INFO [681/750] 4317b317-2401-4965-b772-63417ce91432: Sackin index -0.0696; 0.9 s; peak memory 1208 MiB.
2026-10-05T16:19:14Z INFO [682/750] 4317f3a8-37fb-4006-912e-653f31293e02: Sackin index -0.0275; 1.2 s; peak memory 1208 MiB.
2026-10-05T16:19:15Z INFO [683/750] 4318e59c-8990-4bf3-859f-672f5c70e17c: Sackin index -0.1068; 1.1 s; peak memory 1208 MiB.
2026-10-05T16:19:16Z INFO [684/750] 43194a0f-5962-480b-90a7-56bca5d768b3: Sackin index -0.1349; 0.9 s; peak memory 1208 MiB.
2026-10-05T16:19:17Z INFO [685/750] 431b47c6-73f8-414c-8aa9-47f4a0d5552c: Sackin index -0.0343; 1.3 s; peak memory 1208 MiB.
2026-10-05T16:19:18Z INFO [686/750] 431be2a8-ba71-4357-99d4-484dfa783fb9: Sackin index -0.1349; 0.7 s; peak memory 1208 MiB.
2026-10-05T16:19:21Z INFO [687/750] 431c03c0-ba87-4c29-983d-005be526f19a: Sackin index -0.0564; 2.4 s; peak memory 1208 MiB.
2026-10-05T16:19:22Z INFO [688/750] 431c77d3-ba8a-44ae-97ac-45f9e1ee540d: Sackin index -0.0379; 1.2 s; peak memory 1208 MiB.
2026-10-05T16:19:23Z INFO [689/750] 431d3a72-d006-4c96-9121-a10f4db7e2ff: Sackin index -0.1349; 0.8 s; peak memory 1208 MiB.
2026-10-05T16:19:23Z INFO [690/750] 431d42d8-6365-4cf4-80a3-28c3da4c974b: Sackin index -0.0702; 0.9 s; peak memory 1208 MiB.
2026-10-05T16:19:25Z INFO [691/750] 431dc30c-2723-48b6-861f-9dec7f81c46e: Sackin index -0.1291; 1.3 s; peak memory 1208 MiB.
2026-10-05T16:19:44Z INFO [692/750] 431deccd-615b-41bc-92de-d404d0e73a3b: Sackin index -0.1367; 19.2 s; peak memory 1208 MiB.
2026-10-05T16:19:45Z INFO [693/750] 431f3883-759d-4e81-8520-aa30d856a269: Sackin index -0.0702; 0.7 s; peak memory 1208 MiB.
2026-10-05T16:19:48Z INFO [694/750] 431ff60a-6f22-466a-be11-9945dc2a58b5: Sackin index -0.0251; 3.3 s; peak memory 1208 MiB.
2026-10-05T16:19:49Z INFO [695/750] 4320002b-b8f2-45a8-90b6-c2a868c6808e: Sackin index -0.1349; 0.9 s; peak memory 1208 MiB.
2026-10-05T16:19:50Z INFO [696/750] 43213291-a62c-456c-8f63-519bc2fc5b1a: Sackin index -0.0379; 0.9 s; peak memory 1208 MiB.
2026-10-05T16:19:51Z INFO [697/750] 4321c4ec-2471-4e98-a8ec-8c750bd66cc7: Sackin index -0.0702; 0.8 s; peak memory 1208 MiB.
2026-10-05T16:19:51Z INFO [698/750] 4321c5e4-c892-4942-a8fb-d33b33c75957: Sackin index -0.1349; 0.8 s; peak memory 1208 MiB.
2026-10-05T16:19:52Z INFO [699/750] 4321c8cd-7801-4dce-a95c-a2f6fae9a959: Sackin index -0.1349; 0.8 s; peak memory 1208 MiB.
2026-10-05T16:19:53Z INFO [700/750] 432216c7-db2d-4f1e-b9e9-de86020e5bc6: Sackin index -0.0702; 1.1 s; peak memory 1208 MiB.
2026-10-05T16:19:53Z INFO [700/750] 432216c7-db2d-4f1e-b9e9-de86020e5bc6: checkpointed 79286 records.
2026-10-05T16:19:55Z INFO [701/750] 43226b87-71dc-4b45-9475-a30e7d04ec36: Sackin index -0.0173; 1.5 s; peak memory 1208 MiB.
2026-10-05T16:19:56Z INFO [702/750] 4322fd86-5207-491d-830a-ddda7887aaba: Sackin index -0.2147; 0.6 s; peak memory 1208 MiB.
2026-10-05T16:19:58Z INFO [703/750] 43231301-2144-4eaf-af43-d3da575ce8f4: Sackin index -0.0704; 2.0 s; peak memory 1208 MiB.
2026-10-05T16:19:59Z INFO [704/750] 432356b7-cd22-4865-91fb-67a13950394c: Sackin index -0.0728; 1.0 s; peak memory 1208 MiB.
2026-10-05T16:20:03Z INFO [705/750] 43243418-942b-4431-a724-f0c295e7ce1c: Sackin index -0.0512; 4.5 s; peak memory 1208 MiB.
2026-10-05T16:20:04Z INFO [706/750] 43246128-7590-4ce7-9f8c-cc26a1933ef8: Sackin index -0.0728; 1.2 s; peak memory 1208 MiB.
2026-10-05T16:20:05Z INFO [707/750] 4324dc7b-743a-4063-8f34-1262b9abd2bd: Sackin index -0.1349; 0.9 s; peak memory 1208 MiB.
2026-10-05T16:20:06Z INFO [708/750] 432554c6-2315-4cfb-ab86-4ce58ef06f4c: Sackin index -0.0732; 1.1 s; peak memory 1208 MiB.
2026-10-05T16:20:07Z INFO [709/750] 43267335-dd68-4861-a474-268aed222d8d: Sackin index -0.0645; 1.0 s; peak memory 1208 MiB.
2026-10-05T16:20:08Z INFO [710/750] 43269235-2bbb-4e4b-bc07-a197b8dd984c: Sackin index -0.0941; 1.3 s; peak memory 1208 MiB.
2026-10-05T16:20:09Z INFO [711/750] 4326b9d4-e14c-45ea-ac7a-99df615078a9: Sackin index -0.1658; 0.5 s; peak memory 1208 MiB.
2026-10-05T16:20:10Z INFO [712/750] 4327b2e9-8e6e-4d98-bf77-36a635d6113d: Sackin index -0.1349; 0.8 s; peak memory 1208 MiB.
2026-10-05T16:20:11Z INFO [713/750] 432840e3-68c9-4796-99b9-63dd562be544: Sackin index -0.1349; 0.8 s; peak memory 1208 MiB.
2026-10-05T16:20:12Z INFO [714/750] 4329558c-84ff-4430-8eb7-ed7384dbd764: Sackin index -0.1349; 1.0 s; peak memory 1208 MiB.
2026-10-05T16:20:13Z INFO [715/750] 43299dae-fa14-443e-8e61-dad036c6299b: Sackin index -0.0369; 1.3 s; peak memory 1208 MiB.
2026-10-05T16:20:14Z INFO [716/750] 4329c291-0e01-4189-b6db-076cea540d74: Sackin index -0.1349; 1.0 s; peak memory 1208 MiB.
2026-10-05T16:20:14Z INFO [717/750] 432aca80-67fb-4dee-8962-55ed4ff79e86: Sackin index -0.1658; 0.5 s; peak memory 1208 MiB.
2026-10-05T16:20:16Z INFO [718/750] 432ad2b2-30b4-480d-acfd-c536c22846ca: Sackin index -0.1243; 1.7 s; peak memory 1208 MiB.
2026-10-05T16:20:23Z INFO [719/750] 432b20ca-cea6-46ae-9245-dd881823ea70: Sackin index -0.0614; 7.1 s; peak memory 1208 MiB.
2026-10-05T16:20:41Z INFO [720/750] 432b235a-486a-47e8-8678-8506cb5dabe8: Sackin index -0.1367; 17.5 s; peak memory 1208 MiB.
2026-10-05T16:20:41Z INFO [721/750] 432b8e50-7a48-4d87-9de9-3a3efcff90f1: Sackin index -0.1178; 0.6 s; peak memory 1208 MiB.
2026-10-05T16:20:42Z INFO [722/750] 432ba2fe-4d06-475a-8848-913125b4f6db: Sackin index -0.1201; 0.7 s; peak memory 1208 MiB.
2026-10-05T16:20:43Z INFO [723/750] 432be8d4-8760-493a-be05-f050b435c805: Sackin index -0.1120; 0.6 s; peak memory 1208 MiB.
2026-10-05T16:20:43Z INFO [724/750] 432d6e02-3ada-489e-b317-4b4a85c00053: Sackin index -0.1175; 0.5 s; peak memory 1208 MiB.
2026-10-05T16:20:56Z INFO [725/750] 432e846e-3d62-4317-b6cd-6183ee916337: Sackin index -0.0136; 13.1 s; peak memory 1208 MiB.
2026-10-05T16:20:57Z INFO [726/750] 432ed9f6-7444-424a-a358-4dec3a89ab0b: Sackin index -0.0696; 0.8 s; peak memory 1208 MiB.
2026-10-05T16:20:58Z INFO [727/750] 432f14f4-2efd-47f4-a0bd-dd45f0511e21: Sackin index -0.0728; 1.2 s; peak memory 1208 MiB.
2026-10-05T16:20:59Z INFO [728/750] 432f6872-88ef-4812-8d5b-dc024fad2c36: Sackin index -0.0896; 0.9 s; peak memory 1208 MiB.
2026-10-05T16:21:00Z INFO [729/750] 432fe75d-ceb3-4133-ac29-bc7c15ee2914: Sackin index -0.1380; 0.9 s; peak memory 1208 MiB.
2026-10-05T16:21:01Z INFO [730/750] 433094c1-0eee-4727-8f9b-b39205651da3: Sackin index -0.1349; 0.9 s; peak memory 1208 MiB.
2026-10-05T16:21:02Z INFO [731/750] 433283d8-9ad1-433d-b9ac-cd7c462c60cc: Sackin index -0.0702; 1.0 s; peak memory 1208 MiB.
2026-10-05T16:21:03Z INFO [732/750] 43328be1-ffc0-4a0b-a7df-3eac865d83b3: Sackin index -0.0275; 1.3 s; peak memory 1208 MiB.
2026-10-05T16:21:04Z INFO [733/750] 4332e43e-9505-49cf-8d06-ff8a12cb6055: Sackin index -0.1448; 0.6 s; peak memory 1208 MiB.
2026-10-05T16:21:11Z INFO [734/750] 43333b49-ebcf-4cb9-9a90-0f789e5cbf84: Sackin index -0.0017; 7.3 s; peak memory 1208 MiB.
2026-10-05T16:21:12Z INFO [735/750] 43334296-17b0-41d3-bff8-a3660db8bfd6: Sackin index -0.0709; 1.1 s; peak memory 1208 MiB.
2026-10-05T16:21:13Z INFO [736/750] 4333852b-eb3b-4261-93ba-1753bf8948f6: Sackin index -0.0382; 0.9 s; peak memory 1208 MiB.
2026-10-05T16:21:16Z INFO [737/750] 4334d330-870f-45b5-a4da-8fb9de5c501e: Sackin index -0.0658; 3.4 s; peak memory 1208 MiB.
2026-10-05T16:21:17Z INFO [738/750] 433635fb-ba5f-4c0f-9f16-df0d7d3cc0ce: Sackin index -0.1349; 0.8 s; peak memory 1208 MiB.
2026-10-05T16:21:25Z INFO [739/750] 43367701-b5a6-483a-bef4-fe0ea7693a3d: Sackin index -0.0186; 7.3 s; peak memory 1208 MiB.
2026-10-05T16:21:30Z INFO [740/750] 43385a0b-d027-4b56-a194-248832235c62: Sackin index -0.0166; 5.9 s; peak memory 1208 MiB.
2026-10-05T16:21:32Z INFO [741/750] 43386a1d-14eb-464c-bf61-ec481ee2ec13: Sackin index -0.0681; 1.8 s; peak memory 1208 MiB.
2026-10-05T16:23:25Z INFO [742/750] 43397af0-1292-4890-98cb-2c2123be1d71: Sackin index -0.0414; 113.1 s; peak memory 1208 MiB.
2026-10-05T16:23:46Z INFO [743/750] 4339c14c-c015-4211-9bbc-efa97d7be75d: Sackin index -0.1367; 20.7 s; peak memory 1208 MiB.
2026-10-05T16:23:47Z INFO [744/750] 433a71cf-10ae-44fa-aafb-6fed605fa7cb: Sackin index -0.0728; 1.1 s; peak memory 1208 MiB.
2026-10-05T16:23:48Z INFO [745/750] 433ab83f-31f5-422c-846a-12ca10270c2c: Sackin index -0.1349; 1.0 s; peak memory 1208 MiB.
2026-10-05T16:27:51Z INFO [746/750] 433bd50f-06fd-4bde-820a-24a422e23846: Sackin index -0.1201; 242.6 s; peak memory 1208 MiB.
2026-10-05T16:27:51Z INFO [747/750] 433c1217-b50b-43a7-85a3-79c2a39fac6f: Sackin index -0.1349; 0.7 s; peak memory 1208 MiB.
2026-10-05T16:27:52Z INFO [748/750] 433c9d9d-c083-49d1-9b4f-a110066e7115: Sackin index -0.1349; 0.8 s; peak memory 1208 MiB.
2026-10-05T16:27:53Z INFO [749/750] 433ca9d3-2d0c-46b5-bd25-15ae655a97dc: Sackin index -0.1349; 1.0 s; peak memory 1208 MiB.
2026-10-05T16:27:54Z INFO [750/750] 433cc113-7d1c-40f9-9f1c-9c64af9a459a: Sackin index -0.1191; 0.7 s; peak memory 1208 MiB.
2026-10-05T16:27:54Z INFO [750/750] 433cc113-7d1c-40f9-9f1c-9c64af9a459a: checkpointed 79336 records.
2026-10-05T16:27:54Z INFO Wrote 79336 records to /tmp/derivatives/valid_nwb_file_to_sackin_index.jsonl (750 new, 0 failed) in 89.1 min (peak memory 1208 MiB).
