2026-10-07T00:43:13Z INFO Logging to /tmp/logs/update_2026-10-07T00-43-13Z.log.
2026-10-07T00:43:13Z INFO Update valid-nwb-file-to-sackin-index (base directory /tmp).
2026-10-07T00:43:13Z INFO Processing 750 items (89836 already recorded).
2026-10-07T00:43:14Z INFO [1/750] 5904e078-e46c-4c7c-9cb3-b7bc893fc982: Sackin index -0.1349; 1.2 s; peak memory 113 MiB.
2026-10-07T00:43:15Z INFO [2/750] 5904ebf1-1d0a-49e5-82ed-af1963f61323: Sackin index -0.0728; 1.4 s; peak memory 118 MiB.
2026-10-07T00:43:24Z INFO [3/750] 590505d8-d9d4-4dbc-afe0-38beda668e18: Sackin index -0.0311; 8.9 s; peak memory 157 MiB.
2026-10-07T00:43:25Z INFO [4/750] 5905287d-c239-4871-832a-699ae4502900: Sackin index -0.0707; 1.3 s; peak memory 157 MiB.
2026-10-07T00:43:42Z INFO [5/750] 59067985-882d-4ecc-8ab4-d2763e7ca73b: Sackin index -0.0148; 16.2 s; peak memory 175 MiB.
2026-10-07T00:43:44Z INFO [6/750] 5906c199-17b2-4c4e-8a89-41a2395032f9: Sackin index -0.0677; 2.4 s; peak memory 175 MiB.
2026-10-07T00:43:45Z INFO [7/750] 59074481-d0b6-444f-aecb-4877770a6f93: Sackin index -0.0748; 1.1 s; peak memory 175 MiB.
2026-10-07T00:43:46Z INFO [8/750] 5907cabd-5a5d-4b99-a203-63d66cbdc239: Sackin index -0.0382; 1.2 s; peak memory 175 MiB.
2026-10-07T00:43:47Z INFO [9/750] 590952b0-13bf-4b18-8218-de3fef9abdcb: Sackin index -0.1191; 1.0 s; peak memory 175 MiB.
2026-10-07T00:43:49Z INFO [10/750] 5909b099-9123-4c3a-bd77-91176b03fe06: Sackin index -0.0376; 1.4 s; peak memory 175 MiB.
2026-10-07T00:43:50Z INFO [11/750] 590a6cd7-d066-4484-b690-210501e57464: Sackin index -0.1191; 0.7 s; peak memory 175 MiB.
2026-10-07T00:43:58Z INFO [12/750] 590ab0e5-3019-4c7d-ab8e-52d325e2c5dd: Sackin index -0.0288; 8.1 s; peak memory 175 MiB.
2026-10-07T00:43:59Z INFO [13/750] 590c1a63-6638-43f0-9100-fec97ce4b5a3: Sackin index -0.0379; 1.2 s; peak memory 175 MiB.
2026-10-07T00:44:00Z INFO [14/750] 590ca468-1604-46dc-87c8-29713162b991: Sackin index -0.1349; 1.1 s; peak memory 175 MiB.
2026-10-07T00:44:01Z INFO [15/750] 590cb20b-0ed6-4547-9c68-70f554f2ab7b: Sackin index -0.0676; 1.5 s; peak memory 175 MiB.
2026-10-07T00:44:10Z INFO [16/750] 590d18ea-5948-4129-8b93-d187ba155eb9: Sackin index -0.0136; 8.9 s; peak memory 175 MiB.
2026-10-07T00:44:11Z INFO [17/750] 590d5f10-9bca-4e9f-9cbe-ea28e435451a: Sackin index -0.1254; 0.8 s; peak memory 175 MiB.
2026-10-07T00:44:12Z INFO [18/750] 590eb5ba-87f2-43be-a082-5902b9b8cfac: Sackin index -0.1349; 1.0 s; peak memory 175 MiB.
2026-10-07T00:58:08Z INFO [19/750] 590ec528-9a9a-4de3-9844-6dc36bf3c44b: Sackin index -0.0371; 835.4 s; peak memory 1103 MiB.
2026-10-07T00:58:09Z INFO [20/750] 590f0e1a-4225-481d-a98b-c9b438ca52f1: Sackin index -0.1349; 1.0 s; peak memory 1103 MiB.
2026-10-07T00:58:10Z INFO [21/750] 590f9a9b-9b6d-47a2-854d-fddd336607be: Sackin index -0.0376; 1.4 s; peak memory 1103 MiB.
2026-10-07T00:58:11Z INFO [22/750] 5910326c-43f3-4950-a467-b3b03056a745: Sackin index -0.0883; 1.0 s; peak memory 1103 MiB.
2026-10-07T00:58:14Z INFO [23/750] 5910729f-4a00-486b-a326-c6cbbf298a9b: Sackin index -0.0699; 2.8 s; peak memory 1103 MiB.
2026-10-07T00:58:16Z INFO [24/750] 59109cde-a5cd-4f29-bdc5-2cb1e8d898d0: Sackin index -0.1709; 2.1 s; peak memory 1103 MiB.
2026-10-07T00:58:17Z INFO [25/750] 59112a70-b7b7-41ff-98e1-e3183dec4d14: Sackin index -0.1178; 0.7 s; peak memory 1103 MiB.
2026-10-07T00:58:19Z INFO [26/750] 59114d1e-bb32-4130-9983-a9299f8f9910: Sackin index -0.0660; 2.5 s; peak memory 1103 MiB.
2026-10-07T00:58:20Z INFO [27/750] 5913bb7e-1cee-4d46-b71c-fe71c5eee969: Sackin index -0.1349; 1.0 s; peak memory 1103 MiB.
2026-10-07T00:58:21Z INFO [28/750] 5913d9ae-249c-4c5e-87bd-36136bf75d2a: Sackin index -0.1191; 0.8 s; peak memory 1103 MiB.
2026-10-07T00:58:22Z INFO [29/750] 5914de55-011f-478a-b0bd-b60c114f7c5d: Sackin index -0.0376; 1.1 s; peak memory 1103 MiB.
2026-10-07T00:58:23Z INFO [30/750] 5914f8b6-024b-4cd3-9272-fa737770c2df: Sackin index -0.1000; 1.3 s; peak memory 1103 MiB.
2026-10-07T00:58:24Z INFO [31/750] 59165320-f731-4a6e-a04c-92b80471a224: Sackin index -0.1592; 0.9 s; peak memory 1103 MiB.
2026-10-07T00:58:31Z INFO [32/750] 59166358-c437-4eb4-ad01-2a700209129e: Sackin index -0.0413; 6.8 s; peak memory 1103 MiB.
2026-10-07T00:58:33Z INFO [33/750] 591771cc-a85b-4f65-a1c0-f5f85f46384e: Sackin index -0.0275; 1.5 s; peak memory 1103 MiB.
2026-10-07T00:58:34Z INFO [34/750] 5917b15e-f80f-47f0-a356-31b6eadd1b11: Sackin index -0.0728; 1.5 s; peak memory 1103 MiB.
2026-10-07T00:58:35Z INFO [35/750] 5917e20d-c929-4dc6-a68e-a4b9ea22a5f1: Sackin index -0.1349; 1.0 s; peak memory 1103 MiB.
2026-10-07T00:58:36Z INFO [36/750] 59191837-74b2-4c38-84f8-e5e3e56bb66c: Sackin index -0.1349; 1.0 s; peak memory 1103 MiB.
2026-10-07T00:58:38Z INFO [37/750] 5919b326-4e03-41ab-acb6-e4e5b0954f46: Sackin index -0.0375; 1.8 s; peak memory 1103 MiB.
2026-10-07T00:58:48Z INFO [38/750] 5919bd7f-2b86-4328-a6a6-dbc376402f34: Sackin index -0.0135; 9.8 s; peak memory 1103 MiB.
2026-10-07T00:58:49Z INFO [39/750] 5919e3c4-6d69-4579-aadc-122cbc2edda6: Sackin index -0.0702; 1.2 s; peak memory 1103 MiB.
2026-10-07T00:58:50Z INFO [40/750] 591a6db0-8298-4ab5-8433-e1eeaa3e5738: Sackin index -0.0728; 1.7 s; peak memory 1103 MiB.
2026-10-07T00:58:52Z INFO [41/750] 591aa00f-a8e8-4b80-9594-98df8dedcd18: Sackin index -0.0802; 1.1 s; peak memory 1103 MiB.
2026-10-07T00:58:56Z INFO [42/750] 591ad761-9959-430d-ac06-7a236bc0c4c5: Sackin index -0.0246; 4.7 s; peak memory 1103 MiB.
2026-10-07T00:58:57Z INFO [43/750] 591b1a31-0184-461c-b550-b3e59790c4bd: Sackin index -0.0369; 1.3 s; peak memory 1103 MiB.
2026-10-07T00:58:59Z INFO [44/750] 591c2665-3102-429f-ae10-75943170cff7: Sackin index -0.0375; 1.2 s; peak memory 1103 MiB.
2026-10-07T00:59:00Z INFO [45/750] 591ceef3-b523-45ba-9f21-f8e8fda9c2af: Sackin index -0.1349; 0.9 s; peak memory 1103 MiB.
2026-10-07T00:59:01Z INFO [46/750] 591e27f2-05b2-4206-9881-811823c1136b: Sackin index -0.0696; 1.2 s; peak memory 1103 MiB.
2026-10-07T00:59:10Z INFO [47/750] 591e990a-b29d-4d5c-84c1-284578b84411: Sackin index -0.0029; 9.3 s; peak memory 1103 MiB.
2026-10-07T00:59:11Z INFO [48/750] 591ebbad-ce91-423d-81a9-cb5b029d91a6: Sackin index -0.0709; 1.0 s; peak memory 1103 MiB.
2026-10-07T00:59:12Z INFO [49/750] 591f76b5-8de8-40f2-b0ae-09776d6cf4bb: Sackin index -0.0881; 0.8 s; peak memory 1103 MiB.
2026-10-07T00:59:13Z INFO [50/750] 59215f99-6f16-4b42-afde-beee139bbdeb: Sackin index -0.1349; 0.9 s; peak memory 1103 MiB.
2026-10-07T00:59:13Z INFO [50/750] 59215f99-6f16-4b42-afde-beee139bbdeb: checkpointed 89886 records.
2026-10-07T00:59:30Z INFO [51/750] 5921acf7-88a9-4d7a-bf1a-52928d4b4766: Sackin index -0.0190; 17.2 s; peak memory 1103 MiB.
2026-10-07T00:59:32Z INFO [52/750] 59223156-b337-4e8e-84f7-75a44e9b26cc: Sackin index -0.0728; 1.6 s; peak memory 1103 MiB.
2026-10-07T00:59:34Z INFO [53/750] 5922e133-ae48-4711-a284-eb8c155e55d4: Sackin index -0.0842; 2.5 s; peak memory 1103 MiB.
2026-10-07T00:59:35Z INFO [54/750] 5923acbd-2444-42e9-99ff-85eec6064772: Sackin index -0.1349; 1.0 s; peak memory 1103 MiB.
2026-10-07T00:59:38Z INFO [55/750] 59240252-3013-4c1c-a491-b214486afa0d: Sackin index -0.0660; 3.1 s; peak memory 1103 MiB.
2026-10-07T00:59:39Z INFO [56/750] 59245413-3a45-4581-a180-e0bdea6d81e1: Sackin index -0.1403; 0.8 s; peak memory 1103 MiB.
2026-10-07T00:59:40Z INFO [57/750] 592482e0-9c83-4acc-9270-40dc76511fc5: Sackin index -0.0376; 1.1 s; peak memory 1103 MiB.
2026-10-07T00:59:42Z INFO [58/750] 592535bb-2659-4c66-8770-336c3b6948f2: Sackin index -0.0718; 2.3 s; peak memory 1103 MiB.
2026-10-07T00:59:44Z INFO [59/750] 5925ac6a-185c-4ec9-abe9-e85cb5a830fe: Sackin index -0.1349; 1.1 s; peak memory 1103 MiB.
2026-10-07T00:59:44Z INFO [60/750] 592664d7-9535-4588-b82b-002b2ece2abb: Sackin index -0.1349; 0.9 s; peak memory 1103 MiB.
2026-10-07T00:59:48Z INFO [61/750] 59275657-1c0e-4bd8-a65c-c07c1d1174d2: Sackin index -0.0797; 3.1 s; peak memory 1103 MiB.
2026-10-07T00:59:49Z INFO [62/750] 5927a55a-cfce-4a60-a4d6-9acc0dcbc9c6: Sackin index -0.1194; 1.2 s; peak memory 1103 MiB.
2026-10-07T00:59:50Z INFO [63/750] 59297939-e744-4ead-af93-e5ecfcfbe0e4: Sackin index -0.1349; 1.0 s; peak memory 1103 MiB.
2026-10-07T00:59:51Z INFO [64/750] 592a31be-1e2e-44f4-aff4-79d19b091676: Sackin index -0.0696; 1.1 s; peak memory 1103 MiB.
2026-10-07T00:59:52Z INFO [65/750] 592a8ee0-d249-41d5-b459-75a662e38fa3: Sackin index -0.0702; 1.2 s; peak memory 1103 MiB.
2026-10-07T00:59:53Z INFO [66/750] 592a90da-d6d5-4610-b7ca-3a8db4954f9f: Sackin index -0.0696; 0.9 s; peak memory 1103 MiB.
2026-10-07T01:02:26Z INFO [67/750] 592c6416-f949-4970-ad0e-6d5f610e91d0: Sackin index -0.0410; 152.9 s; peak memory 1103 MiB.
2026-10-07T01:02:37Z INFO [68/750] 592d190a-1b45-4f59-8eeb-f7ed80481f9c: Sackin index -0.0151; 11.1 s; peak memory 1103 MiB.
2026-10-07T01:02:38Z INFO [69/750] 592dea03-e839-484e-b0c7-b173b2f046ec: Sackin index -0.0702; 1.0 s; peak memory 1103 MiB.
2026-10-07T01:02:40Z INFO [70/750] 592e0c9e-9e72-4e66-8a7d-27563def9e67: Sackin index -0.0728; 1.9 s; peak memory 1103 MiB.
2026-10-07T01:05:25Z INFO [71/750] 592e8ccb-bf58-4f40-9e97-e2ad4a6e16b2: Sackin index -0.0434; 164.9 s; peak memory 1103 MiB.
2026-10-07T01:05:29Z INFO [72/750] 592f2fec-eed5-4515-baff-1cad7a364860: Sackin index -0.0248; 3.9 s; peak memory 1103 MiB.
2026-10-07T01:05:30Z INFO [73/750] 5930153b-4605-48f5-a78f-e4568f55b78b: Sackin index -0.1349; 0.8 s; peak memory 1103 MiB.
2026-10-07T01:05:31Z INFO [74/750] 59308eb8-496e-438b-8414-75ca9b73c189: Sackin index -0.1349; 1.0 s; peak memory 1103 MiB.
2026-10-07T01:05:32Z INFO [75/750] 5930e6e1-4ac0-4c33-94db-4a24ec9b9788: Sackin index -0.1026; 1.6 s; peak memory 1103 MiB.
2026-10-07T01:05:33Z INFO [76/750] 59324f7a-8568-4af9-92a5-ee332e7c85c1: Sackin index -0.1349; 1.0 s; peak memory 1103 MiB.
2026-10-07T01:05:34Z INFO [77/750] 59325ca3-748a-490d-a407-15f8edc349ba: Sackin index -0.0702; 1.1 s; peak memory 1103 MiB.
2026-10-07T01:05:35Z INFO [78/750] 5932751c-c139-4f4f-bd3b-d5f2274b5c9a: Sackin index -0.0379; 1.0 s; peak memory 1103 MiB.
2026-10-07T01:05:37Z INFO [79/750] 59336c38-7cf3-4614-a534-dac75dd9ad5c: Sackin index -0.1349; 1.3 s; peak memory 1103 MiB.
2026-10-07T01:05:39Z INFO [80/750] 5934a5f9-2ff9-4289-8213-85524149bb83: Sackin index -0.0671; 2.5 s; peak memory 1103 MiB.
2026-10-07T01:05:40Z INFO [81/750] 59355c76-71d9-4cff-bfff-c666b6545b4b: Sackin index -0.1461; 1.0 s; peak memory 1103 MiB.
2026-10-07T01:05:42Z INFO [82/750] 5935ced3-021c-43e8-a73c-b13982b57e2b: Sackin index -0.0699; 2.2 s; peak memory 1103 MiB.
2026-10-07T01:05:44Z INFO [83/750] 5936ea33-c51c-4f1e-9e8e-5122ded565b1: Sackin index -0.1383; 1.5 s; peak memory 1103 MiB.
2026-10-07T01:05:45Z INFO [84/750] 5936eb51-2382-4688-abcb-af4cf5b9dccc: Sackin index -0.0702; 1.0 s; peak memory 1103 MiB.
2026-10-07T01:05:54Z INFO [85/750] 59370f06-592c-4213-86f8-98673654b398: Sackin index -0.0892; 9.5 s; peak memory 1103 MiB.
2026-10-07T01:06:06Z INFO [86/750] 5937f17f-e688-4545-a727-c67e6429d725: Sackin index -0.0116; 12.0 s; peak memory 1103 MiB.
2026-10-07T01:06:07Z INFO [87/750] 59388309-02e8-4a73-94e4-09e88ee36d10: Sackin index -0.0702; 1.2 s; peak memory 1103 MiB.
2026-10-07T01:06:10Z INFO [88/750] 5938a881-00b4-4240-a299-1a493a3bab47: Sackin index -0.0660; 2.8 s; peak memory 1103 MiB.
2026-10-07T01:06:11Z INFO [89/750] 5938c99d-dfcf-4c33-96da-843e697e68d7: Sackin index -0.0752; 1.0 s; peak memory 1103 MiB.
2026-10-07T01:06:12Z INFO [90/750] 5939a5f8-7799-4bb0-8aca-3ef5a1e70e26: Sackin index -0.0709; 1.3 s; peak memory 1103 MiB.
2026-10-07T01:06:14Z INFO [91/750] 593a61e6-f0e2-4903-94c0-b0f951ed4826: Sackin index -0.0811; 1.0 s; peak memory 1103 MiB.
2026-10-07T01:06:15Z INFO [92/750] 593a6b4f-8481-4b4a-8246-80583451ccfe: Sackin index -0.0702; 1.2 s; peak memory 1103 MiB.
2026-10-07T01:06:16Z INFO [93/750] 593ab2ff-1aee-48ef-b627-c1811d985214: Sackin index -0.0704; 1.2 s; peak memory 1103 MiB.
2026-10-07T01:06:18Z INFO [94/750] 593ab79a-b09e-484a-86c0-71c0d1c79505: Sackin index -0.0676; 2.1 s; peak memory 1103 MiB.
2026-10-07T01:06:19Z INFO [95/750] 593af9d6-a383-4307-b088-ce6a71ab8af7: Sackin index -0.0707; 0.8 s; peak memory 1103 MiB.
2026-10-07T01:06:20Z INFO [96/750] 593b56e7-67ea-48da-8aee-209953ecc8f9: Sackin index -0.0728; 1.4 s; peak memory 1103 MiB.
2026-10-07T01:06:21Z INFO [97/750] 593bb7a4-3401-48a2-88a1-9236a14c3836: Sackin index -0.0702; 1.1 s; peak memory 1103 MiB.
2026-10-07T01:06:23Z INFO [98/750] 593c4ff5-6900-4c7b-99fc-cbc2c2f8b513: Sackin index -0.0702; 1.4 s; peak memory 1103 MiB.
2026-10-07T01:06:23Z INFO [99/750] 593cb866-fc3e-44ce-b195-1cb4a1309ed4: Sackin index -0.1658; 0.7 s; peak memory 1103 MiB.
2026-10-07T01:06:25Z INFO [100/750] 593ceac1-8ca2-4bce-97b6-b39288d52db3: Sackin index -0.1072; 1.6 s; peak memory 1103 MiB.
2026-10-07T01:06:25Z INFO [100/750] 593ceac1-8ca2-4bce-97b6-b39288d52db3: checkpointed 89936 records.
2026-10-07T01:06:26Z INFO [101/750] 593d4cec-f613-4681-b73d-44c531b2a857: Sackin index -0.1356; 0.8 s; peak memory 1103 MiB.
2026-10-07T01:06:27Z INFO [102/750] 593d66fe-5ae3-47f2-9ab2-c79342ba69d6: Sackin index -0.0656; 1.0 s; peak memory 1103 MiB.
2026-10-07T01:06:28Z INFO [103/750] 593dc70e-4b2b-4633-b967-6ca65471597e: Sackin index -0.0702; 1.2 s; peak memory 1103 MiB.
2026-10-07T01:06:29Z INFO [104/750] 593e130a-c7a7-4e8c-9176-c4e7f6394705: Sackin index -0.0702; 1.1 s; peak memory 1103 MiB.
2026-10-07T01:06:33Z INFO [105/750] 593f3022-fd08-42eb-a962-72488ac8ac41: Sackin index -0.0635; 4.2 s; peak memory 1103 MiB.
2026-10-07T01:06:35Z INFO [106/750] 593f3c56-dfe2-40ac-bb31-e43da70c430b: Sackin index -0.0728; 1.2 s; peak memory 1103 MiB.
2026-10-07T01:06:36Z INFO [107/750] 593fa457-0c72-444c-87db-9b87a28f5607: Sackin index -0.0728; 1.7 s; peak memory 1103 MiB.
2026-10-07T01:06:37Z INFO [108/750] 593ff9c9-80a7-461b-aa89-e73a03f3ac9f: Sackin index -0.1349; 0.9 s; peak memory 1103 MiB.
2026-10-07T01:06:38Z INFO [109/750] 5940031e-e803-46f5-974e-e53231e49e94: Sackin index -0.1349; 1.1 s; peak memory 1103 MiB.
2026-10-07T01:06:44Z INFO [110/750] 59402754-c035-4a32-9b10-104f0aa29754: Sackin index -0.0230; 5.2 s; peak memory 1103 MiB.
2026-10-07T01:07:01Z INFO [111/750] 59404a73-1c38-4bbc-909c-69e32e85a528: Sackin index -0.1495; 17.7 s; peak memory 1103 MiB.
2026-10-07T01:07:03Z INFO [112/750] 59405009-9b76-4e25-b127-2b01afab6a0a: Sackin index -0.0728; 1.4 s; peak memory 1103 MiB.
2026-10-07T01:07:04Z INFO [113/750] 5940fbb6-4c13-4841-8c66-0bf873a95326: Sackin index -0.0728; 1.1 s; peak memory 1103 MiB.
2026-10-07T01:07:05Z INFO [114/750] 594110be-0c1c-4e7f-8d5b-82180db93478: Sackin index -0.1191; 0.9 s; peak memory 1103 MiB.
2026-10-07T01:07:06Z INFO [115/750] 59414816-d93b-41d7-81f5-dd696601add8: Sackin index -0.1210; 1.4 s; peak memory 1103 MiB.
2026-10-07T01:07:09Z INFO [116/750] 59417aa2-5f89-40d0-831b-017c6ffa06c7: Sackin index -0.0699; 3.2 s; peak memory 1103 MiB.
2026-10-07T01:07:12Z INFO [117/750] 59430cdb-a559-4be6-a459-028e39111062: Sackin index -0.0173; 2.3 s; peak memory 1103 MiB.
2026-10-07T01:07:14Z INFO [118/750] 5943bd62-3ff4-4457-9fd6-6c969f25c498: Sackin index -0.0704; 2.4 s; peak memory 1103 MiB.
2026-10-07T01:07:19Z INFO [119/750] 59467635-7809-41c3-aadc-4518e94b339b: Sackin index -0.0411; 4.6 s; peak memory 1103 MiB.
2026-10-07T01:07:20Z INFO [120/750] 5947423b-54dc-45e3-a2f5-531a122dd332: Sackin index -0.1349; 1.0 s; peak memory 1103 MiB.
2026-10-07T01:07:21Z INFO [121/750] 5947b8ff-aa26-467a-9cf4-36c36cafbc83: Sackin index -0.1349; 1.1 s; peak memory 1103 MiB.
2026-10-07T01:07:23Z INFO [122/750] 5948455c-2412-4d26-aed4-1a6fbbf95beb: Sackin index -0.0699; 2.6 s; peak memory 1103 MiB.
2026-10-07T01:07:27Z INFO [123/750] 5948ca6d-f6d0-4fb9-a9dc-51244ccdc7d4: Sackin index -0.0264; 4.1 s; peak memory 1103 MiB.
2026-10-07T01:12:30Z INFO [124/750] 59493cac-9ff3-4af7-ab6e-bbb9016f04e7: Sackin index -0.1201; 302.0 s; peak memory 1103 MiB.
2026-10-07T01:12:31Z INFO [125/750] 594abc82-4133-4867-baef-dcfbff83a066: Sackin index -0.1273; 1.6 s; peak memory 1103 MiB.
2026-10-07T01:12:32Z INFO [126/750] 594aee4c-ad5a-4579-8a87-c08c68c69125: Sackin index -0.0387; 1.1 s; peak memory 1103 MiB.
2026-10-07T01:12:33Z INFO [127/750] 594cbf13-19aa-4ef6-883a-46ec21438041: Sackin index -0.1194; 1.2 s; peak memory 1103 MiB.
2026-10-07T01:12:34Z INFO [128/750] 594cd4f9-91c4-426f-be68-f9025122f3ca: Sackin index -0.0709; 1.0 s; peak memory 1103 MiB.
2026-10-07T01:12:36Z INFO [129/750] 594ce141-8357-4d27-b85e-acf433778b9a: Sackin index -0.0375; 1.3 s; peak memory 1103 MiB.
2026-10-07T01:12:37Z INFO [130/750] 594d50cc-71f2-41de-98ed-dd554a0cc01e: Sackin index -0.0728; 1.4 s; peak memory 1103 MiB.
2026-10-07T01:12:38Z INFO [131/750] 594f76ab-4667-493a-95d3-6b88cc3a3030: Sackin index -0.1349; 1.0 s; peak memory 1103 MiB.
2026-10-07T01:12:40Z INFO [132/750] 594f9491-2486-490d-b30d-e729ebe7d8fd: Sackin index -0.0952; 1.9 s; peak memory 1103 MiB.
2026-10-07T01:12:41Z INFO [133/750] 594fa054-dbe6-4cef-b48d-683b5179246f: Sackin index -0.0881; 1.5 s; peak memory 1103 MiB.
2026-10-07T01:12:46Z INFO [134/750] 594fb87b-b996-46cc-b473-9dada1857412: Sackin index -0.0251; 5.0 s; peak memory 1103 MiB.
2026-10-07T01:12:52Z INFO [135/750] 59503b8e-6d25-43b6-bc50-26eb4dbc6aad: Sackin index -0.0251; 5.8 s; peak memory 1103 MiB.
2026-10-07T01:12:54Z INFO [136/750] 595062ea-1b71-42d4-b63d-af1d1f9aacd6: Sackin index -0.0702; 1.2 s; peak memory 1103 MiB.
2026-10-07T01:12:54Z INFO [137/750] 59510c33-e85e-4b7d-aa74-6a08a756d65e: Sackin index -0.0732; 0.9 s; peak memory 1103 MiB.
2026-10-07T01:13:00Z INFO [138/750] 5952cda8-0602-4d09-883b-6ca0855ade7d: Sackin index -0.0208; 6.1 s; peak memory 1103 MiB.
2026-10-07T01:13:01Z INFO [139/750] 59534a47-ad68-4b61-bbf6-c7d0dd90520d: Sackin index -0.1658; 0.7 s; peak memory 1103 MiB.
2026-10-07T01:13:02Z INFO [140/750] 5953fee6-0dc3-4508-ad3c-9ff9ef87a3e6: Sackin index -0.0656; 0.9 s; peak memory 1103 MiB.
2026-10-07T01:13:03Z INFO [141/750] 59552b42-5576-4f84-8864-c10fca875dbe: Sackin index -0.0709; 1.1 s; peak memory 1103 MiB.
2026-10-07T01:13:14Z INFO [142/750] 5955350d-1832-431b-8e0e-e0519e7238cc: Sackin index -0.0149; 10.5 s; peak memory 1103 MiB.
2026-10-07T01:13:15Z INFO [143/750] 595760bf-347c-4d72-9065-aafffa4a21d2: Sackin index -0.1408; 1.2 s; peak memory 1103 MiB.
2026-10-07T01:13:16Z INFO [144/750] 59585b2e-d5a3-4eb0-b11c-024fb7fb1d34: Sackin index -0.1183; 1.3 s; peak memory 1103 MiB.
2026-10-07T01:13:18Z INFO [145/750] 5958794c-7a59-4307-b6d0-6316faecfb7b: Sackin index -0.0272; 1.7 s; peak memory 1103 MiB.
2026-10-07T01:13:19Z INFO [146/750] 59594c91-97f7-4f2d-b9a0-af5eb8575164: Sackin index -0.1349; 0.9 s; peak memory 1103 MiB.
2026-10-07T01:13:20Z INFO [147/750] 5959819a-c3ea-487d-b3c6-d3256262a697: Sackin index -0.0696; 1.1 s; peak memory 1103 MiB.
2026-10-07T01:13:21Z INFO [148/750] 595aba05-eda1-4cdf-95e2-4657d4934d7f: Sackin index -0.1117; 1.1 s; peak memory 1103 MiB.
2026-10-07T01:13:26Z INFO [149/750] 595b02f4-0cd4-457b-b46d-51e8da640c5c: Sackin index -0.0403; 4.4 s; peak memory 1103 MiB.
2026-10-07T01:13:27Z INFO [150/750] 595b7fd4-d82d-4259-a2ac-edde9fafa23c: Sackin index -0.0384; 1.1 s; peak memory 1103 MiB.
2026-10-07T01:13:27Z INFO [150/750] 595b7fd4-d82d-4259-a2ac-edde9fafa23c: checkpointed 89986 records.
2026-10-07T01:13:31Z INFO [151/750] 595c0bc0-0c34-40ff-afd5-c0f16d2918f2: Sackin index -0.0251; 3.8 s; peak memory 1103 MiB.
2026-10-07T01:13:31Z INFO [152/750] 595c6baa-6ed1-4c24-84b9-4abb181fa774: Sackin index -0.1175; 0.8 s; peak memory 1103 MiB.
2026-10-07T01:13:34Z INFO [153/750] 595d2a83-24d6-4aa1-bb1f-6d9554ca5fdf: Sackin index -0.1057; 2.1 s; peak memory 1103 MiB.
2026-10-07T01:13:35Z INFO [154/750] 595da6a0-9220-4588-b816-79f514dbfbee: Sackin index -0.0696; 1.1 s; peak memory 1103 MiB.
2026-10-07T01:13:36Z INFO [155/750] 595de5a4-5ae3-4e70-a6ce-944dab9b83d1: Sackin index -0.0728; 1.1 s; peak memory 1103 MiB.
2026-10-07T01:13:38Z INFO [156/750] 595e54bd-d2a7-46d0-a775-43f62fd06a32: Sackin index -0.0369; 2.1 s; peak memory 1103 MiB.
2026-10-07T01:13:39Z INFO [157/750] 595e8f8f-6659-4fc6-bc30-4b1695f97286: Sackin index -0.0709; 1.1 s; peak memory 1103 MiB.
2026-10-07T01:13:58Z INFO [158/750] 595eef2a-9a35-437a-a367-899158b1f566: Sackin index -0.0138; 18.9 s; peak memory 1103 MiB.
2026-10-07T01:14:06Z INFO [159/750] 595f3b55-9f7d-46bc-8bd1-7129431d797e: Sackin index -0.0205; 8.1 s; peak memory 1103 MiB.
2026-10-07T01:14:09Z INFO [160/750] 59600c27-a703-4d4e-884a-23fe52f83716: Sackin index -0.0350; 2.8 s; peak memory 1103 MiB.
2026-10-07T01:14:10Z INFO [161/750] 59604bf9-e4df-45e7-a50b-7b65cab7db45: Sackin index -0.1448; 0.7 s; peak memory 1103 MiB.
2026-10-07T01:14:11Z INFO [162/750] 59609d16-2b7b-4d2f-a1e0-5ed07e03d443: Sackin index -0.0728; 1.6 s; peak memory 1103 MiB.
2026-10-07T01:14:13Z INFO [163/750] 59611267-37aa-4d5f-b497-ec5f3748ebac: Sackin index -0.0173; 1.8 s; peak memory 1103 MiB.
2026-10-07T01:14:14Z INFO [164/750] 59616f8d-5a4c-47ce-863d-63efee42b2a4: Sackin index -0.0728; 1.3 s; peak memory 1103 MiB.
2026-10-07T01:14:16Z INFO [165/750] 5961d024-242b-4f0d-8aad-a405eb86be8d: Sackin index -0.0745; 1.4 s; peak memory 1103 MiB.
2026-10-07T01:14:26Z INFO [166/750] 5962f70b-c189-4615-b0ab-576b38cf7c1f: Sackin index -0.0031; 10.4 s; peak memory 1103 MiB.
2026-10-07T01:14:27Z INFO [167/750] 5963155d-108a-41c2-a898-c03d3f1955cb: Sackin index -0.0728; 1.3 s; peak memory 1103 MiB.
2026-10-07T01:14:28Z INFO [168/750] 5963b760-d12c-4503-90ca-cd3a5429517c: Sackin index -0.1272; 0.8 s; peak memory 1103 MiB.
2026-10-07T01:14:30Z INFO [169/750] 59646985-c6ac-42bc-a3f0-28c612a0ae54: Sackin index -0.0728; 1.6 s; peak memory 1103 MiB.
2026-10-07T01:14:31Z INFO [170/750] 5964ab19-af3f-40d0-b637-18cc70eb0ee1: Sackin index -0.1602; 1.2 s; peak memory 1103 MiB.
2026-10-07T01:14:32Z INFO [171/750] 59651aa8-fb30-475f-a038-6701231e7f93: Sackin index -0.0359; 1.2 s; peak memory 1103 MiB.
2026-10-07T01:14:35Z INFO [172/750] 59663ccc-efb3-4c01-ae04-b77a278b3f26: Sackin index -0.0869; 3.3 s; peak memory 1103 MiB.
2026-10-07T01:14:41Z INFO [173/750] 5966709c-95ab-4a8a-8c2d-931c2098ff88: Sackin index -0.0135; 6.0 s; peak memory 1103 MiB.
2026-10-07T01:14:43Z INFO [174/750] 5966a193-3c8f-4de2-94d4-2d9123186215: Sackin index -0.1390; 1.2 s; peak memory 1103 MiB.
2026-10-07T01:14:44Z INFO [175/750] 5966d403-a6cb-49d5-a30d-30379a9a9270: Sackin index -0.0702; 1.3 s; peak memory 1103 MiB.
2026-10-07T01:14:45Z INFO [176/750] 59671630-8c17-4d9c-bc19-5b2d2471a522: Sackin index -0.1178; 0.7 s; peak memory 1103 MiB.
2026-10-07T01:14:46Z INFO [177/750] 59673420-7ef8-4bd5-9e0a-6a7e67eef7a1: Sackin index -0.1349; 1.0 s; peak memory 1103 MiB.
2026-10-07T01:14:47Z INFO [178/750] 59673de8-130b-4bbf-8f70-eead828d85e2: Sackin index -0.0377; 1.3 s; peak memory 1103 MiB.
2026-10-07T01:14:48Z INFO [179/750] 596773ad-c5c3-4bdf-b727-1532831709d8: Sackin index -0.0702; 1.0 s; peak memory 1103 MiB.
2026-10-07T01:14:54Z INFO [180/750] 5967b794-7ada-42c2-9b0e-5ac167bb7087: Sackin index -0.0209; 6.3 s; peak memory 1103 MiB.
2026-10-07T01:14:55Z INFO [181/750] 59684552-39fb-474f-af65-95ae5c8f9a89: Sackin index -0.1349; 1.0 s; peak memory 1103 MiB.
2026-10-07T01:14:56Z INFO [182/750] 59684a51-d688-4175-a28d-3d12faab6c63: Sackin index -0.0709; 1.2 s; peak memory 1103 MiB.
2026-10-07T01:15:01Z INFO [183/750] 5968ac83-58cc-4c37-a84e-ac033ba139a6: Sackin index -0.0152; 4.7 s; peak memory 1103 MiB.
2026-10-07T01:15:02Z INFO [184/750] 59694f4c-eb8f-4821-8b98-e641394f7d20: Sackin index -0.0702; 1.0 s; peak memory 1103 MiB.
2026-10-07T01:15:03Z INFO [185/750] 5969b5d5-85ac-444a-9b48-02d3f5906c62: Sackin index -0.0702; 1.1 s; peak memory 1103 MiB.
2026-10-07T01:15:04Z INFO [186/750] 596a766b-a42e-4855-bd25-09412b4b0c41: Sackin index -0.0702; 0.9 s; peak memory 1103 MiB.
2026-10-07T01:15:12Z INFO [187/750] 596b27c5-963e-46dd-89dc-b0e0a1b9634e: Sackin index -0.0196; 8.0 s; peak memory 1103 MiB.
2026-10-07T01:15:13Z INFO [188/750] 596ba06d-8ea8-43f3-8cb9-12937a7433be: Sackin index -0.0702; 0.9 s; peak memory 1103 MiB.
2026-10-07T01:15:14Z INFO [189/750] 596bc753-bae9-4f57-8edb-596411ea322e: Sackin index -0.1349; 1.1 s; peak memory 1103 MiB.
2026-10-07T01:15:15Z INFO [190/750] 596bcd74-0da7-4e37-9f22-e636a37826d1: Sackin index -0.0375; 1.1 s; peak memory 1103 MiB.
2026-10-07T01:15:22Z INFO [191/750] 596cb717-bc42-43da-ae98-1f00d289c83a: Sackin index -0.0152; 7.0 s; peak memory 1103 MiB.
2026-10-07T01:15:23Z INFO [192/750] 596cb9d6-3cdf-487b-80c7-b2bf770584b2: Sackin index -0.0384; 0.9 s; peak memory 1103 MiB.
2026-10-07T01:15:38Z INFO [193/750] 596cfcb9-afa3-43f7-bc4d-843b5bb3eadc: Sackin index -0.0118; 15.1 s; peak memory 1103 MiB.
2026-10-07T01:15:39Z INFO [194/750] 596db43a-8510-4c86-9d0a-b84b354954f6: Sackin index -0.1349; 1.0 s; peak memory 1103 MiB.
2026-10-07T01:15:46Z INFO [195/750] 596e1659-7a13-44e8-affa-df64ca6317ed: Sackin index -0.0457; 7.3 s; peak memory 1103 MiB.
2026-10-07T01:15:49Z INFO [196/750] 596e39d9-83b7-4922-99e2-2d5dee65417e: Sackin index -0.0660; 2.6 s; peak memory 1103 MiB.
2026-10-07T01:18:22Z INFO [197/750] 596e3a02-ec3f-4f31-8141-fe13e18fe0ed: Sackin index -0.0573; 152.5 s; peak memory 1103 MiB.
2026-10-07T01:18:23Z INFO [198/750] 596e3f90-e231-4c8f-bd65-d00fc908a4b4: Sackin index -0.1349; 1.1 s; peak memory 1103 MiB.
2026-10-07T01:18:28Z INFO [199/750] 596e47f2-c4e0-4bca-8430-31eb19bf258f: Sackin index -0.1761; 5.3 s; peak memory 1103 MiB.
2026-10-07T01:18:29Z INFO [200/750] 596f3618-4183-4c40-8945-2ee289a6a822: Sackin index -0.1349; 1.0 s; peak memory 1103 MiB.
2026-10-07T01:18:29Z INFO [200/750] 596f3618-4183-4c40-8945-2ee289a6a822: checkpointed 90036 records.
2026-10-07T01:18:31Z INFO [201/750] 59707586-1bee-4316-86ab-47f39c2bfbd9: Sackin index -0.1383; 1.6 s; peak memory 1103 MiB.
2026-10-07T01:18:32Z INFO [202/750] 5970eb0c-e9c3-485c-8d90-63b38a66152f: Sackin index -0.1224; 1.7 s; peak memory 1103 MiB.
2026-10-07T01:18:38Z INFO [203/750] 59718d92-4780-4e29-8ab8-93a8a83058c6: Sackin index -0.0220; 5.9 s; peak memory 1103 MiB.
2026-10-07T01:18:39Z INFO [204/750] 597248a4-b7d6-4607-b668-1d54edd5a561: Sackin index -0.1575; 0.9 s; peak memory 1103 MiB.
2026-10-07T01:18:40Z INFO [205/750] 5972f997-4156-4b1d-b4c1-10f5cb94996b: Sackin index -0.0746; 1.3 s; peak memory 1103 MiB.
2026-10-07T01:18:45Z INFO [206/750] 59740a5f-917d-43b7-baba-facbf432a95c: Sackin index -0.0077; 4.4 s; peak memory 1103 MiB.
2026-10-07T01:18:46Z INFO [207/750] 59746ae2-b56a-4803-b60b-aa1af605f8eb: Sackin index -0.1349; 1.0 s; peak memory 1103 MiB.
2026-10-07T01:18:47Z INFO [208/750] 59747ea9-5015-40d4-ac74-e92a6236afe6: Sackin index -0.1349; 1.2 s; peak memory 1103 MiB.
2026-10-07T01:18:48Z INFO [209/750] 5974ed27-870e-45a3-97fc-ff5a843b253f: Sackin index -0.1349; 0.9 s; peak memory 1103 MiB.
2026-10-07T01:18:49Z INFO [210/750] 59767415-b078-4ce7-9018-f22d6a6f80f6: Sackin index -0.2168; 0.7 s; peak memory 1103 MiB.
2026-10-07T01:18:50Z INFO [211/750] 59769d03-aeee-40ab-ab87-3e58340a10d3: Sackin index -0.1349; 0.9 s; peak memory 1103 MiB.
2026-10-07T01:18:51Z INFO [212/750] 5976fbd2-cd6e-40d4-b951-817a2999d08c: Sackin index -0.0728; 1.2 s; peak memory 1103 MiB.
2026-10-07T01:18:52Z INFO [213/750] 5977bb63-53cd-4ea1-97f8-c6c3abd9a782: Sackin index -0.1658; 0.8 s; peak memory 1103 MiB.
2026-10-07T01:18:53Z INFO [214/750] 5977dad5-d49c-494d-8ea2-cd5142dc6b16: Sackin index -0.1248; 1.0 s; peak memory 1103 MiB.
2026-10-07T01:18:54Z INFO [215/750] 5977ddb6-4fbc-4565-9273-a93054bd3412: Sackin index -0.1349; 1.0 s; peak memory 1103 MiB.
2026-10-07T01:19:01Z INFO [216/750] 5977f903-5aa5-4199-b18c-cc1aaeaf659d: Sackin index -0.0182; 7.2 s; peak memory 1103 MiB.
2026-10-07T01:19:12Z INFO [217/750] 59782173-c444-4324-8e09-0009e0244b3c: Sackin index -0.0151; 10.7 s; peak memory 1103 MiB.
2026-10-07T01:19:23Z INFO [218/750] 59783c8d-5aff-4ba3-9147-243dabcb13f9: Sackin index -0.0128; 10.9 s; peak memory 1103 MiB.
2026-10-07T01:19:24Z INFO [219/750] 59783e5d-6543-4681-aa9e-9d2a6afcf85d: Sackin index -0.0881; 1.1 s; peak memory 1103 MiB.
2026-10-07T01:19:25Z INFO [220/750] 59792a99-0fc3-40ea-8bd5-b896ee38e35d: Sackin index -0.0727; 0.9 s; peak memory 1103 MiB.
2026-10-07T01:19:49Z INFO [221/750] 597b24ee-8250-4103-9212-7c132ed5b18a: Sackin index -0.0239; 24.6 s; peak memory 1103 MiB.
2026-10-07T01:19:50Z INFO [222/750] 597b4405-2b35-4624-ac37-54c60acbb53b: Sackin index -0.1349; 1.0 s; peak memory 1103 MiB.
2026-10-07T01:19:59Z INFO [223/750] 597c3639-c4a6-4de4-89ef-c5cac86cc6a2: Sackin index -0.0280; 8.3 s; peak memory 1103 MiB.
2026-10-07T01:20:00Z INFO [224/750] 597c7a3d-7b85-426f-8c2e-eae8f51a991e: Sackin index -0.0702; 1.9 s; peak memory 1103 MiB.
2026-10-07T01:20:02Z INFO [225/750] 597c9d48-19e9-424b-8720-e71a8c9a1ce7: Sackin index -0.1349; 1.1 s; peak memory 1103 MiB.
2026-10-07T01:20:04Z INFO [226/750] 597cfc04-00a2-40d3-bf50-7484c3e9ebce: Sackin index -0.0272; 2.6 s; peak memory 1103 MiB.
2026-10-07T01:20:08Z INFO [227/750] 597d6abe-f455-4b57-891f-fcfe24cdf5cb: Sackin index -0.0818; 3.9 s; peak memory 1103 MiB.
2026-10-07T01:20:10Z INFO [228/750] 597e701b-c462-4f71-baf0-5edf40c24d49: Sackin index -0.0272; 2.3 s; peak memory 1103 MiB.
2026-10-07T01:20:12Z INFO [229/750] 597e7eda-0ff7-4df1-aa4d-575098b0bfc1: Sackin index -0.0702; 1.2 s; peak memory 1103 MiB.
2026-10-07T01:20:13Z INFO [230/750] 597f8a9a-9cc0-4413-ae0a-8fabec6df3ec: Sackin index -0.0702; 1.2 s; peak memory 1103 MiB.
2026-10-07T01:20:31Z INFO [231/750] 597fb719-c2bd-491d-affa-b0222ebd917e: Sackin index -0.0086; 18.3 s; peak memory 1103 MiB.
2026-10-07T01:20:32Z INFO [232/750] 597fd04e-d9d9-49b3-a20f-de3c048a4217: Sackin index -0.1349; 1.0 s; peak memory 1103 MiB.
2026-10-07T01:20:33Z INFO [233/750] 5980e086-a606-406d-b34e-99d92b7b1009: Sackin index -0.0709; 1.0 s; peak memory 1103 MiB.
2026-10-07T01:20:34Z INFO [234/750] 59810d0f-f71b-4b03-a11a-d9da76422531: Sackin index -0.0702; 1.0 s; peak memory 1103 MiB.
2026-10-07T01:20:36Z INFO [235/750] 59817d03-4d3d-43f2-9e20-500eb3571a46: Sackin index -0.0699; 2.3 s; peak memory 1103 MiB.
2026-10-07T01:20:37Z INFO [236/750] 5981bf35-4eac-4e4f-b423-7df1dc130fd6: Sackin index -0.1178; 0.6 s; peak memory 1103 MiB.
2026-10-07T01:20:38Z INFO [237/750] 598270ea-e356-49a6-abbe-a82287b29b4f: Sackin index -0.1349; 1.0 s; peak memory 1103 MiB.
2026-10-07T01:20:40Z INFO [238/750] 59829fa6-d03a-4229-af79-90bb93bc00ff: Sackin index -0.0728; 1.4 s; peak memory 1103 MiB.
2026-10-07T01:20:41Z INFO [239/750] 5982fac8-6394-4cde-b226-84520f1c38f0: Sackin index -0.0696; 1.2 s; peak memory 1103 MiB.
2026-10-07T01:20:42Z INFO [240/750] 59838ca7-b75f-41d1-864a-caa629e50ef3: Sackin index -0.0384; 1.0 s; peak memory 1103 MiB.
2026-10-07T01:20:44Z INFO [241/750] 59838e26-ce20-4def-ac10-58b17d8b3e6f: Sackin index -0.0272; 2.1 s; peak memory 1103 MiB.
2026-10-07T01:20:47Z INFO [242/750] 598439e4-22e1-4424-bb85-ce2b6656669b: Sackin index -0.0704; 2.7 s; peak memory 1103 MiB.
2026-10-07T01:20:48Z INFO [243/750] 5984d5b1-a064-4c0b-ab2c-6b0710f0411b: Sackin index -0.1938; 1.5 s; peak memory 1103 MiB.
2026-10-07T01:20:49Z INFO [244/750] 5984ed11-3a64-44c5-ac09-4d2dcb550fbc: Sackin index -0.1562; 1.2 s; peak memory 1103 MiB.
2026-10-07T01:20:50Z INFO [245/750] 59854c3c-d7e7-4023-851c-62dfdc39e0ce: Sackin index -0.1356; 0.8 s; peak memory 1103 MiB.
2026-10-07T01:20:51Z INFO [246/750] 59867cfe-b955-442e-bdeb-847ebe8955d9: Sackin index -0.0371; 1.0 s; peak memory 1103 MiB.
2026-10-07T01:20:52Z INFO [247/750] 59874a02-ac65-4131-9320-0a115d60a86a: Sackin index -0.0696; 1.1 s; peak memory 1103 MiB.
2026-10-07T01:20:53Z INFO [248/750] 59877bc5-97b3-42c3-aefb-c58baf1d763a: Sackin index -0.1349; 0.9 s; peak memory 1103 MiB.
2026-10-07T01:20:55Z INFO [249/750] 598843ea-49ad-4f31-863a-4e4e69ad25d7: Sackin index -0.0728; 1.5 s; peak memory 1103 MiB.
2026-10-07T01:20:56Z INFO [250/750] 5989dcb4-093e-4c24-ac7e-7d331959292c: Sackin index -0.0728; 1.0 s; peak memory 1103 MiB.
2026-10-07T01:20:56Z INFO [250/750] 5989dcb4-093e-4c24-ac7e-7d331959292c: checkpointed 90086 records.
2026-10-07T01:20:58Z INFO [251/750] 598a3e2c-d62f-4b7f-88ff-5a62f7d08945: Sackin index -0.0677; 2.4 s; peak memory 1103 MiB.
2026-10-07T01:21:00Z INFO [252/750] 598af552-8c8f-4a0c-bd83-5da7841be4a3: Sackin index -0.0676; 1.8 s; peak memory 1103 MiB.
2026-10-07T01:21:03Z INFO [253/750] 598b95ac-dc92-4102-8ca6-6feb581a8865: Sackin index -0.0673; 2.8 s; peak memory 1103 MiB.
2026-10-07T01:21:06Z INFO [254/750] 598bc71a-015b-4759-afb5-8bc9706a4d79: Sackin index -0.0699; 2.8 s; peak memory 1103 MiB.
2026-10-07T01:21:06Z INFO [255/750] 598c2347-e8a9-46ca-81dd-84226762fcb2: Sackin index -0.1208; 0.8 s; peak memory 1103 MiB.
2026-10-07T01:21:07Z INFO [256/750] 598f00b2-8a49-4ccd-97dd-ef8beaddcde0: Sackin index -0.1072; 0.9 s; peak memory 1103 MiB.
2026-10-07T01:21:08Z INFO [257/750] 598f27e9-6e53-4f8a-8992-9356dccb866e: Sackin index -0.1349; 1.0 s; peak memory 1103 MiB.
2026-10-07T01:21:09Z INFO [258/750] 598fe618-6fc4-4bab-94ed-2b45493d66b6: Sackin index -0.1658; 0.7 s; peak memory 1103 MiB.
2026-10-07T01:21:10Z INFO [259/750] 598ffdc3-edf3-4de2-9425-419b076491e4: Sackin index -0.0881; 0.8 s; peak memory 1103 MiB.
2026-10-07T01:21:11Z INFO [260/750] 5990386f-ec29-4034-adbe-9e694b2e2def: Sackin index -0.0369; 1.1 s; peak memory 1103 MiB.
2026-10-07T01:21:12Z INFO [261/750] 599085c8-a271-442b-bc6d-c059daa62224: Sackin index -0.2168; 0.8 s; peak memory 1103 MiB.
2026-10-07T01:21:13Z INFO [262/750] 5991460c-444e-4d0b-a894-5661bbc137af: Sackin index -0.0745; 1.3 s; peak memory 1103 MiB.
2026-10-07T01:21:14Z INFO [263/750] 59916408-c8d8-4d10-8bbc-764c20c842c3: Sackin index -0.0766; 1.3 s; peak memory 1103 MiB.
2026-10-07T01:21:17Z INFO [264/750] 5991d875-2d86-44f0-a96b-6901a3517b69: Sackin index -0.0870; 2.3 s; peak memory 1103 MiB.
2026-10-07T01:21:18Z INFO [265/750] 5991dcef-0fb1-4d94-b4a0-b5fd736b3900: Sackin index -0.0380; 1.3 s; peak memory 1103 MiB.
2026-10-07T01:21:19Z INFO [266/750] 59922702-5ea5-4f2d-8969-ec98244c1f9f: Sackin index -0.1602; 0.9 s; peak memory 1103 MiB.
2026-10-07T01:21:19Z INFO [267/750] 5992298d-8b36-4f90-b690-06feb0b5e5a1: Sackin index -0.1208; 0.7 s; peak memory 1103 MiB.
2026-10-07T01:21:20Z INFO [268/750] 59929fee-1c49-4fe4-a420-ac58f7eb1839: Sackin index -0.1658; 0.6 s; peak memory 1103 MiB.
2026-10-07T01:21:28Z INFO [269/750] 5993fa63-5422-4a51-9e66-5a3251071f26: Sackin index -0.1362; 7.9 s; peak memory 1103 MiB.
2026-10-07T01:21:29Z INFO [270/750] 59944fe3-bd5d-4f9a-8407-979c69558759: Sackin index -0.0745; 1.5 s; peak memory 1103 MiB.
2026-10-07T01:21:30Z INFO [271/750] 59947a91-4b05-42ac-8c4f-7c698e0b1684: Sackin index -0.1349; 0.9 s; peak memory 1103 MiB.
2026-10-07T01:21:31Z INFO [272/750] 59952f54-97aa-4ee2-8228-6544894a7c18: Sackin index -0.1349; 0.9 s; peak memory 1103 MiB.
2026-10-07T01:21:38Z INFO [273/750] 5995adaf-08d4-449e-a6aa-a7c7e6d122df: Sackin index -0.1938; 7.1 s; peak memory 1103 MiB.
2026-10-07T01:21:39Z INFO [274/750] 5996005e-86d6-487b-90d5-ab1846f6d6f6: Sackin index -0.0728; 1.0 s; peak memory 1103 MiB.
2026-10-07T01:21:51Z INFO [275/750] 59963eae-59d4-4b7a-847a-951102c9965b: Sackin index -0.0135; 12.1 s; peak memory 1103 MiB.
2026-10-07T01:21:57Z INFO [276/750] 59973850-b66e-48dd-a01d-b23e01091add: Sackin index -0.0415; 6.1 s; peak memory 1103 MiB.
2026-10-07T01:21:58Z INFO [277/750] 59983fa8-84eb-4a50-a6cc-dcb3c58198f0: Sackin index -0.0715; 0.9 s; peak memory 1103 MiB.
2026-10-07T01:21:59Z INFO [278/750] 59986a38-ca92-4fb8-a5d1-160ccfc7ec21: Sackin index -0.1349; 1.1 s; peak memory 1103 MiB.
2026-10-07T01:22:01Z INFO [279/750] 59988495-e884-4db3-81aa-0bad68122cb1: Sackin index -0.1263; 1.4 s; peak memory 1103 MiB.
2026-10-07T01:22:02Z INFO [280/750] 5998aad0-b7f2-47cd-a652-3c156396c910: Sackin index -0.1349; 0.9 s; peak memory 1103 MiB.
2026-10-07T01:22:04Z INFO [281/750] 599a0c34-bb9f-49ec-963b-829cc70e7b0c: Sackin index -0.0842; 2.6 s; peak memory 1103 MiB.
2026-10-07T01:22:07Z INFO [282/750] 599a8a93-0d75-4c32-abc3-97399b05a3f6: Sackin index -0.0369; 2.3 s; peak memory 1103 MiB.
2026-10-07T01:22:08Z INFO [283/750] 599acba2-e605-4c46-8ad7-b3f2e11c24f4: Sackin index -0.0696; 1.2 s; peak memory 1103 MiB.
2026-10-07T01:22:09Z INFO [284/750] 599b7209-f747-43a7-bca4-b80e520aa5d3: Sackin index -0.0376; 1.4 s; peak memory 1103 MiB.
2026-10-07T01:22:12Z INFO [285/750] 599b8726-d614-41ba-97c9-066f4744e313: Sackin index -0.0677; 2.4 s; peak memory 1103 MiB.
2026-10-07T01:22:12Z INFO [286/750] 599c477a-0c0a-472b-a00d-cfe0ee2f96ce: Sackin index -0.1448; 0.6 s; peak memory 1103 MiB.
2026-10-07T01:22:21Z INFO [287/750] 599ccc0a-2015-42ff-b526-f0afece960fc: Sackin index -0.0323; 8.9 s; peak memory 1103 MiB.
2026-10-07T01:22:22Z INFO [288/750] 599cd459-8fbf-4592-b546-637fb022efa5: Sackin index -0.0881; 1.1 s; peak memory 1103 MiB.
2026-10-07T01:22:23Z INFO [289/750] 599cda40-1772-4632-98a7-2888e27a83b3: Sackin index -0.1191; 1.0 s; peak memory 1103 MiB.
2026-10-07T01:23:15Z INFO [290/750] 599d152f-c0ae-4711-bb1d-6e5af94c0191: Sackin index -0.1144; 52.1 s; peak memory 1103 MiB.
2026-10-07T01:23:43Z INFO [291/750] 599e1d31-ffe4-4ec9-8c7c-7dbc07c38e7b: Sackin index -0.1367; 27.3 s; peak memory 1103 MiB.
2026-10-07T01:23:44Z INFO [292/750] 599ecdb6-31e6-4610-95b2-368a4bf4e024: Sackin index -0.0702; 0.9 s; peak memory 1103 MiB.
2026-10-07T01:23:45Z INFO [293/750] 599f0c89-8fed-4ee8-8dab-ca8c73e2addc: Sackin index -0.0696; 1.1 s; peak memory 1103 MiB.
2026-10-07T01:23:46Z INFO [294/750] 59a0aa2f-61dd-475d-97e4-3ed185d6c5ad: Sackin index -0.1383; 1.2 s; peak memory 1103 MiB.
2026-10-07T01:23:51Z INFO [295/750] 59a0b6b1-08ae-4742-8c99-6434c9769a8b: Sackin index -0.0251; 4.9 s; peak memory 1103 MiB.
2026-10-07T01:23:52Z INFO [296/750] 59a2d50b-6205-4038-9930-74d3e11b04d2: Sackin index -0.1349; 1.1 s; peak memory 1103 MiB.
2026-10-07T01:23:53Z INFO [297/750] 59a2db34-f846-4513-a2cc-08e4e944579b: Sackin index -0.0728; 1.4 s; peak memory 1103 MiB.
2026-10-07T01:23:54Z INFO [298/750] 59a2f1a2-1e3e-4a05-962e-c0ec7bdffbdc: Sackin index -0.1273; 1.3 s; peak memory 1103 MiB.
2026-10-07T01:23:55Z INFO [299/750] 59a2fabb-d149-4a9e-95ab-bdc6f5ab51c8: Sackin index -0.1248; 0.9 s; peak memory 1103 MiB.
2026-10-07T01:24:00Z INFO [300/750] 59a3a7cf-4f40-4a06-92cc-a7a0ceeff430: Sackin index -0.0205; 4.9 s; peak memory 1103 MiB.
2026-10-07T01:24:00Z INFO [300/750] 59a3a7cf-4f40-4a06-92cc-a7a0ceeff430: checkpointed 90136 records.
2026-10-07T01:24:05Z INFO [301/750] 59a3ed29-8c1f-4b98-848d-16cafa4b8b1b: Sackin index -0.0257; 5.0 s; peak memory 1103 MiB.
2026-10-07T01:26:10Z INFO [302/750] 59a40893-068d-410c-a988-c089bcbd4d5e: Sackin index -0.1076; 124.2 s; peak memory 1103 MiB.
2026-10-07T01:26:10Z INFO [303/750] 59a50562-f2bd-4f2e-8ea5-eeadaea17fb6: Sackin index -0.1658; 0.7 s; peak memory 1103 MiB.
2026-10-07T01:26:11Z INFO [304/750] 59a54c4c-8f35-4c33-9780-a77f33ca37de: Sackin index -0.1658; 0.8 s; peak memory 1103 MiB.
2026-10-07T01:26:12Z INFO [305/750] 59a59432-6f76-419b-964d-9be954a19c5c: Sackin index -0.1349; 1.1 s; peak memory 1103 MiB.
2026-10-07T01:26:13Z INFO [306/750] 59a6b5ba-581a-40d3-abe5-ce124751daf8: Sackin index -0.1349; 0.8 s; peak memory 1103 MiB.
2026-10-07T01:26:14Z INFO [307/750] 59a6bb9e-2700-4930-9dff-c5215d582c20: Sackin index -0.1201; 1.2 s; peak memory 1103 MiB.
2026-10-07T01:26:15Z INFO [308/750] 59a7679a-1df5-4141-a698-6b3cabbda797: Sackin index -0.1349; 1.0 s; peak memory 1103 MiB.
2026-10-07T01:26:35Z INFO [309/750] 59a7d9a0-5fcd-44b9-a3e7-f927895d0241: Sackin index -0.1462; 20.3 s; peak memory 1103 MiB.
2026-10-07T01:26:37Z INFO [310/750] 59a80452-0e37-4bfa-b756-d32d188fa8d1: Sackin index -0.1349; 1.1 s; peak memory 1103 MiB.
2026-10-07T01:26:38Z INFO [311/750] 59a8d955-46c8-4678-84dd-d39cccd93cb2: Sackin index -0.1349; 1.0 s; peak memory 1103 MiB.
2026-10-07T01:26:39Z INFO [312/750] 59a923e0-353f-4d9c-b7e5-0de8afa20138: Sackin index -0.1000; 1.3 s; peak memory 1103 MiB.
2026-10-07T01:26:40Z INFO [313/750] 59a92401-ed59-438c-b59c-566a13de2c89: Sackin index -0.1194; 1.5 s; peak memory 1103 MiB.
2026-10-07T01:26:48Z INFO [314/750] 59a9fdee-2533-4569-8243-ddb7c9c2b661: Sackin index -0.0017; 7.6 s; peak memory 1103 MiB.
2026-10-07T01:26:49Z INFO [315/750] 59aa5b24-c7e3-46a5-8700-0dce4535f53b: Sackin index -0.0728; 1.1 s; peak memory 1103 MiB.
2026-10-07T01:26:51Z INFO [316/750] 59ab2535-10da-44cc-b7d6-f8844df56623: Sackin index -0.0369; 1.4 s; peak memory 1103 MiB.
2026-10-07T01:26:52Z INFO [317/750] 59ab983a-8de1-4722-8172-c17058ec8924: Sackin index -0.0386; 1.2 s; peak memory 1103 MiB.
2026-10-07T01:26:52Z INFO [318/750] 59ac7ee0-b140-4d6a-848a-da9aa8441027: Sackin index -0.1298; 0.7 s; peak memory 1103 MiB.
2026-10-07T01:26:53Z INFO [319/750] 59aedace-a9c2-489d-bf60-e82786e1a5e5: Sackin index -0.1448; 0.7 s; peak memory 1103 MiB.
2026-10-07T01:26:55Z INFO [320/750] 59aeece8-f42c-46fa-9b73-fae5a16dbe44: Sackin index -0.0681; 1.9 s; peak memory 1103 MiB.
2026-10-07T01:26:57Z INFO [321/750] 59af443b-abcc-49b4-8813-aab331ff24f0: Sackin index -0.1356; 1.5 s; peak memory 1103 MiB.
2026-10-07T01:26:58Z INFO [322/750] 59b073c6-1593-4ad2-b611-d62b3682d0f0: Sackin index -0.1349; 1.1 s; peak memory 1103 MiB.
2026-10-07T01:27:07Z INFO [323/750] 59b0c3b0-0cc3-4c08-97a6-0d65facd0b54: Sackin index -0.0288; 8.9 s; peak memory 1103 MiB.
2026-10-07T01:27:08Z INFO [324/750] 59b132f0-2938-4193-bce3-b849f6cd890d: Sackin index -0.0702; 1.2 s; peak memory 1103 MiB.
2026-10-07T01:27:09Z INFO [325/750] 59b17c5b-282d-4abb-a978-e7b5a4425fb4: Sackin index -0.1602; 0.9 s; peak memory 1103 MiB.
2026-10-07T01:27:09Z INFO [326/750] 59b1c1bc-c1e6-4c82-8340-9e9612792ef3: Sackin index -0.1658; 0.6 s; peak memory 1103 MiB.
2026-10-07T01:27:11Z INFO [327/750] 59b1fc97-f54d-42e7-9654-b918c83bc382: Sackin index -0.0709; 1.3 s; peak memory 1103 MiB.
2026-10-07T01:27:12Z INFO [328/750] 59b284c9-98ee-485a-8ca6-2e8c7cb67b49: Sackin index -0.1429; 1.3 s; peak memory 1103 MiB.
2026-10-07T01:27:14Z INFO [329/750] 59b2b966-090e-40c5-bb81-4a7aa5602605: Sackin index -0.0686; 2.5 s; peak memory 1103 MiB.
2026-10-07T01:27:15Z INFO [330/750] 59b2e603-050c-45c2-8a32-6a1a24fbe11b: Sackin index -0.1349; 0.9 s; peak memory 1103 MiB.
2026-10-07T01:30:09Z INFO [331/750] 59b39d69-2477-4e45-89ec-ec81410381e6: Sackin index -0.0668; 173.6 s; peak memory 1103 MiB.
2026-10-07T01:30:10Z INFO [332/750] 59b47625-b00c-4814-ab2b-3503d4eb4063: Sackin index -0.1349; 1.1 s; peak memory 1103 MiB.
2026-10-07T01:30:11Z INFO [333/750] 59b4ad18-1ff1-4df5-8934-e5eaad3d62a3: Sackin index -0.0702; 1.3 s; peak memory 1103 MiB.
2026-10-07T01:30:16Z INFO [334/750] 59b4f6b9-6665-4666-8599-40f6da0bfe1d: Sackin index -0.0329; 4.3 s; peak memory 1103 MiB.
2026-10-07T01:30:17Z INFO [335/750] 59b589fa-2173-4420-bfeb-43c9f49f69a6: Sackin index -0.0529; 1.2 s; peak memory 1103 MiB.
2026-10-07T01:31:17Z INFO [336/750] 59b79daf-45c7-4155-af07-92422440f0f4: Sackin index -0.0015; 60.3 s; peak memory 1103 MiB.
2026-10-07T01:31:18Z INFO [337/750] 59b7dd8c-49fc-4de6-ab07-09c73b50be1e: Sackin index -0.0702; 1.2 s; peak memory 1103 MiB.
2026-10-07T01:31:27Z INFO [338/750] 59b89153-0226-4512-8086-4b98c1586108: Sackin index -0.0697; 8.3 s; peak memory 1103 MiB.
2026-10-07T01:31:28Z INFO [339/750] 59b8a858-13b6-4d1d-9027-1e36b154a644: Sackin index -0.1349; 1.1 s; peak memory 1103 MiB.
2026-10-07T01:31:29Z INFO [340/750] 59b9e48b-0b0a-4ddf-8af1-53aaedc2be5b: Sackin index -0.0375; 1.4 s; peak memory 1103 MiB.
2026-10-07T01:31:43Z INFO [341/750] 59baa33e-b101-47fd-8cba-b9e0755f0ad7: Sackin index -0.0172; 13.7 s; peak memory 1103 MiB.
2026-10-07T01:31:44Z INFO [342/750] 59bac65d-fbd1-42b8-aafd-2df1e1115059: Sackin index -0.1349; 0.9 s; peak memory 1103 MiB.
2026-10-07T01:31:45Z INFO [343/750] 59bb60a3-4d7f-4f3f-b97c-183e486c8097: Sackin index -0.0376; 1.1 s; peak memory 1103 MiB.
2026-10-07T01:31:46Z INFO [344/750] 59bd5d21-d2c9-42ae-8b74-e95941e41572: Sackin index -0.0752; 1.2 s; peak memory 1103 MiB.
2026-10-07T01:31:51Z INFO [345/750] 59bdc9d1-7800-4330-b915-234cbff4df43: Sackin index -0.0411; 4.7 s; peak memory 1103 MiB.
2026-10-07T01:32:07Z INFO [346/750] 59be38c1-f1d5-4944-9b2e-1682c4594a53: Sackin index -0.0271; 16.1 s; peak memory 1103 MiB.
2026-10-07T01:32:07Z INFO [347/750] 59be5f5f-2edb-4638-bf67-7ace928ed006: Sackin index -0.1658; 0.6 s; peak memory 1103 MiB.
2026-10-07T01:32:09Z INFO [348/750] 59be6166-4c93-4efc-8ec1-5a42544e7f29: Sackin index -0.0275; 1.4 s; peak memory 1103 MiB.
2026-10-07T01:32:11Z INFO [349/750] 59bf4d91-b398-4678-8138-22aa5951afdc: Sackin index -0.0681; 2.0 s; peak memory 1103 MiB.
2026-10-07T01:32:37Z INFO [350/750] 59c00717-ffc7-4ca7-ab70-4e1c8572be39: Sackin index -0.2073; 26.7 s; peak memory 1103 MiB.
2026-10-07T01:32:38Z INFO [350/750] 59c00717-ffc7-4ca7-ab70-4e1c8572be39: checkpointed 90186 records.
2026-10-07T01:32:39Z INFO [351/750] 59c0293c-2e4d-491f-aed2-c67ce9706c78: Sackin index -0.1349; 1.0 s; peak memory 1103 MiB.
2026-10-07T01:32:39Z INFO [352/750] 59c0412b-bf62-4e6b-aad4-460e62ead209: Sackin index -0.0709; 0.9 s; peak memory 1103 MiB.
2026-10-07T01:32:40Z INFO [353/750] 59c0b092-eba2-440f-8f42-c22bbe22888f: Sackin index -0.1349; 0.8 s; peak memory 1103 MiB.
2026-10-07T01:32:41Z INFO [354/750] 59c218e7-f87a-4ff6-8603-38fe1f82121f: Sackin index -0.1383; 1.1 s; peak memory 1103 MiB.
2026-10-07T01:32:42Z INFO [355/750] 59c2554d-37bb-4e93-82c7-893453717447: Sackin index -0.2168; 0.7 s; peak memory 1103 MiB.
2026-10-07T01:32:43Z INFO [356/750] 59c26a00-1a54-449c-9d94-0b6e6fa97a97: Sackin index -0.1349; 0.9 s; peak memory 1103 MiB.
2026-10-07T01:32:44Z INFO [357/750] 59c2a1bf-5a83-4134-9540-b53f80f32145: Sackin index -0.1135; 0.7 s; peak memory 1103 MiB.
2026-10-07T01:32:55Z INFO [358/750] 59c2aeae-da18-49ab-9b47-190d588b0e47: Sackin index -0.0164; 11.4 s; peak memory 1103 MiB.
2026-10-07T01:32:57Z INFO [359/750] 59c2f9a1-e8c6-4b4f-a7b9-2254aaefbe99: Sackin index -0.0272; 1.5 s; peak memory 1103 MiB.
2026-10-07T01:32:57Z INFO [360/750] 59c40621-a0f7-4c0d-acd6-f6ad7a0c36b1: Sackin index -0.1349; 0.8 s; peak memory 1103 MiB.
2026-10-07T01:32:58Z INFO [361/750] 59c492e0-e95e-4aeb-a911-fea6e54911da: Sackin index -0.1349; 1.0 s; peak memory 1103 MiB.
2026-10-07T01:33:00Z INFO [362/750] 59c5b045-3def-468c-a175-2498e301d5ab: Sackin index -0.0699; 2.1 s; peak memory 1103 MiB.
2026-10-07T01:33:01Z INFO [363/750] 59c5d747-0070-4998-ad91-b2712a7d699b: Sackin index -0.1567; 0.7 s; peak memory 1103 MiB.
2026-10-07T01:33:03Z INFO [364/750] 59c6c768-e207-48db-96ba-f6b9413cb95d: Sackin index -0.0699; 2.1 s; peak memory 1103 MiB.
2026-10-07T01:33:04Z INFO [365/750] 59c806b4-a6bc-4fb3-8f04-5cc49b374051: Sackin index -0.2147; 0.8 s; peak memory 1103 MiB.
2026-10-07T01:33:05Z INFO [366/750] 59c819ce-a874-440e-86f0-21588ae16886: Sackin index -0.1448; 0.7 s; peak memory 1103 MiB.
2026-10-07T01:33:07Z INFO [367/750] 59c8354e-24e8-4144-a84f-c7559e404d30: Sackin index -0.0522; 1.8 s; peak memory 1103 MiB.
2026-10-07T01:33:14Z INFO [368/750] 59c85599-1121-4135-ae74-e14bc0e4eadf: Sackin index -0.1938; 7.6 s; peak memory 1103 MiB.
2026-10-07T01:33:15Z INFO [369/750] 59c875c7-6a14-45a7-98b3-785e1b22471d: Sackin index -0.0386; 1.1 s; peak memory 1103 MiB.
2026-10-07T01:33:16Z INFO [370/750] 59c96d1c-f22e-4a96-82ac-6c20fe6708ae: Sackin index -0.1349; 0.9 s; peak memory 1103 MiB.
2026-10-07T01:33:18Z INFO [371/750] 59c98e27-3d5a-41f8-a0ef-31c473ca016a: Sackin index -0.0326; 2.0 s; peak memory 1103 MiB.
2026-10-07T01:33:19Z INFO [372/750] 59c98e2a-3dd4-4b04-b903-d68a35dbcc1f: Sackin index -0.1658; 0.7 s; peak memory 1103 MiB.
2026-10-07T01:33:20Z INFO [373/750] 59c9976a-a888-4cbf-9f91-8516a1e28500: Sackin index -0.0275; 1.3 s; peak memory 1103 MiB.
2026-10-07T01:33:22Z INFO [374/750] 59c9acd4-8359-4d1d-8357-613f0ceb41b1: Sackin index -0.0728; 1.2 s; peak memory 1103 MiB.
2026-10-07T01:33:24Z INFO [375/750] 59c9b857-21c2-4342-a168-39006e907533: Sackin index -0.0694; 3.0 s; peak memory 1103 MiB.
2026-10-07T01:33:28Z INFO [376/750] 59c9f019-8c0b-4e8d-8f83-66f5fe10bfcf: Sackin index -0.0761; 3.4 s; peak memory 1103 MiB.
2026-10-07T01:33:29Z INFO [377/750] 59ca48fa-3c3a-438b-8b3a-87ecf0f7757b: Sackin index -0.1051; 0.9 s; peak memory 1103 MiB.
2026-10-07T01:33:30Z INFO [378/750] 59cad54b-b526-40f5-95c7-f4009143da16: Sackin index -0.0702; 1.3 s; peak memory 1103 MiB.
2026-10-07T01:35:56Z INFO [379/750] 59cb8f6e-3df3-4d5e-afb9-8b75d21986ba: Sackin index -0.0448; 145.8 s; peak memory 1103 MiB.
2026-10-07T01:35:57Z INFO [380/750] 59cc12f2-87a4-41bb-b5ff-ba280b764fc3: Sackin index -0.0778; 1.5 s; peak memory 1103 MiB.
2026-10-07T01:35:59Z INFO [381/750] 59cc2456-2f56-4f75-9fe7-e1aa868a3ec7: Sackin index -0.0745; 1.2 s; peak memory 1103 MiB.
2026-10-07T01:36:07Z INFO [382/750] 59cc555c-cb18-435d-9e7a-0f1532901d68: Sackin index -0.0171; 8.1 s; peak memory 1103 MiB.
2026-10-07T01:36:15Z INFO [383/750] 59ccce03-5c25-499d-9c34-cfcae024ff15: Sackin index -0.1371; 8.5 s; peak memory 1103 MiB.
2026-10-07T01:36:18Z INFO [384/750] 59ce0dfd-20f9-4f9a-9186-d7f9461064ab: Sackin index -0.0693; 2.4 s; peak memory 1103 MiB.
2026-10-07T01:36:19Z INFO [385/750] 59ce8c58-29cb-4099-a77f-d12c2f9b74eb: Sackin index -0.0881; 0.9 s; peak memory 1103 MiB.
2026-10-07T01:36:20Z INFO [386/750] 59cedc70-f28a-4a82-8296-35395e8ceca7: Sackin index -0.1349; 1.0 s; peak memory 1103 MiB.
2026-10-07T01:36:31Z INFO [387/750] 59ceefcb-edd1-4ab6-95e5-4a20b6455190: Sackin index -0.1310; 11.9 s; peak memory 1103 MiB.
2026-10-07T01:36:33Z INFO [388/750] 59cf6ccf-f09a-41f0-a303-0cba4574a0de: Sackin index -0.1602; 1.4 s; peak memory 1103 MiB.
2026-10-07T01:36:35Z INFO [389/750] 59cfa8a4-3630-4a3f-a84f-977dfbef2ef2: Sackin index -0.0749; 1.8 s; peak memory 1103 MiB.
2026-10-07T01:36:40Z INFO [390/750] 59d0612b-e100-4186-9722-3d4ca73a78c3: Sackin index -0.0403; 5.6 s; peak memory 1103 MiB.
2026-10-07T01:36:41Z INFO [391/750] 59d155dc-0837-4287-87fb-7ac97e3bb0dc: Sackin index -0.0375; 1.2 s; peak memory 1103 MiB.
2026-10-07T01:36:42Z INFO [392/750] 59d184cf-e719-474c-ae7e-5ac258be964e: Sackin index -0.0728; 1.1 s; peak memory 1103 MiB.
2026-10-07T01:36:44Z INFO [393/750] 59d1cdf0-9074-4afa-be49-7a576384c9d5: Sackin index -0.0702; 1.2 s; peak memory 1103 MiB.
2026-10-07T01:36:46Z INFO [394/750] 59d2736a-c825-44ea-9272-5ef7f220d481: Sackin index -0.1938; 2.2 s; peak memory 1103 MiB.
2026-10-07T01:36:47Z INFO [395/750] 59d2fb65-4744-420f-a165-00cc9689a28a: Sackin index -0.1273; 1.5 s; peak memory 1103 MiB.
2026-10-07T01:36:48Z INFO [396/750] 59d42e1d-6d2b-4aff-8570-afebe4958823: Sackin index -0.1349; 0.8 s; peak memory 1103 MiB.
2026-10-07T01:36:50Z INFO [397/750] 59d5a321-cf62-45f4-8a52-8a786f296f98: Sackin index -0.0896; 1.4 s; peak memory 1103 MiB.
2026-10-07T01:36:51Z INFO [398/750] 59d6f64c-f091-426a-a123-9cb8feea0806: Sackin index -0.1307; 1.0 s; peak memory 1103 MiB.
2026-10-07T01:36:53Z INFO [399/750] 59d712a4-a514-4e7b-8606-63cea8e9d9a6: Sackin index -0.0660; 2.7 s; peak memory 1103 MiB.
2026-10-07T01:36:54Z INFO [400/750] 59d756fc-e2b2-458b-9d31-418b64433778: Sackin index -0.0709; 1.0 s; peak memory 1103 MiB.
2026-10-07T01:36:54Z INFO [400/750] 59d756fc-e2b2-458b-9d31-418b64433778: checkpointed 90236 records.
2026-10-07T01:36:55Z INFO [401/750] 59d78b02-8020-4c5c-a20c-5d713000b3dc: Sackin index -0.1461; 0.9 s; peak memory 1103 MiB.
2026-10-07T01:36:59Z INFO [402/750] 59d7ac72-c7df-41a6-9148-bc55ce2516b9: Sackin index -0.0933; 3.8 s; peak memory 1103 MiB.
2026-10-07T01:37:00Z INFO [403/750] 59d86068-e98e-4b02-a9b8-0b0695ef2f15: Sackin index -0.0702; 1.0 s; peak memory 1103 MiB.
2026-10-07T01:37:08Z INFO [404/750] 59d9303e-45b4-473e-a59e-025edec3802c: Sackin index -0.0216; 7.6 s; peak memory 1103 MiB.
2026-10-07T01:37:09Z INFO [405/750] 59d9c01c-619d-4730-913c-e74113c5ed95: Sackin index -0.1543; 0.8 s; peak memory 1103 MiB.
2026-10-07T01:37:10Z INFO [406/750] 59d9d76a-4bee-4113-8109-c32004fb54bc: Sackin index -0.1349; 1.1 s; peak memory 1103 MiB.
2026-10-07T01:37:11Z INFO [407/750] 59da5c94-eff2-45d1-b4fd-8894178f2bf2: Sackin index -0.0375; 1.1 s; peak memory 1103 MiB.
2026-10-07T01:37:30Z INFO [408/750] 59da6ab2-056e-4d5b-a153-70cf98860e4d: Sackin index -0.0237; 19.5 s; peak memory 1103 MiB.
2026-10-07T01:37:31Z INFO [409/750] 59da8957-536c-4626-8c0c-f9cd66d17798: Sackin index -0.0696; 1.0 s; peak memory 1103 MiB.
2026-10-07T01:37:32Z INFO [410/750] 59da9f7d-316d-4e14-b9b5-0ce918f7c3f6: Sackin index -0.1349; 1.1 s; peak memory 1103 MiB.
2026-10-07T01:37:34Z INFO [411/750] 59dcaff5-4b83-4990-97fa-5d7094743f4c: Sackin index -0.0728; 1.2 s; peak memory 1103 MiB.
2026-10-07T01:37:40Z INFO [412/750] 59deaee4-d199-4b58-bbac-12f471e66441: Sackin index -0.0476; 6.4 s; peak memory 1103 MiB.
2026-10-07T01:42:03Z INFO [413/750] 59df5d92-95d6-4a98-be9e-1aa56fa0eddf: Sackin index -0.0409; 263.0 s; peak memory 1103 MiB.
2026-10-07T01:42:05Z INFO [414/750] 59df6b39-e6c1-40f9-8049-59e13c8bb896: Sackin index -0.0704; 2.2 s; peak memory 1103 MiB.
2026-10-07T01:42:09Z INFO [415/750] 59dfed76-7e52-4ed7-a861-683c1b043901: Sackin index -0.1476; 3.5 s; peak memory 1103 MiB.
2026-10-07T01:42:09Z INFO [416/750] 59e01519-72df-4dcb-b882-c6a0b675fcf3: Sackin index -0.1161; 0.8 s; peak memory 1103 MiB.
2026-10-07T01:42:11Z INFO [417/750] 59e0ae59-2749-4222-8b7a-61414150fae8: Sackin index -0.0676; 1.9 s; peak memory 1103 MiB.
2026-10-07T01:42:13Z INFO [418/750] 59e16722-cd2e-4c35-87b9-27841357b7eb: Sackin index -0.0702; 1.1 s; peak memory 1103 MiB.
2026-10-07T01:42:15Z INFO [419/750] 59e1f096-8186-4aa3-9f56-b44acdbbf6d3: Sackin index -0.0660; 2.5 s; peak memory 1103 MiB.
2026-10-07T01:42:16Z INFO [420/750] 59e2ac94-2c34-42f2-8581-ab993e70bef0: Sackin index -0.0728; 1.1 s; peak memory 1103 MiB.
2026-10-07T01:42:17Z INFO [421/750] 59e2c352-1488-43fe-a8e9-64a08e440d92: Sackin index -0.1349; 0.9 s; peak memory 1103 MiB.
2026-10-07T01:42:22Z INFO [422/750] 59e30edb-9805-47b6-ab29-2ef560fa1ad2: Sackin index -0.0415; 4.7 s; peak memory 1103 MiB.
2026-10-07T01:42:23Z INFO [423/750] 59e4e45a-190c-4edf-8a6b-7be12c73a2a4: Sackin index -0.1349; 1.0 s; peak memory 1103 MiB.
2026-10-07T01:42:25Z INFO [424/750] 59e56e3a-d1a6-4429-81b8-070fc19a5214: Sackin index -0.0699; 2.1 s; peak memory 1103 MiB.
2026-10-07T01:42:27Z INFO [425/750] 59e6e273-6641-4a3e-860c-5e11dffab127: Sackin index -0.0699; 2.6 s; peak memory 1103 MiB.
2026-10-07T01:42:28Z INFO [426/750] 59e7e668-f48e-40c4-8ee3-d6039bc06055: Sackin index -0.1349; 0.8 s; peak memory 1103 MiB.
2026-10-07T01:42:29Z INFO [427/750] 59e84ff9-80cb-432e-9ec2-cb73c5695537: Sackin index -0.0376; 1.3 s; peak memory 1103 MiB.
2026-10-07T01:42:43Z INFO [428/750] 59e86d10-7dc8-4486-9748-0354e85a6f08: Sackin index -0.0056; 14.0 s; peak memory 1103 MiB.
2026-10-07T01:42:45Z INFO [429/750] 59e91e8b-1fdb-4e5f-a9b0-0933a22e7f81: Sackin index -0.0709; 1.1 s; peak memory 1103 MiB.
2026-10-07T01:42:45Z INFO [430/750] 59ea2c08-0716-4780-9156-a336ad79b147: Sackin index -0.1208; 0.8 s; peak memory 1103 MiB.
2026-10-07T01:42:47Z INFO [431/750] 59eadecf-d3a6-4aff-b8f5-e8e0de0896ba: Sackin index -0.0702; 1.2 s; peak memory 1103 MiB.
2026-10-07T01:42:53Z INFO [432/750] 59ebf9b7-bb77-4725-8f15-908dc4705a72: Sackin index -0.0171; 6.1 s; peak memory 1103 MiB.
2026-10-07T01:42:54Z INFO [433/750] 59ebfe05-706b-42ec-a679-ab8bab1aedce: Sackin index -0.0883; 1.2 s; peak memory 1103 MiB.
2026-10-07T01:42:55Z INFO [434/750] 59ec3f2a-0074-4ddc-82ab-fffa722c73a6: Sackin index -0.1349; 1.0 s; peak memory 1103 MiB.
2026-10-07T01:43:21Z INFO [435/750] 59ec7c47-4190-49ed-b31c-1afa48ad6356: Sackin index -0.1367; 26.0 s; peak memory 1103 MiB.
2026-10-07T01:43:23Z INFO [436/750] 59ec9a43-704f-4d1c-ac3e-21032b935f0b: Sackin index -0.0369; 1.6 s; peak memory 1103 MiB.
2026-10-07T01:43:24Z INFO [437/750] 59ecb230-e7a6-46c1-97c9-b40fa1e6648f: Sackin index -0.0728; 1.3 s; peak memory 1103 MiB.
2026-10-07T01:43:25Z INFO [438/750] 59ee347b-8fa3-447b-aa33-a05dff299876: Sackin index -0.1349; 0.9 s; peak memory 1103 MiB.
2026-10-07T01:43:26Z INFO [439/750] 59eef640-53f0-4e63-a7a0-1bc400c9c242: Sackin index -0.1248; 1.0 s; peak memory 1103 MiB.
2026-10-07T01:43:28Z INFO [440/750] 59ef64ea-7434-4970-bfde-9b6997510dab: Sackin index -0.0660; 2.6 s; peak memory 1103 MiB.
2026-10-07T01:43:31Z INFO [441/750] 59efeba9-9739-42d3-b974-f1a8c457a6cb: Sackin index -0.0660; 2.6 s; peak memory 1103 MiB.
2026-10-07T01:43:32Z INFO [442/750] 59f006db-0d09-400e-b595-ff0c5c56682d: Sackin index -0.1194; 1.4 s; peak memory 1103 MiB.
2026-10-07T01:43:33Z INFO [443/750] 59f0638a-0ca6-492d-83d1-c51c0aa32e02: Sackin index -0.0376; 1.1 s; peak memory 1103 MiB.
2026-10-07T01:43:34Z INFO [444/750] 59f0b527-78e1-4972-a764-470ece6a2f36: Sackin index -0.1349; 0.9 s; peak memory 1103 MiB.
2026-10-07T01:43:37Z INFO [445/750] 59f1dda2-b62c-4cf7-b497-3027f005ae32: Sackin index -0.0704; 2.1 s; peak memory 1103 MiB.
2026-10-07T01:43:38Z INFO [446/750] 59f20a69-dfd2-4d12-8789-be01a7e5c184: Sackin index -0.0380; 1.2 s; peak memory 1103 MiB.
2026-10-07T01:43:39Z INFO [447/750] 59f2a988-73d8-4e5c-8be8-fd667fc26dde: Sackin index -0.1349; 1.0 s; peak memory 1103 MiB.
2026-10-07T01:43:40Z INFO [448/750] 59f2c5e7-3a9d-4ab7-ac46-7c3774c1dd2d: Sackin index -0.0370; 1.8 s; peak memory 1103 MiB.
2026-10-07T01:43:42Z INFO [449/750] 59f38b74-b9cb-4f78-bc69-d08bf28d6208: Sackin index -0.0728; 1.1 s; peak memory 1103 MiB.
2026-10-07T01:43:44Z INFO [450/750] 59f3ddc9-accc-416a-8d4d-87df4e6abff5: Sackin index -0.1938; 2.0 s; peak memory 1103 MiB.
2026-10-07T01:43:44Z INFO [450/750] 59f3ddc9-accc-416a-8d4d-87df4e6abff5: checkpointed 90286 records.
2026-10-07T01:43:45Z INFO [451/750] 59f3ea51-d936-45fb-8f32-ef078ee15725: Sackin index -0.0372; 1.5 s; peak memory 1103 MiB.
2026-10-07T01:43:46Z INFO [452/750] 59f3fd22-e2c9-49d7-8ede-7a208c44b589: Sackin index -0.0748; 1.0 s; peak memory 1103 MiB.
2026-10-07T01:43:47Z INFO [453/750] 59f40ba1-1ba3-4c87-9973-bde3fdcc3357: Sackin index -0.1349; 0.9 s; peak memory 1103 MiB.
2026-10-07T01:44:00Z INFO [454/750] 59f440e2-b62a-4253-b419-43ba402e155c: Sackin index -0.0149; 12.5 s; peak memory 1103 MiB.
2026-10-07T01:44:01Z INFO [455/750] 59f447c5-50f2-4741-b51b-c88e192a7158: Sackin index -0.0702; 1.1 s; peak memory 1103 MiB.
2026-10-07T01:44:07Z INFO [456/750] 59f627c4-652c-4bfb-bcd3-5674c86b0a6e: Sackin index -0.0017; 6.8 s; peak memory 1103 MiB.
2026-10-07T01:44:08Z INFO [457/750] 59f6375e-1155-4b9f-9be0-4e95e2d7d3b9: Sackin index -0.0709; 1.0 s; peak memory 1103 MiB.
2026-10-07T01:44:09Z INFO [458/750] 59f6fc74-ef58-4211-b272-a5b40f57d8e7: Sackin index -0.1398; 0.8 s; peak memory 1103 MiB.
2026-10-07T01:44:10Z INFO [459/750] 59f7e3e7-6dae-4fe1-b2ba-8e4d04babf0a: Sackin index -0.0696; 0.9 s; peak memory 1103 MiB.
2026-10-07T01:44:13Z INFO [460/750] 59f875fa-2eb4-4ffc-af38-4f1e5ffe85d3: Sackin index -0.0699; 2.6 s; peak memory 1103 MiB.
2026-10-07T01:44:14Z INFO [461/750] 59f91a53-e7bf-4a91-9541-6dc6542b93b7: Sackin index -0.1349; 0.9 s; peak memory 1103 MiB.
2026-10-07T01:44:15Z INFO [462/750] 59f98978-a3ae-4340-9aa4-69f06de2e57e: Sackin index -0.0728; 1.3 s; peak memory 1103 MiB.
2026-10-07T01:44:16Z INFO [463/750] 59fb11e0-f642-475e-bb0f-14dad1da982d: Sackin index -0.1349; 1.0 s; peak memory 1103 MiB.
2026-10-07T01:44:17Z INFO [464/750] 59fc3290-98de-4d5e-a5fe-4a4854066c68: Sackin index -0.1349; 0.8 s; peak memory 1103 MiB.
2026-10-07T01:44:18Z INFO [465/750] 59fd1612-eb21-410f-8647-23007cd914f1: Sackin index -0.0272; 1.6 s; peak memory 1103 MiB.
2026-10-07T01:44:19Z INFO [466/750] 59fdccf0-de0a-4b2d-8abe-7cf94b922007: Sackin index -0.1542; 1.2 s; peak memory 1103 MiB.
2026-10-07T01:44:20Z INFO [467/750] 59fe0140-a6df-4e06-8545-0449d0ebeab6: Sackin index -0.1731; 0.8 s; peak memory 1103 MiB.
2026-10-07T01:44:21Z INFO [468/750] 59fe40af-e8b6-4cd7-ba99-7c9304e3fc9b: Sackin index -0.1319; 0.8 s; peak memory 1103 MiB.
2026-10-07T01:44:23Z INFO [469/750] 59ff1e65-9ea9-4853-b8f1-ea5b0aa1b019: Sackin index -0.0695; 2.1 s; peak memory 1103 MiB.
2026-10-07T01:44:25Z INFO [470/750] 59ff92d3-75dc-4c7d-9b1f-973015591a5a: Sackin index -0.0728; 1.3 s; peak memory 1103 MiB.
2026-10-07T01:44:26Z INFO [471/750] 5a00fd6c-a9d4-4d04-9108-50529e790eac: Sackin index -0.0696; 1.1 s; peak memory 1103 MiB.
2026-10-07T01:44:31Z INFO [472/750] 5a01055c-3036-4546-8660-c42db8891b6a: Sackin index -0.0476; 5.7 s; peak memory 1103 MiB.
2026-10-07T01:47:10Z INFO [473/750] 5a0195a1-b5fd-458f-8a05-65c15ef5a1c1: Sackin index -0.0305; 158.1 s; peak memory 1103 MiB.
2026-10-07T01:47:10Z INFO [474/750] 5a027826-6ca3-4c51-bb48-724fbbf20713: Sackin index -0.1349; 0.9 s; peak memory 1103 MiB.
2026-10-07T01:47:12Z INFO [475/750] 5a02fb51-99bc-43bb-8b12-28d34c70d79c: Sackin index -0.1068; 1.2 s; peak memory 1103 MiB.
2026-10-07T01:47:14Z INFO [476/750] 5a042d1d-6e7a-4a06-99a8-d518e7b6d9dc: Sackin index -0.0699; 2.5 s; peak memory 1103 MiB.
2026-10-07T01:47:15Z INFO [477/750] 5a046a74-0d55-448c-a7a6-9ac0d2836e08: Sackin index -0.0745; 1.1 s; peak memory 1103 MiB.
2026-10-07T01:47:17Z INFO [478/750] 5a048ea4-0532-4f19-af9f-94b69bcc88ab: Sackin index -0.1000; 1.4 s; peak memory 1103 MiB.
2026-10-07T01:47:18Z INFO [479/750] 5a055763-8249-4ed5-8932-527e5eb7ed63: Sackin index -0.0376; 1.4 s; peak memory 1103 MiB.
2026-10-07T01:47:19Z INFO [480/750] 5a0557f8-cca7-4674-ab45-67838a57af79: Sackin index -0.1658; 0.8 s; peak memory 1103 MiB.
2026-10-07T01:47:20Z INFO [481/750] 5a05d524-c254-4e82-8b3b-26be76a0611b: Sackin index -0.1349; 0.9 s; peak memory 1103 MiB.
2026-10-07T01:47:21Z INFO [482/750] 5a063e55-0474-4eaa-a43f-2e8e5e9bf5ad: Sackin index -0.0656; 0.9 s; peak memory 1103 MiB.
2026-10-07T01:47:22Z INFO [483/750] 5a0691e3-4272-4747-98b0-24acef2cd1a2: Sackin index -0.1349; 1.1 s; peak memory 1103 MiB.
2026-10-07T01:47:39Z INFO [484/750] 5a06d459-d420-4142-af38-60b545702276: Sackin index -0.0235; 17.8 s; peak memory 1103 MiB.
2026-10-07T01:47:41Z INFO [485/750] 5a079ea7-ba33-49fb-86e3-ce4441b8ddaf: Sackin index -0.1349; 1.0 s; peak memory 1103 MiB.
2026-10-07T01:47:42Z INFO [486/750] 5a08003e-9844-45ac-9951-73b7e8cee845: Sackin index -0.0728; 1.4 s; peak memory 1103 MiB.
2026-10-07T01:47:51Z INFO [487/750] 5a08817f-4797-4848-be51-d9ed2cc961eb: Sackin index -0.0614; 8.7 s; peak memory 1103 MiB.
2026-10-07T01:47:51Z INFO [488/750] 5a08b674-6cf0-4e03-a7a6-32d281b34038: Sackin index -0.1349; 0.9 s; peak memory 1103 MiB.
2026-10-07T01:47:53Z INFO [489/750] 5a090d95-c580-4f2b-bd47-0faa0ad6ec16: Sackin index -0.0371; 1.2 s; peak memory 1103 MiB.
2026-10-07T01:47:54Z INFO [490/750] 5a0954ee-cda4-4408-8832-edaa5dda929a: Sackin index -0.1370; 1.3 s; peak memory 1103 MiB.
2026-10-07T01:47:55Z INFO [491/750] 5a09578c-5192-4ed6-bf08-88c8e7167ad1: Sackin index -0.0728; 1.2 s; peak memory 1103 MiB.
2026-10-07T01:47:56Z INFO [492/750] 5a09949c-9b1a-47e0-b628-e3870b5be5fb: Sackin index -0.1349; 0.8 s; peak memory 1103 MiB.
2026-10-07T01:47:57Z INFO [493/750] 5a09dd44-f7d9-4611-9843-e2454371cda7: Sackin index -0.1248; 1.0 s; peak memory 1103 MiB.
2026-10-07T01:47:58Z INFO [494/750] 5a0aabff-c22e-4451-96ca-0e212d92931e: Sackin index -0.1303; 0.7 s; peak memory 1103 MiB.
2026-10-07T01:47:59Z INFO [495/750] 5a0bbc39-a237-4025-954e-2268a2a70f17: Sackin index -0.0696; 1.2 s; peak memory 1103 MiB.
2026-10-07T01:48:00Z INFO [496/750] 5a0c7e88-2be5-4f01-bf11-e9717e3892fe: Sackin index -0.0748; 1.1 s; peak memory 1103 MiB.
2026-10-07T01:48:26Z INFO [497/750] 5a0cdc28-0ff8-4be4-b1ac-00b2043ae9a1: Sackin index -0.1367; 25.9 s; peak memory 1103 MiB.
2026-10-07T01:48:27Z INFO [498/750] 5a0d31b6-7624-4baa-bbc6-ad6e70f7e1a6: Sackin index -0.1658; 0.7 s; peak memory 1103 MiB.
2026-10-07T01:48:28Z INFO [499/750] 5a0e7cc1-208a-4d84-82de-0f16e576c030: Sackin index -0.0728; 1.5 s; peak memory 1103 MiB.
2026-10-07T01:48:31Z INFO [500/750] 5a0f9f58-d014-4654-bab0-12a3cd5d9894: Sackin index -0.0699; 2.4 s; peak memory 1103 MiB.
2026-10-07T01:48:31Z INFO [500/750] 5a0f9f58-d014-4654-bab0-12a3cd5d9894: checkpointed 90336 records.
2026-10-07T01:48:32Z INFO [501/750] 5a0fa3be-0c4b-46fe-8231-5967184af48e: Sackin index -0.1349; 0.9 s; peak memory 1103 MiB.
2026-10-07T01:48:40Z INFO [502/750] 5a122190-a95f-4d9d-89a3-b772581ff537: Sackin index -0.0168; 8.8 s; peak memory 1103 MiB.
2026-10-07T01:48:42Z INFO [503/750] 5a1381d7-055f-4c1a-8f1a-a83873419efd: Sackin index -0.0369; 1.6 s; peak memory 1103 MiB.
2026-10-07T01:48:43Z INFO [504/750] 5a138ad2-bf95-4093-861c-7abdcd6be936: Sackin index -0.0991; 1.0 s; peak memory 1103 MiB.
2026-10-07T01:48:44Z INFO [505/750] 5a13de66-5d21-4e74-82ab-e2aaec99ca35: Sackin index -0.0709; 1.0 s; peak memory 1103 MiB.
2026-10-07T01:48:45Z INFO [506/750] 5a1452f2-1a24-4df1-8d11-d4f465219664: Sackin index -0.1349; 0.9 s; peak memory 1103 MiB.
2026-10-07T01:48:47Z INFO [507/750] 5a148070-9efe-4906-9cd0-c95ffe7e99e3: Sackin index -0.0272; 1.9 s; peak memory 1103 MiB.
2026-10-07T01:48:48Z INFO [508/750] 5a14ad20-a739-47a4-b12a-f03bd7b8caed: Sackin index -0.1349; 0.8 s; peak memory 1103 MiB.
2026-10-07T01:48:49Z INFO [509/750] 5a15119a-2d6a-4843-8912-f29d472f25b8: Sackin index -0.0272; 1.8 s; peak memory 1103 MiB.
2026-10-07T01:48:51Z INFO [510/750] 5a15e946-8d37-48d9-8b57-53e25497d32c: Sackin index -0.1273; 1.4 s; peak memory 1103 MiB.
2026-10-07T01:49:00Z INFO [511/750] 5a1705b5-c96f-4b31-a1da-e1e2c0beeafb: Sackin index -0.0113; 8.7 s; peak memory 1103 MiB.
2026-10-07T01:49:01Z INFO [512/750] 5a1747db-79c1-438d-abdf-d079744f1267: Sackin index -0.0681; 1.8 s; peak memory 1103 MiB.
2026-10-07T01:49:02Z INFO [513/750] 5a175559-2e1f-4d25-b689-8c08910d0cb6: Sackin index -0.0390; 0.9 s; peak memory 1103 MiB.
2026-10-07T01:49:03Z INFO [514/750] 5a175df3-301e-49a7-8e45-12839e23c657: Sackin index -0.0702; 1.1 s; peak memory 1103 MiB.
2026-10-07T01:53:57Z INFO [515/750] 5a179ea4-fdcf-4fc1-8c9a-37e88fe0e84a: Sackin index -0.0409; 293.8 s; peak memory 1103 MiB.
2026-10-07T01:53:59Z INFO [516/750] 5a186be7-9491-48cf-8d78-ed4d810ae297: Sackin index -0.1152; 1.3 s; peak memory 1103 MiB.
2026-10-07T01:53:59Z INFO [517/750] 5a18ee09-abb9-4da0-b80e-99be3c80d100: Sackin index -0.1349; 1.0 s; peak memory 1103 MiB.
2026-10-07T01:54:00Z INFO [518/750] 5a19e621-541f-46a0-aafa-e045aa076a3b: Sackin index -0.1658; 0.7 s; peak memory 1103 MiB.
2026-10-07T01:54:01Z INFO [519/750] 5a1abdb6-73d1-4280-9ef3-ec601b30b551: Sackin index -0.1408; 1.1 s; peak memory 1103 MiB.
2026-10-07T01:54:03Z INFO [520/750] 5a1b4592-a808-4bde-aac4-eeec8ba8baf0: Sackin index -0.0728; 1.3 s; peak memory 1103 MiB.
2026-10-07T01:54:04Z INFO [521/750] 5a1bb398-ade6-4a4a-a645-1c071c38738f: Sackin index -0.0824; 1.8 s; peak memory 1103 MiB.
2026-10-07T01:54:05Z INFO [522/750] 5a1c0520-9aa3-496b-a3f6-65cf72ec19b5: Sackin index -0.1000; 1.0 s; peak memory 1103 MiB.
2026-10-07T01:54:07Z INFO [523/750] 5a1c234b-68f3-4494-8abc-b7179c14cd69: Sackin index -0.0369; 1.2 s; peak memory 1103 MiB.
2026-10-07T01:54:08Z INFO [524/750] 5a1cb121-4090-4617-86f7-46b98661e682: Sackin index -0.1938; 0.9 s; peak memory 1103 MiB.
2026-10-07T01:54:09Z INFO [525/750] 5a1e00f9-f115-4c50-88be-dd8615e1be23: Sackin index -0.1390; 1.1 s; peak memory 1103 MiB.
2026-10-07T01:54:09Z INFO [526/750] 5a1eb836-7d7c-4faa-9cd2-a896c6095213: Sackin index -0.1658; 0.7 s; peak memory 1103 MiB.
2026-10-07T01:54:11Z INFO [527/750] 5a1edefc-e76b-4611-ba36-28222d1fc36d: Sackin index -0.0958; 1.9 s; peak memory 1103 MiB.
2026-10-07T01:54:12Z INFO [528/750] 5a1f205c-3868-4602-bd6b-9942ee115b1b: Sackin index -0.1542; 1.0 s; peak memory 1103 MiB.
2026-10-07T01:54:14Z INFO [529/750] 5a200bd1-90f8-4dc9-a797-2f02affef1c7: Sackin index -0.0728; 1.3 s; peak memory 1103 MiB.
2026-10-07T01:54:15Z INFO [530/750] 5a2028cc-e739-472f-a61a-df83eb1be2a9: Sackin index -0.0457; 1.3 s; peak memory 1103 MiB.
2026-10-07T01:54:16Z INFO [531/750] 5a20c36e-fb0d-4b25-9017-186a9afa2a5b: Sackin index -0.1303; 0.8 s; peak memory 1103 MiB.
2026-10-07T01:54:16Z INFO [532/750] 5a22128d-eefc-4e3f-ab9f-6bc9ee391a60: Sackin index -0.1658; 0.6 s; peak memory 1103 MiB.
2026-10-07T01:54:17Z INFO [533/750] 5a22689e-c6b8-43c3-aa71-82f6d2ec25a6: Sackin index -0.0702; 1.1 s; peak memory 1103 MiB.
2026-10-07T01:54:19Z INFO [534/750] 5a23b2be-c3cc-465b-8b77-15deaa71e8ea: Sackin index -0.0693; 2.1 s; peak memory 1103 MiB.
2026-10-07T01:54:21Z INFO [535/750] 5a24338e-4c15-4b84-b8d6-8dbbd2c8f09c: Sackin index -0.0272; 1.4 s; peak memory 1103 MiB.
2026-10-07T01:54:22Z INFO [536/750] 5a2451dc-3df0-462b-bc3b-976c6450415f: Sackin index -0.0702; 1.3 s; peak memory 1103 MiB.
2026-10-07T01:54:27Z INFO [537/750] 5a245c52-edd5-4e99-aad5-b9564feb38fd: Sackin index -0.0383; 4.5 s; peak memory 1103 MiB.
2026-10-07T01:54:27Z INFO [538/750] 5a24a952-a025-4b3d-a618-08b020850fdb: Sackin index -0.1248; 0.8 s; peak memory 1103 MiB.
2026-10-07T01:54:28Z INFO [539/750] 5a24b31e-070d-4dd2-8733-31d2ed30d283: Sackin index -0.0709; 0.9 s; peak memory 1103 MiB.
2026-10-07T01:54:30Z INFO [540/750] 5a24dced-5dd1-4b76-bf34-4f19b86b73ce: Sackin index -0.0277; 1.3 s; peak memory 1103 MiB.
2026-10-07T01:54:32Z INFO [541/750] 5a25f400-d92c-424a-8331-0eee6183582a: Sackin index -0.0709; 2.0 s; peak memory 1103 MiB.
2026-10-07T01:54:33Z INFO [542/750] 5a2674ee-a244-46b2-9158-ecb529045a64: Sackin index -0.1349; 0.8 s; peak memory 1103 MiB.
2026-10-07T01:54:33Z INFO [543/750] 5a267c25-f747-4f09-9bca-60d107429288: Sackin index -0.0709; 0.9 s; peak memory 1103 MiB.
2026-10-07T01:54:37Z INFO [544/750] 5a26bb2d-5ac6-4e95-b0ca-c7381f030aa1: Sackin index -0.0797; 3.4 s; peak memory 1103 MiB.
2026-10-07T01:54:38Z INFO [545/750] 5a2711d0-149c-439d-939f-44423ed22402: Sackin index -0.0376; 0.9 s; peak memory 1103 MiB.
2026-10-07T01:54:38Z INFO [546/750] 5a279489-38f6-4d94-a458-c6577a42f16c: Sackin index -0.1658; 0.6 s; peak memory 1103 MiB.
2026-10-07T01:54:40Z INFO [547/750] 5a2812cf-7be7-4dc4-a696-060e16b6eb6a: Sackin index -0.0655; 1.8 s; peak memory 1103 MiB.
2026-10-07T01:54:41Z INFO [548/750] 5a282bc6-92d6-4ed2-b925-eac126d37862: Sackin index -0.0728; 1.1 s; peak memory 1103 MiB.
2026-10-07T01:54:42Z INFO [549/750] 5a283a20-eab3-40b4-b246-87e01b90c6cd: Sackin index -0.0702; 0.9 s; peak memory 1103 MiB.
2026-10-07T01:54:43Z INFO [550/750] 5a288849-26a4-4942-9e94-65b0e6a4681c: Sackin index -0.1191; 0.7 s; peak memory 1103 MiB.
2026-10-07T01:54:43Z INFO [550/750] 5a288849-26a4-4942-9e94-65b0e6a4681c: checkpointed 90386 records.
2026-10-07T01:54:49Z INFO [551/750] 5a29dc87-a928-4864-a7b2-592737520777: Sackin index -0.0251; 5.6 s; peak memory 1103 MiB.
2026-10-07T01:54:57Z INFO [552/750] 5a2a1714-8340-48de-8702-d0191af27991: Sackin index -0.0183; 8.4 s; peak memory 1103 MiB.
2026-10-07T01:55:05Z INFO [553/750] 5a2a30bf-437f-426e-b56f-bdab5385d419: Sackin index -0.1310; 8.3 s; peak memory 1103 MiB.
2026-10-07T01:55:53Z INFO [554/750] 5a2a3ac6-0c32-44e3-a3a2-e70370aab514: Sackin index -0.0026; 48.0 s; peak memory 1103 MiB.
2026-10-07T01:55:54Z INFO [555/750] 5a2a4b02-0469-4153-8117-e2926635238d: Sackin index -0.1349; 0.9 s; peak memory 1103 MiB.
2026-10-07T01:55:55Z INFO [556/750] 5a2b4491-98b6-4a64-a7de-e69d59d57c4c: Sackin index -0.0702; 1.1 s; peak memory 1103 MiB.
2026-10-07T01:55:56Z INFO [557/750] 5a2b557c-cacc-4058-8db7-a4e71f5e64e1: Sackin index -0.0379; 1.1 s; peak memory 1103 MiB.
2026-10-07T01:55:57Z INFO [558/750] 5a2d1eb2-d660-4e05-ad72-f1d4e87b574c: Sackin index -0.1349; 1.0 s; peak memory 1103 MiB.
2026-10-07T01:55:58Z INFO [559/750] 5a2dcc59-6e30-41ed-8794-69d0cae3f084: Sackin index -0.1658; 0.7 s; peak memory 1103 MiB.
2026-10-07T01:57:19Z INFO [560/750] 5a2e6887-16f5-4791-b3d7-9a20edcb15bc: Sackin index -0.0935; 81.2 s; peak memory 1103 MiB.
2026-10-07T01:57:20Z INFO [561/750] 5a2fc430-683d-474a-a1cf-b1d1d1e62e38: Sackin index -0.1000; 1.2 s; peak memory 1103 MiB.
2026-10-07T01:57:48Z INFO [562/750] 5a307164-6f8f-4f43-b90d-29e3e5e9bb68: Sackin index -0.1367; 27.7 s; peak memory 1103 MiB.
2026-10-07T02:52:43Z INFO [563/750] 5a30724a-846f-4c17-aa40-980a6c7b34b7: Sackin index -0.0084; 3294.5 s; peak memory 1235 MiB.
2026-10-07T02:52:44Z INFO [564/750] 5a3076cf-aded-48dd-94e3-8a5c90ceae39: Sackin index -0.0696; 0.9 s; peak memory 1235 MiB.
2026-10-07T02:52:46Z INFO [565/750] 5a30e29c-aa57-42da-89e6-58492c4dc4e8: Sackin index -0.0272; 2.3 s; peak memory 1235 MiB.
2026-10-07T02:52:47Z INFO [566/750] 5a321828-7a44-4505-a0c2-33abe92ff908: Sackin index -0.0728; 1.5 s; peak memory 1235 MiB.
2026-10-07T02:52:48Z INFO [567/750] 5a322074-4d01-416d-a541-a5e0aa6fe504: Sackin index -0.1178; 0.8 s; peak memory 1235 MiB.
2026-10-07T02:52:55Z INFO [568/750] 5a326d15-2ab0-4666-b18e-9201a2578799: Sackin index -0.0148; 7.1 s; peak memory 1235 MiB.
2026-10-07T02:53:01Z INFO [569/750] 5a32df4a-3a2b-44fd-a52b-5a05f983996e: Sackin index -0.0171; 6.1 s; peak memory 1235 MiB.
2026-10-07T02:53:02Z INFO [570/750] 5a32e98f-37d5-4805-bf87-7e2e0f1a4813: Sackin index -0.0709; 1.1 s; peak memory 1235 MiB.
2026-10-07T02:53:03Z INFO [571/750] 5a32fc56-b104-4128-88e9-805d5f5eb976: Sackin index -0.0748; 1.0 s; peak memory 1235 MiB.
2026-10-07T02:53:06Z INFO [572/750] 5a33c95a-7c3e-45fa-be0f-a6c2e1706049: Sackin index -0.0704; 2.7 s; peak memory 1235 MiB.
2026-10-07T02:53:07Z INFO [573/750] 5a33c9b3-a97e-4e5b-8178-89e450c125e8: Sackin index -0.0702; 1.1 s; peak memory 1235 MiB.
2026-10-07T02:53:08Z INFO [574/750] 5a34d6f2-21c8-47fa-9e53-3f919f194efc: Sackin index -0.0696; 0.9 s; peak memory 1235 MiB.
2026-10-07T02:53:09Z INFO [575/750] 5a35ba8f-3e61-4112-b07a-f71982854de6: Sackin index -0.1349; 0.9 s; peak memory 1235 MiB.
2026-10-07T02:53:19Z INFO [576/750] 5a35c719-b81b-44b2-8d13-89ce9ba1a9cb: Sackin index -0.0185; 10.1 s; peak memory 1235 MiB.
2026-10-07T02:53:20Z INFO [577/750] 5a3601f4-1be2-469e-99d0-0bc2a3ce1af4: Sackin index -0.1349; 0.9 s; peak memory 1235 MiB.
2026-10-07T02:53:21Z INFO [578/750] 5a36249b-bb52-442d-9b70-4246036a7e8b: Sackin index -0.0696; 1.1 s; peak memory 1235 MiB.
2026-10-07T02:53:23Z INFO [579/750] 5a3762d8-7afa-47c1-bf2d-0661a492ee74: Sackin index -0.0728; 1.6 s; peak memory 1235 MiB.
2026-10-07T02:53:24Z INFO [580/750] 5a37b323-dc6f-47bf-903e-0328e8495c7f: Sackin index -0.1349; 0.9 s; peak memory 1235 MiB.
2026-10-07T02:55:37Z INFO [581/750] 5a37fa85-5265-4ff4-bd25-4c435df59b56: Sackin index -0.0573; 132.9 s; peak memory 1235 MiB.
2026-10-07T02:55:37Z INFO [582/750] 5a3940a8-287d-4305-859f-3e2b578711de: Sackin index -0.1208; 0.7 s; peak memory 1235 MiB.
2026-10-07T02:55:38Z INFO [583/750] 5a398e66-fa9a-492a-9bb4-c03861ec5e64: Sackin index -0.1349; 1.0 s; peak memory 1235 MiB.
2026-10-07T02:55:39Z INFO [584/750] 5a399490-af5b-4a3c-9453-29d4041361c1: Sackin index -0.1291; 1.2 s; peak memory 1235 MiB.
2026-10-07T02:55:40Z INFO [585/750] 5a39c61e-a26e-48b5-b00d-a27a360899cc: Sackin index -0.1521; 0.8 s; peak memory 1235 MiB.
2026-10-07T02:55:41Z INFO [586/750] 5a3a25e4-591e-47d8-8d62-e654a63280ae: Sackin index -0.0379; 1.2 s; peak memory 1235 MiB.
2026-10-07T02:55:42Z INFO [587/750] 5a3abf87-0168-49a0-8a6e-24e10732faac: Sackin index -0.1349; 0.8 s; peak memory 1235 MiB.
2026-10-07T02:55:52Z INFO [588/750] 5a3ade54-f8af-4a0b-8561-bb521d1a19c9: Sackin index -0.0170; 9.9 s; peak memory 1235 MiB.
2026-10-07T02:55:53Z INFO [589/750] 5a3ae88f-7e23-428f-b3d5-63cecec2aae6: Sackin index -0.1349; 0.8 s; peak memory 1235 MiB.
2026-10-07T02:55:54Z INFO [590/750] 5a3b39ef-31f6-4bf1-adf1-ab6d1e7c7c7a: Sackin index -0.0369; 1.2 s; peak memory 1235 MiB.
2026-10-07T02:55:59Z INFO [591/750] 5a3c4ff4-8596-402b-bc80-9b2f043a3f43: Sackin index -0.0435; 4.5 s; peak memory 1235 MiB.
2026-10-07T02:56:04Z INFO [592/750] 5a3c5cb7-8726-4062-930c-107efd183fd7: Sackin index -0.0444; 5.5 s; peak memory 1235 MiB.
2026-10-07T02:56:05Z INFO [593/750] 5a3df9ea-f007-44ae-b0ef-e9a869519ee2: Sackin index -0.1349; 1.0 s; peak memory 1235 MiB.
2026-10-07T02:56:06Z INFO [594/750] 5a3e7851-5522-423f-aa0e-dff9a6fc51a1: Sackin index -0.0709; 1.1 s; peak memory 1235 MiB.
2026-10-07T02:56:07Z INFO [595/750] 5a4101df-6be7-4793-b9c3-b1acdbc7d449: Sackin index -0.0696; 1.2 s; peak memory 1235 MiB.
2026-10-07T02:56:28Z INFO [596/750] 5a41410a-5db3-4081-a21c-6d7551aafeca: Sackin index -0.0106; 20.7 s; peak memory 1235 MiB.
2026-10-07T02:56:29Z INFO [597/750] 5a427167-ff9c-4557-a457-07ea001b1d65: Sackin index -0.0881; 1.0 s; peak memory 1235 MiB.
2026-10-07T02:56:30Z INFO [598/750] 5a42e9aa-396c-4ff7-92bd-697a3bf81295: Sackin index -0.1349; 0.9 s; peak memory 1235 MiB.
2026-10-07T02:56:31Z INFO [599/750] 5a43b59d-de38-4cec-8582-6c937981cdc2: Sackin index -0.0383; 1.0 s; peak memory 1235 MiB.
2026-10-07T02:56:32Z INFO [600/750] 5a43c37f-4cd8-4fab-a171-d62f6428d81b: Sackin index -0.0656; 0.9 s; peak memory 1235 MiB.
2026-10-07T02:56:32Z INFO [600/750] 5a43c37f-4cd8-4fab-a171-d62f6428d81b: checkpointed 90436 records.
2026-10-07T02:56:33Z INFO [601/750] 5a441207-d904-44ee-ab22-6a596e4e529a: Sackin index -0.1448; 0.6 s; peak memory 1235 MiB.
2026-10-07T02:56:34Z INFO [602/750] 5a442bb7-7e1f-4c1c-a5f9-18df5984a1a9: Sackin index -0.1210; 1.6 s; peak memory 1235 MiB.
2026-10-07T02:56:36Z INFO [603/750] 5a4470ac-18ac-4afb-86af-84018f401fea: Sackin index -0.1269; 1.4 s; peak memory 1235 MiB.
2026-10-07T03:18:48Z INFO [604/750] 5a457c2d-da67-4667-9f96-c4487cb7ba0f: Sackin index -0.0667; 1332.7 s; peak memory 1236 MiB.
2026-10-07T03:18:50Z INFO [605/750] 5a464eb0-7057-45b0-92e8-d8f505e212ae: Sackin index -0.0683; 2.1 s; peak memory 1236 MiB.
2026-10-07T03:18:52Z INFO [606/750] 5a4652e1-0e70-4acf-b7ad-a995f14ff063: Sackin index -0.1562; 1.3 s; peak memory 1236 MiB.
2026-10-07T03:18:53Z INFO [607/750] 5a467092-0a47-4293-878f-5777c92283ec: Sackin index -0.0702; 1.1 s; peak memory 1236 MiB.
2026-10-07T03:18:54Z INFO [608/750] 5a4720eb-c719-43c0-90bd-3802454fe882: Sackin index -0.1349; 1.0 s; peak memory 1236 MiB.
2026-10-07T03:18:55Z INFO [609/750] 5a472d59-0a2a-4669-b24d-7298e9b23e9d: Sackin index -0.0696; 1.1 s; peak memory 1236 MiB.
2026-10-07T03:18:56Z INFO [610/750] 5a474389-b325-45ea-ab62-7cc996db4623: Sackin index -0.0728; 1.2 s; peak memory 1236 MiB.
2026-10-07T03:18:57Z INFO [611/750] 5a4778f5-dddf-4b72-8154-5e6bf8cbad00: Sackin index -0.0707; 0.9 s; peak memory 1236 MiB.
2026-10-07T03:18:58Z INFO [612/750] 5a4789b4-e00a-4171-9ac6-18b28644c149: Sackin index -0.1349; 0.8 s; peak memory 1236 MiB.
2026-10-07T03:18:59Z INFO [613/750] 5a47977e-2797-4a6e-96cb-a80b2d73dc65: Sackin index -0.1766; 1.0 s; peak memory 1236 MiB.
2026-10-07T03:19:00Z INFO [614/750] 5a485292-8049-458c-9a77-059a9734ade5: Sackin index -0.0728; 1.2 s; peak memory 1236 MiB.
2026-10-07T03:19:09Z INFO [615/750] 5a493f0b-9575-49f5-97bd-5b1d21853cb7: Sackin index -0.0226; 9.2 s; peak memory 1236 MiB.
2026-10-07T03:21:36Z INFO [616/750] 5a4a684e-27bc-4390-bdb4-4d98aec830ac: Sackin index -0.0493; 146.7 s; peak memory 1236 MiB.
2026-10-07T03:21:37Z INFO [617/750] 5a4b1f4c-5b40-4af3-8a0b-cd99f2aaea58: Sackin index -0.0702; 1.1 s; peak memory 1236 MiB.
2026-10-07T03:21:41Z INFO [618/750] 5a4bd2a4-2994-455e-99d9-96b1a8cbd5a3: Sackin index -0.1356; 4.0 s; peak memory 1236 MiB.
2026-10-07T03:21:42Z INFO [619/750] 5a4c0212-8b5f-43ea-bbb2-6d04216c4e81: Sackin index -0.0702; 1.1 s; peak memory 1236 MiB.
2026-10-07T03:21:43Z INFO [620/750] 5a4c3505-554e-48a9-bd41-9c76059cc71a: Sackin index -0.1349; 0.9 s; peak memory 1236 MiB.
2026-10-07T03:21:44Z INFO [621/750] 5a4c4d51-3254-426a-a418-95f8a52bca4a: Sackin index -0.0881; 1.1 s; peak memory 1236 MiB.
2026-10-07T03:21:47Z INFO [622/750] 5a4e4129-8cdd-4502-93c7-509a49654f79: Sackin index -0.0709; 2.5 s; peak memory 1236 MiB.
2026-10-07T03:22:23Z INFO [623/750] 5a4fe7f6-dc07-4e4c-a5db-81d17cf3886f: Sackin index -0.1144; 36.7 s; peak memory 1236 MiB.
2026-10-07T03:22:24Z INFO [624/750] 5a514d4a-3b66-42cf-b0e8-6f7bcc17d740: Sackin index -0.0702; 1.0 s; peak memory 1236 MiB.
2026-10-07T03:22:30Z INFO [625/750] 5a51aca0-d1a5-46a1-b011-89fe0f57a048: Sackin index -0.0200; 5.6 s; peak memory 1236 MiB.
2026-10-07T03:22:31Z INFO [626/750] 5a52090b-95aa-4f90-b3dd-9679fbc71cf6: Sackin index -0.0709; 1.1 s; peak memory 1236 MiB.
2026-10-07T03:22:32Z INFO [627/750] 5a52a2b1-8c4a-48b4-9115-3c683915724a: Sackin index -0.0742; 0.7 s; peak memory 1236 MiB.
2026-10-07T03:22:40Z INFO [628/750] 5a532f6e-418e-4705-bb67-42e596e28b3a: Sackin index -0.0164; 8.2 s; peak memory 1236 MiB.
2026-10-07T03:22:41Z INFO [629/750] 5a5351b4-dc7c-4041-9c6e-74f6d5a98a0c: Sackin index -0.1349; 1.0 s; peak memory 1236 MiB.
2026-10-07T03:22:42Z INFO [630/750] 5a53df1f-2bb5-4ac5-8e3a-475d524c60c0: Sackin index -0.1383; 1.2 s; peak memory 1236 MiB.
2026-10-07T03:22:44Z INFO [631/750] 5a5427d6-dd5a-49ef-b15e-d521a2f683ea: Sackin index -0.0738; 1.6 s; peak memory 1236 MiB.
2026-10-07T03:22:45Z INFO [632/750] 5a548f6a-7799-4cd8-b1d2-5e8b990b4e5f: Sackin index -0.1704; 0.9 s; peak memory 1236 MiB.
2026-10-07T03:22:56Z INFO [633/750] 5a55639c-5f85-4601-9ffc-c9de8aaf8eaf: Sackin index -0.1234; 11.6 s; peak memory 1236 MiB.
2026-10-07T03:22:58Z INFO [634/750] 5a55f189-5c52-4348-81ea-ac6fea759cb6: Sackin index -0.0374; 1.5 s; peak memory 1236 MiB.
2026-10-07T03:22:59Z INFO [635/750] 5a561d53-63aa-43df-88b4-8e66dddfab8b: Sackin index -0.0728; 1.2 s; peak memory 1236 MiB.
2026-10-07T03:23:20Z INFO [636/750] 5a563112-b338-4650-9f6f-cd9b2a33e4ad: Sackin index -0.0140; 20.5 s; peak memory 1236 MiB.
2026-10-07T03:23:20Z INFO [637/750] 5a56792c-95a2-4d8f-9647-5b9341c6287a: Sackin index -0.1658; 0.6 s; peak memory 1236 MiB.
2026-10-07T03:23:21Z INFO [638/750] 5a5873c1-6e2c-4a7e-bcfc-66180b88d4ff: Sackin index -0.0696; 1.2 s; peak memory 1236 MiB.
2026-10-07T03:23:23Z INFO [639/750] 5a5a0d97-d1dd-40ee-807f-6b54afe670aa: Sackin index -0.0728; 1.5 s; peak memory 1236 MiB.
2026-10-07T03:23:24Z INFO [640/750] 5a5aec38-a77e-4b43-a481-1bf5c6a098c5: Sackin index -0.0728; 1.3 s; peak memory 1236 MiB.
2026-10-07T03:23:25Z INFO [641/750] 5a5b4135-406a-4328-804d-125ca4ee966e: Sackin index -0.0728; 1.0 s; peak memory 1236 MiB.
2026-10-07T03:23:27Z INFO [642/750] 5a5b4777-a324-45f8-841b-92445a35ddfc: Sackin index -0.0745; 1.7 s; peak memory 1236 MiB.
2026-10-07T03:23:28Z INFO [643/750] 5a5c2cc1-7738-4325-a354-1eea3800d72b: Sackin index -0.1178; 0.7 s; peak memory 1236 MiB.
2026-10-07T03:23:30Z INFO [644/750] 5a5d04b1-86b1-4809-9a9e-ef0ee88267bd: Sackin index -0.0869; 2.5 s; peak memory 1236 MiB.
2026-10-07T03:23:31Z INFO [645/750] 5a5d701c-16e1-48af-bbd0-2f1f3f673fe6: Sackin index -0.1349; 1.1 s; peak memory 1236 MiB.
2026-10-07T03:23:33Z INFO [646/750] 5a5e5e7d-9022-4739-8721-bf9e58b5e8c9: Sackin index -0.0728; 1.4 s; peak memory 1236 MiB.
2026-10-07T03:23:34Z INFO [647/750] 5a5f6101-8d5a-4cb1-8e63-97be24fb95d6: Sackin index -0.0375; 1.2 s; peak memory 1236 MiB.
2026-10-07T03:23:35Z INFO [648/750] 5a5f8cdd-9f50-4bb6-980a-4350b685c73a: Sackin index -0.1938; 0.7 s; peak memory 1236 MiB.
2026-10-07T03:23:35Z INFO [649/750] 5a5fc867-9b7e-4f10-b456-f8441682b029: Sackin index -0.1175; 0.6 s; peak memory 1236 MiB.
2026-10-07T03:23:36Z INFO [650/750] 5a6032a2-7e08-4b43-a70f-98615c44fe6d: Sackin index -0.0745; 1.3 s; peak memory 1236 MiB.
2026-10-07T03:23:37Z INFO [650/750] 5a6032a2-7e08-4b43-a70f-98615c44fe6d: checkpointed 90486 records.
2026-10-07T03:23:38Z INFO [651/750] 5a606831-4b85-4673-b033-fe4746f434f5: Sackin index -0.0702; 1.0 s; peak memory 1236 MiB.
2026-10-07T03:25:35Z INFO [652/750] 5a606a52-4196-48bc-ba02-10e61f0c2980: Sackin index -0.0305; 117.8 s; peak memory 1236 MiB.
2026-10-07T03:25:36Z INFO [653/750] 5a60c8ca-feb5-4c27-9d3d-cc0989c666ec: Sackin index -0.0702; 0.9 s; peak memory 1236 MiB.
2026-10-07T03:25:37Z INFO [654/750] 5a60d639-a26b-4100-b55c-2ef64df1de71: Sackin index -0.0696; 0.9 s; peak memory 1236 MiB.
2026-10-07T03:25:38Z INFO [655/750] 5a61a6b0-d506-45ae-a959-cbaa8b411eea: Sackin index -0.1349; 1.0 s; peak memory 1236 MiB.
2026-10-07T03:25:40Z INFO [656/750] 5a61c60e-ad23-41a1-928b-27f52a29d9be: Sackin index -0.0676; 1.8 s; peak memory 1236 MiB.
2026-10-07T03:25:41Z INFO [657/750] 5a61e3bf-31a1-423f-be2e-2d7caf901b1f: Sackin index -0.1349; 1.0 s; peak memory 1236 MiB.
2026-10-07T03:25:42Z INFO [658/750] 5a61f021-87b0-4e07-9164-0e071144dd72: Sackin index -0.0728; 1.4 s; peak memory 1236 MiB.
2026-10-07T03:25:44Z INFO [659/750] 5a623f7e-774b-47a7-a158-0c4ffbe6a593: Sackin index -0.0676; 1.8 s; peak memory 1236 MiB.
2026-10-07T03:25:48Z INFO [660/750] 5a62aa14-b921-4e5e-ba11-e54b5a6f17b5: Sackin index -0.0254; 4.2 s; peak memory 1236 MiB.
2026-10-07T03:25:50Z INFO [661/750] 5a634b61-3503-407e-b09e-ad09daef6155: Sackin index -0.0728; 1.2 s; peak memory 1236 MiB.
2026-10-07T03:25:56Z INFO [662/750] 5a63b799-6865-457c-9331-58b832c9ba6f: Sackin index -0.1330; 6.4 s; peak memory 1236 MiB.
2026-10-07T03:25:57Z INFO [663/750] 5a63e40a-e8d3-4dc9-b24b-8de3097c8649: Sackin index -0.1461; 1.0 s; peak memory 1236 MiB.
2026-10-07T03:25:58Z INFO [664/750] 5a63faa3-4a52-4851-baa8-eebb9f771f12: Sackin index -0.1542; 1.1 s; peak memory 1236 MiB.
2026-10-07T03:25:59Z INFO [665/750] 5a64737a-fefe-46b5-a8ab-e810a27ecf9c: Sackin index -0.2147; 0.7 s; peak memory 1236 MiB.
2026-10-07T03:26:00Z INFO [666/750] 5a64ed94-2ade-434e-861b-bc9eefa32d38: Sackin index -0.1349; 1.0 s; peak memory 1236 MiB.
2026-10-07T03:26:01Z INFO [667/750] 5a651f11-9ca2-4bbf-8761-c2eaaa307c78: Sackin index -0.1248; 1.0 s; peak memory 1236 MiB.
2026-10-07T03:26:02Z INFO [668/750] 5a6545a4-7229-43f3-aa03-946c3cab2037: Sackin index -0.1349; 0.9 s; peak memory 1236 MiB.
2026-10-07T03:26:03Z INFO [669/750] 5a656eaf-e78c-4198-b1e3-e49e02b5f83a: Sackin index -0.0388; 1.7 s; peak memory 1236 MiB.
2026-10-07T03:26:08Z INFO [670/750] 5a659f74-4a8b-47ee-8eb1-fd2eddee1956: Sackin index -0.0245; 4.2 s; peak memory 1236 MiB.
2026-10-07T03:26:09Z INFO [671/750] 5a664fd6-bcec-40b8-801f-0e21696d89e4: Sackin index -0.1082; 1.3 s; peak memory 1236 MiB.
2026-10-07T03:26:10Z INFO [672/750] 5a669bad-37db-44b5-a0db-e27578f121f4: Sackin index -0.1256; 0.7 s; peak memory 1236 MiB.
2026-10-07T03:26:16Z INFO [673/750] 5a66eaee-5704-42b5-b774-c5ea2d44e07a: Sackin index -0.0366; 6.7 s; peak memory 1236 MiB.
2026-10-07T03:26:17Z INFO [674/750] 5a673cb5-ca38-43be-9e35-420660b6d769: Sackin index -0.1331; 0.7 s; peak memory 1236 MiB.
2026-10-07T03:26:18Z INFO [675/750] 5a67d965-3661-442e-9d33-31db1b0d94d2: Sackin index -0.0728; 1.3 s; peak memory 1236 MiB.
2026-10-07T03:26:20Z INFO [676/750] 5a680357-8e06-48a2-b9df-cb5f9d4a7ca0: Sackin index -0.0702; 1.4 s; peak memory 1236 MiB.
2026-10-07T03:26:21Z INFO [677/750] 5a68a37e-7444-45c3-a8db-8869f30bfbf1: Sackin index -0.0881; 1.2 s; peak memory 1236 MiB.
2026-10-07T03:26:23Z INFO [678/750] 5a694814-69e7-4ebb-b58e-671e057db0bf: Sackin index -0.0275; 1.7 s; peak memory 1236 MiB.
2026-10-07T03:26:38Z INFO [679/750] 5a699de5-79b7-44d6-8cc9-db13e349466e: Sackin index -0.1388; 14.9 s; peak memory 1236 MiB.
2026-10-07T03:26:38Z INFO [680/750] 5a69af0b-4937-472b-b0b6-03e4c8779280: Sackin index -0.0702; 1.0 s; peak memory 1236 MiB.
2026-10-07T03:26:41Z INFO [681/750] 5a69c085-0935-40eb-ac0f-6ebc25924e80: Sackin index -0.0693; 2.3 s; peak memory 1236 MiB.
2026-10-07T03:26:43Z INFO [682/750] 5a69edb5-0460-4992-bfb9-7cd698212066: Sackin index -0.0681; 2.2 s; peak memory 1236 MiB.
2026-10-07T03:26:44Z INFO [683/750] 5a6b1aa0-13d6-422b-a7e4-890d52f30bfa: Sackin index -0.1349; 0.8 s; peak memory 1236 MiB.
2026-10-07T03:26:45Z INFO [684/750] 5a6c270b-336a-41f0-9465-bcec886c255f: Sackin index -0.0728; 1.3 s; peak memory 1236 MiB.
2026-10-07T03:26:46Z INFO [685/750] 5a6c3fd5-f0e3-46bf-9ed1-380ab1aa6c0a: Sackin index -0.0702; 1.2 s; peak memory 1236 MiB.
2026-10-07T03:26:48Z INFO [686/750] 5a6c7275-ac27-4013-9529-7ea8f2bf89f8: Sackin index -0.0369; 1.5 s; peak memory 1236 MiB.
2026-10-07T03:26:50Z INFO [687/750] 5a6db783-5723-458d-bc2a-3b00d6997cfb: Sackin index -0.0699; 1.9 s; peak memory 1236 MiB.
2026-10-07T03:27:16Z INFO [688/750] 5a6dbf02-cf8d-4390-a766-0ccefb9a6f51: Sackin index -0.1367; 26.2 s; peak memory 1236 MiB.
2026-10-07T03:27:17Z INFO [689/750] 5a6dc0ec-b1ad-4e1c-8970-04c7b817e02e: Sackin index -0.0369; 1.4 s; peak memory 1236 MiB.
2026-10-07T03:27:25Z INFO [690/750] 5a6e5081-6e42-436c-bd06-ebba74a4cbb1: Sackin index -0.0366; 7.3 s; peak memory 1236 MiB.
2026-10-07T03:27:26Z INFO [691/750] 5a6f2cf0-26b1-44e1-a85d-20768d2b63bf: Sackin index -0.0702; 1.0 s; peak memory 1236 MiB.
2026-10-07T03:27:27Z INFO [692/750] 5a6f6add-8f9a-4e3f-bd2a-37f8549a89d4: Sackin index -0.0358; 1.6 s; peak memory 1236 MiB.
2026-10-07T03:27:28Z INFO [693/750] 5a6f7e43-1f4b-4713-bfcb-654ac2239a23: Sackin index -0.1349; 0.7 s; peak memory 1236 MiB.
2026-10-07T03:27:30Z INFO [694/750] 5a70b5c1-783d-4297-ad62-74899b8f5896: Sackin index -0.0369; 1.7 s; peak memory 1236 MiB.
2026-10-07T03:29:58Z INFO [695/750] 5a713240-9e1d-4fb8-b1c6-a306ccd520a6: Sackin index -0.0573; 148.0 s; peak memory 1236 MiB.
2026-10-07T03:29:59Z INFO [696/750] 5a72abff-066f-459d-8507-84d9f2cecd78: Sackin index -0.0377; 1.2 s; peak memory 1236 MiB.
2026-10-07T03:30:00Z INFO [697/750] 5a752ac8-1f30-47f1-b0c2-0489aca01ce4: Sackin index -0.1349; 1.2 s; peak memory 1236 MiB.
2026-10-07T03:30:09Z INFO [698/750] 5a75911e-291b-474b-aefc-74fdd1675854: Sackin index -0.0397; 8.5 s; peak memory 1236 MiB.
2026-10-07T03:30:10Z INFO [699/750] 5a76c634-9c63-4e4d-8e3b-51b4de7ee0d8: Sackin index -0.1349; 1.0 s; peak memory 1236 MiB.
2026-10-07T03:30:11Z INFO [700/750] 5a77527f-8246-433a-a18d-e8fd4cb791ac: Sackin index -0.1349; 1.0 s; peak memory 1236 MiB.
2026-10-07T03:30:11Z INFO [700/750] 5a77527f-8246-433a-a18d-e8fd4cb791ac: checkpointed 90536 records.
2026-10-07T03:30:12Z INFO [701/750] 5a77db85-9ae5-4379-9e9b-db857ac183c2: Sackin index -0.1383; 1.3 s; peak memory 1236 MiB.
2026-10-07T03:30:13Z INFO [702/750] 5a77e97b-f9a2-48cf-b6b8-2323c9363392: Sackin index -0.0696; 1.3 s; peak memory 1236 MiB.
2026-10-07T03:30:15Z INFO [703/750] 5a77fbf5-d826-4be6-80e8-b7236c748806: Sackin index -0.0702; 1.2 s; peak memory 1236 MiB.
2026-10-07T03:30:16Z INFO [704/750] 5a793c83-49a9-4842-884a-f406b0ea7854: Sackin index -0.0702; 1.2 s; peak memory 1236 MiB.
2026-10-07T03:30:17Z INFO [705/750] 5a79bd57-dde1-4a92-96e3-87bc25f6e9d4: Sackin index -0.1575; 0.9 s; peak memory 1236 MiB.
2026-10-07T03:30:18Z INFO [706/750] 5a7a3a60-d92d-44ec-9dec-cb2b50c2e5c7: Sackin index -0.1201; 1.0 s; peak memory 1236 MiB.
2026-10-07T03:38:55Z INFO [707/750] 5a7b7744-d081-4a28-8368-a2fe7f5d2d82: Sackin index -0.1201; 517.0 s; peak memory 1236 MiB.
2026-10-07T03:38:56Z INFO [708/750] 5a7b8379-f3d2-4730-aa5c-5f2d7dbd52ba: Sackin index -0.1319; 0.9 s; peak memory 1236 MiB.
2026-10-07T03:38:57Z INFO [709/750] 5a7b9785-e0ec-4ead-bd46-ee6507ed8d0c: Sackin index -0.0696; 1.1 s; peak memory 1236 MiB.
2026-10-07T03:38:58Z INFO [710/750] 5a7ba73d-adf9-45f3-9c40-502a17aab410: Sackin index -0.0709; 1.1 s; peak memory 1236 MiB.
2026-10-07T03:38:59Z INFO [711/750] 5a7c1f0c-2c29-4203-87ae-061dc2b490ce: Sackin index -0.1602; 1.3 s; peak memory 1236 MiB.
2026-10-07T03:39:00Z INFO [712/750] 5a7c5bb2-5069-4254-8ffe-228b9d49a173: Sackin index -0.1349; 1.1 s; peak memory 1236 MiB.
2026-10-07T03:39:01Z INFO [713/750] 5a7cbcc3-e879-4fcf-93d3-f187d8e6ebac: Sackin index -0.1349; 1.0 s; peak memory 1236 MiB.
2026-10-07T03:39:03Z INFO [714/750] 5a7d0d86-cf16-4c9c-95d9-4a8acc1d8e40: Sackin index -0.0447; 1.4 s; peak memory 1236 MiB.
2026-10-07T03:39:03Z INFO [715/750] 5a7decc5-24e4-4b11-8fbd-9e20b811f086: Sackin index -0.1658; 0.6 s; peak memory 1236 MiB.
2026-10-07T03:39:04Z INFO [716/750] 5a7e3616-3cd3-44fe-9822-83962ec5cc8f: Sackin index -0.1298; 1.0 s; peak memory 1236 MiB.
2026-10-07T03:39:07Z INFO [717/750] 5a7e5a95-37ac-4f42-8f7a-7c92cddf626e: Sackin index -0.0693; 3.0 s; peak memory 1236 MiB.
2026-10-07T03:39:12Z INFO [718/750] 5a7ec80b-e39b-4ad3-a5f0-2e35ce87d2cf: Sackin index -0.0403; 4.6 s; peak memory 1236 MiB.
2026-10-07T03:39:13Z INFO [719/750] 5a7f80a2-309b-46e2-8902-aa2a43ac807a: Sackin index -0.0656; 0.9 s; peak memory 1236 MiB.
2026-10-07T03:39:14Z INFO [720/750] 5a7fcdb8-948a-4f32-8759-a82247fd0f1b: Sackin index -0.0375; 1.5 s; peak memory 1236 MiB.
2026-10-07T03:39:15Z INFO [721/750] 5a812451-7ff2-4a5d-8b5d-cd05a1aec15e: Sackin index -0.1208; 0.8 s; peak memory 1236 MiB.
2026-10-07T03:39:16Z INFO [722/750] 5a816dc8-da01-4f5e-8094-123ba53c8083: Sackin index -0.2073; 0.8 s; peak memory 1236 MiB.
2026-10-07T03:39:23Z INFO [723/750] 5a819922-81ff-4673-9e70-72d9a739efc7: Sackin index -0.0180; 7.1 s; peak memory 1236 MiB.
2026-10-07T03:39:30Z INFO [724/750] 5a819bcb-c175-412f-9a0c-9a7a7edca95f: Sackin index -0.0691; 7.4 s; peak memory 1236 MiB.
2026-10-07T03:39:31Z INFO [725/750] 5a81b764-04fd-4322-b797-cf73f5b572f2: Sackin index -0.1349; 1.1 s; peak memory 1236 MiB.
2026-10-07T03:39:33Z INFO [726/750] 5a81db94-cbb7-491c-8d07-c2857201c16c: Sackin index -0.0376; 1.4 s; peak memory 1236 MiB.
2026-10-07T03:39:34Z INFO [727/750] 5a82f72f-1bdf-4849-ab97-606258758b62: Sackin index -0.0745; 1.3 s; peak memory 1236 MiB.
2026-10-07T03:39:35Z INFO [728/750] 5a832e09-9037-4e52-bc6e-0d287d97c2ea: Sackin index -0.0702; 0.9 s; peak memory 1236 MiB.
2026-10-07T03:39:37Z INFO [729/750] 5a83993f-e133-41f8-be51-c49e21c48f41: Sackin index -0.0164; 2.0 s; peak memory 1236 MiB.
2026-10-07T03:39:38Z INFO [730/750] 5a847f58-88f0-4b0e-9f13-4ddfc994b39b: Sackin index -0.0379; 1.2 s; peak memory 1236 MiB.
2026-10-07T03:39:39Z INFO [731/750] 5a84c911-07e4-44b0-9447-57a43a828dfe: Sackin index -0.1461; 0.9 s; peak memory 1236 MiB.
2026-10-07T03:39:40Z INFO [732/750] 5a85488f-aea9-46aa-a5aa-6fec668307e6: Sackin index -0.1349; 0.9 s; peak memory 1236 MiB.
2026-10-07T03:39:41Z INFO [733/750] 5a85957a-af21-49c6-8f3b-b54eed2aebca: Sackin index -0.0376; 1.4 s; peak memory 1236 MiB.
2026-10-07T03:39:42Z INFO [734/750] 5a85a57e-85a4-4ae7-af44-86be39bad26b: Sackin index -0.0709; 1.0 s; peak memory 1236 MiB.
2026-10-07T03:39:43Z INFO [735/750] 5a85afe0-98c2-461e-9b2f-b0a81b8665f4: Sackin index -0.1349; 1.0 s; peak memory 1236 MiB.
2026-10-07T03:39:44Z INFO [736/750] 5a8696db-1fdf-46ce-8195-7e033eb5725a: Sackin index -0.1741; 0.9 s; peak memory 1236 MiB.
2026-10-07T03:39:51Z INFO [737/750] 5a86a276-0650-4b51-916e-47636cae2503: Sackin index -0.0181; 7.2 s; peak memory 1236 MiB.
2026-10-07T03:39:57Z INFO [738/750] 5a873feb-904a-409f-8a68-23d5ee362461: Sackin index -0.0435; 5.6 s; peak memory 1236 MiB.
2026-10-07T03:39:58Z INFO [739/750] 5a877dad-cfc4-4632-83d6-0ef62b55f107: Sackin index -0.0709; 1.1 s; peak memory 1236 MiB.
2026-10-07T03:40:08Z INFO [740/750] 5a878a0c-fac9-4017-834c-f7dc20f88810: Sackin index -0.0150; 9.9 s; peak memory 1236 MiB.
2026-10-07T03:40:10Z INFO [741/750] 5a87955c-14ef-41d6-bf88-bee425213422: Sackin index -0.0693; 2.3 s; peak memory 1236 MiB.
2026-10-07T03:40:12Z INFO [742/750] 5a87ab1d-4f52-40b3-a128-8ebcb3e0a797: Sackin index -0.0745; 1.5 s; peak memory 1236 MiB.
2026-10-07T03:40:13Z INFO [743/750] 5a880419-678d-4a6e-8fab-87ad1b7e723f: Sackin index -0.0696; 1.1 s; peak memory 1236 MiB.
2026-10-07T03:40:14Z INFO [744/750] 5a885af1-c6be-456f-b422-742ee2cd3405: Sackin index -0.1239; 0.8 s; peak memory 1236 MiB.
2026-10-07T03:40:14Z INFO [745/750] 5a8873ce-9d38-4b2c-af9a-1147add19660: Sackin index -0.1349; 0.8 s; peak memory 1236 MiB.
2026-10-07T03:40:15Z INFO [746/750] 5a88755b-1c1e-4631-ae5e-240e9b73fba5: Sackin index -0.1349; 0.9 s; peak memory 1236 MiB.
2026-10-07T03:40:16Z INFO [747/750] 5a8941e1-565e-4fd2-901e-40d67b187f69: Sackin index -0.1658; 0.6 s; peak memory 1236 MiB.
2026-10-07T03:40:17Z INFO [748/750] 5a8b7670-ceda-4c2d-a7d9-24c88c046d68: Sackin index -0.0696; 1.2 s; peak memory 1236 MiB.
2026-10-07T03:40:18Z INFO [749/750] 5a8ce1c1-7803-4656-89aa-235bb9def2e7: Sackin index -0.1349; 1.0 s; peak memory 1236 MiB.
2026-10-07T03:41:17Z INFO [750/750] 5a8d1a3d-6cae-457c-b275-d861b85f3c5d: Sackin index -0.0269; 59.3 s; peak memory 1236 MiB.
2026-10-07T03:41:18Z INFO [750/750] 5a8d1a3d-6cae-457c-b275-d861b85f3c5d: checkpointed 90586 records.
2026-10-07T03:41:18Z INFO Wrote 90586 records to /tmp/derivatives/valid_nwb_file_to_sackin_index.jsonl (750 new, 0 failed) in 178.1 min (peak memory 1236 MiB).
