2026-10-10T15:31:12Z INFO Logging to /tmp/logs/update_2026-10-10T15-31-12Z.log.
2026-10-10T15:31:12Z INFO Update valid-nwb-file-to-sackin-index (base directory /tmp).
2026-10-10T15:31:12Z INFO Processing 750 items (119836 already recorded).
2026-10-10T15:31:14Z INFO [1/750] 9704e803-1ce1-4ab6-a24d-74a7e9e2848b: Sackin index -0.1349; 1.2 s; peak memory 126 MiB.
2026-10-10T15:31:14Z INFO [2/750] 9706d3f7-baee-40f0-ab5a-cc2d88a42b9b: Sackin index -0.1239; 0.8 s; peak memory 127 MiB.
2026-10-10T15:31:15Z INFO [3/750] 97074528-4516-4a3d-a89d-3fd4b9ac4ecb: Sackin index -0.1349; 0.8 s; peak memory 127 MiB.
2026-10-10T15:31:16Z INFO [4/750] 9707a690-f188-48dc-874a-c237a4962cfa: Sackin index -0.1349; 0.9 s; peak memory 127 MiB.
2026-10-10T15:31:36Z INFO [5/750] 970864aa-ddc7-493a-b38c-a8346f614a52: Sackin index -0.2073; 20.2 s; peak memory 186 MiB.
2026-10-10T15:31:37Z INFO [6/750] 9708a6db-1c04-4e15-925b-d38c8029c71a: Sackin index -0.1349; 0.8 s; peak memory 187 MiB.
2026-10-10T15:31:49Z INFO [7/750] 9708c103-5c7d-4986-87fc-aeff4dac3d6f: Sackin index -0.1495; 11.4 s; peak memory 187 MiB.
2026-10-10T15:31:50Z INFO [8/750] 970a8502-cc01-4e95-ab92-b6256cdb9d96: Sackin index -0.0272; 1.4 s; peak memory 187 MiB.
2026-10-10T15:31:51Z INFO [9/750] 970aa03f-ff60-43f9-82df-324ef3d021e4: Sackin index -0.0745; 1.2 s; peak memory 187 MiB.
2026-10-10T15:31:52Z INFO [10/750] 970bcfd1-dd7b-45ce-9603-f0711d8f2cf1: Sackin index -0.1938; 0.7 s; peak memory 187 MiB.
2026-10-10T15:31:55Z INFO [11/750] 970bded3-9f0a-4f07-b815-fdf12bf4a32e: Sackin index -0.0287; 3.6 s; peak memory 187 MiB.
2026-10-10T15:31:56Z INFO [12/750] 970d1931-9738-4d1a-88ca-8aeabb6b7942: Sackin index -0.0881; 0.9 s; peak memory 187 MiB.
2026-10-10T15:33:42Z INFO [13/750] 970e04ba-eb9e-4469-bb30-3fda33a4e89a: Sackin index -0.0573; 105.8 s; peak memory 287 MiB.
2026-10-10T15:33:43Z INFO [14/750] 970e495c-bd27-4502-86c4-cde48ed81a13: Sackin index -0.1349; 0.9 s; peak memory 287 MiB.
2026-10-10T15:33:45Z INFO [15/750] 970e5c77-199e-4198-889b-35acdb336164: Sackin index -0.0676; 1.9 s; peak memory 287 MiB.
2026-10-10T15:33:47Z INFO [16/750] 970f00b8-caed-4da3-8175-6ea71fab8470: Sackin index -0.0533; 2.1 s; peak memory 287 MiB.
2026-10-10T15:33:48Z INFO [17/750] 97104e8f-1dd7-418a-b30c-31ba4a0ae060: Sackin index -0.0702; 1.1 s; peak memory 287 MiB.
2026-10-10T15:33:49Z INFO [18/750] 97109e99-50c6-415b-82b2-deebd3350fcb: Sackin index -0.1248; 1.0 s; peak memory 287 MiB.
2026-10-10T15:33:50Z INFO [19/750] 9711e276-7aba-4038-85f5-bd52685b9720: Sackin index -0.0369; 1.3 s; peak memory 287 MiB.
2026-10-10T15:33:56Z INFO [20/750] 9711f849-648c-47b8-879a-439a08f1f0a5: Sackin index -0.0194; 5.1 s; peak memory 287 MiB.
2026-10-10T15:33:57Z INFO [21/750] 971344f6-d252-47a8-997f-5e7b9f83a4bb: Sackin index -0.0275; 1.3 s; peak memory 287 MiB.
2026-10-10T15:34:04Z INFO [22/750] 97147673-0da7-4790-a854-ed80ec57cbe3: Sackin index -0.0511; 6.8 s; peak memory 287 MiB.
2026-10-10T15:34:05Z INFO [23/750] 9714dafc-abd5-4b76-a59a-b57173ca071c: Sackin index -0.0379; 1.3 s; peak memory 287 MiB.
2026-10-10T15:34:06Z INFO [24/750] 97158081-0a6d-4d10-9b8f-4cc3496a84b2: Sackin index -0.0369; 1.4 s; peak memory 287 MiB.
2026-10-10T15:34:07Z INFO [25/750] 9715cd95-4e16-4e71-b7b8-58c633f28752: Sackin index -0.1349; 0.7 s; peak memory 287 MiB.
2026-10-10T15:34:08Z INFO [26/750] 971613dc-f5ad-4b38-b93f-ad2018955330: Sackin index -0.0728; 1.3 s; peak memory 287 MiB.
2026-10-10T15:34:10Z INFO [27/750] 9716a529-fc2b-423b-a12c-7402692845e1: Sackin index -0.0728; 1.2 s; peak memory 287 MiB.
2026-10-10T15:34:10Z INFO [28/750] 9717d818-29f3-4d8c-9716-966ae9b78fcf: Sackin index -0.1349; 0.9 s; peak memory 287 MiB.
2026-10-10T15:34:11Z INFO [29/750] 9719136e-ba28-43b3-a83b-18533b284085: Sackin index -0.1349; 0.9 s; peak memory 287 MiB.
2026-10-10T15:34:12Z INFO [30/750] 97193882-cc28-40c0-9555-9c9f45bea9be: Sackin index -0.1349; 0.9 s; peak memory 287 MiB.
2026-10-10T15:34:13Z INFO [31/750] 97199933-874d-4add-bebd-bad99f4de1c2: Sackin index -0.1349; 0.7 s; peak memory 287 MiB.
2026-10-10T15:34:31Z INFO [32/750] 9719d11b-9b32-49da-a4cf-8ccf6ed79c0f: Sackin index -0.1367; 18.5 s; peak memory 287 MiB.
2026-10-10T15:34:34Z INFO [33/750] 9719d6f6-4505-4e8b-93e2-c53c8ec274b5: Sackin index -0.0350; 2.2 s; peak memory 287 MiB.
2026-10-10T15:34:35Z INFO [34/750] 971a20e6-3b0b-46fb-b9cd-db1e31ad893f: Sackin index -0.0745; 1.4 s; peak memory 287 MiB.
2026-10-10T15:34:36Z INFO [35/750] 971a246e-ba9d-4738-8a61-5b33b9bf4853: Sackin index -0.1356; 1.3 s; peak memory 287 MiB.
2026-10-10T15:34:37Z INFO [36/750] 971a5fea-ecb8-465c-ae2d-7155dd68f37b: Sackin index -0.1349; 0.8 s; peak memory 287 MiB.
2026-10-10T15:34:39Z INFO [37/750] 971b0806-a902-4461-a7db-a742187d9a15: Sackin index -0.0676; 1.4 s; peak memory 287 MiB.
2026-10-10T15:34:39Z INFO [38/750] 971b309b-9903-4848-aad5-e3bf18c2232a: Sackin index -0.1349; 0.9 s; peak memory 287 MiB.
2026-10-10T15:34:45Z INFO [39/750] 971ba0b6-dd24-4d8c-bc51-04b95e105305: Sackin index -0.0438; 5.8 s; peak memory 287 MiB.
2026-10-10T15:34:47Z INFO [40/750] 971bde11-b860-40b8-9d79-6af2e414ac12: Sackin index -0.1283; 1.4 s; peak memory 287 MiB.
2026-10-10T15:34:48Z INFO [41/750] 971bec13-6d24-4139-a440-03474bfc0f81: Sackin index -0.1273; 1.4 s; peak memory 287 MiB.
2026-10-10T15:34:49Z INFO [42/750] 971c2b96-136c-4fa2-bf61-4eb3727db036: Sackin index -0.1349; 0.8 s; peak memory 287 MiB.
2026-10-10T15:34:50Z INFO [43/750] 971cdb82-b0eb-491e-94b4-0f82478b6085: Sackin index -0.1349; 0.7 s; peak memory 287 MiB.
2026-10-10T15:34:51Z INFO [44/750] 971f0e83-fd4a-4aad-9697-e18907bd1f6b: Sackin index -0.1307; 1.0 s; peak memory 287 MiB.
2026-10-10T15:34:51Z INFO [45/750] 971f1c09-78bf-4720-b35c-dd3af1fb9de7: Sackin index -0.1349; 0.7 s; peak memory 287 MiB.
2026-10-10T15:34:52Z INFO [46/750] 971f570d-2c60-4751-9bb3-73692dee80b6: Sackin index -0.1658; 0.7 s; peak memory 287 MiB.
2026-10-10T15:34:53Z INFO [47/750] 971fdc12-7ac8-45ea-96d6-7fc830f31f49: Sackin index -0.0702; 1.0 s; peak memory 287 MiB.
2026-10-10T15:34:53Z INFO [48/750] 971fed24-c152-4c6c-923f-df33d7c0ffc5: Sackin index -0.1272; 0.6 s; peak memory 287 MiB.
2026-10-10T15:34:54Z INFO [49/750] 971fee55-3fcf-4fec-9e1b-a6fcc71a745f: Sackin index -0.1349; 0.7 s; peak memory 287 MiB.
2026-10-10T15:34:55Z INFO [50/750] 97200c99-f1ce-407b-831e-5f53a22af49a: Sackin index -0.1349; 0.7 s; peak memory 287 MiB.
2026-10-10T15:34:55Z INFO [50/750] 97200c99-f1ce-407b-831e-5f53a22af49a: checkpointed 119886 new records.
2026-10-10T15:34:56Z INFO [51/750] 9721079a-9ec0-4752-867f-dc6b8a8e7f8d: Sackin index -0.0715; 1.0 s; peak memory 287 MiB.
2026-10-10T15:35:04Z INFO [52/750] 97211758-7ec9-43c4-8dce-59d2e7feb51d: Sackin index -0.0170; 7.5 s; peak memory 287 MiB.
2026-10-10T15:35:04Z INFO [53/750] 9721e6df-3893-4452-90a9-3a762e7731be: Sackin index -0.1349; 0.7 s; peak memory 287 MiB.
2026-10-10T15:35:05Z INFO [54/750] 97221048-0988-4d55-bb6a-f885532943ad: Sackin index -0.0709; 1.1 s; peak memory 287 MiB.
2026-10-10T15:35:06Z INFO [55/750] 9722166e-d769-4a89-bc16-0a5dbf4e7cd4: Sackin index -0.1068; 0.9 s; peak memory 287 MiB.
2026-10-10T15:35:07Z INFO [56/750] 97225157-1825-46dc-8a93-d937e858242b: Sackin index -0.0704; 1.0 s; peak memory 287 MiB.
2026-10-10T15:35:12Z INFO [57/750] 9723b556-40f7-4c43-be88-461b3a8831ea: Sackin index -0.0438; 4.9 s; peak memory 287 MiB.
2026-10-10T15:35:13Z INFO [58/750] 97249478-4818-4d01-a1a9-bd9f7a51f48f: Sackin index -0.0379; 1.3 s; peak memory 287 MiB.
2026-10-10T15:35:14Z INFO [59/750] 9725624e-f336-4246-946e-1e4e2845f0c5: Sackin index -0.0707; 0.7 s; peak memory 287 MiB.
2026-10-10T15:35:15Z INFO [60/750] 9725700d-4e66-4254-a10a-f31f9d4d221e: Sackin index -0.2458; 0.6 s; peak memory 287 MiB.
2026-10-10T15:35:16Z INFO [61/750] 97258414-02e0-4cf0-964e-527c246db96d: Sackin index -0.1117; 1.0 s; peak memory 287 MiB.
2026-10-10T15:35:20Z INFO [62/750] 9725a0c9-67b3-448b-9dd0-89d42cc718db: Sackin index -0.0234; 4.4 s; peak memory 287 MiB.
2026-10-10T15:35:21Z INFO [63/750] 97273999-9146-4438-abb4-5594b7931eae: Sackin index -0.0696; 1.0 s; peak memory 287 MiB.
2026-10-10T15:35:23Z INFO [64/750] 9729389c-dff2-4691-9bd6-91b4ed55bc30: Sackin index -0.0699; 1.7 s; peak memory 287 MiB.
2026-10-10T15:35:24Z INFO [65/750] 972a6581-afbf-4d32-90b9-487edc456bf9: Sackin index -0.1361; 0.8 s; peak memory 287 MiB.
2026-10-10T15:35:24Z INFO [66/750] 972b25f5-d36e-4036-8358-ace42e168485: Sackin index -0.1349; 0.8 s; peak memory 287 MiB.
2026-10-10T15:35:26Z INFO [67/750] 972be65a-247a-4311-8223-d147e9c12e6f: Sackin index -0.0752; 1.1 s; peak memory 287 MiB.
2026-10-10T15:35:28Z INFO [68/750] 972bff88-2c1b-4798-a316-4c839526c3eb: Sackin index -0.0539; 2.4 s; peak memory 287 MiB.
2026-10-10T15:35:29Z INFO [69/750] 972c2a93-720a-4531-abc3-33278aecd782: Sackin index -0.0702; 0.9 s; peak memory 287 MiB.
2026-10-10T15:35:31Z INFO [70/750] 972ca575-e0e3-4850-8785-1793eaf5db07: Sackin index -0.0350; 2.3 s; peak memory 287 MiB.
2026-10-10T15:35:37Z INFO [71/750] 972d6032-e759-4343-9430-45418a64f2c9: Sackin index -0.0201; 5.9 s; peak memory 287 MiB.
2026-10-10T15:35:38Z INFO [72/750] 972dc62d-f14a-48e6-903b-e11d55f9f8f4: Sackin index -0.1349; 0.7 s; peak memory 287 MiB.
2026-10-10T15:35:38Z INFO [73/750] 972e5326-1272-4544-b883-110a25af98f7: Sackin index -0.1349; 0.7 s; peak memory 287 MiB.
2026-10-10T15:35:39Z INFO [74/750] 972ee26b-8b5a-4eb9-bf9e-fc6d8d3ac172: Sackin index -0.0376; 0.9 s; peak memory 287 MiB.
2026-10-10T15:35:40Z INFO [75/750] 972fd53e-c016-4abd-b57c-398ccce846fe: Sackin index -0.1349; 0.7 s; peak memory 287 MiB.
2026-10-10T15:35:41Z INFO [76/750] 9730a7ad-e7dd-4e12-8ae9-8beac0cb4ac0: Sackin index -0.0376; 0.9 s; peak memory 287 MiB.
2026-10-10T15:35:42Z INFO [77/750] 9730ef61-5fdf-43d1-815d-ab936e53240a: Sackin index -0.0696; 0.8 s; peak memory 287 MiB.
2026-10-10T15:35:42Z INFO [78/750] 973107bd-cd62-4720-ad12-fcc37097ed29: Sackin index -0.0722; 0.8 s; peak memory 287 MiB.
2026-10-10T15:35:43Z INFO [79/750] 9731abdb-aa7a-4734-a8dd-e84012364a97: Sackin index -0.0702; 1.0 s; peak memory 287 MiB.
2026-10-10T15:35:44Z INFO [80/750] 9732365b-a42e-4666-91dc-a52ce53b1db1: Sackin index -0.1191; 0.8 s; peak memory 287 MiB.
2026-10-10T15:35:45Z INFO [81/750] 97332fde-4079-4df9-b906-a18d1bab7dd9: Sackin index -0.1273; 1.2 s; peak memory 287 MiB.
2026-10-10T15:35:47Z INFO [82/750] 9733350b-ab76-4b15-b416-734c8bb629b2: Sackin index -0.1021; 1.8 s; peak memory 287 MiB.
2026-10-10T15:35:50Z INFO [83/750] 97339450-ff30-4ae2-8338-1230301970a0: Sackin index -0.0797; 2.4 s; peak memory 287 MiB.
2026-10-10T15:36:05Z INFO [84/750] 9733c318-7602-4fdb-acfd-ab9c8174087a: Sackin index -0.0239; 15.1 s; peak memory 287 MiB.
2026-10-10T15:36:07Z INFO [85/750] 9733e51f-4634-490e-a38b-7be0d5402eba: Sackin index -0.0704; 2.1 s; peak memory 287 MiB.
2026-10-10T15:36:08Z INFO [86/750] 97349a4e-215a-4c83-b33b-47310b6e5740: Sackin index -0.0728; 1.0 s; peak memory 287 MiB.
2026-10-10T15:36:09Z INFO [87/750] 9734c1dd-8807-479d-8f53-d30d35fb3a02: Sackin index -0.1349; 0.7 s; peak memory 287 MiB.
2026-10-10T15:36:10Z INFO [88/750] 9736f974-31bf-4177-9709-5916ee9ad053: Sackin index -0.0728; 1.2 s; peak memory 287 MiB.
2026-10-10T15:36:11Z INFO [89/750] 97371f0b-f7dd-4b0d-80ab-0b3b55bca535: Sackin index -0.1349; 0.7 s; peak memory 287 MiB.
2026-10-10T15:36:11Z INFO [90/750] 9737b128-484c-4a66-9f12-7d0716fdacef: Sackin index -0.1658; 0.7 s; peak memory 287 MiB.
2026-10-10T15:36:12Z INFO [91/750] 973a478b-7f52-422b-b478-712bc909278d: Sackin index -0.1658; 0.7 s; peak memory 287 MiB.
2026-10-10T15:36:13Z INFO [92/750] 973ad1b6-fba6-4633-8350-f1397f0203ef: Sackin index -0.1349; 0.7 s; peak memory 287 MiB.
2026-10-10T15:36:13Z INFO [93/750] 973af0dc-a981-4d33-9706-484673346d2b: Sackin index -0.1349; 0.8 s; peak memory 287 MiB.
2026-10-10T15:36:29Z INFO [94/750] 973b3563-bc65-4c68-9a74-2d28197124e3: Sackin index -0.0132; 15.6 s; peak memory 287 MiB.
2026-10-10T15:37:03Z INFO [95/750] 973b59f3-4e5f-477b-8cb0-9d3ce1c9e06b: Sackin index -0.0021; 33.9 s; peak memory 287 MiB.
2026-10-10T15:37:25Z INFO [96/750] 973bb1dd-7e0f-46c2-9c52-096312a6587f: Sackin index -0.1287; 22.3 s; peak memory 287 MiB.
2026-10-10T15:37:26Z INFO [97/750] 973bf154-0b08-4f7e-bea8-1d81b19e3bbf: Sackin index -0.1349; 1.0 s; peak memory 287 MiB.
2026-10-10T15:37:27Z INFO [98/750] 973ce022-649b-416e-a68a-a5972749ac87: Sackin index -0.0702; 1.0 s; peak memory 287 MiB.
2026-10-10T15:37:28Z INFO [99/750] 973d47e0-df59-4d5d-9e44-e86a37880183: Sackin index -0.0745; 1.2 s; peak memory 287 MiB.
2026-10-10T15:37:29Z INFO [100/750] 973d67f6-169c-42fa-bc82-1d25d3c29170: Sackin index -0.1349; 0.7 s; peak memory 287 MiB.
2026-10-10T15:37:29Z INFO [100/750] 973d67f6-169c-42fa-bc82-1d25d3c29170: checkpointed 119936 new records.
2026-10-10T15:37:30Z INFO [101/750] 973d7fa8-7512-4730-9804-2f0ee6d222af: Sackin index -0.1349; 0.8 s; peak memory 287 MiB.
2026-10-10T15:37:31Z INFO [102/750] 973e7cc5-513e-4355-938b-ab55f444b273: Sackin index -0.1178; 0.7 s; peak memory 287 MiB.
2026-10-10T15:37:31Z INFO [103/750] 973ea57a-cbb0-48f8-a6ca-292b2fa3d2a3: Sackin index -0.1239; 0.6 s; peak memory 287 MiB.
2026-10-10T15:37:32Z INFO [104/750] 973ed926-33ad-4121-8ac9-dc6193a7cfa7: Sackin index -0.0709; 0.8 s; peak memory 287 MiB.
2026-10-10T15:37:34Z INFO [105/750] 973ef0ef-aa61-424e-9ed3-9e939d9e7e19: Sackin index -0.0585; 2.3 s; peak memory 287 MiB.
2026-10-10T15:37:35Z INFO [106/750] 973effa2-9941-474e-bb44-d28a8fd0e9b2: Sackin index -0.0728; 0.8 s; peak memory 287 MiB.
2026-10-10T15:37:37Z INFO [107/750] 973f1ea8-e48a-4ca3-91ad-e1833af0e9a6: Sackin index -0.0824; 1.9 s; peak memory 287 MiB.
2026-10-10T15:37:39Z INFO [108/750] 973f5eec-5ec3-4d2f-9ff1-d539d7d66b0c: Sackin index -0.0704; 2.1 s; peak memory 287 MiB.
2026-10-10T15:37:40Z INFO [109/750] 973f96ab-34f2-45c9-b3b1-6b317a5d62a3: Sackin index -0.0696; 1.0 s; peak memory 287 MiB.
2026-10-10T15:37:41Z INFO [110/750] 973fa675-3bf6-4c28-89da-078ca956b041: Sackin index -0.1658; 0.5 s; peak memory 287 MiB.
2026-10-10T15:37:41Z INFO [111/750] 973fbee9-75cb-47a5-a3bf-85be4246ca8c: Sackin index -0.1148; 0.5 s; peak memory 287 MiB.
2026-10-10T15:37:42Z INFO [112/750] 973fca9b-ede1-4afd-b2af-8296e6d3ff1a: Sackin index -0.1303; 0.6 s; peak memory 287 MiB.
2026-10-10T15:37:44Z INFO [113/750] 97401f35-25fe-4ae0-a6e0-f0def7ddfc45: Sackin index -0.0797; 2.5 s; peak memory 287 MiB.
2026-10-10T15:37:45Z INFO [114/750] 97405598-cedd-45b3-8221-8b1ce7011672: Sackin index -0.1658; 0.7 s; peak memory 287 MiB.
2026-10-10T15:37:46Z INFO [115/750] 97408562-013b-4a48-a9ca-6fd80f123a67: Sackin index -0.1349; 0.7 s; peak memory 287 MiB.
2026-10-10T15:37:46Z INFO [116/750] 9741969a-af50-453e-b70b-9f500abdba48: Sackin index -0.2000; 0.6 s; peak memory 287 MiB.
2026-10-10T15:37:49Z INFO [117/750] 9742ee53-ad5c-4bd0-8beb-e9180edbd647: Sackin index -0.0515; 2.3 s; peak memory 287 MiB.
2026-10-10T15:37:50Z INFO [118/750] 9743283d-1d54-4bfd-b2ac-4031bc5a054b: Sackin index -0.0696; 0.8 s; peak memory 287 MiB.
2026-10-10T15:37:50Z INFO [119/750] 974363ec-612f-432c-ae98-1e449c61963d: Sackin index -0.0702; 0.8 s; peak memory 287 MiB.
2026-10-10T15:37:51Z INFO [120/750] 9744b785-a43d-40ba-9df3-f7dc9c8bde50: Sackin index -0.0702; 1.0 s; peak memory 287 MiB.
2026-10-10T15:37:53Z INFO [121/750] 97458bba-370c-40ab-80c1-3acf833af7a1: Sackin index -0.0666; 2.0 s; peak memory 287 MiB.
2026-10-10T15:37:55Z INFO [122/750] 9745ade7-6cdf-430d-aa63-318af339d48b: Sackin index -0.0369; 1.2 s; peak memory 287 MiB.
2026-10-10T15:37:59Z INFO [123/750] 9745f03d-0e44-4269-a474-736dec8a41e2: Sackin index -0.0940; 4.5 s; peak memory 287 MiB.
2026-10-10T15:38:00Z INFO [124/750] 97465fa3-888d-48ac-89c1-81765726bd6b: Sackin index -0.0702; 1.0 s; peak memory 287 MiB.
2026-10-10T15:38:01Z INFO [125/750] 974730dc-9e2e-4e4e-81bc-1262a2c87bf0: Sackin index -0.0709; 1.1 s; peak memory 287 MiB.
2026-10-10T15:38:02Z INFO [126/750] 9747612a-ca07-4b56-930e-c2e98e371c40: Sackin index -0.1349; 0.8 s; peak memory 287 MiB.
2026-10-10T15:38:04Z INFO [127/750] 97476885-2502-48e7-90a2-101478ff4b77: Sackin index -0.0665; 1.9 s; peak memory 287 MiB.
2026-10-10T15:38:13Z INFO [128/750] 97481139-4df6-4de4-819c-ee481b898606: Sackin index -0.0174; 9.0 s; peak memory 287 MiB.
2026-10-10T15:38:14Z INFO [129/750] 974948b9-24bc-49d0-bcd7-271eda4731af: Sackin index -0.1349; 0.8 s; peak memory 287 MiB.
2026-10-10T15:38:15Z INFO [130/750] 97497520-dd35-4968-88a8-1fecab833569: Sackin index -0.1026; 1.1 s; peak memory 287 MiB.
2026-10-10T15:38:16Z INFO [131/750] 9749869e-b316-4c3b-9a24-8831bd0e19be: Sackin index -0.0728; 1.4 s; peak memory 287 MiB.
2026-10-10T15:38:23Z INFO [132/750] 974998cb-defd-4c83-ae3f-9039abba60d4: Sackin index -0.0205; 6.7 s; peak memory 287 MiB.
2026-10-10T15:38:24Z INFO [133/750] 974a6a03-e13f-4e25-9986-083c48a5562d: Sackin index -0.1331; 0.7 s; peak memory 287 MiB.
2026-10-10T15:38:25Z INFO [134/750] 974ac6db-5c6f-4de6-bec8-4df225694f0b: Sackin index -0.0728; 1.2 s; peak memory 287 MiB.
2026-10-10T15:38:26Z INFO [135/750] 974b0fb2-6771-4685-8802-ec3b1a834e0f: Sackin index -0.1263; 1.0 s; peak memory 287 MiB.
2026-10-10T15:38:27Z INFO [136/750] 974c4779-cf9b-4b51-85b5-6d12c13c56c6: Sackin index -0.0522; 1.4 s; peak memory 287 MiB.
2026-10-10T15:38:28Z INFO [137/750] 974c85c2-f894-4964-90fc-235159e156f3: Sackin index -0.1009; 1.1 s; peak memory 287 MiB.
2026-10-10T15:38:29Z INFO [138/750] 974d4eac-681a-489c-9f4f-c360f1b9f777: Sackin index -0.1349; 0.9 s; peak memory 287 MiB.
2026-10-10T15:38:35Z INFO [139/750] 974d586b-d21b-4ea3-bfe0-f4c5ecc7ecc8: Sackin index -0.0392; 6.1 s; peak memory 287 MiB.
2026-10-10T15:38:37Z INFO [140/750] 974dcefb-c425-4d11-a163-ae9427076242: Sackin index -0.0375; 1.2 s; peak memory 287 MiB.
2026-10-10T15:38:38Z INFO [141/750] 974e1d91-8f94-4cea-ac12-f420298b62b2: Sackin index -0.0696; 1.0 s; peak memory 287 MiB.
2026-10-10T15:38:42Z INFO [142/750] 974ebe15-366b-4f1b-9eaa-9876df60d473: Sackin index -0.0258; 4.6 s; peak memory 287 MiB.
2026-10-10T15:38:43Z INFO [143/750] 974ee689-0ec3-48ab-876e-ea4c998c12e9: Sackin index -0.1938; 0.7 s; peak memory 287 MiB.
2026-10-10T15:38:43Z INFO [144/750] 974face0-044f-4f6a-b84b-126491468858: Sackin index -0.2147; 0.6 s; peak memory 287 MiB.
2026-10-10T15:38:45Z INFO [145/750] 9750d19b-6532-4bb4-a6e7-bae9be82f40d: Sackin index -0.0745; 1.0 s; peak memory 287 MiB.
2026-10-10T15:38:45Z INFO [146/750] 97520ed6-820a-45df-92a1-1706da286899: Sackin index -0.0702; 0.9 s; peak memory 287 MiB.
2026-10-10T15:38:47Z INFO [147/750] 97525608-85e4-489d-8207-0daf71f73b51: Sackin index -0.0369; 1.3 s; peak memory 287 MiB.
2026-10-10T15:38:47Z INFO [148/750] 97526849-3a51-4ad0-b7fb-560522c8ebff: Sackin index -0.1349; 0.7 s; peak memory 287 MiB.
2026-10-10T15:38:48Z INFO [149/750] 975301f8-9045-4e39-a450-33daf0234165: Sackin index -0.1349; 0.9 s; peak memory 287 MiB.
2026-10-10T15:38:54Z INFO [150/750] 9753595a-76c3-4fe8-92da-8fa88f32461b: Sackin index -0.0392; 6.1 s; peak memory 287 MiB.
2026-10-10T15:38:55Z INFO [150/750] 9753595a-76c3-4fe8-92da-8fa88f32461b: checkpointed 119986 new records.
2026-10-10T15:38:55Z INFO [151/750] 97538f60-d45e-4fab-bb7b-511a0d0d394d: Sackin index -0.0702; 0.8 s; peak memory 287 MiB.
2026-10-10T15:38:56Z INFO [152/750] 97539f64-6b32-48c7-b92a-bec92e93eb9f: Sackin index -0.1331; 0.7 s; peak memory 287 MiB.
2026-10-10T15:38:57Z INFO [153/750] 9753ffae-73d3-4b29-b47e-247fc98334b7: Sackin index -0.1349; 0.8 s; peak memory 287 MiB.
2026-10-10T15:38:58Z INFO [154/750] 97541d7c-0ff4-4f4f-8279-e488ae1a1878: Sackin index -0.1349; 0.7 s; peak memory 287 MiB.
2026-10-10T15:38:59Z INFO [155/750] 9754aca8-383c-48cc-bf70-f8cab2681880: Sackin index -0.0379; 1.4 s; peak memory 287 MiB.
2026-10-10T15:39:00Z INFO [156/750] 97557087-dda8-4619-80cc-73633834ea63: Sackin index -0.0696; 1.1 s; peak memory 287 MiB.
2026-10-10T15:39:01Z INFO [157/750] 97564b83-b4e2-49f4-8b72-013b2d85a4a8: Sackin index -0.1658; 0.6 s; peak memory 287 MiB.
2026-10-10T15:39:10Z INFO [158/750] 9757dd51-d83f-4a90-8546-0f6a43bf020e: Sackin index -0.0143; 9.4 s; peak memory 287 MiB.
2026-10-10T15:39:11Z INFO [159/750] 9758c816-53e3-4694-ac4e-438eb6446f45: Sackin index -0.1062; 1.0 s; peak memory 287 MiB.
2026-10-10T15:39:12Z INFO [160/750] 975a82af-b40f-45f3-8914-e63625f1ef86: Sackin index -0.0689; 0.6 s; peak memory 287 MiB.
2026-10-10T15:39:13Z INFO [161/750] 975b7d19-7186-4488-b3c7-1a779090ad09: Sackin index -0.0702; 0.9 s; peak memory 287 MiB.
2026-10-10T15:39:13Z INFO [162/750] 975bfb10-3a85-4563-b9c9-0de1c4c41fbb: Sackin index -0.1272; 0.6 s; peak memory 287 MiB.
2026-10-10T15:39:14Z INFO [163/750] 975c5a57-1125-4332-a641-bd6b02cca541: Sackin index -0.1658; 0.6 s; peak memory 287 MiB.
2026-10-10T15:39:15Z INFO [164/750] 975d702a-25ed-4fdf-ba57-d90bb947f5ce: Sackin index -0.0728; 0.9 s; peak memory 287 MiB.
2026-10-10T15:39:16Z INFO [165/750] 975dcb93-1374-45ce-922e-7231d6bd9fdb: Sackin index -0.0722; 1.0 s; peak memory 287 MiB.
2026-10-10T15:39:17Z INFO [166/750] 975ddcd5-acd9-438b-bf30-4cd3963377ad: Sackin index -0.1349; 0.8 s; peak memory 287 MiB.
2026-10-10T15:39:17Z INFO [167/750] 975e0c0a-26f5-482c-ac68-03904776a46f: Sackin index -0.1349; 0.7 s; peak memory 287 MiB.
2026-10-10T15:39:18Z INFO [168/750] 975e66df-94d0-49d9-8787-9c651192b6e7: Sackin index -0.0702; 0.7 s; peak memory 287 MiB.
2026-10-10T15:39:19Z INFO [169/750] 975f6f88-c18a-4b1f-a387-9dd8bdde6f98: Sackin index -0.1349; 0.7 s; peak memory 287 MiB.
2026-10-10T15:39:20Z INFO [170/750] 97600699-075f-44c1-956a-811f904be400: Sackin index -0.0702; 1.0 s; peak memory 287 MiB.
2026-10-10T15:39:29Z INFO [171/750] 97605ce2-5188-4e82-95b1-841a92cfd889: Sackin index -0.0235; 9.3 s; peak memory 287 MiB.
2026-10-10T15:39:42Z INFO [172/750] 97607909-9058-4247-b70c-15aae7de2448: Sackin index -0.0243; 13.1 s; peak memory 287 MiB.
2026-10-10T15:39:43Z INFO [173/750] 976080de-70b4-424b-a3a7-c614f8b910a7: Sackin index -0.0816; 0.9 s; peak memory 287 MiB.
2026-10-10T15:39:44Z INFO [174/750] 9761f283-0448-47df-abda-6e43f2b2dd32: Sackin index -0.1349; 0.8 s; peak memory 287 MiB.
2026-10-10T15:39:51Z INFO [175/750] 97629fa2-3847-4423-8062-21bf375b1dad: Sackin index -0.0017; 6.7 s; peak memory 287 MiB.
2026-10-10T15:39:51Z INFO [176/750] 97631fef-2e63-4e75-96c8-1addf308f86d: Sackin index -0.1248; 0.7 s; peak memory 287 MiB.
2026-10-10T15:39:52Z INFO [177/750] 9763b7f5-f0f4-4da5-864a-e5536b4170e4: Sackin index -0.1349; 0.8 s; peak memory 287 MiB.
2026-10-10T15:39:53Z INFO [178/750] 976425d2-bb97-4a14-8207-986034004ca7: Sackin index -0.0696; 1.1 s; peak memory 287 MiB.
2026-10-10T15:39:55Z INFO [179/750] 97645857-a1a7-4632-8eac-ec7abe38f59e: Sackin index -0.0232; 1.8 s; peak memory 287 MiB.
2026-10-10T15:40:09Z INFO [180/750] 9764728e-ad50-4e9d-983f-a27fda0b452a: Sackin index -0.0024; 14.3 s; peak memory 315 MiB.
2026-10-10T15:40:10Z INFO [181/750] 97650206-a2f9-4e3f-a482-5799485134ea: Sackin index -0.1452; 0.6 s; peak memory 315 MiB.
2026-10-10T15:40:10Z INFO [182/750] 97653bc3-7e59-4cb5-a0c2-2a948d787d40: Sackin index -0.1658; 0.6 s; peak memory 315 MiB.
2026-10-10T15:40:11Z INFO [183/750] 976590e1-db05-4db8-9dad-923a865ce6bc: Sackin index -0.1303; 0.7 s; peak memory 315 MiB.
2026-10-10T15:40:12Z INFO [184/750] 97668336-b000-46ab-8be6-a62662554e64: Sackin index -0.1356; 0.6 s; peak memory 315 MiB.
2026-10-10T15:40:14Z INFO [185/750] 97682a13-aaae-4d7d-b58a-eb4d8430113d: Sackin index -0.0272; 1.8 s; peak memory 315 MiB.
2026-10-10T15:40:15Z INFO [186/750] 976833ed-a04d-46e8-b3f4-271ec90246f9: Sackin index -0.0745; 1.3 s; peak memory 315 MiB.
2026-10-10T15:40:16Z INFO [187/750] 976898cf-a25c-4a78-84d9-1bd31bb84992: Sackin index -0.0728; 0.9 s; peak memory 315 MiB.
2026-10-10T15:40:16Z INFO [188/750] 9769286a-333c-43d9-8c5b-a27cf26891cd: Sackin index -0.1161; 0.6 s; peak memory 315 MiB.
2026-10-10T15:40:18Z INFO [189/750] 976afd48-9e02-423e-9473-fb81b79c4055: Sackin index -0.0272; 1.2 s; peak memory 315 MiB.
2026-10-10T15:40:25Z INFO [190/750] 976bc4e5-1867-4737-ab13-349bf21d233e: Sackin index -0.0042; 7.7 s; peak memory 315 MiB.
2026-10-10T15:40:27Z INFO [191/750] 976c0677-e8b1-43b9-b44e-f7dc4221e05f: Sackin index -0.0272; 1.3 s; peak memory 315 MiB.
2026-10-10T15:40:28Z INFO [192/750] 976c22f4-07cb-49b4-868a-3cf1834314bb: Sackin index -0.1248; 1.0 s; peak memory 315 MiB.
2026-10-10T15:40:29Z INFO [193/750] 976c52dc-b8a0-4759-97e9-f002ac518bc3: Sackin index -0.1602; 0.9 s; peak memory 315 MiB.
2026-10-10T15:40:29Z INFO [194/750] 976c873e-215b-4725-8054-65e33b8e95bc: Sackin index -0.0728; 0.9 s; peak memory 315 MiB.
2026-10-10T15:40:30Z INFO [195/750] 976d1d38-3cd1-4f0c-85b2-86401796456b: Sackin index -0.1448; 0.7 s; peak memory 315 MiB.
2026-10-10T15:40:31Z INFO [196/750] 976d6aa7-c1f1-4caf-b38f-523b5b6f7ffb: Sackin index -0.1018; 0.5 s; peak memory 315 MiB.
2026-10-10T15:40:38Z INFO [197/750] 976d77c6-8c6d-4e68-9519-f7e6bf6bdbfb: Sackin index -0.0366; 7.4 s; peak memory 315 MiB.
2026-10-10T15:40:39Z INFO [198/750] 976de7d8-520f-4f93-8aec-24111f93973a: Sackin index -0.0728; 1.1 s; peak memory 315 MiB.
2026-10-10T15:40:40Z INFO [199/750] 976f2f5e-35b9-4c0a-ae9a-c2ba440395c6: Sackin index -0.1592; 0.8 s; peak memory 315 MiB.
2026-10-10T15:40:42Z INFO [200/750] 976fc3f2-bc71-4276-950a-3216fc5eb8ee: Sackin index -0.0362; 1.8 s; peak memory 315 MiB.
2026-10-10T15:40:42Z INFO [200/750] 976fc3f2-bc71-4276-950a-3216fc5eb8ee: checkpointed 120036 new records.
2026-10-10T15:40:43Z INFO [201/750] 97702256-13ab-4b96-aad6-fcad5517a426: Sackin index -0.0365; 1.5 s; peak memory 315 MiB.
2026-10-10T15:40:45Z INFO [202/750] 97706954-c697-4da0-9bf8-7fb868f04122: Sackin index -0.0693; 2.0 s; peak memory 315 MiB.
2026-10-10T15:40:46Z INFO [203/750] 97709feb-76c6-43cb-8cb0-9ac1e3cecdfc: Sackin index -0.0702; 0.9 s; peak memory 315 MiB.
2026-10-10T15:40:49Z INFO [204/750] 9770e49b-7dbc-4322-a151-05795a47a6e7: Sackin index -0.0267; 2.6 s; peak memory 315 MiB.
2026-10-10T15:40:50Z INFO [205/750] 977126f2-188d-4212-a8e3-1e8724f7039e: Sackin index -0.0745; 1.4 s; peak memory 315 MiB.
2026-10-10T15:40:51Z INFO [206/750] 97719772-56bf-463f-b468-b9cdcbc7db13: Sackin index -0.1349; 0.8 s; peak memory 315 MiB.
2026-10-10T15:40:59Z INFO [207/750] 97746829-371a-4719-a0b6-90f032d4e3ad: Sackin index -0.0776; 8.3 s; peak memory 315 MiB.
2026-10-10T15:41:00Z INFO [208/750] 97747df3-7a88-435a-870a-321ccdd41e27: Sackin index -0.1349; 0.8 s; peak memory 315 MiB.
2026-10-10T15:41:16Z INFO [209/750] 977524f3-6a23-4787-bd59-752ffe2ffbe0: Sackin index -0.0239; 15.9 s; peak memory 315 MiB.
2026-10-10T15:41:17Z INFO [210/750] 97755a10-5a3c-472f-94a7-3658856027a9: Sackin index -0.2000; 0.7 s; peak memory 315 MiB.
2026-10-10T15:41:17Z INFO [211/750] 977591b8-3059-4b34-afdf-1cd3ac56230f: Sackin index -0.1461; 0.7 s; peak memory 315 MiB.
2026-10-10T15:41:19Z INFO [212/750] 9775a69d-0b42-438f-867d-815f1d3a91b9: Sackin index -0.0702; 1.2 s; peak memory 315 MiB.
2026-10-10T15:41:26Z INFO [213/750] 9776163a-1a9d-462c-8cee-38bc7a881b83: Sackin index -0.0189; 7.4 s; peak memory 315 MiB.
2026-10-10T15:41:27Z INFO [214/750] 977672df-0cce-417d-8194-2430efc2beb0: Sackin index -0.0728; 1.0 s; peak memory 315 MiB.
2026-10-10T15:41:28Z INFO [215/750] 97767c26-3043-47d5-9848-de5235880d1a: Sackin index -0.1349; 0.8 s; peak memory 315 MiB.
2026-10-10T15:41:29Z INFO [216/750] 9776bd0f-4441-445b-aed6-f2638664fc8a: Sackin index -0.1224; 1.4 s; peak memory 315 MiB.
2026-10-10T15:41:30Z INFO [217/750] 97773987-0d15-4039-b7d4-9857ff8906b1: Sackin index -0.1349; 1.0 s; peak memory 315 MiB.
2026-10-10T15:41:31Z INFO [218/750] 9777c49e-3d83-42e7-adc0-af4928df26d1: Sackin index -0.1082; 0.9 s; peak memory 315 MiB.
2026-10-10T15:41:32Z INFO [219/750] 977888d0-7096-4226-adbb-a781ce394d03: Sackin index -0.1383; 1.1 s; peak memory 315 MiB.
2026-10-10T15:41:33Z INFO [220/750] 97790733-5fc8-45e2-b746-5c1a6f41b96c: Sackin index -0.0696; 0.8 s; peak memory 315 MiB.
2026-10-10T15:41:34Z INFO [221/750] 9779336e-9d1e-4ce0-8069-62c86d7ada41: Sackin index -0.0369; 1.3 s; peak memory 315 MiB.
2026-10-10T15:41:35Z INFO [222/750] 9779cff4-fe4d-4b86-b3f5-e1a8362f5b75: Sackin index -0.1267; 0.5 s; peak memory 315 MiB.
2026-10-10T15:41:36Z INFO [223/750] 977ac0ab-c914-4d3a-84b8-94df5692e81c: Sackin index -0.0369; 1.5 s; peak memory 315 MiB.
2026-10-10T15:41:45Z INFO [224/750] 977af328-c7f5-4436-9150-9664d20a65ff: Sackin index -0.0106; 8.2 s; peak memory 315 MiB.
2026-10-10T15:41:46Z INFO [225/750] 977b07d6-bc3d-4414-96c0-6031234bba08: Sackin index -0.0745; 1.0 s; peak memory 315 MiB.
2026-10-10T15:41:47Z INFO [226/750] 977bd707-9519-4ca3-9b58-bc9562520e1f: Sackin index -0.0728; 1.6 s; peak memory 315 MiB.
2026-10-10T15:42:15Z INFO [227/750] 977be1c0-0ca3-42c8-9a29-3bc10a7a1d07: Sackin index -0.0035; 28.0 s; peak memory 374 MiB.
2026-10-10T15:42:16Z INFO [228/750] 977bf510-d39f-45aa-879c-5faf4f7eb78c: Sackin index -0.1349; 1.0 s; peak memory 374 MiB.
2026-10-10T15:42:17Z INFO [229/750] 977c70db-74d2-4e85-b83c-ca6e86ac2a67: Sackin index -0.1658; 0.8 s; peak memory 374 MiB.
2026-10-10T15:42:18Z INFO [230/750] 977c8918-837d-413d-8937-6dd7778de244: Sackin index -0.1349; 0.9 s; peak memory 374 MiB.
2026-10-10T15:42:29Z INFO [231/750] 977d3e26-12f4-444a-a10c-53f40ef79872: Sackin index -0.0027; 11.3 s; peak memory 374 MiB.
2026-10-10T15:42:30Z INFO [232/750] 977de934-84a8-48c2-8dcb-db7b2bfd56e4: Sackin index -0.1349; 0.9 s; peak memory 374 MiB.
2026-10-10T15:42:31Z INFO [233/750] 977e4180-cff5-4cea-8f21-c336cdceaa96: Sackin index -0.1248; 0.9 s; peak memory 374 MiB.
2026-10-10T15:42:32Z INFO [234/750] 9780b19e-253a-4e76-9559-91920662fac7: Sackin index -0.1349; 0.8 s; peak memory 374 MiB.
2026-10-10T15:42:33Z INFO [235/750] 97819483-4e77-4938-a623-4edccb15c1a4: Sackin index -0.1248; 0.9 s; peak memory 374 MiB.
2026-10-10T15:42:36Z INFO [236/750] 9782bae6-9a91-462e-a179-18028cbd3598: Sackin index -0.0251; 3.6 s; peak memory 374 MiB.
2026-10-10T15:42:40Z INFO [237/750] 9782cc06-28f4-4b3d-b6bb-e7f08850ace1: Sackin index -0.1938; 3.7 s; peak memory 374 MiB.
2026-10-10T15:42:41Z INFO [238/750] 9783ee14-da75-4361-9527-3cee68e57433: Sackin index -0.0371; 1.0 s; peak memory 374 MiB.
2026-10-10T15:42:42Z INFO [239/750] 97866ad4-7001-4e8d-a7f8-18ca7dd3cbc8: Sackin index -0.0702; 1.0 s; peak memory 374 MiB.
2026-10-10T15:42:45Z INFO [240/750] 9787009a-2961-4730-811e-a7e9bd04e9e6: Sackin index -0.0900; 2.9 s; peak memory 374 MiB.
2026-10-10T15:42:45Z INFO [241/750] 97874b50-f921-4355-8413-051696814815: Sackin index -0.1303; 0.7 s; peak memory 374 MiB.
2026-10-10T15:42:47Z INFO [242/750] 9787921d-5f3f-43f1-80ff-e299362ab167: Sackin index -0.0728; 1.1 s; peak memory 374 MiB.
2026-10-10T15:42:53Z INFO [243/750] 9787a77b-4ff8-49c3-89da-24cc25f1be0b: Sackin index -0.0017; 6.4 s; peak memory 374 MiB.
2026-10-10T15:42:54Z INFO [244/750] 9787c0d8-1682-4853-a665-7c6f1c2ef123: Sackin index -0.0371; 0.9 s; peak memory 374 MiB.
2026-10-10T15:42:55Z INFO [245/750] 9787c831-0995-4eab-aa5c-cf85213e5e57: Sackin index -0.0384; 1.0 s; peak memory 374 MiB.
2026-10-10T15:42:56Z INFO [246/750] 97883fbd-c5fb-4ad6-b34a-64be33a534a8: Sackin index -0.0376; 1.0 s; peak memory 374 MiB.
2026-10-10T15:42:57Z INFO [247/750] 97887cb8-d5b3-463f-9fe4-72104a462f2b: Sackin index -0.0379; 1.0 s; peak memory 374 MiB.
2026-10-10T15:42:58Z INFO [248/750] 97894114-b5c2-4e2d-ac6f-2b884a67ac57: Sackin index -0.1183; 1.6 s; peak memory 374 MiB.
2026-10-10T15:43:05Z INFO [249/750] 9789416c-a10c-42d8-b4f1-6974c3e2194b: Sackin index -0.0146; 6.7 s; peak memory 374 MiB.
2026-10-10T15:43:06Z INFO [250/750] 97896e85-1084-428d-92fe-273390538af8: Sackin index -0.0728; 1.1 s; peak memory 374 MiB.
2026-10-10T15:43:06Z INFO [250/750] 97896e85-1084-428d-92fe-273390538af8: checkpointed 120086 new records.
2026-10-10T15:43:07Z INFO [251/750] 978a56ed-05d4-446e-8f3d-9760beeb1313: Sackin index -0.0702; 0.8 s; peak memory 374 MiB.
2026-10-10T15:43:09Z INFO [252/750] 978ab9ec-c543-4b9c-be62-cff184e94f0d: Sackin index -0.0376; 1.4 s; peak memory 374 MiB.
2026-10-10T15:43:10Z INFO [253/750] 978aefca-7be9-4410-b1d7-8c9e527ec0f1: Sackin index -0.0702; 0.9 s; peak memory 374 MiB.
2026-10-10T15:43:10Z INFO [254/750] 978b4708-42ef-41ac-849f-301faad26f6e: Sackin index -0.1349; 0.8 s; peak memory 374 MiB.
2026-10-10T15:43:12Z INFO [255/750] 978b9359-49fe-4938-a59c-287f113b6eba: Sackin index -0.0699; 2.0 s; peak memory 374 MiB.
2026-10-10T15:43:14Z INFO [256/750] 978b9d70-6519-4e11-b858-9d46a0d9ee4f: Sackin index -0.0728; 1.1 s; peak memory 374 MiB.
2026-10-10T15:43:15Z INFO [257/750] 978eaded-bcc1-4ae3-8198-a7c3dd795082: Sackin index -0.0699; 1.5 s; peak memory 374 MiB.
2026-10-10T15:43:16Z INFO [258/750] 9790db46-ec5a-4241-9957-80f257219dc7: Sackin index -0.0709; 0.8 s; peak memory 374 MiB.
2026-10-10T15:43:17Z INFO [259/750] 97918deb-6a50-44ba-b190-9c24d9cb67e7: Sackin index -0.1349; 0.9 s; peak memory 374 MiB.
2026-10-10T15:44:59Z INFO [260/750] 97919174-a1f8-4696-a1b1-ff0d67483928: Sackin index -0.0410; 102.2 s; peak memory 397 MiB.
2026-10-10T15:45:00Z INFO [261/750] 9791c789-75fe-4a38-b3d9-ffd8aab4f979: Sackin index -0.1349; 0.7 s; peak memory 397 MiB.
2026-10-10T15:45:01Z INFO [262/750] 97949112-a4a0-4893-9e11-938b47b85533: Sackin index -0.1349; 0.7 s; peak memory 397 MiB.
2026-10-10T15:45:08Z INFO [263/750] 97954c77-72ed-4a45-9efe-dd123d52abdf: Sackin index -0.0231; 7.3 s; peak memory 397 MiB.
2026-10-10T15:45:11Z INFO [264/750] 97955a33-9cf4-448f-9ead-31fd85712116: Sackin index -0.0308; 3.3 s; peak memory 397 MiB.
2026-10-10T15:45:12Z INFO [265/750] 979592f7-3f50-463e-8a5b-255a1156e57f: Sackin index -0.0483; 1.1 s; peak memory 397 MiB.
2026-10-10T15:45:13Z INFO [266/750] 97965055-db55-4b74-9b6e-8374e9c9ff34: Sackin index -0.1658; 0.5 s; peak memory 397 MiB.
2026-10-10T15:45:13Z INFO [267/750] 97967b6a-3fd1-4904-a084-70c980621c8a: Sackin index -0.1349; 0.8 s; peak memory 397 MiB.
2026-10-10T15:45:15Z INFO [268/750] 9796b41c-01f0-40bd-86a9-c38a87090fe5: Sackin index -0.0728; 1.2 s; peak memory 397 MiB.
2026-10-10T15:45:16Z INFO [269/750] 9799be67-9331-4182-bdef-06cc699a2a64: Sackin index -0.0369; 1.2 s; peak memory 397 MiB.
2026-10-10T15:45:17Z INFO [270/750] 9799fe6d-4947-4355-9eee-56c4575187db: Sackin index -0.1349; 0.7 s; peak memory 397 MiB.
2026-10-10T15:45:17Z INFO [271/750] 979a2d74-c784-4d1e-8551-0c28bc1902fa: Sackin index -0.0709; 0.9 s; peak memory 397 MiB.
2026-10-10T15:45:18Z INFO [272/750] 979ba543-b22a-49de-865c-4dd503b4e712: Sackin index -0.1439; 0.5 s; peak memory 397 MiB.
2026-10-10T15:45:21Z INFO [273/750] 979bf291-fb49-49b6-8568-4ff0c9e4f468: Sackin index -0.0345; 2.9 s; peak memory 397 MiB.
2026-10-10T15:45:25Z INFO [274/750] 979c3c3c-497b-47dd-b857-79bb99628b0d: Sackin index -0.1938; 3.9 s; peak memory 397 MiB.
2026-10-10T15:45:26Z INFO [275/750] 979c950f-3c0f-402c-a4b2-8eb683276777: Sackin index -0.1349; 0.9 s; peak memory 397 MiB.
2026-10-10T15:45:27Z INFO [276/750] 979cb986-5a01-48e7-9e1f-8ef9543a5679: Sackin index -0.0709; 1.0 s; peak memory 397 MiB.
2026-10-10T15:45:27Z INFO [277/750] 979e4590-fbf4-4725-bdc7-0399694f057c: Sackin index -0.1349; 0.8 s; peak memory 397 MiB.
2026-10-10T15:45:28Z INFO [278/750] 979f55f2-8cfb-4fc8-8163-6dd614ac66f8: Sackin index -0.0702; 0.8 s; peak memory 397 MiB.
2026-10-10T15:45:35Z INFO [279/750] 979f74d0-0656-49c7-80fb-266954f818cf: Sackin index -0.0174; 6.7 s; peak memory 397 MiB.
2026-10-10T15:45:36Z INFO [280/750] 979f96ef-6be2-4da1-a06d-eb2e704bcaab: Sackin index -0.0375; 0.8 s; peak memory 397 MiB.
2026-10-10T15:45:36Z INFO [281/750] 979faab0-94f3-4f20-a032-acdb67ff0eb5: Sackin index -0.1349; 0.8 s; peak memory 397 MiB.
2026-10-10T15:45:46Z INFO [282/750] 97a05d42-a45a-44c7-997f-9b96d229182f: Sackin index -0.0614; 9.4 s; peak memory 397 MiB.
2026-10-10T15:45:47Z INFO [283/750] 97a1dd3a-16d7-4e96-9f64-e5ae1166d1a5: Sackin index -0.1283; 1.2 s; peak memory 397 MiB.
2026-10-10T15:45:48Z INFO [284/750] 97a28457-536c-4b58-a44d-0c4b05e06b4a: Sackin index -0.1349; 0.9 s; peak memory 397 MiB.
2026-10-10T15:49:46Z INFO [285/750] 97a29e81-2835-488f-b6d5-64e8c5161929: Sackin index -0.0269; 237.9 s; peak memory 575 MiB.
2026-10-10T15:49:47Z INFO [286/750] 97a46c20-63dd-4d0e-af58-d8b4fa3ad73c: Sackin index -0.1349; 0.9 s; peak memory 575 MiB.
2026-10-10T15:49:59Z INFO [287/750] 97a4f8cd-439d-411e-b5e8-11d15874a14b: Sackin index -0.0140; 12.3 s; peak memory 575 MiB.
2026-10-10T15:50:04Z INFO [288/750] 97a629b6-d3cc-44c8-9fc2-1c78a6408d04: Sackin index -0.0214; 5.4 s; peak memory 575 MiB.
2026-10-10T15:50:06Z INFO [289/750] 97a69257-482b-4bb5-a902-bf4e47308373: Sackin index -0.0369; 1.5 s; peak memory 575 MiB.
2026-10-10T15:50:08Z INFO [290/750] 97a6eea9-8f54-401d-aa79-036ef1cf5688: Sackin index -0.0164; 1.6 s; peak memory 575 MiB.
2026-10-10T15:50:40Z INFO [291/750] 97a7460d-c0d9-4c78-80fe-a10427e39dd2: Sackin index -0.1076; 31.9 s; peak memory 575 MiB.
2026-10-10T15:50:40Z INFO [292/750] 97a86d28-caf2-41eb-be87-d8e11f72d54e: Sackin index -0.1349; 0.8 s; peak memory 575 MiB.
2026-10-10T15:50:41Z INFO [293/750] 97a888ed-28c7-49cc-ac24-3949f43127da: Sackin index -0.1448; 0.8 s; peak memory 575 MiB.
2026-10-10T15:50:43Z INFO [294/750] 97a8ef3d-777e-4953-ab0a-74a44fdd12ba: Sackin index -0.0369; 1.6 s; peak memory 575 MiB.
2026-10-10T15:50:44Z INFO [295/750] 97a90e04-38b7-4919-983b-44842af0f5c9: Sackin index -0.0702; 1.0 s; peak memory 575 MiB.
2026-10-10T15:51:01Z INFO [296/750] 97a9c0fc-4c3c-48a9-a83d-36a2241261b1: Sackin index -0.1367; 17.7 s; peak memory 575 MiB.
2026-10-10T15:51:02Z INFO [297/750] 97a9cb38-53bf-4fae-a733-65a17a876115: Sackin index -0.1349; 0.8 s; peak memory 575 MiB.
2026-10-10T15:51:03Z INFO [298/750] 97aafd97-216a-49ac-9caa-e961d90096af: Sackin index -0.0376; 1.1 s; peak memory 575 MiB.
2026-10-10T15:51:04Z INFO [299/750] 97ab4f08-00cf-4694-a51b-fe1faf8148b5: Sackin index -0.1349; 0.8 s; peak memory 575 MiB.
2026-10-10T15:51:05Z INFO [300/750] 97acd7f8-9dd5-4fca-bdb4-479f995084c3: Sackin index -0.1349; 0.9 s; peak memory 575 MiB.
2026-10-10T15:51:05Z INFO [300/750] 97acd7f8-9dd5-4fca-bdb4-479f995084c3: checkpointed 120136 new records.
2026-10-10T15:51:06Z INFO [301/750] 97ad0260-4173-4a0f-bdbf-80098c628a48: Sackin index -0.1403; 0.7 s; peak memory 575 MiB.
2026-10-10T15:51:07Z INFO [302/750] 97ae0374-f193-44cc-8b9b-69adc087900b: Sackin index -0.0457; 1.2 s; peak memory 575 MiB.
2026-10-10T15:51:09Z INFO [303/750] 97ae6453-8723-49eb-b963-9202e70630e9: Sackin index -0.0904; 1.8 s; peak memory 575 MiB.
2026-10-10T15:51:10Z INFO [304/750] 97b09767-3be3-466f-b0fa-1974ad2a8ee2: Sackin index -0.0748; 0.9 s; peak memory 575 MiB.
2026-10-10T15:51:11Z INFO [305/750] 97b10f00-ff25-41bf-bdc3-2fdfd5f25b3f: Sackin index -0.0728; 1.0 s; peak memory 575 MiB.
2026-10-10T15:51:12Z INFO [306/750] 97b14031-764c-4107-800e-b412fd022afe: Sackin index -0.0728; 0.9 s; peak memory 575 MiB.
2026-10-10T15:51:13Z INFO [307/750] 97b186d6-826f-4ace-8ca9-f1a71cde2df4: Sackin index -0.0696; 1.1 s; peak memory 575 MiB.
2026-10-10T15:51:15Z INFO [308/750] 97b22e32-0155-481a-ada7-f67a1c45c4dc: Sackin index -0.0272; 1.8 s; peak memory 575 MiB.
2026-10-10T15:51:15Z INFO [309/750] 97b2de08-576e-402c-9e4d-546ccf94fbad: Sackin index -0.1349; 0.8 s; peak memory 575 MiB.
2026-10-10T15:51:16Z INFO [310/750] 97b2f272-fa28-4a5f-9ebc-67038974263f: Sackin index -0.1349; 0.7 s; peak memory 575 MiB.
2026-10-10T15:51:17Z INFO [311/750] 97b378f8-1785-47f9-a48c-e041b24392fe: Sackin index -0.0728; 1.1 s; peak memory 575 MiB.
2026-10-10T15:51:18Z INFO [312/750] 97b3b752-881c-4194-a3c9-6f8ea025b400: Sackin index -0.1191; 0.5 s; peak memory 575 MiB.
2026-10-10T15:51:19Z INFO [313/750] 97b3be0f-6f45-4d6f-915e-19996b362bee: Sackin index -0.0735; 1.1 s; peak memory 575 MiB.
2026-10-10T15:51:23Z INFO [314/750] 97b3c5e0-8fe0-4872-bc6c-e0d10391d7b4: Sackin index -0.0411; 4.0 s; peak memory 575 MiB.
2026-10-10T15:51:24Z INFO [315/750] 97b41782-112f-4acf-ac7c-d043e75a1f0d: Sackin index -0.1248; 1.0 s; peak memory 575 MiB.
2026-10-10T15:51:25Z INFO [316/750] 97b48ebb-046b-4790-ac6d-2ddb3de89dc8: Sackin index -0.0371; 1.0 s; peak memory 575 MiB.
2026-10-10T15:51:25Z INFO [317/750] 97b4c9c5-59b9-4d1c-9683-6d23aaf4b2b4: Sackin index -0.1658; 0.5 s; peak memory 575 MiB.
2026-10-10T15:51:27Z INFO [318/750] 97b4e038-c101-4f28-a4b7-ed2544157602: Sackin index -0.1938; 1.9 s; peak memory 575 MiB.
2026-10-10T15:51:28Z INFO [319/750] 97b555cd-3b4d-4126-a39e-5dc55a9753ab: Sackin index -0.0696; 1.1 s; peak memory 575 MiB.
2026-10-10T15:51:41Z INFO [320/750] 97b5d2ff-f32e-4939-85d9-3cc04cb51393: Sackin index -0.0239; 12.9 s; peak memory 575 MiB.
2026-10-10T15:51:44Z INFO [321/750] 97b619e6-402b-432e-9e4a-9ae20bbff281: Sackin index -0.1938; 2.9 s; peak memory 575 MiB.
2026-10-10T15:51:45Z INFO [322/750] 97b64832-fcff-4c40-9745-a9160c69cf4f: Sackin index -0.1658; 0.6 s; peak memory 575 MiB.
2026-10-10T15:51:46Z INFO [323/750] 97b6599a-8d24-4442-b03b-40f7a10e1302: Sackin index -0.0715; 0.9 s; peak memory 575 MiB.
2026-10-10T15:51:55Z INFO [324/750] 97b689af-21a3-4218-aacf-194ea428dbc8: Sackin index -0.0144; 9.5 s; peak memory 575 MiB.
2026-10-10T15:51:56Z INFO [325/750] 97b69631-ecfb-42a6-832b-4b22c1c2936e: Sackin index -0.0375; 0.9 s; peak memory 575 MiB.
2026-10-10T15:51:57Z INFO [326/750] 97b6f147-a3d0-4d2f-92aa-b12c708d3687: Sackin index -0.0703; 0.9 s; peak memory 575 MiB.
2026-10-10T15:51:58Z INFO [327/750] 97b6fbab-b25a-49f0-8b56-7f729cd62780: Sackin index -0.1349; 0.8 s; peak memory 575 MiB.
2026-10-10T15:51:59Z INFO [328/750] 97b741e4-ba90-47c0-8d52-1a7181f0e080: Sackin index -0.0745; 1.4 s; peak memory 575 MiB.
2026-10-10T15:52:00Z INFO [329/750] 97b8056d-fc2c-4d36-83bd-0eff882e9682: Sackin index -0.1349; 0.8 s; peak memory 575 MiB.
2026-10-10T15:52:01Z INFO [330/750] 97b8468c-ed51-477c-a8c5-4f73c6d9f867: Sackin index -0.0702; 0.8 s; peak memory 575 MiB.
2026-10-10T15:52:02Z INFO [331/750] 97b8e40b-a6b2-4465-a2b5-61c49132a6f4: Sackin index -0.0376; 0.8 s; peak memory 575 MiB.
2026-10-10T15:52:08Z INFO [332/750] 97b9ff13-d26e-4e4f-be45-c7ad54c2120f: Sackin index -0.0308; 6.5 s; peak memory 575 MiB.
2026-10-10T15:52:18Z INFO [333/750] 97bafbf0-417d-4f5f-ad8d-0152f38aa592: Sackin index -0.0137; 9.9 s; peak memory 575 MiB.
2026-10-10T15:52:19Z INFO [334/750] 97bb2e28-a6f2-40fe-8229-6b5038f0fc42: Sackin index -0.1349; 0.9 s; peak memory 575 MiB.
2026-10-10T15:52:20Z INFO [335/750] 97bc2679-690e-4e0f-bcce-b3441cfb7a44: Sackin index -0.2000; 0.6 s; peak memory 575 MiB.
2026-10-10T15:52:21Z INFO [336/750] 97bc3f76-f01e-4375-9075-d1bf9460a5c9: Sackin index -0.0380; 1.0 s; peak memory 575 MiB.
2026-10-10T15:52:22Z INFO [337/750] 97bcca87-093b-4c63-939f-e3bf607c084d: Sackin index -0.1349; 1.0 s; peak memory 575 MiB.
2026-10-10T15:52:22Z INFO [338/750] 97bd0158-b3dd-4892-9742-523c65abcf1d: Sackin index -0.1349; 0.8 s; peak memory 575 MiB.
2026-10-10T15:52:24Z INFO [339/750] 97bd2a40-8300-450c-b554-475d6021f3c4: Sackin index -0.0275; 1.3 s; peak memory 575 MiB.
2026-10-10T15:52:25Z INFO [340/750] 97bd8d99-7b24-45b8-bcb0-ff7d4e3c89e1: Sackin index -0.1349; 0.8 s; peak memory 575 MiB.
2026-10-10T15:52:25Z INFO [341/750] 97bef2bb-1929-45a9-8f4f-f8af4d4b2697: Sackin index -0.1349; 0.7 s; peak memory 575 MiB.
2026-10-10T15:52:26Z INFO [342/750] 97c01ac2-441b-4ecc-b69f-a548050e9cac: Sackin index -0.1349; 0.8 s; peak memory 575 MiB.
2026-10-10T15:52:27Z INFO [343/750] 97c1075f-0cc4-462d-9acb-25ac26ec0e64: Sackin index -0.1000; 1.2 s; peak memory 575 MiB.
2026-10-10T15:52:28Z INFO [344/750] 97c11197-3143-4b28-a3b5-875d3380877f: Sackin index -0.0696; 1.0 s; peak memory 575 MiB.
2026-10-10T15:52:29Z INFO [345/750] 97c21894-2e19-43ca-ab2f-3fd5f62a6df2: Sackin index -0.1658; 0.6 s; peak memory 575 MiB.
2026-10-10T15:52:30Z INFO [346/750] 97c23bb2-ea87-4159-864d-727d156918c9: Sackin index -0.1349; 0.9 s; peak memory 575 MiB.
2026-10-10T15:52:31Z INFO [347/750] 97c374aa-b1ed-4e3b-915b-d78b52386ab7: Sackin index -0.0728; 1.4 s; peak memory 575 MiB.
2026-10-10T15:52:32Z INFO [348/750] 97c39cf1-bd74-495b-969c-699ae7e70f18: Sackin index -0.1349; 0.7 s; peak memory 575 MiB.
2026-10-10T15:52:33Z INFO [349/750] 97c468c6-d0e3-4eb9-af67-29f516ec44c4: Sackin index -0.0728; 0.9 s; peak memory 575 MiB.
2026-10-10T15:52:34Z INFO [350/750] 97c508d4-5c3f-44b3-b551-5483f7b685b2: Sackin index -0.1180; 1.5 s; peak memory 575 MiB.
2026-10-10T15:52:34Z INFO [350/750] 97c508d4-5c3f-44b3-b551-5483f7b685b2: checkpointed 120186 new records.
2026-10-10T15:52:35Z INFO [351/750] 97c53253-201d-4eb4-b1f0-ab0b049e3af8: Sackin index -0.1349; 0.9 s; peak memory 575 MiB.
2026-10-10T15:52:38Z INFO [352/750] 97c5397d-8abf-4938-ab34-681220e26999: Sackin index -0.0457; 3.2 s; peak memory 575 MiB.
2026-10-10T15:52:39Z INFO [353/750] 97c5a6b5-5cd2-4a0a-9e48-5b7f6319d379: Sackin index -0.1658; 0.6 s; peak memory 575 MiB.
2026-10-10T15:55:32Z INFO [354/750] 97c60bf4-49d5-48be-bfeb-66416eb59511: Sackin index -0.0587; 172.4 s; peak memory 575 MiB.
2026-10-10T15:55:32Z INFO [355/750] 97c63f9a-21e8-443d-8d7f-28c3a5c12d00: Sackin index -0.1349; 0.9 s; peak memory 575 MiB.
2026-10-10T15:55:34Z INFO [356/750] 97c64e3a-bc01-4c19-85ce-7e66f3d5bc99: Sackin index -0.0374; 1.2 s; peak memory 575 MiB.
2026-10-10T15:55:35Z INFO [357/750] 97c657a5-80d9-4ace-b327-557fbda1f5da: Sackin index -0.0728; 1.0 s; peak memory 575 MiB.
2026-10-10T15:55:45Z INFO [358/750] 97c71aad-7ae3-4af1-a7c3-30ca449f015a: Sackin index -0.0183; 10.6 s; peak memory 575 MiB.
2026-10-10T15:55:46Z INFO [359/750] 97c85869-632e-40b9-8596-861efaa754d0: Sackin index -0.0745; 1.1 s; peak memory 575 MiB.
2026-10-10T15:55:47Z INFO [360/750] 97c85b7c-1043-48bb-848e-3ddaccecaa41: Sackin index -0.1349; 0.8 s; peak memory 575 MiB.
2026-10-10T15:56:01Z INFO [361/750] 97c8ad12-ee5b-4678-b59f-cf739595df99: Sackin index -0.0140; 14.2 s; peak memory 575 MiB.
2026-10-10T15:56:14Z INFO [362/750] 97c90702-bfe0-4ee6-8b39-49cd8b8ca280: Sackin index -0.0192; 13.1 s; peak memory 575 MiB.
2026-10-10T15:56:15Z INFO [363/750] 97c9bcb3-fecf-49ec-8087-954a14f29580: Sackin index -0.0811; 1.0 s; peak memory 575 MiB.
2026-10-10T15:56:16Z INFO [364/750] 97cbbd9b-ef7b-4f10-9b43-bda8bac7161b: Sackin index -0.1331; 0.7 s; peak memory 575 MiB.
2026-10-10T15:56:17Z INFO [365/750] 97cbe7c2-e141-483b-917f-75cfa8c28afb: Sackin index -0.1498; 0.9 s; peak memory 575 MiB.
2026-10-10T15:56:18Z INFO [366/750] 97cc0d1a-e9f6-4ecc-a211-f1f65595d815: Sackin index -0.1068; 1.0 s; peak memory 575 MiB.
2026-10-10T15:56:19Z INFO [367/750] 97cc9a8e-ed17-4f39-b2aa-bcbc537b22dd: Sackin index -0.0709; 1.0 s; peak memory 575 MiB.
2026-10-10T15:56:20Z INFO [368/750] 97cd3e0d-1821-4720-82f5-b781330c5463: Sackin index -0.0709; 1.0 s; peak memory 575 MiB.
2026-10-10T15:56:22Z INFO [369/750] 97ce2119-ad35-454f-a931-0d6294681f80: Sackin index -0.0676; 2.1 s; peak memory 575 MiB.
2026-10-10T15:56:23Z INFO [370/750] 97ceb60b-e563-4931-8177-efae6c0ddaca: Sackin index -0.0709; 1.1 s; peak memory 575 MiB.
2026-10-10T15:56:42Z INFO [371/750] 97d02c6e-730b-4374-9b81-c64066f6e8b6: Sackin index -0.1367; 18.6 s; peak memory 575 MiB.
2026-10-10T15:56:43Z INFO [372/750] 97d054dc-ed2a-4f71-a76f-0cc0edab81bc: Sackin index -0.0483; 1.1 s; peak memory 575 MiB.
2026-10-10T15:56:48Z INFO [373/750] 97d058d5-a9a4-4f53-93b5-daa98f5786b7: Sackin index -0.1562; 5.1 s; peak memory 575 MiB.
2026-10-10T15:56:49Z INFO [374/750] 97d12295-9df4-4776-8c96-ca014196ff11: Sackin index -0.1349; 1.0 s; peak memory 575 MiB.
2026-10-10T15:57:00Z INFO [375/750] 97d17ab1-4461-427c-85e0-ec6ec6c413cf: Sackin index -0.0614; 11.3 s; peak memory 575 MiB.
2026-10-10T15:57:14Z INFO [376/750] 97d2b652-7fcb-4fd9-97bd-4b2c60d3d830: Sackin index -0.0185; 13.8 s; peak memory 575 MiB.
2026-10-10T15:57:16Z INFO [377/750] 97d2dede-3566-49eb-99a5-9ee4f5458284: Sackin index -0.0275; 1.5 s; peak memory 575 MiB.
2026-10-10T15:57:17Z INFO [378/750] 97d3711f-991a-4f73-9159-0ce2acbd8148: Sackin index -0.1248; 0.9 s; peak memory 575 MiB.
2026-10-10T15:57:19Z INFO [379/750] 97d3c59b-4227-47c1-97f2-ce16682bf20c: Sackin index -0.0695; 2.2 s; peak memory 575 MiB.
2026-10-10T15:57:20Z INFO [380/750] 97d454e7-fa78-4215-aa08-a7ed1c6bd378: Sackin index -0.0728; 1.2 s; peak memory 575 MiB.
2026-10-10T15:57:21Z INFO [381/750] 97d57536-ae48-495e-8dcd-39398152ab0e: Sackin index -0.1349; 0.7 s; peak memory 575 MiB.
2026-10-10T15:57:22Z INFO [382/750] 97d68574-51db-4427-b88b-40f1fefcef65: Sackin index -0.0728; 1.1 s; peak memory 575 MiB.
2026-10-10T15:57:23Z INFO [383/750] 97d6fab9-3c97-4713-81e3-cc3882cce0ea: Sackin index -0.1349; 0.7 s; peak memory 575 MiB.
2026-10-10T15:57:24Z INFO [384/750] 97d73ce2-7567-4d3e-9009-535ecfdd7bb1: Sackin index -0.0350; 1.8 s; peak memory 575 MiB.
2026-10-10T15:57:26Z INFO [385/750] 97d7da75-42be-41ac-8733-ef0384256428: Sackin index -0.1243; 2.0 s; peak memory 575 MiB.
2026-10-10T15:57:27Z INFO [386/750] 97d8095f-82d1-42bf-bf26-afb77c749e85: Sackin index -0.1356; 0.6 s; peak memory 575 MiB.
2026-10-10T15:57:29Z INFO [387/750] 97d8285c-a3a8-4bac-9771-530e78585d36: Sackin index -0.1224; 1.7 s; peak memory 575 MiB.
2026-10-10T15:57:30Z INFO [388/750] 97d84410-4557-4cf9-b1b4-628b191ef847: Sackin index -0.0272; 1.2 s; peak memory 575 MiB.
2026-10-10T15:57:31Z INFO [389/750] 97d99790-9e1e-438a-8464-e54db4c783b6: Sackin index -0.0702; 1.0 s; peak memory 575 MiB.
2026-10-10T15:57:32Z INFO [390/750] 97d9c206-a52d-4721-8efd-28495ce0a94c: Sackin index -0.1349; 0.8 s; peak memory 575 MiB.
2026-10-10T15:57:32Z INFO [391/750] 97da6848-81cc-4058-9851-28d25eb72954: Sackin index -0.1448; 0.5 s; peak memory 575 MiB.
2026-10-10T15:57:34Z INFO [392/750] 97daa54e-ceb4-4279-908f-b87a5e8c4d93: Sackin index -0.0728; 1.4 s; peak memory 575 MiB.
2026-10-10T15:57:36Z INFO [393/750] 97db335f-8558-455e-b784-b1accef6b1a1: Sackin index -0.0385; 2.2 s; peak memory 575 MiB.
2026-10-10T15:57:36Z INFO [394/750] 97db9bf8-e7bd-4208-95b7-79a63e6d4df4: Sackin index -0.1349; 0.7 s; peak memory 575 MiB.
2026-10-10T15:57:37Z INFO [395/750] 97dc0ade-c9b2-4304-a1ef-b2e6433c25f3: Sackin index -0.0745; 1.0 s; peak memory 575 MiB.
2026-10-10T15:57:38Z INFO [396/750] 97dcbe4f-1b86-44e5-a61b-ec7410411c2e: Sackin index -0.1248; 0.7 s; peak memory 575 MiB.
2026-10-10T15:57:44Z INFO [397/750] 97dd644a-767c-49af-9f48-73ec2a110447: Sackin index -0.0435; 5.4 s; peak memory 575 MiB.
2026-10-10T15:57:44Z INFO [398/750] 97dd7f42-9b0a-45f1-b9a1-b4d4b4b303a2: Sackin index -0.1349; 0.8 s; peak memory 575 MiB.
2026-10-10T15:57:46Z INFO [399/750] 97de16a6-af0b-44ab-acdf-06dba3df53b2: Sackin index -0.0676; 1.9 s; peak memory 575 MiB.
2026-10-10T15:57:47Z INFO [400/750] 97de4764-a1f9-4db5-bfb8-24fdde6a53d8: Sackin index -0.1349; 0.8 s; peak memory 575 MiB.
2026-10-10T15:57:47Z INFO [400/750] 97de4764-a1f9-4db5-bfb8-24fdde6a53d8: checkpointed 120236 new records.
2026-10-10T15:57:48Z INFO [401/750] 97de4b1d-8e6c-4ce1-b535-40d43ad87f96: Sackin index -0.0569; 1.2 s; peak memory 575 MiB.
2026-10-10T15:57:49Z INFO [402/750] 97decf94-5515-47c5-b061-8970b151e3bb: Sackin index -0.0728; 1.0 s; peak memory 575 MiB.
2026-10-10T15:57:50Z INFO [403/750] 97e0215a-0b80-4a88-a784-963ca8d686a3: Sackin index -0.1938; 0.7 s; peak memory 575 MiB.
2026-10-10T15:57:52Z INFO [404/750] 97e100b6-772c-4fe7-9e96-4b8fd7273f3b: Sackin index -0.0660; 2.1 s; peak memory 575 MiB.
2026-10-10T15:57:53Z INFO [405/750] 97e13010-0bf6-42d1-a541-93fc4d387b41: Sackin index -0.0709; 0.8 s; peak memory 575 MiB.
2026-10-10T15:57:54Z INFO [406/750] 97e1b956-1bbc-423d-ba6c-e03518c01a48: Sackin index -0.0382; 1.1 s; peak memory 575 MiB.
2026-10-10T15:57:55Z INFO [407/750] 97e1d41f-2467-43c7-b763-f845c3e11319: Sackin index -0.1248; 1.0 s; peak memory 575 MiB.
2026-10-10T15:59:28Z INFO [408/750] 97e4a64b-4ff9-42ba-9dad-b9b0919cb68e: Sackin index -0.1076; 92.8 s; peak memory 575 MiB.
2026-10-10T15:59:29Z INFO [409/750] 97e539b1-d3c1-4134-81ad-21e263de4d56: Sackin index -0.1244; 1.1 s; peak memory 575 MiB.
2026-10-10T15:59:47Z INFO [410/750] 97e65653-5bd5-4171-bbdd-0841e9e041a2: Sackin index -0.0028; 18.4 s; peak memory 575 MiB.
2026-10-10T15:59:49Z INFO [411/750] 97e6708b-25ac-47c9-a5ff-839b1fb37846: Sackin index -0.0376; 1.6 s; peak memory 575 MiB.
2026-10-10T15:59:50Z INFO [412/750] 97e6c946-0c3f-4853-b7ec-0050ad26594d: Sackin index -0.0709; 1.0 s; peak memory 575 MiB.
2026-10-10T15:59:51Z INFO [413/750] 97e78e8d-5c8e-4136-afac-30a86765d87e: Sackin index -0.0728; 0.9 s; peak memory 575 MiB.
2026-10-10T15:59:52Z INFO [414/750] 97e78f31-dfd9-4f5c-ad63-ab51289780d1: Sackin index -0.0696; 1.0 s; peak memory 575 MiB.
2026-10-10T15:59:53Z INFO [415/750] 97e7b221-1318-437b-b630-817c4c913451: Sackin index -0.0728; 1.4 s; peak memory 575 MiB.
2026-10-10T15:59:57Z INFO [416/750] 97e7c5f1-cc2a-4dd6-b263-5a9fc11dda94: Sackin index -0.0247; 3.7 s; peak memory 575 MiB.
2026-10-10T15:59:58Z INFO [417/750] 97e83c13-9a0e-4d5e-94a9-016130552618: Sackin index -0.0375; 1.1 s; peak memory 575 MiB.
2026-10-10T15:59:59Z INFO [418/750] 97e881a7-e724-4d97-8ca7-32348268d6e1: Sackin index -0.0728; 0.9 s; peak memory 575 MiB.
2026-10-10T16:00:00Z INFO [419/750] 97e8fcd5-b2cb-4cda-a734-12f8f7a68342: Sackin index -0.0728; 1.2 s; peak memory 575 MiB.
2026-10-10T16:00:01Z INFO [420/750] 97e9d7a0-c3f0-47b7-8edc-3250505b8e19: Sackin index -0.1248; 1.0 s; peak memory 575 MiB.
2026-10-10T16:00:02Z INFO [421/750] 97eac4c2-f9ea-4ec8-a5a0-9d3851ddb3bc: Sackin index -0.1349; 1.0 s; peak memory 575 MiB.
2026-10-10T16:00:04Z INFO [422/750] 97eb353a-4e1d-472f-b21f-1d2880049c5f: Sackin index -0.0369; 1.7 s; peak memory 575 MiB.
2026-10-10T16:00:07Z INFO [423/750] 97ecbc26-461d-4df8-a02f-0164578a069a: Sackin index -0.0695; 2.7 s; peak memory 575 MiB.
2026-10-10T16:00:28Z INFO [424/750] 97ee020f-95bc-4004-8bf2-493b9c1362dd: Sackin index -0.2073; 21.1 s; peak memory 575 MiB.
2026-10-10T16:00:28Z INFO [425/750] 97ee0ffe-d155-41b5-b694-81b032c1aedd: Sackin index -0.1938; 0.7 s; peak memory 575 MiB.
2026-10-10T16:00:31Z INFO [426/750] 97ee6463-b789-4265-8574-fb56766310a9: Sackin index -0.0660; 2.3 s; peak memory 575 MiB.
2026-10-10T16:00:32Z INFO [427/750] 97ee7993-3464-4e80-aad9-ec29583dc7df: Sackin index -0.0702; 0.9 s; peak memory 575 MiB.
2026-10-10T16:00:33Z INFO [428/750] 97ee7cae-d3e5-4d88-ba5e-4a2968595e92: Sackin index -0.1191; 1.1 s; peak memory 575 MiB.
2026-10-10T16:00:34Z INFO [429/750] 97f05036-aea8-4b61-8ff3-9f8639a64621: Sackin index -0.0748; 1.0 s; peak memory 575 MiB.
2026-10-10T16:00:35Z INFO [430/750] 97f18f02-91a9-4685-8d03-c5bfe1e92ca8: Sackin index -0.1349; 0.8 s; peak memory 575 MiB.
2026-10-10T16:00:36Z INFO [431/750] 97f213d5-3e1d-4473-b512-4519ddbd6c77: Sackin index -0.0728; 1.0 s; peak memory 575 MiB.
2026-10-10T16:00:37Z INFO [432/750] 97f2c745-1e25-440d-bbf5-1f88f3de3ab2: Sackin index -0.0369; 1.1 s; peak memory 575 MiB.
2026-10-10T16:00:37Z INFO [433/750] 97f2d5e4-01a4-4a61-88e3-4b85597d769f: Sackin index -0.0707; 0.7 s; peak memory 575 MiB.
2026-10-10T16:00:38Z INFO [434/750] 97f325bb-e77b-444b-ab81-cf2d98911347: Sackin index -0.1349; 0.8 s; peak memory 575 MiB.
2026-10-10T16:00:39Z INFO [435/750] 97f338c7-8d99-4151-a20a-69ee55884552: Sackin index -0.1239; 0.7 s; peak memory 575 MiB.
2026-10-10T16:00:40Z INFO [436/750] 97f48979-0fea-445e-98f6-978900e88d40: Sackin index -0.0722; 0.9 s; peak memory 575 MiB.
2026-10-10T16:00:41Z INFO [437/750] 97f4c002-2301-4b63-b5bd-054d90afb990: Sackin index -0.1349; 0.8 s; peak memory 575 MiB.
2026-10-10T16:00:47Z INFO [438/750] 97f532ae-26b1-4439-8f76-791d038ca427: Sackin index -0.0017; 6.8 s; peak memory 575 MiB.
2026-10-10T16:00:49Z INFO [439/750] 97f5b32f-767a-484c-800d-4cc3d9114518: Sackin index -0.0457; 1.1 s; peak memory 575 MiB.
2026-10-10T16:00:50Z INFO [440/750] 97f5d4be-fb93-4917-938e-71a963c84452: Sackin index -0.0745; 1.1 s; peak memory 575 MiB.
2026-10-10T16:00:50Z INFO [441/750] 97f5f0fd-92d5-4a21-8b49-9c6577202888: Sackin index -0.1349; 0.7 s; peak memory 575 MiB.
2026-10-10T16:00:54Z INFO [442/750] 97f6b50f-1d3a-4e5f-9209-1c61b641bfa8: Sackin index -0.0198; 3.6 s; peak memory 575 MiB.
2026-10-10T16:04:13Z INFO [443/750] 97f72451-d74c-48ac-a136-0260efc43dfa: Sackin index -0.0269; 198.9 s; peak memory 575 MiB.
2026-10-10T16:04:14Z INFO [444/750] 97f76186-3eec-4a86-b5d5-24c513784cd5: Sackin index -0.0696; 1.2 s; peak memory 575 MiB.
2026-10-10T16:04:25Z INFO [445/750] 97f87440-8c37-4351-b339-41859544124b: Sackin index -0.0079; 11.0 s; peak memory 575 MiB.
2026-10-10T16:04:26Z INFO [446/750] 97f88159-014a-4bfc-9566-97648a6514b9: Sackin index -0.0728; 1.1 s; peak memory 575 MiB.
2026-10-10T16:04:27Z INFO [447/750] 97f8a163-6801-476a-875d-0e95438e61ac: Sackin index -0.1658; 0.6 s; peak memory 575 MiB.
2026-10-10T16:04:28Z INFO [448/750] 97f8f8fe-f337-4bd0-8d7d-0377c4c27cac: Sackin index -0.1273; 1.2 s; peak memory 575 MiB.
2026-10-10T16:04:30Z INFO [449/750] 97fa5b65-7a8f-4e7e-8286-70a8072a3639: Sackin index -0.0580; 1.5 s; peak memory 575 MiB.
2026-10-10T16:04:31Z INFO [450/750] 97fb0379-558c-46c0-83a7-a2c0e2ce8d39: Sackin index -0.0434; 1.4 s; peak memory 575 MiB.
2026-10-10T16:04:31Z INFO [450/750] 97fb0379-558c-46c0-83a7-a2c0e2ce8d39: checkpointed 120286 new records.
2026-10-10T16:04:40Z INFO [451/750] 97fb4a0a-35b8-416f-bd80-41413401e37e: Sackin index -0.0223; 8.8 s; peak memory 575 MiB.
2026-10-10T16:04:42Z INFO [452/750] 97fc4252-6718-4520-a37a-bddc9800d396: Sackin index -0.1938; 1.9 s; peak memory 575 MiB.
2026-10-10T16:04:43Z INFO [453/750] 97fcdc70-3134-49a0-a213-ffcd8703e1aa: Sackin index -0.0696; 1.0 s; peak memory 575 MiB.
2026-10-10T16:04:44Z INFO [454/750] 97fcf082-36b8-43dd-9e3d-875ab926fa50: Sackin index -0.0728; 1.1 s; peak memory 575 MiB.
2026-10-10T16:04:45Z INFO [455/750] 97ff3f99-975e-4b89-9bf0-3eb64a143a7a: Sackin index -0.1349; 0.8 s; peak memory 575 MiB.
2026-10-10T16:04:46Z INFO [456/750] 97ff5992-44e4-4695-8173-72990db60903: Sackin index -0.1349; 0.9 s; peak memory 575 MiB.
2026-10-10T16:04:46Z INFO [457/750] 97ff94a5-ccc7-4d51-ad39-a2e952f89081: Sackin index -0.1135; 0.6 s; peak memory 575 MiB.
2026-10-10T16:04:48Z INFO [458/750] 97ffd9a6-b9a8-4abd-996b-360faf8b0c6e: Sackin index -0.0693; 1.9 s; peak memory 575 MiB.
2026-10-10T16:04:49Z INFO [459/750] 97ffe732-b523-4d2d-9602-64306ff65e15: Sackin index -0.0702; 1.0 s; peak memory 575 MiB.
2026-10-10T16:04:51Z INFO [460/750] 9800923f-5eff-4e29-8171-382a71a4c7b1: Sackin index -0.0369; 1.7 s; peak memory 575 MiB.
2026-10-10T16:04:52Z INFO [461/750] 9802dac1-c13e-4f38-ace9-9f965f05d6ff: Sackin index -0.0811; 0.8 s; peak memory 575 MiB.
2026-10-10T16:04:53Z INFO [462/750] 9802fc45-8080-4649-a96a-8377e277a632: Sackin index -0.0369; 1.5 s; peak memory 575 MiB.
2026-10-10T16:04:54Z INFO [463/750] 98032028-7317-48aa-adc4-1fd37d143f3e: Sackin index -0.1349; 1.0 s; peak memory 575 MiB.
2026-10-10T16:05:13Z INFO [464/750] 98040df6-71e0-4b42-bb4e-30ab1245be4a: Sackin index -0.1367; 18.9 s; peak memory 575 MiB.
2026-10-10T16:05:14Z INFO [465/750] 9804280b-80e1-4138-8d77-4b8231360729: Sackin index -0.0379; 1.4 s; peak memory 575 MiB.
2026-10-10T16:05:15Z INFO [466/750] 98053986-406b-4948-bf97-92dafb9f7d99: Sackin index -0.1349; 0.9 s; peak memory 575 MiB.
2026-10-10T16:05:21Z INFO [467/750] 98060160-7a82-4f2c-9cb7-ec2518f682e7: Sackin index -0.0251; 5.2 s; peak memory 575 MiB.
2026-10-10T16:05:22Z INFO [468/750] 980776b3-e0af-4733-a53f-8699ddd7d975: Sackin index -0.1575; 0.9 s; peak memory 575 MiB.
2026-10-10T16:05:22Z INFO [469/750] 9807fe51-e11b-4ce9-968f-2a145607d716: Sackin index -0.1349; 0.8 s; peak memory 575 MiB.
2026-10-10T16:05:23Z INFO [470/750] 980876a0-c1fe-4397-a98b-5a75e35c943b: Sackin index -0.1349; 0.8 s; peak memory 575 MiB.
2026-10-10T16:05:28Z INFO [471/750] 980968b4-317f-4058-96c4-fcd6bbcf2c5c: Sackin index -0.0065; 5.3 s; peak memory 575 MiB.
2026-10-10T16:05:29Z INFO [472/750] 980a05d6-5e05-436c-ad26-c3c7c3b6be6f: Sackin index -0.1349; 0.7 s; peak memory 575 MiB.
2026-10-10T16:05:30Z INFO [473/750] 980a4dd8-889e-4b7c-987e-16cf23fb88d8: Sackin index -0.1602; 0.6 s; peak memory 575 MiB.
2026-10-10T16:05:31Z INFO [474/750] 980a579f-b6bd-4bc5-9ec3-92fa1094deb6: Sackin index -0.1349; 0.8 s; peak memory 575 MiB.
2026-10-10T16:05:33Z INFO [475/750] 980a77f0-bec5-47ae-a2e5-539f396efa50: Sackin index -0.0797; 2.4 s; peak memory 575 MiB.
2026-10-10T16:05:34Z INFO [476/750] 980aeb78-1e27-4d96-8a30-13d85aa0a653: Sackin index -0.0375; 1.1 s; peak memory 575 MiB.
2026-10-10T16:05:35Z INFO [477/750] 980ceaea-7a89-49a0-ba9c-b81a0d7aed5a: Sackin index -0.0702; 1.1 s; peak memory 575 MiB.
2026-10-10T16:05:36Z INFO [478/750] 980d9a34-9695-4c7c-b862-6dedfdc6cbde: Sackin index -0.0702; 1.0 s; peak memory 575 MiB.
2026-10-10T16:15:55Z INFO [479/750] 980e6316-b072-48dd-876c-ff9648b520f9: Sackin index -0.0532; 618.8 s; peak memory 1223 MiB.
2026-10-10T16:15:56Z INFO [480/750] 980f7122-4b3f-4be5-b638-fbd8dd2ab388: Sackin index -0.0376; 1.0 s; peak memory 1223 MiB.
2026-10-10T16:15:57Z INFO [481/750] 9810e9b9-b5db-49ab-aa4a-c4e40c389c3f: Sackin index -0.0696; 1.0 s; peak memory 1223 MiB.
2026-10-10T16:15:58Z INFO [482/750] 9810fa74-8aac-4603-aa31-78b1b6c46f42: Sackin index -0.0709; 1.0 s; peak memory 1223 MiB.
2026-10-10T16:15:59Z INFO [483/750] 98112f21-2500-4e9d-98dc-9c50e7957968: Sackin index -0.1349; 0.8 s; peak memory 1223 MiB.
2026-10-10T16:16:00Z INFO [484/750] 98113184-87a9-45e5-a275-c5b87b1c4fed: Sackin index -0.0702; 1.0 s; peak memory 1223 MiB.
2026-10-10T16:23:00Z INFO [485/750] 9811ee83-a9ea-465a-95a5-8646c4c3ab20: Sackin index -0.0691; 420.6 s; peak memory 1258 MiB.
2026-10-10T16:23:02Z INFO [486/750] 9812a3b0-a93d-4cc5-8f6f-7a249070604a: Sackin index -0.0369; 1.7 s; peak memory 1258 MiB.
2026-10-10T16:23:03Z INFO [487/750] 981350fc-136d-41ae-9170-4fba7ab21def: Sackin index -0.1349; 0.8 s; peak memory 1258 MiB.
2026-10-10T16:23:07Z INFO [488/750] 981421ae-1f09-4aa5-8f59-8958ae7f7be0: Sackin index -0.0403; 4.0 s; peak memory 1258 MiB.
2026-10-10T16:23:07Z INFO [489/750] 9814b2c6-a957-4cc8-b037-abf0a63e1fde: Sackin index -0.1349; 0.8 s; peak memory 1258 MiB.
2026-10-10T16:23:12Z INFO [490/750] 9814bef9-3ec6-48cb-b010-ed4893324886: Sackin index -0.0403; 4.6 s; peak memory 1258 MiB.
2026-10-10T16:23:17Z INFO [491/750] 9814c6ad-cdf8-4a27-b641-85ee4179102f: Sackin index -0.0512; 4.8 s; peak memory 1258 MiB.
2026-10-10T16:23:18Z INFO [492/750] 9815afc2-150f-4cf4-90cb-e8571a0d0776: Sackin index -0.0728; 1.4 s; peak memory 1258 MiB.
2026-10-10T16:23:19Z INFO [493/750] 9815dae8-179c-4efb-90be-c8f2d9144d62: Sackin index -0.0728; 1.0 s; peak memory 1258 MiB.
2026-10-10T16:23:21Z INFO [494/750] 98166d94-3d24-4038-80fe-755bca99afea: Sackin index -0.0818; 1.9 s; peak memory 1258 MiB.
2026-10-10T16:23:22Z INFO [495/750] 98175412-45db-48bf-9640-81cbe5f94a15: Sackin index -0.0702; 1.1 s; peak memory 1258 MiB.
2026-10-10T16:23:24Z INFO [496/750] 9817a748-eeb5-4a2a-8e46-6cee7e325a6d: Sackin index -0.0562; 1.8 s; peak memory 1258 MiB.
2026-10-10T16:23:25Z INFO [497/750] 9817f25e-c9fa-48f6-8150-d14d86931aa4: Sackin index -0.1349; 0.8 s; peak memory 1258 MiB.
2026-10-10T16:23:26Z INFO [498/750] 98186aaf-1983-47cf-b8d2-6c30e59ec29d: Sackin index -0.1349; 1.0 s; peak memory 1258 MiB.
2026-10-10T16:23:27Z INFO [499/750] 981895e2-3dca-4eb8-9fa3-c7a460a8effb: Sackin index -0.0702; 1.0 s; peak memory 1258 MiB.
2026-10-10T16:23:29Z INFO [500/750] 981999dc-b863-476f-b8eb-ed1d8de40588: Sackin index -0.0699; 1.8 s; peak memory 1258 MiB.
2026-10-10T16:23:29Z INFO [500/750] 981999dc-b863-476f-b8eb-ed1d8de40588: checkpointed 120336 new records.
2026-10-10T16:23:33Z INFO [501/750] 981bd06a-7656-425e-b268-c2df049f3ab6: Sackin index -0.0251; 4.6 s; peak memory 1258 MiB.
2026-10-10T16:23:49Z INFO [502/750] 981c8063-3785-423d-aed4-7749da12dc6d: Sackin index -0.0196; 16.1 s; peak memory 1258 MiB.
2026-10-10T16:23:51Z INFO [503/750] 981ca42b-cde1-45f5-8cf1-258119eba0a2: Sackin index -0.0376; 1.4 s; peak memory 1258 MiB.
2026-10-10T16:23:52Z INFO [504/750] 981d4858-b511-42ef-a88d-814169989577: Sackin index -0.1349; 0.8 s; peak memory 1258 MiB.
2026-10-10T16:23:53Z INFO [505/750] 981e3aa4-fbb0-42a0-ae95-382730ae1340: Sackin index -0.1562; 0.9 s; peak memory 1258 MiB.
2026-10-10T16:23:55Z INFO [506/750] 981ea2a3-29c4-44d6-abd1-b1717c8befe9: Sackin index -0.0695; 2.3 s; peak memory 1258 MiB.
2026-10-10T16:24:05Z INFO [507/750] 981f4d7a-08a3-4c3d-ae50-92ce4408125b: Sackin index -0.0161; 10.0 s; peak memory 1258 MiB.
2026-10-10T16:24:06Z INFO [508/750] 981f574d-01ba-425b-b6da-82c2b6eb1341: Sackin index -0.0702; 0.8 s; peak memory 1258 MiB.
2026-10-10T16:24:07Z INFO [509/750] 981f596f-8b85-4355-a759-b347c79426ee: Sackin index -0.1273; 1.3 s; peak memory 1258 MiB.
2026-10-10T16:24:11Z INFO [510/750] 981fafe2-836c-4881-940f-a8dea9ad0900: Sackin index -0.0476; 3.9 s; peak memory 1258 MiB.
2026-10-10T16:24:12Z INFO [511/750] 981fd872-2ef7-45e0-a331-239ec6080dd0: Sackin index -0.1273; 1.2 s; peak memory 1258 MiB.
2026-10-10T16:24:13Z INFO [512/750] 981feb6f-06b4-496a-b65a-de7fa160e902: Sackin index -0.1403; 0.7 s; peak memory 1258 MiB.
2026-10-10T16:24:14Z INFO [513/750] 9820d687-3aa3-4c00-945c-3bcc92ba4e5e: Sackin index -0.0709; 0.9 s; peak memory 1258 MiB.
2026-10-10T16:25:56Z INFO [514/750] 98216da1-992d-4ba6-bc5f-df66cb02b5a5: Sackin index -0.0450; 102.6 s; peak memory 1258 MiB.
2026-10-10T16:25:58Z INFO [515/750] 98223c17-8c21-44ff-9c95-aae6a5f6fdd6: Sackin index -0.0655; 1.9 s; peak memory 1258 MiB.
2026-10-10T16:26:00Z INFO [516/750] 98229504-d01d-4c4f-8aad-e80b1bf234ba: Sackin index -0.0699; 1.7 s; peak memory 1258 MiB.
2026-10-10T16:26:01Z INFO [517/750] 9822ce6f-c904-4814-9834-ba0c13b780e0: Sackin index -0.1349; 0.9 s; peak memory 1258 MiB.
2026-10-10T16:26:02Z INFO [518/750] 98239409-8455-4c57-862e-0338e32889bc: Sackin index -0.0376; 1.2 s; peak memory 1258 MiB.
2026-10-10T16:26:07Z INFO [519/750] 9824a90a-e65f-437c-9372-377d1a56f899: Sackin index -0.0251; 4.9 s; peak memory 1258 MiB.
2026-10-10T16:26:07Z INFO [520/750] 9824c651-ba3b-4ae2-a6cc-ade18b01cfbd: Sackin index -0.1658; 0.6 s; peak memory 1258 MiB.
2026-10-10T16:26:12Z INFO [521/750] 9824ce2d-1030-47f5-abe9-6d94e6ce409f: Sackin index -0.0581; 4.7 s; peak memory 1258 MiB.
2026-10-10T16:26:17Z INFO [522/750] 982542ae-63c7-4f66-b730-fc02ca77ed6d: Sackin index -0.0251; 4.5 s; peak memory 1258 MiB.
2026-10-10T16:26:22Z INFO [523/750] 98257946-fa32-40cb-8d3a-c71432c8c3b8: Sackin index -0.0385; 5.2 s; peak memory 1258 MiB.
2026-10-10T16:26:23Z INFO [524/750] 9825d553-cedf-408a-867d-b18cb4de0817: Sackin index -0.1248; 0.9 s; peak memory 1258 MiB.
2026-10-10T16:26:24Z INFO [525/750] 9825d73f-b062-4512-941b-c9deb4051a60: Sackin index -0.1349; 0.7 s; peak memory 1258 MiB.
2026-10-10T16:26:25Z INFO [526/750] 9825dbfb-9433-4bac-a3d7-9960821dfe39: Sackin index -0.0696; 1.1 s; peak memory 1258 MiB.
2026-10-10T16:26:25Z INFO [527/750] 9826049a-a518-42b0-9ec1-dcf5a81f6405: Sackin index -0.1331; 0.8 s; peak memory 1258 MiB.
2026-10-10T16:26:27Z INFO [528/750] 98264c40-141a-4bd5-8ee4-0a64a16d5e86: Sackin index -0.1273; 1.1 s; peak memory 1258 MiB.
2026-10-10T16:26:28Z INFO [529/750] 98265583-c8e4-48f4-82cd-4b5736dc3aea: Sackin index -0.0728; 1.4 s; peak memory 1258 MiB.
2026-10-10T16:26:31Z INFO [530/750] 9826cce2-b041-4ddb-b49e-88304e330f46: Sackin index -0.0283; 3.5 s; peak memory 1258 MiB.
2026-10-10T16:26:33Z INFO [531/750] 98280955-6d63-4c1e-a83b-1cf911ab9c6b: Sackin index -0.0702; 1.1 s; peak memory 1258 MiB.
2026-10-10T16:26:34Z INFO [532/750] 98286d16-4a86-4529-9d4a-7ab9ff1bea09: Sackin index -0.0728; 1.1 s; peak memory 1258 MiB.
2026-10-10T16:26:35Z INFO [533/750] 98288780-8e3a-4e34-a047-1234c9c8b466: Sackin index -0.0696; 1.0 s; peak memory 1258 MiB.
2026-10-10T16:26:40Z INFO [534/750] 982aae95-2747-4f99-999a-26fa04745328: Sackin index -0.0940; 5.5 s; peak memory 1258 MiB.
2026-10-10T16:26:42Z INFO [535/750] 982b16d4-de1c-4709-816a-458dbe6e3059: Sackin index -0.0369; 1.4 s; peak memory 1258 MiB.
2026-10-10T16:26:42Z INFO [536/750] 982b906f-c940-4468-a4e4-49e7b3ab2ee9: Sackin index -0.0375; 0.9 s; peak memory 1258 MiB.
2026-10-10T16:26:44Z INFO [537/750] 982c2755-4779-4e21-8dbd-a8f69ee7dd90: Sackin index -0.0702; 1.1 s; peak memory 1258 MiB.
2026-10-10T16:26:44Z INFO [538/750] 982cb939-2a3f-487a-be76-052eb18e3cb0: Sackin index -0.0822; 0.8 s; peak memory 1258 MiB.
2026-10-10T16:26:46Z INFO [539/750] 982d1280-6ad1-4279-9564-07b26f93593e: Sackin index -0.0728; 1.2 s; peak memory 1258 MiB.
2026-10-10T16:26:46Z INFO [540/750] 982e13e8-a95e-49be-a72d-e15aac1540bf: Sackin index -0.1349; 0.8 s; peak memory 1258 MiB.
2026-10-10T16:26:54Z INFO [541/750] 982e180e-f52c-48eb-bd26-f49668cd9828: Sackin index -0.0288; 7.3 s; peak memory 1258 MiB.
2026-10-10T16:26:55Z INFO [542/750] 982ff093-65ca-4ca4-a6e9-06ea40f37ed4: Sackin index -0.0728; 1.1 s; peak memory 1258 MiB.
2026-10-10T16:26:56Z INFO [543/750] 98316b58-aa29-4e9b-bc53-71fd0322b068: Sackin index -0.0840; 1.4 s; peak memory 1258 MiB.
2026-10-10T16:26:58Z INFO [544/750] 9831f261-8384-4da1-8dc7-9cd201b4271f: Sackin index -0.0660; 2.1 s; peak memory 1258 MiB.
2026-10-10T16:27:03Z INFO [545/750] 98328081-309a-4be9-9dc4-d142d92d2be9: Sackin index -0.0611; 4.4 s; peak memory 1258 MiB.
2026-10-10T16:27:17Z INFO [546/750] 9832c6f7-3ad4-444f-9c24-23e544de94a0: Sackin index -0.0153; 14.8 s; peak memory 1258 MiB.
2026-10-10T16:27:18Z INFO [547/750] 983316e4-9322-4e52-b79b-3a24e95a9ff9: Sackin index -0.1658; 0.7 s; peak memory 1258 MiB.
2026-10-10T16:27:19Z INFO [548/750] 98339204-04aa-468f-920f-b0669badc9b5: Sackin index -0.1938; 1.4 s; peak memory 1258 MiB.
2026-10-10T16:27:21Z INFO [549/750] 98345bb4-aaae-40ff-a251-d994c4ea8848: Sackin index -0.0383; 1.4 s; peak memory 1258 MiB.
2026-10-10T16:27:22Z INFO [550/750] 9834e893-7d30-46e5-b53a-9dda75971c27: Sackin index -0.0380; 1.2 s; peak memory 1258 MiB.
2026-10-10T16:27:22Z INFO [550/750] 9834e893-7d30-46e5-b53a-9dda75971c27: checkpointed 120386 new records.
2026-10-10T16:27:23Z INFO [551/750] 98360f2e-3a73-4683-a4b8-11a1de99d925: Sackin index -0.1361; 0.8 s; peak memory 1258 MiB.
2026-10-10T16:27:25Z INFO [552/750] 983652c7-8cac-4216-b972-bcac7ce88c85: Sackin index -0.0722; 2.0 s; peak memory 1258 MiB.
2026-10-10T16:27:26Z INFO [553/750] 983689ec-4f05-4913-a6e0-caa90e1f8dd4: Sackin index -0.0728; 1.2 s; peak memory 1258 MiB.
2026-10-10T16:27:27Z INFO [554/750] 98369d27-75e9-4794-9af6-d30722c425a2: Sackin index -0.1349; 0.7 s; peak memory 1258 MiB.
2026-10-10T16:27:28Z INFO [555/750] 98372ea4-b084-4694-9a21-6a09ba60ad34: Sackin index -0.1349; 0.9 s; peak memory 1258 MiB.
2026-10-10T16:27:29Z INFO [556/750] 9838525f-443a-4522-be87-92ef24f1b54c: Sackin index -0.0457; 1.2 s; peak memory 1258 MiB.
2026-10-10T16:27:30Z INFO [557/750] 983896bc-2577-43f5-8442-396dffb5a01f: Sackin index -0.0844; 0.8 s; peak memory 1258 MiB.
2026-10-10T16:27:31Z INFO [558/750] 9838aa0f-aed4-42cd-bd49-a49af5cfe21e: Sackin index -0.0696; 1.0 s; peak memory 1258 MiB.
2026-10-10T16:27:32Z INFO [559/750] 98392275-72e6-402c-9933-35820670f653: Sackin index -0.1349; 0.8 s; peak memory 1258 MiB.
2026-10-10T16:27:32Z INFO [560/750] 9839b321-6a9a-4bba-b2a8-ba8c4264b680: Sackin index -0.0702; 0.9 s; peak memory 1258 MiB.
2026-10-10T16:27:33Z INFO [561/750] 983a62e2-674e-44ef-921c-428523067597: Sackin index -0.1448; 0.6 s; peak memory 1258 MiB.
2026-10-10T16:28:10Z INFO [562/750] 983aa1cb-07bc-417b-a1b6-e51fb8d4d3c9: Sackin index -0.0074; 36.7 s; peak memory 1258 MiB.
2026-10-10T16:28:11Z INFO [563/750] 983ae7d9-e1f0-45fc-9cac-2d70b32e1df7: Sackin index -0.0376; 1.1 s; peak memory 1258 MiB.
2026-10-10T16:28:12Z INFO [564/750] 983b1fc8-d9cc-428b-bf88-23cbeb5a9921: Sackin index -0.0707; 0.8 s; peak memory 1258 MiB.
2026-10-10T16:28:17Z INFO [565/750] 983b2a2a-ce7a-405c-8fb0-d22185757992: Sackin index -0.0158; 5.7 s; peak memory 1258 MiB.
2026-10-10T16:28:19Z INFO [566/750] 983b546c-ffb1-499b-bc85-6b60486a6989: Sackin index -0.0275; 1.2 s; peak memory 1258 MiB.
2026-10-10T16:28:21Z INFO [567/750] 983b841d-a42d-4fe3-bc83-c3c068448f78: Sackin index -0.0263; 2.0 s; peak memory 1258 MiB.
2026-10-10T16:28:23Z INFO [568/750] 983c0b17-8d93-445c-b461-bbc6264b72dd: Sackin index -0.0869; 2.8 s; peak memory 1258 MiB.
2026-10-10T16:28:25Z INFO [569/750] 983c4294-fbe0-4e90-af8f-05d8db1b41b9: Sackin index -0.0275; 1.3 s; peak memory 1258 MiB.
2026-10-10T16:28:29Z INFO [570/750] 983cb2e7-df57-43a3-8884-2dcf64f4c027: Sackin index -0.0251; 4.4 s; peak memory 1258 MiB.
2026-10-10T16:28:30Z INFO [571/750] 983cd752-9056-4194-b2c6-056c57aada2e: Sackin index -0.0709; 1.1 s; peak memory 1258 MiB.
2026-10-10T16:28:37Z INFO [572/750] 983d2a66-f5dd-487a-a136-12632d1fd429: Sackin index -0.0017; 7.2 s; peak memory 1258 MiB.
2026-10-10T16:28:40Z INFO [573/750] 983db773-d306-41f2-8958-7e44f47157a1: Sackin index -0.0681; 2.3 s; peak memory 1258 MiB.
2026-10-10T16:28:41Z INFO [574/750] 983dd3b7-d0cc-48bf-8aa5-d80170465f93: Sackin index -0.0275; 1.5 s; peak memory 1258 MiB.
2026-10-10T16:28:46Z INFO [575/750] 983e785c-1d83-4538-bcaa-6b7e5187699d: Sackin index -0.0431; 4.8 s; peak memory 1258 MiB.
2026-10-10T16:28:47Z INFO [576/750] 983e9e88-7bf7-4314-a715-340d3747c545: Sackin index -0.0702; 0.9 s; peak memory 1258 MiB.
2026-10-10T16:28:55Z INFO [577/750] 983eb223-7e46-4ea1-aa89-738d64fd59e6: Sackin index -0.0220; 7.6 s; peak memory 1258 MiB.
2026-10-10T16:28:55Z INFO [578/750] 983f1d8e-6a46-4254-a92d-31d43f864a42: Sackin index -0.1248; 0.9 s; peak memory 1258 MiB.
2026-10-10T16:29:22Z INFO [579/750] 983f73e6-4f18-4900-9c99-671bce6b95ac: Sackin index -0.0817; 26.4 s; peak memory 1258 MiB.
2026-10-10T16:29:23Z INFO [580/750] 983f7de2-9dfa-4ddb-88a6-1f62721fd62b: Sackin index -0.0709; 1.0 s; peak memory 1258 MiB.
2026-10-10T16:29:24Z INFO [581/750] 98403b9b-871c-4a43-9da6-b43d704d69ca: Sackin index -0.0745; 1.1 s; peak memory 1258 MiB.
2026-10-10T16:29:25Z INFO [582/750] 9840ac8c-250d-4d67-8a5d-13ce2178a7fd: Sackin index -0.1658; 0.6 s; peak memory 1258 MiB.
2026-10-10T16:29:26Z INFO [583/750] 9840dd66-2dc5-4ab9-9a6f-90f813c1a057: Sackin index -0.1009; 1.2 s; peak memory 1258 MiB.
2026-10-10T16:29:26Z INFO [584/750] 9840e631-4bb7-4667-b741-065e2e81a189: Sackin index -0.1349; 0.7 s; peak memory 1258 MiB.
2026-10-10T16:29:28Z INFO [585/750] 9840ed0b-09fd-4df0-88b8-0652cf378423: Sackin index -0.0276; 1.3 s; peak memory 1258 MiB.
2026-10-10T16:29:37Z INFO [586/750] 9841cca9-d12e-4bca-a1e4-dbeebf0e9832: Sackin index -0.0105; 9.0 s; peak memory 1258 MiB.
2026-10-10T16:29:38Z INFO [587/750] 9842b5d9-5cc2-4ca9-adc7-b7ed2d3a148d: Sackin index -0.1349; 0.8 s; peak memory 1258 MiB.
2026-10-10T16:29:38Z INFO [588/750] 9842d79e-69a2-479c-b997-31abf6d83ff5: Sackin index -0.1349; 0.8 s; peak memory 1258 MiB.
2026-10-10T16:29:39Z INFO [589/750] 98433849-d77b-4f08-8b3a-cc11925ba0e6: Sackin index -0.1349; 0.9 s; peak memory 1258 MiB.
2026-10-10T16:29:40Z INFO [590/750] 98447f83-ee53-4161-9c5c-43cddfa43243: Sackin index -0.0728; 1.1 s; peak memory 1258 MiB.
2026-10-10T16:29:41Z INFO [591/750] 9845eb7f-f9bc-4707-8aa7-1fa96c62d9d7: Sackin index -0.1248; 0.9 s; peak memory 1258 MiB.
2026-10-10T16:29:42Z INFO [592/750] 9845ecce-ac0a-4d54-b178-98eb7886b312: Sackin index -0.0696; 0.9 s; peak memory 1258 MiB.
2026-10-10T16:29:43Z INFO [593/750] 984682fa-957b-41fa-a6de-72a06ae2f217: Sackin index -0.1461; 0.7 s; peak memory 1258 MiB.
2026-10-10T16:29:44Z INFO [594/750] 98468b3d-a4cc-40f0-be8c-39d38269e1ea: Sackin index -0.1349; 0.7 s; peak memory 1258 MiB.
2026-10-10T16:30:05Z INFO [595/750] 9846aca7-67e3-4dde-a067-9caa7f57936f: Sackin index -0.1367; 21.8 s; peak memory 1258 MiB.
2026-10-10T16:30:08Z INFO [596/750] 9846f51a-4746-4ed1-8437-c428594696eb: Sackin index -0.0900; 2.1 s; peak memory 1258 MiB.
2026-10-10T16:30:09Z INFO [597/750] 9846f5a5-ba45-478d-8915-bbee1f9d23d1: Sackin index -0.0376; 1.1 s; peak memory 1258 MiB.
2026-10-10T16:30:10Z INFO [598/750] 9847c998-db7a-497e-942c-de0b153f01e2: Sackin index -0.0369; 1.3 s; peak memory 1258 MiB.
2026-10-10T16:30:11Z INFO [599/750] 98487689-c6e3-4f4d-887c-d57cf933f555: Sackin index -0.1191; 1.2 s; peak memory 1258 MiB.
2026-10-10T16:30:13Z INFO [600/750] 9848a7ba-4bc5-45fa-98ee-f86f276fd076: Sackin index -0.0676; 1.6 s; peak memory 1258 MiB.
2026-10-10T16:30:13Z INFO [600/750] 9848a7ba-4bc5-45fa-98ee-f86f276fd076: checkpointed 120436 new records.
2026-10-10T16:30:18Z INFO [601/750] 9848da80-955c-41f8-a33e-9d5036ec11fe: Sackin index -0.0438; 5.2 s; peak memory 1258 MiB.
2026-10-10T16:30:19Z INFO [602/750] 98491e21-7aeb-4a3f-89d7-7e981cc2ceef: Sackin index -0.1349; 0.8 s; peak memory 1258 MiB.
2026-10-10T16:30:20Z INFO [603/750] 98497a93-9e64-4d75-9789-0b5c477a6ca6: Sackin index -0.1248; 0.8 s; peak memory 1258 MiB.
2026-10-10T16:30:21Z INFO [604/750] 9849ce5b-747b-4447-891b-c7115d7921ab: Sackin index -0.1938; 0.9 s; peak memory 1258 MiB.
2026-10-10T16:30:28Z INFO [605/750] 984a090d-0078-459c-b05a-2a7a579f4d20: Sackin index -0.0144; 7.3 s; peak memory 1258 MiB.
2026-10-10T16:32:23Z INFO [606/750] 984b7a05-822f-4782-a290-0209f8118d0e: Sackin index -0.0450; 114.6 s; peak memory 1258 MiB.
2026-10-10T16:32:25Z INFO [607/750] 984ccd90-68a2-49a4-a6c2-db31a1a74dd1: Sackin index -0.0797; 2.8 s; peak memory 1258 MiB.
2026-10-10T16:32:29Z INFO [608/750] 984d4d9d-810e-429e-9bd7-99a158f07bdd: Sackin index -0.0251; 3.8 s; peak memory 1258 MiB.
2026-10-10T16:32:30Z INFO [609/750] 984d963e-50d2-4e4f-8609-636951a73553: Sackin index -0.1658; 0.8 s; peak memory 1258 MiB.
2026-10-10T16:32:32Z INFO [610/750] 984e233b-1338-4572-97da-a56c012b64a6: Sackin index -0.0660; 2.4 s; peak memory 1258 MiB.
2026-10-10T16:32:33Z INFO [611/750] 984e6e6c-89dd-4abc-b653-51fbcb37dfde: Sackin index -0.1527; 0.8 s; peak memory 1258 MiB.
2026-10-10T16:32:34Z INFO [612/750] 984f55ad-c317-4abf-ad65-341238ab7418: Sackin index -0.0702; 0.8 s; peak memory 1258 MiB.
2026-10-10T16:32:35Z INFO [613/750] 984f9a00-6190-4ede-8ed0-5f63db6fc46a: Sackin index -0.0709; 0.9 s; peak memory 1258 MiB.
2026-10-10T16:32:45Z INFO [614/750] 984fb4f3-511a-472b-a2c3-86eb82b4e162: Sackin index -0.0165; 10.1 s; peak memory 1258 MiB.
2026-10-10T16:32:50Z INFO [615/750] 98507e2d-370c-43e4-ab56-feb1ca0067d9: Sackin index -0.0251; 5.2 s; peak memory 1258 MiB.
2026-10-10T16:32:51Z INFO [616/750] 9850c9ea-c29c-44d2-a282-51c40518beb2: Sackin index -0.1349; 0.8 s; peak memory 1258 MiB.
2026-10-10T16:32:52Z INFO [617/750] 985158a2-d5f2-4c8e-b78c-e124e55468e8: Sackin index -0.0696; 0.8 s; peak memory 1258 MiB.
2026-10-10T16:32:53Z INFO [618/750] 985192f2-6b00-4bf5-ba0b-05bfdcf2dc42: Sackin index -0.0752; 1.2 s; peak memory 1258 MiB.
2026-10-10T16:32:54Z INFO [619/750] 9851b9ae-2fb3-4518-99cf-f95b8bc47494: Sackin index -0.1178; 0.7 s; peak memory 1258 MiB.
2026-10-10T16:32:55Z INFO [620/750] 9851c34a-f6f2-4c00-b788-aee41fb02962: Sackin index -0.0275; 1.2 s; peak memory 1258 MiB.
2026-10-10T16:32:57Z INFO [621/750] 98524711-6e17-4065-bb04-bb4711f21c8b: Sackin index -0.0699; 1.7 s; peak memory 1258 MiB.
2026-10-10T16:32:58Z INFO [622/750] 9853b2c9-a67e-4bbd-9e35-23ded514bbfb: Sackin index -0.0702; 1.1 s; peak memory 1258 MiB.
2026-10-10T16:32:59Z INFO [623/750] 9853ff14-5e9c-4816-91e2-43c574d743de: Sackin index -0.1224; 1.6 s; peak memory 1258 MiB.
2026-10-10T16:33:01Z INFO [624/750] 98544202-b27a-4583-ac5f-d4d59933b9af: Sackin index -0.0677; 1.7 s; peak memory 1258 MiB.
2026-10-10T16:33:02Z INFO [625/750] 9854761a-5907-4b4a-ab65-8d8672af6981: Sackin index -0.1349; 1.0 s; peak memory 1258 MiB.
2026-10-10T16:33:03Z INFO [626/750] 98552f7b-24bb-41c3-9459-e060d374606a: Sackin index -0.0702; 0.8 s; peak memory 1258 MiB.
2026-10-10T16:33:05Z INFO [627/750] 98553ccc-06c9-47ce-b2df-cd280cbe6341: Sackin index -0.0351; 2.4 s; peak memory 1258 MiB.
2026-10-10T16:33:06Z INFO [628/750] 98560d05-311b-4901-868e-f6714968fbba: Sackin index -0.0702; 0.9 s; peak memory 1258 MiB.
2026-10-10T16:33:08Z INFO [629/750] 985769f0-8c74-4187-b755-cd7858e60928: Sackin index -0.0904; 2.1 s; peak memory 1258 MiB.
2026-10-10T16:33:13Z INFO [630/750] 9858e209-c00b-4339-9797-bae321c0e860: Sackin index -0.0251; 4.5 s; peak memory 1258 MiB.
2026-10-10T16:33:14Z INFO [631/750] 985a17e6-b740-4f86-8557-5687835c04f1: Sackin index -0.0447; 1.8 s; peak memory 1258 MiB.
2026-10-10T16:33:15Z INFO [632/750] 985a2ca3-880e-4d93-9fc4-ecf32cedd0b6: Sackin index -0.0702; 1.0 s; peak memory 1258 MiB.
2026-10-10T16:33:17Z INFO [633/750] 985a918f-f4c3-4c11-a55a-7157e4fb467c: Sackin index -0.1224; 1.5 s; peak memory 1258 MiB.
2026-10-10T16:33:23Z INFO [634/750] 985abb39-94de-4a7c-8471-d834a4335f6a: Sackin index -0.0186; 6.2 s; peak memory 1258 MiB.
2026-10-10T16:33:25Z INFO [635/750] 985b0a9b-3e8b-4c2a-923e-f6de97e27f4a: Sackin index -0.0797; 2.0 s; peak memory 1258 MiB.
2026-10-10T16:33:30Z INFO [636/750] 985bad23-821c-46b5-bf9a-e505c2aa2bd3: Sackin index -0.1495; 4.6 s; peak memory 1258 MiB.
2026-10-10T16:33:30Z INFO [637/750] 985be56a-cb28-4614-bebb-5bfb9887872d: Sackin index -0.1349; 0.8 s; peak memory 1258 MiB.
2026-10-10T16:33:31Z INFO [638/750] 985c5731-ce6b-443d-a6f7-52412421e344: Sackin index -0.1349; 0.8 s; peak memory 1258 MiB.
2026-10-10T16:33:32Z INFO [639/750] 985cbc32-2209-4ebb-8291-f6b2c823a8be: Sackin index -0.0816; 0.6 s; peak memory 1258 MiB.
2026-10-10T16:33:33Z INFO [640/750] 985d3a26-681a-43af-b38b-7cf9121d8899: Sackin index -0.0745; 1.1 s; peak memory 1258 MiB.
2026-10-10T16:33:37Z INFO [641/750] 985d3f4c-4e4c-4a28-9731-04d5a99ab52f: Sackin index -0.0232; 3.9 s; peak memory 1258 MiB.
2026-10-10T16:33:38Z INFO [642/750] 985d620b-beee-4361-ac05-41678665bd8e: Sackin index -0.1349; 1.0 s; peak memory 1258 MiB.
2026-10-10T16:33:39Z INFO [643/750] 985dbe4b-b48b-4f78-9afa-1ed8afabbce3: Sackin index -0.0702; 1.0 s; peak memory 1258 MiB.
2026-10-10T16:33:39Z INFO [644/750] 985e558e-2161-4550-b47b-91c8df43dba4: Sackin index -0.1349; 0.7 s; peak memory 1258 MiB.
2026-10-10T16:33:40Z INFO [645/750] 985ebffb-e46d-4344-9c7d-734afcc509d5: Sackin index -0.1174; 0.9 s; peak memory 1258 MiB.
2026-10-10T16:33:41Z INFO [646/750] 985f51aa-1b24-4699-b9e5-b62a6d5a22f1: Sackin index -0.1938; 0.6 s; peak memory 1258 MiB.
2026-10-10T16:33:41Z INFO [647/750] 98608fd7-b8e0-4e29-9328-d59d2dc7eb27: Sackin index -0.1267; 0.6 s; peak memory 1258 MiB.
2026-10-10T16:33:43Z INFO [648/750] 9860bd1b-904c-49d8-8338-3d4a3f5f43ac: Sackin index -0.0728; 1.2 s; peak memory 1258 MiB.
2026-10-10T16:33:44Z INFO [649/750] 98627742-40d8-4bd6-8763-0e34d714f11f: Sackin index -0.0380; 1.0 s; peak memory 1258 MiB.
2026-10-10T16:33:45Z INFO [650/750] 986515bf-d3ac-48cd-932b-76e2882191cd: Sackin index -0.1174; 1.0 s; peak memory 1258 MiB.
2026-10-10T16:33:45Z INFO [650/750] 986515bf-d3ac-48cd-932b-76e2882191cd: checkpointed 120486 new records.
2026-10-10T16:33:45Z INFO [651/750] 9865df2d-ea25-4ea1-b467-1e9cc7a413ae: Sackin index -0.1272; 0.7 s; peak memory 1258 MiB.
2026-10-10T16:33:46Z INFO [652/750] 98672417-0e13-49e7-a97f-b67b11121bb1: Sackin index -0.0702; 0.8 s; peak memory 1258 MiB.
2026-10-10T16:33:47Z INFO [653/750] 9867632a-2f88-4423-a62c-074e450969d5: Sackin index -0.1448; 0.6 s; peak memory 1258 MiB.
2026-10-10T16:33:48Z INFO [654/750] 9867d4db-ba43-4eb0-ac0e-6e7396ac9711: Sackin index -0.0579; 1.5 s; peak memory 1258 MiB.
2026-10-10T16:33:49Z INFO [655/750] 98682c19-103d-4ce0-aef0-eac9c437512b: Sackin index -0.0956; 0.8 s; peak memory 1258 MiB.
2026-10-10T16:33:50Z INFO [656/750] 9868b2de-0094-4da6-9bdc-52d741583f70: Sackin index -0.0702; 0.9 s; peak memory 1258 MiB.
2026-10-10T16:33:51Z INFO [657/750] 9869145b-0e9d-44e5-b587-91f372ead876: Sackin index -0.0728; 1.4 s; peak memory 1258 MiB.
2026-10-10T16:33:52Z INFO [658/750] 986a1619-a993-4dad-94e7-954ba2520db5: Sackin index -0.1349; 0.9 s; peak memory 1258 MiB.
2026-10-10T16:33:53Z INFO [659/750] 986bab90-12d4-4b62-941a-05405cab09f1: Sackin index -0.1448; 0.7 s; peak memory 1258 MiB.
2026-10-10T16:34:03Z INFO [660/750] 986c69bb-5534-4caa-a95b-b3686d2bce76: Sackin index -0.0054; 10.2 s; peak memory 1258 MiB.
2026-10-10T16:34:04Z INFO [661/750] 986cb962-dc03-4c12-a152-19dfa4303acb: Sackin index -0.0728; 1.0 s; peak memory 1258 MiB.
2026-10-10T16:34:05Z INFO [662/750] 986e650f-5730-478d-beae-2c5666309c35: Sackin index -0.1273; 1.3 s; peak memory 1258 MiB.
2026-10-10T16:34:06Z INFO [663/750] 986f9983-3899-4fc2-9926-89453a123c15: Sackin index -0.1349; 0.7 s; peak memory 1258 MiB.
2026-10-10T16:34:07Z INFO [664/750] 986fe6d5-5174-4360-ad46-ede440b08242: Sackin index -0.0702; 1.1 s; peak memory 1258 MiB.
2026-10-10T16:37:19Z INFO [665/750] 987014e8-a3a9-4862-b75c-598c52f31563: Sackin index -0.0409; 192.2 s; peak memory 1258 MiB.
2026-10-10T16:37:20Z INFO [666/750] 987022bb-a04b-4477-9ac7-ba1830ae020f: Sackin index -0.1358; 0.9 s; peak memory 1258 MiB.
2026-10-10T16:37:29Z INFO [667/750] 98704682-62cb-41ff-8022-a68f896eb384: Sackin index -0.0419; 9.1 s; peak memory 1258 MiB.
2026-10-10T16:37:30Z INFO [668/750] 98709529-dd94-4d8e-93e2-ea5e7f0e5bf2: Sackin index -0.0728; 1.0 s; peak memory 1258 MiB.
2026-10-10T16:37:31Z INFO [669/750] 9870b5bd-5f7e-49c8-925c-dd3453026c84: Sackin index -0.0569; 0.9 s; peak memory 1258 MiB.
2026-10-10T16:37:32Z INFO [670/750] 9870ef10-e2a0-41ca-914b-fd2ce20d6204: Sackin index -0.1150; 0.9 s; peak memory 1258 MiB.
2026-10-10T16:37:43Z INFO [671/750] 987136dc-9b82-4d6a-9563-c1ef9e68422b: Sackin index -0.0138; 10.7 s; peak memory 1258 MiB.
2026-10-10T16:37:54Z INFO [672/750] 9872054c-05ee-4306-9161-d287c34d1763: Sackin index -0.0118; 10.6 s; peak memory 1258 MiB.
2026-10-10T16:38:08Z INFO [673/750] 98724a55-168a-4a8e-ae78-540b85ce12d8: Sackin index -0.0079; 14.1 s; peak memory 1258 MiB.
2026-10-10T16:38:09Z INFO [674/750] 98726960-be6d-4826-8aff-5dfc0242b29f: Sackin index -0.0702; 1.1 s; peak memory 1258 MiB.
2026-10-10T16:38:11Z INFO [675/750] 9872e6b8-bf70-4856-ac38-815210dc3e6f: Sackin index -0.0369; 1.8 s; peak memory 1258 MiB.
2026-10-10T16:38:12Z INFO [676/750] 98738089-693f-444b-830b-89c7d9bd3bc9: Sackin index -0.0709; 0.9 s; peak memory 1258 MiB.
2026-10-10T16:38:12Z INFO [677/750] 9874a5c6-da4b-4e6a-a3f8-595292eea6f2: Sackin index -0.1248; 0.8 s; peak memory 1258 MiB.
2026-10-10T16:38:13Z INFO [678/750] 9875c43b-7420-41a7-ba8d-2cc6c5889e7c: Sackin index -0.0881; 0.7 s; peak memory 1258 MiB.
2026-10-10T16:38:14Z INFO [679/750] 98760d49-2dc7-4a18-9e19-d2a135abfafc: Sackin index -0.0746; 0.7 s; peak memory 1258 MiB.
2026-10-10T16:38:16Z INFO [680/750] 98760f56-43c4-4a82-aead-e5f9dbb19dfb: Sackin index -0.0911; 1.7 s; peak memory 1258 MiB.
2026-10-10T16:38:16Z INFO [681/750] 987693a4-c829-4978-aad0-c4d443d230d7: Sackin index -0.1303; 0.6 s; peak memory 1258 MiB.
2026-10-10T16:38:32Z INFO [682/750] 9877398a-45fb-42a2-9908-43eb8962b926: Sackin index -0.0136; 16.3 s; peak memory 1258 MiB.
2026-10-10T16:38:36Z INFO [683/750] 9878bf4a-0e69-4cda-a106-5fea7353cadc: Sackin index -0.0779; 3.8 s; peak memory 1258 MiB.
2026-10-10T16:38:45Z INFO [684/750] 98795755-6d4e-47b5-b3d1-b39bba7f79c4: Sackin index -0.0776; 9.0 s; peak memory 1258 MiB.
2026-10-10T16:38:49Z INFO [685/750] 9879d081-9213-46c7-9cdf-fa47c69fc031: Sackin index -0.0403; 3.8 s; peak memory 1258 MiB.
2026-10-10T16:38:50Z INFO [686/750] 987b825c-8595-46a4-8025-11f77413b473: Sackin index -0.1178; 0.6 s; peak memory 1258 MiB.
2026-10-10T16:38:50Z INFO [687/750] 987b9f7f-1be4-4ee1-b944-0a3339315de4: Sackin index -0.2073; 0.7 s; peak memory 1258 MiB.
2026-10-10T16:38:52Z INFO [688/750] 987c5b29-02f4-498f-b950-fc320b32b8f0: Sackin index -0.0728; 1.4 s; peak memory 1258 MiB.
2026-10-10T16:38:53Z INFO [689/750] 987ccdf0-ae55-4f44-bc25-4dc8bce870c1: Sackin index -0.0883; 1.0 s; peak memory 1258 MiB.
2026-10-10T16:38:54Z INFO [690/750] 987d648a-f991-4a8a-a8fe-b2c71fe1507d: Sackin index -0.1331; 0.8 s; peak memory 1258 MiB.
2026-10-10T16:38:55Z INFO [691/750] 987d6cd2-2044-456c-9e88-7449451c36ca: Sackin index -0.0471; 1.7 s; peak memory 1258 MiB.
2026-10-10T16:38:56Z INFO [692/750] 987d734d-328b-40ca-8be1-2014f8975034: Sackin index -0.1562; 0.9 s; peak memory 1258 MiB.
2026-10-10T16:38:59Z INFO [693/750] 987f6f0a-4cdf-42c8-812e-742b8ca82bee: Sackin index -0.0515; 2.3 s; peak memory 1258 MiB.
2026-10-10T16:38:59Z INFO [694/750] 9880105f-d0f4-4039-a0ac-b58cb3dccd4c: Sackin index -0.1349; 0.8 s; peak memory 1258 MiB.
2026-10-10T16:39:05Z INFO [695/750] 9880365f-2b28-484e-abf6-22a2385c548a: Sackin index -0.0176; 5.2 s; peak memory 1258 MiB.
2026-10-10T16:39:06Z INFO [696/750] 9880de21-8896-4c8b-810e-26980ef46f2e: Sackin index -0.0376; 1.3 s; peak memory 1258 MiB.
2026-10-10T16:39:07Z INFO [697/750] 98837664-aa48-4073-ab72-6d534b2d0282: Sackin index -0.0376; 1.3 s; peak memory 1258 MiB.
2026-10-10T16:39:08Z INFO [698/750] 9883c95e-0d66-4466-8675-f0302ce1dc79: Sackin index -0.0383; 1.1 s; peak memory 1258 MiB.
2026-10-10T16:39:11Z INFO [699/750] 9883f277-ce73-4b11-92cd-b0b511dc590b: Sackin index -0.0355; 2.4 s; peak memory 1258 MiB.
2026-10-10T16:39:11Z INFO [700/750] 9883fd70-0cfa-4499-b205-4fe57c383829: Sackin index -0.1248; 0.7 s; peak memory 1258 MiB.
2026-10-10T16:39:12Z INFO [700/750] 9883fd70-0cfa-4499-b205-4fe57c383829: checkpointed 120536 new records.
2026-10-10T16:39:13Z INFO [701/750] 98848448-5fa0-47bc-bd88-2b6241247314: Sackin index -0.0728; 1.1 s; peak memory 1258 MiB.
2026-10-10T16:39:14Z INFO [702/750] 988510f2-8a23-4294-b5c6-19032ddba30a: Sackin index -0.0709; 0.8 s; peak memory 1258 MiB.
2026-10-10T16:39:14Z INFO [703/750] 988540ca-fcac-4e25-a3ac-10fd74a26453: Sackin index -0.1349; 0.8 s; peak memory 1258 MiB.
2026-10-10T16:39:15Z INFO [704/750] 98854f1f-b838-4315-a7db-61dcebd3a60b: Sackin index -0.1349; 0.8 s; peak memory 1258 MiB.
2026-10-10T16:39:18Z INFO [705/750] 98856740-03c4-4b54-a947-e8c3f7df3483: Sackin index -0.0403; 3.2 s; peak memory 1258 MiB.
2026-10-10T16:39:22Z INFO [706/750] 9886256b-43d1-490d-996d-2eb66223687d: Sackin index -0.0405; 3.3 s; peak memory 1258 MiB.
2026-10-10T16:39:28Z INFO [707/750] 98862ce5-0550-4795-8a40-0425549a1f6a: Sackin index -0.0170; 6.6 s; peak memory 1258 MiB.
2026-10-10T16:39:29Z INFO [708/750] 98866b14-5e40-4f9f-8f45-765ea3a2e0ab: Sackin index -0.0745; 0.9 s; peak memory 1258 MiB.
2026-10-10T16:39:30Z INFO [709/750] 988691b1-50a3-457f-975e-e0a1c8ce5f15: Sackin index -0.1349; 0.8 s; peak memory 1258 MiB.
2026-10-10T16:39:31Z INFO [710/750] 9886bdb6-f685-4807-94d2-1be6108b98c7: Sackin index -0.1349; 0.7 s; peak memory 1258 MiB.
2026-10-10T16:39:31Z INFO [711/750] 9887c75b-b92d-479c-83dc-662a961ba6ad: Sackin index -0.1349; 0.7 s; peak memory 1258 MiB.
2026-10-10T16:39:32Z INFO [712/750] 9888a88b-012b-4196-bf84-9d824c0e7ed0: Sackin index -0.0379; 1.1 s; peak memory 1258 MiB.
2026-10-10T16:39:33Z INFO [713/750] 988ad64a-9ede-40ca-a496-ed7cbf95b606: Sackin index -0.0673; 0.7 s; peak memory 1258 MiB.
2026-10-10T16:39:34Z INFO [714/750] 988bd675-e72c-48d2-8730-b52bde7656bd: Sackin index -0.0702; 0.7 s; peak memory 1258 MiB.
2026-10-10T16:39:34Z INFO [715/750] 988c3eed-6ffd-47d1-8fbf-e8f2bcd56d14: Sackin index -0.1658; 0.5 s; peak memory 1258 MiB.
2026-10-10T16:39:44Z INFO [716/750] 988caf65-7e80-4721-bae5-af4d4d14286c: Sackin index -0.0135; 9.9 s; peak memory 1258 MiB.
2026-10-10T16:39:46Z INFO [717/750] 988ce4c9-dd22-40c3-adad-ca11b7d0a50d: Sackin index -0.0728; 1.3 s; peak memory 1258 MiB.
2026-10-10T16:39:51Z INFO [718/750] 988d8064-1cb1-43d1-9caa-19b4cacf0e29: Sackin index -0.0438; 4.9 s; peak memory 1258 MiB.
2026-10-10T16:39:52Z INFO [719/750] 988e0eb6-d97e-4545-aa7b-f536e30b9a5f: Sackin index -0.0728; 1.2 s; peak memory 1258 MiB.
2026-10-10T16:39:53Z INFO [720/750] 988e6f40-1e66-4bf8-8251-f204e6545057: Sackin index -0.0702; 1.1 s; peak memory 1258 MiB.
2026-10-10T16:39:54Z INFO [721/750] 988e7213-dc20-4697-b15a-87eb3841f4a2: Sackin index -0.1356; 1.2 s; peak memory 1258 MiB.
2026-10-10T16:39:55Z INFO [722/750] 988fa894-ea50-40b9-8be5-c03d51ca1789: Sackin index -0.1349; 1.0 s; peak memory 1258 MiB.
2026-10-10T16:39:56Z INFO [723/750] 988fe717-432f-4c32-b6cc-342d204da124: Sackin index -0.1196; 0.9 s; peak memory 1258 MiB.
2026-10-10T16:39:58Z INFO [724/750] 989066b5-3910-4beb-bfc5-85c55f435324: Sackin index -0.0626; 2.5 s; peak memory 1258 MiB.
2026-10-10T16:40:01Z INFO [725/750] 989100a3-e1d7-4912-9da7-8ad326204d9d: Sackin index -0.0673; 2.2 s; peak memory 1258 MiB.
2026-10-10T16:40:02Z INFO [726/750] 98911903-d209-447f-82ea-a505f06f3431: Sackin index -0.0696; 1.1 s; peak memory 1258 MiB.
2026-10-10T16:40:04Z INFO [727/750] 989198e3-7a52-4bef-a5d4-665dbf9fb563: Sackin index -0.1938; 1.9 s; peak memory 1258 MiB.
2026-10-10T16:40:05Z INFO [728/750] 9891bfa0-8676-4472-8f28-f430625fe85f: Sackin index -0.0745; 1.1 s; peak memory 1258 MiB.
2026-10-10T16:40:06Z INFO [729/750] 989340c0-9e78-406a-8a29-4f84065c7022: Sackin index -0.0380; 0.9 s; peak memory 1258 MiB.
2026-10-10T16:41:47Z INFO [730/750] 9893e40a-a74d-439b-b519-21152ad5aec3: Sackin index -0.0294; 100.9 s; peak memory 1258 MiB.
2026-10-10T16:41:48Z INFO [731/750] 9894e8d5-5942-4d4d-837a-5f3a13e59afd: Sackin index -0.0704; 1.7 s; peak memory 1258 MiB.
2026-10-10T16:41:49Z INFO [732/750] 9895055a-bb85-4933-9ffb-b1ac6157edb3: Sackin index -0.0379; 1.2 s; peak memory 1258 MiB.
2026-10-10T16:41:50Z INFO [733/750] 9895119c-e880-482b-b4c6-bddff26a2808: Sackin index -0.1448; 0.6 s; peak memory 1258 MiB.
2026-10-10T16:41:51Z INFO [734/750] 989561d6-1146-4489-a579-ab205d2076e2: Sackin index -0.1602; 0.8 s; peak memory 1258 MiB.
2026-10-10T16:41:52Z INFO [735/750] 989628c6-0d8c-42f0-9542-1851a59f03d9: Sackin index -0.0379; 1.2 s; peak memory 1258 MiB.
2026-10-10T16:41:53Z INFO [736/750] 989726b0-486c-4775-9fda-422ca3921997: Sackin index -0.1349; 0.9 s; peak memory 1258 MiB.
2026-10-10T16:41:54Z INFO [737/750] 98989f19-6558-4dde-bc82-147810ee2c92: Sackin index -0.0709; 1.0 s; peak memory 1258 MiB.
2026-10-10T16:41:55Z INFO [738/750] 9899a3a2-a5ab-4772-a035-587afdc3a7a6: Sackin index -0.0702; 0.8 s; peak memory 1258 MiB.
2026-10-10T16:41:56Z INFO [739/750] 989a0da5-ce7b-4370-991a-be16f25b6566: Sackin index -0.0702; 0.9 s; peak memory 1258 MiB.
2026-10-10T16:42:02Z INFO [740/750] 989a2858-ed68-46c3-b5c2-1eed06e2496b: Sackin index -0.0175; 6.8 s; peak memory 1258 MiB.
2026-10-10T16:42:03Z INFO [741/750] 989a2f0e-d6e6-41ea-9607-8ec03620e4bd: Sackin index -0.0881; 1.0 s; peak memory 1258 MiB.
2026-10-10T16:42:04Z INFO [742/750] 989adc08-15ff-4f36-8240-5d4c6b18fb9d: Sackin index -0.1349; 0.8 s; peak memory 1258 MiB.
2026-10-10T16:42:05Z INFO [743/750] 989af897-bc7a-4f07-ac3c-570aea43a5f5: Sackin index -0.1658; 0.7 s; peak memory 1258 MiB.
2026-10-10T16:42:06Z INFO [744/750] 989b265e-191d-4292-8b86-d866b4edeb03: Sackin index -0.1349; 0.8 s; peak memory 1258 MiB.
2026-10-10T16:42:07Z INFO [745/750] 989ce8e4-bfb6-42cd-a450-510622e03828: Sackin index -0.1273; 1.2 s; peak memory 1258 MiB.
2026-10-10T16:42:09Z INFO [746/750] 989cfaad-892c-4847-9b93-b4500c5939fd: Sackin index -0.0594; 2.2 s; peak memory 1258 MiB.
2026-10-10T16:42:13Z INFO [747/750] 989d6121-3178-403b-8d81-45318a965795: Sackin index -0.0245; 3.9 s; peak memory 1258 MiB.
2026-10-10T16:42:19Z INFO [748/750] 989e437b-1202-4335-b452-dded68e5afa0: Sackin index -0.0200; 5.6 s; peak memory 1258 MiB.
2026-10-10T16:42:20Z INFO [749/750] 989eaeb2-11b5-48eb-bf36-d657429041af: Sackin index -0.1349; 1.0 s; peak memory 1258 MiB.
2026-10-10T16:42:21Z INFO [750/750] 989eda95-6f56-427e-9d91-98d67664a9b5: Sackin index -0.1228; 1.3 s; peak memory 1258 MiB.
2026-10-10T16:42:21Z INFO [750/750] 989eda95-6f56-427e-9d91-98d67664a9b5: checkpointed 120586 new records.
2026-10-10T16:42:21Z INFO Wrote 120586 records to /tmp/derivatives/valid_nwb_file_to_sackin_index.jsonl (750 new, 0 failed) in 71.1 min (peak memory 1258 MiB).
