2026-09-16T20:54:54Z INFO Logging to /tmp/logs/update_2026-09-16T20-54-54Z.log.
2026-09-16T20:54:54Z INFO Update valid-nwb-file-to-sackin-index (base directory /tmp).
2026-09-16T20:54:54Z INFO Processing 361 items (47308 already recorded).
2026-09-16T20:54:56Z INFO [1/361] 00bc4719-5d4b-444f-a07c-c981f471f076: Sackin index -0.0369; 1.9 s; peak memory 99 MiB.
2026-09-16T20:54:57Z INFO [2/361] 00bc9c2a-2fd8-4f17-9a0b-7c17654aba5a: Sackin index -0.1658; 0.6 s; peak memory 99 MiB.
2026-09-16T20:55:07Z INFO [3/361] 00bcd4b0-40e3-412a-9ede-146475e749fc: Sackin index -0.0114; 10.1 s; peak memory 147 MiB.
2026-09-16T20:55:08Z INFO [4/361] 00bcf886-b201-497e-8abc-edab488c724e: Sackin index -0.0702; 0.9 s; peak memory 147 MiB.
2026-09-16T20:55:08Z INFO [5/361] 00bd9647-a8a6-4456-8fba-e1a9c5e38d74: Sackin index -0.1658; 0.7 s; peak memory 147 MiB.
2026-09-16T20:55:15Z INFO [6/361] 00bebf01-1758-4148-8285-3f2cb8134607: Sackin index -0.0256; 6.6 s; peak memory 149 MiB.
2026-09-16T20:55:16Z INFO [7/361] 00bf9832-4bc5-43b9-b937-dcbdf7509fac: Sackin index -0.0702; 0.8 s; peak memory 149 MiB.
2026-09-16T20:56:47Z INFO [8/361] 00bfb795-73cb-45d6-aea9-76f7562740d0: Sackin index -0.0450; 91.5 s; peak memory 280 MiB.
2026-09-16T20:56:48Z INFO [9/361] 00c03cfb-4e25-453a-8e90-83aa02b5eb9c: Sackin index -0.0371; 0.9 s; peak memory 280 MiB.
2026-09-16T20:56:49Z INFO [10/361] 00c1e7af-21c4-4fdb-8bb3-04a6949216af: Sackin index -0.1349; 0.8 s; peak memory 280 MiB.
2026-09-16T20:56:50Z INFO [11/361] 00c2f2c8-0e4b-4f91-af88-59ee422fa2b0: Sackin index -0.0696; 0.9 s; peak memory 280 MiB.
2026-09-16T20:56:51Z INFO [12/361] 00c3c8ce-6113-4c42-b2ea-c87d3f59c749: Sackin index -0.1349; 0.6 s; peak memory 280 MiB.
2026-09-16T20:56:51Z INFO [13/361] 00c3ed0c-a05e-4bff-8ce5-351802b9d2f9: Sackin index -0.1349; 0.6 s; peak memory 280 MiB.
2026-09-16T20:56:52Z INFO [14/361] 00c4a28b-678d-42e4-923d-82ed42becfac: Sackin index -0.1349; 0.6 s; peak memory 280 MiB.
2026-09-16T20:56:52Z INFO [15/361] 00c4b58d-8e54-4653-bb22-9dd84aa64373: Sackin index -0.2000; 0.5 s; peak memory 280 MiB.
2026-09-16T20:56:53Z INFO [16/361] 00c512bc-2776-49a7-9cd8-e3bedd13b648: Sackin index -0.1303; 0.4 s; peak memory 280 MiB.
2026-09-16T20:56:53Z INFO [17/361] 00c52bd7-3e7d-4b25-8d46-318c8b914118: Sackin index -0.1331; 0.6 s; peak memory 280 MiB.
2026-09-16T20:56:54Z INFO [18/361] 00c54ad6-3858-47f4-b134-b350a8d75b91: Sackin index -0.1349; 0.7 s; peak memory 280 MiB.
2026-09-16T20:56:55Z INFO [19/361] 00c6f4c3-417e-41fc-a6f5-21143f9775cd: Sackin index -0.0816; 0.7 s; peak memory 280 MiB.
2026-09-16T20:56:56Z INFO [20/361] 00c71a29-a9dd-4cf7-8d75-cf74e7e7bd0f: Sackin index -0.0702; 0.8 s; peak memory 280 MiB.
2026-09-16T20:56:56Z INFO [21/361] 00c90215-4958-4363-b71e-42a7c1d34753: Sackin index -0.1349; 0.7 s; peak memory 280 MiB.
2026-09-16T20:59:36Z INFO [22/361] 00c9acde-66bf-4428-a9da-bbf2c3cf0ef2: Sackin index -0.0246; 159.8 s; peak memory 393 MiB.
2026-09-16T20:59:37Z INFO [23/361] 00cafcaf-1dbe-4f14-bf89-98c0e11b25ea: Sackin index -0.0368; 0.9 s; peak memory 393 MiB.
2026-09-16T20:59:38Z INFO [24/361] 00cb290d-7127-403f-9b31-78fa8b520956: Sackin index -0.1658; 0.6 s; peak memory 393 MiB.
2026-09-16T20:59:38Z INFO [25/361] 00cbdb39-a4c8-4344-a7f9-4e80ba64cabe: Sackin index -0.0745; 0.9 s; peak memory 393 MiB.
2026-09-16T20:59:39Z INFO [26/361] 00cc3f3e-7d92-4446-87e5-d2b8dfe2c44d: Sackin index -0.0709; 0.9 s; peak memory 393 MiB.
2026-09-16T20:59:40Z INFO [27/361] 00cd99bb-df96-4eb3-aa93-755f8bcfbc45: Sackin index -0.0702; 0.8 s; peak memory 393 MiB.
2026-09-16T20:59:52Z INFO [28/361] 00cdcca0-d101-442e-8b3c-1f9b2d799217: Sackin index -0.0136; 11.9 s; peak memory 393 MiB.
2026-09-16T20:59:53Z INFO [29/361] 00cdde13-1af0-4818-8508-437f491e2e63: Sackin index -0.1349; 0.6 s; peak memory 393 MiB.
2026-09-16T20:59:53Z INFO [30/361] 00ce0ee8-27e4-4fdb-a843-6491c8ab4f8b: Sackin index -0.1178; 0.5 s; peak memory 393 MiB.
2026-09-16T20:59:54Z INFO [31/361] 00ce6b6b-007e-4eff-9361-e68cd5f5846c: Sackin index -0.0570; 1.0 s; peak memory 393 MiB.
2026-09-16T20:59:55Z INFO [32/361] 00cebd0c-662c-46d6-af46-bc78fa1b73aa: Sackin index -0.0728; 1.0 s; peak memory 393 MiB.
2026-09-16T20:59:56Z INFO [33/361] 00ceee85-3e23-47ba-9fd7-c9201009fce1: Sackin index -0.0702; 0.9 s; peak memory 393 MiB.
2026-09-16T20:59:57Z INFO [34/361] 00d0334f-bb86-4744-b8cc-5bd68e913487: Sackin index -0.0728; 0.8 s; peak memory 393 MiB.
2026-09-16T21:00:01Z INFO [35/361] 00d09513-062f-4e72-af6a-559680acabc8: Sackin index -0.1310; 4.7 s; peak memory 393 MiB.
2026-09-16T21:00:02Z INFO [36/361] 00d0d310-139e-4d57-a557-d5eb9a979281: Sackin index -0.1562; 0.7 s; peak memory 393 MiB.
2026-09-16T21:00:03Z INFO [37/361] 00d13b50-6433-4707-a6a9-d9c16015a409: Sackin index -0.0702; 0.8 s; peak memory 393 MiB.
2026-09-16T21:00:04Z INFO [38/361] 00d1d19f-1467-4db3-a0c2-a12cf6fd221b: Sackin index -0.1249; 0.7 s; peak memory 393 MiB.
2026-09-16T21:00:05Z INFO [39/361] 00d1f80a-49a2-403e-ab61-8eb88836e19f: Sackin index -0.0376; 1.0 s; peak memory 393 MiB.
2026-09-16T21:00:05Z INFO [40/361] 00d2ba7b-4542-4ab5-97b9-70a397616ecc: Sackin index -0.0728; 0.8 s; peak memory 393 MiB.
2026-09-16T21:00:07Z INFO [41/361] 00d32975-7a6b-47b5-9359-b5c0fd17d5bc: Sackin index -0.0369; 1.2 s; peak memory 393 MiB.
2026-09-16T21:00:10Z INFO [42/361] 00d39580-28bb-486c-8d6d-57c41e16047f: Sackin index -0.0403; 3.4 s; peak memory 393 MiB.
2026-09-16T21:00:11Z INFO [43/361] 00d3bccd-df44-4f48-aace-1d2a4efc6279: Sackin index -0.1096; 0.8 s; peak memory 393 MiB.
2026-09-16T21:00:12Z INFO [44/361] 00d3ce21-45be-4436-b4f2-2e68e1a70d3b: Sackin index -0.1349; 0.8 s; peak memory 393 MiB.
2026-09-16T21:00:12Z INFO [45/361] 00d483b0-ccb7-4e78-885b-cd4db5c1cd89: Sackin index -0.1191; 0.7 s; peak memory 393 MiB.
2026-09-16T21:00:13Z INFO [46/361] 00d4bdb5-ecd1-427d-8d0f-56c5090b0125: Sackin index -0.1349; 0.6 s; peak memory 393 MiB.
2026-09-16T21:00:14Z INFO [47/361] 00d64c47-6cbd-4470-aa07-58d57fe6c605: Sackin index -0.0824; 1.3 s; peak memory 393 MiB.
2026-09-16T21:00:15Z INFO [48/361] 00d6a8a6-53df-4446-9ab1-0c5eb75b525d: Sackin index -0.0728; 0.9 s; peak memory 393 MiB.
2026-09-16T21:00:17Z INFO [49/361] 00d6caf5-4961-49bf-ba70-e7d25d359636: Sackin index -0.0699; 1.6 s; peak memory 393 MiB.
2026-09-16T21:00:18Z INFO [50/361] 00d6ef30-3234-4ed2-a4fc-1fb2fb693f0f: Sackin index -0.0584; 1.4 s; peak memory 393 MiB.
2026-09-16T21:00:18Z INFO [50/361] 00d6ef30-3234-4ed2-a4fc-1fb2fb693f0f: checkpointed 47358 records.
2026-09-16T21:00:19Z INFO [51/361] 00d6fbc5-3583-4538-b35d-f161fa71da1e: Sackin index -0.1303; 0.5 s; peak memory 393 MiB.
2026-09-16T21:00:20Z INFO [52/361] 00d70377-af7c-4da9-912b-632b73073365: Sackin index -0.0746; 0.8 s; peak memory 393 MiB.
2026-09-16T21:00:21Z INFO [53/361] 00d7734b-1157-4d15-adba-a46be3cb3b34: Sackin index -0.0369; 1.3 s; peak memory 393 MiB.
2026-09-16T21:00:21Z INFO [54/361] 00d7fb66-bf4d-49f2-97b5-5e27224a5ab2: Sackin index -0.1349; 0.7 s; peak memory 393 MiB.
2026-09-16T21:00:26Z INFO [55/361] 00d82b72-3333-4b76-8236-cb441bf21910: Sackin index -0.0209; 4.2 s; peak memory 393 MiB.
2026-09-16T21:00:27Z INFO [56/361] 00d84089-106e-487e-9873-4b36197ac8b4: Sackin index -0.1938; 1.3 s; peak memory 393 MiB.
2026-09-16T21:00:28Z INFO [57/361] 00d93501-b476-4f7c-af2c-d978a9aaea7c: Sackin index -0.0702; 0.7 s; peak memory 393 MiB.
2026-09-16T21:00:31Z INFO [58/361] 00d94c66-5b91-4dfd-b457-8828179479b4: Sackin index -0.0251; 3.1 s; peak memory 393 MiB.
2026-09-16T21:00:31Z INFO [59/361] 00d9b34c-4da2-4caa-9183-1ca86a925434: Sackin index -0.1658; 0.5 s; peak memory 393 MiB.
2026-09-16T21:00:42Z INFO [60/361] 00dad842-7fc6-4e37-b079-f0dcb53cad34: Sackin index -0.1287; 10.6 s; peak memory 393 MiB.
2026-09-16T21:00:43Z INFO [61/361] 00db0483-7800-4c09-a0a0-ccf780eb0f47: Sackin index -0.1120; 0.6 s; peak memory 393 MiB.
2026-09-16T21:00:46Z INFO [62/361] 00dbee6c-a59b-4baf-8699-e2cefa280f50: Sackin index -0.1657; 3.7 s; peak memory 393 MiB.
2026-09-16T21:00:47Z INFO [63/361] 00dcce94-0a99-4dff-8b6e-4738ce577f3b: Sackin index -0.0702; 0.8 s; peak memory 393 MiB.
2026-09-16T21:00:48Z INFO [64/361] 00dccfe6-f90c-4a0e-8848-661921ea866a: Sackin index -0.0752; 1.3 s; peak memory 393 MiB.
2026-09-16T21:00:50Z INFO [65/361] 00dd7f14-2a6a-42ec-a359-10d59dad7776: Sackin index -0.0728; 1.1 s; peak memory 393 MiB.
2026-09-16T21:00:52Z INFO [66/361] 00dd829b-f53d-4f9f-ae6a-60ce49ced24a: Sackin index -0.0380; 2.1 s; peak memory 393 MiB.
2026-09-16T21:00:59Z INFO [67/361] 00de7183-ba9c-4dea-8b61-55d33242aa97: Sackin index -0.0408; 7.1 s; peak memory 393 MiB.
2026-09-16T21:01:00Z INFO [68/361] 00decbf8-5388-452f-a032-f7424f751292: Sackin index -0.1461; 0.8 s; peak memory 393 MiB.
2026-09-16T21:01:08Z INFO [69/361] 00defa40-523e-45e4-b53b-d1ea6be90e8f: Sackin index -0.0112; 8.4 s; peak memory 393 MiB.
2026-09-16T21:01:09Z INFO [70/361] 00df00fe-8e1c-4f4c-a251-1d0b6c949e0b: Sackin index -0.1000; 1.0 s; peak memory 393 MiB.
2026-09-16T21:01:16Z INFO [71/361] 00df80f5-348c-48b2-aa08-88271781e309: Sackin index -0.0190; 6.9 s; peak memory 393 MiB.
2026-09-16T21:01:17Z INFO [72/361] 00df8d64-7676-4813-a175-3435ad29ba79: Sackin index -0.1633; 0.8 s; peak memory 393 MiB.
2026-09-16T21:01:17Z INFO [73/361] 00e044fb-a907-4a30-9d78-ab6b24d0aad2: Sackin index -0.1272; 0.6 s; peak memory 393 MiB.
2026-09-16T21:01:18Z INFO [74/361] 00e119df-f151-406e-9fa7-7be68140841b: Sackin index -0.0728; 0.8 s; peak memory 393 MiB.
2026-09-16T21:01:19Z INFO [75/361] 00e18dc1-f0d5-466e-96f7-69f085d7acf5: Sackin index -0.1349; 0.6 s; peak memory 393 MiB.
2026-09-16T21:01:21Z INFO [76/361] 00e25bac-8e8b-4a46-93a9-65465693ba28: Sackin index -0.0347; 2.1 s; peak memory 393 MiB.
2026-09-16T21:01:22Z INFO [77/361] 00e30226-ede7-46d3-b235-f84f33f735b9: Sackin index -0.0881; 0.7 s; peak memory 393 MiB.
2026-09-16T21:02:39Z INFO [78/361] 00e32547-2b19-4c2e-a437-713b64cf3c19: Sackin index -0.1076; 77.2 s; peak memory 393 MiB.
2026-09-16T21:02:40Z INFO [79/361] 00e32beb-7882-43ef-a1d7-3d6906746a4a: Sackin index -0.0728; 0.9 s; peak memory 393 MiB.
2026-09-16T21:02:41Z INFO [80/361] 00e35ffe-1da0-47f2-86d7-a92642383292: Sackin index -0.0371; 0.9 s; peak memory 393 MiB.
2026-09-16T21:02:42Z INFO [81/361] 00e4a807-4bdf-4c95-bc2c-189d5b2ab832: Sackin index -0.0728; 0.9 s; peak memory 393 MiB.
2026-09-16T21:02:42Z INFO [82/361] 00e4bbb3-d844-4629-9a29-ad768f9d1958: Sackin index -0.1349; 0.7 s; peak memory 393 MiB.
2026-09-16T21:02:46Z INFO [83/361] 00e4d7ac-d1cd-453f-8043-07b202ba33e3: Sackin index -0.0403; 3.8 s; peak memory 393 MiB.
2026-09-16T21:03:16Z INFO [84/361] 00e57006-b9d0-4ea3-aa6f-d65ac7efdef7: Sackin index -0.1144; 29.5 s; peak memory 393 MiB.
2026-09-16T21:03:16Z INFO [85/361] 00e597c5-5d0e-4313-9933-4d664578c3f3: Sackin index -0.1349; 0.7 s; peak memory 393 MiB.
2026-09-16T21:03:17Z INFO [86/361] 00e665af-d2f9-43cc-b766-5563d58bddc0: Sackin index -0.1349; 0.7 s; peak memory 393 MiB.
2026-09-16T21:03:18Z INFO [87/361] 00e6f8a9-94c1-46d6-9130-cd0a61661d45: Sackin index -0.0709; 0.7 s; peak memory 393 MiB.
2026-09-16T21:03:19Z INFO [88/361] 00e77da4-6db6-40ee-8f42-e3011ac39b18: Sackin index -0.0470; 1.7 s; peak memory 393 MiB.
2026-09-16T21:03:20Z INFO [89/361] 00e78b14-09ea-4787-a855-99b5de62fdd9: Sackin index -0.0728; 0.9 s; peak memory 393 MiB.
2026-09-16T21:03:35Z INFO [90/361] 00e78d86-f3ac-4fbf-ab55-cb49b02d7e95: Sackin index -0.1367; 14.6 s; peak memory 393 MiB.
2026-09-16T21:03:36Z INFO [91/361] 00e877a1-010f-498d-8805-6a685bdb62fd: Sackin index -0.1273; 0.7 s; peak memory 393 MiB.
2026-09-16T21:03:36Z INFO [92/361] 00e8817d-f2c6-4b5c-9716-d42895c4491c: Sackin index -0.1082; 0.8 s; peak memory 393 MiB.
2026-09-16T21:03:44Z INFO [93/361] 00e88f98-37ce-42df-8972-36180e157bff: Sackin index -0.0215; 7.5 s; peak memory 393 MiB.
2026-09-16T21:03:47Z INFO [94/361] 00e9e1fd-4a13-4b40-b74f-0c4a199a2733: Sackin index -0.0774; 2.7 s; peak memory 393 MiB.
2026-09-16T21:03:49Z INFO [95/361] 00ea0b78-d4b6-4919-ae56-3017d42d930a: Sackin index -0.0442; 2.5 s; peak memory 393 MiB.
2026-09-16T21:03:57Z INFO [96/361] 00ea1d30-0248-46f0-951c-c4d98bfb38a2: Sackin index -0.1495; 7.8 s; peak memory 393 MiB.
2026-09-16T21:03:58Z INFO [97/361] 00ea608d-745f-441b-9f11-b9d896c8fa20: Sackin index -0.1575; 0.8 s; peak memory 393 MiB.
2026-09-16T21:03:58Z INFO [98/361] 00ea884a-60ee-4909-b21e-efa74d93f85b: Sackin index -0.1349; 0.7 s; peak memory 393 MiB.
2026-09-16T21:03:59Z INFO [99/361] 00eb216e-45f9-48b0-8314-f13c6add1f2b: Sackin index -0.1269; 1.1 s; peak memory 393 MiB.
2026-09-16T21:04:00Z INFO [100/361] 00ec0b66-b497-4496-bacb-f6d86f4488c2: Sackin index -0.1349; 0.6 s; peak memory 393 MiB.
2026-09-16T21:04:00Z INFO [100/361] 00ec0b66-b497-4496-bacb-f6d86f4488c2: checkpointed 47408 records.
2026-09-16T21:04:01Z INFO [101/361] 00ec6a12-2be2-4088-a232-ef655e68afbe: Sackin index -0.1938; 0.6 s; peak memory 393 MiB.
2026-09-16T21:04:02Z INFO [102/361] 00ecdf3a-ddf8-4068-94b0-ffdd0ce83bc0: Sackin index -0.1273; 0.9 s; peak memory 393 MiB.
2026-09-16T21:04:02Z INFO [103/361] 00ed368f-6331-43ce-870b-65f0860d3ebc: Sackin index -0.1322; 0.8 s; peak memory 393 MiB.
2026-09-16T21:04:04Z INFO [104/361] 00ee1248-ed02-4e30-a619-972f236f2460: Sackin index -0.0676; 1.5 s; peak memory 393 MiB.
2026-09-16T21:04:05Z INFO [105/361] 00ef4748-35a7-481d-bbf5-a2a2141926a1: Sackin index -0.1461; 0.7 s; peak memory 393 MiB.
2026-09-16T21:04:05Z INFO [106/361] 00efd4e9-31c2-48cc-ae74-485c7ab792e3: Sackin index -0.0991; 0.8 s; peak memory 393 MiB.
2026-09-16T21:04:06Z INFO [107/361] 00f05350-9849-4ded-828a-ae23fe6d94ea: Sackin index -0.1938; 0.5 s; peak memory 393 MiB.
2026-09-16T21:04:07Z INFO [108/361] 00f108a0-fe32-46fd-a81d-f7b8841529d3: Sackin index -0.0702; 0.9 s; peak memory 393 MiB.
2026-09-16T21:04:10Z INFO [109/361] 00f1832b-1a44-4ecd-8744-6b067667b91f: Sackin index -0.0403; 3.6 s; peak memory 393 MiB.
2026-09-16T21:04:14Z INFO [110/361] 00f1f5ec-1793-4f24-84af-2e6aa757ed50: Sackin index -0.0238; 3.2 s; peak memory 393 MiB.
2026-09-16T21:04:14Z INFO [111/361] 00f23e61-8723-475e-9a89-e8b112df8f58: Sackin index -0.0388; 0.7 s; peak memory 393 MiB.
2026-09-16T21:04:15Z INFO [112/361] 00f28ea4-86bd-4aa3-8c6d-d9de489f168e: Sackin index -0.1349; 0.8 s; peak memory 393 MiB.
2026-09-16T21:04:19Z INFO [113/361] 00f30533-8e54-4ed8-9d56-f1cc0f851edb: Sackin index -0.0440; 3.7 s; peak memory 393 MiB.
2026-09-16T21:04:19Z INFO [114/361] 00f50f6a-2327-40ef-9478-0a9f6ed95c75: Sackin index -0.0967; 0.8 s; peak memory 393 MiB.
2026-09-16T21:04:20Z INFO [115/361] 00f61082-b984-4dae-891f-6ee46202c443: Sackin index -0.1349; 0.7 s; peak memory 393 MiB.
2026-09-16T21:04:21Z INFO [116/361] 00f698ba-c812-45f3-b7d5-5341a93dbffd: Sackin index -0.0728; 1.0 s; peak memory 393 MiB.
2026-09-16T21:04:22Z INFO [117/361] 00f7507d-57fc-40e7-b2c8-5d98a09f4295: Sackin index -0.1298; 0.6 s; peak memory 393 MiB.
2026-09-16T21:04:22Z INFO [118/361] 00f775dc-f1e9-46e0-ae3d-555c7023badf: Sackin index -0.0745; 0.6 s; peak memory 393 MiB.
2026-09-16T21:04:25Z INFO [119/361] 00f83574-6dd7-4cfe-a7ed-4d11b29d73ef: Sackin index -0.0403; 2.8 s; peak memory 393 MiB.
2026-09-16T21:04:26Z INFO [120/361] 00f894f2-153f-4eca-bd24-f2e9067226bd: Sackin index -0.0375; 1.3 s; peak memory 393 MiB.
2026-09-16T21:04:27Z INFO [121/361] 00f95ccd-2ff3-4152-b21a-79d4996643f2: Sackin index -0.0728; 0.9 s; peak memory 393 MiB.
2026-09-16T21:04:31Z INFO [122/361] 00fb2571-330a-4dbe-be2b-6739516c67e2: Sackin index -0.0403; 3.6 s; peak memory 393 MiB.
2026-09-16T21:04:33Z INFO [123/361] 00fc5840-72f6-486c-9ca9-e8adfe121307: Sackin index -0.0797; 1.9 s; peak memory 393 MiB.
2026-09-16T21:04:34Z INFO [124/361] 00fd6f3f-7389-46f0-91b1-b9750e3d478b: Sackin index -0.1224; 1.2 s; peak memory 393 MiB.
2026-09-16T21:04:36Z INFO [125/361] 00ff0a29-635b-4f9c-80f3-0f18b4986e68: Sackin index -0.1938; 1.6 s; peak memory 393 MiB.
2026-09-16T21:04:37Z INFO [126/361] 00ff136b-a0e8-482a-9e73-edb8bbae83c2: Sackin index -0.0745; 1.3 s; peak memory 393 MiB.
2026-09-16T21:04:38Z INFO [127/361] 00ff136d-5b2a-43ad-8588-541cbb28a46a: Sackin index -0.0380; 0.7 s; peak memory 393 MiB.
2026-09-16T21:04:39Z INFO [128/361] 00ff2686-17be-45c3-aa5d-8e374a60ce6f: Sackin index -0.0728; 1.1 s; peak memory 393 MiB.
2026-09-16T21:04:39Z INFO [129/361] 00ff5542-eb6f-49ab-879a-889ca920fb20: Sackin index -0.1298; 0.6 s; peak memory 393 MiB.
2026-09-16T21:04:40Z INFO [130/361] 00ff6bef-0169-44f4-8535-26f77519af8b: Sackin index -0.3646; 0.5 s; peak memory 393 MiB.
2026-09-16T21:04:41Z INFO [131/361] 01005cf0-a42d-4112-aabc-ae2dabba70e5: Sackin index -0.0728; 1.0 s; peak memory 393 MiB.
2026-09-16T21:04:53Z INFO [132/361] 0100a91b-d524-457c-a70d-b3c870ae171b: Sackin index -0.0124; 12.0 s; peak memory 393 MiB.
2026-09-16T21:04:56Z INFO [133/361] 0100e6d8-1162-4dee-9735-c41726c63d6b: Sackin index -0.0260; 3.7 s; peak memory 393 MiB.
2026-09-16T21:05:04Z INFO [134/361] 0100f4b1-a2b1-4af7-ada7-85328dc98787: Sackin index -0.0025; 7.4 s; peak memory 393 MiB.
2026-09-16T21:05:04Z INFO [135/361] 01025cd8-7d55-4400-94c0-6aa478d9172a: Sackin index -0.1461; 0.5 s; peak memory 393 MiB.
2026-09-16T21:05:14Z INFO [136/361] 0102c2f3-60a4-488e-b6fc-69b1f51dc9e6: Sackin index -0.0373; 10.0 s; peak memory 393 MiB.
2026-09-16T21:05:24Z INFO [137/361] 0102d8f3-96a1-4245-8852-260eb453b315: Sackin index -0.0035; 10.0 s; peak memory 393 MiB.
2026-09-16T21:05:25Z INFO [138/361] 01030806-9bec-4b0a-9c9d-240d2ca125f4: Sackin index -0.0702; 0.9 s; peak memory 393 MiB.
2026-09-16T21:05:28Z INFO [139/361] 01038b1e-9eef-44b2-a1f0-9fbd0155d170: Sackin index -0.0537; 2.9 s; peak memory 393 MiB.
2026-09-16T21:05:29Z INFO [140/361] 01044701-340e-4c44-8e08-5f6b7da34583: Sackin index -0.0676; 1.4 s; peak memory 393 MiB.
2026-09-16T21:05:31Z INFO [141/361] 01045c4a-1ce3-4459-a40b-819d3a863974: Sackin index -0.0699; 1.5 s; peak memory 393 MiB.
2026-09-16T21:05:32Z INFO [142/361] 0104da1f-358b-4d16-9571-de561481e67c: Sackin index -0.0745; 0.9 s; peak memory 393 MiB.
2026-09-16T21:05:33Z INFO [143/361] 010514e6-3364-49dd-ba94-a2da82d827e1: Sackin index -0.1160; 1.3 s; peak memory 393 MiB.
2026-09-16T21:05:34Z INFO [144/361] 0105529d-76f8-42db-9b70-8b59801d2b75: Sackin index -0.1658; 0.4 s; peak memory 393 MiB.
2026-09-16T21:05:34Z INFO [145/361] 01056ad1-d6a9-44b8-94a7-f4b89ca78877: Sackin index -0.1349; 0.7 s; peak memory 393 MiB.
2026-09-16T21:05:35Z INFO [146/361] 01056e6a-dcdf-4d7d-9231-6db8d504fc83: Sackin index -0.1349; 0.7 s; peak memory 393 MiB.
2026-09-16T21:05:36Z INFO [147/361] 0105931d-8c86-47df-8d33-4f24f473fbc3: Sackin index -0.0696; 0.8 s; peak memory 393 MiB.
2026-09-16T21:05:39Z INFO [148/361] 0105f19f-2167-48c1-9223-d3a163c532b2: Sackin index -0.0403; 2.9 s; peak memory 393 MiB.
2026-09-16T21:05:39Z INFO [149/361] 010667e7-5860-4c78-9a2e-b67a654cf66c: Sackin index -0.1349; 0.7 s; peak memory 393 MiB.
2026-09-16T21:05:40Z INFO [150/361] 010709c4-2a25-4267-b135-510763ea4dcf: Sackin index -0.1349; 0.7 s; peak memory 393 MiB.
2026-09-16T21:05:40Z INFO [150/361] 010709c4-2a25-4267-b135-510763ea4dcf: checkpointed 47458 records.
2026-09-16T21:05:41Z INFO [151/361] 01093dc5-ae22-479e-ac42-77e45e19de62: Sackin index -0.1349; 0.8 s; peak memory 393 MiB.
2026-09-16T21:05:42Z INFO [152/361] 0109ede8-3875-4c29-8d7d-8c333c64cda3: Sackin index -0.0375; 0.9 s; peak memory 393 MiB.
2026-09-16T21:05:42Z INFO [153/361] 010a1067-7a24-47ee-b891-55aa45f87d9a: Sackin index -0.1239; 0.6 s; peak memory 393 MiB.
2026-09-16T21:05:43Z INFO [154/361] 010a53d6-39c7-4b24-8157-b0ab2ed3cb2c: Sackin index -0.1658; 0.4 s; peak memory 393 MiB.
2026-09-16T21:05:45Z INFO [155/361] 010a711a-2fdf-4253-a451-8d7dd0a71c43: Sackin index -0.0648; 2.0 s; peak memory 393 MiB.
2026-09-16T21:05:46Z INFO [156/361] 010ae818-ed18-4b65-b537-8d801ae5f84e: Sackin index -0.0702; 0.8 s; peak memory 393 MiB.
2026-09-16T21:06:11Z INFO [157/361] 010b3dae-21e0-42d3-bb12-9c2602f26d81: Sackin index -0.1076; 25.1 s; peak memory 393 MiB.
2026-09-16T21:06:12Z INFO [158/361] 010b43c3-3562-4d54-9bf0-5f3df1c441fa: Sackin index -0.1026; 0.8 s; peak memory 393 MiB.
2026-09-16T21:06:15Z INFO [159/361] 010cc507-f24c-407e-8d56-4ce70c9f2257: Sackin index -0.0245; 3.7 s; peak memory 393 MiB.
2026-09-16T21:06:17Z INFO [160/361] 010df9a3-db61-49f2-83f3-1a061485bd21: Sackin index -0.0694; 1.7 s; peak memory 393 MiB.
2026-09-16T21:06:18Z INFO [161/361] 010f19ac-f9d8-4174-b9a3-f0e4ef86427c: Sackin index -0.1716; 0.7 s; peak memory 393 MiB.
2026-09-16T21:06:18Z INFO [162/361] 010f401f-cc8a-4719-bd4a-03396e670118: Sackin index -0.1349; 0.7 s; peak memory 393 MiB.
2026-09-16T21:06:19Z INFO [163/361] 010f4a33-1b6d-4518-8b79-0eaa9fe882e7: Sackin index -0.1349; 0.7 s; peak memory 393 MiB.
2026-09-16T21:06:20Z INFO [164/361] 010f4d0f-cb96-470a-aac8-fc387ae725fd: Sackin index -0.1349; 0.7 s; peak memory 393 MiB.
2026-09-16T21:06:21Z INFO [165/361] 010fc173-e16f-4e45-84e0-c1d6c122a736: Sackin index -0.0376; 0.9 s; peak memory 393 MiB.
2026-09-16T21:06:21Z INFO [166/361] 01107436-49df-4047-9ff5-737e348ebd7a: Sackin index -0.0696; 0.8 s; peak memory 393 MiB.
2026-09-16T21:06:22Z INFO [167/361] 0111310d-408b-48d8-a873-6a7f0e3d1583: Sackin index -0.1349; 0.7 s; peak memory 393 MiB.
2026-09-16T21:06:23Z INFO [168/361] 01119d8b-fe6b-43cb-b6e7-2306674a674b: Sackin index -0.0696; 0.7 s; peak memory 393 MiB.
2026-09-16T21:06:50Z INFO [169/361] 0111a5c2-66e7-48e8-a37f-83034140add2: Sackin index -0.0034; 27.4 s; peak memory 393 MiB.
2026-09-16T21:06:51Z INFO [170/361] 0111e881-5a76-44a2-ad25-de2d837d3c81: Sackin index -0.1349; 0.8 s; peak memory 393 MiB.
2026-09-16T21:06:53Z INFO [171/361] 01122841-e353-4f69-a11c-0a870d191f42: Sackin index -0.0665; 1.8 s; peak memory 393 MiB.
2026-09-16T21:06:53Z INFO [172/361] 0112fb69-cae0-4771-9d5b-8c588af92ab2: Sackin index -0.1439; 0.5 s; peak memory 393 MiB.
2026-09-16T21:06:54Z INFO [173/361] 0114464f-6b6e-404c-9bd6-fa20f5d301c6: Sackin index -0.0369; 1.0 s; peak memory 393 MiB.
2026-09-16T21:06:58Z INFO [174/361] 01151426-24bc-437b-8d4d-edc2c27cfb9b: Sackin index -0.0438; 3.6 s; peak memory 393 MiB.
2026-09-16T21:07:00Z INFO [175/361] 01152842-31e5-4950-b814-e5bad0e0db64: Sackin index -0.0699; 1.6 s; peak memory 393 MiB.
2026-09-16T21:07:00Z INFO [176/361] 0115ef99-4141-4fcc-bb71-0423f8cc3e7c: Sackin index -0.0728; 0.8 s; peak memory 393 MiB.
2026-09-16T21:07:01Z INFO [177/361] 01167503-75bb-4f12-9bae-21d800f7e280: Sackin index -0.1349; 0.7 s; peak memory 393 MiB.
2026-09-16T21:07:02Z INFO [178/361] 011681d7-6634-4a7a-b09c-5f16cca3aafa: Sackin index -0.0702; 0.8 s; peak memory 393 MiB.
2026-09-16T21:07:02Z INFO [179/361] 011697f0-e3be-4b5a-a3a3-7e1ff29ee15a: Sackin index -0.1349; 0.6 s; peak memory 393 MiB.
2026-09-16T21:07:04Z INFO [180/361] 0116b7d1-86dd-4407-8bc3-4d3190283793: Sackin index -0.0704; 1.7 s; peak memory 393 MiB.
2026-09-16T21:07:05Z INFO [181/361] 01178be1-44d8-4079-bcca-35114b8733b0: Sackin index -0.1349; 0.8 s; peak memory 393 MiB.
2026-09-16T21:07:10Z INFO [182/361] 01179baa-feae-404e-b3e8-447f7172fedb: Sackin index -0.0169; 5.3 s; peak memory 393 MiB.
2026-09-16T21:07:11Z INFO [183/361] 0118309c-d7a5-4f5c-97c9-7ebf24e60dce: Sackin index -0.0728; 0.9 s; peak memory 393 MiB.
2026-09-16T21:07:12Z INFO [184/361] 0118548d-5a16-451f-848a-ea3660e497ee: Sackin index -0.1349; 0.8 s; peak memory 393 MiB.
2026-09-16T21:07:13Z INFO [185/361] 0118eaf5-0707-4688-b9d2-05a8706b8169: Sackin index -0.0702; 0.8 s; peak memory 393 MiB.
2026-09-16T21:07:14Z INFO [186/361] 011907c7-6339-41d2-b46d-5151f7e8f88e: Sackin index -0.1349; 0.7 s; peak memory 393 MiB.
2026-09-16T21:07:15Z INFO [187/361] 011910c9-2e6c-419a-81fc-ed052187fa28: Sackin index -0.0643; 1.4 s; peak memory 393 MiB.
2026-09-16T21:07:16Z INFO [188/361] 01198562-ea7d-479b-aab9-45fe3f8f35bd: Sackin index -0.1349; 0.7 s; peak memory 393 MiB.
2026-09-16T21:07:16Z INFO [189/361] 01198c70-480f-4a07-a57a-368fd6df0a4a: Sackin index -0.1319; 0.6 s; peak memory 393 MiB.
2026-09-16T21:07:17Z INFO [190/361] 0119be57-ec5a-4c90-95f1-681c52a6a7f9: Sackin index -0.0709; 0.7 s; peak memory 393 MiB.
2026-09-16T21:33:18Z INFO [191/361] 011a04c3-e2c1-4abc-ad03-7c2858c2598c: Sackin index -0.0090; 1561.4 s; peak memory 1118 MiB.
2026-09-16T21:33:19Z INFO [192/361] 011a55e9-3311-4a51-ad6c-aef7c60bcf11: Sackin index -0.1658; 0.7 s; peak memory 1118 MiB.
2026-09-16T21:33:20Z INFO [193/361] 011b72a5-5238-4bb0-be36-82cd7d31ee75: Sackin index -0.1191; 0.8 s; peak memory 1118 MiB.
2026-09-16T21:33:26Z INFO [194/361] 011c2eaf-24a6-4ed7-87fc-667d1034aaf6: Sackin index -0.0150; 6.3 s; peak memory 1118 MiB.
2026-09-16T21:33:40Z INFO [195/361] 011ca13d-d85a-4b89-a88c-7fde5d92d665: Sackin index -0.0194; 13.6 s; peak memory 1118 MiB.
2026-09-16T21:33:41Z INFO [196/361] 011cf9a0-e87e-4f79-95f9-67997b479608: Sackin index -0.0413; 0.9 s; peak memory 1118 MiB.
2026-09-16T21:33:42Z INFO [197/361] 011d5655-a0f3-4aa8-b3b7-da1a5b5634e6: Sackin index -0.0434; 0.9 s; peak memory 1118 MiB.
2026-09-16T21:33:45Z INFO [198/361] 011dab7b-cf65-4993-b70a-c9569dff1126: Sackin index -0.0251; 3.2 s; peak memory 1118 MiB.
2026-09-16T21:33:46Z INFO [199/361] 011f37eb-3309-4457-a1c9-ead15b5d9c4f: Sackin index -0.0449; 1.0 s; peak memory 1118 MiB.
2026-09-16T21:33:46Z INFO [200/361] 011f424f-b0ef-43ab-a9c8-9d987f531192: Sackin index -0.0707; 0.5 s; peak memory 1118 MiB.
2026-09-16T21:33:46Z INFO [200/361] 011f424f-b0ef-43ab-a9c8-9d987f531192: checkpointed 47508 records.
2026-09-16T21:35:12Z INFO [201/361] 01217700-2d0b-4001-b9f6-b7eae1530655: Sackin index -0.0741; 85.9 s; peak memory 1118 MiB.
2026-09-16T21:35:17Z INFO [202/361] 0121ea6f-66e1-4c48-89ec-72868e1f6bb0: Sackin index -0.0219; 4.6 s; peak memory 1118 MiB.
2026-09-16T21:35:29Z INFO [203/361] 01227298-1dda-4f97-84ed-477c393ec322: Sackin index -0.0052; 11.5 s; peak memory 1118 MiB.
2026-09-16T21:35:29Z INFO [204/361] 0122ad05-5c07-42da-9b86-3b4c0d6d14ec: Sackin index -0.0728; 0.8 s; peak memory 1118 MiB.
2026-09-16T21:35:31Z INFO [205/361] 01231b55-48c5-4a2f-995b-4d4c1bcaa126: Sackin index -0.0660; 1.8 s; peak memory 1118 MiB.
2026-09-16T21:35:32Z INFO [206/361] 0123f7c5-c73d-4fd1-a564-ae764b3a1d42: Sackin index -0.1349; 0.8 s; peak memory 1118 MiB.
2026-09-16T21:35:33Z INFO [207/361] 01246bac-5d36-46ac-80e2-10d9fc0d6d1a: Sackin index -0.1402; 0.8 s; peak memory 1118 MiB.
2026-09-16T21:35:39Z INFO [208/361] 012471ec-0c0a-40b8-8886-6ba2d14a7820: Sackin index -0.0198; 6.1 s; peak memory 1118 MiB.
2026-09-16T21:35:40Z INFO [209/361] 01248047-4865-4396-ac72-f9459f5776b1: Sackin index -0.0365; 1.3 s; peak memory 1118 MiB.
2026-09-16T21:35:41Z INFO [210/361] 01250de4-b2d4-4319-83e8-f74e35d68340: Sackin index -0.0985; 1.0 s; peak memory 1118 MiB.
2026-09-16T21:35:42Z INFO [211/361] 0125ee10-1c79-4dff-b3ee-53da43b646f4: Sackin index -0.0369; 1.1 s; peak memory 1118 MiB.
2026-09-16T21:35:43Z INFO [212/361] 01260494-2547-4b3b-aeb1-dc90cb10763f: Sackin index -0.0275; 1.2 s; peak memory 1118 MiB.
2026-09-16T21:35:44Z INFO [213/361] 01267434-b611-4d15-8590-afd79ab244ac: Sackin index -0.1349; 0.7 s; peak memory 1118 MiB.
2026-09-16T21:35:45Z INFO [214/361] 01273496-159e-4a52-8a04-48efa87627a9: Sackin index -0.1349; 0.6 s; peak memory 1118 MiB.
2026-09-16T21:35:46Z INFO [215/361] 0127d732-0506-4135-8f61-99f98312f555: Sackin index -0.0350; 1.1 s; peak memory 1118 MiB.
2026-09-16T21:35:47Z INFO [216/361] 0127ddcf-62e0-44a3-ae8d-34ec2f9b10e6: Sackin index -0.1322; 0.8 s; peak memory 1118 MiB.
2026-09-16T21:35:48Z INFO [217/361] 0127fa6d-cd02-4c7a-84e2-6b30978450a8: Sackin index -0.0728; 0.9 s; peak memory 1118 MiB.
2026-09-16T21:35:48Z INFO [218/361] 0128128a-07ee-4d39-9b80-0a6d2baac29a: Sackin index -0.0696; 0.7 s; peak memory 1118 MiB.
2026-09-16T21:35:49Z INFO [219/361] 01285052-d01a-4261-b5d8-a1f184b231b1: Sackin index -0.1448; 0.5 s; peak memory 1118 MiB.
2026-09-16T21:35:49Z INFO [220/361] 01287558-80a8-47a0-81d7-ab479896330b: Sackin index -0.0702; 0.7 s; peak memory 1118 MiB.
2026-09-16T21:35:50Z INFO [221/361] 0128ad39-1fa3-4cc4-906d-3a6a6a2df1fd: Sackin index -0.1248; 0.7 s; peak memory 1118 MiB.
2026-09-16T21:35:51Z INFO [222/361] 01290fe4-1297-4621-80b6-6e79f338c29d: Sackin index -0.0702; 0.8 s; peak memory 1118 MiB.
2026-09-16T21:35:52Z INFO [223/361] 012928eb-3301-473a-baf4-162e48f3ab38: Sackin index -0.0728; 1.0 s; peak memory 1118 MiB.
2026-09-16T21:35:53Z INFO [224/361] 012b0764-f32c-4230-8b74-59b25998c702: Sackin index -0.1000; 0.8 s; peak memory 1118 MiB.
2026-09-16T21:35:54Z INFO [225/361] 012b5715-e870-4e24-93c0-f003c7fde412: Sackin index -0.0521; 0.9 s; peak memory 1118 MiB.
2026-09-16T21:35:55Z INFO [226/361] 012bfaa2-8f3d-4a96-abd8-7c4a4d1433fe: Sackin index -0.0722; 0.9 s; peak memory 1118 MiB.
2026-09-16T21:35:55Z INFO [227/361] 012d4597-06be-4a31-a904-74587f9be965: Sackin index -0.1349; 0.6 s; peak memory 1118 MiB.
2026-09-16T21:35:59Z INFO [228/361] 012e4305-f133-461d-a60d-5380568a0a83: Sackin index -0.1362; 4.3 s; peak memory 1118 MiB.
2026-09-16T21:36:00Z INFO [229/361] 012e6a3c-1890-40d4-8de3-2e1d007ab8ed: Sackin index -0.1349; 0.6 s; peak memory 1118 MiB.
2026-09-16T21:36:01Z INFO [230/361] 012f9ce2-3933-4317-aa98-eca8e7da8e60: Sackin index -0.1439; 0.4 s; peak memory 1118 MiB.
2026-09-16T21:36:01Z INFO [231/361] 01309169-ae2e-419d-9b2a-34622ba13d69: Sackin index -0.0702; 0.7 s; peak memory 1118 MiB.
2026-09-16T21:36:11Z INFO [232/361] 0130b998-ee1d-4068-a32d-6d83d8059ac6: Sackin index -0.0035; 9.3 s; peak memory 1118 MiB.
2026-09-16T21:36:11Z INFO [233/361] 01310ed8-6b4a-4016-be13-7060d1b5be24: Sackin index -0.1349; 0.6 s; peak memory 1118 MiB.
2026-09-16T21:36:12Z INFO [234/361] 01319b03-376e-42fe-94a0-294a870c7e1e: Sackin index -0.1349; 0.6 s; peak memory 1118 MiB.
2026-09-16T21:36:18Z INFO [235/361] 01320703-8017-4ab6-a724-c0bca3b4fe48: Sackin index -0.0308; 5.8 s; peak memory 1118 MiB.
2026-09-16T21:36:25Z INFO [236/361] 0132306a-a8da-4847-bc51-7d13538cabf1: Sackin index -0.0262; 7.1 s; peak memory 1118 MiB.
2026-09-16T21:36:25Z INFO [237/361] 01335491-c0a9-47a3-9b05-a86988894ec8: Sackin index -0.0715; 0.7 s; peak memory 1118 MiB.
2026-09-16T21:36:26Z INFO [238/361] 0134355c-bed0-4e41-9902-ec7a6eb0745d: Sackin index -0.1349; 0.7 s; peak memory 1118 MiB.
2026-09-16T21:36:31Z INFO [239/361] 0134d6f4-28a9-4910-a605-c50a878e67c0: Sackin index -0.0209; 5.2 s; peak memory 1118 MiB.
2026-09-16T21:36:32Z INFO [240/361] 0135148d-1fb6-4285-88d4-e9a555c2d6ed: Sackin index -0.0369; 0.8 s; peak memory 1118 MiB.
2026-09-16T21:36:33Z INFO [241/361] 013622ba-9066-466c-a110-f1e6d6976ea6: Sackin index -0.0702; 0.8 s; peak memory 1118 MiB.
2026-09-16T21:36:37Z INFO [242/361] 01369381-a089-46ca-a30d-ad3863fcd2bc: Sackin index -0.0940; 4.4 s; peak memory 1118 MiB.
2026-09-16T21:36:38Z INFO [243/361] 0136c854-1a12-43c3-8ac6-87f1c0db4db2: Sackin index -0.1403; 0.5 s; peak memory 1118 MiB.
2026-09-16T21:43:10Z INFO [244/361] 013708b0-9dff-494a-b857-5f4bac9d8b27: Sackin index -0.0667; 392.3 s; peak memory 1132 MiB.
2026-09-16T21:43:11Z INFO [245/361] 01373927-de1b-4447-a56b-e201969366e5: Sackin index -0.0702; 0.9 s; peak memory 1132 MiB.
2026-09-16T21:43:12Z INFO [246/361] 0137a0df-2ced-4ec8-8331-cae9ac88f074: Sackin index -0.1254; 0.6 s; peak memory 1132 MiB.
2026-09-16T21:43:12Z INFO [247/361] 0137bee4-f70b-441e-b50b-3264e2a0c857: Sackin index -0.2003; 0.5 s; peak memory 1132 MiB.
2026-09-16T21:43:13Z INFO [248/361] 01383972-296d-4723-8ddd-99cf38207972: Sackin index -0.1273; 0.8 s; peak memory 1132 MiB.
2026-09-16T21:43:15Z INFO [249/361] 01391180-57f9-4c2c-97a7-ba754a34e1bd: Sackin index -0.0693; 2.0 s; peak memory 1132 MiB.
2026-09-16T21:43:16Z INFO [250/361] 01391cc5-fae1-4cc5-ab24-8a7a12f4662e: Sackin index -0.1349; 0.6 s; peak memory 1132 MiB.
2026-09-16T21:43:16Z INFO [250/361] 01391cc5-fae1-4cc5-ab24-8a7a12f4662e: checkpointed 47558 records.
2026-09-16T21:43:16Z INFO [251/361] 0139423f-b39a-4240-895f-05cf77d06caf: Sackin index -0.1766; 0.7 s; peak memory 1132 MiB.
2026-09-16T21:43:17Z INFO [252/361] 0139c9fc-08b8-4d50-a98c-11ffabe56303: Sackin index -0.1349; 0.7 s; peak memory 1132 MiB.
2026-09-16T21:43:18Z INFO [253/361] 013ac0c9-0f04-42b2-87e0-a8f3eaf8b743: Sackin index -0.0371; 0.8 s; peak memory 1132 MiB.
2026-09-16T21:43:19Z INFO [254/361] 013be054-7a3c-4137-843b-68a966189011: Sackin index -0.0169; 1.4 s; peak memory 1132 MiB.
2026-09-16T21:43:20Z INFO [255/361] 013c48c1-0bec-49ad-ab14-48a3f456e76f: Sackin index -0.1101; 0.7 s; peak memory 1132 MiB.
2026-09-16T21:43:21Z INFO [256/361] 013cfc78-2b64-4122-82b0-5fe0bd1884bd: Sackin index -0.0728; 0.9 s; peak memory 1132 MiB.
2026-09-16T21:43:22Z INFO [257/361] 013da430-ee76-4848-bf77-988a1e3dfe86: Sackin index -0.0728; 0.9 s; peak memory 1132 MiB.
2026-09-16T21:43:22Z INFO [258/361] 013e08bc-34d6-4a83-a8a4-8fc9addcf318: Sackin index -0.0896; 0.8 s; peak memory 1132 MiB.
2026-09-16T21:43:30Z INFO [259/361] 013e1535-148a-4217-82d6-e077d5f5263b: Sackin index -0.0143; 8.0 s; peak memory 1132 MiB.
2026-09-16T21:43:34Z INFO [260/361] 013eba67-2f1f-40db-966f-b64408fa314a: Sackin index -0.0403; 3.2 s; peak memory 1132 MiB.
2026-09-16T21:43:35Z INFO [261/361] 013ee48b-6f74-48f7-98d4-9d861fb113fd: Sackin index -0.1938; 1.4 s; peak memory 1132 MiB.
2026-09-16T21:43:36Z INFO [262/361] 013f1071-43d5-42ae-a99a-7e7afd1b39bd: Sackin index -0.1349; 0.6 s; peak memory 1132 MiB.
2026-09-16T21:43:36Z INFO [263/361] 013fc33d-33c5-40aa-ac66-132fc17458a5: Sackin index -0.1273; 0.8 s; peak memory 1132 MiB.
2026-09-16T21:43:37Z INFO [264/361] 01408484-ca0e-48f3-b4c7-507ce7ea576b: Sackin index -0.1120; 0.5 s; peak memory 1132 MiB.
2026-09-16T21:43:45Z INFO [265/361] 01409a5b-c41d-4264-96f8-944867e896ac: Sackin index -0.0187; 7.7 s; peak memory 1132 MiB.
2026-09-16T21:43:45Z INFO [266/361] 0141518a-c7d5-4c37-a8ea-9ac78d807509: Sackin index -0.0881; 0.8 s; peak memory 1132 MiB.
2026-09-16T21:43:47Z INFO [267/361] 0141687b-bbc1-47cb-a367-386766cfc3f1: Sackin index -0.0681; 1.1 s; peak memory 1132 MiB.
2026-09-16T21:43:48Z INFO [268/361] 0141bd01-81a7-410e-b678-9da56a66ffb5: Sackin index -0.0457; 0.9 s; peak memory 1132 MiB.
2026-09-16T21:43:48Z INFO [269/361] 0141c543-4ba7-4ad1-93e5-83971c3b898d: Sackin index -0.1303; 0.4 s; peak memory 1132 MiB.
2026-09-16T21:45:03Z INFO [270/361] 0141f2c9-067f-4d00-843e-8b3b6f23bd35: Sackin index -0.0005; 74.8 s; peak memory 1132 MiB.
2026-09-16T21:45:04Z INFO [271/361] 0142cbd3-3414-403d-ad3c-5bba33381fb2: Sackin index -0.0745; 0.9 s; peak memory 1132 MiB.
2026-09-16T21:45:04Z INFO [272/361] 01434485-9be7-4442-a13d-4c64f97c30c4: Sackin index -0.0728; 0.8 s; peak memory 1132 MiB.
2026-09-16T21:45:05Z INFO [273/361] 0143f0e7-3dee-4b26-b050-037014ab6be3: Sackin index -0.1356; 0.5 s; peak memory 1132 MiB.
2026-09-16T21:45:06Z INFO [274/361] 01442407-dbf8-4db9-a640-249bb9ea6732: Sackin index -0.1000; 0.8 s; peak memory 1132 MiB.
2026-09-16T21:45:17Z INFO [275/361] 0144372f-7055-4a1d-9c46-06fa28c33f7d: Sackin index -0.0026; 11.5 s; peak memory 1132 MiB.
2026-09-16T21:45:18Z INFO [276/361] 0144ed76-32d4-423f-938f-92ab52d0220f: Sackin index -0.1349; 0.6 s; peak memory 1132 MiB.
2026-09-16T21:45:19Z INFO [277/361] 01454550-ecf4-4830-83f8-e382c734c430: Sackin index -0.0693; 1.6 s; peak memory 1132 MiB.
2026-09-16T21:45:23Z INFO [278/361] 0145984b-4086-4fab-b108-1e37e75dd060: Sackin index -0.0262; 3.4 s; peak memory 1132 MiB.
2026-09-16T21:45:24Z INFO [279/361] 0145c47e-6660-43f6-8cb3-221236e8aeb2: Sackin index -0.0369; 1.4 s; peak memory 1132 MiB.
2026-09-16T21:45:25Z INFO [280/361] 01468d42-dec0-40b6-993d-f141c90b9879: Sackin index -0.1239; 0.7 s; peak memory 1132 MiB.
2026-09-16T21:45:27Z INFO [281/361] 01469870-88c7-4a6d-89c8-b7850ce40f7a: Sackin index -0.0660; 1.9 s; peak memory 1132 MiB.
2026-09-16T21:45:28Z INFO [282/361] 0147872d-d853-4210-b794-c1a511812873: Sackin index -0.1461; 0.8 s; peak memory 1132 MiB.
2026-09-16T21:45:28Z INFO [283/361] 0147ac93-0858-4197-ac62-96e0a369a8df: Sackin index -0.0881; 0.7 s; peak memory 1132 MiB.
2026-09-16T21:45:29Z INFO [284/361] 0147b9dd-7f25-40fa-9863-359519928a19: Sackin index -0.1938; 0.6 s; peak memory 1132 MiB.
2026-09-16T21:45:31Z INFO [285/361] 01483937-f0e4-46de-82ee-090ae41de0de: Sackin index -0.0676; 1.6 s; peak memory 1132 MiB.
2026-09-16T21:45:31Z INFO [286/361] 01494c8f-99e2-47c4-9f6b-75731a9e92ca: Sackin index -0.1349; 0.8 s; peak memory 1132 MiB.
2026-09-16T21:45:38Z INFO [287/361] 014baab9-d881-4b79-a9f6-8cb6d87ccd26: Sackin index -0.0037; 6.8 s; peak memory 1132 MiB.
2026-09-16T21:45:39Z INFO [288/361] 014c6212-5e6a-487d-af00-4ea33e74fc47: Sackin index -0.0702; 0.8 s; peak memory 1132 MiB.
2026-09-16T21:45:39Z INFO [289/361] 014c6358-166e-451d-8c84-8fc33ebc91f7: Sackin index -0.1938; 0.6 s; peak memory 1132 MiB.
2026-09-16T21:45:41Z INFO [290/361] 014d43a1-cc66-4919-ad1e-4d3d184c789f: Sackin index -0.1183; 1.1 s; peak memory 1132 MiB.
2026-09-16T21:45:42Z INFO [291/361] 014d46cc-b30f-4d02-9cbf-dbf29a9c3160: Sackin index -0.0379; 1.0 s; peak memory 1132 MiB.
2026-09-16T21:45:42Z INFO [292/361] 014ee524-355b-474c-8e9a-d232beced00b: Sackin index -0.0881; 0.8 s; peak memory 1132 MiB.
2026-09-16T21:45:43Z INFO [293/361] 014eea14-8bb8-4cb8-90fd-f60dcd9094ff: Sackin index -0.0702; 0.6 s; peak memory 1132 MiB.
2026-09-16T21:45:45Z INFO [294/361] 01505972-99b4-4686-bc0a-f0d081c6b951: Sackin index -0.0699; 1.5 s; peak memory 1132 MiB.
2026-09-16T21:45:47Z INFO [295/361] 0150a3a4-949b-4b5c-9647-07e73b95c3f8: Sackin index -0.1266; 2.2 s; peak memory 1132 MiB.
2026-09-16T21:45:57Z INFO [296/361] 01511a0a-3a72-4a58-ade2-d17bdad04743: Sackin index -0.1287; 10.5 s; peak memory 1132 MiB.
2026-09-16T21:45:58Z INFO [297/361] 01513d25-0368-47d5-b35a-efad91197084: Sackin index -0.0881; 0.9 s; peak memory 1132 MiB.
2026-09-16T21:46:00Z INFO [298/361] 0151b0fd-ac0a-4c74-97e0-56c99b426d7c: Sackin index -0.0870; 1.6 s; peak memory 1132 MiB.
2026-09-16T21:46:00Z INFO [299/361] 015351a9-cc97-43af-8780-444e540b48d2: Sackin index -0.1938; 0.5 s; peak memory 1132 MiB.
2026-09-16T21:46:02Z INFO [300/361] 0154f625-0795-4f8e-b94a-323fac86b8d4: Sackin index -0.0369; 1.3 s; peak memory 1132 MiB.
2026-09-16T21:46:02Z INFO [300/361] 0154f625-0795-4f8e-b94a-323fac86b8d4: checkpointed 47608 records.
2026-09-16T21:46:15Z INFO [301/361] 0155be04-2ae5-4d0e-b5a5-9cccb96599fb: Sackin index -0.1367; 12.9 s; peak memory 1132 MiB.
2026-09-16T21:46:16Z INFO [302/361] 0155dd13-f233-44fc-9944-8e152f866f5a: Sackin index -0.0699; 1.7 s; peak memory 1132 MiB.
2026-09-16T21:46:29Z INFO [303/361] 01564de4-cb29-4df3-afb4-f59fd6e24d00: Sackin index -0.1367; 12.8 s; peak memory 1132 MiB.
2026-09-16T21:46:30Z INFO [304/361] 0158f927-93f2-47e7-8622-73f7ee9901bd: Sackin index -0.0702; 0.8 s; peak memory 1132 MiB.
2026-09-16T21:46:31Z INFO [305/361] 0159ca81-1ddf-40b5-b68e-a87ae288c649: Sackin index -0.0593; 1.5 s; peak memory 1132 MiB.
2026-09-16T21:46:32Z INFO [306/361] 015ceb69-73b4-4cc0-a668-f5c88c9ca8e1: Sackin index -0.1000; 0.8 s; peak memory 1132 MiB.
2026-09-16T21:46:33Z INFO [307/361] 015d3538-11d9-4480-be74-858fa90b9519: Sackin index -0.1349; 0.6 s; peak memory 1132 MiB.
2026-09-16T21:46:33Z INFO [308/361] 016080b7-5d79-46ca-915c-0dd3e51bb7ef: Sackin index -0.1349; 0.6 s; peak memory 1132 MiB.
2026-09-16T21:46:37Z INFO [309/361] 01614321-216e-408d-bcf5-f530a8cc7911: Sackin index -0.0403; 3.4 s; peak memory 1132 MiB.
2026-09-16T21:46:37Z INFO [310/361] 01617801-b828-487d-a76f-bd3d0b3f2833: Sackin index -0.1349; 0.7 s; peak memory 1132 MiB.
2026-09-16T21:46:38Z INFO [311/361] 016226cf-7163-45f2-a972-a9eb86e46f45: Sackin index -0.1938; 0.6 s; peak memory 1132 MiB.
2026-09-16T21:46:39Z INFO [312/361] 01635e44-92c0-49d2-9d32-c1e24e5ed63b: Sackin index -0.0709; 0.8 s; peak memory 1132 MiB.
2026-09-16T21:46:39Z INFO [313/361] 01654ab6-85b2-4090-93cd-243c76f958f2: Sackin index -0.1658; 0.4 s; peak memory 1132 MiB.
2026-09-16T21:47:18Z INFO [314/361] 016593f7-dbb4-4e31-a160-a1d87848cb70: Sackin index -0.0728; 39.0 s; peak memory 1132 MiB.
2026-09-16T21:47:19Z INFO [315/361] 0165a860-50af-4b3a-a3f5-ba1561b57740: Sackin index -0.0881; 0.9 s; peak memory 1132 MiB.
2026-09-16T21:47:20Z INFO [316/361] 0165fe54-d969-422c-8d65-5269c5585822: Sackin index -0.1349; 0.7 s; peak memory 1132 MiB.
2026-09-16T21:47:21Z INFO [317/361] 01670587-9146-47a0-af2c-b9f20e037d94: Sackin index -0.0996; 1.0 s; peak memory 1132 MiB.
2026-09-16T21:47:22Z INFO [318/361] 0167318b-208f-4134-a056-150413458acd: Sackin index -0.1383; 0.8 s; peak memory 1132 MiB.
2026-09-16T21:47:22Z INFO [319/361] 01684179-1b50-4e37-b3cd-4b9dfc6d48de: Sackin index -0.0702; 0.8 s; peak memory 1132 MiB.
2026-09-16T21:47:24Z INFO [320/361] 01692953-8b53-4b41-9e22-d2bf079220ed: Sackin index -0.0824; 1.4 s; peak memory 1132 MiB.
2026-09-16T21:48:39Z INFO [321/361] 016b3638-80ea-43a5-8af5-c74b77b34973: Sackin index -0.0286; 74.9 s; peak memory 1132 MiB.
2026-09-16T21:48:44Z INFO [322/361] 016b9ad4-52c0-400c-8b88-07df3d30fc68: Sackin index -0.1310; 4.9 s; peak memory 1132 MiB.
2026-09-16T21:48:44Z INFO [323/361] 016d27e0-4f7e-478b-83ca-07847cdfb6cb: Sackin index -0.0702; 0.8 s; peak memory 1132 MiB.
2026-09-16T21:48:50Z INFO [324/361] 016d83ab-d58c-430d-ab52-8704571e27ad: Sackin index -0.0299; 5.7 s; peak memory 1132 MiB.
2026-09-16T21:48:51Z INFO [325/361] 016f1b2e-cb0b-42d8-9b44-20206ed9889f: Sackin index -0.0709; 0.8 s; peak memory 1132 MiB.
2026-09-16T21:48:52Z INFO [326/361] 016f7489-47a2-4f3c-89b9-5ef9b5198eb7: Sackin index -0.0728; 1.0 s; peak memory 1132 MiB.
2026-09-16T21:50:20Z INFO [327/361] 016f9562-af66-4068-a497-80e999ad283d: Sackin index -0.0410; 88.6 s; peak memory 1132 MiB.
2026-09-16T21:50:21Z INFO [328/361] 016fb5ef-ad30-40d1-8c4b-1ab352a06b4b: Sackin index -0.0702; 0.9 s; peak memory 1132 MiB.
2026-09-16T21:50:22Z INFO [329/361] 01704a22-b47f-4392-bd06-4eacae583f0d: Sackin index -0.1349; 0.7 s; peak memory 1132 MiB.
2026-09-16T21:50:24Z INFO [330/361] 017175d8-5327-467a-b526-23e2d812ab5f: Sackin index -0.0908; 2.0 s; peak memory 1132 MiB.
2026-09-16T21:50:25Z INFO [331/361] 01730789-0a78-432a-bc2c-48a78e65b34e: Sackin index -0.1248; 0.9 s; peak memory 1132 MiB.
2026-09-16T21:50:26Z INFO [332/361] 0173f0ee-9936-4355-a147-eee78a60d7c3: Sackin index -0.0376; 0.9 s; peak memory 1132 MiB.
2026-09-16T21:50:27Z INFO [333/361] 01742df5-5a4d-4fde-850b-db8c17d0108b: Sackin index -0.0272; 1.5 s; peak memory 1132 MiB.
2026-09-16T21:50:41Z INFO [334/361] 0175a8e2-b7ba-4174-afb6-24ac5dc9287a: Sackin index -0.1367; 13.2 s; peak memory 1132 MiB.
2026-09-16T21:50:41Z INFO [335/361] 017653bf-96b2-42fa-aaba-1a3de36d8770: Sackin index -0.0702; 0.8 s; peak memory 1132 MiB.
2026-09-16T21:50:42Z INFO [336/361] 017699a2-60a9-4faf-ad18-7ad7babb2f10: Sackin index -0.0702; 0.8 s; peak memory 1132 MiB.
2026-09-16T21:50:43Z INFO [337/361] 0178e049-ffa0-497b-82cb-7c4071edcb0b: Sackin index -0.0891; 0.8 s; peak memory 1132 MiB.
2026-09-16T21:50:48Z INFO [338/361] 0178eeb1-6e4a-4694-b38b-f48b3e52a4e3: Sackin index -0.1408; 5.2 s; peak memory 1132 MiB.
2026-09-16T21:50:49Z INFO [339/361] 01790510-2636-4d3b-9eac-f695ce3c8b85: Sackin index -0.0702; 0.8 s; peak memory 1132 MiB.
2026-09-16T21:50:50Z INFO [340/361] 01793a4f-4d43-4755-bad2-d050de232a5d: Sackin index -0.1349; 0.7 s; peak memory 1132 MiB.
2026-09-16T21:50:51Z INFO [341/361] 01794d50-6e56-4e78-9afe-33f2323b97ec: Sackin index -0.0361; 1.8 s; peak memory 1132 MiB.
2026-09-16T21:50:52Z INFO [342/361] 01796c65-e3e0-422d-91ce-3700e1dd7ca4: Sackin index -0.0709; 0.9 s; peak memory 1132 MiB.
2026-09-16T21:50:53Z INFO [343/361] 017ac6f4-c993-47e1-82b3-ef7f096a78bd: Sackin index -0.0728; 0.9 s; peak memory 1132 MiB.
2026-09-16T21:50:55Z INFO [344/361] 017b6ac1-6a8e-4261-9f86-665904b06d40: Sackin index -0.1072; 1.2 s; peak memory 1132 MiB.
2026-09-16T21:50:55Z INFO [345/361] 017cd7c5-3e31-43f2-b906-c32c01e829bc: Sackin index -0.1349; 0.7 s; peak memory 1132 MiB.
2026-09-16T21:50:57Z INFO [346/361] 017cde11-dd3d-499f-b58f-aa8e6e3f4073: Sackin index -0.0515; 1.5 s; peak memory 1132 MiB.
2026-09-16T21:50:59Z INFO [347/361] 017d0979-c3dc-4696-aa1d-733ec4253f96: Sackin index -0.0408; 2.6 s; peak memory 1132 MiB.
2026-09-16T21:51:01Z INFO [348/361] 017dd68f-6b8b-4161-a37b-7fc5853a9b80: Sackin index -0.0870; 1.6 s; peak memory 1132 MiB.
2026-09-16T21:51:02Z INFO [349/361] 017edff1-9e0a-4f87-9e41-3abf7f4d6a9b: Sackin index -0.0881; 0.9 s; peak memory 1132 MiB.
2026-09-16T21:51:03Z INFO [350/361] 017ef914-cb0c-41af-a422-696440e4c518: Sackin index -0.0272; 1.1 s; peak memory 1132 MiB.
2026-09-16T21:51:03Z INFO [350/361] 017ef914-cb0c-41af-a422-696440e4c518: checkpointed 47658 records.
2026-09-16T21:51:10Z INFO [351/361] 017f6bc6-da08-4a8c-9d4b-ac0ce5cd3f50: Sackin index -0.0158; 6.8 s; peak memory 1132 MiB.
2026-09-16T21:51:10Z INFO [352/361] 017fbc24-f0d0-45f1-8e61-17e5dd9c5153: Sackin index -0.1448; 0.5 s; peak memory 1132 MiB.
2026-09-16T21:51:15Z INFO [353/361] 01802ab2-6dc8-4ba2-a894-a15bb83e08f9: Sackin index -0.0366; 5.0 s; peak memory 1132 MiB.
2026-09-16T21:51:23Z INFO [354/361] 018257de-08fa-4f96-bf90-20151376558a: Sackin index -0.0143; 7.4 s; peak memory 1132 MiB.
2026-09-16T21:51:24Z INFO [355/361] 018298a4-9baf-4d20-a1ec-901ce86de7d6: Sackin index -0.0709; 0.7 s; peak memory 1132 MiB.
2026-09-16T21:51:24Z INFO [356/361] 01830669-e8c1-4bc1-9b22-4462f59c8888: Sackin index -0.1000; 0.8 s; peak memory 1132 MiB.
2026-09-16T21:51:25Z INFO [357/361] 01831468-b7ed-46b1-8116-3ec727d04550: Sackin index -0.0702; 0.7 s; peak memory 1132 MiB.
2026-09-16T21:51:26Z INFO [358/361] 01847af6-54fb-4a7b-92c6-cd900ab3690b: Sackin index -0.0702; 0.7 s; peak memory 1132 MiB.
2026-09-16T21:51:26Z INFO [359/361] 0185f47f-4a2f-42b0-bd93-b5f8de237e90: Sackin index -0.1248; 0.7 s; peak memory 1132 MiB.
2026-09-16T21:51:27Z INFO [360/361] 01870f90-0bf3-4225-8c12-114ed7b4964a: Sackin index -0.0494; 0.9 s; peak memory 1132 MiB.
2026-09-16T21:51:28Z INFO [361/361] 01871115-d8ba-438c-9ae6-c5874897990f: Sackin index -0.1349; 0.6 s; peak memory 1132 MiB.
2026-09-16T21:51:28Z INFO Wrote 47669 records to /tmp/derivatives/valid_nwb_file_to_sackin_index.jsonl (361 new, 0 failed) in 56.6 min (peak memory 1132 MiB).
