2026-10-09T13:25:53Z INFO Logging to /tmp/logs/update_2026-10-09T13-25-53Z.log.
2026-10-09T13:25:53Z INFO Update valid-nwb-file-to-sackin-index (base directory /tmp).
2026-10-09T13:25:53Z INFO Processing 750 items (110836 already recorded).
2026-10-09T13:25:54Z INFO [1/750] 00c4ef28-e6cd-42d4-88be-e7f5e5990879: Sackin index -0.1683; 1.1 s; peak memory 125 MiB.
2026-10-09T13:25:55Z INFO [2/750] 01d80f29-7e32-4d95-9ccb-0cfc2ca48ede: Sackin index -0.1683; 0.8 s; peak memory 125 MiB.
2026-10-09T13:25:56Z INFO [3/750] 05816952-d049-4610-bdfb-f7a3a9fe268a: Sackin index -0.1683; 0.8 s; peak memory 125 MiB.
2026-10-09T13:25:57Z INFO [4/750] 08cbe3bd-bc48-4780-bb85-49df1911ef51: Sackin index -0.1683; 0.8 s; peak memory 126 MiB.
2026-10-09T13:25:57Z INFO [5/750] 09abda3a-441a-4f03-b15e-16d56875f7a9: Sackin index -0.1683; 0.8 s; peak memory 126 MiB.
2026-10-09T13:25:58Z INFO [6/750] 09dad3d9-69a9-481e-a7db-761a9b4ca04a: Sackin index -0.1683; 0.8 s; peak memory 126 MiB.
2026-10-09T13:25:59Z INFO [7/750] 0afd79c1-9fdb-42d2-be6a-8399c523a893: Sackin index -0.1683; 0.7 s; peak memory 126 MiB.
2026-10-09T13:26:00Z INFO [8/750] 0c89a6d9-0b39-4dcd-b5c6-3d16ce012ac0: Sackin index -0.1683; 0.8 s; peak memory 126 MiB.
2026-10-09T13:26:00Z INFO [9/750] 0f3501b9-157c-4e28-bf6f-f740ae75cf71: Sackin index -0.1683; 0.7 s; peak memory 126 MiB.
2026-10-09T13:26:01Z INFO [10/750] 10f0421d-a3b3-43ed-869a-a9c9bf6353fb: Sackin index -0.1683; 0.8 s; peak memory 126 MiB.
2026-10-09T13:26:02Z INFO [11/750] 154ffd51-1f73-4cab-b302-03fed9b02b08: Sackin index -0.1683; 0.7 s; peak memory 126 MiB.
2026-10-09T13:26:03Z INFO [12/750] 15feff40-6a26-401d-a2fc-55274150d3f8: Sackin index -0.1683; 0.7 s; peak memory 126 MiB.
2026-10-09T13:26:03Z INFO [13/750] 174dc191-19f2-4e87-ba9c-da8529fee031: Sackin index -0.1683; 0.8 s; peak memory 126 MiB.
2026-10-09T13:26:04Z INFO [14/750] 189185b8-ae32-4a3c-9a0e-f1f04430b13f: Sackin index -0.1683; 0.7 s; peak memory 126 MiB.
2026-10-09T13:26:05Z INFO [15/750] 195cb35f-bd21-4d46-9eab-2aea3cd196e7: Sackin index -0.1683; 0.7 s; peak memory 127 MiB.
2026-10-09T13:26:06Z INFO [16/750] 19801fef-f4de-4ee8-b77b-f7d5e64cfeb5: Sackin index -0.1683; 0.9 s; peak memory 127 MiB.
2026-10-09T13:26:07Z INFO [17/750] 1b5ad137-5b6d-4245-ac16-36ad03a4b77b: Sackin index -0.1683; 0.8 s; peak memory 127 MiB.
2026-10-09T13:26:07Z INFO [18/750] 1c4658d7-1d90-44e2-8e9a-84a50cb2acf5: Sackin index -0.1683; 0.8 s; peak memory 127 MiB.
2026-10-09T13:26:08Z INFO [19/750] 1e6aaafd-2260-4448-8d36-94bdf93a9c6e: Sackin index -0.1683; 0.7 s; peak memory 128 MiB.
2026-10-09T13:26:09Z INFO [20/750] 1f07ea96-6e27-4990-bd62-72fe6984022d: Sackin index -0.1683; 0.8 s; peak memory 128 MiB.
2026-10-09T13:26:10Z INFO [21/750] 2214a984-c248-404c-9129-161f307f9fbc: Sackin index -0.1683; 0.8 s; peak memory 128 MiB.
2026-10-09T13:26:10Z INFO [22/750] 2384c463-d1fc-4893-8631-5671f5f4bdf2: Sackin index -0.1683; 0.7 s; peak memory 128 MiB.
2026-10-09T13:26:11Z INFO [23/750] 255ff935-b551-4e51-92e4-3edc3667ce44: Sackin index -0.1683; 0.8 s; peak memory 128 MiB.
2026-10-09T13:26:12Z INFO [24/750] 2624ad51-4d3c-407c-836f-c150ee0da4c4: Sackin index -0.1683; 0.7 s; peak memory 128 MiB.
2026-10-09T13:26:12Z INFO [25/750] 2ad6bdb2-0e43-4965-b2cb-cab709f3defc: Sackin index -0.1683; 0.7 s; peak memory 128 MiB.
2026-10-09T13:26:13Z INFO [26/750] 2bf5e85f-c3f8-41af-89e7-79ee91615515: Sackin index -0.1683; 0.7 s; peak memory 128 MiB.
2026-10-09T13:26:14Z INFO [27/750] 2c8d4520-1687-44c2-9bab-3aa1760efba6: Sackin index -0.1683; 0.8 s; peak memory 128 MiB.
2026-10-09T13:26:15Z INFO [28/750] 2e14f9af-62d4-4a1a-a6f2-84a1e1ad93d9: Sackin index -0.1683; 0.6 s; peak memory 128 MiB.
2026-10-09T13:26:15Z INFO [29/750] 2e46f2ab-4cf6-40c8-a4a9-ffd6717d155f: Sackin index -0.1683; 0.7 s; peak memory 128 MiB.
2026-10-09T13:26:16Z INFO [30/750] 2ed0aaed-6c88-4f24-ac78-0178f7c32e4a: Sackin index -0.1683; 0.7 s; peak memory 128 MiB.
2026-10-09T13:26:17Z INFO [31/750] 2ef02a1e-dfcb-47c6-a50b-f9a150123184: Sackin index -0.1683; 0.7 s; peak memory 128 MiB.
2026-10-09T13:26:17Z INFO [32/750] 2f75774e-b0d3-40a9-9d12-5f04bbaf31e9: Sackin index -0.1683; 0.7 s; peak memory 128 MiB.
2026-10-09T13:26:18Z INFO [33/750] 304e0c2e-b7df-42ea-9596-115f936fcec1: Sackin index -0.1683; 0.7 s; peak memory 128 MiB.
2026-10-09T13:26:19Z INFO [34/750] 3140644e-6805-4284-9107-1b6ae094162f: Sackin index -0.1683; 0.7 s; peak memory 128 MiB.
2026-10-09T13:26:20Z INFO [35/750] 321dfd14-72a1-40d7-856b-170eb11c475a: Sackin index -0.1683; 0.7 s; peak memory 128 MiB.
2026-10-09T13:26:20Z INFO [36/750] 326026b5-51ab-4e43-87ef-2ce1348f3890: Sackin index -0.1683; 0.8 s; peak memory 128 MiB.
2026-10-09T13:26:21Z INFO [37/750] 32c8e7f6-72a2-4d70-a63b-6e62d496c146: Sackin index -0.1683; 0.7 s; peak memory 128 MiB.
2026-10-09T13:26:22Z INFO [38/750] 344c008b-61eb-4e5c-bc4d-8465a75993f5: Sackin index -0.1683; 0.8 s; peak memory 128 MiB.
2026-10-09T13:26:23Z INFO [39/750] 344dd7d3-7a18-4b4a-85ec-769eaeff00ee: Sackin index -0.1683; 0.7 s; peak memory 128 MiB.
2026-10-09T13:26:23Z INFO [40/750] 35b21cf5-3192-46cc-bd97-cd3977446fec: Sackin index -0.1683; 0.6 s; peak memory 128 MiB.
2026-10-09T13:26:24Z INFO [41/750] 3650c75f-fc06-4b57-918d-ff4e9cd0e780: Sackin index -0.1683; 0.8 s; peak memory 128 MiB.
2026-10-09T13:26:25Z INFO [42/750] 39d6b25c-9675-4bba-b076-9264cc949aae: Sackin index -0.1683; 0.7 s; peak memory 128 MiB.
2026-10-09T13:26:26Z INFO [43/750] 3a01ba28-0cfa-4c3e-8c09-43b1a45bd2ac: Sackin index -0.1683; 0.9 s; peak memory 128 MiB.
2026-10-09T13:26:26Z INFO [44/750] 3b7edf47-bd63-4a70-bfde-3c5dd3551fc4: Sackin index -0.1683; 0.8 s; peak memory 128 MiB.
2026-10-09T13:26:27Z INFO [45/750] 3d1b5ffa-ac5f-40a8-b5d4-c1047ebfc70e: Sackin index -0.1683; 0.7 s; peak memory 128 MiB.
2026-10-09T13:26:28Z INFO [46/750] 3ee624ff-ebcf-4b4e-ba16-0c6820983763: Sackin index -0.1683; 0.7 s; peak memory 128 MiB.
2026-10-09T13:26:28Z INFO [47/750] 409dcace-624f-4b89-b539-f7a7190b816e: Sackin index -0.1683; 0.8 s; peak memory 128 MiB.
2026-10-09T13:26:29Z INFO [48/750] 40b5570c-9ca1-4bf3-9a6e-9bb00998fb56: Sackin index -0.1683; 0.7 s; peak memory 128 MiB.
2026-10-09T13:26:30Z INFO [49/750] 41908ee0-0056-4fcc-8342-39a7dc5a0b2d: Sackin index -0.1683; 0.8 s; peak memory 128 MiB.
2026-10-09T13:26:31Z INFO [50/750] 41d3f27c-bd01-4ea8-aa6d-55dc4409ad6d: Sackin index -0.1683; 0.8 s; peak memory 128 MiB.
2026-10-09T13:26:31Z INFO [50/750] 41d3f27c-bd01-4ea8-aa6d-55dc4409ad6d: checkpointed 110886 new records.
2026-10-09T13:26:32Z INFO [51/750] 42195ba1-d7b2-4694-b239-fb77efa1400d: Sackin index -0.1683; 0.8 s; peak memory 128 MiB.
2026-10-09T13:26:33Z INFO [52/750] 42734f6b-6c0b-4c98-98cd-e5dd3a974277: Sackin index -0.1683; 0.7 s; peak memory 128 MiB.
2026-10-09T13:26:33Z INFO [53/750] 467f8797-437b-4127-ba6d-60385d197673: Sackin index -0.1683; 0.8 s; peak memory 128 MiB.
2026-10-09T13:26:34Z INFO [54/750] 46bbe41c-a530-4787-a905-cd252c52bd2d: Sackin index -0.1683; 0.8 s; peak memory 128 MiB.
2026-10-09T13:26:35Z INFO [55/750] 476b92b0-5433-46b6-a067-39aae4be126c: Sackin index -0.1683; 0.7 s; peak memory 128 MiB.
2026-10-09T13:26:35Z INFO [56/750] 486e55ad-c38c-4c37-b0ec-97afe0acf4e9: Sackin index -0.1683; 0.7 s; peak memory 129 MiB.
2026-10-09T13:26:36Z INFO [57/750] 499f34e9-ebd0-4a0a-bd08-04fd3d1bd8b3: Sackin index -0.1683; 0.7 s; peak memory 129 MiB.
2026-10-09T13:26:37Z INFO [58/750] 4bbc9d3e-7937-4923-b2a2-c300e0d5700b: Sackin index -0.1683; 0.8 s; peak memory 129 MiB.
2026-10-09T13:26:38Z INFO [59/750] 4f17fe77-3760-48cc-9aa8-7b10a14e17f2: Sackin index -0.1683; 0.6 s; peak memory 129 MiB.
2026-10-09T13:26:38Z INFO [60/750] 505f3f86-5f41-4105-877a-94c41544857e: Sackin index -0.1683; 0.7 s; peak memory 129 MiB.
2026-10-09T13:26:39Z INFO [61/750] 51492069-0c3a-4581-96b6-5c4744ab8dd5: Sackin index -0.1683; 0.8 s; peak memory 129 MiB.
2026-10-09T13:26:40Z INFO [62/750] 52236d03-f8de-4af2-b817-2b35e63c7ae5: Sackin index -0.1683; 0.7 s; peak memory 129 MiB.
2026-10-09T13:26:40Z INFO [63/750] 559a9afc-44e7-4776-b153-103d08298abf: Sackin index -0.1683; 0.7 s; peak memory 129 MiB.
2026-10-09T13:26:41Z INFO [64/750] 58f5f824-8a90-4456-9a47-7253e172669c: Sackin index -0.1683; 0.8 s; peak memory 129 MiB.
2026-10-09T13:26:42Z INFO [65/750] 599850d9-24ef-417d-853e-073a6ca47d63: Sackin index -0.1683; 0.7 s; peak memory 129 MiB.
2026-10-09T13:26:43Z INFO [66/750] 59993431-0d59-4c74-b825-d49316093fae: Sackin index -0.1683; 0.7 s; peak memory 129 MiB.
2026-10-09T13:26:43Z INFO [67/750] 5a04619e-df79-41fc-87ce-fa80dc8236f6: Sackin index -0.1683; 0.7 s; peak memory 129 MiB.
2026-10-09T13:26:44Z INFO [68/750] 5a59f92b-7bc3-4989-8d17-60a9007d5f7a: Sackin index -0.1683; 0.7 s; peak memory 129 MiB.
2026-10-09T13:26:45Z INFO [69/750] 5be2779f-5bf5-4da1-9907-7b99a3f8279e: Sackin index -0.1683; 0.8 s; peak memory 129 MiB.
2026-10-09T13:26:46Z INFO [70/750] 5c273177-d678-4c8c-a86f-a3f2c54b3550: Sackin index -0.1683; 0.7 s; peak memory 129 MiB.
2026-10-09T13:26:48Z INFO [71/750] 5d8f5e01-2aa6-40c2-be3e-256a16d08b90: Sackin index -0.0813; 2.2 s; peak memory 130 MiB.
2026-10-09T13:26:48Z INFO [72/750] 5d911df1-7b72-4bf3-a3a1-6c159d62b982: Sackin index -0.1683; 0.7 s; peak memory 130 MiB.
2026-10-09T13:26:49Z INFO [73/750] 5dc71473-65d9-4e78-950e-b3aa2990923e: Sackin index -0.1683; 0.7 s; peak memory 130 MiB.
2026-10-09T13:26:50Z INFO [74/750] 6029e3f0-cbf8-4955-b356-d837efc40e9f: Sackin index -0.1683; 0.7 s; peak memory 130 MiB.
2026-10-09T13:26:50Z INFO [75/750] 604cd569-0c27-481f-8b66-123aa6459420: Sackin index -0.1683; 0.6 s; peak memory 130 MiB.
2026-10-09T13:26:51Z INFO [76/750] 63eb08cc-f28b-4f9d-a176-43d8447e5e70: Sackin index -0.1683; 0.7 s; peak memory 130 MiB.
2026-10-09T13:26:52Z INFO [77/750] 6514d3e9-6278-4c60-9b48-b3aec03013b8: Sackin index -0.1683; 0.7 s; peak memory 130 MiB.
2026-10-09T13:26:52Z INFO [78/750] 668f2810-c4c7-4042-bb50-6c5f932711b1: Sackin index -0.1683; 0.7 s; peak memory 130 MiB.
2026-10-09T13:26:53Z INFO [79/750] 66eeab5d-09a7-4247-a5d4-2af80eca7daf: Sackin index -0.1683; 0.7 s; peak memory 130 MiB.
2026-10-09T13:26:54Z INFO [80/750] 687f986d-524a-40e2-addd-83342cb00f1c: Sackin index -0.1683; 0.7 s; peak memory 131 MiB.
2026-10-09T13:26:55Z INFO [81/750] 6992bd6a-a935-49c5-9c0d-32bceaa8740c: Sackin index -0.1683; 0.7 s; peak memory 131 MiB.
2026-10-09T13:26:55Z INFO [82/750] 6a8aacf0-89f9-447c-a5fd-b814e3476946: Sackin index -0.1683; 0.7 s; peak memory 131 MiB.
2026-10-09T13:26:56Z INFO [83/750] 6c03fb93-f3fc-4132-81d5-0b89cc76f1c2: Sackin index -0.1683; 0.8 s; peak memory 131 MiB.
2026-10-09T13:26:57Z INFO [84/750] 6cd6b77c-ce9c-4cbc-a4e6-be9f2349f3d5: Sackin index -0.1683; 0.7 s; peak memory 131 MiB.
2026-10-09T13:26:58Z INFO [85/750] 6dd04b99-276d-448a-b8ce-6aee2ffd71bd: Sackin index -0.1683; 0.8 s; peak memory 131 MiB.
2026-10-09T13:26:58Z INFO [86/750] 6e194ccd-7603-4eb5-b17d-73e8bf99dc3b: Sackin index -0.1683; 0.7 s; peak memory 131 MiB.
2026-10-09T13:26:59Z INFO [87/750] 7253d405-35e2-45ef-95e6-18257185a9fa: Sackin index -0.1683; 0.7 s; peak memory 131 MiB.
2026-10-09T13:27:00Z INFO [88/750] 7321efcb-8169-4aab-8aea-ce90c184f4fa: Sackin index -0.1683; 0.9 s; peak memory 131 MiB.
2026-10-09T13:27:01Z INFO [89/750] 7369ceed-8af4-4123-8131-13f03deebefc: Sackin index -0.1683; 0.7 s; peak memory 131 MiB.
2026-10-09T13:27:01Z INFO [90/750] 74b44cac-1604-4bb9-bc92-287998c04c2e: Sackin index -0.1683; 0.7 s; peak memory 131 MiB.
2026-10-09T13:27:02Z INFO [91/750] 763148a9-b424-4ec0-8959-001585e3e7c8: Sackin index -0.1683; 0.9 s; peak memory 131 MiB.
2026-10-09T13:27:03Z INFO [92/750] 76cdfa5e-160c-41ea-8c02-8595bec3fd99: Sackin index -0.1683; 0.8 s; peak memory 131 MiB.
2026-10-09T13:27:04Z INFO [93/750] 77543c26-5186-48ce-9029-12bf5a4ad9f5: Sackin index -0.1683; 0.8 s; peak memory 131 MiB.
2026-10-09T13:27:04Z INFO [94/750] 777c6a1b-66b1-4f6a-92dd-a44518995f4b: Sackin index -0.1683; 0.7 s; peak memory 131 MiB.
2026-10-09T13:27:05Z INFO [95/750] 77b33f1d-7aa6-411a-9455-a353bfc0c27a: Sackin index -0.1683; 0.7 s; peak memory 131 MiB.
2026-10-09T13:27:06Z INFO [96/750] 7b16ada0-f572-40c7-b556-4b82c509f34c: Sackin index -0.1683; 0.7 s; peak memory 131 MiB.
2026-10-09T13:27:07Z INFO [97/750] 7b3ae653-740d-4dc3-8a19-3f5598c3182c: Sackin index -0.1683; 0.8 s; peak memory 131 MiB.
2026-10-09T13:27:08Z INFO [98/750] 7c2a1377-b820-4f75-a37d-eda1ae442fcc: Sackin index -0.1683; 0.9 s; peak memory 131 MiB.
2026-10-09T13:27:08Z INFO [99/750] 7d395972-9377-410d-9932-a10266544e52: Sackin index -0.1683; 0.7 s; peak memory 131 MiB.
2026-10-09T13:27:09Z INFO [100/750] 7f49b836-3180-4983-a951-49711ba860ac: Sackin index -0.1683; 0.6 s; peak memory 131 MiB.
2026-10-09T13:27:09Z INFO [100/750] 7f49b836-3180-4983-a951-49711ba860ac: checkpointed 110936 new records.
2026-10-09T13:27:10Z INFO [101/750] 8215daed-f961-484b-a6e1-d1a873813e2e: Sackin index -0.1683; 0.8 s; peak memory 131 MiB.
2026-10-09T13:27:11Z INFO [102/750] 82f0c1cf-930b-4294-96d8-c3cd26f86815: Sackin index -0.1683; 0.7 s; peak memory 131 MiB.
2026-10-09T13:27:11Z INFO [103/750] 84819b02-3b62-4af2-aa6e-95671ff08f88: Sackin index -0.1683; 0.8 s; peak memory 131 MiB.
2026-10-09T13:27:17Z INFO [104/750] 84b4ef4a-1e6e-414f-ba13-4df1687d5338: Sackin index -0.0341; 5.6 s; peak memory 144 MiB.
2026-10-09T13:27:18Z INFO [105/750] 84b5ef86-7081-445f-b06e-b29275fc3989: Sackin index -0.1349; 0.6 s; peak memory 144 MiB.
2026-10-09T13:27:19Z INFO [106/750] 84b636f2-1f7b-48b8-b26c-84d99de63bd9: Sackin index -0.0699; 1.7 s; peak memory 144 MiB.
2026-10-09T13:27:20Z INFO [107/750] 84b65be5-2455-40f2-978a-ab40b0b6e493: Sackin index -0.1349; 0.8 s; peak memory 144 MiB.
2026-10-09T13:27:23Z INFO [108/750] 84b67585-a9c6-49a9-8c77-bd5f9e246f63: Sackin index -0.0235; 2.8 s; peak memory 144 MiB.
2026-10-09T13:27:25Z INFO [109/750] 84b6dcbe-a57a-46ba-91ab-4d7ae3e05ebb: Sackin index -0.0350; 2.0 s; peak memory 144 MiB.
2026-10-09T13:27:27Z INFO [110/750] 84b7c675-1ce8-4ab5-88df-6bd7c7700e74: Sackin index -0.0797; 2.3 s; peak memory 144 MiB.
2026-10-09T13:27:28Z INFO [111/750] 84b83d69-fe05-42ce-995f-40c220528b11: Sackin index -0.0275; 1.2 s; peak memory 144 MiB.
2026-10-09T13:27:30Z INFO [112/750] 84b8f459-a8c9-4be3-8d57-4a85d65f5c8a: Sackin index -0.0681; 1.7 s; peak memory 144 MiB.
2026-10-09T13:27:36Z INFO [113/750] 84b94900-586a-481a-80e5-b7e6f29643fe: Sackin index -0.0315; 5.5 s; peak memory 149 MiB.
2026-10-09T13:27:36Z INFO [114/750] 84b98375-f8e1-43bb-95ce-27d2fbec6e18: Sackin index -0.1349; 0.8 s; peak memory 149 MiB.
2026-10-09T13:27:41Z INFO [115/750] 84b9d112-69c4-46da-b8d0-1d3e4c387b1c: Sackin index -0.0251; 4.8 s; peak memory 149 MiB.
2026-10-09T13:27:42Z INFO [116/750] 84ba1fe2-0e7f-49b9-91f8-c9b27fc91476: Sackin index -0.1938; 0.7 s; peak memory 149 MiB.
2026-10-09T13:45:34Z INFO [117/750] 84baa5e7-50cc-499d-8d0e-03bd2f7d1c01: Sackin index -0.0451; 1072.2 s; peak memory 1124 MiB.
2026-10-09T13:45:36Z INFO [118/750] 84bc1cd8-35e3-46ca-a1e8-ed4fbc2e7e7b: Sackin index -0.0675; 2.0 s; peak memory 1124 MiB.
2026-10-09T13:47:22Z INFO [119/750] 84bc8495-4eab-47bf-88a0-321f549b3830: Sackin index -0.0450; 105.7 s; peak memory 1124 MiB.
2026-10-09T13:47:24Z INFO [120/750] 84bcd0b9-eada-4310-8a0b-51ea5b48af80: Sackin index -0.0660; 1.9 s; peak memory 1124 MiB.
2026-10-09T13:47:59Z INFO [121/750] 84bd644d-f36a-409f-91b9-11049cca517b: Sackin index -0.0014; 35.4 s; peak memory 1124 MiB.
2026-10-09T13:48:00Z INFO [122/750] 84be2aab-8b6a-4b47-b4a1-322f3e604f3c: Sackin index -0.0696; 0.7 s; peak memory 1124 MiB.
2026-10-09T13:48:00Z INFO [123/750] 84bedbe8-ec2d-416e-9669-8679649e774b: Sackin index -0.0569; 0.9 s; peak memory 1124 MiB.
2026-10-09T13:48:01Z INFO [124/750] 84befda5-2433-4791-be21-d4173e439362: Sackin index -0.0376; 0.9 s; peak memory 1124 MiB.
2026-10-09T13:48:02Z INFO [125/750] 84bf280d-70e0-4868-b6f9-f34289614590: Sackin index -0.0732; 0.9 s; peak memory 1124 MiB.
2026-10-09T13:48:04Z INFO [126/750] 84bf2bf9-2910-4c73-ac60-5933154f63dc: Sackin index -0.0699; 1.7 s; peak memory 1124 MiB.
2026-10-09T13:48:05Z INFO [127/750] 84bfa596-6e00-4fc2-82f9-4d5a55588f84: Sackin index -0.1349; 0.8 s; peak memory 1124 MiB.
2026-10-09T13:48:05Z INFO [128/750] 84bfe44d-cf68-424f-944f-3d88126ce49c: Sackin index -0.1938; 0.6 s; peak memory 1124 MiB.
2026-10-09T13:48:09Z INFO [129/750] 84c03c70-016e-4b52-885d-cd8b62a5304a: Sackin index -0.0284; 3.7 s; peak memory 1124 MiB.
2026-10-09T13:48:21Z INFO [130/750] 84c047e0-64fa-40df-b7d7-bd6f25a1ae03: Sackin index -0.1462; 12.2 s; peak memory 1124 MiB.
2026-10-09T13:48:22Z INFO [131/750] 84c066b5-d7b3-485d-b6bd-9e48a0c5d322: Sackin index -0.0745; 0.7 s; peak memory 1124 MiB.
2026-10-09T13:48:22Z INFO [132/750] 84c07311-c3d4-4261-9a99-dca2a1a4ed57: Sackin index -0.2168; 0.4 s; peak memory 1124 MiB.
2026-10-09T13:48:24Z INFO [133/750] 84c101bf-fcd2-44b2-967d-73d930dd9c5b: Sackin index -0.0670; 1.7 s; peak memory 1124 MiB.
2026-10-09T13:52:17Z INFO [134/750] 84c1984b-6fe0-4e8c-ac73-322a01e313d0: Sackin index -0.0605; 233.4 s; peak memory 1124 MiB.
2026-10-09T13:52:26Z INFO [135/750] 84c1fefb-6c56-4a4b-84a6-642d865e40e5: Sackin index -0.0262; 8.9 s; peak memory 1124 MiB.
2026-10-09T13:52:28Z INFO [136/750] 84c29893-f36a-4687-b825-bf8b2b9d1892: Sackin index -0.0693; 1.9 s; peak memory 1124 MiB.
2026-10-09T13:53:38Z INFO [137/750] 84c38b50-bce7-4003-9803-14c0389ee6cf: Sackin index -0.0007; 69.5 s; peak memory 1124 MiB.
2026-10-09T13:53:40Z INFO [138/750] 84c3cd2d-b0e7-4233-85cb-6e3c94798ff3: Sackin index -0.0660; 2.1 s; peak memory 1124 MiB.
2026-10-09T13:53:59Z INFO [139/750] 84c3d2f6-b9ef-4ba5-96ea-0c895285d483: Sackin index -0.0024; 19.4 s; peak memory 1124 MiB.
2026-10-09T13:54:00Z INFO [140/750] 84c4b2f1-739a-4a2c-82b0-a7bbdfc5ec20: Sackin index -0.1349; 0.8 s; peak memory 1124 MiB.
2026-10-09T13:54:03Z INFO [141/750] 84c5a0b9-3bc7-46fb-b056-7d7feefd97c9: Sackin index -0.0539; 2.8 s; peak memory 1124 MiB.
2026-10-09T13:54:03Z INFO [142/750] 84c5df25-58ec-4e2f-8023-60e12bac7c4f: Sackin index -0.0696; 0.8 s; peak memory 1124 MiB.
2026-10-09T13:54:06Z INFO [143/750] 84c5f38c-89fb-44c6-bdde-d9927416ea91: Sackin index -0.0533; 2.1 s; peak memory 1124 MiB.
2026-10-09T13:54:07Z INFO [144/750] 84c6de9a-540d-487a-aec4-841cbd87b4f4: Sackin index -0.0699; 1.7 s; peak memory 1124 MiB.
2026-10-09T13:54:11Z INFO [145/750] 84c7f646-db04-4731-ac35-c6b19e5fb41d: Sackin index -0.0201; 4.1 s; peak memory 1124 MiB.
2026-10-09T13:54:12Z INFO [146/750] 84c81a3c-3336-4654-8cb2-b2aff5e6d0e9: Sackin index -0.1349; 0.8 s; peak memory 1124 MiB.
2026-10-09T13:54:13Z INFO [147/750] 84c8dc13-b81c-476d-a9c3-08d0c5f70754: Sackin index -0.1349; 0.7 s; peak memory 1124 MiB.
2026-10-09T13:54:17Z INFO [148/750] 84cb3bef-85fa-4409-bb22-b1a14a9b8728: Sackin index -0.0383; 3.6 s; peak memory 1124 MiB.
2026-10-09T13:54:17Z INFO [149/750] 84cb82ab-0611-4695-9580-be50cb14fdc9: Sackin index -0.0748; 0.8 s; peak memory 1124 MiB.
2026-10-09T13:54:19Z INFO [150/750] 84ccdbb8-7331-49c5-a51d-d720a8d7107e: Sackin index -0.0676; 1.5 s; peak memory 1124 MiB.
2026-10-09T13:54:19Z INFO [150/750] 84ccdbb8-7331-49c5-a51d-d720a8d7107e: checkpointed 110986 new records.
2026-10-09T13:54:20Z INFO [151/750] 84cd222d-f7a7-4e5c-bfb0-9d683c4adb10: Sackin index -0.0728; 0.9 s; peak memory 1124 MiB.
2026-10-09T13:54:21Z INFO [152/750] 84cd29da-56fc-486c-85d3-777e76d87b82: Sackin index -0.1658; 0.7 s; peak memory 1124 MiB.
2026-10-09T13:54:22Z INFO [153/750] 84cdb80b-9ab9-4f2d-bb7e-6e22fdcb0803: Sackin index -0.1191; 0.7 s; peak memory 1124 MiB.
2026-10-09T13:54:22Z INFO [154/750] 84cdcb72-6190-45bc-b7e2-be85ae6e5f04: Sackin index -0.1356; 0.5 s; peak memory 1124 MiB.
2026-10-09T13:54:23Z INFO [155/750] 84ce9f63-2113-44ed-a558-877abab39f27: Sackin index -0.0702; 0.9 s; peak memory 1124 MiB.
2026-10-09T13:54:24Z INFO [156/750] 84cea58d-e38d-4d26-afc6-761b49dc571f: Sackin index -0.0359; 1.0 s; peak memory 1124 MiB.
2026-10-09T13:54:25Z INFO [157/750] 84cf13f0-b913-4425-a9a3-1ca3f5d27f02: Sackin index -0.0748; 0.8 s; peak memory 1124 MiB.
2026-10-09T13:54:25Z INFO [158/750] 84cfce42-c9ed-4bc6-8887-2f59a58ae867: Sackin index -0.1658; 0.6 s; peak memory 1124 MiB.
2026-10-09T13:54:37Z INFO [159/750] 84d04c2e-c06a-4412-ae49-f5dc1e9bc268: Sackin index -0.0035; 11.4 s; peak memory 1124 MiB.
2026-10-09T13:54:38Z INFO [160/750] 84d5f3ef-5b56-4673-b6bc-881b3ee6adf2: Sackin index -0.0709; 1.0 s; peak memory 1124 MiB.
2026-10-09T13:54:39Z INFO [161/750] 84d652d0-c456-4d37-a86e-15bd08878b19: Sackin index -0.1254; 0.8 s; peak memory 1124 MiB.
2026-10-09T13:54:39Z INFO [162/750] 84d673bc-9ac0-47d7-aae5-2153fef5bdb8: Sackin index -0.1938; 0.7 s; peak memory 1124 MiB.
2026-10-09T13:54:41Z INFO [163/750] 84d7fc5d-ab33-431d-97c6-65e3a9f6de79: Sackin index -0.0699; 2.0 s; peak memory 1124 MiB.
2026-10-09T13:54:43Z INFO [164/750] 84d80009-c1f8-4064-a707-3abfe0c6cfb7: Sackin index -0.0562; 2.1 s; peak memory 1124 MiB.
2026-10-09T13:54:45Z INFO [165/750] 84d83e6b-e249-4b5b-82cc-bd10c12f1b66: Sackin index -0.0728; 1.3 s; peak memory 1124 MiB.
2026-10-09T13:54:46Z INFO [166/750] 84d84f73-784b-491a-ba75-5d7bfda5b49e: Sackin index -0.1349; 1.0 s; peak memory 1124 MiB.
2026-10-09T13:54:52Z INFO [167/750] 84d90c7e-97cf-403f-b5d7-afbe6651ad52: Sackin index -0.0157; 6.0 s; peak memory 1124 MiB.
2026-10-09T13:54:53Z INFO [168/750] 84d98a3e-918d-4f9b-9557-6da3808981c7: Sackin index -0.1273; 1.2 s; peak memory 1124 MiB.
2026-10-09T13:54:53Z INFO [169/750] 84d9b467-650a-4018-8603-1e580e2f52db: Sackin index -0.1658; 0.6 s; peak memory 1124 MiB.
2026-10-09T13:54:54Z INFO [170/750] 84da0ccf-30c0-4f1e-a9a2-2cb3da76077a: Sackin index -0.3646; 0.6 s; peak memory 1124 MiB.
2026-10-09T13:54:55Z INFO [171/750] 84da8c2b-0cee-4f00-8b16-a1f0b106a66e: Sackin index -0.0369; 1.1 s; peak memory 1124 MiB.
2026-10-09T13:54:56Z INFO [172/750] 84dc7470-cc1c-4099-8e3b-e8a51a6f8e43: Sackin index -0.1658; 0.7 s; peak memory 1124 MiB.
2026-10-09T13:54:58Z INFO [173/750] 84dea408-74d0-4069-8336-13cb8cd85cc6: Sackin index -0.0272; 1.8 s; peak memory 1124 MiB.
2026-10-09T13:54:59Z INFO [174/750] 84df950d-8d76-471a-aa4d-d633ea4c50f7: Sackin index -0.1191; 1.1 s; peak memory 1124 MiB.
2026-10-09T13:55:00Z INFO [175/750] 84e14d5a-ed1a-4845-93d9-e8b53e789c4c: Sackin index -0.0728; 0.9 s; peak memory 1124 MiB.
2026-10-09T13:55:01Z INFO [176/750] 84e2022f-ae56-44e5-b163-db2b394b6e97: Sackin index -0.0275; 1.1 s; peak memory 1124 MiB.
2026-10-09T13:55:01Z INFO [177/750] 84e30f20-cd38-4bf5-91bd-c7ee32e4ddc1: Sackin index -0.2000; 0.5 s; peak memory 1124 MiB.
2026-10-09T13:55:03Z INFO [178/750] 84e37db4-5913-4245-a314-a549295abd85: Sackin index -0.0699; 1.6 s; peak memory 1124 MiB.
2026-10-09T13:55:08Z INFO [179/750] 84e41dcf-ee6e-46d8-836a-7475be07b061: Sackin index -0.0341; 5.5 s; peak memory 1124 MiB.
2026-10-09T13:55:22Z INFO [180/750] 84e4f0cd-7054-46d8-816a-1c20a22e716c: Sackin index -0.0239; 13.4 s; peak memory 1124 MiB.
2026-10-09T13:55:23Z INFO [181/750] 84e5a3f5-4cb2-46af-afd7-ee87757332ef: Sackin index -0.0702; 0.8 s; peak memory 1124 MiB.
2026-10-09T13:55:23Z INFO [182/750] 84e5d8cf-8551-4cb3-a945-a04b75a3a99b: Sackin index -0.1191; 0.8 s; peak memory 1124 MiB.
2026-10-09T13:55:24Z INFO [183/750] 84e68167-2826-454a-9dd4-6f376ac1bcd2: Sackin index -0.0745; 0.6 s; peak memory 1124 MiB.
2026-10-09T13:55:26Z INFO [184/750] 84e8d3b1-31c7-43f2-be8f-0f11aff711ba: Sackin index -0.0648; 2.2 s; peak memory 1124 MiB.
2026-10-09T13:55:27Z INFO [185/750] 84e8fb68-086e-4642-84ce-89c3f2bc93a5: Sackin index -0.1349; 0.7 s; peak memory 1124 MiB.
2026-10-09T13:55:34Z INFO [186/750] 84e98120-2163-498e-b8dd-e068a7bbbf07: Sackin index -0.0158; 6.7 s; peak memory 1124 MiB.
2026-10-09T13:55:36Z INFO [187/750] 84e9b4cd-a791-411f-9966-fa606890ae45: Sackin index -0.1938; 1.9 s; peak memory 1124 MiB.
2026-10-09T13:55:36Z INFO [188/750] 84e9fbb2-c37e-4073-aeaf-55e249ff29b2: Sackin index -0.0709; 0.9 s; peak memory 1124 MiB.
2026-10-09T13:55:44Z INFO [189/750] 84ea44ee-30f7-441f-919f-c3a3219f245c: Sackin index -0.0783; 7.8 s; peak memory 1124 MiB.
2026-10-09T13:55:46Z INFO [190/750] 84ea64e2-d33a-42fd-8b74-8178c9a8b3c7: Sackin index -0.1293; 1.3 s; peak memory 1124 MiB.
2026-10-09T13:55:49Z INFO [191/750] 84eab424-aef7-4213-af3a-970322e6bf8b: Sackin index -0.0251; 3.4 s; peak memory 1124 MiB.
2026-10-09T13:55:50Z INFO [192/750] 84eb5ffc-7a71-412f-86c0-c4ca8b663f74: Sackin index -0.1349; 0.9 s; peak memory 1124 MiB.
2026-10-09T13:55:52Z INFO [193/750] 84ebfdfd-5f5e-437d-9d91-c824acf60b07: Sackin index -0.0699; 1.8 s; peak memory 1124 MiB.
2026-10-09T13:55:57Z INFO [194/750] 84ec0883-6026-4e40-9f0f-c6cc257c6907: Sackin index -0.0169; 5.5 s; peak memory 1124 MiB.
2026-10-09T13:55:58Z INFO [195/750] 84ecab7b-0bab-4e77-b256-31af118fe8bd: Sackin index -0.0696; 0.8 s; peak memory 1124 MiB.
2026-10-09T13:55:59Z INFO [196/750] 84ecb0da-22ae-482b-9cac-99d51da3779c: Sackin index -0.0376; 1.2 s; peak memory 1124 MiB.
2026-10-09T13:56:01Z INFO [197/750] 84eccfa9-f3f7-49bf-9db6-e9ba60c190f5: Sackin index -0.0369; 1.9 s; peak memory 1124 MiB.
2026-10-09T13:56:02Z INFO [198/750] 84ed01b4-24de-4049-94e0-e23fb69e9046: Sackin index -0.1349; 0.8 s; peak memory 1124 MiB.
2026-10-09T13:56:06Z INFO [199/750] 84ed94cb-6684-4e85-adfd-d42d99819481: Sackin index -0.0251; 4.1 s; peak memory 1124 MiB.
2026-10-09T13:56:07Z INFO [200/750] 84ee7ce3-5e6e-4b51-adf4-d451541656fe: Sackin index -0.0702; 0.8 s; peak memory 1124 MiB.
2026-10-09T13:56:07Z INFO [200/750] 84ee7ce3-5e6e-4b51-adf4-d451541656fe: checkpointed 111036 new records.
2026-10-09T13:56:08Z INFO [201/750] 84ef6995-6923-4ca3-b7fd-e8f8571f86cf: Sackin index -0.0774; 0.8 s; peak memory 1124 MiB.
2026-10-09T13:56:08Z INFO [202/750] 84f0d397-c032-4125-8cb5-b2063f62d97a: Sackin index -0.3646; 0.5 s; peak memory 1124 MiB.
2026-10-09T13:56:09Z INFO [203/750] 84f23ec4-b0ce-4698-ad77-3e53efc5f2eb: Sackin index -0.1000; 1.0 s; peak memory 1124 MiB.
2026-10-09T13:56:10Z INFO [204/750] 84f25289-49c0-4bb8-a6d3-8aa4856b5144: Sackin index -0.0702; 0.7 s; peak memory 1124 MiB.
2026-10-09T13:56:11Z INFO [205/750] 84f34f4b-d449-47b0-ad11-bc11f1d70f6d: Sackin index -0.0369; 1.3 s; peak memory 1124 MiB.
2026-10-09T13:56:17Z INFO [206/750] 84f351a5-4011-4c03-9c6a-f8141dc937c6: Sackin index -0.0167; 5.5 s; peak memory 1124 MiB.
2026-10-09T13:56:18Z INFO [207/750] 84f37cd9-f756-49b6-8ac5-b182dedb5332: Sackin index -0.0728; 1.0 s; peak memory 1124 MiB.
2026-10-09T13:56:19Z INFO [208/750] 84f3b5a4-803e-4825-a438-e1079cf9da33: Sackin index -0.0376; 1.2 s; peak memory 1124 MiB.
2026-10-09T13:56:20Z INFO [209/750] 84f50d29-ac8d-451a-b37a-7bce6743022b: Sackin index -0.1349; 0.7 s; peak memory 1124 MiB.
2026-10-09T13:56:20Z INFO [210/750] 84f5b5ba-7b0b-4cf9-b02b-aaba0e15f277: Sackin index -0.0702; 0.8 s; peak memory 1124 MiB.
2026-10-09T13:56:25Z INFO [211/750] 84f653dd-1d72-4246-8786-8be4f1859578: Sackin index -0.0435; 4.3 s; peak memory 1124 MiB.
2026-10-09T13:56:26Z INFO [212/750] 84f67082-e0e9-4e97-856d-7e9fa600ddac: Sackin index -0.0941; 1.4 s; peak memory 1124 MiB.
2026-10-09T13:56:27Z INFO [213/750] 84f736a3-64e0-431f-8d51-341574e0a882: Sackin index -0.1349; 0.7 s; peak memory 1124 MiB.
2026-10-09T13:56:27Z INFO [214/750] 84f80249-adfd-46ee-82c4-d81a7f87a4d4: Sackin index -0.1349; 0.6 s; peak memory 1124 MiB.
2026-10-09T13:56:28Z INFO [215/750] 84f813ac-e8e0-4cba-85be-9bc763aacb3f: Sackin index -0.1349; 0.8 s; peak memory 1124 MiB.
2026-10-09T13:56:29Z INFO [216/750] 84f8311e-a498-4d6d-861e-a102054d6caa: Sackin index -0.0369; 1.1 s; peak memory 1124 MiB.
2026-10-09T13:56:30Z INFO [217/750] 84f85e95-7f01-4b63-b1cc-29652650ea8f: Sackin index -0.0702; 0.9 s; peak memory 1124 MiB.
2026-10-09T13:56:31Z INFO [218/750] 84f90a87-0cfa-4533-bec9-ab8aa54b4f7f: Sackin index -0.0752; 1.2 s; peak memory 1124 MiB.
2026-10-09T13:56:38Z INFO [219/750] 84f921da-af37-475a-a599-745a290d3034: Sackin index -0.0100; 7.2 s; peak memory 1124 MiB.
2026-10-09T13:56:39Z INFO [220/750] 84f99074-94ee-4c78-ac27-7deca1665376: Sackin index -0.0275; 1.2 s; peak memory 1124 MiB.
2026-10-09T13:56:40Z INFO [221/750] 84fa39a3-ea99-4b35-9361-5c1a358b8116: Sackin index -0.1349; 0.7 s; peak memory 1124 MiB.
2026-10-09T13:57:11Z INFO [222/750] 84fb2524-9ab7-4d93-a520-cdab89ad7733: Sackin index -0.0225; 31.0 s; peak memory 1124 MiB.
2026-10-09T13:57:15Z INFO [223/750] 84fbd22b-af23-4824-b061-fc320f8df9ad: Sackin index -0.0263; 3.7 s; peak memory 1124 MiB.
2026-10-09T13:57:29Z INFO [224/750] 84fc09b7-5d8c-44c2-ac94-35fc36cfb757: Sackin index -0.0349; 13.7 s; peak memory 1124 MiB.
2026-10-09T13:57:30Z INFO [225/750] 84fc343a-cef7-4efe-aade-70148190568a: Sackin index -0.0715; 0.9 s; peak memory 1124 MiB.
2026-10-09T13:57:30Z INFO [226/750] 84fd1c6e-4b54-46ef-9a25-8d0d24d0ca83: Sackin index -0.1191; 0.7 s; peak memory 1124 MiB.
2026-10-09T13:57:34Z INFO [227/750] 84fd7bd0-372f-465c-ae02-1427108801e9: Sackin index -0.0251; 3.9 s; peak memory 1124 MiB.
2026-10-09T13:57:35Z INFO [228/750] 84fe6439-98d1-48f8-8603-cd68681e5003: Sackin index -0.1239; 0.6 s; peak memory 1124 MiB.
2026-10-09T13:57:36Z INFO [229/750] 84fe7dcc-028e-4917-987a-26ad3f2fce61: Sackin index -0.0735; 0.9 s; peak memory 1124 MiB.
2026-10-09T13:57:41Z INFO [230/750] 84feb5eb-6399-4974-b138-7ac2f36dde8c: Sackin index -0.0385; 5.7 s; peak memory 1124 MiB.
2026-10-09T13:57:51Z INFO [231/750] 84ffaa7b-442a-4759-b0d8-5d8b31f435f7: Sackin index -0.0106; 9.8 s; peak memory 1124 MiB.
2026-10-09T13:57:52Z INFO [232/750] 8500ddf7-6162-4ca4-9459-93840c18fa35: Sackin index -0.1101; 0.8 s; peak memory 1124 MiB.
2026-10-09T13:57:53Z INFO [233/750] 85010c73-9c3d-445c-9d32-a3f8a88be9a0: Sackin index -0.0728; 0.9 s; peak memory 1124 MiB.
2026-10-09T13:57:54Z INFO [234/750] 85013fb6-61fe-4771-8dd0-d97b58f5882b: Sackin index -0.0745; 1.0 s; peak memory 1124 MiB.
2026-10-09T13:57:55Z INFO [235/750] 85017c20-3876-4cd9-be51-0ce455a9de19: Sackin index -0.0709; 0.9 s; peak memory 1124 MiB.
2026-10-09T13:57:55Z INFO [236/750] 85026f41-209d-4512-9a47-82582a729357: Sackin index -0.1349; 0.7 s; peak memory 1124 MiB.
2026-10-09T13:57:57Z INFO [237/750] 85028041-a04e-4bb4-bf75-8c39e3810113: Sackin index -0.1938; 1.3 s; peak memory 1124 MiB.
2026-10-09T13:57:57Z INFO [238/750] 85028086-eb66-4c83-b08d-b93fe49477e0: Sackin index -0.0928; 0.8 s; peak memory 1124 MiB.
2026-10-09T13:57:58Z INFO [239/750] 85028ec6-5fbb-467a-9211-9a851ef851e8: Sackin index -0.1248; 0.8 s; peak memory 1124 MiB.
2026-10-09T13:58:20Z INFO [240/750] 85029858-dd32-454d-8264-36e5409e7116: Sackin index -0.1367; 21.4 s; peak memory 1124 MiB.
2026-10-09T13:58:20Z INFO [241/750] 85034fae-3578-4303-a581-ffd3a78f3dc7: Sackin index -0.1349; 0.8 s; peak memory 1124 MiB.
2026-10-09T13:58:24Z INFO [242/750] 8503528a-34d9-42d0-af0d-7ba83d0aa4b2: Sackin index -0.0403; 3.6 s; peak memory 1124 MiB.
2026-10-09T13:58:25Z INFO [243/750] 8503a27c-85f1-4e1f-872f-83385b60e369: Sackin index -0.0275; 1.2 s; peak memory 1124 MiB.
2026-10-09T13:58:26Z INFO [244/750] 85046f3d-c356-49c2-8da7-9a40c830f6a9: Sackin index -0.0371; 0.8 s; peak memory 1124 MiB.
2026-10-09T13:58:44Z INFO [245/750] 8506dc0c-c9ae-4d62-8156-98d7bd81374b: Sackin index -0.0027; 17.9 s; peak memory 1124 MiB.
2026-10-09T13:58:46Z INFO [246/750] 85072a74-00f8-4219-adaf-a6648231b5c6: Sackin index -0.0369; 1.7 s; peak memory 1124 MiB.
2026-10-09T13:58:46Z INFO [247/750] 8507387e-3f72-4d91-b7b8-1549afb8c049: Sackin index -0.1658; 0.6 s; peak memory 1124 MiB.
2026-10-09T13:58:47Z INFO [248/750] 8507f93e-5097-4e71-9ac4-3d45f7b9de6a: Sackin index -0.1349; 0.8 s; peak memory 1124 MiB.
2026-10-09T13:58:48Z INFO [249/750] 85081676-ea1d-4b73-beda-e275792686e6: Sackin index -0.1349; 0.6 s; peak memory 1124 MiB.
2026-10-09T13:58:49Z INFO [250/750] 850846d4-eb47-4183-b62a-ea82f9b8fa4e: Sackin index -0.1349; 0.9 s; peak memory 1124 MiB.
2026-10-09T13:58:49Z INFO [250/750] 850846d4-eb47-4183-b62a-ea82f9b8fa4e: checkpointed 111086 new records.
2026-10-09T13:58:50Z INFO [251/750] 8508aad5-4df1-4436-a647-eaec24883610: Sackin index -0.1006; 1.4 s; peak memory 1124 MiB.
2026-10-09T13:58:51Z INFO [252/750] 8508dc2b-c17c-4d4d-8127-2905540728a8: Sackin index -0.0702; 1.0 s; peak memory 1124 MiB.
2026-10-09T13:58:52Z INFO [253/750] 85093866-6337-437f-8ebb-d8ad156ae953: Sackin index -0.0702; 1.0 s; peak memory 1124 MiB.
2026-10-09T13:58:53Z INFO [254/750] 85093a90-6e6a-4747-aa0f-ae6a3e23867d: Sackin index -0.0745; 1.0 s; peak memory 1124 MiB.
2026-10-09T13:58:54Z INFO [255/750] 85094315-a3b6-4717-a461-eafaf53d8093: Sackin index -0.0369; 1.1 s; peak memory 1124 MiB.
2026-10-09T13:59:05Z INFO [256/750] 850957f3-6698-4f71-a9c4-4b9a2dd7ea39: Sackin index -0.0405; 10.5 s; peak memory 1124 MiB.
2026-10-09T13:59:10Z INFO [257/750] 8509badf-c85f-4d92-ad03-d7984de90b7e: Sackin index -0.0227; 5.8 s; peak memory 1124 MiB.
2026-10-09T13:59:11Z INFO [258/750] 850a40e9-6b18-4128-8bb0-689096d41b6a: Sackin index -0.1349; 0.7 s; peak memory 1124 MiB.
2026-10-09T13:59:12Z INFO [259/750] 850abb86-136d-44d8-a476-c12146559a6a: Sackin index -0.0386; 0.8 s; peak memory 1124 MiB.
2026-10-09T13:59:13Z INFO [260/750] 850b9b64-377d-4d36-bb81-769a2364674f: Sackin index -0.0745; 0.8 s; peak memory 1124 MiB.
2026-10-09T13:59:14Z INFO [261/750] 850c0aa0-666b-4231-9870-813b4d3ec9b8: Sackin index -0.0272; 1.1 s; peak memory 1124 MiB.
2026-10-09T13:59:15Z INFO [262/750] 850d9b94-ad0f-4508-9608-0d0760f7c9db: Sackin index -0.0728; 1.0 s; peak memory 1124 MiB.
2026-10-09T13:59:16Z INFO [263/750] 850da4da-80c8-453f-835a-09546dd2d508: Sackin index -0.0377; 0.9 s; peak memory 1124 MiB.
2026-10-09T13:59:16Z INFO [264/750] 850de75b-b1d0-46bb-b4f9-c0b4ae9fcf9f: Sackin index -0.1178; 0.6 s; peak memory 1124 MiB.
2026-10-09T13:59:18Z INFO [265/750] 850f24ed-5597-4ac2-947b-00dadaf3f826: Sackin index -0.0369; 1.4 s; peak memory 1124 MiB.
2026-10-09T13:59:19Z INFO [266/750] 8510a252-1e00-41bc-8926-0a8ef3472831: Sackin index -0.0457; 1.0 s; peak memory 1124 MiB.
2026-10-09T13:59:19Z INFO [267/750] 8510c656-3b22-41ff-8687-847a6f0ccfa6: Sackin index -0.1349; 0.7 s; peak memory 1124 MiB.
2026-10-09T13:59:20Z INFO [268/750] 8511a41c-a0f8-4f89-ad95-9ed38cc22af7: Sackin index -0.1461; 0.8 s; peak memory 1124 MiB.
2026-10-09T13:59:21Z INFO [269/750] 8511b6b0-eb0a-49b3-b373-b0f03fb958ee: Sackin index -0.1248; 0.7 s; peak memory 1124 MiB.
2026-10-09T13:59:21Z INFO [270/750] 85120a22-df5d-45b2-ae1f-7c59d78b8af8: Sackin index -0.1658; 0.6 s; peak memory 1124 MiB.
2026-10-09T13:59:22Z INFO [271/750] 85124072-9382-48b0-b7ae-1e86b73d865c: Sackin index -0.0709; 1.0 s; peak memory 1124 MiB.
2026-10-09T13:59:23Z INFO [272/750] 85125212-dda8-481c-9d13-2cf3d77669ab: Sackin index -0.0702; 0.9 s; peak memory 1124 MiB.
2026-10-09T13:59:24Z INFO [273/750] 85127c64-4557-4808-8471-47326d181ba1: Sackin index -0.1349; 0.7 s; peak memory 1124 MiB.
2026-10-09T13:59:25Z INFO [274/750] 8513b6a2-5cf9-433b-acb2-3e68f3297318: Sackin index -0.1349; 0.8 s; peak memory 1124 MiB.
2026-10-09T13:59:26Z INFO [275/750] 8513f1e8-ff75-4a0c-95a7-cda4d242cc58: Sackin index -0.0376; 0.9 s; peak memory 1124 MiB.
2026-10-09T13:59:27Z INFO [276/750] 8513f301-1a26-48fc-9bea-d0493f9340f4: Sackin index -0.0457; 1.0 s; peak memory 1124 MiB.
2026-10-09T13:59:28Z INFO [277/750] 851413a1-37ce-405f-885a-73b5bce0f822: Sackin index -0.1938; 1.5 s; peak memory 1124 MiB.
2026-10-09T13:59:30Z INFO [278/750] 85143235-0d70-4ed5-a5f6-55e572544a98: Sackin index -0.0695; 1.8 s; peak memory 1124 MiB.
2026-10-09T13:59:31Z INFO [279/750] 851446e9-a6c9-40f5-af99-18d9b4453cb8: Sackin index -0.1658; 0.6 s; peak memory 1124 MiB.
2026-10-09T13:59:31Z INFO [280/750] 851565c2-dce0-474c-b5d4-7bdcbe321c39: Sackin index -0.0384; 0.8 s; peak memory 1124 MiB.
2026-10-09T13:59:32Z INFO [281/750] 85167232-f6ad-4df1-a950-4fce413f3c4f: Sackin index -0.1349; 0.7 s; peak memory 1124 MiB.
2026-10-09T13:59:33Z INFO [282/750] 85173681-cd47-4c27-b6d9-6d32c4fded88: Sackin index -0.1239; 0.6 s; peak memory 1124 MiB.
2026-10-09T13:59:33Z INFO [283/750] 85176a29-8875-4d62-912b-8b444a0372d4: Sackin index -0.1349; 0.7 s; peak memory 1124 MiB.
2026-10-09T13:59:34Z INFO [284/750] 851ac22e-5ede-4d3e-9728-ead39ab731b1: Sackin index -0.0728; 1.0 s; peak memory 1124 MiB.
2026-10-09T13:59:35Z INFO [285/750] 851ae506-6490-4103-a4e9-c0dc9e058ddb: Sackin index -0.1383; 1.0 s; peak memory 1124 MiB.
2026-10-09T13:59:38Z INFO [286/750] 851af670-6715-468b-9fce-96b4b5ab8087: Sackin index -0.1938; 2.8 s; peak memory 1124 MiB.
2026-10-09T13:59:39Z INFO [287/750] 851b4bee-350a-4be2-b40c-b0a8b3fc5ea7: Sackin index -0.1461; 0.6 s; peak memory 1124 MiB.
2026-10-09T13:59:40Z INFO [288/750] 851b8302-2f0e-49ae-ad5f-596f51f1bf44: Sackin index -0.0376; 0.9 s; peak memory 1124 MiB.
2026-10-09T13:59:41Z INFO [289/750] 851bcc3d-af3d-4fe8-ac5b-989ac34011b6: Sackin index -0.1716; 0.7 s; peak memory 1124 MiB.
2026-10-09T13:59:41Z INFO [290/750] 851c6703-0896-4aa5-b5b7-9df52aee04d1: Sackin index -0.1349; 0.7 s; peak memory 1124 MiB.
2026-10-09T13:59:42Z INFO [291/750] 851cfd6b-75b6-411c-bd6e-6f1fadf3504d: Sackin index -0.1273; 1.0 s; peak memory 1124 MiB.
2026-10-09T13:59:43Z INFO [292/750] 851ed4c2-15ee-43cb-a5ac-31e6d7a40530: Sackin index -0.0709; 0.9 s; peak memory 1124 MiB.
2026-10-09T13:59:47Z INFO [293/750] 851f4740-bbbe-40c6-8f0a-ca807b9cc1bd: Sackin index -0.0251; 3.8 s; peak memory 1124 MiB.
2026-10-09T13:59:49Z INFO [294/750] 85200257-6dca-4752-a2ac-099b84b0c862: Sackin index -0.0356; 2.4 s; peak memory 1124 MiB.
2026-10-09T13:59:50Z INFO [295/750] 85208686-d051-4be0-a984-4e8b6444e289: Sackin index -0.0709; 0.8 s; peak memory 1124 MiB.
2026-10-09T13:59:51Z INFO [296/750] 8521f01c-e426-4886-ba51-6875817f849c: Sackin index -0.0375; 1.0 s; peak memory 1124 MiB.
2026-10-09T13:59:53Z INFO [297/750] 85227a0b-c619-4950-a7ec-7d4ad040fd5b: Sackin index -0.0681; 1.9 s; peak memory 1124 MiB.
2026-10-09T13:59:54Z INFO [298/750] 8522da30-c7dc-4200-adba-4e0805e8b4f2: Sackin index -0.0375; 1.3 s; peak memory 1124 MiB.
2026-10-09T13:59:55Z INFO [299/750] 8522f2c0-921d-4318-a8cf-d5261392a217: Sackin index -0.0696; 0.7 s; peak memory 1124 MiB.
2026-10-09T13:59:56Z INFO [300/750] 85232602-e7df-4d2b-9ad1-47a1a2445c16: Sackin index -0.1303; 0.6 s; peak memory 1124 MiB.
2026-10-09T13:59:56Z INFO [300/750] 85232602-e7df-4d2b-9ad1-47a1a2445c16: checkpointed 111136 new records.
2026-10-09T13:59:57Z INFO [301/750] 85235c1d-68cf-46e0-8c3e-9feee8625a33: Sackin index -0.0696; 0.9 s; peak memory 1124 MiB.
2026-10-09T13:59:59Z INFO [302/750] 8524236b-6192-474b-880a-622ab443ade8: Sackin index -0.0369; 1.6 s; peak memory 1124 MiB.
2026-10-09T13:59:59Z INFO [303/750] 85243a39-51d2-4c58-bffb-91ffbdb57c73: Sackin index -0.1349; 0.7 s; peak memory 1124 MiB.
2026-10-09T14:00:02Z INFO [304/750] 85245954-6db8-4f9e-815d-f1d1ebb45858: Sackin index -0.0363; 2.3 s; peak memory 1124 MiB.
2026-10-09T14:00:02Z INFO [305/750] 852583cd-cea9-4943-8019-ec53e5c15d26: Sackin index -0.1602; 0.9 s; peak memory 1124 MiB.
2026-10-09T14:00:03Z INFO [306/750] 8525a80c-ca04-4c3d-8aba-d6917afa1518: Sackin index -0.0944; 0.9 s; peak memory 1124 MiB.
2026-10-09T14:00:04Z INFO [307/750] 85264622-f231-4df1-9930-57b784cdc0d1: Sackin index -0.1527; 0.6 s; peak memory 1124 MiB.
2026-10-09T14:00:06Z INFO [308/750] 8527b206-adcd-4b76-8cd9-a6cf1e57d9c8: Sackin index -0.1152; 1.5 s; peak memory 1124 MiB.
2026-10-09T14:00:30Z INFO [309/750] 8527c2e2-f0e7-4ef5-af8c-f347d5c40a9b: Sackin index -0.0024; 24.3 s; peak memory 1124 MiB.
2026-10-09T14:00:30Z INFO [310/750] 85284230-f54c-4683-998b-f4f2282bc2e5: Sackin index -0.1658; 0.5 s; peak memory 1124 MiB.
2026-10-09T14:00:31Z INFO [311/750] 85284daa-a359-470b-8156-02fb3709eed5: Sackin index -0.1658; 0.4 s; peak memory 1124 MiB.
2026-10-09T14:00:31Z INFO [312/750] 85290a18-e54f-4266-aa02-0035c6197796: Sackin index -0.1349; 0.7 s; peak memory 1124 MiB.
2026-10-09T14:00:32Z INFO [313/750] 85296e91-ed82-42e5-a90c-783fb445fbb8: Sackin index -0.1349; 0.7 s; peak memory 1124 MiB.
2026-10-09T14:00:33Z INFO [314/750] 852a39c6-fc01-4d35-a678-3fdab2443f68: Sackin index -0.1135; 0.5 s; peak memory 1124 MiB.
2026-10-09T14:00:33Z INFO [315/750] 852b13ff-c452-43d0-a701-2b2d49b59a85: Sackin index -0.1349; 0.7 s; peak memory 1124 MiB.
2026-10-09T14:00:38Z INFO [316/750] 852b5b06-ba75-4a12-ac50-75ce622542d9: Sackin index -0.0196; 4.9 s; peak memory 1124 MiB.
2026-10-09T14:00:39Z INFO [317/750] 852b93c9-8508-43d1-a361-89df289a3341: Sackin index -0.1248; 0.8 s; peak memory 1124 MiB.
2026-10-09T14:00:40Z INFO [318/750] 852bee1a-2e04-4022-88b2-dd8c0e09cb39: Sackin index -0.0728; 1.1 s; peak memory 1124 MiB.
2026-10-09T14:00:41Z INFO [319/750] 852c81c9-b9ab-430f-8663-b85bd3c336d2: Sackin index -0.0702; 0.9 s; peak memory 1124 MiB.
2026-10-09T14:00:43Z INFO [320/750] 852caf10-b919-490c-b3a3-fb461f8f9ab1: Sackin index -0.0699; 1.8 s; peak memory 1124 MiB.
2026-10-09T14:00:44Z INFO [321/750] 852eb873-989f-4ddf-93ec-77061fbcc733: Sackin index -0.0881; 0.8 s; peak memory 1124 MiB.
2026-10-09T14:00:44Z INFO [322/750] 852ec789-2745-4030-a4f9-643b8cee1a73: Sackin index -0.1349; 0.8 s; peak memory 1124 MiB.
2026-10-09T14:00:45Z INFO [323/750] 85306b95-7c61-45d4-ae8a-c79981927b7b: Sackin index -0.0748; 0.9 s; peak memory 1124 MiB.
2026-10-09T14:00:46Z INFO [324/750] 85307765-358b-4342-b165-70b4a1852c5e: Sackin index -0.0368; 0.9 s; peak memory 1124 MiB.
2026-10-09T14:00:47Z INFO [325/750] 85309313-03a1-4c81-9469-dff7de3f136a: Sackin index -0.1349; 0.8 s; peak memory 1124 MiB.
2026-10-09T14:00:49Z INFO [326/750] 8530cd4e-2bef-4f6d-9ff5-67b3e740fa97: Sackin index -0.0804; 1.9 s; peak memory 1124 MiB.
2026-10-09T14:00:51Z INFO [327/750] 85312017-4a4b-4267-a5cf-0d622d0667a1: Sackin index -0.0284; 2.5 s; peak memory 1124 MiB.
2026-10-09T14:00:52Z INFO [328/750] 85312b05-bba4-4093-8d95-3ba805307d82: Sackin index -0.0702; 0.8 s; peak memory 1124 MiB.
2026-10-09T14:01:04Z INFO [329/750] 8531da2d-9707-4534-a9c2-d8f3069bef61: Sackin index -0.0155; 11.4 s; peak memory 1124 MiB.
2026-10-09T14:01:05Z INFO [330/750] 8532c9b2-4738-4c81-af1b-9ce6e4bb9148: Sackin index -0.1349; 0.9 s; peak memory 1124 MiB.
2026-10-09T14:01:05Z INFO [331/750] 853309ba-a2ad-46a8-90d6-ce5d1b7fb1c7: Sackin index -0.1349; 0.9 s; peak memory 1124 MiB.
2026-10-09T14:01:15Z INFO [332/750] 85333b92-acd9-4142-9df4-fee3e87a306b: Sackin index -0.0092; 9.6 s; peak memory 1124 MiB.
2026-10-09T14:01:16Z INFO [333/750] 85334161-1cae-429c-8153-b38146d10acd: Sackin index -0.1658; 0.6 s; peak memory 1124 MiB.
2026-10-09T14:01:20Z INFO [334/750] 853364ee-7127-4763-9cb9-fd9d4bac1fc9: Sackin index -0.0251; 3.9 s; peak memory 1124 MiB.
2026-10-09T14:01:20Z INFO [335/750] 8534a610-45b7-4798-934c-a689ff583691: Sackin index -0.1658; 0.5 s; peak memory 1124 MiB.
2026-10-09T14:01:22Z INFO [336/750] 8534d293-6351-4266-889d-0db62614f20e: Sackin index -0.0314; 2.4 s; peak memory 1124 MiB.
2026-10-09T14:01:24Z INFO [337/750] 85351ce7-8e38-47e9-93e1-e3fd31356867: Sackin index -0.0728; 1.3 s; peak memory 1124 MiB.
2026-10-09T14:01:26Z INFO [338/750] 853544ec-25b1-4ebe-bfa6-452f47e3a984: Sackin index -0.0693; 1.9 s; peak memory 1124 MiB.
2026-10-09T14:01:38Z INFO [339/750] 853589a7-b5bd-4ba6-a138-bb9440caf25f: Sackin index -0.0335; 12.5 s; peak memory 1124 MiB.
2026-10-09T14:01:39Z INFO [340/750] 853688ae-73ba-45e5-b494-a5c56285c8cd: Sackin index -0.0709; 0.9 s; peak memory 1124 MiB.
2026-10-09T14:01:41Z INFO [341/750] 85371cc7-6b8b-48e7-b770-c970e15b45af: Sackin index -0.0660; 2.2 s; peak memory 1124 MiB.
2026-10-09T14:01:45Z INFO [342/750] 8537bdb1-932d-4036-9956-6a2214f0ba01: Sackin index -0.0251; 4.2 s; peak memory 1124 MiB.
2026-10-09T14:01:46Z INFO [343/750] 8538678e-187f-4531-b4a4-e75608b7d99e: Sackin index -0.0569; 1.1 s; peak memory 1124 MiB.
2026-10-09T14:01:47Z INFO [344/750] 8538c1b3-dbf5-4804-8721-5635637ee9ba: Sackin index -0.1349; 0.8 s; peak memory 1124 MiB.
2026-10-09T14:01:48Z INFO [345/750] 8539f1bf-cdf7-4f3c-901f-648efeef45c3: Sackin index -0.1349; 0.9 s; peak memory 1124 MiB.
2026-10-09T14:02:05Z INFO [346/750] 853a183b-a26f-4bc7-b655-2c5fa579770c: Sackin index -0.0025; 16.7 s; peak memory 1124 MiB.
2026-10-09T14:02:09Z INFO [347/750] 853a4670-54f8-4315-8e3c-991bd296aabe: Sackin index -0.0260; 4.1 s; peak memory 1124 MiB.
2026-10-09T14:02:11Z INFO [348/750] 853b8db7-f011-4d35-86f0-f03da40b20d3: Sackin index -0.1938; 1.9 s; peak memory 1124 MiB.
2026-10-09T14:02:23Z INFO [349/750] 853c2686-0aa2-46cd-ba3b-61ac6705b59f: Sackin index -0.0408; 11.6 s; peak memory 1124 MiB.
2026-10-09T14:02:24Z INFO [350/750] 853c414e-562d-4cf5-bd55-1ed70ab0ffe0: Sackin index -0.0369; 1.2 s; peak memory 1124 MiB.
2026-10-09T14:02:24Z INFO [350/750] 853c414e-562d-4cf5-bd55-1ed70ab0ffe0: checkpointed 111186 new records.
2026-10-09T14:02:28Z INFO [351/750] 853cca11-9ab4-447b-843d-0021f7046c98: Sackin index -0.0611; 4.0 s; peak memory 1124 MiB.
2026-10-09T14:02:29Z INFO [352/750] 853e84f7-13dc-4226-9514-5cf0fec9d940: Sackin index -0.0709; 1.0 s; peak memory 1124 MiB.
2026-10-09T14:02:29Z INFO [353/750] 853eb7eb-a3b6-4463-acb9-25a38b6e671f: Sackin index -0.2000; 0.5 s; peak memory 1124 MiB.
2026-10-09T14:02:33Z INFO [354/750] 853ec6e8-8edd-42a9-835a-a59c54dac797: Sackin index -0.0240; 3.3 s; peak memory 1124 MiB.
2026-10-09T14:02:34Z INFO [355/750] 85401d39-b439-41a8-9e25-22bd8a1f0855: Sackin index -0.1408; 0.9 s; peak memory 1124 MiB.
2026-10-09T14:02:41Z INFO [356/750] 8540304d-b0e4-4f24-bdc8-68185b01a595: Sackin index -0.0034; 7.8 s; peak memory 1124 MiB.
2026-10-09T14:02:42Z INFO [357/750] 854051b1-7af8-4240-ba33-ef67b69f6bc9: Sackin index -0.0728; 0.9 s; peak memory 1124 MiB.
2026-10-09T14:02:44Z INFO [358/750] 8540c20d-3fa9-4a19-8661-9c5f479ebc20: Sackin index -0.0369; 1.4 s; peak memory 1124 MiB.
2026-10-09T14:02:46Z INFO [359/750] 85415233-2e99-46a2-916b-6c68b67b728a: Sackin index -0.0869; 1.9 s; peak memory 1124 MiB.
2026-10-09T14:02:46Z INFO [360/750] 8541922f-a7d3-4592-a3eb-682c3bf79dfa: Sackin index -0.1658; 0.6 s; peak memory 1124 MiB.
2026-10-09T14:02:47Z INFO [361/750] 8541be76-4b20-47ee-b267-d5ef94811793: Sackin index -0.0696; 0.8 s; peak memory 1124 MiB.
2026-10-09T14:02:48Z INFO [362/750] 854236d6-63ad-4e60-8b98-a46f4795f02c: Sackin index -0.0728; 1.1 s; peak memory 1124 MiB.
2026-10-09T14:02:49Z INFO [363/750] 85424c7f-6c17-4c12-8339-c6bb164d2b9b: Sackin index -0.1349; 0.8 s; peak memory 1124 MiB.
2026-10-09T14:02:56Z INFO [364/750] 85427353-7d07-4b13-a82b-2e8a95e91197: Sackin index -0.0176; 7.0 s; peak memory 1124 MiB.
2026-10-09T14:02:56Z INFO [365/750] 8542caea-8e7b-4b58-bf16-62897ff81321: Sackin index -0.2147; 0.4 s; peak memory 1124 MiB.
2026-10-09T14:02:57Z INFO [366/750] 8542fb88-a8fe-4cde-b562-71e016953277: Sackin index -0.1248; 0.7 s; peak memory 1124 MiB.
2026-10-09T14:02:59Z INFO [367/750] 85444136-4758-43e8-b0e3-e94f32867ac2: Sackin index -0.0699; 1.8 s; peak memory 1124 MiB.
2026-10-09T14:03:00Z INFO [368/750] 8544a642-b96b-4bf0-8e79-42b0cacb9527: Sackin index -0.0715; 0.9 s; peak memory 1124 MiB.
2026-10-09T14:03:01Z INFO [369/750] 85453f00-d9b7-4ffd-91ce-f626ee979924: Sackin index -0.1349; 1.0 s; peak memory 1124 MiB.
2026-10-09T14:03:02Z INFO [370/750] 85455c2f-1ae3-4db7-883c-d51ad106c87a: Sackin index -0.1349; 0.8 s; peak memory 1124 MiB.
2026-10-09T14:03:03Z INFO [371/750] 854721f0-5a3e-4607-b6ae-42ae8ad7e19e: Sackin index -0.0656; 0.9 s; peak memory 1124 MiB.
2026-10-09T14:03:03Z INFO [372/750] 8547770b-b35b-44b7-b487-3ac62f1f7d51: Sackin index -0.1239; 0.6 s; peak memory 1124 MiB.
2026-10-09T14:03:04Z INFO [373/750] 85477740-ae82-4efd-b0d3-0e8f23293bb7: Sackin index -0.2147; 0.5 s; peak memory 1124 MiB.
2026-10-09T14:03:04Z INFO [374/750] 85484dd6-6efc-46b5-ae00-3c776a0fae23: Sackin index -0.0702; 0.8 s; peak memory 1124 MiB.
2026-10-09T14:03:05Z INFO [375/750] 8548b291-d03f-4363-9110-afc3152dd854: Sackin index -0.0709; 0.8 s; peak memory 1124 MiB.
2026-10-09T14:03:12Z INFO [376/750] 85496c63-b214-49c2-bad2-5fca814d2049: Sackin index -0.0149; 7.1 s; peak memory 1124 MiB.
2026-10-09T14:03:13Z INFO [377/750] 8549940f-520f-4f5f-aa8a-944dffbe2fe9: Sackin index -0.1349; 0.7 s; peak memory 1124 MiB.
2026-10-09T14:03:14Z INFO [378/750] 854a028b-d43a-4e8b-ad91-c124513834c9: Sackin index -0.0569; 1.3 s; peak memory 1124 MiB.
2026-10-09T14:03:16Z INFO [379/750] 854a909d-9713-40ed-94ba-ae11bb434fc2: Sackin index -0.0745; 1.1 s; peak memory 1124 MiB.
2026-10-09T14:03:16Z INFO [380/750] 854abc7e-0cc1-4735-b772-dfebc579ca99: Sackin index -0.1349; 0.8 s; peak memory 1124 MiB.
2026-10-09T14:03:17Z INFO [381/750] 854c59e3-5a47-4c08-8968-ccc2a37c993c: Sackin index -0.1349; 0.8 s; peak memory 1124 MiB.
2026-10-09T14:03:18Z INFO [382/750] 854ccc5f-3da8-47d6-846c-36224ed91213: Sackin index -0.1938; 0.7 s; peak memory 1124 MiB.
2026-10-09T14:03:19Z INFO [383/750] 854cd7b7-079f-4490-a08d-3ca769f9607a: Sackin index -0.1030; 1.3 s; peak memory 1124 MiB.
2026-10-09T14:03:27Z INFO [384/750] 854d4a88-94d6-42fa-b2b0-1bde21f9de83: Sackin index -0.0105; 8.0 s; peak memory 1124 MiB.
2026-10-09T14:03:28Z INFO [385/750] 854db53b-4173-46b6-88a3-857480f82741: Sackin index -0.1349; 0.8 s; peak memory 1124 MiB.
2026-10-09T14:03:33Z INFO [386/750] 854de372-d548-452a-997d-bb1cc9de353b: Sackin index -0.0435; 4.9 s; peak memory 1124 MiB.
2026-10-09T14:03:34Z INFO [387/750] 854efcb5-2786-4b54-a26e-e53c87e8e918: Sackin index -0.1349; 0.8 s; peak memory 1124 MiB.
2026-10-09T14:03:35Z INFO [388/750] 854f0e91-5809-4d9a-9d28-501b2101e334: Sackin index -0.0275; 1.5 s; peak memory 1124 MiB.
2026-10-09T14:03:36Z INFO [389/750] 854f420d-40ef-4e6c-bef3-2f5d9671f903: Sackin index -0.0702; 1.1 s; peak memory 1124 MiB.
2026-10-09T14:03:38Z INFO [390/750] 854f897f-49f8-4439-bee4-a5275f411c8b: Sackin index -0.0681; 1.8 s; peak memory 1124 MiB.
2026-10-09T14:03:40Z INFO [391/750] 854fa650-0b73-4579-9d48-24a006609d51: Sackin index -0.1187; 1.9 s; peak memory 1124 MiB.
2026-10-09T14:03:44Z INFO [392/750] 854fb247-76cb-4a86-a692-940b68ed036d: Sackin index -0.0411; 4.4 s; peak memory 1124 MiB.
2026-10-09T14:05:25Z INFO [393/750] 854fc3b8-ae98-4399-b55b-d6fc5a3dd5fd: Sackin index -0.1076; 100.4 s; peak memory 1124 MiB.
2026-10-09T14:05:25Z INFO [394/750] 85501ef8-19ac-483d-a156-de60213ef4ad: Sackin index -0.1349; 0.8 s; peak memory 1124 MiB.
2026-10-09T14:05:26Z INFO [395/750] 85521581-775b-45f1-baf6-a429b6dddcc1: Sackin index -0.0702; 0.9 s; peak memory 1124 MiB.
2026-10-09T14:05:29Z INFO [396/750] 85539cf9-eb70-455f-a221-5552e27d1401: Sackin index -0.0561; 2.4 s; peak memory 1124 MiB.
2026-10-09T14:05:30Z INFO [397/750] 8555259e-7222-48f8-9d1a-962aa5b92f66: Sackin index -0.0745; 1.1 s; peak memory 1124 MiB.
2026-10-09T14:05:33Z INFO [398/750] 85553a4b-25e7-4b99-b329-00c022ce7353: Sackin index -0.0922; 3.0 s; peak memory 1124 MiB.
2026-10-09T14:05:34Z INFO [399/750] 8555c6ce-acb2-4fbd-9a88-94f763a8d56d: Sackin index -0.0728; 1.0 s; peak memory 1124 MiB.
2026-10-09T14:05:36Z INFO [400/750] 8555d338-ba20-47c3-bc09-6f22820e7fed: Sackin index -0.1938; 1.9 s; peak memory 1124 MiB.
2026-10-09T14:05:36Z INFO [400/750] 8555d338-ba20-47c3-bc09-6f22820e7fed: checkpointed 111236 new records.
2026-10-09T14:05:37Z INFO [401/750] 85561885-e435-482b-836a-fb4b7625512d: Sackin index -0.0696; 0.9 s; peak memory 1124 MiB.
2026-10-09T14:05:38Z INFO [402/750] 85565734-0b65-4957-8aee-f7778a7aa444: Sackin index -0.0707; 0.7 s; peak memory 1124 MiB.
2026-10-09T14:07:40Z INFO [403/750] 8556815e-99ef-44aa-a991-d1f86575c2a6: Sackin index -0.0286; 122.8 s; peak memory 1124 MiB.
2026-10-09T14:07:42Z INFO [404/750] 8556ba4c-7b05-4191-aa99-5596fabf3bef: Sackin index -0.0702; 1.2 s; peak memory 1124 MiB.
2026-10-09T14:07:43Z INFO [405/750] 8557bb4f-f7ff-463a-9b50-42f59d2c6090: Sackin index -0.1191; 1.2 s; peak memory 1124 MiB.
2026-10-09T14:07:55Z INFO [406/750] 85582abb-08d8-4277-a899-df107a3f1605: Sackin index -0.0145; 12.6 s; peak memory 1124 MiB.
2026-10-09T14:07:56Z INFO [407/750] 85589829-ee7a-4210-9423-5e9fa09e79de: Sackin index -0.1349; 0.8 s; peak memory 1124 MiB.
2026-10-09T14:07:57Z INFO [408/750] 8558b664-400a-4770-be20-a1a7014fc454: Sackin index -0.1575; 0.8 s; peak memory 1124 MiB.
2026-10-09T14:08:00Z INFO [409/750] 8559ee3d-efa1-4edd-898b-6f162211651b: Sackin index -0.0611; 3.3 s; peak memory 1124 MiB.
2026-10-09T14:08:02Z INFO [410/750] 855b095a-23bd-463d-ab47-43c05cbd31da: Sackin index -0.1349; 1.0 s; peak memory 1124 MiB.
2026-10-09T14:10:22Z INFO [411/750] 855c1662-b1e3-4551-bf68-8bcaa042f633: Sackin index -0.0573; 140.4 s; peak memory 1124 MiB.
2026-10-09T14:10:23Z INFO [412/750] 855de3ae-f58e-4919-923d-7bb6dceb8898: Sackin index -0.1273; 1.1 s; peak memory 1124 MiB.
2026-10-09T14:10:24Z INFO [413/750] 855e84ca-9f1c-40ff-b1fd-ccac4cc90a3c: Sackin index -0.1349; 0.7 s; peak memory 1124 MiB.
2026-10-09T14:10:25Z INFO [414/750] 855efec4-57e5-46e5-bba8-989375c9fdc5: Sackin index -0.0375; 1.1 s; peak memory 1124 MiB.
2026-10-09T14:12:39Z INFO [415/750] 855f0b98-8eb8-4850-b23f-4339ebbd63de: Sackin index -0.0573; 134.0 s; peak memory 1124 MiB.
2026-10-09T14:12:42Z INFO [416/750] 855f3f0a-ff06-45ca-9e83-d58708a1c468: Sackin index -0.0869; 2.9 s; peak memory 1124 MiB.
2026-10-09T14:12:43Z INFO [417/750] 855f551d-498a-4a0d-a011-b50bd1a8472b: Sackin index -0.0728; 1.2 s; peak memory 1124 MiB.
2026-10-09T14:12:59Z INFO [418/750] 855f564c-61f0-4181-b999-bd463f5367a0: Sackin index -0.0237; 15.8 s; peak memory 1124 MiB.
2026-10-09T14:13:00Z INFO [419/750] 855f8a76-2360-44b9-ab95-c0b6694b70b9: Sackin index -0.1331; 0.8 s; peak memory 1124 MiB.
2026-10-09T14:13:00Z INFO [420/750] 8560c01a-cc46-46e8-8a76-22b46b522691: Sackin index -0.0702; 0.9 s; peak memory 1124 MiB.
2026-10-09T14:13:25Z INFO [421/750] 856118f7-9687-4910-9fe6-59b304b569d6: Sackin index -0.1367; 24.9 s; peak memory 1124 MiB.
2026-10-09T14:13:26Z INFO [422/750] 85612e89-1f0f-45c6-813a-26fca6a30707: Sackin index -0.1658; 0.5 s; peak memory 1124 MiB.
2026-10-09T14:13:27Z INFO [423/750] 8561d88a-0e98-4b73-aacb-5248f5de1b33: Sackin index -0.1938; 1.6 s; peak memory 1124 MiB.
2026-10-09T14:13:30Z INFO [424/750] 8562523a-da50-43c8-b278-52b917508be1: Sackin index -0.1562; 2.4 s; peak memory 1124 MiB.
2026-10-09T14:13:30Z INFO [425/750] 85626819-ecd4-4019-bc02-6d3f674abf45: Sackin index -0.1658; 0.6 s; peak memory 1124 MiB.
2026-10-09T14:13:37Z INFO [426/750] 85632b17-5024-4a6f-997c-8d79ecf085f5: Sackin index -0.0146; 6.4 s; peak memory 1124 MiB.
2026-10-09T14:13:38Z INFO [427/750] 85635830-9cab-407a-b902-0d61b2ef9fd6: Sackin index -0.0728; 1.1 s; peak memory 1124 MiB.
2026-10-09T14:13:39Z INFO [428/750] 8563acf3-f16f-46fb-96d4-b00487875536: Sackin index -0.1349; 1.0 s; peak memory 1124 MiB.
2026-10-09T14:13:40Z INFO [429/750] 85640ae6-fd4e-45dc-be82-c28cf3a28035: Sackin index -0.0702; 0.9 s; peak memory 1124 MiB.
2026-10-09T14:13:44Z INFO [430/750] 85643bf0-04a0-435f-8ceb-e064fdbaccb0: Sackin index -0.0403; 3.7 s; peak memory 1124 MiB.
2026-10-09T14:13:45Z INFO [431/750] 85660571-5a3e-4eb1-9ae3-7b1cedbfa7e6: Sackin index -0.1429; 1.2 s; peak memory 1124 MiB.
2026-10-09T14:13:46Z INFO [432/750] 8567c338-ff77-4d9f-8bff-2eb235ba3d87: Sackin index -0.0715; 1.1 s; peak memory 1124 MiB.
2026-10-09T14:13:47Z INFO [433/750] 8568151f-8da2-460f-aebc-326b36f86116: Sackin index -0.0365; 1.3 s; peak memory 1124 MiB.
2026-10-09T14:14:12Z INFO [434/750] 85684a94-c214-4458-b8d8-b131531d5396: Sackin index -0.1367; 24.4 s; peak memory 1124 MiB.
2026-10-09T14:14:36Z INFO [435/750] 8568bedf-0dd8-4c65-946a-1bc2d1467db1: Sackin index -0.1367; 24.4 s; peak memory 1124 MiB.
2026-10-09T14:14:37Z INFO [436/750] 8568f7c4-2a4b-42d3-ac2d-d9442f10dfd8: Sackin index -0.1615; 0.7 s; peak memory 1124 MiB.
2026-10-09T14:14:38Z INFO [437/750] 856a2c25-d7df-473d-b1d8-6d17b1ba33ba: Sackin index -0.0368; 0.9 s; peak memory 1124 MiB.
2026-10-09T14:14:38Z INFO [438/750] 856a41aa-8c9f-4f70-b8f9-a014ac5d65aa: Sackin index -0.1208; 0.6 s; peak memory 1124 MiB.
2026-10-09T14:14:39Z INFO [439/750] 856a7ff7-3b66-4337-9b99-7c491625e9b5: Sackin index -0.1345; 1.0 s; peak memory 1124 MiB.
2026-10-09T14:14:40Z INFO [440/750] 856b34c1-057e-48f5-9209-7c40694b6226: Sackin index -0.0702; 0.8 s; peak memory 1124 MiB.
2026-10-09T14:14:41Z INFO [441/750] 856b9a64-5087-4a91-b83b-985051ffd95b: Sackin index -0.1349; 0.8 s; peak memory 1124 MiB.
2026-10-09T14:14:43Z INFO [442/750] 856c97e2-f051-4011-aecf-5e560a2c9006: Sackin index -0.0699; 1.8 s; peak memory 1124 MiB.
2026-10-09T14:14:53Z INFO [443/750] 856d5939-474e-4d84-af45-bcf195db66de: Sackin index -0.0614; 9.8 s; peak memory 1124 MiB.
2026-10-09T14:14:54Z INFO [444/750] 856d59b0-6fd4-41a2-a5e1-03f8ef9504a1: Sackin index -0.0745; 1.1 s; peak memory 1124 MiB.
2026-10-09T14:14:54Z INFO [445/750] 856e0c53-7cdd-454c-a53e-78087356347c: Sackin index -0.1349; 0.7 s; peak memory 1124 MiB.
2026-10-09T14:14:55Z INFO [446/750] 856f1348-d9d2-466e-a094-77efde7e5b9c: Sackin index -0.0696; 1.0 s; peak memory 1124 MiB.
2026-10-09T14:14:56Z INFO [447/750] 856f71c0-196a-4357-afd4-7dea2f5de72d: Sackin index -0.1349; 0.8 s; peak memory 1124 MiB.
2026-10-09T14:14:57Z INFO [448/750] 856f8f62-b763-422f-8875-fc00a721394b: Sackin index -0.1461; 0.8 s; peak memory 1124 MiB.
2026-10-09T14:14:58Z INFO [449/750] 856ffea4-91b7-4726-b7e9-37fb87075749: Sackin index -0.1658; 0.4 s; peak memory 1124 MiB.
2026-10-09T14:14:58Z INFO [450/750] 85702c18-df51-4170-9448-3f42e2c4cfcf: Sackin index -0.1602; 0.8 s; peak memory 1124 MiB.
2026-10-09T14:14:59Z INFO [450/750] 85702c18-df51-4170-9448-3f42e2c4cfcf: checkpointed 111286 new records.
2026-10-09T14:15:08Z INFO [451/750] 857156a5-689f-4188-8289-8400c80dcf78: Sackin index -0.1310; 9.1 s; peak memory 1124 MiB.
2026-10-09T14:15:10Z INFO [452/750] 8571577f-4ad9-4a5b-9f82-aa24fed3d6dc: Sackin index -0.0660; 2.4 s; peak memory 1124 MiB.
2026-10-09T14:15:11Z INFO [453/750] 8571ac23-05bb-42a7-b37b-bf14caa4aa40: Sackin index -0.1248; 0.8 s; peak memory 1124 MiB.
2026-10-09T14:15:13Z INFO [454/750] 8571d54a-7167-41dc-9ada-2cc11bdf7c73: Sackin index -0.0660; 2.6 s; peak memory 1124 MiB.
2026-10-09T14:15:17Z INFO [455/750] 8572868d-0017-4b89-8d4d-67f8cbf7f815: Sackin index -0.0745; 3.6 s; peak memory 1124 MiB.
2026-10-09T14:15:18Z INFO [456/750] 8572c9f2-ead5-4069-99bc-3971997251b6: Sackin index -0.0696; 1.1 s; peak memory 1124 MiB.
2026-10-09T14:15:20Z INFO [457/750] 8573cb27-7e7f-48aa-b2dc-84f151037c84: Sackin index -0.1206; 1.6 s; peak memory 1124 MiB.
2026-10-09T14:15:21Z INFO [458/750] 8573f312-c1a0-4b2a-88e8-14546c9b928a: Sackin index -0.0696; 0.9 s; peak memory 1124 MiB.
2026-10-09T14:15:22Z INFO [459/750] 8575a2e1-9d68-4f69-8971-59fb7275e4c3: Sackin index -0.0702; 0.9 s; peak memory 1124 MiB.
2026-10-09T14:15:23Z INFO [460/750] 8575ae24-ea67-46cf-a402-df3276b55cc6: Sackin index -0.0434; 1.0 s; peak memory 1124 MiB.
2026-10-09T14:15:35Z INFO [461/750] 8575f538-c293-4d37-86ca-ad1b4aa33437: Sackin index -0.0165; 12.1 s; peak memory 1124 MiB.
2026-10-09T14:15:35Z INFO [462/750] 8576a690-505f-46e7-ad2b-011dce86b3a0: Sackin index -0.1349; 0.7 s; peak memory 1124 MiB.
2026-10-09T14:15:36Z INFO [463/750] 85773b5c-aa3b-4b2c-83d9-a2ba77d3c164: Sackin index -0.1178; 0.7 s; peak memory 1124 MiB.
2026-10-09T14:15:37Z INFO [464/750] 85774f02-c6a4-40f3-a75e-d7084ebf47a5: Sackin index -0.0956; 0.9 s; peak memory 1124 MiB.
2026-10-09T14:15:38Z INFO [465/750] 8577c9c2-33db-4ba5-aca2-f7705c7dbb48: Sackin index -0.1248; 0.8 s; peak memory 1124 MiB.
2026-10-09T14:15:39Z INFO [466/750] 8578b57f-f2ce-48d9-b962-0e65c146aa71: Sackin index -0.0381; 1.0 s; peak memory 1124 MiB.
2026-10-09T14:15:40Z INFO [467/750] 8578ffc1-b5c5-47ea-b5aa-30be37baeb46: Sackin index -0.0728; 1.4 s; peak memory 1124 MiB.
2026-10-09T14:15:41Z INFO [468/750] 85799e51-fb04-4a79-9fcf-7d074d628552: Sackin index -0.0702; 1.0 s; peak memory 1124 MiB.
2026-10-09T14:15:42Z INFO [469/750] 8579a90d-4195-43cf-b6ec-7d9cac7f994a: Sackin index -0.1349; 0.9 s; peak memory 1124 MiB.
2026-10-09T14:15:43Z INFO [470/750] 8579af14-9440-4069-a1a0-4733256a3f27: Sackin index -0.1349; 0.8 s; peak memory 1124 MiB.
2026-10-09T14:15:44Z INFO [471/750] 8579fb22-da32-49e5-a4ae-09c02d3d8714: Sackin index -0.0745; 0.9 s; peak memory 1124 MiB.
2026-10-09T14:15:47Z INFO [472/750] 857a1cd6-a4e8-43e3-b45f-ec30fdb42611: Sackin index -0.0233; 3.6 s; peak memory 1124 MiB.
2026-10-09T14:15:48Z INFO [473/750] 857b8d09-a040-410b-b7a4-1e13def192a4: Sackin index -0.1636; 0.7 s; peak memory 1124 MiB.
2026-10-09T14:15:49Z INFO [474/750] 857bf0d9-b1b6-4aef-8b1a-f3d90251101d: Sackin index -0.0702; 1.0 s; peak memory 1124 MiB.
2026-10-09T14:15:50Z INFO [475/750] 857c3127-26b0-4194-b5d9-05c5732fe2ba: Sackin index -0.1248; 0.8 s; peak memory 1124 MiB.
2026-10-09T14:15:51Z INFO [476/750] 857d5e19-340b-4288-9669-1e07508e4d51: Sackin index -0.0376; 1.1 s; peak memory 1124 MiB.
2026-10-09T14:21:05Z INFO [477/750] 857dad31-4fd6-4691-8549-ed52fa0b7691: Sackin index -0.0115; 313.9 s; peak memory 1124 MiB.
2026-10-09T14:21:06Z INFO [478/750] 857e9f69-2c36-4d26-a2b1-e2215297fcfc: Sackin index -0.0696; 1.0 s; peak memory 1124 MiB.
2026-10-09T14:21:07Z INFO [479/750] 857eb4b4-1cec-4387-8d94-f01b0881e3bc: Sackin index -0.1349; 0.8 s; peak memory 1124 MiB.
2026-10-09T14:21:07Z INFO [480/750] 857ef7ef-50f1-4378-99f2-6714d34fec5a: Sackin index -0.1448; 0.5 s; peak memory 1124 MiB.
2026-10-09T14:21:08Z INFO [481/750] 857fab7c-7eac-406e-baf8-eba043fbe8a2: Sackin index -0.0457; 1.1 s; peak memory 1124 MiB.
2026-10-09T14:21:09Z INFO [482/750] 8580287a-2ceb-4ad6-9e8b-ed26281ed637: Sackin index -0.1349; 0.8 s; peak memory 1124 MiB.
2026-10-09T14:21:10Z INFO [483/750] 8580f776-67b8-4ddf-9563-e79ada899781: Sackin index -0.0696; 1.0 s; peak memory 1124 MiB.
2026-10-09T14:21:11Z INFO [484/750] 858119c4-5b3b-4744-9b17-401087aa5035: Sackin index -0.1658; 0.5 s; peak memory 1124 MiB.
2026-10-09T14:21:12Z INFO [485/750] 85818b7e-ba16-4e6b-8061-97928fc89c7e: Sackin index -0.0728; 1.2 s; peak memory 1124 MiB.
2026-10-09T14:21:23Z INFO [486/750] 85827864-572f-44c7-b16f-9f4685e62f2a: Sackin index -0.0254; 11.0 s; peak memory 1124 MiB.
2026-10-09T14:21:27Z INFO [487/750] 8582c79e-d7f2-4d21-be44-c7a74bfe8bbd: Sackin index -0.0415; 3.8 s; peak memory 1124 MiB.
2026-10-09T14:21:28Z INFO [488/750] 8582fc89-89db-4d50-915b-9a6d42251e7d: Sackin index -0.0935; 1.8 s; peak memory 1124 MiB.
2026-10-09T14:21:29Z INFO [489/750] 8583098f-e681-45b5-84c7-862e9376b9ee: Sackin index -0.1658; 0.6 s; peak memory 1124 MiB.
2026-10-09T14:21:30Z INFO [490/750] 85833cd9-7765-4b4e-9e37-8c7794321f76: Sackin index -0.1349; 0.8 s; peak memory 1124 MiB.
2026-10-09T14:21:31Z INFO [491/750] 8583b1df-4a49-47c4-8b68-eac4eec1345c: Sackin index -0.0379; 1.2 s; peak memory 1124 MiB.
2026-10-09T14:21:32Z INFO [492/750] 8583d29b-6117-454b-b788-13866bf0916d: Sackin index -0.0735; 0.9 s; peak memory 1124 MiB.
2026-10-09T14:21:33Z INFO [493/750] 85848688-c838-41bb-9c00-a40e09a772f3: Sackin index -0.1178; 0.6 s; peak memory 1124 MiB.
2026-10-09T14:21:36Z INFO [494/750] 858493cc-0e8b-49ae-a75b-01d2a97b5fc8: Sackin index -0.0611; 3.7 s; peak memory 1124 MiB.
2026-10-09T14:21:37Z INFO [495/750] 8585f37f-5614-4e12-b99e-564d22f788ee: Sackin index -0.0702; 0.9 s; peak memory 1124 MiB.
2026-10-09T14:21:38Z INFO [496/750] 8585f8f4-4df6-4030-8b1c-9a412acd1b3b: Sackin index -0.1938; 0.6 s; peak memory 1124 MiB.
2026-10-09T14:21:39Z INFO [497/750] 8585fba9-ea75-4235-9289-8f67b57fc3bb: Sackin index -0.0386; 1.1 s; peak memory 1124 MiB.
2026-10-09T14:21:40Z INFO [498/750] 8586464c-e417-4537-bf46-bfde909c30ef: Sackin index -0.0728; 0.9 s; peak memory 1124 MiB.
2026-10-09T14:21:43Z INFO [499/750] 8586a997-7c7a-429e-8e35-94430a6f1670: Sackin index -0.0247; 2.8 s; peak memory 1124 MiB.
2026-10-09T14:21:44Z INFO [500/750] 8587239f-7f35-4a63-8e8c-3b1eaab131b2: Sackin index -0.0232; 1.4 s; peak memory 1124 MiB.
2026-10-09T14:21:44Z INFO [500/750] 8587239f-7f35-4a63-8e8c-3b1eaab131b2: checkpointed 111336 new records.
2026-10-09T14:21:45Z INFO [501/750] 8588537a-8bc2-4fdb-9c83-d138783ec529: Sackin index -0.1291; 1.2 s; peak memory 1124 MiB.
2026-10-09T14:21:46Z INFO [502/750] 8588a2ef-9b25-4721-8a75-a428cf2ab180: Sackin index -0.1349; 0.9 s; peak memory 1124 MiB.
2026-10-09T14:21:47Z INFO [503/750] 8589da7b-0b02-42d3-8832-7350c0f00041: Sackin index -0.1938; 0.7 s; peak memory 1124 MiB.
2026-10-09T14:21:49Z INFO [504/750] 858a3da0-e55c-494a-94d2-f567219170de: Sackin index -0.1938; 1.5 s; peak memory 1124 MiB.
2026-10-09T14:21:50Z INFO [505/750] 858b8996-8a00-4eb4-86ea-153c786d041b: Sackin index -0.0728; 1.3 s; peak memory 1124 MiB.
2026-10-09T14:21:51Z INFO [506/750] 858badff-1f18-4281-89e0-77394892a207: Sackin index -0.1349; 0.9 s; peak memory 1124 MiB.
2026-10-09T14:21:53Z INFO [507/750] 858c01e9-959a-4d86-b141-502ff6f178b5: Sackin index -0.0693; 1.9 s; peak memory 1124 MiB.
2026-10-09T14:21:53Z INFO [508/750] 858c79c5-9acc-4738-ae1d-af0894ed75a4: Sackin index -0.1178; 0.6 s; peak memory 1124 MiB.
2026-10-09T14:21:57Z INFO [509/750] 858c7e82-35d2-49f0-a8d3-babba6b5319a: Sackin index -0.0282; 3.9 s; peak memory 1124 MiB.
2026-10-09T14:21:58Z INFO [510/750] 858c930f-3dec-4073-8d26-ded3eb6109c8: Sackin index -0.1658; 0.5 s; peak memory 1124 MiB.
2026-10-09T14:21:58Z INFO [511/750] 858d1bc9-c899-4f07-8742-bb3d4ed6fd9b: Sackin index -0.0378; 0.9 s; peak memory 1124 MiB.
2026-10-09T14:21:59Z INFO [512/750] 858d4bc3-4aab-4ec1-8311-82e281a0ee0a: Sackin index -0.0696; 0.8 s; peak memory 1124 MiB.
2026-10-09T14:22:01Z INFO [513/750] 858d7322-ecfd-47da-bc44-cbe5fe839c2f: Sackin index -0.1938; 1.7 s; peak memory 1124 MiB.
2026-10-09T14:22:04Z INFO [514/750] 858e24cd-e800-41e4-a9d7-60fd3f8c16de: Sackin index -0.0824; 3.3 s; peak memory 1124 MiB.
2026-10-09T14:22:06Z INFO [515/750] 858e42ba-b61d-4ed8-ace5-e5cba1292e39: Sackin index -0.0369; 1.6 s; peak memory 1124 MiB.
2026-10-09T14:22:07Z INFO [516/750] 858e59f7-72c4-4f84-a767-d01833d44cc8: Sackin index -0.0375; 1.1 s; peak memory 1124 MiB.
2026-10-09T14:22:08Z INFO [517/750] 858e8199-300e-459e-b031-182cf0cb6b6f: Sackin index -0.0728; 0.9 s; peak memory 1124 MiB.
2026-10-09T14:22:09Z INFO [518/750] 858ef20e-18c7-4f16-9513-fca15e479071: Sackin index -0.0941; 1.3 s; peak memory 1124 MiB.
2026-10-09T14:22:10Z INFO [519/750] 8590a566-5ddd-431e-b9be-0f1d4d7cab15: Sackin index -0.0702; 0.8 s; peak memory 1124 MiB.
2026-10-09T14:22:11Z INFO [520/750] 8592adc5-f2be-4569-aebc-5cebaac5f23f: Sackin index -0.1390; 1.0 s; peak memory 1124 MiB.
2026-10-09T14:22:16Z INFO [521/750] 859336c9-8e44-4beb-ab6d-9bcec2908822: Sackin index -0.0403; 4.8 s; peak memory 1124 MiB.
2026-10-09T14:22:17Z INFO [522/750] 8593b646-a4ca-4774-badf-9fce115fd101: Sackin index -0.0272; 1.4 s; peak memory 1124 MiB.
2026-10-09T14:22:18Z INFO [523/750] 8593b946-9b46-488f-b830-ffcd982d8d90: Sackin index -0.1349; 0.9 s; peak memory 1124 MiB.
2026-10-09T14:22:20Z INFO [524/750] 8593eba5-a99c-4f7e-a89d-c993953cc62f: Sackin index -0.1142; 1.7 s; peak memory 1124 MiB.
2026-10-09T14:22:21Z INFO [525/750] 8594bcca-4f3d-474a-9d7a-8a0d44ecede2: Sackin index -0.0379; 1.1 s; peak memory 1124 MiB.
2026-10-09T14:26:12Z INFO [526/750] 85964eac-c82b-463a-8e79-275935cd1d65: Sackin index -0.0435; 231.6 s; peak memory 1124 MiB.
2026-10-09T14:26:13Z INFO [527/750] 8596f7ee-1df0-41cf-a095-309a10652474: Sackin index -0.1430; 0.7 s; peak memory 1124 MiB.
2026-10-09T14:26:14Z INFO [528/750] 8597bb8f-7a87-4980-8458-a56433afe4f4: Sackin index -0.0383; 1.1 s; peak memory 1124 MiB.
2026-10-09T14:30:06Z INFO [529/750] 8598ca03-fdaf-4869-8829-b9d755220d06: Sackin index -0.0246; 231.5 s; peak memory 1124 MiB.
2026-10-09T14:30:07Z INFO [530/750] 8598e0fb-687a-4acd-b0f5-533d35367891: Sackin index -0.0696; 0.9 s; peak memory 1124 MiB.
2026-10-09T14:30:07Z INFO [531/750] 8598e837-5342-410d-a653-112578c5c238: Sackin index -0.1349; 0.8 s; peak memory 1124 MiB.
2026-10-09T14:30:10Z INFO [532/750] 85999394-fc23-4d23-a306-0248885624c4: Sackin index -0.0984; 2.4 s; peak memory 1124 MiB.
2026-10-09T14:30:15Z INFO [533/750] 859a33fe-35ad-479c-8fc8-44a3687bf3a2: Sackin index -0.0228; 5.6 s; peak memory 1124 MiB.
2026-10-09T14:30:16Z INFO [534/750] 859a9490-57da-4c29-9016-6199a1135e3e: Sackin index -0.1349; 0.8 s; peak memory 1124 MiB.
2026-10-09T14:30:17Z INFO [535/750] 859aacab-e24b-4383-a6ea-c1fabf34d91c: Sackin index -0.0728; 0.8 s; peak memory 1124 MiB.
2026-10-09T14:30:18Z INFO [536/750] 859c8cb0-d37a-4962-a618-495d7231ef38: Sackin index -0.0728; 1.1 s; peak memory 1124 MiB.
2026-10-09T14:30:19Z INFO [537/750] 859c9845-d8a4-4525-b7d9-fbb33eac9717: Sackin index -0.0375; 1.0 s; peak memory 1124 MiB.
2026-10-09T14:34:17Z INFO [538/750] 859cec69-18d5-42be-a8dc-bf01a60457a9: Sackin index -0.0246; 237.7 s; peak memory 1124 MiB.
2026-10-09T14:34:18Z INFO [539/750] 859e1b03-0946-4b4f-8a79-832eaa35c64e: Sackin index -0.0696; 0.8 s; peak memory 1124 MiB.
2026-10-09T14:36:42Z INFO [540/750] 859e3115-b281-4db5-a263-db556a99d1b6: Sackin index -0.0415; 143.8 s; peak memory 1124 MiB.
2026-10-09T14:36:43Z INFO [541/750] 859e6130-d01d-4f4c-b5b6-77b58f768167: Sackin index -0.0369; 1.3 s; peak memory 1124 MiB.
2026-10-09T14:36:43Z INFO [542/750] 859e6887-e0ef-4f6e-9454-1957e4bf9bae: Sackin index -0.1448; 0.6 s; peak memory 1124 MiB.
2026-10-09T14:36:44Z INFO [543/750] 859eb3cf-c80d-4d2b-b138-58dd5f074f13: Sackin index -0.1349; 0.9 s; peak memory 1124 MiB.
2026-10-09T14:36:45Z INFO [544/750] 859eb45e-b675-4b69-b287-066b58aaadb7: Sackin index -0.1349; 0.9 s; peak memory 1124 MiB.
2026-10-09T14:36:46Z INFO [545/750] 859eb7a3-e9fa-4093-91b8-2ef8e07b73bc: Sackin index -0.0696; 0.9 s; peak memory 1124 MiB.
2026-10-09T14:36:47Z INFO [546/750] 859fb5c5-19b4-4a5f-89be-f18999534d58: Sackin index -0.2000; 0.8 s; peak memory 1124 MiB.
2026-10-09T14:36:48Z INFO [547/750] 85a10481-2b74-4418-b429-7db192cd438c: Sackin index -0.0702; 0.9 s; peak memory 1124 MiB.
2026-10-09T14:36:49Z INFO [548/750] 85a1b3a3-3a44-4913-8f13-6f8fd3208da5: Sackin index -0.1383; 1.2 s; peak memory 1124 MiB.
2026-10-09T14:36:50Z INFO [549/750] 85a26a19-854f-4710-83e8-45b9bdd71e64: Sackin index -0.1178; 0.7 s; peak memory 1124 MiB.
2026-10-09T14:36:51Z INFO [550/750] 85a2e1ae-b166-4708-9f49-a0d0b0daa267: Sackin index -0.1349; 0.8 s; peak memory 1124 MiB.
2026-10-09T14:36:51Z INFO [550/750] 85a2e1ae-b166-4708-9f49-a0d0b0daa267: checkpointed 111386 new records.
2026-10-09T14:36:55Z INFO [551/750] 85a33d4d-843e-4bfc-bb01-ee1cfcc080d0: Sackin index -0.0231; 3.9 s; peak memory 1124 MiB.
2026-10-09T14:36:55Z INFO [552/750] 85a3c9f1-ca43-427c-9aa1-42dbeb9c4bb8: Sackin index -0.0709; 0.8 s; peak memory 1124 MiB.
2026-10-09T14:36:56Z INFO [553/750] 85a52d93-28d7-42b2-b0bb-3dd7e8fe98ba: Sackin index -0.1178; 0.7 s; peak memory 1124 MiB.
2026-10-09T14:36:57Z INFO [554/750] 85a56ac3-3fc9-4856-b2b3-f1f63a569dce: Sackin index -0.1349; 0.8 s; peak memory 1124 MiB.
2026-10-09T14:37:13Z INFO [555/750] 85a56c70-e12b-4c16-8b84-93ebfaf916c1: Sackin index -0.1495; 15.7 s; peak memory 1124 MiB.
2026-10-09T14:37:14Z INFO [556/750] 85a60642-b8ac-4455-ba8a-936bec155873: Sackin index -0.1349; 0.9 s; peak memory 1124 MiB.
2026-10-09T14:37:15Z INFO [557/750] 85a725eb-08b5-4112-a00b-1f7b6f9df0a3: Sackin index -0.0722; 1.1 s; peak memory 1124 MiB.
2026-10-09T14:37:15Z INFO [558/750] 85a737ca-b22f-4026-9034-304678b1457e: Sackin index -0.1938; 0.7 s; peak memory 1124 MiB.
2026-10-09T14:37:22Z INFO [559/750] 85a777e3-cc5f-4ab3-a5a6-baac1766d870: Sackin index -0.0145; 7.1 s; peak memory 1124 MiB.
2026-10-09T14:37:23Z INFO [560/750] 85a77cdf-5848-4153-bab2-5e9a87bedce9: Sackin index -0.0369; 1.1 s; peak memory 1124 MiB.
2026-10-09T14:37:24Z INFO [561/750] 85a7b8f9-725b-4e35-a4e6-7c42f49f7473: Sackin index -0.0709; 0.7 s; peak memory 1124 MiB.
2026-10-09T14:37:25Z INFO [562/750] 85a7dd3a-f4a9-4f96-a6e1-316478806d66: Sackin index -0.0702; 0.8 s; peak memory 1124 MiB.
2026-10-09T14:37:26Z INFO [563/750] 85a8078d-f68b-44ed-9654-13ed6fd5815e: Sackin index -0.1201; 1.0 s; peak memory 1124 MiB.
2026-10-09T14:37:30Z INFO [564/750] 85a82b77-65b5-4401-ad6c-18e0efffb68b: Sackin index -0.0403; 3.8 s; peak memory 1124 MiB.
2026-10-09T14:37:31Z INFO [565/750] 85a86c0d-1937-46de-93f9-7fc8874e04bb: Sackin index -0.0457; 1.0 s; peak memory 1124 MiB.
2026-10-09T14:37:32Z INFO [566/750] 85a8ff72-a622-492d-a04d-ced310bd53e6: Sackin index -0.0696; 0.8 s; peak memory 1124 MiB.
2026-10-09T14:37:32Z INFO [567/750] 85a9862e-aade-4e7a-9ab1-15da749f74a1: Sackin index -0.0811; 0.9 s; peak memory 1124 MiB.
2026-10-09T14:37:34Z INFO [568/750] 85a9e278-7d31-4bd9-ba54-3825183c4852: Sackin index -0.1291; 1.3 s; peak memory 1124 MiB.
2026-10-09T14:37:35Z INFO [569/750] 85aafda2-1d38-4ab0-a56b-32c0d807eccd: Sackin index -0.1273; 1.1 s; peak memory 1124 MiB.
2026-10-09T14:37:38Z INFO [570/750] 85aba55b-b11a-4f5b-a074-82d9c2abed34: Sackin index -0.0466; 2.7 s; peak memory 1124 MiB.
2026-10-09T14:37:38Z INFO [571/750] 85adb80d-bf28-49c5-a1e4-7d75dec202d4: Sackin index -0.1408; 0.9 s; peak memory 1124 MiB.
2026-10-09T14:37:42Z INFO [572/750] 85adf6ad-9bf5-4d4f-a11c-4c65a041e294: Sackin index -0.0403; 3.9 s; peak memory 1124 MiB.
2026-10-09T14:37:47Z INFO [573/750] 85af8206-bb4a-4171-9ece-c26dcaa1c93c: Sackin index -0.0982; 4.3 s; peak memory 1124 MiB.
2026-10-09T14:37:47Z INFO [574/750] 85afe285-0175-4753-803d-f9875b96a0f8: Sackin index -0.0702; 0.8 s; peak memory 1124 MiB.
2026-10-09T14:37:50Z INFO [575/750] 85b03930-5d4a-46ee-8419-54cbd596965c: Sackin index -0.0300; 2.3 s; peak memory 1124 MiB.
2026-10-09T14:37:51Z INFO [576/750] 85b0bb6f-afa0-41b7-8f25-2eb590c66535: Sackin index -0.0702; 0.9 s; peak memory 1124 MiB.
2026-10-09T14:37:52Z INFO [577/750] 85b11ae9-cc96-4acc-a3d5-b8ff0489ef88: Sackin index -0.0728; 0.9 s; peak memory 1124 MiB.
2026-10-09T14:37:52Z INFO [578/750] 85b34ea6-eade-4697-939e-6140f251fda5: Sackin index -0.1248; 0.8 s; peak memory 1124 MiB.
2026-10-09T14:38:04Z INFO [579/750] 85b3653a-10f1-4032-ad52-be65ef6dd13d: Sackin index -0.2073; 12.1 s; peak memory 1124 MiB.
2026-10-09T14:38:05Z INFO [580/750] 85b3be11-4a5b-4f4c-8ce0-a984b4e4c390: Sackin index -0.1349; 0.9 s; peak memory 1124 MiB.
2026-10-09T14:38:06Z INFO [581/750] 85b41ee8-4600-4d36-b284-319db187944c: Sackin index -0.0376; 1.1 s; peak memory 1124 MiB.
2026-10-09T14:38:08Z INFO [582/750] 85b4f3e5-43d6-47f9-943b-6fd4f1f2593b: Sackin index -0.0738; 1.3 s; peak memory 1124 MiB.
2026-10-09T14:38:08Z INFO [583/750] 85b5461a-1d1c-4fdc-bd32-99c179e887ff: Sackin index -0.0702; 0.7 s; peak memory 1124 MiB.
2026-10-09T14:38:10Z INFO [584/750] 85b54918-66f2-49e2-85b3-af61559dc187: Sackin index -0.1273; 1.2 s; peak memory 1124 MiB.
2026-10-09T14:38:10Z INFO [585/750] 85b58111-7d2e-475d-b145-fca1e7443806: Sackin index -0.1349; 0.8 s; peak memory 1124 MiB.
2026-10-09T14:38:12Z INFO [586/750] 85b5b819-a415-4184-9a79-ea43e833a5aa: Sackin index -0.0818; 1.6 s; peak memory 1124 MiB.
2026-10-09T14:38:13Z INFO [587/750] 85b5ec1c-cc15-483d-bd9b-0879be3354d5: Sackin index -0.0728; 1.1 s; peak memory 1124 MiB.
2026-10-09T14:38:14Z INFO [588/750] 85b670bb-6f28-4bc7-b950-df842d5f462e: Sackin index -0.1248; 0.7 s; peak memory 1124 MiB.
2026-10-09T14:38:14Z INFO [589/750] 85b68ee4-0bfa-401b-8f5a-32f95a3a4473: Sackin index -0.2000; 0.7 s; peak memory 1124 MiB.
2026-10-09T14:38:38Z INFO [590/750] 85b69def-d18b-4be2-a5a0-dbf7aa44ca2e: Sackin index -0.1367; 23.6 s; peak memory 1124 MiB.
2026-10-09T14:38:39Z INFO [591/750] 85b768c8-2143-45ba-94c2-9eaa724b7f47: Sackin index -0.0702; 0.7 s; peak memory 1124 MiB.
2026-10-09T14:38:39Z INFO [592/750] 85b789ac-a33f-4e9a-88c3-3d74703d7486: Sackin index -0.0383; 0.7 s; peak memory 1124 MiB.
2026-10-09T14:38:41Z INFO [593/750] 85b86b69-02e4-4dd8-8f05-e227b565cef2: Sackin index -0.0735; 1.0 s; peak memory 1124 MiB.
2026-10-09T14:38:42Z INFO [594/750] 85b914fb-1aa0-41bf-8fce-dffd79aaed17: Sackin index -0.0728; 1.2 s; peak memory 1124 MiB.
2026-10-09T14:40:09Z INFO [595/750] 85b91914-7849-449b-a4a7-9e3f5c8127f6: Sackin index -0.0026; 87.6 s; peak memory 1124 MiB.
2026-10-09T14:40:12Z INFO [596/750] 85b9f21e-31e9-4314-980d-93b0db29d3e5: Sackin index -0.0842; 2.3 s; peak memory 1124 MiB.
2026-10-09T14:40:12Z INFO [597/750] 85ba0dfb-67fa-4dcc-80ff-c77d9277562d: Sackin index -0.1349; 0.8 s; peak memory 1124 MiB.
2026-10-09T14:40:13Z INFO [598/750] 85bb2dbb-dda8-4301-af36-094b70acc4a1: Sackin index -0.1349; 0.8 s; peak memory 1124 MiB.
2026-10-09T14:40:14Z INFO [599/750] 85bb30a2-1c03-4ae0-a761-de8d4f83e6bd: Sackin index -0.0745; 1.2 s; peak memory 1124 MiB.
2026-10-09T14:40:16Z INFO [600/750] 85bb5f29-bc8c-4390-ad20-11e29f5ec033: Sackin index -0.0824; 1.5 s; peak memory 1124 MiB.
2026-10-09T14:40:16Z INFO [600/750] 85bb5f29-bc8c-4390-ad20-11e29f5ec033: checkpointed 111436 new records.
2026-10-09T14:40:17Z INFO [601/750] 85bb6a7f-3def-4410-9f4d-d0bc51aa095a: Sackin index -0.0702; 0.9 s; peak memory 1124 MiB.
2026-10-09T14:40:19Z INFO [602/750] 85bc8b12-a064-44bc-81e2-a4ef6fe3cc56: Sackin index -0.0941; 1.6 s; peak memory 1124 MiB.
2026-10-09T14:40:20Z INFO [603/750] 85bcb671-d8a1-465e-8c23-15ae8bc686f0: Sackin index -0.1349; 0.9 s; peak memory 1124 MiB.
2026-10-09T14:40:27Z INFO [604/750] 85bddaec-f4a3-40cb-a8a6-3840302be62a: Sackin index -0.0137; 7.5 s; peak memory 1124 MiB.
2026-10-09T14:40:28Z INFO [605/750] 85bf3794-a1fc-4434-8466-6b5c2344f974: Sackin index -0.0696; 0.9 s; peak memory 1124 MiB.
2026-10-09T14:40:29Z INFO [606/750] 85bf9b10-0471-4811-82cd-1c224f0906ad: Sackin index -0.0709; 0.9 s; peak memory 1124 MiB.
2026-10-09T14:40:30Z INFO [607/750] 85c01b38-df5f-4304-b07a-24acd989d26d: Sackin index -0.0728; 1.0 s; peak memory 1124 MiB.
2026-10-09T14:40:31Z INFO [608/750] 85c0bde1-a523-4d27-8097-41c4c17cee11: Sackin index -0.1349; 0.7 s; peak memory 1124 MiB.
2026-10-09T14:40:40Z INFO [609/750] 85c11f40-829d-4b93-8225-79f2dd891709: Sackin index -0.0099; 9.0 s; peak memory 1124 MiB.
2026-10-09T14:40:40Z INFO [610/750] 85c1315b-98f2-4958-985e-f7c25ff77bc6: Sackin index -0.1349; 0.9 s; peak memory 1124 MiB.
2026-10-09T14:40:46Z INFO [611/750] 85c1ec54-57b5-4c4d-a4d3-f058f1e079f3: Sackin index -0.0017; 5.5 s; peak memory 1124 MiB.
2026-10-09T14:40:47Z INFO [612/750] 85c2c3c1-cc53-412f-997a-ac7a78140140: Sackin index -0.0702; 0.8 s; peak memory 1124 MiB.
2026-10-09T14:40:47Z INFO [613/750] 85c2c9b1-1729-414e-ad25-9a7dd955cec4: Sackin index -0.0822; 0.8 s; peak memory 1124 MiB.
2026-10-09T14:40:48Z INFO [614/750] 85c2d9b0-e181-4546-b62b-4af7cbe14bb1: Sackin index -0.1658; 0.5 s; peak memory 1124 MiB.
2026-10-09T14:40:49Z INFO [615/750] 85c2e42c-6645-4776-81b2-cfce692d7905: Sackin index -0.1349; 0.7 s; peak memory 1124 MiB.
2026-10-09T14:40:50Z INFO [616/750] 85c36f6c-8f17-4d03-8fc4-f4bac8ead4d3: Sackin index -0.0369; 1.4 s; peak memory 1124 MiB.
2026-10-09T14:40:51Z INFO [617/750] 85c397e8-563b-4516-89c7-12c51944e593: Sackin index -0.0379; 1.2 s; peak memory 1124 MiB.
2026-10-09T14:40:52Z INFO [618/750] 85c4e12d-14de-4c79-943b-5f8e336b9fd1: Sackin index -0.1658; 0.5 s; peak memory 1124 MiB.
2026-10-09T14:40:57Z INFO [619/750] 85c53700-4bbb-49f3-8332-80c67b771d94: Sackin index -0.0439; 5.3 s; peak memory 1124 MiB.
2026-10-09T14:40:58Z INFO [620/750] 85c5d8dd-cfc9-4ce3-bbf6-07dc73a3bf09: Sackin index -0.1349; 0.8 s; peak memory 1124 MiB.
2026-10-09T14:40:59Z INFO [621/750] 85c63b12-5716-4335-bd33-7f82f1ae8a5e: Sackin index -0.1349; 0.7 s; peak memory 1124 MiB.
2026-10-09T14:40:59Z INFO [622/750] 85c64476-f7f9-4247-814b-f464ec3bf7d9: Sackin index -0.1349; 0.7 s; peak memory 1124 MiB.
2026-10-09T14:41:00Z INFO [623/750] 85c727ad-023a-46be-86b6-b5efb7c222b9: Sackin index -0.0702; 0.8 s; peak memory 1124 MiB.
2026-10-09T14:41:01Z INFO [624/750] 85c7ef6e-ea2b-4ae8-b595-4ac9b47a9a22: Sackin index -0.1658; 0.7 s; peak memory 1124 MiB.
2026-10-09T14:41:03Z INFO [625/750] 85c8242e-a6fa-4c88-9693-55a8a5836cfc: Sackin index -0.1562; 2.5 s; peak memory 1124 MiB.
2026-10-09T14:41:04Z INFO [626/750] 85c9c2b8-ebf3-4e67-8c8b-d06e52454679: Sackin index -0.0728; 1.0 s; peak memory 1124 MiB.
2026-10-09T14:41:12Z INFO [627/750] 85c9fc69-bdbb-4603-89ea-453aefea66ba: Sackin index -0.0138; 7.9 s; peak memory 1124 MiB.
2026-10-09T14:41:13Z INFO [628/750] 85caa69d-98db-4c83-8e90-86e27f448377: Sackin index -0.0275; 1.0 s; peak memory 1124 MiB.
2026-10-09T14:41:14Z INFO [629/750] 85cb2cbc-8170-408e-a9ee-44e2123636d0: Sackin index -0.0375; 1.2 s; peak memory 1124 MiB.
2026-10-09T14:41:15Z INFO [630/750] 85cb6573-1cb7-46fc-8704-06aa06c8d664: Sackin index -0.1349; 0.7 s; peak memory 1124 MiB.
2026-10-09T14:41:16Z INFO [631/750] 85cc7207-e2e4-49cc-8d1a-53088b1996cb: Sackin index -0.1210; 1.1 s; peak memory 1124 MiB.
2026-10-09T14:41:17Z INFO [632/750] 85cc7d9d-31f2-42eb-ae99-506bc077e2ba: Sackin index -0.1298; 0.6 s; peak memory 1124 MiB.
2026-10-09T14:41:17Z INFO [633/750] 85cc9603-c943-4112-97b5-e3fd99b11285: Sackin index -0.1448; 0.5 s; peak memory 1124 MiB.
2026-10-09T14:41:18Z INFO [634/750] 85cd7f84-544b-4fa4-878b-2a08f3b174dc: Sackin index -0.0745; 1.2 s; peak memory 1124 MiB.
2026-10-09T14:41:19Z INFO [635/750] 85cdf648-b843-4be5-b7f0-dea9dd3a2172: Sackin index -0.0746; 1.1 s; peak memory 1124 MiB.
2026-10-09T14:41:20Z INFO [636/750] 85ce4565-660e-4ed3-aee8-fce0a1d46cdb: Sackin index -0.1658; 0.6 s; peak memory 1124 MiB.
2026-10-09T14:41:23Z INFO [637/750] 85ce80eb-0cbb-4fcf-a774-d423e2425d2d: Sackin index -0.0255; 3.3 s; peak memory 1124 MiB.
2026-10-09T14:41:24Z INFO [638/750] 85cf510b-9479-4b0e-9133-83bc0d0df1d7: Sackin index -0.1356; 0.5 s; peak memory 1124 MiB.
2026-10-09T14:41:26Z INFO [639/750] 85cfc2f7-0fd0-4d3d-a4c4-cc471f9fd834: Sackin index -0.0424; 2.5 s; peak memory 1124 MiB.
2026-10-09T14:41:27Z INFO [640/750] 85cfdcc8-a377-4a3a-9599-a782225cd810: Sackin index -0.1349; 0.7 s; peak memory 1124 MiB.
2026-10-09T14:41:28Z INFO [641/750] 85cfe7cd-7f9f-4716-bbe6-33f7d120c35a: Sackin index -0.1331; 0.6 s; peak memory 1124 MiB.
2026-10-09T14:41:28Z INFO [642/750] 85d0058c-7b76-48b1-a23c-7c3f52b7ea42: Sackin index -0.0385; 0.8 s; peak memory 1124 MiB.
2026-10-09T14:41:29Z INFO [643/750] 85d02b33-8c31-4f0c-b613-902aab1cb315: Sackin index -0.0702; 0.8 s; peak memory 1124 MiB.
2026-10-09T14:41:30Z INFO [644/750] 85d0fb7a-cc95-435b-bca7-e54122713f1a: Sackin index -0.1658; 0.5 s; peak memory 1124 MiB.
2026-10-09T14:41:30Z INFO [645/750] 85d13d14-a001-4b93-a1f0-a4a1af4400e1: Sackin index -0.0385; 0.7 s; peak memory 1124 MiB.
2026-10-09T14:41:31Z INFO [646/750] 85d18a8a-0ae3-4d5c-8404-9ed2eb1cc982: Sackin index -0.1303; 0.5 s; peak memory 1124 MiB.
2026-10-09T14:41:38Z INFO [647/750] 85d198f4-083a-4e74-bff1-43f4f62942be: Sackin index -0.0017; 6.7 s; peak memory 1124 MiB.
2026-10-09T14:41:39Z INFO [648/750] 85d1be51-a0f2-4736-b86a-c10ec76bd234: Sackin index -0.0696; 0.9 s; peak memory 1124 MiB.
2026-10-09T14:41:39Z INFO [649/750] 85d1ddaf-7210-40be-a950-f2b5253dd30b: Sackin index -0.1331; 0.7 s; peak memory 1124 MiB.
2026-10-09T14:41:41Z INFO [650/750] 85d1fa53-e106-4974-9da1-5732ab942b71: Sackin index -0.0676; 1.5 s; peak memory 1124 MiB.
2026-10-09T14:41:41Z INFO [650/750] 85d1fa53-e106-4974-9da1-5732ab942b71: checkpointed 111486 new records.
2026-10-09T14:41:42Z INFO [651/750] 85d22dce-8622-48f3-863d-04fe1e956231: Sackin index -0.0702; 0.9 s; peak memory 1124 MiB.
2026-10-09T14:41:43Z INFO [652/750] 85d25ca1-df3f-476e-818e-a1d7c19f5f5a: Sackin index -0.0681; 1.4 s; peak memory 1124 MiB.
2026-10-09T14:41:44Z INFO [653/750] 85d26940-f26c-4590-979c-c06bd5fb898d: Sackin index -0.1349; 0.8 s; peak memory 1124 MiB.
2026-10-09T14:41:45Z INFO [654/750] 85d2818b-9720-4a93-a980-ddb4bd60af0a: Sackin index -0.1938; 0.6 s; peak memory 1124 MiB.
2026-10-09T14:41:54Z INFO [655/750] 85d28a27-e093-4af6-9a26-93980d11b662: Sackin index -0.0138; 9.3 s; peak memory 1124 MiB.
2026-10-09T14:41:55Z INFO [656/750] 85d39cd8-4318-464e-a4bf-ff8ea1edaa93: Sackin index -0.0728; 1.0 s; peak memory 1124 MiB.
2026-10-09T14:41:56Z INFO [657/750] 85d3ed2a-154f-420f-9c71-36d2ad137e01: Sackin index -0.0376; 0.8 s; peak memory 1124 MiB.
2026-10-09T14:41:56Z INFO [658/750] 85d60919-0250-47d2-9ff8-37936d1c9d9b: Sackin index -0.0745; 0.8 s; peak memory 1124 MiB.
2026-10-09T14:41:57Z INFO [659/750] 85d61497-44f7-458c-a348-53444bc88273: Sackin index -0.1349; 0.7 s; peak memory 1124 MiB.
2026-10-09T14:41:58Z INFO [660/750] 85d6b8c9-29e9-4cb7-847d-67b7d505240d: Sackin index -0.1210; 0.9 s; peak memory 1124 MiB.
2026-10-09T14:42:02Z INFO [661/750] 85d6f1b0-5648-4ccf-8086-bc34b3b9bacd: Sackin index -0.0403; 4.1 s; peak memory 1124 MiB.
2026-10-09T14:42:04Z INFO [662/750] 85d711e6-acda-4fdf-aac4-5e989f217720: Sackin index -0.0358; 1.3 s; peak memory 1124 MiB.
2026-10-09T14:42:04Z INFO [663/750] 85d733f9-fdf1-4b87-bf08-70382f4ba111: Sackin index -0.1349; 0.7 s; peak memory 1124 MiB.
2026-10-09T14:42:05Z INFO [664/750] 85d784c0-479b-4cad-b063-4ea3e476e286: Sackin index -0.1349; 0.7 s; peak memory 1124 MiB.
2026-10-09T14:42:06Z INFO [665/750] 85d81356-1c48-4b0a-81e5-6ddee502c526: Sackin index -0.0375; 1.1 s; peak memory 1124 MiB.
2026-10-09T14:42:07Z INFO [666/750] 85d841d9-74de-46e7-b6be-e272adec5dbc: Sackin index -0.1349; 0.7 s; peak memory 1124 MiB.
2026-10-09T14:42:08Z INFO [667/750] 85d898e1-6323-465c-8f9d-27624ad42530: Sackin index -0.1349; 0.9 s; peak memory 1124 MiB.
2026-10-09T14:42:09Z INFO [668/750] 85d8a970-c0d9-412b-8e72-a82a1df90423: Sackin index -0.0699; 1.7 s; peak memory 1124 MiB.
2026-10-09T14:42:18Z INFO [669/750] 85d90110-7e5b-4872-83d9-8e2136fa62b9: Sackin index -0.0138; 8.4 s; peak memory 1124 MiB.
2026-10-09T14:42:18Z INFO [670/750] 85d96f98-5527-4a95-a0a8-e457abcbc794: Sackin index -0.0709; 0.8 s; peak memory 1124 MiB.
2026-10-09T14:42:20Z INFO [671/750] 85d98dc1-bf46-4242-9740-79757f6c93f0: Sackin index -0.1418; 1.3 s; peak memory 1124 MiB.
2026-10-09T14:42:27Z INFO [672/750] 85d9bfe3-cde8-4a5c-82dc-b503e55af6ab: Sackin index -0.0102; 6.9 s; peak memory 1124 MiB.
2026-10-09T14:42:30Z INFO [673/750] 85da7fde-0d78-4b7a-9233-899cfda6332f: Sackin index -0.0390; 3.7 s; peak memory 1124 MiB.
2026-10-09T14:42:31Z INFO [674/750] 85daf77d-fa9e-4d08-8af5-5c614a1a50c8: Sackin index -0.1349; 0.7 s; peak memory 1124 MiB.
2026-10-09T14:42:32Z INFO [675/750] 85db1738-b537-453d-a89b-43ce3731df4b: Sackin index -0.1658; 0.6 s; peak memory 1124 MiB.
2026-10-09T14:42:32Z INFO [676/750] 85db2f53-9458-480a-bfda-916f3cda5e7a: Sackin index -0.1349; 0.9 s; peak memory 1124 MiB.
2026-10-09T14:42:33Z INFO [677/750] 85dc8ef9-204c-4392-a4dd-a962511445c7: Sackin index -0.1349; 0.9 s; peak memory 1124 MiB.
2026-10-09T14:42:35Z INFO [678/750] 85dcb61e-a283-49ac-ac2c-9fa8147954a2: Sackin index -0.0699; 1.7 s; peak memory 1124 MiB.
2026-10-09T14:42:36Z INFO [679/750] 85ddb26e-4c65-4c38-b262-0c3ce704f2f8: Sackin index -0.1349; 0.9 s; peak memory 1124 MiB.
2026-10-09T14:42:37Z INFO [680/750] 85de1a4f-bf9f-4941-a06f-206c4d85776c: Sackin index -0.0728; 0.9 s; peak memory 1124 MiB.
2026-10-09T14:42:38Z INFO [681/750] 85ded551-f6f3-421e-8f12-d691be3613ad: Sackin index -0.0709; 0.9 s; peak memory 1124 MiB.
2026-10-09T14:42:39Z INFO [682/750] 85df85c4-6672-4675-9bb8-5e82e44e0f88: Sackin index -0.0171; 1.3 s; peak memory 1124 MiB.
2026-10-09T14:42:44Z INFO [683/750] 85e06115-7319-4638-801a-70aa634abf64: Sackin index -0.0438; 4.8 s; peak memory 1124 MiB.
2026-10-09T14:42:45Z INFO [684/750] 85e0e33e-6a82-4bfe-b5d4-9397858e2bd4: Sackin index -0.0728; 0.9 s; peak memory 1124 MiB.
2026-10-09T14:42:45Z INFO [685/750] 85e1e221-3ac2-4863-b017-9df893f0c47c: Sackin index -0.1349; 0.7 s; peak memory 1124 MiB.
2026-10-09T14:42:47Z INFO [686/750] 85e58149-3bf8-4e00-b57d-87d0908f1eb3: Sackin index -0.1210; 1.2 s; peak memory 1124 MiB.
2026-10-09T14:42:47Z INFO [687/750] 85e5dccd-eaf5-446d-a19d-f68588b6bd65: Sackin index -0.1349; 0.8 s; peak memory 1124 MiB.
2026-10-09T14:42:48Z INFO [688/750] 85e72e64-316e-4c38-93cb-e39e273a7b3e: Sackin index -0.0745; 1.0 s; peak memory 1124 MiB.
2026-10-09T14:42:49Z INFO [689/750] 85e7f7b3-b77d-4ca4-95ac-d1130473319e: Sackin index -0.1349; 0.9 s; peak memory 1124 MiB.
2026-10-09T14:42:50Z INFO [690/750] 85e804fd-ee36-4e6b-9c85-cb1487218e75: Sackin index -0.1658; 0.6 s; peak memory 1124 MiB.
2026-10-09T14:42:51Z INFO [691/750] 85e8a895-86b9-4f4e-8475-b1981d8787fc: Sackin index -0.1349; 0.8 s; peak memory 1124 MiB.
2026-10-09T14:42:52Z INFO [692/750] 85e8e51e-2571-477c-99c6-bbb232eeb024: Sackin index -0.0434; 0.9 s; peak memory 1124 MiB.
2026-10-09T14:42:54Z INFO [693/750] 85e95cd7-16ad-4314-a2e4-fec3749f6d40: Sackin index -0.0245; 2.9 s; peak memory 1124 MiB.
2026-10-09T14:42:59Z INFO [694/750] 85e97b70-9d73-4372-9ccc-84f00f0897f6: Sackin index -0.0415; 4.4 s; peak memory 1124 MiB.
2026-10-09T14:43:00Z INFO [695/750] 85e9b95f-03d6-4ff6-884b-930c2b9e86a7: Sackin index -0.0728; 1.0 s; peak memory 1124 MiB.
2026-10-09T14:43:02Z INFO [696/750] 85ead8e4-59cd-488e-954e-f7b0ce812598: Sackin index -0.0660; 2.2 s; peak memory 1124 MiB.
2026-10-09T14:43:03Z INFO [697/750] 85eb442d-97f3-4747-960e-3ce857f37713: Sackin index -0.0434; 0.9 s; peak memory 1124 MiB.
2026-10-09T14:43:04Z INFO [698/750] 85ebb723-5136-4572-b0f3-3f76ad634f65: Sackin index -0.0752; 0.8 s; peak memory 1124 MiB.
2026-10-09T14:43:05Z INFO [699/750] 85ec47ee-4bfa-47d3-bf32-eaea7bab9caa: Sackin index -0.0702; 0.9 s; peak memory 1124 MiB.
2026-10-09T14:43:06Z INFO [700/750] 85eca64c-8c14-4079-9200-659c2fa355d7: Sackin index -0.0413; 1.0 s; peak memory 1124 MiB.
2026-10-09T14:43:06Z INFO [700/750] 85eca64c-8c14-4079-9200-659c2fa355d7: checkpointed 111536 new records.
2026-10-09T14:43:07Z INFO [701/750] 85ecc72b-0203-43ac-ab7b-722a7e00fa85: Sackin index -0.1201; 1.0 s; peak memory 1124 MiB.
2026-10-09T14:43:07Z INFO [702/750] 85ece4d6-afd8-45c7-a6f2-e8d14ef7c265: Sackin index -0.0689; 0.7 s; peak memory 1124 MiB.
2026-10-09T14:43:09Z INFO [703/750] 85ee9cf0-e4a6-4718-9f44-f4fb027e54fc: Sackin index -0.0676; 1.5 s; peak memory 1124 MiB.
2026-10-09T14:43:10Z INFO [704/750] 85f0141e-3e5a-4b07-b39a-7a0600086a79: Sackin index -0.1178; 0.6 s; peak memory 1124 MiB.
2026-10-09T14:43:11Z INFO [705/750] 85f0a2e6-07e9-4a14-95eb-da3fa93c656c: Sackin index -0.0728; 0.9 s; peak memory 1124 MiB.
2026-10-09T14:43:11Z INFO [706/750] 85f0fda8-0944-4ee1-922c-65444384f413: Sackin index -0.1331; 0.7 s; peak memory 1124 MiB.
2026-10-09T14:43:13Z INFO [707/750] 85f10f48-f7f6-4059-9b3c-742bee38b314: Sackin index -0.0745; 1.4 s; peak memory 1124 MiB.
2026-10-09T14:43:13Z INFO [708/750] 85f1c89c-8a74-4f39-b9dd-e7f3ac96849e: Sackin index -0.0380; 0.9 s; peak memory 1124 MiB.
2026-10-09T14:43:14Z INFO [709/750] 85f1d208-07cb-496f-b8dc-8bced662e09e: Sackin index -0.1161; 0.6 s; peak memory 1124 MiB.
2026-10-09T14:43:16Z INFO [710/750] 85f22f04-f3bc-4ca6-9d7a-ea9649c9830d: Sackin index -0.0660; 2.1 s; peak memory 1124 MiB.
2026-10-09T14:43:17Z INFO [711/750] 85f26d05-1007-4ec4-bb10-27c6caf6dc15: Sackin index -0.0375; 1.0 s; peak memory 1124 MiB.
2026-10-09T14:43:18Z INFO [712/750] 85f27c6e-1bb5-4142-ab67-0e60ddf875f5: Sackin index -0.1349; 0.8 s; peak memory 1124 MiB.
2026-10-09T14:43:19Z INFO [713/750] 85f3078c-14ca-44e3-926b-51140b3b28e9: Sackin index -0.1178; 0.6 s; peak memory 1124 MiB.
2026-10-09T14:43:20Z INFO [714/750] 85f3460d-813a-46a9-9625-42f2ff015ef4: Sackin index -0.1082; 0.9 s; peak memory 1124 MiB.
2026-10-09T14:43:20Z INFO [715/750] 85f4905f-212c-405e-9936-b069ec78b987: Sackin index -0.1658; 0.7 s; peak memory 1124 MiB.
2026-10-09T14:43:21Z INFO [716/750] 85f53de2-7fce-46eb-8d43-0fe63c662dd7: Sackin index -0.1658; 0.6 s; peak memory 1124 MiB.
2026-10-09T14:43:22Z INFO [717/750] 85f765b2-cadd-4b23-b1fe-92a20b45a9ac: Sackin index -0.1349; 0.8 s; peak memory 1124 MiB.
2026-10-09T14:43:25Z INFO [718/750] 85f885d2-2475-4106-8580-4c9b79645d3a: Sackin index -0.0547; 3.0 s; peak memory 1124 MiB.
2026-10-09T14:43:25Z INFO [719/750] 85f9019a-839c-45c3-96e5-99bb0d7ae2d2: Sackin index -0.0702; 0.8 s; peak memory 1124 MiB.
2026-10-09T14:43:26Z INFO [720/750] 85fa33fd-031f-4861-8727-c7f98bd7333a: Sackin index -0.1658; 0.4 s; peak memory 1124 MiB.
2026-10-09T14:43:26Z INFO [721/750] 85fa4da6-f9b0-46f6-a497-fceabb0401f2: Sackin index -0.1239; 0.6 s; peak memory 1124 MiB.
2026-10-09T14:43:33Z INFO [722/750] 85fabbb4-1b78-4d07-8131-34bf734497ff: Sackin index -0.0147; 6.6 s; peak memory 1124 MiB.
2026-10-09T14:43:34Z INFO [723/750] 85fc149b-dd97-43b4-9183-70845d568816: Sackin index -0.1349; 1.0 s; peak memory 1124 MiB.
2026-10-09T14:43:36Z INFO [724/750] 85fd497b-7ac6-431d-b414-5cf33d8968bc: Sackin index -0.0369; 1.8 s; peak memory 1124 MiB.
2026-10-09T14:43:37Z INFO [725/750] 85fd5afd-6ccc-4e68-8cfe-4557a2078b9a: Sackin index -0.1349; 1.0 s; peak memory 1124 MiB.
2026-10-09T14:43:43Z INFO [726/750] 85fd7df7-6e2e-4fa3-9eec-54dbc72796eb: Sackin index -0.0165; 6.1 s; peak memory 1124 MiB.
2026-10-09T14:43:44Z INFO [727/750] 85fe31e0-8957-457b-ba6f-a25a3a3779d0: Sackin index -0.0728; 1.1 s; peak memory 1124 MiB.
2026-10-09T14:43:45Z INFO [728/750] 85fe3c9a-d515-40ee-8721-05409c2d685b: Sackin index -0.1349; 1.0 s; peak memory 1124 MiB.
2026-10-09T14:43:46Z INFO [729/750] 85ff3be8-5941-4ae0-af12-be333571c7c8: Sackin index -0.1272; 0.7 s; peak memory 1124 MiB.
2026-10-09T14:43:47Z INFO [730/750] 85ff532d-8ced-4219-8f2b-769847b5c900: Sackin index -0.0377; 0.9 s; peak memory 1124 MiB.
2026-10-09T14:43:47Z INFO [731/750] 85ff6ee9-4723-47a9-86bb-80c9dde30484: Sackin index -0.1658; 0.6 s; peak memory 1124 MiB.
2026-10-09T14:43:51Z INFO [732/750] 85ffe75f-f804-4f8b-98e2-56aee3b0bac1: Sackin index -0.0251; 4.0 s; peak memory 1124 MiB.
2026-10-09T14:43:53Z INFO [733/750] 8600284c-36d6-4467-84ff-4cb8702e65fd: Sackin index -0.1244; 1.2 s; peak memory 1124 MiB.
2026-10-09T14:43:54Z INFO [734/750] 860082bd-dd87-435e-b563-aa729484c07c: Sackin index -0.1492; 0.9 s; peak memory 1124 MiB.
2026-10-09T14:43:59Z INFO [735/750] 86016214-2f6c-4c47-9f9f-b5d5612b5ae7: Sackin index -0.0308; 5.4 s; peak memory 1124 MiB.
2026-10-09T14:44:07Z INFO [736/750] 8601bdda-f079-4c47-87ec-76be89bd7baa: Sackin index -0.0124; 8.0 s; peak memory 1124 MiB.
2026-10-09T14:44:08Z INFO [737/750] 8601d49a-944d-4974-bd5e-9935dd717ec4: Sackin index -0.1349; 0.7 s; peak memory 1124 MiB.
2026-10-09T14:44:09Z INFO [738/750] 8602fb72-ac2c-4290-8e05-77b554fef8fb: Sackin index -0.0384; 1.0 s; peak memory 1124 MiB.
2026-10-09T14:44:10Z INFO [739/750] 8603fe0a-c63c-4f40-b4f5-8f2e4eea23ca: Sackin index -0.0745; 1.1 s; peak memory 1124 MiB.
2026-10-09T14:44:10Z INFO [740/750] 86056870-7b3e-4212-8c2a-4b5dd5e406ee: Sackin index -0.1349; 0.6 s; peak memory 1124 MiB.
2026-10-09T14:44:11Z INFO [741/750] 86062ddc-c75d-438e-9df9-2240bde2d7cf: Sackin index -0.1349; 0.8 s; peak memory 1124 MiB.
2026-10-09T14:44:15Z INFO [742/750] 8608b253-877f-4f0b-8517-30603c2d98b5: Sackin index -0.0347; 4.2 s; peak memory 1124 MiB.
2026-10-09T14:44:16Z INFO [743/750] 8608d9b8-f4f1-4ea2-80c0-cd29d303ae3e: Sackin index -0.1135; 0.8 s; peak memory 1124 MiB.
2026-10-09T14:44:24Z INFO [744/750] 860991fb-dfc3-4f8b-a7dd-9e0b412f94dc: Sackin index -0.0058; 8.0 s; peak memory 1124 MiB.
2026-10-09T14:44:28Z INFO [745/750] 860ade8e-9b61-412a-81c7-d506e0721565: Sackin index -0.0233; 3.9 s; peak memory 1124 MiB.
2026-10-09T14:44:29Z INFO [746/750] 860b2b3c-834c-4e73-b568-7dd48b4e91c8: Sackin index -0.0369; 1.0 s; peak memory 1124 MiB.
2026-10-09T14:44:30Z INFO [747/750] 860b90bf-f604-49ce-bfc5-602db71ee420: Sackin index -0.1349; 0.8 s; peak memory 1124 MiB.
2026-10-09T14:44:31Z INFO [748/750] 860bc818-f13f-43a5-a852-79714d234ffc: Sackin index -0.0398; 1.1 s; peak memory 1124 MiB.
2026-10-09T14:44:32Z INFO [749/750] 860ca008-c363-45c4-891e-0a4a092f8785: Sackin index -0.0696; 0.9 s; peak memory 1124 MiB.
2026-10-09T14:44:33Z INFO [750/750] 860cefb1-47d4-496e-bd06-263fcba15831: Sackin index -0.0728; 0.9 s; peak memory 1124 MiB.
2026-10-09T14:44:33Z INFO [750/750] 860cefb1-47d4-496e-bd06-263fcba15831: checkpointed 111586 new records.
2026-10-09T14:44:33Z INFO Wrote 111586 records to /tmp/derivatives/valid_nwb_file_to_sackin_index.jsonl (750 new, 0 failed) in 78.7 min (peak memory 1124 MiB).
