2026-10-06T19:00:12Z INFO Logging to /tmp/logs/update_2026-10-06T19-00-12Z.log.
2026-10-06T19:00:12Z INFO Update valid-nwb-file-to-sackin-index (base directory /tmp).
2026-10-06T19:00:12Z INFO Processing 750 items (88336 already recorded).
2026-10-06T19:00:13Z INFO [1/750] 55cabe0c-1b55-4acd-b869-9c76c9730a57: Sackin index -0.1349; 1.2 s; peak memory 112 MiB.
2026-10-06T19:00:14Z INFO [2/750] 55cb93e8-46a5-478f-a5b2-d207c88efcb0: Sackin index -0.1349; 1.0 s; peak memory 112 MiB.
2026-10-06T19:00:22Z INFO [3/750] 55cc5f37-4931-4d2d-89ea-e1f43c6f7278: Sackin index -0.0691; 7.5 s; peak memory 143 MiB.
2026-10-06T19:00:23Z INFO [4/750] 55cd1e74-6b1b-40a1-9ebd-2b86e96bbc30: Sackin index -0.1349; 0.9 s; peak memory 143 MiB.
2026-10-06T19:00:24Z INFO [5/750] 55cdf4c1-bce2-496d-982e-624a95e0c2d9: Sackin index -0.0702; 0.9 s; peak memory 143 MiB.
2026-10-06T19:00:25Z INFO [6/750] 55ce9270-a258-49f8-9d60-2d3a687025f8: Sackin index -0.1349; 0.9 s; peak memory 144 MiB.
2026-10-06T19:00:26Z INFO [7/750] 55cf1284-71ca-4965-8599-a1cba843c2b1: Sackin index -0.0728; 1.1 s; peak memory 144 MiB.
2026-10-06T19:00:27Z INFO [8/750] 55cfb3f9-c150-4434-82a2-36bafb67c677: Sackin index -0.1349; 0.9 s; peak memory 144 MiB.
2026-10-06T19:00:27Z INFO [9/750] 55d02335-7d57-4fe2-a0cc-42288ead118e: Sackin index -0.1303; 0.6 s; peak memory 144 MiB.
2026-10-06T19:00:29Z INFO [10/750] 55d0ffab-274b-4cb9-8fe8-28ea1025d04d: Sackin index -0.0824; 1.8 s; peak memory 144 MiB.
2026-10-06T19:00:38Z INFO [11/750] 55d19e32-0074-4b45-96bb-cd214c753c1f: Sackin index -0.0149; 8.7 s; peak memory 157 MiB.
2026-10-06T19:00:39Z INFO [12/750] 55d2e588-2114-4afb-ade7-e4ea0a3efc11: Sackin index -0.1349; 1.1 s; peak memory 157 MiB.
2026-10-06T19:00:40Z INFO [13/750] 55d2f867-2e59-4242-be52-96163a41068c: Sackin index -0.0702; 1.1 s; peak memory 157 MiB.
2026-10-06T19:00:40Z INFO [14/750] 55d34307-6ef6-4d48-9750-d138bb4a670f: Sackin index -0.1319; 0.7 s; peak memory 157 MiB.
2026-10-06T19:00:41Z INFO [15/750] 55d365ea-1bc6-4e2b-b77a-0cd78948ccf7: Sackin index -0.0696; 1.0 s; peak memory 157 MiB.
2026-10-06T19:00:43Z INFO [16/750] 55d3bd10-7621-45fa-83d4-40e3560b7caf: Sackin index -0.0416; 1.7 s; peak memory 157 MiB.
2026-10-06T19:00:44Z INFO [17/750] 55d3c7c2-2635-481b-8a71-f029bfbaedd5: Sackin index -0.0702; 0.9 s; peak memory 158 MiB.
2026-10-06T19:00:59Z INFO [18/750] 55d40255-8b25-43a0-b637-45fa7cf2f56d: Sackin index -0.0140; 14.8 s; peak memory 178 MiB.
2026-10-06T19:01:00Z INFO [19/750] 55d4553d-73a5-40d0-a938-df58cd18bd02: Sackin index -0.0379; 1.2 s; peak memory 178 MiB.
2026-10-06T19:01:05Z INFO [20/750] 55d46605-6bbf-483c-a622-4a973b6a61bd: Sackin index -0.0476; 5.1 s; peak memory 178 MiB.
2026-10-06T19:01:06Z INFO [21/750] 55d4c005-3cd3-448e-93a7-73af24363e77: Sackin index -0.1349; 1.0 s; peak memory 178 MiB.
2026-10-06T19:01:13Z INFO [22/750] 55d4c952-3d8d-45ef-9789-0f85266afda9: Sackin index -0.0315; 6.4 s; peak memory 178 MiB.
2026-10-06T19:01:13Z INFO [23/750] 55d55c8f-7d79-4a82-a715-cedcd375358f: Sackin index -0.0709; 0.9 s; peak memory 178 MiB.
2026-10-06T19:01:15Z INFO [24/750] 55d7483c-6e37-49f3-877a-3a9ca25e3e82: Sackin index -0.0173; 1.4 s; peak memory 178 MiB.
2026-10-06T19:01:16Z INFO [25/750] 55d75d7a-13ac-48e0-b0bd-9715dd97ced5: Sackin index -0.1178; 0.7 s; peak memory 178 MiB.
2026-10-06T19:01:22Z INFO [26/750] 55d75ef5-691f-4d4d-b83a-85f6c619864e: Sackin index -0.0182; 6.6 s; peak memory 178 MiB.
2026-10-06T19:01:23Z INFO [27/750] 55d7b2bc-71a7-4423-a4cf-d3ec6212e02d: Sackin index -0.1349; 1.0 s; peak memory 178 MiB.
2026-10-06T19:01:24Z INFO [28/750] 55d80de5-5316-4c88-870f-de9f9a1b3eba: Sackin index -0.0728; 0.9 s; peak memory 178 MiB.
2026-10-06T19:01:25Z INFO [29/750] 55d877bf-1bfe-47ce-b9f5-909c6dd5feff: Sackin index -0.0745; 1.3 s; peak memory 178 MiB.
2026-10-06T19:01:27Z INFO [30/750] 55d8b428-9106-4c32-86c2-2512a3802488: Sackin index -0.0375; 1.3 s; peak memory 178 MiB.
2026-10-06T19:01:28Z INFO [31/750] 55d93b68-cd0f-4d0a-91f7-caf3e86b6330: Sackin index -0.0585; 1.6 s; peak memory 178 MiB.
2026-10-06T19:01:29Z INFO [32/750] 55d9687f-53ef-4665-874f-41ad15a89516: Sackin index -0.0728; 1.1 s; peak memory 178 MiB.
2026-10-06T19:01:30Z INFO [33/750] 55dac1cc-341a-469c-a384-b86b83a21807: Sackin index -0.0728; 1.0 s; peak memory 178 MiB.
2026-10-06T19:01:31Z INFO [34/750] 55dbe352-397d-4fd9-91ab-303a3eb50aef: Sackin index -0.0386; 0.9 s; peak memory 178 MiB.
2026-10-06T19:01:32Z INFO [35/750] 55dd2131-e70e-40c8-b1e5-2aeec0f287d3: Sackin index -0.1349; 0.9 s; peak memory 178 MiB.
2026-10-06T19:01:33Z INFO [36/750] 55ddf8af-4c1e-44b4-ac41-78fefd2abab8: Sackin index -0.0696; 1.0 s; peak memory 178 MiB.
2026-10-06T19:01:34Z INFO [37/750] 55de3873-df6b-44a2-9253-5435435bf455: Sackin index -0.0728; 0.8 s; peak memory 178 MiB.
2026-10-06T19:01:35Z INFO [38/750] 55de68d9-8dd7-437d-9ee6-6c1f1181e8a7: Sackin index -0.0745; 1.0 s; peak memory 178 MiB.
2026-10-06T19:01:36Z INFO [39/750] 55ded763-dc63-452c-8868-a07f457a1a96: Sackin index -0.1175; 0.6 s; peak memory 178 MiB.
2026-10-06T19:01:36Z INFO [40/750] 55df1689-a823-4a0f-ba20-138fe6565789: Sackin index -0.1349; 0.7 s; peak memory 178 MiB.
2026-10-06T19:01:37Z INFO [41/750] 55e01c61-4627-4919-b510-264097a40fcd: Sackin index -0.1208; 0.5 s; peak memory 178 MiB.
2026-10-06T19:01:56Z INFO [42/750] 55e053d7-ff6b-456b-8210-3ef9f477b938: Sackin index -0.0239; 18.8 s; peak memory 178 MiB.
2026-10-06T19:01:56Z INFO [43/750] 55e06630-8833-46ce-8b07-2d3aed21e25d: Sackin index -0.1658; 0.5 s; peak memory 178 MiB.
2026-10-06T19:02:03Z INFO [44/750] 55e0913b-1432-4c19-aa49-140c5ab23341: Sackin index -0.0030; 6.8 s; peak memory 210 MiB.
2026-10-06T19:02:04Z INFO [45/750] 55e16123-ca44-45d5-8ba2-5d0deea55217: Sackin index -0.0745; 1.3 s; peak memory 210 MiB.
2026-10-06T19:02:08Z INFO [46/750] 55e291d7-9965-4bba-9e37-0f02ef429cda: Sackin index -0.0403; 3.8 s; peak memory 210 MiB.
2026-10-06T19:02:09Z INFO [47/750] 55e29b21-8daf-4514-bf4e-864a274da0e1: Sackin index -0.0702; 0.8 s; peak memory 210 MiB.
2026-10-06T19:02:10Z INFO [48/750] 55e3eaac-d897-49a2-995f-85a527c7cd3f: Sackin index -0.0728; 1.1 s; peak memory 210 MiB.
2026-10-06T19:02:11Z INFO [49/750] 55e44b61-d520-4724-b5c3-9980172ecfe3: Sackin index -0.0728; 1.1 s; peak memory 210 MiB.
2026-10-06T19:02:13Z INFO [50/750] 55e4b27f-682a-4a9e-a468-3c077f19424e: Sackin index -0.0749; 1.6 s; peak memory 210 MiB.
2026-10-06T19:02:13Z INFO [50/750] 55e4b27f-682a-4a9e-a468-3c077f19424e: checkpointed 88386 records.
2026-10-06T19:02:16Z INFO [51/750] 55e53fd9-116a-46e3-8b54-aba74ce34d0a: Sackin index -0.0251; 3.4 s; peak memory 210 MiB.
2026-10-06T19:02:17Z INFO [52/750] 55e5c4d1-4dfa-4895-8ca6-c318127edfb9: Sackin index -0.1349; 0.9 s; peak memory 210 MiB.
2026-10-06T19:02:18Z INFO [53/750] 55e6e2aa-58e2-42cd-a874-1da78f728a48: Sackin index -0.0366; 1.0 s; peak memory 210 MiB.
2026-10-06T19:02:19Z INFO [54/750] 55e714e9-81de-4f0f-9582-492f35033d51: Sackin index -0.0696; 1.0 s; peak memory 210 MiB.
2026-10-06T19:02:25Z INFO [55/750] 55e7fc28-2f15-4a0d-ab8d-d83b1728b0bb: Sackin index -0.0438; 6.2 s; peak memory 210 MiB.
2026-10-06T19:02:26Z INFO [56/750] 55e85e20-871a-4f19-a88d-8eff0c8ff617: Sackin index -0.0728; 1.0 s; peak memory 210 MiB.
2026-10-06T19:02:28Z INFO [57/750] 55e906a8-322f-4d8b-9aec-93cf9ef9e0c5: Sackin index -0.0660; 2.1 s; peak memory 210 MiB.
2026-10-06T19:02:29Z INFO [58/750] 55e973cb-2d8e-4ee6-bbf4-027281a92302: Sackin index -0.1349; 0.8 s; peak memory 210 MiB.
2026-10-06T19:02:30Z INFO [59/750] 55e9811a-d91b-4d08-bcb0-f09a4af704e4: Sackin index -0.0426; 0.7 s; peak memory 210 MiB.
2026-10-06T19:03:02Z INFO [60/750] 55e99931-7ad7-41e7-8a10-e6bc716eceac: Sackin index -0.0055; 32.3 s; peak memory 231 MiB.
2026-10-06T19:03:03Z INFO [61/750] 55e9fb0f-e32a-4990-a3e3-de9d850b5f64: Sackin index -0.1658; 0.8 s; peak memory 231 MiB.
2026-10-06T19:03:04Z INFO [62/750] 55ec4302-b7ba-406d-a4f0-c7d73d3d4ac9: Sackin index -0.0728; 1.1 s; peak memory 231 MiB.
2026-10-06T19:03:18Z INFO [63/750] 55ed6ad3-914b-4cfb-bbf5-24e93666beca: Sackin index -0.0092; 14.4 s; peak memory 231 MiB.
2026-10-06T19:03:19Z INFO [64/750] 55ee77a2-41d4-44fe-9558-f8b367ddd310: Sackin index -0.0709; 1.0 s; peak memory 231 MiB.
2026-10-06T19:03:20Z INFO [65/750] 55ee781f-7e66-440b-b403-263e4b343ecc: Sackin index -0.1331; 0.7 s; peak memory 231 MiB.
2026-10-06T19:03:21Z INFO [66/750] 55eec1ff-8c81-480a-9853-d1ce11a087de: Sackin index -0.0728; 0.9 s; peak memory 231 MiB.
2026-10-06T19:03:22Z INFO [67/750] 55ef69f3-be0c-44e5-ac87-547c03371bfb: Sackin index -0.1349; 0.9 s; peak memory 231 MiB.
2026-10-06T19:03:23Z INFO [68/750] 55ef95b3-17ba-47a0-852c-05da80edbcd7: Sackin index -0.0696; 0.8 s; peak memory 231 MiB.
2026-10-06T19:03:24Z INFO [69/750] 55efbffa-3392-41df-804f-9c1865beb9e2: Sackin index -0.1273; 1.2 s; peak memory 231 MiB.
2026-10-06T19:03:25Z INFO [70/750] 55f01f1c-8213-402f-88be-ffb5045b4183: Sackin index -0.0173; 1.4 s; peak memory 231 MiB.
2026-10-06T19:03:26Z INFO [71/750] 55f21d93-83db-4a7b-a6e2-4dc1520c5d32: Sackin index -0.1248; 0.6 s; peak memory 231 MiB.
2026-10-06T19:03:27Z INFO [72/750] 55f2327e-ee3c-4380-a559-b46fff1b1d2f: Sackin index -0.0728; 1.1 s; peak memory 231 MiB.
2026-10-06T19:03:28Z INFO [73/750] 55f23db4-b9ba-4ca9-901f-ce46492456fa: Sackin index -0.0728; 0.9 s; peak memory 231 MiB.
2026-10-06T19:03:32Z INFO [74/750] 55f27190-a22e-4f92-953c-25450c1ea810: Sackin index -0.0547; 3.7 s; peak memory 231 MiB.
2026-10-06T19:03:32Z INFO [75/750] 55f291f9-6013-4d5f-a053-8b28c12f2b65: Sackin index -0.0928; 0.9 s; peak memory 231 MiB.
2026-10-06T19:03:33Z INFO [76/750] 55f2bc85-1e7d-460b-b2e3-965029a7cc0a: Sackin index -0.1349; 0.9 s; peak memory 231 MiB.
2026-10-06T19:03:43Z INFO [77/750] 55f6692e-eddf-48fb-8c64-67559805b8e0: Sackin index -0.0103; 9.8 s; peak memory 231 MiB.
2026-10-06T19:03:45Z INFO [78/750] 55f6dc0e-f770-41cf-8ee7-14344b46e026: Sackin index -0.1766; 1.6 s; peak memory 231 MiB.
2026-10-06T19:03:56Z INFO [79/750] 55f7b957-84ca-49c9-ac66-66483603fa06: Sackin index -0.0214; 10.9 s; peak memory 231 MiB.
2026-10-06T19:03:56Z INFO [80/750] 55f836a7-1cb1-4f90-9de1-445e58495b51: Sackin index -0.1658; 0.6 s; peak memory 231 MiB.
2026-10-06T19:03:58Z INFO [81/750] 55f87b03-0371-4e7b-a790-9ca69ca234ec: Sackin index -0.0469; 1.4 s; peak memory 231 MiB.
2026-10-06T19:04:02Z INFO [82/750] 55f8bbc6-41b1-4d08-9751-1cecad635b94: Sackin index -0.0940; 4.3 s; peak memory 231 MiB.
2026-10-06T19:04:03Z INFO [83/750] 55fa1529-5518-43e4-a829-c544b8f98491: Sackin index -0.0881; 0.8 s; peak memory 231 MiB.
2026-10-06T19:04:04Z INFO [84/750] 55fa9f50-8174-4cc6-8e76-27be035619a6: Sackin index -0.0369; 1.3 s; peak memory 231 MiB.
2026-10-06T19:04:08Z INFO [85/750] 55faaa82-8011-449b-9651-f7f87516fcb5: Sackin index -0.0424; 3.7 s; peak memory 231 MiB.
2026-10-06T19:04:10Z INFO [86/750] 55fabb89-c907-43bf-866f-03edb0367d9c: Sackin index -0.0900; 2.6 s; peak memory 231 MiB.
2026-10-06T19:04:12Z INFO [87/750] 55fb4e7a-ed20-4997-9ab8-c2565715b5ab: Sackin index -0.0369; 1.5 s; peak memory 231 MiB.
2026-10-06T19:04:13Z INFO [88/750] 55fbea05-4081-4f4e-b035-0b86fe741aa2: Sackin index -0.0702; 0.8 s; peak memory 231 MiB.
2026-10-06T19:04:14Z INFO [89/750] 55fc5321-7feb-4401-8317-16c3e15fb6a2: Sackin index -0.1349; 0.9 s; peak memory 231 MiB.
2026-10-06T19:04:51Z INFO [90/750] 55fc8476-3017-486c-87a4-b4faeb74fa8d: Sackin index -0.1076; 37.6 s; peak memory 231 MiB.
2026-10-06T19:04:53Z INFO [91/750] 55fc9761-5697-4d7d-a8e1-21242586583c: Sackin index -0.0169; 1.8 s; peak memory 231 MiB.
2026-10-06T19:04:54Z INFO [92/750] 55fd22cc-e266-4b01-8c77-fde2fff2289c: Sackin index -0.1135; 0.6 s; peak memory 231 MiB.
2026-10-06T19:04:55Z INFO [93/750] 55fe9928-63c4-4c64-b47a-128e8d3665ae: Sackin index -0.0699; 1.8 s; peak memory 231 MiB.
2026-10-06T19:04:56Z INFO [94/750] 55ff7b81-4618-4248-b4eb-4986fd94566e: Sackin index -0.1349; 0.9 s; peak memory 231 MiB.
2026-10-06T19:04:57Z INFO [95/750] 560001ca-9b7f-471b-96b9-bf43a2ffdeb4: Sackin index -0.1349; 1.0 s; peak memory 231 MiB.
2026-10-06T19:04:58Z INFO [96/750] 56006f63-ee6b-41ff-9b14-2add984374c9: Sackin index -0.0702; 0.7 s; peak memory 231 MiB.
2026-10-06T19:04:59Z INFO [97/750] 56015d0a-de5b-428e-b5c4-cf3d81ef59f9: Sackin index -0.1602; 0.8 s; peak memory 231 MiB.
2026-10-06T19:05:00Z INFO [98/750] 560256f3-bdfa-42ec-b442-53b37863df11: Sackin index -0.0728; 1.0 s; peak memory 231 MiB.
2026-10-06T19:05:01Z INFO [99/750] 5602bddd-1fc8-4a49-81aa-574ed40b3c64: Sackin index -0.0696; 0.8 s; peak memory 231 MiB.
2026-10-06T19:05:02Z INFO [100/750] 56030d70-96bf-465e-ac4f-d7c6d6e0c0ea: Sackin index -0.0375; 1.3 s; peak memory 231 MiB.
2026-10-06T19:05:02Z INFO [100/750] 56030d70-96bf-465e-ac4f-d7c6d6e0c0ea: checkpointed 88436 records.
2026-10-06T19:05:03Z INFO [101/750] 5603777d-d3e0-463a-bcc4-3e96e0691a0f: Sackin index -0.0702; 1.0 s; peak memory 231 MiB.
2026-10-06T19:05:04Z INFO [102/750] 56046419-e2b1-46b0-813f-1a96f6f63980: Sackin index -0.1349; 0.7 s; peak memory 231 MiB.
2026-10-06T19:05:05Z INFO [103/750] 560471ac-4c5a-484d-9614-606509bd88fc: Sackin index -0.1658; 0.9 s; peak memory 231 MiB.
2026-10-06T19:05:06Z INFO [104/750] 56049900-f1e0-4d22-ad57-186fcb5bacf6: Sackin index -0.1383; 1.0 s; peak memory 231 MiB.
2026-10-06T19:05:07Z INFO [105/750] 5604f4a1-8505-40e5-8d4b-421dd335f5a8: Sackin index -0.0728; 1.1 s; peak memory 231 MiB.
2026-10-06T19:05:08Z INFO [106/750] 56062575-6720-4bc1-a222-cdb3d8b9a0d5: Sackin index -0.0728; 1.2 s; peak memory 231 MiB.
2026-10-06T19:05:09Z INFO [107/750] 560655ec-bf74-481b-acad-6caa44ec8ca4: Sackin index -0.1248; 1.0 s; peak memory 231 MiB.
2026-10-06T19:05:10Z INFO [108/750] 5606779d-2e0e-4520-bc32-8f028317ed49: Sackin index -0.0272; 1.3 s; peak memory 231 MiB.
2026-10-06T19:05:11Z INFO [109/750] 5606a256-fab9-4dcd-89b5-8dedda7bff19: Sackin index -0.1349; 0.7 s; peak memory 231 MiB.
2026-10-06T19:05:15Z INFO [110/750] 5606df75-4dd1-44e0-a89f-96ef93836c21: Sackin index -0.0237; 3.5 s; peak memory 231 MiB.
2026-10-06T19:05:23Z INFO [111/750] 56074549-09c1-4d2b-bf1e-373141928c6d: Sackin index -0.0150; 8.0 s; peak memory 231 MiB.
2026-10-06T19:05:48Z INFO [112/750] 56075350-3c48-40d3-9124-0f16810c50df: Sackin index -0.1367; 25.1 s; peak memory 231 MiB.
2026-10-06T19:05:49Z INFO [113/750] 56086a5c-352c-44e3-a97d-b9e9710e0182: Sackin index -0.1349; 0.8 s; peak memory 231 MiB.
2026-10-06T19:05:49Z INFO [114/750] 560a5cc4-f732-4b37-8942-f0926b912ece: Sackin index -0.0702; 0.9 s; peak memory 231 MiB.
2026-10-06T19:05:51Z INFO [115/750] 560aeadd-ff00-47ff-9d38-d00cef4e341d: Sackin index -0.0728; 1.2 s; peak memory 231 MiB.
2026-10-06T19:05:53Z INFO [116/750] 560c299f-0f51-4565-bc65-7d485c981b4b: Sackin index -0.0699; 1.9 s; peak memory 231 MiB.
2026-10-06T19:05:53Z INFO [117/750] 560ca3de-d43b-432d-912f-05e748acdcf2: Sackin index -0.1349; 0.9 s; peak memory 231 MiB.
2026-10-06T19:06:00Z INFO [118/750] 560cc881-e095-48aa-ba94-9c18466b190b: Sackin index -0.0135; 6.1 s; peak memory 231 MiB.
2026-10-06T19:06:01Z INFO [119/750] 560cd706-886e-48f9-8c17-31682a4c63a4: Sackin index -0.0434; 1.0 s; peak memory 231 MiB.
2026-10-06T19:06:01Z INFO [120/750] 560d259f-5088-4964-afd9-c0cbdb52c7e3: Sackin index -0.1349; 0.7 s; peak memory 231 MiB.
2026-10-06T19:06:02Z INFO [121/750] 560d8e0a-6675-4061-8bf7-910c675f9337: Sackin index -0.0728; 1.0 s; peak memory 231 MiB.
2026-10-06T19:06:03Z INFO [122/750] 560edc46-d15b-4522-9732-5e510ab0db1c: Sackin index -0.1356; 0.6 s; peak memory 231 MiB.
2026-10-06T19:06:04Z INFO [123/750] 560ef2c4-ceda-4cde-a979-0e163f997367: Sackin index -0.1349; 0.8 s; peak memory 231 MiB.
2026-10-06T19:06:04Z INFO [124/750] 560fb12d-d8ba-4eac-8342-f55bea7df2af: Sackin index -0.1349; 0.7 s; peak memory 231 MiB.
2026-10-06T19:06:06Z INFO [125/750] 560fc48f-4076-4f28-be11-28ed79cb7280: Sackin index -0.0369; 1.1 s; peak memory 231 MiB.
2026-10-06T19:06:07Z INFO [126/750] 560fddeb-2c36-4ccd-a5af-9222037c8f07: Sackin index -0.0272; 1.6 s; peak memory 231 MiB.
2026-10-06T19:06:08Z INFO [127/750] 56107389-7392-479d-ab21-a03121fda52c: Sackin index -0.0956; 0.9 s; peak memory 231 MiB.
2026-10-06T19:06:09Z INFO [128/750] 56108565-00af-4592-b447-96d1edc6a814: Sackin index -0.1349; 1.1 s; peak memory 231 MiB.
2026-10-06T19:06:11Z INFO [129/750] 5610b4f6-6ef2-438f-9279-11a4601cf140: Sackin index -0.0369; 1.7 s; peak memory 231 MiB.
2026-10-06T19:06:12Z INFO [130/750] 5610e20d-219f-4de1-8282-9a8eed09a553: Sackin index -0.0667; 0.9 s; peak memory 231 MiB.
2026-10-06T19:06:13Z INFO [131/750] 56119c82-386b-45ec-90d0-58dcb2c77835: Sackin index -0.0579; 1.7 s; peak memory 231 MiB.
2026-10-06T19:06:14Z INFO [132/750] 5611cdb9-e1ee-4c3f-9f8d-b4e4bda8e0be: Sackin index -0.0702; 1.1 s; peak memory 231 MiB.
2026-10-06T19:06:15Z INFO [133/750] 56123c07-c4d4-4eb4-a410-ed0adac34e53: Sackin index -0.1349; 0.9 s; peak memory 231 MiB.
2026-10-06T19:06:21Z INFO [134/750] 5612a839-576c-4b44-8bad-623344cab028: Sackin index -0.0234; 5.2 s; peak memory 231 MiB.
2026-10-06T19:06:22Z INFO [135/750] 56156e99-6b8e-4483-9e2e-c7499115d7fd: Sackin index -0.0371; 1.0 s; peak memory 231 MiB.
2026-10-06T19:06:22Z INFO [136/750] 56169247-259b-48be-ac1b-8fbeae858b5b: Sackin index -0.1349; 0.8 s; peak memory 231 MiB.
2026-10-06T19:06:23Z INFO [137/750] 5616f829-6058-4f36-b265-d048bebda8be: Sackin index -0.1349; 0.9 s; peak memory 231 MiB.
2026-10-06T19:06:24Z INFO [138/750] 56176277-e8cb-43a0-8b33-cf9595fcb744: Sackin index -0.1349; 1.1 s; peak memory 231 MiB.
2026-10-06T19:06:25Z INFO [139/750] 5617d561-2b63-4492-b847-446f9fedd570: Sackin index -0.0702; 1.0 s; peak memory 231 MiB.
2026-10-06T19:06:28Z INFO [140/750] 56190214-aec7-4139-a1ef-1e779c0ad84e: Sackin index -0.1224; 2.1 s; peak memory 231 MiB.
2026-10-06T19:06:28Z INFO [141/750] 56191d89-07c8-46e3-9416-3c12e18e0dea: Sackin index -0.0702; 0.9 s; peak memory 231 MiB.
2026-10-06T19:06:29Z INFO [142/750] 56192940-3970-4eff-9be5-09e55a72f2bb: Sackin index -0.1191; 0.7 s; peak memory 231 MiB.
2026-10-06T19:06:34Z INFO [143/750] 56197e4f-1b13-4e16-a647-a921957e60f7: Sackin index -0.0246; 5.1 s; peak memory 231 MiB.
2026-10-06T19:06:39Z INFO [144/750] 561a8dd8-0738-4d94-bfc7-79a03ee65dc3: Sackin index -0.0403; 4.5 s; peak memory 231 MiB.
2026-10-06T19:06:40Z INFO [145/750] 561b427d-cf2e-4aa9-bf7f-b672cee1acea: Sackin index -0.1349; 0.9 s; peak memory 231 MiB.
2026-10-06T19:06:46Z INFO [146/750] 561c3fdc-a849-42e0-a417-89b618f31531: Sackin index -0.0156; 6.1 s; peak memory 231 MiB.
2026-10-06T19:06:47Z INFO [147/750] 561d1910-0943-41ec-b7fa-faac651fc8b9: Sackin index -0.0728; 0.9 s; peak memory 231 MiB.
2026-10-06T19:06:52Z INFO [148/750] 561d2109-092f-4d59-ab5c-f4606dc4da1f: Sackin index -0.0415; 5.4 s; peak memory 231 MiB.
2026-10-06T19:06:53Z INFO [149/750] 561dca4b-7390-4f01-9818-1bcf5d52b9cf: Sackin index -0.0707; 1.0 s; peak memory 231 MiB.
2026-10-06T19:07:38Z INFO [150/750] 561e6a78-ed8e-4a1c-a2e1-fced296a1956: Sackin index -0.1144; 45.0 s; peak memory 233 MiB.
2026-10-06T19:07:38Z INFO [150/750] 561e6a78-ed8e-4a1c-a2e1-fced296a1956: checkpointed 88486 records.
2026-10-06T19:07:43Z INFO [151/750] 561ee204-9d4c-4fd8-b160-0472f9b9d6f7: Sackin index -0.0455; 4.9 s; peak memory 233 MiB.
2026-10-06T19:07:43Z INFO [152/750] 561f2d3f-2939-405d-9a7f-16ea584b65e8: Sackin index -0.1448; 0.6 s; peak memory 233 MiB.
2026-10-06T19:07:44Z INFO [153/750] 56205a27-6673-4b58-ab11-cfd99776a24e: Sackin index -0.1349; 1.0 s; peak memory 233 MiB.
2026-10-06T19:07:45Z INFO [154/750] 562066e7-8541-4dd6-a251-4a2fbabab3ea: Sackin index -0.1349; 1.0 s; peak memory 233 MiB.
2026-10-06T19:07:46Z INFO [155/750] 56206f2d-abc3-4b8f-8f90-b0064ccb431a: Sackin index -0.0745; 1.1 s; peak memory 233 MiB.
2026-10-06T19:07:47Z INFO [156/750] 5620a46b-e563-4361-b03f-ef4d05c19cb1: Sackin index -0.1349; 1.0 s; peak memory 233 MiB.
2026-10-06T19:07:48Z INFO [157/750] 5620f806-3267-42d0-9d54-fe23e07cf9d9: Sackin index -0.1658; 0.5 s; peak memory 233 MiB.
2026-10-06T19:07:50Z INFO [158/750] 56221cb6-a5c4-45ff-9126-d7059abe9fa4: Sackin index -0.0369; 1.5 s; peak memory 233 MiB.
2026-10-06T19:07:51Z INFO [159/750] 56222879-e0cd-4735-b8b9-ccae325e78d1: Sackin index -0.0413; 1.0 s; peak memory 233 MiB.
2026-10-06T19:07:53Z INFO [160/750] 5623723f-e282-4f03-8c00-3b54086196ed: Sackin index -0.0232; 2.1 s; peak memory 233 MiB.
2026-10-06T19:07:53Z INFO [161/750] 56238d9f-b2a3-400a-af57-904f2494d1cd: Sackin index -0.1349; 0.8 s; peak memory 233 MiB.
2026-10-06T19:07:54Z INFO [162/750] 56239f31-7003-4ed2-b378-cf35fcb2e352: Sackin index -0.0702; 0.8 s; peak memory 233 MiB.
2026-10-06T19:07:55Z INFO [163/750] 5624a801-e3c0-4b1c-aa9a-3ce5a504664e: Sackin index -0.1716; 0.8 s; peak memory 233 MiB.
2026-10-06T19:07:56Z INFO [164/750] 5624d890-4664-435e-a3bc-5758bddd93ed: Sackin index -0.1658; 0.6 s; peak memory 233 MiB.
2026-10-06T19:07:57Z INFO [165/750] 56251d4a-5eda-44a1-8c4c-c1d14e88c7b2: Sackin index -0.0728; 1.1 s; peak memory 233 MiB.
2026-10-06T19:07:57Z INFO [166/750] 56269fe9-bf17-4c17-b6d0-55c6ce56785f: Sackin index -0.1248; 0.8 s; peak memory 233 MiB.
2026-10-06T19:07:58Z INFO [167/750] 5626dd90-ce4d-499c-a283-4836c4f9d546: Sackin index -0.1248; 0.9 s; peak memory 233 MiB.
2026-10-06T19:07:59Z INFO [168/750] 5629714d-fa9d-488f-992a-3b7eeed576f1: Sackin index -0.0702; 0.9 s; peak memory 233 MiB.
2026-10-06T19:08:01Z INFO [169/750] 5629b1ec-4578-4d71-8946-28cf93168ed0: Sackin index -0.1938; 1.5 s; peak memory 233 MiB.
2026-10-06T19:08:06Z INFO [170/750] 562a48f8-5c5f-426f-9d8d-1d55f4504b70: Sackin index -0.0021; 4.9 s; peak memory 233 MiB.
2026-10-06T19:08:07Z INFO [171/750] 562b1288-e5b4-4c9c-a94e-f70ed6196085: Sackin index -0.1796; 0.8 s; peak memory 233 MiB.
2026-10-06T19:08:07Z INFO [172/750] 562b409f-e093-4bd9-863c-4e59bbff4de7: Sackin index -0.0702; 0.8 s; peak memory 233 MiB.
2026-10-06T19:08:12Z INFO [173/750] 562c4496-51a9-4796-b67b-e2b12815388c: Sackin index -0.0940; 4.6 s; peak memory 233 MiB.
2026-10-06T19:08:13Z INFO [174/750] 562d466e-aa75-4d9f-b0ff-f19e80cba4b0: Sackin index -0.1349; 1.0 s; peak memory 233 MiB.
2026-10-06T19:08:14Z INFO [175/750] 562dc3bb-be99-48aa-b294-68f9284d694d: Sackin index -0.0385; 0.9 s; peak memory 233 MiB.
2026-10-06T19:08:15Z INFO [176/750] 562fa1e0-fb33-4707-9722-ec3840c73dcb: Sackin index -0.1349; 1.0 s; peak memory 233 MiB.
2026-10-06T19:08:15Z INFO [177/750] 563053b9-8bc1-4030-8f99-f3b4957f368f: Sackin index -0.1658; 0.7 s; peak memory 233 MiB.
2026-10-06T19:08:16Z INFO [178/750] 56305923-35c1-44d6-ac96-caa01b9971ca: Sackin index -0.0702; 0.8 s; peak memory 233 MiB.
2026-10-06T19:08:27Z INFO [179/750] 5630fa68-99d3-40c2-988b-49a06e4d9000: Sackin index -0.0168; 10.8 s; peak memory 233 MiB.
2026-10-06T19:08:28Z INFO [180/750] 56310591-a880-45cd-a78f-d52ca0a45d9b: Sackin index -0.1349; 0.9 s; peak memory 233 MiB.
2026-10-06T19:08:29Z INFO [181/750] 5631949c-0e16-4fc3-8ea7-bf138a7e758e: Sackin index -0.0375; 1.3 s; peak memory 233 MiB.
2026-10-06T19:08:34Z INFO [182/750] 56321a19-40b8-4a09-b56a-5dd1c574ef28: Sackin index -0.0231; 4.5 s; peak memory 233 MiB.
2026-10-06T19:08:34Z INFO [183/750] 56324f3e-bb26-4035-b73d-501c50a8a9c7: Sackin index -0.1331; 0.6 s; peak memory 233 MiB.
2026-10-06T19:08:35Z INFO [184/750] 5634756f-daec-4cd4-bd2e-671380332a1b: Sackin index -0.0385; 0.9 s; peak memory 233 MiB.
2026-10-06T19:08:36Z INFO [185/750] 5634853b-155d-4046-b9aa-c605c338ced0: Sackin index -0.0928; 0.7 s; peak memory 233 MiB.
2026-10-06T19:08:40Z INFO [186/750] 56349fa5-d4f6-409c-a805-f29b9215a9d8: Sackin index -0.0383; 3.8 s; peak memory 233 MiB.
2026-10-06T19:08:43Z INFO [187/750] 5634f189-adfb-4a98-9039-cf5cdc64d03c: Sackin index -0.0254; 3.6 s; peak memory 233 MiB.
2026-10-06T19:08:44Z INFO [188/750] 563583a3-0b9a-4d36-920e-803616dd84e0: Sackin index -0.1658; 0.5 s; peak memory 233 MiB.
2026-10-06T19:08:48Z INFO [189/750] 5635ad8e-f355-45a5-9ab9-e6a8683a6dd9: Sackin index -0.0922; 3.8 s; peak memory 233 MiB.
2026-10-06T19:08:49Z INFO [190/750] 56370b52-3ea9-4bd9-9ff0-3a7cff07a4fa: Sackin index -0.0738; 1.3 s; peak memory 233 MiB.
2026-10-06T19:08:50Z INFO [191/750] 56380c34-b64c-4a0b-aa52-8530d108ea66: Sackin index -0.0702; 0.9 s; peak memory 233 MiB.
2026-10-06T19:08:51Z INFO [192/750] 56389d55-264d-4fed-a0b0-f2d2685f686a: Sackin index -0.1349; 0.9 s; peak memory 233 MiB.
2026-10-06T19:08:52Z INFO [193/750] 5638af94-8677-45a6-a52a-126299c20b6f: Sackin index -0.1938; 0.8 s; peak memory 233 MiB.
2026-10-06T19:08:54Z INFO [194/750] 56392d26-b23e-4824-a48f-846586af2678: Sackin index -0.0704; 2.1 s; peak memory 233 MiB.
2026-10-06T19:08:55Z INFO [195/750] 563a3bb6-d295-4855-a92d-4779268605bf: Sackin index -0.0728; 1.1 s; peak memory 233 MiB.
2026-10-06T19:08:56Z INFO [196/750] 563adb63-4b19-465a-9e04-0c10c3b2ef34: Sackin index -0.0702; 0.8 s; peak memory 233 MiB.
2026-10-06T19:08:57Z INFO [197/750] 563b4ca8-2fc2-4694-9908-b3b0e9ca91ab: Sackin index -0.1349; 0.9 s; peak memory 233 MiB.
2026-10-06T19:09:01Z INFO [198/750] 563d685b-0578-40f0-bb66-d26835c79397: Sackin index -0.0455; 4.7 s; peak memory 233 MiB.
2026-10-06T19:09:03Z INFO [199/750] 563da09f-3641-473a-85b3-f6bcdb612033: Sackin index -0.0699; 1.8 s; peak memory 233 MiB.
2026-10-06T19:09:04Z INFO [200/750] 563e33f9-fa5c-4b5e-a69d-4133079688fb: Sackin index -0.0881; 0.9 s; peak memory 233 MiB.
2026-10-06T19:09:04Z INFO [200/750] 563e33f9-fa5c-4b5e-a69d-4133079688fb: checkpointed 88536 records.
2026-10-06T19:09:05Z INFO [201/750] 563e49bd-411d-4705-bd19-d33166c19fff: Sackin index -0.0702; 0.9 s; peak memory 233 MiB.
2026-10-06T19:09:06Z INFO [202/750] 563e7e6c-d1d9-4c7c-9a94-c918226d4ba3: Sackin index -0.1349; 0.9 s; peak memory 233 MiB.
2026-10-06T19:09:07Z INFO [203/750] 563e96bf-b5e9-415d-acc4-e78b23bc8438: Sackin index -0.1349; 0.8 s; peak memory 233 MiB.
2026-10-06T19:09:16Z INFO [204/750] 563fa3e2-db42-41d7-a0ac-d7ba942717c4: Sackin index -0.0123; 9.6 s; peak memory 233 MiB.
2026-10-06T19:09:17Z INFO [205/750] 563fcf9b-51fd-4e4d-a88d-5d9b073e914e: Sackin index -0.0375; 1.1 s; peak memory 233 MiB.
2026-10-06T19:09:22Z INFO [206/750] 563fff57-dd18-43fb-b966-5e153621416b: Sackin index -0.0251; 4.8 s; peak memory 233 MiB.
2026-10-06T19:09:23Z INFO [207/750] 56407ded-1c09-4a9e-9ac0-31800c469834: Sackin index -0.0702; 0.9 s; peak memory 233 MiB.
2026-10-06T19:13:49Z INFO [208/750] 5640e425-5281-4e0b-9c1c-73a85a14cc58: Sackin index -0.0396; 266.1 s; peak memory 432 MiB.
2026-10-06T19:13:50Z INFO [209/750] 5640f1c7-a1a4-4517-b27d-4f0a78f458ea: Sackin index -0.1349; 1.1 s; peak memory 432 MiB.
2026-10-06T19:13:51Z INFO [210/750] 5640f615-7ac8-44d1-b716-31cd048dafd4: Sackin index -0.1349; 1.0 s; peak memory 432 MiB.
2026-10-06T19:14:35Z INFO [211/750] 5642287a-cb09-420d-b63c-5a5fa058d7c3: Sackin index -0.0016; 43.6 s; peak memory 432 MiB.
2026-10-06T19:14:36Z INFO [212/750] 564242e4-600e-4aeb-87e6-15c7178eb860: Sackin index -0.0702; 0.9 s; peak memory 432 MiB.
2026-10-06T19:14:37Z INFO [213/750] 5642dd72-1068-4318-ac2d-39c8f9ad2ae0: Sackin index -0.1349; 1.0 s; peak memory 432 MiB.
2026-10-06T19:14:38Z INFO [214/750] 56435068-67c9-4b26-8f0f-dc08ad3347d5: Sackin index -0.0275; 1.1 s; peak memory 432 MiB.
2026-10-06T19:14:39Z INFO [215/750] 564405b9-edf5-4e90-ac1a-4e7e564efd10: Sackin index -0.0702; 1.0 s; peak memory 432 MiB.
2026-10-06T19:14:53Z INFO [216/750] 564556c4-a212-427e-997a-ade5d1b7e821: Sackin index -0.0614; 13.7 s; peak memory 432 MiB.
2026-10-06T19:14:54Z INFO [217/750] 5646417b-e404-45f8-bafd-e19ebef279bb: Sackin index -0.0373; 1.0 s; peak memory 432 MiB.
2026-10-06T19:15:06Z INFO [218/750] 5646726b-bb5b-44e1-b0d8-952b9e845cf7: Sackin index -0.0175; 11.8 s; peak memory 432 MiB.
2026-10-06T19:15:20Z INFO [219/750] 5646966b-b522-42a1-8a27-d3f3f3c55e6b: Sackin index -0.0035; 14.8 s; peak memory 432 MiB.
2026-10-06T19:15:21Z INFO [220/750] 56471acd-519c-45b1-8fbd-5f327fe4e3dc: Sackin index -0.0767; 0.9 s; peak memory 432 MiB.
2026-10-06T19:15:22Z INFO [221/750] 56472f6a-841a-4f99-afe1-ffead5f7187b: Sackin index -0.1716; 0.8 s; peak memory 432 MiB.
2026-10-06T19:15:31Z INFO [222/750] 56473e22-faf9-4cb6-bcf9-e2509284f885: Sackin index -0.0101; 9.2 s; peak memory 432 MiB.
2026-10-06T19:15:32Z INFO [223/750] 5647a0de-a56c-416e-9128-fc8046004b27: Sackin index -0.0702; 0.9 s; peak memory 432 MiB.
2026-10-06T19:15:34Z INFO [224/750] 5647abe1-2f7d-46ae-8df1-63070246ae92: Sackin index -0.0715; 1.7 s; peak memory 432 MiB.
2026-10-06T19:15:35Z INFO [225/750] 5647ba25-361e-4afd-bf6a-32683e5b4d0f: Sackin index -0.0696; 1.1 s; peak memory 432 MiB.
2026-10-06T19:15:36Z INFO [226/750] 56490e63-084e-4c1c-8905-a937f7dae792: Sackin index -0.1349; 0.9 s; peak memory 432 MiB.
2026-10-06T19:15:37Z INFO [227/750] 564b28a8-5071-446f-86e2-09db9ed3d0ed: Sackin index -0.1349; 1.0 s; peak memory 432 MiB.
2026-10-06T19:15:38Z INFO [228/750] 564bfd56-06b4-4022-8458-6c7d6b38bf8d: Sackin index -0.0702; 1.1 s; peak memory 432 MiB.
2026-10-06T19:15:39Z INFO [229/750] 564c1f0d-f76c-4582-911a-a61dae6d5ac9: Sackin index -0.1273; 1.5 s; peak memory 432 MiB.
2026-10-06T19:15:40Z INFO [230/750] 564d4179-a379-4075-a3c9-c9b76e0f689e: Sackin index -0.0728; 1.0 s; peak memory 432 MiB.
2026-10-06T19:15:42Z INFO [231/750] 564d9bf3-e430-40bd-9161-48282a255b77: Sackin index -0.0718; 2.0 s; peak memory 432 MiB.
2026-10-06T19:15:44Z INFO [232/750] 564e04b5-67a2-4a75-b8a4-17d535232906: Sackin index -0.0728; 1.2 s; peak memory 432 MiB.
2026-10-06T19:15:44Z INFO [233/750] 564e533c-0738-4336-b38a-5e6b353cf7c3: Sackin index -0.0745; 0.8 s; peak memory 432 MiB.
2026-10-06T19:15:46Z INFO [234/750] 564e581a-0239-42c2-b81b-97270f71c92f: Sackin index -0.1273; 1.3 s; peak memory 432 MiB.
2026-10-06T19:15:46Z INFO [235/750] 564ee5d9-20e8-4a5e-a75d-43bfa4429d22: Sackin index -0.1938; 0.7 s; peak memory 432 MiB.
2026-10-06T19:15:48Z INFO [236/750] 564efe70-4e1b-4708-917c-202c30b1b3ca: Sackin index -0.0272; 1.3 s; peak memory 432 MiB.
2026-10-06T19:15:48Z INFO [237/750] 564f5611-252d-41d3-b045-645abb1073d9: Sackin index -0.1658; 0.7 s; peak memory 432 MiB.
2026-10-06T19:15:49Z INFO [238/750] 564f9231-3fef-4a22-87b4-7f207d045d62: Sackin index -0.2000; 0.7 s; peak memory 432 MiB.
2026-10-06T19:15:51Z INFO [239/750] 56515416-0a68-43b2-a052-60d7e71bafbc: Sackin index -0.0704; 1.7 s; peak memory 432 MiB.
2026-10-06T19:15:53Z INFO [240/750] 56527c3d-04b8-43ab-b058-3103947227ad: Sackin index -0.0518; 1.9 s; peak memory 432 MiB.
2026-10-06T19:15:54Z INFO [241/750] 5652886e-d486-4ea3-91e1-8884f470160a: Sackin index -0.0702; 1.0 s; peak memory 432 MiB.
2026-10-06T19:15:54Z INFO [242/750] 5653d8f8-6734-4797-8cc5-09cf975c944d: Sackin index -0.1239; 0.7 s; peak memory 432 MiB.
2026-10-06T19:15:56Z INFO [243/750] 5653dccc-f114-49c8-aa3c-b06326de3a6e: Sackin index -0.1938; 1.7 s; peak memory 432 MiB.
2026-10-06T19:15:57Z INFO [244/750] 5653e7c8-ac03-4c47-9ef2-b7181fddb4f1: Sackin index -0.0728; 1.1 s; peak memory 432 MiB.
2026-10-06T19:16:01Z INFO [245/750] 5654d331-5cbc-4c3f-8409-ba97f79b1f03: Sackin index -0.0418; 4.0 s; peak memory 432 MiB.
2026-10-06T19:16:02Z INFO [246/750] 565537d8-1688-4d02-825c-d24763dde5ae: Sackin index -0.1692; 0.9 s; peak memory 432 MiB.
2026-10-06T19:16:03Z INFO [247/750] 56554e31-03d9-4681-80a8-2ade1cb972ed: Sackin index -0.1349; 1.0 s; peak memory 432 MiB.
2026-10-06T19:16:04Z INFO [248/750] 56557c00-4c4f-4aa2-b351-6b3766146e5a: Sackin index -0.1349; 0.9 s; peak memory 432 MiB.
2026-10-06T19:16:05Z INFO [249/750] 565592ab-64cb-45c5-bf34-04d095bb058e: Sackin index -0.0728; 0.9 s; peak memory 432 MiB.
2026-10-06T19:16:14Z INFO [250/750] 5656e307-0450-45db-aa62-0a6182e0273c: Sackin index -0.0193; 9.2 s; peak memory 432 MiB.
2026-10-06T19:16:14Z INFO [250/750] 5656e307-0450-45db-aa62-0a6182e0273c: checkpointed 88586 records.
2026-10-06T19:16:15Z INFO [251/750] 56576cfd-f85b-4a5f-bd1d-b256f06cf367: Sackin index -0.2147; 0.6 s; peak memory 432 MiB.
2026-10-06T19:16:16Z INFO [252/750] 5658495b-e45a-45c1-b0b8-f92c28459704: Sackin index -0.1349; 0.9 s; peak memory 432 MiB.
2026-10-06T19:16:17Z INFO [253/750] 56586bc2-586d-45a0-8b85-a4df66ddd013: Sackin index -0.0275; 1.1 s; peak memory 432 MiB.
2026-10-06T19:16:28Z INFO [254/750] 56586e26-585d-466c-8ae4-fde5d3e7de11: Sackin index -0.0187; 10.9 s; peak memory 432 MiB.
2026-10-06T19:16:29Z INFO [255/750] 5658c2e2-0463-4341-b41c-3967139dd6a0: Sackin index -0.1349; 0.7 s; peak memory 432 MiB.
2026-10-06T19:16:29Z INFO [256/750] 56599377-d1aa-4e63-97dc-11fb9ad70ba4: Sackin index -0.1987; 0.7 s; peak memory 432 MiB.
2026-10-06T19:16:30Z INFO [257/750] 565a16ab-6a92-430e-97cf-72770693fd71: Sackin index -0.1349; 0.8 s; peak memory 432 MiB.
2026-10-06T19:16:31Z INFO [258/750] 565a3a78-68cf-4584-b668-d3c3e34aa43d: Sackin index -0.0702; 1.0 s; peak memory 432 MiB.
2026-10-06T19:16:33Z INFO [259/750] 565b85d5-eeae-4b7f-b979-e0833d14daf0: Sackin index -0.0275; 1.6 s; peak memory 432 MiB.
2026-10-06T19:16:33Z INFO [260/750] 565bf72e-6542-4fac-acd1-18afb5f917bc: Sackin index -0.1068; 0.7 s; peak memory 432 MiB.
2026-10-06T19:16:37Z INFO [261/750] 565c4e96-dd40-4b7c-bde2-531e8c881ebb: Sackin index -0.0251; 3.7 s; peak memory 432 MiB.
2026-10-06T19:16:38Z INFO [262/750] 565c75ce-ef01-40c0-b6f4-1dca446a7b34: Sackin index -0.1135; 0.6 s; peak memory 432 MiB.
2026-10-06T19:16:59Z INFO [263/750] 565c9542-6bbd-4c8e-a134-f454806c32e6: Sackin index -0.0354; 21.0 s; peak memory 432 MiB.
2026-10-06T19:17:22Z INFO [264/750] 565d8c55-b5cf-46f8-b95b-d8e5f8764335: Sackin index -0.1367; 23.3 s; peak memory 432 MiB.
2026-10-06T19:17:26Z INFO [265/750] 565da62b-0bab-4d01-9151-cfa30c2779ae: Sackin index -0.0260; 3.9 s; peak memory 432 MiB.
2026-10-06T19:18:01Z INFO [266/750] 565df09d-ead6-4179-9f93-4ac32062b8a8: Sackin index -0.0935; 34.7 s; peak memory 432 MiB.
2026-10-06T19:18:11Z INFO [267/750] 565df8ec-2182-4f71-9ff2-1e4d9ff60c63: Sackin index -0.1310; 10.0 s; peak memory 432 MiB.
2026-10-06T19:18:13Z INFO [268/750] 565e35a6-d637-4bfe-9a48-0a90f858659d: Sackin index -0.0833; 2.4 s; peak memory 432 MiB.
2026-10-06T19:18:14Z INFO [269/750] 565e5f7a-996d-4df9-8841-a30f48a8725b: Sackin index -0.1349; 1.0 s; peak memory 432 MiB.
2026-10-06T19:18:15Z INFO [270/750] 565eb65d-55f6-4c7c-ab2d-78dc589cfb04: Sackin index -0.0709; 0.9 s; peak memory 432 MiB.
2026-10-06T19:18:16Z INFO [271/750] 565fccda-e75e-4955-94ab-6cc906036887: Sackin index -0.1658; 0.7 s; peak memory 432 MiB.
2026-10-06T19:18:17Z INFO [272/750] 565ff39f-a4fb-4001-b0a1-6e90be4acd75: Sackin index -0.1349; 1.1 s; peak memory 432 MiB.
2026-10-06T19:18:18Z INFO [273/750] 5660a66c-e5b6-4783-ada7-b5b001054ead: Sackin index -0.0702; 1.0 s; peak memory 432 MiB.
2026-10-06T19:18:19Z INFO [274/750] 56617cb1-77e9-4399-92ec-e980b1bfd97a: Sackin index -0.1288; 0.8 s; peak memory 432 MiB.
2026-10-06T19:18:20Z INFO [275/750] 566233e3-2a5d-402b-a386-f6c388f3d3c2: Sackin index -0.0702; 1.0 s; peak memory 432 MiB.
2026-10-06T19:18:21Z INFO [276/750] 5662e3f0-2f7e-426a-84f4-4700933cf52a: Sackin index -0.1562; 1.1 s; peak memory 432 MiB.
2026-10-06T19:18:22Z INFO [277/750] 56630b42-f4d7-4816-a4e2-3d4a045469f9: Sackin index -0.0696; 0.9 s; peak memory 432 MiB.
2026-10-06T19:18:22Z INFO [278/750] 56642d46-09c4-40b7-9cce-321607a598e9: Sackin index -0.1303; 0.5 s; peak memory 432 MiB.
2026-10-06T19:20:42Z INFO [279/750] 5664a880-b0d9-4828-9659-967e00fc4827: Sackin index -0.0450; 140.0 s; peak memory 432 MiB.
2026-10-06T19:20:44Z INFO [280/750] 5664ae7a-18f8-4aa7-9786-a427a8d8db84: Sackin index -0.0586; 1.6 s; peak memory 432 MiB.
2026-10-06T19:20:45Z INFO [281/750] 5664db3a-3a3f-436f-af11-00a5d620c18c: Sackin index -0.1000; 1.1 s; peak memory 432 MiB.
2026-10-06T19:20:54Z INFO [282/750] 5666289a-3d2a-4d0f-be22-25b26f65ce29: Sackin index -0.0776; 9.4 s; peak memory 432 MiB.
2026-10-06T19:20:55Z INFO [283/750] 56666e4e-a2a4-427b-bfa2-a90dc81a6332: Sackin index -0.1349; 0.8 s; peak memory 432 MiB.
2026-10-06T19:21:03Z INFO [284/750] 5666c72a-4a17-4e01-870c-9a26e3bef7ef: Sackin index -0.0181; 8.0 s; peak memory 432 MiB.
2026-10-06T19:25:34Z INFO [285/750] 566804b6-f97b-4ee7-927a-87549060f1aa: Sackin index -0.0409; 270.9 s; peak memory 435 MiB.
2026-10-06T19:25:35Z INFO [286/750] 566896cb-c716-4fa9-9279-5b125812a184: Sackin index -0.1051; 0.8 s; peak memory 435 MiB.
2026-10-06T19:25:36Z INFO [287/750] 5668a730-9372-4def-8737-ff5953023239: Sackin index -0.1602; 0.9 s; peak memory 435 MiB.
2026-10-06T19:25:37Z INFO [288/750] 5668cebc-536d-4c67-bcfc-659ec6aae102: Sackin index -0.0702; 1.1 s; peak memory 435 MiB.
2026-10-06T19:25:44Z INFO [289/750] 5668e3d1-8188-4d6d-96f1-6109230a0f72: Sackin index -0.0697; 7.4 s; peak memory 435 MiB.
2026-10-06T19:25:46Z INFO [290/750] 5669763b-3a9f-4f15-8c7d-764a7b236185: Sackin index -0.0869; 2.1 s; peak memory 435 MiB.
2026-10-06T19:26:10Z INFO [291/750] 56699a40-a659-4b6d-b27d-9d92e72345c2: Sackin index -0.1367; 23.4 s; peak memory 435 MiB.
2026-10-06T19:26:13Z INFO [292/750] 5669c36a-59a0-48ca-a1fd-371ba1ca3ccc: Sackin index -0.0720; 3.0 s; peak memory 435 MiB.
2026-10-06T19:26:21Z INFO [293/750] 5669d2bd-6d8b-4abf-8b44-db2a0822b5f4: Sackin index -0.0783; 8.0 s; peak memory 435 MiB.
2026-10-06T19:26:21Z INFO [294/750] 5669e6ae-70a9-4418-a471-2960ec2db35a: Sackin index -0.1303; 0.6 s; peak memory 435 MiB.
2026-10-06T19:26:22Z INFO [295/750] 566a384b-aa14-4f9b-991c-2e35e0411b4d: Sackin index -0.1349; 0.8 s; peak memory 435 MiB.
2026-10-06T19:26:23Z INFO [296/750] 566a54a2-f0b1-4b29-8ed1-b72d5677e090: Sackin index -0.1716; 0.7 s; peak memory 435 MiB.
2026-10-06T19:26:25Z INFO [297/750] 566a8bd5-5a98-46a7-a40d-9bd1a0b1c230: Sackin index -0.0842; 2.2 s; peak memory 435 MiB.
2026-10-06T19:26:26Z INFO [298/750] 566ae3d6-fe9d-4e76-b7ff-52c513474d21: Sackin index -0.1349; 0.7 s; peak memory 435 MiB.
2026-10-06T19:26:27Z INFO [299/750] 566af0b6-b2df-439b-a734-cbb5413a772f: Sackin index -0.0369; 1.0 s; peak memory 435 MiB.
2026-10-06T19:26:28Z INFO [300/750] 566b698b-8e1b-4b4f-983d-cf2927999069: Sackin index -0.0696; 0.9 s; peak memory 435 MiB.
2026-10-06T19:26:28Z INFO [300/750] 566b698b-8e1b-4b4f-983d-cf2927999069: checkpointed 88636 records.
2026-10-06T19:26:29Z INFO [301/750] 566c3bc8-0dc8-410f-a6b2-3e2e0172bc88: Sackin index -0.1307; 0.9 s; peak memory 435 MiB.
2026-10-06T19:26:30Z INFO [302/750] 566c9e4a-2f3c-448a-ac8c-399f6f9ff0b6: Sackin index -0.0728; 0.9 s; peak memory 435 MiB.
2026-10-06T19:26:31Z INFO [303/750] 566cd772-0499-4f19-bf7f-444a185687ab: Sackin index -0.1349; 0.8 s; peak memory 435 MiB.
2026-10-06T19:26:31Z INFO [304/750] 566d4c31-6066-4a67-81cd-ff4ad24df1f0: Sackin index -0.1272; 0.6 s; peak memory 435 MiB.
2026-10-06T19:26:36Z INFO [305/750] 566dd6bd-a059-45cf-aa3f-73bb9ed1d335: Sackin index -0.0438; 5.3 s; peak memory 435 MiB.
2026-10-06T19:26:37Z INFO [306/750] 566e40c8-8744-4496-ba4e-8b345763395d: Sackin index -0.1349; 0.7 s; peak memory 435 MiB.
2026-10-06T19:26:38Z INFO [307/750] 566ef90b-8334-46a2-ad26-cdd9944513ba: Sackin index -0.0745; 1.2 s; peak memory 435 MiB.
2026-10-06T19:26:47Z INFO [308/750] 566f3025-b2db-458d-bbf9-c4f2d1545fd2: Sackin index -0.0208; 8.9 s; peak memory 435 MiB.
2026-10-06T19:27:51Z INFO [309/750] 566f98f3-47ba-4723-9ac1-701ee1e9aa51: Sackin index -0.1310; 63.8 s; peak memory 435 MiB.
2026-10-06T19:27:53Z INFO [310/750] 566ff50f-e5f4-4b58-b432-6d337906ce8d: Sackin index -0.1938; 1.7 s; peak memory 435 MiB.
2026-10-06T19:27:54Z INFO [311/750] 5671956f-bb93-45f3-8eac-9f3ce83028af: Sackin index -0.1349; 0.8 s; peak memory 435 MiB.
2026-10-06T19:27:54Z INFO [312/750] 5672fd51-8bd9-4d62-9abd-0c96c52a4e28: Sackin index -0.0728; 0.9 s; peak memory 435 MiB.
2026-10-06T19:27:55Z INFO [313/750] 56730a9d-a30d-401b-bba3-0aad3cc3d517: Sackin index -0.1349; 0.9 s; peak memory 435 MiB.
2026-10-06T19:27:56Z INFO [314/750] 5673b206-c8d4-4772-8506-28bae426f0ed: Sackin index -0.0702; 0.9 s; peak memory 435 MiB.
2026-10-06T19:27:57Z INFO [315/750] 56744a4f-208c-4905-9ea5-31a948109793: Sackin index -0.0702; 0.7 s; peak memory 435 MiB.
2026-10-06T19:27:58Z INFO [316/750] 567466db-e3f9-4628-8dba-f94c4de68621: Sackin index -0.0891; 0.9 s; peak memory 435 MiB.
2026-10-06T19:27:59Z INFO [317/750] 5674de3d-aee5-4f9b-95b4-02d9fba8a275: Sackin index -0.0358; 1.3 s; peak memory 435 MiB.
2026-10-06T19:28:00Z INFO [318/750] 56760d38-76c4-43e9-871b-62a6d89688f2: Sackin index -0.0702; 0.9 s; peak memory 435 MiB.
2026-10-06T19:28:02Z INFO [319/750] 5676a990-9ea8-4b71-9158-8b3faf39c114: Sackin index -0.0676; 1.6 s; peak memory 435 MiB.
2026-10-06T19:28:02Z INFO [320/750] 56773c38-47c6-49cb-8fc0-f328f745ea94: Sackin index -0.2168; 0.5 s; peak memory 435 MiB.
2026-10-06T19:28:04Z INFO [321/750] 567798e7-da59-4606-8a3d-d69d7548a481: Sackin index -0.1938; 1.5 s; peak memory 435 MiB.
2026-10-06T19:28:05Z INFO [322/750] 5677a84a-5df5-498a-89b3-86e9eea3d638: Sackin index -0.1349; 0.9 s; peak memory 435 MiB.
2026-10-06T19:28:06Z INFO [323/750] 56783daa-919a-4f87-a53f-265960f34985: Sackin index -0.1349; 0.9 s; peak memory 435 MiB.
2026-10-06T19:28:16Z INFO [324/750] 5678d28f-99ce-4c89-8d57-e5b9a207664d: Sackin index -0.0118; 10.3 s; peak memory 435 MiB.
2026-10-06T19:28:18Z INFO [325/750] 567a7bea-68ee-4cf9-b841-80f0e5ed97bc: Sackin index -0.0660; 2.0 s; peak memory 435 MiB.
2026-10-06T19:28:19Z INFO [326/750] 567ab7fb-2939-4fa7-80ea-1ad284cced5a: Sackin index -0.0702; 0.9 s; peak memory 435 MiB.
2026-10-06T19:28:19Z INFO [327/750] 567c87bd-fbc7-4117-9cb3-23b81e770127: Sackin index -0.1938; 0.6 s; peak memory 435 MiB.
2026-10-06T19:28:20Z INFO [328/750] 567cf8c7-20d2-40c5-9d2e-1551ebc86b5b: Sackin index -0.1349; 0.8 s; peak memory 435 MiB.
2026-10-06T19:28:21Z INFO [329/750] 567d46c7-fb2f-408a-a892-2a43ab896760: Sackin index -0.0376; 1.0 s; peak memory 435 MiB.
2026-10-06T19:28:23Z INFO [330/750] 567da1ad-219e-40d3-a94a-a929d4cd5262: Sackin index -0.1938; 1.7 s; peak memory 435 MiB.
2026-10-06T19:28:25Z INFO [331/750] 567db801-2602-4d5b-bf52-47ecbd428519: Sackin index -0.0869; 2.1 s; peak memory 435 MiB.
2026-10-06T19:28:26Z INFO [332/750] 567dea6c-aeb2-40a3-aaec-c833350ff810: Sackin index -0.1361; 0.7 s; peak memory 435 MiB.
2026-10-06T19:28:30Z INFO [333/750] 567e35a5-9cf3-4d58-ac16-c5d76319f5fb: Sackin index -0.1362; 4.8 s; peak memory 435 MiB.
2026-10-06T19:29:15Z INFO [334/750] 567e6063-e706-40d3-a117-d7ad8a78171f: Sackin index -0.1076; 44.6 s; peak memory 435 MiB.
2026-10-06T19:29:16Z INFO [335/750] 567ea9e9-0105-4d78-9906-9aaeb0baeded: Sackin index -0.0944; 1.1 s; peak memory 435 MiB.
2026-10-06T19:29:17Z INFO [336/750] 567f0d15-2661-449a-8b8b-9069924ea5d9: Sackin index -0.0702; 0.8 s; peak memory 435 MiB.
2026-10-06T19:29:18Z INFO [337/750] 567f5281-1ffb-45b7-86e6-0b11d0e7ee66: Sackin index -0.0944; 1.2 s; peak memory 435 MiB.
2026-10-06T19:29:26Z INFO [338/750] 567f768c-f96c-466e-8614-e39a7272d690: Sackin index -0.0134; 7.6 s; peak memory 435 MiB.
2026-10-06T19:29:27Z INFO [339/750] 567fa8ea-0004-438a-87b0-1983223b62da: Sackin index -0.0728; 1.2 s; peak memory 435 MiB.
2026-10-06T19:29:31Z INFO [340/750] 567fd098-ab7d-4709-a9e9-165cfaf8fd08: Sackin index -0.0251; 3.6 s; peak memory 435 MiB.
2026-10-06T19:31:55Z INFO [341/750] 568167d5-f468-4f96-9fae-44f17f490213: Sackin index -0.0271; 144.1 s; peak memory 435 MiB.
2026-10-06T19:31:57Z INFO [342/750] 5681966b-0d91-4fc1-b395-6a1868401648: Sackin index -0.1243; 2.1 s; peak memory 435 MiB.
2026-10-06T19:31:58Z INFO [343/750] 5681ce86-7abf-4038-94da-af5726fb7ba4: Sackin index -0.0702; 0.8 s; peak memory 435 MiB.
2026-10-06T19:32:00Z INFO [344/750] 5681d666-b1f7-4a48-83ec-5a69fd750f9f: Sackin index -0.0172; 2.4 s; peak memory 435 MiB.
2026-10-06T19:32:02Z INFO [345/750] 56821d3d-3a54-4d60-a460-d0221d0f7c23: Sackin index -0.0676; 1.6 s; peak memory 435 MiB.
2026-10-06T19:32:05Z INFO [346/750] 5682d84d-0451-4b6f-aff7-ac73def11d92: Sackin index -0.0248; 3.4 s; peak memory 435 MiB.
2026-10-06T19:32:06Z INFO [347/750] 568327ef-fedf-4835-9a7b-31b9d25f9a03: Sackin index -0.0379; 1.3 s; peak memory 435 MiB.
2026-10-06T19:32:08Z INFO [348/750] 56837450-2b30-4af5-bfc7-ebafd65f7ac9: Sackin index -0.0369; 1.6 s; peak memory 435 MiB.
2026-10-06T19:32:09Z INFO [349/750] 56837cbe-1230-47cb-aff7-4d99fe3868dd: Sackin index -0.1349; 0.8 s; peak memory 435 MiB.
2026-10-06T19:32:10Z INFO [350/750] 56838d47-4392-454d-89cf-a4a3a284d678: Sackin index -0.0379; 1.1 s; peak memory 435 MiB.
2026-10-06T19:32:10Z INFO [350/750] 56838d47-4392-454d-89cf-a4a3a284d678: checkpointed 88686 records.
2026-10-06T19:32:10Z INFO [351/750] 5683e8b9-e102-40bd-96f9-1756cf74fdd9: Sackin index -0.1303; 0.4 s; peak memory 435 MiB.
2026-10-06T19:32:18Z INFO [352/750] 56849213-4255-45e7-ba06-330c5709fa5b: Sackin index -0.0156; 7.7 s; peak memory 435 MiB.
2026-10-06T19:32:19Z INFO [353/750] 56849bdc-bc43-464e-9d6e-b507e82cb465: Sackin index -0.0696; 0.7 s; peak memory 435 MiB.
2026-10-06T19:32:20Z INFO [354/750] 568520d0-57b9-4b89-8746-3777d944988b: Sackin index -0.1298; 0.8 s; peak memory 435 MiB.
2026-10-06T19:32:21Z INFO [355/750] 5685c03c-a32b-483e-8667-0158ede60a1f: Sackin index -0.0379; 1.4 s; peak memory 435 MiB.
2026-10-06T19:32:22Z INFO [356/750] 56862331-e412-4840-9598-65a1550cbea9: Sackin index -0.0728; 1.0 s; peak memory 435 MiB.
2026-10-06T19:32:24Z INFO [357/750] 568656e1-6e60-467d-81a8-195fa6045c6e: Sackin index -0.0661; 1.7 s; peak memory 435 MiB.
2026-10-06T19:32:24Z INFO [358/750] 5687a5ea-4564-40a9-9cab-21b6700a89f0: Sackin index -0.0702; 0.7 s; peak memory 435 MiB.
2026-10-06T19:32:25Z INFO [359/750] 5687f47a-042e-4b62-957c-acced6d8eabd: Sackin index -0.0702; 0.9 s; peak memory 435 MiB.
2026-10-06T19:32:28Z INFO [360/750] 56888fe5-99a2-491c-833e-8be16fc34c29: Sackin index -0.0626; 2.5 s; peak memory 435 MiB.
2026-10-06T19:32:29Z INFO [361/750] 56889974-a7de-4e61-930e-0bc83ebf3d49: Sackin index -0.0696; 0.9 s; peak memory 435 MiB.
2026-10-06T19:32:29Z INFO [362/750] 5688ccb8-0cf1-423d-be9a-f3db32e1aeb5: Sackin index -0.2073; 0.8 s; peak memory 435 MiB.
2026-10-06T19:32:40Z INFO [363/750] 56891f68-a511-4bb9-8e5b-56292bf55448: Sackin index -0.0287; 10.1 s; peak memory 435 MiB.
2026-10-06T19:32:48Z INFO [364/750] 56894766-5d9a-4b00-b441-dd4e2d21b82e: Sackin index -0.0136; 8.3 s; peak memory 435 MiB.
2026-10-06T19:32:49Z INFO [365/750] 568a3d05-a6ba-4af8-bd04-e0d0c18ef858: Sackin index -0.0702; 0.8 s; peak memory 435 MiB.
2026-10-06T19:32:51Z INFO [366/750] 568a64f2-81b3-419a-8922-8ecb4e2434c5: Sackin index -0.0369; 1.9 s; peak memory 435 MiB.
2026-10-06T19:32:51Z INFO [367/750] 568bb538-1ac4-4111-9232-3c7568944f41: Sackin index -0.1191; 0.7 s; peak memory 435 MiB.
2026-10-06T19:32:54Z INFO [368/750] 568ce699-42e4-456e-94cb-e75544dc3eed: Sackin index -0.1191; 2.8 s; peak memory 435 MiB.
2026-10-06T19:33:07Z INFO [369/750] 568d1775-43f3-426b-b412-775f2aaabce9: Sackin index -0.0531; 12.6 s; peak memory 435 MiB.
2026-10-06T19:33:08Z INFO [370/750] 568d26e8-abe7-4b49-956e-2e4401736fdf: Sackin index -0.1331; 1.0 s; peak memory 435 MiB.
2026-10-06T19:33:09Z INFO [371/750] 568d8ddc-aedc-4631-9ca1-a431784976d4: Sackin index -0.1349; 0.8 s; peak memory 435 MiB.
2026-10-06T19:33:19Z INFO [372/750] 568e3bb1-bf1c-44f3-bf1f-740a79c7cb31: Sackin index -0.0181; 10.0 s; peak memory 435 MiB.
2026-10-06T19:33:20Z INFO [373/750] 568ea9cd-c705-4c8e-b58c-4e2d3427d160: Sackin index -0.1349; 0.9 s; peak memory 435 MiB.
2026-10-06T19:33:20Z INFO [374/750] 568ebb32-9d5d-49e7-9e84-b37571b46a29: Sackin index -0.1349; 0.9 s; peak memory 435 MiB.
2026-10-06T19:33:21Z INFO [375/750] 568ed36b-5e62-49ce-9adf-adb6ce3d2458: Sackin index -0.0380; 0.9 s; peak memory 435 MiB.
2026-10-06T19:33:38Z INFO [376/750] 568f4af6-4c40-4ea5-a06e-6b8e6f3920e5: Sackin index -0.0029; 16.9 s; peak memory 435 MiB.
2026-10-06T19:33:44Z INFO [377/750] 568f6f7c-9f7a-4a5d-88a9-3035d3e5e2d9: Sackin index -0.0153; 5.4 s; peak memory 435 MiB.
2026-10-06T19:33:48Z INFO [378/750] 568fde0a-dc90-4b54-be9f-e13c01845f47: Sackin index -0.0194; 4.7 s; peak memory 435 MiB.
2026-10-06T19:33:56Z INFO [379/750] 5690b13b-1678-4f56-b942-5fe210b1adad: Sackin index -0.1495; 7.3 s; peak memory 435 MiB.
2026-10-06T19:33:57Z INFO [380/750] 5691d1f2-6341-47e1-b666-127dc5d24aac: Sackin index -0.1658; 0.8 s; peak memory 435 MiB.
2026-10-06T19:33:58Z INFO [381/750] 56920ee3-e059-4a4a-a93e-8b2159a5ad91: Sackin index -0.0728; 1.0 s; peak memory 435 MiB.
2026-10-06T19:33:58Z INFO [382/750] 569270b3-6f49-4a1d-96fa-507eaf59fc1e: Sackin index -0.0715; 0.7 s; peak memory 435 MiB.
2026-10-06T19:34:06Z INFO [383/750] 569357c8-2b0c-4dc1-ada7-d74c3e04e1f9: Sackin index -0.0139; 7.5 s; peak memory 435 MiB.
2026-10-06T19:34:08Z INFO [384/750] 569485d4-afda-495d-83e5-6d5bf118cd9b: Sackin index -0.0660; 2.4 s; peak memory 435 MiB.
2026-10-06T19:36:20Z INFO [385/750] 56978a51-44f2-402d-92c1-92656fdc91af: Sackin index -0.0450; 131.4 s; peak memory 435 MiB.
2026-10-06T19:36:20Z INFO [386/750] 5697a8f5-97c2-4099-b6a8-a0df335a2df7: Sackin index -0.1575; 0.7 s; peak memory 435 MiB.
2026-10-06T19:36:27Z INFO [387/750] 569812a5-8429-4827-9a83-8e4636ae5890: Sackin index -0.0143; 7.0 s; peak memory 435 MiB.
2026-10-06T19:36:31Z INFO [388/750] 5698176d-2dc8-4117-9c20-ee7d885f67b3: Sackin index -0.0415; 3.4 s; peak memory 435 MiB.
2026-10-06T19:36:32Z INFO [389/750] 569888ea-5b1b-4fd6-ae48-f9e52599844d: Sackin index -0.0870; 1.6 s; peak memory 435 MiB.
2026-10-06T19:38:51Z INFO [390/750] 5698c2eb-f309-49c4-a8fa-c9e507b7ebd1: Sackin index -0.0573; 139.1 s; peak memory 435 MiB.
2026-10-06T19:38:52Z INFO [391/750] 5698ed70-b2d5-4e49-b5ab-347d8ab89e50: Sackin index -0.0696; 0.9 s; peak memory 435 MiB.
2026-10-06T19:39:34Z INFO [392/750] 56993e2c-48d9-4c81-91d4-20bba0f8e216: Sackin index -0.1076; 41.5 s; peak memory 435 MiB.
2026-10-06T19:39:41Z INFO [393/750] 569b5489-3e15-435a-a649-d2e958720188: Sackin index -0.0157; 7.5 s; peak memory 435 MiB.
2026-10-06T19:39:43Z INFO [394/750] 569d8649-1653-4ccb-b21c-e77deec7ff07: Sackin index -0.0693; 1.7 s; peak memory 435 MiB.
2026-10-06T19:39:46Z INFO [395/750] 569e209b-969a-49f9-8852-5306a84401f5: Sackin index -0.0264; 3.5 s; peak memory 435 MiB.
2026-10-06T19:39:56Z INFO [396/750] 569e4a56-8a56-4103-a80d-0a2c6b857408: Sackin index -0.0259; 9.2 s; peak memory 435 MiB.
2026-10-06T19:39:57Z INFO [397/750] 569e7035-7172-48bb-9118-abb9db06ef2b: Sackin index -0.0369; 1.5 s; peak memory 435 MiB.
2026-10-06T19:39:58Z INFO [398/750] 569fa978-c361-4492-919a-76fa6eb9ce3a: Sackin index -0.0380; 0.8 s; peak memory 435 MiB.
2026-10-06T19:39:59Z INFO [399/750] 56a05c48-d182-4c8d-a1ca-83c304d25f43: Sackin index -0.0275; 1.2 s; peak memory 435 MiB.
2026-10-06T19:40:01Z INFO [400/750] 56a2ccdb-dc31-4d0a-afdc-f1543f6c16b9: Sackin index -0.1224; 2.0 s; peak memory 435 MiB.
2026-10-06T19:40:01Z INFO [400/750] 56a2ccdb-dc31-4d0a-afdc-f1543f6c16b9: checkpointed 88736 records.
2026-10-06T19:40:14Z INFO [401/750] 56a2e3de-0d70-4430-b347-6fbe939a4228: Sackin index -0.0300; 12.9 s; peak memory 435 MiB.
2026-10-06T19:40:18Z INFO [402/750] 56a33c65-943c-4cc0-82ae-c863b4596bbe: Sackin index -0.0251; 3.8 s; peak memory 435 MiB.
2026-10-06T19:40:20Z INFO [403/750] 56a43304-a3fa-45c8-899b-3744efefd9d5: Sackin index -0.0660; 2.1 s; peak memory 435 MiB.
2026-10-06T19:40:21Z INFO [404/750] 56a46d83-334d-4927-84cd-5132572fdb6c: Sackin index -0.1013; 1.2 s; peak memory 435 MiB.
2026-10-06T19:40:26Z INFO [405/750] 56a4e480-d575-427d-ab40-324b394bf18b: Sackin index -0.0043; 5.1 s; peak memory 435 MiB.
2026-10-06T19:40:28Z INFO [406/750] 56a4ef98-a6f0-4377-8a23-373fba80b153: Sackin index -0.1263; 1.3 s; peak memory 435 MiB.
2026-10-06T19:40:30Z INFO [407/750] 56a5cf5d-b437-4c97-94fe-4203ed26c4c1: Sackin index -0.0797; 2.4 s; peak memory 435 MiB.
2026-10-06T19:40:31Z INFO [408/750] 56a5d6c1-ea7d-4527-b532-41c9e05536dc: Sackin index -0.1349; 0.7 s; peak memory 435 MiB.
2026-10-06T19:40:32Z INFO [409/750] 56a6a275-80a3-4b0c-b6c9-586e7562731d: Sackin index -0.0728; 1.0 s; peak memory 435 MiB.
2026-10-06T19:40:33Z INFO [410/750] 56a8334a-2dc0-4086-90b3-ed99d41f5fdb: Sackin index -0.1349; 1.0 s; peak memory 435 MiB.
2026-10-06T19:40:33Z INFO [411/750] 56a87377-d7e5-47cf-96dc-078d0833062b: Sackin index -0.1658; 0.5 s; peak memory 435 MiB.
2026-10-06T19:40:44Z INFO [412/750] 56aaed5b-9e82-4ff9-b319-64149c3f3cd3: Sackin index -0.0023; 10.6 s; peak memory 435 MiB.
2026-10-06T19:40:44Z INFO [413/750] 56ab317b-0417-4174-9373-adf886dd3f55: Sackin index -0.0720; 0.7 s; peak memory 435 MiB.
2026-10-06T19:40:48Z INFO [414/750] 56ad0fda-26a7-4233-b668-44435421e9ed: Sackin index -0.0403; 3.8 s; peak memory 435 MiB.
2026-10-06T19:40:49Z INFO [415/750] 56ad969b-41bc-4a96-93a0-a7254323d5de: Sackin index -0.1349; 0.9 s; peak memory 435 MiB.
2026-10-06T19:40:51Z INFO [416/750] 56adbc5c-9f56-4898-826b-be2debfea346: Sackin index -0.0660; 2.1 s; peak memory 435 MiB.
2026-10-06T19:40:52Z INFO [417/750] 56ade0ef-b5df-4e2f-8962-bd2b52333b37: Sackin index -0.0728; 0.8 s; peak memory 435 MiB.
2026-10-06T19:40:52Z INFO [418/750] 56af71bc-18b1-4732-afc5-12c73e06ed15: Sackin index -0.1161; 0.5 s; peak memory 435 MiB.
2026-10-06T19:40:53Z INFO [419/750] 56afa85e-bc00-45a3-8d76-1903a300af97: Sackin index -0.0722; 0.9 s; peak memory 435 MiB.
2026-10-06T19:40:54Z INFO [420/750] 56b04a6a-2886-4a39-8625-69c6378e70e3: Sackin index -0.1349; 1.0 s; peak memory 435 MiB.
2026-10-06T19:40:55Z INFO [421/750] 56b09b62-f2e4-4b49-b719-12a311c61c93: Sackin index -0.0732; 0.8 s; peak memory 435 MiB.
2026-10-06T19:40:56Z INFO [422/750] 56b11d68-228b-4bb6-9504-2162f809744f: Sackin index -0.1349; 1.0 s; peak memory 435 MiB.
2026-10-06T19:41:05Z INFO [423/750] 56b122d7-85d7-4f5c-96bc-5372ca17a15a: Sackin index -0.0096; 8.6 s; peak memory 435 MiB.
2026-10-06T19:41:11Z INFO [424/750] 56b1f1ff-b9c5-4464-bfed-879bd0d93881: Sackin index -0.0247; 6.2 s; peak memory 435 MiB.
2026-10-06T19:41:12Z INFO [425/750] 56b3bdaa-966b-44d9-8c27-39288c8adf4b: Sackin index -0.1938; 1.5 s; peak memory 435 MiB.
2026-10-06T19:41:15Z INFO [426/750] 56b4961c-71c7-498c-9d8d-5eb5238c0853: Sackin index -0.0251; 3.0 s; peak memory 435 MiB.
2026-10-06T19:41:16Z INFO [427/750] 56b5802c-fcce-47ba-a355-e9b386766100: Sackin index -0.0702; 0.8 s; peak memory 435 MiB.
2026-10-06T19:41:22Z INFO [428/750] 56b592bf-da44-4970-9e66-ded08e1314bb: Sackin index -0.0341; 5.4 s; peak memory 435 MiB.
2026-10-06T19:41:28Z INFO [429/750] 56b5a5d9-43fe-494c-bcf9-d9db40e7e4db: Sackin index -0.0191; 6.1 s; peak memory 435 MiB.
2026-10-06T19:41:32Z INFO [430/750] 56b5affc-0515-48b5-9128-f79b483c4bef: Sackin index -0.1495; 4.4 s; peak memory 435 MiB.
2026-10-06T19:41:33Z INFO [431/750] 56b5c54d-2ccd-44f0-a7e6-31eecb45395b: Sackin index -0.1349; 0.9 s; peak memory 435 MiB.
2026-10-06T19:46:09Z INFO [432/750] 56b62d07-5d55-4eac-9a4b-9a25f203e699: Sackin index -0.0246; 275.7 s; peak memory 439 MiB.
2026-10-06T19:46:11Z INFO [433/750] 56b71ca9-cea0-484e-9206-b57fac03a640: Sackin index -0.1243; 2.4 s; peak memory 439 MiB.
2026-10-06T19:53:26Z INFO [434/750] 56b72d5a-a628-4851-886b-04ca9d3ab6e4: Sackin index -0.0684; 435.1 s; peak memory 1122 MiB.
2026-10-06T19:53:28Z INFO [435/750] 56b74fde-58b1-4f02-b84d-2e4a04d58cf2: Sackin index -0.0515; 1.8 s; peak memory 1122 MiB.
2026-10-06T19:53:29Z INFO [436/750] 56b77554-d02b-4fba-9738-9582d68805f1: Sackin index -0.0745; 1.1 s; peak memory 1122 MiB.
2026-10-06T19:53:36Z INFO [437/750] 56b80624-227e-4890-8eb3-3c7b76e85bd0: Sackin index -0.0476; 7.2 s; peak memory 1122 MiB.
2026-10-06T19:53:38Z INFO [438/750] 56b8dcf2-7e22-44e4-98d6-56ba47472155: Sackin index -0.1283; 1.8 s; peak memory 1122 MiB.
2026-10-06T19:53:39Z INFO [439/750] 56ba1f2d-9859-4b9c-9fd4-c6612d4c13cc: Sackin index -0.2000; 0.6 s; peak memory 1122 MiB.
2026-10-06T19:58:42Z INFO [440/750] 56ba4f5c-fc96-4c49-8f62-d439f92c70cf: Sackin index -0.0451; 302.8 s; peak memory 1122 MiB.
2026-10-06T19:58:42Z INFO [441/750] 56bb9f76-063d-4b49-93a3-9b76443d48dd: Sackin index -0.1658; 0.6 s; peak memory 1122 MiB.
2026-10-06T19:58:48Z INFO [442/750] 56bc0a91-81ac-486b-84b4-9b6bb263d5ae: Sackin index -0.0411; 5.6 s; peak memory 1122 MiB.
2026-10-06T19:58:49Z INFO [443/750] 56bc31c0-5434-4269-a3a1-f7e638ec7a5f: Sackin index -0.0702; 1.0 s; peak memory 1122 MiB.
2026-10-06T19:58:50Z INFO [444/750] 56bc3f15-bbd0-4a3a-8453-82b8fd8f311d: Sackin index -0.1349; 0.9 s; peak memory 1122 MiB.
2026-10-06T19:58:51Z INFO [445/750] 56bcbd23-11c7-4e55-81e5-026e66613cbe: Sackin index -0.0728; 1.2 s; peak memory 1122 MiB.
2026-10-06T19:58:52Z INFO [446/750] 56bd044d-ef46-4949-9902-a62f395c2578: Sackin index -0.1349; 0.8 s; peak memory 1122 MiB.
2026-10-06T19:58:53Z INFO [447/750] 56bde432-aa1a-4c11-9c3e-29ca8034e49e: Sackin index -0.1349; 0.9 s; peak memory 1122 MiB.
2026-10-06T19:58:55Z INFO [448/750] 56bdf113-a780-4bff-8583-13e6635f5520: Sackin index -0.1761; 2.4 s; peak memory 1122 MiB.
2026-10-06T19:58:56Z INFO [449/750] 56bedd68-9c01-42fa-a4fa-c0377e0f0561: Sackin index -0.0369; 1.4 s; peak memory 1122 MiB.
2026-10-06T19:58:57Z INFO [450/750] 56bfa0cb-6aba-4489-908b-1ec2b115282a: Sackin index -0.0702; 1.1 s; peak memory 1122 MiB.
2026-10-06T19:58:58Z INFO [450/750] 56bfa0cb-6aba-4489-908b-1ec2b115282a: checkpointed 88786 records.
2026-10-06T19:58:59Z INFO [451/750] 56bff71f-42af-4bf5-835c-01a08f85b114: Sackin index -0.0696; 1.1 s; peak memory 1122 MiB.
2026-10-06T19:59:00Z INFO [452/750] 56c053c8-48c0-4185-9ad5-66e39631ded9: Sackin index -0.0944; 1.1 s; peak memory 1122 MiB.
2026-10-06T19:59:01Z INFO [453/750] 56c06bb6-f735-4163-945a-52f0d1a7da70: Sackin index -0.1527; 0.9 s; peak memory 1122 MiB.
2026-10-06T19:59:02Z INFO [454/750] 56c1182f-ec6a-4c79-b66f-af0c7fb6ea91: Sackin index -0.0702; 1.0 s; peak memory 1122 MiB.
2026-10-06T19:59:03Z INFO [455/750] 56c13b47-a535-4a20-8542-d9d7fb2d4921: Sackin index -0.1224; 1.6 s; peak memory 1122 MiB.
2026-10-06T19:59:04Z INFO [456/750] 56c18735-33da-4e4e-9c84-16e7e20dd44b: Sackin index -0.0752; 1.0 s; peak memory 1122 MiB.
2026-10-06T19:59:05Z INFO [457/750] 56c217ca-2fce-428c-b15a-67d55536bda4: Sackin index -0.0720; 0.6 s; peak memory 1122 MiB.
2026-10-06T19:59:07Z INFO [458/750] 56c31a1f-a6fb-4b73-ab7d-98fb5ef9a553: Sackin index -0.0663; 2.4 s; peak memory 1122 MiB.
2026-10-06T19:59:08Z INFO [459/750] 56c32a72-d85c-42c1-b7fa-7d297aae8388: Sackin index -0.1349; 0.7 s; peak memory 1122 MiB.
2026-10-06T19:59:38Z INFO [460/750] 56c37701-0e3c-4ab8-8982-d2dedda2b6e9: Sackin index -0.0036; 29.5 s; peak memory 1122 MiB.
2026-10-06T19:59:39Z INFO [461/750] 56c46bf5-e7d1-44ea-bdc3-00ad217969c7: Sackin index -0.1602; 1.1 s; peak memory 1122 MiB.
2026-10-06T19:59:40Z INFO [462/750] 56c48c5e-1180-42ab-8abc-298227f8de28: Sackin index -0.0434; 0.9 s; peak memory 1122 MiB.
2026-10-06T19:59:42Z INFO [463/750] 56c4b4cc-8b58-4ba0-89e4-f01a940815f7: Sackin index -0.0660; 2.6 s; peak memory 1122 MiB.
2026-10-06T19:59:43Z INFO [464/750] 56c4eec9-def0-49a2-a927-c7a205450f0e: Sackin index -0.0728; 1.2 s; peak memory 1122 MiB.
2026-10-06T19:59:44Z INFO [465/750] 56c558df-6818-42b7-a7b9-52a208ec4ffc: Sackin index -0.0569; 1.0 s; peak memory 1122 MiB.
2026-10-06T20:05:23Z INFO [466/750] 56c593c9-916e-47d3-916d-447fef0d0c8c: Sackin index -0.0396; 339.0 s; peak memory 1122 MiB.
2026-10-06T20:05:24Z INFO [467/750] 56c5c8c9-1723-444b-8d4d-372a728746b1: Sackin index -0.1349; 0.9 s; peak memory 1122 MiB.
2026-10-06T20:05:25Z INFO [468/750] 56c637a8-084b-47e5-9c72-ee91b97e5bec: Sackin index -0.1349; 0.9 s; peak memory 1122 MiB.
2026-10-06T20:05:26Z INFO [469/750] 56c63bb3-d944-4657-9ac2-eeb496423c68: Sackin index -0.0728; 1.2 s; peak memory 1122 MiB.
2026-10-06T20:05:31Z INFO [470/750] 56c67489-d366-4145-8b4b-2af59f93d6c6: Sackin index -0.0435; 4.7 s; peak memory 1122 MiB.
2026-10-06T20:05:32Z INFO [471/750] 56c83a76-e933-4ebb-9f95-7e7f20d9ebaf: Sackin index -0.1349; 1.1 s; peak memory 1122 MiB.
2026-10-06T20:05:33Z INFO [472/750] 56c8a859-47cd-45ba-a2b3-10a346f1113e: Sackin index -0.0728; 1.2 s; peak memory 1122 MiB.
2026-10-06T20:05:34Z INFO [473/750] 56c8e682-8887-4be7-9892-0ffdd8a61c1e: Sackin index -0.1340; 0.6 s; peak memory 1122 MiB.
2026-10-06T20:05:35Z INFO [474/750] 56c90cb2-d7af-42bf-947a-42ed18657ba5: Sackin index -0.1349; 1.0 s; peak memory 1122 MiB.
2026-10-06T20:05:36Z INFO [475/750] 56c91f7b-c369-46fc-aaf4-b46d6dbd5b74: Sackin index -0.0709; 0.9 s; peak memory 1122 MiB.
2026-10-06T20:05:37Z INFO [476/750] 56c92669-a42a-401f-a2e1-2e3c39967437: Sackin index -0.0728; 1.2 s; peak memory 1122 MiB.
2026-10-06T20:05:43Z INFO [477/750] 56ca70a8-8798-4675-8abf-a0b4c34837d9: Sackin index -0.0940; 6.4 s; peak memory 1122 MiB.
2026-10-06T20:05:44Z INFO [478/750] 56caa94f-5820-4166-9f7b-eea120a0c576: Sackin index -0.0696; 1.0 s; peak memory 1122 MiB.
2026-10-06T20:05:50Z INFO [479/750] 56cab213-4bad-4d8a-8eaa-d09bec663964: Sackin index -0.0308; 6.0 s; peak memory 1122 MiB.
2026-10-06T20:05:51Z INFO [480/750] 56cb211f-35a5-49bb-bac9-24b35a4d01dc: Sackin index -0.1349; 0.9 s; peak memory 1122 MiB.
2026-10-06T20:05:52Z INFO [481/750] 56cb6c74-2027-4dd4-879b-c50a4f8609db: Sackin index -0.1658; 0.6 s; peak memory 1122 MiB.
2026-10-06T20:05:53Z INFO [482/750] 56cb9b45-4847-40b6-a929-15865e64b2f3: Sackin index -0.1349; 0.8 s; peak memory 1122 MiB.
2026-10-06T20:05:54Z INFO [483/750] 56cbac83-4484-4d28-a28e-487ba552d32c: Sackin index -0.0696; 0.9 s; peak memory 1122 MiB.
2026-10-06T20:05:55Z INFO [484/750] 56cc4646-9073-49cc-8ff4-3b735d38c9c5: Sackin index -0.0379; 1.2 s; peak memory 1122 MiB.
2026-10-06T20:05:56Z INFO [485/750] 56cc58c3-62c4-4a26-96a6-ac964ae3a24d: Sackin index -0.0746; 1.1 s; peak memory 1122 MiB.
2026-10-06T20:05:57Z INFO [486/750] 56cc60d5-7646-4621-a819-f6c3ccce1867: Sackin index -0.1349; 1.0 s; peak memory 1122 MiB.
2026-10-06T20:05:58Z INFO [487/750] 56cc831c-e975-435a-b65d-84591be200a3: Sackin index -0.1349; 0.8 s; peak memory 1122 MiB.
2026-10-06T20:06:00Z INFO [488/750] 56ccbfe3-298a-4990-9460-27ddb572a69a: Sackin index -0.0704; 2.2 s; peak memory 1122 MiB.
2026-10-06T20:06:01Z INFO [489/750] 56cd73f7-ab39-4c39-9d9c-7ba45f83315e: Sackin index -0.1938; 0.6 s; peak memory 1122 MiB.
2026-10-06T20:06:05Z INFO [490/750] 56ce10df-716d-4a8e-9887-b6c0f2013cf7: Sackin index -0.0239; 4.2 s; peak memory 1122 MiB.
2026-10-06T20:06:06Z INFO [491/750] 56cfa255-2c7a-42a9-8cdc-ba0d5f76cd08: Sackin index -0.0275; 1.6 s; peak memory 1122 MiB.
2026-10-06T20:06:09Z INFO [492/750] 56d0045a-b12b-45cf-bef1-425f8ee7b44a: Sackin index -0.0660; 2.2 s; peak memory 1122 MiB.
2026-10-06T20:06:10Z INFO [493/750] 56d07ada-e3f7-483b-aa4b-5ea7f03e5a11: Sackin index -0.1349; 0.9 s; peak memory 1122 MiB.
2026-10-06T20:06:11Z INFO [494/750] 56d220b0-957d-4815-8886-e5fe98a50683: Sackin index -0.1248; 1.0 s; peak memory 1122 MiB.
2026-10-06T20:06:11Z INFO [495/750] 56d318c3-1224-40f5-b816-44743a7293f4: Sackin index -0.0709; 0.9 s; peak memory 1122 MiB.
2026-10-06T20:06:12Z INFO [496/750] 56d335da-b9d9-4f3d-9c02-965e7015a4ed: Sackin index -0.1319; 0.8 s; peak memory 1122 MiB.
2026-10-06T20:07:17Z INFO [497/750] 56d33fbe-8409-47db-ba6a-2311c79d4311: Sackin index -0.0747; 64.8 s; peak memory 1122 MiB.
2026-10-06T20:07:18Z INFO [498/750] 56d38690-46c4-43d3-91f3-879a28be837e: Sackin index -0.1349; 0.9 s; peak memory 1122 MiB.
2026-10-06T20:07:19Z INFO [499/750] 56d3a51d-0df8-4bd8-ae4b-c8dd0bee5cfe: Sackin index -0.0376; 1.1 s; peak memory 1122 MiB.
2026-10-06T20:07:20Z INFO [500/750] 56d3dccd-a86c-4614-8d8b-f40c80fc277d: Sackin index -0.0728; 1.2 s; peak memory 1122 MiB.
2026-10-06T20:07:20Z INFO [500/750] 56d3dccd-a86c-4614-8d8b-f40c80fc277d: checkpointed 88836 records.
2026-10-06T20:07:22Z INFO [501/750] 56d4b85c-43dd-45af-a8ae-004faac5bc87: Sackin index -0.1273; 1.7 s; peak memory 1122 MiB.
2026-10-06T20:07:23Z INFO [502/750] 56d54079-497c-4050-8fcc-bb6f0b0311f3: Sackin index -0.0381; 1.0 s; peak memory 1122 MiB.
2026-10-06T20:07:25Z INFO [503/750] 56d59212-fa22-4e59-ad4f-b073d9fd0a5c: Sackin index -0.0699; 2.3 s; peak memory 1122 MiB.
2026-10-06T20:07:26Z INFO [504/750] 56d5b1e3-0618-478d-a13c-9bf218e0b0cf: Sackin index -0.1349; 1.0 s; peak memory 1122 MiB.
2026-10-06T20:07:28Z INFO [505/750] 56d5e15a-3479-4462-b30c-96e95f842e70: Sackin index -0.0379; 1.2 s; peak memory 1122 MiB.
2026-10-06T20:07:29Z INFO [506/750] 56d6471c-28be-48ad-9272-e27b1e976529: Sackin index -0.0681; 1.5 s; peak memory 1122 MiB.
2026-10-06T20:07:30Z INFO [507/750] 56d688bb-d912-4251-826b-a5069a46b6f0: Sackin index -0.2147; 0.5 s; peak memory 1122 MiB.
2026-10-06T20:07:31Z INFO [508/750] 56d695fb-d111-47b0-9f7d-476011db88ad: Sackin index -0.0376; 1.3 s; peak memory 1122 MiB.
2026-10-06T20:07:33Z INFO [509/750] 56d6d64e-e311-4d07-86b3-a1a15f50200c: Sackin index -0.0652; 2.2 s; peak memory 1122 MiB.
2026-10-06T20:07:46Z INFO [510/750] 56d739c3-4463-4435-986f-48909c8e866a: Sackin index -0.1938; 12.6 s; peak memory 1122 MiB.
2026-10-06T20:07:46Z INFO [511/750] 56d85df1-3419-40cb-8505-3dc141766a03: Sackin index -0.1349; 0.7 s; peak memory 1122 MiB.
2026-10-06T20:07:56Z INFO [512/750] 56d880c6-d0cc-4f34-8f42-a185b405297e: Sackin index -0.0140; 9.3 s; peak memory 1122 MiB.
2026-10-06T20:07:57Z INFO [513/750] 56d8d4b3-c711-4ee6-831b-052d602a190f: Sackin index -0.0745; 1.4 s; peak memory 1122 MiB.
2026-10-06T20:08:03Z INFO [514/750] 56d9509c-20af-4c58-843a-dc6ab78517de: Sackin index -0.0017; 6.2 s; peak memory 1122 MiB.
2026-10-06T20:10:54Z INFO [515/750] 56d9987e-7b79-4d59-8dd6-23dfe99e2661: Sackin index -0.0573; 171.1 s; peak memory 1122 MiB.
2026-10-06T20:10:55Z INFO [516/750] 56dbf592-66d2-43a4-94b2-8e85525bf998: Sackin index -0.0709; 1.1 s; peak memory 1122 MiB.
2026-10-06T20:10:58Z INFO [517/750] 56dc1118-c845-4958-aac9-d8f253766048: Sackin index -0.1142; 2.3 s; peak memory 1122 MiB.
2026-10-06T20:10:59Z INFO [518/750] 56dc6315-ecb2-4649-80e6-989aad874004: Sackin index -0.1349; 0.9 s; peak memory 1122 MiB.
2026-10-06T20:10:59Z INFO [519/750] 56dcf9d5-4d12-4eec-bc35-2f2629c07c7d: Sackin index -0.1319; 0.7 s; peak memory 1122 MiB.
2026-10-06T20:11:03Z INFO [520/750] 56ddd45f-5e6a-4520-8154-1eef14512eba: Sackin index -0.0411; 3.7 s; peak memory 1122 MiB.
2026-10-06T20:11:04Z INFO [521/750] 56de3c0e-d859-4b02-ae4b-bfa7d4982607: Sackin index -0.1349; 1.0 s; peak memory 1122 MiB.
2026-10-06T20:11:05Z INFO [522/750] 56df051f-c4a7-4d4c-8143-e6d230d20b77: Sackin index -0.1938; 0.9 s; peak memory 1122 MiB.
2026-10-06T20:11:06Z INFO [523/750] 56e047ca-19b7-4a26-864d-8476b1221f73: Sackin index -0.0728; 1.0 s; peak memory 1122 MiB.
2026-10-06T20:11:08Z INFO [524/750] 56e0eb5b-2da4-48ef-a0bb-a98e3a6c70de: Sackin index -0.0272; 2.0 s; peak memory 1122 MiB.
2026-10-06T20:11:09Z INFO [525/750] 56e0f6a2-26e9-4b9e-93a8-25bb0e5c7ed4: Sackin index -0.1349; 0.9 s; peak memory 1122 MiB.
2026-10-06T20:11:10Z INFO [526/750] 56e20c9f-d3fe-4fb2-a33b-76228caedb11: Sackin index -0.1349; 1.1 s; peak memory 1122 MiB.
2026-10-06T20:11:11Z INFO [527/750] 56e277f1-cf2e-4a94-8770-21977c1c27ac: Sackin index -0.0709; 1.1 s; peak memory 1122 MiB.
2026-10-06T20:11:12Z INFO [528/750] 56e2f7c1-ff5b-4cbf-b5df-3c1f3742305d: Sackin index -0.0375; 1.1 s; peak memory 1122 MiB.
2026-10-06T20:11:13Z INFO [529/750] 56e328ce-7249-45a1-9846-1bf8bec6d5d3: Sackin index -0.1349; 0.9 s; peak memory 1122 MiB.
2026-10-06T20:11:14Z INFO [530/750] 56e48be0-6431-4557-a018-cab2673398fe: Sackin index -0.0702; 0.9 s; peak memory 1122 MiB.
2026-10-06T20:11:15Z INFO [531/750] 56e4e12a-5afe-4da1-aafa-1f11aa1a53e5: Sackin index -0.1349; 1.0 s; peak memory 1122 MiB.
2026-10-06T20:11:16Z INFO [532/750] 56e4fc8a-11fd-44bf-a4f7-e46d4af71a07: Sackin index -0.1191; 0.7 s; peak memory 1122 MiB.
2026-10-06T20:11:17Z INFO [533/750] 56e50ff6-139b-4bbd-80b4-3412bcb3dcb6: Sackin index -0.1015; 1.1 s; peak memory 1122 MiB.
2026-10-06T20:11:20Z INFO [534/750] 56e5d655-871b-4d30-ad2f-23ed086c6b21: Sackin index -0.0694; 3.2 s; peak memory 1122 MiB.
2026-10-06T20:11:21Z INFO [535/750] 56e60f45-85ce-4607-8f0d-ba51ba1eb35f: Sackin index -0.1510; 1.2 s; peak memory 1122 MiB.
2026-10-06T20:11:29Z INFO [536/750] 56e6bc45-5ffe-4e5d-8ca1-8bd294fa535a: Sackin index -0.0057; 8.4 s; peak memory 1122 MiB.
2026-10-06T20:11:33Z INFO [537/750] 56e6f480-bec7-497c-b1c1-6d9d4a1650b9: Sackin index -0.0251; 4.1 s; peak memory 1122 MiB.
2026-10-06T20:11:36Z INFO [538/750] 56e741c0-8ca2-4fe1-bbb6-b0c8fdb59474: Sackin index -0.0660; 2.6 s; peak memory 1122 MiB.
2026-10-06T20:11:37Z INFO [539/750] 56e78c01-9106-4edf-b4b5-294d9baa3566: Sackin index -0.0745; 1.0 s; peak memory 1122 MiB.
2026-10-06T20:11:39Z INFO [540/750] 56e7c4e0-de0a-4c69-8bb0-21f7250c823a: Sackin index -0.1044; 1.9 s; peak memory 1122 MiB.
2026-10-06T20:11:41Z INFO [541/750] 56eac030-c8f3-4e29-95f8-da2ffb624ce9: Sackin index -0.0502; 2.2 s; peak memory 1122 MiB.
2026-10-06T20:11:43Z INFO [542/750] 56eca77a-49d0-47fc-ba57-cdee5dcf2e9f: Sackin index -0.0676; 1.6 s; peak memory 1122 MiB.
2026-10-06T20:11:44Z INFO [543/750] 56ed808b-9273-4d46-b71a-82aa06f0b1b4: Sackin index -0.0434; 1.1 s; peak memory 1122 MiB.
2026-10-06T20:11:46Z INFO [544/750] 56edcafb-c828-46e9-9b57-491cd2db8e5e: Sackin index -0.0686; 1.8 s; peak memory 1122 MiB.
2026-10-06T20:12:17Z INFO [545/750] 56ee1a84-7066-4916-9906-f874d2ebe2d0: Sackin index -0.1284; 31.1 s; peak memory 1122 MiB.
2026-10-06T20:12:18Z INFO [546/750] 56ee4dc3-bcba-4c71-85ba-c72c4f4c71de: Sackin index -0.0702; 1.0 s; peak memory 1122 MiB.
2026-10-06T20:12:19Z INFO [547/750] 56ee6d5a-b688-49a0-a2af-41a4e9009f37: Sackin index -0.0569; 0.9 s; peak memory 1122 MiB.
2026-10-06T20:12:20Z INFO [548/750] 56eeab5b-d42f-45f2-bf08-c6e8ec62b0a8: Sackin index -0.0379; 1.0 s; peak memory 1122 MiB.
2026-10-06T20:12:21Z INFO [549/750] 56ef0d30-990e-4ac3-a15b-f493534698e8: Sackin index -0.1938; 1.6 s; peak memory 1122 MiB.
2026-10-06T20:12:22Z INFO [550/750] 56ef2b2b-b261-4e1f-876e-f2c58c6b35df: Sackin index -0.0702; 0.9 s; peak memory 1122 MiB.
2026-10-06T20:12:22Z INFO [550/750] 56ef2b2b-b261-4e1f-876e-f2c58c6b35df: checkpointed 88886 records.
2026-10-06T20:12:35Z INFO [551/750] 56f19359-c602-4827-baf0-50b40c04073a: Sackin index -0.0163; 12.7 s; peak memory 1122 MiB.
2026-10-06T20:12:45Z INFO [552/750] 56f2510b-311e-4090-89d3-ce224f1d3d1c: Sackin index -0.0779; 10.0 s; peak memory 1122 MiB.
2026-10-06T20:12:46Z INFO [553/750] 56f35667-fc4e-4d92-a0cb-2973239a6cb8: Sackin index -0.0709; 0.8 s; peak memory 1122 MiB.
2026-10-06T20:12:47Z INFO [554/750] 56f36009-79e1-4470-8ba2-53f426e33649: Sackin index -0.1349; 0.7 s; peak memory 1122 MiB.
2026-10-06T20:12:47Z INFO [555/750] 56f3f308-4547-4729-a69c-aa557842318c: Sackin index -0.0896; 0.7 s; peak memory 1122 MiB.
2026-10-06T20:12:48Z INFO [556/750] 56f50db0-5267-4437-872c-abbb3f3a57bc: Sackin index -0.0696; 0.8 s; peak memory 1122 MiB.
2026-10-06T20:12:49Z INFO [557/750] 56f56e06-e1d4-4395-8a39-5e9b4d4e6cdc: Sackin index -0.0696; 0.9 s; peak memory 1122 MiB.
2026-10-06T20:12:50Z INFO [558/750] 56f58733-eb28-4370-8d98-4bbd5023ce09: Sackin index -0.2000; 0.4 s; peak memory 1122 MiB.
2026-10-06T20:12:51Z INFO [559/750] 56f6a61f-455a-43c0-8369-63b6b7c3745c: Sackin index -0.1349; 0.9 s; peak memory 1122 MiB.
2026-10-06T20:12:56Z INFO [560/750] 56f6fb16-549c-41f6-8d55-0a15fe943550: Sackin index -0.0435; 5.2 s; peak memory 1122 MiB.
2026-10-06T20:12:59Z INFO [561/750] 56f6ff62-5268-435e-b228-7810c2484720: Sackin index -0.0251; 3.6 s; peak memory 1122 MiB.
2026-10-06T20:13:00Z INFO [562/750] 56f8c002-bc66-443d-944b-3554bc539632: Sackin index -0.1248; 0.9 s; peak memory 1122 MiB.
2026-10-06T20:13:01Z INFO [563/750] 56f8efd5-c6a2-414e-a4cc-4058843ef763: Sackin index -0.1248; 0.9 s; peak memory 1122 MiB.
2026-10-06T20:13:02Z INFO [564/750] 56f933eb-6299-4d1e-8a32-4dd37120ef80: Sackin index -0.0369; 0.9 s; peak memory 1122 MiB.
2026-10-06T20:13:03Z INFO [565/750] 56f97a18-8ca4-469c-b95e-10baa3d63e99: Sackin index -0.1191; 0.8 s; peak memory 1122 MiB.
2026-10-06T20:13:05Z INFO [566/750] 56f98160-a008-4caf-90d6-34a1eaea3bf6: Sackin index -0.1938; 1.6 s; peak memory 1122 MiB.
2026-10-06T20:13:10Z INFO [567/750] 56fa4901-97c2-4a13-81bf-1b1523b6b77b: Sackin index -0.0940; 5.3 s; peak memory 1122 MiB.
2026-10-06T20:13:26Z INFO [568/750] 56fab40c-6bdb-4bdc-8642-7d46fd050d49: Sackin index -0.0142; 16.1 s; peak memory 1122 MiB.
2026-10-06T20:13:27Z INFO [569/750] 56fbf8bc-5bae-4d63-b2aa-aa721f9af801: Sackin index -0.1349; 0.8 s; peak memory 1122 MiB.
2026-10-06T20:13:28Z INFO [570/750] 56fc7e13-0a4e-409b-99e3-e1b04c305d99: Sackin index -0.1349; 0.8 s; peak memory 1122 MiB.
2026-10-06T20:13:29Z INFO [571/750] 56fcc7cd-e45e-4ec0-8b89-1f2ceb9dd79e: Sackin index -0.0434; 1.0 s; peak memory 1122 MiB.
2026-10-06T20:13:30Z INFO [572/750] 56fd07d0-691f-4745-9473-810720e60d40: Sackin index -0.1248; 0.9 s; peak memory 1122 MiB.
2026-10-06T20:13:32Z INFO [573/750] 56fd135f-40c5-44df-b012-a1b770427397: Sackin index -0.0350; 2.1 s; peak memory 1122 MiB.
2026-10-06T20:13:32Z INFO [574/750] 56fe959e-3358-40f2-a064-076fee66051a: Sackin index -0.1716; 0.7 s; peak memory 1122 MiB.
2026-10-06T20:13:33Z INFO [575/750] 56ff2ccf-354f-46e4-818b-471518e30ed6: Sackin index -0.1349; 0.7 s; peak memory 1122 MiB.
2026-10-06T20:14:00Z INFO [576/750] 56ff2e5f-ee2e-44af-bed6-2a58e99ac85b: Sackin index -0.0037; 27.3 s; peak memory 1122 MiB.
2026-10-06T20:14:01Z INFO [577/750] 56ff6343-836f-4648-907b-53ff2563b65a: Sackin index -0.1349; 0.9 s; peak memory 1122 MiB.
2026-10-06T20:14:02Z INFO [578/750] 56ffaa62-7bcd-4004-8c59-2f14a4a4ee53: Sackin index -0.0728; 1.1 s; peak memory 1122 MiB.
2026-10-06T20:14:03Z INFO [579/750] 57000853-88bb-4fcc-8520-9bd43f9ba393: Sackin index -0.0275; 1.1 s; peak memory 1122 MiB.
2026-10-06T20:14:05Z INFO [580/750] 570050cb-3150-4029-b010-f01623642ee0: Sackin index -0.0379; 1.5 s; peak memory 1122 MiB.
2026-10-06T20:14:06Z INFO [581/750] 57017e03-b213-48ed-a69e-5762571293c2: Sackin index -0.2000; 0.7 s; peak memory 1122 MiB.
2026-10-06T20:14:07Z INFO [582/750] 5702f7aa-608f-43fc-b566-7e635e0b9f5c: Sackin index -0.0369; 1.1 s; peak memory 1122 MiB.
2026-10-06T20:14:21Z INFO [583/750] 5703af4e-0741-457a-9a6d-268b644eab1d: Sackin index -0.0203; 13.9 s; peak memory 1122 MiB.
2026-10-06T20:14:21Z INFO [584/750] 5703efd1-f22f-4d8c-9bb6-a3311656bc98: Sackin index -0.1349; 0.9 s; peak memory 1122 MiB.
2026-10-06T20:14:22Z INFO [585/750] 570499db-5e7b-484f-9b08-5c50234697da: Sackin index -0.1319; 0.7 s; peak memory 1122 MiB.
2026-10-06T20:14:24Z INFO [586/750] 5704a53e-381d-40b7-92cc-4aca760e2ca3: Sackin index -0.1273; 1.4 s; peak memory 1122 MiB.
2026-10-06T20:14:24Z INFO [587/750] 57050382-bb6e-42f4-bb97-19b1793b07ef: Sackin index -0.1461; 0.7 s; peak memory 1122 MiB.
2026-10-06T20:14:25Z INFO [588/750] 57052b46-c640-4c0b-a27e-3e81401308ca: Sackin index -0.1448; 0.6 s; peak memory 1122 MiB.
2026-10-06T20:14:26Z INFO [589/750] 57067e16-cd37-4ee3-9945-614141209b7c: Sackin index -0.1178; 0.6 s; peak memory 1122 MiB.
2026-10-06T20:14:27Z INFO [590/750] 5706e67b-9180-48ae-87d9-efe9fd07a5f8: Sackin index -0.0699; 1.8 s; peak memory 1122 MiB.
2026-10-06T20:14:28Z INFO [591/750] 570a8071-ae96-4716-a3f1-f1cfaa556463: Sackin index -0.0881; 1.0 s; peak memory 1122 MiB.
2026-10-06T20:14:29Z INFO [592/750] 570a8900-b727-49c6-8007-cc2933cf3ba3: Sackin index -0.1349; 1.0 s; peak memory 1122 MiB.
2026-10-06T20:14:30Z INFO [593/750] 570b6813-3029-45be-957e-eb0acc792801: Sackin index -0.0728; 1.1 s; peak memory 1122 MiB.
2026-10-06T20:14:31Z INFO [594/750] 570b8423-b2d6-4241-b279-9bc6f89d28b8: Sackin index -0.1349; 1.0 s; peak memory 1122 MiB.
2026-10-06T20:14:50Z INFO [595/750] 570be990-89d3-4ff1-a3bb-e17ac353d487: Sackin index -0.0395; 18.2 s; peak memory 1122 MiB.
2026-10-06T20:14:51Z INFO [596/750] 570c553d-f1fe-4698-be4a-fb6dd1cbc32e: Sackin index -0.2073; 0.9 s; peak memory 1122 MiB.
2026-10-06T20:14:52Z INFO [597/750] 570dc14d-5961-4abd-ba60-339546ed73a6: Sackin index -0.1000; 1.2 s; peak memory 1122 MiB.
2026-10-06T20:14:53Z INFO [598/750] 570ddc82-47e2-48be-aa34-9c69296cbf4d: Sackin index -0.1349; 0.9 s; peak memory 1122 MiB.
2026-10-06T20:14:53Z INFO [599/750] 570e5fce-ba72-41a0-9e78-6a9ed6c7a999: Sackin index -0.1051; 0.7 s; peak memory 1122 MiB.
2026-10-06T20:14:54Z INFO [600/750] 570ece07-4862-4bdf-b810-1d20dea9f0fb: Sackin index -0.1383; 0.9 s; peak memory 1122 MiB.
2026-10-06T20:14:55Z INFO [600/750] 570ece07-4862-4bdf-b810-1d20dea9f0fb: checkpointed 88936 records.
2026-10-06T20:14:55Z INFO [601/750] 570eff16-468a-4526-935e-efb903e29c35: Sackin index -0.0702; 0.9 s; peak memory 1122 MiB.
2026-10-06T20:14:57Z INFO [602/750] 570f1107-1282-4e0f-ae3a-5f0892c14c76: Sackin index -0.1000; 1.8 s; peak memory 1122 MiB.
2026-10-06T20:15:03Z INFO [603/750] 570f68aa-4763-4976-87e9-f4aae2280113: Sackin index -0.0476; 5.6 s; peak memory 1122 MiB.
2026-10-06T20:15:04Z INFO [604/750] 57114a6b-a1da-470d-9d40-114775e98800: Sackin index -0.1349; 0.9 s; peak memory 1122 MiB.
2026-10-06T20:15:06Z INFO [605/750] 57116c24-4532-4110-a5e7-5edc9c27fb53: Sackin index -0.1102; 2.3 s; peak memory 1122 MiB.
2026-10-06T20:15:07Z INFO [606/750] 5711a7ef-1425-429b-9746-ecd69f1fdddb: Sackin index -0.1766; 0.7 s; peak memory 1122 MiB.
2026-10-06T20:15:12Z INFO [607/750] 57136920-ebb4-45f2-99ff-d13931041edb: Sackin index -0.0940; 5.3 s; peak memory 1122 MiB.
2026-10-06T20:15:19Z INFO [608/750] 5714a168-77cf-4748-b654-d9dd677b6f04: Sackin index -0.0691; 6.9 s; peak memory 1122 MiB.
2026-10-06T20:15:20Z INFO [609/750] 5716b733-1b18-4ec6-b019-8dd5b30e83dc: Sackin index -0.1383; 1.2 s; peak memory 1122 MiB.
2026-10-06T20:15:21Z INFO [610/750] 5716bd2e-195c-4b99-beee-1a5c39d2cad9: Sackin index -0.0728; 1.0 s; peak memory 1122 MiB.
2026-10-06T20:15:22Z INFO [611/750] 5717b32b-b580-40cd-a585-cc79987fee29: Sackin index -0.0275; 1.1 s; peak memory 1122 MiB.
2026-10-06T20:15:23Z INFO [612/750] 5717e725-4053-4114-9e40-1435dfc61097: Sackin index -0.1658; 0.6 s; peak memory 1122 MiB.
2026-10-06T20:15:24Z INFO [613/750] 5717f855-5368-43ca-abc8-a87117279d78: Sackin index -0.1234; 0.8 s; peak memory 1122 MiB.
2026-10-06T20:15:28Z INFO [614/750] 57189736-c4ba-430c-94a7-a385ac914fc1: Sackin index -0.0403; 4.4 s; peak memory 1122 MiB.
2026-10-06T20:15:29Z INFO [615/750] 5718ef13-3961-4155-915f-53542c1a4298: Sackin index -0.0696; 0.7 s; peak memory 1122 MiB.
2026-10-06T20:15:30Z INFO [616/750] 5719b4b2-8d70-4cd5-951d-628c4a0f7c1c: Sackin index -0.1658; 0.5 s; peak memory 1122 MiB.
2026-10-06T20:15:31Z INFO [617/750] 571a541f-7992-4e14-bd27-806489e64b30: Sackin index -0.0702; 1.1 s; peak memory 1122 MiB.
2026-10-06T20:15:31Z INFO [618/750] 571acab9-aabf-4a66-8656-34c34ae29583: Sackin index -0.1331; 0.7 s; peak memory 1122 MiB.
2026-10-06T20:15:32Z INFO [619/750] 571ba3a2-4b96-424c-8be9-1e34aac9166e: Sackin index -0.1046; 0.9 s; peak memory 1122 MiB.
2026-10-06T20:15:33Z INFO [620/750] 571bb10d-cf81-4a70-bde1-6448d45d73ad: Sackin index -0.2147; 0.5 s; peak memory 1122 MiB.
2026-10-06T20:15:34Z INFO [621/750] 571c176e-9983-4f4d-9d93-c57bf7fb6d00: Sackin index -0.1000; 1.3 s; peak memory 1122 MiB.
2026-10-06T20:15:37Z INFO [622/750] 571dd138-e30f-446e-b8e9-1a59458bad65: Sackin index -0.1062; 3.3 s; peak memory 1122 MiB.
2026-10-06T20:15:38Z INFO [623/750] 571df99c-3b34-44ed-a2c2-841bcf6f18ac: Sackin index -0.1178; 0.5 s; peak memory 1122 MiB.
2026-10-06T20:15:39Z INFO [624/750] 571f14c9-0e98-4a4f-bda0-34283b70310f: Sackin index -0.1349; 0.9 s; peak memory 1122 MiB.
2026-10-06T20:15:41Z INFO [625/750] 571f482a-9ab7-4434-bd21-1e24da77b381: Sackin index -0.0695; 2.1 s; peak memory 1122 MiB.
2026-10-06T20:15:47Z INFO [626/750] 571faae3-d100-4940-ace8-463562e8a77e: Sackin index -0.0435; 6.1 s; peak memory 1122 MiB.
2026-10-06T20:15:48Z INFO [627/750] 57201614-9c4d-41f1-8d66-659e925c5402: Sackin index -0.0676; 1.4 s; peak memory 1122 MiB.
2026-10-06T20:15:50Z INFO [628/750] 572016ea-4454-4a22-9547-abdaa0a036ff: Sackin index -0.0728; 1.3 s; peak memory 1122 MiB.
2026-10-06T20:15:50Z INFO [629/750] 5720646b-17d4-455f-b9bc-356d584faa30: Sackin index -0.1361; 0.7 s; peak memory 1122 MiB.
2026-10-06T20:15:54Z INFO [630/750] 5720e5ca-a129-4bd9-9ff1-834f244874c6: Sackin index -0.0252; 3.9 s; peak memory 1122 MiB.
2026-10-06T20:15:57Z INFO [631/750] 5720e757-abce-4e5a-aa19-ea6211731d90: Sackin index -0.0362; 2.8 s; peak memory 1122 MiB.
2026-10-06T20:15:59Z INFO [632/750] 57210c01-90c4-45b2-9f80-9b8480ce1b2b: Sackin index -0.0952; 1.9 s; peak memory 1122 MiB.
2026-10-06T20:16:01Z INFO [633/750] 57217bd7-6d82-4902-a20b-9675e83baaa7: Sackin index -0.0886; 1.5 s; peak memory 1122 MiB.
2026-10-06T20:16:02Z INFO [634/750] 572259ca-6435-41d1-9ab2-6a1534bb9afc: Sackin index -0.1349; 1.0 s; peak memory 1122 MiB.
2026-10-06T20:16:03Z INFO [635/750] 5722dc45-dbcb-49d6-8e0a-8f27c20947bf: Sackin index -0.0994; 1.3 s; peak memory 1122 MiB.
2026-10-06T20:16:03Z INFO [636/750] 5723e765-a31f-4123-9450-c7ebc1915518: Sackin index -0.1658; 0.6 s; peak memory 1122 MiB.
2026-10-06T20:16:05Z INFO [637/750] 5726340a-b01f-491e-a101-f03a473b23ed: Sackin index -0.0369; 1.1 s; peak memory 1122 MiB.
2026-10-06T20:16:18Z INFO [638/750] 5726fc7d-e6c0-48fd-84df-301fb358df80: Sackin index -0.0144; 13.6 s; peak memory 1122 MiB.
2026-10-06T20:16:20Z INFO [639/750] 57275aca-11a6-4dc3-af0b-d71e7a69b1d3: Sackin index -0.0671; 2.1 s; peak memory 1122 MiB.
2026-10-06T20:16:21Z INFO [640/750] 57279820-f420-4414-b5b8-4affe536a0e5: Sackin index -0.0702; 0.8 s; peak memory 1122 MiB.
2026-10-06T20:16:22Z INFO [641/750] 5727f3f4-2489-493f-8d50-17e5b23a5e86: Sackin index -0.1349; 0.9 s; peak memory 1122 MiB.
2026-10-06T20:16:23Z INFO [642/750] 5729d859-1f3b-4025-8443-a0e5c0274331: Sackin index -0.0728; 1.3 s; peak memory 1122 MiB.
2026-10-06T20:16:24Z INFO [643/750] 572a76b4-afd2-4e2b-aba3-6c32ab873b5b: Sackin index -0.1938; 0.6 s; peak memory 1122 MiB.
2026-10-06T20:16:30Z INFO [644/750] 572accaf-18a7-45cb-971f-b3c5b0e990dc: Sackin index -0.0179; 6.2 s; peak memory 1122 MiB.
2026-10-06T20:16:34Z INFO [645/750] 572bea91-01fd-4fdf-be62-6fa7469b721e: Sackin index -0.0221; 3.6 s; peak memory 1122 MiB.
2026-10-06T20:16:35Z INFO [646/750] 572c58c5-14d8-4f57-b183-c079a4e5eb2d: Sackin index -0.0365; 1.4 s; peak memory 1122 MiB.
2026-10-06T20:16:36Z INFO [647/750] 572d3101-3216-46c9-9f70-37316b2a1d04: Sackin index -0.1349; 0.7 s; peak memory 1122 MiB.
2026-10-06T20:16:36Z INFO [648/750] 572d8092-6ac2-4033-814f-7e75639b9b4e: Sackin index -0.1178; 0.5 s; peak memory 1122 MiB.
2026-10-06T20:16:46Z INFO [649/750] 572e10ca-35ad-4bf3-87e6-5ba9fedbf108: Sackin index -0.0134; 9.7 s; peak memory 1122 MiB.
2026-10-06T20:16:47Z INFO [650/750] 572e2314-f3a0-4fdb-805d-4045ba7f10b2: Sackin index -0.0709; 1.0 s; peak memory 1122 MiB.
2026-10-06T20:16:47Z INFO [650/750] 572e2314-f3a0-4fdb-805d-4045ba7f10b2: checkpointed 88986 records.
2026-10-06T20:17:09Z INFO [651/750] 5730fd76-f1b6-4ba0-a81b-fa9052868c2c: Sackin index -0.0118; 21.4 s; peak memory 1122 MiB.
2026-10-06T20:17:10Z INFO [652/750] 57312362-d2cf-4f5d-b327-14db080bd047: Sackin index -0.0714; 1.8 s; peak memory 1122 MiB.
2026-10-06T20:17:36Z INFO [653/750] 5733098b-f046-4d26-a1d1-cdef30220f82: Sackin index -0.0139; 25.4 s; peak memory 1122 MiB.
2026-10-06T20:17:37Z INFO [654/750] 57341c32-6ba0-48df-83a0-36936b0bd2c0: Sackin index -0.1349; 0.9 s; peak memory 1122 MiB.
2026-10-06T20:17:42Z INFO [655/750] 57344499-bdcc-4122-9d91-c91c6b8dfcbc: Sackin index -0.0366; 5.6 s; peak memory 1122 MiB.
2026-10-06T20:17:43Z INFO [656/750] 573490d3-3b8d-4d01-af3c-8acaeddd1673: Sackin index -0.1349; 0.8 s; peak memory 1122 MiB.
2026-10-06T20:17:44Z INFO [657/750] 57354665-f676-4ca2-a2dc-24e44f709b29: Sackin index -0.1349; 0.8 s; peak memory 1122 MiB.
2026-10-06T20:17:45Z INFO [658/750] 5737868c-4a41-4060-b5da-0e1ac71a4d52: Sackin index -0.1356; 0.7 s; peak memory 1122 MiB.
2026-10-06T20:17:49Z INFO [659/750] 5737c917-cbc2-432d-8654-a594ed63d3d1: Sackin index -0.0238; 4.1 s; peak memory 1122 MiB.
2026-10-06T20:17:50Z INFO [660/750] 57394d30-0fbe-44e1-9d7f-19fd75338444: Sackin index -0.0728; 1.0 s; peak memory 1122 MiB.
2026-10-06T20:17:51Z INFO [661/750] 57396bdb-24fc-4506-a7f8-d9bd81abdbd4: Sackin index -0.0728; 1.3 s; peak memory 1122 MiB.
2026-10-06T20:17:52Z INFO [662/750] 573afcf2-150b-4e44-bfe1-21f395ad555e: Sackin index -0.2000; 0.6 s; peak memory 1122 MiB.
2026-10-06T20:17:54Z INFO [663/750] 573b1256-d2e1-4b56-8dac-1f05d6d06e16: Sackin index -0.0369; 1.9 s; peak memory 1122 MiB.
2026-10-06T20:17:54Z INFO [664/750] 573b1b19-1699-48b0-8c01-ffa0dfe55601: Sackin index -0.0709; 0.9 s; peak memory 1122 MiB.
2026-10-06T20:17:56Z INFO [665/750] 573b423e-0472-4a93-807c-7391b8c1c90f: Sackin index -0.0681; 1.8 s; peak memory 1122 MiB.
2026-10-06T20:17:57Z INFO [666/750] 573b93e3-9c4a-49b7-a6d9-a7b3dae3dd7e: Sackin index -0.1349; 1.0 s; peak memory 1122 MiB.
2026-10-06T20:17:58Z INFO [667/750] 573bba73-6ae1-402d-a44d-00a2874b5a8b: Sackin index -0.0696; 0.7 s; peak memory 1122 MiB.
2026-10-06T20:17:59Z INFO [668/750] 573cbf20-f710-4700-a1c8-3fac2ca6416b: Sackin index -0.1562; 0.9 s; peak memory 1122 MiB.
2026-10-06T20:18:02Z INFO [669/750] 573d6146-0e65-422c-9383-97784aee739f: Sackin index -0.0408; 2.9 s; peak memory 1122 MiB.
2026-10-06T20:18:03Z INFO [670/750] 573d9368-5143-4f5a-84b4-a82f9543fbbd: Sackin index -0.0702; 1.0 s; peak memory 1122 MiB.
2026-10-06T20:18:04Z INFO [671/750] 573e25e8-aa4d-4a9c-85f5-a20ccd8cce6d: Sackin index -0.1239; 0.6 s; peak memory 1122 MiB.
2026-10-06T20:18:04Z INFO [672/750] 573e9639-55fb-4bfe-a83f-4efaade1a105: Sackin index -0.1349; 0.9 s; peak memory 1122 MiB.
2026-10-06T20:18:05Z INFO [673/750] 573f403e-effa-4a7f-bb43-d0df0dd0271d: Sackin index -0.0709; 1.0 s; peak memory 1122 MiB.
2026-10-06T20:18:06Z INFO [674/750] 573f6551-9359-42e8-9b2e-1f457f1efc3d: Sackin index -0.1248; 1.0 s; peak memory 1122 MiB.
2026-10-06T20:18:07Z INFO [675/750] 573f9b41-e81e-45ea-9b0f-1f85788689b8: Sackin index -0.1248; 0.8 s; peak memory 1122 MiB.
2026-10-06T20:18:08Z INFO [676/750] 57407448-3cc2-413d-bf16-09c34a40bfe3: Sackin index -0.0702; 0.8 s; peak memory 1122 MiB.
2026-10-06T20:18:15Z INFO [677/750] 574108d7-e73f-46da-a595-c01019c54af2: Sackin index -0.0225; 7.3 s; peak memory 1122 MiB.
2026-10-06T20:18:17Z INFO [678/750] 57418b41-5038-4df2-93fc-2b2e8cf0270e: Sackin index -0.0369; 1.8 s; peak memory 1122 MiB.
2026-10-06T20:18:46Z INFO [679/750] 57422f42-6b02-42d6-a809-4367d2a843a5: Sackin index -0.1367; 29.2 s; peak memory 1122 MiB.
2026-10-06T20:18:47Z INFO [680/750] 57423df9-fa09-4425-9984-533f3dacf7af: Sackin index -0.1349; 0.9 s; peak memory 1122 MiB.
2026-10-06T20:18:48Z INFO [681/750] 574248ea-f5bf-41d4-b24c-f94db630bd44: Sackin index -0.0728; 1.2 s; peak memory 1122 MiB.
2026-10-06T20:18:50Z INFO [682/750] 5742970a-b7d7-449b-8132-b26f7eb42654: Sackin index -0.0732; 1.1 s; peak memory 1122 MiB.
2026-10-06T20:18:51Z INFO [683/750] 574419f9-c643-4a9b-87c0-871425ac7852: Sackin index -0.1349; 1.0 s; peak memory 1122 MiB.
2026-10-06T20:19:29Z INFO [684/750] 57452b80-671a-46bf-a981-2e0a3c8e7a14: Sackin index -0.0226; 38.3 s; peak memory 1122 MiB.
2026-10-06T20:19:30Z INFO [685/750] 57455a3a-8f98-4972-93f4-a03c1c1ccf3d: Sackin index -0.0702; 1.0 s; peak memory 1122 MiB.
2026-10-06T20:19:31Z INFO [686/750] 5745772b-dc18-4feb-9f41-08bd579fe97b: Sackin index -0.0702; 1.1 s; peak memory 1122 MiB.
2026-10-06T20:19:32Z INFO [687/750] 574631a7-156d-4693-9054-cae38d4e8832: Sackin index -0.1248; 1.0 s; peak memory 1122 MiB.
2026-10-06T20:19:33Z INFO [688/750] 5747f29e-1175-48cb-87b8-cc6ec90abb9a: Sackin index -0.0387; 0.9 s; peak memory 1122 MiB.
2026-10-06T20:19:34Z INFO [689/750] 5748e786-745d-4bff-91c4-20c7e43baa7d: Sackin index -0.0715; 1.0 s; peak memory 1122 MiB.
2026-10-06T20:19:36Z INFO [690/750] 57490b83-e536-4072-aa4b-7a50b0054d89: Sackin index -0.0515; 2.0 s; peak memory 1122 MiB.
2026-10-06T20:19:37Z INFO [691/750] 57498d28-2f92-48b2-94f7-e5fa0a6a7f92: Sackin index -0.0728; 1.2 s; peak memory 1122 MiB.
2026-10-06T20:19:49Z INFO [692/750] 5749a871-83ba-40d8-85bf-b8ec3a4d10b6: Sackin index -0.1388; 12.4 s; peak memory 1122 MiB.
2026-10-06T20:20:28Z INFO [693/750] 5749c352-2776-4570-bf82-63ab4683abc2: Sackin index -0.0033; 38.9 s; peak memory 1122 MiB.
2026-10-06T20:20:35Z INFO [694/750] 574a020e-6cd0-44e8-bc27-5f63b47cc583: Sackin index -0.0183; 7.1 s; peak memory 1122 MiB.
2026-10-06T20:20:36Z INFO [695/750] 574ad3a8-a212-471f-b3c2-f46293c283da: Sackin index -0.1349; 0.8 s; peak memory 1122 MiB.
2026-10-06T20:20:45Z INFO [696/750] 574b278c-4751-4616-8381-864e8f0be6a7: Sackin index -0.0116; 8.3 s; peak memory 1122 MiB.
2026-10-06T20:20:46Z INFO [697/750] 574bef35-b207-4d43-9d8e-ce6ded6b0780: Sackin index -0.0380; 1.0 s; peak memory 1122 MiB.
2026-10-06T20:25:05Z INFO [698/750] 574bf8aa-7cae-4d9d-8a2f-4822bffbd4d7: Sackin index -0.1216; 259.5 s; peak memory 1122 MiB.
2026-10-06T20:25:20Z INFO [699/750] 574c5c01-83d5-43c8-9790-31ec8a73570a: Sackin index -0.0172; 14.7 s; peak memory 1122 MiB.
2026-10-06T20:25:21Z INFO [700/750] 574cd86f-9c76-4686-b58a-11d947de9c72: Sackin index -0.1349; 0.9 s; peak memory 1122 MiB.
2026-10-06T20:25:21Z INFO [700/750] 574cd86f-9c76-4686-b58a-11d947de9c72: checkpointed 89036 records.
2026-10-06T20:25:29Z INFO [701/750] 574ce70b-1981-40a6-8ce0-66fe32f41a5c: Sackin index -0.0141; 7.9 s; peak memory 1122 MiB.
2026-10-06T20:25:30Z INFO [702/750] 574d1ade-3af5-4bac-8e4d-9fcf8e24b472: Sackin index -0.1938; 0.7 s; peak memory 1122 MiB.
2026-10-06T20:25:35Z INFO [703/750] 574d3a55-d7fd-4d51-a952-f2e236543862: Sackin index -0.0209; 5.4 s; peak memory 1122 MiB.
2026-10-06T20:25:36Z INFO [704/750] 574d7f29-ed89-4a65-afcb-d45727a94644: Sackin index -0.1938; 0.7 s; peak memory 1122 MiB.
2026-10-06T20:25:42Z INFO [705/750] 574d8c46-9f3a-4c2a-8e58-8f9d94df8105: Sackin index -0.0614; 6.0 s; peak memory 1122 MiB.
2026-10-06T20:25:43Z INFO [706/750] 574e044d-250a-47f6-b36c-be2f86ccbcde: Sackin index -0.0702; 1.0 s; peak memory 1122 MiB.
2026-10-06T20:25:44Z INFO [707/750] 574e2aab-d453-4d8a-9dd7-d4813f39f6fe: Sackin index -0.0891; 1.0 s; peak memory 1122 MiB.
2026-10-06T20:25:45Z INFO [708/750] 574e2f96-e9f1-4f30-bd0a-3ac6b42e67ac: Sackin index -0.0386; 0.9 s; peak memory 1122 MiB.
2026-10-06T20:25:45Z INFO [709/750] 574e5f94-151e-4fcd-84eb-8e37dbfbcbad: Sackin index -0.0748; 0.8 s; peak memory 1122 MiB.
2026-10-06T20:25:46Z INFO [710/750] 574e8e91-6d4e-4ce8-8d13-ede1f3c481cc: Sackin index -0.1658; 0.6 s; peak memory 1122 MiB.
2026-10-06T20:25:47Z INFO [711/750] 574e9c66-7835-4d76-8521-5192d98edc28: Sackin index -0.0881; 1.1 s; peak memory 1122 MiB.
2026-10-06T20:25:48Z INFO [712/750] 574f9b85-9898-47b7-89c7-127af72a8a5a: Sackin index -0.0702; 0.9 s; peak memory 1122 MiB.
2026-10-06T20:25:49Z INFO [713/750] 5750124b-6672-4c31-9ffd-c1de71742acd: Sackin index -0.1248; 0.9 s; peak memory 1122 MiB.
2026-10-06T20:25:50Z INFO [714/750] 57516bd2-212b-4fef-af7a-3d111c8270c1: Sackin index -0.1658; 0.6 s; peak memory 1122 MiB.
2026-10-06T20:25:55Z INFO [715/750] 5751ea08-782d-4f80-8678-f5431b84b629: Sackin index -0.1147; 5.4 s; peak memory 1122 MiB.
2026-10-06T20:25:56Z INFO [716/750] 57522f47-4d1c-4009-a6b3-7825f8c602b6: Sackin index -0.2168; 0.7 s; peak memory 1122 MiB.
2026-10-06T20:25:56Z INFO [717/750] 5752ac2e-1cae-46cc-9176-97051b2d1e02: Sackin index -0.1349; 0.8 s; peak memory 1122 MiB.
2026-10-06T20:29:41Z INFO [718/750] 5752b14d-8403-4679-891e-867ff37b6290: Sackin index -0.0940; 224.9 s; peak memory 1122 MiB.
2026-10-06T20:29:42Z INFO [719/750] 57530bfa-7373-40b7-ab3d-1e3fee6dcac6: Sackin index -0.1349; 0.9 s; peak memory 1122 MiB.
2026-10-06T20:29:46Z INFO [720/750] 57531764-9223-425d-bf08-47d10284961c: Sackin index -0.1362; 3.7 s; peak memory 1122 MiB.
2026-10-06T20:29:48Z INFO [721/750] 57531d3d-34fb-4701-b485-578cbd13696b: Sackin index -0.1160; 2.2 s; peak memory 1122 MiB.
2026-10-06T20:29:50Z INFO [722/750] 57545fc0-6891-45df-bf6f-b8195eaf5d5e: Sackin index -0.0676; 1.7 s; peak memory 1122 MiB.
2026-10-06T20:29:52Z INFO [723/750] 575540bd-9870-45a7-906b-6a744bf0b601: Sackin index -0.0699; 2.2 s; peak memory 1122 MiB.
2026-10-06T20:29:53Z INFO [724/750] 5755c76e-c226-47e2-a034-ef4cb51a4399: Sackin index -0.0891; 1.1 s; peak memory 1122 MiB.
2026-10-06T20:29:54Z INFO [725/750] 5755e09a-f664-4c20-8897-5c0e1e70c8ac: Sackin index -0.0709; 1.0 s; peak memory 1122 MiB.
2026-10-06T20:29:57Z INFO [726/750] 5756d3d3-99a1-4136-b7f9-18ba48fc3d42: Sackin index -0.0668; 3.1 s; peak memory 1122 MiB.
2026-10-06T20:29:59Z INFO [727/750] 5756db38-6a6f-493f-b1f8-c2d989a2cc8d: Sackin index -0.0369; 1.9 s; peak memory 1122 MiB.
2026-10-06T20:30:00Z INFO [728/750] 57576caf-72e0-491b-a0ee-580e376e6c02: Sackin index -0.0696; 0.9 s; peak memory 1122 MiB.
2026-10-06T20:30:01Z INFO [729/750] 57578574-eb4d-4b9d-9a90-542e83638de0: Sackin index -0.1039; 1.2 s; peak memory 1122 MiB.
2026-10-06T20:30:02Z INFO [730/750] 57590f25-f3b8-49db-8b2d-4cd39f42465c: Sackin index -0.1349; 0.9 s; peak memory 1122 MiB.
2026-10-06T21:42:45Z INFO [731/750] 57594d59-35fe-4f38-aded-333534cd01f0: Sackin index -0.0191; 4363.1 s; peak memory 1210 MiB.
2026-10-06T21:42:46Z INFO [732/750] 57596295-0e5d-43a3-b52a-7e6389227a03: Sackin index -0.1349; 0.8 s; peak memory 1210 MiB.
2026-10-06T21:42:47Z INFO [733/750] 5759e74b-3a7d-4d70-bd20-486f0e3b2979: Sackin index -0.1349; 0.9 s; peak memory 1210 MiB.
2026-10-06T21:42:48Z INFO [734/750] 575a04b8-31d2-4f5e-bc25-8e3e55930171: Sackin index -0.0709; 1.0 s; peak memory 1210 MiB.
2026-10-06T21:45:26Z INFO [735/750] 575aa2e7-b98c-448e-85c8-e230c0e332f3: Sackin index -0.0410; 157.7 s; peak memory 1210 MiB.
2026-10-06T21:45:32Z INFO [736/750] 575abab3-73d9-4f4c-85c7-a936dd3644cd: Sackin index -0.0017; 6.8 s; peak memory 1210 MiB.
2026-10-06T21:45:34Z INFO [737/750] 575af79b-7828-47e2-af0e-1f71b6410eff: Sackin index -0.1244; 1.2 s; peak memory 1210 MiB.
2026-10-06T21:45:35Z INFO [738/750] 575bb6aa-e9ef-4b3d-b0a9-d3bca0a95643: Sackin index -0.0728; 1.1 s; peak memory 1210 MiB.
2026-10-06T21:45:47Z INFO [739/750] 575bbfdc-62c2-4649-9292-1d648c7125a6: Sackin index -0.0420; 11.9 s; peak memory 1210 MiB.
2026-10-06T21:45:47Z INFO [740/750] 575c36aa-e414-49a5-99c8-90452cf92152: Sackin index -0.1349; 0.8 s; peak memory 1210 MiB.
2026-10-06T21:45:50Z INFO [741/750] 575c421a-b743-426c-9f9f-e5d0f964ccb0: Sackin index -0.0652; 2.9 s; peak memory 1210 MiB.
2026-10-06T21:45:51Z INFO [742/750] 575c5adf-2b89-444e-a7fa-b58b31708942: Sackin index -0.1349; 1.0 s; peak memory 1210 MiB.
2026-10-06T21:45:52Z INFO [743/750] 575d1a8a-17e6-4bc1-ac3e-8add185fb1b1: Sackin index -0.0702; 1.2 s; peak memory 1210 MiB.
2026-10-06T21:45:58Z INFO [744/750] 575d2612-cbf5-4b8e-bdeb-7f933ed94397: Sackin index -0.0366; 5.7 s; peak memory 1210 MiB.
2026-10-06T21:45:59Z INFO [745/750] 575dad93-bbf0-4082-b0f7-fd61d13ad6df: Sackin index -0.1321; 0.8 s; peak memory 1210 MiB.
2026-10-06T21:46:00Z INFO [746/750] 575dbab6-c9d7-492b-b36b-667aaa39acbb: Sackin index -0.1349; 0.9 s; peak memory 1210 MiB.
2026-10-06T21:46:05Z INFO [747/750] 575eac9d-836c-4acf-9c9f-01a9cd40b208: Sackin index -0.0460; 5.2 s; peak memory 1210 MiB.
2026-10-06T21:46:07Z INFO [748/750] 575eafc4-5632-44f5-aa6e-d23e0f1722d9: Sackin index -0.0681; 2.0 s; peak memory 1210 MiB.
2026-10-06T21:46:08Z INFO [749/750] 576022a2-b7dd-4b21-bf10-e4a2e3df8b10: Sackin index -0.1248; 0.8 s; peak memory 1210 MiB.
2026-10-06T21:48:46Z INFO [750/750] 57605d06-3e01-4ef9-b20c-043d3bcf1fa0: Sackin index -0.0410; 158.6 s; peak memory 1210 MiB.
2026-10-06T21:48:47Z INFO [750/750] 57605d06-3e01-4ef9-b20c-043d3bcf1fa0: checkpointed 89086 records.
2026-10-06T21:48:47Z INFO Wrote 89086 records to /tmp/derivatives/valid_nwb_file_to_sackin_index.jsonl (750 new, 0 failed) in 168.6 min (peak memory 1210 MiB).
