2026-10-05T06:08:09Z INFO Logging to /tmp/logs/update_2026-10-05T06-08-09Z.log.
2026-10-05T06:08:09Z INFO Update valid-nwb-file-to-sackin-index (base directory /tmp).
2026-10-05T06:08:09Z INFO Processing 750 items (74836 already recorded).
2026-10-05T06:08:11Z INFO [1/750] 39d6dcc4-7378-4910-a7ca-8855c117b9ac: Sackin index -0.0272; 1.9 s; peak memory 109 MiB.
2026-10-05T06:08:12Z INFO [2/750] 39d72eb9-3ea4-42b7-93cf-88adbf913feb: Sackin index -0.1349; 1.0 s; peak memory 110 MiB.
2026-10-05T06:08:20Z INFO [3/750] 39d7ca31-1a0b-4ab0-a87f-92001ae442dc: Sackin index -0.0308; 7.8 s; peak memory 121 MiB.
2026-10-05T06:08:21Z INFO [4/750] 39d8503e-1411-4510-8b02-a748e808ede3: Sackin index -0.0369; 1.4 s; peak memory 121 MiB.
2026-10-05T06:08:23Z INFO [5/750] 39d96bff-b156-44be-9e1c-45e1033673ca: Sackin index -0.1269; 1.3 s; peak memory 122 MiB.
2026-10-05T06:08:24Z INFO [6/750] 39d988f4-1bbf-4a52-bb3b-d869bfc9292e: Sackin index -0.1349; 1.0 s; peak memory 122 MiB.
2026-10-05T06:08:25Z INFO [7/750] 39d98d04-15e9-4e0c-ae6a-ceda501a63c2: Sackin index -0.1349; 0.9 s; peak memory 122 MiB.
2026-10-05T06:08:28Z INFO [8/750] 39da0210-306e-497b-9a03-70bcca365b2d: Sackin index -0.1495; 3.1 s; peak memory 122 MiB.
2026-10-05T06:08:29Z INFO [9/750] 39da1c96-624a-4cee-ace2-090fd294a774: Sackin index -0.1602; 0.8 s; peak memory 122 MiB.
2026-10-05T06:08:29Z INFO [10/750] 39da629f-0416-4a03-9b89-aa9bfeaaddeb: Sackin index -0.1658; 0.9 s; peak memory 122 MiB.
2026-10-05T06:08:31Z INFO [11/750] 39da66d7-1d18-4e97-b0b8-be893d3455b4: Sackin index -0.1345; 1.6 s; peak memory 122 MiB.
2026-10-05T06:08:32Z INFO [12/750] 39db1d7e-8e07-461a-9d4f-98ec4272591f: Sackin index -0.0702; 1.0 s; peak memory 122 MiB.
2026-10-05T06:08:33Z INFO [13/750] 39db72e6-71cd-42e5-9ed5-b22bf5894133: Sackin index -0.1331; 0.9 s; peak memory 122 MiB.
2026-10-05T06:08:34Z INFO [14/750] 39db9403-7562-4975-9b5e-1756c7bb75eb: Sackin index -0.0728; 1.3 s; peak memory 122 MiB.
2026-10-05T06:08:41Z INFO [15/750] 39dbe708-6363-4165-a1a2-207b03523403: Sackin index -0.0366; 7.2 s; peak memory 124 MiB.
2026-10-05T06:08:42Z INFO [16/750] 39dc23f6-89da-4bc1-a1e5-ebc8a49bdc3d: Sackin index -0.1349; 0.8 s; peak memory 124 MiB.
2026-10-05T06:08:45Z INFO [17/750] 39dd3981-2427-44ce-8a6f-fe7e69bd03b7: Sackin index -0.0660; 2.5 s; peak memory 124 MiB.
2026-10-05T06:08:50Z INFO [18/750] 39de661e-c15c-48c6-a17c-095fad621037: Sackin index -0.0512; 5.2 s; peak memory 124 MiB.
2026-10-05T06:08:51Z INFO [19/750] 39deb56f-a785-4bf7-8b94-2722d5e7c2ed: Sackin index -0.1349; 0.9 s; peak memory 125 MiB.
2026-10-05T06:08:52Z INFO [20/750] 39dee0f5-ea83-44b5-8b4a-28e943bf9160: Sackin index -0.1349; 0.9 s; peak memory 125 MiB.
2026-10-05T06:08:54Z INFO [21/750] 39df9bf3-82a0-4ff4-bc63-83c0bdfd946d: Sackin index -0.1362; 2.1 s; peak memory 125 MiB.
2026-10-05T06:08:59Z INFO [22/750] 39e0c483-fe7d-494c-aa7d-20907aa7d9db: Sackin index -0.0251; 4.7 s; peak memory 130 MiB.
2026-10-05T06:09:00Z INFO [23/750] 39e342f4-6b29-4032-9d17-43da1d8bfbf1: Sackin index -0.0745; 1.3 s; peak memory 130 MiB.
2026-10-05T06:09:01Z INFO [24/750] 39e40deb-0c81-4cc8-a78f-e916a1a80a64: Sackin index -0.1349; 1.0 s; peak memory 130 MiB.
2026-10-05T06:09:02Z INFO [25/750] 39e4319c-171c-44fc-8e6e-ec20b53afd7e: Sackin index -0.1082; 1.4 s; peak memory 130 MiB.
2026-10-05T06:09:05Z INFO [26/750] 39e59bb2-740b-4a15-9f77-a644d8a1bca8: Sackin index -0.0622; 2.4 s; peak memory 130 MiB.
2026-10-05T06:09:12Z INFO [27/750] 39e60385-4d57-4b02-9be2-9f45f9632e86: Sackin index -0.0221; 7.5 s; peak memory 140 MiB.
2026-10-05T06:09:13Z INFO [28/750] 39e650c5-54e3-4789-be03-0aec2820c0ba: Sackin index -0.0696; 1.2 s; peak memory 140 MiB.
2026-10-05T06:09:16Z INFO [29/750] 39e6b165-188e-4392-bb57-7514abc4f988: Sackin index -0.0285; 3.1 s; peak memory 140 MiB.
2026-10-05T06:09:17Z INFO [30/750] 39e78ea0-f186-4abe-8e81-4ceab4963435: Sackin index -0.1658; 0.6 s; peak memory 140 MiB.
2026-10-05T06:09:18Z INFO [31/750] 39e7c253-5a7b-49aa-b0b0-2cc5a53c82b5: Sackin index -0.1349; 0.9 s; peak memory 141 MiB.
2026-10-05T06:09:19Z INFO [32/750] 39e8009d-4668-4a6e-a16b-5c8a49cb6a8b: Sackin index -0.0778; 1.4 s; peak memory 141 MiB.
2026-10-05T06:09:20Z INFO [33/750] 39e8ab7d-9c20-419a-a050-21b0e866c8ab: Sackin index -0.0883; 1.1 s; peak memory 141 MiB.
2026-10-05T06:09:21Z INFO [34/750] 39e8b7a0-6288-4983-affe-e69513964496: Sackin index -0.1331; 0.8 s; peak memory 141 MiB.
2026-10-05T06:09:23Z INFO [35/750] 39e951fe-433f-4972-8b2b-f68b4910f34f: Sackin index -0.0702; 1.3 s; peak memory 141 MiB.
2026-10-05T06:09:24Z INFO [36/750] 39ea3979-914e-449c-88bf-6da63f3b626d: Sackin index -0.0702; 1.3 s; peak memory 141 MiB.
2026-10-05T06:09:29Z INFO [37/750] 39ea533b-f9c6-4f09-918c-7b96bc019001: Sackin index -0.0252; 4.9 s; peak memory 141 MiB.
2026-10-05T06:09:30Z INFO [38/750] 39ea6068-e2ab-4e0e-b3ab-5b87cee5024b: Sackin index -0.0702; 0.9 s; peak memory 141 MiB.
2026-10-05T06:09:31Z INFO [39/750] 39eb3ad2-b11c-479b-bc44-335e61822bf6: Sackin index -0.0917; 1.0 s; peak memory 141 MiB.
2026-10-05T06:09:32Z INFO [40/750] 39ecbe4e-1fea-4cf4-91cb-342477456f9c: Sackin index -0.0369; 1.2 s; peak memory 141 MiB.
2026-10-05T06:09:39Z INFO [41/750] 39ed55d4-1b6f-44de-9f68-339ec2a0e8bd: Sackin index -0.0190; 7.0 s; peak memory 148 MiB.
2026-10-05T06:09:42Z INFO [42/750] 39ed8c09-38bc-4203-9e66-a3ae08134603: Sackin index -0.0298; 3.2 s; peak memory 148 MiB.
2026-10-05T06:09:43Z INFO [43/750] 39edb4f2-7da4-45d5-99b4-f3e599bfc5f0: Sackin index -0.1201; 1.2 s; peak memory 148 MiB.
2026-10-05T06:09:46Z INFO [44/750] 39edd7af-aa5d-4d61-a47a-28919f0a02e3: Sackin index -0.0842; 2.5 s; peak memory 148 MiB.
2026-10-05T06:09:47Z INFO [45/750] 39ef5318-2bb1-4af7-931b-f61979cc046d: Sackin index -0.0702; 1.0 s; peak memory 148 MiB.
2026-10-05T06:09:48Z INFO [46/750] 39ef8d95-1236-41fb-b3b2-95b308aa746f: Sackin index -0.1349; 0.9 s; peak memory 148 MiB.
2026-10-05T06:09:49Z INFO [47/750] 39efbe74-d265-4212-b8ae-bfae026aeece: Sackin index -0.1248; 1.0 s; peak memory 148 MiB.
2026-10-05T06:09:53Z INFO [48/750] 39f04d02-e921-47b2-a7af-0337aaf7d98f: Sackin index -0.0403; 3.9 s; peak memory 148 MiB.
2026-10-05T06:30:57Z INFO [49/750] 39f14fa7-0509-4e68-9467-c1235dc9188a: Sackin index -0.0451; 1264.6 s; peak memory 1100 MiB.
2026-10-05T06:30:58Z INFO [50/750] 39f1d221-6837-473b-8c35-7d6b0dc1432b: Sackin index -0.0696; 1.1 s; peak memory 1100 MiB.
2026-10-05T06:30:58Z INFO [50/750] 39f1d221-6837-473b-8c35-7d6b0dc1432b: checkpointed 74886 records.
2026-10-05T06:31:08Z INFO [51/750] 39f22acb-f4cc-410b-9204-e07991fef8a1: Sackin index -0.0133; 9.7 s; peak memory 1100 MiB.
2026-10-05T06:31:09Z INFO [52/750] 39f338f9-4a1f-4b1f-a24d-cae41b14aede: Sackin index -0.0702; 1.2 s; peak memory 1100 MiB.
2026-10-05T06:31:10Z INFO [53/750] 39f3655b-e146-48bf-bb47-d6ec881cec57: Sackin index -0.0376; 1.1 s; peak memory 1100 MiB.
2026-10-05T06:31:12Z INFO [54/750] 39f3bd7e-84b5-4d05-bf25-40aba5bc2697: Sackin index -0.0745; 1.1 s; peak memory 1100 MiB.
2026-10-05T06:31:13Z INFO [55/750] 39f3e291-d048-45e3-940b-63051bc8d1c9: Sackin index -0.1349; 1.0 s; peak memory 1100 MiB.
2026-10-05T06:31:14Z INFO [56/750] 39f4320b-acdf-4cf5-a699-da698b168803: Sackin index -0.1340; 1.3 s; peak memory 1100 MiB.
2026-10-05T06:31:15Z INFO [57/750] 39f5a793-1cba-481b-a9ed-f642614d9641: Sackin index -0.0702; 0.9 s; peak memory 1100 MiB.
2026-10-05T06:31:16Z INFO [58/750] 39f638be-bb27-4e29-af57-cfcef6077c44: Sackin index -0.1349; 0.8 s; peak memory 1100 MiB.
2026-10-05T06:31:18Z INFO [59/750] 39f81207-ae58-4061-a5a9-c5fdd8c8de4b: Sackin index -0.0699; 1.9 s; peak memory 1100 MiB.
2026-10-05T06:31:19Z INFO [60/750] 39f9a720-7e0f-4a61-b16d-688163889d04: Sackin index -0.1013; 1.1 s; peak memory 1100 MiB.
2026-10-05T06:31:20Z INFO [61/750] 39f9c078-bffc-483a-a01b-1d2a0f77c6b6: Sackin index -0.0702; 0.9 s; peak memory 1100 MiB.
2026-10-05T06:31:21Z INFO [62/750] 39f9e7c7-38d5-47c5-8ea4-8ad6287e0467: Sackin index -0.1349; 0.9 s; peak memory 1100 MiB.
2026-10-05T06:31:21Z INFO [63/750] 39fa842f-4f2d-4d58-b330-e7254911cfbe: Sackin index -0.0896; 0.9 s; peak memory 1100 MiB.
2026-10-05T06:31:23Z INFO [64/750] 39fb9000-bf03-4e91-9314-53991a1b3706: Sackin index -0.0398; 1.2 s; peak memory 1100 MiB.
2026-10-05T06:31:27Z INFO [65/750] 39fc2917-72f6-4b92-babf-116608e8c048: Sackin index -0.0403; 4.5 s; peak memory 1100 MiB.
2026-10-05T06:31:33Z INFO [66/750] 39fc5cbc-cd7a-4ae1-a1e9-dfe660a89474: Sackin index -0.0437; 5.6 s; peak memory 1100 MiB.
2026-10-05T06:31:34Z INFO [67/750] 39fc9690-34aa-450f-b1b4-aa4b745297c0: Sackin index -0.1349; 0.9 s; peak memory 1100 MiB.
2026-10-05T06:31:36Z INFO [68/750] 39fcb12b-1648-4d62-9da7-3faff23fdecc: Sackin index -0.0579; 2.3 s; peak memory 1100 MiB.
2026-10-05T06:31:37Z INFO [69/750] 39fcf0e8-d9f0-41ee-9319-e7efd41e3494: Sackin index -0.0702; 0.8 s; peak memory 1100 MiB.
2026-10-05T06:31:38Z INFO [70/750] 39fcf93f-7f03-4e95-83c5-a139d3301fba: Sackin index -0.1349; 0.8 s; peak memory 1100 MiB.
2026-10-05T06:31:39Z INFO [71/750] 39fd6f76-1ff4-409a-bee6-4e3209a887a9: Sackin index -0.0699; 1.7 s; peak memory 1100 MiB.
2026-10-05T06:31:42Z INFO [72/750] 39fe880f-62bd-4a68-bcc9-1b2e5363af58: Sackin index -0.0660; 2.8 s; peak memory 1100 MiB.
2026-10-05T06:31:43Z INFO [73/750] 39fea95d-accf-445d-a67a-ec44be14b942: Sackin index -0.0369; 1.3 s; peak memory 1100 MiB.
2026-10-05T06:31:44Z INFO [74/750] 39fed117-10d9-4824-9d12-8b222fabe599: Sackin index -0.1349; 0.9 s; peak memory 1100 MiB.
2026-10-05T06:31:45Z INFO [75/750] 39ff666e-17ca-4ae3-b26e-2ec739400b4e: Sackin index -0.0709; 0.9 s; peak memory 1100 MiB.
2026-10-05T06:31:46Z INFO [76/750] 39ffa9bf-afde-41e6-a9fc-1a5a7ebc8b2b: Sackin index -0.0944; 1.3 s; peak memory 1100 MiB.
2026-10-05T06:31:47Z INFO [77/750] 3a016550-8276-479d-ada6-feec5b014207: Sackin index -0.1349; 0.8 s; peak memory 1100 MiB.
2026-10-05T06:31:48Z INFO [78/750] 3a01acae-fdf8-4182-b29b-d3d307609dc0: Sackin index -0.1704; 1.0 s; peak memory 1100 MiB.
2026-10-05T06:31:49Z INFO [79/750] 3a020379-65b5-477b-8107-de149b7a256d: Sackin index -0.1349; 0.8 s; peak memory 1100 MiB.
2026-10-05T06:31:50Z INFO [80/750] 3a0451a0-108c-4588-9332-fe899b374b3a: Sackin index -0.0738; 1.4 s; peak memory 1100 MiB.
2026-10-05T06:31:55Z INFO [81/750] 3a07d259-9f8f-42e9-a86b-a92e2e6bb8ff: Sackin index -0.0403; 4.3 s; peak memory 1100 MiB.
2026-10-05T06:31:56Z INFO [82/750] 3a07ecbb-8091-4ac4-b923-161d1c772245: Sackin index -0.0380; 0.9 s; peak memory 1100 MiB.
2026-10-05T06:33:45Z INFO [83/750] 3a086f60-bba0-4578-b727-527ff5946225: Sackin index -0.0450; 109.3 s; peak memory 1100 MiB.
2026-10-05T06:33:46Z INFO [84/750] 3a0942b3-87f8-4aa7-8300-2d7b5c4c7954: Sackin index -0.1349; 0.9 s; peak memory 1100 MiB.
2026-10-05T06:33:47Z INFO [85/750] 3a0a825d-5612-44ce-a649-063fb656b76b: Sackin index -0.1248; 1.1 s; peak memory 1100 MiB.
2026-10-05T06:33:50Z INFO [86/750] 3a0afc62-39eb-49cd-9859-cb07ce0a7b5f: Sackin index -0.0660; 2.6 s; peak memory 1100 MiB.
2026-10-05T06:33:51Z INFO [87/750] 3a0b7251-5c47-4316-a6a9-c28ccb770760: Sackin index -0.0728; 1.4 s; peak memory 1100 MiB.
2026-10-05T06:33:55Z INFO [88/750] 3a0b8124-eed9-45ff-bccb-71ee96cec69e: Sackin index -0.0403; 3.8 s; peak memory 1100 MiB.
2026-10-05T06:33:56Z INFO [89/750] 3a0c42dd-5f04-41b0-bc72-1c8eafaf8701: Sackin index -0.1349; 0.9 s; peak memory 1100 MiB.
2026-10-05T06:33:56Z INFO [90/750] 3a0c55e0-4916-412b-8d74-8c50f90f1469: Sackin index -0.1938; 0.8 s; peak memory 1100 MiB.
2026-10-05T06:33:58Z INFO [91/750] 3a0d517e-3436-41e3-b63e-73ca7312e9a9: Sackin index -0.1273; 1.4 s; peak memory 1100 MiB.
2026-10-05T06:34:03Z INFO [92/750] 3a0de01f-b827-41de-b160-abbd7a348700: Sackin index -0.0017; 5.6 s; peak memory 1100 MiB.
2026-10-05T06:34:04Z INFO [93/750] 3a0df6a6-cadd-405e-9019-4cf7c5a73f58: Sackin index -0.2168; 0.8 s; peak memory 1100 MiB.
2026-10-05T06:34:05Z INFO [94/750] 3a0e9a7e-2f48-454c-a5ae-dd6889e73799: Sackin index -0.1938; 0.8 s; peak memory 1100 MiB.
2026-10-05T06:34:06Z INFO [95/750] 3a0fe6b4-f5c7-4f0c-b720-189c9ef9ffbc: Sackin index -0.0956; 0.9 s; peak memory 1100 MiB.
2026-10-05T06:34:07Z INFO [96/750] 3a103851-22e1-4d7f-b952-a0355ea40171: Sackin index -0.1349; 0.9 s; peak memory 1100 MiB.
2026-10-05T06:34:49Z INFO [97/750] 3a10767b-f22e-41c8-9a85-25e0db16c66f: Sackin index -0.1076; 42.5 s; peak memory 1100 MiB.
2026-10-05T06:34:50Z INFO [98/750] 3a111e42-eebc-42af-84ce-d95874be82b6: Sackin index -0.1349; 0.9 s; peak memory 1100 MiB.
2026-10-05T06:34:54Z INFO [99/750] 3a1149dd-f90e-48e0-a5db-5a3b85212604: Sackin index -0.0546; 3.5 s; peak memory 1100 MiB.
2026-10-05T06:34:55Z INFO [100/750] 3a1153f2-f898-45aa-85bb-ff459d106739: Sackin index -0.1349; 0.8 s; peak memory 1100 MiB.
2026-10-05T06:34:55Z INFO [100/750] 3a1153f2-f898-45aa-85bb-ff459d106739: checkpointed 74936 records.
2026-10-05T06:34:56Z INFO [101/750] 3a11cf8e-cb30-43c7-a935-91108c792db8: Sackin index -0.1349; 0.9 s; peak memory 1100 MiB.
2026-10-05T06:34:56Z INFO [102/750] 3a12ba3b-572d-4cec-a612-cf74cfa98e21: Sackin index -0.2000; 0.8 s; peak memory 1100 MiB.
2026-10-05T06:34:57Z INFO [103/750] 3a12df99-d477-47a6-a344-1d9c2f1706eb: Sackin index -0.0728; 1.1 s; peak memory 1100 MiB.
2026-10-05T06:34:59Z INFO [104/750] 3a13b59f-f9fc-4a6d-9bf9-fb065f051a14: Sackin index -0.0709; 1.1 s; peak memory 1100 MiB.
2026-10-05T06:35:00Z INFO [105/750] 3a13d050-a96a-4ef0-b6ca-932018872620: Sackin index -0.0377; 1.0 s; peak memory 1100 MiB.
2026-10-05T06:35:12Z INFO [106/750] 3a14297f-217e-444f-83e3-da3d28881ffe: Sackin index -0.0102; 12.5 s; peak memory 1100 MiB.
2026-10-05T06:35:19Z INFO [107/750] 3a148d6f-7caa-401c-b459-0992ea43bfe7: Sackin index -0.0614; 7.4 s; peak memory 1100 MiB.
2026-10-05T06:35:21Z INFO [108/750] 3a153a97-7f66-4938-b5dc-a59a190efbc1: Sackin index -0.0728; 1.3 s; peak memory 1100 MiB.
2026-10-05T06:35:22Z INFO [109/750] 3a156814-7ea9-4421-928b-22bfd06c8a7f: Sackin index -0.1349; 0.9 s; peak memory 1100 MiB.
2026-10-05T06:35:22Z INFO [110/750] 3a158381-85cf-4394-ab90-ce9121267b59: Sackin index -0.1239; 0.8 s; peak memory 1100 MiB.
2026-10-05T06:35:59Z INFO [111/750] 3a15e5fa-f2db-4f3e-a362-9f46d709229f: Sackin index -0.1144; 36.5 s; peak memory 1100 MiB.
2026-10-05T06:36:00Z INFO [112/750] 3a160cd0-40d8-4883-b338-1269f2d6276c: Sackin index -0.1461; 0.7 s; peak memory 1100 MiB.
2026-10-05T06:36:01Z INFO [113/750] 3a165c6b-c5ad-48c0-a54d-b9f337542317: Sackin index -0.1187; 1.6 s; peak memory 1100 MiB.
2026-10-05T06:36:02Z INFO [114/750] 3a1705d0-4eb0-4ec2-8261-aa3e82992ae0: Sackin index -0.1448; 0.6 s; peak memory 1100 MiB.
2026-10-05T06:36:03Z INFO [115/750] 3a17ad11-aeda-4dcd-86fa-a3080715cb6c: Sackin index -0.1000; 1.4 s; peak memory 1100 MiB.
2026-10-05T06:36:04Z INFO [116/750] 3a183baf-83b3-465e-89b6-a2a672a4a8de: Sackin index -0.1174; 1.0 s; peak memory 1100 MiB.
2026-10-05T06:36:44Z INFO [117/750] 3a1a3137-c075-45e1-a04d-aeb025d8aa36: Sackin index -0.0173; 40.0 s; peak memory 1100 MiB.
2026-10-05T06:36:45Z INFO [118/750] 3a1a877d-6e09-4ab0-bf6e-c531de87692e: Sackin index -0.1365; 0.9 s; peak memory 1100 MiB.
2026-10-05T06:36:50Z INFO [119/750] 3a1a9fea-e56e-4f97-944f-93d384d0a1c2: Sackin index -0.0431; 4.3 s; peak memory 1100 MiB.
2026-10-05T06:37:03Z INFO [120/750] 3a1b08e7-1908-4aa5-a4ac-b727f2a37f9f: Sackin index -0.1462; 13.6 s; peak memory 1100 MiB.
2026-10-05T06:37:04Z INFO [121/750] 3a1b3bdc-71ad-4715-9fcb-120a8a9f7029: Sackin index -0.0956; 1.0 s; peak memory 1100 MiB.
2026-10-05T06:37:05Z INFO [122/750] 3a1b92d3-8bdf-49d3-bfd2-57fffd625d7d: Sackin index -0.0728; 1.2 s; peak memory 1100 MiB.
2026-10-05T06:37:06Z INFO [123/750] 3a1b9319-4cd5-40a0-b80f-5c660d4a510c: Sackin index -0.1658; 0.6 s; peak memory 1100 MiB.
2026-10-05T06:37:21Z INFO [124/750] 3a1bb120-e5e6-4d11-92e6-4b666ec3bb6d: Sackin index -0.0161; 15.0 s; peak memory 1100 MiB.
2026-10-05T06:37:22Z INFO [125/750] 3a1bb56c-861a-4e78-a45e-ebe824bada48: Sackin index -0.0369; 1.2 s; peak memory 1100 MiB.
2026-10-05T06:37:23Z INFO [126/750] 3a1bd1a6-ed35-4e44-a34e-2c5350ed8f9d: Sackin index -0.0375; 1.2 s; peak memory 1100 MiB.
2026-10-05T06:37:26Z INFO [127/750] 3a1be18d-7638-4af6-8e1a-7787e26dde37: Sackin index -0.0660; 2.6 s; peak memory 1100 MiB.
2026-10-05T06:37:27Z INFO [128/750] 3a1c17a2-062b-4732-86e7-25f5609ce3dd: Sackin index -0.0728; 1.1 s; peak memory 1100 MiB.
2026-10-05T06:37:34Z INFO [129/750] 3a1c4452-8671-44de-901e-ad02682127ab: Sackin index -0.0017; 6.5 s; peak memory 1100 MiB.
2026-10-05T06:37:34Z INFO [130/750] 3a1c590f-f11c-4b4f-855d-a206418c7c7a: Sackin index -0.0702; 1.0 s; peak memory 1100 MiB.
2026-10-05T06:37:35Z INFO [131/750] 3a1c8900-c943-4cd5-b887-2ab43a1538ef: Sackin index -0.0702; 1.0 s; peak memory 1100 MiB.
2026-10-05T06:37:37Z INFO [132/750] 3a1d822b-54f7-4b55-a060-49c55e7a1a37: Sackin index -0.0696; 1.2 s; peak memory 1100 MiB.
2026-10-05T06:37:39Z INFO [133/750] 3a1db012-ebe5-441b-aa3b-f1fbd1c3db38: Sackin index -0.0369; 2.1 s; peak memory 1100 MiB.
2026-10-05T06:37:40Z INFO [134/750] 3a1e41ae-c902-4c24-b42c-559f22a3c7dc: Sackin index -0.0728; 1.3 s; peak memory 1100 MiB.
2026-10-05T06:37:41Z INFO [135/750] 3a1e8bbc-a0fd-40db-b2ac-6e635184fcc5: Sackin index -0.1938; 0.7 s; peak memory 1100 MiB.
2026-10-05T06:37:45Z INFO [136/750] 3a1ea327-6e71-4222-8cf7-87df2579af0a: Sackin index -0.0411; 4.2 s; peak memory 1100 MiB.
2026-10-05T06:37:46Z INFO [137/750] 3a206449-42de-40b3-8ef1-e47dbabd5a06: Sackin index -0.0709; 1.0 s; peak memory 1100 MiB.
2026-10-05T06:37:47Z INFO [138/750] 3a211d88-f322-4e61-832a-95229422adc8: Sackin index -0.1349; 1.0 s; peak memory 1100 MiB.
2026-10-05T06:37:48Z INFO [139/750] 3a212bbf-2730-4542-a67b-6b5d58cdf967: Sackin index -0.1349; 0.9 s; peak memory 1100 MiB.
2026-10-05T06:37:49Z INFO [140/750] 3a218f82-4903-4641-8cdf-d0e0f5d24427: Sackin index -0.1349; 0.9 s; peak memory 1100 MiB.
2026-10-05T06:37:50Z INFO [141/750] 3a22b48a-1cc3-4fc9-be15-0a51d6969977: Sackin index -0.1349; 1.0 s; peak memory 1100 MiB.
2026-10-05T06:37:51Z INFO [142/750] 3a243f39-6898-43a4-ac34-df583a62af6e: Sackin index -0.1257; 1.2 s; peak memory 1100 MiB.
2026-10-05T06:37:52Z INFO [143/750] 3a244960-c265-4ea9-abbf-12ab22c1c125: Sackin index -0.1349; 1.0 s; peak memory 1100 MiB.
2026-10-05T06:37:53Z INFO [144/750] 3a2458c4-dd12-487a-a46e-9031c7b0d915: Sackin index -0.1356; 1.4 s; peak memory 1100 MiB.
2026-10-05T06:37:54Z INFO [145/750] 3a249705-6114-4ce3-b510-6f2387e4c0dc: Sackin index -0.1273; 1.0 s; peak memory 1100 MiB.
2026-10-05T06:37:56Z INFO [146/750] 3a24d75f-4c46-4323-8db4-e9aee48dfedf: Sackin index -0.0944; 1.3 s; peak memory 1100 MiB.
2026-10-05T06:37:57Z INFO [147/750] 3a251df4-077f-442e-bd66-16088bcd3a0b: Sackin index -0.1938; 1.8 s; peak memory 1100 MiB.
2026-10-05T06:37:59Z INFO [148/750] 3a25ad3a-9a24-4355-9b7d-ead278dbba51: Sackin index -0.0728; 1.3 s; peak memory 1100 MiB.
2026-10-05T06:38:00Z INFO [149/750] 3a25c0e9-ef67-4690-9e86-3967efefb143: Sackin index -0.0728; 1.6 s; peak memory 1100 MiB.
2026-10-05T06:38:01Z INFO [150/750] 3a25df85-45d3-4755-8087-87b2bb4aabaa: Sackin index -0.1439; 0.7 s; peak memory 1100 MiB.
2026-10-05T06:38:01Z INFO [150/750] 3a25df85-45d3-4755-8087-87b2bb4aabaa: checkpointed 74986 records.
2026-10-05T06:38:02Z INFO [151/750] 3a26465e-edee-4fdc-89a2-3a3d6b6d1fdc: Sackin index -0.1658; 0.6 s; peak memory 1100 MiB.
2026-10-05T06:38:45Z INFO [152/750] 3a26f2b7-59cd-4b19-86c0-0970b93e0b04: Sackin index -0.0149; 43.3 s; peak memory 1100 MiB.
2026-10-05T06:38:46Z INFO [153/750] 3a2706c2-d498-424e-a0ac-a74cfb818642: Sackin index -0.1273; 1.2 s; peak memory 1100 MiB.
2026-10-05T06:38:50Z INFO [154/750] 3a27417b-3a48-40a9-a108-c404e099d01f: Sackin index -0.0869; 4.1 s; peak memory 1100 MiB.
2026-10-05T06:38:55Z INFO [155/750] 3a2824bc-18d1-44a8-8afa-487c915239aa: Sackin index -0.0415; 4.6 s; peak memory 1100 MiB.
2026-10-05T06:38:56Z INFO [156/750] 3a284b45-4404-4cc8-b423-57552497a88c: Sackin index -0.1349; 1.0 s; peak memory 1100 MiB.
2026-10-05T06:38:57Z INFO [157/750] 3a2901dd-39af-4efc-bde6-97ea04c0ed3c: Sackin index -0.1658; 0.9 s; peak memory 1100 MiB.
2026-10-05T06:38:58Z INFO [158/750] 3a2a8124-eff9-4bdf-909a-4325bf525879: Sackin index -0.0702; 1.0 s; peak memory 1100 MiB.
2026-10-05T06:39:06Z INFO [159/750] 3a2bff12-682d-4e74-89d5-961825c3fec0: Sackin index -0.0145; 8.3 s; peak memory 1100 MiB.
2026-10-05T06:39:08Z INFO [160/750] 3a2c8eb0-3c2c-42b3-8310-182078cce62e: Sackin index -0.1243; 1.7 s; peak memory 1100 MiB.
2026-10-05T06:39:09Z INFO [161/750] 3a2ccdb6-d68a-4311-bd31-bccfd62b64c9: Sackin index -0.0824; 1.8 s; peak memory 1100 MiB.
2026-10-05T06:39:11Z INFO [162/750] 3a2d1d6e-5a08-4b2e-bd9e-d44a607fbe7b: Sackin index -0.0745; 1.2 s; peak memory 1100 MiB.
2026-10-05T06:39:12Z INFO [163/750] 3a2e39f3-240d-4680-b28c-5ef0a3b55b32: Sackin index -0.0696; 1.1 s; peak memory 1100 MiB.
2026-10-05T06:39:13Z INFO [164/750] 3a2e9993-6b3d-427f-ac68-4ed65869f2c9: Sackin index -0.0702; 1.0 s; peak memory 1100 MiB.
2026-10-05T06:39:24Z INFO [165/750] 3a2edcb3-61ef-4eea-9af3-6ccb6a93101d: Sackin index -0.0106; 11.1 s; peak memory 1100 MiB.
2026-10-05T06:39:25Z INFO [166/750] 3a3164b1-9c0f-451f-bfb0-180404903eb1: Sackin index -0.1349; 0.8 s; peak memory 1100 MiB.
2026-10-05T06:39:26Z INFO [167/750] 3a31a3d1-84b5-4dfc-9810-43c5bfc7af72: Sackin index -0.0702; 1.1 s; peak memory 1100 MiB.
2026-10-05T06:39:27Z INFO [168/750] 3a31a7dd-241e-4ac5-a79c-8abedb00c170: Sackin index -0.0375; 1.2 s; peak memory 1100 MiB.
2026-10-05T06:39:35Z INFO [169/750] 3a332600-b81e-40a6-b06d-dcb751f9735f: Sackin index -0.0315; 7.9 s; peak memory 1100 MiB.
2026-10-05T06:39:36Z INFO [170/750] 3a336632-275e-4ba0-807f-8f2b8b7cf0ec: Sackin index -0.0369; 1.7 s; peak memory 1100 MiB.
2026-10-05T06:39:37Z INFO [171/750] 3a338ec9-d528-4a02-9051-5f61bc136885: Sackin index -0.1349; 0.9 s; peak memory 1100 MiB.
2026-10-05T06:39:39Z INFO [172/750] 3a33fba8-04c7-47e5-81b8-136e041890e0: Sackin index -0.0728; 1.5 s; peak memory 1100 MiB.
2026-10-05T06:39:41Z INFO [173/750] 3a360fee-9fc8-4127-a528-483dd9a91cff: Sackin index -0.0718; 2.4 s; peak memory 1100 MiB.
2026-10-05T06:39:42Z INFO [174/750] 3a3610e9-590d-4e00-aa3e-a7e12b305e88: Sackin index -0.1248; 0.9 s; peak memory 1100 MiB.
2026-10-05T06:39:43Z INFO [175/750] 3a361f4f-4807-4484-9f6a-a03e23db1446: Sackin index -0.1349; 1.0 s; peak memory 1100 MiB.
2026-10-05T06:39:44Z INFO [176/750] 3a38b791-dd68-4cda-92aa-44f0ce681f12: Sackin index -0.0702; 0.9 s; peak memory 1100 MiB.
2026-10-05T06:39:45Z INFO [177/750] 3a3927fc-33a5-43a1-853d-45192c71fd8a: Sackin index -0.1248; 0.8 s; peak memory 1100 MiB.
2026-10-05T06:39:54Z INFO [178/750] 3a3975f9-8d59-49a5-9748-8543b40660a9: Sackin index -0.0141; 9.3 s; peak memory 1100 MiB.
2026-10-05T06:39:55Z INFO [179/750] 3a3a0a15-0794-4d47-91c4-3eba07fc8dbc: Sackin index -0.0569; 1.2 s; peak memory 1100 MiB.
2026-10-05T06:39:56Z INFO [180/750] 3a3b1d48-fa1d-44f6-9466-bb19b3e64bf4: Sackin index -0.1178; 0.8 s; peak memory 1100 MiB.
2026-10-05T06:39:58Z INFO [181/750] 3a3b7301-f647-4d90-8b3a-3624a2433b23: Sackin index -0.0704; 2.1 s; peak memory 1100 MiB.
2026-10-05T06:40:00Z INFO [182/750] 3a3bdb20-0479-4502-b9c6-8bcc47961676: Sackin index -0.0699; 1.8 s; peak memory 1100 MiB.
2026-10-05T06:40:01Z INFO [183/750] 3a3c17c2-58d3-4929-a7eb-bf49e0120f40: Sackin index -0.0702; 0.8 s; peak memory 1100 MiB.
2026-10-05T06:40:02Z INFO [184/750] 3a3c7783-ca5b-41cd-a64a-464d22565ee6: Sackin index -0.0728; 1.1 s; peak memory 1100 MiB.
2026-10-05T06:40:03Z INFO [185/750] 3a3ceead-93cc-48bf-b18a-f11781f89eb4: Sackin index -0.1938; 0.8 s; peak memory 1100 MiB.
2026-10-05T06:40:06Z INFO [186/750] 3a3d1681-9fc3-4986-922a-a3a0c2bb17c0: Sackin index -0.0230; 3.4 s; peak memory 1100 MiB.
2026-10-05T06:40:07Z INFO [187/750] 3a3d4e16-c8cf-4473-8446-c9f3dedc62ee: Sackin index -0.0728; 1.2 s; peak memory 1100 MiB.
2026-10-05T06:40:08Z INFO [188/750] 3a3d6b27-86d7-44cf-91d6-92d8f7bbf229: Sackin index -0.1658; 0.7 s; peak memory 1100 MiB.
2026-10-05T06:40:10Z INFO [189/750] 3a3e6705-1f9b-45fc-a796-24e921f3bbd7: Sackin index -0.0681; 1.8 s; peak memory 1100 MiB.
2026-10-05T06:40:11Z INFO [190/750] 3a3f3386-78be-429d-ae1e-a751ea6c78ed: Sackin index -0.1349; 0.8 s; peak memory 1100 MiB.
2026-10-05T06:40:13Z INFO [191/750] 3a3ff43e-5964-4726-80dc-6c5db099c9ac: Sackin index -0.0350; 1.8 s; peak memory 1100 MiB.
2026-10-05T06:40:14Z INFO [192/750] 3a40b63d-b350-41ff-85fb-10d75a5f57b4: Sackin index -0.1000; 1.1 s; peak memory 1100 MiB.
2026-10-05T06:40:17Z INFO [193/750] 3a4160f7-a736-4227-8663-cbc0bd19d7f8: Sackin index -0.0254; 3.8 s; peak memory 1100 MiB.
2026-10-05T06:40:19Z INFO [194/750] 3a437bc2-2d7d-4df0-bd91-e3b14e44d744: Sackin index -0.0676; 1.8 s; peak memory 1100 MiB.
2026-10-05T06:40:20Z INFO [195/750] 3a44069b-34d4-4787-a414-eced1a4e3158: Sackin index -0.1349; 0.9 s; peak memory 1100 MiB.
2026-10-05T06:40:22Z INFO [196/750] 3a4494b1-84f7-4fc7-8fe7-5a007b715981: Sackin index -0.0579; 2.0 s; peak memory 1100 MiB.
2026-10-05T06:40:23Z INFO [197/750] 3a44f63d-7c21-4a89-b5d6-1efb6dd3a508: Sackin index -0.1349; 0.8 s; peak memory 1100 MiB.
2026-10-05T06:40:33Z INFO [198/750] 3a451aea-558b-41f3-ad55-320e2bf7bb8a: Sackin index -0.0408; 9.7 s; peak memory 1100 MiB.
2026-10-05T06:40:37Z INFO [199/750] 3a45f9b3-277d-4bb0-8a26-b325de1e4f19: Sackin index -0.0403; 3.9 s; peak memory 1100 MiB.
2026-10-05T06:40:37Z INFO [200/750] 3a463022-e2f9-4fc0-a725-00be5e6858b3: Sackin index -0.1208; 0.7 s; peak memory 1100 MiB.
2026-10-05T06:40:37Z INFO [200/750] 3a463022-e2f9-4fc0-a725-00be5e6858b3: checkpointed 75036 records.
2026-10-05T06:40:38Z INFO [201/750] 3a469460-0798-41f6-9bde-45cdca7a1fd0: Sackin index -0.1298; 0.7 s; peak memory 1100 MiB.
2026-10-05T06:40:39Z INFO [202/750] 3a46df22-d66d-4f28-a6d7-075132f52341: Sackin index -0.1135; 0.7 s; peak memory 1100 MiB.
2026-10-05T06:40:41Z INFO [203/750] 3a4829e0-a948-4796-ade2-099c43d0690c: Sackin index -0.0717; 2.4 s; peak memory 1100 MiB.
2026-10-05T06:40:43Z INFO [204/750] 3a484147-9c3c-47b8-b686-a949458bbb84: Sackin index -0.0728; 1.3 s; peak memory 1100 MiB.
2026-10-05T06:40:44Z INFO [205/750] 3a48d09f-17fd-4519-a5db-ec44f2b7b980: Sackin index -0.0376; 1.1 s; peak memory 1100 MiB.
2026-10-05T06:40:45Z INFO [206/750] 3a48ff91-bc10-4898-b4ac-3a1bee0c2b80: Sackin index -0.0483; 1.2 s; peak memory 1100 MiB.
2026-10-05T06:40:46Z INFO [207/750] 3a49141f-36aa-4d6e-81c9-3535f97d80ba: Sackin index -0.1602; 1.1 s; peak memory 1100 MiB.
2026-10-05T06:40:47Z INFO [208/750] 3a49b6f5-1b0e-4781-a0fa-b0eb4eeac672: Sackin index -0.0745; 1.1 s; peak memory 1100 MiB.
2026-10-05T06:40:52Z INFO [209/750] 3a4ab52b-e193-465e-9225-c04321741696: Sackin index -0.0266; 4.6 s; peak memory 1100 MiB.
2026-10-05T06:41:10Z INFO [210/750] 3a4c1ac1-7733-45d3-b203-738ad09346a9: Sackin index -0.1367; 18.2 s; peak memory 1100 MiB.
2026-10-05T06:41:11Z INFO [211/750] 3a4c2937-d3c3-4cb2-8580-2b50f29d8060: Sackin index -0.0728; 1.2 s; peak memory 1100 MiB.
2026-10-05T06:41:12Z INFO [212/750] 3a4c96c6-cb89-4bf8-ac64-a84c6c91329b: Sackin index -0.1298; 0.8 s; peak memory 1100 MiB.
2026-10-05T06:41:13Z INFO [213/750] 3a4c9c13-0582-49d9-bab4-e00578f5db99: Sackin index -0.0569; 1.0 s; peak memory 1100 MiB.
2026-10-05T06:41:14Z INFO [214/750] 3a4cb037-a9c6-4ac5-b2c4-27097b264fd7: Sackin index -0.1349; 0.9 s; peak memory 1100 MiB.
2026-10-05T06:41:15Z INFO [215/750] 3a4d0ad2-5aab-447b-b89b-b1821a26ae6a: Sackin index -0.0714; 1.9 s; peak memory 1100 MiB.
2026-10-05T06:41:17Z INFO [216/750] 3a4d51db-6146-4a26-b7a0-23a00d2fca85: Sackin index -0.0272; 1.6 s; peak memory 1100 MiB.
2026-10-05T06:41:18Z INFO [217/750] 3a4d7255-5967-4c79-81aa-079f0675c0d3: Sackin index -0.1349; 0.8 s; peak memory 1100 MiB.
2026-10-05T06:41:19Z INFO [218/750] 3a4dd055-b9e8-4aff-b89b-f44e4553488b: Sackin index -0.0696; 1.0 s; peak memory 1100 MiB.
2026-10-05T06:41:20Z INFO [219/750] 3a4e28bf-b70c-4c87-b41d-f2bfb261a89a: Sackin index -0.0702; 1.0 s; peak memory 1100 MiB.
2026-10-05T06:41:21Z INFO [220/750] 3a4e6143-c84a-4314-9369-e67c96c4f07c: Sackin index -0.2168; 0.8 s; peak memory 1100 MiB.
2026-10-05T06:41:21Z INFO [221/750] 3a4e8950-9026-4fd7-8331-061820d3a257: Sackin index -0.0390; 0.8 s; peak memory 1100 MiB.
2026-10-05T06:41:23Z INFO [222/750] 3a4f4099-707f-449f-bb4f-344d223f392f: Sackin index -0.0745; 1.6 s; peak memory 1100 MiB.
2026-10-05T06:41:25Z INFO [223/750] 3a4f822c-cb4a-4dd4-9f92-0c43590518f0: Sackin index -0.0676; 1.6 s; peak memory 1100 MiB.
2026-10-05T06:41:30Z INFO [224/750] 3a509140-9ca4-4786-8663-363d41e2a04e: Sackin index -0.0413; 5.6 s; peak memory 1100 MiB.
2026-10-05T06:41:31Z INFO [225/750] 3a50a688-3009-499a-8781-8d2fe07ea9af: Sackin index -0.1349; 0.9 s; peak memory 1100 MiB.
2026-10-05T06:41:34Z INFO [226/750] 3a5147ed-a5fe-4e71-8c26-fca595e0484d: Sackin index -0.0694; 2.5 s; peak memory 1100 MiB.
2026-10-05T06:41:35Z INFO [227/750] 3a52d548-67e2-44f3-b218-c1b35ffe276c: Sackin index -0.0728; 1.2 s; peak memory 1100 MiB.
2026-10-05T06:41:37Z INFO [228/750] 3a537cc6-92a8-4a41-88f3-1b197f7dd919: Sackin index -0.1362; 2.1 s; peak memory 1100 MiB.
2026-10-05T06:41:38Z INFO [229/750] 3a53b0e3-83ec-4f3b-8f2e-d0374179fcbe: Sackin index -0.0728; 1.3 s; peak memory 1100 MiB.
2026-10-05T06:41:40Z INFO [230/750] 3a53f110-acb8-45a9-9a54-bf4775418104: Sackin index -0.1273; 1.4 s; peak memory 1100 MiB.
2026-10-05T06:41:41Z INFO [231/750] 3a5487ff-1bb9-4661-953b-a9375a733eca: Sackin index -0.0745; 1.4 s; peak memory 1100 MiB.
2026-10-05T06:41:42Z INFO [232/750] 3a54ec2f-7a1e-4304-8c99-67a15ac05bdc: Sackin index -0.0696; 1.0 s; peak memory 1100 MiB.
2026-10-05T06:41:46Z INFO [233/750] 3a554ea5-edac-4e59-ac40-680da0a2c479: Sackin index -0.0403; 4.3 s; peak memory 1100 MiB.
2026-10-05T06:41:48Z INFO [234/750] 3a565ac8-8280-4da5-81b1-cac330fc2eb3: Sackin index -0.0749; 1.5 s; peak memory 1100 MiB.
2026-10-05T06:41:48Z INFO [235/750] 3a569726-9fe7-4b58-9f3d-6ccc8a52b71e: Sackin index -0.1272; 0.7 s; peak memory 1100 MiB.
2026-10-05T06:41:55Z INFO [236/750] 3a579db3-6ccc-44d0-8f3e-45b71ffac268: Sackin index -0.0420; 6.3 s; peak memory 1100 MiB.
2026-10-05T06:41:56Z INFO [237/750] 3a57ee3f-e799-413f-8897-591767c73ac0: Sackin index -0.0735; 1.2 s; peak memory 1100 MiB.
2026-10-05T06:41:57Z INFO [238/750] 3a5859c9-8f86-42fe-8b85-bc23aa2138ee: Sackin index -0.2073; 0.8 s; peak memory 1100 MiB.
2026-10-05T06:41:58Z INFO [239/750] 3a58ca1d-7f6c-41b4-82a9-093322e9649d: Sackin index -0.0696; 1.2 s; peak memory 1100 MiB.
2026-10-05T06:42:00Z INFO [240/750] 3a58f970-4c0a-4eb8-bcba-748f64fb0837: Sackin index -0.1761; 1.8 s; peak memory 1100 MiB.
2026-10-05T06:42:06Z INFO [241/750] 3a594b6b-d76c-48ac-8f92-9e9de043c282: Sackin index -0.0439; 6.2 s; peak memory 1100 MiB.
2026-10-05T06:42:15Z INFO [242/750] 3a59fe5f-d963-47b2-9022-008cd2fd82f7: Sackin index -0.0197; 8.8 s; peak memory 1100 MiB.
2026-10-05T06:42:16Z INFO [243/750] 3a5a0cda-82ad-4fc0-97d6-89fcff63a30f: Sackin index -0.1349; 0.9 s; peak memory 1100 MiB.
2026-10-05T06:42:16Z INFO [244/750] 3a5a5867-c048-4851-ae66-0c21149fb268: Sackin index -0.1349; 0.9 s; peak memory 1100 MiB.
2026-10-05T06:42:18Z INFO [245/750] 3a5b41cf-3257-4fae-930b-3d7a1d0c26f8: Sackin index -0.0386; 1.1 s; peak memory 1100 MiB.
2026-10-05T06:42:19Z INFO [246/750] 3a5c49d3-f5a3-471d-9201-34de6d36367d: Sackin index -0.0369; 1.3 s; peak memory 1100 MiB.
2026-10-05T06:42:23Z INFO [247/750] 3a5d1c34-28d4-42c8-b20f-ecf90c4a9808: Sackin index -0.0411; 4.1 s; peak memory 1100 MiB.
2026-10-05T06:42:25Z INFO [248/750] 3a5e00c3-e62b-4095-b923-0d17af7c2d7d: Sackin index -0.0695; 2.5 s; peak memory 1100 MiB.
2026-10-05T06:42:26Z INFO [249/750] 3a5e4dcc-4cdd-40ad-8184-54156e75ec62: Sackin index -0.1239; 0.7 s; peak memory 1100 MiB.
2026-10-05T06:42:28Z INFO [250/750] 3a5e895d-b4f6-4d9f-8411-cb31c7818337: Sackin index -0.0728; 1.4 s; peak memory 1100 MiB.
2026-10-05T06:42:28Z INFO [250/750] 3a5e895d-b4f6-4d9f-8411-cb31c7818337: checkpointed 75086 records.
2026-10-05T06:42:29Z INFO [251/750] 3a5ea13f-806a-49be-9b00-a048bef93ef8: Sackin index -0.1349; 0.9 s; peak memory 1100 MiB.
2026-10-05T06:42:30Z INFO [252/750] 3a5f08e5-dcac-485e-8982-198a6380757d: Sackin index -0.0376; 1.1 s; peak memory 1100 MiB.
2026-10-05T06:42:31Z INFO [253/750] 3a61ea5d-6b3b-42f8-994a-4ec50b9ac5d1: Sackin index -0.0375; 1.2 s; peak memory 1100 MiB.
2026-10-05T06:42:32Z INFO [254/750] 3a628184-bc2d-4aab-b382-dae6591e72c2: Sackin index -0.0728; 1.1 s; peak memory 1100 MiB.
2026-10-05T06:42:33Z INFO [255/750] 3a63d111-f8ff-4fd8-ab27-329345aced51: Sackin index -0.0369; 1.4 s; peak memory 1100 MiB.
2026-10-05T06:42:34Z INFO [256/750] 3a63dfdb-46f0-45d8-b686-380dac623760: Sackin index -0.1349; 1.0 s; peak memory 1100 MiB.
2026-10-05T06:42:36Z INFO [257/750] 3a647908-83fe-4358-9893-14c506a16303: Sackin index -0.0728; 1.2 s; peak memory 1100 MiB.
2026-10-05T06:42:36Z INFO [258/750] 3a648364-d804-49e2-92de-c1cd42123cab: Sackin index -0.1349; 0.9 s; peak memory 1100 MiB.
2026-10-05T06:42:37Z INFO [259/750] 3a652625-1c9f-4045-9db0-7749a391d102: Sackin index -0.1349; 0.9 s; peak memory 1100 MiB.
2026-10-05T06:42:38Z INFO [260/750] 3a65a890-f69e-449b-8494-7193876c4350: Sackin index -0.1349; 0.9 s; peak memory 1100 MiB.
2026-10-05T06:42:39Z INFO [261/750] 3a661122-6fba-4ab3-8f03-69294c4b50a6: Sackin index -0.1658; 0.5 s; peak memory 1100 MiB.
2026-10-05T06:42:40Z INFO [262/750] 3a665e2f-2575-4896-9866-c59716f7827b: Sackin index -0.1349; 0.9 s; peak memory 1100 MiB.
2026-10-05T06:42:41Z INFO [263/750] 3a66c169-f7f5-4b57-b992-0eaf3eb53baa: Sackin index -0.1349; 0.9 s; peak memory 1100 MiB.
2026-10-05T06:42:42Z INFO [264/750] 3a6806ff-927a-4729-821f-815e0098c62c: Sackin index -0.0375; 1.5 s; peak memory 1100 MiB.
2026-10-05T06:42:43Z INFO [265/750] 3a682497-dfa1-4aad-8870-955ab9aa8c67: Sackin index -0.1269; 1.3 s; peak memory 1100 MiB.
2026-10-05T06:42:45Z INFO [266/750] 3a68c7f8-b1c9-4fe7-b0ab-8b5ac7d9a0fc: Sackin index -0.0728; 1.7 s; peak memory 1100 MiB.
2026-10-05T06:42:46Z INFO [267/750] 3a68e651-f05b-4caa-9369-a4c972443409: Sackin index -0.0702; 1.1 s; peak memory 1100 MiB.
2026-10-05T06:42:47Z INFO [268/750] 3a6a4ebe-8def-481d-b7e7-ccad338e707c: Sackin index -0.0673; 0.8 s; peak memory 1100 MiB.
2026-10-05T06:42:49Z INFO [269/750] 3a6afe54-c284-49cd-8148-f22542e69c9a: Sackin index -0.0173; 2.0 s; peak memory 1100 MiB.
2026-10-05T06:42:50Z INFO [270/750] 3a6bbab8-9cd0-4d54-9ffb-005f2448675d: Sackin index -0.0715; 0.9 s; peak memory 1100 MiB.
2026-10-05T06:42:52Z INFO [271/750] 3a6c03ea-d842-4e78-9e25-eb5d45af29a5: Sackin index -0.0699; 2.0 s; peak memory 1100 MiB.
2026-10-05T06:42:52Z INFO [272/750] 3a6c2240-3369-4281-b49b-909531f965fd: Sackin index -0.1658; 0.6 s; peak memory 1100 MiB.
2026-10-05T06:42:53Z INFO [273/750] 3a6db7a8-a767-44c6-b3b9-867e15f959ee: Sackin index -0.1397; 0.7 s; peak memory 1100 MiB.
2026-10-05T06:42:59Z INFO [274/750] 3a6dba18-c2cc-4783-989b-90294801bb45: Sackin index -0.0321; 5.5 s; peak memory 1100 MiB.
2026-10-05T06:42:59Z INFO [275/750] 3a6e3804-40d2-493a-812d-63bef2203bf0: Sackin index -0.1349; 0.8 s; peak memory 1100 MiB.
2026-10-05T06:43:08Z INFO [276/750] 3a6ee184-1b67-4eb7-8942-1b98516e4d50: Sackin index -0.0030; 8.9 s; peak memory 1100 MiB.
2026-10-05T06:43:12Z INFO [277/750] 3a6eec0b-b14b-469e-88ed-3f2c9096f4a7: Sackin index -0.0403; 3.8 s; peak memory 1100 MiB.
2026-10-05T06:43:16Z INFO [278/750] 3a6f72e8-133e-4da6-aff0-e17462567988: Sackin index -0.0251; 3.7 s; peak memory 1100 MiB.
2026-10-05T06:43:25Z INFO [279/750] 3a714c48-8b82-42d1-9fdc-bd46a5f30fd5: Sackin index -0.0161; 9.4 s; peak memory 1100 MiB.
2026-10-05T06:43:26Z INFO [280/750] 3a7190b6-7119-40a2-8851-6168a13fef8e: Sackin index -0.1349; 0.9 s; peak memory 1100 MiB.
2026-10-05T06:43:27Z INFO [281/750] 3a722114-9d98-4bf6-b12b-904fe7ac0935: Sackin index -0.0702; 1.2 s; peak memory 1100 MiB.
2026-10-05T06:43:28Z INFO [282/750] 3a72732c-07c2-499a-aaa3-9c5f044adc60: Sackin index -0.0702; 1.0 s; peak memory 1100 MiB.
2026-10-05T06:43:30Z INFO [283/750] 3a72bbeb-4ad1-4496-bfb1-9807e0e255a8: Sackin index -0.1194; 1.4 s; peak memory 1100 MiB.
2026-10-05T06:43:31Z INFO [284/750] 3a7422e0-c658-42cb-bec3-a2daa92e9e79: Sackin index -0.0379; 1.3 s; peak memory 1100 MiB.
2026-10-05T06:43:35Z INFO [285/750] 3a75ab97-6ffd-47a7-a5a3-8729f5c2161d: Sackin index -0.0252; 4.0 s; peak memory 1100 MiB.
2026-10-05T06:43:36Z INFO [286/750] 3a773bde-3011-458c-8434-f896e9fa7009: Sackin index -0.1331; 0.9 s; peak memory 1100 MiB.
2026-10-05T06:43:37Z INFO [287/750] 3a77f4b0-b98b-4fb2-833f-28baf5b696d2: Sackin index -0.1349; 1.0 s; peak memory 1100 MiB.
2026-10-05T06:43:40Z INFO [288/750] 3a786b12-a62c-4525-b459-a3dcd9c52ba2: Sackin index -0.0247; 3.0 s; peak memory 1100 MiB.
2026-10-05T06:43:41Z INFO [289/750] 3a787177-4d02-4b82-8f5f-b2c7ffc2bba8: Sackin index -0.2000; 0.7 s; peak memory 1100 MiB.
2026-10-05T06:43:42Z INFO [290/750] 3a789473-078a-4c15-912f-0756a76d8505: Sackin index -0.0702; 1.1 s; peak memory 1100 MiB.
2026-10-05T06:43:44Z INFO [291/750] 3a798f09-76b1-44af-8e7b-ca339ae8be40: Sackin index -0.0660; 2.4 s; peak memory 1100 MiB.
2026-10-05T06:43:46Z INFO [292/750] 3a799800-e9d4-4ba6-b124-83cb1dc4f31b: Sackin index -0.0728; 1.2 s; peak memory 1100 MiB.
2026-10-05T06:43:47Z INFO [293/750] 3a79b76d-eb6c-48cd-b712-5691005be372: Sackin index -0.0745; 1.1 s; peak memory 1100 MiB.
2026-10-05T06:43:48Z INFO [294/750] 3a7a2461-77ab-485d-a8ee-7178f6b42933: Sackin index -0.1349; 0.9 s; peak memory 1100 MiB.
2026-10-05T06:47:23Z INFO [295/750] 3a7ac883-7343-4b97-b3b3-30cf5d32d6e1: Sackin index -0.0451; 215.5 s; peak memory 1100 MiB.
2026-10-05T06:47:24Z INFO [296/750] 3a7aed86-09f5-48c8-844d-dfca74e94ec8: Sackin index -0.0702; 1.0 s; peak memory 1100 MiB.
2026-10-05T06:47:25Z INFO [297/750] 3a7b489e-92fa-4765-a47e-11922eee8538: Sackin index -0.1349; 0.9 s; peak memory 1100 MiB.
2026-10-05T06:47:26Z INFO [298/750] 3a7bc97d-ebf8-4436-8f1e-35f5b00466bc: Sackin index -0.1191; 0.6 s; peak memory 1100 MiB.
2026-10-05T06:47:28Z INFO [299/750] 3a7dd24f-00ba-4ed4-8304-8f2b2759c447: Sackin index -0.0693; 2.2 s; peak memory 1100 MiB.
2026-10-05T06:47:29Z INFO [300/750] 3a7dd3ff-a5c1-42aa-bce7-44af77ead061: Sackin index -0.0991; 1.0 s; peak memory 1100 MiB.
2026-10-05T06:47:29Z INFO [300/750] 3a7dd3ff-a5c1-42aa-bce7-44af77ead061: checkpointed 75136 records.
2026-10-05T06:47:38Z INFO [301/750] 3a7fd131-763d-4b1d-825a-2fb134253cee: Sackin index -0.0156; 8.6 s; peak memory 1100 MiB.
2026-10-05T06:47:40Z INFO [302/750] 3a80e0b4-94b5-4a4d-95d7-fe48177dd480: Sackin index -0.0693; 2.3 s; peak memory 1100 MiB.
2026-10-05T06:47:41Z INFO [303/750] 3a829dec-6e5a-46fd-a918-fae6dc586f93: Sackin index -0.0728; 1.2 s; peak memory 1100 MiB.
2026-10-05T06:48:11Z INFO [304/750] 3a82a919-68b4-4584-95c0-a06520b4664a: Sackin index -0.0049; 29.7 s; peak memory 1100 MiB.
2026-10-05T06:48:12Z INFO [305/750] 3a82c49d-0b15-45cb-ba3e-5a5cebb20d38: Sackin index -0.1349; 1.0 s; peak memory 1100 MiB.
2026-10-05T06:48:29Z INFO [306/750] 3a8307b6-5b2b-4cde-8222-613d21976271: Sackin index -0.0239; 16.8 s; peak memory 1100 MiB.
2026-10-05T06:50:18Z INFO [307/750] 3a83145d-3858-43ff-a5b7-07728024d17c: Sackin index -0.0286; 109.6 s; peak memory 1100 MiB.
2026-10-05T06:50:24Z INFO [308/750] 3a831d4c-9154-406b-a3dc-061fc2b2797a: Sackin index -0.0449; 5.7 s; peak memory 1100 MiB.
2026-10-05T06:50:25Z INFO [309/750] 3a8343a3-dfcf-490d-97c7-d2caff66ed57: Sackin index -0.1658; 0.8 s; peak memory 1100 MiB.
2026-10-05T06:50:26Z INFO [310/750] 3a835bf3-ddc9-4abf-bb86-df21b93eea98: Sackin index -0.1248; 1.0 s; peak memory 1100 MiB.
2026-10-05T06:50:27Z INFO [311/750] 3a864c8c-35f4-4118-b7b1-ea2ac3da81df: Sackin index -0.0702; 1.1 s; peak memory 1100 MiB.
2026-10-05T06:50:28Z INFO [312/750] 3a86631b-eaf8-41e7-a219-7e360b063316: Sackin index -0.1178; 0.8 s; peak memory 1100 MiB.
2026-10-05T06:50:29Z INFO [313/750] 3a867055-993b-44d6-9128-7977deaad8b7: Sackin index -0.0369; 1.2 s; peak memory 1100 MiB.
2026-10-05T06:50:30Z INFO [314/750] 3a86a541-6a6b-4b03-bfd3-868ac5a02b49: Sackin index -0.1349; 0.9 s; peak memory 1100 MiB.
2026-10-05T06:50:31Z INFO [315/750] 3a8701e6-4c55-48e0-be8d-e88dbf824659: Sackin index -0.0696; 1.0 s; peak memory 1100 MiB.
2026-10-05T06:50:32Z INFO [316/750] 3a882d69-4e2b-4e90-a154-fb8f59f2ee68: Sackin index -0.1349; 1.0 s; peak memory 1100 MiB.
2026-10-05T06:50:37Z INFO [317/750] 3a883a9b-a341-4b86-b306-ed8cbe6aa95d: Sackin index -0.0251; 4.8 s; peak memory 1100 MiB.
2026-10-05T06:50:37Z INFO [318/750] 3a8880ed-bec2-4e59-9181-735a0c1344e4: Sackin index -0.1658; 0.8 s; peak memory 1100 MiB.
2026-10-05T06:50:40Z INFO [319/750] 3a88d825-8cc0-483d-97df-a8747495edc7: Sackin index -0.0693; 2.4 s; peak memory 1100 MiB.
2026-10-05T06:50:41Z INFO [320/750] 3a88ff1b-ec42-4e8f-9824-64c13400f50f: Sackin index -0.1248; 0.9 s; peak memory 1100 MiB.
2026-10-05T06:50:42Z INFO [321/750] 3a89e09e-e1a8-41a9-931a-9c3bf76b81fc: Sackin index -0.0388; 1.0 s; peak memory 1100 MiB.
2026-10-05T06:50:43Z INFO [322/750] 3a8a1c25-55cd-4305-90d9-46cef0b19893: Sackin index -0.0702; 1.2 s; peak memory 1100 MiB.
2026-10-05T06:50:44Z INFO [323/750] 3a8a2434-c6bb-43fb-8ac2-19094722b9d2: Sackin index -0.0709; 0.9 s; peak memory 1100 MiB.
2026-10-05T06:50:45Z INFO [324/750] 3a8a89c8-46ef-4ec0-ba8e-bcf5cf81fd1d: Sackin index -0.0390; 0.9 s; peak memory 1100 MiB.
2026-10-05T06:50:46Z INFO [325/750] 3a8ac81d-931f-4290-9da1-92e41095ac0d: Sackin index -0.0681; 1.7 s; peak memory 1100 MiB.
2026-10-05T06:50:48Z INFO [326/750] 3a8acc8b-e31e-4627-84e4-fc10a7f3015a: Sackin index -0.0276; 1.3 s; peak memory 1100 MiB.
2026-10-05T06:50:49Z INFO [327/750] 3a8ba7c2-4032-4d24-a8e9-26a85525eef7: Sackin index -0.0728; 1.2 s; peak memory 1100 MiB.
2026-10-05T06:50:50Z INFO [328/750] 3a8bd1fe-7689-42f0-9fce-bc23f94ee44f: Sackin index -0.0702; 1.0 s; peak memory 1100 MiB.
2026-10-05T06:51:10Z INFO [329/750] 3a8c1664-96c0-46d6-99f0-3ef047c74a76: Sackin index -0.1367; 20.1 s; peak memory 1100 MiB.
2026-10-05T06:51:11Z INFO [330/750] 3a8cc3ba-f9a1-45d9-b330-5e74256826be: Sackin index -0.1938; 0.8 s; peak memory 1100 MiB.
2026-10-05T06:51:12Z INFO [331/750] 3a8cdf71-6797-4086-96ad-6e6b97a22d21: Sackin index -0.0702; 1.0 s; peak memory 1100 MiB.
2026-10-05T06:51:14Z INFO [332/750] 3a8d053b-4c2d-42f9-b486-9b244739690e: Sackin index -0.0660; 2.4 s; peak memory 1100 MiB.
2026-10-05T06:51:15Z INFO [333/750] 3a8d7e12-5e03-4d80-9994-3fd77fce2b07: Sackin index -0.1349; 0.9 s; peak memory 1100 MiB.
2026-10-05T06:51:21Z INFO [334/750] 3a8df72f-cdf5-4de1-826f-19f8f3fdd4f3: Sackin index -0.0189; 5.5 s; peak memory 1100 MiB.
2026-10-05T06:51:27Z INFO [335/750] 3a8e1084-1c9a-449b-a753-6098d26bdcd5: Sackin index -0.0148; 6.6 s; peak memory 1100 MiB.
2026-10-05T06:51:38Z INFO [336/750] 3a8e1cb3-c280-405d-a5f8-39d7812cc899: Sackin index -0.1284; 10.9 s; peak memory 1100 MiB.
2026-10-05T06:51:39Z INFO [337/750] 3a8e644b-568b-4d31-a54a-e29031112f0f: Sackin index -0.1068; 1.0 s; peak memory 1100 MiB.
2026-10-05T06:51:40Z INFO [338/750] 3a8eb518-0756-4c63-b3e6-31e6a79365e4: Sackin index -0.0728; 1.2 s; peak memory 1100 MiB.
2026-10-05T06:51:42Z INFO [339/750] 3a8fd076-8453-44d3-a7b8-d1c4eb0035a7: Sackin index -0.0752; 1.4 s; peak memory 1100 MiB.
2026-10-05T06:51:43Z INFO [340/750] 3a901bc5-a142-4817-8cc1-bd5a3f17f22e: Sackin index -0.1349; 1.0 s; peak memory 1100 MiB.
2026-10-05T06:51:43Z INFO [341/750] 3a903b09-4e9f-419e-8860-c084b8a16f49: Sackin index -0.1120; 0.7 s; peak memory 1100 MiB.
2026-10-05T06:51:56Z INFO [342/750] 3a905188-85c9-4701-a199-ec8719fe6474: Sackin index -0.0136; 12.3 s; peak memory 1100 MiB.
2026-10-05T06:52:04Z INFO [343/750] 3a90bbec-bfe0-40a9-af5e-962a78ed62cd: Sackin index -0.0165; 8.2 s; peak memory 1100 MiB.
2026-10-05T06:52:05Z INFO [344/750] 3a90f75e-6c0d-40a4-8e75-393ba3e5fa86: Sackin index -0.0728; 1.1 s; peak memory 1100 MiB.
2026-10-05T06:52:06Z INFO [345/750] 3a912fca-9f24-4f96-a59f-bd67beaa91c5: Sackin index -0.1349; 1.0 s; peak memory 1100 MiB.
2026-10-05T06:52:07Z INFO [346/750] 3a917938-8d8d-495a-a7b3-17a2bc93347c: Sackin index -0.0702; 1.0 s; peak memory 1100 MiB.
2026-10-05T06:52:08Z INFO [347/750] 3a9454f6-eee3-492c-87ef-e0db3789b3c3: Sackin index -0.0746; 1.3 s; peak memory 1100 MiB.
2026-10-05T06:52:10Z INFO [348/750] 3a9568e5-c75f-40b9-8b3a-887e6e0a3cb7: Sackin index -0.1233; 1.3 s; peak memory 1100 MiB.
2026-10-05T06:52:11Z INFO [349/750] 3a957273-d2d5-4912-a8ef-ab178edbecc8: Sackin index -0.0728; 1.2 s; peak memory 1100 MiB.
2026-10-05T06:56:27Z INFO [350/750] 3a95bbe9-455c-4861-a955-0c50588dce12: Sackin index -0.0409; 256.5 s; peak memory 1100 MiB.
2026-10-05T06:56:27Z INFO [350/750] 3a95bbe9-455c-4861-a955-0c50588dce12: checkpointed 75186 records.
2026-10-05T06:56:28Z INFO [351/750] 3a963862-51b0-4e43-abac-218a871738f5: Sackin index -0.1349; 0.9 s; peak memory 1100 MiB.
2026-10-05T06:56:52Z INFO [352/750] 3a964c99-4498-48ee-b3d6-9f6f886ace4a: Sackin index -0.1287; 24.1 s; peak memory 1100 MiB.
2026-10-05T06:56:54Z INFO [353/750] 3a96b1e2-89de-4462-81e0-5831b640cd30: Sackin index -0.1293; 1.3 s; peak memory 1100 MiB.
2026-10-05T06:56:55Z INFO [354/750] 3a96ddaa-f7e9-485d-a587-0179b2079c4c: Sackin index -0.1248; 0.9 s; peak memory 1100 MiB.
2026-10-05T06:56:56Z INFO [355/750] 3a978dcc-4c92-4f84-b57e-90c5921f78ec: Sackin index -0.0728; 1.4 s; peak memory 1100 MiB.
2026-10-05T06:56:57Z INFO [356/750] 3a97f7bf-c391-48d9-b1f5-c77fc4c53a0e: Sackin index -0.0720; 0.7 s; peak memory 1100 MiB.
2026-10-05T06:56:58Z INFO [357/750] 3a983095-a46f-4e07-b6b6-c5da9a9a72c9: Sackin index -0.1349; 1.0 s; peak memory 1100 MiB.
2026-10-05T06:56:59Z INFO [358/750] 3a991eb0-181f-49e1-8507-2218e96da70f: Sackin index -0.0457; 1.2 s; peak memory 1100 MiB.
2026-10-05T06:57:00Z INFO [359/750] 3a9962d3-078d-4051-a5ff-655a10012486: Sackin index -0.0728; 1.4 s; peak memory 1100 MiB.
2026-10-05T06:57:02Z INFO [360/750] 3a99dd98-94af-4589-8254-13f9c28dcdcc: Sackin index -0.0694; 2.0 s; peak memory 1100 MiB.
2026-10-05T06:57:03Z INFO [361/750] 3a9a76f5-ce2d-4ec3-b063-5633b025049b: Sackin index -0.0825; 1.0 s; peak memory 1100 MiB.
2026-10-05T06:57:05Z INFO [362/750] 3a9b9b52-59fd-452d-829c-7a9f115ae237: Sackin index -0.0272; 2.1 s; peak memory 1100 MiB.
2026-10-05T06:57:12Z INFO [363/750] 3a9bdc61-7902-4869-8fe7-d71fab7c9bd2: Sackin index -0.0225; 6.4 s; peak memory 1100 MiB.
2026-10-05T06:57:13Z INFO [364/750] 3a9bfb14-df2b-41e1-a881-0e0b903177b3: Sackin index -0.1362; 1.3 s; peak memory 1100 MiB.
2026-10-05T06:57:14Z INFO [365/750] 3a9c115f-a584-4a53-872d-9872ab3d1601: Sackin index -0.1096; 1.1 s; peak memory 1100 MiB.
2026-10-05T06:57:26Z INFO [366/750] 3a9fc253-465c-40e1-833c-b4bd60de28b6: Sackin index -0.0035; 11.5 s; peak memory 1100 MiB.
2026-10-05T06:57:27Z INFO [367/750] 3a9fd95b-4020-4491-bde4-e9fbb61b41e2: Sackin index -0.0702; 1.0 s; peak memory 1100 MiB.
2026-10-05T06:57:27Z INFO [368/750] 3aa0fe9e-b14f-4f89-83e8-b90daa0a718e: Sackin index -0.1658; 0.6 s; peak memory 1100 MiB.
2026-10-05T06:57:28Z INFO [369/750] 3aa16375-118c-45db-985d-c838b0ce18e7: Sackin index -0.1349; 0.8 s; peak memory 1100 MiB.
2026-10-05T06:57:29Z INFO [370/750] 3aa1af97-3fdf-4a8a-b5c0-cb39fb9e0037: Sackin index -0.0569; 1.1 s; peak memory 1100 MiB.
2026-10-05T06:57:30Z INFO [371/750] 3aa26cc8-130e-404c-84a0-26905a014657: Sackin index -0.0384; 0.9 s; peak memory 1100 MiB.
2026-10-05T06:57:31Z INFO [372/750] 3aa2946d-3623-462c-ad66-31fad34bbfa4: Sackin index -0.0379; 1.1 s; peak memory 1100 MiB.
2026-10-05T06:57:32Z INFO [373/750] 3aa2eaea-f640-44c7-a31c-926dbe601f36: Sackin index -0.1731; 0.7 s; peak memory 1100 MiB.
2026-10-05T06:57:33Z INFO [374/750] 3aa35148-225e-47c3-aa62-cb3c1e8408a3: Sackin index -0.1349; 1.0 s; peak memory 1100 MiB.
2026-10-05T06:57:37Z INFO [375/750] 3aa36c0c-d432-436d-971e-67d4cbbc335a: Sackin index -0.0233; 4.6 s; peak memory 1100 MiB.
2026-10-05T06:57:38Z INFO [376/750] 3aa50c39-7919-430d-9d75-4e3e3b69d113: Sackin index -0.1349; 0.9 s; peak memory 1100 MiB.
2026-10-05T06:57:44Z INFO [377/750] 3aa68cae-93dd-41b6-bdd4-ea159eb49c5c: Sackin index -0.0153; 6.2 s; peak memory 1100 MiB.
2026-10-05T06:57:51Z INFO [378/750] 3aa710a5-5673-47d0-8c2e-b61c37870fe7: Sackin index -0.0308; 6.8 s; peak memory 1100 MiB.
2026-10-05T06:57:52Z INFO [379/750] 3aa7b38d-ebf7-4c35-b39c-0f6e0482a1f3: Sackin index -0.1239; 0.9 s; peak memory 1100 MiB.
2026-10-05T06:58:13Z INFO [380/750] 3aa80911-64ea-436c-b13c-6595e15c41ea: Sackin index -0.0021; 21.2 s; peak memory 1100 MiB.
2026-10-05T06:58:16Z INFO [381/750] 3aa85e4b-6b97-4a50-82a4-84dad9276641: Sackin index -0.0695; 2.9 s; peak memory 1100 MiB.
2026-10-05T06:58:17Z INFO [382/750] 3aa8eeac-b253-4754-a814-3318d6a5c353: Sackin index -0.1349; 0.9 s; peak memory 1100 MiB.
2026-10-05T06:58:18Z INFO [383/750] 3aa99965-e6a0-4fb4-939b-49d1dfe0223c: Sackin index -0.1349; 0.9 s; peak memory 1100 MiB.
2026-10-05T06:58:19Z INFO [384/750] 3aa9d566-aea6-4427-8cfc-db708717adfc: Sackin index -0.0709; 1.2 s; peak memory 1100 MiB.
2026-10-05T06:58:20Z INFO [385/750] 3aa9e0d4-4e81-4989-aee9-7359f4b67a71: Sackin index -0.0696; 1.0 s; peak memory 1100 MiB.
2026-10-05T06:58:21Z INFO [386/750] 3aaa234b-096d-4800-a531-d2aa98c9f994: Sackin index -0.1349; 0.9 s; peak memory 1100 MiB.
2026-10-05T06:58:22Z INFO [387/750] 3aaa4fe7-612a-4660-97c0-883c7dffc8c7: Sackin index -0.1349; 1.0 s; peak memory 1100 MiB.
2026-10-05T06:58:23Z INFO [388/750] 3aaa50f8-caf6-489a-9d25-bbf95bcbe24b: Sackin index -0.0434; 1.1 s; peak memory 1100 MiB.
2026-10-05T06:58:24Z INFO [389/750] 3aab1920-f13d-4823-a4d2-8230a32d3907: Sackin index -0.1658; 0.8 s; peak memory 1100 MiB.
2026-10-05T06:58:25Z INFO [390/750] 3aab2559-1cc0-47bb-8032-53f2785c1dfe: Sackin index -0.0667; 1.1 s; peak memory 1100 MiB.
2026-10-05T06:58:26Z INFO [391/750] 3aac8be8-51f5-41fb-ac6c-18360aa67e5d: Sackin index -0.0728; 1.3 s; peak memory 1100 MiB.
2026-10-05T06:58:27Z INFO [392/750] 3aacfc35-b60d-4563-ba9f-5ab9d2811626: Sackin index -0.0375; 1.1 s; peak memory 1100 MiB.
2026-10-05T06:58:35Z INFO [393/750] 3aad324c-2085-4beb-b428-b35cefec5b30: Sackin index -0.0211; 7.9 s; peak memory 1100 MiB.
2026-10-05T06:58:36Z INFO [394/750] 3aad500d-ffd2-4009-bd9c-e31f75aa8928: Sackin index -0.0696; 1.2 s; peak memory 1100 MiB.
2026-10-05T06:58:38Z INFO [395/750] 3aadb316-d5c4-4c23-a585-b202186567db: Sackin index -0.0728; 1.4 s; peak memory 1100 MiB.
2026-10-05T06:58:39Z INFO [396/750] 3aae94ba-23c3-4f4d-832e-186d8f900aaa: Sackin index -0.0413; 1.2 s; peak memory 1100 MiB.
2026-10-05T06:58:40Z INFO [397/750] 3aaeaee9-b707-4f71-a785-0230a6c99123: Sackin index -0.1349; 1.0 s; peak memory 1100 MiB.
2026-10-05T06:58:41Z INFO [398/750] 3aaf198a-373d-4700-ac57-f09e59df1533: Sackin index -0.0696; 1.1 s; peak memory 1100 MiB.
2026-10-05T06:58:43Z INFO [399/750] 3aaf2d38-3a5c-4d71-abf4-2d8f1177febf: Sackin index -0.0752; 1.8 s; peak memory 1100 MiB.
2026-10-05T06:58:44Z INFO [400/750] 3aaf4c2c-c414-43f9-a80e-fb70865be807: Sackin index -0.1461; 0.7 s; peak memory 1100 MiB.
2026-10-05T06:58:44Z INFO [400/750] 3aaf4c2c-c414-43f9-a80e-fb70865be807: checkpointed 75236 records.
2026-10-05T06:58:53Z INFO [401/750] 3aafb4ba-e1e8-4536-9a28-116b3fca2bc5: Sackin index -0.0147; 8.8 s; peak memory 1100 MiB.
2026-10-05T06:58:53Z INFO [402/750] 3ab08115-d368-4e2d-b98c-66b3a4dbe3c9: Sackin index -0.1461; 0.9 s; peak memory 1100 MiB.
2026-10-05T06:58:59Z INFO [403/750] 3ab18705-bd73-4636-bae1-19e2b825ad6a: Sackin index -0.0168; 5.7 s; peak memory 1100 MiB.
2026-10-05T06:59:01Z INFO [404/750] 3ab1b16c-4f1b-46f2-bd2b-6bab8fe21b75: Sackin index -0.0728; 1.3 s; peak memory 1100 MiB.
2026-10-05T06:59:02Z INFO [405/750] 3ab1e338-bfb3-42d5-98a2-39ad2a20c7c0: Sackin index -0.1013; 1.4 s; peak memory 1100 MiB.
2026-10-05T06:59:02Z INFO [406/750] 3ab26a95-1e0b-464e-a6d7-a34ccfcb75d6: Sackin index -0.1448; 0.6 s; peak memory 1100 MiB.
2026-10-05T06:59:05Z INFO [407/750] 3ab2f23e-872c-4e9c-8e9b-027018b7e35b: Sackin index -0.0660; 2.4 s; peak memory 1100 MiB.
2026-10-05T06:59:06Z INFO [408/750] 3ab45635-a0bb-4b20-a12e-c0e5143b46cf: Sackin index -0.1658; 0.8 s; peak memory 1100 MiB.
2026-10-05T06:59:07Z INFO [409/750] 3ab64024-891e-4876-8293-f9364f15d903: Sackin index -0.0696; 1.0 s; peak memory 1100 MiB.
2026-10-05T06:59:08Z INFO [410/750] 3ab737a0-1b6a-4a54-ad7f-b3178bcd5e9b: Sackin index -0.1349; 1.0 s; peak memory 1100 MiB.
2026-10-05T06:59:11Z INFO [411/750] 3ab79e79-3b18-494b-888c-6103d283c6ea: Sackin index -0.0282; 3.5 s; peak memory 1100 MiB.
2026-10-05T06:59:13Z INFO [412/750] 3ab82ede-c936-4fa9-adb8-b7eb9b399098: Sackin index -0.1224; 2.0 s; peak memory 1100 MiB.
2026-10-05T06:59:14Z INFO [413/750] 3ab85554-c4ca-4862-a1d4-179a9dbf9fb9: Sackin index -0.1602; 0.9 s; peak memory 1100 MiB.
2026-10-05T06:59:15Z INFO [414/750] 3ab86cac-e888-4013-8b52-2e1fe21abe50: Sackin index -0.0275; 1.2 s; peak memory 1100 MiB.
2026-10-05T06:59:16Z INFO [415/750] 3ab89af3-a6c1-4645-92b2-afd86b790194: Sackin index -0.1349; 0.8 s; peak memory 1100 MiB.
2026-10-05T06:59:18Z INFO [416/750] 3ab8b259-53f1-4275-b348-3728d972f236: Sackin index -0.0914; 2.2 s; peak memory 1100 MiB.
2026-10-05T06:59:20Z INFO [417/750] 3ab8dbb2-0227-4ab4-85fd-20b03b6c8799: Sackin index -0.1000; 1.4 s; peak memory 1100 MiB.
2026-10-05T06:59:27Z INFO [418/750] 3ab8f73d-7a81-4459-a77b-2d970a3c0823: Sackin index -0.0184; 6.8 s; peak memory 1100 MiB.
2026-10-05T06:59:27Z INFO [419/750] 3ab944f6-b466-4819-b7a3-ee49c0708ccd: Sackin index -0.1349; 0.9 s; peak memory 1100 MiB.
2026-10-05T06:59:29Z INFO [420/750] 3ab98a3c-a90a-46c3-b9ea-1e8526dc0637: Sackin index -0.0728; 1.3 s; peak memory 1100 MiB.
2026-10-05T06:59:30Z INFO [421/750] 3aba84e9-b2fc-4b27-8b80-5ccd693aa650: Sackin index -0.1349; 0.9 s; peak memory 1100 MiB.
2026-10-05T06:59:34Z INFO [422/750] 3abccbee-b618-4d3e-a582-4c6114d3c3fc: Sackin index -0.0247; 4.3 s; peak memory 1100 MiB.
2026-10-05T07:00:28Z INFO [423/750] 3abd4bfe-49be-45fa-991a-57d9b705e847: Sackin index -0.0024; 53.7 s; peak memory 1100 MiB.
2026-10-05T07:00:29Z INFO [424/750] 3abd4ea6-da9d-44c8-9e6c-cf9952feb9eb: Sackin index -0.1194; 1.3 s; peak memory 1100 MiB.
2026-10-05T07:00:30Z INFO [425/750] 3abd9611-cc1c-4e92-8a8b-ff39af840f20: Sackin index -0.1602; 0.9 s; peak memory 1100 MiB.
2026-10-05T07:00:31Z INFO [426/750] 3abdc5d1-a506-44ae-9282-30a628bd06c6: Sackin index -0.0728; 1.4 s; peak memory 1100 MiB.
2026-10-05T07:00:32Z INFO [427/750] 3abe5380-458f-42ed-833e-156c00087082: Sackin index -0.0696; 1.1 s; peak memory 1100 MiB.
2026-10-05T07:00:33Z INFO [428/750] 3abede41-28aa-47e7-9edf-59d0ebbe4eeb: Sackin index -0.1019; 1.3 s; peak memory 1100 MiB.
2026-10-05T07:00:35Z INFO [429/750] 3ac01e91-068a-4df6-a98d-af848afb1fbe: Sackin index -0.0709; 1.2 s; peak memory 1100 MiB.
2026-10-05T07:00:36Z INFO [430/750] 3ac04e8d-b427-4e79-aaf1-6ad59e934846: Sackin index -0.0369; 1.3 s; peak memory 1100 MiB.
2026-10-05T07:00:40Z INFO [431/750] 3ac0cb0f-bfe1-4094-ac8c-2c945394d244: Sackin index -0.0424; 3.7 s; peak memory 1100 MiB.
2026-10-05T07:00:42Z INFO [432/750] 3ac0ee92-035c-4ce6-9ead-36f68d83750e: Sackin index -0.0761; 2.3 s; peak memory 1100 MiB.
2026-10-05T07:00:43Z INFO [433/750] 3ac0f22d-bed0-412b-8e25-0d2b185bdf25: Sackin index -0.0702; 1.1 s; peak memory 1100 MiB.
2026-10-05T07:00:49Z INFO [434/750] 3ac11fbb-1560-4c8e-97b5-886235fa46f4: Sackin index -0.0257; 5.8 s; peak memory 1100 MiB.
2026-10-05T07:00:50Z INFO [435/750] 3ac240e2-7eb0-43c2-8315-4c5e8d7b1874: Sackin index -0.1349; 1.0 s; peak memory 1100 MiB.
2026-10-05T07:00:58Z INFO [436/750] 3ac29964-9148-4ecb-8262-b46989a77818: Sackin index -0.0156; 8.2 s; peak memory 1100 MiB.
2026-10-05T07:00:59Z INFO [437/750] 3ac31dbb-ac60-4b63-ae98-d8a95abebdc5: Sackin index -0.1602; 0.8 s; peak memory 1100 MiB.
2026-10-05T07:01:00Z INFO [438/750] 3ac54b99-f902-4920-a008-8953b76a2a24: Sackin index -0.1349; 0.9 s; peak memory 1100 MiB.
2026-10-05T07:01:01Z INFO [439/750] 3ac569bd-2637-4bbf-81c8-de83bc665a6b: Sackin index -0.0728; 1.3 s; peak memory 1100 MiB.
2026-10-05T07:01:02Z INFO [440/750] 3ac5c818-a074-40e9-9f8f-c8b7c1811eec: Sackin index -0.1239; 0.9 s; peak memory 1100 MiB.
2026-10-05T07:01:03Z INFO [441/750] 3ac6744b-9d41-41d6-99cd-77e9b26edfe7: Sackin index -0.0702; 1.0 s; peak memory 1100 MiB.
2026-10-05T07:01:04Z INFO [442/750] 3ac6a1b9-db08-4949-a923-aeeaf631c10c: Sackin index -0.1349; 0.9 s; peak memory 1100 MiB.
2026-10-05T07:01:12Z INFO [443/750] 3ac6a9db-52d9-413f-81db-0b9de7e729af: Sackin index -0.0316; 8.6 s; peak memory 1100 MiB.
2026-10-05T07:01:14Z INFO [444/750] 3ac6cb66-d636-492a-8459-fa26a8e2c937: Sackin index -0.0718; 2.2 s; peak memory 1100 MiB.
2026-10-05T07:01:15Z INFO [445/750] 3ac6d28b-2a88-411d-b90a-8394d04a6026: Sackin index -0.0702; 1.0 s; peak memory 1100 MiB.
2026-10-05T07:01:17Z INFO [446/750] 3ac74548-fdd2-49bd-abef-1ff65772c824: Sackin index -0.0728; 1.3 s; peak memory 1100 MiB.
2026-10-05T07:01:19Z INFO [447/750] 3ac750da-3b64-4f90-97d2-2b4b9c339612: Sackin index -0.0704; 2.4 s; peak memory 1100 MiB.
2026-10-05T07:01:29Z INFO [448/750] 3ac8df5b-4b59-43be-a377-e642a824a12c: Sackin index -0.0483; 9.8 s; peak memory 1100 MiB.
2026-10-05T07:02:11Z INFO [449/750] 3ac98a57-bb9c-42f3-8625-5d68a3d0f818: Sackin index -0.1076; 41.9 s; peak memory 1100 MiB.
2026-10-05T07:02:12Z INFO [450/750] 3ac9b8a7-6f41-4794-aafd-09443378d412: Sackin index -0.0956; 0.8 s; peak memory 1100 MiB.
2026-10-05T07:02:12Z INFO [450/750] 3ac9b8a7-6f41-4794-aafd-09443378d412: checkpointed 75286 records.
2026-10-05T07:02:13Z INFO [451/750] 3acb76c0-9548-4353-afc1-56cceee7758b: Sackin index -0.0991; 1.3 s; peak memory 1100 MiB.
2026-10-05T07:02:15Z INFO [452/750] 3acc0cf7-a82a-4ea5-b1e3-3be8fd2672b4: Sackin index -0.0802; 1.6 s; peak memory 1100 MiB.
2026-10-05T07:02:16Z INFO [453/750] 3acdbf5a-5133-4579-ae59-ed373087d8a8: Sackin index -0.0369; 1.2 s; peak memory 1100 MiB.
2026-10-05T07:02:17Z INFO [454/750] 3acdc5bf-4049-4996-8c57-78043f8bd906: Sackin index -0.1349; 0.9 s; peak memory 1100 MiB.
2026-10-05T07:02:18Z INFO [455/750] 3acdca6e-2a50-49ce-b109-5de49e5b0482: Sackin index -0.1349; 1.0 s; peak memory 1100 MiB.
2026-10-05T07:02:23Z INFO [456/750] 3acf838b-ee16-4499-a207-76148c2f7c69: Sackin index -0.0251; 4.7 s; peak memory 1100 MiB.
2026-10-05T07:02:23Z INFO [457/750] 3ad063b0-c016-4831-a48f-da636156bca1: Sackin index -0.1178; 0.7 s; peak memory 1100 MiB.
2026-10-05T07:02:25Z INFO [458/750] 3ad0e921-5d19-4076-a16b-94f801a28bd5: Sackin index -0.0375; 1.3 s; peak memory 1100 MiB.
2026-10-05T07:02:29Z INFO [459/750] 3ad10fce-4e9a-4899-ae93-eb81ff30e751: Sackin index -0.0403; 4.7 s; peak memory 1100 MiB.
2026-10-05T07:02:31Z INFO [460/750] 3ad138d3-0e08-4170-9748-d6891722e571: Sackin index -0.0369; 1.5 s; peak memory 1100 MiB.
2026-10-05T07:02:32Z INFO [461/750] 3ad18cc0-7955-4f89-b19b-3cb123c10e6d: Sackin index -0.1461; 0.8 s; peak memory 1100 MiB.
2026-10-05T07:02:33Z INFO [462/750] 3ad21297-857f-43bf-ae57-627227a79eb7: Sackin index -0.0702; 0.9 s; peak memory 1100 MiB.
2026-10-05T07:02:44Z INFO [463/750] 3ad22142-fa21-44b0-8c92-f4be63ed50cd: Sackin index -0.1495; 11.7 s; peak memory 1100 MiB.
2026-10-05T07:02:52Z INFO [464/750] 3ad2d4f1-4aaa-4730-bdac-e3e4932944cd: Sackin index -0.0207; 7.3 s; peak memory 1100 MiB.
2026-10-05T07:02:52Z INFO [465/750] 3ad3f62d-797c-4954-84fc-e5982cf47e90: Sackin index -0.1658; 0.7 s; peak memory 1100 MiB.
2026-10-05T07:02:53Z INFO [466/750] 3ad401e6-7609-45b6-8254-c81432d30efb: Sackin index -0.1248; 1.1 s; peak memory 1100 MiB.
2026-10-05T07:02:55Z INFO [467/750] 3ad4738a-a895-43c6-aeac-e0216a4651e2: Sackin index -0.0709; 1.3 s; peak memory 1100 MiB.
2026-10-05T07:02:56Z INFO [468/750] 3ad47514-88aa-4eca-a2ef-5277755c4635: Sackin index -0.1349; 0.8 s; peak memory 1100 MiB.
2026-10-05T07:03:01Z INFO [469/750] 3ad52080-b5f9-498b-8cbe-18ac7c0e1de1: Sackin index -0.0199; 5.3 s; peak memory 1100 MiB.
2026-10-05T07:03:02Z INFO [470/750] 3ad5d716-9a75-456a-b203-ac423c220322: Sackin index -0.1349; 1.0 s; peak memory 1100 MiB.
2026-10-05T07:03:13Z INFO [471/750] 3ad6d6a8-ed73-4480-a60c-95c0dd0e48f7: Sackin index -0.0135; 10.6 s; peak memory 1100 MiB.
2026-10-05T07:03:13Z INFO [472/750] 3ad78e81-c7c6-4385-b232-c4cdb854d816: Sackin index -0.1349; 0.8 s; peak memory 1100 MiB.
2026-10-05T07:03:14Z INFO [473/750] 3ad7f7ed-afa9-4b35-9ab6-d84d00c32aad: Sackin index -0.1741; 0.8 s; peak memory 1100 MiB.
2026-10-05T07:03:16Z INFO [474/750] 3ad8850f-95f6-4385-959d-f2124a666550: Sackin index -0.0693; 2.2 s; peak memory 1100 MiB.
2026-10-05T07:03:33Z INFO [475/750] 3ad88986-0001-4af4-ac99-9be4551c7966: Sackin index -0.0134; 16.6 s; peak memory 1100 MiB.
2026-10-05T07:03:34Z INFO [476/750] 3ad90d4d-4c39-4392-ae88-940bd21f9608: Sackin index -0.0369; 1.4 s; peak memory 1100 MiB.
2026-10-05T07:03:38Z INFO [477/750] 3adc10f5-0b08-402d-8f4d-11b2000719d4: Sackin index -0.0465; 3.3 s; peak memory 1100 MiB.
2026-10-05T07:03:39Z INFO [478/750] 3adc216f-2518-4463-9a76-e5a5d5adfb8e: Sackin index -0.1349; 1.0 s; peak memory 1100 MiB.
2026-10-05T07:03:41Z INFO [479/750] 3adc908b-e435-49bf-bd4c-5a270dab3853: Sackin index -0.0369; 1.8 s; peak memory 1100 MiB.
2026-10-05T07:03:41Z INFO [480/750] 3adf9c15-3c0e-4c6d-a680-5329e178ea58: Sackin index -0.1349; 0.9 s; peak memory 1100 MiB.
2026-10-05T07:03:44Z INFO [481/750] 3adfa0ee-6d94-4ae1-8cbe-141ef052d8db: Sackin index -0.0693; 2.1 s; peak memory 1100 MiB.
2026-10-05T07:03:44Z INFO [482/750] 3adff083-3567-41c0-adbd-5384abcdfe81: Sackin index -0.1349; 0.9 s; peak memory 1100 MiB.
2026-10-05T07:03:45Z INFO [483/750] 3ae0477b-715c-4326-8ad6-7f2a303ad43e: Sackin index -0.1938; 0.8 s; peak memory 1100 MiB.
2026-10-05T07:03:46Z INFO [484/750] 3ae0a5d3-bf4d-4e20-a6de-3f78ba6bd63b: Sackin index -0.1349; 0.8 s; peak memory 1100 MiB.
2026-10-05T07:03:47Z INFO [485/750] 3ae0b9a7-c4d2-4eb3-aa41-9cf9497fff65: Sackin index -0.1349; 0.9 s; peak memory 1100 MiB.
2026-10-05T07:03:52Z INFO [486/750] 3ae20d06-d853-45d4-9740-952eee3ebc2f: Sackin index -0.0261; 4.7 s; peak memory 1100 MiB.
2026-10-05T07:03:53Z INFO [487/750] 3ae2594a-8093-45a3-8638-a4365a3a8249: Sackin index -0.0702; 1.2 s; peak memory 1100 MiB.
2026-10-05T07:03:59Z INFO [488/750] 3ae2d8da-4fcb-45fc-9a7f-974bc292c5e9: Sackin index -0.0397; 6.6 s; peak memory 1100 MiB.
2026-10-05T07:04:01Z INFO [489/750] 3ae2eef0-ed01-402f-8819-2657f1bceec9: Sackin index -0.0728; 1.2 s; peak memory 1100 MiB.
2026-10-05T07:04:07Z INFO [490/750] 3ae31127-c568-4250-9705-93187602c5c8: Sackin index -0.0417; 6.2 s; peak memory 1100 MiB.
2026-10-05T07:04:08Z INFO [491/750] 3ae311b5-4b8f-4c8b-b85c-c8ca5e2f2d95: Sackin index -0.1273; 1.0 s; peak memory 1100 MiB.
2026-10-05T07:04:10Z INFO [492/750] 3ae335aa-439c-49bf-b3f1-6afd3afe4c7f: Sackin index -0.0660; 2.2 s; peak memory 1100 MiB.
2026-10-05T07:04:11Z INFO [493/750] 3ae3e4f9-05e5-4601-920a-0ccd79840ecb: Sackin index -0.0745; 1.2 s; peak memory 1100 MiB.
2026-10-05T07:04:14Z INFO [494/750] 3ae4cc17-835e-48d0-887f-77aca4921e50: Sackin index -0.0660; 2.2 s; peak memory 1100 MiB.
2026-10-05T07:04:14Z INFO [495/750] 3ae53bd4-3d28-48b9-a7a6-ca38c823aaa7: Sackin index -0.1349; 0.9 s; peak memory 1100 MiB.
2026-10-05T07:04:16Z INFO [496/750] 3ae54056-1bca-4133-bbb5-297379a6ef06: Sackin index -0.0709; 1.1 s; peak memory 1100 MiB.
2026-10-05T07:04:29Z INFO [497/750] 3ae544ff-c365-4dec-8ce3-ea3a284d2a85: Sackin index -0.0048; 13.7 s; peak memory 1100 MiB.
2026-10-05T07:04:47Z INFO [498/750] 3ae5dbe2-ba4d-427b-95b0-f88c5e7d48d1: Sackin index -0.1284; 17.4 s; peak memory 1100 MiB.
2026-10-05T07:04:48Z INFO [499/750] 3ae6167c-291d-4b52-a025-12e72395237d: Sackin index -0.0375; 1.1 s; peak memory 1100 MiB.
2026-10-05T07:04:49Z INFO [500/750] 3ae676b6-32ad-47c0-bb55-ba2417c9338b: Sackin index -0.0702; 1.1 s; peak memory 1100 MiB.
2026-10-05T07:04:49Z INFO [500/750] 3ae676b6-32ad-47c0-bb55-ba2417c9338b: checkpointed 75336 records.
2026-10-05T07:04:54Z INFO [501/750] 3ae71755-662d-46a4-824b-81eb11450e3e: Sackin index -0.1147; 5.0 s; peak memory 1100 MiB.
2026-10-05T07:04:55Z INFO [502/750] 3ae71bce-e9f2-4e11-81d0-741c926750f6: Sackin index -0.0276; 1.4 s; peak memory 1100 MiB.
2026-10-05T07:04:56Z INFO [503/750] 3ae74dd7-e94c-4373-b092-8ddc15ed1a37: Sackin index -0.1349; 1.0 s; peak memory 1100 MiB.
2026-10-05T07:04:58Z INFO [504/750] 3ae77639-7f08-457c-9c9a-06394ab2d35e: Sackin index -0.0272; 1.5 s; peak memory 1100 MiB.
2026-10-05T07:22:13Z INFO [505/750] 3ae79676-b3c6-4bef-85f8-7526d9a25b78: Sackin index -0.0667; 1034.7 s; peak memory 1215 MiB.
2026-10-05T07:22:14Z INFO [506/750] 3ae79d84-845b-4945-b711-ff3cc460ae20: Sackin index -0.0702; 1.1 s; peak memory 1215 MiB.
2026-10-05T07:22:25Z INFO [507/750] 3ae8a1bd-db72-4741-b0fe-dc926ba7b72d: Sackin index -0.0108; 11.6 s; peak memory 1215 MiB.
2026-10-05T07:22:28Z INFO [508/750] 3ae918a3-a569-4040-bb31-c67f1cb9dea7: Sackin index -0.0579; 2.4 s; peak memory 1215 MiB.
2026-10-05T07:22:29Z INFO [509/750] 3ae9c266-9e62-40c8-abcb-7e0734eeec1f: Sackin index -0.0881; 1.1 s; peak memory 1215 MiB.
2026-10-05T07:22:31Z INFO [510/750] 3ae9fef8-337e-4cfd-99a8-ae2bb4fdf7f3: Sackin index -0.0704; 2.2 s; peak memory 1215 MiB.
2026-10-05T07:22:32Z INFO [511/750] 3ae9ff79-ae59-4a70-83b5-f30cbfed7d0c: Sackin index -0.0702; 1.1 s; peak memory 1215 MiB.
2026-10-05T07:22:33Z INFO [512/750] 3aea1653-c670-4fbf-b3f9-704973554962: Sackin index -0.1602; 0.9 s; peak memory 1215 MiB.
2026-10-05T07:26:30Z INFO [513/750] 3aeb25d1-f898-4c64-b118-56b27bb67e54: Sackin index -0.0624; 236.5 s; peak memory 1215 MiB.
2026-10-05T07:26:31Z INFO [514/750] 3aeb4304-5341-4718-b426-06f5444df5aa: Sackin index -0.1349; 0.9 s; peak memory 1215 MiB.
2026-10-05T07:26:32Z INFO [515/750] 3aeb509e-9d85-4be7-a89a-b18c3f0acb72: Sackin index -0.1349; 1.0 s; peak memory 1215 MiB.
2026-10-05T07:26:33Z INFO [516/750] 3aeb6fff-93d1-4f0d-b37d-8ffbb85e18f0: Sackin index -0.0702; 1.1 s; peak memory 1215 MiB.
2026-10-05T07:26:34Z INFO [517/750] 3aeba165-378c-4f13-9a43-6fd6f148a97c: Sackin index -0.1349; 0.9 s; peak memory 1215 MiB.
2026-10-05T07:26:35Z INFO [518/750] 3aec8fb5-57fc-485b-b6a2-02706faf6cbe: Sackin index -0.0369; 1.8 s; peak memory 1215 MiB.
2026-10-05T07:26:37Z INFO [519/750] 3aed0ee4-9277-4427-9233-e8dcde508ac0: Sackin index -0.1273; 1.3 s; peak memory 1215 MiB.
2026-10-05T07:26:43Z INFO [520/750] 3aed3fa7-004e-4e21-a103-795b75750c0b: Sackin index -0.0234; 6.0 s; peak memory 1215 MiB.
2026-10-05T07:26:45Z INFO [521/750] 3aee47ff-ed26-4240-ba34-fb2aa2b300e4: Sackin index -0.0783; 1.9 s; peak memory 1215 MiB.
2026-10-05T07:26:46Z INFO [522/750] 3aef52f9-525e-4d8b-b659-8a22df6074cb: Sackin index -0.0676; 1.7 s; peak memory 1215 MiB.
2026-10-05T07:27:04Z INFO [523/750] 3aefd603-d499-492a-9f2b-87c38fd61ac7: Sackin index -0.1367; 18.1 s; peak memory 1215 MiB.
2026-10-05T07:27:06Z INFO [524/750] 3aefd7e2-2282-4253-b5ec-ad336b573c7e: Sackin index -0.0696; 1.1 s; peak memory 1215 MiB.
2026-10-05T07:27:06Z INFO [525/750] 3aefe073-d999-47e1-8442-745671b05e16: Sackin index -0.1349; 0.8 s; peak memory 1215 MiB.
2026-10-05T07:27:07Z INFO [526/750] 3af03910-5e92-44a8-b494-96da8b04a09f: Sackin index -0.0707; 0.8 s; peak memory 1215 MiB.
2026-10-05T07:27:08Z INFO [527/750] 3af105f8-c8cb-45d4-bb0f-729622523c6b: Sackin index -0.0702; 1.0 s; peak memory 1215 MiB.
2026-10-05T07:27:09Z INFO [528/750] 3af14250-26c6-4e53-a1a9-8b86d82e97a1: Sackin index -0.0728; 1.1 s; peak memory 1215 MiB.
2026-10-05T07:27:29Z INFO [529/750] 3af21975-e855-49da-8b12-a1c3a49f8162: Sackin index -0.1367; 19.7 s; peak memory 1215 MiB.
2026-10-05T07:27:36Z INFO [530/750] 3af28bfe-5c8d-4cb9-b118-8bd678a60d8a: Sackin index -0.0102; 7.4 s; peak memory 1215 MiB.
2026-10-05T07:27:37Z INFO [531/750] 3af29726-185d-46bf-91c3-66860176284d: Sackin index -0.0702; 1.1 s; peak memory 1215 MiB.
2026-10-05T07:27:39Z INFO [532/750] 3af2f373-3ede-4a5b-815d-b55608ac2453: Sackin index -0.0941; 1.6 s; peak memory 1215 MiB.
2026-10-05T07:27:57Z INFO [533/750] 3af3fda5-01e7-4c9e-90df-e27ec63ecfd4: Sackin index -0.1367; 18.3 s; peak memory 1215 MiB.
2026-10-05T07:27:59Z INFO [534/750] 3af48fbd-d9f9-47a4-9b3c-341ba4dac980: Sackin index -0.0728; 1.6 s; peak memory 1215 MiB.
2026-10-05T07:28:00Z INFO [535/750] 3af494c6-69cc-41de-aca5-b6458c07ee38: Sackin index -0.1349; 1.1 s; peak memory 1215 MiB.
2026-10-05T07:28:13Z INFO [536/750] 3af56ad3-32e7-4b23-89f4-5bb9328eff47: Sackin index -0.1462; 12.8 s; peak memory 1215 MiB.
2026-10-05T07:28:14Z INFO [537/750] 3af5a3c7-8352-4944-8b4e-c0e8adacd46a: Sackin index -0.0457; 1.2 s; peak memory 1215 MiB.
2026-10-05T07:28:15Z INFO [538/750] 3af5b185-36a7-4381-b017-4a3ae8b3b0c4: Sackin index -0.1194; 1.2 s; peak memory 1215 MiB.
2026-10-05T07:28:16Z INFO [539/750] 3af64d0a-db67-4ac6-97ae-f5a45f731a1d: Sackin index -0.0388; 1.0 s; peak memory 1215 MiB.
2026-10-05T07:28:19Z INFO [540/750] 3af6a4a5-e576-4fc4-9f0b-86f121c510b9: Sackin index -0.0660; 2.4 s; peak memory 1215 MiB.
2026-10-05T07:28:20Z INFO [541/750] 3af8a9c1-3c0f-4a69-82b4-64dacae2ea4e: Sackin index -0.1191; 1.1 s; peak memory 1215 MiB.
2026-10-05T07:28:20Z INFO [542/750] 3af9c91f-b978-470b-8df4-5bf662bd2621: Sackin index -0.1567; 0.7 s; peak memory 1215 MiB.
2026-10-05T07:28:21Z INFO [543/750] 3afa2144-9107-4686-8712-17378be335f6: Sackin index -0.0728; 1.0 s; peak memory 1215 MiB.
2026-10-05T07:28:22Z INFO [544/750] 3afaecae-78eb-407c-a47d-618f07cf27c7: Sackin index -0.1349; 1.0 s; peak memory 1215 MiB.
2026-10-05T07:28:23Z INFO [545/750] 3afb1c81-2950-4177-a43d-82df5560f132: Sackin index -0.1349; 0.8 s; peak memory 1215 MiB.
2026-10-05T07:28:25Z INFO [546/750] 3afc2064-bdcf-4b7b-943d-15c91c16c84f: Sackin index -0.1187; 1.7 s; peak memory 1215 MiB.
2026-10-05T07:28:26Z INFO [547/750] 3afc56ff-7e6f-4332-a532-b34ad589c223: Sackin index -0.1349; 1.0 s; peak memory 1215 MiB.
2026-10-05T07:28:27Z INFO [548/750] 3afc583f-e60c-48d3-a548-6c6578fe0d59: Sackin index -0.1248; 1.1 s; peak memory 1215 MiB.
2026-10-05T07:28:28Z INFO [549/750] 3afcac23-0aed-49b6-9cfa-b5bb5899d321: Sackin index -0.1239; 0.8 s; peak memory 1215 MiB.
2026-10-05T07:28:29Z INFO [550/750] 3afccf17-37e6-492d-a3ed-994537e42bd3: Sackin index -0.1408; 1.0 s; peak memory 1215 MiB.
2026-10-05T07:28:29Z INFO [550/750] 3afccf17-37e6-492d-a3ed-994537e42bd3: checkpointed 75386 records.
2026-10-05T07:28:34Z INFO [551/750] 3afcf84a-d925-43f8-9e23-b04d4ebe2669: Sackin index -0.0232; 4.6 s; peak memory 1215 MiB.
2026-10-05T07:28:40Z INFO [552/750] 3afe10c3-f578-47bc-8a70-0171b3179150: Sackin index -0.0232; 6.5 s; peak memory 1215 MiB.
2026-10-05T07:28:41Z INFO [553/750] 3afee14d-a939-4fb4-bab9-ae009325032b: Sackin index -0.0944; 1.1 s; peak memory 1215 MiB.
2026-10-05T07:28:43Z INFO [554/750] 3aff6aac-e1de-49c5-b7ee-c3e27379d0f6: Sackin index -0.0745; 1.4 s; peak memory 1215 MiB.
2026-10-05T07:28:44Z INFO [555/750] 3aff940f-8b50-4405-a88e-a37a4ee8d85a: Sackin index -0.0729; 1.5 s; peak memory 1215 MiB.
2026-10-05T07:28:45Z INFO [556/750] 3aff9645-ba82-4448-be31-fc88819bdd47: Sackin index -0.0956; 0.9 s; peak memory 1215 MiB.
2026-10-05T07:28:46Z INFO [557/750] 3affcebc-0418-436d-9ee8-6a9f09f8d083: Sackin index -0.2168; 0.7 s; peak memory 1215 MiB.
2026-10-05T07:29:03Z INFO [558/750] 3b0028f0-916e-4e75-b0e7-ebdc8ecd4092: Sackin index -0.1367; 17.8 s; peak memory 1215 MiB.
2026-10-05T07:29:04Z INFO [559/750] 3b00d8c5-b459-411c-9272-ada9d195b39b: Sackin index -0.1349; 0.9 s; peak memory 1215 MiB.
2026-10-05T07:29:14Z INFO [560/750] 3b012b37-7dfc-4e07-a67b-8086bbb1c238: Sackin index -0.0223; 9.3 s; peak memory 1215 MiB.
2026-10-05T07:29:16Z INFO [561/750] 3b0299af-cf53-4e9f-a7a1-863d2e8d30c6: Sackin index -0.0693; 2.2 s; peak memory 1215 MiB.
2026-10-05T07:29:21Z INFO [562/750] 3b02c560-c673-4e79-a6e0-b12dc4735c4e: Sackin index -0.0251; 4.9 s; peak memory 1215 MiB.
2026-10-05T07:29:22Z INFO [563/750] 3b031f93-ed99-4a2c-8f5f-38fc313a2f91: Sackin index -0.0896; 1.1 s; peak memory 1215 MiB.
2026-10-05T07:29:23Z INFO [564/750] 3b03964e-9259-4ef2-a427-2ce6ff3a32ec: Sackin index -0.1194; 1.3 s; peak memory 1215 MiB.
2026-10-05T07:29:24Z INFO [565/750] 3b044b61-9386-44a2-ae56-73b8c3f512a1: Sackin index -0.1349; 0.9 s; peak memory 1215 MiB.
2026-10-05T07:29:25Z INFO [566/750] 3b0718d2-3e09-4f68-89f8-b217a3d96ce2: Sackin index -0.0696; 1.1 s; peak memory 1215 MiB.
2026-10-05T07:29:26Z INFO [567/750] 3b079965-96fa-4073-a753-601da5ac4523: Sackin index -0.1201; 1.0 s; peak memory 1215 MiB.
2026-10-05T07:29:27Z INFO [568/750] 3b079fcb-6716-4b2d-90c6-0017cc0f41a0: Sackin index -0.0728; 1.2 s; peak memory 1215 MiB.
2026-10-05T07:29:29Z INFO [569/750] 3b07e4d2-bd41-4708-93a9-b3b3af4c5a08: Sackin index -0.0870; 2.0 s; peak memory 1215 MiB.
2026-10-05T07:29:31Z INFO [570/750] 3b08a616-9d67-4137-8700-08195092b78b: Sackin index -0.0696; 1.2 s; peak memory 1215 MiB.
2026-10-05T07:29:32Z INFO [571/750] 3b093fe6-7604-4b41-82fe-69ded581af98: Sackin index -0.0702; 1.0 s; peak memory 1215 MiB.
2026-10-05T07:29:39Z INFO [572/750] 3b0a1a91-0403-44b0-9983-fba2e5c94d13: Sackin index -0.0892; 7.3 s; peak memory 1215 MiB.
2026-10-05T07:29:40Z INFO [573/750] 3b0ac333-6cfd-449a-a18f-351e2975d330: Sackin index -0.1380; 1.4 s; peak memory 1215 MiB.
2026-10-05T07:29:50Z INFO [574/750] 3b0b5ae1-b60e-4802-9ed5-6e82a511d93f: Sackin index -0.0189; 9.4 s; peak memory 1215 MiB.
2026-10-05T07:29:51Z INFO [575/750] 3b0ba6f8-a2fb-4787-b7c1-157517767f8e: Sackin index -0.0376; 1.0 s; peak memory 1215 MiB.
2026-10-05T07:29:51Z INFO [576/750] 3b0bc98c-3ea8-4c39-abce-8d9ea1cea689: Sackin index -0.1349; 0.8 s; peak memory 1215 MiB.
2026-10-05T07:29:54Z INFO [577/750] 3b0cca14-4067-47c5-85ed-58d78a956aba: Sackin index -0.0842; 2.3 s; peak memory 1215 MiB.
2026-10-05T07:30:03Z INFO [578/750] 3b0ccd35-61c5-4bf0-a144-277570ed7b21: Sackin index -0.0141; 9.0 s; peak memory 1215 MiB.
2026-10-05T07:30:04Z INFO [579/750] 3b0cec85-e901-4ff0-967d-7408a1816734: Sackin index -0.0696; 1.0 s; peak memory 1215 MiB.
2026-10-05T07:30:05Z INFO [580/750] 3b0cff93-b9d4-492f-8e45-c3df75832665: Sackin index -0.0707; 1.0 s; peak memory 1215 MiB.
2026-10-05T07:30:06Z INFO [581/750] 3b0d0fe7-f20b-43ad-9480-41c848d82ca7: Sackin index -0.0702; 1.1 s; peak memory 1215 MiB.
2026-10-05T07:30:07Z INFO [582/750] 3b0d2c14-d545-4f8d-9d70-7fc7ec2cd4a3: Sackin index -0.1174; 1.2 s; peak memory 1215 MiB.
2026-10-05T07:30:18Z INFO [583/750] 3b0e3009-c318-4147-9f48-47aa1c4ffca9: Sackin index -0.0106; 11.0 s; peak memory 1215 MiB.
2026-10-05T07:30:20Z INFO [584/750] 3b0f3884-09b9-45dd-a8e1-9e47c9357391: Sackin index -0.0722; 1.5 s; peak memory 1215 MiB.
2026-10-05T07:30:22Z INFO [585/750] 3b0f993d-e82f-4e41-ac34-60d2f5eb5c0f: Sackin index -0.0693; 2.2 s; peak memory 1215 MiB.
2026-10-05T07:30:23Z INFO [586/750] 3b0fbf3d-0992-4db8-99d5-539c3f394a5f: Sackin index -0.1349; 0.9 s; peak memory 1215 MiB.
2026-10-05T07:30:27Z INFO [587/750] 3b1055b9-bbe3-40dc-90b4-fa3ad7fd4c10: Sackin index -0.0383; 4.2 s; peak memory 1215 MiB.
2026-10-05T07:30:28Z INFO [588/750] 3b111710-34e9-4799-9f43-4144b2667d66: Sackin index -0.0702; 1.2 s; peak memory 1215 MiB.
2026-10-05T07:30:29Z INFO [589/750] 3b11e3fb-17c0-4787-a911-30a212547618: Sackin index -0.1602; 1.1 s; peak memory 1215 MiB.
2026-10-05T07:30:36Z INFO [590/750] 3b1206a1-fd42-42c9-8c01-f675792eb662: Sackin index -0.0940; 6.3 s; peak memory 1215 MiB.
2026-10-05T07:30:36Z INFO [591/750] 3b1223b9-f621-414f-bedb-afc382e5fbe5: Sackin index -0.1191; 0.8 s; peak memory 1215 MiB.
2026-10-05T07:30:38Z INFO [592/750] 3b1264be-2f3d-479f-a4e0-6d85b903fd3b: Sackin index -0.0728; 1.1 s; peak memory 1215 MiB.
2026-10-05T07:30:40Z INFO [593/750] 3b1281a2-2211-459a-81f1-311f3ca9cab8: Sackin index -0.0699; 2.2 s; peak memory 1215 MiB.
2026-10-05T07:30:41Z INFO [594/750] 3b14b555-0218-4990-8a5e-5039d7221638: Sackin index -0.0369; 1.6 s; peak memory 1215 MiB.
2026-10-05T07:30:43Z INFO [595/750] 3b1595c2-649c-4997-896e-70722d36bdc4: Sackin index -0.0275; 1.4 s; peak memory 1215 MiB.
2026-10-05T07:30:44Z INFO [596/750] 3b15ad00-966f-4456-b75a-70752c2e53f3: Sackin index -0.0881; 0.9 s; peak memory 1215 MiB.
2026-10-05T07:30:45Z INFO [597/750] 3b15ef3f-5554-4f98-8bd7-9d0ccd0a676a: Sackin index -0.0376; 1.3 s; peak memory 1215 MiB.
2026-10-05T07:30:46Z INFO [598/750] 3b1685c1-eb06-4050-91e0-0ad294701cb8: Sackin index -0.1658; 0.9 s; peak memory 1215 MiB.
2026-10-05T07:30:58Z INFO [599/750] 3b16bcd1-409b-4989-bc28-8a871ce07351: Sackin index -0.0117; 12.4 s; peak memory 1215 MiB.
2026-10-05T07:33:10Z INFO [600/750] 3b171843-559d-466b-9478-c41076a25032: Sackin index -0.0573; 131.5 s; peak memory 1215 MiB.
2026-10-05T07:33:10Z INFO [600/750] 3b171843-559d-466b-9478-c41076a25032: checkpointed 75436 records.
2026-10-05T07:33:10Z INFO [601/750] 3b1790de-10ad-49ba-bff0-ba8bbbc8fdc9: Sackin index -0.1658; 0.7 s; peak memory 1215 MiB.
2026-10-05T07:33:12Z INFO [602/750] 3b17a672-d6a0-4682-8c9e-648e26f8e30a: Sackin index -0.0702; 1.1 s; peak memory 1215 MiB.
2026-10-05T07:33:12Z INFO [603/750] 3b17af53-0a9c-4649-8d97-0be1bf70d064: Sackin index -0.1349; 0.9 s; peak memory 1215 MiB.
2026-10-05T07:33:13Z INFO [604/750] 3b17eea7-2e9d-4c14-9d8e-c6aa85987f7b: Sackin index -0.0667; 0.9 s; peak memory 1215 MiB.
2026-10-05T07:33:15Z INFO [605/750] 3b1a3295-b0fe-426c-a761-cb4f6b52b053: Sackin index -0.0702; 1.2 s; peak memory 1215 MiB.
2026-10-05T07:33:16Z INFO [606/750] 3b1abf83-7fe3-4a2f-a600-73abbd9b7004: Sackin index -0.0728; 1.4 s; peak memory 1215 MiB.
2026-10-05T07:33:17Z INFO [607/750] 3b1ad80e-dadb-4539-8ec4-dfc2cdddf26f: Sackin index -0.1248; 0.9 s; peak memory 1215 MiB.
2026-10-05T07:33:18Z INFO [608/750] 3b1b0b1b-3966-436a-890d-8cfd2e7175eb: Sackin index -0.0728; 1.2 s; peak memory 1215 MiB.
2026-10-05T07:35:19Z INFO [609/750] 3b1b5350-ae09-4bd7-8d7e-d26d7b57256a: Sackin index -0.0450; 121.1 s; peak memory 1215 MiB.
2026-10-05T07:35:20Z INFO [610/750] 3b1bacf1-3ed0-4ccf-a97d-cbb14bc3e2b1: Sackin index -0.1349; 1.0 s; peak memory 1215 MiB.
2026-10-05T07:35:21Z INFO [611/750] 3b1c3c14-8878-4995-a9ac-68042c101a0e: Sackin index -0.0696; 1.1 s; peak memory 1215 MiB.
2026-10-05T07:35:22Z INFO [612/750] 3b1c3ebe-12ec-4aba-a07d-48b997169002: Sackin index -0.0728; 1.1 s; peak memory 1215 MiB.
2026-10-05T07:35:24Z INFO [613/750] 3b1c7c39-8417-4f3b-bcd0-e2890397dd82: Sackin index -0.1938; 1.9 s; peak memory 1215 MiB.
2026-10-05T07:35:28Z INFO [614/750] 3b1c9373-9240-4ce5-a6cf-c8276b9c0407: Sackin index -0.0416; 4.0 s; peak memory 1215 MiB.
2026-10-05T07:35:29Z INFO [615/750] 3b1d8fc8-5104-429d-94eb-06cc7da28c64: Sackin index -0.1356; 0.9 s; peak memory 1215 MiB.
2026-10-05T07:35:30Z INFO [616/750] 3b1ebfe6-dc89-4b00-8f7b-122ab34c9c0e: Sackin index -0.1349; 0.9 s; peak memory 1215 MiB.
2026-10-05T07:35:32Z INFO [617/750] 3b1f031c-cb09-4a08-882a-4ad1e5f014c6: Sackin index -0.0376; 1.3 s; peak memory 1215 MiB.
2026-10-05T07:35:32Z INFO [618/750] 3b1f8419-0843-4ae5-9aed-cbb3ed224ee3: Sackin index -0.1349; 0.9 s; peak memory 1215 MiB.
2026-10-05T07:35:33Z INFO [619/750] 3b1fa6f4-7f7c-402c-aed8-62e29f0a1e45: Sackin index -0.1658; 0.7 s; peak memory 1215 MiB.
2026-10-05T07:35:35Z INFO [620/750] 3b20026b-f65e-417b-baab-291a3a9cfdaa: Sackin index -0.1243; 1.7 s; peak memory 1215 MiB.
2026-10-05T07:35:36Z INFO [621/750] 3b20071f-b14e-40a2-9f45-14a773b892af: Sackin index -0.0696; 1.0 s; peak memory 1215 MiB.
2026-10-05T07:35:39Z INFO [622/750] 3b211095-8b36-4ff4-b2c7-bcf55d25d529: Sackin index -0.0392; 3.7 s; peak memory 1215 MiB.
2026-10-05T07:35:40Z INFO [623/750] 3b2146d4-8936-4f02-bb62-fa913154cb1d: Sackin index -0.1349; 0.9 s; peak memory 1215 MiB.
2026-10-05T07:35:41Z INFO [624/750] 3b220213-d356-433b-b3b8-6853af5258f7: Sackin index -0.0380; 1.1 s; peak memory 1215 MiB.
2026-10-05T07:35:42Z INFO [625/750] 3b231912-40ec-4a60-885a-9ceac5d44cf4: Sackin index -0.1361; 0.9 s; peak memory 1215 MiB.
2026-10-05T07:40:55Z INFO [626/750] 3b2332a8-80f9-43a2-83ac-9f81577972eb: Sackin index -0.0123; 312.7 s; peak memory 1215 MiB.
2026-10-05T07:40:56Z INFO [627/750] 3b23b1d9-9472-4896-a4b2-4cab83a0a5b7: Sackin index -0.0728; 1.1 s; peak memory 1215 MiB.
2026-10-05T07:40:58Z INFO [628/750] 3b23d6ba-78d2-4860-9646-68595cb9f286: Sackin index -0.0375; 1.5 s; peak memory 1215 MiB.
2026-10-05T07:40:59Z INFO [629/750] 3b244656-67ce-4ced-8db9-97b06c5c575e: Sackin index -0.0728; 1.2 s; peak memory 1215 MiB.
2026-10-05T07:41:00Z INFO [630/750] 3b248063-0b01-4a1f-afc7-2cd42944a7f0: Sackin index -0.1349; 1.0 s; peak memory 1215 MiB.
2026-10-05T07:41:01Z INFO [631/750] 3b24cd2a-1a2b-4abf-a964-768979902404: Sackin index -0.1210; 1.5 s; peak memory 1215 MiB.
2026-10-05T07:41:03Z INFO [632/750] 3b26d618-79df-48a0-a6f5-a8ec0e1ae41c: Sackin index -0.0728; 1.2 s; peak memory 1215 MiB.
2026-10-05T07:41:03Z INFO [633/750] 3b270301-707a-4e60-a43b-bdb8f973a5ca: Sackin index -0.1349; 0.8 s; peak memory 1215 MiB.
2026-10-05T07:41:05Z INFO [634/750] 3b271fc2-55d2-4341-b325-6d5b0aa35dce: Sackin index -0.0377; 1.3 s; peak memory 1215 MiB.
2026-10-05T07:41:06Z INFO [635/750] 3b275804-4fc1-4565-aade-10109cd62d68: Sackin index -0.1349; 0.9 s; peak memory 1215 MiB.
2026-10-05T07:41:10Z INFO [636/750] 3b276f25-8a88-4323-a58c-94241ab6cce2: Sackin index -0.0239; 4.5 s; peak memory 1215 MiB.
2026-10-05T07:41:11Z INFO [637/750] 3b28ea78-d0f2-4e27-8385-0d1df278a33b: Sackin index -0.1208; 0.7 s; peak memory 1215 MiB.
2026-10-05T07:41:12Z INFO [638/750] 3b290eab-6962-4526-80b4-b9b12edc6692: Sackin index -0.1484; 0.9 s; peak memory 1215 MiB.
2026-10-05T07:41:13Z INFO [639/750] 3b29c838-b6c0-4d97-8c36-3414b33e5d67: Sackin index -0.1349; 1.0 s; peak memory 1215 MiB.
2026-10-05T07:41:18Z INFO [640/750] 3b2b55e2-030b-4ed4-9bce-01967d6cd372: Sackin index -0.1599; 5.1 s; peak memory 1215 MiB.
2026-10-05T07:41:19Z INFO [641/750] 3b2c8657-c482-405c-875a-cfd6a4b54111: Sackin index -0.1263; 1.4 s; peak memory 1215 MiB.
2026-10-05T07:41:24Z INFO [642/750] 3b2d8c47-0009-4ed8-bf28-53f160898596: Sackin index -0.1562; 4.9 s; peak memory 1215 MiB.
2026-10-05T07:41:25Z INFO [643/750] 3b2faa11-8ebe-4251-acaf-b05f92649aa8: Sackin index -0.0702; 1.0 s; peak memory 1215 MiB.
2026-10-05T07:41:26Z INFO [644/750] 3b2fe164-78ae-46c8-ab11-6f7805158086: Sackin index -0.0696; 1.1 s; peak memory 1215 MiB.
2026-10-05T07:41:27Z INFO [645/750] 3b309809-dbc8-440f-865e-2d338b2300b6: Sackin index -0.1248; 1.1 s; peak memory 1215 MiB.
2026-10-05T07:41:29Z INFO [646/750] 3b30cb30-6f8b-4c57-9446-20d24385e4cb: Sackin index -0.1938; 2.1 s; peak memory 1215 MiB.
2026-10-05T07:41:30Z INFO [647/750] 3b311023-db35-4b9f-a136-4b95ad086a18: Sackin index -0.1349; 1.0 s; peak memory 1215 MiB.
2026-10-05T07:41:32Z INFO [648/750] 3b311f22-53b5-4387-aeb2-2a92da96bd73: Sackin index -0.0702; 1.3 s; peak memory 1215 MiB.
2026-10-05T07:41:35Z INFO [649/750] 3b31a5f9-320b-4cf2-9464-9c0be966c239: Sackin index -0.0240; 3.8 s; peak memory 1215 MiB.
2026-10-05T07:43:31Z INFO [650/750] 3b3201f9-b939-4d2b-a5e5-87e2ae9246ce: Sackin index -0.0573; 115.9 s; peak memory 1215 MiB.
2026-10-05T07:43:31Z INFO [650/750] 3b3201f9-b939-4d2b-a5e5-87e2ae9246ce: checkpointed 75486 records.
2026-10-05T07:43:34Z INFO [651/750] 3b334aad-e436-41be-b908-2dbbd7eee676: Sackin index -0.0704; 2.3 s; peak memory 1215 MiB.
2026-10-05T07:43:35Z INFO [652/750] 3b336106-2cf0-4787-ae9f-1e933236a65a: Sackin index -0.1349; 0.9 s; peak memory 1215 MiB.
2026-10-05T07:43:36Z INFO [653/750] 3b336f9b-6b04-447b-bc65-2a238e3047c7: Sackin index -0.1349; 1.0 s; peak memory 1215 MiB.
2026-10-05T07:43:37Z INFO [654/750] 3b3397df-997c-4c7d-af3a-ad49a913f078: Sackin index -0.1349; 0.9 s; peak memory 1215 MiB.
2026-10-05T07:43:38Z INFO [655/750] 3b33c8ad-ac25-4c02-b15a-a9e71fea1c1a: Sackin index -0.0745; 1.2 s; peak memory 1215 MiB.
2026-10-05T07:43:39Z INFO [656/750] 3b34ecd0-b3f8-42ac-83ea-cdbdf39091c7: Sackin index -0.1349; 0.9 s; peak memory 1215 MiB.
2026-10-05T07:43:40Z INFO [657/750] 3b35142d-834f-4cbe-a1ac-4eee3a2658a8: Sackin index -0.1349; 0.9 s; peak memory 1215 MiB.
2026-10-05T07:43:41Z INFO [658/750] 3b35b9d6-66d8-4533-82d4-37122ebd164b: Sackin index -0.0275; 1.6 s; peak memory 1215 MiB.
2026-10-05T07:43:44Z INFO [659/750] 3b36c7e2-866c-4ef2-84c5-39b4415ebc3a: Sackin index -0.0660; 2.8 s; peak memory 1215 MiB.
2026-10-05T07:43:49Z INFO [660/750] 3b36e729-3a16-444d-8c38-5efdd39d9ab6: Sackin index -0.0263; 4.8 s; peak memory 1215 MiB.
2026-10-05T07:43:52Z INFO [661/750] 3b370125-5ac2-4bd2-ba22-16ad771e1d7b: Sackin index -0.0933; 3.0 s; peak memory 1215 MiB.
2026-10-05T07:43:53Z INFO [662/750] 3b375f6b-5019-4547-8a18-c1c4fd16d3f3: Sackin index -0.0728; 1.5 s; peak memory 1215 MiB.
2026-10-05T07:43:56Z INFO [663/750] 3b377e55-4ca1-4a1d-84d0-c1605b9f9c3c: Sackin index -0.0554; 2.8 s; peak memory 1215 MiB.
2026-10-05T07:43:57Z INFO [664/750] 3b380084-a88d-4b23-b6db-81f4d363c847: Sackin index -0.0702; 1.1 s; peak memory 1215 MiB.
2026-10-05T07:44:00Z INFO [665/750] 3b38c6d5-6c37-4ca2-9f54-a8c15c50c973: Sackin index -0.0660; 2.5 s; peak memory 1215 MiB.
2026-10-05T07:44:01Z INFO [666/750] 3b38ed44-630f-43c9-9118-eac56df2a4f5: Sackin index -0.1542; 1.2 s; peak memory 1215 MiB.
2026-10-05T07:44:02Z INFO [667/750] 3b39a9cb-fd45-4ec1-a5a4-b9de6abba73b: Sackin index -0.1349; 0.8 s; peak memory 1215 MiB.
2026-10-05T07:44:03Z INFO [668/750] 3b3a9e2c-73f3-48c7-be17-e5d78eb9a0bf: Sackin index -0.1068; 0.9 s; peak memory 1215 MiB.
2026-10-05T07:44:04Z INFO [669/750] 3b3c30b0-02b3-439c-ba6b-d2bbbc3d6e37: Sackin index -0.0702; 0.9 s; peak memory 1215 MiB.
2026-10-05T07:44:05Z INFO [670/750] 3b3d2440-f883-4f17-a997-4d2f6db73772: Sackin index -0.1349; 0.9 s; peak memory 1215 MiB.
2026-10-05T07:44:06Z INFO [671/750] 3b3d8dd4-fd25-4377-9ef7-6fd1c20b8844: Sackin index -0.0696; 1.3 s; peak memory 1215 MiB.
2026-10-05T07:44:07Z INFO [672/750] 3b3e7530-382e-4a63-bece-b3f75d13e6a4: Sackin index -0.0728; 1.2 s; peak memory 1215 MiB.
2026-10-05T07:44:12Z INFO [673/750] 3b3e818b-bf4e-4b46-9a7d-1fcf3372e5fd: Sackin index -0.1310; 5.1 s; peak memory 1215 MiB.
2026-10-05T07:44:30Z INFO [674/750] 3b3fbea7-8c16-414a-8429-74c8fb464619: Sackin index -0.1367; 17.7 s; peak memory 1215 MiB.
2026-10-05T07:44:31Z INFO [675/750] 3b41469a-7880-40b5-abe1-013895d32280: Sackin index -0.0702; 1.2 s; peak memory 1215 MiB.
2026-10-05T07:44:32Z INFO [676/750] 3b4155c7-f8f4-45e7-89f9-2cf91b1f8a22: Sackin index -0.0702; 0.9 s; peak memory 1215 MiB.
2026-10-05T07:44:33Z INFO [677/750] 3b4187b6-5db6-4ca8-934c-1969b6e80f35: Sackin index -0.1658; 0.8 s; peak memory 1215 MiB.
2026-10-05T07:44:34Z INFO [678/750] 3b41a5e6-d9c2-47c1-b33d-21e90b4f07cc: Sackin index -0.0386; 1.1 s; peak memory 1215 MiB.
2026-10-05T07:44:36Z INFO [679/750] 3b420fa7-3028-4642-b037-911fe3e4f5a3: Sackin index -0.1938; 1.9 s; peak memory 1215 MiB.
2026-10-05T07:44:36Z INFO [680/750] 3b421ef6-fcec-42cc-bd30-ddb0fb4f73b9: Sackin index -0.1658; 0.7 s; peak memory 1215 MiB.
2026-10-05T07:44:38Z INFO [681/750] 3b422fbc-49fb-4d7e-bc80-a262006be578: Sackin index -0.1349; 1.1 s; peak memory 1215 MiB.
2026-10-05T07:44:43Z INFO [682/750] 3b4373d5-de39-492a-888f-96c22312c8c8: Sackin index -0.0223; 5.8 s; peak memory 1215 MiB.
2026-10-05T07:44:44Z INFO [683/750] 3b43e628-75e4-443d-a041-c4f5527810da: Sackin index -0.1248; 1.0 s; peak memory 1215 MiB.
2026-10-05T07:44:48Z INFO [684/750] 3b4570fd-4f50-4035-bd04-365a51c101e6: Sackin index -0.1938; 3.4 s; peak memory 1215 MiB.
2026-10-05T07:44:49Z INFO [685/750] 3b457c86-398d-4930-b165-57897a8ab695: Sackin index -0.0728; 1.3 s; peak memory 1215 MiB.
2026-10-05T07:44:50Z INFO [686/750] 3b465022-2518-4dbf-8706-a53f67641b57: Sackin index -0.1349; 0.9 s; peak memory 1215 MiB.
2026-10-05T07:44:53Z INFO [687/750] 3b465c55-fa0a-4084-b781-8de915b6aa39: Sackin index -0.1761; 2.8 s; peak memory 1215 MiB.
2026-10-05T07:44:54Z INFO [688/750] 3b47004f-30f8-4e4b-afe6-6c6f8856d900: Sackin index -0.1331; 0.8 s; peak memory 1215 MiB.
2026-10-05T07:44:55Z INFO [689/750] 3b475c6c-2f52-429f-8846-08e008710e3c: Sackin index -0.0676; 1.6 s; peak memory 1215 MiB.
2026-10-05T07:44:56Z INFO [690/750] 3b47842a-8c8c-48ad-b636-52a5cd29c5aa: Sackin index -0.1248; 1.0 s; peak memory 1215 MiB.
2026-10-05T07:44:58Z INFO [691/750] 3b48f23b-34b9-4b1c-8ae4-32c53c385258: Sackin index -0.1938; 1.7 s; peak memory 1215 MiB.
2026-10-05T07:44:59Z INFO [692/750] 3b48fd2d-0240-4e2b-8351-355388f6ab47: Sackin index -0.0380; 1.0 s; peak memory 1215 MiB.
2026-10-05T07:45:00Z INFO [693/750] 3b4955de-aef3-4e07-a7ca-11d0cba1a063: Sackin index -0.1178; 0.7 s; peak memory 1215 MiB.
2026-10-05T07:45:01Z INFO [694/750] 3b497d10-4346-4bab-b269-aa44801e9079: Sackin index -0.1349; 1.0 s; peak memory 1215 MiB.
2026-10-05T07:45:02Z INFO [695/750] 3b49b043-3281-48c3-a7b1-2da86268c776: Sackin index -0.0429; 1.5 s; peak memory 1215 MiB.
2026-10-05T07:45:03Z INFO [696/750] 3b4a432d-ac33-4640-8d7d-a7ffee8f3f90: Sackin index -0.2073; 0.8 s; peak memory 1215 MiB.
2026-10-05T07:45:04Z INFO [697/750] 3b4a6fc5-3e95-45fd-b139-8cadaed2d754: Sackin index -0.1439; 0.7 s; peak memory 1215 MiB.
2026-10-05T07:45:05Z INFO [698/750] 3b4b8d5a-825c-4d6f-a272-298efa9d0596: Sackin index -0.0824; 1.8 s; peak memory 1215 MiB.
2026-10-05T07:45:06Z INFO [699/750] 3b4bb986-814f-4472-a333-215613101a46: Sackin index -0.1349; 0.9 s; peak memory 1215 MiB.
2026-10-05T07:45:07Z INFO [700/750] 3b4d12fc-08b7-46a3-841c-378743554bee: Sackin index -0.1349; 0.8 s; peak memory 1215 MiB.
2026-10-05T07:45:07Z INFO [700/750] 3b4d12fc-08b7-46a3-841c-378743554bee: checkpointed 75536 records.
2026-10-05T07:45:08Z INFO [701/750] 3b4d47bc-4623-478b-b974-2b470ce59fe4: Sackin index -0.1349; 1.0 s; peak memory 1215 MiB.
2026-10-05T07:45:14Z INFO [702/750] 3b4dda77-385b-43e8-ae9f-6eb56215c85c: Sackin index -0.0366; 6.2 s; peak memory 1215 MiB.
2026-10-05T07:45:23Z INFO [703/750] 3b4e8c06-ef62-461b-949a-1576bcff07cd: Sackin index -0.1310; 8.7 s; peak memory 1215 MiB.
2026-10-05T07:45:24Z INFO [704/750] 3b4eab3a-5f1a-4ac7-abc9-59f3b607c602: Sackin index -0.1938; 1.0 s; peak memory 1215 MiB.
2026-10-05T07:45:25Z INFO [705/750] 3b4eabc1-0e6b-4ba2-a563-bb1896b23095: Sackin index -0.1448; 0.8 s; peak memory 1215 MiB.
2026-10-05T07:45:26Z INFO [706/750] 3b4eb778-c7ce-4c84-8328-1f5aebe014d5: Sackin index -0.0728; 1.5 s; peak memory 1215 MiB.
2026-10-05T07:45:27Z INFO [707/750] 3b4f8306-7b78-40e7-b22e-1bc6ef74b24b: Sackin index -0.1239; 0.7 s; peak memory 1215 MiB.
2026-10-05T07:45:28Z INFO [708/750] 3b4f8681-0485-432d-bd81-3b77d4d4fcfa: Sackin index -0.0696; 1.0 s; peak memory 1215 MiB.
2026-10-05T07:45:29Z INFO [709/750] 3b4fd8c0-92d7-4ae8-9d7f-e6d216a4a641: Sackin index -0.0728; 1.2 s; peak memory 1215 MiB.
2026-10-05T07:45:30Z INFO [710/750] 3b5005c6-0c16-4a2a-88a1-18ad3e04cb5a: Sackin index -0.1349; 0.8 s; peak memory 1215 MiB.
2026-10-05T07:45:38Z INFO [711/750] 3b5015cc-0415-4325-80e4-eb7f9e64aa74: Sackin index -0.0102; 8.2 s; peak memory 1215 MiB.
2026-10-05T07:45:39Z INFO [712/750] 3b50790a-2172-498d-87c8-ee41349b520a: Sackin index -0.1349; 1.0 s; peak memory 1215 MiB.
2026-10-05T07:45:41Z INFO [713/750] 3b509434-2d90-4f2f-947f-aeff3b557c66: Sackin index -0.0728; 1.4 s; peak memory 1215 MiB.
2026-10-05T07:45:53Z INFO [714/750] 3b514972-528e-42b2-9f71-35ad160afbb8: Sackin index -0.1892; 12.2 s; peak memory 1215 MiB.
2026-10-05T07:45:56Z INFO [715/750] 3b51e2bb-d071-435c-9f62-1d45bcc687a9: Sackin index -0.0408; 3.3 s; peak memory 1215 MiB.
2026-10-05T07:45:57Z INFO [716/750] 3b51ed79-14b8-470c-a206-886ea3db5ec7: Sackin index -0.0375; 1.3 s; peak memory 1215 MiB.
2026-10-05T07:45:59Z INFO [717/750] 3b521ffc-f135-4181-b2cb-63c68bef1c01: Sackin index -0.1194; 1.2 s; peak memory 1215 MiB.
2026-10-05T07:46:00Z INFO [718/750] 3b52b5f6-2e04-4c14-b657-bf5dbec682f7: Sackin index -0.1015; 1.0 s; peak memory 1215 MiB.
2026-10-05T07:46:01Z INFO [719/750] 3b52bd89-ff2f-4bd4-a3fd-ac8cdf021981: Sackin index -0.0709; 1.0 s; peak memory 1215 MiB.
2026-10-05T07:46:03Z INFO [720/750] 3b53b021-db48-4e62-a1b8-9f8cd819d185: Sackin index -0.0720; 2.1 s; peak memory 1215 MiB.
2026-10-05T08:27:27Z INFO [721/750] 3b53d840-8e3d-4472-8b0b-7fb1a027a128: Sackin index -0.1198; 2484.0 s; peak memory 1220 MiB.
2026-10-05T08:27:28Z INFO [722/750] 3b54f4b2-2e13-4a1b-899f-1e04e2800ffc: Sackin index -0.1349; 1.0 s; peak memory 1220 MiB.
2026-10-05T08:27:29Z INFO [723/750] 3b559992-f739-4b99-beb2-938eb8b8073e: Sackin index -0.0702; 1.0 s; peak memory 1220 MiB.
2026-10-05T08:27:30Z INFO [724/750] 3b565fe2-9d78-4fdd-bfdb-54d63fc326c2: Sackin index -0.0728; 1.3 s; peak memory 1220 MiB.
2026-10-05T08:27:31Z INFO [725/750] 3b56e228-bad1-4aee-92c8-1b4c0f7970fe: Sackin index -0.0728; 1.4 s; peak memory 1220 MiB.
2026-10-05T08:27:33Z INFO [726/750] 3b575ba4-0831-4cc3-91b1-bb9c00c2ddec: Sackin index -0.0375; 1.4 s; peak memory 1220 MiB.
2026-10-05T08:27:35Z INFO [727/750] 3b57b4fd-ad8e-4e74-9a4a-ad436e4d7e88: Sackin index -0.1243; 1.8 s; peak memory 1220 MiB.
2026-10-05T08:27:54Z INFO [728/750] 3b57d40e-d567-4f8f-b06f-d60123865075: Sackin index -0.0146; 19.5 s; peak memory 1220 MiB.
2026-10-05T08:27:56Z INFO [729/750] 3b5817e4-8ca1-4963-b311-14eda206a273: Sackin index -0.1224; 1.8 s; peak memory 1220 MiB.
2026-10-05T08:27:56Z INFO [730/750] 3b58fac8-c7b7-4c57-a42d-63af8381a325: Sackin index -0.1658; 0.6 s; peak memory 1220 MiB.
2026-10-05T08:28:03Z INFO [731/750] 3b591d4f-4f24-4516-a2ec-3bbca683df76: Sackin index -0.1362; 6.2 s; peak memory 1220 MiB.
2026-10-05T08:28:04Z INFO [732/750] 3b59ac7d-fdcf-4250-9c15-d9a5298e0a52: Sackin index -0.0376; 1.2 s; peak memory 1220 MiB.
2026-10-05T08:28:05Z INFO [733/750] 3b59fcae-cf44-4089-b7f8-7ac3966072d3: Sackin index -0.0272; 1.4 s; peak memory 1220 MiB.
2026-10-05T08:28:26Z INFO [734/750] 3b5a3bf4-408d-4033-825a-bcb713654bbd: Sackin index -0.0019; 21.0 s; peak memory 1220 MiB.
2026-10-05T08:28:28Z INFO [735/750] 3b5b49f0-1e4a-4607-9b55-37953d6fd84e: Sackin index -0.1072; 1.8 s; peak memory 1220 MiB.
2026-10-05T08:28:29Z INFO [736/750] 3b5bc7cd-1079-48f2-be63-66f3d9129068: Sackin index -0.0709; 1.0 s; peak memory 1220 MiB.
2026-10-05T08:28:30Z INFO [737/750] 3b5bcf2b-3f00-4352-b38a-2fb1b1a9285a: Sackin index -0.1731; 0.9 s; peak memory 1220 MiB.
2026-10-05T08:28:31Z INFO [738/750] 3b5c78f2-0d2b-4264-8041-3e2bdf0a7769: Sackin index -0.1349; 1.0 s; peak memory 1220 MiB.
2026-10-05T08:28:32Z INFO [739/750] 3b5ce19b-98b5-41da-9a14-5320b835871d: Sackin index -0.0377; 1.1 s; peak memory 1220 MiB.
2026-10-05T08:28:33Z INFO [740/750] 3b5d031d-3b7c-41e8-a12e-1e38b6f3a69e: Sackin index -0.1331; 0.8 s; peak memory 1220 MiB.
2026-10-05T08:28:34Z INFO [741/750] 3b5d1acb-5b6c-4ceb-a179-d7b2c0fc07ff: Sackin index -0.0369; 1.5 s; peak memory 1220 MiB.
2026-10-05T08:28:36Z INFO [742/750] 3b5e20f0-98b7-46ca-8992-ad4a67b390e2: Sackin index -0.0696; 1.2 s; peak memory 1220 MiB.
2026-10-05T08:28:36Z INFO [743/750] 3b5ee9fd-5955-4a88-9b84-bbfd5c836afe: Sackin index -0.1349; 0.9 s; peak memory 1220 MiB.
2026-10-05T08:28:38Z INFO [744/750] 3b5f4baf-3e2d-4752-9ae3-bc8ffd7f1894: Sackin index -0.0379; 1.1 s; peak memory 1220 MiB.
2026-10-05T08:28:39Z INFO [745/750] 3b5fbc1f-9851-4ab0-8fc7-e384968b9040: Sackin index -0.0702; 1.1 s; peak memory 1220 MiB.
2026-10-05T08:28:40Z INFO [746/750] 3b605c66-35e5-4c12-bac3-b4b032c4ae8d: Sackin index -0.0702; 0.9 s; peak memory 1220 MiB.
2026-10-05T08:28:41Z INFO [747/750] 3b60a3d9-0616-4b97-848b-7d922494a157: Sackin index -0.0369; 1.6 s; peak memory 1220 MiB.
2026-10-05T08:28:42Z INFO [748/750] 3b60d1ad-16a2-432c-967a-d6aff5ca0ec3: Sackin index -0.0728; 1.3 s; peak memory 1220 MiB.
2026-10-05T08:28:43Z INFO [749/750] 3b60d362-2cca-4d3f-8020-0b29fecf416b: Sackin index -0.1349; 0.9 s; peak memory 1220 MiB.
2026-10-05T08:28:44Z INFO [750/750] 3b615422-48b6-4a2c-8855-5c5362801780: Sackin index -0.1349; 0.9 s; peak memory 1220 MiB.
2026-10-05T08:28:44Z INFO [750/750] 3b615422-48b6-4a2c-8855-5c5362801780: checkpointed 75586 records.
2026-10-05T08:28:45Z INFO Wrote 75586 records to /tmp/derivatives/valid_nwb_file_to_sackin_index.jsonl (750 new, 0 failed) in 140.6 min (peak memory 1220 MiB).
