2026-09-19T10:23:02Z INFO Logging to /tmp/logs/update_2026-09-19T10-23-02Z.log.
2026-09-19T10:23:02Z INFO Update valid-nwb-file-to-sackin-index (base directory /tmp).
2026-09-19T10:23:02Z INFO Processing 374 items (50269 already recorded).
2026-09-19T10:23:09Z INFO [1/374] 049761b4-6a88-42dc-98a0-5a8be7ba6bd9: Sackin index -0.0673; 7.8 s; peak memory 108 MiB.
2026-09-19T10:23:11Z INFO [2/374] 071532d9-c694-4c9f-bb78-ab2f78cc4e66: Sackin index -0.0702; 1.5 s; peak memory 109 MiB.
2026-09-19T10:27:08Z INFO [3/374] 0715b077-c584-4b11-a0fe-0c00f10c9b55: Sackin index -0.0014; 237.2 s; peak memory 523 MiB.
2026-09-19T10:27:09Z INFO [4/374] 0715b3a9-d579-4fe1-9fb2-782eb531c812: Sackin index -0.1349; 1.1 s; peak memory 523 MiB.
2026-09-19T10:27:10Z INFO [5/374] 0715d982-92b5-4d1d-a3fc-2d3e8508dc95: Sackin index -0.1165; 1.0 s; peak memory 523 MiB.
2026-09-19T10:27:12Z INFO [6/374] 0715db53-477d-4ff6-86db-c0b800ca74ba: Sackin index -0.0696; 1.5 s; peak memory 523 MiB.
2026-09-19T10:27:13Z INFO [7/374] 07178dd5-cb9f-4cb6-914f-7a9426f386f5: Sackin index -0.1349; 1.1 s; peak memory 523 MiB.
2026-09-19T10:27:28Z INFO [8/374] 07179e04-df54-4929-b0db-0485903a2eed: Sackin index -0.0102; 15.0 s; peak memory 523 MiB.
2026-09-19T10:27:29Z INFO [9/374] 0717d38e-6908-4420-82f2-407333a224e7: Sackin index -0.0702; 1.4 s; peak memory 523 MiB.
2026-09-19T10:27:42Z INFO [10/374] 0717f896-750e-45a5-9e39-243a50fc9676: Sackin index -0.0180; 12.5 s; peak memory 523 MiB.
2026-09-19T10:27:43Z INFO [11/374] 07195b05-571c-4565-aee7-5b38736c4178: Sackin index -0.1349; 1.2 s; peak memory 523 MiB.
2026-09-19T10:27:44Z INFO [12/374] 07196402-94e5-48f1-8f6d-152bd9a088b7: Sackin index -0.0702; 1.4 s; peak memory 523 MiB.
2026-09-19T10:27:45Z INFO [13/374] 071966ba-39d0-4123-8025-bc3ff2f0842f: Sackin index -0.1349; 1.2 s; peak memory 523 MiB.
2026-09-19T10:27:55Z INFO [14/374] 071981bc-3d1d-4875-94f2-d4f8f7da46de: Sackin index -0.0222; 9.2 s; peak memory 523 MiB.
2026-09-19T10:27:56Z INFO [15/374] 0719b2ab-e5e1-4e5c-9422-d1bb724010f1: Sackin index -0.0696; 1.4 s; peak memory 523 MiB.
2026-09-19T10:27:58Z INFO [16/374] 071a0dd7-8a8d-484f-b569-cd47ac4893f3: Sackin index -0.1408; 1.7 s; peak memory 523 MiB.
2026-09-19T10:29:59Z INFO [17/374] 071aedc0-a111-4c80-82d8-595638a2a501: Sackin index -0.0741; 120.8 s; peak memory 523 MiB.
2026-09-19T10:30:00Z INFO [18/374] 071b7390-cd21-4a70-ada3-4ccaa729be12: Sackin index -0.0728; 1.9 s; peak memory 523 MiB.
2026-09-19T10:30:02Z INFO [19/374] 071b88d4-d6c7-4070-85c1-35c5a0b1c00c: Sackin index -0.1349; 1.2 s; peak memory 523 MiB.
2026-09-19T10:30:03Z INFO [20/374] 071bbac7-04f5-4dfc-9293-9fa05fade2e0: Sackin index -0.1349; 1.2 s; peak memory 523 MiB.
2026-09-19T10:30:04Z INFO [21/374] 071c06b2-8e72-4dca-9964-7b5e9eafbb27: Sackin index -0.1349; 1.2 s; peak memory 523 MiB.
2026-09-19T10:30:05Z INFO [22/374] 071c778a-d148-4325-bb5e-dedc6b25dad7: Sackin index -0.1349; 1.2 s; peak memory 523 MiB.
2026-09-19T10:30:07Z INFO [23/374] 071d11b9-f097-4808-952a-c04e45a5927e: Sackin index -0.0702; 1.7 s; peak memory 523 MiB.
2026-09-19T10:30:09Z INFO [24/374] 071dfbcf-3f2a-471a-a4eb-3b488844ed25: Sackin index -0.0728; 1.6 s; peak memory 523 MiB.
2026-09-19T10:30:12Z INFO [25/374] 071eb111-f73b-4ef1-93f1-935b88891f11: Sackin index -0.0660; 3.5 s; peak memory 523 MiB.
2026-09-19T10:30:24Z INFO [26/374] 071f06d4-06af-4f81-a035-17607a3f6607: Sackin index -0.0148; 11.6 s; peak memory 523 MiB.
2026-09-19T10:30:26Z INFO [27/374] 071feb7b-58d2-41a2-ad55-d1fa98e7ca4b: Sackin index -0.0369; 2.2 s; peak memory 523 MiB.
2026-09-19T10:30:27Z INFO [28/374] 07208599-0f58-4298-94db-aaa0f198928f: Sackin index -0.0702; 1.5 s; peak memory 523 MiB.
2026-09-19T10:30:28Z INFO [29/374] 0720b77b-9127-4baa-ace5-4819c4b5802f: Sackin index -0.1612; 0.9 s; peak memory 523 MiB.
2026-09-19T10:30:30Z INFO [30/374] 07212f56-f4a9-4f1c-9c09-95b22d156d72: Sackin index -0.0375; 1.9 s; peak memory 523 MiB.
2026-09-19T10:30:44Z INFO [31/374] 07227210-5913-459a-b9f6-af33f40ed55e: Sackin index -0.1938; 14.2 s; peak memory 523 MiB.
2026-09-19T10:30:46Z INFO [32/374] 072402f1-8a75-4ae4-ad4e-7581540d3514: Sackin index -0.0457; 1.7 s; peak memory 523 MiB.
2026-09-19T10:30:47Z INFO [33/374] 0724dab7-2a6f-43cc-9752-c168d70ed3d2: Sackin index -0.1575; 1.3 s; peak memory 523 MiB.
2026-09-19T10:30:56Z INFO [34/374] 07257087-71a0-4a9c-95e3-a00c129d6b8d: Sackin index -0.0017; 8.1 s; peak memory 523 MiB.
2026-09-19T10:31:05Z INFO [35/374] 07259e40-6f7e-4086-b6ae-3b008707a3ec: Sackin index -0.0187; 9.2 s; peak memory 523 MiB.
2026-09-19T10:31:06Z INFO [36/374] 07262202-2dad-42f6-8350-6219d9d99c9b: Sackin index -0.1349; 1.2 s; peak memory 523 MiB.
2026-09-19T10:31:09Z INFO [37/374] 07264206-5e57-4410-b345-f110514d57dc: Sackin index -0.0681; 2.8 s; peak memory 523 MiB.
2026-09-19T10:31:10Z INFO [38/374] 072642e8-131a-4910-bd9f-5125fc720238: Sackin index -0.0702; 1.6 s; peak memory 523 MiB.
2026-09-19T10:31:12Z INFO [39/374] 0726ec64-201e-4018-8830-5fdc0a1b8196: Sackin index -0.1191; 1.3 s; peak memory 523 MiB.
2026-09-19T10:31:13Z INFO [40/374] 07296b54-e9b6-4d23-8427-6e9bff940df8: Sackin index -0.0702; 1.5 s; peak memory 523 MiB.
2026-09-19T10:31:22Z INFO [41/374] 07297b87-9014-48a7-ab6b-a3e843d5c837: Sackin index -0.0186; 8.5 s; peak memory 523 MiB.
2026-09-19T10:31:23Z INFO [42/374] 0729bf5a-27fe-42b1-a38d-59191d07e171: Sackin index -0.0368; 1.6 s; peak memory 523 MiB.
2026-09-19T10:31:25Z INFO [43/374] 072b1466-36a3-495f-8b27-2ae0a383b68e: Sackin index -0.1383; 1.5 s; peak memory 523 MiB.
2026-09-19T10:31:26Z INFO [44/374] 072b2dfb-9be4-41f4-9899-e59b66e4f699: Sackin index -0.0380; 1.5 s; peak memory 523 MiB.
2026-09-19T10:31:28Z INFO [45/374] 072becdf-9505-48b9-a492-00757bad8b8f: Sackin index -0.0728; 1.8 s; peak memory 523 MiB.
2026-09-19T10:31:30Z INFO [46/374] 072c412e-3b37-47d9-ab4a-eaca817a1f40: Sackin index -0.0728; 1.6 s; peak memory 523 MiB.
2026-09-19T10:31:31Z INFO [47/374] 072dfe24-49e0-4d9b-9d8d-d816f83c332a: Sackin index -0.1349; 1.1 s; peak memory 523 MiB.
2026-09-19T10:31:32Z INFO [48/374] 072e4615-51f0-4f2d-82be-e9294e131b9f: Sackin index -0.1349; 1.1 s; peak memory 523 MiB.
2026-09-19T10:31:33Z INFO [49/374] 072efaa1-1fbf-4f4d-b09c-8e8ff53b94e1: Sackin index -0.1273; 1.5 s; peak memory 523 MiB.
2026-09-19T10:31:35Z INFO [50/374] 0730641a-570a-47dc-a507-0698ceb17478: Sackin index -0.1356; 1.7 s; peak memory 523 MiB.
2026-09-19T10:31:35Z INFO [50/374] 0730641a-570a-47dc-a507-0698ceb17478: checkpointed 50319 records.
2026-09-19T10:31:40Z INFO [51/374] 073080ed-5854-42fd-ae86-1c508b7aa193: Sackin index -0.0280; 4.9 s; peak memory 523 MiB.
2026-09-19T10:31:59Z INFO [52/374] 073127d5-1e41-460a-8efe-787c56873901: Sackin index -0.0151; 19.1 s; peak memory 523 MiB.
2026-09-19T10:32:01Z INFO [53/374] 07315a1d-372d-4b79-a9d5-89b271611d0b: Sackin index -0.0275; 1.7 s; peak memory 523 MiB.
2026-09-19T10:32:03Z INFO [54/374] 0731f941-e66c-4925-b94d-845c825e01aa: Sackin index -0.0376; 1.5 s; peak memory 523 MiB.
2026-09-19T10:32:06Z INFO [55/374] 0732018e-73cf-4526-8473-d4b7e73a1f26: Sackin index -0.0507; 3.9 s; peak memory 523 MiB.
2026-09-19T10:32:10Z INFO [56/374] 0732599b-1232-448a-a04d-1aa0dbd3cdc8: Sackin index -0.0761; 3.8 s; peak memory 523 MiB.
2026-09-19T10:32:12Z INFO [57/374] 0732ec30-9f94-4432-bba0-377f08a8b842: Sackin index -0.0376; 1.7 s; peak memory 523 MiB.
2026-09-19T10:32:17Z INFO [58/374] 07331792-991e-491c-90fb-4a6c736dd774: Sackin index -0.0718; 5.4 s; peak memory 523 MiB.
2026-09-19T10:32:19Z INFO [59/374] 07333116-cfce-45d7-bde2-566d5820d945: Sackin index -0.0702; 1.6 s; peak memory 523 MiB.
2026-09-19T10:32:37Z INFO [60/374] 07337272-1ef4-40d2-94b6-18fb49d52508: Sackin index -0.1367; 18.3 s; peak memory 523 MiB.
2026-09-19T10:32:39Z INFO [61/374] 07344578-04af-41fd-9775-5abe3bb152e7: Sackin index -0.0702; 1.4 s; peak memory 523 MiB.
2026-09-19T10:32:40Z INFO [62/374] 073470e8-0af4-4959-bd47-dd46abc934f7: Sackin index -0.0702; 1.5 s; peak memory 523 MiB.
2026-09-19T10:32:48Z INFO [63/374] 07360033-3bc5-4616-b5ff-01882e17a110: Sackin index -0.0017; 7.9 s; peak memory 523 MiB.
2026-09-19T10:32:54Z INFO [64/374] 073654ab-af1a-4f55-87e1-75d4e8033cd9: Sackin index -0.0238; 6.2 s; peak memory 523 MiB.
2026-09-19T10:32:56Z INFO [65/374] 07370406-fc37-4a37-9b82-85a0cd29bd92: Sackin index -0.0745; 2.1 s; peak memory 523 MiB.
2026-09-19T10:32:59Z INFO [66/374] 0737345d-36d6-4161-b0fc-adae6cf91139: Sackin index -0.0717; 2.4 s; peak memory 523 MiB.
2026-09-19T10:33:00Z INFO [67/374] 07376a45-eb5c-4936-9212-ef1e966a8aa8: Sackin index -0.0696; 1.4 s; peak memory 523 MiB.
2026-09-19T10:33:02Z INFO [68/374] 073798cd-3794-4d47-968f-5516667d3c64: Sackin index -0.0384; 1.6 s; peak memory 523 MiB.
2026-09-19T10:33:03Z INFO [69/374] 0738092e-c13a-46ca-a553-ed8742c09d09: Sackin index -0.0709; 1.4 s; peak memory 523 MiB.
2026-09-19T10:33:04Z INFO [70/374] 073834d2-6ec5-47a4-9c1c-0d43b3f0aec8: Sackin index -0.1658; 1.0 s; peak memory 523 MiB.
2026-09-19T10:33:05Z INFO [71/374] 07387a8a-1e7a-4f5b-9cdb-f0a7c0c34bec: Sackin index -0.1349; 1.2 s; peak memory 523 MiB.
2026-09-19T10:33:07Z INFO [72/374] 07389290-f0e4-47f1-80f5-3f10a4e3d0a0: Sackin index -0.1321; 1.2 s; peak memory 523 MiB.
2026-09-19T10:33:08Z INFO [73/374] 07394f4f-9319-4c8e-8941-bed9af9dfb87: Sackin index -0.1658; 0.9 s; peak memory 523 MiB.
2026-09-19T10:33:09Z INFO [74/374] 07395998-ace3-4f88-9238-93d2114ca561: Sackin index -0.0728; 1.5 s; peak memory 523 MiB.
2026-09-19T10:33:10Z INFO [75/374] 0739aee1-139d-4315-842b-2346717f1993: Sackin index -0.1405; 1.4 s; peak memory 523 MiB.
2026-09-19T10:33:21Z INFO [76/374] 0739c079-730e-4f94-8968-ac8a762e87a9: Sackin index -0.1495; 10.7 s; peak memory 523 MiB.
2026-09-19T10:33:22Z INFO [77/374] 073bbac3-923c-40f8-b818-7e939c11fbd2: Sackin index -0.1349; 1.1 s; peak memory 523 MiB.
2026-09-19T10:33:24Z INFO [78/374] 073d3d29-6a7e-493c-b0e9-a18fb8110c86: Sackin index -0.0994; 1.5 s; peak memory 523 MiB.
2026-09-19T10:33:35Z INFO [79/374] 073d521e-5655-4ede-ae1d-3a0fb7723ade: Sackin index -0.0141; 11.6 s; peak memory 523 MiB.
2026-09-19T10:33:37Z INFO [80/374] 073d5f1f-1329-4b2b-9407-e256fb9940dd: Sackin index -0.1349; 1.2 s; peak memory 523 MiB.
2026-09-19T10:33:38Z INFO [81/374] 073d6127-2f57-43dd-a84d-5974eccb2400: Sackin index -0.1303; 1.0 s; peak memory 523 MiB.
2026-09-19T10:33:39Z INFO [82/374] 073e8b63-a118-4530-9528-d57ae054fe03: Sackin index -0.1658; 1.0 s; peak memory 523 MiB.
2026-09-19T10:33:40Z INFO [83/374] 073f07fe-770a-4c15-9198-b494aad96e92: Sackin index -0.1938; 1.1 s; peak memory 523 MiB.
2026-09-19T10:34:07Z INFO [84/374] 073fab4a-745c-42ae-bb18-c5dfac413f18: Sackin index -0.0036; 27.2 s; peak memory 523 MiB.
2026-09-19T10:34:09Z INFO [85/374] 073fc345-4dc7-4550-826c-932df63a1c8f: Sackin index -0.0369; 2.1 s; peak memory 523 MiB.
2026-09-19T10:34:12Z INFO [86/374] 07403379-4e25-4a8d-949c-da85153d82ca: Sackin index -0.1938; 2.8 s; peak memory 523 MiB.
2026-09-19T10:34:13Z INFO [87/374] 07409f96-5db8-481c-835f-5e44a5d9e2e5: Sackin index -0.0375; 1.6 s; peak memory 523 MiB.
2026-09-19T10:34:15Z INFO [88/374] 07413bc3-193c-4bc6-af16-d64577159d0d: Sackin index -0.1349; 1.2 s; peak memory 523 MiB.
2026-09-19T10:34:17Z INFO [89/374] 07419366-d1ce-44d8-92ea-5bc81a3770a5: Sackin index -0.0624; 2.9 s; peak memory 523 MiB.
2026-09-19T10:34:20Z INFO [90/374] 07423052-6e3e-46dc-8468-c875a7e94260: Sackin index -0.0676; 2.2 s; peak memory 523 MiB.
2026-09-19T10:34:30Z INFO [91/374] 07426c15-123e-47f6-a5c8-72ea9790ee0d: Sackin index -0.0163; 10.1 s; peak memory 523 MiB.
2026-09-19T10:34:31Z INFO [92/374] 07427eec-fdea-4959-b88b-107347957ea8: Sackin index -0.1349; 1.3 s; peak memory 523 MiB.
2026-09-19T10:34:32Z INFO [93/374] 0742bdef-666d-422b-a375-1fec0feb0166: Sackin index -0.1349; 1.1 s; peak memory 523 MiB.
2026-09-19T10:34:34Z INFO [94/374] 0742d926-1ded-4182-81b1-11b3a9fac04d: Sackin index -0.0702; 1.4 s; peak memory 523 MiB.
2026-09-19T10:34:35Z INFO [95/374] 0743524a-37ad-4930-b01a-d7d80419615f: Sackin index -0.0702; 1.4 s; peak memory 523 MiB.
2026-09-19T10:34:37Z INFO [96/374] 0743ebf1-1a58-48c8-b7d2-0538d3c8f769: Sackin index -0.0944; 1.7 s; peak memory 523 MiB.
2026-09-19T10:34:38Z INFO [97/374] 0744f0b8-0d03-44c2-b20e-d4614ead0a24: Sackin index -0.1704; 1.4 s; peak memory 523 MiB.
2026-09-19T10:34:40Z INFO [98/374] 07457fae-8cd5-4caf-8115-5fbef6e8bf68: Sackin index -0.0709; 1.5 s; peak memory 523 MiB.
2026-09-19T10:34:46Z INFO [99/374] 07459460-c253-4db1-b030-50e542edec2d: Sackin index -0.0435; 6.3 s; peak memory 523 MiB.
2026-09-19T10:34:48Z INFO [100/374] 0746aa17-7740-4f69-8651-710195be2827: Sackin index -0.0276; 1.9 s; peak memory 523 MiB.
2026-09-19T10:34:48Z INFO [100/374] 0746aa17-7740-4f69-8651-710195be2827: checkpointed 50369 records.
2026-09-19T10:34:49Z INFO [101/374] 074702ff-f65d-4938-9413-dcd8db3b2005: Sackin index -0.1349; 1.1 s; peak memory 523 MiB.
2026-09-19T10:34:51Z INFO [102/374] 0747af25-6590-4a8c-9f6f-0b2c9658c558: Sackin index -0.0728; 1.7 s; peak memory 523 MiB.
2026-09-19T10:34:52Z INFO [103/374] 0748c348-52c5-44eb-bdab-2a36d41c76ee: Sackin index -0.1349; 1.3 s; peak memory 523 MiB.
2026-09-19T10:34:54Z INFO [104/374] 074927a7-271c-4a14-8046-2d56acc8f150: Sackin index -0.0379; 1.6 s; peak memory 523 MiB.
2026-09-19T10:34:55Z INFO [105/374] 074a134e-8d86-465e-aebc-4c5edda77b35: Sackin index -0.0387; 1.4 s; peak memory 523 MiB.
2026-09-19T10:34:56Z INFO [106/374] 074a552f-0115-4aa2-a401-f8f1dbfb08e9: Sackin index -0.1331; 1.1 s; peak memory 523 MiB.
2026-09-19T10:34:57Z INFO [107/374] 074a7171-6039-46d4-aee0-01b167730558: Sackin index -0.0696; 1.4 s; peak memory 523 MiB.
2026-09-19T10:34:58Z INFO [108/374] 074a7c8c-db1a-4808-8139-4ee0409c9319: Sackin index -0.1349; 1.1 s; peak memory 523 MiB.
2026-09-19T10:35:00Z INFO [109/374] 074ba1ad-768f-41a8-8d68-626120e0b38b: Sackin index -0.1716; 1.2 s; peak memory 523 MiB.
2026-09-19T10:35:01Z INFO [110/374] 074bbce5-ac67-423e-bfa6-b6421580bd5a: Sackin index -0.1349; 1.2 s; peak memory 523 MiB.
2026-09-19T10:35:02Z INFO [111/374] 074c1c05-9dd7-44a6-909f-0a38431eef44: Sackin index -0.1303; 1.0 s; peak memory 523 MiB.
2026-09-19T10:35:05Z INFO [112/374] 074c3b3b-601b-4da7-b144-fda3f6a34f75: Sackin index -0.0660; 3.1 s; peak memory 523 MiB.
2026-09-19T10:35:08Z INFO [113/374] 074cd1df-6326-43bf-9603-d57c05838e23: Sackin index -0.0693; 2.8 s; peak memory 523 MiB.
2026-09-19T10:35:11Z INFO [114/374] 074cdbd8-019e-4f2c-b92a-b3cd632159a1: Sackin index -0.0854; 2.9 s; peak memory 523 MiB.
2026-09-19T10:35:19Z INFO [115/374] 074cf84e-cd59-45a3-9ac2-672052ff2605: Sackin index -0.0200; 8.4 s; peak memory 523 MiB.
2026-09-19T10:35:20Z INFO [116/374] 074cff72-0d5d-4eef-b9e6-666d745ba78a: Sackin index -0.1349; 1.2 s; peak memory 523 MiB.
2026-09-19T10:35:28Z INFO [117/374] 074d8f7c-fed3-4a32-919c-26346f21a8af: Sackin index -0.0251; 7.3 s; peak memory 523 MiB.
2026-09-19T10:35:29Z INFO [118/374] 074de621-78c7-4319-a08c-64588dc0f767: Sackin index -0.0728; 1.8 s; peak memory 523 MiB.
2026-09-19T10:56:42Z INFO [119/374] 074e26b3-d11b-4463-bbf1-eb0f615c35fd: Sackin index -0.0532; 1272.6 s; peak memory 1191 MiB.
2026-09-19T10:56:44Z INFO [120/374] 074e772c-2558-48f8-8a3d-ec21f02afb3f: Sackin index -0.0272; 2.1 s; peak memory 1191 MiB.
2026-09-19T10:56:45Z INFO [121/374] 074fa7c3-08c4-4510-8f1f-b7dc04d6077f: Sackin index -0.1658; 1.0 s; peak memory 1191 MiB.
2026-09-19T10:56:49Z INFO [122/374] 074fb38d-8f97-437d-9e49-df2bf8330594: Sackin index -0.0462; 4.1 s; peak memory 1191 MiB.
2026-09-19T10:56:55Z INFO [123/374] 07503ca0-7693-4ccb-81fa-a827eac35250: Sackin index -0.0357; 6.4 s; peak memory 1191 MiB.
2026-09-19T10:57:02Z INFO [124/374] 0750e8f3-5e8a-4c42-aad4-303e0c61400c: Sackin index -0.0476; 6.3 s; peak memory 1191 MiB.
2026-09-19T10:57:04Z INFO [125/374] 07517ec6-ffd1-4c7d-9e45-6390bab8baf1: Sackin index -0.0326; 1.9 s; peak memory 1191 MiB.
2026-09-19T10:57:05Z INFO [126/374] 07521bf9-5f59-4cba-a716-ae822b8ba8b4: Sackin index -0.0382; 1.4 s; peak memory 1191 MiB.
2026-09-19T10:57:06Z INFO [127/374] 0752b896-4305-4d06-af73-6884e7d39df8: Sackin index -0.1448; 0.9 s; peak memory 1191 MiB.
2026-09-19T10:57:11Z INFO [128/374] 0752f0da-e95d-4054-8e40-ecd54108c951: Sackin index -0.0403; 5.0 s; peak memory 1191 MiB.
2026-09-19T10:57:12Z INFO [129/374] 07536aa9-7d6c-4e88-bd88-1d9517b4cb3a: Sackin index -0.0702; 1.3 s; peak memory 1191 MiB.
2026-09-19T10:57:21Z INFO [130/374] 07541557-74db-443c-b8d4-6d8d2978f08c: Sackin index -0.0171; 8.9 s; peak memory 1191 MiB.
2026-09-19T10:57:26Z INFO [131/374] 07544e97-08eb-4cd3-a8d6-db2ba4556544: Sackin index -0.1938; 4.5 s; peak memory 1191 MiB.
2026-09-19T10:57:27Z INFO [132/374] 075492ee-8235-4128-bda0-edf90b5986bd: Sackin index -0.1349; 1.2 s; peak memory 1191 MiB.
2026-09-19T10:57:28Z INFO [133/374] 0754dafe-459c-4823-9d00-5d670ce165a3: Sackin index -0.1349; 1.2 s; peak memory 1191 MiB.
2026-09-19T10:57:29Z INFO [134/374] 075519f8-98db-4d07-b118-768869f770aa: Sackin index -0.1248; 1.3 s; peak memory 1191 MiB.
2026-09-19T10:57:31Z INFO [135/374] 075656cd-6a00-4619-bc60-80be5a605f33: Sackin index -0.0702; 1.7 s; peak memory 1191 MiB.
2026-09-19T10:57:32Z INFO [136/374] 0756fa1a-bf6b-4647-a0b5-11c35510ec55: Sackin index -0.1349; 1.1 s; peak memory 1191 MiB.
2026-09-19T10:57:34Z INFO [137/374] 0758504e-115e-4c77-a84d-6ed9140fd392: Sackin index -0.1349; 1.2 s; peak memory 1191 MiB.
2026-09-19T10:57:48Z INFO [138/374] 07587f38-19c8-4b3c-9f6f-e8e70f1dbf68: Sackin index -0.0180; 14.3 s; peak memory 1191 MiB.
2026-09-19T10:57:50Z INFO [139/374] 0758df8d-7eaf-4318-82df-7cdfa27f1988: Sackin index -0.0275; 1.8 s; peak memory 1191 MiB.
2026-09-19T10:57:51Z INFO [140/374] 0758e09f-7f0b-4d58-b0f9-4c887926f01b: Sackin index -0.1658; 1.0 s; peak memory 1191 MiB.
2026-09-19T10:57:52Z INFO [141/374] 0758e696-430d-4519-a807-d9b33f800b11: Sackin index -0.0881; 1.4 s; peak memory 1191 MiB.
2026-09-19T10:57:53Z INFO [142/374] 07592932-5fe2-460a-a89e-c98bc2a4eec6: Sackin index -0.1704; 1.4 s; peak memory 1191 MiB.
2026-09-19T10:57:55Z INFO [143/374] 0759660a-ea15-427d-9d30-c52e673467d0: Sackin index -0.1658; 1.2 s; peak memory 1191 MiB.
2026-09-19T10:57:57Z INFO [144/374] 0759cf7c-abf0-4582-ab48-2e8196b0c069: Sackin index -0.0869; 2.7 s; peak memory 1191 MiB.
2026-09-19T10:58:00Z INFO [145/374] 075a3802-7434-4c93-91a0-aeda25695ac3: Sackin index -0.0704; 3.0 s; peak memory 1191 MiB.
2026-09-19T10:58:02Z INFO [146/374] 075a66a5-81c2-4a1f-bc55-03203bcd92ce: Sackin index -0.1273; 1.4 s; peak memory 1191 MiB.
2026-09-19T10:58:03Z INFO [147/374] 075a6c60-b4c2-4459-af51-2cdd73088430: Sackin index -0.1349; 1.2 s; peak memory 1191 MiB.
2026-09-19T10:58:46Z INFO [148/374] 075a7f4d-14f7-4c00-abd6-77b2420138c8: Sackin index -0.0017; 43.1 s; peak memory 1191 MiB.
2026-09-19T10:58:47Z INFO [149/374] 075aad05-aeba-4425-bf4b-7d00633417a3: Sackin index -0.2229; 1.3 s; peak memory 1191 MiB.
2026-09-19T10:58:54Z INFO [150/374] 075af0bb-772e-4c90-b8ec-108485f1c83c: Sackin index -0.0246; 6.4 s; peak memory 1191 MiB.
2026-09-19T10:58:54Z INFO [150/374] 075af0bb-772e-4c90-b8ec-108485f1c83c: checkpointed 50419 records.
2026-09-19T10:58:57Z INFO [151/374] 075b7169-f709-4c34-8ef9-17fc53d37e5e: Sackin index -0.0797; 3.2 s; peak memory 1191 MiB.
2026-09-19T10:59:03Z INFO [152/374] 075c0e43-9f53-46de-a291-ef6809029819: Sackin index -0.0435; 6.1 s; peak memory 1191 MiB.
2026-09-19T10:59:05Z INFO [153/374] 075d4ed5-a566-4121-a011-e569905554ef: Sackin index -0.0457; 1.7 s; peak memory 1191 MiB.
2026-09-19T10:59:06Z INFO [154/374] 075e07b1-3365-4d4a-9a93-2045fbf84ee3: Sackin index -0.1658; 1.1 s; peak memory 1191 MiB.
2026-09-19T10:59:07Z INFO [155/374] 075e4178-2721-4a32-8f25-62d99cfd010c: Sackin index -0.1658; 1.0 s; peak memory 1191 MiB.
2026-09-19T10:59:13Z INFO [156/374] 075e5942-01c2-45a8-8373-c6634787298d: Sackin index -0.1562; 6.3 s; peak memory 1191 MiB.
2026-09-19T10:59:15Z INFO [157/374] 075e7da4-7592-4c20-82fd-934570ce17f0: Sackin index -0.1248; 1.3 s; peak memory 1191 MiB.
2026-09-19T10:59:16Z INFO [158/374] 076003fd-1997-40fa-b912-588a4dce50f1: Sackin index -0.1602; 1.2 s; peak memory 1191 MiB.
2026-09-19T10:59:17Z INFO [159/374] 076094fd-f3be-4273-96ee-26bffc5405b1: Sackin index -0.1349; 1.1 s; peak memory 1191 MiB.
2026-09-19T10:59:18Z INFO [160/374] 076142cf-0c4c-40c8-802c-47f477a6693c: Sackin index -0.1349; 1.1 s; peak memory 1191 MiB.
2026-09-19T10:59:20Z INFO [161/374] 0761e12a-b5f6-420d-8331-7110c42ff932: Sackin index -0.0728; 1.8 s; peak memory 1191 MiB.
2026-09-19T10:59:21Z INFO [162/374] 076268e0-bc73-46f0-9795-53adae880490: Sackin index -0.0383; 1.4 s; peak memory 1191 MiB.
2026-09-19T10:59:23Z INFO [163/374] 076274bd-6691-49d2-a0b6-e91a84891d89: Sackin index -0.0377; 1.6 s; peak memory 1191 MiB.
2026-09-19T10:59:24Z INFO [164/374] 076290cd-18a8-4c8e-934f-46b57e6e282e: Sackin index -0.0696; 1.4 s; peak memory 1191 MiB.
2026-09-19T10:59:26Z INFO [165/374] 07636724-679e-42e9-a1b6-fd17e6c44f05: Sackin index -0.0696; 1.5 s; peak memory 1191 MiB.
2026-09-19T10:59:27Z INFO [166/374] 076403b2-f9b0-478b-b723-38957c5de4f2: Sackin index -0.1349; 1.1 s; peak memory 1191 MiB.
2026-09-19T10:59:28Z INFO [167/374] 07642813-88ef-4ad7-8982-6a90c0785821: Sackin index -0.3646; 0.9 s; peak memory 1191 MiB.
2026-09-19T10:59:29Z INFO [168/374] 07649b54-5f16-48d2-aa7a-873005498334: Sackin index -0.1265; 1.7 s; peak memory 1191 MiB.
2026-09-19T10:59:42Z INFO [169/374] 07657b56-8630-49dd-b51a-e65374dbcccd: Sackin index -0.0172; 12.7 s; peak memory 1191 MiB.
2026-09-19T10:59:43Z INFO [170/374] 0766708e-7888-42f6-b3bd-018863016286: Sackin index -0.1239; 1.1 s; peak memory 1191 MiB.
2026-09-19T10:59:44Z INFO [171/374] 0766e4d4-a485-49b5-9673-2c43b461cfcf: Sackin index -0.1349; 1.2 s; peak memory 1191 MiB.
2026-09-19T10:59:48Z INFO [172/374] 0766e53f-422b-4492-8a5c-4b337c149505: Sackin index -0.0660; 3.3 s; peak memory 1191 MiB.
2026-09-19T10:59:49Z INFO [173/374] 07674dff-0f0f-4919-af2c-30f283d2cc19: Sackin index -0.1161; 0.9 s; peak memory 1191 MiB.
2026-09-19T10:59:51Z INFO [174/374] 07674ea0-3894-4d67-bea0-53606002cb8d: Sackin index -0.0681; 2.1 s; peak memory 1191 MiB.
2026-09-19T10:59:52Z INFO [175/374] 07681e55-667e-42f7-a262-6894ca5a23de: Sackin index -0.1349; 1.1 s; peak memory 1191 MiB.
2026-09-19T11:00:07Z INFO [176/374] 076832fa-ec96-46a2-b70b-beeae98a7418: Sackin index -0.0135; 15.4 s; peak memory 1191 MiB.
2026-09-19T11:00:09Z INFO [177/374] 0768f31b-30e0-41be-a68d-94c875ab5954: Sackin index -0.0748; 1.3 s; peak memory 1191 MiB.
2026-09-19T11:00:16Z INFO [178/374] 076a3cfa-c6ec-4a73-ae17-90d9093f5e1d: Sackin index -0.0251; 7.4 s; peak memory 1191 MiB.
2026-09-19T11:00:17Z INFO [179/374] 076b4248-8d01-408a-a38b-fe578c475296: Sackin index -0.1658; 1.1 s; peak memory 1191 MiB.
2026-09-19T11:00:20Z INFO [180/374] 076b7011-052b-47f7-8ee2-2d3b5dec7c37: Sackin index -0.0677; 3.2 s; peak memory 1191 MiB.
2026-09-19T11:00:22Z INFO [181/374] 076c84d5-888f-4361-881f-a0931ce474b5: Sackin index -0.0702; 1.5 s; peak memory 1191 MiB.
2026-09-19T11:00:23Z INFO [182/374] 07700852-d819-4549-95c6-c2ef839c7ba0: Sackin index -0.0673; 1.2 s; peak memory 1191 MiB.
2026-09-19T11:00:32Z INFO [183/374] 0770840c-aa43-4f96-b5fd-0315824f815e: Sackin index -0.0288; 8.8 s; peak memory 1191 MiB.
2026-09-19T11:00:43Z INFO [184/374] 0771a0ae-5d35-4e00-b1c4-1dcaa14d75fd: Sackin index -0.0208; 11.6 s; peak memory 1191 MiB.
2026-09-19T11:00:44Z INFO [185/374] 07729c7a-0d6f-4eff-a354-a69e35b34f47: Sackin index -0.1484; 1.2 s; peak memory 1191 MiB.
2026-09-19T11:01:02Z INFO [186/374] 0772aa59-7a30-4a3f-b2e5-dab755d6b941: Sackin index -0.0126; 17.3 s; peak memory 1191 MiB.
2026-09-19T11:01:19Z INFO [187/374] 07731772-cc4a-4818-b04f-7d7091a47371: Sackin index -0.0121; 16.8 s; peak memory 1191 MiB.
2026-09-19T11:01:20Z INFO [188/374] 07735320-e4d4-43a7-ad2f-7386de7169fb: Sackin index -0.0384; 1.5 s; peak memory 1191 MiB.
2026-09-19T11:01:21Z INFO [189/374] 0773df98-736e-4063-99f9-93a8b652c9c2: Sackin index -0.1239; 1.1 s; peak memory 1191 MiB.
2026-09-19T11:01:23Z INFO [190/374] 077419b1-d88c-4171-9a33-e9c446ac84ca: Sackin index -0.0728; 1.7 s; peak memory 1191 MiB.
2026-09-19T11:01:24Z INFO [191/374] 0774d0b7-da7a-4592-8a3f-a8dd1654c310: Sackin index -0.0656; 1.3 s; peak memory 1191 MiB.
2026-09-19T11:01:29Z INFO [192/374] 0774dbd3-fdc5-47d8-a5b8-340178198f6b: Sackin index -0.0403; 5.2 s; peak memory 1191 MiB.
2026-09-19T11:01:30Z INFO [193/374] 0774fd54-3dee-44e0-9245-e53eb1f92017: Sackin index -0.1303; 1.1 s; peak memory 1191 MiB.
2026-09-19T11:01:32Z INFO [194/374] 077531a4-7bf6-432b-882d-d35b939db6db: Sackin index -0.0881; 1.5 s; peak memory 1191 MiB.
2026-09-19T11:01:33Z INFO [195/374] 0775bc73-063b-480f-82cb-73012c79a7d4: Sackin index -0.0709; 1.5 s; peak memory 1191 MiB.
2026-09-19T11:01:35Z INFO [196/374] 07762522-311e-4213-a000-f4b31470c550: Sackin index -0.0728; 1.8 s; peak memory 1191 MiB.
2026-09-19T11:01:36Z INFO [197/374] 07762eb6-e357-4bd3-a565-67b81b6c85bc: Sackin index -0.1349; 1.1 s; peak memory 1191 MiB.
2026-09-19T11:01:38Z INFO [198/374] 07763bae-b9af-4bd6-a26a-14877bc9fd15: Sackin index -0.0702; 1.4 s; peak memory 1191 MiB.
2026-09-19T11:01:39Z INFO [199/374] 0776f1f5-15a1-4a95-be81-e7b81298f85a: Sackin index -0.1349; 1.2 s; peak memory 1191 MiB.
2026-09-19T11:01:40Z INFO [200/374] 0777838b-11f1-428f-a0f5-a1fb5288ce38: Sackin index -0.0881; 1.2 s; peak memory 1191 MiB.
2026-09-19T11:01:40Z INFO [200/374] 0777838b-11f1-428f-a0f5-a1fb5288ce38: checkpointed 50469 records.
2026-09-19T11:01:43Z INFO [201/374] 077875ae-1695-4357-bf4a-e14fd871348e: Sackin index -0.0693; 2.7 s; peak memory 1191 MiB.
2026-09-19T11:01:45Z INFO [202/374] 0778be1f-b26a-4320-b701-106d44c31351: Sackin index -0.1938; 2.4 s; peak memory 1191 MiB.
2026-09-19T11:01:47Z INFO [203/374] 07792c3a-666d-43be-98b1-6718fa16b82d: Sackin index -0.0728; 1.7 s; peak memory 1191 MiB.
2026-09-19T11:01:49Z INFO [204/374] 07798d67-422b-442e-b0b0-29d8ccfcfadb: Sackin index -0.0569; 1.7 s; peak memory 1191 MiB.
2026-09-19T11:01:50Z INFO [205/374] 0779c792-23f9-4b33-abac-81b533dcf97d: Sackin index -0.0702; 1.4 s; peak memory 1191 MiB.
2026-09-19T11:01:52Z INFO [206/374] 077a4722-b95b-4324-b875-cc5fa8c5a1ff: Sackin index -0.0702; 1.4 s; peak memory 1191 MiB.
2026-09-19T11:01:59Z INFO [207/374] 077ac0ba-2bb5-42b8-b12f-7fe172d834bb: Sackin index -0.0251; 7.6 s; peak memory 1191 MiB.
2026-09-19T11:02:01Z INFO [208/374] 077b3356-94b3-49f4-87f0-b2d02b8ddbf1: Sackin index -0.0369; 2.0 s; peak memory 1191 MiB.
2026-09-19T11:02:02Z INFO [209/374] 077c155c-ef3c-495f-848e-f2894a09432c: Sackin index -0.1349; 1.1 s; peak memory 1191 MiB.
2026-09-19T11:02:03Z INFO [210/374] 077c79ef-4d58-45fa-a4ae-5b3c5714703b: Sackin index -0.1349; 1.1 s; peak memory 1191 MiB.
2026-09-19T11:02:04Z INFO [211/374] 077d5813-ea0d-48ff-a5fc-f28c94951c8d: Sackin index -0.3646; 1.0 s; peak memory 1191 MiB.
2026-09-19T11:02:06Z INFO [212/374] 077e9d94-b8fe-4e0e-b844-27b064979167: Sackin index -0.0375; 1.8 s; peak memory 1191 MiB.
2026-09-19T11:02:08Z INFO [213/374] 077ebac6-d065-4936-8205-4be6e534b4b9: Sackin index -0.0386; 1.5 s; peak memory 1191 MiB.
2026-09-19T11:02:09Z INFO [214/374] 077ecda9-6ab3-40ce-bdde-b49c5f2374c7: Sackin index -0.0881; 1.7 s; peak memory 1191 MiB.
2026-09-19T11:02:11Z INFO [215/374] 077f2bb7-919a-4d22-bff1-0ced73745fc4: Sackin index -0.0745; 1.9 s; peak memory 1191 MiB.
2026-09-19T11:02:13Z INFO [216/374] 077f63b5-58b8-4b7e-8904-989599a03744: Sackin index -0.0702; 1.4 s; peak memory 1191 MiB.
2026-09-19T11:02:14Z INFO [217/374] 077fd5c6-14f0-443d-89a2-c9ee72d59403: Sackin index -0.0728; 1.6 s; peak memory 1191 MiB.
2026-09-19T11:02:15Z INFO [218/374] 07802c0b-343b-4fc4-b3b2-0eca07f65ded: Sackin index -0.1349; 1.2 s; peak memory 1191 MiB.
2026-09-19T11:02:20Z INFO [219/374] 07807746-de49-4f12-baae-e3d16dedda16: Sackin index -0.0288; 4.7 s; peak memory 1191 MiB.
2026-09-19T11:02:22Z INFO [220/374] 0780ab94-8664-49dc-90a0-67ad0107f689: Sackin index -0.0702; 1.4 s; peak memory 1191 MiB.
2026-09-19T11:02:24Z INFO [221/374] 07824ad5-cd00-47be-bdd3-444a84a57fe8: Sackin index -0.1013; 1.9 s; peak memory 1191 MiB.
2026-09-19T11:04:33Z INFO [222/374] 0782b839-4485-486c-a27f-6f6d08af3cb4: Sackin index -0.0271; 129.7 s; peak memory 1191 MiB.
2026-09-19T11:05:04Z INFO [223/374] 07833880-c538-4546-8abb-60e36d57d161: Sackin index -0.0115; 31.1 s; peak memory 1191 MiB.
2026-09-19T11:05:17Z INFO [224/374] 0783681d-f5fe-4770-9efd-3c2e2f98f6cd: Sackin index -0.0189; 12.4 s; peak memory 1191 MiB.
2026-09-19T11:05:18Z INFO [225/374] 078387a4-bd5c-4cf6-b899-2aa092d4adb0: Sackin index -0.0384; 1.6 s; peak memory 1191 MiB.
2026-09-19T11:05:20Z INFO [226/374] 0783dd49-2d3b-4341-b816-f5c2f4a129d5: Sackin index -0.0709; 1.5 s; peak memory 1191 MiB.
2026-09-19T11:05:23Z INFO [227/374] 07855470-88f5-4888-93f7-f57ef7e315f1: Sackin index -0.0686; 3.1 s; peak memory 1191 MiB.
2026-09-19T11:05:43Z INFO [228/374] 0785bb44-acfd-4693-9b5e-1e8b5657a658: Sackin index -0.0142; 20.0 s; peak memory 1191 MiB.
2026-09-19T11:05:45Z INFO [229/374] 0785c0b1-cab7-4efd-8892-8ef87f41a2af: Sackin index -0.0365; 1.6 s; peak memory 1191 MiB.
2026-09-19T11:05:55Z INFO [230/374] 07866686-a7eb-44dc-b692-8d1d1d72844e: Sackin index -0.0408; 10.7 s; peak memory 1191 MiB.
2026-09-19T11:05:57Z INFO [231/374] 078729ca-cc05-4090-8887-d8c4ec8413fc: Sackin index -0.1144; 2.0 s; peak memory 1191 MiB.
2026-09-19T11:05:59Z INFO [232/374] 07877587-9f3c-4b27-9721-1de69d560ace: Sackin index -0.0379; 1.7 s; peak memory 1191 MiB.
2026-09-19T11:06:00Z INFO [233/374] 07878b9d-d177-4611-a1dd-df1dc4ecf18d: Sackin index -0.0709; 1.4 s; peak memory 1191 MiB.
2026-09-19T11:06:02Z INFO [234/374] 078797e5-e7e0-40d8-a81c-cf0da4ab202b: Sackin index -0.1349; 1.2 s; peak memory 1191 MiB.
2026-09-19T11:06:04Z INFO [235/374] 07881ab4-3b82-4c9d-b271-c84eefb1925e: Sackin index -0.0699; 2.8 s; peak memory 1191 MiB.
2026-09-19T11:06:06Z INFO [236/374] 0788aa90-9234-4cb9-9fae-c28c28815e30: Sackin index -0.0696; 1.3 s; peak memory 1191 MiB.
2026-09-19T11:06:07Z INFO [237/374] 07890cc0-b737-44fc-bfeb-49ff4d00f05d: Sackin index -0.1349; 1.1 s; peak memory 1191 MiB.
2026-09-19T11:06:20Z INFO [238/374] 07892863-72fd-45fc-9657-65d4e66a0257: Sackin index -0.0407; 13.0 s; peak memory 1191 MiB.
2026-09-19T11:06:21Z INFO [239/374] 07892a01-00cd-49e9-ade4-177403a9a7fd: Sackin index -0.1068; 1.4 s; peak memory 1191 MiB.
2026-09-19T11:06:35Z INFO [240/374] 07892c74-bb49-4723-96b5-3cb327cbb0d3: Sackin index -0.0125; 14.3 s; peak memory 1191 MiB.
2026-09-19T11:06:37Z INFO [241/374] 07896369-5928-48a0-b41c-eb2020037a78: Sackin index -0.0696; 1.4 s; peak memory 1191 MiB.
2026-09-19T11:06:38Z INFO [242/374] 0789a366-9400-44f7-a5da-0f104b593baa: Sackin index -0.1484; 1.0 s; peak memory 1191 MiB.
2026-09-19T11:06:40Z INFO [243/374] 078a88a8-0f3e-4fa3-9d11-4c0c18318d2e: Sackin index -0.0728; 1.9 s; peak memory 1191 MiB.
2026-09-19T11:06:41Z INFO [244/374] 078b349f-341f-463e-a1c3-c0e82d8d1eb1: Sackin index -0.0376; 1.5 s; peak memory 1191 MiB.
2026-09-19T11:06:43Z INFO [245/374] 078bd1e3-5015-4b20-a161-8fc9953b0635: Sackin index -0.0881; 1.7 s; peak memory 1191 MiB.
2026-09-19T11:06:44Z INFO [246/374] 078bd6a6-8291-4e08-ae5a-76e36cbb2581: Sackin index -0.1349; 1.2 s; peak memory 1191 MiB.
2026-09-19T11:06:45Z INFO [247/374] 078d2fc1-5daa-4002-9fc3-cd3101dd34df: Sackin index -0.1349; 1.2 s; peak memory 1191 MiB.
2026-09-19T11:06:46Z INFO [248/374] 07913df6-8092-48c2-8b61-60ea99b5958c: Sackin index -0.1658; 1.0 s; peak memory 1191 MiB.
2026-09-19T11:06:48Z INFO [249/374] 07915f8e-5a32-4c18-bc12-1803bf79a9ed: Sackin index -0.1321; 1.1 s; peak memory 1191 MiB.
2026-09-19T11:06:49Z INFO [250/374] 0791e89c-0745-4dcd-b912-d8d1f168fdda: Sackin index -0.1408; 1.6 s; peak memory 1191 MiB.
2026-09-19T11:06:49Z INFO [250/374] 0791e89c-0745-4dcd-b912-d8d1f168fdda: checkpointed 50519 records.
2026-09-19T11:06:50Z INFO [251/374] 0794a458-159e-421f-99c6-f265199b2d56: Sackin index -0.1349; 1.2 s; peak memory 1191 MiB.
2026-09-19T11:06:51Z INFO [252/374] 0794dfc9-873a-46e6-91dc-afb080ec5249: Sackin index -0.1356; 1.1 s; peak memory 1191 MiB.
2026-09-19T11:06:54Z INFO [253/374] 0794eaed-6aa5-4e5c-a106-992b24a8b9dc: Sackin index -0.0676; 2.7 s; peak memory 1191 MiB.
2026-09-19T11:06:56Z INFO [254/374] 079531cc-f247-4f26-be13-adae04eeaaea: Sackin index -0.1194; 1.7 s; peak memory 1191 MiB.
2026-09-19T11:07:09Z INFO [255/374] 0796bc45-62e0-46e6-9d73-626ac80e5a55: Sackin index -0.0216; 13.7 s; peak memory 1191 MiB.
2026-09-19T11:07:11Z INFO [256/374] 0796cc5d-7788-433b-9009-a79b81eb2306: Sackin index -0.1248; 1.2 s; peak memory 1191 MiB.
2026-09-19T11:07:12Z INFO [257/374] 079700a4-45d5-4a14-af81-694ac7215dd4: Sackin index -0.1349; 1.3 s; peak memory 1191 MiB.
2026-09-19T11:07:18Z INFO [258/374] 07970bab-b0fe-4f37-bda1-0a8e7803552a: Sackin index -0.0415; 5.6 s; peak memory 1191 MiB.
2026-09-19T11:07:23Z INFO [259/374] 07974c78-3d31-4572-9e27-d92e6946afde: Sackin index -0.0892; 5.4 s; peak memory 1191 MiB.
2026-09-19T11:07:25Z INFO [260/374] 07985c72-2cb0-46cc-9d14-7cf39f213881: Sackin index -0.0728; 2.0 s; peak memory 1191 MiB.
2026-09-19T11:07:26Z INFO [261/374] 0798c57a-b1f1-4f9e-96b0-50d1c01e3831: Sackin index -0.1349; 1.2 s; peak memory 1191 MiB.
2026-09-19T11:07:27Z INFO [262/374] 0798c954-590d-4c60-8130-5d31a6690827: Sackin index -0.1349; 1.3 s; peak memory 1191 MiB.
2026-09-19T11:07:32Z INFO [263/374] 079903a9-4da6-4c54-b31b-859f1be2b4cc: Sackin index -0.1310; 4.9 s; peak memory 1191 MiB.
2026-09-19T11:07:34Z INFO [264/374] 079919be-08ad-46f5-bbc0-6ee91d8ae793: Sackin index -0.0746; 1.7 s; peak memory 1191 MiB.
2026-09-19T11:07:36Z INFO [265/374] 07991a58-7650-47a9-8e66-876124d5cf1e: Sackin index -0.0377; 1.5 s; peak memory 1191 MiB.
2026-09-19T11:07:37Z INFO [266/374] 079a1b7c-f9ae-4d10-9450-f1ff5c089856: Sackin index -0.0766; 1.9 s; peak memory 1191 MiB.
2026-09-19T11:07:48Z INFO [267/374] 079b2db7-f74d-469a-9727-00ca244e0f32: Sackin index -0.0288; 10.5 s; peak memory 1191 MiB.
2026-09-19T11:09:25Z INFO [268/374] 079b6781-516c-4014-927e-ce41acf94acd: Sackin index -0.0305; 96.9 s; peak memory 1191 MiB.
2026-09-19T11:09:26Z INFO [269/374] 079b8698-8ed3-4f47-9383-c168bd9729b9: Sackin index -0.1248; 1.3 s; peak memory 1191 MiB.
2026-09-19T11:09:32Z INFO [270/374] 079b9200-de4a-44e8-8d6e-d395e4990fd7: Sackin index -0.0261; 5.4 s; peak memory 1191 MiB.
2026-09-19T11:09:34Z INFO [271/374] 079c586e-9658-40b3-b863-95fbd5439657: Sackin index -0.0388; 2.9 s; peak memory 1191 MiB.
2026-09-19T11:09:39Z INFO [272/374] 079c6245-91b2-45bd-9bea-11edcf39a13b: Sackin index -0.0403; 5.0 s; peak memory 1191 MiB.
2026-09-19T11:09:42Z INFO [273/374] 079caedb-0849-44c4-93c3-74c2c931c8b4: Sackin index -0.0272; 2.2 s; peak memory 1191 MiB.
2026-09-19T11:09:43Z INFO [274/374] 079e6188-5146-4312-91f4-6ef510137392: Sackin index -0.0745; 1.7 s; peak memory 1191 MiB.
2026-09-19T11:10:11Z INFO [275/374] 079e9dbb-9d41-47e9-a329-cf46fa662be6: Sackin index -0.1310; 27.3 s; peak memory 1191 MiB.
2026-09-19T11:10:25Z INFO [276/374] 07a18f03-cd69-4588-a405-b8693d5f5c01: Sackin index -0.1462; 14.1 s; peak memory 1191 MiB.
2026-09-19T11:10:25Z INFO [277/374] 07a1b019-3fb3-4af5-94b5-493756ee7440: Sackin index -0.2168; 0.8 s; peak memory 1191 MiB.
2026-09-19T11:10:28Z INFO [278/374] 07a1e496-22da-4030-8399-e0add02029cc: Sackin index -0.0665; 2.6 s; peak memory 1191 MiB.
2026-09-19T11:10:29Z INFO [279/374] 07a36dfa-40a7-44d6-ab15-0ebd488e837d: Sackin index -0.0702; 1.3 s; peak memory 1191 MiB.
2026-09-19T11:10:31Z INFO [280/374] 07a3b285-034f-4692-9e74-19c0075748af: Sackin index -0.1349; 1.2 s; peak memory 1191 MiB.
2026-09-19T11:10:32Z INFO [281/374] 07a3ee37-864a-4dd6-943d-81c5616dd34c: Sackin index -0.1349; 1.2 s; peak memory 1191 MiB.
2026-09-19T11:10:47Z INFO [282/374] 07a41cdf-4390-47ea-8f59-c11785c4a01a: Sackin index -0.0156; 15.1 s; peak memory 1191 MiB.
2026-09-19T11:10:49Z INFO [283/374] 07a45978-6095-4471-95b5-ab727242972f: Sackin index -0.1938; 2.5 s; peak memory 1191 MiB.
2026-09-19T11:10:51Z INFO [284/374] 07a46364-e315-4042-83c3-f1ffce44ba5e: Sackin index -0.0728; 1.5 s; peak memory 1191 MiB.
2026-09-19T11:10:56Z INFO [285/374] 07a5135a-ac93-4b1c-823a-1a473a7915cf: Sackin index -0.0403; 5.4 s; peak memory 1191 MiB.
2026-09-19T11:10:58Z INFO [286/374] 07a54386-9813-4867-a2da-4f164a03c1cc: Sackin index -0.0728; 1.8 s; peak memory 1191 MiB.
2026-09-19T11:11:00Z INFO [287/374] 07a5ce55-7404-49d1-96fa-bdd9b541f2d9: Sackin index -0.0702; 1.7 s; peak memory 1191 MiB.
2026-09-19T11:11:01Z INFO [288/374] 07a5fbe8-108d-4c84-9e6b-6f7259247251: Sackin index -0.1938; 1.1 s; peak memory 1191 MiB.
2026-09-19T11:11:02Z INFO [289/374] 07a60604-bf3a-42ed-b52b-7c57fce8f75d: Sackin index -0.1349; 1.2 s; peak memory 1191 MiB.
2026-09-19T11:11:03Z INFO [290/374] 07a669ed-80c5-4ff3-a34c-f9d153e9a945: Sackin index -0.1120; 0.9 s; peak memory 1191 MiB.
2026-09-19T11:11:05Z INFO [291/374] 07a6997d-caa4-4fb9-9b0b-b4b0f65970a9: Sackin index -0.0728; 1.6 s; peak memory 1191 MiB.
2026-09-19T11:11:06Z INFO [292/374] 07a6f758-cca2-4b46-abff-8dabe1facaac: Sackin index -0.0702; 1.3 s; peak memory 1191 MiB.
2026-09-19T11:11:08Z INFO [293/374] 07a7860c-8c10-47fb-a9cb-951582cbb2f7: Sackin index -0.0369; 2.2 s; peak memory 1191 MiB.
2026-09-19T11:11:10Z INFO [294/374] 07a838a6-4f3d-4bf3-9dbf-8c44c3a56a0b: Sackin index -0.0702; 1.4 s; peak memory 1191 MiB.
2026-09-19T11:11:18Z INFO [295/374] 07a8901f-c9a5-40aa-a58b-aad42783ff8e: Sackin index -0.0278; 7.9 s; peak memory 1191 MiB.
2026-09-19T11:11:19Z INFO [296/374] 07a9cd5d-2507-4a13-a536-607a6724fda8: Sackin index -0.1349; 1.2 s; peak memory 1191 MiB.
2026-09-19T11:11:21Z INFO [297/374] 07aa3393-ed6a-445d-b200-a9d1c19afc86: Sackin index -0.0728; 1.8 s; peak memory 1191 MiB.
2026-09-19T11:11:22Z INFO [298/374] 07aa70f7-c891-4dcf-b21b-14e80058a776: Sackin index -0.0376; 1.6 s; peak memory 1191 MiB.
2026-09-19T11:11:23Z INFO [299/374] 07aa895e-9c04-49bb-b2ec-cc63172e16b2: Sackin index -0.1938; 1.0 s; peak memory 1191 MiB.
2026-09-19T11:11:24Z INFO [300/374] 07ab2e06-12d6-46c8-bddd-27268f267f32: Sackin index -0.1938; 1.0 s; peak memory 1191 MiB.
2026-09-19T11:11:24Z INFO [300/374] 07ab2e06-12d6-46c8-bddd-27268f267f32: checkpointed 50569 records.
2026-09-19T11:11:26Z INFO [301/374] 07ab600b-f729-47e7-beb5-ef12faa87856: Sackin index -0.0376; 1.7 s; peak memory 1191 MiB.
2026-09-19T11:11:28Z INFO [302/374] 07ab87a1-6a48-42a2-a834-cacdfd58524d: Sackin index -0.0728; 1.9 s; peak memory 1191 MiB.
2026-09-19T11:11:31Z INFO [303/374] 07abc20e-5bb6-4ac0-b0fe-744562e49b49: Sackin index -0.0869; 3.5 s; peak memory 1191 MiB.
2026-09-19T11:11:32Z INFO [304/374] 07abc754-c667-4443-959d-4817e8893d41: Sackin index -0.1602; 1.2 s; peak memory 1191 MiB.
2026-09-19T11:11:34Z INFO [305/374] 07ad5401-dc86-4a92-8b0b-f643536eec23: Sackin index -0.0702; 1.5 s; peak memory 1191 MiB.
2026-09-19T11:11:35Z INFO [306/374] 07ad9d4a-98a0-4a3c-9828-55d70fba18c5: Sackin index -0.0709; 1.4 s; peak memory 1191 MiB.
2026-09-19T11:11:37Z INFO [307/374] 07adc3e9-e881-41c0-9d9b-1e57b1cbb51d: Sackin index -0.0745; 1.4 s; peak memory 1191 MiB.
2026-09-19T11:11:38Z INFO [308/374] 07aed3b7-ad3e-439d-b16e-8b7a1f6b8ae2: Sackin index -0.0377; 1.6 s; peak memory 1191 MiB.
2026-09-19T11:11:40Z INFO [309/374] 07af21f6-a080-4518-b0cd-73ff3014f4fd: Sackin index -0.0369; 2.0 s; peak memory 1191 MiB.
2026-09-19T11:11:41Z INFO [310/374] 07af5421-9536-456d-ac14-6b99967a2f58: Sackin index -0.3646; 1.0 s; peak memory 1191 MiB.
2026-09-19T11:11:43Z INFO [311/374] 07afa4b6-beca-43c1-9e6c-037828c02db4: Sackin index -0.0728; 1.6 s; peak memory 1191 MiB.
2026-09-19T11:11:45Z INFO [312/374] 07afda01-f792-4bf5-b4d3-50ebb2063e15: Sackin index -0.0728; 1.7 s; peak memory 1191 MiB.
2026-09-19T11:11:46Z INFO [313/374] 07aff2c2-50b9-4551-8810-1e6425b8a4b2: Sackin index -0.1658; 0.8 s; peak memory 1191 MiB.
2026-09-19T11:13:32Z INFO [314/374] 07b02509-324a-4e47-8472-03d4990ae5ee: Sackin index -0.0305; 106.5 s; peak memory 1191 MiB.
2026-09-19T11:13:34Z INFO [315/374] 07b04f95-309c-40f0-9247-9cdf833c333b: Sackin index -0.0702; 1.5 s; peak memory 1191 MiB.
2026-09-19T11:13:35Z INFO [316/374] 07b1818c-b669-4567-ac06-03b89b40da9c: Sackin index -0.1349; 1.2 s; peak memory 1191 MiB.
2026-09-19T11:13:36Z INFO [317/374] 07b19760-855e-49af-9318-7b30dce1399d: Sackin index -0.0881; 1.7 s; peak memory 1191 MiB.
2026-09-19T11:13:38Z INFO [318/374] 07b22c9d-fd12-4838-bb54-dc80d3c528b5: Sackin index -0.0728; 1.4 s; peak memory 1191 MiB.
2026-09-19T11:13:39Z INFO [319/374] 07b439f1-b6ee-4a1b-b939-98f27c0367fe: Sackin index -0.0728; 1.6 s; peak memory 1191 MiB.
2026-09-19T11:13:41Z INFO [320/374] 07b486bf-680f-4900-bb80-72ad284e9a4b: Sackin index -0.0728; 1.7 s; peak memory 1191 MiB.
2026-09-19T11:13:42Z INFO [321/374] 07b51e6f-f301-4eca-8920-245f95f0441a: Sackin index -0.0702; 1.3 s; peak memory 1191 MiB.
2026-09-19T11:13:44Z INFO [322/374] 07b5579d-eb47-43e1-861c-e07f40023a76: Sackin index -0.0413; 1.6 s; peak memory 1191 MiB.
2026-09-19T11:13:45Z INFO [323/374] 07b59997-8007-43fe-917f-f1435e5240fd: Sackin index -0.0709; 1.4 s; peak memory 1191 MiB.
2026-09-19T11:13:48Z INFO [324/374] 07b7a37c-b9f7-4a59-81cb-eb1193f309c9: Sackin index -0.0699; 2.6 s; peak memory 1191 MiB.
2026-09-19T11:13:49Z INFO [325/374] 07b95b1b-36b0-4251-ac55-8f8e11ea73da: Sackin index -0.1349; 1.2 s; peak memory 1191 MiB.
2026-09-19T11:13:50Z INFO [326/374] 07b96a2f-0e45-4e98-8d7e-0952cf8b571e: Sackin index -0.1349; 1.1 s; peak memory 1191 MiB.
2026-09-19T11:15:36Z INFO [327/374] 07b9bb76-67b7-4025-a2cc-9c76a6b51c58: Sackin index -0.0305; 106.1 s; peak memory 1191 MiB.
2026-09-19T11:15:39Z INFO [328/374] 07ba1bc9-42b8-43d8-92f8-a532dcadd851: Sackin index -0.0693; 2.8 s; peak memory 1191 MiB.
2026-09-19T11:15:47Z INFO [329/374] 07ba1fba-e7aa-488c-a24a-0804226f8307: Sackin index -0.0240; 7.6 s; peak memory 1191 MiB.
2026-09-19T11:15:48Z INFO [330/374] 07ba5034-ba1b-4f87-94d4-e2349674c9e7: Sackin index -0.1248; 1.4 s; peak memory 1191 MiB.
2026-09-19T11:15:50Z INFO [331/374] 07ba6ad1-8a6b-4761-bcae-0ccf3f0bfd7a: Sackin index -0.0369; 1.7 s; peak memory 1191 MiB.
2026-09-19T11:15:52Z INFO [332/374] 07ba9e57-6784-42b0-802f-65415b7b6d82: Sackin index -0.0999; 2.4 s; peak memory 1191 MiB.
2026-09-19T11:15:55Z INFO [333/374] 07bb52a8-06ad-4865-a8d8-4d61984ba9e0: Sackin index -0.0818; 2.3 s; peak memory 1191 MiB.
2026-09-19T11:15:56Z INFO [334/374] 07bb793c-618d-410f-8680-acdf1ccb1f6d: Sackin index -0.0720; 1.1 s; peak memory 1191 MiB.
2026-09-19T11:15:57Z INFO [335/374] 07bb7c7e-1125-4c64-ab10-cafb8838f1af: Sackin index -0.1356; 0.9 s; peak memory 1191 MiB.
2026-09-19T11:16:06Z INFO [336/374] 07bb8a60-72eb-4b69-b202-298e72896e89: Sackin index -0.0170; 9.7 s; peak memory 1191 MiB.
2026-09-19T11:16:07Z INFO [337/374] 07bbb388-c18c-4913-b86b-690f3e491230: Sackin index -0.1349; 1.1 s; peak memory 1191 MiB.
2026-09-19T11:16:08Z INFO [338/374] 07bc9fd8-a8c2-4974-b27a-cdffbf4ffd31: Sackin index -0.2168; 0.9 s; peak memory 1191 MiB.
2026-09-19T11:16:10Z INFO [339/374] 07bcd9fa-4715-40e2-8b4b-10681ae5e96f: Sackin index -0.1244; 1.8 s; peak memory 1191 MiB.
2026-09-19T11:17:52Z INFO [340/374] 07bd15a5-8176-4c51-9c02-8b467523fb03: Sackin index -0.0024; 101.4 s; peak memory 1191 MiB.
2026-09-19T11:17:56Z INFO [341/374] 07bd3bbc-2249-4a9c-bc8e-fe58d229b230: Sackin index -0.1938; 4.6 s; peak memory 1191 MiB.
2026-09-19T11:17:57Z INFO [342/374] 07bd3fb6-c732-49e5-a221-ce8092153e6e: Sackin index -0.1349; 1.2 s; peak memory 1191 MiB.
2026-09-19T11:17:59Z INFO [343/374] 07bd7f91-9639-4916-9250-14062e90ac3e: Sackin index -0.0375; 1.5 s; peak memory 1191 MiB.
2026-09-19T11:18:01Z INFO [344/374] 07be3694-3e48-490e-bfe0-2831cc8a2187: Sackin index -0.0369; 1.9 s; peak memory 1191 MiB.
2026-09-19T11:18:02Z INFO [345/374] 07c02721-8c97-4b0c-b56a-a58b06b08bc2: Sackin index -0.1349; 1.2 s; peak memory 1191 MiB.
2026-09-19T11:18:03Z INFO [346/374] 07c041a6-583c-4d7c-8905-c015b4359e59: Sackin index -0.0696; 1.4 s; peak memory 1191 MiB.
2026-09-19T11:18:05Z INFO [347/374] 07c0e45f-fa9a-4f00-afec-92f70211f312: Sackin index -0.1380; 1.3 s; peak memory 1191 MiB.
2026-09-19T11:18:10Z INFO [348/374] 07c0f911-5568-4996-a841-00cdfc962ad4: Sackin index -0.0411; 5.2 s; peak memory 1191 MiB.
2026-09-19T11:18:13Z INFO [349/374] 07c122ff-5787-4065-8107-90f4791fc624: Sackin index -0.0660; 3.2 s; peak memory 1191 MiB.
2026-09-19T11:18:15Z INFO [350/374] 07c14be5-de30-438f-a04e-6917ee8209c7: Sackin index -0.0702; 1.5 s; peak memory 1191 MiB.
2026-09-19T11:18:15Z INFO [350/374] 07c14be5-de30-438f-a04e-6917ee8209c7: checkpointed 50619 records.
2026-09-19T11:18:16Z INFO [351/374] 07c227f9-69f0-47e7-81da-5b54a2d7dbd1: Sackin index -0.1349; 1.1 s; peak memory 1191 MiB.
2026-09-19T11:18:17Z INFO [352/374] 07c25080-652b-445a-a053-a5bdf22202ef: Sackin index -0.1658; 1.0 s; peak memory 1191 MiB.
2026-09-19T11:18:18Z INFO [353/374] 07c261f3-31bb-4484-b3f8-c42a7db83807: Sackin index -0.0702; 1.4 s; peak memory 1191 MiB.
2026-09-19T11:18:24Z INFO [354/374] 07c2f9cc-0d00-420f-ae77-5fec9a6c9723: Sackin index -0.0403; 5.3 s; peak memory 1191 MiB.
2026-09-19T11:18:26Z INFO [355/374] 07c31a20-5e47-460a-b451-37f6d89a946f: Sackin index -0.0699; 2.9 s; peak memory 1191 MiB.
2026-09-19T11:18:27Z INFO [356/374] 07c3bd7a-2e93-4069-abaf-ea9c2a20ea00: Sackin index -0.1658; 1.0 s; peak memory 1191 MiB.
2026-09-19T11:18:29Z INFO [357/374] 07c46038-244e-43b7-a78e-e23a6cd1239f: Sackin index -0.0728; 1.6 s; peak memory 1191 MiB.
2026-09-19T11:18:36Z INFO [358/374] 07c487eb-b259-4943-9a79-0d49b26059bf: Sackin index -0.0033; 7.1 s; peak memory 1191 MiB.
2026-09-19T11:18:39Z INFO [359/374] 07c532d8-4be7-4d1c-a01b-0de0cb8b2d70: Sackin index -0.0676; 2.7 s; peak memory 1191 MiB.
2026-09-19T11:18:47Z INFO [360/374] 07c57c4f-0757-4470-8127-aa09d0f13dc1: Sackin index -0.0614; 8.2 s; peak memory 1191 MiB.
2026-09-19T11:18:48Z INFO [361/374] 07c66de8-7b75-49a5-93fc-7e07b84bce79: Sackin index -0.0702; 1.4 s; peak memory 1191 MiB.
2026-09-19T11:18:51Z INFO [362/374] 07ca34d0-126d-474f-a37f-94836d9f89d6: Sackin index -0.0935; 2.2 s; peak memory 1191 MiB.
2026-09-19T11:18:52Z INFO [363/374] 07cbdd59-9987-4237-8bb0-0c2d5817b91b: Sackin index -0.0728; 1.8 s; peak memory 1191 MiB.
2026-09-19T11:18:54Z INFO [364/374] 07cc04d2-4ef2-4795-a257-7fd4e13b0a8f: Sackin index -0.0384; 1.4 s; peak memory 1191 MiB.
2026-09-19T11:18:56Z INFO [365/374] 07cc57e6-cb92-417a-8773-84dbaa517432: Sackin index -0.1210; 1.9 s; peak memory 1191 MiB.
2026-09-19T11:18:57Z INFO [366/374] 07cca9cc-ed50-4300-880b-e19991e43b2d: Sackin index -0.0745; 1.3 s; peak memory 1191 MiB.
2026-09-19T11:18:58Z INFO [367/374] 07cd822f-5429-4b36-bac0-418b26d13eb7: Sackin index -0.1331; 1.2 s; peak memory 1191 MiB.
2026-09-19T11:19:00Z INFO [368/374] 07cd91df-9a75-414d-8efd-d260ad510683: Sackin index -0.0696; 1.7 s; peak memory 1191 MiB.
2026-09-19T11:19:01Z INFO [369/374] 07cda2c0-591f-46de-9e6c-6f685e4eaa29: Sackin index -0.1349; 1.1 s; peak memory 1191 MiB.
2026-09-19T11:19:19Z INFO [370/374] 07cddb08-a918-463f-8af0-03df53bcad5a: Sackin index -0.1367; 18.3 s; peak memory 1191 MiB.
2026-09-19T11:19:20Z INFO [371/374] 07cec34a-c230-4865-bca9-52a6908904cd: Sackin index -0.1298; 1.3 s; peak memory 1191 MiB.
2026-09-19T11:19:22Z INFO [372/374] 07ced732-04fe-49a8-91cc-56209e61978d: Sackin index -0.0702; 1.4 s; peak memory 1191 MiB.
2026-09-19T11:19:23Z INFO [373/374] 07cedb8d-4756-45c2-8236-4e271de13803: Sackin index -0.0702; 1.3 s; peak memory 1191 MiB.
2026-09-19T11:19:25Z INFO [374/374] 07cf66a6-380e-40c5-80c7-1fb8dd0fa09d: Sackin index -0.0696; 1.3 s; peak memory 1191 MiB.
2026-09-19T11:19:25Z INFO Wrote 50643 records to /tmp/derivatives/valid_nwb_file_to_sackin_index.jsonl (374 new, 0 failed) in 56.4 min (peak memory 1191 MiB).
