2026-10-07T15:50:40Z INFO Logging to /tmp/logs/update_2026-10-07T15-50-40Z.log.
2026-10-07T15:50:40Z INFO Update valid-nwb-file-to-sackin-index (base directory /tmp).
2026-10-07T15:50:41Z INFO Processing 750 items (94336 already recorded).
2026-10-07T15:50:43Z INFO [1/750] 62489a50-2896-40ee-990e-ebac66c428c6: Sackin index -0.1288; 2.1 s; peak memory 113 MiB.
2026-10-07T15:50:44Z INFO [2/750] 624af4a0-1a81-4f6a-98ea-c25c88933602: Sackin index -0.1349; 1.6 s; peak memory 114 MiB.
2026-10-07T15:50:46Z INFO [3/750] 624b5698-f08b-4b13-a6fb-5b92c8243d7c: Sackin index -0.1349; 1.7 s; peak memory 114 MiB.
2026-10-07T15:50:48Z INFO [4/750] 624b72a0-5e9e-4c65-b3fe-0aaec8a594cf: Sackin index -0.0709; 1.8 s; peak memory 118 MiB.
2026-10-07T15:50:52Z INFO [5/750] 624b8a18-7fa7-46fc-9571-bffa64fc5f70: Sackin index -0.0614; 4.0 s; peak memory 119 MiB.
2026-10-07T15:50:53Z INFO [6/750] 624cf7ba-c100-4b0f-b5f4-0d1bc15f7b46: Sackin index -0.1319; 1.5 s; peak memory 120 MiB.
2026-10-07T15:50:56Z INFO [7/750] 624dae2a-2d17-49b6-a301-652f117d9e5d: Sackin index -0.1291; 2.4 s; peak memory 120 MiB.
2026-10-07T15:50:58Z INFO [8/750] 624ed9c3-5172-492a-9e17-4fe5c8897f08: Sackin index -0.0644; 2.6 s; peak memory 120 MiB.
2026-10-07T15:51:12Z INFO [9/750] 624f45de-b924-4ba5-a748-08232e3c1fec: Sackin index -0.0197; 14.0 s; peak memory 148 MiB.
2026-10-07T15:51:16Z INFO [10/750] 624f8d1d-62b4-40f3-873b-ceea080c4294: Sackin index -0.0699; 3.6 s; peak memory 148 MiB.
2026-10-07T15:51:18Z INFO [11/750] 624fb085-b25e-4250-960d-120f19d08fdf: Sackin index -0.0377; 1.8 s; peak memory 148 MiB.
2026-10-07T15:51:19Z INFO [12/750] 62500e9f-db58-4273-af56-d5a006597cd3: Sackin index -0.1191; 1.7 s; peak memory 148 MiB.
2026-10-07T15:51:21Z INFO [13/750] 62501d12-00ce-4295-b817-7bf5d3c5ec1b: Sackin index -0.1349; 1.6 s; peak memory 148 MiB.
2026-10-07T15:51:23Z INFO [14/750] 62503a45-8efe-47cd-9809-625c11128d49: Sackin index -0.0656; 1.5 s; peak memory 148 MiB.
2026-10-07T15:51:24Z INFO [15/750] 625089e5-3d7f-4988-bc94-d86b556181a8: Sackin index -0.0722; 1.9 s; peak memory 148 MiB.
2026-10-07T15:51:26Z INFO [16/750] 62512280-971a-408a-bc98-1d7a21945e99: Sackin index -0.1349; 1.5 s; peak memory 148 MiB.
2026-10-07T15:51:28Z INFO [17/750] 62527da1-e9c5-455d-b40f-a279f38f7b3f: Sackin index -0.0696; 1.8 s; peak memory 149 MiB.
2026-10-07T15:51:30Z INFO [18/750] 6253cf6e-1879-46b8-bf41-18eb3f831eea: Sackin index -0.0702; 2.0 s; peak memory 149 MiB.
2026-10-07T15:51:32Z INFO [19/750] 6254af16-d990-4a66-b6f4-9d96aa1aaa41: Sackin index -0.1349; 1.7 s; peak memory 149 MiB.
2026-10-07T15:51:33Z INFO [20/750] 62562eee-875e-4232-8361-fb7f123fb64c: Sackin index -0.1239; 1.3 s; peak memory 149 MiB.
2026-10-07T15:51:35Z INFO [21/750] 62563777-5a12-4ba3-93c3-05b786a3f248: Sackin index -0.0375; 2.3 s; peak memory 149 MiB.
2026-10-07T15:51:37Z INFO [22/750] 62563d9c-94b8-4847-92cc-8d67c305dc7c: Sackin index -0.0886; 1.9 s; peak memory 149 MiB.
2026-10-07T15:51:51Z INFO [23/750] 625643e8-0681-404b-8bc0-820198438740: Sackin index -0.0217; 14.4 s; peak memory 152 MiB.
2026-10-07T15:51:59Z INFO [24/750] 62564447-450f-45bd-b576-5cdce36936e9: Sackin index -0.0235; 7.3 s; peak memory 152 MiB.
2026-10-07T15:52:01Z INFO [25/750] 6256bf00-affa-4fdc-a349-494ca12cce00: Sackin index -0.1380; 2.0 s; peak memory 152 MiB.
2026-10-07T15:52:09Z INFO [26/750] 6256ceb6-2616-4a2c-90c8-673a6ee1b062: Sackin index -0.0251; 8.2 s; peak memory 152 MiB.
2026-10-07T15:52:11Z INFO [27/750] 62570c34-92c7-44ec-b478-e37d3fc42e15: Sackin index -0.0275; 2.6 s; peak memory 152 MiB.
2026-10-07T15:52:47Z INFO [28/750] 62574ce3-ceff-4434-aa4c-c0cd4648a5f1: Sackin index -0.1367; 35.1 s; peak memory 152 MiB.
2026-10-07T15:52:48Z INFO [29/750] 6257be82-aada-4bf4-b67a-b27175f4dc79: Sackin index -0.1828; 1.5 s; peak memory 152 MiB.
2026-10-07T15:52:50Z INFO [30/750] 6257d726-50c5-47a6-bb4e-d04cd5f9d591: Sackin index -0.1349; 1.7 s; peak memory 152 MiB.
2026-10-07T15:52:52Z INFO [31/750] 62588afa-0a8f-453d-9fc8-de97692b0523: Sackin index -0.0728; 1.9 s; peak memory 152 MiB.
2026-10-07T15:52:53Z INFO [32/750] 625a3e9d-4c91-416f-9d9d-5808266d1027: Sackin index -0.0656; 1.5 s; peak memory 152 MiB.
2026-10-07T15:52:56Z INFO [33/750] 625b2e7c-e07d-4b86-b0e3-a7aa4481e922: Sackin index -0.0681; 3.0 s; peak memory 152 MiB.
2026-10-07T15:52:58Z INFO [34/750] 625c5358-7358-42a8-aea1-cdaee6ce48c6: Sackin index -0.1349; 1.5 s; peak memory 152 MiB.
2026-10-07T15:53:00Z INFO [35/750] 625c9fa4-869e-467d-948d-0e36c7d5814d: Sackin index -0.0702; 1.9 s; peak memory 152 MiB.
2026-10-07T15:53:01Z INFO [36/750] 625dfc07-3dde-4b63-bd4f-2c0f8d8a7c4c: Sackin index -0.1201; 1.8 s; peak memory 152 MiB.
2026-10-07T15:53:03Z INFO [37/750] 625e1431-7200-4211-9320-3ad19e2d4e07: Sackin index -0.2073; 1.4 s; peak memory 152 MiB.
2026-10-07T15:53:04Z INFO [38/750] 6260e458-190c-4c9c-bc25-d6ac644c1b71: Sackin index -0.1658; 1.1 s; peak memory 152 MiB.
2026-10-07T15:53:05Z INFO [39/750] 62613b6d-3a07-487c-afb4-376bc4d1f9ba: Sackin index -0.1658; 1.2 s; peak memory 152 MiB.
2026-10-07T15:53:07Z INFO [40/750] 6261d168-6642-49b1-a92a-445aae919f38: Sackin index -0.1349; 1.6 s; peak memory 152 MiB.
2026-10-07T15:53:08Z INFO [41/750] 6261dd17-7603-461b-8e7c-8c73fcaf21d0: Sackin index -0.1349; 1.5 s; peak memory 152 MiB.
2026-10-07T15:53:10Z INFO [42/750] 62632f2f-0aa7-468c-8b93-89d61427ca36: Sackin index -0.0702; 1.9 s; peak memory 152 MiB.
2026-10-07T15:53:12Z INFO [43/750] 6263362c-b5a7-431d-8f66-1fedfba4abb3: Sackin index -0.1349; 1.5 s; peak memory 152 MiB.
2026-10-07T15:53:13Z INFO [44/750] 6263e129-5e8a-4110-8087-1b0cad6d9777: Sackin index -0.1349; 1.6 s; peak memory 152 MiB.
2026-10-07T15:53:23Z INFO [45/750] 62649c37-0200-4e16-b470-0498b25a408b: Sackin index -0.0420; 10.1 s; peak memory 152 MiB.
2026-10-07T15:53:25Z INFO [46/750] 6264a00b-4113-4650-a95a-8270fd0b82e5: Sackin index -0.1349; 1.5 s; peak memory 152 MiB.
2026-10-07T15:53:26Z INFO [47/750] 6264cc42-946f-4739-9480-11ed809db9c7: Sackin index -0.1191; 1.5 s; peak memory 152 MiB.
2026-10-07T15:53:28Z INFO [48/750] 62655c80-07e3-42f9-a038-36544d8577c6: Sackin index -0.1349; 1.6 s; peak memory 152 MiB.
2026-10-07T15:53:31Z INFO [49/750] 6265c46e-2edb-47b0-ab88-d92853d303e7: Sackin index -0.0676; 2.7 s; peak memory 152 MiB.
2026-10-07T15:53:33Z INFO [50/750] 6266098d-83a8-4d4f-8cd5-986dfc7cedfa: Sackin index -0.0696; 2.2 s; peak memory 152 MiB.
2026-10-07T15:53:33Z INFO [50/750] 6266098d-83a8-4d4f-8cd5-986dfc7cedfa: checkpointed 94386 records.
2026-10-07T15:53:35Z INFO [51/750] 6266b25a-f47d-4d16-a362-67cfbaa578aa: Sackin index -0.0746; 2.4 s; peak memory 152 MiB.
2026-10-07T15:53:37Z INFO [52/750] 6268215c-5b67-4e75-ae21-9d84629cf019: Sackin index -0.1051; 1.5 s; peak memory 152 MiB.
2026-10-07T15:53:38Z INFO [53/750] 6268c2be-7d06-4746-b1f4-97acb9f1a4f7: Sackin index -0.1658; 1.2 s; peak memory 152 MiB.
2026-10-07T15:53:40Z INFO [54/750] 6268ca00-c9cb-4aa9-8dc6-d8a19321ef10: Sackin index -0.0702; 1.9 s; peak memory 152 MiB.
2026-10-07T15:53:42Z INFO [55/750] 6268de06-7890-4057-9b60-07d517ec63d1: Sackin index -0.0702; 1.8 s; peak memory 153 MiB.
2026-10-07T15:53:44Z INFO [56/750] 626918b4-c349-4514-8142-efc11ee4996e: Sackin index -0.1349; 1.6 s; peak memory 153 MiB.
2026-10-07T15:54:03Z INFO [57/750] 626a1979-59e3-450c-a6cf-d44e2cb7b9d3: Sackin index -0.1495; 19.2 s; peak memory 153 MiB.
2026-10-07T15:54:15Z INFO [58/750] 626ac373-714d-4c34-93e7-5c2faa4136a3: Sackin index -0.1310; 11.8 s; peak memory 153 MiB.
2026-10-07T15:54:32Z INFO [59/750] 626b4167-7779-4df0-9ef2-da7b896b6262: Sackin index -0.0105; 17.2 s; peak memory 174 MiB.
2026-10-07T15:54:42Z INFO [60/750] 626b75ba-abb2-4f9f-8034-113063594c6e: Sackin index -0.0192; 10.3 s; peak memory 174 MiB.
2026-10-07T15:54:43Z INFO [61/750] 626b8016-f17a-40ae-9d0c-29b9fdfdf379: Sackin index -0.1658; 1.2 s; peak memory 174 MiB.
2026-10-07T15:54:45Z INFO [62/750] 626c181b-958d-4caa-9007-d450949a8b3f: Sackin index -0.1349; 1.6 s; peak memory 174 MiB.
2026-10-07T15:54:46Z INFO [63/750] 626c2438-aea1-4bdf-9c7a-a3819f61678f: Sackin index -0.0702; 1.6 s; peak memory 174 MiB.
2026-10-07T15:54:48Z INFO [64/750] 626ca453-9820-4f58-8c05-cc6f1044c028: Sackin index -0.1527; 1.6 s; peak memory 174 MiB.
2026-10-07T15:54:50Z INFO [65/750] 626d3855-1f15-404a-aaca-239fa0747287: Sackin index -0.1349; 1.5 s; peak memory 174 MiB.
2026-10-07T15:54:51Z INFO [66/750] 626ddd9d-e6ac-4d4f-9162-3d9278f2b6ea: Sackin index -0.0709; 1.8 s; peak memory 174 MiB.
2026-10-07T15:54:53Z INFO [67/750] 626ef593-1e6b-46dd-bd6a-bc81e8e8d186: Sackin index -0.2073; 1.5 s; peak memory 174 MiB.
2026-10-07T15:54:55Z INFO [68/750] 626fc8cd-f16e-4ef6-83e3-fe47e2b1e846: Sackin index -0.0696; 1.8 s; peak memory 174 MiB.
2026-10-07T15:54:56Z INFO [69/750] 626fc9a7-c1f4-45bd-bcdd-9ef7826f75c2: Sackin index -0.0709; 1.8 s; peak memory 174 MiB.
2026-10-07T15:54:58Z INFO [70/750] 626fd07c-2ea1-450a-9fa2-fde722adab7c: Sackin index -0.1658; 1.2 s; peak memory 174 MiB.
2026-10-07T15:55:18Z INFO [71/750] 627026ee-a51a-4e5c-ae2c-81506d39ee8c: Sackin index -0.0114; 20.0 s; peak memory 178 MiB.
2026-10-07T15:55:19Z INFO [72/750] 62705856-27bf-4452-84e5-e9e0295f724c: Sackin index -0.1349; 1.7 s; peak memory 178 MiB.
2026-10-07T15:55:21Z INFO [73/750] 6271816c-100b-4cca-87e9-d476c0a61a37: Sackin index -0.1349; 1.6 s; peak memory 178 MiB.
2026-10-07T15:55:22Z INFO [74/750] 627186df-e94a-4168-935f-5dd6b3969135: Sackin index -0.1120; 1.3 s; peak memory 178 MiB.
2026-10-07T15:55:30Z INFO [75/750] 6271b0b7-96d6-4892-b6fa-97caafb27c3a: Sackin index -0.0224; 8.0 s; peak memory 178 MiB.
2026-10-07T15:55:32Z INFO [76/750] 6271c9b0-83a2-425c-b428-ae5ccba3ee58: Sackin index -0.0384; 1.8 s; peak memory 178 MiB.
2026-10-07T15:55:34Z INFO [77/750] 6272765d-c663-451d-9f5d-c00af84459f0: Sackin index -0.2229; 1.8 s; peak memory 178 MiB.
2026-10-07T15:55:36Z INFO [78/750] 6273520e-af0e-431d-b61f-4985e2d9c4c9: Sackin index -0.0276; 2.5 s; peak memory 178 MiB.
2026-10-07T15:55:38Z INFO [79/750] 62740d3c-fbd5-46f7-a437-89109466a950: Sackin index -0.1161; 1.3 s; peak memory 178 MiB.
2026-10-07T15:55:39Z INFO [80/750] 6274475d-66d2-4dd9-a9f8-fb74c4632569: Sackin index -0.1349; 1.6 s; peak memory 178 MiB.
2026-10-07T15:55:41Z INFO [81/750] 627465d1-9fe7-4cb0-a64c-e161186283d0: Sackin index -0.1349; 1.6 s; peak memory 178 MiB.
2026-10-07T15:55:43Z INFO [82/750] 62746b02-bf54-4fef-ae5d-e741750e6d7b: Sackin index -0.0368; 2.4 s; peak memory 178 MiB.
2026-10-07T15:55:45Z INFO [83/750] 62758e83-4537-4405-9673-5a1652c5b3e4: Sackin index -0.1288; 1.5 s; peak memory 178 MiB.
2026-10-07T15:55:47Z INFO [84/750] 6275dff6-9660-45b2-8154-6b001546c12d: Sackin index -0.0376; 2.0 s; peak memory 178 MiB.
2026-10-07T15:55:49Z INFO [85/750] 62763d94-6808-447e-9d9f-adc56134daac: Sackin index -0.0745; 2.2 s; peak memory 178 MiB.
2026-10-07T15:55:50Z INFO [86/750] 6276e1ad-cc93-4ab4-95ff-a5bb907681e6: Sackin index -0.1349; 1.6 s; peak memory 178 MiB.
2026-10-07T15:55:52Z INFO [87/750] 6276f292-f01e-4fc1-b214-cac4e3350382: Sackin index -0.1303; 1.4 s; peak memory 178 MiB.
2026-10-07T15:55:54Z INFO [88/750] 62770e94-4182-4496-a647-49df4516f57e: Sackin index -0.0728; 2.4 s; peak memory 178 MiB.
2026-10-07T15:55:56Z INFO [89/750] 62774143-9c2d-41f1-899a-6c4310dbdd85: Sackin index -0.0656; 1.6 s; peak memory 178 MiB.
2026-10-07T15:55:58Z INFO [90/750] 62779077-883d-4ffb-8ce9-da0dca7a2c0d: Sackin index -0.0369; 2.6 s; peak memory 178 MiB.
2026-10-07T15:56:00Z INFO [91/750] 62795ca8-a892-4e93-91b6-4467445ff7b0: Sackin index -0.1303; 1.2 s; peak memory 178 MiB.
2026-10-07T15:56:02Z INFO [92/750] 6279bd3d-72ec-4d2f-b1c2-b04266f6e311: Sackin index -0.0728; 2.0 s; peak memory 178 MiB.
2026-10-07T15:56:05Z INFO [93/750] 627a04be-9688-4fcc-bc20-4b50026603b8: Sackin index -0.0350; 3.7 s; peak memory 178 MiB.
2026-10-07T15:56:07Z INFO [94/750] 627a2248-ea79-4a44-a951-c11a4ea7ee96: Sackin index -0.0709; 1.8 s; peak memory 178 MiB.
2026-10-07T15:56:09Z INFO [95/750] 627b3398-de7d-405f-ab44-658d8b63e13d: Sackin index -0.1878; 1.7 s; peak memory 178 MiB.
2026-10-07T15:56:11Z INFO [96/750] 627c870b-d335-4197-894e-5cfcd08fc476: Sackin index -0.0825; 1.9 s; peak memory 178 MiB.
2026-10-07T15:56:15Z INFO [97/750] 627d98b8-b969-4e33-b5d2-ef822ea43c5b: Sackin index -0.0660; 4.3 s; peak memory 178 MiB.
2026-10-07T15:56:16Z INFO [98/750] 627e4564-fcb0-4726-90ae-b21daa014c54: Sackin index -0.1349; 1.6 s; peak memory 178 MiB.
2026-10-07T15:56:19Z INFO [99/750] 627ea346-68a0-484d-82a9-a0fa873a35bd: Sackin index -0.0369; 2.1 s; peak memory 178 MiB.
2026-10-07T15:56:35Z INFO [100/750] 627ecf6d-a32d-4b8d-a346-34f7a4436aea: Sackin index -0.0135; 16.0 s; peak memory 178 MiB.
2026-10-07T15:56:35Z INFO [100/750] 627ecf6d-a32d-4b8d-a346-34f7a4436aea: checkpointed 94436 records.
2026-10-07T15:56:36Z INFO [101/750] 627ed593-5c56-442b-916c-47014edb00a0: Sackin index -0.1349; 1.5 s; peak memory 178 MiB.
2026-10-07T15:56:38Z INFO [102/750] 627ed9a1-b6a5-4881-9a86-97349d04f0f6: Sackin index -0.0702; 1.8 s; peak memory 178 MiB.
2026-10-07T15:56:39Z INFO [103/750] 627ede65-f9c6-4e02-a4de-546c989e9665: Sackin index -0.1178; 1.2 s; peak memory 178 MiB.
2026-10-07T15:56:41Z INFO [104/750] 627f1324-d552-4c44-85d7-d72264c39412: Sackin index -0.1062; 2.1 s; peak memory 178 MiB.
2026-10-07T15:57:16Z INFO [105/750] 627f77eb-9472-47a5-b743-a9a63419a1e3: Sackin index -0.1367; 35.0 s; peak memory 178 MiB.
2026-10-07T15:57:20Z INFO [106/750] 62800591-701d-43c3-81e3-877180215750: Sackin index -0.0272; 3.1 s; peak memory 178 MiB.
2026-10-07T15:57:21Z INFO [107/750] 62825a08-a72b-48c6-8808-02fd1625b2d8: Sackin index -0.1349; 1.7 s; peak memory 178 MiB.
2026-10-07T15:57:23Z INFO [108/750] 6283685f-231d-450c-84d6-af27f5fa37fa: Sackin index -0.0728; 1.9 s; peak memory 178 MiB.
2026-10-07T15:57:25Z INFO [109/750] 628388a8-865b-487a-9841-cbc331b8108d: Sackin index -0.1349; 1.5 s; peak memory 178 MiB.
2026-10-07T16:23:38Z INFO [110/750] 6284ab5d-cc15-4032-952e-ac5714d2bcdf: Sackin index -0.1290; 1573.4 s; peak memory 1102 MiB.
2026-10-07T16:23:40Z INFO [111/750] 6284e00d-7262-404b-983d-998eff5f5aed: Sackin index -0.1383; 1.9 s; peak memory 1102 MiB.
2026-10-07T16:23:58Z INFO [112/750] 62850a39-abae-4dd4-9729-889b33a729f7: Sackin index -0.0296; 17.9 s; peak memory 1102 MiB.
2026-10-07T16:24:00Z INFO [113/750] 62854854-5238-444c-b22c-e20d7f576e79: Sackin index -0.0702; 1.8 s; peak memory 1102 MiB.
2026-10-07T16:24:02Z INFO [114/750] 6285caba-9ca7-4703-a43e-8221782826b3: Sackin index -0.0379; 2.2 s; peak memory 1102 MiB.
2026-10-07T16:24:38Z INFO [115/750] 62860bb1-d00b-4b25-8ea6-5724168102ef: Sackin index -0.0143; 35.7 s; peak memory 1102 MiB.
2026-10-07T16:24:39Z INFO [116/750] 62861b12-e772-4ce0-aa82-28bb7478f597: Sackin index -0.1174; 1.7 s; peak memory 1102 MiB.
2026-10-07T16:24:41Z INFO [117/750] 6286ac5d-69e1-4347-80d3-959a7d5283d6: Sackin index -0.0728; 2.1 s; peak memory 1102 MiB.
2026-10-07T16:24:44Z INFO [118/750] 62872d15-80fb-411a-81c8-537915de3b3c: Sackin index -0.0896; 2.4 s; peak memory 1102 MiB.
2026-10-07T16:24:46Z INFO [119/750] 6287f1e9-d50d-4661-990a-3c8442fe4fde: Sackin index -0.0702; 1.9 s; peak memory 1102 MiB.
2026-10-07T16:24:49Z INFO [120/750] 62884f48-dfd5-426d-8496-d039a178b99d: Sackin index -0.1938; 3.7 s; peak memory 1102 MiB.
2026-10-07T16:24:51Z INFO [121/750] 62890b02-66d9-4429-965f-c109dfcab67b: Sackin index -0.0379; 2.1 s; peak memory 1102 MiB.
2026-10-07T16:25:12Z INFO [122/750] 628997cd-3682-488b-b90f-d296c780296d: Sackin index -0.1284; 20.0 s; peak memory 1102 MiB.
2026-10-07T16:25:14Z INFO [123/750] 6289a4c8-6aed-4c7f-8ed1-8c98a6bc7a6d: Sackin index -0.0278; 2.2 s; peak memory 1102 MiB.
2026-10-07T16:25:15Z INFO [124/750] 628a0b77-bc2b-4715-b99c-9969d25ce2e9: Sackin index -0.1658; 1.3 s; peak memory 1102 MiB.
2026-10-07T16:25:50Z INFO [125/750] 628a3a01-3f5e-47c1-bc2f-72c9d8514809: Sackin index -0.1367; 35.2 s; peak memory 1102 MiB.
2026-10-07T16:25:52Z INFO [126/750] 628a5f8d-0e6c-4828-91fb-1da90db8a0e2: Sackin index -0.0752; 2.0 s; peak memory 1102 MiB.
2026-10-07T16:25:54Z INFO [127/750] 628a7c32-c508-48e3-a958-e3a2eaccc00a: Sackin index -0.1349; 1.7 s; peak memory 1102 MiB.
2026-10-07T16:25:56Z INFO [128/750] 628afc41-ed04-4b0b-ab8b-873a5fceb44c: Sackin index -0.1383; 2.3 s; peak memory 1102 MiB.
2026-10-07T16:26:04Z INFO [129/750] 628b8f9f-4e64-4ca0-969a-20212af1588d: Sackin index -0.0403; 8.4 s; peak memory 1102 MiB.
2026-10-07T16:26:06Z INFO [130/750] 628ba7d7-f685-4db5-890b-ef84ba9780fa: Sackin index -0.1349; 1.4 s; peak memory 1102 MiB.
2026-10-07T16:26:08Z INFO [131/750] 628c8698-0bc1-4bb6-bf62-6fef43386e27: Sackin index -0.0728; 1.9 s; peak memory 1102 MiB.
2026-10-07T16:26:16Z INFO [132/750] 628c9f24-dd29-4973-b72b-13ac565aeec8: Sackin index -0.0228; 8.3 s; peak memory 1102 MiB.
2026-10-07T16:26:18Z INFO [133/750] 628d90fd-f266-44a8-bc79-bf181a25188b: Sackin index -0.1046; 1.8 s; peak memory 1102 MiB.
2026-10-07T16:26:22Z INFO [134/750] 628ea4ad-620a-47f6-91a0-095e888ca076: Sackin index -0.0699; 3.6 s; peak memory 1102 MiB.
2026-10-07T16:26:24Z INFO [135/750] 628ef079-ad6c-4dbf-aced-3cbdf8b24a6b: Sackin index -0.1144; 2.6 s; peak memory 1102 MiB.
2026-10-07T16:26:26Z INFO [136/750] 628fb250-1773-4364-bd38-011566563b34: Sackin index -0.1239; 1.3 s; peak memory 1102 MiB.
2026-10-07T16:26:45Z INFO [137/750] 628fc7ec-f8a5-4af1-819c-f33c4de9c500: Sackin index -0.0097; 19.4 s; peak memory 1102 MiB.
2026-10-07T16:26:47Z INFO [138/750] 62901739-e54c-483c-97e6-319ab8fb5410: Sackin index -0.0457; 2.3 s; peak memory 1102 MiB.
2026-10-07T16:26:49Z INFO [139/750] 62901f60-6f67-4573-a129-46b906b7b512: Sackin index -0.0745; 1.7 s; peak memory 1102 MiB.
2026-10-07T16:27:09Z INFO [140/750] 629067f9-1f95-4f0b-a7c4-62a441218497: Sackin index -0.1892; 19.7 s; peak memory 1102 MiB.
2026-10-07T16:27:10Z INFO [141/750] 6290e918-087b-4ff7-ae02-f01d375b9897: Sackin index -0.0390; 1.7 s; peak memory 1102 MiB.
2026-10-07T16:27:12Z INFO [142/750] 62911d1a-4093-4ec3-b44f-0123c281d1b9: Sackin index -0.0715; 2.0 s; peak memory 1102 MiB.
2026-10-07T16:27:15Z INFO [143/750] 6291984b-84ef-457d-9505-1ff399ae27e1: Sackin index -0.0745; 2.6 s; peak memory 1102 MiB.
2026-10-07T16:27:18Z INFO [144/750] 6291d483-4b33-4525-9871-b8ca414fde54: Sackin index -0.1938; 3.2 s; peak memory 1102 MiB.
2026-10-07T16:27:20Z INFO [145/750] 6292fc03-c359-422c-9a1a-fe5e7f0eabb5: Sackin index -0.0413; 2.2 s; peak memory 1102 MiB.
2026-10-07T16:27:22Z INFO [146/750] 629340da-bf65-4e56-ae8a-0e4dae7d8bf2: Sackin index -0.0702; 1.8 s; peak memory 1102 MiB.
2026-10-07T16:27:31Z INFO [147/750] 629439b7-0aeb-42b8-93d8-21acb391f462: Sackin index -0.0077; 9.0 s; peak memory 1102 MiB.
2026-10-07T16:30:45Z INFO [148/750] 629449a7-1faf-4b22-8d48-72174cecae60: Sackin index -0.0286; 194.3 s; peak memory 1102 MiB.
2026-10-07T16:30:47Z INFO [149/750] 6294bbcb-61f4-4505-91d7-005d266c9822: Sackin index -0.0379; 1.9 s; peak memory 1102 MiB.
2026-10-07T16:30:49Z INFO [150/750] 6294d178-b38b-4920-a9e6-21738aa72b45: Sackin index -0.0833; 1.5 s; peak memory 1102 MiB.
2026-10-07T16:30:49Z INFO [150/750] 6294d178-b38b-4920-a9e6-21738aa72b45: checkpointed 94486 records.
2026-10-07T16:31:02Z INFO [151/750] 6294f20e-6b79-4819-bc45-d21a734c2f59: Sackin index -0.0189; 12.7 s; peak memory 1102 MiB.
2026-10-07T16:31:04Z INFO [152/750] 62963704-2bf3-4fe7-8980-035f802df985: Sackin index -0.0709; 2.3 s; peak memory 1102 MiB.
2026-10-07T16:31:06Z INFO [153/750] 62977c8f-7219-4b01-8a80-aa40f867e441: Sackin index -0.0684; 1.5 s; peak memory 1102 MiB.
2026-10-07T16:31:09Z INFO [154/750] 629831d0-c094-4d14-b954-5301142a78aa: Sackin index -0.0842; 3.7 s; peak memory 1102 MiB.
2026-10-07T16:31:12Z INFO [155/750] 6298aec5-e337-447c-8402-60e6b863f2b1: Sackin index -0.0728; 2.4 s; peak memory 1102 MiB.
2026-10-07T16:31:13Z INFO [156/750] 6298dcd2-5f1a-46c4-bddd-b414ba6ea23e: Sackin index -0.1658; 1.2 s; peak memory 1102 MiB.
2026-10-07T16:31:46Z INFO [157/750] 6298f802-55b1-4468-b016-841695722017: Sackin index -0.0146; 33.5 s; peak memory 1102 MiB.
2026-10-07T16:31:54Z INFO [158/750] 6299584e-2903-4f94-817c-a16fd775b23e: Sackin index -0.0257; 8.0 s; peak memory 1102 MiB.
2026-10-07T16:31:55Z INFO [159/750] 6299a174-37e5-4e14-b168-3acf60fc7c6e: Sackin index -0.1658; 1.2 s; peak memory 1102 MiB.
2026-10-07T16:32:05Z INFO [160/750] 629a2fae-b3be-4a91-af8e-c42864e9e489: Sackin index -0.0940; 9.5 s; peak memory 1102 MiB.
2026-10-07T16:32:17Z INFO [161/750] 629a6e82-d069-4524-8e0f-ec1885c72bb9: Sackin index -0.0323; 11.6 s; peak memory 1102 MiB.
2026-10-07T16:32:19Z INFO [162/750] 629b2011-4508-45ab-8f7b-13fa28e6c00e: Sackin index -0.0375; 2.7 s; peak memory 1102 MiB.
2026-10-07T16:32:22Z INFO [163/750] 629b3a72-9312-4676-904d-59179f528f05: Sackin index -0.0369; 2.8 s; peak memory 1102 MiB.
2026-10-07T16:32:24Z INFO [164/750] 629b7b46-7638-43ea-b04c-1e1b31c9fb9a: Sackin index -0.0434; 2.2 s; peak memory 1102 MiB.
2026-10-07T16:32:27Z INFO [165/750] 629bdcd9-ffdd-4415-a42a-d1a8250b6b5c: Sackin index -0.0766; 3.2 s; peak memory 1102 MiB.
2026-10-07T16:32:30Z INFO [166/750] 629c4b1a-7aac-4569-8173-15a25e906517: Sackin index -0.0379; 2.5 s; peak memory 1102 MiB.
2026-10-07T16:32:32Z INFO [167/750] 629d19d6-3cc5-4a48-a4fd-5280ccc443bf: Sackin index -0.0386; 1.9 s; peak memory 1102 MiB.
2026-10-07T16:32:34Z INFO [168/750] 629d1b31-60ee-4c3e-94ec-ecd64e307f0e: Sackin index -0.0363; 1.9 s; peak memory 1102 MiB.
2026-10-07T16:32:40Z INFO [169/750] 629d32f2-21f3-4362-9572-11bc9a653459: Sackin index -0.0465; 6.1 s; peak memory 1102 MiB.
2026-10-07T16:32:53Z INFO [170/750] 629da8a7-674b-4946-9104-99675a38b43e: Sackin index -0.0017; 13.0 s; peak memory 1102 MiB.
2026-10-07T16:32:55Z INFO [171/750] 629ddb50-6360-4efc-83ff-b47a06ccd3b9: Sackin index -0.0366; 2.1 s; peak memory 1102 MiB.
2026-10-07T16:32:56Z INFO [172/750] 629e6401-6336-49cc-8998-8ffdb94835e7: Sackin index -0.1938; 1.5 s; peak memory 1102 MiB.
2026-10-07T16:33:01Z INFO [173/750] 629e93f4-d939-49b9-8425-f14ddfcd9b08: Sackin index -0.0660; 4.7 s; peak memory 1102 MiB.
2026-10-07T16:33:05Z INFO [174/750] 629efa23-1e1c-4431-8c8f-43a0ab30eae0: Sackin index -0.0686; 3.6 s; peak memory 1102 MiB.
2026-10-07T16:33:11Z INFO [175/750] 629fa505-2958-4705-a166-44fa925071f3: Sackin index -0.0403; 6.6 s; peak memory 1102 MiB.
2026-10-07T16:33:14Z INFO [176/750] 629fbf9f-e8a1-4b1c-aaa6-07ea263a7497: Sackin index -0.0728; 2.2 s; peak memory 1102 MiB.
2026-10-07T16:33:16Z INFO [177/750] 62a00870-366d-4ed0-b755-c8ef9300ba1e: Sackin index -0.0379; 2.5 s; peak memory 1102 MiB.
2026-10-07T16:33:18Z INFO [178/750] 62a0b72f-7956-4f02-b606-d2d7d1d63eb1: Sackin index -0.0728; 2.2 s; peak memory 1102 MiB.
2026-10-07T16:33:57Z INFO [179/750] 62a15fd7-1646-4050-b5ea-88dd78c04afb: Sackin index -0.1144; 38.7 s; peak memory 1102 MiB.
2026-10-07T16:33:58Z INFO [180/750] 62a2b9e5-c17e-458e-9cb5-bd737decd022: Sackin index -0.1658; 1.1 s; peak memory 1102 MiB.
2026-10-07T16:34:00Z INFO [181/750] 62a2d6d3-3990-4e06-ac1f-d7f62a4f9f04: Sackin index -0.0696; 1.9 s; peak memory 1102 MiB.
2026-10-07T16:34:02Z INFO [182/750] 62a32858-299a-4f0a-aa9f-2c5177490a99: Sackin index -0.1117; 2.3 s; peak memory 1102 MiB.
2026-10-07T16:34:05Z INFO [183/750] 62a38825-a3bb-4ae3-a20b-4d491e71582d: Sackin index -0.0369; 2.3 s; peak memory 1102 MiB.
2026-10-07T16:34:06Z INFO [184/750] 62a3b921-ba26-4fc8-81d4-690e3e027658: Sackin index -0.0709; 1.8 s; peak memory 1102 MiB.
2026-10-07T16:34:08Z INFO [185/750] 62a3f883-aafe-410c-a81e-61c2904de4fd: Sackin index -0.1349; 1.7 s; peak memory 1102 MiB.
2026-10-07T16:34:10Z INFO [186/750] 62a45c2f-ca32-4abc-b0b9-763787884167: Sackin index -0.1349; 1.8 s; peak memory 1102 MiB.
2026-10-07T16:34:12Z INFO [187/750] 62a62db1-071e-4300-92f9-1be4df9492f7: Sackin index -0.0728; 2.2 s; peak memory 1102 MiB.
2026-10-07T16:34:19Z INFO [188/750] 62a6a54d-48f2-4b17-b3bb-330c0f3eaabb: Sackin index -0.0403; 7.0 s; peak memory 1102 MiB.
2026-10-07T16:34:21Z INFO [189/750] 62a6c3d9-34f6-42f9-bc2f-40ab2a34639e: Sackin index -0.1461; 1.5 s; peak memory 1102 MiB.
2026-10-07T16:34:23Z INFO [190/750] 62a6ed71-f790-456e-b794-ba6310fbdd07: Sackin index -0.0728; 2.0 s; peak memory 1102 MiB.
2026-10-07T16:34:24Z INFO [191/750] 62a9955a-b34d-468f-beae-3c066a8eb69d: Sackin index -0.1349; 1.6 s; peak memory 1102 MiB.
2026-10-07T16:34:28Z INFO [192/750] 62aa32ad-e2b5-4209-a74d-b010bd6033e6: Sackin index -0.1938; 3.6 s; peak memory 1102 MiB.
2026-10-07T16:34:30Z INFO [193/750] 62aa462a-5362-4057-b3c7-c5dd0ab84969: Sackin index -0.0376; 2.3 s; peak memory 1102 MiB.
2026-10-07T16:34:38Z INFO [194/750] 62aa7a54-8bea-46a1-b1c9-9698ca4cb24a: Sackin index -0.0460; 7.6 s; peak memory 1102 MiB.
2026-10-07T16:34:40Z INFO [195/750] 62aae2e9-ba02-4f48-a470-b6dbb7322363: Sackin index -0.0728; 2.3 s; peak memory 1102 MiB.
2026-10-07T16:34:42Z INFO [196/750] 62aae75b-e537-4cba-a261-a5083d85ccc9: Sackin index -0.1349; 1.6 s; peak memory 1102 MiB.
2026-10-07T16:34:44Z INFO [197/750] 62aafba2-e7bf-4a67-af21-c524ea6c5d9f: Sackin index -0.0728; 2.3 s; peak memory 1102 MiB.
2026-10-07T16:34:46Z INFO [198/750] 62ab0120-641b-4217-8520-c85b1079fdbc: Sackin index -0.0696; 1.7 s; peak memory 1102 MiB.
2026-10-07T16:35:24Z INFO [199/750] 62ab5424-09c7-4463-8969-b4f5d2abd8bd: Sackin index -0.2073; 38.4 s; peak memory 1102 MiB.
2026-10-07T16:35:27Z INFO [200/750] 62abb565-d7cc-489c-9e35-d5d4fe3e76b1: Sackin index -0.0369; 2.9 s; peak memory 1102 MiB.
2026-10-07T16:35:27Z INFO [200/750] 62abb565-d7cc-489c-9e35-d5d4fe3e76b1: checkpointed 94536 records.
2026-10-07T16:35:28Z INFO [201/750] 62abb818-14cb-418c-a3d9-f423ee072704: Sackin index -0.1658; 1.1 s; peak memory 1102 MiB.
2026-10-07T16:35:30Z INFO [202/750] 62abc4f3-19cd-45fb-a645-86acbcd13bcb: Sackin index -0.1273; 2.2 s; peak memory 1102 MiB.
2026-10-07T16:35:32Z INFO [203/750] 62ac145c-acde-4bff-80c6-c356f5451ae1: Sackin index -0.0745; 2.0 s; peak memory 1102 MiB.
2026-10-07T16:35:34Z INFO [204/750] 62ad7752-1793-4483-a993-8e5cf69e90d8: Sackin index -0.1349; 1.4 s; peak memory 1102 MiB.
2026-10-07T16:35:38Z INFO [205/750] 62ae136e-b13a-4673-b226-4677d008897e: Sackin index -0.1243; 3.8 s; peak memory 1102 MiB.
2026-10-07T16:35:46Z INFO [206/750] 62aebc57-c7c4-4871-bd5c-84e53909060d: Sackin index -0.0462; 8.5 s; peak memory 1102 MiB.
2026-10-07T16:35:48Z INFO [207/750] 62af5086-90ae-4e55-90cc-e2e21348873d: Sackin index -0.1349; 1.5 s; peak memory 1102 MiB.
2026-10-07T16:35:50Z INFO [208/750] 62af6647-71cd-4c96-b512-12fd999c70ef: Sackin index -0.0383; 2.3 s; peak memory 1102 MiB.
2026-10-07T16:35:51Z INFO [209/750] 62b0a1aa-59c7-45b4-ac9c-a46fbc48deb1: Sackin index -0.1658; 1.1 s; peak memory 1102 MiB.
2026-10-07T16:35:53Z INFO [210/750] 62b0a3ce-7734-4062-98a0-e907cf2a0f6f: Sackin index -0.1349; 1.5 s; peak memory 1102 MiB.
2026-10-07T16:35:55Z INFO [211/750] 62b0bb7c-66b5-48f8-b5d3-8c89e22422d3: Sackin index -0.0379; 2.3 s; peak memory 1102 MiB.
2026-10-07T16:35:56Z INFO [212/750] 62b1f541-e42e-40b5-be7c-cd5d6037fbdd: Sackin index -0.1349; 1.4 s; peak memory 1102 MiB.
2026-10-07T16:35:58Z INFO [213/750] 62b2339a-af48-4e98-b8e3-f6386534022c: Sackin index -0.1248; 1.6 s; peak memory 1102 MiB.
2026-10-07T16:35:59Z INFO [214/750] 62b26862-6e64-4981-bfd8-5a6617f1f88f: Sackin index -0.1349; 1.5 s; peak memory 1102 MiB.
2026-10-07T16:36:03Z INFO [215/750] 62b2b26a-7363-4e42-8205-de67591a8fb3: Sackin index -0.0699; 3.3 s; peak memory 1102 MiB.
2026-10-07T16:36:04Z INFO [216/750] 62b2ded3-06a5-4276-ade6-7efb007d3d65: Sackin index -0.1331; 1.3 s; peak memory 1102 MiB.
2026-10-07T16:36:05Z INFO [217/750] 62b30ffa-ec42-4449-b964-55c40e9ef28a: Sackin index -0.1349; 1.5 s; peak memory 1102 MiB.
2026-10-07T16:36:13Z INFO [218/750] 62b39a15-07c4-4786-9ff3-ad18a46ec66d: Sackin index -0.0466; 7.6 s; peak memory 1102 MiB.
2026-10-07T16:36:15Z INFO [219/750] 62b39c53-b606-4a40-9c1b-acf888fbca54: Sackin index -0.0385; 1.8 s; peak memory 1102 MiB.
2026-10-07T16:36:33Z INFO [220/750] 62b3c895-b8c0-478b-8638-0ecc47afc680: Sackin index -0.0147; 17.8 s; peak memory 1102 MiB.
2026-10-07T16:36:34Z INFO [221/750] 62b5daf7-e200-45a7-8480-539413460ec4: Sackin index -0.1068; 1.7 s; peak memory 1102 MiB.
2026-10-07T16:36:36Z INFO [222/750] 62b6d4f0-733b-447c-b86b-c5f23b3a9d1a: Sackin index -0.1349; 1.6 s; peak memory 1102 MiB.
2026-10-07T16:36:38Z INFO [223/750] 62baf000-e84a-4a2e-b9f3-7ef85897c4ef: Sackin index -0.0728; 2.3 s; peak memory 1102 MiB.
2026-10-07T16:36:40Z INFO [224/750] 62baf4d9-ef38-4f22-aee4-d776d6f6a78e: Sackin index -0.0696; 1.9 s; peak memory 1102 MiB.
2026-10-07T16:36:41Z INFO [225/750] 62bbb89c-c50a-47d2-86ea-967927f218bd: Sackin index -0.1658; 1.3 s; peak memory 1102 MiB.
2026-10-07T16:36:43Z INFO [226/750] 62bbde60-fd94-4bbf-803b-74e6b86a016d: Sackin index -0.1658; 1.2 s; peak memory 1102 MiB.
2026-10-07T16:36:44Z INFO [227/750] 62bc1a5c-2d03-4f21-8baf-82a1d44277e4: Sackin index -0.1716; 1.7 s; peak memory 1102 MiB.
2026-10-07T16:36:46Z INFO [228/750] 62bc48de-7556-4c80-9290-812861a27e5b: Sackin index -0.1349; 1.6 s; peak memory 1102 MiB.
2026-10-07T16:36:48Z INFO [229/750] 62be5ff5-bfc6-4ad4-b430-45961310d54d: Sackin index -0.0702; 1.8 s; peak memory 1102 MiB.
2026-10-07T16:37:38Z INFO [230/750] 62be6d0f-983b-450d-9284-27cba21b877d: Sackin index -0.0313; 50.5 s; peak memory 1102 MiB.
2026-10-07T16:37:40Z INFO [231/750] 62bf1641-9867-436e-8629-b06b37698c15: Sackin index -0.0696; 2.1 s; peak memory 1102 MiB.
2026-10-07T16:37:41Z INFO [232/750] 62bf4633-b04f-4056-bc63-8540815748c3: Sackin index -0.2168; 1.2 s; peak memory 1102 MiB.
2026-10-07T16:37:43Z INFO [233/750] 62bfc333-e4b0-4229-9874-8840c81641ac: Sackin index -0.1349; 1.5 s; peak memory 1102 MiB.
2026-10-07T16:37:45Z INFO [234/750] 62c03e5f-4313-4e74-a125-14dbef08a62c: Sackin index -0.1044; 2.2 s; peak memory 1102 MiB.
2026-10-07T16:37:47Z INFO [235/750] 62c0aedb-dae9-49dc-acff-9007b9006e42: Sackin index -0.0728; 2.0 s; peak memory 1102 MiB.
2026-10-07T16:37:48Z INFO [236/750] 62c1f137-addb-4237-b2dd-c5ef3b8c7e68: Sackin index -0.1658; 1.2 s; peak memory 1102 MiB.
2026-10-07T16:37:57Z INFO [237/750] 62c22a2e-3e71-4d9a-b164-f88572e45df5: Sackin index -0.0457; 9.1 s; peak memory 1102 MiB.
2026-10-07T16:37:59Z INFO [238/750] 62c2aad3-b798-42da-ac84-f5edb371f3c3: Sackin index -0.1658; 1.2 s; peak memory 1102 MiB.
2026-10-07T16:38:02Z INFO [239/750] 62c3a12e-4dab-4879-a282-30c74e2db6ec: Sackin index -0.0699; 3.3 s; peak memory 1102 MiB.
2026-10-07T16:38:03Z INFO [240/750] 62c3dfe7-f86b-41e2-a459-f1ec3ef98eca: Sackin index -0.1133; 1.5 s; peak memory 1102 MiB.
2026-10-07T16:38:05Z INFO [241/750] 62c3eeaa-2c35-4844-b418-e2b3eecbff5f: Sackin index -0.1248; 1.8 s; peak memory 1102 MiB.
2026-10-07T16:38:07Z INFO [242/750] 62c4d78f-18c4-4e25-9a6e-a1736fd8c752: Sackin index -0.1349; 1.5 s; peak memory 1102 MiB.
2026-10-07T16:38:08Z INFO [243/750] 62c599e6-6650-492c-b595-5db2aa2d0af4: Sackin index -0.0673; 1.5 s; peak memory 1102 MiB.
2026-10-07T16:38:10Z INFO [244/750] 62c60148-38b3-4ab1-b81f-6df569950a92: Sackin index -0.0702; 1.9 s; peak memory 1102 MiB.
2026-10-07T16:38:12Z INFO [245/750] 62c65b20-ccb1-4df4-9a80-cac16965e5fd: Sackin index -0.1248; 1.8 s; peak memory 1102 MiB.
2026-10-07T16:38:15Z INFO [246/750] 62c705a4-45d5-48ab-8fa5-c7a6eb960f38: Sackin index -0.0369; 3.4 s; peak memory 1102 MiB.
2026-10-07T16:38:16Z INFO [247/750] 62c88ce2-e578-49a8-ba19-c7e79d58ef26: Sackin index -0.1938; 1.3 s; peak memory 1102 MiB.
2026-10-07T16:38:18Z INFO [248/750] 62c948ff-7840-4b04-ac5f-1bcd589916db: Sackin index -0.1178; 1.3 s; peak memory 1102 MiB.
2026-10-07T16:38:21Z INFO [249/750] 62c97fd4-6df1-4f36-89e9-6a33242f532c: Sackin index -0.1938; 3.2 s; peak memory 1102 MiB.
2026-10-07T16:38:23Z INFO [250/750] 62c986ee-f544-44b6-86b6-4490f6e48fdb: Sackin index -0.0702; 1.7 s; peak memory 1102 MiB.
2026-10-07T16:38:23Z INFO [250/750] 62c986ee-f544-44b6-86b6-4490f6e48fdb: checkpointed 94586 records.
2026-10-07T16:38:41Z INFO [251/750] 62cac4f4-4406-4968-b390-237e8b9b2dc5: Sackin index -0.0154; 18.2 s; peak memory 1102 MiB.
2026-10-07T16:38:50Z INFO [252/750] 62caec41-89f5-4197-84bb-759932031380: Sackin index -0.0437; 8.7 s; peak memory 1102 MiB.
2026-10-07T16:38:57Z INFO [253/750] 62cb0639-f1ae-4b87-b42f-b495d76f5c66: Sackin index -0.0415; 7.4 s; peak memory 1102 MiB.
2026-10-07T16:38:59Z INFO [254/750] 62cb13d1-56c2-45db-8458-232fcd0e695d: Sackin index -0.0413; 2.2 s; peak memory 1102 MiB.
2026-10-07T16:39:02Z INFO [255/750] 62cb7be8-9377-43de-831d-2c2e86919992: Sackin index -0.0728; 2.2 s; peak memory 1102 MiB.
2026-10-07T16:39:03Z INFO [256/750] 62cc29ba-5e02-42f0-99d1-9705585f3b15: Sackin index -0.0702; 1.9 s; peak memory 1102 MiB.
2026-10-07T16:39:05Z INFO [257/750] 62cc38da-03f0-41b6-ae59-8d1986a54f73: Sackin index -0.1349; 1.4 s; peak memory 1102 MiB.
2026-10-07T16:39:06Z INFO [258/750] 62cc5f83-4544-470f-8016-aae51af4df6a: Sackin index -0.1349; 1.5 s; peak memory 1102 MiB.
2026-10-07T16:39:08Z INFO [259/750] 62cca76e-ff59-4303-9604-9d2d4e3b9418: Sackin index -0.1349; 1.4 s; peak memory 1102 MiB.
2026-10-07T16:39:09Z INFO [260/750] 62cd20fe-c9f7-4014-8ffb-cd271f32a32f: Sackin index -0.1349; 1.5 s; peak memory 1102 MiB.
2026-10-07T16:39:11Z INFO [261/750] 62cd29f3-4249-421a-bd72-ff4814000e15: Sackin index -0.0728; 2.0 s; peak memory 1102 MiB.
2026-10-07T16:39:14Z INFO [262/750] 62ce42d9-0d40-4c0d-b437-cfc51ae62bcb: Sackin index -0.0376; 2.5 s; peak memory 1102 MiB.
2026-10-07T16:39:16Z INFO [263/750] 62ced1ea-c408-4623-9162-e2546182ef0a: Sackin index -0.0702; 1.8 s; peak memory 1102 MiB.
2026-10-07T16:39:17Z INFO [264/750] 62ceebe8-44fa-4cfc-9038-31c157c218a7: Sackin index -0.1349; 1.7 s; peak memory 1102 MiB.
2026-10-07T16:39:18Z INFO [265/750] 62cef0ab-a0dd-4a84-9d16-6b694f4f6669: Sackin index -0.1658; 1.2 s; peak memory 1102 MiB.
2026-10-07T16:39:20Z INFO [266/750] 62cfe006-0668-46b6-9547-27ebd1cb480f: Sackin index -0.1248; 1.7 s; peak memory 1102 MiB.
2026-10-07T16:39:25Z INFO [267/750] 62d07621-5e96-4be3-8f0a-de2edd3913e0: Sackin index -0.1761; 4.7 s; peak memory 1102 MiB.
2026-10-07T16:39:45Z INFO [268/750] 62d2d12d-0aea-4bf6-bf86-fe13e040e1f5: Sackin index -0.0235; 20.1 s; peak memory 1102 MiB.
2026-10-07T16:39:47Z INFO [269/750] 62d34258-0410-4dab-b83c-f7f5b664a856: Sackin index -0.0728; 1.9 s; peak memory 1102 MiB.
2026-10-07T16:39:50Z INFO [270/750] 62d37220-d42c-479a-9eb4-c57275d1eab2: Sackin index -0.0369; 3.1 s; peak memory 1102 MiB.
2026-10-07T16:39:52Z INFO [271/750] 62d4e6af-5a5c-457c-b7af-823043a8ec48: Sackin index -0.1248; 1.7 s; peak memory 1102 MiB.
2026-10-07T16:39:53Z INFO [272/750] 62d52e56-6d1e-4ee2-a445-9a6ac46001be: Sackin index -0.1349; 1.5 s; peak memory 1102 MiB.
2026-10-07T16:40:19Z INFO [273/750] 62d59b22-608d-4266-9952-9ee2d158c7f8: Sackin index -0.0030; 26.3 s; peak memory 1102 MiB.
2026-10-07T16:40:21Z INFO [274/750] 62d5fa3a-99bb-4373-89af-b0773a160a89: Sackin index -0.0375; 1.9 s; peak memory 1102 MiB.
2026-10-07T16:40:23Z INFO [275/750] 62d6d34d-3f3f-43a2-933d-e2056e367d88: Sackin index -0.1208; 1.4 s; peak memory 1102 MiB.
2026-10-07T16:40:24Z INFO [276/750] 62d74353-5d37-4745-bb4d-5c6bdc20d95f: Sackin index -0.0696; 1.6 s; peak memory 1102 MiB.
2026-10-07T16:40:26Z INFO [277/750] 62d77b21-8f27-4ec4-912a-4bfbe1c41ab3: Sackin index -0.1349; 1.5 s; peak memory 1102 MiB.
2026-10-07T16:40:28Z INFO [278/750] 62d7d298-e94c-4822-9dc6-c4bfb5a455de: Sackin index -0.0745; 2.0 s; peak memory 1102 MiB.
2026-10-07T16:40:30Z INFO [279/750] 62d934dc-9617-4054-bb2d-91060613dff7: Sackin index -0.0275; 2.4 s; peak memory 1102 MiB.
2026-10-07T16:40:32Z INFO [280/750] 62d96d49-dd96-456b-9eec-de8891b82a57: Sackin index -0.1349; 1.7 s; peak memory 1102 MiB.
2026-10-07T16:40:38Z INFO [281/750] 62da80d4-681e-49aa-b269-57179445687f: Sackin index -0.0824; 6.4 s; peak memory 1102 MiB.
2026-10-07T16:40:40Z INFO [282/750] 62dab4cd-5ea0-46e2-a948-771bd876e8e2: Sackin index -0.0702; 1.9 s; peak memory 1102 MiB.
2026-10-07T16:40:54Z INFO [283/750] 62dab4e4-d63e-431b-8a77-60d73b55bde1: Sackin index -0.0217; 13.4 s; peak memory 1102 MiB.
2026-10-07T16:40:56Z INFO [284/750] 62dabc3e-9ea6-4206-b63e-9df5b6f799d5: Sackin index -0.0373; 2.4 s; peak memory 1102 MiB.
2026-10-07T16:40:58Z INFO [285/750] 62daec72-2e68-4f8c-8260-3c05aaeddcb1: Sackin index -0.0434; 2.3 s; peak memory 1102 MiB.
2026-10-07T16:41:02Z INFO [286/750] 62db8a94-db49-470c-a59c-43c8ffad9bf2: Sackin index -0.0693; 3.8 s; peak memory 1102 MiB.
2026-10-07T16:41:04Z INFO [287/750] 62de0be2-dcbd-4cdc-a00d-411763395ef4: Sackin index -0.0380; 1.7 s; peak memory 1102 MiB.
2026-10-07T16:41:06Z INFO [288/750] 62de76b7-ae0c-4e6b-94eb-0d1ac478df57: Sackin index -0.0728; 2.1 s; peak memory 1102 MiB.
2026-10-07T16:41:08Z INFO [289/750] 62dea948-2243-4dcd-989d-bda76f3de0a7: Sackin index -0.0702; 1.7 s; peak memory 1102 MiB.
2026-10-07T16:41:09Z INFO [290/750] 62decce0-cd1d-4fa2-b830-99bea5e15567: Sackin index -0.1349; 1.5 s; peak memory 1102 MiB.
2026-10-07T16:41:12Z INFO [291/750] 62df47fe-5b6a-4bb1-8664-7daa7f545a02: Sackin index -0.1709; 2.9 s; peak memory 1102 MiB.
2026-10-07T16:41:14Z INFO [292/750] 62df9dcc-bba4-47bf-8b98-9a9e1ea755a2: Sackin index -0.0702; 2.3 s; peak memory 1102 MiB.
2026-10-07T16:41:16Z INFO [293/750] 62e03298-0d58-496c-9929-5d75e4e23670: Sackin index -0.0413; 1.8 s; peak memory 1102 MiB.
2026-10-07T16:41:18Z INFO [294/750] 62e1279f-f378-4d4d-9877-d500df69b855: Sackin index -0.0728; 2.2 s; peak memory 1102 MiB.
2026-10-07T16:41:25Z INFO [295/750] 62e1d0fa-2b6f-4fb6-9bac-cbef68f0e12f: Sackin index -0.0403; 6.5 s; peak memory 1102 MiB.
2026-10-07T16:41:27Z INFO [296/750] 62e269f9-f357-4840-a2e1-76f33dd6933b: Sackin index -0.0728; 1.8 s; peak memory 1102 MiB.
2026-10-07T16:41:34Z INFO [297/750] 62e2bc74-1804-4227-a546-2b4752dabcef: Sackin index -0.0245; 7.4 s; peak memory 1102 MiB.
2026-10-07T16:41:35Z INFO [298/750] 62e2ceb6-8a59-49f3-9336-6069ab46e82b: Sackin index -0.1484; 1.3 s; peak memory 1102 MiB.
2026-10-07T16:41:37Z INFO [299/750] 62e31daa-e696-45e5-a9be-9cc5ca7b6f8b: Sackin index -0.1349; 1.4 s; peak memory 1102 MiB.
2026-10-07T16:41:39Z INFO [300/750] 62e332fd-34b3-40f6-8592-d68e6c2ed254: Sackin index -0.1356; 2.5 s; peak memory 1102 MiB.
2026-10-07T16:41:39Z INFO [300/750] 62e332fd-34b3-40f6-8592-d68e6c2ed254: checkpointed 94636 records.
2026-10-07T16:41:41Z INFO [301/750] 62e396dc-1015-474f-988c-468de8685475: Sackin index -0.0696; 1.8 s; peak memory 1102 MiB.
2026-10-07T16:41:44Z INFO [302/750] 62e4c51d-b749-40e0-8885-0cc3277eec67: Sackin index -0.0275; 2.3 s; peak memory 1102 MiB.
2026-10-07T16:42:03Z INFO [303/750] 62e4dfff-a3c2-4b64-b53e-eb3f967bbf0e: Sackin index -0.1938; 19.5 s; peak memory 1102 MiB.
2026-10-07T16:42:05Z INFO [304/750] 62e4f213-308f-4978-89bf-8860412d50cd: Sackin index -0.1349; 1.5 s; peak memory 1102 MiB.
2026-10-07T16:42:06Z INFO [305/750] 62e58de6-084f-44ae-b87c-53399bc83e15: Sackin index -0.0696; 1.9 s; peak memory 1102 MiB.
2026-10-07T16:42:10Z INFO [306/750] 62e5f8ed-4c5b-476e-91fb-0e2b6042cfa2: Sackin index -0.0699; 3.6 s; peak memory 1102 MiB.
2026-10-07T16:42:12Z INFO [307/750] 62e61e24-b2c3-4d7b-acf0-bf9eba61b64c: Sackin index -0.1273; 2.4 s; peak memory 1102 MiB.
2026-10-07T16:42:31Z INFO [308/750] 62e67341-aa3c-4252-a039-a3ab200b8085: Sackin index -0.0140; 18.6 s; peak memory 1102 MiB.
2026-10-07T16:42:33Z INFO [309/750] 62e69634-53c1-4deb-b825-a84e1b6fb65c: Sackin index -0.1273; 2.0 s; peak memory 1102 MiB.
2026-10-07T16:42:35Z INFO [310/750] 62e699ec-c90d-4ff6-a7da-3ab741eb948a: Sackin index -0.1361; 1.6 s; peak memory 1102 MiB.
2026-10-07T16:42:36Z INFO [311/750] 62e69d9c-f860-46a9-abd4-36aa34bdebf2: Sackin index -0.1658; 1.2 s; peak memory 1102 MiB.
2026-10-07T16:42:37Z INFO [312/750] 62e6ef55-9ff1-420f-bb08-5e2092a0e8d2: Sackin index -0.1248; 1.6 s; peak memory 1102 MiB.
2026-10-07T16:42:39Z INFO [313/750] 62e7d8cf-3740-4366-bf72-a7521c9a0333: Sackin index -0.0696; 1.8 s; peak memory 1102 MiB.
2026-10-07T16:42:41Z INFO [314/750] 62e7f091-b4d1-4a51-8ed0-32588235d8d9: Sackin index -0.0728; 1.9 s; peak memory 1102 MiB.
2026-10-07T16:42:43Z INFO [315/750] 62e839aa-33ba-4a73-a558-f86af9bf54aa: Sackin index -0.0709; 1.8 s; peak memory 1102 MiB.
2026-10-07T16:42:45Z INFO [316/750] 62e89d42-3cda-4db6-8cd5-a25d950cb0a6: Sackin index -0.1248; 1.7 s; peak memory 1102 MiB.
2026-10-07T16:42:46Z INFO [317/750] 62e96e2e-dbc4-4f92-86b1-4cebd57f3e75: Sackin index -0.1349; 1.6 s; peak memory 1102 MiB.
2026-10-07T16:42:48Z INFO [318/750] 62e98ff9-d1ba-43d0-9fb9-d81f0bff90ec: Sackin index -0.1349; 1.4 s; peak memory 1102 MiB.
2026-10-07T16:43:01Z INFO [319/750] 62e9a316-b5d9-44f8-b4e6-bcb002576ece: Sackin index -0.0157; 13.5 s; peak memory 1102 MiB.
2026-10-07T16:43:02Z INFO [320/750] 62eab320-a08c-4082-90c3-5bb76aececaa: Sackin index -0.1349; 1.4 s; peak memory 1102 MiB.
2026-10-07T16:43:04Z INFO [321/750] 62eb0f92-5414-4d0d-ba19-7c65b63f1c0a: Sackin index -0.0702; 2.0 s; peak memory 1102 MiB.
2026-10-07T16:43:06Z INFO [322/750] 62ec0491-4d02-4542-817a-1e3f3c8be3ef: Sackin index -0.1191; 1.5 s; peak memory 1102 MiB.
2026-10-07T16:43:08Z INFO [323/750] 62ec57ab-18f2-4f8b-8d23-312c697615ab: Sackin index -0.0379; 2.4 s; peak memory 1102 MiB.
2026-10-07T16:43:10Z INFO [324/750] 62ed6cca-434f-48bf-86ee-0bd9b8accdd0: Sackin index -0.1273; 2.1 s; peak memory 1102 MiB.
2026-10-07T16:43:12Z INFO [325/750] 62edc224-0a90-4ea5-a521-0ecf79370ade: Sackin index -0.1349; 1.5 s; peak memory 1102 MiB.
2026-10-07T16:43:14Z INFO [326/750] 62edd109-3794-4f3d-8e1e-779fa86bb64f: Sackin index -0.1191; 1.5 s; peak memory 1102 MiB.
2026-10-07T16:43:15Z INFO [327/750] 62eec640-bf04-4800-b40e-0509bf9a1803: Sackin index -0.1658; 1.1 s; peak memory 1102 MiB.
2026-10-07T16:43:18Z INFO [328/750] 62efa0b9-7896-4cfb-b534-c915d7f2f32f: Sackin index -0.0676; 3.5 s; peak memory 1102 MiB.
2026-10-07T16:43:20Z INFO [329/750] 62efae71-e18d-412e-8fad-19bb07ea89ac: Sackin index -0.0702; 1.9 s; peak memory 1102 MiB.
2026-10-07T16:43:23Z INFO [330/750] 62f0a6a7-a7ff-41bd-9053-5c2b2b487814: Sackin index -0.0369; 3.1 s; peak memory 1102 MiB.
2026-10-07T16:43:24Z INFO [331/750] 62f0cbf6-2dc5-4cdb-bf14-ef209277b1e3: Sackin index -0.1448; 1.2 s; peak memory 1102 MiB.
2026-10-07T16:43:26Z INFO [332/750] 62f0e9d6-0f9f-4a74-85c3-4dc5f550f812: Sackin index -0.1349; 1.6 s; peak memory 1102 MiB.
2026-10-07T16:43:28Z INFO [333/750] 62f1539b-f88a-4e55-b7c7-eb0568e0ba49: Sackin index -0.1349; 1.6 s; peak memory 1102 MiB.
2026-10-07T16:43:29Z INFO [334/750] 62f32a6d-ad02-49a6-9a99-804e322bc1b6: Sackin index -0.0702; 1.8 s; peak memory 1102 MiB.
2026-10-07T16:43:31Z INFO [335/750] 62f41c76-4f3e-4760-ae2b-d6507a13346d: Sackin index -0.0696; 1.6 s; peak memory 1102 MiB.
2026-10-07T16:46:52Z INFO [336/750] 62f43316-3b81-4f7c-96f0-9faf8f308fa4: Sackin index -0.0288; 200.5 s; peak memory 1102 MiB.
2026-10-07T16:46:54Z INFO [337/750] 62f4f312-cd59-487d-9c31-c7f2aa662bb0: Sackin index -0.0702; 2.1 s; peak memory 1102 MiB.
2026-10-07T16:46:56Z INFO [338/750] 62f50376-6d9e-46cf-afbf-b2bcc4d049d6: Sackin index -0.0728; 2.3 s; peak memory 1102 MiB.
2026-10-07T16:46:58Z INFO [339/750] 62f50dd1-1abe-45f5-8c4c-f2ab3966db4f: Sackin index -0.0702; 2.0 s; peak memory 1102 MiB.
2026-10-07T16:46:59Z INFO [340/750] 62f68ec1-b48b-48a0-a094-c7b7e18d38f3: Sackin index -0.1239; 1.3 s; peak memory 1102 MiB.
2026-10-07T16:47:00Z INFO [341/750] 62f86178-d3ee-41d5-8986-dc316303796d: Sackin index -0.1658; 1.2 s; peak memory 1102 MiB.
2026-10-07T16:47:02Z INFO [342/750] 62f89426-c4db-4812-b626-7b49cc1695cd: Sackin index -0.0991; 2.0 s; peak memory 1102 MiB.
2026-10-07T16:47:37Z INFO [343/750] 62f90bfc-e258-4f4e-98bf-d4d11f50a861: Sackin index -0.0101; 34.5 s; peak memory 1102 MiB.
2026-10-07T16:47:41Z INFO [344/750] 62fa2dd4-ec80-419b-ae3b-d73c49d2f875: Sackin index -0.0842; 3.7 s; peak memory 1102 MiB.
2026-10-07T16:47:42Z INFO [345/750] 62fc05ef-79d7-4824-b77e-a014e0863df4: Sackin index -0.1349; 1.5 s; peak memory 1102 MiB.
2026-10-07T16:47:44Z INFO [346/750] 62fc5a35-fbc7-468f-9418-581383f43308: Sackin index -0.0728; 2.0 s; peak memory 1102 MiB.
2026-10-07T16:47:49Z INFO [347/750] 62fc61df-79e6-44bb-9060-8fc55cfdf6c1: Sackin index -0.0797; 4.8 s; peak memory 1102 MiB.
2026-10-07T16:47:51Z INFO [348/750] 62fc7a46-ddc8-4933-92c2-e99bb948181c: Sackin index -0.1349; 1.7 s; peak memory 1102 MiB.
2026-10-07T16:47:52Z INFO [349/750] 62fc7e98-7732-4569-83f7-755d484400e3: Sackin index -0.1349; 1.7 s; peak memory 1102 MiB.
2026-10-07T16:48:07Z INFO [350/750] 62fd22c9-56eb-479a-bb34-7d2fab2fa01e: Sackin index -0.0170; 14.7 s; peak memory 1102 MiB.
2026-10-07T16:48:07Z INFO [350/750] 62fd22c9-56eb-479a-bb34-7d2fab2fa01e: checkpointed 94686 records.
2026-10-07T16:48:11Z INFO [351/750] 62fe23d0-5c02-439d-a974-fdcf696127c6: Sackin index -0.0869; 3.7 s; peak memory 1102 MiB.
2026-10-07T16:48:13Z INFO [352/750] 62ff2341-276f-4d9d-b459-ec185a525c79: Sackin index -0.1273; 2.2 s; peak memory 1102 MiB.
2026-10-07T16:48:15Z INFO [353/750] 62ffeb0e-5ef8-4ce9-b3b9-cda41e76a9d8: Sackin index -0.1331; 1.4 s; peak memory 1102 MiB.
2026-10-07T16:48:44Z INFO [354/750] 630015c2-d5f4-410c-baf5-d497f1fb14e1: Sackin index -0.0117; 29.3 s; peak memory 1102 MiB.
2026-10-07T16:48:45Z INFO [355/750] 63001da6-befb-46fd-b307-965988a81441: Sackin index -0.1319; 1.4 s; peak memory 1102 MiB.
2026-10-07T16:48:48Z INFO [356/750] 630042c2-eb94-446a-8b64-d146c88bbed8: Sackin index -0.0375; 2.4 s; peak memory 1102 MiB.
2026-10-07T16:48:51Z INFO [357/750] 63026b02-c169-4cf1-9564-684a687fa5ef: Sackin index -0.0704; 3.4 s; peak memory 1102 MiB.
2026-10-07T16:48:53Z INFO [358/750] 63038e06-8232-4acf-b3df-8b7db8d0a126: Sackin index -0.0375; 2.3 s; peak memory 1102 MiB.
2026-10-07T16:48:55Z INFO [359/750] 6303a1fb-2644-4ea8-be68-96fd5432027b: Sackin index -0.0702; 1.7 s; peak memory 1102 MiB.
2026-10-07T16:48:57Z INFO [360/750] 6303a48f-7ed5-432d-a6bc-52c0900d295b: Sackin index -0.0696; 1.9 s; peak memory 1102 MiB.
2026-10-07T16:48:59Z INFO [361/750] 630415ac-f8a2-42ff-ac14-7eb61daf1684: Sackin index -0.0569; 2.0 s; peak memory 1102 MiB.
2026-10-07T16:49:00Z INFO [362/750] 63049d97-6a51-4377-ae62-59de8ccfc75a: Sackin index -0.1379; 1.4 s; peak memory 1102 MiB.
2026-10-07T16:52:00Z INFO [363/750] 6304ab7c-946f-4841-a5c7-4c064d1dafc8: Sackin index -0.0271; 180.0 s; peak memory 1102 MiB.
2026-10-07T16:52:03Z INFO [364/750] 6305db95-c805-435e-a063-b1f9c7385552: Sackin index -0.0457; 2.3 s; peak memory 1102 MiB.
2026-10-07T16:52:04Z INFO [365/750] 6305f04d-1a1c-46d1-8ec4-edba6c393a69: Sackin index -0.1459; 1.2 s; peak memory 1102 MiB.
2026-10-07T16:52:05Z INFO [366/750] 63063cde-1d2e-44cd-9d3f-1f3f92b2e23e: Sackin index -0.1562; 1.5 s; peak memory 1102 MiB.
2026-10-07T16:52:07Z INFO [367/750] 6308235d-3207-4578-adc3-ebbaa93fadae: Sackin index -0.0696; 1.8 s; peak memory 1102 MiB.
2026-10-07T16:52:09Z INFO [368/750] 63087404-a878-4140-9787-f772b111f3d8: Sackin index -0.0745; 2.1 s; peak memory 1102 MiB.
2026-10-07T16:52:11Z INFO [369/750] 6309e8fe-0609-47a0-a9d9-1719dce6c51a: Sackin index -0.0702; 1.8 s; peak memory 1102 MiB.
2026-10-07T16:52:15Z INFO [370/750] 630a2b7f-b1b5-4093-a6df-1af40a7c07b7: Sackin index -0.0699; 3.6 s; peak memory 1102 MiB.
2026-10-07T16:52:16Z INFO [371/750] 630a39cc-f1f1-4b22-8e26-282f78653f92: Sackin index -0.1349; 1.6 s; peak memory 1102 MiB.
2026-10-07T16:52:28Z INFO [372/750] 630a5f4b-8cdf-43d2-9db3-26bb7be226c3: Sackin index -0.1462; 11.7 s; peak memory 1102 MiB.
2026-10-07T16:52:57Z INFO [373/750] 630c6ef9-121a-4c61-a685-de48cd2cb975: Sackin index -0.0136; 29.1 s; peak memory 1102 MiB.
2026-10-07T16:52:58Z INFO [374/750] 630d12d3-d1db-4747-9047-8c8d5cfd0ee9: Sackin index -0.1178; 1.2 s; peak memory 1102 MiB.
2026-10-07T16:53:09Z INFO [375/750] 630d5922-1e97-4fc3-817d-f5692381e615: Sackin index -0.0439; 10.4 s; peak memory 1102 MiB.
2026-10-07T16:53:10Z INFO [376/750] 630d7aca-74bf-4758-a823-39efb0e7a852: Sackin index -0.1349; 1.5 s; peak memory 1102 MiB.
2026-10-07T16:53:12Z INFO [377/750] 630e3c85-1d66-4ede-877f-0cdc4e2ee19c: Sackin index -0.2147; 1.3 s; peak memory 1102 MiB.
2026-10-07T16:53:20Z INFO [378/750] 630e3f1e-3a77-4f0a-8739-a5f893b7ac23: Sackin index -0.0313; 8.6 s; peak memory 1102 MiB.
2026-10-07T16:53:22Z INFO [379/750] 630f5d1f-02a1-48db-9de6-68a2df86fc13: Sackin index -0.1349; 1.6 s; peak memory 1102 MiB.
2026-10-07T16:53:24Z INFO [380/750] 63107b17-2e9e-4acb-b1e3-235b4bf7f516: Sackin index -0.0944; 2.2 s; peak memory 1102 MiB.
2026-10-07T16:53:27Z INFO [381/750] 63109529-6c48-470a-8643-7bdb85815519: Sackin index -0.0643; 2.7 s; peak memory 1102 MiB.
2026-10-07T16:53:59Z INFO [382/750] 6310dc00-c5f5-4a4c-b073-063cf6504ab2: Sackin index -0.1367; 32.3 s; peak memory 1102 MiB.
2026-10-07T16:54:02Z INFO [383/750] 6310f53e-4ada-4038-93df-e8f46767ef52: Sackin index -0.1072; 2.7 s; peak memory 1102 MiB.
2026-10-07T16:54:06Z INFO [384/750] 631132e2-c1fc-433f-b7cf-f7fb65c4d000: Sackin index -0.0660; 4.2 s; peak memory 1102 MiB.
2026-10-07T16:54:10Z INFO [385/750] 63122b40-e167-4fa5-91dc-c882d6be0802: Sackin index -0.0693; 3.8 s; peak memory 1102 MiB.
2026-10-07T16:54:11Z INFO [386/750] 631231cb-1890-46fb-85b2-7dcf24e99bbf: Sackin index -0.1349; 1.6 s; peak memory 1102 MiB.
2026-10-07T16:54:13Z INFO [387/750] 63123804-aebc-44a8-9fae-d11e2518ec49: Sackin index -0.0728; 2.1 s; peak memory 1102 MiB.
2026-10-07T16:54:15Z INFO [388/750] 6312814f-39dd-4b57-993f-88bfc4a4ea5d: Sackin index -0.0376; 2.1 s; peak memory 1102 MiB.
2026-10-07T16:54:19Z INFO [389/750] 6313aee7-e912-4cf6-a959-1e09daa02867: Sackin index -0.0699; 3.5 s; peak memory 1102 MiB.
2026-10-07T16:54:20Z INFO [390/750] 6313b21c-e2e6-4744-990d-5ac7769b4122: Sackin index -0.2147; 1.2 s; peak memory 1102 MiB.
2026-10-07T16:54:22Z INFO [391/750] 63151442-71fc-4bf9-ba4f-b2e88ef20883: Sackin index -0.1349; 1.4 s; peak memory 1102 MiB.
2026-10-07T16:54:23Z INFO [392/750] 63155723-aacd-4cc8-9492-1eccb629f93e: Sackin index -0.1349; 1.6 s; peak memory 1102 MiB.
2026-10-07T16:54:25Z INFO [393/750] 6316211a-aebb-4119-a077-7fa4368fc3b9: Sackin index -0.1349; 1.6 s; peak memory 1102 MiB.
2026-10-07T16:54:44Z INFO [394/750] 63165492-f6cb-497c-825f-97565d0e9309: Sackin index -0.1495; 18.9 s; peak memory 1102 MiB.
2026-10-07T16:54:45Z INFO [395/750] 6317ab96-da9d-4795-b90b-f10116ef212d: Sackin index -0.1178; 1.3 s; peak memory 1102 MiB.
2026-10-07T16:54:47Z INFO [396/750] 6317ccb9-74fe-4310-974c-d4b2b9fd5621: Sackin index -0.0702; 1.9 s; peak memory 1102 MiB.
2026-10-07T16:54:51Z INFO [397/750] 6317e956-369e-4633-b4a1-fe254e68742d: Sackin index -0.0660; 4.5 s; peak memory 1102 MiB.
2026-10-07T16:54:54Z INFO [398/750] 6317f4fe-0b25-47f4-8c87-02f78296b296: Sackin index -0.0483; 2.3 s; peak memory 1102 MiB.
2026-10-07T16:54:55Z INFO [399/750] 63185af4-2dbc-40cb-84c3-a515765f1f04: Sackin index -0.1349; 1.5 s; peak memory 1102 MiB.
2026-10-07T16:55:08Z INFO [400/750] 6318e492-f84a-48b5-9149-4fab1048e31b: Sackin index -0.0288; 12.8 s; peak memory 1102 MiB.
2026-10-07T16:55:08Z INFO [400/750] 6318e492-f84a-48b5-9149-4fab1048e31b: checkpointed 94736 records.
2026-10-07T16:55:10Z INFO [401/750] 63199ff9-aa32-4bc3-ba89-4717e0387212: Sackin index -0.1349; 1.4 s; peak memory 1102 MiB.
2026-10-07T16:55:11Z INFO [402/750] 631a4344-ee5f-45ef-922c-0a2e77f7cd14: Sackin index -0.1349; 1.6 s; peak memory 1102 MiB.
2026-10-07T16:55:13Z INFO [403/750] 631ae537-e72a-4202-b746-5e5528112830: Sackin index -0.0747; 1.5 s; peak memory 1102 MiB.
2026-10-07T16:55:14Z INFO [404/750] 631b2373-397e-4cf7-bf7d-8077799e59e7: Sackin index -0.1349; 1.5 s; peak memory 1102 MiB.
2026-10-07T16:55:16Z INFO [405/750] 631c27e1-6875-4ea8-835f-0dd225eec365: Sackin index -0.1349; 1.5 s; peak memory 1102 MiB.
2026-10-07T16:55:18Z INFO [406/750] 631c9970-5259-44f1-9271-b69944c50e54: Sackin index -0.0275; 2.4 s; peak memory 1102 MiB.
2026-10-07T16:55:20Z INFO [407/750] 631cb862-9882-4b8a-bf83-4a594a1cf2ad: Sackin index -0.1349; 1.5 s; peak memory 1102 MiB.
2026-10-07T16:55:21Z INFO [408/750] 631d3063-ac8d-41a4-a73e-f9f83f484b57: Sackin index -0.0696; 1.7 s; peak memory 1102 MiB.
2026-10-07T16:55:23Z INFO [409/750] 631d7e95-c8d1-4866-9221-9100b035111c: Sackin index -0.1704; 1.7 s; peak memory 1102 MiB.
2026-10-07T16:55:25Z INFO [410/750] 631e4e6a-e137-4824-9b7d-8767b2e722d2: Sackin index -0.0715; 2.2 s; peak memory 1102 MiB.
2026-10-07T16:55:31Z INFO [411/750] 631e7384-aac6-4d3d-aec3-55b7f57866ef: Sackin index -0.0445; 6.2 s; peak memory 1102 MiB.
2026-10-07T16:55:33Z INFO [412/750] 631fbdd2-93d7-4c52-9af7-1ac08c778c84: Sackin index -0.1658; 1.2 s; peak memory 1102 MiB.
2026-10-07T16:55:35Z INFO [413/750] 631fe9c6-2b3e-41b6-8771-b684188cfa2e: Sackin index -0.1510; 2.0 s; peak memory 1102 MiB.
2026-10-07T16:55:37Z INFO [414/750] 632011f3-2a7b-4f60-825a-dd863896772f: Sackin index -0.0272; 2.7 s; peak memory 1102 MiB.
2026-10-07T16:55:39Z INFO [415/750] 63206a4c-0c5d-443f-9f9d-6ab679bb922d: Sackin index -0.0385; 1.7 s; peak memory 1102 MiB.
2026-10-07T16:55:57Z INFO [416/750] 6320f8ba-f498-49ca-a34a-9b95e86fa38b: Sackin index -0.1892; 18.3 s; peak memory 1102 MiB.
2026-10-07T16:55:59Z INFO [417/750] 6321840e-f248-40c8-83a6-a6f1e0db2a8b: Sackin index -0.1658; 1.3 s; peak memory 1102 MiB.
2026-10-07T16:56:02Z INFO [418/750] 6321a61e-2789-4778-91d2-2f08073adf28: Sackin index -0.0842; 3.5 s; peak memory 1102 MiB.
2026-10-07T16:56:04Z INFO [419/750] 6321f1d2-9810-46d0-b191-936b41ce254c: Sackin index -0.0702; 2.0 s; peak memory 1102 MiB.
2026-10-07T16:56:06Z INFO [420/750] 63221ce8-9945-4a39-bb25-70782ebdb9a7: Sackin index -0.0529; 2.1 s; peak memory 1102 MiB.
2026-10-07T16:56:09Z INFO [421/750] 632273d8-3b74-45a7-923d-5aa6f30df4e1: Sackin index -0.0369; 2.5 s; peak memory 1102 MiB.
2026-10-07T16:56:20Z INFO [422/750] 63241a24-c4a3-4553-8bd7-ab3dcd82c738: Sackin index -0.0315; 11.5 s; peak memory 1102 MiB.
2026-10-07T16:56:21Z INFO [423/750] 6324339c-f038-4354-bf37-b81b036614b1: Sackin index -0.1658; 1.2 s; peak memory 1102 MiB.
2026-10-07T16:56:26Z INFO [424/750] 632463ce-fe9b-4a64-9737-1e6b1c39b359: Sackin index -0.0660; 4.3 s; peak memory 1102 MiB.
2026-10-07T16:56:27Z INFO [425/750] 63247689-ae5f-4edd-9123-9755e96d001e: Sackin index -0.0707; 1.4 s; peak memory 1102 MiB.
2026-10-07T16:56:29Z INFO [426/750] 6324b714-7a15-474b-ab99-d92eea390f85: Sackin index -0.1704; 1.5 s; peak memory 1102 MiB.
2026-10-07T16:56:30Z INFO [427/750] 63255c79-030d-4dd6-81fb-1933caa0f7d3: Sackin index -0.0896; 1.5 s; peak memory 1102 MiB.
2026-10-07T16:56:32Z INFO [428/750] 6325a503-1950-44dd-a044-cf828db67bd2: Sackin index -0.1349; 1.6 s; peak memory 1102 MiB.
2026-10-07T16:56:43Z INFO [429/750] 6325f301-d453-455a-877a-b5340e3e9a02: Sackin index -0.0266; 10.8 s; peak memory 1102 MiB.
2026-10-07T16:56:47Z INFO [430/750] 63269a52-85ad-4f3c-b13b-16766e3f65c1: Sackin index -0.0922; 4.3 s; peak memory 1102 MiB.
2026-10-07T16:56:49Z INFO [431/750] 6326d6c9-70ba-483e-95b8-a26635e94d6f: Sackin index -0.1248; 1.6 s; peak memory 1102 MiB.
2026-10-07T16:56:50Z INFO [432/750] 63282104-62a6-4103-aa21-ca6420dc7a38: Sackin index -0.1349; 1.6 s; peak memory 1102 MiB.
2026-10-07T16:56:54Z INFO [433/750] 6329b435-8ee3-4d18-b022-969d216432e8: Sackin index -0.0681; 3.9 s; peak memory 1102 MiB.
2026-10-07T16:56:56Z INFO [434/750] 6329d479-4f2a-469a-8fbc-ea7351687fac: Sackin index -0.0388; 1.7 s; peak memory 1102 MiB.
2026-10-07T16:56:57Z INFO [435/750] 632b5250-42f7-4b28-9a73-ce288153c24d: Sackin index -0.1461; 1.4 s; peak memory 1102 MiB.
2026-10-07T16:57:07Z INFO [436/750] 632bd0c0-488b-4d9f-9379-dcf3500c1b11: Sackin index -0.0017; 10.2 s; peak memory 1102 MiB.
2026-10-07T16:57:12Z INFO [437/750] 632c56b5-4762-4919-b871-618d325bb975: Sackin index -0.0643; 4.4 s; peak memory 1102 MiB.
2026-10-07T16:57:20Z INFO [438/750] 632cd99f-6006-495a-9e1c-36a174043636: Sackin index -0.0251; 8.0 s; peak memory 1102 MiB.
2026-10-07T16:57:21Z INFO [439/750] 632cfe5d-d9b1-42dd-82e9-9345f0039f0d: Sackin index -0.1349; 1.6 s; peak memory 1102 MiB.
2026-10-07T16:57:42Z INFO [440/750] 632ec968-0769-4cb6-92ae-7246fe5cebc5: Sackin index -0.0408; 21.0 s; peak memory 1102 MiB.
2026-10-07T16:57:44Z INFO [441/750] 632fb769-13f3-4def-a3de-21ee686cb23e: Sackin index -0.1349; 1.7 s; peak memory 1102 MiB.
2026-10-07T16:57:56Z INFO [442/750] 63300e3d-010a-4f0f-95bb-5afc84fecf1a: Sackin index -0.0341; 11.9 s; peak memory 1102 MiB.
2026-10-07T16:57:57Z INFO [443/750] 63316bd3-2912-4c7b-9168-e59f993c01c2: Sackin index -0.1349; 1.6 s; peak memory 1102 MiB.
2026-10-07T16:57:59Z INFO [444/750] 6331b9f9-a1a7-4b4e-a7ed-d1ba0d55e168: Sackin index -0.1191; 1.5 s; peak memory 1102 MiB.
2026-10-07T16:58:01Z INFO [445/750] 63324ed0-d942-43e8-bacc-05eb05b04d26: Sackin index -0.0376; 2.1 s; peak memory 1102 MiB.
2026-10-07T16:58:03Z INFO [446/750] 6333aa37-cc87-45ad-95ec-b5a4c9407879: Sackin index -0.0702; 1.7 s; peak memory 1102 MiB.
2026-10-07T16:58:07Z INFO [447/750] 6333b87e-f1a2-4fd2-9abf-cd5070afc44a: Sackin index -0.0699; 3.9 s; peak memory 1102 MiB.
2026-10-07T16:58:10Z INFO [448/750] 6334ae3e-365b-4ead-bb1b-6f5abf16e46c: Sackin index -0.1191; 3.1 s; peak memory 1102 MiB.
2026-10-07T16:58:12Z INFO [449/750] 63363939-6e23-4e7b-bdf5-7fb3695251ae: Sackin index -0.1210; 2.5 s; peak memory 1102 MiB.
2026-10-07T16:58:14Z INFO [450/750] 63369eaf-d742-425d-a333-306cda250eda: Sackin index -0.1349; 1.6 s; peak memory 1102 MiB.
2026-10-07T16:58:14Z INFO [450/750] 63369eaf-d742-425d-a333-306cda250eda: checkpointed 94786 records.
2026-10-07T16:58:16Z INFO [451/750] 6336b989-6694-45ee-a022-b1978f846ce2: Sackin index -0.1349; 1.6 s; peak memory 1102 MiB.
2026-10-07T16:58:18Z INFO [452/750] 63373e06-a669-4b47-926b-4cd4f5ac546c: Sackin index -0.0702; 1.8 s; peak memory 1102 MiB.
2026-10-07T16:58:19Z INFO [453/750] 6337b8ea-5959-42d5-846d-e48d4b44d324: Sackin index -0.0707; 1.8 s; peak memory 1102 MiB.
2026-10-07T16:58:21Z INFO [454/750] 633889c0-f420-4bb7-9006-0081e281196b: Sackin index -0.1349; 1.4 s; peak memory 1102 MiB.
2026-10-07T16:58:23Z INFO [455/750] 633af64d-9368-468f-aeb2-7885e60de938: Sackin index -0.1233; 2.1 s; peak memory 1102 MiB.
2026-10-07T16:58:31Z INFO [456/750] 633bcdcf-8582-40d5-9699-3356431311cc: Sackin index -0.0476; 8.5 s; peak memory 1102 MiB.
2026-10-07T16:58:33Z INFO [457/750] 633d2662-182d-488d-acde-b248693347f6: Sackin index -0.1459; 1.4 s; peak memory 1102 MiB.
2026-10-07T16:58:34Z INFO [458/750] 633d4484-52f4-4ad8-88b4-0769651b5bf1: Sackin index -0.1349; 1.4 s; peak memory 1102 MiB.
2026-10-07T16:58:36Z INFO [459/750] 633daf5b-5637-47eb-8857-62a6c824a36f: Sackin index -0.0709; 1.6 s; peak memory 1102 MiB.
2026-10-07T16:58:37Z INFO [460/750] 633de663-1048-449f-9a69-0d073e121b96: Sackin index -0.1356; 1.2 s; peak memory 1102 MiB.
2026-10-07T16:58:43Z INFO [461/750] 633dee78-4fdd-4e78-8cba-49321b35c5b2: Sackin index -0.0251; 6.5 s; peak memory 1102 MiB.
2026-10-07T16:58:45Z INFO [462/750] 633e0965-a8c9-4195-8890-1421f753c287: Sackin index -0.1349; 1.5 s; peak memory 1102 MiB.
2026-10-07T16:59:07Z INFO [463/750] 633f48f1-5410-4b0c-9f91-02a77dc6b9b8: Sackin index -0.1462; 22.4 s; peak memory 1102 MiB.
2026-10-07T16:59:09Z INFO [464/750] 633fa485-bbfc-40f6-96fa-243d6f1aba0f: Sackin index -0.0377; 1.9 s; peak memory 1102 MiB.
2026-10-07T16:59:11Z INFO [465/750] 634018c6-2616-44be-af04-4c9f51bbb006: Sackin index -0.0728; 2.0 s; peak memory 1102 MiB.
2026-10-07T16:59:15Z INFO [466/750] 6340caa1-f4bf-4222-8d78-2eb2884fd49f: Sackin index -0.1938; 3.6 s; peak memory 1102 MiB.
2026-10-07T16:59:17Z INFO [467/750] 6340f6d5-b894-4e5a-8331-05f97442c5e0: Sackin index -0.0745; 2.6 s; peak memory 1102 MiB.
2026-10-07T16:59:19Z INFO [468/750] 6341f9f8-eee2-4c73-be4d-cbaeafc24091: Sackin index -0.1349; 1.6 s; peak memory 1102 MiB.
2026-10-07T16:59:21Z INFO [469/750] 634239cb-eda5-4fc4-91f8-b53ee627173b: Sackin index -0.0702; 1.7 s; peak memory 1102 MiB.
2026-10-07T16:59:22Z INFO [470/750] 63438bdf-ddb4-43c3-a22d-c2eee310f5a5: Sackin index -0.0702; 1.7 s; peak memory 1102 MiB.
2026-10-07T16:59:24Z INFO [471/750] 63439d22-2a66-42e8-95cb-b3f1e2c3f1b0: Sackin index -0.1349; 1.6 s; peak memory 1102 MiB.
2026-10-07T16:59:26Z INFO [472/750] 634407b4-0646-48df-a5b4-40bcd278e89b: Sackin index -0.0745; 2.1 s; peak memory 1102 MiB.
2026-10-07T16:59:27Z INFO [473/750] 63444f4c-16af-46f3-a2f9-59897ecaff2d: Sackin index -0.1135; 1.1 s; peak memory 1102 MiB.
2026-10-07T16:59:29Z INFO [474/750] 6344c72e-cde0-4f1c-814f-2c256de09519: Sackin index -0.1248; 1.7 s; peak memory 1102 MiB.
2026-10-07T16:59:31Z INFO [475/750] 6344fc62-786d-4725-ac02-fb80da239e12: Sackin index -0.1356; 2.3 s; peak memory 1102 MiB.
2026-10-07T16:59:34Z INFO [476/750] 6345627f-d7f0-4950-b8de-9fab2107ed19: Sackin index -0.1142; 3.1 s; peak memory 1102 MiB.
2026-10-07T16:59:38Z INFO [477/750] 63456816-fa3d-42b3-a680-5cff4d246d1b: Sackin index -0.0554; 3.9 s; peak memory 1102 MiB.
2026-10-07T16:59:40Z INFO [478/750] 63471d5b-23d3-4773-af87-64333cdaa1da: Sackin index -0.1349; 1.5 s; peak memory 1102 MiB.
2026-10-07T16:59:41Z INFO [479/750] 6347350c-cb60-424c-a367-ad6fa2ca455a: Sackin index -0.1658; 1.3 s; peak memory 1102 MiB.
2026-10-07T16:59:43Z INFO [480/750] 634776be-8cf1-4d02-b955-34088fda7761: Sackin index -0.0702; 1.8 s; peak memory 1102 MiB.
2026-10-07T17:00:55Z INFO [481/750] 6347c527-6f56-4683-8b37-54f449505788: Sackin index -0.0042; 71.8 s; peak memory 1102 MiB.
2026-10-07T17:00:56Z INFO [482/750] 6348b805-1d8a-4e1d-8268-552bcc32bad2: Sackin index -0.0709; 1.9 s; peak memory 1102 MiB.
2026-10-07T17:01:00Z INFO [483/750] 6349546c-315f-4369-8fbd-1e4cb029e45f: Sackin index -0.0693; 3.8 s; peak memory 1102 MiB.
2026-10-07T17:01:02Z INFO [484/750] 634afc75-e98e-4d54-b753-32cf2673b1d3: Sackin index -0.1349; 1.6 s; peak memory 1102 MiB.
2026-10-07T17:01:04Z INFO [485/750] 634b5154-7ab0-42b5-a71f-33bd2bb7bdb6: Sackin index -0.0702; 1.6 s; peak memory 1102 MiB.
2026-10-07T17:01:06Z INFO [486/750] 634d76e7-bfe5-4b1d-95ff-1c270a07e143: Sackin index -0.0728; 2.3 s; peak memory 1102 MiB.
2026-10-07T17:01:07Z INFO [487/750] 634dc8d2-aabb-47a6-b8d5-0a04fe0a942d: Sackin index -0.1349; 1.4 s; peak memory 1102 MiB.
2026-10-07T17:01:09Z INFO [488/750] 634e016f-8ad3-4fd0-9f5b-197cc4e8201d: Sackin index -0.0891; 2.0 s; peak memory 1102 MiB.
2026-10-07T17:01:11Z INFO [489/750] 634e88a8-7de1-43ed-9df0-a469062ac761: Sackin index -0.1349; 1.4 s; peak memory 1102 MiB.
2026-10-07T17:01:12Z INFO [490/750] 634f5c68-8db7-4485-9d54-72468531c93e: Sackin index -0.1349; 1.5 s; peak memory 1102 MiB.
2026-10-07T17:01:14Z INFO [491/750] 634f8960-749c-4813-a7f0-1c5a52c4dbf2: Sackin index -0.0369; 2.2 s; peak memory 1102 MiB.
2026-10-07T17:01:29Z INFO [492/750] 634fa1c6-d7aa-48f1-b058-4fd8755c263c: Sackin index -0.0169; 14.7 s; peak memory 1102 MiB.
2026-10-07T17:01:31Z INFO [493/750] 634fa2cc-c99d-4752-970d-3ecf9bece8e8: Sackin index -0.1383; 2.1 s; peak memory 1102 MiB.
2026-10-07T17:01:33Z INFO [494/750] 634febf2-14c8-4895-b881-8a01d23cd0ff: Sackin index -0.0702; 2.0 s; peak memory 1102 MiB.
2026-10-07T17:01:34Z INFO [495/750] 63508c7a-6e91-4d62-b60f-e8f560755015: Sackin index -0.1356; 1.2 s; peak memory 1102 MiB.
2026-10-07T17:01:37Z INFO [496/750] 63513cd1-74c0-4b08-9c13-70cb81947297: Sackin index -0.1383; 2.1 s; peak memory 1102 MiB.
2026-10-07T17:01:38Z INFO [497/750] 63521d62-a6e8-4f5d-91f8-3c0e8527d7a4: Sackin index -0.1448; 1.3 s; peak memory 1102 MiB.
2026-10-07T17:01:41Z INFO [498/750] 63534832-2f18-44cc-9c6f-f959af5e268d: Sackin index -0.0369; 2.9 s; peak memory 1102 MiB.
2026-10-07T17:01:42Z INFO [499/750] 63541e22-5276-4704-9c03-d000317a31ca: Sackin index -0.1349; 1.5 s; peak memory 1102 MiB.
2026-10-07T17:01:44Z INFO [500/750] 63543ca7-baf8-4ae6-aa73-a34c978aba85: Sackin index -0.1349; 1.6 s; peak memory 1102 MiB.
2026-10-07T17:01:44Z INFO [500/750] 63543ca7-baf8-4ae6-aa73-a34c978aba85: checkpointed 94836 records.
2026-10-07T17:02:30Z INFO [501/750] 6354708e-3d7b-4de0-9300-46cc17d2cfae: Sackin index -0.2073; 45.5 s; peak memory 1102 MiB.
2026-10-07T17:02:31Z INFO [502/750] 635473c4-84ef-452f-bf33-70616f0295d3: Sackin index -0.0748; 1.8 s; peak memory 1102 MiB.
2026-10-07T17:02:33Z INFO [503/750] 6354b846-1e53-43cd-af4e-24387fd2a40b: Sackin index -0.0728; 2.0 s; peak memory 1102 MiB.
2026-10-07T17:02:35Z INFO [504/750] 635534ca-425a-41ca-8766-c8b9fc67c93e: Sackin index -0.1349; 1.7 s; peak memory 1102 MiB.
2026-10-07T17:02:37Z INFO [505/750] 6355ac17-1571-42d0-8fcf-a699350d9fef: Sackin index -0.0696; 1.7 s; peak memory 1102 MiB.
2026-10-07T17:02:38Z INFO [506/750] 6355f596-8ad3-4448-948b-61e93ca49f2c: Sackin index -0.1349; 1.6 s; peak memory 1102 MiB.
2026-10-07T17:02:45Z INFO [507/750] 63560d90-34e3-42a6-8f60-199d6d72ff16: Sackin index -0.0403; 6.9 s; peak memory 1102 MiB.
2026-10-07T17:02:47Z INFO [508/750] 6356fa65-4b81-4aa1-b131-fa1370305a75: Sackin index -0.0745; 1.7 s; peak memory 1102 MiB.
2026-10-07T17:02:48Z INFO [509/750] 63575e6d-0c79-4697-9db7-2fd60ae57b60: Sackin index -0.1349; 1.6 s; peak memory 1102 MiB.
2026-10-07T17:02:51Z INFO [510/750] 6358084c-8013-4cba-930d-e2c00159841c: Sackin index -0.0375; 2.3 s; peak memory 1102 MiB.
2026-10-07T17:02:54Z INFO [511/750] 6359306d-19e7-4c86-acbd-be2779e7b465: Sackin index -0.0869; 3.7 s; peak memory 1102 MiB.
2026-10-07T17:02:57Z INFO [512/750] 635934e5-c3f8-4549-8c49-dcf09bdbdb61: Sackin index -0.0728; 2.2 s; peak memory 1102 MiB.
2026-10-07T17:02:59Z INFO [513/750] 635947dc-4592-4cd0-90df-abb60edc6619: Sackin index -0.0275; 2.3 s; peak memory 1102 MiB.
2026-10-07T17:03:01Z INFO [514/750] 63595158-c5b1-4b51-a3fc-9b29691b6c31: Sackin index -0.0702; 1.7 s; peak memory 1102 MiB.
2026-10-07T17:03:02Z INFO [515/750] 6359e311-a3a7-4ca9-a3c0-f9a122d5d31e: Sackin index -0.1658; 1.1 s; peak memory 1102 MiB.
2026-10-07T17:03:03Z INFO [516/750] 635a4ee9-dac9-4311-9a85-2d20d7457305: Sackin index -0.1349; 1.5 s; peak memory 1102 MiB.
2026-10-07T17:03:09Z INFO [517/750] 635aa59e-c22e-4f53-aee7-f62d15004da2: Sackin index -0.0451; 5.3 s; peak memory 1102 MiB.
2026-10-07T17:03:19Z INFO [518/750] 635ab311-71d7-44ea-ad0f-688cd818b4d8: Sackin index -0.0152; 10.5 s; peak memory 1102 MiB.
2026-10-07T17:05:12Z INFO [519/750] 635b494b-68d8-494c-a5da-fd498c0e63a3: Sackin index -0.0008; 113.0 s; peak memory 1102 MiB.
2026-10-07T17:05:22Z INFO [520/750] 635c3b1a-c1f3-4ebe-a94e-5615492772ea: Sackin index -0.0176; 10.2 s; peak memory 1102 MiB.
2026-10-07T17:05:24Z INFO [521/750] 635cfc9a-ecee-48bf-b5dc-65b870912b37: Sackin index -0.0696; 1.9 s; peak memory 1102 MiB.
2026-10-07T17:05:27Z INFO [522/750] 635d0e10-d7b5-4a9d-9f47-bcf89d10a03e: Sackin index -0.0728; 2.3 s; peak memory 1102 MiB.
2026-10-07T17:05:28Z INFO [523/750] 635f08c8-4c40-4521-8852-6a302cbd9f22: Sackin index -0.1349; 1.6 s; peak memory 1102 MiB.
2026-10-07T17:05:30Z INFO [524/750] 63616def-c1d0-422e-bbb0-d63b5b8d3227: Sackin index -0.1349; 1.5 s; peak memory 1102 MiB.
2026-10-07T17:05:32Z INFO [525/750] 636299d6-ac62-4c8d-8ff3-b298747f3f65: Sackin index -0.0748; 1.8 s; peak memory 1102 MiB.
2026-10-07T17:05:40Z INFO [526/750] 63633860-a14b-40d9-892f-83af012bce34: Sackin index -0.0257; 8.3 s; peak memory 1102 MiB.
2026-10-07T17:05:42Z INFO [527/750] 6363bae9-11ea-4767-8529-74b09132e2db: Sackin index -0.0380; 1.9 s; peak memory 1102 MiB.
2026-10-07T17:05:48Z INFO [528/750] 63657e32-ad33-4625-b664-31699b5bf664: Sackin index -0.0761; 6.2 s; peak memory 1102 MiB.
2026-10-07T17:06:05Z INFO [529/750] 6365a215-0047-499a-b02f-7bbbe608e7b6: Sackin index -0.0151; 17.5 s; peak memory 1102 MiB.
2026-10-07T17:06:07Z INFO [530/750] 6365b855-bdc4-441f-9684-45ff9ea976e8: Sackin index -0.0365; 2.0 s; peak memory 1102 MiB.
2026-10-07T17:06:09Z INFO [531/750] 63660bf7-eb64-4055-bb8a-d9afca2ec4f8: Sackin index -0.1938; 1.3 s; peak memory 1102 MiB.
2026-10-07T17:06:10Z INFO [532/750] 63667d71-4f74-43f7-bf3e-7c9333ab470f: Sackin index -0.1254; 1.6 s; peak memory 1102 MiB.
2026-10-07T17:06:12Z INFO [533/750] 636729b2-35a8-4b05-9141-fd786637d43c: Sackin index -0.2168; 1.2 s; peak memory 1102 MiB.
2026-10-07T17:06:13Z INFO [534/750] 63673f09-07fc-4317-a831-0039ab6b671a: Sackin index -0.2147; 1.2 s; peak memory 1102 MiB.
2026-10-07T17:06:14Z INFO [535/750] 6367b9c1-495d-41cb-846c-e0a007667fc3: Sackin index -0.1349; 1.5 s; peak memory 1102 MiB.
2026-10-07T17:06:17Z INFO [536/750] 6368ceb3-0b75-4fbf-aa14-1d8d8e24dc3e: Sackin index -0.0702; 2.1 s; peak memory 1102 MiB.
2026-10-07T17:06:26Z INFO [537/750] 636932af-c136-48d1-8707-ac80522c34c6: Sackin index -0.0940; 9.6 s; peak memory 1102 MiB.
2026-10-07T17:06:28Z INFO [538/750] 63699d9d-91a8-4d43-8241-5002ce673ed1: Sackin index -0.1349; 1.8 s; peak memory 1102 MiB.
2026-10-07T17:06:29Z INFO [539/750] 6369c511-c0fc-4846-bbc3-76ce4dc8ed38: Sackin index -0.1331; 1.4 s; peak memory 1102 MiB.
2026-10-07T17:06:31Z INFO [540/750] 636b401c-7fcf-44c0-a24f-0b3f9b231686: Sackin index -0.1429; 2.1 s; peak memory 1102 MiB.
2026-10-07T17:07:01Z INFO [541/750] 636b8671-9556-42fd-afff-4bd01ea53019: Sackin index -0.0060; 29.8 s; peak memory 1102 MiB.
2026-10-07T17:07:03Z INFO [542/750] 636c0570-e2a2-41fb-b12d-5c542241de7f: Sackin index -0.1349; 1.8 s; peak memory 1102 MiB.
2026-10-07T17:07:05Z INFO [543/750] 636d3753-531a-4d98-8561-3f4b5d5f2b0e: Sackin index -0.1390; 1.8 s; peak memory 1102 MiB.
2026-10-07T17:07:16Z INFO [544/750] 636e50da-a450-4cde-9e09-0a5946dca790: Sackin index -0.0215; 11.4 s; peak memory 1102 MiB.
2026-10-07T17:07:30Z INFO [545/750] 636fb1c5-5198-459d-a9e9-70ca9ab0859b: Sackin index -0.0890; 14.2 s; peak memory 1102 MiB.
2026-10-07T17:07:32Z INFO [546/750] 637021b4-74f6-4aaf-8a13-789833cbebed: Sackin index -0.1349; 1.6 s; peak memory 1102 MiB.
2026-10-07T17:07:43Z INFO [547/750] 637053b6-d74a-464c-9310-4601da4a827b: Sackin index -0.0187; 10.6 s; peak memory 1102 MiB.
2026-10-07T17:07:45Z INFO [548/750] 637091ef-73f0-486b-b9d4-11bf2a5b0e3f: Sackin index -0.0944; 2.1 s; peak memory 1102 MiB.
2026-10-07T17:11:03Z INFO [549/750] 6370f2e6-faf9-411f-948b-13995e6a7902: Sackin index -0.0410; 198.6 s; peak memory 1102 MiB.
2026-10-07T17:11:05Z INFO [550/750] 63710047-3172-438e-8f3f-9e104cee17e5: Sackin index -0.0702; 1.9 s; peak memory 1102 MiB.
2026-10-07T17:11:05Z INFO [550/750] 63710047-3172-438e-8f3f-9e104cee17e5: checkpointed 94886 records.
2026-10-07T17:11:08Z INFO [551/750] 6372a517-3d2d-4904-90de-f1fa43586687: Sackin index -0.1257; 2.3 s; peak memory 1102 MiB.
2026-10-07T17:11:10Z INFO [552/750] 63733b52-21d8-438d-9d1b-8a111bf05c3f: Sackin index -0.0369; 2.4 s; peak memory 1102 MiB.
2026-10-07T17:11:12Z INFO [553/750] 63739b82-1601-4d8f-bca1-20ff6db17777: Sackin index -0.1704; 1.7 s; peak memory 1102 MiB.
2026-10-07T17:11:13Z INFO [554/750] 63749a6c-9ce2-4980-8b73-c0b9f65f25b0: Sackin index -0.1602; 1.6 s; peak memory 1102 MiB.
2026-10-07T17:11:15Z INFO [555/750] 6375645a-1b7c-4c23-af16-10d4f1f4488c: Sackin index -0.1575; 1.5 s; peak memory 1102 MiB.
2026-10-07T17:11:17Z INFO [556/750] 63756640-4b18-4c0f-8bb6-df4523cb9928: Sackin index -0.0709; 1.8 s; peak memory 1102 MiB.
2026-10-07T17:11:18Z INFO [557/750] 6376ef94-bf05-4fad-8908-f634bbb50e5a: Sackin index -0.1349; 1.5 s; peak memory 1102 MiB.
2026-10-07T17:11:20Z INFO [558/750] 6376f976-0baf-439a-8408-0965866f1908: Sackin index -0.1349; 1.5 s; peak memory 1102 MiB.
2026-10-07T17:11:21Z INFO [559/750] 63771776-c043-409d-a1da-3664003b6fdf: Sackin index -0.1349; 1.7 s; peak memory 1102 MiB.
2026-10-07T17:11:27Z INFO [560/750] 6378824f-62a5-470d-a1b2-9f37c8ea3cec: Sackin index -0.0313; 5.3 s; peak memory 1102 MiB.
2026-10-07T17:17:55Z INFO [561/750] 6379df19-24b2-4ff5-9862-6c47d65ed109: Sackin index -0.0668; 388.6 s; peak memory 1102 MiB.
2026-10-07T17:17:58Z INFO [562/750] 637a7607-2572-428d-bb2a-fddee8acb812: Sackin index -0.0728; 2.4 s; peak memory 1102 MiB.
2026-10-07T17:17:59Z INFO [563/750] 637ae0ca-0755-4478-afbe-0fb64928b7b7: Sackin index -0.0702; 1.8 s; peak memory 1102 MiB.
2026-10-07T17:18:01Z INFO [564/750] 637b1601-ad37-4604-922c-b477154a61df: Sackin index -0.1239; 1.4 s; peak memory 1102 MiB.
2026-10-07T17:18:02Z INFO [565/750] 637b670a-2ef9-4184-95c1-4497b483cfab: Sackin index -0.1248; 1.7 s; peak memory 1102 MiB.
2026-10-07T17:18:05Z INFO [566/750] 637bfc18-10bf-4de9-86a1-341338e3e620: Sackin index -0.1000; 2.0 s; peak memory 1102 MiB.
2026-10-07T17:18:06Z INFO [567/750] 637d3bcf-a0aa-4d8c-ac6c-5ef880df3d85: Sackin index -0.1201; 1.9 s; peak memory 1102 MiB.
2026-10-07T17:18:17Z INFO [568/750] 637e4a93-a0bc-4a7d-85f8-0f2614c681b6: Sackin index -0.0219; 10.2 s; peak memory 1102 MiB.
2026-10-07T17:18:20Z INFO [569/750] 637ecf42-5349-4dec-b0b7-cda1c4b03fd7: Sackin index -0.0699; 3.5 s; peak memory 1102 MiB.
2026-10-07T17:18:22Z INFO [570/750] 637f3934-13a6-470f-b943-93196bc47554: Sackin index -0.1228; 2.3 s; peak memory 1102 MiB.
2026-10-07T17:18:24Z INFO [571/750] 637f4125-6960-4f6e-84e3-8cd96411ab13: Sackin index -0.0728; 2.0 s; peak memory 1102 MiB.
2026-10-07T17:18:26Z INFO [572/750] 637fd8dc-3f8d-4875-b424-18334522ed44: Sackin index -0.1288; 1.6 s; peak memory 1102 MiB.
2026-10-07T17:18:28Z INFO [573/750] 637fdff8-d8b5-43cb-917a-31fe3aed8bf0: Sackin index -0.0696; 1.8 s; peak memory 1102 MiB.
2026-10-07T17:18:30Z INFO [574/750] 63801b29-3abe-473e-ba67-834c8093b144: Sackin index -0.0387; 2.1 s; peak memory 1102 MiB.
2026-10-07T17:18:32Z INFO [575/750] 63802a6e-76ce-4b67-9f86-b61ba1955ec9: Sackin index -0.0728; 2.1 s; peak memory 1102 MiB.
2026-10-07T17:18:38Z INFO [576/750] 63803b8a-a8b2-4ce4-9342-bd059575af49: Sackin index -0.1938; 6.1 s; peak memory 1102 MiB.
2026-10-07T17:19:03Z INFO [577/750] 6380dc7d-4c95-4eca-853b-aeeba0e1157a: Sackin index -0.0144; 24.4 s; peak memory 1102 MiB.
2026-10-07T17:19:04Z INFO [578/750] 63816f92-4fbf-4ee4-9e4d-1cb076022caa: Sackin index -0.0384; 1.7 s; peak memory 1102 MiB.
2026-10-07T17:19:06Z INFO [579/750] 6382b9c0-9e16-42d4-9b67-b282e75f1706: Sackin index -0.1349; 1.7 s; peak memory 1102 MiB.
2026-10-07T17:19:08Z INFO [580/750] 638449e9-52fa-4ab5-84bd-f2cb6041a0bf: Sackin index -0.0375; 2.1 s; peak memory 1102 MiB.
2026-10-07T17:19:09Z INFO [581/750] 63845074-5d70-406d-bea5-ac75be73b968: Sackin index -0.1349; 1.5 s; peak memory 1102 MiB.
2026-10-07T17:19:11Z INFO [582/750] 63853e1f-605c-4ab7-83c3-e29d9f4a4da4: Sackin index -0.3646; 1.1 s; peak memory 1102 MiB.
2026-10-07T17:19:12Z INFO [583/750] 6386f3bb-e918-41ea-aa59-064fe63e897c: Sackin index -0.1349; 1.6 s; peak memory 1102 MiB.
2026-10-07T17:19:16Z INFO [584/750] 6386fc7a-3067-4ed9-b5f6-c32a404df524: Sackin index -0.0579; 3.4 s; peak memory 1102 MiB.
2026-10-07T17:19:18Z INFO [585/750] 63870a2d-119a-4115-89c5-fe3c733a1b35: Sackin index -0.1291; 2.1 s; peak memory 1102 MiB.
2026-10-07T17:19:20Z INFO [586/750] 638712a9-8fcb-4f11-bd7a-c41fb9d174ae: Sackin index -0.1096; 2.2 s; peak memory 1102 MiB.
2026-10-07T17:19:21Z INFO [587/750] 6388b986-3d41-43b7-ae36-792d9a800336: Sackin index -0.1349; 1.5 s; peak memory 1102 MiB.
2026-10-07T17:19:23Z INFO [588/750] 63891e0a-8cff-4c40-bc33-f1ff6c639bfa: Sackin index -0.0702; 1.7 s; peak memory 1102 MiB.
2026-10-07T17:19:25Z INFO [589/750] 6389993f-fdc0-4a55-b78f-568815ebeeea: Sackin index -0.1349; 1.5 s; peak memory 1102 MiB.
2026-10-07T17:19:27Z INFO [590/750] 6389dc0c-d03c-481b-8922-72a4a4e8b6fe: Sackin index -0.0375; 2.2 s; peak memory 1102 MiB.
2026-10-07T17:19:28Z INFO [591/750] 638a8568-f778-4d0b-9ab0-6ddeda72bfca: Sackin index -0.1658; 1.0 s; peak memory 1102 MiB.
2026-10-07T17:19:29Z INFO [592/750] 638b0c97-7413-4388-81da-34c13b76d757: Sackin index -0.1349; 1.5 s; peak memory 1102 MiB.
2026-10-07T17:19:32Z INFO [593/750] 638b1aea-c560-4f1c-a067-07d78a2877b4: Sackin index -0.0369; 2.6 s; peak memory 1102 MiB.
2026-10-07T17:19:34Z INFO [594/750] 638bc518-e679-4821-aff6-c154fa458da3: Sackin index -0.0728; 2.2 s; peak memory 1102 MiB.
2026-10-07T17:19:36Z INFO [595/750] 638cd44d-b167-4709-a5cd-dc4010e1140e: Sackin index -0.0709; 1.6 s; peak memory 1102 MiB.
2026-10-07T17:19:39Z INFO [596/750] 638d25aa-8dba-4e5f-9396-01d722547fbd: Sackin index -0.0169; 3.0 s; peak memory 1102 MiB.
2026-10-07T17:19:41Z INFO [597/750] 638dc10c-52d3-4f69-bc9c-586668262b0b: Sackin index -0.2229; 1.6 s; peak memory 1102 MiB.
2026-10-07T17:19:49Z INFO [598/750] 638e0fa3-d80b-457b-bc7d-2d08bcedab1d: Sackin index -0.0239; 8.5 s; peak memory 1102 MiB.
2026-10-07T17:19:52Z INFO [599/750] 638f52dc-0c8d-4427-8a73-49bf3341d572: Sackin index -0.0720; 3.0 s; peak memory 1102 MiB.
2026-10-07T17:19:55Z INFO [600/750] 638f8fcd-9d14-4e6b-b42d-1f95fdea3e0c: Sackin index -0.1938; 3.0 s; peak memory 1102 MiB.
2026-10-07T17:19:55Z INFO [600/750] 638f8fcd-9d14-4e6b-b42d-1f95fdea3e0c: checkpointed 94936 records.
2026-10-07T17:20:40Z INFO [601/750] 638fdce0-0627-4dab-84f9-03e300890ba8: Sackin index -0.2073; 45.2 s; peak memory 1102 MiB.
2026-10-07T17:23:40Z INFO [602/750] 63901155-14ca-40ac-b963-b4b437044bcc: Sackin index -0.0573; 179.8 s; peak memory 1102 MiB.
2026-10-07T17:23:45Z INFO [603/750] 63902fc4-43e1-45e4-8568-19a66ab281f4: Sackin index -0.0869; 4.3 s; peak memory 1102 MiB.
2026-10-07T17:23:48Z INFO [604/750] 63903eec-251e-492c-92b9-1bb53552baf6: Sackin index -0.0699; 3.8 s; peak memory 1102 MiB.
2026-10-07T17:23:51Z INFO [605/750] 63904531-4c59-4431-9e41-80cd6de7e460: Sackin index -0.0369; 2.3 s; peak memory 1102 MiB.
2026-10-07T17:23:53Z INFO [606/750] 63909757-0de8-40c9-a917-ada87c41df63: Sackin index -0.0728; 2.0 s; peak memory 1102 MiB.
2026-10-07T17:23:56Z INFO [607/750] 6390fb74-9f8f-4780-a511-e027cb1bbcde: Sackin index -0.0369; 3.3 s; peak memory 1102 MiB.
2026-10-07T17:23:58Z INFO [608/750] 6391d4d6-82c1-4429-8ba4-c8a6a50a4311: Sackin index -0.0728; 1.8 s; peak memory 1102 MiB.
2026-10-07T17:23:59Z INFO [609/750] 6391fa69-697d-413f-8432-cff5146c97e7: Sackin index -0.1349; 1.6 s; peak memory 1102 MiB.
2026-10-07T17:24:09Z INFO [610/750] 63926cf1-4bc1-4482-8ef5-5a644c71cd99: Sackin index -0.0413; 9.7 s; peak memory 1102 MiB.
2026-10-07T17:24:11Z INFO [611/750] 6393567b-7107-476f-aae4-53e353effc1d: Sackin index -0.0696; 2.0 s; peak memory 1102 MiB.
2026-10-07T17:24:21Z INFO [612/750] 63937b59-f5a6-4eb5-82b2-92cfc7065a7e: Sackin index -0.0230; 9.9 s; peak memory 1102 MiB.
2026-10-07T17:24:33Z INFO [613/750] 6394385f-3d49-4da3-97d8-b30cf138d740: Sackin index -0.0366; 11.7 s; peak memory 1102 MiB.
2026-10-07T17:24:35Z INFO [614/750] 6395104d-cf24-459c-b6ca-f2bbd181a0ca: Sackin index -0.0745; 2.4 s; peak memory 1102 MiB.
2026-10-07T17:24:37Z INFO [615/750] 63955115-1011-4fdd-b0f3-4866ea067acb: Sackin index -0.0728; 1.9 s; peak memory 1102 MiB.
2026-10-07T17:24:39Z INFO [616/750] 63957185-34ff-47dc-8f35-795414fca48c: Sackin index -0.1248; 1.7 s; peak memory 1102 MiB.
2026-10-07T17:24:40Z INFO [617/750] 63970f17-b946-4e0e-863c-bcee3e805fb8: Sackin index -0.1349; 1.6 s; peak memory 1102 MiB.
2026-10-07T17:25:02Z INFO [618/750] 63971803-2d8a-4316-92c4-6aa40a83a873: Sackin index -0.1462; 21.6 s; peak memory 1102 MiB.
2026-10-07T17:25:04Z INFO [619/750] 6399601e-a38e-4fb7-a580-a140414aeefa: Sackin index -0.1349; 1.7 s; peak memory 1102 MiB.
2026-10-07T17:25:37Z INFO [620/750] 639ad1a6-04d2-4110-9511-2af79726b252: Sackin index -0.1367; 33.2 s; peak memory 1102 MiB.
2026-10-07T17:25:39Z INFO [621/750] 639b74e8-7554-46fb-9c77-5869fb7fa688: Sackin index -0.0702; 1.7 s; peak memory 1102 MiB.
2026-10-07T17:25:40Z INFO [622/750] 639d60dd-b9e6-471f-82c3-d974c29b91a7: Sackin index -0.1349; 1.5 s; peak memory 1102 MiB.
2026-10-07T17:25:41Z INFO [623/750] 639d735c-7366-4883-9dfe-ad72a0a95dd6: Sackin index -0.0707; 1.5 s; peak memory 1102 MiB.
2026-10-07T17:25:43Z INFO [624/750] 639dbd24-4c06-4d9a-9aa7-707c65a723ec: Sackin index -0.1349; 1.5 s; peak memory 1102 MiB.
2026-10-07T17:25:45Z INFO [625/750] 639dcc01-400b-46f0-922d-d8502bf96279: Sackin index -0.0956; 1.6 s; peak memory 1102 MiB.
2026-10-07T17:25:48Z INFO [626/750] 639e834f-5577-4085-b9b5-dc1bbe8e52cc: Sackin index -0.0757; 3.2 s; peak memory 1102 MiB.
2026-10-07T17:25:51Z INFO [627/750] 639eaa35-4bb2-4a2a-b635-79b02fd267ce: Sackin index -0.1356; 2.8 s; peak memory 1102 MiB.
2026-10-07T17:25:54Z INFO [628/750] 639f32e3-3cea-4f05-985b-c8d7470225d6: Sackin index -0.0369; 3.4 s; peak memory 1102 MiB.
2026-10-07T17:25:56Z INFO [629/750] 639fcc50-b904-4376-befc-736baf462910: Sackin index -0.0376; 2.0 s; peak memory 1102 MiB.
2026-10-07T17:25:57Z INFO [630/750] 639ff6cd-3ba9-448f-904f-6565d628534a: Sackin index -0.1658; 1.2 s; peak memory 1102 MiB.
2026-10-07T17:26:06Z INFO [631/750] 63a08250-6592-41d4-9be5-cb9726683080: Sackin index -0.0192; 8.7 s; peak memory 1102 MiB.
2026-10-07T17:26:08Z INFO [632/750] 63a097a5-e1ec-4d99-af37-4b2ffc786d57: Sackin index -0.0696; 1.8 s; peak memory 1102 MiB.
2026-10-07T17:58:50Z INFO [633/750] 63a1e9c9-842e-471c-9dc1-a492b09d67ff: Sackin index -0.0451; 1962.1 s; peak memory 1214 MiB.
2026-10-07T17:58:51Z INFO [634/750] 63a22c1c-1631-47a6-b845-4cf1a58b755b: Sackin index -0.1658; 1.5 s; peak memory 1214 MiB.
2026-10-07T17:58:55Z INFO [635/750] 63a2bebb-69eb-4251-ae5a-2fc3dc40830a: Sackin index -0.0693; 3.9 s; peak memory 1214 MiB.
2026-10-07T17:58:57Z INFO [636/750] 63a2fbe9-985f-4619-afaa-4b2d52bebddf: Sackin index -0.1349; 1.4 s; peak memory 1214 MiB.
2026-10-07T17:58:58Z INFO [637/750] 63a307af-c451-43eb-b866-578823b34743: Sackin index -0.1448; 1.3 s; peak memory 1214 MiB.
2026-10-07T17:59:12Z INFO [638/750] 63a33481-daa7-43f0-982e-998ce50ca674: Sackin index -0.0201; 14.4 s; peak memory 1214 MiB.
2026-10-07T17:59:28Z INFO [639/750] 63a439f7-2d29-4fd0-9e09-69cc89de7d68: Sackin index -0.0188; 15.6 s; peak memory 1214 MiB.
2026-10-07T17:59:30Z INFO [640/750] 63a45b37-33a2-40cb-b359-3c9a9a8e7ddc: Sackin index -0.0276; 2.2 s; peak memory 1214 MiB.
2026-10-07T17:59:32Z INFO [641/750] 63a52b90-f37d-402c-9c30-8f7e6411e706: Sackin index -0.0696; 1.9 s; peak memory 1214 MiB.
2026-10-07T17:59:47Z INFO [642/750] 63a5b5db-e36a-4aeb-8c27-6896e9cb3c62: Sackin index -0.0113; 14.8 s; peak memory 1214 MiB.
2026-10-07T17:59:58Z INFO [643/750] 63a635d3-8602-4e3a-b05f-253fbf481141: Sackin index -0.0032; 11.4 s; peak memory 1214 MiB.
2026-10-07T18:00:03Z INFO [644/750] 63a638cf-b942-4408-93db-51516534072d: Sackin index -0.0660; 4.2 s; peak memory 1214 MiB.
2026-10-07T18:00:05Z INFO [645/750] 63a64e84-2a2f-4d36-9909-20132c8216ea: Sackin index -0.1383; 2.1 s; peak memory 1214 MiB.
2026-10-07T18:00:06Z INFO [646/750] 63a736a9-c50d-47e5-8f6d-02bccd57e419: Sackin index -0.1658; 1.2 s; peak memory 1214 MiB.
2026-10-07T18:00:14Z INFO [647/750] 63a749c1-6504-4f50-afbc-fd461ecd3380: Sackin index -0.0251; 8.1 s; peak memory 1214 MiB.
2026-10-07T18:00:18Z INFO [648/750] 63a7835c-b45e-4688-a697-4ae2c7a84421: Sackin index -0.0263; 4.0 s; peak memory 1214 MiB.
2026-10-07T18:00:51Z INFO [649/750] 63a7f347-a24f-4ad6-a7bb-b34ebb71af4f: Sackin index -0.1367; 32.6 s; peak memory 1214 MiB.
2026-10-07T18:00:53Z INFO [650/750] 63a8245c-9a2b-438a-a705-bad52d36a3dc: Sackin index -0.0728; 2.0 s; peak memory 1214 MiB.
2026-10-07T18:00:53Z INFO [650/750] 63a8245c-9a2b-438a-a705-bad52d36a3dc: checkpointed 94986 records.
2026-10-07T18:00:54Z INFO [651/750] 63a83b24-86d6-4420-a91c-86fb614657a5: Sackin index -0.1349; 1.5 s; peak memory 1214 MiB.
2026-10-07T18:00:57Z INFO [652/750] 63a8e7c6-da06-4b21-8edd-96e9699b4cb7: Sackin index -0.0369; 2.2 s; peak memory 1214 MiB.
2026-10-07T18:00:58Z INFO [653/750] 63a936f6-191d-4be7-9b90-432cf342079c: Sackin index -0.0702; 1.9 s; peak memory 1214 MiB.
2026-10-07T18:01:01Z INFO [654/750] 63a96252-d0b2-496a-8ac7-81d5402e0db9: Sackin index -0.0728; 2.1 s; peak memory 1214 MiB.
2026-10-07T18:01:03Z INFO [655/750] 63a9e1f1-ffd5-4162-add0-2f71c1430f90: Sackin index -0.0728; 2.4 s; peak memory 1214 MiB.
2026-10-07T18:01:05Z INFO [656/750] 63aab5bd-5c9c-4978-bb5a-e2b736b5d950: Sackin index -0.0702; 1.8 s; peak memory 1214 MiB.
2026-10-07T18:01:06Z INFO [657/750] 63abbc1e-8e35-4957-9a89-9bed0accc536: Sackin index -0.0886; 1.7 s; peak memory 1214 MiB.
2026-10-07T18:01:08Z INFO [658/750] 63ac8059-2a0f-4adf-b3ba-fa30ee1c44ca: Sackin index -0.1349; 1.5 s; peak memory 1214 MiB.
2026-10-07T18:01:10Z INFO [659/750] 63acb847-2962-4b93-8407-ac68c7401390: Sackin index -0.1510; 2.0 s; peak memory 1214 MiB.
2026-10-07T18:01:31Z INFO [660/750] 63acbe1f-6690-48bf-9a27-3a7c1782d540: Sackin index -0.0152; 20.8 s; peak memory 1214 MiB.
2026-10-07T18:01:32Z INFO [661/750] 63adc305-162b-477d-a1ce-097c95a722c3: Sackin index -0.1349; 1.6 s; peak memory 1214 MiB.
2026-10-07T18:01:34Z INFO [662/750] 63aea2b7-bc68-450f-8087-dadd85a7b9fe: Sackin index -0.1349; 1.6 s; peak memory 1214 MiB.
2026-10-07T18:01:35Z INFO [663/750] 63aeee04-2c00-44e9-a9f1-789b056b259c: Sackin index -0.1349; 1.4 s; peak memory 1214 MiB.
2026-10-07T18:01:37Z INFO [664/750] 63aef58c-6533-4263-bcf9-814c7bed3bb8: Sackin index -0.1331; 1.4 s; peak memory 1214 MiB.
2026-10-07T18:01:49Z INFO [665/750] 63af09be-eae9-46e1-b1c3-a86e140ff73a: Sackin index -0.0161; 11.7 s; peak memory 1214 MiB.
2026-10-07T18:01:51Z INFO [666/750] 63afe95e-6f19-45a2-b2e7-86054b700fa0: Sackin index -0.1210; 2.1 s; peak memory 1214 MiB.
2026-10-07T18:01:52Z INFO [667/750] 63affdd0-9d9c-4cb9-bc23-d5f032cc7d0f: Sackin index -0.1349; 1.6 s; peak memory 1214 MiB.
2026-10-07T18:01:56Z INFO [668/750] 63b3adf9-737b-4860-9afd-cea5863283a8: Sackin index -0.1761; 4.2 s; peak memory 1214 MiB.
2026-10-07T18:01:58Z INFO [669/750] 63b4954f-a43e-4aaa-bfb9-9551460f2fff: Sackin index -0.0702; 1.9 s; peak memory 1214 MiB.
2026-10-07T18:02:05Z INFO [670/750] 63b53505-8a26-4bc5-bc62-667d155d68f2: Sackin index -0.0411; 6.9 s; peak memory 1214 MiB.
2026-10-07T18:02:07Z INFO [671/750] 63b5c250-9c47-4ff6-bd2d-44bd4b9ef46d: Sackin index -0.0696; 1.6 s; peak memory 1214 MiB.
2026-10-07T18:02:08Z INFO [672/750] 63b69ba0-7192-4f31-b392-51414a2d7a8c: Sackin index -0.0656; 1.4 s; peak memory 1214 MiB.
2026-10-07T18:02:10Z INFO [673/750] 63b6eba2-e2ef-4fa7-a71d-5a42dd487308: Sackin index -0.1072; 1.3 s; peak memory 1214 MiB.
2026-10-07T18:02:11Z INFO [674/750] 63b70e10-2d51-44ca-b10e-1004d7b648fe: Sackin index -0.1148; 1.1 s; peak memory 1214 MiB.
2026-10-07T18:02:21Z INFO [675/750] 63b75141-06a6-42fe-aa77-2499de933e33: Sackin index -0.0439; 10.7 s; peak memory 1214 MiB.
2026-10-07T18:02:44Z INFO [676/750] 63b7c7c5-990b-4ec3-ac8c-506818c2e971: Sackin index -0.1462; 22.8 s; peak memory 1214 MiB.
2026-10-07T18:02:58Z INFO [677/750] 63b7fb67-f6f9-4f50-aa65-105fb843ffee: Sackin index -0.0269; 13.8 s; peak memory 1214 MiB.
2026-10-07T18:03:00Z INFO [678/750] 63b97cf5-d7df-45ed-b58a-77d6fecd3779: Sackin index -0.0696; 2.0 s; peak memory 1214 MiB.
2026-10-07T18:06:29Z INFO [679/750] 63b9b53a-d6c1-4baf-bdc6-21b8e5fb6f13: Sackin index -0.0286; 209.0 s; peak memory 1214 MiB.
2026-10-07T18:06:31Z INFO [680/750] 63ba0ff0-e96c-4387-97ad-c1ada0f04b60: Sackin index -0.0774; 2.1 s; peak memory 1214 MiB.
2026-10-07T18:06:44Z INFO [681/750] 63ba7461-7f3f-4ee0-b613-ed8ad816bc0b: Sackin index -0.0171; 13.0 s; peak memory 1214 MiB.
2026-10-07T18:06:46Z INFO [682/750] 63ba81f2-ad67-4bb1-bc2e-fd4941150036: Sackin index -0.0702; 2.0 s; peak memory 1214 MiB.
2026-10-07T18:06:52Z INFO [683/750] 63bb0af4-6985-4c1e-b9d2-05063b3bdd30: Sackin index -0.0547; 5.5 s; peak memory 1214 MiB.
2026-10-07T18:06:53Z INFO [684/750] 63bbd290-4575-4a35-9e8c-abaf13d08b69: Sackin index -0.1349; 1.6 s; peak memory 1214 MiB.
2026-10-07T18:06:55Z INFO [685/750] 63bcd5a4-15ef-4de6-a576-619b86c81ab4: Sackin index -0.1349; 1.6 s; peak memory 1214 MiB.
2026-10-07T18:07:03Z INFO [686/750] 63bd2650-8b68-4fc5-9dcb-a579614f74d3: Sackin index -0.0042; 8.7 s; peak memory 1214 MiB.
2026-10-07T18:07:13Z INFO [687/750] 63bd8eea-1fff-4980-b1e2-3dc365f1d085: Sackin index -0.0212; 9.8 s; peak memory 1214 MiB.
2026-10-07T18:07:33Z INFO [688/750] 63be97ff-2f6a-48f9-9aaf-1615c9c39320: Sackin index -0.0117; 19.8 s; peak memory 1214 MiB.
2026-10-07T18:07:34Z INFO [689/750] 63bf00ba-6dac-4d5b-ae59-b0237426b7f8: Sackin index -0.1303; 1.3 s; peak memory 1214 MiB.
2026-10-07T18:07:36Z INFO [690/750] 63bf1883-6d6a-45c6-8731-7edc9a342e65: Sackin index -0.3646; 1.1 s; peak memory 1214 MiB.
2026-10-07T18:07:37Z INFO [691/750] 63bf919a-3124-42a3-bbdc-f3f4e7d25cc1: Sackin index -0.1349; 1.6 s; peak memory 1214 MiB.
2026-10-07T18:07:40Z INFO [692/750] 63c035b4-eddb-4ce2-b330-7bc8fa2edade: Sackin index -0.1224; 2.8 s; peak memory 1214 MiB.
2026-10-07T18:07:42Z INFO [693/750] 63c148c1-394c-4e17-9d8a-9f9e7fb14aea: Sackin index -0.0696; 1.9 s; peak memory 1214 MiB.
2026-10-07T18:07:44Z INFO [694/750] 63c1a767-cb10-40b6-86a0-df63901f1341: Sackin index -0.0369; 2.2 s; peak memory 1214 MiB.
2026-10-07T18:08:02Z INFO [695/750] 63c1acd6-6b27-4982-b87f-06e12461398c: Sackin index -0.0262; 17.7 s; peak memory 1214 MiB.
2026-10-07T18:08:03Z INFO [696/750] 63c1eab1-46cf-4a0f-9027-253d67994fcc: Sackin index -0.1349; 1.6 s; peak memory 1214 MiB.
2026-10-07T18:08:12Z INFO [697/750] 63c1fbf6-36f0-416b-8fad-367ac8d9c200: Sackin index -0.0476; 8.4 s; peak memory 1214 MiB.
2026-10-07T18:08:15Z INFO [698/750] 63c28720-d55e-43cf-b592-37780e05aaee: Sackin index -0.0350; 3.5 s; peak memory 1214 MiB.
2026-10-07T18:08:17Z INFO [699/750] 63c2b9e5-56f3-446a-a951-55155dd29ae7: Sackin index -0.0379; 2.2 s; peak memory 1214 MiB.
2026-10-07T18:08:30Z INFO [700/750] 63c32b6d-d1a6-4055-9211-8266e361aa03: Sackin index -0.0247; 12.3 s; peak memory 1214 MiB.
2026-10-07T18:08:30Z INFO [700/750] 63c32b6d-d1a6-4055-9211-8266e361aa03: checkpointed 95036 records.
2026-10-07T18:14:02Z INFO [701/750] 63c36432-78b2-4dbb-89d7-de5d848e440e: Sackin index -0.0451; 331.8 s; peak memory 1214 MiB.
2026-10-07T18:14:04Z INFO [702/750] 63c38def-6d5b-4576-85f1-8c3213af7714: Sackin index -0.0375; 2.3 s; peak memory 1214 MiB.
2026-10-07T18:14:06Z INFO [703/750] 63c40347-5841-4ae2-be19-ca4dc9ca5265: Sackin index -0.1658; 1.6 s; peak memory 1214 MiB.
2026-10-07T18:14:08Z INFO [704/750] 63c46a43-7547-44be-9cc9-e82db5fe6ae1: Sackin index -0.0375; 1.9 s; peak memory 1214 MiB.
2026-10-07T18:14:10Z INFO [705/750] 63c4ae51-9e8f-425a-8a0b-ce10b996a2a9: Sackin index -0.0752; 2.0 s; peak memory 1214 MiB.
2026-10-07T18:14:11Z INFO [706/750] 63c4bcc9-9674-42c5-86df-b9f47f3748bb: Sackin index -0.0722; 1.7 s; peak memory 1214 MiB.
2026-10-07T18:14:13Z INFO [707/750] 63c66507-39c4-4ad5-9db2-048e12194074: Sackin index -0.0369; 2.2 s; peak memory 1214 MiB.
2026-10-07T18:14:16Z INFO [708/750] 63c7316d-cc5c-4b15-a1c6-f0bd40db84c9: Sackin index -0.0728; 2.2 s; peak memory 1214 MiB.
2026-10-07T18:14:34Z INFO [709/750] 63c91409-b19b-4693-99f8-6105281ec244: Sackin index -0.0133; 18.3 s; peak memory 1214 MiB.
2026-10-07T18:14:36Z INFO [710/750] 63c92467-a5d1-45eb-aab6-939269446d92: Sackin index -0.2229; 1.7 s; peak memory 1214 MiB.
2026-10-07T18:14:39Z INFO [711/750] 63c92864-e48f-44f8-8d29-4868d9312e61: Sackin index -0.0824; 3.1 s; peak memory 1214 MiB.
2026-10-07T18:14:45Z INFO [712/750] 63ca3c18-4d29-4cea-af0e-c42a11a5e6cc: Sackin index -0.0266; 6.2 s; peak memory 1214 MiB.
2026-10-07T18:14:46Z INFO [713/750] 63ca5e5a-2b91-4b3a-8ee3-a5f501023599: Sackin index -0.1658; 1.3 s; peak memory 1214 MiB.
2026-10-07T18:14:48Z INFO [714/750] 63cb4814-edb1-43d8-aac7-05e7449c53a1: Sackin index -0.1349; 1.6 s; peak memory 1214 MiB.
2026-10-07T18:14:51Z INFO [715/750] 63cb9b51-57c7-4ff6-9705-a849e959aa4b: Sackin index -0.0275; 2.7 s; peak memory 1214 MiB.
2026-10-07T18:14:55Z INFO [716/750] 63cbbea6-39e9-48e8-96f8-74b2d32ca15e: Sackin index -0.0660; 4.6 s; peak memory 1214 MiB.
2026-10-07T18:14:57Z INFO [717/750] 63cd024f-7057-4a87-8b25-bd00be5d43ae: Sackin index -0.1273; 2.2 s; peak memory 1214 MiB.
2026-10-07T18:14:59Z INFO [718/750] 63cda596-da20-4c04-991c-d07a42bbfac8: Sackin index -0.1658; 1.3 s; peak memory 1214 MiB.
2026-10-07T18:15:02Z INFO [719/750] 63cdadae-cbed-4475-9869-21b9415ba295: Sackin index -0.1243; 3.2 s; peak memory 1214 MiB.
2026-10-07T18:15:05Z INFO [720/750] 63ce7e74-cf84-442e-bbcf-66ee874f1060: Sackin index -0.0728; 2.8 s; peak memory 1214 MiB.
2026-10-07T18:15:07Z INFO [721/750] 63ce7f78-2d44-451e-80fc-4fa1deda7a26: Sackin index -0.1273; 2.4 s; peak memory 1214 MiB.
2026-10-07T18:15:09Z INFO [722/750] 63cf4f59-ea52-48b5-90af-d414ddbddcfe: Sackin index -0.0696; 1.8 s; peak memory 1214 MiB.
2026-10-07T18:15:10Z INFO [723/750] 63d069cc-f51d-4376-99e5-7ce22b0fab4f: Sackin index -0.1349; 1.6 s; peak memory 1214 MiB.
2026-10-07T18:15:12Z INFO [724/750] 63d0a733-a201-44ff-88c1-15c58e947f37: Sackin index -0.1349; 1.4 s; peak memory 1214 MiB.
2026-10-07T18:15:13Z INFO [725/750] 63d0c88d-7bcf-4635-8cf8-aa94733f19df: Sackin index -0.1349; 1.5 s; peak memory 1214 MiB.
2026-10-07T18:15:42Z INFO [726/750] 63d20e4c-78c4-48bf-b778-d92f579171d6: Sackin index -0.0153; 28.9 s; peak memory 1214 MiB.
2026-10-07T18:15:46Z INFO [727/750] 63d22c23-e107-4644-a5f3-75a96b4c526b: Sackin index -0.0516; 3.9 s; peak memory 1214 MiB.
2026-10-07T18:15:47Z INFO [728/750] 63d24288-87b6-4dfd-b347-6f3959971623: Sackin index -0.1658; 1.2 s; peak memory 1214 MiB.
2026-10-07T18:16:21Z INFO [729/750] 63d265f1-9734-421c-8cf8-215b664a2397: Sackin index -0.0142; 33.2 s; peak memory 1214 MiB.
2026-10-07T18:16:22Z INFO [730/750] 63d3d313-19ab-4494-88a5-ce69e2b9bd20: Sackin index -0.0696; 1.9 s; peak memory 1214 MiB.
2026-10-07T18:17:30Z INFO [731/750] 63d43c8f-3519-41bf-b85f-283712b47392: Sackin index -0.1144; 67.7 s; peak memory 1214 MiB.
2026-10-07T18:17:32Z INFO [732/750] 63d44654-a93e-4158-9e33-9425decf93bf: Sackin index -0.1349; 1.5 s; peak memory 1214 MiB.
2026-10-07T18:17:44Z INFO [733/750] 63d4ce49-754b-438a-bf00-e66e2504183a: Sackin index -0.0192; 12.8 s; peak memory 1214 MiB.
2026-10-07T18:17:46Z INFO [734/750] 63d5924a-0130-4772-907f-105a8f9e999d: Sackin index -0.1349; 1.7 s; peak memory 1214 MiB.
2026-10-07T18:17:48Z INFO [735/750] 63d5b247-49f2-498c-999f-27f800c28dee: Sackin index -0.0715; 1.9 s; peak memory 1214 MiB.
2026-10-07T18:17:49Z INFO [736/750] 63d70d8d-dcf5-4aac-babb-51aaea6200e9: Sackin index -0.1349; 1.5 s; peak memory 1214 MiB.
2026-10-07T18:17:51Z INFO [737/750] 63d958f3-4233-484c-8851-845b5cdf2b0e: Sackin index -0.0702; 1.8 s; peak memory 1214 MiB.
2026-10-07T18:17:53Z INFO [738/750] 63d963b8-e828-4c26-ad35-3489995467d0: Sackin index -0.1390; 2.0 s; peak memory 1214 MiB.
2026-10-07T18:17:54Z INFO [739/750] 63da67b6-d5fb-4812-971e-13e30c2192c7: Sackin index -0.1178; 1.2 s; peak memory 1214 MiB.
2026-10-07T18:17:57Z INFO [740/750] 63db17ea-1650-4555-b6d9-cb7600749671: Sackin index -0.1072; 2.7 s; peak memory 1214 MiB.
2026-10-07T18:18:10Z INFO [741/750] 63db5d13-8c21-41bd-8805-cbe5bfdaa068: Sackin index -0.0073; 12.5 s; peak memory 1214 MiB.
2026-10-07T18:18:11Z INFO [742/750] 63db7106-9c83-4c62-b4bf-a511300aef75: Sackin index -0.0702; 1.8 s; peak memory 1214 MiB.
2026-10-07T18:18:14Z INFO [743/750] 63dbde83-520b-45ba-a67d-57fb684a61d5: Sackin index -0.0272; 2.7 s; peak memory 1214 MiB.
2026-10-07T18:18:23Z INFO [744/750] 63dc4b1d-fb3a-4140-8f13-eb8d0385314f: Sackin index -0.0246; 8.7 s; peak memory 1214 MiB.
2026-10-07T18:18:25Z INFO [745/750] 63dc53e1-20b8-4331-bbc6-80699dd437c7: Sackin index -0.0896; 2.2 s; peak memory 1214 MiB.
2026-10-07T18:18:27Z INFO [746/750] 63dc5c82-afa6-4a63-8eb4-3f4c82daf648: Sackin index -0.1349; 1.5 s; peak memory 1214 MiB.
2026-10-07T18:18:29Z INFO [747/750] 63dc94d8-0bb4-4460-80a3-0946461c3c5a: Sackin index -0.1096; 1.9 s; peak memory 1214 MiB.
2026-10-07T18:18:30Z INFO [748/750] 63dd3814-68f5-41d2-b0d9-61fd4c3a83ab: Sackin index -0.0696; 1.8 s; peak memory 1214 MiB.
2026-10-07T18:18:32Z INFO [749/750] 63de17ac-0a2b-418b-90f8-9c478462d1f2: Sackin index -0.1319; 1.3 s; peak memory 1214 MiB.
2026-10-07T18:18:33Z INFO [750/750] 63de1c6c-a72c-4b9f-8363-550cc86f8c02: Sackin index -0.1349; 1.5 s; peak memory 1214 MiB.
2026-10-07T18:18:33Z INFO [750/750] 63de1c6c-a72c-4b9f-8363-550cc86f8c02: checkpointed 95086 records.
2026-10-07T18:18:34Z INFO Wrote 95086 records to /tmp/derivatives/valid_nwb_file_to_sackin_index.jsonl (750 new, 0 failed) in 147.9 min (peak memory 1214 MiB).
