2026-10-07T03:42:45Z INFO Logging to /tmp/logs/update_2026-10-07T03-42-45Z.log.
2026-10-07T03:42:45Z INFO Update valid-nwb-file-to-sackin-index (base directory /tmp).
2026-10-07T03:42:46Z INFO Processing 750 items (90586 already recorded).
2026-10-07T03:42:47Z INFO [1/750] 0070fda4-c49d-486c-944d-1a3d48ba101b: Sackin index -0.1072; 1.2 s; peak memory 113 MiB.
2026-10-07T03:42:50Z INFO [2/750] 046b02e6-8682-42b4-bf2c-b4748cdae63e: Sackin index -0.0451; 3.4 s; peak memory 119 MiB.
2026-10-07T03:42:52Z INFO [3/750] 04d4f44a-f6ae-4aa6-9ce5-86b84447eb13: Sackin index -0.0822; 1.2 s; peak memory 119 MiB.
2026-10-07T03:42:53Z INFO [4/750] 074c3967-d759-4fc1-8ae2-bf794b00d06d: Sackin index -0.0822; 1.1 s; peak memory 120 MiB.
2026-10-07T03:42:56Z INFO [5/750] 07ecd1e2-d6bb-4fef-9ec9-1df76a7735b4: Sackin index -0.0456; 3.6 s; peak memory 121 MiB.
2026-10-07T03:42:57Z INFO [6/750] 08228987-d60c-4a4f-aa63-513dd21b4342: Sackin index -0.0822; 1.2 s; peak memory 121 MiB.
2026-10-07T03:42:59Z INFO [7/750] 099e3de3-0e65-4c1c-98da-8746f13ca7fd: Sackin index -0.0704; 1.1 s; peak memory 121 MiB.
2026-10-07T03:43:03Z INFO [8/750] 0a887aa1-c891-4914-8bbd-5b182bf38bd4: Sackin index -0.0635; 4.3 s; peak memory 124 MiB.
2026-10-07T03:43:04Z INFO [9/750] 0d0fb28b-a56c-421e-8be4-c22053ab1c29: Sackin index -0.0833; 1.0 s; peak memory 124 MiB.
2026-10-07T03:43:08Z INFO [10/750] 0dde4390-26de-4337-94d9-88bce6407773: Sackin index -0.0611; 4.7 s; peak memory 124 MiB.
2026-10-07T03:43:10Z INFO [11/750] 0ed24935-7c06-40fa-983f-0120e1c2ac62: Sackin index -0.0822; 1.2 s; peak memory 124 MiB.
2026-10-07T03:43:11Z INFO [12/750] 0fc3f3ba-3a80-47ca-bba4-aa9df6a3b940: Sackin index -0.0822; 1.2 s; peak memory 124 MiB.
2026-10-07T03:43:13Z INFO [13/750] 10e37e8e-e213-4b3c-99c1-95fb7f22814b: Sackin index -0.0515; 2.1 s; peak memory 124 MiB.
2026-10-07T03:43:14Z INFO [14/750] 11bdfb76-006f-4d6c-9346-9064740cc626: Sackin index -0.1072; 0.9 s; peak memory 124 MiB.
2026-10-07T03:43:15Z INFO [15/750] 125fa235-040e-4437-98be-b3ad6db159c5: Sackin index -0.0822; 1.0 s; peak memory 124 MiB.
2026-10-07T03:43:19Z INFO [16/750] 13732d86-7959-4e2a-aaa0-2f915691ef6e: Sackin index -0.0611; 4.3 s; peak memory 124 MiB.
2026-10-07T03:43:21Z INFO [17/750] 13e43352-b0c3-4559-9ccd-fe901f4f6d94: Sackin index -0.0822; 1.3 s; peak memory 124 MiB.
2026-10-07T03:43:25Z INFO [18/750] 15481a1c-00ca-4e8c-9dae-b1e43fdd2b76: Sackin index -0.0611; 4.7 s; peak memory 124 MiB.
2026-10-07T03:43:26Z INFO [19/750] 157ee03b-f4be-4e7b-b215-70f1fa967d80: Sackin index -0.1072; 0.9 s; peak memory 125 MiB.
2026-10-07T03:43:31Z INFO [20/750] 16e4a56d-d632-4b19-a622-8bdbf2816eaa: Sackin index -0.0611; 4.6 s; peak memory 125 MiB.
2026-10-07T03:43:35Z INFO [21/750] 173b1b85-9214-4d25-9c97-1ab239a297e1: Sackin index -0.0611; 4.4 s; peak memory 127 MiB.
2026-10-07T03:43:40Z INFO [22/750] 189e5e12-2cba-47a9-b84c-dcec24bdd7db: Sackin index -0.0611; 4.8 s; peak memory 127 MiB.
2026-10-07T03:43:45Z INFO [23/750] 19f75508-e5f9-4b2e-bb36-d1d83f1196a2: Sackin index -0.0611; 4.7 s; peak memory 127 MiB.
2026-10-07T03:43:48Z INFO [24/750] 19ff0263-3f10-4aeb-9361-c16b1081a473: Sackin index -0.0450; 3.7 s; peak memory 127 MiB.
2026-10-07T03:43:49Z INFO [25/750] 1b2354dd-1dac-4c76-8121-b492769c284f: Sackin index -0.0822; 1.2 s; peak memory 127 MiB.
2026-10-07T03:43:51Z INFO [26/750] 1ce55f07-08f9-464d-be8e-bfe0d7220e1e: Sackin index -0.0822; 1.2 s; peak memory 127 MiB.
2026-10-07T03:43:52Z INFO [27/750] 1cfe6b99-7a4c-452c-a718-c8057cbba328: Sackin index -0.1046; 1.0 s; peak memory 127 MiB.
2026-10-07T03:43:53Z INFO [28/750] 1d51966e-223d-4cb4-8692-06a7c4e53eac: Sackin index -0.0822; 1.2 s; peak memory 129 MiB.
2026-10-07T03:43:54Z INFO [29/750] 1db28340-1417-4265-a6a4-c769004baea0: Sackin index -0.1072; 0.9 s; peak memory 129 MiB.
2026-10-07T03:43:58Z INFO [30/750] 1e3203c7-a8e8-4e77-b83e-0aacfea3f9eb: Sackin index -0.0635; 4.5 s; peak memory 129 MiB.
2026-10-07T03:44:02Z INFO [31/750] 1e436be6-9379-4e7b-81dc-6bb5f374ded6: Sackin index -0.0451; 3.4 s; peak memory 129 MiB.
2026-10-07T03:44:06Z INFO [32/750] 1e5ec724-13df-4c69-ba50-2efb76b2adb7: Sackin index -0.0635; 4.2 s; peak memory 129 MiB.
2026-10-07T03:44:07Z INFO [33/750] 1fb1607d-f02f-486a-ad5d-d88e9ed0d9f6: Sackin index -0.0822; 1.1 s; peak memory 129 MiB.
2026-10-07T03:44:11Z INFO [34/750] 20e8f0e2-c26c-443c-9d3c-ac119e4bfcfd: Sackin index -0.0635; 4.4 s; peak memory 129 MiB.
2026-10-07T03:44:16Z INFO [35/750] 213803d2-d4ee-4a3c-8d73-c868e8ad9cde: Sackin index -0.0635; 4.5 s; peak memory 129 MiB.
2026-10-07T03:44:21Z INFO [36/750] 22335726-97e8-4df2-b93e-72fd82e1cc53: Sackin index -0.0635; 4.5 s; peak memory 129 MiB.
2026-10-07T03:44:25Z INFO [37/750] 22609bc6-f4ba-4273-9cf6-cf162bd70e32: Sackin index -0.0611; 4.3 s; peak memory 129 MiB.
2026-10-07T03:44:26Z INFO [38/750] 22e5f9fc-4dbb-4a5c-8b66-75132e2bf425: Sackin index -0.0822; 1.1 s; peak memory 129 MiB.
2026-10-07T03:44:29Z INFO [39/750] 24540b07-9c7b-48b7-8d47-1b54d11db547: Sackin index -0.0450; 3.2 s; peak memory 129 MiB.
2026-10-07T03:44:30Z INFO [40/750] 26f64051-2d9a-4955-ac13-be422fcd4823: Sackin index -0.0822; 1.1 s; peak memory 129 MiB.
2026-10-07T03:44:31Z INFO [41/750] 277620bf-b232-443e-9606-736aa25d3165: Sackin index -0.0723; 1.0 s; peak memory 129 MiB.
2026-10-07T03:44:36Z INFO [42/750] 2892ddbd-38df-499e-93f5-cdc5bef403f3: Sackin index -0.0635; 4.4 s; peak memory 129 MiB.
2026-10-07T03:44:40Z INFO [43/750] 28cbd3f3-8287-4ae3-86cc-97144a578d4b: Sackin index -0.0635; 4.3 s; peak memory 129 MiB.
2026-10-07T03:44:41Z INFO [44/750] 28f5456c-9926-4fa4-a6ce-0d662e32fd5b: Sackin index -0.0704; 0.9 s; peak memory 129 MiB.
2026-10-07T03:44:46Z INFO [45/750] 2a8142e6-b545-4deb-96b0-4be447fda35d: Sackin index -0.0611; 4.8 s; peak memory 130 MiB.
2026-10-07T03:44:50Z INFO [46/750] 2bd65a28-d25a-4ef1-abf6-1eca6e70a256: Sackin index -0.0635; 4.4 s; peak memory 130 MiB.
2026-10-07T03:44:51Z INFO [47/750] 2d4dba9a-b686-4f8c-8117-b1143733b5f9: Sackin index -0.0822; 1.1 s; peak memory 130 MiB.
2026-10-07T03:44:52Z INFO [48/750] 2dbef024-7872-4742-a08f-b426ff582823: Sackin index -0.1046; 1.1 s; peak memory 130 MiB.
2026-10-07T03:44:53Z INFO [49/750] 2e87bd91-dae0-4612-aaa2-f7df77c49e19: Sackin index -0.1046; 1.0 s; peak memory 130 MiB.
2026-10-07T03:44:56Z INFO [50/750] 2f80338f-7502-4411-9fce-120180cc6052: Sackin index -0.0467; 2.7 s; peak memory 130 MiB.
2026-10-07T03:44:56Z INFO [50/750] 2f80338f-7502-4411-9fce-120180cc6052: checkpointed 90636 records.
2026-10-07T03:44:57Z INFO [51/750] 2f85a01e-815c-4b68-9830-120b4550e924: Sackin index -0.0822; 1.2 s; peak memory 130 MiB.
2026-10-07T03:44:58Z INFO [52/750] 30920585-dfe1-44b0-a9a1-d3a204e02b4d: Sackin index -0.0822; 1.1 s; peak memory 130 MiB.
2026-10-07T03:44:59Z INFO [53/750] 30c795cf-4691-4a12-91aa-7eb56995934e: Sackin index -0.0833; 1.0 s; peak memory 130 MiB.
2026-10-07T03:45:00Z INFO [54/750] 30e5debf-1633-4712-84b0-c5d76be0e2fb: Sackin index -0.0833; 0.9 s; peak memory 130 MiB.
2026-10-07T03:45:04Z INFO [55/750] 3159f870-7034-4ba2-bc9a-6ee5f4e7b437: Sackin index -0.0451; 3.3 s; peak memory 130 MiB.
2026-10-07T03:45:08Z INFO [56/750] 32d83983-fe88-4a75-a8ca-28ffb063cd96: Sackin index -0.0635; 4.5 s; peak memory 130 MiB.
2026-10-07T03:45:13Z INFO [57/750] 3305bd0b-3e48-44aa-bd60-e417257a7781: Sackin index -0.0611; 4.7 s; peak memory 130 MiB.
2026-10-07T03:45:16Z INFO [58/750] 3462b660-6888-44e1-b487-42c0815dd113: Sackin index -0.0456; 3.5 s; peak memory 130 MiB.
2026-10-07T03:45:21Z INFO [59/750] 3488a78a-af0a-413e-ac68-efb94f19d41d: Sackin index -0.0611; 4.7 s; peak memory 130 MiB.
2026-10-07T03:45:26Z INFO [60/750] 34e5ae54-3556-4efb-81c6-9eed52964648: Sackin index -0.0611; 4.6 s; peak memory 131 MiB.
2026-10-07T03:45:27Z INFO [61/750] 354c37f5-3137-4cef-90e0-0abe6835c314: Sackin index -0.0822; 1.1 s; peak memory 131 MiB.
2026-10-07T03:45:28Z INFO [62/750] 35e230c1-655f-479c-b4ba-b0793770b6b9: Sackin index -0.1072; 0.9 s; peak memory 131 MiB.
2026-10-07T03:45:29Z INFO [63/750] 36437e68-707b-43a5-a253-df12330245e4: Sackin index -0.1046; 1.1 s; peak memory 131 MiB.
2026-10-07T03:45:32Z INFO [64/750] 374d45b8-24f3-4839-b3bf-4fa7807aa8a6: Sackin index -0.0456; 3.5 s; peak memory 131 MiB.
2026-10-07T03:45:33Z INFO [65/750] 383bd235-6db6-41b3-827c-5fa672d31405: Sackin index -0.0822; 1.2 s; peak memory 131 MiB.
2026-10-07T03:45:35Z INFO [66/750] 387bd1f2-15ef-4606-bc85-48dc243e01a4: Sackin index -0.1046; 1.1 s; peak memory 131 MiB.
2026-10-07T03:45:36Z INFO [67/750] 399d1d7e-c29b-4619-835c-1e0cd2ff5405: Sackin index -0.0822; 1.0 s; peak memory 131 MiB.
2026-10-07T03:45:40Z INFO [68/750] 3a1c6453-d635-4d0d-822f-8ed7ac2ad26d: Sackin index -0.0611; 4.7 s; peak memory 131 MiB.
2026-10-07T03:45:41Z INFO [69/750] 3a490063-3e26-41e4-90f8-59df0842510b: Sackin index -0.0833; 1.0 s; peak memory 131 MiB.
2026-10-07T03:45:45Z INFO [70/750] 3a552d6c-a959-4ac0-8d46-424f8606d3ae: Sackin index -0.0451; 3.7 s; peak memory 131 MiB.
2026-10-07T03:45:50Z INFO [71/750] 3a654989-7e09-45ae-b714-2326f09adda4: Sackin index -0.0635; 4.6 s; peak memory 131 MiB.
2026-10-07T03:45:51Z INFO [72/750] 3aba25df-5193-4ba5-9462-258bccf40167: Sackin index -0.0704; 1.2 s; peak memory 131 MiB.
2026-10-07T03:45:52Z INFO [73/750] 3addaa0f-e48f-45d4-8fa7-72acdea527b5: Sackin index -0.1046; 0.9 s; peak memory 131 MiB.
2026-10-07T03:45:53Z INFO [74/750] 3adfe157-05fa-45e7-b76f-48c77baa4f64: Sackin index -0.1046; 1.1 s; peak memory 131 MiB.
2026-10-07T03:45:54Z INFO [75/750] 3b00bce9-d41b-42ef-8c1d-5de8c7860af1: Sackin index -0.0822; 1.1 s; peak memory 131 MiB.
2026-10-07T03:45:55Z INFO [76/750] 3b5525f2-258d-4c3c-9c8c-6c88ea57abbe: Sackin index -0.0822; 1.1 s; peak memory 131 MiB.
2026-10-07T03:45:56Z INFO [77/750] 3bfe0d0b-60dd-4a87-9942-a933c509e531: Sackin index -0.1046; 1.1 s; peak memory 131 MiB.
2026-10-07T03:46:02Z INFO [78/750] 3cc8cdad-4737-47d3-98ed-e9d0b8d70db5: Sackin index -0.0611; 5.3 s; peak memory 131 MiB.
2026-10-07T03:46:05Z INFO [79/750] 3d159046-4422-4912-9633-6942773b2d2b: Sackin index -0.0456; 3.9 s; peak memory 131 MiB.
2026-10-07T03:46:10Z INFO [80/750] 3d31c5c8-35ff-4c65-8e03-8b7fa901ea1a: Sackin index -0.0611; 4.8 s; peak memory 131 MiB.
2026-10-07T03:46:11Z INFO [81/750] 3d479fc7-3fc2-467b-85c3-7b6b15f4ab89: Sackin index -0.0822; 1.1 s; peak memory 131 MiB.
2026-10-07T03:46:16Z INFO [82/750] 3e0b2d50-1c43-4dfd-99b5-35ddc6b0c515: Sackin index -0.0611; 5.0 s; peak memory 131 MiB.
2026-10-07T03:46:21Z INFO [83/750] 3e266a48-50b6-49ea-9b61-b9d41a02001f: Sackin index -0.0611; 4.3 s; peak memory 131 MiB.
2026-10-07T03:46:25Z INFO [84/750] 3e37c65d-104b-4bca-b015-8dfe0198add6: Sackin index -0.0450; 3.9 s; peak memory 131 MiB.
2026-10-07T03:46:28Z INFO [85/750] 3e73ad8b-6d24-4c99-86c5-9ccb328ee1d9: Sackin index -0.0467; 3.1 s; peak memory 131 MiB.
2026-10-07T03:46:32Z INFO [86/750] 3f654b12-1ee9-4c6e-ba7a-7444902b4db3: Sackin index -0.0611; 4.6 s; peak memory 131 MiB.
2026-10-07T03:46:35Z INFO [87/750] 3f6560a8-2930-4008-9395-9ac71fe1a697: Sackin index -0.0451; 3.0 s; peak memory 131 MiB.
2026-10-07T03:46:40Z INFO [88/750] 3f80cb5d-5963-4154-be81-5cac20a2a057: Sackin index -0.0611; 4.6 s; peak memory 131 MiB.
2026-10-07T03:46:43Z INFO [89/750] 40b89fdf-6989-40a8-a75a-601f6ef2e005: Sackin index -0.0456; 3.1 s; peak memory 131 MiB.
2026-10-07T03:46:47Z INFO [90/750] 40d7b58f-2592-42ed-851e-163561409ceb: Sackin index -0.0635; 4.1 s; peak memory 131 MiB.
2026-10-07T03:46:48Z INFO [91/750] 416e861c-fe03-4f68-a31c-5cf39e76506a: Sackin index -0.0822; 1.3 s; peak memory 131 MiB.
2026-10-07T03:46:49Z INFO [92/750] 422ad4d2-5f95-441e-b6e7-d28f038741df: Sackin index -0.1046; 1.1 s; peak memory 131 MiB.
2026-10-07T03:46:51Z INFO [93/750] 4299bb6a-7b67-475c-a234-69e23c3fa07f: Sackin index -0.0704; 1.3 s; peak memory 131 MiB.
2026-10-07T03:46:52Z INFO [94/750] 42ddccf2-3eb5-4201-872b-d831ad1ce6b4: Sackin index -0.0822; 1.3 s; peak memory 131 MiB.
2026-10-07T03:46:53Z INFO [95/750] 43123641-e1ad-4c75-bec1-ec5368643b4b: Sackin index -0.1072; 0.9 s; peak memory 131 MiB.
2026-10-07T03:46:57Z INFO [96/750] 4313c13e-8773-43dc-9ca9-4b5e334e1619: Sackin index -0.0635; 4.2 s; peak memory 131 MiB.
2026-10-07T03:46:58Z INFO [97/750] 43753f22-ad79-4a33-a784-387a34870e26: Sackin index -0.1072; 0.9 s; peak memory 131 MiB.
2026-10-07T03:46:59Z INFO [98/750] 43f448fd-fe3c-4fba-82ae-05953bb300e5: Sackin index -0.0822; 1.3 s; peak memory 131 MiB.
2026-10-07T03:47:00Z INFO [99/750] 4640a91b-285a-4652-941a-8d8329f89e88: Sackin index -0.0833; 0.9 s; peak memory 131 MiB.
2026-10-07T03:47:01Z INFO [100/750] 46b138a7-a333-4a45-9d08-8ce36109fd0a: Sackin index -0.0822; 1.2 s; peak memory 131 MiB.
2026-10-07T03:47:01Z INFO [100/750] 46b138a7-a333-4a45-9d08-8ce36109fd0a: checkpointed 90686 records.
2026-10-07T03:47:06Z INFO [101/750] 4732c70b-5a52-4fa5-8a4a-1105746742ce: Sackin index -0.0611; 4.9 s; peak memory 131 MiB.
2026-10-07T03:47:11Z INFO [102/750] 47cdf88c-c26d-4f41-ad72-4b496bb6df43: Sackin index -0.0611; 4.6 s; peak memory 131 MiB.
2026-10-07T03:47:15Z INFO [103/750] 47d45d89-9929-4dbe-8e4a-31984c3d14b0: Sackin index -0.0635; 4.2 s; peak memory 131 MiB.
2026-10-07T03:47:20Z INFO [104/750] 47e4e983-bc49-4565-87e0-294113041ef7: Sackin index -0.0611; 4.9 s; peak memory 131 MiB.
2026-10-07T03:47:21Z INFO [105/750] 4a69b930-1b1e-42a5-bef8-5be3005dd966: Sackin index -0.0822; 1.2 s; peak memory 131 MiB.
2026-10-07T03:47:26Z INFO [106/750] 4bbb82cb-30d7-488b-b025-fde919b931ec: Sackin index -0.0611; 4.6 s; peak memory 131 MiB.
2026-10-07T03:47:31Z INFO [107/750] 4c65c52e-5cf1-4038-8fd5-b545b1726f31: Sackin index -0.0611; 4.9 s; peak memory 131 MiB.
2026-10-07T03:47:32Z INFO [108/750] 4d0eab2e-48ac-4bf4-a972-a2b665954818: Sackin index -0.0822; 1.1 s; peak memory 131 MiB.
2026-10-07T03:47:33Z INFO [109/750] 4d496c82-0ae7-4b7c-a648-e9c5c5403b2c: Sackin index -0.1046; 1.1 s; peak memory 131 MiB.
2026-10-07T03:47:35Z INFO [110/750] 4da1355e-fad7-4d34-b141-333e02e931fd: Sackin index -0.0510; 2.4 s; peak memory 131 MiB.
2026-10-07T03:47:40Z INFO [111/750] 4da178e8-c95e-48e8-b911-d2bfd8d16b5d: Sackin index -0.0635; 4.2 s; peak memory 131 MiB.
2026-10-07T03:47:41Z INFO [112/750] 4db159da-9942-4268-8110-3fd8a76c02bb: Sackin index -0.1046; 1.2 s; peak memory 131 MiB.
2026-10-07T03:47:45Z INFO [113/750] 4deccabc-9c14-4e97-86bc-59bfb7081d46: Sackin index -0.0611; 4.6 s; peak memory 131 MiB.
2026-10-07T03:47:47Z INFO [114/750] 4e3f58d7-9d31-4f39-87f2-44f7d64a18ec: Sackin index -0.0822; 1.2 s; peak memory 131 MiB.
2026-10-07T03:47:48Z INFO [115/750] 4ef161cb-8fd0-4f7a-9eaf-9f9a4ce511e0: Sackin index -0.0822; 1.2 s; peak memory 131 MiB.
2026-10-07T03:47:51Z INFO [116/750] 4f374b19-0d00-44b6-8ea7-970cffe67bef: Sackin index -0.0473; 3.0 s; peak memory 131 MiB.
2026-10-07T03:47:55Z INFO [117/750] 4f898279-7adc-4f39-817d-0ccbbfac3569: Sackin index -0.0611; 4.6 s; peak memory 131 MiB.
2026-10-07T03:47:57Z INFO [118/750] 4fc1520d-bd5c-470d-90d4-99194303ee35: Sackin index -0.0822; 1.4 s; peak memory 131 MiB.
2026-10-07T03:48:01Z INFO [119/750] 502a4d6e-b735-4b14-b9b5-ad4a8bcff3f0: Sackin index -0.0635; 4.5 s; peak memory 131 MiB.
2026-10-07T03:48:03Z INFO [120/750] 508be3bf-1812-4569-8fce-9656d916f4b0: Sackin index -0.1046; 1.2 s; peak memory 131 MiB.
2026-10-07T03:48:05Z INFO [121/750] 50c40306-5e87-45e0-a456-b4f4305f8c46: Sackin index -0.0813; 2.5 s; peak memory 131 MiB.
2026-10-07T03:48:06Z INFO [122/750] 50ecce12-38b4-48ff-80c4-a1ad5cb97472: Sackin index -0.0822; 1.1 s; peak memory 131 MiB.
2026-10-07T03:48:10Z INFO [123/750] 50fa6ae2-0f82-486b-ad1e-bf178dcad56f: Sackin index -0.0456; 3.7 s; peak memory 131 MiB.
2026-10-07T03:48:14Z INFO [124/750] 51048630-af9a-4366-9120-a2221ffbab9d: Sackin index -0.0450; 3.7 s; peak memory 131 MiB.
2026-10-07T03:48:15Z INFO [125/750] 512c4100-3783-42ce-b393-46249e8699e4: Sackin index -0.0704; 1.0 s; peak memory 131 MiB.
2026-10-07T03:48:16Z INFO [126/750] 51c0a855-739a-45ce-9531-de72246e2bb5: Sackin index -0.1046; 1.1 s; peak memory 131 MiB.
2026-10-07T03:48:20Z INFO [127/750] 51c4592b-4a63-4036-a83d-23414459f209: Sackin index -0.0635; 4.6 s; peak memory 131 MiB.
2026-10-07T03:48:22Z INFO [128/750] 5417868e-969f-4737-ade6-14ce008bdc82: Sackin index -0.0822; 1.4 s; peak memory 131 MiB.
2026-10-07T03:48:24Z INFO [129/750] 5425af5e-5be6-4ede-95c8-40ff5f20a7cd: Sackin index -0.0510; 2.1 s; peak memory 131 MiB.
2026-10-07T03:48:25Z INFO [130/750] 551366f5-444c-4fff-a2b8-a4e9ac4f4b47: Sackin index -0.0822; 1.2 s; peak memory 131 MiB.
2026-10-07T03:48:26Z INFO [131/750] 55344b62-7d01-4c76-b89b-ea8da9f8b2c0: Sackin index -0.0822; 1.2 s; peak memory 131 MiB.
2026-10-07T03:48:27Z INFO [132/750] 55920fcb-1445-47e6-9a2b-6d1da40406b1: Sackin index -0.0822; 1.1 s; peak memory 131 MiB.
2026-10-07T03:48:28Z INFO [133/750] 55bcc0ee-6e91-4782-b098-0c8c04bb58b6: Sackin index -0.0822; 1.1 s; peak memory 131 MiB.
2026-10-07T03:48:33Z INFO [134/750] 57713a0a-a4fb-4f79-b80f-2715af54c92d: Sackin index -0.0635; 4.7 s; peak memory 131 MiB.
2026-10-07T03:48:35Z INFO [135/750] 579bc471-20fc-400d-ba0c-f84de6ab4fbe: Sackin index -0.0510; 2.3 s; peak memory 131 MiB.
2026-10-07T03:48:40Z INFO [136/750] 583a2948-8434-47d5-8ea0-71fea8098f27: Sackin index -0.0611; 4.9 s; peak memory 131 MiB.
2026-10-07T03:48:41Z INFO [137/750] 58a5147d-0265-4576-a431-05f7f18572f8: Sackin index -0.0822; 1.1 s; peak memory 131 MiB.
2026-10-07T03:48:42Z INFO [138/750] 59c37283-d4b3-4c04-bea4-cd9403c48d00: Sackin index -0.0833; 1.0 s; peak memory 131 MiB.
2026-10-07T03:48:46Z INFO [139/750] 59ebd367-9eb4-4a22-856e-442894c2b099: Sackin index -0.0456; 3.7 s; peak memory 131 MiB.
2026-10-07T03:48:50Z INFO [140/750] 5a421614-ee8b-4f84-8e47-b83b090a8018: Sackin index -0.0635; 4.4 s; peak memory 132 MiB.
2026-10-07T03:48:51Z INFO [141/750] 5a8d9ed8-52ce-4a50-af75-4f156c31dde5: Sackin index -0.1567; 0.8 s; peak memory 132 MiB.
2026-10-07T03:48:52Z INFO [142/750] 5a8dbaf7-8eeb-4631-a717-b0de675a04e3: Sackin index -0.1658; 0.7 s; peak memory 132 MiB.
2026-10-07T03:48:54Z INFO [143/750] 5a8fa9ad-dc5e-4bf9-abc4-05eb50db6c21: Sackin index -0.0941; 2.1 s; peak memory 132 MiB.
2026-10-07T03:48:55Z INFO [144/750] 5a9067af-5b32-4699-8b59-fd310894bf50: Sackin index -0.1354; 1.1 s; peak memory 132 MiB.
2026-10-07T03:48:57Z INFO [145/750] 5a90ee80-9d63-4875-896c-ba0345997a99: Sackin index -0.0696; 1.4 s; peak memory 132 MiB.
2026-10-07T03:48:58Z INFO [146/750] 5a91ff71-385b-40a7-b8dd-3e19839e6d11: Sackin index -0.0696; 1.2 s; peak memory 132 MiB.
2026-10-07T03:48:59Z INFO [147/750] 5a9210b4-3bbe-4629-b18d-7b0167e46cfb: Sackin index -0.0375; 1.2 s; peak memory 132 MiB.
2026-10-07T03:49:01Z INFO [148/750] 5a923ca4-30ce-4f04-84fd-cf333d567a88: Sackin index -0.0169; 2.0 s; peak memory 132 MiB.
2026-10-07T03:49:02Z INFO [149/750] 5a92e56a-6b3b-4c8b-b0a7-e5b67307c6ae: Sackin index -0.0696; 1.1 s; peak memory 132 MiB.
2026-10-07T03:49:03Z INFO [150/750] 5a933888-da7c-4272-b2df-b17d9c73c269: Sackin index -0.1349; 1.0 s; peak memory 132 MiB.
2026-10-07T03:49:03Z INFO [150/750] 5a933888-da7c-4272-b2df-b17d9c73c269: checkpointed 90736 records.
2026-10-07T03:49:05Z INFO [151/750] 5a93b1e2-b062-4948-acba-561e9d5e1c2a: Sackin index -0.1273; 1.4 s; peak memory 132 MiB.
2026-10-07T03:49:05Z INFO [152/750] 5a946d5d-2e1b-4bd4-a2ee-9c629105187c: Sackin index -0.1658; 0.7 s; peak memory 132 MiB.
2026-10-07T03:49:06Z INFO [153/750] 5a94da39-6447-4dc9-b388-a73c833a4591: Sackin index -0.1248; 1.0 s; peak memory 132 MiB.
2026-10-07T03:49:08Z INFO [154/750] 5a95546d-90a6-48a9-81fa-045435f28cc9: Sackin index -0.0728; 1.4 s; peak memory 132 MiB.
2026-10-07T03:49:09Z INFO [155/750] 5a967ff2-b631-47e5-b436-e4ff42076179: Sackin index -0.0728; 1.4 s; peak memory 132 MiB.
2026-10-07T03:49:11Z INFO [156/750] 5a96a6e7-5f4a-44d6-874c-33d03252ae0f: Sackin index -0.0375; 1.4 s; peak memory 132 MiB.
2026-10-07T03:49:12Z INFO [157/750] 5a96af19-ec76-47e7-9f39-5498500706e0: Sackin index -0.0702; 1.0 s; peak memory 132 MiB.
2026-10-07T03:49:13Z INFO [158/750] 5a96cc34-2ec2-4720-b745-dec36d03f20d: Sackin index -0.0696; 1.2 s; peak memory 132 MiB.
2026-10-07T03:49:14Z INFO [159/750] 5a975b15-6d40-45d5-a478-0f1409b5781c: Sackin index -0.0728; 1.4 s; peak memory 132 MiB.
2026-10-07T03:49:15Z INFO [160/750] 5a976612-f6f2-49fc-bdea-2d6dfd232f89: Sackin index -0.1349; 1.0 s; peak memory 132 MiB.
2026-10-07T03:49:18Z INFO [161/750] 5a97a5d4-7bb7-4beb-99ba-58b8f886e2e3: Sackin index -0.1266; 2.9 s; peak memory 132 MiB.
2026-10-07T03:49:19Z INFO [162/750] 5a9b1c22-e575-4330-a889-a122fccead55: Sackin index -0.0728; 1.3 s; peak memory 132 MiB.
2026-10-07T03:49:35Z INFO [163/750] 5a9b2862-3fa0-4025-a7ad-d491408396ab: Sackin index -0.0114; 15.2 s; peak memory 178 MiB.
2026-10-07T03:49:36Z INFO [164/750] 5a9cb4f7-b0ad-4fe6-bb5c-f80d4b7a96b1: Sackin index -0.1349; 1.1 s; peak memory 178 MiB.
2026-10-07T03:49:39Z INFO [165/750] 5a9cda0e-f1bf-42d7-9925-63eca9d0ad30: Sackin index -0.0263; 3.6 s; peak memory 178 MiB.
2026-10-07T03:49:55Z INFO [166/750] 5a9df112-dc28-4609-bfb6-47908eb7e129: Sackin index -0.0035; 15.4 s; peak memory 178 MiB.
2026-10-07T03:49:56Z INFO [167/750] 5a9e51c1-067e-4760-858b-33bacd1c97de: Sackin index -0.1266; 1.0 s; peak memory 178 MiB.
2026-10-07T03:49:57Z INFO [168/750] 5a9ef31b-696b-46b5-8310-069f6173fe19: Sackin index -0.0728; 1.3 s; peak memory 178 MiB.
2026-10-07T03:49:58Z INFO [169/750] 5a9ef5a8-8fff-4518-86f1-7abb06ac9656: Sackin index -0.1349; 0.9 s; peak memory 178 MiB.
2026-10-07T03:50:00Z INFO [170/750] 5aa1321f-a95e-4179-be67-ccefb6743896: Sackin index -0.0728; 1.5 s; peak memory 178 MiB.
2026-10-07T03:50:01Z INFO [171/750] 5aa1d2d7-eea0-4d13-99fb-dedf56d3313b: Sackin index -0.0728; 1.3 s; peak memory 178 MiB.
2026-10-07T03:50:04Z INFO [172/750] 5aa1d64e-9992-4cb8-b30b-90304dbf813b: Sackin index -0.0869; 3.5 s; peak memory 178 MiB.
2026-10-07T03:50:05Z INFO [173/750] 5aa2cdf1-ed88-43ce-9f87-24c2572f2467: Sackin index -0.0748; 1.2 s; peak memory 178 MiB.
2026-10-07T03:50:10Z INFO [174/750] 5aa39768-5f74-442c-a88e-5af3141a285f: Sackin index -0.0403; 5.0 s; peak memory 178 MiB.
2026-10-07T03:50:11Z INFO [175/750] 5aa397d1-d6f7-4356-97c8-9693ba23222a: Sackin index -0.1466; 1.0 s; peak memory 178 MiB.
2026-10-07T03:50:13Z INFO [176/750] 5aa4bfcb-fb73-41f0-9190-c5c7ac7a3a91: Sackin index -0.1349; 1.1 s; peak memory 178 MiB.
2026-10-07T03:50:14Z INFO [177/750] 5aa4d8f6-4e07-4475-9f29-f7d04df13f10: Sackin index -0.0728; 1.5 s; peak memory 178 MiB.
2026-10-07T03:50:16Z INFO [178/750] 5aa4dc6d-24b6-45b9-afc5-eadabf258cb9: Sackin index -0.0676; 2.0 s; peak memory 178 MiB.
2026-10-07T03:50:23Z INFO [179/750] 5aa569a3-6568-45bd-be37-5aaba04a7590: Sackin index -0.0220; 7.2 s; peak memory 178 MiB.
2026-10-07T03:50:25Z INFO [180/750] 5aa65be3-54dc-4efd-9eae-08bf51cc747a: Sackin index -0.0369; 1.5 s; peak memory 178 MiB.
2026-10-07T03:50:29Z INFO [181/750] 5aa67b79-acff-421a-94b4-b51d689d32ae: Sackin index -0.0869; 4.4 s; peak memory 178 MiB.
2026-10-07T03:50:55Z INFO [182/750] 5aa69b5a-7776-4ecb-8723-e8034c9830e6: Sackin index -0.1367; 26.1 s; peak memory 178 MiB.
2026-10-07T03:50:56Z INFO [183/750] 5aa69d45-bd1e-45f4-b49e-aa6b3642c489: Sackin index -0.1349; 0.9 s; peak memory 178 MiB.
2026-10-07T03:50:57Z INFO [184/750] 5aa75ad4-62e9-4d9f-8b20-fee95c133aa7: Sackin index -0.1658; 0.7 s; peak memory 178 MiB.
2026-10-07T03:50:58Z INFO [185/750] 5aa79812-ee5a-4435-aa7d-e8a322a6692b: Sackin index -0.1658; 0.8 s; peak memory 178 MiB.
2026-10-07T03:50:59Z INFO [186/750] 5aa7d2c7-2d3a-4831-9869-4a53bf43f617: Sackin index -0.1349; 1.1 s; peak memory 178 MiB.
2026-10-07T03:51:00Z INFO [187/750] 5aa823d4-7cac-425b-b73e-525ee9cb691e: Sackin index -0.0728; 1.5 s; peak memory 178 MiB.
2026-10-07T03:53:20Z INFO [188/750] 5aa83732-7d7a-4710-b18a-56ac21afb8ed: Sackin index -0.0286; 139.5 s; peak memory 308 MiB.
2026-10-07T03:53:21Z INFO [189/750] 5aa95ac6-d0c9-4ddb-be39-ed7ebb4d2f50: Sackin index -0.1349; 1.0 s; peak memory 308 MiB.
2026-10-07T03:53:22Z INFO [190/750] 5aaa518d-a825-478e-81ea-9b46c56a0ebe: Sackin index -0.1938; 0.9 s; peak memory 308 MiB.
2026-10-07T03:53:23Z INFO [191/750] 5aab2b65-9a47-4060-b19e-24f306441aa4: Sackin index -0.1658; 0.7 s; peak memory 308 MiB.
2026-10-07T03:53:24Z INFO [192/750] 5aac86ca-dcf5-4774-90dc-25438da93058: Sackin index -0.0709; 1.3 s; peak memory 308 MiB.
2026-10-07T03:53:25Z INFO [193/750] 5aacbbd8-d313-4b8f-8416-4fa1e11b7970: Sackin index -0.1349; 0.9 s; peak memory 308 MiB.
2026-10-07T03:53:26Z INFO [194/750] 5aacee16-2ea4-4494-80d5-adf4e7a99783: Sackin index -0.1349; 1.0 s; peak memory 308 MiB.
2026-10-07T03:53:31Z INFO [195/750] 5aad4e8f-30d1-42b8-a54f-efbe352f5c48: Sackin index -0.0251; 5.0 s; peak memory 308 MiB.
2026-10-07T03:53:32Z INFO [196/750] 5aad77dd-b132-45e6-be49-e54a5d7bb90b: Sackin index -0.1161; 0.8 s; peak memory 308 MiB.
2026-10-07T03:53:33Z INFO [197/750] 5aadc9f7-818f-415e-8f17-8b2cf02b78ee: Sackin index -0.1498; 1.1 s; peak memory 308 MiB.
2026-10-07T03:53:34Z INFO [198/750] 5aae2e1e-9941-44a9-91a7-79dcca600b93: Sackin index -0.0956; 1.2 s; peak memory 308 MiB.
2026-10-07T03:53:35Z INFO [199/750] 5aae6041-dfcc-47a9-a904-0aa268916744: Sackin index -0.0745; 1.4 s; peak memory 308 MiB.
2026-10-07T03:53:36Z INFO [200/750] 5aaea9bd-d4aa-47c5-b5be-621e225e250a: Sackin index -0.1349; 1.1 s; peak memory 308 MiB.
2026-10-07T03:53:36Z INFO [200/750] 5aaea9bd-d4aa-47c5-b5be-621e225e250a: checkpointed 90786 records.
2026-10-07T03:53:37Z INFO [201/750] 5aaec78f-f63c-4515-a331-e34e6c331cbd: Sackin index -0.1461; 0.9 s; peak memory 308 MiB.
2026-10-07T03:54:36Z INFO [202/750] 5aaf2431-af09-45ee-a699-64afeafe776d: Sackin index -0.0747; 59.1 s; peak memory 308 MiB.
2026-10-07T03:54:38Z INFO [203/750] 5aaf84cb-cb5c-4149-a37a-0be782f0ce49: Sackin index -0.0722; 1.2 s; peak memory 308 MiB.
2026-10-07T03:54:56Z INFO [204/750] 5ab0c168-9154-44d1-abff-e94eb404df6b: Sackin index -0.0140; 18.1 s; peak memory 308 MiB.
2026-10-07T03:55:01Z INFO [205/750] 5ab16a29-7ff5-48d1-950e-73796b5e24ef: Sackin index -0.0614; 5.1 s; peak memory 308 MiB.
2026-10-07T03:55:02Z INFO [206/750] 5ab221f1-f523-481b-9ee0-be1d5fb30830: Sackin index -0.1349; 1.0 s; peak memory 308 MiB.
2026-10-07T03:55:03Z INFO [207/750] 5ab273a7-474a-4d26-a2b0-65cc789b7046: Sackin index -0.0709; 1.1 s; peak memory 308 MiB.
2026-10-07T03:55:09Z INFO [208/750] 5ab284a4-7de0-4f06-ae37-2138aec452b0: Sackin index -0.0212; 6.0 s; peak memory 308 MiB.
2026-10-07T03:55:15Z INFO [209/750] 5ab2a18e-85a2-4ccf-b6a5-f5759f84673b: Sackin index -0.0258; 5.7 s; peak memory 308 MiB.
2026-10-07T03:55:16Z INFO [210/750] 5ab38562-876c-4d20-9659-135edcb08960: Sackin index -0.0728; 1.4 s; peak memory 308 MiB.
2026-10-07T03:55:18Z INFO [211/750] 5ab40928-02a2-441c-958b-4dc2c362236d: Sackin index -0.1191; 1.7 s; peak memory 308 MiB.
2026-10-07T03:55:23Z INFO [212/750] 5ab43020-c46c-4103-83d0-30d44dd757ea: Sackin index -0.0239; 5.2 s; peak memory 308 MiB.
2026-10-07T03:55:26Z INFO [213/750] 5ab4af6f-2976-4e14-ac9e-580353b57b5e: Sackin index -0.0699; 2.6 s; peak memory 308 MiB.
2026-10-07T03:55:27Z INFO [214/750] 5ab4b9d5-0696-4c0e-a89b-2e3b12c44222: Sackin index -0.1349; 1.0 s; peak memory 308 MiB.
2026-10-07T03:55:28Z INFO [215/750] 5ab50784-2db0-48fe-9f8f-f60966b2c6ba: Sackin index -0.1938; 0.9 s; peak memory 308 MiB.
2026-10-07T03:55:41Z INFO [216/750] 5ab5d15f-30f9-4b88-b39e-95bae1e98d08: Sackin index -0.0300; 13.3 s; peak memory 308 MiB.
2026-10-07T03:55:57Z INFO [217/750] 5ab64055-0c19-4791-8463-1c2d3cba049a: Sackin index -0.1938; 16.2 s; peak memory 308 MiB.
2026-10-07T03:55:58Z INFO [218/750] 5ab6739f-dbee-4a03-a294-515e6b275e7f: Sackin index -0.1191; 1.0 s; peak memory 308 MiB.
2026-10-07T03:55:59Z INFO [219/750] 5ab676a1-c036-4ae0-a91f-f59068010204: Sackin index -0.1349; 1.0 s; peak memory 308 MiB.
2026-10-07T03:56:02Z INFO [220/750] 5ab6a2b5-0028-421e-84b8-7e34b421b6c0: Sackin index -0.0686; 2.4 s; peak memory 308 MiB.
2026-10-07T03:56:03Z INFO [221/750] 5ab6da10-c8b3-4350-ac72-3d04775eddc0: Sackin index -0.0746; 1.3 s; peak memory 308 MiB.
2026-10-07T03:56:04Z INFO [222/750] 5ab7eeb8-d007-499e-80e7-e92290b9609a: Sackin index -0.1987; 1.0 s; peak memory 308 MiB.
2026-10-07T03:56:14Z INFO [223/750] 5ab849fa-ff53-4565-80ed-6debbff2f8e1: Sackin index -0.0121; 10.7 s; peak memory 308 MiB.
2026-10-07T03:56:16Z INFO [224/750] 5ab8c0e5-5aa6-4c8a-ad75-b6306e12d390: Sackin index -0.1349; 1.1 s; peak memory 308 MiB.
2026-10-07T03:56:17Z INFO [225/750] 5ab8c7e6-53b9-4770-902e-4e8e571f0bcd: Sackin index -0.0738; 1.2 s; peak memory 308 MiB.
2026-10-07T03:56:25Z INFO [226/750] 5ab99512-e9c7-4c2e-81a3-9a18d2532681: Sackin index -0.1371; 8.3 s; peak memory 308 MiB.
2026-10-07T03:56:26Z INFO [227/750] 5abb4dbd-1ede-4f3b-a196-560f193ed1a2: Sackin index -0.1349; 1.1 s; peak memory 308 MiB.
2026-10-07T03:56:27Z INFO [228/750] 5abb9541-8d9f-472d-8532-cc0dfd6976d1: Sackin index -0.1349; 1.1 s; peak memory 308 MiB.
2026-10-07T03:56:28Z INFO [229/750] 5abbd072-6d0f-4376-b855-ba8e6bae22b9: Sackin index -0.1248; 1.1 s; peak memory 308 MiB.
2026-10-07T03:56:40Z INFO [230/750] 5abc0809-2d89-4a88-af40-5bd78fb2e67f: Sackin index -0.0149; 12.0 s; peak memory 308 MiB.
2026-10-07T03:56:42Z INFO [231/750] 5abc1921-d3aa-47ac-995d-74715900cf4f: Sackin index -0.0369; 1.8 s; peak memory 308 MiB.
2026-10-07T03:56:59Z INFO [232/750] 5abd038c-b5ac-4e25-b6ef-47d08c85d74d: Sackin index -0.1938; 16.6 s; peak memory 308 MiB.
2026-10-07T03:57:00Z INFO [233/750] 5abd4863-adc7-41ee-ad65-1f840321979f: Sackin index -0.1178; 0.8 s; peak memory 308 MiB.
2026-10-07T03:57:01Z INFO [234/750] 5abd486e-abef-4263-a942-e6a5459042eb: Sackin index -0.1602; 1.1 s; peak memory 308 MiB.
2026-10-07T03:57:02Z INFO [235/750] 5abd5776-9f78-4983-8f0d-92bb8824152a: Sackin index -0.1210; 1.5 s; peak memory 308 MiB.
2026-10-07T03:57:03Z INFO [236/750] 5abd5e24-0c08-4bb8-9f59-bab054d230d6: Sackin index -0.0702; 1.2 s; peak memory 308 MiB.
2026-10-07T03:57:04Z INFO [237/750] 5abd93d3-0cc8-4f14-8ba2-710e07de8fe8: Sackin index -0.1938; 0.8 s; peak memory 308 MiB.
2026-10-07T03:59:34Z INFO [238/750] 5abd9f94-9d06-4892-92e0-626e69cebee9: Sackin index -0.0471; 150.2 s; peak memory 318 MiB.
2026-10-07T03:59:35Z INFO [239/750] 5abdeae8-e0bf-47a3-b6f6-69be3812a479: Sackin index -0.0696; 1.2 s; peak memory 318 MiB.
2026-10-07T03:59:36Z INFO [240/750] 5abfc2c4-7d7e-449a-9697-5e8a59e3aff8: Sackin index -0.1272; 0.9 s; peak memory 318 MiB.
2026-10-07T03:59:44Z INFO [241/750] 5ac09a80-cb62-4752-bc05-39469c784ead: Sackin index -0.0017; 7.7 s; peak memory 318 MiB.
2026-10-07T03:59:45Z INFO [242/750] 5ac0de63-22b5-4162-8385-10e1aa7df517: Sackin index -0.0702; 1.0 s; peak memory 318 MiB.
2026-10-07T03:59:46Z INFO [243/750] 5ac1690c-0d61-49cd-9ef0-3621d2cd6451: Sackin index -0.0569; 1.2 s; peak memory 318 MiB.
2026-10-07T03:59:47Z INFO [244/750] 5ac20492-4470-4989-96a6-6e713efb0b24: Sackin index -0.1349; 1.0 s; peak memory 318 MiB.
2026-10-07T03:59:54Z INFO [245/750] 5ac21673-c221-449f-a48a-f783ad0e3b9a: Sackin index -0.0158; 6.9 s; peak memory 318 MiB.
2026-10-07T03:59:55Z INFO [246/750] 5ac21b94-2b2c-4ba5-b40b-dbbc704f6bd9: Sackin index -0.1237; 0.8 s; peak memory 318 MiB.
2026-10-07T03:59:56Z INFO [247/750] 5ac2dcde-10de-4b31-972e-5520c92a7003: Sackin index -0.1349; 0.9 s; peak memory 318 MiB.
2026-10-07T03:59:57Z INFO [248/750] 5ac305aa-6be9-454f-b7f9-f4e6ae2175f3: Sackin index -0.1248; 1.2 s; peak memory 318 MiB.
2026-10-07T03:59:58Z INFO [249/750] 5ac30e06-24f5-4492-b755-7b0860bbfb70: Sackin index -0.1349; 0.9 s; peak memory 318 MiB.
2026-10-07T03:59:59Z INFO [250/750] 5ac48592-4aca-4bf1-8714-ddf7b807a77c: Sackin index -0.1349; 0.9 s; peak memory 318 MiB.
2026-10-07T03:59:59Z INFO [250/750] 5ac48592-4aca-4bf1-8714-ddf7b807a77c: checkpointed 90836 records.
2026-10-07T04:00:00Z INFO [251/750] 5ac5a92c-9654-49dd-8fa7-cf35c8ac9697: Sackin index -0.0944; 1.2 s; peak memory 318 MiB.
2026-10-07T04:00:02Z INFO [252/750] 5ac6702f-1a2c-4c95-a917-3fcf5f7b4d7e: Sackin index -0.0728; 1.5 s; peak memory 318 MiB.
2026-10-07T04:00:03Z INFO [253/750] 5ac6ccb5-b088-4a2d-bcaf-fe43da9b5686: Sackin index -0.0696; 1.3 s; peak memory 318 MiB.
2026-10-07T04:00:05Z INFO [254/750] 5ac7755b-c180-4fec-bdc9-070a96e56538: Sackin index -0.0398; 1.4 s; peak memory 318 MiB.
2026-10-07T04:00:11Z INFO [255/750] 5ac8fb29-f0ce-4119-a898-323d00552773: Sackin index -0.0403; 6.0 s; peak memory 318 MiB.
2026-10-07T04:00:11Z INFO [256/750] 5ac90589-258f-4fdc-9567-b5bfd7055ffd: Sackin index -0.1303; 0.8 s; peak memory 318 MiB.
2026-10-07T04:00:16Z INFO [257/750] 5ac98af7-5d8e-4c4f-83a5-7b59125996c3: Sackin index -0.0435; 4.3 s; peak memory 318 MiB.
2026-10-07T04:00:17Z INFO [258/750] 5ac9cc9e-99b7-4f44-88de-8ac94a48f585: Sackin index -0.0702; 1.1 s; peak memory 318 MiB.
2026-10-07T04:00:18Z INFO [259/750] 5aca41b3-6457-4dc7-a5a6-f7d6b32ffbc7: Sackin index -0.0702; 1.2 s; peak memory 318 MiB.
2026-10-07T04:00:24Z INFO [260/750] 5acb547c-56f0-4916-bf04-99f3ff914451: Sackin index -0.0228; 6.4 s; peak memory 318 MiB.
2026-10-07T04:00:25Z INFO [261/750] 5acb8161-143e-4132-b6e2-ed5fdfbea5d6: Sackin index -0.1349; 1.0 s; peak memory 318 MiB.
2026-10-07T04:00:26Z INFO [262/750] 5acb9a39-af42-42aa-9a13-428e723b9665: Sackin index -0.1349; 1.0 s; peak memory 318 MiB.
2026-10-07T04:00:28Z INFO [263/750] 5acc746a-71bb-453f-82da-375d3abbd38d: Sackin index -0.0375; 1.5 s; peak memory 318 MiB.
2026-10-07T04:00:32Z INFO [264/750] 5acccda3-1218-4fbd-9668-13c2b2f202b1: Sackin index -0.0297; 3.8 s; peak memory 318 MiB.
2026-10-07T04:00:33Z INFO [265/750] 5acce0be-efbb-4a26-8b15-562837804ff6: Sackin index -0.1223; 0.8 s; peak memory 318 MiB.
2026-10-07T04:00:45Z INFO [266/750] 5acce877-c324-4ef8-a124-f64eb8d92401: Sackin index -0.0136; 12.2 s; peak memory 318 MiB.
2026-10-07T04:00:57Z INFO [267/750] 5acdcc68-e17d-45cb-b810-ee5d9c9636b6: Sackin index -0.0148; 11.9 s; peak memory 318 MiB.
2026-10-07T04:00:57Z INFO [268/750] 5ace02a9-3d49-420a-9f7b-9a4ab92ff398: Sackin index -0.1658; 0.7 s; peak memory 318 MiB.
2026-10-07T04:00:59Z INFO [269/750] 5acec78a-045e-45ea-866c-a47ad7ee6046: Sackin index -0.1273; 1.4 s; peak memory 318 MiB.
2026-10-07T04:01:00Z INFO [270/750] 5ad0c3ff-173f-4657-9238-3f634e845088: Sackin index -0.1349; 1.2 s; peak memory 318 MiB.
2026-10-07T04:01:01Z INFO [271/750] 5ad18c27-6e63-4e07-9c83-910c54c499c9: Sackin index -0.1349; 1.1 s; peak memory 318 MiB.
2026-10-07T04:01:02Z INFO [272/750] 5ad1bb44-9eaf-417b-a2c0-31db93507de9: Sackin index -0.0702; 1.1 s; peak memory 318 MiB.
2026-10-07T04:01:03Z INFO [273/750] 5ad25c02-05b7-477b-938f-cb08feeb0fda: Sackin index -0.0702; 1.2 s; peak memory 318 MiB.
2026-10-07T04:01:05Z INFO [274/750] 5ad2bd9f-a68b-401e-9154-bda5d57aa3b7: Sackin index -0.0272; 1.6 s; peak memory 318 MiB.
2026-10-07T04:01:12Z INFO [275/750] 5ad32a66-f73c-4ff9-8649-a23d9da4b913: Sackin index -0.0153; 7.3 s; peak memory 318 MiB.
2026-10-07T04:01:14Z INFO [276/750] 5ad361bb-ff4b-46b2-a3ba-5dff3d541ffa: Sackin index -0.0728; 1.4 s; peak memory 318 MiB.
2026-10-07T04:01:15Z INFO [277/750] 5ad541f1-ca08-4ba7-8597-f073d9344cf0: Sackin index -0.1349; 1.0 s; peak memory 318 MiB.
2026-10-07T04:01:16Z INFO [278/750] 5ad564f5-782b-4855-99ad-a21ed32964cc: Sackin index -0.1349; 0.9 s; peak memory 318 MiB.
2026-10-07T04:01:17Z INFO [279/750] 5ad57f68-9328-4bbc-8bca-86bb89caf5c7: Sackin index -0.0702; 1.3 s; peak memory 318 MiB.
2026-10-07T04:01:18Z INFO [280/750] 5ad58827-2155-444e-ac6d-94368396a5d7: Sackin index -0.1562; 1.1 s; peak memory 318 MiB.
2026-10-07T04:01:26Z INFO [281/750] 5ad621fc-74bf-4003-81ab-d309d5041189: Sackin index -0.0256; 7.5 s; peak memory 318 MiB.
2026-10-07T04:01:27Z INFO [282/750] 5ad6f283-6453-413b-bd96-02656363819b: Sackin index -0.1349; 1.1 s; peak memory 318 MiB.
2026-10-07T04:01:32Z INFO [283/750] 5ad791ec-c69a-436b-a99c-26ef5378d1c8: Sackin index -0.0237; 5.2 s; peak memory 318 MiB.
2026-10-07T04:01:33Z INFO [284/750] 5ad81ea6-b592-4721-b7ea-23e188a73561: Sackin index -0.1239; 1.0 s; peak memory 318 MiB.
2026-10-07T04:01:41Z INFO [285/750] 5ad93294-fb54-48d6-b623-94987ca52328: Sackin index -0.0183; 7.8 s; peak memory 318 MiB.
2026-10-07T04:01:43Z INFO [286/750] 5ad9e18c-5eb4-4e5e-a736-b19fdad0816f: Sackin index -0.0276; 1.9 s; peak memory 318 MiB.
2026-10-07T04:01:45Z INFO [287/750] 5ada22af-0483-47db-9686-4dcbf8ae7988: Sackin index -0.0516; 2.4 s; peak memory 318 MiB.
2026-10-07T04:01:49Z INFO [288/750] 5adb0e25-90e3-48cf-a6ec-2a8f4d3ca3e7: Sackin index -0.0635; 4.1 s; peak memory 318 MiB.
2026-10-07T04:01:50Z INFO [289/750] 5adb1f88-668a-4ecc-b7b6-d06f65e949a6: Sackin index -0.1349; 1.1 s; peak memory 318 MiB.
2026-10-07T04:01:51Z INFO [290/750] 5adc1a10-8c1c-4ebb-9f85-91eb659ca9c3: Sackin index -0.1658; 0.7 s; peak memory 318 MiB.
2026-10-07T04:01:52Z INFO [291/750] 5ade3ad9-2f3e-43f1-adbf-48cd40bfb50c: Sackin index -0.1239; 0.8 s; peak memory 318 MiB.
2026-10-07T04:02:23Z INFO [292/750] 5adfe256-b3eb-415e-ae8b-e2ef5e044998: Sackin index -0.0228; 31.2 s; peak memory 318 MiB.
2026-10-07T04:02:55Z INFO [293/750] 5ae03487-d045-41b9-afa9-7c5f4f554a0c: Sackin index -0.1367; 32.1 s; peak memory 318 MiB.
2026-10-07T04:02:56Z INFO [294/750] 5ae0707d-0074-4673-97e5-4e23d1a19598: Sackin index -0.1349; 1.1 s; peak memory 318 MiB.
2026-10-07T04:02:57Z INFO [295/750] 5ae0d27e-29df-4e59-b322-90192fc07c14: Sackin index -0.0702; 1.3 s; peak memory 318 MiB.
2026-10-07T04:02:58Z INFO [296/750] 5ae13632-7d44-41fb-8627-b68ece966387: Sackin index -0.1658; 0.8 s; peak memory 318 MiB.
2026-10-07T04:03:00Z INFO [297/750] 5ae24496-8f78-44f4-b63d-46996f1a83f2: Sackin index -0.0434; 1.5 s; peak memory 318 MiB.
2026-10-07T04:03:01Z INFO [298/750] 5ae2eaa9-3f72-4086-bac8-fa0aaf330c50: Sackin index -0.1349; 0.9 s; peak memory 318 MiB.
2026-10-07T04:03:02Z INFO [299/750] 5ae398d6-8152-4484-a758-16970b314d40: Sackin index -0.1291; 1.6 s; peak memory 318 MiB.
2026-10-07T04:03:03Z INFO [300/750] 5ae4a056-10ed-4040-94e2-f9b06c8b888e: Sackin index -0.1349; 1.1 s; peak memory 318 MiB.
2026-10-07T04:03:04Z INFO [300/750] 5ae4a056-10ed-4040-94e2-f9b06c8b888e: checkpointed 90886 records.
2026-10-07T04:10:59Z INFO [301/750] 5ae4a67c-de1a-46a4-ac98-27a5da56fba6: Sackin index -0.0081; 476.0 s; peak memory 1214 MiB.
2026-10-07T04:11:01Z INFO [302/750] 5ae4de6e-ac13-44ea-95ac-f938adc6766c: Sackin index -0.1349; 1.1 s; peak memory 1214 MiB.
2026-10-07T04:11:27Z INFO [303/750] 5ae5693b-468c-4b36-8067-00a9cbdad688: Sackin index -0.1367; 26.3 s; peak memory 1214 MiB.
2026-10-07T04:11:28Z INFO [304/750] 5ae61280-a716-4477-8613-4fb16d8629ef: Sackin index -0.0728; 1.3 s; peak memory 1214 MiB.
2026-10-07T04:11:30Z INFO [305/750] 5ae6a949-5605-4eda-8c54-bafd513e1b10: Sackin index -0.0696; 1.4 s; peak memory 1214 MiB.
2026-10-07T04:11:32Z INFO [306/750] 5ae6eee1-46d2-45ce-8a9f-8931e233c68c: Sackin index -0.0660; 2.7 s; peak memory 1214 MiB.
2026-10-07T04:11:38Z INFO [307/750] 5ae6f097-96d8-4bd6-8e00-ad3b1cc05429: Sackin index -0.0476; 5.8 s; peak memory 1214 MiB.
2026-10-07T04:11:40Z INFO [308/750] 5ae71ce9-1522-4213-9ff6-244b0c12126a: Sackin index -0.0745; 1.8 s; peak memory 1214 MiB.
2026-10-07T04:12:02Z INFO [309/750] 5ae7e984-f0f8-42dc-bf99-1858db38245a: Sackin index -0.0200; 22.7 s; peak memory 1214 MiB.
2026-10-07T04:12:04Z INFO [310/750] 5ae8328e-8865-47d3-a0c8-257acfb85ed9: Sackin index -0.0883; 1.2 s; peak memory 1214 MiB.
2026-10-07T04:12:05Z INFO [311/750] 5ae832f1-c4b9-4821-8127-6b292ed045ef: Sackin index -0.1248; 1.0 s; peak memory 1214 MiB.
2026-10-07T04:12:07Z INFO [312/750] 5ae846ff-414f-4b96-aa52-e62cae5de725: Sackin index -0.0369; 2.2 s; peak memory 1214 MiB.
2026-10-07T04:12:08Z INFO [313/750] 5ae9c396-794a-4b46-a324-a7d291dc0c6f: Sackin index -0.0728; 1.3 s; peak memory 1214 MiB.
2026-10-07T04:12:09Z INFO [314/750] 5aeb879e-5484-4cff-8e7b-11a3b5a84c0f: Sackin index -0.1349; 1.0 s; peak memory 1214 MiB.
2026-10-07T04:12:10Z INFO [315/750] 5aebfb68-4692-4216-9762-2a37059ca9d7: Sackin index -0.1349; 1.0 s; peak memory 1214 MiB.
2026-10-07T04:12:11Z INFO [316/750] 5aec6d6e-bef9-4f57-82e4-afac7793c4c0: Sackin index -0.1349; 1.0 s; peak memory 1214 MiB.
2026-10-07T04:12:13Z INFO [317/750] 5aed151e-0d53-4e89-9e6c-9d6f06c372fe: Sackin index -0.1293; 1.6 s; peak memory 1214 MiB.
2026-10-07T04:12:15Z INFO [318/750] 5aee5468-e4d5-43c2-a2bc-7105bba21966: Sackin index -0.1938; 2.0 s; peak memory 1214 MiB.
2026-10-07T04:12:16Z INFO [319/750] 5aeeb744-6a54-4335-93f3-49fb03d59bed: Sackin index -0.0728; 1.6 s; peak memory 1214 MiB.
2026-10-07T04:12:19Z INFO [320/750] 5aef382e-c602-4c59-b0fb-824c0a88d87d: Sackin index -0.0686; 2.6 s; peak memory 1214 MiB.
2026-10-07T04:12:21Z INFO [321/750] 5aefae21-709f-4f45-b9f2-822e811ac74f: Sackin index -0.0728; 1.7 s; peak memory 1214 MiB.
2026-10-07T04:12:22Z INFO [322/750] 5af00979-0029-4525-a060-d314bc7002ac: Sackin index -0.1349; 1.1 s; peak memory 1214 MiB.
2026-10-07T04:13:14Z INFO [323/750] 5af02b8a-fdf3-4091-a7a2-ebb4957f10e8: Sackin index -0.1144; 52.5 s; peak memory 1214 MiB.
2026-10-07T04:13:15Z INFO [324/750] 5af0d5ea-076f-4cf1-8970-c7b69d6f03fb: Sackin index -0.1349; 1.1 s; peak memory 1214 MiB.
2026-10-07T04:13:16Z INFO [325/750] 5af1301e-c410-4528-b491-47afc7d262e2: Sackin index -0.1298; 0.9 s; peak memory 1214 MiB.
2026-10-07T04:13:18Z INFO [326/750] 5af15e11-5124-4b31-a0c1-c39967b7697d: Sackin index -0.0547; 1.4 s; peak memory 1214 MiB.
2026-10-07T04:13:19Z INFO [327/750] 5af3e363-19c2-43ea-96bb-d0c86486546c: Sackin index -0.1248; 1.0 s; peak memory 1214 MiB.
2026-10-07T04:13:20Z INFO [328/750] 5af4ca69-f063-476d-83fc-50dc1638d68a: Sackin index -0.0728; 1.5 s; peak memory 1214 MiB.
2026-10-07T04:13:22Z INFO [329/750] 5af5b6b5-2b4c-422f-83fc-8a154761663c: Sackin index -0.0375; 1.5 s; peak memory 1214 MiB.
2026-10-07T04:13:23Z INFO [330/750] 5af6dbcf-e3c1-4a9c-958f-e29377b4d774: Sackin index -0.1349; 1.0 s; peak memory 1214 MiB.
2026-10-07T04:13:24Z INFO [331/750] 5af7cb17-2bde-432b-af95-ad2371c719cc: Sackin index -0.0881; 1.3 s; peak memory 1214 MiB.
2026-10-07T04:13:25Z INFO [332/750] 5af84d4f-1c20-4c64-8f69-06b147dc9ce2: Sackin index -0.1492; 1.2 s; peak memory 1214 MiB.
2026-10-07T04:13:26Z INFO [333/750] 5af89470-3f79-4dea-aa57-8e57cce72ee3: Sackin index -0.1658; 0.7 s; peak memory 1214 MiB.
2026-10-07T04:13:27Z INFO [334/750] 5af9d5b2-acc9-4fae-91c4-697b469d4967: Sackin index -0.0745; 1.2 s; peak memory 1214 MiB.
2026-10-07T04:13:33Z INFO [335/750] 5afa48d1-bbd4-46bf-a655-4b16b9a23581: Sackin index -0.0435; 5.8 s; peak memory 1214 MiB.
2026-10-07T04:13:34Z INFO [336/750] 5afa7434-febf-4c30-99ca-05ef759e45e3: Sackin index -0.1658; 0.9 s; peak memory 1214 MiB.
2026-10-07T04:13:35Z INFO [337/750] 5afad8eb-ff86-45dd-a9ef-aaf400ea287b: Sackin index -0.0696; 1.1 s; peak memory 1214 MiB.
2026-10-07T04:13:43Z INFO [338/750] 5afb65c2-32b1-473d-8cda-76c0f776f1df: Sackin index -0.0411; 8.6 s; peak memory 1214 MiB.
2026-10-07T04:13:45Z INFO [339/750] 5afb7292-c74c-43bf-9e1d-e4709764eb85: Sackin index -0.0702; 1.3 s; peak memory 1214 MiB.
2026-10-07T04:13:46Z INFO [340/750] 5afb8f00-deb3-42fb-a1e8-6623b3fc6887: Sackin index -0.0702; 1.2 s; peak memory 1214 MiB.
2026-10-07T04:13:47Z INFO [341/750] 5afc81ad-1f0b-4158-9188-54f62a1db8b3: Sackin index -0.0728; 1.2 s; peak memory 1214 MiB.
2026-10-07T04:14:17Z INFO [342/750] 5afc9987-9ec1-430f-a3d8-86a59c0fe59d: Sackin index -0.1287; 29.9 s; peak memory 1214 MiB.
2026-10-07T04:14:19Z INFO [343/750] 5afcd3b0-cc19-4aeb-84a6-b601fcb80f1e: Sackin index -0.0728; 2.0 s; peak memory 1214 MiB.
2026-10-07T04:14:20Z INFO [344/750] 5afcf1a1-a340-4593-b490-f415a4f0ec30: Sackin index -0.0382; 1.3 s; peak memory 1214 MiB.
2026-10-07T04:14:22Z INFO [345/750] 5afcf7a0-57b7-47e2-85e9-020eab1b68ee: Sackin index -0.1390; 1.5 s; peak memory 1214 MiB.
2026-10-07T04:14:23Z INFO [346/750] 5affefaf-545d-4273-8300-5551da6086c2: Sackin index -0.0778; 1.4 s; peak memory 1214 MiB.
2026-10-07T04:14:24Z INFO [347/750] 5b00298d-747a-4339-91a9-c8360cec92ee: Sackin index -0.0376; 1.3 s; peak memory 1214 MiB.
2026-10-07T04:14:26Z INFO [348/750] 5b002b89-9462-40f7-91ee-b822ab438d54: Sackin index -0.0728; 1.6 s; peak memory 1214 MiB.
2026-10-07T04:14:33Z INFO [349/750] 5b0094ee-9db2-43ab-a459-c70f4d40492e: Sackin index -0.0169; 6.8 s; peak memory 1214 MiB.
2026-10-07T04:14:34Z INFO [350/750] 5b010701-e746-4f12-bd51-e0923dfbe230: Sackin index -0.1380; 1.2 s; peak memory 1214 MiB.
2026-10-07T04:14:34Z INFO [350/750] 5b010701-e746-4f12-bd51-e0923dfbe230: checkpointed 90936 records.
2026-10-07T04:14:36Z INFO [351/750] 5b01545a-a93c-4b39-8ae0-7e935c1137b5: Sackin index -0.0752; 1.5 s; peak memory 1214 MiB.
2026-10-07T04:14:37Z INFO [352/750] 5b017e7e-cec2-4e5b-ae5a-848463ac1660: Sackin index -0.1201; 1.2 s; peak memory 1214 MiB.
2026-10-07T04:14:38Z INFO [353/750] 5b029a12-c70a-42d8-aad1-b41cc46c2095: Sackin index -0.0702; 1.1 s; peak memory 1214 MiB.
2026-10-07T04:14:40Z INFO [354/750] 5b02b06a-6a4e-4ee2-a558-9c7f492b7909: Sackin index -0.0369; 1.7 s; peak memory 1214 MiB.
2026-10-07T04:14:41Z INFO [355/750] 5b02bd0d-fc4f-4338-83da-0c2b45332e5c: Sackin index -0.1658; 0.7 s; peak memory 1214 MiB.
2026-10-07T04:14:42Z INFO [356/750] 5b05675d-cb4c-4b9a-94bd-30f0e8a93c9a: Sackin index -0.1349; 1.1 s; peak memory 1214 MiB.
2026-10-07T04:14:43Z INFO [357/750] 5b059297-8dd1-4fb6-8105-68ad227b10da: Sackin index -0.0369; 1.3 s; peak memory 1214 MiB.
2026-10-07T04:14:44Z INFO [358/750] 5b07000a-d8dc-46fe-a75f-87364d41a8e2: Sackin index -0.1349; 1.0 s; peak memory 1214 MiB.
2026-10-07T04:14:50Z INFO [359/750] 5b07b30a-464d-4bd1-a422-9e5a56cd1a02: Sackin index -0.0251; 5.6 s; peak memory 1214 MiB.
2026-10-07T04:14:51Z INFO [360/750] 5b084190-c494-446e-9dd0-16d6e5cd11a5: Sackin index -0.1349; 1.1 s; peak memory 1214 MiB.
2026-10-07T04:14:52Z INFO [361/750] 5b08b344-b38e-46eb-9404-595cb2dce556: Sackin index -0.1349; 1.0 s; peak memory 1214 MiB.
2026-10-07T04:14:56Z INFO [362/750] 5b090c45-3907-404f-b0e5-c2f397ada05e: Sackin index -0.0251; 4.7 s; peak memory 1214 MiB.
2026-10-07T04:15:05Z INFO [363/750] 5b0939b5-338d-47b3-92be-3fc45de5498d: Sackin index -0.0892; 8.7 s; peak memory 1214 MiB.
2026-10-07T04:15:18Z INFO [364/750] 5b09a2a9-aa00-4ef2-a48c-9b5762074ea1: Sackin index -0.0614; 13.0 s; peak memory 1214 MiB.
2026-10-07T04:15:20Z INFO [365/750] 5b0a8a4a-4052-4d72-9b1a-cdf9eb0deead: Sackin index -0.1243; 2.3 s; peak memory 1214 MiB.
2026-10-07T04:15:21Z INFO [366/750] 5b0b0f15-d29a-43cc-9091-fa6d406ec6cd: Sackin index -0.1349; 0.9 s; peak memory 1214 MiB.
2026-10-07T04:15:22Z INFO [367/750] 5b0b614a-e0dd-4ea4-a480-bdcb1d661af4: Sackin index -0.1349; 1.0 s; peak memory 1214 MiB.
2026-10-07T04:20:04Z INFO [368/750] 5b0be3d6-e19a-41a8-93a3-520c98077fda: Sackin index -0.0451; 282.1 s; peak memory 1214 MiB.
2026-10-07T04:20:06Z INFO [369/750] 5b0c3e4b-0522-4e53-ae61-0bf130d98af1: Sackin index -0.0379; 1.4 s; peak memory 1214 MiB.
2026-10-07T04:20:07Z INFO [370/750] 5b0ca958-022a-45ef-9417-174e4358f9f6: Sackin index -0.1349; 1.1 s; peak memory 1214 MiB.
2026-10-07T04:20:08Z INFO [371/750] 5b0cc4c0-44b8-4181-923c-a1ba7326ab87: Sackin index -0.1349; 1.0 s; peak memory 1214 MiB.
2026-10-07T04:20:13Z INFO [372/750] 5b0e2cc6-98c9-493c-ba61-de1d3a9c1aad: Sackin index -0.0225; 5.0 s; peak memory 1214 MiB.
2026-10-07T04:20:14Z INFO [373/750] 5b0eeaba-acd8-45fa-afbb-0768b79c6f13: Sackin index -0.1349; 1.0 s; peak memory 1214 MiB.
2026-10-07T04:20:15Z INFO [374/750] 5b100cca-f923-4701-8293-a456192cb059: Sackin index -0.0722; 1.2 s; peak memory 1214 MiB.
2026-10-07T04:20:16Z INFO [375/750] 5b10c09e-6fcf-4fa2-b09a-93bf853e091f: Sackin index -0.1527; 1.0 s; peak memory 1214 MiB.
2026-10-07T04:42:28Z INFO [376/750] 5b11119a-c514-4bb2-b151-f5fce12e35f8: Sackin index -0.1345; 1331.9 s; peak memory 1214 MiB.
2026-10-07T04:42:34Z INFO [377/750] 5b118e46-5cfc-4189-8b06-bceff89ee1f4: Sackin index -0.0403; 5.6 s; peak memory 1214 MiB.
2026-10-07T04:42:35Z INFO [378/750] 5b11e2d7-1760-421b-9adc-585f4441b441: Sackin index -0.1307; 1.2 s; peak memory 1214 MiB.
2026-10-07T04:42:36Z INFO [379/750] 5b11f703-a5cb-4662-a790-ddc041b69409: Sackin index -0.1356; 0.8 s; peak memory 1214 MiB.
2026-10-07T04:42:37Z INFO [380/750] 5b1291dc-79f3-44de-ada6-46ada59680b3: Sackin index -0.1349; 0.9 s; peak memory 1214 MiB.
2026-10-07T04:42:39Z INFO [381/750] 5b129d0a-266d-48e3-b97d-f83d37850d2a: Sackin index -0.0693; 2.6 s; peak memory 1214 MiB.
2026-10-07T04:42:55Z INFO [382/750] 5b12ec02-0557-4640-89f3-595693d56122: Sackin index -0.0148; 15.9 s; peak memory 1214 MiB.
2026-10-07T04:42:57Z INFO [383/750] 5b13041c-5cb9-48dc-8d72-436d588e09cb: Sackin index -0.0728; 1.6 s; peak memory 1214 MiB.
2026-10-07T04:43:00Z INFO [384/750] 5b130644-00d0-4284-b32a-9e041335aa71: Sackin index -0.1362; 3.5 s; peak memory 1214 MiB.
2026-10-07T04:43:01Z INFO [385/750] 5b138e6a-affd-4dd9-b778-05d444259f86: Sackin index -0.0702; 1.2 s; peak memory 1214 MiB.
2026-10-07T04:43:03Z INFO [386/750] 5b140711-f05b-4206-be59-e719af49fd40: Sackin index -0.0457; 1.3 s; peak memory 1214 MiB.
2026-10-07T04:43:04Z INFO [387/750] 5b14096a-c112-412d-a53b-e72d791b53a3: Sackin index -0.0715; 1.1 s; peak memory 1214 MiB.
2026-10-07T04:43:05Z INFO [388/750] 5b148633-4a05-47e9-8278-577bcacb2fbf: Sackin index -0.0702; 1.2 s; peak memory 1214 MiB.
2026-10-07T04:43:06Z INFO [389/750] 5b1494fb-22c0-4237-a558-e7f2c18b1b46: Sackin index -0.0702; 1.0 s; peak memory 1214 MiB.
2026-10-07T04:43:25Z INFO [390/750] 5b14cbb5-2d01-4642-867e-a56ea9ad202e: Sackin index -0.0038; 19.0 s; peak memory 1214 MiB.
2026-10-07T04:43:26Z INFO [391/750] 5b1634d4-60d8-499c-b5b8-496c6ac9e7ec: Sackin index -0.0709; 1.3 s; peak memory 1214 MiB.
2026-10-07T04:43:28Z INFO [392/750] 5b167890-4f80-47f3-a8cb-ef9b1c9aee5b: Sackin index -0.0702; 1.1 s; peak memory 1214 MiB.
2026-10-07T05:16:51Z INFO [393/750] 5b16ff5b-2d04-497d-a22e-e2a28906a555: Sackin index -0.0710; 2003.1 s; peak memory 1214 MiB.
2026-10-07T05:17:09Z INFO [394/750] 5b172f1a-3bc9-403b-a0c8-b9e80f5f2b45: Sackin index -0.0150; 18.5 s; peak memory 1214 MiB.
2026-10-07T05:17:28Z INFO [395/750] 5b179608-14fd-421f-b7bf-da5ae9e3a947: Sackin index -0.0030; 18.9 s; peak memory 1214 MiB.
2026-10-07T05:17:29Z INFO [396/750] 5b17a8e4-fe64-46ed-9765-bf8c00907a8d: Sackin index -0.0696; 1.2 s; peak memory 1214 MiB.
2026-10-07T05:17:35Z INFO [397/750] 5b17add7-3430-4c55-903b-6f361625147b: Sackin index -0.0253; 5.3 s; peak memory 1214 MiB.
2026-10-07T05:17:46Z INFO [398/750] 5b17f653-0980-4a39-8a24-10e08d843eb3: Sackin index -0.0362; 11.5 s; peak memory 1214 MiB.
2026-10-07T05:17:47Z INFO [399/750] 5b1807ff-be45-4e05-adbc-d352357ea262: Sackin index -0.1356; 1.4 s; peak memory 1214 MiB.
2026-10-07T05:17:48Z INFO [400/750] 5b193e33-8ec1-4a6f-81be-75d6b790a7f9: Sackin index -0.0656; 0.9 s; peak memory 1214 MiB.
2026-10-07T05:17:49Z INFO [400/750] 5b193e33-8ec1-4a6f-81be-75d6b790a7f9: checkpointed 90986 records.
2026-10-07T05:17:50Z INFO [401/750] 5b19950f-d998-4723-9092-6747d6b02b6c: Sackin index -0.1068; 1.1 s; peak memory 1214 MiB.
2026-10-07T05:18:01Z INFO [402/750] 5b19a919-88ee-4636-bebf-9eacae0f8d5b: Sackin index -0.0262; 11.3 s; peak memory 1214 MiB.
2026-10-07T05:18:02Z INFO [403/750] 5b19e142-b682-467a-82aa-f2368b54775c: Sackin index -0.1938; 1.0 s; peak memory 1214 MiB.
2026-10-07T05:18:03Z INFO [404/750] 5b1a3908-0f32-47d8-aec8-ed83ebe7f64e: Sackin index -0.1349; 1.0 s; peak memory 1214 MiB.
2026-10-07T05:18:08Z INFO [405/750] 5b1a513d-e161-496c-8d02-737193c5c7bc: Sackin index -0.0251; 5.4 s; peak memory 1214 MiB.
2026-10-07T05:18:09Z INFO [406/750] 5b1aedb3-4628-46ba-a46d-c574807ad456: Sackin index -0.1349; 1.0 s; peak memory 1214 MiB.
2026-10-07T05:18:11Z INFO [407/750] 5b1c800f-393f-41f5-b2a8-1a72e8892190: Sackin index -0.0728; 1.4 s; peak memory 1214 MiB.
2026-10-07T05:18:12Z INFO [408/750] 5b1c882b-2371-40b5-a533-7b1fd474dbc1: Sackin index -0.0702; 1.2 s; peak memory 1214 MiB.
2026-10-07T05:18:16Z INFO [409/750] 5b1cfba4-a229-41df-bc07-90adbff6afd6: Sackin index -0.0251; 4.3 s; peak memory 1214 MiB.
2026-10-07T05:18:19Z INFO [410/750] 5b1e1674-46ee-4db4-aecc-8d24a63be784: Sackin index -0.0579; 2.3 s; peak memory 1214 MiB.
2026-10-07T05:18:20Z INFO [411/750] 5b1e4f63-adac-4334-9691-b239a34f1861: Sackin index -0.0696; 1.1 s; peak memory 1214 MiB.
2026-10-07T05:18:22Z INFO [412/750] 5b1e8dcd-d8dd-4b17-b514-fea6f97eabb1: Sackin index -0.0681; 2.0 s; peak memory 1214 MiB.
2026-10-07T05:18:22Z INFO [413/750] 5b1ebbfa-e50d-47df-8fe9-2b92dfcb462c: Sackin index -0.1658; 0.7 s; peak memory 1214 MiB.
2026-10-07T05:18:23Z INFO [414/750] 5b1f3d1c-b410-44e2-97ed-bd7ae498f233: Sackin index -0.1349; 1.0 s; peak memory 1214 MiB.
2026-10-07T05:18:34Z INFO [415/750] 5b1fd2a0-054c-4f2e-b2e0-2856675f3c5e: Sackin index -0.0174; 11.1 s; peak memory 1214 MiB.
2026-10-07T05:18:43Z INFO [416/750] 5b1fdc42-4220-4c2c-b9ee-d3a726cd59cf: Sackin index -0.0217; 8.4 s; peak memory 1214 MiB.
2026-10-07T05:18:44Z INFO [417/750] 5b201c0b-46ff-4b90-b49c-67724a37694f: Sackin index -0.0702; 1.1 s; peak memory 1214 MiB.
2026-10-07T05:18:45Z INFO [418/750] 5b218712-c1f3-43e2-b469-0b9a705d0053: Sackin index -0.0702; 1.2 s; peak memory 1214 MiB.
2026-10-07T05:18:51Z INFO [419/750] 5b21d5ec-8c04-4df8-a9f1-eac83e8a88d8: Sackin index -0.0251; 5.8 s; peak memory 1214 MiB.
2026-10-07T05:18:53Z INFO [420/750] 5b21e05f-c494-43bb-8493-e197a26021b0: Sackin index -0.0842; 2.5 s; peak memory 1214 MiB.
2026-10-07T05:18:55Z INFO [421/750] 5b22b2eb-a816-4a89-9558-ed92260f7b73: Sackin index -0.0735; 1.2 s; peak memory 1214 MiB.
2026-10-07T05:18:55Z INFO [422/750] 5b233661-8692-41e0-b85f-471f94045ec4: Sackin index -0.1319; 0.8 s; peak memory 1214 MiB.
2026-10-07T05:19:09Z INFO [423/750] 5b2370b2-3dce-464c-bb23-979e308edd88: Sackin index -0.0121; 13.5 s; peak memory 1214 MiB.
2026-10-07T05:19:10Z INFO [424/750] 5b23ce2d-44b0-4308-84c7-7af4dd92e9e5: Sackin index -0.0696; 1.2 s; peak memory 1214 MiB.
2026-10-07T05:19:11Z INFO [425/750] 5b23e27e-3035-4b8f-b855-df8d87f88ffe: Sackin index -0.1796; 1.0 s; peak memory 1214 MiB.
2026-10-07T05:19:13Z INFO [426/750] 5b24f144-8162-4275-98f2-a09ddb75c10f: Sackin index -0.1244; 1.5 s; peak memory 1214 MiB.
2026-10-07T05:19:14Z INFO [427/750] 5b24fccf-d22d-4227-95ef-befd5a3d6c64: Sackin index -0.1349; 0.9 s; peak memory 1214 MiB.
2026-10-07T05:19:15Z INFO [428/750] 5b250424-8409-4eae-816b-762c412be016: Sackin index -0.1349; 1.0 s; peak memory 1214 MiB.
2026-10-07T05:19:16Z INFO [429/750] 5b25c856-6bb9-4c98-9c61-0a331bce58a7: Sackin index -0.0748; 1.1 s; peak memory 1214 MiB.
2026-10-07T05:19:16Z INFO [430/750] 5b25dfd2-45c3-4d26-9485-ab97cdf29ac2: Sackin index -0.1658; 0.8 s; peak memory 1214 MiB.
2026-10-07T05:19:20Z INFO [431/750] 5b26c7ea-cbe1-4b7e-8dc4-5226ccac6837: Sackin index -0.0304; 3.6 s; peak memory 1214 MiB.
2026-10-07T05:19:27Z INFO [432/750] 5b278cf0-d0c5-416f-8076-bb5519b3fc38: Sackin index -0.0040; 6.9 s; peak memory 1214 MiB.
2026-10-07T05:19:28Z INFO [433/750] 5b291460-dc3f-4872-9d78-66687ab94742: Sackin index -0.1349; 1.0 s; peak memory 1214 MiB.
2026-10-07T05:19:38Z INFO [434/750] 5b292910-9290-4f92-b6c5-1a448c012e01: Sackin index -0.0614; 10.1 s; peak memory 1214 MiB.
2026-10-07T05:19:39Z INFO [435/750] 5b299c88-2c79-4a03-979b-b1bc288f2e21: Sackin index -0.1178; 0.8 s; peak memory 1214 MiB.
2026-10-07T05:19:40Z INFO [436/750] 5b29a4a8-fb66-4066-acb0-6849917324f9: Sackin index -0.1752; 0.8 s; peak memory 1214 MiB.
2026-10-07T05:19:52Z INFO [437/750] 5b29a767-df32-4f92-91d8-dc7af5ec126f: Sackin index -0.0278; 12.3 s; peak memory 1214 MiB.
2026-10-07T05:19:53Z INFO [438/750] 5b29d917-2504-40e8-8d5b-262a5a2186c1: Sackin index -0.1938; 0.8 s; peak memory 1214 MiB.
2026-10-07T05:19:54Z INFO [439/750] 5b2a1f76-ba01-4d14-89c6-4600c21ae170: Sackin index -0.1349; 0.9 s; peak memory 1214 MiB.
2026-10-07T05:19:57Z INFO [440/750] 5b2a1fc6-a4c8-456a-99cc-370529107a8e: Sackin index -0.0290; 3.5 s; peak memory 1214 MiB.
2026-10-07T05:19:59Z INFO [441/750] 5b2bb9e7-216a-4a7a-9410-fa6b84b31c9b: Sackin index -0.0728; 1.3 s; peak memory 1214 MiB.
2026-10-07T05:20:00Z INFO [442/750] 5b2bcac5-e3ca-416a-86ec-9bb4a0d3526e: Sackin index -0.1000; 1.4 s; peak memory 1214 MiB.
2026-10-07T05:20:01Z INFO [443/750] 5b2c0413-18d0-4b2d-9b1e-8bd2f7ab509a: Sackin index -0.1429; 1.0 s; peak memory 1214 MiB.
2026-10-07T05:20:02Z INFO [444/750] 5b2c0b03-d5d0-4711-bccf-5189e92fb2a4: Sackin index -0.0728; 1.3 s; peak memory 1214 MiB.
2026-10-07T05:20:04Z INFO [445/750] 5b2c56da-9bc4-4fce-a741-3ffecf35d1c6: Sackin index -0.0702; 1.1 s; peak memory 1214 MiB.
2026-10-07T05:20:04Z INFO [446/750] 5b2da2f3-1e23-4038-876b-2cc6c042e513: Sackin index -0.2168; 0.7 s; peak memory 1214 MiB.
2026-10-07T05:20:05Z INFO [447/750] 5b2dbf9a-a456-48ef-817d-1a10277537bd: Sackin index -0.1349; 1.0 s; peak memory 1214 MiB.
2026-10-07T05:20:07Z INFO [448/750] 5b2dcda0-d0e3-4bcc-b1a5-da91e680ef61: Sackin index -0.1273; 1.4 s; peak memory 1214 MiB.
2026-10-07T05:20:13Z INFO [449/750] 5b2de8c6-b7d9-464d-8642-0c25ec31ad41: Sackin index -0.0940; 6.7 s; peak memory 1214 MiB.
2026-10-07T05:20:18Z INFO [450/750] 5b2deb06-ad7f-4479-a1bc-a0f36b924ef8: Sackin index -0.0411; 4.6 s; peak memory 1214 MiB.
2026-10-07T05:20:18Z INFO [450/750] 5b2deb06-ad7f-4479-a1bc-a0f36b924ef8: checkpointed 91036 records.
2026-10-07T05:20:19Z INFO [451/750] 5b2df091-6f09-4937-9da8-aabff07d12ae: Sackin index -0.1448; 0.8 s; peak memory 1214 MiB.
2026-10-07T05:20:20Z INFO [452/750] 5b2e3150-9506-41e3-83f7-1e5e8aee9bf2: Sackin index -0.0991; 1.1 s; peak memory 1214 MiB.
2026-10-07T05:20:25Z INFO [453/750] 5b2ee1c6-fa3a-4e4d-81d4-c70e09ce5198: Sackin index -0.0247; 5.3 s; peak memory 1214 MiB.
2026-10-07T05:20:27Z INFO [454/750] 5b3024cd-ab90-468b-8b62-16309cff89a8: Sackin index -0.0745; 1.4 s; peak memory 1214 MiB.
2026-10-07T05:20:31Z INFO [455/750] 5b31c832-816b-475c-b531-27efe35b930b: Sackin index -0.0914; 3.9 s; peak memory 1214 MiB.
2026-10-07T05:20:31Z INFO [456/750] 5b328b5f-e75d-471e-a989-d597c390d11c: Sackin index -0.1191; 0.9 s; peak memory 1214 MiB.
2026-10-07T05:20:33Z INFO [457/750] 5b329791-cc4b-4f66-882a-646fd38e708f: Sackin index -0.0735; 1.3 s; peak memory 1214 MiB.
2026-10-07T05:20:34Z INFO [458/750] 5b3362b7-db0d-43fa-9ec0-d15afabb684f: Sackin index -0.0728; 1.3 s; peak memory 1214 MiB.
2026-10-07T05:20:37Z INFO [459/750] 5b338315-bfc9-426f-9258-d3d44a39fd72: Sackin index -0.1266; 3.3 s; peak memory 1214 MiB.
2026-10-07T05:20:46Z INFO [460/750] 5b340867-7575-4582-b616-82ba8bffb05a: Sackin index -0.0017; 8.3 s; peak memory 1214 MiB.
2026-10-07T05:20:47Z INFO [461/750] 5b342963-0540-4acb-a332-851ce30ff095: Sackin index -0.1658; 0.9 s; peak memory 1214 MiB.
2026-10-07T05:20:47Z INFO [462/750] 5b357ea8-9293-4bc3-b141-39ed506f23c5: Sackin index -0.3646; 0.7 s; peak memory 1214 MiB.
2026-10-07T05:20:53Z INFO [463/750] 5b3592a4-cdd5-4ec1-a207-aee783008c16: Sackin index -0.0260; 5.6 s; peak memory 1214 MiB.
2026-10-07T05:20:57Z INFO [464/750] 5b36699c-6c97-4dab-a6e1-b1c4bcdaa300: Sackin index -0.0318; 3.9 s; peak memory 1214 MiB.
2026-10-07T05:20:59Z INFO [465/750] 5b373c65-0ab3-4e9d-a759-6091bb79ea6c: Sackin index -0.0369; 1.9 s; peak memory 1214 MiB.
2026-10-07T05:21:00Z INFO [466/750] 5b3801bd-f357-418f-8da6-06bef7b40cc0: Sackin index -0.0728; 1.4 s; peak memory 1214 MiB.
2026-10-07T05:21:02Z INFO [467/750] 5b3823f7-8da0-4017-bc1c-3435117e6aea: Sackin index -0.0728; 1.4 s; peak memory 1214 MiB.
2026-10-07T05:21:03Z INFO [468/750] 5b391584-2464-4774-9c7b-1b016747be2b: Sackin index -0.0702; 1.1 s; peak memory 1214 MiB.
2026-10-07T05:21:04Z INFO [469/750] 5b3927fb-a310-4501-af8f-87938a176cc6: Sackin index -0.1248; 1.1 s; peak memory 1214 MiB.
2026-10-07T05:21:05Z INFO [470/750] 5b39829e-ea89-4d1e-8677-84218db55da6: Sackin index -0.1291; 1.3 s; peak memory 1214 MiB.
2026-10-07T05:21:06Z INFO [471/750] 5b398652-6e17-4002-bffe-3e4b2ef1fa7f: Sackin index -0.1349; 1.0 s; peak memory 1214 MiB.
2026-10-07T05:21:19Z INFO [472/750] 5b3a01de-e1ea-493d-9f48-6068430ebe4d: Sackin index -0.0174; 13.0 s; peak memory 1214 MiB.
2026-10-07T05:21:21Z INFO [473/750] 5b3a7305-12c4-46d7-b935-aaa3f779b7a9: Sackin index -0.0728; 1.4 s; peak memory 1214 MiB.
2026-10-07T05:21:22Z INFO [474/750] 5b3a7452-a0d6-4734-9be7-3a709e700b6f: Sackin index -0.1349; 1.0 s; peak memory 1214 MiB.
2026-10-07T05:21:24Z INFO [475/750] 5b3ad684-97c9-4d8f-bd38-c653e8e61777: Sackin index -0.0842; 2.7 s; peak memory 1214 MiB.
2026-10-07T05:21:26Z INFO [476/750] 5b3c8c6e-35a4-41df-bb33-f34fc97011a9: Sackin index -0.1072; 1.8 s; peak memory 1214 MiB.
2026-10-07T05:21:34Z INFO [477/750] 5b3cc0f8-2a6e-4926-bf9c-1f76e70a316c: Sackin index -0.0158; 8.4 s; peak memory 1214 MiB.
2026-10-07T05:21:38Z INFO [478/750] 5b3cd9af-dcfe-4ac4-9aee-e88895c7b56a: Sackin index -0.0779; 3.3 s; peak memory 1214 MiB.
2026-10-07T05:23:49Z INFO [479/750] 5b3ce271-e3a8-4767-92cd-0e79b82e99a8: Sackin index -0.0305; 131.2 s; peak memory 1214 MiB.
2026-10-07T05:24:03Z INFO [480/750] 5b3d2170-9244-4068-a3de-619e1e5cac79: Sackin index -0.1462; 14.5 s; peak memory 1214 MiB.
2026-10-07T05:24:05Z INFO [481/750] 5b3d9300-c37b-4dc4-a96d-283dfa94ec72: Sackin index -0.0728; 1.4 s; peak memory 1214 MiB.
2026-10-07T05:24:08Z INFO [482/750] 5b3e92dd-baa9-4863-b715-1a684fb7f87b: Sackin index -0.0310; 3.5 s; peak memory 1214 MiB.
2026-10-07T05:24:09Z INFO [483/750] 5b3f1590-c845-491d-b10c-2fd7f57300c1: Sackin index -0.1349; 0.9 s; peak memory 1214 MiB.
2026-10-07T05:24:10Z INFO [484/750] 5b3f8282-48dd-4f09-b248-8a2a86288392: Sackin index -0.0696; 1.3 s; peak memory 1214 MiB.
2026-10-07T05:28:30Z INFO [485/750] 5b404388-9a8e-45dd-b78a-80c51730c017: Sackin index -0.1201; 259.4 s; peak memory 1214 MiB.
2026-10-07T05:28:32Z INFO [486/750] 5b40f242-6eed-4be8-a023-b63b51383941: Sackin index -0.0676; 2.0 s; peak memory 1214 MiB.
2026-10-07T05:28:34Z INFO [487/750] 5b414627-e92e-4d95-96ce-8737950a1689: Sackin index -0.1142; 2.1 s; peak memory 1214 MiB.
2026-10-07T05:28:36Z INFO [488/750] 5b4368bd-ecd6-485b-9b5a-b72a97f53e3a: Sackin index -0.0877; 2.1 s; peak memory 1214 MiB.
2026-10-07T05:28:37Z INFO [489/750] 5b43a20f-b82f-41ac-8701-428bcc044eac: Sackin index -0.1272; 0.8 s; peak memory 1214 MiB.
2026-10-07T05:28:38Z INFO [490/750] 5b43d651-066a-4820-838e-9e28dad0e534: Sackin index -0.0728; 1.5 s; peak memory 1214 MiB.
2026-10-07T05:28:39Z INFO [491/750] 5b43f3b9-d748-411a-8aa0-0944933a4967: Sackin index -0.1938; 0.8 s; peak memory 1214 MiB.
2026-10-07T05:28:40Z INFO [492/750] 5b4411ee-1295-4d1e-8c2d-e57a114975f5: Sackin index -0.1349; 1.0 s; peak memory 1214 MiB.
2026-10-07T05:28:42Z INFO [493/750] 5b445b40-dec0-40f3-9d15-453b7a27496c: Sackin index -0.0778; 1.6 s; peak memory 1214 MiB.
2026-10-07T05:28:44Z INFO [494/750] 5b451d0b-2191-42bc-8000-86f43df2a5e8: Sackin index -0.0718; 2.5 s; peak memory 1214 MiB.
2026-10-07T05:28:46Z INFO [495/750] 5b456fb2-4bda-47cb-90cb-c7b2df24d742: Sackin index -0.1283; 2.0 s; peak memory 1214 MiB.
2026-10-07T05:28:48Z INFO [496/750] 5b458acf-c088-4fb3-965b-08499aed0702: Sackin index -0.0702; 1.2 s; peak memory 1214 MiB.
2026-10-07T05:31:05Z INFO [497/750] 5b469684-976b-4d97-8e5c-f1f8debbf617: Sackin index -0.0573; 137.7 s; peak memory 1214 MiB.
2026-10-07T05:31:07Z INFO [498/750] 5b46d9b2-b855-47f9-aa8c-8207ed37dbd9: Sackin index -0.0728; 1.4 s; peak memory 1214 MiB.
2026-10-07T05:31:07Z INFO [499/750] 5b47391a-9e96-489c-960d-f9dc52c4efe5: Sackin index -0.1658; 0.8 s; peak memory 1214 MiB.
2026-10-07T05:31:08Z INFO [500/750] 5b47418e-6486-48a8-9b8a-7ee5b05cdd5c: Sackin index -0.0702; 1.1 s; peak memory 1214 MiB.
2026-10-07T05:31:09Z INFO [500/750] 5b47418e-6486-48a8-9b8a-7ee5b05cdd5c: checkpointed 91086 records.
2026-10-07T05:33:23Z INFO [501/750] 5b4790d2-6ca4-46b6-8d3d-e1e601c48750: Sackin index -0.0271; 134.5 s; peak memory 1214 MiB.
2026-10-07T05:33:28Z INFO [502/750] 5b4807f3-df47-4345-b234-149aec169b83: Sackin index -0.0250; 4.7 s; peak memory 1214 MiB.
2026-10-07T05:33:36Z INFO [503/750] 5b492900-7977-4c55-adb4-e7d5fc4ab991: Sackin index -0.0341; 7.8 s; peak memory 1214 MiB.
2026-10-07T05:33:36Z INFO [504/750] 5b4a3acc-530c-4280-a867-1ecd7d3b56a2: Sackin index -0.1303; 0.8 s; peak memory 1214 MiB.
2026-10-07T05:33:38Z INFO [505/750] 5b4a3b86-2688-456f-b44b-fabb00314a41: Sackin index -0.0702; 1.2 s; peak memory 1214 MiB.
2026-10-07T05:33:43Z INFO [506/750] 5b4a8884-2fbe-46e3-bdff-9f213db27a3c: Sackin index -0.0251; 5.3 s; peak memory 1214 MiB.
2026-10-07T05:33:44Z INFO [507/750] 5b4abba0-8e1d-4712-9b8d-ec1f83748322: Sackin index -0.1461; 0.9 s; peak memory 1214 MiB.
2026-10-07T05:33:58Z INFO [508/750] 5b4b3fae-90df-4cdc-ae5f-1d049df4b1f1: Sackin index -0.0232; 14.6 s; peak memory 1214 MiB.
2026-10-07T05:34:04Z INFO [509/750] 5b4b9946-944b-44a9-a97b-6a88fea352cc: Sackin index -0.0403; 5.8 s; peak memory 1214 MiB.
2026-10-07T05:34:06Z INFO [510/750] 5b4c68ac-1082-44cf-98d5-7106ed887f58: Sackin index -0.1244; 1.5 s; peak memory 1214 MiB.
2026-10-07T05:34:07Z INFO [511/750] 5b4d3175-9f2a-49e7-bdc8-932fc3cff91c: Sackin index -0.0696; 1.1 s; peak memory 1214 MiB.
2026-10-07T05:34:07Z INFO [512/750] 5b4d443f-2094-4585-8b1d-d2087bbfe9a5: Sackin index -0.1448; 0.7 s; peak memory 1214 MiB.
2026-10-07T05:34:09Z INFO [513/750] 5b4d7d2c-2107-49fc-8364-71d14fa05354: Sackin index -0.0702; 1.3 s; peak memory 1214 MiB.
2026-10-07T05:34:10Z INFO [514/750] 5b4e862a-05de-4c74-bcb2-17aa863c09c9: Sackin index -0.0728; 1.2 s; peak memory 1214 MiB.
2026-10-07T05:34:23Z INFO [515/750] 5b50769c-3332-4bed-adbb-89ac233e91da: Sackin index -0.0139; 12.7 s; peak memory 1214 MiB.
2026-10-07T05:34:24Z INFO [516/750] 5b508eb5-28c8-4f42-b19a-922ea8d9761c: Sackin index -0.0709; 1.2 s; peak memory 1214 MiB.
2026-10-07T05:34:25Z INFO [517/750] 5b50d985-aa06-46b6-94e9-237eae782f11: Sackin index -0.0956; 1.2 s; peak memory 1214 MiB.
2026-10-07T05:34:26Z INFO [518/750] 5b5251a4-daae-444b-8c75-a8fc875ed735: Sackin index -0.1349; 0.8 s; peak memory 1214 MiB.
2026-10-07T05:34:28Z INFO [519/750] 5b5272bf-a6ee-45ee-8d0b-4b99a2b801c2: Sackin index -0.0731; 2.2 s; peak memory 1214 MiB.
2026-10-07T05:34:29Z INFO [520/750] 5b538f3a-8564-428d-8d4e-95be1f238f3f: Sackin index -0.1349; 1.0 s; peak memory 1214 MiB.
2026-10-07T05:34:31Z INFO [521/750] 5b53a671-f60f-452f-a9e2-aa72d2caddef: Sackin index -0.0350; 2.4 s; peak memory 1214 MiB.
2026-10-07T05:34:33Z INFO [522/750] 5b53a9ef-cfa7-49da-ba1a-9adc65030ed4: Sackin index -0.1000; 1.4 s; peak memory 1214 MiB.
2026-10-07T05:34:34Z INFO [523/750] 5b541d4a-7693-417e-9697-5b6049cd0f99: Sackin index -0.1349; 1.0 s; peak memory 1214 MiB.
2026-10-07T05:34:35Z INFO [524/750] 5b544544-dad2-4070-93b3-c327c6ca1ed2: Sackin index -0.1248; 1.0 s; peak memory 1214 MiB.
2026-10-07T05:34:45Z INFO [525/750] 5b547759-0368-47ff-abab-82cc7f8b7455: Sackin index -0.0370; 10.0 s; peak memory 1214 MiB.
2026-10-07T05:34:46Z INFO [526/750] 5b549cc5-4e75-4686-8118-b47abd824741: Sackin index -0.0375; 1.4 s; peak memory 1214 MiB.
2026-10-07T05:34:47Z INFO [527/750] 5b567faf-c1db-4998-951a-388a45f7b065: Sackin index -0.1938; 0.8 s; peak memory 1214 MiB.
2026-10-07T05:34:48Z INFO [528/750] 5b569291-d884-4877-a4e3-cf90e0ad6b40: Sackin index -0.1135; 0.8 s; peak memory 1214 MiB.
2026-10-07T05:34:49Z INFO [529/750] 5b56de0c-3038-430a-a36e-b6d77b6e4917: Sackin index -0.0728; 1.3 s; peak memory 1214 MiB.
2026-10-07T05:34:50Z INFO [530/750] 5b574018-4d28-49ca-a938-611819012f00: Sackin index -0.1319; 0.9 s; peak memory 1214 MiB.
2026-10-07T05:34:51Z INFO [531/750] 5b57830f-67ae-4d08-9c60-52b982352e4f: Sackin index -0.0728; 1.2 s; peak memory 1214 MiB.
2026-10-07T05:34:52Z INFO [532/750] 5b58d257-759d-4b61-89b1-bb3d85ca35ed: Sackin index -0.1191; 0.9 s; peak memory 1214 MiB.
2026-10-07T05:34:53Z INFO [533/750] 5b5964a4-09f1-4679-a3e5-eb90b02d9dc8: Sackin index -0.1349; 1.0 s; peak memory 1214 MiB.
2026-10-07T05:34:54Z INFO [534/750] 5b5969cf-e949-4042-b669-75cddad1ab4c: Sackin index -0.0944; 1.1 s; peak memory 1214 MiB.
2026-10-07T05:34:55Z INFO [535/750] 5b599ebf-23f4-4706-963b-89f1915efa0e: Sackin index -0.0696; 1.0 s; peak memory 1214 MiB.
2026-10-07T05:34:56Z INFO [536/750] 5b59a12e-1b4e-4942-82db-3891655bd9ce: Sackin index -0.1349; 1.0 s; peak memory 1214 MiB.
2026-10-07T05:35:01Z INFO [537/750] 5b59e5c7-10f5-4e43-b36b-7aa05f6921b0: Sackin index -0.0210; 5.1 s; peak memory 1214 MiB.
2026-10-07T05:35:03Z INFO [538/750] 5b59f177-41da-4527-ae4d-dc158a8cb965: Sackin index -0.1349; 1.1 s; peak memory 1214 MiB.
2026-10-07T05:35:04Z INFO [539/750] 5b5a0181-89b3-4b41-a24e-ea5d37448817: Sackin index -0.1370; 1.9 s; peak memory 1214 MiB.
2026-10-07T05:35:05Z INFO [540/750] 5b5a4dc9-b07d-4431-a4f2-9a3b2b92dd6d: Sackin index -0.1349; 1.0 s; peak memory 1214 MiB.
2026-10-07T05:35:08Z INFO [541/750] 5b5a9b08-476c-4767-88ba-bd867e791f7c: Sackin index -0.0693; 2.7 s; peak memory 1214 MiB.
2026-10-07T05:35:09Z INFO [542/750] 5b5b3355-812a-4609-aaab-3719c8ec2904: Sackin index -0.1658; 0.9 s; peak memory 1214 MiB.
2026-10-07T05:35:10Z INFO [543/750] 5b5e4ba1-17c3-41ad-b3a9-aac0292d0234: Sackin index -0.1298; 0.9 s; peak memory 1214 MiB.
2026-10-07T05:35:13Z INFO [544/750] 5b5ec88a-78a4-40ea-8a8a-296db145ae56: Sackin index -0.0704; 2.6 s; peak memory 1214 MiB.
2026-10-07T05:35:14Z INFO [545/750] 5b5ed350-024b-4307-9632-5e862899ce53: Sackin index -0.0696; 1.1 s; peak memory 1214 MiB.
2026-10-07T05:35:15Z INFO [546/750] 5b5f4ffc-8844-4315-bbc7-b2ff4e9ee1e5: Sackin index -0.1349; 1.0 s; peak memory 1214 MiB.
2026-10-07T05:35:15Z INFO [547/750] 5b5fba28-561c-4682-8fff-dd119bd69a25: Sackin index -0.1135; 0.8 s; peak memory 1214 MiB.
2026-10-07T05:35:16Z INFO [548/750] 5b60f015-d489-48fd-a126-2c9a6b2dcc20: Sackin index -0.1349; 1.0 s; peak memory 1214 MiB.
2026-10-07T05:35:18Z INFO [549/750] 5b60f118-7a7b-4b61-93ce-4467642af64d: Sackin index -0.0376; 1.3 s; peak memory 1214 MiB.
2026-10-07T05:35:23Z INFO [550/750] 5b61c13f-1167-47ba-97b4-e8c752404f0e: Sackin index -0.0403; 4.9 s; peak memory 1214 MiB.
2026-10-07T05:35:23Z INFO [550/750] 5b61c13f-1167-47ba-97b4-e8c752404f0e: checkpointed 91136 records.
2026-10-07T05:35:24Z INFO [551/750] 5b61c9f2-fa8a-4f51-a12b-a8e04b9ece94: Sackin index -0.1349; 1.0 s; peak memory 1214 MiB.
2026-10-07T05:35:25Z INFO [552/750] 5b61fe4f-0094-4452-b794-bdf86d19590d: Sackin index -0.1349; 1.0 s; peak memory 1214 MiB.
2026-10-07T05:35:27Z INFO [553/750] 5b629a97-e697-4bc7-abeb-147353e55e51: Sackin index -0.1026; 1.7 s; peak memory 1214 MiB.
2026-10-07T05:35:28Z INFO [554/750] 5b629e06-f3d1-4b96-84b5-311e1015d05d: Sackin index -0.1273; 1.5 s; peak memory 1214 MiB.
2026-10-07T05:35:32Z INFO [555/750] 5b636646-d4d7-49fc-8b7b-6a79859697c2: Sackin index -0.0614; 4.3 s; peak memory 1214 MiB.
2026-10-07T05:35:33Z INFO [556/750] 5b647726-95f6-4aef-88fc-3a54d33301c3: Sackin index -0.1205; 1.1 s; peak memory 1214 MiB.
2026-10-07T05:35:34Z INFO [557/750] 5b64ebd4-d24b-4bca-a12a-d6a55f68cacd: Sackin index -0.1658; 0.8 s; peak memory 1214 MiB.
2026-10-07T05:35:35Z INFO [558/750] 5b655586-9d87-46d7-9a3c-633747bfaf79: Sackin index -0.0696; 1.2 s; peak memory 1214 MiB.
2026-10-07T05:35:37Z INFO [559/750] 5b655789-4790-48b6-b952-c4447959f8eb: Sackin index -0.0702; 1.2 s; peak memory 1214 MiB.
2026-10-07T05:35:38Z INFO [560/750] 5b662328-2a95-4c95-b8d7-9f64a7340c24: Sackin index -0.0745; 1.3 s; peak memory 1214 MiB.
2026-10-07T05:35:39Z INFO [561/750] 5b67e80d-9d26-40ff-b4ea-ea7ac94fb6ef: Sackin index -0.0728; 1.5 s; peak memory 1214 MiB.
2026-10-07T05:35:42Z INFO [562/750] 5b68450f-0b90-4cfc-8705-63841428b74b: Sackin index -0.0369; 2.1 s; peak memory 1214 MiB.
2026-10-07T05:35:56Z INFO [563/750] 5b69a4a1-1040-4ae7-a25c-64caf4e1da31: Sackin index -0.0114; 14.0 s; peak memory 1214 MiB.
2026-10-07T05:35:57Z INFO [564/750] 5b6a1e53-26f9-4b1a-89ff-e9a556fcc57f: Sackin index -0.0728; 1.3 s; peak memory 1214 MiB.
2026-10-07T05:35:58Z INFO [565/750] 5b6b2d46-c56e-4df7-a551-b7337eb9b36a: Sackin index -0.1239; 0.9 s; peak memory 1214 MiB.
2026-10-07T05:36:02Z INFO [566/750] 5b6c2cb1-a610-4e2c-b109-628d5395013c: Sackin index -0.0403; 4.6 s; peak memory 1214 MiB.
2026-10-07T05:36:03Z INFO [567/750] 5b6c4d82-b1db-49d1-93c2-6cb0eb075dd5: Sackin index -0.1201; 1.1 s; peak memory 1214 MiB.
2026-10-07T05:36:19Z INFO [568/750] 5b6c805f-ef3b-4f7d-ac4f-187698630468: Sackin index -0.1284; 16.1 s; peak memory 1214 MiB.
2026-10-07T05:36:20Z INFO [569/750] 5b6ce32a-1155-4223-8380-62cb823f90dc: Sackin index -0.0702; 1.0 s; peak memory 1214 MiB.
2026-10-07T05:36:35Z INFO [570/750] 5b6e2fdd-84ef-468d-a492-270f897c2f27: Sackin index -0.0088; 14.4 s; peak memory 1214 MiB.
2026-10-07T05:36:36Z INFO [571/750] 5b6e4cbd-4624-40c8-b629-6858acd47a23: Sackin index -0.0728; 1.4 s; peak memory 1214 MiB.
2026-10-07T05:36:37Z INFO [572/750] 5b6e80b4-3642-4914-8a36-e28ea8045b73: Sackin index -0.0696; 1.2 s; peak memory 1214 MiB.
2026-10-07T05:36:39Z INFO [573/750] 5b703269-dcce-428b-ac7c-723c6edcaa78: Sackin index -0.0369; 1.9 s; peak memory 1214 MiB.
2026-10-07T05:36:49Z INFO [574/750] 5b70a901-6cf4-41a7-9062-5627d55ba9f4: Sackin index -0.0149; 9.4 s; peak memory 1214 MiB.
2026-10-07T05:36:50Z INFO [575/750] 5b713eca-dc95-4aa3-ab1b-3ce5bb20c4f1: Sackin index -0.2168; 0.9 s; peak memory 1214 MiB.
2026-10-07T05:36:51Z INFO [576/750] 5b72697d-2405-4c20-b947-2b01d3e85fb4: Sackin index -0.1349; 1.1 s; peak memory 1214 MiB.
2026-10-07T05:36:52Z INFO [577/750] 5b728e2e-12bc-463e-82d6-fb6ac3e58762: Sackin index -0.0376; 1.4 s; peak memory 1214 MiB.
2026-10-07T05:36:53Z INFO [578/750] 5b7363d8-0de8-4162-8ac9-0a4ea523904b: Sackin index -0.1349; 0.9 s; peak memory 1214 MiB.
2026-10-07T05:36:55Z INFO [579/750] 5b749390-0449-49a1-bcf2-daa92805f6ed: Sackin index -0.0358; 1.9 s; peak memory 1214 MiB.
2026-10-07T05:36:57Z INFO [580/750] 5b751791-5592-4c2f-aebd-b2ae47e41008: Sackin index -0.1013; 1.7 s; peak memory 1214 MiB.
2026-10-07T05:36:58Z INFO [581/750] 5b75ca31-6eec-432a-b292-2febb539cc94: Sackin index -0.0369; 1.6 s; peak memory 1214 MiB.
2026-10-07T05:37:00Z INFO [582/750] 5b761727-c003-4e40-8048-fdfe40383a7e: Sackin index -0.1938; 2.1 s; peak memory 1214 MiB.
2026-10-07T05:37:01Z INFO [583/750] 5b76e8ef-1330-4791-a3e2-6e94995d254a: Sackin index -0.1349; 1.0 s; peak memory 1214 MiB.
2026-10-07T05:37:02Z INFO [584/750] 5b77dcbc-cdb1-4b1c-853d-e0f73f550ae8: Sackin index -0.1239; 0.9 s; peak memory 1214 MiB.
2026-10-07T05:37:04Z INFO [585/750] 5b79601f-6515-4efa-af5d-ddd24e4dba1e: Sackin index -0.0375; 1.3 s; peak memory 1214 MiB.
2026-10-07T05:37:09Z INFO [586/750] 5b7967ef-471b-44ad-b481-39a78f86511c: Sackin index -0.0347; 5.0 s; peak memory 1214 MiB.
2026-10-07T05:37:09Z INFO [587/750] 5b79f771-28bc-4a55-abda-64dae7ebc21e: Sackin index -0.1658; 0.8 s; peak memory 1214 MiB.
2026-10-07T05:37:11Z INFO [588/750] 5b7a6bfc-1558-4d14-9c5b-02b99e40e4c9: Sackin index -0.0696; 1.3 s; peak memory 1214 MiB.
2026-10-07T05:37:23Z INFO [589/750] 5b7ab283-a66b-4e6c-a810-b2474c1daac7: Sackin index -0.0104; 12.0 s; peak memory 1214 MiB.
2026-10-07T05:38:09Z INFO [590/750] 5b7aff10-fd4f-45b3-82d8-c76c2d9e480a: Sackin index -0.1076; 46.2 s; peak memory 1214 MiB.
2026-10-07T05:38:10Z INFO [591/750] 5b7b91b9-3168-41ad-b9aa-0db41c411669: Sackin index -0.0371; 1.1 s; peak memory 1214 MiB.
2026-10-07T05:38:12Z INFO [592/750] 5b7c3085-771e-4ca7-8fb9-6d5a24275954: Sackin index -0.0693; 2.6 s; peak memory 1214 MiB.
2026-10-07T05:38:13Z INFO [593/750] 5b7c3b23-d1fa-4c3c-afe0-788fdd67a314: Sackin index -0.1349; 1.0 s; peak memory 1214 MiB.
2026-10-07T05:38:15Z INFO [594/750] 5b7d1f67-a5d2-44da-ac52-9ff4f4aa7dc4: Sackin index -0.0709; 1.1 s; peak memory 1214 MiB.
2026-10-07T05:38:16Z INFO [595/750] 5b7d44bf-a200-4e00-87e4-9b608dff4b3e: Sackin index -0.0702; 1.0 s; peak memory 1214 MiB.
2026-10-07T05:38:17Z INFO [596/750] 5b7d8cf2-a5c4-4f19-96c4-2167f94ebaf6: Sackin index -0.0369; 1.9 s; peak memory 1214 MiB.
2026-10-07T05:38:22Z INFO [597/750] 5b7dca95-1982-4ebd-9859-3bfdc2a5fc92: Sackin index -0.0251; 4.6 s; peak memory 1214 MiB.
2026-10-07T05:38:24Z INFO [598/750] 5b7e3731-02c5-4aa4-95b4-c0d37dcf547a: Sackin index -0.0373; 1.6 s; peak memory 1214 MiB.
2026-10-07T05:38:25Z INFO [599/750] 5b7ea274-7417-41c5-b8e9-a603f57afbda: Sackin index -0.1349; 0.9 s; peak memory 1214 MiB.
2026-10-07T05:38:26Z INFO [600/750] 5b7f39d6-8b5b-4003-b752-a5136ea974be: Sackin index -0.0369; 1.8 s; peak memory 1214 MiB.
2026-10-07T05:38:27Z INFO [600/750] 5b7f39d6-8b5b-4003-b752-a5136ea974be: checkpointed 91186 records.
2026-10-07T05:38:28Z INFO [601/750] 5b800db0-0e37-4ad7-876f-7a314e786f8a: Sackin index -0.0702; 1.3 s; peak memory 1214 MiB.
2026-10-07T05:38:29Z INFO [602/750] 5b812a5d-acd4-4032-bf9b-c669421e193b: Sackin index -0.1248; 1.1 s; peak memory 1214 MiB.
2026-10-07T05:38:30Z INFO [603/750] 5b81b47a-51bf-4522-a040-cfed4ef7a0a2: Sackin index -0.0728; 1.3 s; peak memory 1214 MiB.
2026-10-07T05:38:31Z INFO [604/750] 5b81f14d-16b3-4511-8693-cc9ae08f5165: Sackin index -0.1349; 1.1 s; peak memory 1214 MiB.
2026-10-07T05:38:41Z INFO [605/750] 5b826955-c039-4097-8acf-3b2410bb3809: Sackin index -0.0136; 10.0 s; peak memory 1214 MiB.
2026-10-07T05:40:54Z INFO [606/750] 5b826cb5-dc67-46c5-905c-6e0de81768a0: Sackin index -0.1341; 132.2 s; peak memory 1214 MiB.
2026-10-07T05:40:55Z INFO [607/750] 5b82de49-6228-4ecd-a654-4c0bbc385b39: Sackin index -0.0728; 1.4 s; peak memory 1214 MiB.
2026-10-07T05:40:56Z INFO [608/750] 5b8387c0-4df0-4c9d-9b69-7bddc796e9b2: Sackin index -0.1349; 1.1 s; peak memory 1214 MiB.
2026-10-07T05:41:01Z INFO [609/750] 5b85939c-0777-4e27-9264-1e1153fe8a7c: Sackin index -0.1562; 4.7 s; peak memory 1214 MiB.
2026-10-07T05:41:26Z INFO [610/750] 5b85fd13-5298-45c8-a436-042081d461d3: Sackin index -0.1367; 25.0 s; peak memory 1214 MiB.
2026-10-07T05:41:51Z INFO [611/750] 5b862e59-3358-4095-afda-0cf186811cc2: Sackin index -0.1367; 25.3 s; peak memory 1214 MiB.
2026-10-07T05:41:52Z INFO [612/750] 5b86a45f-3974-4ce0-a6ba-5ff05a58491d: Sackin index -0.0696; 1.2 s; peak memory 1214 MiB.
2026-10-07T05:41:54Z INFO [613/750] 5b87c6e8-0c45-462e-a3c8-ae3f2aa76b98: Sackin index -0.0422; 2.1 s; peak memory 1214 MiB.
2026-10-07T05:41:56Z INFO [614/750] 5b87c83c-4448-48b0-8f19-5f02cc1845f2: Sackin index -0.0369; 1.4 s; peak memory 1214 MiB.
2026-10-07T05:41:57Z INFO [615/750] 5b8805c8-f28b-401a-b97a-8d2c13fb4691: Sackin index -0.0702; 1.1 s; peak memory 1214 MiB.
2026-10-07T05:41:59Z INFO [616/750] 5b88fe08-0139-4074-8d73-ff0c62bf665a: Sackin index -0.0373; 1.6 s; peak memory 1214 MiB.
2026-10-07T05:42:04Z INFO [617/750] 5b891ae4-db62-4e1b-9efe-61fc1815c654: Sackin index -0.0251; 5.2 s; peak memory 1214 MiB.
2026-10-07T05:42:06Z INFO [618/750] 5b89efcc-ca2c-4eca-8bba-f3e2b1884855: Sackin index -0.0676; 1.8 s; peak memory 1214 MiB.
2026-10-07T05:42:17Z INFO [619/750] 5b8a04b1-1dd1-4e87-be5a-b74754e8076a: Sackin index -0.0141; 11.5 s; peak memory 1214 MiB.
2026-10-07T05:42:18Z INFO [620/750] 5b8a44ac-c883-4f92-91e5-9f98381766c5: Sackin index -0.1349; 1.0 s; peak memory 1214 MiB.
2026-10-07T05:42:20Z INFO [621/750] 5b8a554a-4494-4a38-bf46-b2968475ec34: Sackin index -0.0745; 1.4 s; peak memory 1214 MiB.
2026-10-07T05:42:22Z INFO [622/750] 5b8ac7e7-09ba-44c3-a0fc-92baa97dd3f9: Sackin index -0.0660; 2.6 s; peak memory 1214 MiB.
2026-10-07T05:42:23Z INFO [623/750] 5b8af44c-99b9-492a-95d5-076b9fe2d61f: Sackin index -0.1658; 0.8 s; peak memory 1214 MiB.
2026-10-07T05:42:24Z INFO [624/750] 5b8b95d3-fa5f-4202-8923-ef036882a307: Sackin index -0.0702; 1.2 s; peak memory 1214 MiB.
2026-10-07T05:42:25Z INFO [625/750] 5b8b9aca-d033-4802-9c8b-b4c798972211: Sackin index -0.2168; 0.8 s; peak memory 1214 MiB.
2026-10-07T05:42:27Z INFO [626/750] 5b8bd713-824f-4c4a-88aa-8e2ca6534f8b: Sackin index -0.0369; 2.0 s; peak memory 1214 MiB.
2026-10-07T05:42:28Z INFO [627/750] 5b8c1646-4724-4e1a-96dc-27faeb8b6c24: Sackin index -0.1349; 1.0 s; peak memory 1214 MiB.
2026-10-07T05:43:07Z INFO [628/750] 5b8d3535-14a2-4e4d-a078-db24e6a8a945: Sackin index -0.1144; 39.6 s; peak memory 1214 MiB.
2026-10-07T05:43:09Z INFO [629/750] 5b8dc672-55ba-4293-9fce-23ad8a8242d6: Sackin index -0.0702; 1.4 s; peak memory 1214 MiB.
2026-10-07T05:43:10Z INFO [630/750] 5b8fa245-f01a-40e6-9e23-067f00bd37be: Sackin index -0.0702; 1.3 s; peak memory 1214 MiB.
2026-10-07T05:43:12Z INFO [631/750] 5b907c57-df03-4a62-8017-6990c48ba373: Sackin index -0.0676; 2.1 s; peak memory 1214 MiB.
2026-10-07T05:43:13Z INFO [632/750] 5b908633-e854-46d5-b0bb-999b2e015ad6: Sackin index -0.0720; 0.9 s; peak memory 1214 MiB.
2026-10-07T05:43:14Z INFO [633/750] 5b90b4af-2632-4060-9a1b-a7130a96e9a1: Sackin index -0.1331; 0.9 s; peak memory 1214 MiB.
2026-10-07T05:43:15Z INFO [634/750] 5b911003-8b42-4a0e-80d9-557f80e097c7: Sackin index -0.0696; 1.2 s; peak memory 1214 MiB.
2026-10-07T05:43:22Z INFO [635/750] 5b91d24c-a7ec-4bea-bcc8-0ab21b84ec86: Sackin index -0.0476; 6.6 s; peak memory 1214 MiB.
2026-10-07T05:43:30Z INFO [636/750] 5b928216-1fec-4b75-8ef2-855289c24166: Sackin index -0.0017; 8.4 s; peak memory 1214 MiB.
2026-10-07T05:43:31Z INFO [637/750] 5b92ea74-52b5-4d0e-84c5-5cacc45708c5: Sackin index -0.1349; 1.0 s; peak memory 1214 MiB.
2026-10-07T05:43:32Z INFO [638/750] 5b947799-5ac4-49d9-8c11-65ea5ebe36ae: Sackin index -0.0715; 1.2 s; peak memory 1214 MiB.
2026-10-07T05:43:33Z INFO [639/750] 5b947f8c-0072-458e-9f4e-6c9da2f17705: Sackin index -0.1349; 0.9 s; peak memory 1214 MiB.
2026-10-07T05:43:34Z INFO [640/750] 5b94d258-2768-4a23-8891-3cbb77b48330: Sackin index -0.1303; 0.7 s; peak memory 1214 MiB.
2026-10-07T05:43:35Z INFO [641/750] 5b952a53-66ff-438f-9944-f7a9d5964a5e: Sackin index -0.0742; 1.0 s; peak memory 1214 MiB.
2026-10-07T05:43:37Z INFO [642/750] 5b955a75-446e-43fd-a804-7b672cc9cb39: Sackin index -0.1938; 1.9 s; peak memory 1214 MiB.
2026-10-07T05:43:38Z INFO [643/750] 5b9603d4-c31a-4618-bf07-a3ba0c30ab55: Sackin index -0.0377; 1.2 s; peak memory 1214 MiB.
2026-10-07T05:43:39Z INFO [644/750] 5b975a23-ffcf-4e0b-9974-b2407785ef48: Sackin index -0.1349; 1.0 s; peak memory 1214 MiB.
2026-10-07T05:43:41Z INFO [645/750] 5b977ae0-3c12-434f-a791-1f290eea6061: Sackin index -0.1283; 1.9 s; peak memory 1214 MiB.
2026-10-07T05:43:43Z INFO [646/750] 5b97a7b4-9828-40be-bc44-a83cc2319af5: Sackin index -0.1383; 1.4 s; peak memory 1214 MiB.
2026-10-07T05:43:44Z INFO [647/750] 5b97b801-a189-4018-ada8-4a70a62c594b: Sackin index -0.1062; 1.4 s; peak memory 1214 MiB.
2026-10-07T05:43:46Z INFO [648/750] 5b97c773-1cff-44cf-8cf7-7f1f4bf63ec3: Sackin index -0.1938; 2.0 s; peak memory 1214 MiB.
2026-10-07T06:06:30Z INFO [649/750] 5b97c8e7-385f-48a7-932e-11725c06dca6: Sackin index -0.0451; 1363.7 s; peak memory 1228 MiB.
2026-10-07T06:06:31Z INFO [650/750] 5b97e36e-f8d8-4eac-8f86-4828db5cc07e: Sackin index -0.0728; 1.5 s; peak memory 1228 MiB.
2026-10-07T06:06:31Z INFO [650/750] 5b97e36e-f8d8-4eac-8f86-4828db5cc07e: checkpointed 91236 records.
2026-10-07T06:06:32Z INFO [651/750] 5b9821ce-6fe0-4db8-a37e-edcb378835b5: Sackin index -0.1349; 1.0 s; peak memory 1228 MiB.
2026-10-07T06:06:34Z INFO [652/750] 5b9925f4-c79f-4b69-9e77-f7a849a8c682: Sackin index -0.1349; 1.1 s; peak memory 1228 MiB.
2026-10-07T06:10:49Z INFO [653/750] 5b992d97-96c8-4758-a4dd-ee7dfd5cfd39: Sackin index -0.0451; 255.7 s; peak memory 1228 MiB.
2026-10-07T06:10:51Z INFO [654/750] 5b999b95-541e-4377-ad5d-4e66b3ec0282: Sackin index -0.1938; 2.1 s; peak memory 1228 MiB.
2026-10-07T06:10:53Z INFO [655/750] 5b99d323-f764-477d-83ca-a0d5359d768d: Sackin index -0.1248; 1.2 s; peak memory 1228 MiB.
2026-10-07T06:10:54Z INFO [656/750] 5b99e7b3-af54-419f-a21a-a5468f77e775: Sackin index -0.0702; 1.1 s; peak memory 1228 MiB.
2026-10-07T06:11:12Z INFO [657/750] 5b9a8488-9fcb-496b-a68d-aeb961b5640c: Sackin index -0.0132; 18.3 s; peak memory 1228 MiB.
2026-10-07T06:11:14Z INFO [658/750] 5b9a89bb-8a27-4889-b667-c96901e78189: Sackin index -0.1938; 2.2 s; peak memory 1228 MiB.
2026-10-07T06:11:15Z INFO [659/750] 5b9db986-ffac-4c14-a6e6-63694217c69e: Sackin index -0.1429; 1.0 s; peak memory 1228 MiB.
2026-10-07T06:11:16Z INFO [660/750] 5b9ec036-60ad-49b4-b2a0-eecc1df1580d: Sackin index -0.1349; 0.9 s; peak memory 1228 MiB.
2026-10-07T06:11:17Z INFO [661/750] 5b9f53d3-9ab9-4372-83cc-f418b4032711: Sackin index -0.1349; 1.1 s; peak memory 1228 MiB.
2026-10-07T06:11:18Z INFO [662/750] 5ba04e8a-a666-4cdb-9916-147030f28a28: Sackin index -0.0380; 1.3 s; peak memory 1228 MiB.
2026-10-07T06:11:23Z INFO [663/750] 5ba0a378-fedb-4630-9c12-aefea03eb095: Sackin index -0.0263; 4.7 s; peak memory 1228 MiB.
2026-10-07T06:11:25Z INFO [664/750] 5ba0cb6d-a0e6-485e-949d-708e76c554c2: Sackin index -0.1283; 2.2 s; peak memory 1228 MiB.
2026-10-07T06:11:26Z INFO [665/750] 5ba1ceec-dec8-4ab6-a7f6-016dcced48d1: Sackin index -0.1658; 0.9 s; peak memory 1228 MiB.
2026-10-07T06:11:27Z INFO [666/750] 5ba2826f-8ce4-499f-bcf4-dc85aae72532: Sackin index -0.1349; 1.0 s; peak memory 1228 MiB.
2026-10-07T06:11:35Z INFO [667/750] 5ba2ccc8-1bc5-44d0-84ef-501385262932: Sackin index -0.0366; 7.8 s; peak memory 1228 MiB.
2026-10-07T06:11:40Z INFO [668/750] 5ba2eace-ea89-4e82-878c-73699f037cef: Sackin index -0.0403; 5.3 s; peak memory 1228 MiB.
2026-10-07T06:11:41Z INFO [669/750] 5ba33c7d-6695-4d6b-bebc-8c1934ea8f0e: Sackin index -0.0696; 1.2 s; peak memory 1228 MiB.
2026-10-07T06:11:43Z INFO [670/750] 5ba3ba1a-e22b-456d-aad4-6c34a1cb971a: Sackin index -0.0275; 1.7 s; peak memory 1228 MiB.
2026-10-07T06:11:44Z INFO [671/750] 5ba3d2ce-adda-4cb8-9a26-d9dda9990a00: Sackin index -0.1349; 0.9 s; peak memory 1228 MiB.
2026-10-07T06:11:45Z INFO [672/750] 5ba4086d-b209-4044-b953-d6d456b8d453: Sackin index -0.1349; 1.0 s; peak memory 1228 MiB.
2026-10-07T06:11:48Z INFO [673/750] 5ba48235-18db-452d-9f20-f65b3e46ccb8: Sackin index -0.0718; 2.4 s; peak memory 1228 MiB.
2026-10-07T06:11:48Z INFO [674/750] 5ba58bf0-3242-42c7-b037-5b8c1005a684: Sackin index -0.1349; 0.9 s; peak memory 1228 MiB.
2026-10-07T06:11:51Z INFO [675/750] 5ba5ff55-642a-47dd-b075-45c3fa90ecef: Sackin index -0.0350; 2.5 s; peak memory 1228 MiB.
2026-10-07T06:11:52Z INFO [676/750] 5ba61563-7b0d-4ae2-9590-57ca88d9576e: Sackin index -0.0702; 1.2 s; peak memory 1228 MiB.
2026-10-07T06:12:01Z INFO [677/750] 5ba8df15-f7e7-49b9-ae3b-4986bd1fc00d: Sackin index -0.0077; 9.3 s; peak memory 1228 MiB.
2026-10-07T06:12:02Z INFO [678/750] 5ba90f13-7ddd-4785-b82c-1d0612e60cb4: Sackin index -0.1658; 0.8 s; peak memory 1228 MiB.
2026-10-07T06:12:15Z INFO [679/750] 5ba9ee0e-f66e-455b-9019-cb0fa872dfab: Sackin index -0.0171; 13.2 s; peak memory 1228 MiB.
2026-10-07T06:12:16Z INFO [680/750] 5baa4323-0aaa-4237-8c89-f7f942059316: Sackin index -0.1349; 1.0 s; peak memory 1228 MiB.
2026-10-07T06:12:18Z INFO [681/750] 5baa6c5a-a75b-46cc-9e17-56b3ab7faa55: Sackin index -0.0728; 1.3 s; peak memory 1228 MiB.
2026-10-07T06:12:19Z INFO [682/750] 5baa9dd1-21e6-4128-b468-476fa33a8311: Sackin index -0.1349; 1.0 s; peak memory 1228 MiB.
2026-10-07T06:12:20Z INFO [683/750] 5bab154d-d23b-4393-8578-0ea144204a18: Sackin index -0.1349; 1.0 s; peak memory 1228 MiB.
2026-10-07T06:12:21Z INFO [684/750] 5bab9e69-0768-4fe9-bc07-ec3713ae5b8f: Sackin index -0.1349; 1.0 s; peak memory 1228 MiB.
2026-10-07T06:12:31Z INFO [685/750] 5bac2c7a-f980-4c9b-9b75-3e654d1aad5c: Sackin index -0.0135; 10.0 s; peak memory 1228 MiB.
2026-10-07T06:12:32Z INFO [686/750] 5bad10d0-0e30-4a15-9709-86f0d2d653a9: Sackin index -0.1349; 1.0 s; peak memory 1228 MiB.
2026-10-07T06:12:33Z INFO [687/750] 5baee71e-22b8-4ce6-895b-cbabc1eaa8fc: Sackin index -0.0728; 1.4 s; peak memory 1228 MiB.
2026-10-07T06:12:36Z INFO [688/750] 5baf362d-4e07-4e95-83ee-18aca0cf2799: Sackin index -0.0699; 2.5 s; peak memory 1228 MiB.
2026-10-07T06:12:37Z INFO [689/750] 5baf6edc-3846-4a17-ae71-14847649ee51: Sackin index -0.0928; 1.1 s; peak memory 1228 MiB.
2026-10-07T06:12:38Z INFO [690/750] 5bb0a13b-ff75-403a-bbf6-18b9c06ff2c3: Sackin index -0.1658; 0.9 s; peak memory 1228 MiB.
2026-10-07T06:12:39Z INFO [691/750] 5bb0c59f-4011-49a3-a7fb-db4c64c5024d: Sackin index -0.0709; 1.1 s; peak memory 1228 MiB.
2026-10-07T06:13:05Z INFO [692/750] 5bb0f9c0-5f0b-42f4-873d-b469f038745f: Sackin index -0.1367; 26.1 s; peak memory 1228 MiB.
2026-10-07T06:13:06Z INFO [693/750] 5bb1160e-c602-4b1e-baf4-149647811abf: Sackin index -0.0728; 1.4 s; peak memory 1228 MiB.
2026-10-07T06:13:07Z INFO [694/750] 5bb237e8-6ea1-4c83-94aa-2e71ad549426: Sackin index -0.3646; 0.7 s; peak memory 1228 MiB.
2026-10-07T06:13:08Z INFO [695/750] 5bb44f6c-4551-4403-87a7-6390573b4efb: Sackin index -0.2458; 0.8 s; peak memory 1228 MiB.
2026-10-07T06:13:09Z INFO [696/750] 5bb58c18-978b-4347-b5dd-c9c157db6f58: Sackin index -0.1165; 0.9 s; peak memory 1228 MiB.
2026-10-07T06:18:20Z INFO [697/750] 5bb609a5-8239-4cac-b20e-032d73ba412c: Sackin index -0.0269; 311.7 s; peak memory 1228 MiB.
2026-10-07T06:18:22Z INFO [698/750] 5bb7035a-8bf3-4523-beee-5772fda5c0f7: Sackin index -0.0413; 1.6 s; peak memory 1228 MiB.
2026-10-07T06:18:23Z INFO [699/750] 5bb7c3b4-8537-45d6-8a60-8045874767dc: Sackin index -0.0696; 1.1 s; peak memory 1228 MiB.
2026-10-07T06:18:24Z INFO [700/750] 5bb88f31-775f-4132-9f0a-6132b89d693e: Sackin index -0.0728; 1.3 s; peak memory 1228 MiB.
2026-10-07T06:18:25Z INFO [700/750] 5bb88f31-775f-4132-9f0a-6132b89d693e: checkpointed 91286 records.
2026-10-07T06:18:25Z INFO [701/750] 5bb93545-38cc-44d1-8d77-8e1767adfd87: Sackin index -0.1135; 0.8 s; peak memory 1228 MiB.
2026-10-07T06:18:26Z INFO [702/750] 5bb95072-bd17-4337-b0d0-54ce95124c4a: Sackin index -0.1349; 1.0 s; peak memory 1228 MiB.
2026-10-07T06:18:28Z INFO [703/750] 5bb98bce-38b5-4597-bb3a-a91680f90fcd: Sackin index -0.0380; 1.1 s; peak memory 1228 MiB.
2026-10-07T06:18:29Z INFO [704/750] 5bb9acfc-c0b2-4f7f-99eb-0358c54407cc: Sackin index -0.0696; 1.2 s; peak memory 1228 MiB.
2026-10-07T06:18:30Z INFO [705/750] 5bbab1f7-8947-442f-af44-f82f795f15cc: Sackin index -0.0709; 1.2 s; peak memory 1228 MiB.
2026-10-07T06:18:31Z INFO [706/750] 5bbb710c-5f74-49e3-bfeb-644d836148cc: Sackin index -0.0376; 1.4 s; peak memory 1228 MiB.
2026-10-07T06:18:32Z INFO [707/750] 5bbc071b-3ad2-4315-9983-2036817549b6: Sackin index -0.0696; 1.2 s; peak memory 1228 MiB.
2026-10-07T06:18:33Z INFO [708/750] 5bbc0b09-9342-44ee-bf4e-ac89836770f1: Sackin index -0.1658; 0.8 s; peak memory 1228 MiB.
2026-10-07T06:18:34Z INFO [709/750] 5bbc3b26-2132-4982-a274-25c2353707a1: Sackin index -0.1349; 1.0 s; peak memory 1228 MiB.
2026-10-07T06:18:35Z INFO [710/750] 5bbd2f97-b2ab-430a-84ba-fdc733431998: Sackin index -0.1349; 0.9 s; peak memory 1228 MiB.
2026-10-07T06:18:36Z INFO [711/750] 5bbd5ea1-af8b-4a13-8bce-cd714564a33a: Sackin index -0.0702; 1.2 s; peak memory 1228 MiB.
2026-10-07T06:18:37Z INFO [712/750] 5bbd72d8-52b7-49b4-9a40-34df58e09591: Sackin index -0.0702; 1.0 s; peak memory 1228 MiB.
2026-10-07T06:18:39Z INFO [713/750] 5bbe1c58-21c7-493b-b516-add5491f1275: Sackin index -0.1349; 1.1 s; peak memory 1228 MiB.
2026-10-07T06:18:40Z INFO [714/750] 5bbf5160-f775-4769-9716-d89dd2739a9b: Sackin index -0.0702; 1.2 s; peak memory 1228 MiB.
2026-10-07T06:18:41Z INFO [715/750] 5bbf5669-0978-459e-bfe7-80d18c2c097b: Sackin index -0.1349; 1.0 s; peak memory 1228 MiB.
2026-10-07T06:18:42Z INFO [716/750] 5bbf909b-4b65-4e26-ae21-05800d48ec9d: Sackin index -0.0728; 1.2 s; peak memory 1228 MiB.
2026-10-07T06:18:43Z INFO [717/750] 5bc08dde-c70a-401a-a49c-e0c3cb633bfc: Sackin index -0.1349; 1.0 s; peak memory 1228 MiB.
2026-10-07T06:18:44Z INFO [718/750] 5bc18a68-6def-4722-95f3-8d2eb937a3fc: Sackin index -0.1026; 1.2 s; peak memory 1228 MiB.
2026-10-07T06:18:45Z INFO [719/750] 5bc223d7-5c43-4acd-a436-9b5fb6cbe426: Sackin index -0.0881; 1.2 s; peak memory 1228 MiB.
2026-10-07T06:18:46Z INFO [720/750] 5bc23066-8d50-4294-860e-540ebb6785c1: Sackin index -0.1692; 1.1 s; peak memory 1228 MiB.
2026-10-07T06:18:53Z INFO [721/750] 5bc2b01a-c281-45de-841b-1eb158a0eabc: Sackin index -0.0159; 6.4 s; peak memory 1228 MiB.
2026-10-07T06:19:19Z INFO [722/750] 5bc3e4c8-a4f8-4715-9d84-33ea0651d45f: Sackin index -0.1367; 26.0 s; peak memory 1228 MiB.
2026-10-07T06:19:21Z INFO [723/750] 5bc554e5-6a4b-4729-ac23-834dd786d3c4: Sackin index -0.0365; 2.0 s; peak memory 1228 MiB.
2026-10-07T06:19:22Z INFO [724/750] 5bc56be1-5b96-4903-bbed-c3cc3f286af9: Sackin index -0.0696; 1.2 s; peak memory 1228 MiB.
2026-10-07T06:19:23Z INFO [725/750] 5bc5dd10-9a1b-475d-864a-2e8656dfd81d: Sackin index -0.1349; 1.0 s; peak memory 1228 MiB.
2026-10-07T06:19:24Z INFO [726/750] 5bc5f767-a4f9-47f7-a138-8dff6bd48a33: Sackin index -0.1191; 1.6 s; peak memory 1228 MiB.
2026-10-07T06:19:26Z INFO [727/750] 5bc60322-aae2-45bb-b8f1-d37e3e7fe72b: Sackin index -0.0728; 1.3 s; peak memory 1228 MiB.
2026-10-07T06:19:27Z INFO [728/750] 5bc977c7-9753-4ae5-9b22-6c91419d6b94: Sackin index -0.0702; 1.4 s; peak memory 1228 MiB.
2026-10-07T06:19:29Z INFO [729/750] 5bc9d6ba-bd58-4760-9716-fbab00a99714: Sackin index -0.0275; 1.7 s; peak memory 1228 MiB.
2026-10-07T06:19:30Z INFO [730/750] 5bca1ca6-b491-4d45-b11f-f5ee13b459bf: Sackin index -0.1658; 0.7 s; peak memory 1228 MiB.
2026-10-07T06:19:39Z INFO [731/750] 5bca2e6d-ed20-47d5-ba40-97c9d8c2c742: Sackin index -0.0129; 9.2 s; peak memory 1228 MiB.
2026-10-07T06:19:40Z INFO [732/750] 5bcafb21-60d5-4658-bc18-6a8dcd8d8556: Sackin index -0.0457; 1.3 s; peak memory 1228 MiB.
2026-10-07T06:19:41Z INFO [733/750] 5bcb5dad-eb16-4bb4-a989-4695402c608f: Sackin index -0.0728; 1.3 s; peak memory 1228 MiB.
2026-10-07T06:19:43Z INFO [734/750] 5bcb7572-e4d0-4af0-a7ed-72ef51251c06: Sackin index -0.0702; 1.1 s; peak memory 1228 MiB.
2026-10-07T06:19:44Z INFO [735/750] 5bcbdb80-f4b6-45f6-9432-a567dd7844e0: Sackin index -0.0728; 1.6 s; peak memory 1228 MiB.
2026-10-07T06:19:46Z INFO [736/750] 5bcc48c8-67c2-4b20-afe9-d828858937af: Sackin index -0.0275; 1.4 s; peak memory 1228 MiB.
2026-10-07T06:19:47Z INFO [737/750] 5bcd8be3-b4d9-4ee2-93d6-1256733340b7: Sackin index -0.0696; 1.2 s; peak memory 1228 MiB.
2026-10-07T06:19:48Z INFO [738/750] 5bcdc1e2-a09e-4e1a-9161-190b00f7333c: Sackin index -0.0745; 1.6 s; peak memory 1228 MiB.
2026-10-07T06:19:50Z INFO [739/750] 5bcded3d-f7e4-4f30-8693-bb60d6bf1189: Sackin index -0.0735; 1.2 s; peak memory 1228 MiB.
2026-10-07T06:19:52Z INFO [740/750] 5bcdf642-876f-4db2-95fc-df74db855946: Sackin index -0.1142; 2.4 s; peak memory 1228 MiB.
2026-10-07T06:19:53Z INFO [741/750] 5bce81a2-a4b4-4446-abf3-6a4703c7fe8a: Sackin index -0.0709; 1.1 s; peak memory 1228 MiB.
2026-10-07T06:19:54Z INFO [742/750] 5bcf1806-85b4-4a83-8f66-a622a7b1a697: Sackin index -0.1248; 1.0 s; peak memory 1228 MiB.
2026-10-07T06:19:55Z INFO [743/750] 5bd2f891-f265-4023-96c0-1aaf3e2d3dd5: Sackin index -0.0702; 1.2 s; peak memory 1228 MiB.
2026-10-07T06:19:57Z INFO [744/750] 5bd30f4d-ac64-454c-a083-7e666abcad5b: Sackin index -0.0376; 1.4 s; peak memory 1228 MiB.
2026-10-07T06:19:58Z INFO [745/750] 5bd35bd0-c386-4ab7-bdd3-c9a2ac81f63c: Sackin index -0.1349; 1.0 s; peak memory 1228 MiB.
2026-10-07T06:19:59Z INFO [746/750] 5bd3817a-c078-419b-a2a6-7b0b93c6744b: Sackin index -0.1633; 1.0 s; peak memory 1228 MiB.
2026-10-07T06:20:04Z INFO [747/750] 5bd463aa-7842-4d47-ae01-1b58efefa1ed: Sackin index -0.0301; 4.6 s; peak memory 1228 MiB.
2026-10-07T06:20:05Z INFO [748/750] 5bd47b31-46b9-4a63-9b00-da1242408caf: Sackin index -0.1331; 1.0 s; peak memory 1228 MiB.
2026-10-07T06:20:05Z INFO [749/750] 5bd59603-d1bb-49ec-b841-c680b9f8951e: Sackin index -0.1461; 0.8 s; peak memory 1228 MiB.
2026-10-07T06:20:08Z INFO [750/750] 5bd5addb-5838-4fb7-8076-e63a858dcc10: Sackin index -0.0681; 3.0 s; peak memory 1228 MiB.
2026-10-07T06:20:09Z INFO [750/750] 5bd5addb-5838-4fb7-8076-e63a858dcc10: checkpointed 91336 records.
2026-10-07T06:20:09Z INFO Wrote 91336 records to /tmp/derivatives/valid_nwb_file_to_sackin_index.jsonl (750 new, 0 failed) in 157.4 min (peak memory 1228 MiB).
