2026-10-09T12:06:55Z INFO Logging to /tmp/logs/update_2026-10-09T12-06-55Z.log.
2026-10-09T12:06:55Z INFO Update valid-nwb-file-to-sackin-index (base directory /tmp).
2026-10-09T12:06:55Z INFO Processing 750 items (110086 already recorded).
2026-10-09T12:06:56Z INFO [1/750] 8325454d-d151-4674-afa2-79eb7d058544: Sackin index -0.1174; 0.9 s; peak memory 124 MiB.
2026-10-09T12:06:57Z INFO [2/750] 83257739-90df-40e6-8189-2261e13c6543: Sackin index -0.0696; 0.7 s; peak memory 128 MiB.
2026-10-09T12:07:00Z INFO [3/750] 8325ce25-5c1c-4a90-a10a-276b951891a2: Sackin index -0.1938; 3.0 s; peak memory 131 MiB.
2026-10-09T12:07:00Z INFO [4/750] 8326d73c-64cc-40dd-bfea-19bfddde4448: Sackin index -0.0390; 0.6 s; peak memory 132 MiB.
2026-10-09T12:07:02Z INFO [5/750] 832724b9-4e38-4a24-8807-986b0ec6f397: Sackin index -0.0660; 1.7 s; peak memory 132 MiB.
2026-10-09T12:07:05Z INFO [6/750] 8327262e-3ea6-4877-9b43-9d7cc0c50476: Sackin index -0.1447; 2.5 s; peak memory 132 MiB.
2026-10-09T12:07:14Z INFO [7/750] 83297a12-2bc9-4d62-bcb9-6262ad2327bc: Sackin index -0.1462; 9.7 s; peak memory 158 MiB.
2026-10-09T12:07:22Z INFO [8/750] 832a0ed0-a35b-48c0-8f55-6dd779f68a91: Sackin index -0.1371; 7.2 s; peak memory 159 MiB.
2026-10-09T12:07:23Z INFO [9/750] 832b0a7f-b0b6-41bf-bfd9-bdee05a0864d: Sackin index -0.1224; 1.2 s; peak memory 159 MiB.
2026-10-09T12:07:24Z INFO [10/750] 832b53f7-55d0-445c-aef9-153e9e4d2061: Sackin index -0.0369; 1.2 s; peak memory 159 MiB.
2026-10-09T12:07:25Z INFO [11/750] 832bd50a-592b-4154-ac79-49f0277cecf4: Sackin index -0.0709; 0.6 s; peak memory 159 MiB.
2026-10-09T12:07:29Z INFO [12/750] 832bf32f-bb28-4695-b3cc-eb0bad48da22: Sackin index -0.0403; 4.1 s; peak memory 159 MiB.
2026-10-09T12:07:29Z INFO [13/750] 832cb780-110d-450e-aea9-226d813abefb: Sackin index -0.0702; 0.7 s; peak memory 159 MiB.
2026-10-09T12:09:14Z INFO [14/750] 832dcc87-daf4-4ce3-bb6c-7b485d3e398d: Sackin index -0.0271; 104.7 s; peak memory 280 MiB.
2026-10-09T12:09:15Z INFO [15/750] 832e183c-e4a0-4f03-813a-adc392b21595: Sackin index -0.1349; 0.8 s; peak memory 280 MiB.
2026-10-09T12:09:15Z INFO [16/750] 832eed57-3322-492b-8093-52b586d96d4f: Sackin index -0.0656; 0.6 s; peak memory 281 MiB.
2026-10-09T12:09:16Z INFO [17/750] 832f4c7d-74c3-449e-be1e-91df29fb5b4f: Sackin index -0.1201; 0.7 s; peak memory 281 MiB.
2026-10-09T12:09:20Z INFO [18/750] 832f5ff1-8420-419b-8543-7f8e2b7c0ca6: Sackin index -0.0223; 4.0 s; peak memory 281 MiB.
2026-10-09T12:09:21Z INFO [19/750] 832f9312-a390-443c-8477-dea4ce53e7bf: Sackin index -0.1383; 0.7 s; peak memory 281 MiB.
2026-10-09T12:09:22Z INFO [20/750] 83300de0-3661-45fd-b0e0-89c016dc56f2: Sackin index -0.1319; 0.6 s; peak memory 282 MiB.
2026-10-09T12:12:36Z INFO [21/750] 8331099a-0397-4002-af4f-34e682e18dce: Sackin index -0.0396; 194.2 s; peak memory 417 MiB.
2026-10-09T12:12:40Z INFO [22/750] 83310b71-6447-460c-a86e-d2f559351629: Sackin index -0.0420; 4.7 s; peak memory 417 MiB.
2026-10-09T12:12:55Z INFO [23/750] 8331686c-da5e-401b-8e60-8f46d3b0c9db: Sackin index -0.0060; 14.2 s; peak memory 417 MiB.
2026-10-09T12:12:55Z INFO [24/750] 8331c029-6713-41b2-9651-c389f76dcc7b: Sackin index -0.1349; 0.6 s; peak memory 417 MiB.
2026-10-09T12:12:57Z INFO [25/750] 83323a6f-7725-4ac5-a94c-7e1ecbdb53aa: Sackin index -0.0272; 1.4 s; peak memory 417 MiB.
2026-10-09T12:12:57Z INFO [26/750] 8332aade-8958-43e4-9b9c-51a16955b081: Sackin index -0.1349; 0.6 s; peak memory 417 MiB.
2026-10-09T12:13:01Z INFO [27/750] 8332cc79-f1d4-44e6-9850-302a699bd8a8: Sackin index -0.0403; 3.2 s; peak memory 417 MiB.
2026-10-09T12:13:02Z INFO [28/750] 8332db73-3101-418a-a160-e8fe068ffc1c: Sackin index -0.0660; 1.8 s; peak memory 417 MiB.
2026-10-09T12:13:03Z INFO [29/750] 833343ca-8d9c-4305-9cf1-82dce85eb44c: Sackin index -0.1602; 0.8 s; peak memory 417 MiB.
2026-10-09T12:13:04Z INFO [30/750] 83338434-0c68-4a59-96f5-f7811189ed99: Sackin index -0.1349; 0.7 s; peak memory 417 MiB.
2026-10-09T12:13:04Z INFO [31/750] 8333a3ff-a2fe-47a6-8762-15155835f90a: Sackin index -0.1658; 0.5 s; peak memory 417 MiB.
2026-10-09T12:13:05Z INFO [32/750] 833487af-c629-4be0-b78e-a706db2b2d6f: Sackin index -0.0702; 0.7 s; peak memory 417 MiB.
2026-10-09T12:13:06Z INFO [33/750] 83354aee-d2b5-47b3-8466-600ec3d5258c: Sackin index -0.0696; 0.6 s; peak memory 417 MiB.
2026-10-09T12:13:06Z INFO [34/750] 833587e6-d647-4749-b4b4-c45945a29750: Sackin index -0.0702; 0.5 s; peak memory 417 MiB.
2026-10-09T12:13:11Z INFO [35/750] 8336488b-cd61-40dc-b41e-0abe71715232: Sackin index -0.0341; 4.5 s; peak memory 417 MiB.
2026-10-09T12:13:11Z INFO [36/750] 833757fd-f252-4a25-a51c-3aff70d51fdf: Sackin index -0.1234; 0.6 s; peak memory 417 MiB.
2026-10-09T12:13:12Z INFO [37/750] 83377117-3bfe-450b-8abc-9bc888456a3d: Sackin index -0.1349; 0.6 s; peak memory 417 MiB.
2026-10-09T12:13:15Z INFO [38/750] 8337c7ff-2ed5-444d-9ee7-de6b00edaaab: Sackin index -0.0435; 3.5 s; peak memory 417 MiB.
2026-10-09T12:13:16Z INFO [39/750] 8337ecc0-398a-432c-8856-d424bffc0998: Sackin index -0.1349; 0.6 s; peak memory 417 MiB.
2026-10-09T12:13:28Z INFO [40/750] 83391ef6-17ea-4c5c-aca3-2240845cd4b0: Sackin index -0.1892; 11.9 s; peak memory 417 MiB.
2026-10-09T12:13:28Z INFO [41/750] 83397151-e2a7-42ea-b6c4-dd2603cc10da: Sackin index -0.1120; 0.5 s; peak memory 417 MiB.
2026-10-09T12:13:30Z INFO [42/750] 833ac8bc-a32d-433c-aef1-a47dbb8b6e8c: Sackin index -0.0752; 1.3 s; peak memory 417 MiB.
2026-10-09T12:13:30Z INFO [43/750] 833acacf-7edf-445e-87df-f320c7a57a39: Sackin index -0.1248; 0.8 s; peak memory 417 MiB.
2026-10-09T12:13:31Z INFO [44/750] 833ba286-f643-4218-8018-1011b6ad05eb: Sackin index -0.0756; 0.8 s; peak memory 417 MiB.
2026-10-09T12:13:45Z INFO [45/750] 833beabe-fc4a-4a84-a482-190b7ab39c1f: Sackin index -0.0138; 13.7 s; peak memory 417 MiB.
2026-10-09T12:13:46Z INFO [46/750] 833d0d5a-2cde-48e6-a519-b06197e4e628: Sackin index -0.1349; 0.6 s; peak memory 417 MiB.
2026-10-09T12:13:46Z INFO [47/750] 833d2e86-6410-4a6d-851d-e5753d7740b2: Sackin index -0.1349; 0.7 s; peak memory 417 MiB.
2026-10-09T12:13:47Z INFO [48/750] 833d5894-4bcb-4a29-9bef-6c54718f4c7e: Sackin index -0.1349; 0.7 s; peak memory 417 MiB.
2026-10-09T12:13:54Z INFO [49/750] 833f5165-35c1-4ea6-b403-536c02bced72: Sackin index -0.0119; 7.5 s; peak memory 417 MiB.
2026-10-09T12:13:56Z INFO [50/750] 833f5f20-1f90-4865-954f-d32169ea7d9e: Sackin index -0.0681; 1.2 s; peak memory 417 MiB.
2026-10-09T12:13:56Z INFO [50/750] 833f5f20-1f90-4865-954f-d32169ea7d9e: checkpointed 110136 new records.
2026-10-09T12:13:57Z INFO [51/750] 833f93d2-fc86-44c3-8b73-47c348dc7d09: Sackin index -0.1117; 0.6 s; peak memory 417 MiB.
2026-10-09T12:13:57Z INFO [52/750] 8340268e-3916-432e-a483-47639ca81498: Sackin index -0.1349; 0.8 s; peak memory 417 MiB.
2026-10-09T12:13:58Z INFO [53/750] 834095f2-ec32-42cb-90de-36543d5188b1: Sackin index -0.0728; 0.7 s; peak memory 417 MiB.
2026-10-09T12:13:59Z INFO [54/750] 8341271d-6fdd-4c87-aff5-83f0bec74ee1: Sackin index -0.0699; 1.4 s; peak memory 417 MiB.
2026-10-09T12:14:00Z INFO [55/750] 83413e5e-9d31-4045-9a1d-23590149e3e8: Sackin index -0.0696; 0.8 s; peak memory 417 MiB.
2026-10-09T12:14:09Z INFO [56/750] 8341602c-c287-4d21-b350-d5bdf54f3cdf: Sackin index -0.0262; 8.3 s; peak memory 417 MiB.
2026-10-09T12:14:09Z INFO [57/750] 8341bb69-8631-4bce-875a-71cd192440b9: Sackin index -0.1349; 0.7 s; peak memory 417 MiB.
2026-10-09T12:14:21Z INFO [58/750] 8342ca90-137b-4d36-8979-ceab200e74fc: Sackin index -0.0146; 11.3 s; peak memory 417 MiB.
2026-10-09T12:14:21Z INFO [59/750] 834387a8-649d-4b30-8188-59866ba7d850: Sackin index -0.0702; 0.8 s; peak memory 417 MiB.
2026-10-09T12:14:24Z INFO [60/750] 83440b59-2ca4-4ff5-a590-ce0e2a19577a: Sackin index -0.0660; 2.2 s; peak memory 417 MiB.
2026-10-09T12:14:27Z INFO [61/750] 8344ee2f-e09b-4c45-80df-5ef544a5ee71: Sackin index -0.0819; 3.5 s; peak memory 417 MiB.
2026-10-09T12:14:28Z INFO [62/750] 8344f290-6b3a-4aa3-a510-01fc326c3267: Sackin index -0.1349; 0.6 s; peak memory 417 MiB.
2026-10-09T12:14:28Z INFO [63/750] 8344fa01-3617-49b1-aaa9-91e342ebb37a: Sackin index -0.1658; 0.4 s; peak memory 417 MiB.
2026-10-09T12:14:32Z INFO [64/750] 8346341d-eaca-4bda-b32a-bf4f2e703b5e: Sackin index -0.0390; 4.3 s; peak memory 417 MiB.
2026-10-09T12:14:33Z INFO [65/750] 83469f71-d921-49e8-aeff-a15b53774497: Sackin index -0.0696; 0.8 s; peak memory 417 MiB.
2026-10-09T12:14:34Z INFO [66/750] 8347a77a-1f80-414c-b79c-9d647151aafa: Sackin index -0.1658; 0.4 s; peak memory 417 MiB.
2026-10-09T12:14:35Z INFO [67/750] 83484059-a349-40ae-9383-f6d0d45617cb: Sackin index -0.0702; 0.9 s; peak memory 417 MiB.
2026-10-09T12:14:37Z INFO [68/750] 83487428-dac6-4a62-a710-a3c4200ac1d3: Sackin index -0.1562; 2.4 s; peak memory 417 MiB.
2026-10-09T12:14:38Z INFO [69/750] 8348c960-eb74-4d5a-a33d-e6f0dbf41a20: Sackin index -0.0369; 0.9 s; peak memory 417 MiB.
2026-10-09T12:14:39Z INFO [70/750] 83492920-4dcb-4d32-b45d-2b5509c1f1ff: Sackin index -0.1938; 0.7 s; peak memory 417 MiB.
2026-10-09T12:14:39Z INFO [71/750] 83494699-5a0e-420d-8971-4c6dab9e6bb2: Sackin index -0.0696; 0.8 s; peak memory 417 MiB.
2026-10-09T12:14:40Z INFO [72/750] 8349c110-26c6-4aab-937b-a113033b9383: Sackin index -0.0728; 0.6 s; peak memory 417 MiB.
2026-10-09T12:14:41Z INFO [73/750] 8349c905-64ba-4108-ba5a-7ac301e72f10: Sackin index -0.1349; 0.5 s; peak memory 417 MiB.
2026-10-09T12:14:41Z INFO [74/750] 834b44be-5ea1-425f-a622-3a67e57158c9: Sackin index -0.0702; 0.6 s; peak memory 417 MiB.
2026-10-09T12:14:42Z INFO [75/750] 834c1f42-1be9-4407-bf95-e2bdfffb6446: Sackin index -0.0728; 1.1 s; peak memory 417 MiB.
2026-10-09T12:14:43Z INFO [76/750] 834c2461-bdad-4a12-a632-1a722c05b7a6: Sackin index -0.1349; 0.8 s; peak memory 417 MiB.
2026-10-09T12:14:44Z INFO [77/750] 834c439e-cce9-4a2a-be4e-5126291d7038: Sackin index -0.0715; 0.7 s; peak memory 417 MiB.
2026-10-09T12:14:54Z INFO [78/750] 834c4bb3-d409-4873-a49d-8c359fd4b3be: Sackin index -0.0149; 10.1 s; peak memory 417 MiB.
2026-10-09T12:14:55Z INFO [79/750] 834c6415-487c-477c-b36a-491c7388d404: Sackin index -0.0457; 1.1 s; peak memory 417 MiB.
2026-10-09T12:14:59Z INFO [80/750] 834c655b-514e-4ee5-aad6-c1a94ec76b6d: Sackin index -0.0476; 4.2 s; peak memory 417 MiB.
2026-10-09T12:15:00Z INFO [81/750] 834cb80f-a29b-4ed1-8340-311c82cb52ab: Sackin index -0.1349; 0.7 s; peak memory 417 MiB.
2026-10-09T12:15:00Z INFO [82/750] 834ccd53-a558-4654-8de1-272357d76c4d: Sackin index -0.2110; 0.5 s; peak memory 417 MiB.
2026-10-09T12:15:04Z INFO [83/750] 834d3c30-8c72-4770-8c0a-69871ffff21e: Sackin index -0.0187; 4.0 s; peak memory 417 MiB.
2026-10-09T12:15:05Z INFO [84/750] 834db870-70a2-4ce4-9e0d-6ba53d0e1de3: Sackin index -0.1349; 1.0 s; peak memory 417 MiB.
2026-10-09T12:15:06Z INFO [85/750] 834dc83a-3f50-4cd7-81a7-0aabaa0d9e74: Sackin index -0.1349; 0.7 s; peak memory 417 MiB.
2026-10-09T12:15:07Z INFO [86/750] 834e4cf8-77d2-4ab8-b2d3-ca39e153f4b3: Sackin index -0.0696; 0.6 s; peak memory 417 MiB.
2026-10-09T12:15:07Z INFO [87/750] 834edb3e-66a8-4f58-a686-259ba7293aef: Sackin index -0.0696; 0.7 s; peak memory 417 MiB.
2026-10-09T12:15:08Z INFO [88/750] 834f34aa-7e51-4284-94b3-82c94be0f849: Sackin index -0.0457; 0.8 s; peak memory 417 MiB.
2026-10-09T12:15:12Z INFO [89/750] 834f34bb-43be-4da1-867f-9ea74ebd6858: Sackin index -0.0183; 4.3 s; peak memory 417 MiB.
2026-10-09T12:15:14Z INFO [90/750] 834f595c-11b8-4006-b7d1-e717bdd7e573: Sackin index -0.1273; 1.1 s; peak memory 417 MiB.
2026-10-09T12:15:14Z INFO [91/750] 834f5cae-ed78-47a7-b550-131584e36ac2: Sackin index -0.1239; 0.6 s; peak memory 417 MiB.
2026-10-09T12:15:15Z INFO [92/750] 834fa17e-be05-4186-bd5a-0607789d0f03: Sackin index -0.1349; 0.6 s; peak memory 417 MiB.
2026-10-09T12:15:32Z INFO [93/750] 834fd6d3-f24e-4d19-8543-13e8680eceeb: Sackin index -0.1367; 17.5 s; peak memory 417 MiB.
2026-10-09T12:15:36Z INFO [94/750] 834ff9d8-4812-4a42-9713-edcfa97a87ad: Sackin index -0.0251; 3.4 s; peak memory 417 MiB.
2026-10-09T12:15:37Z INFO [95/750] 835004d7-8aae-41db-a242-b49e19e2ae70: Sackin index -0.0728; 1.0 s; peak memory 417 MiB.
2026-10-09T12:15:37Z INFO [96/750] 83501111-44a6-451a-acb2-4cffbd3d72c0: Sackin index -0.1356; 0.6 s; peak memory 417 MiB.
2026-10-09T12:15:38Z INFO [97/750] 8350cc2f-606f-4ea2-9264-f3a3619ae063: Sackin index -0.1495; 1.3 s; peak memory 417 MiB.
2026-10-09T12:15:39Z INFO [98/750] 8351379c-7a36-4f0b-97f2-2a0444657faf: Sackin index -0.1349; 0.8 s; peak memory 417 MiB.
2026-10-09T12:15:40Z INFO [99/750] 835142ea-0006-4aa6-936f-e4346144267e: Sackin index -0.0388; 1.0 s; peak memory 417 MiB.
2026-10-09T12:15:44Z INFO [100/750] 8351c5c5-c992-4f07-909b-78818204185e: Sackin index -0.0435; 4.0 s; peak memory 417 MiB.
2026-10-09T12:15:45Z INFO [100/750] 8351c5c5-c992-4f07-909b-78818204185e: checkpointed 110186 new records.
2026-10-09T12:15:46Z INFO [101/750] 83528505-44a2-4634-94fd-64b660acfa60: Sackin index -0.0579; 1.4 s; peak memory 417 MiB.
2026-10-09T12:15:47Z INFO [102/750] 83533081-3aad-4982-a12c-4f8267850e17: Sackin index -0.1349; 0.6 s; peak memory 417 MiB.
2026-10-09T12:15:48Z INFO [103/750] 835384c2-4fca-4764-818c-c09a26e78228: Sackin index -0.0728; 0.9 s; peak memory 417 MiB.
2026-10-09T12:15:48Z INFO [104/750] 8353be8a-d546-41c2-a6b6-f069d2e94f26: Sackin index -0.1349; 0.9 s; peak memory 417 MiB.
2026-10-09T12:15:49Z INFO [105/750] 83544a58-28f9-45d0-8038-ac332bc97651: Sackin index -0.0385; 0.7 s; peak memory 417 MiB.
2026-10-09T12:15:50Z INFO [106/750] 83547cd2-7677-4373-940b-1e98e223121f: Sackin index -0.2000; 0.5 s; peak memory 417 MiB.
2026-10-09T12:15:51Z INFO [107/750] 83547fca-be25-46d5-96d0-789b713bdff7: Sackin index -0.0973; 1.2 s; peak memory 417 MiB.
2026-10-09T12:15:52Z INFO [108/750] 83557311-fb68-4704-add2-d2707e5c6bb8: Sackin index -0.0881; 1.0 s; peak memory 417 MiB.
2026-10-09T12:15:52Z INFO [109/750] 8355d465-f296-4a60-8daf-1d601cf861f8: Sackin index -0.3646; 0.5 s; peak memory 417 MiB.
2026-10-09T12:15:53Z INFO [110/750] 8356ea67-7ec0-44f6-af2b-9489204d80a1: Sackin index -0.0709; 0.8 s; peak memory 417 MiB.
2026-10-09T12:15:54Z INFO [111/750] 8356f04c-be9a-4aa4-82b1-dbf45f04ba50: Sackin index -0.1448; 0.6 s; peak memory 417 MiB.
2026-10-09T12:15:54Z INFO [112/750] 8356fce7-ba1b-4e33-a034-fd91a382544d: Sackin index -0.1461; 0.5 s; peak memory 417 MiB.
2026-10-09T12:15:56Z INFO [113/750] 83578719-cc30-4233-a9eb-4d74a8089fa4: Sackin index -0.0824; 1.4 s; peak memory 417 MiB.
2026-10-09T12:15:56Z INFO [114/750] 83592396-53d8-41d6-bdb3-8d0363f46736: Sackin index -0.1349; 0.7 s; peak memory 417 MiB.
2026-10-09T12:15:57Z INFO [115/750] 83592f0f-454d-42ed-b8ea-5f27c8c5b54e: Sackin index -0.1349; 0.6 s; peak memory 417 MiB.
2026-10-09T12:15:58Z INFO [116/750] 83596f5c-6468-4b7a-a392-55b0f48566ac: Sackin index -0.0385; 0.6 s; peak memory 417 MiB.
2026-10-09T12:15:58Z INFO [117/750] 8359ceea-8547-482e-9319-84defa66b244: Sackin index -0.1248; 0.5 s; peak memory 417 MiB.
2026-10-09T12:15:59Z INFO [118/750] 835ae6f2-6419-4dcc-a4aa-8ceaf7aaa1a2: Sackin index -0.0728; 0.8 s; peak memory 417 MiB.
2026-10-09T12:15:59Z INFO [119/750] 835aefd2-e454-4ea4-b808-1d77d42aae72: Sackin index -0.1349; 0.5 s; peak memory 417 MiB.
2026-10-09T12:16:02Z INFO [120/750] 835b46a2-88ea-4262-a54b-f81e19f5887c: Sackin index -0.0403; 3.0 s; peak memory 417 MiB.
2026-10-09T12:16:03Z INFO [121/750] 835b4df0-fe40-4fcb-818c-ed332578369c: Sackin index -0.0709; 0.8 s; peak memory 417 MiB.
2026-10-09T12:16:05Z INFO [122/750] 835b8489-10b3-4942-9bb9-8705be3d8a09: Sackin index -0.0350; 1.6 s; peak memory 417 MiB.
2026-10-09T12:16:05Z INFO [123/750] 835be8b8-fb57-4cd5-837b-242f23ec4cbf: Sackin index -0.1349; 0.7 s; peak memory 417 MiB.
2026-10-09T12:16:12Z INFO [124/750] 835cc518-4df7-4b7c-ad41-2c8ca9415019: Sackin index -0.0209; 6.5 s; peak memory 417 MiB.
2026-10-09T12:16:13Z INFO [125/750] 835ce015-0da5-4066-8d0d-a358de738015: Sackin index -0.0272; 1.6 s; peak memory 417 MiB.
2026-10-09T12:17:53Z INFO [126/750] 835d08bf-a6c7-4f1e-b47b-0e2ee1d3def6: Sackin index -0.0450; 99.0 s; peak memory 417 MiB.
2026-10-09T12:17:53Z INFO [127/750] 835eb5a1-df08-4e35-a8f8-659ac4e23e7d: Sackin index -0.1273; 0.9 s; peak memory 417 MiB.
2026-10-09T12:17:54Z INFO [128/750] 835edc91-4470-4ed8-8d54-e20eac366051: Sackin index -0.0702; 0.8 s; peak memory 417 MiB.
2026-10-09T12:17:55Z INFO [129/750] 835f27cd-8c66-4624-b47e-0db39e9c61c1: Sackin index -0.0696; 0.8 s; peak memory 417 MiB.
2026-10-09T12:18:00Z INFO [130/750] 835f57bc-19f8-4bee-85c8-7a35bacf4884: Sackin index -0.0940; 4.9 s; peak memory 417 MiB.
2026-10-09T12:18:00Z INFO [131/750] 835fa061-7985-4015-b261-9b03c604de84: Sackin index -0.1448; 0.5 s; peak memory 417 MiB.
2026-10-09T12:18:01Z INFO [132/750] 835fec1f-0fb6-4daa-99b7-8a8a889d09ea: Sackin index -0.0728; 0.7 s; peak memory 417 MiB.
2026-10-09T12:18:12Z INFO [133/750] 83600564-91ad-425b-885c-75684c3dd68a: Sackin index -0.0175; 10.9 s; peak memory 417 MiB.
2026-10-09T12:18:13Z INFO [134/750] 83602b07-e52c-4f6e-a3e3-d4dc57252188: Sackin index -0.0728; 0.8 s; peak memory 417 MiB.
2026-10-09T12:18:13Z INFO [135/750] 836083f0-e03c-428e-81a2-136dfe2fd4a5: Sackin index -0.2000; 0.6 s; peak memory 417 MiB.
2026-10-09T12:18:14Z INFO [136/750] 83612f16-27d3-4655-8839-0a19a93eb76a: Sackin index -0.1349; 0.6 s; peak memory 417 MiB.
2026-10-09T12:18:14Z INFO [137/750] 836236c0-1cff-4c0a-a6c2-f14d1e84dcb4: Sackin index -0.1349; 0.5 s; peak memory 417 MiB.
2026-10-09T12:18:15Z INFO [138/750] 8362422f-cf80-4996-8ad6-18b78d8f4079: Sackin index -0.1658; 0.6 s; peak memory 417 MiB.
2026-10-09T12:18:16Z INFO [139/750] 83625d0c-b6de-408e-8bc0-40a0a823be1c: Sackin index -0.1349; 0.7 s; peak memory 417 MiB.
2026-10-09T12:18:16Z INFO [140/750] 8363a07f-42f5-44bd-92d0-a9f76976cb4f: Sackin index -0.3646; 0.4 s; peak memory 417 MiB.
2026-10-09T12:18:17Z INFO [141/750] 8363c578-162f-40a3-953f-7dcf051c0a33: Sackin index -0.0745; 0.8 s; peak memory 417 MiB.
2026-10-09T12:18:19Z INFO [142/750] 8364c378-7be5-4193-88a3-806e9e8f5149: Sackin index -0.0350; 1.6 s; peak memory 417 MiB.
2026-10-09T12:18:19Z INFO [143/750] 8364ff2a-ea5a-4306-b69f-da4ffb8360d8: Sackin index -0.1349; 0.7 s; peak memory 417 MiB.
2026-10-09T12:18:20Z INFO [144/750] 83655365-377a-4925-b31e-1aa591aacc02: Sackin index -0.0376; 0.8 s; peak memory 417 MiB.
2026-10-09T12:18:21Z INFO [145/750] 8365ab27-5388-4ba6-912b-1f283c8bec25: Sackin index -0.1356; 0.5 s; peak memory 417 MiB.
2026-10-09T12:18:21Z INFO [146/750] 8365ec21-8426-4335-b032-714ae723deeb: Sackin index -0.1349; 0.6 s; peak memory 417 MiB.
2026-10-09T12:18:22Z INFO [147/750] 8366999a-e7f6-48ca-af9e-67dc514ac11f: Sackin index -0.0371; 0.8 s; peak memory 417 MiB.
2026-10-09T12:18:24Z INFO [148/750] 83672e6b-3bc6-408c-8baf-c9da54612d7b: Sackin index -0.0388; 2.0 s; peak memory 417 MiB.
2026-10-09T12:18:25Z INFO [149/750] 8367ac55-dd02-4a64-8c2d-15d13aeb1ce7: Sackin index -0.1408; 0.6 s; peak memory 417 MiB.
2026-10-09T12:18:26Z INFO [150/750] 836810d7-2297-4d03-ae16-142b742ef817: Sackin index -0.0369; 1.2 s; peak memory 417 MiB.
2026-10-09T12:18:26Z INFO [150/750] 836810d7-2297-4d03-ae16-142b742ef817: checkpointed 110236 new records.
2026-10-09T12:18:27Z INFO [151/750] 8368429c-3f79-432f-bf9c-8f3ac1135409: Sackin index -0.1191; 0.8 s; peak memory 417 MiB.
2026-10-09T12:18:28Z INFO [152/750] 836a0c1c-d557-406a-bc54-b86d534fd090: Sackin index -0.0728; 0.9 s; peak memory 417 MiB.
2026-10-09T12:18:32Z INFO [153/750] 836b19ad-4e00-461d-a34c-7feede34960c: Sackin index -0.1375; 4.0 s; peak memory 417 MiB.
2026-10-09T12:18:33Z INFO [154/750] 836c0faa-6a6f-4b58-a2fd-67e6034e62d1: Sackin index -0.1201; 0.7 s; peak memory 417 MiB.
2026-10-09T12:18:34Z INFO [155/750] 836c1abf-3a28-4696-9d3a-20a9911aa178: Sackin index -0.0824; 1.3 s; peak memory 417 MiB.
2026-10-09T12:18:34Z INFO [156/750] 836c3af7-5245-4eb3-8eaf-27947529c2ca: Sackin index -0.0667; 0.6 s; peak memory 417 MiB.
2026-10-09T12:18:35Z INFO [157/750] 836c886c-a384-4a9f-a29d-fdd1ab98838f: Sackin index -0.1321; 0.5 s; peak memory 417 MiB.
2026-10-09T12:18:35Z INFO [158/750] 836d4932-29c7-41fb-a7ac-2da4bd5e802e: Sackin index -0.1349; 0.6 s; peak memory 417 MiB.
2026-10-09T12:18:36Z INFO [159/750] 836d92d5-51ab-4352-9901-5fd52ae9e0df: Sackin index -0.1658; 0.4 s; peak memory 417 MiB.
2026-10-09T12:18:37Z INFO [160/750] 836d9d96-11eb-4c2b-8250-b11d6c99d41f: Sackin index -0.0728; 0.7 s; peak memory 417 MiB.
2026-10-09T12:18:37Z INFO [161/750] 836de2ca-bf69-4d50-91c7-7ed5753fe502: Sackin index -0.1349; 0.7 s; peak memory 417 MiB.
2026-10-09T12:18:38Z INFO [162/750] 836e6603-3345-4994-9706-49c6369a0b02: Sackin index -0.1361; 0.5 s; peak memory 417 MiB.
2026-10-09T12:18:40Z INFO [163/750] 836ecf57-2ca2-4dbe-aa68-7ad34b90514b: Sackin index -0.0403; 2.7 s; peak memory 417 MiB.
2026-10-09T12:18:41Z INFO [164/750] 836ed3e8-65e7-40f1-be44-9e2a0fc67330: Sackin index -0.1938; 0.7 s; peak memory 417 MiB.
2026-10-09T12:18:45Z INFO [165/750] 836f22cd-07aa-41b5-b957-8f17ff8df868: Sackin index -0.0183; 3.6 s; peak memory 417 MiB.
2026-10-09T12:19:21Z INFO [166/750] 836f4027-ad64-43e0-87c6-c81bfc29877a: Sackin index -0.0012; 36.8 s; peak memory 417 MiB.
2026-10-09T12:19:22Z INFO [167/750] 83700f82-9989-4cc9-af62-696fcf005186: Sackin index -0.1331; 0.5 s; peak memory 417 MiB.
2026-10-09T12:19:24Z INFO [168/750] 8370a5e6-33b2-49ee-9d31-0ba690a040cd: Sackin index -0.0704; 1.7 s; peak memory 417 MiB.
2026-10-09T12:19:25Z INFO [169/750] 8370d58b-11d4-4d48-9798-d96936baf629: Sackin index -0.0369; 1.0 s; peak memory 417 MiB.
2026-10-09T12:19:25Z INFO [170/750] 8370e40a-c6a0-432a-aa42-237907a1b41d: Sackin index -0.1349; 0.6 s; peak memory 417 MiB.
2026-10-09T12:19:26Z INFO [171/750] 83719d2f-49fc-4038-83db-754c0bf8980e: Sackin index -0.1349; 0.7 s; peak memory 417 MiB.
2026-10-09T12:19:26Z INFO [172/750] 83723353-4afe-4206-b411-7e564c52d454: Sackin index -0.1133; 0.4 s; peak memory 417 MiB.
2026-10-09T12:19:27Z INFO [173/750] 837238e6-2ddc-48cd-86ba-bc1dc72be4bf: Sackin index -0.0696; 0.7 s; peak memory 417 MiB.
2026-10-09T12:19:28Z INFO [174/750] 8372f00f-8ada-42de-b30c-b875db4cd717: Sackin index -0.1349; 0.7 s; peak memory 417 MiB.
2026-10-09T12:19:29Z INFO [175/750] 83738c3b-6aa8-40bf-88dd-d6bd99888f35: Sackin index -0.1273; 1.0 s; peak memory 417 MiB.
2026-10-09T12:19:29Z INFO [176/750] 8374fa48-be07-404d-a1ed-dee32ba6b801: Sackin index -0.1191; 0.4 s; peak memory 417 MiB.
2026-10-09T12:19:30Z INFO [177/750] 837549ef-37cb-4ca1-b0b5-f48aadc5d02c: Sackin index -0.1303; 0.4 s; peak memory 417 MiB.
2026-10-09T12:19:32Z INFO [178/750] 837659c0-e2f8-41a9-b670-664cce513ea4: Sackin index -0.0933; 2.2 s; peak memory 417 MiB.
2026-10-09T12:19:32Z INFO [179/750] 8376e8fa-ad58-4cb3-9ba7-f65adcb971e8: Sackin index -0.1482; 0.7 s; peak memory 417 MiB.
2026-10-09T12:19:34Z INFO [180/750] 8377734f-601b-4721-8ef2-bd780785bc7a: Sackin index -0.0842; 1.5 s; peak memory 417 MiB.
2026-10-09T12:19:37Z INFO [181/750] 83782cd8-fd29-48c4-a482-63944c421f56: Sackin index -0.0435; 3.2 s; peak memory 417 MiB.
2026-10-09T12:19:38Z INFO [182/750] 8378757b-0229-4c9d-b2a7-aa4b57c072c3: Sackin index -0.2411; 0.5 s; peak memory 417 MiB.
2026-10-09T12:19:38Z INFO [183/750] 8378abec-dc1c-4da2-9862-94e62964b3ea: Sackin index -0.0702; 0.6 s; peak memory 417 MiB.
2026-10-09T12:19:39Z INFO [184/750] 8378ffb6-9e96-4924-b480-bf91a89f28d1: Sackin index -0.0745; 0.6 s; peak memory 417 MiB.
2026-10-09T12:19:40Z INFO [185/750] 8379ebbd-05a3-49a3-97e3-5801a8ee487e: Sackin index -0.1356; 1.0 s; peak memory 417 MiB.
2026-10-09T12:19:41Z INFO [186/750] 837a3572-32e3-4afc-8e69-e7bd1c22aabe: Sackin index -0.1527; 0.8 s; peak memory 417 MiB.
2026-10-09T12:20:43Z INFO [187/750] 837b5fec-4643-478b-9924-a60b8d1dcbbf: Sackin index -0.0006; 62.6 s; peak memory 795 MiB.
2026-10-09T12:20:44Z INFO [188/750] 837c38ce-0fb6-4ed9-b333-ebd4353e90c6: Sackin index -0.1408; 0.8 s; peak memory 795 MiB.
2026-10-09T12:20:45Z INFO [189/750] 837ce2c7-a976-41eb-b9df-00ec987d1ff9: Sackin index -0.1658; 0.6 s; peak memory 795 MiB.
2026-10-09T12:20:46Z INFO [190/750] 837e3688-250c-4335-9a1f-477c6cb8b168: Sackin index -0.0783; 1.2 s; peak memory 795 MiB.
2026-10-09T12:20:47Z INFO [191/750] 837e760e-1f6f-4fc1-9a89-e20187ee25c7: Sackin index -0.1349; 0.9 s; peak memory 795 MiB.
2026-10-09T12:20:47Z INFO [192/750] 8380856a-32a6-4d3a-9b30-690e278add44: Sackin index -0.1683; 0.7 s; peak memory 795 MiB.
2026-10-09T12:20:48Z INFO [193/750] 83817473-f871-4fe3-987e-1773df69882b: Sackin index -0.1728; 0.6 s; peak memory 795 MiB.
2026-10-09T12:20:49Z INFO [194/750] 83817a22-47aa-41d6-9a11-e8062580689f: Sackin index -0.1293; 1.0 s; peak memory 795 MiB.
2026-10-09T12:20:50Z INFO [195/750] 83817c9c-92f8-45e5-ab9d-44c3deb3c79d: Sackin index -0.1761; 1.4 s; peak memory 795 MiB.
2026-10-09T12:20:51Z INFO [196/750] 8381df25-c159-49cd-bc9c-1863c17f3a62: Sackin index -0.0380; 0.7 s; peak memory 795 MiB.
2026-10-09T12:20:52Z INFO [197/750] 8382efb2-4c6a-43bb-8ecc-9775b669bd38: Sackin index -0.0702; 0.7 s; peak memory 795 MiB.
2026-10-09T12:20:54Z INFO [198/750] 838320e8-63e0-44ce-990a-1015b7b15ada: Sackin index -0.0263; 2.1 s; peak memory 795 MiB.
2026-10-09T12:20:55Z INFO [199/750] 83844485-61b8-45c8-8725-4dbe38c60f4b: Sackin index -0.0702; 0.7 s; peak memory 795 MiB.
2026-10-09T12:20:56Z INFO [200/750] 838491a5-72e6-4eee-986f-43de564823d5: Sackin index -0.0752; 1.1 s; peak memory 795 MiB.
2026-10-09T12:20:56Z INFO [200/750] 838491a5-72e6-4eee-986f-43de564823d5: checkpointed 110286 new records.
2026-10-09T12:20:58Z INFO [201/750] 83867bb7-3c7c-445f-a7f2-66de975da06c: Sackin index -0.0660; 2.1 s; peak memory 795 MiB.
2026-10-09T12:20:59Z INFO [202/750] 838712be-02d1-426b-9846-58b530ac380d: Sackin index -0.0728; 0.7 s; peak memory 795 MiB.
2026-10-09T12:21:00Z INFO [203/750] 83872787-7d76-4272-b941-662f7df7364e: Sackin index -0.1349; 0.7 s; peak memory 795 MiB.
2026-10-09T12:21:00Z INFO [204/750] 838764f6-5f4d-437a-aabd-812d02740bab: Sackin index -0.1349; 0.6 s; peak memory 795 MiB.
2026-10-09T12:21:01Z INFO [205/750] 8387a0d7-eada-47ea-b033-570e0239dc42: Sackin index -0.1248; 0.9 s; peak memory 795 MiB.
2026-10-09T12:21:02Z INFO [206/750] 838ac59a-2ff9-4c4e-b7aa-a3c98716d75b: Sackin index -0.0728; 0.7 s; peak memory 795 MiB.
2026-10-09T12:21:02Z INFO [207/750] 838b2ad0-7b5c-4540-96c2-c8780a43b397: Sackin index -0.1349; 0.6 s; peak memory 795 MiB.
2026-10-09T12:21:05Z INFO [208/750] 838bb06c-c3ff-43a9-a635-f47385f2a5d9: Sackin index -0.0403; 2.8 s; peak memory 795 MiB.
2026-10-09T12:21:06Z INFO [209/750] 838bcf4e-2cc7-46b3-a995-4e290e56c530: Sackin index -0.0748; 0.6 s; peak memory 795 MiB.
2026-10-09T12:21:06Z INFO [210/750] 838c9aa8-2316-4b03-abf8-994c5886b2d3: Sackin index -0.1161; 0.5 s; peak memory 795 MiB.
2026-10-09T12:21:07Z INFO [211/750] 838cfcd0-9f1f-43ed-9c24-18b3b4f876d8: Sackin index -0.1349; 0.7 s; peak memory 795 MiB.
2026-10-09T12:21:08Z INFO [212/750] 838df486-51d5-4c43-ad5c-c5386334358f: Sackin index -0.0702; 0.9 s; peak memory 795 MiB.
2026-10-09T12:21:09Z INFO [213/750] 838e1219-5c85-4ee2-a1f2-119b6297ff21: Sackin index -0.0379; 1.0 s; peak memory 795 MiB.
2026-10-09T12:21:09Z INFO [214/750] 838eb074-0973-4686-b91e-ad76920c6e22: Sackin index -0.2000; 0.4 s; peak memory 795 MiB.
2026-10-09T12:21:10Z INFO [215/750] 838edf42-e73a-4848-8c67-ef5d7d04e03d: Sackin index -0.0811; 0.6 s; peak memory 795 MiB.
2026-10-09T12:21:10Z INFO [216/750] 838ff0ce-3ed1-4f61-ac2a-5b33a38aa545: Sackin index -0.0696; 0.7 s; peak memory 795 MiB.
2026-10-09T12:21:11Z INFO [217/750] 83933ce0-299c-450a-93a3-a33a5f5fe2c7: Sackin index -0.1349; 0.6 s; peak memory 795 MiB.
2026-10-09T12:21:12Z INFO [218/750] 8393e5e3-a3f9-490c-84de-c9e08b6e245f: Sackin index -0.0883; 0.6 s; peak memory 795 MiB.
2026-10-09T12:21:12Z INFO [219/750] 8393f913-123c-401f-ad54-70a23dcda9ee: Sackin index -0.1349; 0.7 s; peak memory 795 MiB.
2026-10-09T12:21:13Z INFO [220/750] 8394a71a-74f0-4ff4-b3b8-3d8916816f82: Sackin index -0.0376; 1.1 s; peak memory 795 MiB.
2026-10-09T12:21:20Z INFO [221/750] 8395d4c1-2e55-4c2c-904b-1dbc1aaf0c23: Sackin index -0.0017; 6.7 s; peak memory 795 MiB.
2026-10-09T12:21:21Z INFO [222/750] 8395e286-99ae-412a-8c5f-b1a0abd5914d: Sackin index -0.0702; 0.7 s; peak memory 795 MiB.
2026-10-09T12:21:21Z INFO [223/750] 8396403b-1177-4a32-9a25-2f9f8fcc34b3: Sackin index -0.1349; 0.7 s; peak memory 795 MiB.
2026-10-09T12:21:22Z INFO [224/750] 839664b8-5c7d-4aaf-a0df-efbdb69638a7: Sackin index -0.0707; 0.7 s; peak memory 795 MiB.
2026-10-09T12:21:23Z INFO [225/750] 8396f272-c4ce-4a96-a685-6364b9d3d11d: Sackin index -0.2000; 0.5 s; peak memory 795 MiB.
2026-10-09T12:21:23Z INFO [226/750] 839735dc-0d16-4320-abfd-ea743eab66f7: Sackin index -0.1602; 0.6 s; peak memory 795 MiB.
2026-10-09T12:21:24Z INFO [227/750] 83978d44-b6c2-4500-ba20-12f2fa0784e1: Sackin index -0.0699; 1.2 s; peak memory 795 MiB.
2026-10-09T12:21:25Z INFO [228/750] 839828cb-2ab6-4efd-9c11-360ca899284c: Sackin index -0.0956; 0.7 s; peak memory 795 MiB.
2026-10-09T12:21:26Z INFO [229/750] 83985a40-87dc-49f4-8de9-924027711d41: Sackin index -0.0702; 0.8 s; peak memory 795 MiB.
2026-10-09T12:21:26Z INFO [230/750] 839a1c75-6722-412b-8b7d-20cfb763d18b: Sackin index -0.1658; 0.3 s; peak memory 795 MiB.
2026-10-09T12:21:27Z INFO [231/750] 839ae51e-4029-40a2-b67c-ab87a0f56a50: Sackin index -0.1349; 0.5 s; peak memory 795 MiB.
2026-10-09T12:21:27Z INFO [232/750] 839b39f7-677c-432d-80a6-8e0064b0e2c8: Sackin index -0.0728; 0.6 s; peak memory 795 MiB.
2026-10-09T12:21:28Z INFO [233/750] 839c3f95-99b9-42dc-9177-dc76a477acd0: Sackin index -0.1272; 1.1 s; peak memory 795 MiB.
2026-10-09T12:21:29Z INFO [234/750] 839c9d6c-ede7-4a66-b80d-8062875be43d: Sackin index -0.1349; 0.8 s; peak memory 795 MiB.
2026-10-09T12:21:30Z INFO [235/750] 839cc87b-c0ec-418c-982f-8ef439714393: Sackin index -0.1731; 0.5 s; peak memory 795 MiB.
2026-10-09T12:21:30Z INFO [236/750] 839cd7f1-8ebf-47d7-a6b3-86873d9779c1: Sackin index -0.1178; 0.5 s; peak memory 795 MiB.
2026-10-09T12:21:32Z INFO [237/750] 839d075a-63e3-454d-9178-ddb877d80c87: Sackin index -0.0694; 2.1 s; peak memory 795 MiB.
2026-10-09T12:21:33Z INFO [238/750] 839d5e0d-93e8-497d-be02-30181aa7ce8d: Sackin index -0.1658; 0.4 s; peak memory 795 MiB.
2026-10-09T12:21:34Z INFO [239/750] 839d86fc-7cdd-47d7-9e8f-e00ae2511c4e: Sackin index -0.1938; 1.2 s; peak memory 795 MiB.
2026-10-09T12:21:35Z INFO [240/750] 839e3f5e-638e-4e6b-9f4f-1aa7279e7b46: Sackin index -0.0728; 1.0 s; peak memory 795 MiB.
2026-10-09T12:21:35Z INFO [241/750] 839f5cd5-e552-43a7-a0d4-7655d5bbe299: Sackin index -0.1356; 0.4 s; peak memory 795 MiB.
2026-10-09T12:21:36Z INFO [242/750] 839fa95a-2a0e-46e4-9474-17c522251fa1: Sackin index -0.1248; 0.7 s; peak memory 795 MiB.
2026-10-09T12:21:41Z INFO [243/750] 839fecb1-ff86-4b29-be87-e01130347dda: Sackin index -0.0224; 4.6 s; peak memory 795 MiB.
2026-10-09T12:21:45Z INFO [244/750] 83a16bcf-7ea0-4d30-8979-39e7249db512: Sackin index -0.0166; 4.6 s; peak memory 795 MiB.
2026-10-09T12:21:46Z INFO [245/750] 83a20acd-ef6b-487d-bfaf-8f3cdae8fd6f: Sackin index -0.0275; 1.0 s; peak memory 795 MiB.
2026-10-09T12:21:47Z INFO [246/750] 83a378f2-16a5-4cfe-b0c2-7d2c22e61c20: Sackin index -0.1600; 0.4 s; peak memory 795 MiB.
2026-10-09T12:21:48Z INFO [247/750] 83a3898f-0911-43b7-9b33-6bb0f284dfec: Sackin index -0.1224; 1.5 s; peak memory 795 MiB.
2026-10-09T12:21:49Z INFO [248/750] 83a3e1f2-2be6-4060-907a-98bf1db2ef0d: Sackin index -0.0676; 1.1 s; peak memory 795 MiB.
2026-10-09T12:21:50Z INFO [249/750] 83a3f569-d377-4e7d-8ff0-39461e42b285: Sackin index -0.1345; 0.9 s; peak memory 795 MiB.
2026-10-09T12:21:51Z INFO [250/750] 83a40b0d-c1a7-4966-9f78-578fe25cc31f: Sackin index -0.1380; 0.6 s; peak memory 795 MiB.
2026-10-09T12:21:51Z INFO [250/750] 83a40b0d-c1a7-4966-9f78-578fe25cc31f: checkpointed 110336 new records.
2026-10-09T12:21:52Z INFO [251/750] 83a41b55-0716-4144-96ee-587c3e3d5ef7: Sackin index -0.1349; 0.6 s; peak memory 795 MiB.
2026-10-09T12:21:52Z INFO [252/750] 83a4b3c4-84a5-4bff-bd39-46160bcf2e2e: Sackin index -0.0816; 0.5 s; peak memory 795 MiB.
2026-10-09T12:21:54Z INFO [253/750] 83a6177b-7038-427f-b149-772181def134: Sackin index -0.0704; 1.5 s; peak memory 795 MiB.
2026-10-09T12:21:55Z INFO [254/750] 83a621b4-e4f1-41d6-8234-1f3c837a6b4c: Sackin index -0.1248; 0.8 s; peak memory 795 MiB.
2026-10-09T12:22:02Z INFO [255/750] 83a64210-d477-4ac1-8bdd-25c9c3f50650: Sackin index -0.0125; 7.7 s; peak memory 795 MiB.
2026-10-09T12:22:03Z INFO [256/750] 83a6aff1-45ca-4f0d-b95e-d06cea6c499e: Sackin index -0.1272; 0.4 s; peak memory 795 MiB.
2026-10-09T12:22:03Z INFO [257/750] 83a7692d-5675-4242-a5c8-cd594e08a4f1: Sackin index -0.1349; 0.7 s; peak memory 795 MiB.
2026-10-09T12:22:04Z INFO [258/750] 83a8d91f-d23a-41c1-a85c-eb6ae3f4dcac: Sackin index -0.0752; 0.7 s; peak memory 795 MiB.
2026-10-09T12:22:07Z INFO [259/750] 83a8e944-c8af-40d1-9ec7-98771d08beed: Sackin index -0.0268; 2.7 s; peak memory 795 MiB.
2026-10-09T12:22:12Z INFO [260/750] 83ab0581-da48-4992-bb27-f377996e8092: Sackin index -0.0017; 5.0 s; peak memory 795 MiB.
2026-10-09T12:22:12Z INFO [261/750] 83ac6454-6761-4153-94fd-703ea5a13082: Sackin index -0.0696; 0.7 s; peak memory 795 MiB.
2026-10-09T12:22:21Z INFO [262/750] 83aca050-598b-431d-b646-9ada5ae37c0a: Sackin index -0.0186; 8.5 s; peak memory 795 MiB.
2026-10-09T12:22:22Z INFO [263/750] 83ad133c-74b4-40b1-a15c-7ef84a33ad70: Sackin index -0.0369; 0.7 s; peak memory 795 MiB.
2026-10-09T12:22:23Z INFO [264/750] 83ad3b34-4bee-404c-bbde-b613d1ed1857: Sackin index -0.1349; 0.9 s; peak memory 795 MiB.
2026-10-09T12:22:24Z INFO [265/750] 83ad5bae-3438-4311-8cc3-4a6414f820b8: Sackin index -0.0681; 1.0 s; peak memory 795 MiB.
2026-10-09T12:22:24Z INFO [266/750] 83ada8e9-a50f-473d-aab3-f43889ecdded: Sackin index -0.0702; 0.6 s; peak memory 795 MiB.
2026-10-09T12:22:25Z INFO [267/750] 83addca6-ea69-42cf-811e-7185f96fa21e: Sackin index -0.0380; 0.6 s; peak memory 795 MiB.
2026-10-09T12:22:26Z INFO [268/750] 83ae5f3b-a1fc-4b51-8c06-1a0f732c8b1a: Sackin index -0.0384; 1.0 s; peak memory 795 MiB.
2026-10-09T12:22:29Z INFO [269/750] 83aebcb2-0747-4363-8d61-69f2d5a0c2ef: Sackin index -0.0251; 3.2 s; peak memory 795 MiB.
2026-10-09T12:22:35Z INFO [270/750] 83af579e-df87-403e-b97a-4a6d221a4711: Sackin index -0.0783; 6.3 s; peak memory 795 MiB.
2026-10-09T12:22:36Z INFO [271/750] 83afcab1-50fe-4424-bea5-c9a15403ab4c: Sackin index -0.1658; 0.4 s; peak memory 795 MiB.
2026-10-09T12:22:36Z INFO [272/750] 83b01e02-5e14-4d0d-89ad-1060b2aca046: Sackin index -0.1191; 0.6 s; peak memory 795 MiB.
2026-10-09T12:22:38Z INFO [273/750] 83b0284e-7a63-4ae7-96f4-97496908b5d1: Sackin index -0.0376; 1.1 s; peak memory 795 MiB.
2026-10-09T12:22:44Z INFO [274/750] 83b02d7e-3863-4dc1-a59a-d7d7e43591d7: Sackin index -0.0354; 6.8 s; peak memory 795 MiB.
2026-10-09T12:22:45Z INFO [275/750] 83b16bfd-0ae3-4f88-a813-0513a0647086: Sackin index -0.0696; 0.8 s; peak memory 795 MiB.
2026-10-09T12:22:47Z INFO [276/750] 83b16d08-69b7-4534-80a2-ad12e65db589: Sackin index -0.0280; 2.4 s; peak memory 795 MiB.
2026-10-09T12:22:51Z INFO [277/750] 83b211c8-9a3e-40b3-b37c-44d1e630d00b: Sackin index -0.0455; 3.5 s; peak memory 795 MiB.
2026-10-09T12:22:53Z INFO [278/750] 83b2a070-e561-4682-abb8-8462f067e5ff: Sackin index -0.0842; 1.7 s; peak memory 795 MiB.
2026-10-09T12:22:53Z INFO [279/750] 83b2a557-baba-44cb-8d98-7e254c510c02: Sackin index -0.1178; 0.5 s; peak memory 795 MiB.
2026-10-09T12:22:54Z INFO [280/750] 83b33c80-924d-45ee-8774-4fa85549e91a: Sackin index -0.1349; 0.6 s; peak memory 795 MiB.
2026-10-09T12:22:58Z INFO [281/750] 83b3a736-5bb1-44df-ab34-3d6afb13366c: Sackin index -0.0265; 4.2 s; peak memory 795 MiB.
2026-10-09T12:22:59Z INFO [282/750] 83b3c95a-814c-44c1-bfa7-e0b940e1259a: Sackin index -0.1319; 0.6 s; peak memory 795 MiB.
2026-10-09T12:23:00Z INFO [283/750] 83b41957-2af9-4713-be0a-54984b18b545: Sackin index -0.0728; 1.0 s; peak memory 795 MiB.
2026-10-09T12:23:00Z INFO [284/750] 83b48263-b200-40a9-87c2-1c9ce0651ec1: Sackin index -0.0728; 0.8 s; peak memory 795 MiB.
2026-10-09T12:23:02Z INFO [285/750] 83b4de6b-c518-4bc3-a662-80f7932a29a3: Sackin index -0.1938; 1.7 s; peak memory 795 MiB.
2026-10-09T12:23:09Z INFO [286/750] 83b574d7-848e-410b-ae1e-eebdf3759991: Sackin index -0.0017; 7.0 s; peak memory 795 MiB.
2026-10-09T12:23:10Z INFO [287/750] 83b5be45-a41f-49f7-8a1d-7a4b58805aa8: Sackin index -0.1082; 0.8 s; peak memory 795 MiB.
2026-10-09T12:23:10Z INFO [288/750] 83b5f60c-6aa6-40ed-a0f3-edde913d51c7: Sackin index -0.1349; 0.6 s; peak memory 795 MiB.
2026-10-09T12:31:34Z INFO [289/750] 83b64d1d-8766-4041-9011-352cf4c5ab12: Sackin index -0.0213; 504.1 s; peak memory 971 MiB.
2026-10-09T12:31:36Z INFO [290/750] 83b6feda-53c0-49be-a401-be6bfe9a9633: Sackin index -0.0686; 1.8 s; peak memory 971 MiB.
2026-10-09T12:31:37Z INFO [291/750] 83b7e3d4-1f62-4525-bbcc-90848e5c4984: Sackin index -0.1349; 0.6 s; peak memory 971 MiB.
2026-10-09T12:31:38Z INFO [292/750] 83b8069d-8e0e-4004-9cff-d2e06ffe3566: Sackin index -0.0728; 1.0 s; peak memory 971 MiB.
2026-10-09T12:31:39Z INFO [293/750] 83b8292c-0f6b-448d-ad4c-8f9c3bed96bc: Sackin index -0.1257; 0.8 s; peak memory 971 MiB.
2026-10-09T12:31:39Z INFO [294/750] 83b97bd6-1948-4172-80ef-caa1f4d220a5: Sackin index -0.2411; 0.4 s; peak memory 971 MiB.
2026-10-09T12:31:40Z INFO [295/750] 83b9a363-25dd-4e0c-aeed-ea707a998d88: Sackin index -0.0728; 1.0 s; peak memory 971 MiB.
2026-10-09T12:31:41Z INFO [296/750] 83baf10f-1e89-438a-ab4e-1963903e730d: Sackin index -0.0702; 0.6 s; peak memory 971 MiB.
2026-10-09T12:31:41Z INFO [297/750] 83bde262-6c5c-436c-8792-da0a7a8fc41e: Sackin index -0.1716; 0.6 s; peak memory 971 MiB.
2026-10-09T12:31:43Z INFO [298/750] 83bed013-b91e-4368-9307-274387fdf127: Sackin index -0.0246; 2.1 s; peak memory 971 MiB.
2026-10-09T12:31:54Z INFO [299/750] 83bf80fc-7d3e-4b2f-8b3c-2422aab2dc4b: Sackin index -0.0084; 10.9 s; peak memory 971 MiB.
2026-10-09T12:31:56Z INFO [300/750] 83bfc28f-9e9e-4fcd-8a96-5bde51389a58: Sackin index -0.0660; 1.9 s; peak memory 971 MiB.
2026-10-09T12:31:56Z INFO [300/750] 83bfc28f-9e9e-4fcd-8a96-5bde51389a58: checkpointed 110386 new records.
2026-10-09T12:31:57Z INFO [301/750] 83bfc764-c4d7-4d8a-8e5e-0d61421f91e1: Sackin index -0.1658; 0.5 s; peak memory 971 MiB.
2026-10-09T12:31:59Z INFO [302/750] 83bfecda-d898-4413-944c-485b4a626f03: Sackin index -0.1266; 1.9 s; peak memory 971 MiB.
2026-10-09T12:32:00Z INFO [303/750] 83c139d9-c677-49e9-870b-1b5dd3d8c159: Sackin index -0.0173; 1.0 s; peak memory 971 MiB.
2026-10-09T12:32:03Z INFO [304/750] 83c1ade1-1f75-438d-9fdf-7141126e6ea8: Sackin index -0.0611; 3.3 s; peak memory 971 MiB.
2026-10-09T12:32:04Z INFO [305/750] 83c27af5-e10f-42fd-8e0d-4e97fb7805ea: Sackin index -0.0379; 0.8 s; peak memory 971 MiB.
2026-10-09T12:32:07Z INFO [306/750] 83c2ce4f-d223-4700-90d4-6fdf3eedc5e3: Sackin index -0.0403; 3.6 s; peak memory 971 MiB.
2026-10-09T12:32:09Z INFO [307/750] 83c3259b-f9cb-46ed-817a-2f09537d0b8f: Sackin index -0.1370; 1.2 s; peak memory 971 MiB.
2026-10-09T12:32:10Z INFO [308/750] 83c3da9c-bff9-41b5-bad6-417235c1f924: Sackin index -0.0728; 0.9 s; peak memory 971 MiB.
2026-10-09T12:32:10Z INFO [309/750] 83c3ebbd-ec02-4425-9123-2a18cc34a74f: Sackin index -0.1938; 0.6 s; peak memory 971 MiB.
2026-10-09T12:32:11Z INFO [310/750] 83c3ec23-c568-40e5-a177-72b654093252: Sackin index -0.0275; 1.0 s; peak memory 971 MiB.
2026-10-09T12:32:12Z INFO [311/750] 83c4cd22-ab03-48e3-8a92-127c920b3f07: Sackin index -0.0434; 0.8 s; peak memory 971 MiB.
2026-10-09T12:32:13Z INFO [312/750] 83c5351f-1a20-4fe0-bce8-e92789106750: Sackin index -0.0369; 1.2 s; peak memory 971 MiB.
2026-10-09T12:32:14Z INFO [313/750] 83c570b9-e4da-45e7-bb4d-2ef3bf54d1af: Sackin index -0.1349; 0.8 s; peak memory 971 MiB.
2026-10-09T12:32:15Z INFO [314/750] 83c58a65-43c5-45cd-b74a-7ca0ee783614: Sackin index -0.0379; 1.1 s; peak memory 971 MiB.
2026-10-09T12:32:16Z INFO [315/750] 83c61407-f9cc-443d-b236-220d6f168df4: Sackin index -0.0702; 0.7 s; peak memory 971 MiB.
2026-10-09T12:32:16Z INFO [316/750] 83c64128-9f3e-410d-aab4-c2288b2ef27e: Sackin index -0.1239; 0.6 s; peak memory 971 MiB.
2026-10-09T12:32:18Z INFO [317/750] 83c64aaf-3555-428d-ac06-41764e0a3c92: Sackin index -0.0660; 1.7 s; peak memory 971 MiB.
2026-10-09T12:32:18Z INFO [318/750] 83c6b944-fac8-4d00-9ace-dfbafa354bb3: Sackin index -0.1658; 0.4 s; peak memory 971 MiB.
2026-10-09T12:32:20Z INFO [319/750] 83c6f5e4-c927-4c4b-a333-a6779cb4db8a: Sackin index -0.0376; 1.1 s; peak memory 971 MiB.
2026-10-09T12:32:26Z INFO [320/750] 83c71490-c580-447f-97b7-6af5a5960024: Sackin index -0.0163; 6.8 s; peak memory 971 MiB.
2026-10-09T12:32:27Z INFO [321/750] 83c736a1-5b15-4ba2-9b47-c4947fec51cb: Sackin index -0.0728; 1.0 s; peak memory 971 MiB.
2026-10-09T12:32:28Z INFO [322/750] 83c74674-a31e-412c-9e5e-a18915b91447: Sackin index -0.0702; 0.7 s; peak memory 971 MiB.
2026-10-09T12:32:29Z INFO [323/750] 83c752ce-7ea0-4d22-84dc-b96aeed9e752: Sackin index -0.1349; 0.6 s; peak memory 971 MiB.
2026-10-09T12:32:30Z INFO [324/750] 83c78dea-5557-4c7d-9b88-45e179c7e86e: Sackin index -0.0374; 0.9 s; peak memory 971 MiB.
2026-10-09T12:32:30Z INFO [325/750] 83c7d9d2-8e4c-4dcf-adea-a968eda0389b: Sackin index -0.0457; 0.8 s; peak memory 971 MiB.
2026-10-09T12:34:54Z INFO [326/750] 83c87a5d-b764-47a9-9ff1-819b205ee036: Sackin index -0.0144; 144.1 s; peak memory 971 MiB.
2026-10-09T12:34:57Z INFO [327/750] 83c8afec-efb8-467d-8434-ab3010ba2d0d: Sackin index -0.0517; 3.0 s; peak memory 971 MiB.
2026-10-09T12:34:58Z INFO [328/750] 83c8bcca-8f18-444b-8220-81765610d154: Sackin index -0.1365; 0.6 s; peak memory 971 MiB.
2026-10-09T12:35:00Z INFO [329/750] 83ca437d-5347-4606-a0b3-d1923cacfcb1: Sackin index -0.0693; 1.5 s; peak memory 971 MiB.
2026-10-09T12:35:00Z INFO [330/750] 83cbfb55-6e97-481c-8742-2fba662de0d1: Sackin index -0.1658; 0.5 s; peak memory 971 MiB.
2026-10-09T12:35:01Z INFO [331/750] 83cc1d4b-76a2-4e82-808d-bb93e5ac02f0: Sackin index -0.1349; 0.7 s; peak memory 971 MiB.
2026-10-09T12:35:02Z INFO [332/750] 83ccc077-fad2-4ca6-9711-5ae739b19205: Sackin index -0.0702; 0.7 s; peak memory 971 MiB.
2026-10-09T12:35:02Z INFO [333/750] 83cd0bcd-1a6a-4226-8335-5b0e155c7a13: Sackin index -0.1349; 0.6 s; peak memory 971 MiB.
2026-10-09T12:35:03Z INFO [334/750] 83cd1301-98e6-4db7-b226-e87ee7d4b383: Sackin index -0.0728; 0.9 s; peak memory 971 MiB.
2026-10-09T12:35:04Z INFO [335/750] 83cd3093-96e0-489d-8b7b-493c093ce34d: Sackin index -0.0745; 1.0 s; peak memory 971 MiB.
2026-10-09T12:35:05Z INFO [336/750] 83cd4817-f1bf-40ca-a18e-9a3561a6ae98: Sackin index -0.1201; 0.7 s; peak memory 971 MiB.
2026-10-09T12:35:06Z INFO [337/750] 83cd6fbc-c533-4229-abaf-78d159dd7e7f: Sackin index -0.1142; 1.7 s; peak memory 971 MiB.
2026-10-09T12:35:07Z INFO [338/750] 83cef2a8-1f80-44cd-a24c-e1f182ab228f: Sackin index -0.0702; 0.8 s; peak memory 971 MiB.
2026-10-09T12:35:08Z INFO [339/750] 83cf1e35-fccd-4d39-856e-ca220358a1f1: Sackin index -0.1248; 0.7 s; peak memory 971 MiB.
2026-10-09T12:35:08Z INFO [340/750] 83cfb266-2a06-4290-883c-83b4a4e4bd00: Sackin index -0.1239; 0.5 s; peak memory 971 MiB.
2026-10-09T12:35:09Z INFO [341/750] 83d0378e-5e46-4d6c-9971-bb4d4564b6f3: Sackin index -0.0745; 0.7 s; peak memory 971 MiB.
2026-10-09T12:35:10Z INFO [342/750] 83d06b3b-d70f-44a1-9180-74007c5c2acd: Sackin index -0.1349; 0.7 s; peak memory 971 MiB.
2026-10-09T12:35:11Z INFO [343/750] 83d1438c-8d40-4550-8513-0b6af1957743: Sackin index -0.1291; 1.0 s; peak memory 971 MiB.
2026-10-09T12:35:12Z INFO [344/750] 83d18684-f6be-4764-be3b-31cc795596e5: Sackin index -0.0728; 0.9 s; peak memory 971 MiB.
2026-10-09T12:35:12Z INFO [345/750] 83d23696-63a1-4b76-a17e-c284069bd297: Sackin index -0.1349; 0.6 s; peak memory 971 MiB.
2026-10-09T12:35:13Z INFO [346/750] 83d2d167-d02e-4c56-ba97-84d9e129e105: Sackin index -0.0728; 0.8 s; peak memory 971 MiB.
2026-10-09T12:35:14Z INFO [347/750] 83d43fbe-5bb1-4aee-bcd0-dbf9e75d58f6: Sackin index -0.0369; 0.9 s; peak memory 971 MiB.
2026-10-09T12:35:15Z INFO [348/750] 83d48307-8f17-43ab-8930-7380c78f9568: Sackin index -0.1349; 0.6 s; peak memory 971 MiB.
2026-10-09T12:35:17Z INFO [349/750] 83d58c07-2efa-4f95-9def-1f477e3d0a62: Sackin index -0.0660; 2.0 s; peak memory 971 MiB.
2026-10-09T12:35:18Z INFO [350/750] 83d5a154-1e9c-4b3c-8c3d-5eb42d48d7a9: Sackin index -0.0569; 1.0 s; peak memory 971 MiB.
2026-10-09T12:35:18Z INFO [350/750] 83d5a154-1e9c-4b3c-8c3d-5eb42d48d7a9: checkpointed 110436 new records.
2026-10-09T12:35:19Z INFO [351/750] 83d5cbb6-93a3-40b7-99f2-e53f4f57760d: Sackin index -0.0379; 1.0 s; peak memory 971 MiB.
2026-10-09T12:35:20Z INFO [352/750] 83d643bf-794a-46bd-981f-70c4395c328e: Sackin index -0.0745; 0.8 s; peak memory 971 MiB.
2026-10-09T12:35:29Z INFO [353/750] 83d668bb-6dcb-4dcd-82f1-fe7072f94590: Sackin index -0.1495; 9.3 s; peak memory 971 MiB.
2026-10-09T12:35:30Z INFO [354/750] 83d67c08-19da-4a37-b4ff-4f70a8ded511: Sackin index -0.0272; 1.3 s; peak memory 971 MiB.
2026-10-09T12:35:31Z INFO [355/750] 83d6b481-dfcd-4fcb-bc76-bcc8461abc42: Sackin index -0.0539; 0.8 s; peak memory 971 MiB.
2026-10-09T12:35:32Z INFO [356/750] 83d6b699-9035-4649-9e52-d39c975848cb: Sackin index -0.1273; 0.9 s; peak memory 971 MiB.
2026-10-09T12:35:34Z INFO [357/750] 83d78815-f4c5-43f1-90fa-1992fd83ce01: Sackin index -0.0842; 1.4 s; peak memory 971 MiB.
2026-10-09T12:35:35Z INFO [358/750] 83d7c73d-5b6e-4ad1-9864-37ba10d71f44: Sackin index -0.0677; 1.4 s; peak memory 971 MiB.
2026-10-09T12:35:36Z INFO [359/750] 83da6418-62c2-4dbd-b786-bc8e906cfde1: Sackin index -0.0702; 0.7 s; peak memory 971 MiB.
2026-10-09T12:35:36Z INFO [360/750] 83dacb01-f8ec-4b63-bb0f-4aaa6f5dcd3b: Sackin index -0.1303; 0.4 s; peak memory 971 MiB.
2026-10-09T12:35:39Z INFO [361/750] 83db10cd-416a-4488-b8d0-74a432fe583d: Sackin index -0.0252; 3.3 s; peak memory 971 MiB.
2026-10-09T12:35:40Z INFO [362/750] 83db6152-6655-4d45-a7cf-bce115118e8f: Sackin index -0.1658; 0.5 s; peak memory 971 MiB.
2026-10-09T12:35:40Z INFO [363/750] 83dc62b4-b190-47b5-92ff-2e03543d6499: Sackin index -0.1267; 0.5 s; peak memory 971 MiB.
2026-10-09T12:35:41Z INFO [364/750] 83dcadf4-f8c8-4668-99e8-234fb1515765: Sackin index -0.0702; 0.8 s; peak memory 971 MiB.
2026-10-09T12:35:42Z INFO [365/750] 83dd4990-d469-48d2-b87e-66f08d227a5f: Sackin index -0.0390; 0.7 s; peak memory 971 MiB.
2026-10-09T12:35:42Z INFO [366/750] 83ddb002-0bc2-4795-85bf-3d05cd2489fe: Sackin index -0.1716; 0.6 s; peak memory 971 MiB.
2026-10-09T12:35:46Z INFO [367/750] 83dedd3d-bafa-4fad-81d8-e43c332dcfa0: Sackin index -0.0243; 3.7 s; peak memory 971 MiB.
2026-10-09T12:35:47Z INFO [368/750] 83dee111-fc2d-4a39-9478-b49e224e963a: Sackin index -0.1390; 0.7 s; peak memory 971 MiB.
2026-10-09T12:35:48Z INFO [369/750] 83dfcf19-8ff1-4c67-ac57-2f3ff83bb4da: Sackin index -0.0702; 0.8 s; peak memory 971 MiB.
2026-10-09T12:35:49Z INFO [370/750] 83e02b2f-1a3c-4697-b002-5630b2c09c33: Sackin index -0.0379; 1.1 s; peak memory 971 MiB.
2026-10-09T12:35:50Z INFO [371/750] 83e05c18-60bd-4107-ae1a-f0936761666e: Sackin index -0.1349; 0.7 s; peak memory 971 MiB.
2026-10-09T12:35:55Z INFO [372/750] 83e082db-d47f-4c65-9cf6-3a0bde9d86d8: Sackin index -0.0366; 5.4 s; peak memory 971 MiB.
2026-10-09T12:35:56Z INFO [373/750] 83e0bc3e-4274-4314-b17e-38e9bdeb91ec: Sackin index -0.1273; 1.1 s; peak memory 971 MiB.
2026-10-09T12:36:14Z INFO [374/750] 83e19935-c4f5-40ed-8de2-8adacdc1dedf: Sackin index -0.1367; 17.9 s; peak memory 971 MiB.
2026-10-09T12:36:15Z INFO [375/750] 83e1b782-f9a9-4852-ad82-e9f9e6d38636: Sackin index -0.1191; 0.6 s; peak memory 971 MiB.
2026-10-09T12:36:15Z INFO [376/750] 83e25d7e-aac8-4449-a2d2-0d8ab9951264: Sackin index -0.1349; 0.6 s; peak memory 971 MiB.
2026-10-09T12:36:18Z INFO [377/750] 83e40a68-0c42-4c1b-8521-141204ae155f: Sackin index -0.0914; 2.4 s; peak memory 971 MiB.
2026-10-09T12:36:23Z INFO [378/750] 83e48c4f-1c79-453f-8146-e61efc245ed5: Sackin index -0.0199; 4.9 s; peak memory 971 MiB.
2026-10-09T12:36:23Z INFO [379/750] 83e554b1-31e3-412e-bc12-a06a1174e137: Sackin index -0.0728; 1.0 s; peak memory 971 MiB.
2026-10-09T12:36:24Z INFO [380/750] 83e5588f-a071-4d72-9dd3-fecfacaa2199: Sackin index -0.2168; 0.4 s; peak memory 971 MiB.
2026-10-09T12:36:46Z INFO [381/750] 83e5903d-d443-4fb0-8ae7-004b8f943642: Sackin index -0.0041; 22.7 s; peak memory 971 MiB.
2026-10-09T12:36:48Z INFO [382/750] 83e657cb-e242-47ba-9335-ce36faca9246: Sackin index -0.1273; 1.3 s; peak memory 971 MiB.
2026-10-09T12:36:48Z INFO [383/750] 83e6a7cb-d28c-4fff-a7ae-4e01cfc05b96: Sackin index -0.1319; 0.6 s; peak memory 971 MiB.
2026-10-09T12:36:49Z INFO [384/750] 83e73635-36de-45ad-a6e6-5a561a9ee7fb: Sackin index -0.0696; 0.9 s; peak memory 971 MiB.
2026-10-09T12:36:50Z INFO [385/750] 83e746ef-e162-4ae2-b407-afcb9cefd616: Sackin index -0.0745; 0.7 s; peak memory 971 MiB.
2026-10-09T12:36:51Z INFO [386/750] 83e77b2a-91e5-4c19-9efc-4932db3dd398: Sackin index -0.0696; 0.6 s; peak memory 971 MiB.
2026-10-09T12:36:51Z INFO [387/750] 83e960f8-b310-45e1-92e4-5c1f853a8604: Sackin index -0.1658; 0.4 s; peak memory 971 MiB.
2026-10-09T12:36:52Z INFO [388/750] 83e9dc4f-c330-46b7-87fb-bd73a52b8b62: Sackin index -0.1273; 0.9 s; peak memory 971 MiB.
2026-10-09T12:36:53Z INFO [389/750] 83ea30ee-1273-4f5f-852a-03ee81c8cd81: Sackin index -0.0376; 1.1 s; peak memory 971 MiB.
2026-10-09T12:36:54Z INFO [390/750] 83ebad7f-2cc2-4f04-a639-eb0a4972ae2e: Sackin index -0.0728; 0.8 s; peak memory 971 MiB.
2026-10-09T12:36:55Z INFO [391/750] 83ecba42-a25b-4b53-8781-0ceed71bfdf0: Sackin index -0.0358; 0.9 s; peak memory 971 MiB.
2026-10-09T12:36:55Z INFO [392/750] 83ecef6d-5582-4bb1-9920-418b6a48300a: Sackin index -0.1349; 0.6 s; peak memory 971 MiB.
2026-10-09T12:36:56Z INFO [393/750] 83ed6f81-0fc6-443f-bbba-32f963d1e391: Sackin index -0.1349; 0.6 s; peak memory 971 MiB.
2026-10-09T12:36:57Z INFO [394/750] 83ed7a85-48c2-4f08-990a-85cc34f779f4: Sackin index -0.1191; 0.7 s; peak memory 971 MiB.
2026-10-09T12:36:59Z INFO [395/750] 83edf1c2-19cf-488d-b0e2-f41d51287f57: Sackin index -0.0660; 1.8 s; peak memory 971 MiB.
2026-10-09T12:37:17Z INFO [396/750] 83ee073c-0b0a-48dd-b861-4b324b428d6d: Sackin index -0.1367; 18.6 s; peak memory 971 MiB.
2026-10-09T12:37:18Z INFO [397/750] 83ee3910-6ea6-4d08-8ea2-c9a07b1a1419: Sackin index -0.1135; 0.5 s; peak memory 971 MiB.
2026-10-09T12:37:19Z INFO [398/750] 83eec6ae-0aff-4d65-b143-f880ca76df64: Sackin index -0.1938; 1.7 s; peak memory 971 MiB.
2026-10-09T12:37:36Z INFO [399/750] 83ef9ef2-3c32-4cb1-a5a8-260f611e6bdb: Sackin index -0.1284; 16.4 s; peak memory 971 MiB.
2026-10-09T12:37:36Z INFO [400/750] 83f03654-0a56-4aeb-82d0-2d297e3bf29b: Sackin index -0.1658; 0.4 s; peak memory 971 MiB.
2026-10-09T12:37:36Z INFO [400/750] 83f03654-0a56-4aeb-82d0-2d297e3bf29b: checkpointed 110486 new records.
2026-10-09T12:37:37Z INFO [401/750] 83f19c09-f8c3-4420-8712-5731629433b6: Sackin index -0.1349; 0.5 s; peak memory 971 MiB.
2026-10-09T12:37:38Z INFO [402/750] 83f31728-0642-43b4-8305-921c9f6488fe: Sackin index -0.0702; 0.8 s; peak memory 971 MiB.
2026-10-09T12:37:38Z INFO [403/750] 83f369d7-864c-4e1a-8370-b61b6f61f20c: Sackin index -0.1658; 0.4 s; peak memory 971 MiB.
2026-10-09T12:37:39Z INFO [404/750] 83f3d835-2509-460b-b03a-95181cb0fa08: Sackin index -0.1349; 0.6 s; peak memory 971 MiB.
2026-10-09T12:37:45Z INFO [405/750] 83f57121-37cf-43ca-9308-7ae198682d03: Sackin index -0.0691; 6.7 s; peak memory 971 MiB.
2026-10-09T12:37:46Z INFO [406/750] 83f5cbdc-313b-4ef1-9cf5-026cf67dc425: Sackin index -0.0702; 0.9 s; peak memory 971 MiB.
2026-10-09T12:37:47Z INFO [407/750] 83f60649-70ed-4293-9e73-632528a0d1ee: Sackin index -0.0702; 0.7 s; peak memory 971 MiB.
2026-10-09T12:37:48Z INFO [408/750] 83f607de-dce4-46ee-bac3-c0954f1f1d79: Sackin index -0.1201; 0.7 s; peak memory 971 MiB.
2026-10-09T12:37:57Z INFO [409/750] 83f83a10-d04c-421b-b86b-2b8182775c5a: Sackin index -0.0083; 8.9 s; peak memory 971 MiB.
2026-10-09T12:37:58Z INFO [410/750] 83f8e6b0-414d-4102-9363-69ca76365236: Sackin index -0.0379; 1.0 s; peak memory 971 MiB.
2026-10-09T12:37:59Z INFO [411/750] 83f98470-269a-4aa4-93ab-d5bf300dfb9f: Sackin index -0.0709; 0.9 s; peak memory 971 MiB.
2026-10-09T12:38:02Z INFO [412/750] 83f9dc91-f02f-4341-8c04-a279600099c5: Sackin index -0.0202; 3.4 s; peak memory 971 MiB.
2026-10-09T12:38:05Z INFO [413/750] 83f9edfc-df6c-4e87-af47-7533dff33dbb: Sackin index -0.0254; 3.3 s; peak memory 971 MiB.
2026-10-09T12:38:06Z INFO [414/750] 83fa0b20-a44c-49e1-abe9-0cc64e4fcdc2: Sackin index -0.1349; 0.7 s; peak memory 971 MiB.
2026-10-09T12:38:06Z INFO [415/750] 83fa8c77-b0a6-496a-b56e-f1eebda2d36e: Sackin index -0.1254; 0.5 s; peak memory 971 MiB.
2026-10-09T12:38:07Z INFO [416/750] 83fac6a7-5799-4e76-9ec0-d652a24809b3: Sackin index -0.1082; 0.7 s; peak memory 971 MiB.
2026-10-09T12:38:08Z INFO [417/750] 83fc3710-eaa6-4cd3-8211-4b6725d735db: Sackin index -0.1430; 0.5 s; peak memory 971 MiB.
2026-10-09T12:38:08Z INFO [418/750] 83fc8b5e-f632-4dad-850d-1fe8db7a907d: Sackin index -0.1349; 0.7 s; peak memory 971 MiB.
2026-10-09T12:38:09Z INFO [419/750] 83fd1dd7-2df5-479f-bf3b-8650ee36eb48: Sackin index -0.1658; 0.3 s; peak memory 971 MiB.
2026-10-09T12:38:11Z INFO [420/750] 83fe17fd-6239-49da-aa6f-b97941bf4b00: Sackin index -0.0305; 2.8 s; peak memory 971 MiB.
2026-10-09T12:38:12Z INFO [421/750] 8400092a-d453-4c6b-94bd-82575635ea0c: Sackin index -0.1349; 0.7 s; peak memory 971 MiB.
2026-10-09T12:38:13Z INFO [422/750] 84010fdc-35bb-44ad-a11c-6cc353e7f532: Sackin index -0.0728; 0.7 s; peak memory 971 MiB.
2026-10-09T12:38:14Z INFO [423/750] 84014684-6655-4693-84a5-11547376f00e: Sackin index -0.0699; 1.5 s; peak memory 971 MiB.
2026-10-09T12:38:17Z INFO [424/750] 84016ad5-f73b-4760-9413-574fdbda6e9b: Sackin index -0.0403; 3.0 s; peak memory 971 MiB.
2026-10-09T12:38:18Z INFO [425/750] 84017b65-72df-4d9a-a06f-8d98d6e84446: Sackin index -0.1349; 0.8 s; peak memory 971 MiB.
2026-10-09T12:38:19Z INFO [426/750] 8401ff04-2318-4762-a9e1-4df679c506a0: Sackin index -0.1349; 0.6 s; peak memory 971 MiB.
2026-10-09T12:47:35Z INFO [427/750] 8402cb61-f391-48e4-a301-f0084f21307e: Sackin index -0.0520; 556.4 s; peak memory 1246 MiB.
2026-10-09T12:47:36Z INFO [428/750] 8403508c-3424-45e1-ab8c-be47d62bb6c5: Sackin index -0.0702; 0.7 s; peak memory 1246 MiB.
2026-10-09T12:47:37Z INFO [429/750] 84040ced-d7a9-429e-be2c-32cf7f4a75d4: Sackin index -0.0709; 0.8 s; peak memory 1246 MiB.
2026-10-09T12:47:39Z INFO [430/750] 8404d558-308a-4579-a256-1ecfd134e25c: Sackin index -0.0301; 2.4 s; peak memory 1246 MiB.
2026-10-09T12:47:43Z INFO [431/750] 8404f15f-d475-4030-81ff-57bcd722824a: Sackin index -0.1599; 3.9 s; peak memory 1246 MiB.
2026-10-09T12:47:44Z INFO [432/750] 84058815-a172-4c86-9263-df35bb6a6b4f: Sackin index -0.0883; 0.7 s; peak memory 1246 MiB.
2026-10-09T12:47:45Z INFO [433/750] 840692fc-8f96-4e2f-bbed-2fd6d9899677: Sackin index -0.0673; 1.4 s; peak memory 1246 MiB.
2026-10-09T12:47:46Z INFO [434/750] 84072d17-0a43-41a8-a514-2d61d65e0029: Sackin index -0.0702; 0.7 s; peak memory 1246 MiB.
2026-10-09T12:47:47Z INFO [435/750] 840779d8-1497-47e6-9b05-c95733189c5d: Sackin index -0.0660; 1.6 s; peak memory 1246 MiB.
2026-10-09T12:50:49Z INFO [436/750] 8407da45-31bd-4b5a-ba84-2b8c5b7dd734: Sackin index -0.0269; 182.2 s; peak memory 1246 MiB.
2026-10-09T12:50:53Z INFO [437/750] 84089f21-6168-4e43-9c83-0e2b4d98c0ad: Sackin index -0.0614; 3.2 s; peak memory 1246 MiB.
2026-10-09T12:50:53Z INFO [438/750] 8408ddb6-83b7-4351-b87c-e2480134865c: Sackin index -0.1349; 0.6 s; peak memory 1246 MiB.
2026-10-09T12:50:54Z INFO [439/750] 8409f054-fefe-43c4-8f19-77872ce2d67c: Sackin index -0.1349; 0.7 s; peak memory 1246 MiB.
2026-10-09T12:50:55Z INFO [440/750] 840b3b75-9262-4133-a5c7-372c31957491: Sackin index -0.1349; 0.7 s; peak memory 1246 MiB.
2026-10-09T12:50:56Z INFO [441/750] 840c7a24-23ad-4ded-957a-39157ef4bf8f: Sackin index -0.0745; 1.1 s; peak memory 1246 MiB.
2026-10-09T12:50:56Z INFO [442/750] 840ccbc8-121c-4dc2-870c-ddaa8e13c51d: Sackin index -0.2073; 0.5 s; peak memory 1246 MiB.
2026-10-09T12:51:01Z INFO [443/750] 840cd25d-5300-4258-a25b-307b68a4c696: Sackin index -0.0037; 4.4 s; peak memory 1246 MiB.
2026-10-09T12:51:01Z INFO [444/750] 840d733b-7afb-48bd-822f-3c91dd150dbb: Sackin index -0.0728; 0.6 s; peak memory 1246 MiB.
2026-10-09T12:51:04Z INFO [445/750] 840d8da6-a53d-4d5b-bb73-e2301524b15e: Sackin index -0.0411; 2.8 s; peak memory 1246 MiB.
2026-10-09T12:51:05Z INFO [446/750] 840eb0dd-f1cb-43b4-9661-6399c33912f9: Sackin index -0.1349; 0.8 s; peak memory 1246 MiB.
2026-10-09T12:51:06Z INFO [447/750] 840eb912-dec8-464e-97f3-35727e06c0f5: Sackin index -0.0369; 1.0 s; peak memory 1246 MiB.
2026-10-09T12:51:11Z INFO [448/750] 840fcbb2-b1cd-4e45-bfe9-9284999a9336: Sackin index -0.0308; 4.9 s; peak memory 1246 MiB.
2026-10-09T12:51:12Z INFO [449/750] 840fe2e1-81bd-49f3-9047-844f82eb79a0: Sackin index -0.0702; 0.8 s; peak memory 1246 MiB.
2026-10-09T12:51:12Z INFO [450/750] 8410860e-4a25-4867-a953-7509dcd92ed7: Sackin index -0.0702; 0.7 s; peak memory 1246 MiB.
2026-10-09T12:51:13Z INFO [450/750] 8410860e-4a25-4867-a953-7509dcd92ed7: checkpointed 110536 new records.
2026-10-09T12:51:13Z INFO [451/750] 84116685-5b83-4afd-b20a-69e11f51c6ab: Sackin index -0.0728; 0.8 s; peak memory 1246 MiB.
2026-10-09T12:51:55Z INFO [452/750] 841169f6-9df9-4d4d-b1e8-5d682c04354d: Sackin index -0.0016; 41.4 s; peak memory 1246 MiB.
2026-10-09T12:51:56Z INFO [453/750] 8411e1fd-0527-4701-8c0b-57a4154aa347: Sackin index -0.0696; 0.8 s; peak memory 1246 MiB.
2026-10-09T12:51:59Z INFO [454/750] 841250e4-5643-44cf-aae1-62298c541966: Sackin index -0.0435; 3.2 s; peak memory 1246 MiB.
2026-10-09T12:51:59Z INFO [455/750] 84133694-c419-4efa-9432-8d8d95894239: Sackin index -0.1349; 0.6 s; peak memory 1246 MiB.
2026-10-09T12:52:00Z INFO [456/750] 84142ae0-de95-4a70-b502-20ee0e7586ef: Sackin index -0.1319; 0.5 s; peak memory 1246 MiB.
2026-10-09T12:52:14Z INFO [457/750] 8414346d-fa77-408d-a76a-0fec92e553e3: Sackin index -0.0088; 14.0 s; peak memory 1246 MiB.
2026-10-09T12:52:14Z INFO [458/750] 8414b6ab-1abb-444f-a02e-2b44eb41134a: Sackin index -0.0702; 0.6 s; peak memory 1246 MiB.
2026-10-09T12:52:15Z INFO [459/750] 841509c9-7b2d-48d2-86dc-52a0659e2430: Sackin index -0.1349; 0.7 s; peak memory 1246 MiB.
2026-10-09T12:52:16Z INFO [460/750] 841512b0-c717-4d86-9634-e14373892fb3: Sackin index -0.0749; 1.0 s; peak memory 1246 MiB.
2026-10-09T12:52:17Z INFO [461/750] 84152c1f-55fc-4a45-8e8e-3aaf378dd364: Sackin index -0.0941; 1.0 s; peak memory 1246 MiB.
2026-10-09T12:52:18Z INFO [462/750] 84159113-9fc8-461e-b7dd-82044854afde: Sackin index -0.1349; 0.6 s; peak memory 1246 MiB.
2026-10-09T12:52:18Z INFO [463/750] 84159b93-916c-4270-9661-d1e0ed2a8cbc: Sackin index -0.1349; 0.6 s; peak memory 1246 MiB.
2026-10-09T12:52:19Z INFO [464/750] 8416279e-f8f4-47fe-8375-305fbe07ea16: Sackin index -0.1273; 1.0 s; peak memory 1246 MiB.
2026-10-09T12:52:21Z INFO [465/750] 84176c61-8942-497e-9dd2-bc5c7782bc6b: Sackin index -0.0681; 1.4 s; peak memory 1246 MiB.
2026-10-09T12:52:21Z INFO [466/750] 84180098-baa1-4942-9256-bb10c1c6efd3: Sackin index -0.0696; 0.7 s; peak memory 1246 MiB.
2026-10-09T12:52:32Z INFO [467/750] 8418077b-3ad5-4020-8c99-c96914042d4a: Sackin index -0.0237; 10.3 s; peak memory 1246 MiB.
2026-10-09T12:52:32Z INFO [468/750] 84181a52-c8b5-4c77-9aa5-822c9d234eef: Sackin index -0.0702; 0.6 s; peak memory 1246 MiB.
2026-10-09T12:52:33Z INFO [469/750] 841927f2-9b0b-4bc6-a0aa-823328391c73: Sackin index -0.1349; 0.6 s; peak memory 1246 MiB.
2026-10-09T12:52:36Z INFO [470/750] 841976b6-f204-4c34-ba4d-2074bd2b9e84: Sackin index -0.0251; 3.3 s; peak memory 1246 MiB.
2026-10-09T12:52:38Z INFO [471/750] 8419cfbd-6faa-45bd-8abf-8b6762959faa: Sackin index -0.0704; 1.9 s; peak memory 1246 MiB.
2026-10-09T12:52:39Z INFO [472/750] 8419f03d-6bdb-4a8c-bbc1-be3fe1e7244f: Sackin index -0.1349; 0.5 s; peak memory 1246 MiB.
2026-10-09T12:52:40Z INFO [473/750] 841a09c3-aa70-4ee4-9d66-8646c1349813: Sackin index -0.0699; 1.6 s; peak memory 1246 MiB.
2026-10-09T12:52:41Z INFO [474/750] 841b1db8-cbaf-4d7b-927d-b746668204c1: Sackin index -0.1205; 0.6 s; peak memory 1246 MiB.
2026-10-09T12:52:42Z INFO [475/750] 841b310a-1fc6-48e4-8a61-223a4ebbad8a: Sackin index -0.1349; 0.8 s; peak memory 1246 MiB.
2026-10-09T12:52:43Z INFO [476/750] 841b557a-853d-48ff-97ad-d0132ad143c6: Sackin index -0.0579; 1.2 s; peak memory 1246 MiB.
2026-10-09T12:52:44Z INFO [477/750] 841d49f4-fd68-4a77-8de7-a5a33737b3b5: Sackin index -0.1072; 1.0 s; peak memory 1246 MiB.
2026-10-09T12:52:45Z INFO [478/750] 841d771c-c58d-431b-83ff-d8cf3c0042fa: Sackin index -0.0702; 0.8 s; peak memory 1246 MiB.
2026-10-09T12:52:45Z INFO [479/750] 841dc0a7-5d22-4124-b400-088f755fea5e: Sackin index -0.1349; 0.7 s; peak memory 1246 MiB.
2026-10-09T12:52:46Z INFO [480/750] 841dccee-766c-4437-8d44-5528e8f6c64a: Sackin index -0.0745; 0.7 s; peak memory 1246 MiB.
2026-10-09T12:52:47Z INFO [481/750] 841df661-344b-41c9-b8c6-290022dcfeeb: Sackin index -0.0728; 1.0 s; peak memory 1246 MiB.
2026-10-09T12:52:48Z INFO [482/750] 841e0a27-84d2-48ac-85e0-ad5db8fa8307: Sackin index -0.1319; 0.5 s; peak memory 1246 MiB.
2026-10-09T12:52:48Z INFO [483/750] 841e2cc1-fadf-419b-8d7f-fad932de1fb1: Sackin index -0.1248; 0.8 s; peak memory 1246 MiB.
2026-10-09T12:52:50Z INFO [484/750] 841eccbe-2480-4513-83ee-54f7ae40b6ff: Sackin index -0.0991; 2.0 s; peak memory 1246 MiB.
2026-10-09T12:52:51Z INFO [485/750] 841ee5cb-8671-4b9a-ae70-f8086f61b108: Sackin index -0.1448; 0.4 s; peak memory 1246 MiB.
2026-10-09T12:53:07Z INFO [486/750] 841f3dd5-96ec-4bff-b088-54a8e8734cb9: Sackin index -0.1367; 16.4 s; peak memory 1246 MiB.
2026-10-09T12:53:08Z INFO [487/750] 841f5c96-d9dd-465b-97f8-a8beb454278c: Sackin index -0.0702; 1.0 s; peak memory 1246 MiB.
2026-10-09T12:53:09Z INFO [488/750] 841fb92a-b018-405b-9cd3-b3e14215ebc8: Sackin index -0.1234; 0.6 s; peak memory 1246 MiB.
2026-10-09T12:53:09Z INFO [489/750] 842006b7-8e8d-4acf-bedd-5a51c643e562: Sackin index -0.1349; 0.5 s; peak memory 1246 MiB.
2026-10-09T12:53:10Z INFO [490/750] 8420974b-8924-4bab-ade9-66da354cae3b: Sackin index -0.1658; 0.5 s; peak memory 1246 MiB.
2026-10-09T12:53:28Z INFO [491/750] 8420b4e5-94f7-46f2-9251-36d3d137b9e2: Sackin index -0.0019; 18.1 s; peak memory 1246 MiB.
2026-10-09T12:53:29Z INFO [492/750] 8420f34d-3943-4911-8c6d-679458f80e11: Sackin index -0.0375; 0.8 s; peak memory 1246 MiB.
2026-10-09T12:53:30Z INFO [493/750] 8421b7a4-fa48-40d7-958d-e28d09ebb563: Sackin index -0.0693; 1.8 s; peak memory 1246 MiB.
2026-10-09T12:53:31Z INFO [494/750] 84227415-8df0-487b-ae93-2c178d3847f9: Sackin index -0.1273; 0.8 s; peak memory 1246 MiB.
2026-10-09T12:53:41Z INFO [495/750] 84236801-ecb5-4fe5-8437-1945adfc288d: Sackin index -0.0141; 9.4 s; peak memory 1246 MiB.
2026-10-09T12:53:41Z INFO [496/750] 8423cbea-87cb-4d3b-a373-5a3b87ee4539: Sackin index -0.0709; 0.6 s; peak memory 1246 MiB.
2026-10-09T12:53:42Z INFO [497/750] 8423dea2-6c02-4a6d-bcf3-8cb2523cffa2: Sackin index -0.1248; 0.6 s; peak memory 1246 MiB.
2026-10-09T12:53:42Z INFO [498/750] 8424152e-5f2f-42d4-bea9-c093f2fc40da: Sackin index -0.1349; 0.5 s; peak memory 1246 MiB.
2026-10-09T12:53:50Z INFO [499/750] 84246848-0c38-4f3b-8f21-301eeca74222: Sackin index -0.0170; 7.4 s; peak memory 1246 MiB.
2026-10-09T12:53:51Z INFO [500/750] 8425535b-4c50-451e-8814-187bc6b153a8: Sackin index -0.1248; 0.9 s; peak memory 1246 MiB.
2026-10-09T12:53:51Z INFO [500/750] 8425535b-4c50-451e-8814-187bc6b153a8: checkpointed 110586 new records.
2026-10-09T12:53:52Z INFO [501/750] 842647e2-2af8-4d8e-9219-35bf116588e4: Sackin index -0.0891; 0.9 s; peak memory 1246 MiB.
2026-10-09T12:53:52Z INFO [502/750] 8426cb5a-62d8-4a38-8b76-da324f9c4e6d: Sackin index -0.0375; 0.7 s; peak memory 1246 MiB.
2026-10-09T12:54:57Z INFO [503/750] 8427c706-aa05-4b58-80f9-a2e54bfce2aa: Sackin index -0.0032; 64.9 s; peak memory 1246 MiB.
2026-10-09T12:54:58Z INFO [504/750] 8427d553-b37c-4186-8251-65a7a421a226: Sackin index -0.0375; 1.1 s; peak memory 1246 MiB.
2026-10-09T12:54:59Z INFO [505/750] 842913db-389e-4cc2-a0e9-0ebcbb774efb: Sackin index -0.0702; 0.8 s; peak memory 1246 MiB.
2026-10-09T12:55:00Z INFO [506/750] 84294bba-b218-4462-92ad-313595932d1b: Sackin index -0.1349; 0.7 s; peak memory 1246 MiB.
2026-10-09T12:55:00Z INFO [507/750] 8429ba91-d641-410e-9c54-d22ded7503b5: Sackin index -0.1567; 0.5 s; peak memory 1246 MiB.
2026-10-09T12:55:01Z INFO [508/750] 8429f3ec-b07a-4c74-8cf3-ed20be725572: Sackin index -0.1349; 0.7 s; peak memory 1246 MiB.
2026-10-09T12:55:07Z INFO [509/750] 842b20a3-d522-4871-a940-61303e3f0379: Sackin index -0.0341; 5.5 s; peak memory 1246 MiB.
2026-10-09T12:55:07Z INFO [510/750] 842b98e9-80d6-4beb-85ea-c19419cf9aa6: Sackin index -0.1349; 0.6 s; peak memory 1246 MiB.
2026-10-09T12:55:08Z INFO [511/750] 842bcfd4-613c-4c52-8a60-64efe0ac3d1d: Sackin index -0.0696; 0.7 s; peak memory 1246 MiB.
2026-10-09T12:55:10Z INFO [512/750] 842cab23-66b3-4d8d-8017-d24f9bea2e94: Sackin index -0.0674; 1.9 s; peak memory 1246 MiB.
2026-10-09T12:55:17Z INFO [513/750] 842e6712-8bea-4e74-9348-0400c513cb2f: Sackin index -0.1310; 7.7 s; peak memory 1246 MiB.
2026-10-09T12:55:19Z INFO [514/750] 842f285d-75e0-484b-86e2-516d6fb6cbb0: Sackin index -0.0704; 1.8 s; peak memory 1246 MiB.
2026-10-09T12:55:21Z INFO [515/750] 842f9752-d8ba-41e4-9511-390d4994feb9: Sackin index -0.1938; 1.2 s; peak memory 1246 MiB.
2026-10-09T12:55:21Z INFO [516/750] 84300b2c-0e5a-40de-944d-84ae7025cf59: Sackin index -0.0702; 0.8 s; peak memory 1246 MiB.
2026-10-09T12:55:22Z INFO [517/750] 8431c281-26a9-4401-af8f-c449c4da7209: Sackin index -0.1349; 0.7 s; peak memory 1246 MiB.
2026-10-09T12:55:23Z INFO [518/750] 8431d0f4-49ee-41c1-a46d-8b85df0a3e35: Sackin index -0.1191; 0.5 s; peak memory 1246 MiB.
2026-10-09T12:55:23Z INFO [519/750] 843247a5-cc81-478c-a99c-bb90880a17b9: Sackin index -0.1349; 0.6 s; peak memory 1246 MiB.
2026-10-09T12:55:24Z INFO [520/750] 84331c58-8194-4fe9-8d78-699598411e3f: Sackin index -0.1248; 0.7 s; peak memory 1246 MiB.
2026-10-09T12:55:24Z INFO [521/750] 8433c895-14ae-4ec1-a99e-1cdd4750cb1d: Sackin index -0.0702; 0.7 s; peak memory 1246 MiB.
2026-10-09T12:55:25Z INFO [522/750] 8433d095-1af0-4c76-868e-6a96832f3cc4: Sackin index -0.1658; 0.3 s; peak memory 1246 MiB.
2026-10-09T12:55:26Z INFO [523/750] 84353e86-9a18-49aa-8804-a2893c0aba26: Sackin index -0.0379; 1.2 s; peak memory 1246 MiB.
2026-10-09T12:55:27Z INFO [524/750] 84378369-054c-4a34-aec6-b95f4d7f214f: Sackin index -0.1291; 1.0 s; peak memory 1246 MiB.
2026-10-09T12:55:34Z INFO [525/750] 8437e7e4-9a17-46b1-a1c5-86a124c0ad9a: Sackin index -0.0783; 6.7 s; peak memory 1246 MiB.
2026-10-09T12:55:37Z INFO [526/750] 84380b6a-c143-41bb-819e-68e49819157b: Sackin index -0.0403; 3.0 s; peak memory 1246 MiB.
2026-10-09T12:55:37Z INFO [527/750] 8438e40f-aa93-4dae-9935-94d273be5996: Sackin index -0.1658; 0.3 s; peak memory 1246 MiB.
2026-10-09T12:55:38Z INFO [528/750] 8438f0b9-c96a-45b3-9df1-dcb74f2952d2: Sackin index -0.0423; 1.0 s; peak memory 1246 MiB.
2026-10-09T12:55:39Z INFO [529/750] 84390522-fb65-4bcf-81e0-0ada92dd1952: Sackin index -0.1096; 1.1 s; peak memory 1246 MiB.
2026-10-09T12:55:40Z INFO [530/750] 843a0cd9-5be7-436f-b96a-7201ffa6db1b: Sackin index -0.1303; 0.5 s; peak memory 1246 MiB.
2026-10-09T12:55:40Z INFO [531/750] 843ac565-2eef-4006-9176-edc2758415c7: Sackin index -0.2168; 0.5 s; peak memory 1246 MiB.
2026-10-09T12:55:41Z INFO [532/750] 843b68e3-cd55-4731-8e96-e50efa7c015b: Sackin index -0.0696; 0.6 s; peak memory 1246 MiB.
2026-10-09T12:55:41Z INFO [533/750] 843bbff7-d449-47af-a64c-b7b1baf936fc: Sackin index -0.1602; 0.5 s; peak memory 1246 MiB.
2026-10-09T12:55:42Z INFO [534/750] 843c1ef8-7b53-4513-b639-e1cab46ba2dc: Sackin index -0.1349; 0.6 s; peak memory 1246 MiB.
2026-10-09T12:55:43Z INFO [535/750] 843c46c4-0c3d-4bb9-b9b8-82a9647c222b: Sackin index -0.0728; 0.9 s; peak memory 1246 MiB.
2026-10-09T12:57:24Z INFO [536/750] 843c6198-4167-4a14-a7fd-ca4aa1cdd82a: Sackin index -0.0260; 101.6 s; peak memory 1246 MiB.
2026-10-09T12:57:25Z INFO [537/750] 843c8e2f-9a00-4302-bbee-13c18604e594: Sackin index -0.1356; 0.6 s; peak memory 1246 MiB.
2026-10-09T12:57:26Z INFO [538/750] 843cab94-e484-4011-932c-3d6cbf74488e: Sackin index -0.0383; 1.0 s; peak memory 1246 MiB.
2026-10-09T12:57:27Z INFO [539/750] 843ecc6c-36e0-4a1a-962b-1a422fd0f351: Sackin index -0.0709; 0.7 s; peak memory 1246 MiB.
2026-10-09T12:57:27Z INFO [540/750] 843f1254-9cc6-4bcd-a88c-75e8dff0e597: Sackin index -0.1303; 0.5 s; peak memory 1246 MiB.
2026-10-09T12:57:28Z INFO [541/750] 843f1f89-4854-4cd3-8c2a-e8e6e8c83494: Sackin index -0.0656; 0.7 s; peak memory 1246 MiB.
2026-10-09T12:57:29Z INFO [542/750] 843ff483-4943-41bd-b918-070439a7b4cb: Sackin index -0.0699; 1.3 s; peak memory 1246 MiB.
2026-10-09T12:57:30Z INFO [543/750] 844021a1-66e3-4149-987a-3db4a6e4d536: Sackin index -0.0375; 0.7 s; peak memory 1246 MiB.
2026-10-09T12:57:31Z INFO [544/750] 8442b031-dd24-4d58-8e90-efff7ac8fcb3: Sackin index -0.0728; 0.7 s; peak memory 1246 MiB.
2026-10-09T12:59:09Z INFO [545/750] 84439222-9145-4e0a-8c4b-9a855e3d78ae: Sackin index -0.0573; 98.7 s; peak memory 1246 MiB.
2026-10-09T12:59:10Z INFO [546/750] 8444049f-867b-46d7-b113-1896f326fe6b: Sackin index -0.1349; 0.6 s; peak memory 1246 MiB.
2026-10-09T12:59:10Z INFO [547/750] 844477c2-d50d-49ed-8745-7c82f700760d: Sackin index -0.1658; 0.4 s; peak memory 1246 MiB.
2026-10-09T12:59:11Z INFO [548/750] 84451e5a-83ba-4cb4-960d-fa8dc6734606: Sackin index -0.1269; 0.8 s; peak memory 1246 MiB.
2026-10-09T12:59:12Z INFO [549/750] 844748e3-3b82-4c8f-a22e-73b35ea45281: Sackin index -0.0728; 0.9 s; peak memory 1246 MiB.
2026-10-09T12:59:14Z INFO [550/750] 84476ed9-18a0-45a2-8af6-9813c97ed4d7: Sackin index -0.1243; 1.4 s; peak memory 1246 MiB.
2026-10-09T12:59:14Z INFO [550/750] 84476ed9-18a0-45a2-8af6-9813c97ed4d7: checkpointed 110636 new records.
2026-10-09T12:59:14Z INFO [551/750] 8447d2e2-6f9f-45cb-ad1d-f5f64559182f: Sackin index -0.2000; 0.4 s; peak memory 1246 MiB.
2026-10-09T12:59:17Z INFO [552/750] 8448f871-7f01-4617-bcaa-eee9b4e3d2cc: Sackin index -0.0263; 2.8 s; peak memory 1246 MiB.
2026-10-09T12:59:18Z INFO [553/750] 844a7077-0655-4b57-a0ca-d68eba1eadfa: Sackin index -0.0693; 1.3 s; peak memory 1246 MiB.
2026-10-09T13:02:43Z INFO [554/750] 844aa449-ed2d-4268-b4e2-61318c7598d4: Sackin index -0.0246; 204.9 s; peak memory 1246 MiB.
2026-10-09T13:02:44Z INFO [555/750] 844aeb0b-a3d0-43ec-8357-7dc24596bcca: Sackin index -0.0728; 1.0 s; peak memory 1246 MiB.
2026-10-09T13:02:45Z INFO [556/750] 844b1105-f603-4300-b77d-dc3d12bcb11f: Sackin index -0.1448; 0.6 s; peak memory 1246 MiB.
2026-10-09T13:02:46Z INFO [557/750] 844b377b-510b-4281-8a79-11d2390c5499: Sackin index -0.0696; 0.9 s; peak memory 1246 MiB.
2026-10-09T13:02:47Z INFO [558/750] 844bdc24-b3bf-42e2-833f-b9d18af63b6f: Sackin index -0.1349; 0.9 s; peak memory 1246 MiB.
2026-10-09T13:02:47Z INFO [559/750] 844bfa6b-dcc4-44f6-adf3-94281888eaca: Sackin index -0.1349; 0.7 s; peak memory 1246 MiB.
2026-10-09T13:02:48Z INFO [560/750] 844ee17a-a095-472a-95e2-c1ebc9f76061: Sackin index -0.3646; 0.5 s; peak memory 1246 MiB.
2026-10-09T13:02:48Z INFO [561/750] 84502c3e-bfdd-46b8-a3bc-e13b34b92a61: Sackin index -0.1349; 0.7 s; peak memory 1246 MiB.
2026-10-09T13:02:49Z INFO [562/750] 8451ce2c-c005-4fdc-ba67-4bddb17284fd: Sackin index -0.1349; 0.9 s; peak memory 1246 MiB.
2026-10-09T13:02:51Z INFO [563/750] 8452f6cd-17bd-4656-bdd3-2e00f7446cc1: Sackin index -0.1266; 1.6 s; peak memory 1246 MiB.
2026-10-09T13:02:52Z INFO [564/750] 84540def-fdb4-4d78-91c3-0536eafc999e: Sackin index -0.1349; 0.6 s; peak memory 1246 MiB.
2026-10-09T13:02:52Z INFO [565/750] 84547a10-c5dd-4172-9d9d-5b30ee9f1da5: Sackin index -0.1349; 0.7 s; peak memory 1246 MiB.
2026-10-09T13:02:53Z INFO [566/750] 8454f48c-cd1a-4bb7-befa-ef9b4a652dc9: Sackin index -0.1602; 0.5 s; peak memory 1246 MiB.
2026-10-09T13:02:53Z INFO [567/750] 84550188-ea6d-4bd8-9b86-c1e75a9bc947: Sackin index -0.1448; 0.6 s; peak memory 1246 MiB.
2026-10-09T13:02:54Z INFO [568/750] 8455886d-56e0-432d-a62a-4f71795b81a6: Sackin index -0.1349; 0.6 s; peak memory 1246 MiB.
2026-10-09T13:02:55Z INFO [569/750] 8455b611-c538-4517-94c9-9139e21e9c44: Sackin index -0.0696; 0.9 s; peak memory 1246 MiB.
2026-10-09T13:02:56Z INFO [570/750] 845619ee-315e-4efa-a2cb-9248737aa2c9: Sackin index -0.1938; 1.2 s; peak memory 1246 MiB.
2026-10-09T13:02:57Z INFO [571/750] 84568200-ff01-4061-ae17-ec1eb86d81a9: Sackin index -0.0709; 0.7 s; peak memory 1246 MiB.
2026-10-09T13:03:03Z INFO [572/750] 8456ba24-ebfa-48dc-aa3a-f14f583b3a1d: Sackin index -0.0169; 6.6 s; peak memory 1246 MiB.
2026-10-09T13:03:04Z INFO [573/750] 84574309-0868-4b36-ac3c-2e173b3a49fa: Sackin index -0.1331; 0.6 s; peak memory 1246 MiB.
2026-10-09T13:03:05Z INFO [574/750] 8458db31-6576-437b-9634-a89c782f3709: Sackin index -0.1349; 0.7 s; peak memory 1246 MiB.
2026-10-09T13:03:05Z INFO [575/750] 845950fa-fd32-405e-94e0-f34bf17d4640: Sackin index -0.1194; 0.9 s; peak memory 1246 MiB.
2026-10-09T13:03:06Z INFO [576/750] 8459c16c-ee0e-4d0d-b777-2881701d06be: Sackin index -0.1194; 0.9 s; peak memory 1246 MiB.
2026-10-09T13:03:07Z INFO [577/750] 845ae98c-1aa9-4f64-a2d3-b880bb29fffa: Sackin index -0.0696; 0.7 s; peak memory 1246 MiB.
2026-10-09T13:03:07Z INFO [578/750] 845cfbf7-d1f0-403a-9c74-fd805191591f: Sackin index -0.1658; 0.5 s; peak memory 1246 MiB.
2026-10-09T13:03:08Z INFO [579/750] 845d36d7-6b0f-4711-966d-932e13bc5eb5: Sackin index -0.1349; 0.7 s; peak memory 1246 MiB.
2026-10-09T13:03:09Z INFO [580/750] 845d6988-5c3d-4051-93b1-7d4b04b3fc3d: Sackin index -0.0275; 1.0 s; peak memory 1246 MiB.
2026-10-09T13:03:10Z INFO [581/750] 845d6faa-41ab-403a-8eec-ad63ed17e48d: Sackin index -0.1349; 0.5 s; peak memory 1246 MiB.
2026-10-09T13:03:10Z INFO [582/750] 845de73f-ac63-487d-a130-8cfdb2f262de: Sackin index -0.0702; 0.9 s; peak memory 1246 MiB.
2026-10-09T13:03:11Z INFO [583/750] 845ee5ca-51b7-473f-8d25-670f8e8aa79e: Sackin index -0.3646; 0.5 s; peak memory 1246 MiB.
2026-10-09T13:03:12Z INFO [584/750] 845ee915-c385-4bb4-8b7e-809fa52ae00e: Sackin index -0.1349; 0.5 s; peak memory 1246 MiB.
2026-10-09T13:03:12Z INFO [585/750] 845f4316-9827-4b5c-91c7-b745e9b07204: Sackin index -0.0702; 0.8 s; peak memory 1246 MiB.
2026-10-09T13:03:13Z INFO [586/750] 845f8bbc-3aa5-4735-957d-2c262efcb4a8: Sackin index -0.1000; 1.1 s; peak memory 1246 MiB.
2026-10-09T13:03:14Z INFO [587/750] 845fa769-ee5a-4585-a86d-218cab3f83e8: Sackin index -0.0375; 0.8 s; peak memory 1246 MiB.
2026-10-09T13:03:15Z INFO [588/750] 845fc821-30d3-464c-b014-7f1e2ea64b8c: Sackin index -0.2073; 0.6 s; peak memory 1246 MiB.
2026-10-09T13:03:16Z INFO [589/750] 84601999-9a76-4d4d-8bd5-655559949d84: Sackin index -0.1298; 1.0 s; peak memory 1246 MiB.
2026-10-09T13:03:49Z INFO [590/750] 846119bb-ec75-487a-9bb5-7272e00bacfd: Sackin index -0.0038; 33.4 s; peak memory 1246 MiB.
2026-10-09T13:03:54Z INFO [591/750] 8462c415-4edf-44f2-8e92-30a319a2df1b: Sackin index -0.0341; 4.3 s; peak memory 1246 MiB.
2026-10-09T13:03:54Z INFO [592/750] 8463178d-e33b-474f-8c8e-9189c7fa2197: Sackin index -0.1408; 0.7 s; peak memory 1246 MiB.
2026-10-09T13:03:55Z INFO [593/750] 846337d8-25ce-452b-b577-4978234cc565: Sackin index -0.0756; 1.0 s; peak memory 1246 MiB.
2026-10-09T13:04:01Z INFO [594/750] 84634ab9-49ad-4996-af90-da199b6ddcad: Sackin index -0.0697; 5.3 s; peak memory 1246 MiB.
2026-10-09T13:04:01Z INFO [595/750] 84636a74-084b-4f68-91c1-d4ca18f17e39: Sackin index -0.0728; 0.7 s; peak memory 1246 MiB.
2026-10-09T13:04:03Z INFO [596/750] 846411bc-6e2e-4c6f-949a-ed7c0f4ede42: Sackin index -0.1224; 1.5 s; peak memory 1246 MiB.
2026-10-09T13:04:03Z INFO [597/750] 84642511-b01a-41fe-840a-2438aa096cba: Sackin index -0.0380; 0.6 s; peak memory 1246 MiB.
2026-10-09T13:04:04Z INFO [598/750] 846479e0-1124-4b98-8f36-8f6ffaea07bf: Sackin index -0.1658; 0.5 s; peak memory 1246 MiB.
2026-10-09T13:04:05Z INFO [599/750] 8465bb37-7a15-45d1-ab82-87c37238e8fc: Sackin index -0.1349; 0.7 s; peak memory 1246 MiB.
2026-10-09T13:04:08Z INFO [600/750] 84667e7b-f61c-4144-8613-db8a230b8360: Sackin index -0.0415; 3.2 s; peak memory 1246 MiB.
2026-10-09T13:04:08Z INFO [600/750] 84667e7b-f61c-4144-8613-db8a230b8360: checkpointed 110686 new records.
2026-10-09T13:04:09Z INFO [601/750] 8466856b-c031-43c1-8223-6e19087bb225: Sackin index -0.1349; 0.6 s; peak memory 1246 MiB.
2026-10-09T13:04:09Z INFO [602/750] 8466bf1d-d4b5-4957-95db-1fe3e9df12af: Sackin index -0.1349; 0.8 s; peak memory 1246 MiB.
2026-10-09T13:04:10Z INFO [603/750] 8467f23c-55a7-487d-a458-ddab5ed8e348: Sackin index -0.0881; 0.7 s; peak memory 1246 MiB.
2026-10-09T13:04:11Z INFO [604/750] 8468371b-2984-4dbf-8ef3-255c2ff39754: Sackin index -0.0676; 1.3 s; peak memory 1246 MiB.
2026-10-09T13:04:12Z INFO [605/750] 84691e8b-0494-4307-bf9b-29f05f43aaa2: Sackin index -0.0707; 0.6 s; peak memory 1246 MiB.
2026-10-09T13:04:13Z INFO [606/750] 8469534b-a134-4232-be47-02e0908c0df6: Sackin index -0.1602; 0.8 s; peak memory 1246 MiB.
2026-10-09T13:04:17Z INFO [607/750] 8469b330-86f2-4cf2-9bc9-526b8dfcbac4: Sackin index -0.0392; 4.1 s; peak memory 1246 MiB.
2026-10-09T13:06:05Z INFO [608/750] 846ae853-1adc-40bd-a406-40a5035aa2d4: Sackin index -0.0305; 107.8 s; peak memory 1246 MiB.
2026-10-09T13:06:05Z INFO [609/750] 846afe55-ea45-4268-8f84-4b784be2a5d4: Sackin index -0.1191; 0.8 s; peak memory 1246 MiB.
2026-10-09T13:06:08Z INFO [610/750] 846bb3b6-c0ce-4c23-9545-3fac8624eef2: Sackin index -0.0233; 2.8 s; peak memory 1246 MiB.
2026-10-09T13:06:09Z INFO [611/750] 846bb412-f078-4969-a6aa-61174722c674: Sackin index -0.1248; 0.9 s; peak memory 1246 MiB.
2026-10-09T13:06:13Z INFO [612/750] 846c58a9-8c8f-42c7-aa1c-cacfa4060f5d: Sackin index -0.0403; 4.0 s; peak memory 1246 MiB.
2026-10-09T13:06:14Z INFO [613/750] 846eb00d-3ec1-44a8-b80e-17ffaf7ae998: Sackin index -0.0696; 0.7 s; peak memory 1246 MiB.
2026-10-09T13:06:15Z INFO [614/750] 846f0054-67ee-4933-95f1-69a642cc8784: Sackin index -0.1349; 0.9 s; peak memory 1246 MiB.
2026-10-09T13:06:17Z INFO [615/750] 846f11ad-3775-4b4d-9f20-cc994edf9e30: Sackin index -0.0350; 2.2 s; peak memory 1246 MiB.
2026-10-09T13:06:18Z INFO [616/750] 847003e8-f1e9-4308-8f60-7de4894482d5: Sackin index -0.0944; 1.0 s; peak memory 1246 MiB.
2026-10-09T13:06:18Z INFO [617/750] 84712c31-32a1-4906-8c11-b8764a229241: Sackin index -0.1349; 0.6 s; peak memory 1246 MiB.
2026-10-09T13:06:19Z INFO [618/750] 84712de8-d4e4-4bf3-b77f-059dba44dfa9: Sackin index -0.0369; 0.9 s; peak memory 1246 MiB.
2026-10-09T13:06:21Z INFO [619/750] 84719381-fbed-4092-b36d-fd14b2e5e0f1: Sackin index -0.1938; 1.2 s; peak memory 1246 MiB.
2026-10-09T13:06:21Z INFO [620/750] 8471bf9c-c680-4400-8516-d2263568d3bc: Sackin index -0.1658; 0.4 s; peak memory 1246 MiB.
2026-10-09T13:06:22Z INFO [621/750] 8473637d-843f-42bf-ad5b-6062043d4c7d: Sackin index -0.0728; 1.0 s; peak memory 1246 MiB.
2026-10-09T13:06:30Z INFO [622/750] 847408e1-110f-44ac-865f-a6ebfa6fcf57: Sackin index -0.0407; 8.2 s; peak memory 1246 MiB.
2026-10-09T13:06:37Z INFO [623/750] 847440f3-d688-4b07-94fc-15157b59e37c: Sackin index -0.0147; 7.1 s; peak memory 1246 MiB.
2026-10-09T13:06:38Z INFO [624/750] 8474c743-06d2-4770-9e46-5aad58144b04: Sackin index -0.0702; 0.6 s; peak memory 1246 MiB.
2026-10-09T13:06:41Z INFO [625/750] 84763876-6c37-4805-92fa-05d3298ca975: Sackin index -0.0403; 3.0 s; peak memory 1246 MiB.
2026-10-09T13:06:41Z INFO [626/750] 8476d889-4c15-4b25-bfe0-109f5847915d: Sackin index -0.1349; 0.7 s; peak memory 1246 MiB.
2026-10-09T13:06:42Z INFO [627/750] 847805b2-1ef4-40da-8581-c5e4aabc835d: Sackin index -0.3646; 0.5 s; peak memory 1246 MiB.
2026-10-09T13:06:44Z INFO [628/750] 84783acf-dc19-434c-bd4e-d678f786ddec: Sackin index -0.0694; 1.9 s; peak memory 1246 MiB.
2026-10-09T13:06:45Z INFO [629/750] 8479614e-4caa-4db8-9f55-dd4776596e12: Sackin index -0.0991; 0.8 s; peak memory 1246 MiB.
2026-10-09T13:06:45Z INFO [630/750] 8479ac17-2fe1-4efb-833e-319fdb40774e: Sackin index -0.1349; 0.6 s; peak memory 1246 MiB.
2026-10-09T13:07:05Z INFO [631/750] 847a6ee1-8e52-44fc-b000-253f27fcf788: Sackin index -0.1367; 20.2 s; peak memory 1246 MiB.
2026-10-09T13:07:06Z INFO [632/750] 847aceba-ced9-4956-a309-1598cdb18218: Sackin index -0.0967; 0.7 s; peak memory 1246 MiB.
2026-10-09T13:07:07Z INFO [633/750] 847afa0f-7e25-4185-ab39-930185db49f6: Sackin index -0.2147; 0.5 s; peak memory 1246 MiB.
2026-10-09T13:07:07Z INFO [634/750] 847b2e88-21cb-4d7b-8edc-09bcade14e2e: Sackin index -0.0696; 0.8 s; peak memory 1246 MiB.
2026-10-09T13:07:08Z INFO [635/750] 847c455e-bb5c-4981-93b8-d72803f2c6f4: Sackin index -0.1349; 0.7 s; peak memory 1246 MiB.
2026-10-09T13:07:09Z INFO [636/750] 847d58f4-fd13-43a6-b48c-1cd2e56d55b0: Sackin index -0.1349; 0.6 s; peak memory 1246 MiB.
2026-10-09T13:07:11Z INFO [637/750] 847daff1-7603-4a8b-9011-3015a8fb822d: Sackin index -0.1266; 2.0 s; peak memory 1246 MiB.
2026-10-09T13:07:14Z INFO [638/750] 847e5d1f-115c-4d82-9d01-8d5d20c327cb: Sackin index -0.0470; 3.4 s; peak memory 1246 MiB.
2026-10-09T13:07:15Z INFO [639/750] 847eeafe-c8ae-48df-b448-6c2fdcc6ed7b: Sackin index -0.1349; 0.7 s; peak memory 1246 MiB.
2026-10-09T13:07:16Z INFO [640/750] 84806b0b-1746-47eb-8f0b-053ff5f74d3f: Sackin index -0.0702; 0.7 s; peak memory 1246 MiB.
2026-10-09T13:07:22Z INFO [641/750] 84815528-6653-476b-8c54-f8c09a364a49: Sackin index -0.0213; 6.6 s; peak memory 1246 MiB.
2026-10-09T13:07:25Z INFO [642/750] 848214aa-7a8c-4c6a-8eb3-433e7ce7cdc8: Sackin index -0.0403; 2.8 s; peak memory 1246 MiB.
2026-10-09T13:07:26Z INFO [643/750] 8482235d-eef9-41ef-80d7-cc0adce1b960: Sackin index -0.1349; 0.6 s; peak memory 1246 MiB.
2026-10-09T13:07:26Z INFO [644/750] 8482aa7e-2970-43d8-8b17-4d3e053ae415: Sackin index -0.1349; 0.8 s; peak memory 1246 MiB.
2026-10-09T13:07:27Z INFO [645/750] 8482daba-01f1-4f31-9589-99b8aa0e1cf9: Sackin index -0.1658; 0.4 s; peak memory 1246 MiB.
2026-10-09T13:07:29Z INFO [646/750] 8482f191-9930-49c6-91d3-04e718476b46: Sackin index -0.0660; 2.1 s; peak memory 1246 MiB.
2026-10-09T13:07:29Z INFO [647/750] 8483f98f-3f38-447d-861c-a6ee16408861: Sackin index -0.0696; 0.6 s; peak memory 1246 MiB.
2026-10-09T13:07:30Z INFO [648/750] 84846f1d-9331-4db6-aa2d-e8f2d1ef1301: Sackin index -0.0376; 0.8 s; peak memory 1246 MiB.
2026-10-09T13:07:31Z INFO [649/750] 84847014-6f76-496e-8537-9aaadb906afb: Sackin index -0.1349; 0.7 s; peak memory 1246 MiB.
2026-10-09T13:07:47Z INFO [650/750] 84852129-a6a3-454c-928d-fdb8b9e6d276: Sackin index -0.0050; 16.3 s; peak memory 1246 MiB.
2026-10-09T13:07:48Z INFO [650/750] 84852129-a6a3-454c-928d-fdb8b9e6d276: checkpointed 110736 new records.
2026-10-09T13:07:48Z INFO [651/750] 84853b84-4a38-4640-aad9-7828dd9b6a6f: Sackin index -0.0728; 0.8 s; peak memory 1246 MiB.
2026-10-09T13:07:51Z INFO [652/750] 84853f2e-4cc1-443f-b458-b1ec82e64bf9: Sackin index -0.0869; 3.0 s; peak memory 1246 MiB.
2026-10-09T13:09:28Z INFO [653/750] 8485dfe3-5aeb-4598-8aad-bed3de8be1a5: Sackin index -0.1076; 97.0 s; peak memory 1246 MiB.
2026-10-09T13:09:29Z INFO [654/750] 8485f502-7092-4934-80fe-dc37dd3a4c16: Sackin index -0.0172; 1.1 s; peak memory 1246 MiB.
2026-10-09T13:09:30Z INFO [655/750] 8486bf85-bfb0-444d-b810-c7ead788e3cf: Sackin index -0.1349; 0.7 s; peak memory 1246 MiB.
2026-10-09T13:09:31Z INFO [656/750] 8486f32b-3a23-48c9-ac02-8a2c6855aa58: Sackin index -0.0626; 1.0 s; peak memory 1246 MiB.
2026-10-09T13:09:32Z INFO [657/750] 848726ae-4b45-4ddd-bcd7-674fa8ee5c65: Sackin index -0.1349; 0.7 s; peak memory 1246 MiB.
2026-10-09T13:09:38Z INFO [658/750] 84877f39-3c67-4b80-b803-b05c5b22df92: Sackin index -0.0299; 6.0 s; peak memory 1246 MiB.
2026-10-09T13:09:48Z INFO [659/750] 8487d19e-85c1-4005-8bf6-998f3f12788d: Sackin index -0.0407; 10.1 s; peak memory 1246 MiB.
2026-10-09T13:13:06Z INFO [660/750] 84881a7f-aabe-4df4-a364-903f64fcbf44: Sackin index -0.0396; 198.2 s; peak memory 1246 MiB.
2026-10-09T13:13:09Z INFO [661/750] 8488c96b-b1d4-41c0-afcd-6183cb83dc13: Sackin index -0.0411; 3.0 s; peak memory 1246 MiB.
2026-10-09T13:13:14Z INFO [662/750] 8489110c-e4cf-4992-88ba-5dce6367687b: Sackin index -0.0388; 5.1 s; peak memory 1246 MiB.
2026-10-09T13:13:16Z INFO [663/750] 848b86d0-c00e-44fa-bde6-0331afca62cb: Sackin index -0.0660; 1.9 s; peak memory 1246 MiB.
2026-10-09T13:13:17Z INFO [664/750] 848c1135-4205-4c85-a73f-d970ff24d6ef: Sackin index -0.1658; 0.5 s; peak memory 1246 MiB.
2026-10-09T13:13:17Z INFO [665/750] 848ce779-cfdf-43b3-9ee2-3584591e7b12: Sackin index -0.0702; 0.7 s; peak memory 1246 MiB.
2026-10-09T13:13:18Z INFO [666/750] 848d1ab0-dfea-48e8-9bb4-7fa8de5b84e1: Sackin index -0.0702; 0.8 s; peak memory 1246 MiB.
2026-10-09T13:13:19Z INFO [667/750] 848d40de-a63c-4e7c-a662-a9460c9fb4e9: Sackin index -0.0377; 0.8 s; peak memory 1246 MiB.
2026-10-09T13:13:20Z INFO [668/750] 848e052e-fd68-4429-bff8-e4c82343d3e2: Sackin index -0.1349; 0.5 s; peak memory 1246 MiB.
2026-10-09T13:13:20Z INFO [669/750] 848f60b9-1a84-4887-bd6b-e0a4c2cc96bd: Sackin index -0.0881; 0.7 s; peak memory 1246 MiB.
2026-10-09T13:13:21Z INFO [670/750] 848f85b3-39be-422d-b21c-2d8f94b78666: Sackin index -0.0728; 0.9 s; peak memory 1246 MiB.
2026-10-09T13:13:22Z INFO [671/750] 849059a6-3774-40bc-941d-8fcb2ee7702e: Sackin index -0.0748; 0.7 s; peak memory 1246 MiB.
2026-10-09T13:13:22Z INFO [672/750] 84906177-988e-489e-bce0-956a724ae9fc: Sackin index -0.1349; 0.7 s; peak memory 1246 MiB.
2026-10-09T13:13:23Z INFO [673/750] 84909596-9a14-4522-8462-3a11d7f5d42d: Sackin index -0.0728; 0.8 s; peak memory 1246 MiB.
2026-10-09T13:13:27Z INFO [674/750] 84915da9-767c-4cad-9e5b-ba28232e77e2: Sackin index -0.0203; 3.7 s; peak memory 1246 MiB.
2026-10-09T13:13:29Z INFO [675/750] 84916d8d-f2cf-4514-81fc-dd98169a5a4e: Sackin index -0.0869; 2.1 s; peak memory 1246 MiB.
2026-10-09T13:13:30Z INFO [676/750] 849294a9-0e54-4c9f-81f2-c66a973fa8a5: Sackin index -0.0702; 0.9 s; peak memory 1246 MiB.
2026-10-09T13:16:46Z INFO [677/750] 8492c390-8a35-44bd-a0c6-b3a3c9480bbc: Sackin index -0.0435; 195.9 s; peak memory 1246 MiB.
2026-10-09T13:16:47Z INFO [678/750] 8492f563-fba4-4355-9ddb-82208d1618ca: Sackin index -0.0709; 0.7 s; peak memory 1246 MiB.
2026-10-09T13:16:47Z INFO [679/750] 8492fda8-bc81-4628-8929-ed14b87d0394: Sackin index -0.0702; 0.8 s; peak memory 1246 MiB.
2026-10-09T13:16:48Z INFO [680/750] 84937a54-97b1-4aa5-8ade-2ec636711f0a: Sackin index -0.1349; 0.8 s; peak memory 1246 MiB.
2026-10-09T13:16:49Z INFO [681/750] 8493c3ac-06f5-4d04-91c8-e0e40a9b47c6: Sackin index -0.1658; 0.4 s; peak memory 1246 MiB.
2026-10-09T13:16:50Z INFO [682/750] 84940577-879e-4e7a-b1c1-79d14bbf9185: Sackin index -0.0728; 1.0 s; peak memory 1246 MiB.
2026-10-09T13:16:50Z INFO [683/750] 849422fc-6b1a-494d-ba26-ec1c5283fa9b: Sackin index -0.1349; 0.9 s; peak memory 1246 MiB.
2026-10-09T13:16:51Z INFO [684/750] 8494499e-9466-46ba-9008-fc17b5f7bb81: Sackin index -0.1658; 0.6 s; peak memory 1246 MiB.
2026-10-09T13:18:35Z INFO [685/750] 849564de-1741-4260-992e-a662310dfbde: Sackin index -0.0286; 104.0 s; peak memory 1246 MiB.
2026-10-09T13:18:36Z INFO [686/750] 8495faa8-7fd9-41e2-9ff1-2a64a1e89145: Sackin index -0.0369; 1.2 s; peak memory 1246 MiB.
2026-10-09T13:18:37Z INFO [687/750] 849638cb-6103-4013-a890-740011100d7c: Sackin index -0.3646; 0.5 s; peak memory 1246 MiB.
2026-10-09T13:18:37Z INFO [688/750] 84969c7e-8da4-4af3-825b-25af668111cb: Sackin index -0.1349; 0.7 s; peak memory 1246 MiB.
2026-10-09T13:18:38Z INFO [689/750] 8496f5d7-2455-48ae-809b-a97d5f6a8f18: Sackin index -0.1349; 0.7 s; peak memory 1246 MiB.
2026-10-09T13:18:40Z INFO [690/750] 84988648-4782-4ec9-9e3e-99847e7c07f3: Sackin index -0.0681; 1.6 s; peak memory 1246 MiB.
2026-10-09T13:18:41Z INFO [691/750] 8498f7c7-46f1-4766-9e78-3bab930cda04: Sackin index -0.0728; 1.0 s; peak memory 1246 MiB.
2026-10-09T13:18:41Z INFO [692/750] 84990622-dba5-4c19-834e-fe4f6c527500: Sackin index -0.0380; 0.7 s; peak memory 1246 MiB.
2026-10-09T13:18:42Z INFO [693/750] 849a11c1-c0f4-4207-ac1d-d410011b2e36: Sackin index -0.1448; 0.4 s; peak memory 1246 MiB.
2026-10-09T13:18:43Z INFO [694/750] 849a2512-3021-4e9f-a0bb-33cce337d346: Sackin index -0.0702; 0.8 s; peak memory 1246 MiB.
2026-10-09T13:18:43Z INFO [695/750] 849b1586-177c-4575-b977-414cda6d50da: Sackin index -0.1349; 0.7 s; peak memory 1246 MiB.
2026-10-09T13:19:14Z INFO [696/750] 849b88d2-d157-473c-866a-33aa645e17f2: Sackin index -0.1076; 30.6 s; peak memory 1246 MiB.
2026-10-09T13:19:14Z INFO [697/750] 849b99d0-d4a9-4bc7-af54-d26e58759346: Sackin index -0.2168; 0.5 s; peak memory 1246 MiB.
2026-10-09T13:19:15Z INFO [698/750] 849cda39-7cd6-4056-a109-b809f6442141: Sackin index -0.0434; 1.0 s; peak memory 1246 MiB.
2026-10-09T13:19:16Z INFO [699/750] 849de8f7-4ef9-4e58-b9ea-c79aa3829a4a: Sackin index -0.1349; 0.6 s; peak memory 1246 MiB.
2026-10-09T13:19:25Z INFO [700/750] 849e235f-3ce3-4f31-8736-c4f3547e130a: Sackin index -0.0151; 9.0 s; peak memory 1246 MiB.
2026-10-09T13:19:25Z INFO [700/750] 849e235f-3ce3-4f31-8736-c4f3547e130a: checkpointed 110786 new records.
2026-10-09T13:19:26Z INFO [701/750] 849ef0f3-b351-4ec1-a5f8-c45f1b91b870: Sackin index -0.0728; 0.8 s; peak memory 1246 MiB.
2026-10-09T13:19:33Z INFO [702/750] 849fe1ca-fe26-4464-82c1-7fde37918853: Sackin index -0.0181; 6.8 s; peak memory 1246 MiB.
2026-10-09T13:19:33Z INFO [703/750] 849ff782-c480-4915-88fc-4312084b1322: Sackin index -0.1201; 0.6 s; peak memory 1246 MiB.
2026-10-09T13:19:34Z INFO [704/750] 84a03748-cd8c-432c-ba1b-264e8d80ca14: Sackin index -0.0380; 0.8 s; peak memory 1246 MiB.
2026-10-09T13:21:22Z INFO [705/750] 84a0bba2-00c5-409a-9b0c-c983738b17d3: Sackin index -0.0573; 107.5 s; peak memory 1246 MiB.
2026-10-09T13:21:23Z INFO [706/750] 84a1750f-6298-445d-80c5-c12fec215332: Sackin index -0.0369; 1.2 s; peak memory 1246 MiB.
2026-10-09T13:21:24Z INFO [707/750] 84a17b38-8b5d-49ca-b9fa-72416e85d15f: Sackin index -0.0696; 0.8 s; peak memory 1246 MiB.
2026-10-09T13:21:24Z INFO [708/750] 84a1a087-ff16-484c-b633-ee0e63eca0ca: Sackin index -0.1349; 0.7 s; peak memory 1246 MiB.
2026-10-09T13:21:25Z INFO [709/750] 84a1b492-6d57-4110-8cb2-61369af110a0: Sackin index -0.1349; 0.9 s; peak memory 1246 MiB.
2026-10-09T13:21:27Z INFO [710/750] 84a2eae5-9316-4cab-92ab-cbf3ea99a965: Sackin index -0.0663; 1.9 s; peak memory 1246 MiB.
2026-10-09T13:21:31Z INFO [711/750] 84a31a23-2db0-4319-9047-82cceca0c331: Sackin index -0.0476; 4.1 s; peak memory 1246 MiB.
2026-10-09T13:21:33Z INFO [712/750] 84a33fa4-49ad-465b-962d-f95bfb3d54d2: Sackin index -0.0358; 1.3 s; peak memory 1246 MiB.
2026-10-09T13:21:33Z INFO [713/750] 84a3bdd6-80ba-4fec-bddd-5715c632caf4: Sackin index -0.1272; 0.4 s; peak memory 1246 MiB.
2026-10-09T13:21:42Z INFO [714/750] 84a4673b-9615-4251-ae06-491d70e19a2c: Sackin index -0.0100; 8.9 s; peak memory 1246 MiB.
2026-10-09T13:21:43Z INFO [715/750] 84a48fe3-e8c3-44fe-a84a-6a7cfcad0b7e: Sackin index -0.0272; 1.4 s; peak memory 1246 MiB.
2026-10-09T13:21:44Z INFO [716/750] 84a4f9e8-31d0-455c-84a8-03dc84e1ef69: Sackin index -0.0702; 0.7 s; peak memory 1246 MiB.
2026-10-09T13:21:45Z INFO [717/750] 84a5a123-928a-4494-a259-17a804fb35c0: Sackin index -0.1191; 0.5 s; peak memory 1246 MiB.
2026-10-09T13:21:47Z INFO [718/750] 84a5c7f3-0ef1-455e-b158-05939835d5d0: Sackin index -0.0694; 1.9 s; peak memory 1246 MiB.
2026-10-09T13:21:47Z INFO [719/750] 84a5dfdd-5de5-4cec-b4af-561eb4740dc7: Sackin index -0.1349; 0.6 s; peak memory 1246 MiB.
2026-10-09T13:21:52Z INFO [720/750] 84a71c80-6450-4444-9c37-f79c14aac8c4: Sackin index -0.0308; 5.4 s; peak memory 1246 MiB.
2026-10-09T13:22:09Z INFO [721/750] 84a76bc2-17b5-4194-828d-5ba74d46c558: Sackin index -0.1367; 16.3 s; peak memory 1246 MiB.
2026-10-09T13:22:10Z INFO [722/750] 84a84b59-158c-4972-81f2-7e6181e82cfe: Sackin index -0.0702; 0.7 s; peak memory 1246 MiB.
2026-10-09T13:22:10Z INFO [723/750] 84a8ab33-a46a-4cbf-ba69-e16cc1b089c0: Sackin index -0.0709; 0.6 s; peak memory 1246 MiB.
2026-10-09T13:22:11Z INFO [724/750] 84a8b5c1-cfcb-49e1-8ade-17a43997d8b2: Sackin index -0.0702; 0.7 s; peak memory 1246 MiB.
2026-10-09T13:22:12Z INFO [725/750] 84ab716d-6b39-4685-9648-fc621c6891e2: Sackin index -0.0371; 0.7 s; peak memory 1246 MiB.
2026-10-09T13:22:12Z INFO [726/750] 84ac1c02-9f97-4917-84cd-ee6f70606e7c: Sackin index -0.0702; 0.6 s; peak memory 1246 MiB.
2026-10-09T13:22:19Z INFO [727/750] 84ac2315-70d6-41c9-8fb9-da406bc33256: Sackin index -0.0439; 6.8 s; peak memory 1246 MiB.
2026-10-09T13:22:20Z INFO [728/750] 84ac714d-f4f9-4c2d-83c1-40a3912284c6: Sackin index -0.0709; 0.7 s; peak memory 1246 MiB.
2026-10-09T13:22:20Z INFO [729/750] 84ad6cea-bc26-45e4-93c4-9ee370e0f291: Sackin index -0.1194; 0.8 s; peak memory 1246 MiB.
2026-10-09T13:23:44Z INFO [730/750] 84ad7192-9adb-48c9-bfb0-b0888db1901f: Sackin index -0.0410; 84.1 s; peak memory 1246 MiB.
2026-10-09T13:23:45Z INFO [731/750] 84ad8918-e239-45c9-b1ac-f6af9a74a370: Sackin index -0.1349; 1.1 s; peak memory 1246 MiB.
2026-10-09T13:23:53Z INFO [732/750] 84adb175-7322-4665-9bdd-2d16f26d99c4: Sackin index -0.0143; 7.1 s; peak memory 1246 MiB.
2026-10-09T13:23:53Z INFO [733/750] 84adc148-9570-4430-b6fc-7d33be0a91bf: Sackin index -0.0696; 0.8 s; peak memory 1246 MiB.
2026-10-09T13:23:54Z INFO [734/750] 84add751-907a-4257-81c6-b2629a45ffbe: Sackin index -0.1000; 0.8 s; peak memory 1246 MiB.
2026-10-09T13:23:55Z INFO [735/750] 84aeaa11-c7d2-4b13-b6fd-1d2906d489a2: Sackin index -0.1349; 0.8 s; peak memory 1246 MiB.
2026-10-09T13:23:56Z INFO [736/750] 84af75cc-f648-4fde-a682-6f2c9f5101c1: Sackin index -0.1349; 0.7 s; peak memory 1246 MiB.
2026-10-09T13:23:56Z INFO [737/750] 84b0939c-898e-461e-8e09-e61a06e63a62: Sackin index -0.0728; 0.7 s; peak memory 1246 MiB.
2026-10-09T13:23:57Z INFO [738/750] 84b095e1-472c-4444-b19b-16773f2bc9bc: Sackin index -0.1349; 0.8 s; peak memory 1246 MiB.
2026-10-09T13:23:58Z INFO [739/750] 84b1705d-4c7d-4660-af74-81fc88c91615: Sackin index -0.0728; 0.9 s; peak memory 1246 MiB.
2026-10-09T13:23:59Z INFO [740/750] 84b189cd-ee60-4e4a-b710-e7eb04ef54b6: Sackin index -0.0275; 0.9 s; peak memory 1246 MiB.
2026-10-09T13:24:00Z INFO [741/750] 84b189f6-d299-4c80-aa02-39139d87df8f: Sackin index -0.1178; 0.6 s; peak memory 1246 MiB.
2026-10-09T13:24:01Z INFO [742/750] 84b1f201-ef32-4f69-a41f-0467bfa6bed4: Sackin index -0.0728; 1.0 s; peak memory 1246 MiB.
2026-10-09T13:24:02Z INFO [743/750] 84b21e2c-d884-4e95-a309-335693c01b41: Sackin index -0.0745; 1.0 s; peak memory 1246 MiB.
2026-10-09T13:24:02Z INFO [744/750] 84b2975a-7ad1-44d8-b841-7b7092553819: Sackin index -0.0702; 0.6 s; peak memory 1246 MiB.
2026-10-09T13:24:09Z INFO [745/750] 84b312e2-4c7f-4c4e-84dd-ec61eba8b78f: Sackin index -0.0142; 7.3 s; peak memory 1246 MiB.
2026-10-09T13:24:12Z INFO [746/750] 84b3aa17-1f4e-4fb9-a26d-050f7e506a34: Sackin index -0.1266; 2.2 s; peak memory 1246 MiB.
2026-10-09T13:24:13Z INFO [747/750] 84b3acc2-8a09-4888-92c4-483f4dc3e313: Sackin index -0.0728; 0.9 s; peak memory 1246 MiB.
2026-10-09T13:24:14Z INFO [748/750] 84b3dd7d-6165-4f8e-ab33-5ad49c6bebef: Sackin index -0.0728; 1.0 s; peak memory 1246 MiB.
2026-10-09T13:24:14Z INFO [749/750] 84b4a6bb-cee5-42bd-bd23-38f37e8e18ed: Sackin index -0.0709; 0.7 s; peak memory 1246 MiB.
2026-10-09T13:24:15Z INFO [750/750] 84b4e0e3-10c6-4e29-8829-c40e7cce17c8: Sackin index -0.0728; 1.1 s; peak memory 1246 MiB.
2026-10-09T13:24:16Z INFO [750/750] 84b4e0e3-10c6-4e29-8829-c40e7cce17c8: checkpointed 110836 new records.
2026-10-09T13:24:16Z INFO Wrote 110836 records to /tmp/derivatives/valid_nwb_file_to_sackin_index.jsonl (750 new, 0 failed) in 77.3 min (peak memory 1246 MiB).
