2026-10-10T05:56:44Z INFO Logging to /tmp/logs/update_2026-10-10T05-56-44Z.log.
2026-10-10T05:56:44Z INFO Update valid-nwb-file-to-sackin-index (base directory /tmp).
2026-10-10T05:56:44Z INFO Processing 750 items (115336 already recorded).
2026-10-10T05:56:47Z INFO [1/750] 8dbd6b67-49ce-452e-b215-66370068936f: Sackin index -0.0660; 2.6 s; peak memory 126 MiB.
2026-10-10T05:56:47Z INFO [2/750] 8dbe5388-44f5-4fff-a5e6-b0a309d7e2ec: Sackin index -0.1349; 0.7 s; peak memory 126 MiB.
2026-10-10T05:56:55Z INFO [3/750] 8dbec936-ebe1-43c2-b718-b861a9064afa: Sackin index -0.0197; 7.8 s; peak memory 161 MiB.
2026-10-10T05:56:56Z INFO [4/750] 8dbed12a-8331-45ff-999f-3a0a1ebeb6ec: Sackin index -0.1349; 0.7 s; peak memory 161 MiB.
2026-10-10T05:57:46Z INFO [5/750] 8dbef6e1-e2ce-49bf-9796-3af60cf76c06: Sackin index -0.1432; 49.9 s; peak memory 219 MiB.
2026-10-10T05:57:47Z INFO [6/750] 8dbfbe87-9bd9-40f7-9d2c-5bb54acfeac6: Sackin index -0.0709; 0.8 s; peak memory 219 MiB.
2026-10-10T05:57:47Z INFO [7/750] 8dc075eb-3fee-4858-8955-c3d149c347e4: Sackin index -0.0728; 1.0 s; peak memory 219 MiB.
2026-10-10T05:57:48Z INFO [8/750] 8dc0a467-a744-41e4-a07e-7b7f790d7610: Sackin index -0.0696; 0.6 s; peak memory 219 MiB.
2026-10-10T05:57:55Z INFO [9/750] 8dc0b1fd-380d-454b-a656-89f4c8728654: Sackin index -0.0217; 6.6 s; peak memory 219 MiB.
2026-10-10T05:57:56Z INFO [10/750] 8dc127be-a948-4dd1-912d-a110e39944db: Sackin index -0.0747; 1.4 s; peak memory 219 MiB.
2026-10-10T05:57:57Z INFO [11/750] 8dc201be-316f-4ae8-9088-73cb7875b364: Sackin index -0.1602; 0.6 s; peak memory 219 MiB.
2026-10-10T05:57:57Z INFO [12/750] 8dc2d54a-570a-4d20-ac4c-4ecdaf9ca19c: Sackin index -0.0381; 0.7 s; peak memory 219 MiB.
2026-10-10T05:57:58Z INFO [13/750] 8dc2e024-4885-4ac1-9ff5-f80faca31905: Sackin index -0.1349; 0.7 s; peak memory 219 MiB.
2026-10-10T05:59:16Z INFO [14/750] 8dc3bed6-32a5-42f7-bc4c-5af603e929bb: Sackin index -0.0668; 78.3 s; peak memory 394 MiB.
2026-10-10T05:59:17Z INFO [15/750] 8dc3d026-6161-47ac-adb6-bcdd6f3db4fa: Sackin index -0.0728; 0.8 s; peak memory 394 MiB.
2026-10-10T05:59:18Z INFO [16/750] 8dc3e2e6-d875-4159-8c67-457b23c90bfe: Sackin index -0.0745; 0.9 s; peak memory 394 MiB.
2026-10-10T06:00:55Z INFO [17/750] 8dc4b4f0-ad74-4fa5-be02-ba15844af684: Sackin index -0.0286; 97.4 s; peak memory 394 MiB.
2026-10-10T06:00:57Z INFO [18/750] 8dc59029-1a40-4565-894d-f2084c3f028d: Sackin index -0.0699; 1.8 s; peak memory 394 MiB.
2026-10-10T06:01:03Z INFO [19/750] 8dc65720-245a-4cdb-83e7-c9dad8febf97: Sackin index -0.1495; 5.5 s; peak memory 394 MiB.
2026-10-10T06:01:03Z INFO [20/750] 8dc8348a-f070-466f-93f4-e3a02f822379: Sackin index -0.1349; 0.7 s; peak memory 394 MiB.
2026-10-10T06:01:04Z INFO [21/750] 8dc92b51-8919-4b88-8c9d-0472390780d2: Sackin index -0.2000; 0.4 s; peak memory 394 MiB.
2026-10-10T06:01:04Z INFO [22/750] 8dc94975-8993-4ce4-99d0-35866d2ef72e: Sackin index -0.1191; 0.7 s; peak memory 394 MiB.
2026-10-10T06:01:05Z INFO [23/750] 8dc96d81-ccb9-4cec-83ef-d3e07344aa54: Sackin index -0.0702; 0.8 s; peak memory 394 MiB.
2026-10-10T06:02:50Z INFO [24/750] 8dc971bf-01af-4916-855e-8d00064d6ba6: Sackin index -0.0414; 105.0 s; peak memory 394 MiB.
2026-10-10T06:02:51Z INFO [25/750] 8dca12af-95d1-4e79-b3c1-55defa07cdef: Sackin index -0.0275; 0.9 s; peak memory 394 MiB.
2026-10-10T06:02:52Z INFO [26/750] 8dcb2561-8115-4626-ad54-87b9134d55ba: Sackin index -0.0702; 0.7 s; peak memory 394 MiB.
2026-10-10T06:02:52Z INFO [27/750] 8dcb7bcd-30f7-4833-8bbe-db1ad16d1d6f: Sackin index -0.1349; 0.6 s; peak memory 394 MiB.
2026-10-10T06:02:53Z INFO [28/750] 8dcb9a73-4e5d-4244-89f0-07f819e726dd: Sackin index -0.0728; 1.0 s; peak memory 394 MiB.
2026-10-10T06:02:54Z INFO [29/750] 8dcc5dfb-c5b0-4412-b706-69b85362952d: Sackin index -0.0696; 0.8 s; peak memory 394 MiB.
2026-10-10T06:02:55Z INFO [30/750] 8dcc8e53-cf6c-45cd-982f-89cfb5d0b258: Sackin index -0.0728; 0.9 s; peak memory 394 MiB.
2026-10-10T06:02:57Z INFO [31/750] 8dcdcca9-b459-4ef3-9dad-2daa17c67904: Sackin index -0.0676; 1.5 s; peak memory 394 MiB.
2026-10-10T06:02:57Z INFO [32/750] 8dcdf5ea-ccf0-450d-9349-faead5312a2b: Sackin index -0.1349; 0.6 s; peak memory 394 MiB.
2026-10-10T06:02:58Z INFO [33/750] 8dce432b-0845-4a0f-b5b6-f09e32ab2310: Sackin index -0.1349; 0.7 s; peak memory 394 MiB.
2026-10-10T06:02:59Z INFO [34/750] 8dcfad28-cfec-4fd4-998d-ac3401aca7d3: Sackin index -0.1239; 0.7 s; peak memory 394 MiB.
2026-10-10T06:02:59Z INFO [35/750] 8dcff471-2acb-40df-95af-404229297736: Sackin index -0.1349; 0.7 s; peak memory 394 MiB.
2026-10-10T06:03:00Z INFO [36/750] 8dd15c1f-2076-4045-b725-e19ebc516c13: Sackin index -0.0702; 0.8 s; peak memory 394 MiB.
2026-10-10T06:03:01Z INFO [37/750] 8dd181ab-427e-41c4-9310-144c48a9ef86: Sackin index -0.1349; 0.6 s; peak memory 394 MiB.
2026-10-10T06:03:02Z INFO [38/750] 8dd21af3-0fb6-41b4-bdbf-a6be5de55ee6: Sackin index -0.0728; 0.8 s; peak memory 394 MiB.
2026-10-10T06:03:02Z INFO [39/750] 8dd303ad-4530-4ac1-8176-884c77959f7f: Sackin index -0.0626; 0.8 s; peak memory 394 MiB.
2026-10-10T06:03:03Z INFO [40/750] 8dd42af0-474b-4b36-9018-1f57eeb29375: Sackin index -0.1408; 0.5 s; peak memory 394 MiB.
2026-10-10T06:03:11Z INFO [41/750] 8dd45510-22a4-4da6-8d60-19b544e5ffc1: Sackin index -0.0293; 8.2 s; peak memory 394 MiB.
2026-10-10T06:03:12Z INFO [42/750] 8dd59d63-5dba-44e4-a2be-f92e2dd362a8: Sackin index -0.0369; 1.3 s; peak memory 394 MiB.
2026-10-10T06:03:13Z INFO [43/750] 8dd74dc3-d163-4684-85f3-f17f2bbfae28: Sackin index -0.1349; 0.6 s; peak memory 394 MiB.
2026-10-10T06:03:14Z INFO [44/750] 8dd79ac5-d638-42fc-ba46-bd1b9261b55d: Sackin index -0.0707; 0.6 s; peak memory 394 MiB.
2026-10-10T06:03:16Z INFO [45/750] 8dd7eeab-c78a-4d2e-ac86-b9005f3b34cd: Sackin index -0.0403; 2.7 s; peak memory 394 MiB.
2026-10-10T06:03:20Z INFO [46/750] 8dd845d8-9a27-4f6b-93de-1c57be2f37a1: Sackin index -0.0251; 3.3 s; peak memory 394 MiB.
2026-10-10T06:03:20Z INFO [47/750] 8dd8ab67-135c-4b30-aebc-5b365cc3dc55: Sackin index -0.1331; 0.4 s; peak memory 394 MiB.
2026-10-10T06:03:24Z INFO [48/750] 8dd8d384-d602-4f3e-83f7-dd56a48ca068: Sackin index -0.0411; 4.0 s; peak memory 394 MiB.
2026-10-10T06:03:30Z INFO [49/750] 8dd95f6b-3962-4adc-ac69-5ae05d912cb5: Sackin index -0.0439; 5.6 s; peak memory 394 MiB.
2026-10-10T06:03:30Z INFO [50/750] 8dd990f4-b865-4082-a9c9-5d0ba0aadda4: Sackin index -0.1349; 0.6 s; peak memory 394 MiB.
2026-10-10T06:03:30Z INFO [50/750] 8dd990f4-b865-4082-a9c9-5d0ba0aadda4: checkpointed 115386 new records.
2026-10-10T06:03:32Z INFO [51/750] 8dd9c490-5ec4-4985-8e08-a6c87864fbb5: Sackin index -0.0693; 1.8 s; peak memory 394 MiB.
2026-10-10T06:03:33Z INFO [52/750] 8dda6b65-83f3-40e0-87a8-caa798cf2381: Sackin index -0.1383; 1.0 s; peak memory 394 MiB.
2026-10-10T06:03:34Z INFO [53/750] 8ddaaab6-10bd-473b-83de-e0af68fdb311: Sackin index -0.1658; 0.5 s; peak memory 394 MiB.
2026-10-10T06:03:34Z INFO [54/750] 8ddb02b3-c6e0-458c-9078-3dabe9e5ff7a: Sackin index -0.1658; 0.5 s; peak memory 394 MiB.
2026-10-10T06:03:40Z INFO [55/750] 8ddbbfe2-5e47-4832-ae9f-d8e80d8a7008: Sackin index -0.0366; 5.6 s; peak memory 394 MiB.
2026-10-10T06:03:41Z INFO [56/750] 8ddbc3c8-96ac-4f0c-91d2-ed4423747b91: Sackin index -0.0881; 0.8 s; peak memory 394 MiB.
2026-10-10T06:03:43Z INFO [57/750] 8ddbcd3a-e59a-4831-9e8d-2c162230821a: Sackin index -0.0537; 2.5 s; peak memory 394 MiB.
2026-10-10T06:03:52Z INFO [58/750] 8ddc54dc-72a0-4cf7-8450-7991220f6f0a: Sackin index -0.0145; 8.4 s; peak memory 394 MiB.
2026-10-10T06:03:52Z INFO [59/750] 8ddd6973-cb8d-4f67-86c2-91b9b49d9afe: Sackin index -0.1319; 0.6 s; peak memory 394 MiB.
2026-10-10T06:03:58Z INFO [60/750] 8ddda597-5713-48cc-87d8-369f47a8763b: Sackin index -0.0213; 5.9 s; peak memory 394 MiB.
2026-10-10T06:03:59Z INFO [61/750] 8ddda93a-95ea-4d91-a849-95e78e8fd5fe: Sackin index -0.0702; 0.8 s; peak memory 394 MiB.
2026-10-10T06:04:00Z INFO [62/750] 8ddeadea-4237-427d-aaac-8b398d574721: Sackin index -0.1349; 0.7 s; peak memory 394 MiB.
2026-10-10T06:04:22Z INFO [63/750] 8ddfdeb8-78ac-40a0-9d75-699ce83bd89a: Sackin index -0.0030; 22.6 s; peak memory 394 MiB.
2026-10-10T06:04:23Z INFO [64/750] 8de252ee-d6f7-47f9-bc15-aadee6c12b69: Sackin index -0.1938; 0.8 s; peak memory 394 MiB.
2026-10-10T06:04:24Z INFO [65/750] 8de2ed4f-b648-45da-983a-d8d90734d27c: Sackin index -0.1349; 0.7 s; peak memory 394 MiB.
2026-10-10T06:04:24Z INFO [66/750] 8de35a51-66d0-44d4-8c51-8f314b5cb3f0: Sackin index -0.1349; 0.7 s; peak memory 394 MiB.
2026-10-10T06:04:25Z INFO [67/750] 8de377a5-c038-41b8-ba85-3c1ab6852257: Sackin index -0.1349; 0.7 s; peak memory 394 MiB.
2026-10-10T06:04:26Z INFO [68/750] 8de395d5-f0f4-4cc5-8943-588591e4d34c: Sackin index -0.1248; 0.7 s; peak memory 394 MiB.
2026-10-10T06:04:26Z INFO [69/750] 8de3ecf6-b7fd-483a-8e65-1136fb1e5409: Sackin index -0.1349; 0.5 s; peak memory 394 MiB.
2026-10-10T06:04:27Z INFO [70/750] 8de42324-9a5c-42d5-b562-a0bb006e0754: Sackin index -0.1380; 0.9 s; peak memory 394 MiB.
2026-10-10T06:04:47Z INFO [71/750] 8de43c6c-0593-4604-b872-72fad0307955: Sackin index -0.1367; 19.4 s; peak memory 394 MiB.
2026-10-10T06:04:48Z INFO [72/750] 8de46a33-e437-4206-9e08-ad4e8f612444: Sackin index -0.0579; 1.6 s; peak memory 394 MiB.
2026-10-10T06:04:49Z INFO [73/750] 8de476fe-a2ff-4d32-be9c-0af011d9bb88: Sackin index -0.0287; 0.6 s; peak memory 394 MiB.
2026-10-10T06:04:50Z INFO [74/750] 8de4a060-ef23-4cf8-9763-cc75ea7b2bdc: Sackin index -0.0728; 0.8 s; peak memory 394 MiB.
2026-10-10T06:04:50Z INFO [75/750] 8de4a14e-4986-49bd-9c3e-b010a04bdb13: Sackin index -0.1349; 0.7 s; peak memory 394 MiB.
2026-10-10T06:04:51Z INFO [76/750] 8de4b81d-00ed-4aef-a0d4-1390477cbd1d: Sackin index -0.0709; 0.8 s; peak memory 394 MiB.
2026-10-10T06:04:52Z INFO [77/750] 8de4fb84-10e3-47ef-91ab-be6c39e62c5f: Sackin index -0.1191; 0.5 s; peak memory 394 MiB.
2026-10-10T06:05:13Z INFO [78/750] 8de55539-775a-4f57-b88e-e240d3bab6eb: Sackin index -0.1367; 21.7 s; peak memory 394 MiB.
2026-10-10T06:05:18Z INFO [79/750] 8de606f7-7af0-4e12-a0c9-c385ea0ea16e: Sackin index -0.0435; 4.4 s; peak memory 394 MiB.
2026-10-10T06:05:19Z INFO [80/750] 8de6246d-e4a3-42c4-b6a8-97f7f05f43d2: Sackin index -0.0702; 0.9 s; peak memory 394 MiB.
2026-10-10T06:05:20Z INFO [81/750] 8de6ef33-ba96-4f90-96ba-5a73b16b2bd9: Sackin index -0.0272; 1.1 s; peak memory 394 MiB.
2026-10-10T06:05:21Z INFO [82/750] 8de6f82a-d260-41a7-ad70-db8890202c45: Sackin index -0.0369; 1.7 s; peak memory 394 MiB.
2026-10-10T06:07:05Z INFO [83/750] 8de728b5-8d27-4413-b04e-6f25d9840825: Sackin index -0.0260; 103.5 s; peak memory 394 MiB.
2026-10-10T06:07:06Z INFO [84/750] 8de7343a-aa65-4fee-85f9-613ff3963904: Sackin index -0.0382; 0.8 s; peak memory 394 MiB.
2026-10-10T06:07:07Z INFO [85/750] 8de8cf04-c702-47e8-99e4-2a44d57c16db: Sackin index -0.0728; 1.1 s; peak memory 394 MiB.
2026-10-10T06:07:07Z INFO [86/750] 8dea6fd2-c3de-4d66-86a7-e390e7f47d0d: Sackin index -0.1349; 0.6 s; peak memory 394 MiB.
2026-10-10T06:07:08Z INFO [87/750] 8dea9e69-15aa-4847-b8e5-5ed6650e9f90: Sackin index -0.0702; 0.7 s; peak memory 394 MiB.
2026-10-10T06:07:08Z INFO [88/750] 8deb0007-9875-46c3-8d1e-736c1cce5ef7: Sackin index -0.1178; 0.4 s; peak memory 394 MiB.
2026-10-10T06:07:09Z INFO [89/750] 8dece5f0-9f79-4294-8a9e-abf1bd9174a7: Sackin index -0.0434; 0.8 s; peak memory 394 MiB.
2026-10-10T06:07:10Z INFO [90/750] 8def0087-f0eb-4ca6-ba07-2621ce5a6d25: Sackin index -0.1345; 0.6 s; peak memory 394 MiB.
2026-10-10T06:07:11Z INFO [91/750] 8def9ac5-614b-4473-9aef-799b8be27cbb: Sackin index -0.0643; 1.5 s; peak memory 394 MiB.
2026-10-10T06:07:12Z INFO [92/750] 8df02e06-3060-48b8-a3ab-fe31b912e805: Sackin index -0.1349; 0.7 s; peak memory 394 MiB.
2026-10-10T06:07:13Z INFO [93/750] 8df0eca0-8cb7-4494-bb6f-b090bdc92fbf: Sackin index -0.1938; 0.6 s; peak memory 394 MiB.
2026-10-10T06:07:15Z INFO [94/750] 8df0f664-d354-4f51-b5b9-f66656d8fadc: Sackin index -0.1938; 2.4 s; peak memory 394 MiB.
2026-10-10T06:07:16Z INFO [95/750] 8df2c6a8-d830-419c-9c6e-21479f78f97f: Sackin index -0.0702; 0.5 s; peak memory 394 MiB.
2026-10-10T06:07:34Z INFO [96/750] 8df37358-a1c1-4a29-81cd-9717fd7646d6: Sackin index -0.1367; 18.9 s; peak memory 394 MiB.
2026-10-10T06:07:36Z INFO [97/750] 8df3a012-93ef-4255-81c2-91bd212bd56d: Sackin index -0.0375; 1.1 s; peak memory 394 MiB.
2026-10-10T06:07:37Z INFO [98/750] 8df3da36-174b-42d9-8211-f2f9a0ab048a: Sackin index -0.0728; 1.1 s; peak memory 394 MiB.
2026-10-10T06:07:38Z INFO [99/750] 8df3ec39-bb57-4f20-9fcc-2b9cac4ffaa2: Sackin index -0.0660; 1.9 s; peak memory 394 MiB.
2026-10-10T06:07:39Z INFO [100/750] 8df4a6d0-aec2-4054-965d-5f9d76b3f683: Sackin index -0.0702; 0.8 s; peak memory 394 MiB.
2026-10-10T06:07:40Z INFO [100/750] 8df4a6d0-aec2-4054-965d-5f9d76b3f683: checkpointed 115436 new records.
2026-10-10T06:09:23Z INFO [101/750] 8df5a3a0-af69-49b9-8a33-73a205c9c04b: Sackin index -0.0286; 103.2 s; peak memory 394 MiB.
2026-10-10T06:09:23Z INFO [102/750] 8df5f112-ef7b-4396-8768-dad797a4939f: Sackin index -0.0702; 0.7 s; peak memory 394 MiB.
2026-10-10T06:09:24Z INFO [103/750] 8df65013-a5f8-43be-9b5f-6f87d8f0d3f1: Sackin index -0.1331; 0.6 s; peak memory 394 MiB.
2026-10-10T06:09:25Z INFO [104/750] 8df6a666-a654-45f0-af78-c5fff6156939: Sackin index -0.1349; 0.6 s; peak memory 394 MiB.
2026-10-10T06:09:25Z INFO [105/750] 8df6cbd4-7962-444b-892c-d0306711870d: Sackin index -0.1178; 0.5 s; peak memory 394 MiB.
2026-10-10T06:09:26Z INFO [106/750] 8df6d2b0-a7ee-4528-9ff5-e6fe99598b2a: Sackin index -0.1349; 0.7 s; peak memory 394 MiB.
2026-10-10T06:09:26Z INFO [107/750] 8df6d659-09df-4eaf-bb7e-1ec8ec50ab23: Sackin index -0.1248; 0.6 s; peak memory 394 MiB.
2026-10-10T06:09:27Z INFO [108/750] 8df75680-43c4-4ac9-8c59-a6a0c8279cc8: Sackin index -0.0728; 0.8 s; peak memory 394 MiB.
2026-10-10T06:09:28Z INFO [109/750] 8df816b8-e845-4249-9e9f-6dc67ab301cc: Sackin index -0.0702; 0.6 s; peak memory 394 MiB.
2026-10-10T06:09:39Z INFO [110/750] 8df85289-db05-477e-a6a1-275ab665c511: Sackin index -0.1892; 10.9 s; peak memory 394 MiB.
2026-10-10T06:12:51Z INFO [111/750] 8df8d700-82e1-4da1-9862-69992bf4c80d: Sackin index -0.0409; 192.8 s; peak memory 432 MiB.
2026-10-10T06:12:54Z INFO [112/750] 8df94214-84ad-426a-bb21-92b8a748005a: Sackin index -0.1674; 2.2 s; peak memory 432 MiB.
2026-10-10T06:12:56Z INFO [113/750] 8df97bfc-767f-4ed1-8455-3e494db28823: Sackin index -0.0660; 2.1 s; peak memory 432 MiB.
2026-10-10T06:12:56Z INFO [114/750] 8dfaa5c0-3ca8-4c97-bae4-07603f7a5dbf: Sackin index -0.1658; 0.5 s; peak memory 432 MiB.
2026-10-10T06:12:57Z INFO [115/750] 8dfb680b-db6d-472e-9914-5e74f5499523: Sackin index -0.0276; 1.0 s; peak memory 432 MiB.
2026-10-10T06:12:58Z INFO [116/750] 8dfc8725-867b-48c7-a278-5fc85a0b31e0: Sackin index -0.0896; 0.8 s; peak memory 432 MiB.
2026-10-10T06:36:00Z INFO [117/750] 8dfd37e0-af44-402d-a982-c44bfa317cd7: Sackin index -0.1290; 1382.0 s; peak memory 1150 MiB.
2026-10-10T06:36:01Z INFO [118/750] 8dfd8b4e-c1ce-49a2-8b07-de69c0c77400: Sackin index -0.1938; 0.6 s; peak memory 1150 MiB.
2026-10-10T06:37:40Z INFO [119/750] 8dfe57a2-1a5b-4d09-9bfb-d29bbc12b6fa: Sackin index -0.0410; 99.3 s; peak memory 1150 MiB.
2026-10-10T06:37:41Z INFO [120/750] 8dff3387-ad60-48fc-aff1-a49303659f40: Sackin index -0.0579; 1.3 s; peak memory 1150 MiB.
2026-10-10T06:37:43Z INFO [121/750] 8dff38b2-de53-4854-8517-c09a1b83a5e4: Sackin index -0.0365; 1.2 s; peak memory 1150 MiB.
2026-10-10T06:37:43Z INFO [122/750] 8dffaf94-b6dc-4920-944c-2fa8a0f7dd04: Sackin index -0.1349; 0.8 s; peak memory 1150 MiB.
2026-10-10T06:37:44Z INFO [123/750] 8e0002d8-0227-488f-adb5-0aebbcbd26c6: Sackin index -0.0728; 0.8 s; peak memory 1150 MiB.
2026-10-10T06:37:45Z INFO [124/750] 8e017854-d265-470b-bbf5-e725927e4861: Sackin index -0.0696; 0.7 s; peak memory 1150 MiB.
2026-10-10T06:37:46Z INFO [125/750] 8e025e08-667e-407e-97d2-098b355f1f48: Sackin index -0.0709; 0.7 s; peak memory 1150 MiB.
2026-10-10T06:37:46Z INFO [126/750] 8e02658a-b1ad-4e37-af5e-57ea7a79e94a: Sackin index -0.1408; 0.8 s; peak memory 1150 MiB.
2026-10-10T06:37:47Z INFO [127/750] 8e028250-dc69-47a5-916d-f80ac8c04275: Sackin index -0.0709; 0.7 s; peak memory 1150 MiB.
2026-10-10T06:37:55Z INFO [128/750] 8e02aead-d491-45a8-9588-fbb86c354b5a: Sackin index -0.0034; 8.4 s; peak memory 1150 MiB.
2026-10-10T06:37:56Z INFO [129/750] 8e03d8cd-c15a-4bb5-80b3-d921e7ed0da6: Sackin index -0.0483; 0.8 s; peak memory 1150 MiB.
2026-10-10T06:37:57Z INFO [130/750] 8e045672-32f5-4b3b-8d67-5f808288eae9: Sackin index -0.1349; 0.6 s; peak memory 1150 MiB.
2026-10-10T06:37:57Z INFO [131/750] 8e047abd-e67f-4d57-89d7-610baceebfe4: Sackin index -0.1349; 0.7 s; peak memory 1150 MiB.
2026-10-10T06:37:58Z INFO [132/750] 8e04bfed-430a-4865-8705-7e19ec4d99a3: Sackin index -0.1349; 0.6 s; peak memory 1150 MiB.
2026-10-10T06:37:59Z INFO [133/750] 8e04d41f-d775-49e9-8473-b74ef9e051c6: Sackin index -0.0748; 0.5 s; peak memory 1150 MiB.
2026-10-10T06:38:01Z INFO [134/750] 8e04dd01-f1af-42c5-949d-5796a123b6f8: Sackin index -0.0643; 2.7 s; peak memory 1150 MiB.
2026-10-10T06:38:08Z INFO [135/750] 8e0646af-ee37-4484-9526-e32564e70ddf: Sackin index -0.0132; 7.0 s; peak memory 1150 MiB.
2026-10-10T06:38:12Z INFO [136/750] 8e064aa1-14a5-4ed8-bf55-f374d65ba986: Sackin index -0.0403; 4.2 s; peak memory 1150 MiB.
2026-10-10T06:38:13Z INFO [137/750] 8e07afde-2dbd-419a-a566-001b07bb1bf9: Sackin index -0.0702; 0.7 s; peak memory 1150 MiB.
2026-10-10T06:38:14Z INFO [138/750] 8e07ef81-9620-4e5b-9521-fa686a53f0f5: Sackin index -0.1331; 0.4 s; peak memory 1150 MiB.
2026-10-10T06:38:16Z INFO [139/750] 8e087d7d-e171-474e-9c0c-d245a338421f: Sackin index -0.0242; 2.8 s; peak memory 1150 MiB.
2026-10-10T06:38:17Z INFO [140/750] 8e0a8007-4949-41e3-9dec-c6fd76f58351: Sackin index -0.1349; 0.5 s; peak memory 1150 MiB.
2026-10-10T06:38:20Z INFO [141/750] 8e0bf236-d3b7-4312-9c1a-924d375bded2: Sackin index -0.0251; 3.0 s; peak memory 1150 MiB.
2026-10-10T06:38:20Z INFO [142/750] 8e0d2d0e-385b-45dd-82e3-1547ef44827d: Sackin index -0.1135; 0.5 s; peak memory 1150 MiB.
2026-10-10T06:38:24Z INFO [143/750] 8e0e13b9-ed8b-4884-a62a-a1eaaaef3851: Sackin index -0.0190; 3.5 s; peak memory 1150 MiB.
2026-10-10T06:38:42Z INFO [144/750] 8e0e2e3c-e60b-4954-9777-fd16f5686308: Sackin index -0.1367; 18.2 s; peak memory 1150 MiB.
2026-10-10T06:38:43Z INFO [145/750] 8e0e5627-e9ee-4afc-aa67-8c6d363f3532: Sackin index -0.2168; 0.5 s; peak memory 1150 MiB.
2026-10-10T06:38:44Z INFO [146/750] 8e0e90e6-7970-491c-9895-a0e16bc12d76: Sackin index -0.0369; 1.0 s; peak memory 1150 MiB.
2026-10-10T06:38:45Z INFO [147/750] 8e0ea791-1626-4e54-8f14-41017954c3d1: Sackin index -0.1938; 1.5 s; peak memory 1150 MiB.
2026-10-10T06:38:48Z INFO [148/750] 8e0ef813-8d49-414a-a24d-9ff8ac68ea48: Sackin index -0.0383; 3.1 s; peak memory 1150 MiB.
2026-10-10T06:38:49Z INFO [149/750] 8e0f60f4-9d66-46f7-8ef5-77559eb4a291: Sackin index -0.0376; 0.9 s; peak memory 1150 MiB.
2026-10-10T06:38:50Z INFO [150/750] 8e1074e0-a994-4f08-affe-b5713d20c157: Sackin index -0.1273; 0.9 s; peak memory 1150 MiB.
2026-10-10T06:38:50Z INFO [150/750] 8e1074e0-a994-4f08-affe-b5713d20c157: checkpointed 115486 new records.
2026-10-10T06:38:51Z INFO [151/750] 8e10a526-9a87-4236-aad8-d166b5e602b9: Sackin index -0.1026; 0.9 s; peak memory 1150 MiB.
2026-10-10T06:38:52Z INFO [152/750] 8e10daad-8993-49c7-a6f3-b9fc102feef1: Sackin index -0.0745; 0.8 s; peak memory 1150 MiB.
2026-10-10T06:38:53Z INFO [153/750] 8e10dd27-14b6-4cd8-ac7d-c6125cd43d85: Sackin index -0.1349; 0.5 s; peak memory 1150 MiB.
2026-10-10T06:38:53Z INFO [154/750] 8e110afa-cccb-4e97-90e0-2652ccd64a5c: Sackin index -0.1349; 0.7 s; peak memory 1150 MiB.
2026-10-10T06:38:54Z INFO [155/750] 8e11ff64-a171-4e72-94c7-2cb1f7a6e847: Sackin index -0.0728; 0.9 s; peak memory 1150 MiB.
2026-10-10T06:38:55Z INFO [156/750] 8e12c167-aaa4-4a02-9a2a-59ce5c379613: Sackin index -0.0745; 0.7 s; peak memory 1150 MiB.
2026-10-10T06:38:56Z INFO [157/750] 8e12ce5b-5239-409d-9e05-2a265c37bd3e: Sackin index -0.0881; 1.0 s; peak memory 1150 MiB.
2026-10-10T06:38:57Z INFO [158/750] 8e12f409-cfe2-4bc5-b4ef-f911c13e427e: Sackin index -0.0579; 1.4 s; peak memory 1150 MiB.
2026-10-10T06:38:58Z INFO [159/750] 8e130d2a-464f-4355-a8fe-1575308fde8b: Sackin index -0.0748; 0.6 s; peak memory 1150 MiB.
2026-10-10T06:38:59Z INFO [160/750] 8e1384cb-b830-4652-b6cd-b0d1d63ad4ce: Sackin index -0.1349; 0.6 s; peak memory 1150 MiB.
2026-10-10T06:38:59Z INFO [161/750] 8e16691a-b764-4d99-aa54-e50f7b6ef8b6: Sackin index -0.1349; 0.5 s; peak memory 1150 MiB.
2026-10-10T06:39:00Z INFO [162/750] 8e1760e3-ef06-4170-a810-3c38ea5646fc: Sackin index -0.0709; 0.7 s; peak memory 1150 MiB.
2026-10-10T06:39:01Z INFO [163/750] 8e176b0c-5c0d-41b3-93ce-e08aa5df348f: Sackin index -0.0702; 0.7 s; peak memory 1150 MiB.
2026-10-10T06:39:01Z INFO [164/750] 8e17704a-1f6f-458d-b1bb-1558c585df4d: Sackin index -0.1349; 0.7 s; peak memory 1150 MiB.
2026-10-10T06:39:10Z INFO [165/750] 8e17f72e-b5b5-4203-91da-352becf9e358: Sackin index -0.1938; 9.1 s; peak memory 1150 MiB.
2026-10-10T06:39:12Z INFO [166/750] 8e185c06-aec2-4f12-b9bf-12785957d0af: Sackin index -0.0350; 1.5 s; peak memory 1150 MiB.
2026-10-10T06:39:32Z INFO [167/750] 8e1880f1-5a40-43dd-aabf-13382fa722b1: Sackin index -0.0259; 19.8 s; peak memory 1150 MiB.
2026-10-10T06:39:32Z INFO [168/750] 8e19c18a-2db2-496d-8b32-7ccf778dcee6: Sackin index -0.0696; 0.7 s; peak memory 1150 MiB.
2026-10-10T06:39:33Z INFO [169/750] 8e1b1a19-49cb-4053-af41-fdb22ea2a6e9: Sackin index -0.1062; 0.9 s; peak memory 1150 MiB.
2026-10-10T06:39:34Z INFO [170/750] 8e1bb7ad-0efd-4e11-902e-3751f2104e6b: Sackin index -0.1153; 0.6 s; peak memory 1150 MiB.
2026-10-10T06:39:35Z INFO [171/750] 8e1bcbf7-0853-4a7f-913f-30c78bd4efd7: Sackin index -0.0699; 1.5 s; peak memory 1150 MiB.
2026-10-10T06:39:36Z INFO [172/750] 8e1be620-a5ba-41e9-bd28-a356b47dd4fd: Sackin index -0.1448; 0.5 s; peak memory 1150 MiB.
2026-10-10T06:39:37Z INFO [173/750] 8e1c7342-f8ea-4382-80a6-ca71f71f7402: Sackin index -0.1272; 1.4 s; peak memory 1150 MiB.
2026-10-10T06:39:38Z INFO [174/750] 8e1cbaf7-4a10-4914-9b4e-063783f737f3: Sackin index -0.0370; 1.1 s; peak memory 1150 MiB.
2026-10-10T06:39:39Z INFO [175/750] 8e1e9023-d1c1-420e-b93d-f23210466422: Sackin index -0.1361; 0.5 s; peak memory 1150 MiB.
2026-10-10T06:39:40Z INFO [176/750] 8e1f5e5d-fc3d-4050-aaaf-b242878b3909: Sackin index -0.0738; 1.0 s; peak memory 1150 MiB.
2026-10-10T06:39:49Z INFO [177/750] 8e1fc7d8-5b64-4133-aa50-c6ebb2a13192: Sackin index -0.1004; 8.9 s; peak memory 1150 MiB.
2026-10-10T06:40:07Z INFO [178/750] 8e1ff5d9-1558-4f89-baf1-1a43f96dca20: Sackin index -0.1367; 18.5 s; peak memory 1150 MiB.
2026-10-10T06:40:08Z INFO [179/750] 8e201b51-05cb-4b99-8fa4-b8094fa70b1f: Sackin index -0.0745; 0.9 s; peak memory 1150 MiB.
2026-10-10T06:40:09Z INFO [180/750] 8e220efb-22e5-462e-bff9-64ce332ace07: Sackin index -0.0371; 0.7 s; peak memory 1150 MiB.
2026-10-10T06:40:13Z INFO [181/750] 8e2220f7-818b-4950-9b85-df31f7d5e48b: Sackin index -0.0476; 4.1 s; peak memory 1150 MiB.
2026-10-10T06:40:14Z INFO [182/750] 8e2257d1-34f1-487b-ab5e-e67293f06004: Sackin index -0.0413; 1.0 s; peak memory 1150 MiB.
2026-10-10T06:40:15Z INFO [183/750] 8e22cb67-93d7-4e08-8f6a-81b67c653a0a: Sackin index -0.1938; 1.3 s; peak memory 1150 MiB.
2026-10-10T06:40:31Z INFO [184/750] 8e22e400-b93b-41d3-b8c2-f8a6b62ebfa7: Sackin index -0.0027; 16.4 s; peak memory 1150 MiB.
2026-10-10T06:40:32Z INFO [185/750] 8e241c02-e0d4-4c57-85cc-8068a400a738: Sackin index -0.1303; 0.5 s; peak memory 1150 MiB.
2026-10-10T06:40:33Z INFO [186/750] 8e246af3-c06d-4fd6-988d-7e8b1bed3386: Sackin index -0.0696; 0.9 s; peak memory 1150 MiB.
2026-10-10T06:40:34Z INFO [187/750] 8e248757-9a58-41e7-bfd4-08af017b0f6f: Sackin index -0.1349; 0.7 s; peak memory 1150 MiB.
2026-10-10T06:40:34Z INFO [188/750] 8e253131-2505-4392-97a7-7795191bbf48: Sackin index -0.1349; 0.6 s; peak memory 1150 MiB.
2026-10-10T06:40:36Z INFO [189/750] 8e262887-ed76-4fee-b837-3b6ed5cd3e49: Sackin index -0.0350; 1.5 s; peak memory 1150 MiB.
2026-10-10T06:40:36Z INFO [190/750] 8e265b51-39d4-47ce-986f-582bd138326a: Sackin index -0.0728; 0.8 s; peak memory 1150 MiB.
2026-10-10T06:40:37Z INFO [191/750] 8e265c57-aade-435a-b797-e4b500eed063: Sackin index -0.1602; 0.7 s; peak memory 1150 MiB.
2026-10-10T06:40:38Z INFO [192/750] 8e26c388-6c25-4264-9b9f-0727ed0d1138: Sackin index -0.1658; 0.5 s; peak memory 1150 MiB.
2026-10-10T06:40:38Z INFO [193/750] 8e294bd2-0369-4c23-bf26-92598cdf4e83: Sackin index -0.0728; 0.7 s; peak memory 1150 MiB.
2026-10-10T06:40:39Z INFO [194/750] 8e2a41bb-116e-44db-b2e0-48ce7e247df4: Sackin index -0.1191; 0.6 s; peak memory 1150 MiB.
2026-10-10T06:40:40Z INFO [195/750] 8e2a7b56-6e62-4bf0-8529-78e1efb52dfb: Sackin index -0.0702; 0.8 s; peak memory 1150 MiB.
2026-10-10T06:40:45Z INFO [196/750] 8e2aa3e4-094a-4447-9649-ed825441044e: Sackin index -0.0170; 5.1 s; peak memory 1150 MiB.
2026-10-10T06:40:45Z INFO [197/750] 8e2ac0ee-09df-4c27-88de-6635fd4d67ad: Sackin index -0.1331; 0.5 s; peak memory 1150 MiB.
2026-10-10T06:40:48Z INFO [198/750] 8e2b1134-fab3-4df3-a74b-c42938d9507d: Sackin index -0.0383; 2.8 s; peak memory 1150 MiB.
2026-10-10T06:40:55Z INFO [199/750] 8e2bdce3-ff1e-4a0d-a580-21dbb83a918c: Sackin index -0.0146; 6.5 s; peak memory 1150 MiB.
2026-10-10T06:40:55Z INFO [200/750] 8e2dc741-f6e4-4aae-bc5c-006c85fc350e: Sackin index -0.1178; 0.4 s; peak memory 1150 MiB.
2026-10-10T06:40:55Z INFO [200/750] 8e2dc741-f6e4-4aae-bc5c-006c85fc350e: checkpointed 115536 new records.
2026-10-10T06:40:56Z INFO [201/750] 8e2f67ab-b8c6-41f2-9097-eb8b38885f81: Sackin index -0.1178; 0.4 s; peak memory 1150 MiB.
2026-10-10T06:40:58Z INFO [202/750] 8e2f7a0f-096e-4d23-a065-7e50d109be3f: Sackin index -0.0547; 2.4 s; peak memory 1150 MiB.
2026-10-10T06:40:59Z INFO [203/750] 8e314a0e-6822-4c19-8d64-8073702a4898: Sackin index -0.0275; 1.0 s; peak memory 1150 MiB.
2026-10-10T06:41:01Z INFO [204/750] 8e318597-4c2e-4d4e-9ce9-5007bdfe848b: Sackin index -0.1938; 1.4 s; peak memory 1150 MiB.
2026-10-10T06:41:01Z INFO [205/750] 8e31a418-0b38-4a95-893a-74eebd91f211: Sackin index -0.1658; 0.5 s; peak memory 1150 MiB.
2026-10-10T06:41:04Z INFO [206/750] 8e31b35b-3898-427c-9f9f-64a2df684d5a: Sackin index -0.0415; 2.8 s; peak memory 1150 MiB.
2026-10-10T06:41:05Z INFO [207/750] 8e31cd09-ff9b-45ec-9f74-b64c59878112: Sackin index -0.0811; 0.7 s; peak memory 1150 MiB.
2026-10-10T06:41:06Z INFO [208/750] 8e32e416-e722-4294-91bc-0782cfae2b29: Sackin index -0.0676; 1.5 s; peak memory 1150 MiB.
2026-10-10T06:41:07Z INFO [209/750] 8e32f2d9-43b1-496b-8d28-2d0d474942cc: Sackin index -0.1349; 0.6 s; peak memory 1150 MiB.
2026-10-10T06:41:08Z INFO [210/750] 8e351b13-8d01-4320-9012-a28b778767ed: Sackin index -0.0376; 0.9 s; peak memory 1150 MiB.
2026-10-10T06:41:08Z INFO [211/750] 8e36297e-cb60-4617-a994-a4f17a9b5217: Sackin index -0.0702; 0.8 s; peak memory 1150 MiB.
2026-10-10T06:41:09Z INFO [212/750] 8e36a950-7d85-4e0a-a3fe-b0415353853f: Sackin index -0.0696; 0.9 s; peak memory 1150 MiB.
2026-10-10T06:41:10Z INFO [213/750] 8e37173f-8b67-4070-82e4-525bdceda3c4: Sackin index -0.0696; 0.7 s; peak memory 1150 MiB.
2026-10-10T06:41:11Z INFO [214/750] 8e37fa0f-9c7e-4627-8288-b7d0cab1717d: Sackin index -0.0376; 0.8 s; peak memory 1150 MiB.
2026-10-10T06:41:12Z INFO [215/750] 8e384864-de95-4ebb-a680-d1e6669a2c7c: Sackin index -0.0377; 1.2 s; peak memory 1150 MiB.
2026-10-10T06:41:14Z INFO [216/750] 8e391d37-2e60-45cf-9751-7e454db2a8bc: Sackin index -0.0693; 1.5 s; peak memory 1150 MiB.
2026-10-10T06:41:14Z INFO [217/750] 8e39376e-8995-4084-b93b-39d1cdaac692: Sackin index -0.1349; 0.7 s; peak memory 1150 MiB.
2026-10-10T06:41:15Z INFO [218/750] 8e3963e2-82b5-4ee6-9fc2-1355666bc6d2: Sackin index -0.0375; 1.0 s; peak memory 1150 MiB.
2026-10-10T06:41:16Z INFO [219/750] 8e39f30b-38ac-40e8-b3d7-3e7efe74c347: Sackin index -0.0702; 0.7 s; peak memory 1150 MiB.
2026-10-10T06:41:17Z INFO [220/750] 8e3a55e7-31f2-4fcd-ae80-f9b345b91886: Sackin index -0.0747; 1.0 s; peak memory 1150 MiB.
2026-10-10T06:41:18Z INFO [221/750] 8e3b2c3d-58fb-4070-996b-4d8a607d5d05: Sackin index -0.0702; 0.7 s; peak memory 1150 MiB.
2026-10-10T06:41:23Z INFO [222/750] 8e3bb390-fdb3-4656-8eb0-1635c6d7d388: Sackin index -0.0288; 5.6 s; peak memory 1150 MiB.
2026-10-10T06:41:24Z INFO [223/750] 8e3c8c70-3a9c-47ff-a8f7-052b92146fb2: Sackin index -0.1633; 0.6 s; peak memory 1150 MiB.
2026-10-10T06:41:24Z INFO [224/750] 8e3dac7a-8f48-4e88-a564-4edbce603215: Sackin index -0.1349; 0.6 s; peak memory 1150 MiB.
2026-10-10T06:41:25Z INFO [225/750] 8e3e1f03-d151-4dfd-b259-dfd32408e76d: Sackin index -0.0375; 1.1 s; peak memory 1150 MiB.
2026-10-10T06:41:26Z INFO [226/750] 8e3e2962-b469-4187-87cf-b24e6f60b863: Sackin index -0.1658; 0.4 s; peak memory 1150 MiB.
2026-10-10T06:41:27Z INFO [227/750] 8e3e56d5-7954-47c9-9e2d-bc13db5e178f: Sackin index -0.0728; 0.7 s; peak memory 1150 MiB.
2026-10-10T06:41:27Z INFO [228/750] 8e3e5943-9255-459a-abc3-aabcfb00ce37: Sackin index -0.1408; 0.8 s; peak memory 1150 MiB.
2026-10-10T06:41:28Z INFO [229/750] 8e3ee31d-bd2b-4934-929f-2a8890539b44: Sackin index -0.1248; 0.7 s; peak memory 1150 MiB.
2026-10-10T06:41:29Z INFO [230/750] 8e3fb952-beed-40a9-befb-c568d9df4f06: Sackin index -0.0696; 0.7 s; peak memory 1150 MiB.
2026-10-10T06:41:40Z INFO [231/750] 8e4158fa-95b3-4c22-8e52-b3426d349f34: Sackin index -0.0368; 11.0 s; peak memory 1150 MiB.
2026-10-10T06:41:43Z INFO [232/750] 8e425014-f6ae-48a5-b79e-ca1de5387074: Sackin index -0.0243; 3.4 s; peak memory 1150 MiB.
2026-10-10T06:41:44Z INFO [233/750] 8e425d4f-0274-418c-a489-fdf08250c1b0: Sackin index -0.1161; 0.5 s; peak memory 1150 MiB.
2026-10-10T06:41:44Z INFO [234/750] 8e42706b-c65e-4969-8a5f-88abb4973223: Sackin index -0.1349; 0.6 s; peak memory 1150 MiB.
2026-10-10T06:41:45Z INFO [235/750] 8e4279b5-fdc1-45ac-9252-ff4e77c14e11: Sackin index -0.0709; 0.7 s; peak memory 1150 MiB.
2026-10-10T06:41:46Z INFO [236/750] 8e42a51d-2867-4e46-8876-1f3eb8ccd43c: Sackin index -0.1191; 0.6 s; peak memory 1150 MiB.
2026-10-10T06:41:46Z INFO [237/750] 8e431bb1-1952-46a2-a9bd-4e03d78f6464: Sackin index -0.1248; 0.8 s; peak memory 1150 MiB.
2026-10-10T06:41:48Z INFO [238/750] 8e433944-fd1c-49e0-8821-3cb41715b049: Sackin index -0.0369; 1.5 s; peak memory 1150 MiB.
2026-10-10T06:42:16Z INFO [239/750] 8e43d942-7afc-4d42-9565-6ddc5aca6577: Sackin index -0.0031; 28.0 s; peak memory 1150 MiB.
2026-10-10T06:42:17Z INFO [240/750] 8e446c4e-e272-481d-8011-649073d458de: Sackin index -0.0745; 0.7 s; peak memory 1150 MiB.
2026-10-10T06:42:17Z INFO [241/750] 8e44dcad-7a92-4c17-b94a-27c225ef6c04: Sackin index -0.0379; 0.9 s; peak memory 1150 MiB.
2026-10-10T06:42:18Z INFO [242/750] 8e44ebbc-61c9-43df-b4c1-c9d62a757224: Sackin index -0.1349; 0.7 s; peak memory 1150 MiB.
2026-10-10T06:42:19Z INFO [243/750] 8e454e1d-49c0-4e67-8113-8f9b7044d462: Sackin index -0.0369; 1.1 s; peak memory 1150 MiB.
2026-10-10T06:43:19Z INFO [244/750] 8e46035d-f9b3-437c-9c62-8946d2a8724e: Sackin index -0.1076; 59.4 s; peak memory 1150 MiB.
2026-10-10T06:43:19Z INFO [245/750] 8e4721ab-bf3b-42a3-aa37-ab269f365cee: Sackin index -0.1349; 0.7 s; peak memory 1150 MiB.
2026-10-10T06:43:21Z INFO [246/750] 8e489591-c3c9-4c1a-a090-73349a53d62e: Sackin index -0.0369; 1.4 s; peak memory 1150 MiB.
2026-10-10T06:43:22Z INFO [247/750] 8e49b1cb-a635-489a-93c9-04932bbf9306: Sackin index -0.0728; 0.7 s; peak memory 1150 MiB.
2026-10-10T06:43:22Z INFO [248/750] 8e49c8c6-cd2c-456d-9aca-250c4f329243: Sackin index -0.1291; 0.8 s; peak memory 1150 MiB.
2026-10-10T06:43:23Z INFO [249/750] 8e4b7e47-2a63-4145-904e-ed92d8403608: Sackin index -0.0702; 0.7 s; peak memory 1150 MiB.
2026-10-10T06:43:24Z INFO [250/750] 8e4b9598-e4f9-49c4-94b4-444149d45e60: Sackin index -0.1248; 0.6 s; peak memory 1150 MiB.
2026-10-10T06:43:24Z INFO [250/750] 8e4b9598-e4f9-49c4-94b4-444149d45e60: checkpointed 115586 new records.
2026-10-10T06:43:25Z INFO [251/750] 8e4beafe-3a30-4908-b01f-a15808d4d36d: Sackin index -0.1349; 0.7 s; peak memory 1150 MiB.
2026-10-10T06:43:25Z INFO [252/750] 8e4c1d30-9cad-4c18-9378-f1a86516df73: Sackin index -0.0728; 0.8 s; peak memory 1150 MiB.
2026-10-10T06:43:26Z INFO [253/750] 8e4c1df6-800a-4dc2-939e-3cbd3eb647b3: Sackin index -0.0702; 0.6 s; peak memory 1150 MiB.
2026-10-10T06:43:26Z INFO [254/750] 8e4c251a-878a-49ea-a889-9c5753cd8dd8: Sackin index -0.1361; 0.4 s; peak memory 1150 MiB.
2026-10-10T06:43:27Z INFO [255/750] 8e4c6901-8a0f-48fe-8405-dcea992e29b1: Sackin index -0.1349; 0.6 s; peak memory 1150 MiB.
2026-10-10T06:43:33Z INFO [256/750] 8e4e42db-5a31-462b-be8a-3ee985b5fe39: Sackin index -0.0288; 5.8 s; peak memory 1150 MiB.
2026-10-10T06:43:52Z INFO [257/750] 8e4e4996-78ba-416e-8e5d-1d8a71973c83: Sackin index -0.1367; 19.3 s; peak memory 1150 MiB.
2026-10-10T06:43:53Z INFO [258/750] 8e4e5ea2-1291-4e71-9caa-be579c4971ca: Sackin index -0.1349; 0.7 s; peak memory 1150 MiB.
2026-10-10T06:43:53Z INFO [259/750] 8e4ec104-8dfa-4556-a5c1-04d6becc91ef: Sackin index -0.0728; 0.7 s; peak memory 1150 MiB.
2026-10-10T06:43:55Z INFO [260/750] 8e4ee749-2de3-4591-ac69-58c886e5683e: Sackin index -0.0369; 1.3 s; peak memory 1150 MiB.
2026-10-10T06:43:55Z INFO [261/750] 8e4effc3-1b92-4cd2-bfc4-e82b8695ae3b: Sackin index -0.1683; 0.6 s; peak memory 1150 MiB.
2026-10-10T06:45:33Z INFO [262/750] 8e4f217b-9013-4a6b-bcbe-4bb5080b08b2: Sackin index -0.0286; 97.8 s; peak memory 1150 MiB.
2026-10-10T06:45:34Z INFO [263/750] 8e4f88e7-fb7c-457a-85a6-e2e138dc3b4f: Sackin index -0.1349; 0.7 s; peak memory 1150 MiB.
2026-10-10T06:45:34Z INFO [264/750] 8e4fc152-55f1-4917-a282-a52adb5199e3: Sackin index -0.1161; 0.5 s; peak memory 1150 MiB.
2026-10-10T06:45:35Z INFO [265/750] 8e500b0a-6e31-481b-ab2d-e377bb9fcead: Sackin index -0.1000; 0.9 s; peak memory 1150 MiB.
2026-10-10T06:45:36Z INFO [266/750] 8e5051e4-4fb4-4235-8f2e-f9f78a056dcf: Sackin index -0.0696; 0.7 s; peak memory 1150 MiB.
2026-10-10T06:45:37Z INFO [267/750] 8e506a50-6a0c-4c73-8a0a-5710c5871f48: Sackin index -0.1349; 0.7 s; peak memory 1150 MiB.
2026-10-10T06:45:37Z INFO [268/750] 8e5131b9-9027-4352-96ab-fb3e812368c4: Sackin index -0.1349; 0.6 s; peak memory 1150 MiB.
2026-10-10T06:45:38Z INFO [269/750] 8e519f16-6136-4ae6-918e-bf3ab19dca05: Sackin index -0.0413; 0.9 s; peak memory 1150 MiB.
2026-10-10T06:45:39Z INFO [270/750] 8e529b5e-69b7-4c09-ace6-b900e3e67afb: Sackin index -0.0382; 0.8 s; peak memory 1150 MiB.
2026-10-10T06:45:40Z INFO [271/750] 8e54361f-d258-4caa-9fbf-5184d32d3d6d: Sackin index -0.1025; 0.8 s; peak memory 1150 MiB.
2026-10-10T06:45:40Z INFO [272/750] 8e5498d1-f883-4935-9911-e4a981cfc42b: Sackin index -0.0728; 0.6 s; peak memory 1150 MiB.
2026-10-10T06:45:41Z INFO [273/750] 8e557dc2-f409-4e34-8dca-29ebbfc2b7d8: Sackin index -0.1254; 0.4 s; peak memory 1150 MiB.
2026-10-10T06:45:41Z INFO [274/750] 8e56f511-2f84-4847-a5f1-b7e40e886244: Sackin index -0.0702; 0.7 s; peak memory 1150 MiB.
2026-10-10T06:45:42Z INFO [275/750] 8e571972-547f-4a8e-8ade-4b6acdf3ac47: Sackin index -0.0728; 0.8 s; peak memory 1150 MiB.
2026-10-10T06:45:43Z INFO [276/750] 8e571d82-492f-42dd-aee2-d0a05d2620a2: Sackin index -0.0702; 0.7 s; peak memory 1150 MiB.
2026-10-10T06:45:44Z INFO [277/750] 8e577ef4-9e2e-403c-ab13-4c7477008bb3: Sackin index -0.0728; 0.8 s; peak memory 1150 MiB.
2026-10-10T06:45:44Z INFO [278/750] 8e57e0f7-5222-4107-8b02-efbc94fdacbe: Sackin index -0.1023; 0.6 s; peak memory 1150 MiB.
2026-10-10T06:45:45Z INFO [279/750] 8e57e267-4d44-43e1-baad-b1e8262d0dfc: Sackin index -0.1349; 0.5 s; peak memory 1150 MiB.
2026-10-10T06:45:45Z INFO [280/750] 8e59339a-dd5a-4708-b825-76fc6366471f: Sackin index -0.0702; 0.6 s; peak memory 1150 MiB.
2026-10-10T06:45:46Z INFO [281/750] 8e59b8fa-00c2-4d83-8862-e79cb2bd5269: Sackin index -0.1658; 0.4 s; peak memory 1150 MiB.
2026-10-10T06:45:46Z INFO [282/750] 8e59d36a-c5c1-4fd8-9fb7-6bf788dbfa97: Sackin index -0.3646; 0.4 s; peak memory 1150 MiB.
2026-10-10T06:45:47Z INFO [283/750] 8e59e403-037b-4234-a085-99f13274d458: Sackin index -0.0702; 0.9 s; peak memory 1150 MiB.
2026-10-10T06:45:48Z INFO [284/750] 8e5a1a45-b0a7-470e-bd08-ae9a3ae72a09: Sackin index -0.0778; 0.8 s; peak memory 1150 MiB.
2026-10-10T06:47:24Z INFO [285/750] 8e5a1db6-3846-4cb6-8ec9-65c9ff5fab1c: Sackin index -0.0410; 96.1 s; peak memory 1150 MiB.
2026-10-10T06:47:25Z INFO [286/750] 8e5a7b66-7608-421c-8f2a-bbb2f5a2cc5a: Sackin index -0.0804; 0.8 s; peak memory 1150 MiB.
2026-10-10T06:47:28Z INFO [287/750] 8e5c5b24-ecad-45a1-a243-805c9300114a: Sackin index -0.0635; 2.8 s; peak memory 1150 MiB.
2026-10-10T06:47:28Z INFO [288/750] 8e5c82fc-fd64-4455-a6ba-ff55e0ba46c9: Sackin index -0.0702; 0.7 s; peak memory 1150 MiB.
2026-10-10T06:47:29Z INFO [289/750] 8e5cdf82-fcc0-49ae-9b04-0ef37460c1fd: Sackin index -0.1248; 0.7 s; peak memory 1150 MiB.
2026-10-10T06:47:33Z INFO [290/750] 8e5d3407-6bd7-442c-b423-eb662451dcdc: Sackin index -0.0476; 4.0 s; peak memory 1150 MiB.
2026-10-10T06:47:34Z INFO [291/750] 8e5dc23f-d033-44ae-be1f-580ea1d48f2e: Sackin index -0.0815; 1.5 s; peak memory 1150 MiB.
2026-10-10T06:47:35Z INFO [292/750] 8e5e4cf2-83dc-4d7f-a258-16c063f5f249: Sackin index -0.0702; 0.8 s; peak memory 1150 MiB.
2026-10-10T06:47:36Z INFO [293/750] 8e5e8395-3687-4cd9-be65-4ae974f6d4e5: Sackin index -0.1349; 0.7 s; peak memory 1150 MiB.
2026-10-10T06:47:37Z INFO [294/750] 8e5ed71d-5dcd-41aa-804e-e800d89fa9f8: Sackin index -0.0956; 0.6 s; peak memory 1150 MiB.
2026-10-10T06:47:43Z INFO [295/750] 8e5fd091-b553-4a0e-b0db-7f53128a994e: Sackin index -0.0142; 6.3 s; peak memory 1150 MiB.
2026-10-10T06:47:45Z INFO [296/750] 8e5fdb2b-6966-4384-a08f-3395e8d9a224: Sackin index -0.0660; 1.8 s; peak memory 1150 MiB.
2026-10-10T06:47:46Z INFO [297/750] 8e6009bf-729b-4b86-abef-6f5186e4e027: Sackin index -0.0699; 1.6 s; peak memory 1150 MiB.
2026-10-10T06:47:47Z INFO [298/750] 8e602a4a-b373-4247-9d2c-415e43d9ecbd: Sackin index -0.1025; 0.9 s; peak memory 1150 MiB.
2026-10-10T06:49:28Z INFO [299/750] 8e602bb7-70f9-458d-ad73-22b4b8b5c7b5: Sackin index -0.0684; 101.3 s; peak memory 1150 MiB.
2026-10-10T06:49:36Z INFO [300/750] 8e61167a-0359-41b9-9bae-f82e4a4e0e2d: Sackin index -0.0156; 7.2 s; peak memory 1150 MiB.
2026-10-10T06:49:36Z INFO [300/750] 8e61167a-0359-41b9-9bae-f82e4a4e0e2d: checkpointed 115636 new records.
2026-10-10T06:49:36Z INFO [301/750] 8e615584-ab93-42cd-b3b8-d4aafd5ffad3: Sackin index -0.1191; 0.5 s; peak memory 1150 MiB.
2026-10-10T06:49:37Z INFO [302/750] 8e62084f-8afe-499c-8b6d-d7fc77f2d581: Sackin index -0.1128; 0.6 s; peak memory 1150 MiB.
2026-10-10T06:49:39Z INFO [303/750] 8e622f8e-231a-49dc-bf9e-3c23d6ae9dbb: Sackin index -0.0699; 1.9 s; peak memory 1150 MiB.
2026-10-10T06:49:39Z INFO [304/750] 8e62356e-94b1-4726-9693-648f9fac20b3: Sackin index -0.1716; 0.6 s; peak memory 1150 MiB.
2026-10-10T06:49:45Z INFO [305/750] 8e62956b-c23f-496c-a79c-7c30875a9136: Sackin index -0.0163; 5.8 s; peak memory 1150 MiB.
2026-10-10T06:49:47Z INFO [306/750] 8e63d83e-7b5a-4d9c-8712-242d6e90625b: Sackin index -0.0660; 2.0 s; peak memory 1150 MiB.
2026-10-10T06:49:48Z INFO [307/750] 8e66fbf3-f3cd-401c-8e12-8a3ffcb2b7b3: Sackin index -0.1349; 0.7 s; peak memory 1150 MiB.
2026-10-10T06:49:50Z INFO [308/750] 8e690e98-aab7-4fdf-b134-41fa3b06fd4e: Sackin index -0.0660; 1.7 s; peak memory 1150 MiB.
2026-10-10T06:49:58Z INFO [309/750] 8e6bd4b0-f61c-4988-841c-9cced6461df1: Sackin index -0.0134; 8.0 s; peak memory 1150 MiB.
2026-10-10T06:49:59Z INFO [310/750] 8e6c6590-b90e-4d71-b3bf-cfdf8811fb78: Sackin index -0.1000; 0.9 s; peak memory 1150 MiB.
2026-10-10T06:49:59Z INFO [311/750] 8e6c7918-f73e-453c-8bb5-7f63d8b53b11: Sackin index -0.1269; 0.9 s; peak memory 1150 MiB.
2026-10-10T06:50:00Z INFO [312/750] 8e6d0b99-2ca7-4a37-987e-aecefedd4e76: Sackin index -0.0702; 0.8 s; peak memory 1150 MiB.
2026-10-10T06:50:01Z INFO [313/750] 8e6da142-d1b2-42f7-9cb6-fba3f78c2398: Sackin index -0.1402; 0.8 s; peak memory 1150 MiB.
2026-10-10T06:50:02Z INFO [314/750] 8e6edc53-50c4-497b-b491-099e0aa048c1: Sackin index -0.0696; 0.7 s; peak memory 1150 MiB.
2026-10-10T06:51:14Z INFO [315/750] 8e6eeca5-18c6-4d63-bae9-e1219caf8cf5: Sackin index -0.0015; 72.5 s; peak memory 1150 MiB.
2026-10-10T06:51:15Z INFO [316/750] 8e6f4d29-3a8c-43d6-8a1c-7e4fe99f9127: Sackin index -0.1349; 0.6 s; peak memory 1150 MiB.
2026-10-10T06:51:16Z INFO [317/750] 8e70adb2-12a6-42ad-bb9a-65f27ccd3555: Sackin index -0.0728; 1.0 s; peak memory 1150 MiB.
2026-10-10T06:51:16Z INFO [318/750] 8e72b152-799a-4066-bf4f-9a85e8004171: Sackin index -0.0388; 0.5 s; peak memory 1150 MiB.
2026-10-10T06:51:17Z INFO [319/750] 8e743bda-082a-4a1c-88e7-61966e25fc5d: Sackin index -0.1248; 0.5 s; peak memory 1150 MiB.
2026-10-10T06:51:18Z INFO [320/750] 8e7477b7-4860-43f9-865c-10414b3f430f: Sackin index -0.1938; 1.3 s; peak memory 1150 MiB.
2026-10-10T06:51:19Z INFO [321/750] 8e748c0c-36a1-4011-ad14-b32656bd0273: Sackin index -0.0745; 0.9 s; peak memory 1150 MiB.
2026-10-10T06:51:19Z INFO [322/750] 8e74ea0b-7f49-4578-9d56-137c69f60b00: Sackin index -0.1658; 0.5 s; peak memory 1150 MiB.
2026-10-10T06:51:21Z INFO [323/750] 8e75f0c2-9067-41be-9d23-4187b30e8068: Sackin index -0.0242; 1.6 s; peak memory 1150 MiB.
2026-10-10T06:51:22Z INFO [324/750] 8e76a333-a40d-44e1-b963-99e36c983d99: Sackin index -0.0822; 0.8 s; peak memory 1150 MiB.
2026-10-10T06:51:23Z INFO [325/750] 8e76e785-83e8-41ea-8b4e-7019244904b0: Sackin index -0.0728; 0.9 s; peak memory 1150 MiB.
2026-10-10T06:51:23Z INFO [326/750] 8e77dcc5-747c-4717-8af6-72a6d523202c: Sackin index -0.1349; 0.7 s; peak memory 1150 MiB.
2026-10-10T06:51:24Z INFO [327/750] 8e78ac71-8ab1-4ab9-a539-9a7e2472d3a5: Sackin index -0.1349; 0.7 s; peak memory 1150 MiB.
2026-10-10T06:51:25Z INFO [328/750] 8e79088c-d832-4529-98c2-de430e59e61c: Sackin index -0.1273; 1.1 s; peak memory 1150 MiB.
2026-10-10T06:51:26Z INFO [329/750] 8e79ce20-253c-428c-b255-a4882ccc4720: Sackin index -0.1448; 0.4 s; peak memory 1150 MiB.
2026-10-10T06:51:26Z INFO [330/750] 8e7abfd1-7202-4f32-8a08-541655727dac: Sackin index -0.0696; 0.7 s; peak memory 1150 MiB.
2026-10-10T06:51:27Z INFO [331/750] 8e7b46ab-8e4b-4042-814e-52cb2ace9cad: Sackin index -0.1349; 0.6 s; peak memory 1150 MiB.
2026-10-10T06:51:28Z INFO [332/750] 8e7b60aa-16ee-4a92-b4cf-6aaa0c48c5af: Sackin index -0.0696; 0.8 s; peak memory 1150 MiB.
2026-10-10T06:51:29Z INFO [333/750] 8e7bbbd6-c208-48d1-a0aa-5f1e522be602: Sackin index -0.0728; 1.0 s; peak memory 1150 MiB.
2026-10-10T06:51:32Z INFO [334/750] 8e7c4d1d-bf23-44a7-b883-070361d38074: Sackin index -0.0227; 3.5 s; peak memory 1150 MiB.
2026-10-10T06:51:33Z INFO [335/750] 8e7cab50-2081-42a2-9ef6-509e1cdf26ec: Sackin index -0.1201; 0.8 s; peak memory 1150 MiB.
2026-10-10T06:51:34Z INFO [336/750] 8e7d184f-e789-4709-8382-02c2cabcd1cf: Sackin index -0.0702; 0.7 s; peak memory 1150 MiB.
2026-10-10T06:51:35Z INFO [337/750] 8e7d9456-cca4-4f2a-b09a-0e043f124547: Sackin index -0.0379; 0.8 s; peak memory 1150 MiB.
2026-10-10T06:51:35Z INFO [338/750] 8e7ee39f-a41c-4685-97e8-96ac51edc1f6: Sackin index -0.1191; 0.5 s; peak memory 1150 MiB.
2026-10-10T06:51:36Z INFO [339/750] 8e7f2e87-e3cf-4748-9eb7-f035124ccc23: Sackin index -0.1160; 1.2 s; peak memory 1150 MiB.
2026-10-10T06:51:37Z INFO [340/750] 8e7ff613-a630-4f92-8947-a9fedec0a2af: Sackin index -0.1210; 1.0 s; peak memory 1150 MiB.
2026-10-10T06:51:39Z INFO [341/750] 8e7ffa72-70ce-435f-8da5-4abe53e290dd: Sackin index -0.1688; 1.8 s; peak memory 1150 MiB.
2026-10-10T06:51:46Z INFO [342/750] 8e8018e0-665f-44af-885a-cd77decbe025: Sackin index -0.0289; 6.7 s; peak memory 1150 MiB.
2026-10-10T06:51:49Z INFO [343/750] 8e809c82-809c-40a5-bf33-b7b6cd757a9e: Sackin index -0.1938; 2.8 s; peak memory 1150 MiB.
2026-10-10T06:53:05Z INFO [344/750] 8e80dd6a-860e-43a8-8a3c-85554640c063: Sackin index -0.0972; 76.6 s; peak memory 1150 MiB.
2026-10-10T06:53:11Z INFO [345/750] 8e81dcf9-194f-497b-bf97-cf6a90a42e33: Sackin index -0.0180; 6.1 s; peak memory 1150 MiB.
2026-10-10T06:53:12Z INFO [346/750] 8e825334-3ac8-445f-bf78-c5b05de503b7: Sackin index -0.1938; 0.5 s; peak memory 1150 MiB.
2026-10-10T06:53:13Z INFO [347/750] 8e826b73-8bfb-4d60-8d10-3152401fac86: Sackin index -0.1380; 0.8 s; peak memory 1150 MiB.
2026-10-10T06:53:13Z INFO [348/750] 8e8298f6-e50f-46fd-a164-88060ebcca3b: Sackin index -0.1448; 0.4 s; peak memory 1150 MiB.
2026-10-10T06:53:14Z INFO [349/750] 8e842c07-98b8-4ac5-a5b9-488b05e19337: Sackin index -0.0709; 0.8 s; peak memory 1150 MiB.
2026-10-10T06:53:15Z INFO [350/750] 8e843355-19e6-4f7a-a619-08ac7ae249a0: Sackin index -0.1273; 0.9 s; peak memory 1150 MiB.
2026-10-10T06:53:15Z INFO [350/750] 8e843355-19e6-4f7a-a619-08ac7ae249a0: checkpointed 115686 new records.
2026-10-10T06:53:16Z INFO [351/750] 8e84349f-1f62-450b-844f-5cedaf78e77d: Sackin index -0.0413; 0.7 s; peak memory 1150 MiB.
2026-10-10T06:53:16Z INFO [352/750] 8e852c97-8060-4130-a0fc-dc812ad8fdf6: Sackin index -0.1349; 0.6 s; peak memory 1150 MiB.
2026-10-10T06:53:17Z INFO [353/750] 8e85532d-350e-40c2-9972-30ae55c203ce: Sackin index -0.0696; 0.7 s; peak memory 1150 MiB.
2026-10-10T06:53:19Z INFO [354/750] 8e85a002-751f-4269-803f-9d13435ff1c3: Sackin index -0.0718; 1.7 s; peak memory 1150 MiB.
2026-10-10T06:53:19Z INFO [355/750] 8e864113-117b-43df-8c71-af1b8449bb5e: Sackin index -0.1658; 0.3 s; peak memory 1150 MiB.
2026-10-10T06:53:21Z INFO [356/750] 8e86efae-8309-4b68-85d2-ba6ec6b2a126: Sackin index -0.0842; 1.6 s; peak memory 1150 MiB.
2026-10-10T06:53:22Z INFO [357/750] 8e875741-c63a-48c1-abd6-d1a7e9aba7b8: Sackin index -0.0702; 0.8 s; peak memory 1150 MiB.
2026-10-10T06:53:23Z INFO [358/750] 8e882f09-13bb-4705-ba2a-87eeb6a77f7e: Sackin index -0.0728; 0.9 s; peak memory 1150 MiB.
2026-10-10T06:53:23Z INFO [359/750] 8e884df0-f040-45ba-87f5-20d5e781278b: Sackin index -0.1349; 0.7 s; peak memory 1150 MiB.
2026-10-10T06:53:25Z INFO [360/750] 8e88a885-e024-4a0c-8119-bd0fdc55f1f9: Sackin index -0.0941; 1.4 s; peak memory 1150 MiB.
2026-10-10T06:53:30Z INFO [361/750] 8e890246-74c4-4b48-a278-90316a7905a0: Sackin index -0.1362; 5.8 s; peak memory 1150 MiB.
2026-10-10T06:53:31Z INFO [362/750] 8e8a1192-8787-4ca2-9623-fa5adb1cb97b: Sackin index -0.0702; 0.7 s; peak memory 1150 MiB.
2026-10-10T06:53:32Z INFO [363/750] 8e8b7022-5df4-41d4-a2a3-95016518fc8f: Sackin index -0.1248; 0.7 s; peak memory 1150 MiB.
2026-10-10T06:53:32Z INFO [364/750] 8e8bba98-6278-4716-b4ae-7e234149aa4f: Sackin index -0.1349; 0.6 s; peak memory 1150 MiB.
2026-10-10T06:53:33Z INFO [365/750] 8e8bdc71-3861-437a-b81e-397b781b9bb0: Sackin index -0.1349; 0.6 s; peak memory 1150 MiB.
2026-10-10T06:53:34Z INFO [366/750] 8e8be18d-33aa-4e9f-8ba6-d99b44f56cce: Sackin index -0.0369; 1.2 s; peak memory 1150 MiB.
2026-10-10T06:53:35Z INFO [367/750] 8e8c06c8-d4c3-4885-8505-40d8c93b95ae: Sackin index -0.1191; 0.9 s; peak memory 1150 MiB.
2026-10-10T06:53:37Z INFO [368/750] 8e8ca6b4-51b3-4414-a362-d7f941a5f11e: Sackin index -0.0658; 1.8 s; peak memory 1150 MiB.
2026-10-10T06:53:37Z INFO [369/750] 8e8ca7ad-e707-410b-badc-77698a74ae5d: Sackin index -0.1658; 0.5 s; peak memory 1150 MiB.
2026-10-10T06:53:38Z INFO [370/750] 8e8d2e91-674c-4512-b976-18b5abc3198a: Sackin index -0.1248; 0.7 s; peak memory 1150 MiB.
2026-10-10T06:53:39Z INFO [371/750] 8e8d3788-1ec0-453a-aba9-1f3aecc7a21b: Sackin index -0.1658; 0.4 s; peak memory 1150 MiB.
2026-10-10T06:53:39Z INFO [372/750] 8e8d5492-a02a-480d-879e-e6ac70f70df6: Sackin index -0.1349; 0.8 s; peak memory 1150 MiB.
2026-10-10T06:53:42Z INFO [373/750] 8e8d98a8-59ec-4422-ae05-eedbc71f5d78: Sackin index -0.1657; 2.8 s; peak memory 1150 MiB.
2026-10-10T06:53:42Z INFO [374/750] 8e8e7a9e-219c-4c0d-becc-12416c035519: Sackin index -0.1461; 0.4 s; peak memory 1150 MiB.
2026-10-10T06:53:44Z INFO [375/750] 8e8ed0cd-9905-4c7e-874f-e44c66fc255c: Sackin index -0.0718; 1.9 s; peak memory 1150 MiB.
2026-10-10T06:53:45Z INFO [376/750] 8e8eed75-ab02-4d6f-b50d-5fde9d94bdc2: Sackin index -0.0371; 0.6 s; peak memory 1150 MiB.
2026-10-10T06:53:46Z INFO [377/750] 8e8fc9c7-8dad-4982-ac4b-319da7b2509b: Sackin index -0.1349; 0.6 s; peak memory 1150 MiB.
2026-10-10T06:53:52Z INFO [378/750] 8e9033b8-bae3-4ec8-8048-fda2cac55ce3: Sackin index -0.0130; 6.3 s; peak memory 1150 MiB.
2026-10-10T06:53:53Z INFO [379/750] 8e903555-fc4f-484b-8ebe-210de172d1ad: Sackin index -0.0881; 0.8 s; peak memory 1150 MiB.
2026-10-10T06:53:54Z INFO [380/750] 8e90f61c-119d-4f9e-af77-221dec0ed991: Sackin index -0.0746; 0.9 s; peak memory 1150 MiB.
2026-10-10T06:54:02Z INFO [381/750] 8e90fee0-b3e1-49ec-8e05-d4223568029e: Sackin index -0.0141; 8.5 s; peak memory 1150 MiB.
2026-10-10T06:54:11Z INFO [382/750] 8e9297d4-617f-4bfe-aa45-80c61ffb420d: Sackin index -0.0094; 8.5 s; peak memory 1150 MiB.
2026-10-10T06:54:11Z INFO [383/750] 8e93e261-e696-47f5-8416-da2a9dda1dec: Sackin index -0.1448; 0.5 s; peak memory 1150 MiB.
2026-10-10T06:54:12Z INFO [384/750] 8e93f052-8ae7-4172-9caa-7797915b6084: Sackin index -0.1349; 0.6 s; peak memory 1150 MiB.
2026-10-10T06:54:12Z INFO [385/750] 8e949bb2-dce3-460c-bf24-d41612118aca: Sackin index -0.1349; 0.6 s; peak memory 1150 MiB.
2026-10-10T06:54:13Z INFO [386/750] 8e94a6a2-7add-42e8-9713-ea5ccb741677: Sackin index -0.0696; 0.7 s; peak memory 1150 MiB.
2026-10-10T06:54:17Z INFO [387/750] 8e94b622-393b-4c62-bb21-8041d826d947: Sackin index -0.0762; 4.4 s; peak memory 1150 MiB.
2026-10-10T06:54:18Z INFO [388/750] 8e953af8-890f-4afb-8df8-c777679f94d2: Sackin index -0.0709; 0.9 s; peak memory 1150 MiB.
2026-10-10T06:54:19Z INFO [389/750] 8e956b55-2e67-4cdd-880d-1e7238c6df38: Sackin index -0.0917; 0.7 s; peak memory 1150 MiB.
2026-10-10T06:54:23Z INFO [390/750] 8e96f9a5-1cf4-49d9-9c0f-13bca18b8454: Sackin index -0.0476; 4.5 s; peak memory 1150 MiB.
2026-10-10T06:54:35Z INFO [391/750] 8e9777b4-9c93-43ad-a578-1e4fc3fd5fbd: Sackin index -0.0075; 11.6 s; peak memory 1150 MiB.
2026-10-10T06:54:36Z INFO [392/750] 8e9800b5-f670-440b-8a1f-47ffd14f16ce: Sackin index -0.0350; 1.6 s; peak memory 1150 MiB.
2026-10-10T06:54:39Z INFO [393/750] 8e9850e9-07d9-40fa-8788-4aef674a5d15: Sackin index -0.1266; 2.0 s; peak memory 1150 MiB.
2026-10-10T06:54:40Z INFO [394/750] 8e986e0a-9e85-45fd-a9ea-12f6f7c016d4: Sackin index -0.0676; 1.4 s; peak memory 1150 MiB.
2026-10-10T06:54:41Z INFO [395/750] 8e9898ab-d9a6-4512-a45c-36c2d24fc512: Sackin index -0.0376; 1.0 s; peak memory 1150 MiB.
2026-10-10T06:54:41Z INFO [396/750] 8e98ffcb-1632-4bbe-9c3b-36fffd16e080: Sackin index -0.0702; 0.6 s; peak memory 1150 MiB.
2026-10-10T06:54:42Z INFO [397/750] 8e99cad9-6399-4047-9e79-33602a3bcaa6: Sackin index -0.0702; 0.8 s; peak memory 1150 MiB.
2026-10-10T06:54:43Z INFO [398/750] 8e9afe3a-f521-4a0d-a306-2837b1bc7d07: Sackin index -0.1408; 0.6 s; peak memory 1150 MiB.
2026-10-10T06:54:44Z INFO [399/750] 8e9b18e6-794c-4b03-8c83-4436f69f3651: Sackin index -0.0275; 1.0 s; peak memory 1150 MiB.
2026-10-10T06:54:44Z INFO [400/750] 8e9bbed3-0672-41fa-ac79-7a4e6cc9827c: Sackin index -0.1575; 0.5 s; peak memory 1150 MiB.
2026-10-10T06:54:45Z INFO [400/750] 8e9bbed3-0672-41fa-ac79-7a4e6cc9827c: checkpointed 115736 new records.
2026-10-10T06:54:46Z INFO [401/750] 8e9bd31f-c64f-4978-9b5a-222d6b6cb635: Sackin index -0.1761; 1.6 s; peak memory 1150 MiB.
2026-10-10T06:54:47Z INFO [402/750] 8e9c1e4f-387e-4166-8df1-9acdb2bae1d4: Sackin index -0.1390; 0.8 s; peak memory 1150 MiB.
2026-10-10T06:54:48Z INFO [403/750] 8e9c8c29-1eb8-4156-9c9a-eb60d444a86c: Sackin index -0.0483; 0.9 s; peak memory 1150 MiB.
2026-10-10T06:54:49Z INFO [404/750] 8e9cec3b-241b-4646-84ae-2e62c1be2553: Sackin index -0.0696; 0.8 s; peak memory 1150 MiB.
2026-10-10T06:54:49Z INFO [405/750] 8e9eb49e-855d-46cb-b612-e245aebea023: Sackin index -0.1356; 0.5 s; peak memory 1150 MiB.
2026-10-10T06:54:50Z INFO [406/750] 8e9f1d24-4cfe-4140-91bf-53bd0ec2e3bb: Sackin index -0.0376; 0.9 s; peak memory 1150 MiB.
2026-10-10T06:54:51Z INFO [407/750] 8e9fcf0a-7a85-4a17-863b-a0915c87bdea: Sackin index -0.0702; 0.7 s; peak memory 1150 MiB.
2026-10-10T06:54:58Z INFO [408/750] 8e9fe611-51cd-4878-9eaf-b0d8d696bad6: Sackin index -0.0783; 6.9 s; peak memory 1150 MiB.
2026-10-10T06:54:58Z INFO [409/750] 8ea011b6-99d4-4e45-a962-4cecdd18bcb8: Sackin index -0.0702; 0.6 s; peak memory 1150 MiB.
2026-10-10T06:54:59Z INFO [410/750] 8ea12e5b-8087-4e6d-8759-a2bcc29dfec2: Sackin index -0.0276; 0.8 s; peak memory 1150 MiB.
2026-10-10T06:55:00Z INFO [411/750] 8ea28d8a-325e-4725-a922-fc9abf188fa3: Sackin index -0.0369; 1.2 s; peak memory 1150 MiB.
2026-10-10T06:55:01Z INFO [412/750] 8ea30073-df9c-49a6-91e5-a6f9cc44af7f: Sackin index -0.1288; 0.7 s; peak memory 1150 MiB.
2026-10-10T06:55:03Z INFO [413/750] 8ea43d69-7f9a-49bb-ba23-28ad4952ca89: Sackin index -0.0579; 1.6 s; peak memory 1150 MiB.
2026-10-10T06:55:04Z INFO [414/750] 8ea474af-9dce-4b47-a7d4-7899d0c3b543: Sackin index -0.0704; 1.8 s; peak memory 1150 MiB.
2026-10-10T06:55:05Z INFO [415/750] 8ea50530-0997-4ee4-950a-a5be3d3a6a88: Sackin index -0.0696; 0.8 s; peak memory 1150 MiB.
2026-10-10T06:55:06Z INFO [416/750] 8ea535c9-9715-4408-9c41-a6c372d1cb98: Sackin index -0.0728; 0.7 s; peak memory 1150 MiB.
2026-10-10T06:55:09Z INFO [417/750] 8ea561e7-7577-4601-b218-90f2cd546685: Sackin index -0.0383; 3.5 s; peak memory 1150 MiB.
2026-10-10T06:55:10Z INFO [418/750] 8ea578c9-bd1d-4f62-a28b-085f1d37d970: Sackin index -0.1349; 0.7 s; peak memory 1150 MiB.
2026-10-10T06:55:11Z INFO [419/750] 8ea85627-200b-4daf-b05a-934065e8624a: Sackin index -0.0802; 1.0 s; peak memory 1150 MiB.
2026-10-10T06:55:16Z INFO [420/750] 8ea86e3d-0f85-4669-9cb7-2394933a146c: Sackin index -0.0141; 4.7 s; peak memory 1150 MiB.
2026-10-10T06:55:29Z INFO [421/750] 8ea8a761-13ad-47cd-8749-c80437bda313: Sackin index -0.1284; 13.0 s; peak memory 1150 MiB.
2026-10-10T06:55:29Z INFO [422/750] 8ea91516-56d9-4ed9-9145-6113390dd571: Sackin index -0.0656; 0.6 s; peak memory 1150 MiB.
2026-10-10T06:55:34Z INFO [423/750] 8ea9d4f6-ad64-4179-b5bc-d46b79fbad70: Sackin index -0.0199; 4.2 s; peak memory 1150 MiB.
2026-10-10T06:55:37Z INFO [424/750] 8eaa1114-085f-4652-9091-f5867b3583d1: Sackin index -0.0243; 3.7 s; peak memory 1150 MiB.
2026-10-10T06:55:38Z INFO [425/750] 8eaa12f5-16ba-4b1f-9bb1-7dae735511aa: Sackin index -0.1349; 0.7 s; peak memory 1150 MiB.
2026-10-10T06:55:42Z INFO [426/750] 8eaa4133-4405-4840-ba2f-cef4da5f685a: Sackin index -0.0153; 3.9 s; peak memory 1150 MiB.
2026-10-10T06:55:42Z INFO [427/750] 8eaa4812-867a-45ec-aa27-4a136f6ea625: Sackin index -0.1349; 0.6 s; peak memory 1150 MiB.
2026-10-10T06:55:43Z INFO [428/750] 8eab1b52-61ac-46ee-a15e-93b28f60052b: Sackin index -0.1331; 0.5 s; peak memory 1150 MiB.
2026-10-10T06:55:48Z INFO [429/750] 8eac0352-e42a-45b7-b55c-b732ccc83f68: Sackin index -0.0691; 5.3 s; peak memory 1150 MiB.
2026-10-10T06:55:49Z INFO [430/750] 8eac3d29-33ff-4d01-a7a0-2cef41a9175f: Sackin index -0.1226; 0.6 s; peak memory 1150 MiB.
2026-10-10T06:55:50Z INFO [431/750] 8eac8b21-4417-429c-b0c4-748aad4ac901: Sackin index -0.0702; 0.9 s; peak memory 1150 MiB.
2026-10-10T06:55:56Z INFO [432/750] 8eadf54f-4f37-4086-847f-fe3d6e559460: Sackin index -0.0291; 6.1 s; peak memory 1150 MiB.
2026-10-10T06:56:00Z INFO [433/750] 8eadfb1a-ab2d-45fc-9804-5bade4397390: Sackin index -0.2073; 3.8 s; peak memory 1150 MiB.
2026-10-10T06:56:02Z INFO [434/750] 8eaf7e59-e985-4ba6-a345-cc18babf68f8: Sackin index -0.0699; 1.9 s; peak memory 1150 MiB.
2026-10-10T06:56:02Z INFO [435/750] 8eaf9e2b-a909-45e3-9f52-92a76ec8d331: Sackin index -0.2000; 0.4 s; peak memory 1150 MiB.
2026-10-10T06:56:03Z INFO [436/750] 8eafa39e-4f6a-45e5-a399-81db91fec9f3: Sackin index -0.0718; 1.3 s; peak memory 1150 MiB.
2026-10-10T06:56:04Z INFO [437/750] 8eb0716d-6d1c-4155-9b93-c85edc0350ed: Sackin index -0.1349; 0.6 s; peak memory 1150 MiB.
2026-10-10T06:56:05Z INFO [438/750] 8eb19892-03b9-4e8a-962e-810507329bd8: Sackin index -0.1248; 0.8 s; peak memory 1150 MiB.
2026-10-10T06:56:05Z INFO [439/750] 8eb30853-136d-4452-aafe-423b2533c670: Sackin index -0.1521; 0.6 s; peak memory 1150 MiB.
2026-10-10T06:56:06Z INFO [440/750] 8eb32f75-66fd-4bbc-af7e-3bdfa98b8be2: Sackin index -0.0376; 0.8 s; peak memory 1150 MiB.
2026-10-10T06:56:07Z INFO [441/750] 8eb36c94-adcb-4912-9d02-db0a2a7b5f18: Sackin index -0.0326; 0.8 s; peak memory 1150 MiB.
2026-10-10T06:56:08Z INFO [442/750] 8eb377a9-3650-4411-9ee9-615e753810f5: Sackin index -0.1319; 0.6 s; peak memory 1150 MiB.
2026-10-10T06:56:08Z INFO [443/750] 8eb44d7d-11ab-4914-ac71-6f16deaf9474: Sackin index -0.1349; 0.5 s; peak memory 1150 MiB.
2026-10-10T06:56:23Z INFO [444/750] 8eb4624d-5c92-487c-96e3-94c082af8fab: Sackin index -0.0022; 14.9 s; peak memory 1150 MiB.
2026-10-10T06:56:24Z INFO [445/750] 8eb4e5d0-5f61-4c4a-87f3-50183551ecea: Sackin index -0.0384; 0.8 s; peak memory 1150 MiB.
2026-10-10T06:56:25Z INFO [446/750] 8eb58a36-6a67-41da-a2a2-f2f7da8c77ad: Sackin index -0.1293; 1.1 s; peak memory 1150 MiB.
2026-10-10T06:56:27Z INFO [447/750] 8eb5fcb5-b4ab-4f09-9b64-358d105da581: Sackin index -0.0660; 2.0 s; peak memory 1150 MiB.
2026-10-10T06:56:28Z INFO [448/750] 8eb685a8-9c97-4683-a2eb-58a58eda4466: Sackin index -0.1349; 0.7 s; peak memory 1150 MiB.
2026-10-10T06:56:28Z INFO [449/750] 8eb7c68c-f592-498f-a9bc-5a37ebabd6bc: Sackin index -0.1349; 0.8 s; peak memory 1150 MiB.
2026-10-10T06:56:29Z INFO [450/750] 8eb7e800-acd8-4241-a286-5af682aebf14: Sackin index -0.1349; 0.6 s; peak memory 1150 MiB.
2026-10-10T06:56:29Z INFO [450/750] 8eb7e800-acd8-4241-a286-5af682aebf14: checkpointed 115786 new records.
2026-10-10T06:56:30Z INFO [451/750] 8eb81f2f-d775-4f32-92ce-d187e512b71a: Sackin index -0.1349; 0.5 s; peak memory 1150 MiB.
2026-10-10T06:56:30Z INFO [452/750] 8eb85cc5-2652-4ab7-8582-9e012eb561a8: Sackin index -0.1349; 0.7 s; peak memory 1150 MiB.
2026-10-10T06:56:31Z INFO [453/750] 8eb870fc-c78f-4c62-9744-1909728aafa8: Sackin index -0.0673; 0.7 s; peak memory 1150 MiB.
2026-10-10T06:57:03Z INFO [454/750] 8eb8cab1-dbfb-4c08-8e86-ab99b84428f2: Sackin index -0.1144; 32.2 s; peak memory 1150 MiB.
2026-10-10T06:57:04Z INFO [455/750] 8eb8dfb3-032d-4d8b-a189-859802b9ff34: Sackin index -0.0752; 0.8 s; peak memory 1150 MiB.
2026-10-10T06:57:05Z INFO [456/750] 8eb9395d-327b-4e73-909f-7180086b667a: Sackin index -0.0376; 1.1 s; peak memory 1150 MiB.
2026-10-10T06:57:06Z INFO [457/750] 8eb995f3-e5fc-4c75-9c82-19237c518c81: Sackin index -0.1215; 1.0 s; peak memory 1150 MiB.
2026-10-10T06:57:08Z INFO [458/750] 8eb9fd3f-f53e-4342-a02b-f5d550bbe3da: Sackin index -0.0676; 1.4 s; peak memory 1150 MiB.
2026-10-10T06:57:08Z INFO [459/750] 8eba46ea-f166-4a74-8c26-09bc281d738b: Sackin index -0.0696; 0.8 s; peak memory 1150 MiB.
2026-10-10T06:57:09Z INFO [460/750] 8eba8d05-a0d9-432f-8ee4-5dadac78b018: Sackin index -0.1191; 0.5 s; peak memory 1150 MiB.
2026-10-10T06:57:10Z INFO [461/750] 8ebaaee8-8d9f-403a-96e3-e1554833a8b9: Sackin index -0.1349; 0.7 s; peak memory 1150 MiB.
2026-10-10T06:57:10Z INFO [462/750] 8ebaf305-5f10-48b1-b600-52dc45e9eb71: Sackin index -0.0696; 0.7 s; peak memory 1150 MiB.
2026-10-10T06:57:11Z INFO [463/750] 8ebb447d-ef2c-46f1-a8c4-71e49933c3b6: Sackin index -0.0385; 0.7 s; peak memory 1150 MiB.
2026-10-10T06:57:12Z INFO [464/750] 8ebba6b4-ca03-424b-b701-ee0d1f14d0a5: Sackin index -0.1938; 0.6 s; peak memory 1150 MiB.
2026-10-10T06:57:12Z INFO [465/750] 8ebcf850-9333-4ff5-9df7-2698139738a3: Sackin index -0.2168; 0.3 s; peak memory 1150 MiB.
2026-10-10T06:57:13Z INFO [466/750] 8ebd4623-ea1c-4253-b535-3b691cd4b3a0: Sackin index -0.0365; 1.3 s; peak memory 1150 MiB.
2026-10-10T06:57:14Z INFO [467/750] 8ebe9bbd-18ea-44c2-a169-6eab8b948489: Sackin index -0.1370; 1.0 s; peak memory 1150 MiB.
2026-10-10T06:57:15Z INFO [468/750] 8ebea129-1f44-43f0-a8c6-53c7846166de: Sackin index -0.0696; 1.0 s; peak memory 1150 MiB.
2026-10-10T06:57:25Z INFO [469/750] 8ec0b5fd-677d-4627-8223-2aa339e83327: Sackin index -0.0235; 9.6 s; peak memory 1150 MiB.
2026-10-10T06:57:27Z INFO [470/750] 8ec0fa52-b80a-4ba0-a6a6-22958f510e26: Sackin index -0.0699; 1.8 s; peak memory 1150 MiB.
2026-10-10T06:57:28Z INFO [471/750] 8ec10254-1d8c-46b4-8856-57b2412c88fe: Sackin index -0.0702; 0.8 s; peak memory 1150 MiB.
2026-10-10T06:57:48Z INFO [472/750] 8ec17f62-ce6e-459c-9070-dbee0bae4bf4: Sackin index -0.1367; 19.9 s; peak memory 1150 MiB.
2026-10-10T06:58:06Z INFO [473/750] 8ec2ef7d-8739-4f8f-a6ea-f20102aa8c5a: Sackin index -0.1367; 18.2 s; peak memory 1150 MiB.
2026-10-10T06:58:07Z INFO [474/750] 8ec375d0-006f-4c19-9b8d-d7971eeb8123: Sackin index -0.0728; 0.9 s; peak memory 1150 MiB.
2026-10-10T06:58:07Z INFO [475/750] 8ec3a0a0-4e19-4d14-9aa8-9d16c1cbf3d6: Sackin index -0.1178; 0.5 s; peak memory 1150 MiB.
2026-10-10T06:58:08Z INFO [476/750] 8ec3cbae-9aba-4f62-8145-0c2fca763c15: Sackin index -0.1248; 0.7 s; peak memory 1150 MiB.
2026-10-10T06:58:09Z INFO [477/750] 8ec4b2a0-205f-4b63-8d58-3b5ce6eaef7a: Sackin index -0.0732; 0.7 s; peak memory 1150 MiB.
2026-10-10T06:58:09Z INFO [478/750] 8ec5af93-2dfe-4ecf-b6c3-4df111bed9a3: Sackin index -0.0735; 0.9 s; peak memory 1150 MiB.
2026-10-10T06:58:10Z INFO [479/750] 8ec5d0b8-8913-4273-b84e-49f77f8af6e5: Sackin index -0.0377; 0.7 s; peak memory 1150 MiB.
2026-10-10T06:58:11Z INFO [480/750] 8ec675cf-a3ac-42ea-a09f-9131ef9ff43f: Sackin index -0.0398; 1.0 s; peak memory 1150 MiB.
2026-10-10T06:58:45Z INFO [481/750] 8ec683c1-b1ae-40b3-9d4e-941c1a494854: Sackin index -0.1144; 34.3 s; peak memory 1150 MiB.
2026-10-10T06:58:50Z INFO [482/750] 8ec71884-c7d1-447a-b3b1-b334966ac8db: Sackin index -0.0288; 4.8 s; peak memory 1150 MiB.
2026-10-10T06:58:51Z INFO [483/750] 8ec7ade0-4ea6-4471-b947-d2a68b80cae8: Sackin index -0.0728; 0.7 s; peak memory 1150 MiB.
2026-10-10T06:59:00Z INFO [484/750] 8ec805be-8386-433e-8787-1f54ec4ddd9f: Sackin index -0.1495; 9.5 s; peak memory 1150 MiB.
2026-10-10T06:59:03Z INFO [485/750] 8ec8e11a-27d2-483d-bb1e-8e748a189bb3: Sackin index -0.0869; 2.3 s; peak memory 1150 MiB.
2026-10-10T06:59:03Z INFO [486/750] 8ec96a97-17d4-4daa-b18a-390a6bdb334a: Sackin index -0.1349; 0.6 s; peak memory 1150 MiB.
2026-10-10T06:59:22Z INFO [487/750] 8ec9c961-bc9a-4851-9603-e31f7f62999b: Sackin index -0.1367; 18.7 s; peak memory 1150 MiB.
2026-10-10T06:59:22Z INFO [488/750] 8ecacce9-6419-49f9-a0a6-7cc1f4dae657: Sackin index -0.1161; 0.4 s; peak memory 1150 MiB.
2026-10-10T06:59:23Z INFO [489/750] 8ecaf5ed-5770-443a-b5d6-f20b4867efad: Sackin index -0.0745; 0.9 s; peak memory 1150 MiB.
2026-10-10T06:59:24Z INFO [490/750] 8ecb2bf8-6a57-4aa9-aaa5-59b422750f77: Sackin index -0.1448; 0.5 s; peak memory 1150 MiB.
2026-10-10T07:01:04Z INFO [491/750] 8ecbef9a-14e8-46a9-a8bc-9c6bee770259: Sackin index -0.0276; 99.8 s; peak memory 1150 MiB.
2026-10-10T07:01:04Z INFO [492/750] 8ecc2a6f-a4bf-4da2-a589-580572b8c599: Sackin index -0.0702; 0.6 s; peak memory 1150 MiB.
2026-10-10T07:01:08Z INFO [493/750] 8eccb95f-f8f0-49ac-989f-4374c3adefa1: Sackin index -0.0439; 4.2 s; peak memory 1150 MiB.
2026-10-10T07:01:09Z INFO [494/750] 8ecce071-69d2-4d75-becf-ccc24f23fab5: Sackin index -0.1349; 0.8 s; peak memory 1150 MiB.
2026-10-10T07:01:10Z INFO [495/750] 8eccfbe1-686c-4ca0-899e-52c89e6c5f68: Sackin index -0.0715; 0.8 s; peak memory 1150 MiB.
2026-10-10T07:01:11Z INFO [496/750] 8ecd0890-154c-4f25-aca6-604e44836b57: Sackin index -0.1273; 1.1 s; peak memory 1150 MiB.
2026-10-10T07:01:13Z INFO [497/750] 8ecdc12c-d5eb-4285-9970-e72c327a7e21: Sackin index -0.0369; 1.5 s; peak memory 1150 MiB.
2026-10-10T07:01:13Z INFO [498/750] 8ed04cd6-0698-4811-9a8b-bf3ea029b8b1: Sackin index -0.0702; 0.6 s; peak memory 1150 MiB.
2026-10-10T07:01:14Z INFO [499/750] 8ed093a6-5947-4f8d-95dc-96cfa14bedb3: Sackin index -0.1349; 0.7 s; peak memory 1150 MiB.
2026-10-10T07:01:15Z INFO [500/750] 8ed0b2ab-e15d-47b7-9593-7371ab167b9f: Sackin index -0.0702; 0.8 s; peak memory 1150 MiB.
2026-10-10T07:01:15Z INFO [500/750] 8ed0b2ab-e15d-47b7-9593-7371ab167b9f: checkpointed 115836 new records.
2026-10-10T07:01:16Z INFO [501/750] 8ed14df9-5afe-4991-8490-b74287b97a3f: Sackin index -0.2234; 0.8 s; peak memory 1150 MiB.
2026-10-10T07:01:17Z INFO [502/750] 8ed1a0e5-c103-4874-a392-37e114a29637: Sackin index -0.0728; 0.8 s; peak memory 1150 MiB.
2026-10-10T07:01:17Z INFO [503/750] 8ed1bc88-9f1d-4624-ba9e-a46be154468f: Sackin index -0.1658; 0.6 s; peak memory 1150 MiB.
2026-10-10T07:01:18Z INFO [504/750] 8ed1bcf7-bf86-4c98-85da-927a15671997: Sackin index -0.0702; 0.7 s; peak memory 1150 MiB.
2026-10-10T07:01:20Z INFO [505/750] 8ed277b6-bf86-4888-b1b2-0117653ae128: Sackin index -0.0699; 1.7 s; peak memory 1150 MiB.
2026-10-10T07:01:21Z INFO [506/750] 8ed286be-4d81-4d51-b185-a044b662b767: Sackin index -0.0676; 1.2 s; peak memory 1150 MiB.
2026-10-10T07:01:22Z INFO [507/750] 8ed2bf48-925a-423a-a540-e03e54380e26: Sackin index -0.0369; 1.1 s; peak memory 1150 MiB.
2026-10-10T07:01:29Z INFO [508/750] 8ed3ebb9-10b5-4de5-b6e5-54815689ebec: Sackin index -0.0132; 7.2 s; peak memory 1150 MiB.
2026-10-10T07:01:30Z INFO [509/750] 8ed4b4bb-caa4-4dd4-82d8-341e8da55422: Sackin index -0.0696; 0.7 s; peak memory 1150 MiB.
2026-10-10T07:01:30Z INFO [510/750] 8ed4f8a4-2718-4657-af5b-d0346e8e72f5: Sackin index -0.1448; 0.6 s; peak memory 1150 MiB.
2026-10-10T07:01:31Z INFO [511/750] 8ed53443-962c-4ae3-ba75-5d4c9380a62d: Sackin index -0.3646; 0.4 s; peak memory 1150 MiB.
2026-10-10T07:01:32Z INFO [512/750] 8ed5540a-a689-48b9-b298-cfa63a415230: Sackin index -0.0702; 0.8 s; peak memory 1150 MiB.
2026-10-10T07:01:38Z INFO [513/750] 8ed60368-d5a5-44e9-97f3-8496229e030b: Sackin index -0.0204; 6.1 s; peak memory 1150 MiB.
2026-10-10T07:01:39Z INFO [514/750] 8ed63ca3-8741-4ee9-a7a3-187d8de6d998: Sackin index -0.1072; 1.0 s; peak memory 1150 MiB.
2026-10-10T07:01:40Z INFO [515/750] 8ed6d8fc-f79a-4120-a6e7-0e79c9ec1f1d: Sackin index -0.1938; 1.1 s; peak memory 1150 MiB.
2026-10-10T07:01:42Z INFO [516/750] 8ed78393-38fb-4359-a27e-65ec7e21da2c: Sackin index -0.0350; 1.9 s; peak memory 1150 MiB.
2026-10-10T07:01:42Z INFO [517/750] 8ed7d52b-f475-4db7-aefe-b8a99aacff2b: Sackin index -0.1349; 0.6 s; peak memory 1150 MiB.
2026-10-10T07:01:49Z INFO [518/750] 8ed850bd-4582-41c3-a15d-6d8edeb950e5: Sackin index -0.0038; 6.1 s; peak memory 1150 MiB.
2026-10-10T07:01:49Z INFO [519/750] 8ed8b072-01aa-47bc-9069-16f85aac3698: Sackin index -0.1248; 0.7 s; peak memory 1150 MiB.
2026-10-10T07:01:50Z INFO [520/750] 8ed8b872-0bca-4d79-820d-a62bc6bfa6ec: Sackin index -0.1658; 0.5 s; peak memory 1150 MiB.
2026-10-10T07:01:51Z INFO [521/750] 8ed926d7-3d3d-4bd1-be7d-9cae88ee3bd3: Sackin index -0.0398; 1.0 s; peak memory 1150 MiB.
2026-10-10T07:01:51Z INFO [522/750] 8ed9a4fa-9a44-4f1b-8907-2882dcf15e28: Sackin index -0.0728; 0.7 s; peak memory 1150 MiB.
2026-10-10T07:01:52Z INFO [523/750] 8eda0638-5aa0-474e-ab03-9918410dbcb1: Sackin index -0.0702; 0.7 s; peak memory 1150 MiB.
2026-10-10T07:01:59Z INFO [524/750] 8eda0feb-7678-4a82-9283-444ee54ca284: Sackin index -0.0105; 6.7 s; peak memory 1150 MiB.
2026-10-10T07:02:00Z INFO [525/750] 8eda3cf7-e82f-40dd-8c9d-b2b332220039: Sackin index -0.1349; 0.8 s; peak memory 1150 MiB.
2026-10-10T07:51:22Z INFO [526/750] 8eda4240-0a42-40eb-930a-82f74579e6c5: Sackin index -0.0070; 2962.0 s; peak memory 1174 MiB.
2026-10-10T07:51:22Z INFO [527/750] 8edaa290-6a3f-42a4-819f-76812356293a: Sackin index -0.0702; 0.7 s; peak memory 1174 MiB.
2026-10-10T07:51:24Z INFO [528/750] 8edb0eb2-362c-49a9-93a8-0ec774c7fb36: Sackin index -0.1938; 1.4 s; peak memory 1174 MiB.
2026-10-10T07:51:24Z INFO [529/750] 8edd73db-282f-409f-83d3-bd8af20855f1: Sackin index -0.1349; 0.6 s; peak memory 1174 MiB.
2026-10-10T07:51:25Z INFO [530/750] 8ede90c8-ba0d-4490-bdae-1191df1664a9: Sackin index -0.0275; 1.1 s; peak memory 1174 MiB.
2026-10-10T07:51:26Z INFO [531/750] 8edea2d2-0d58-4916-a46f-61b7240ab198: Sackin index -0.0384; 0.7 s; peak memory 1174 MiB.
2026-10-10T07:51:27Z INFO [532/750] 8edeeefc-5534-49e8-b891-380bc30bd679: Sackin index -0.1658; 0.4 s; peak memory 1174 MiB.
2026-10-10T07:51:27Z INFO [533/750] 8edf2c88-9ea3-44d4-92c8-bb4b22f26ba2: Sackin index -0.1349; 0.7 s; peak memory 1174 MiB.
2026-10-10T07:51:28Z INFO [534/750] 8ee02996-895a-4933-b98c-6b78a7a7c89e: Sackin index -0.1349; 0.5 s; peak memory 1174 MiB.
2026-10-10T07:51:28Z INFO [535/750] 8ee0ea3a-931e-481d-835e-100d55c09bce: Sackin index -0.1349; 0.6 s; peak memory 1174 MiB.
2026-10-10T07:51:29Z INFO [536/750] 8ee0f8d2-7388-418b-8523-0c0cf5fb1bdc: Sackin index -0.0745; 0.6 s; peak memory 1174 MiB.
2026-10-10T07:51:31Z INFO [537/750] 8ee1281a-47ab-48c2-802c-49d8c0601f71: Sackin index -0.0660; 1.7 s; peak memory 1174 MiB.
2026-10-10T07:51:32Z INFO [538/750] 8ee1d652-4495-483c-9e49-b7fc11ca47d3: Sackin index -0.1349; 0.7 s; peak memory 1174 MiB.
2026-10-10T07:51:32Z INFO [539/750] 8ee29686-f711-4d3b-937c-7f9022f32612: Sackin index -0.0702; 0.7 s; peak memory 1174 MiB.
2026-10-10T07:51:33Z INFO [540/750] 8ee320d4-e40a-4297-9d55-17a143a3cb6b: Sackin index -0.0702; 0.8 s; peak memory 1174 MiB.
2026-10-10T07:51:46Z INFO [541/750] 8ee35277-93c6-44f3-875e-62c66536f852: Sackin index -0.0491; 12.8 s; peak memory 1174 MiB.
2026-10-10T07:51:48Z INFO [542/750] 8ee3851f-9f29-4b60-b747-60580e3d877b: Sackin index -0.1266; 2.3 s; peak memory 1174 MiB.
2026-10-10T07:51:49Z INFO [543/750] 8ee3bf60-4a7b-46cc-bae5-efd6f4b5becc: Sackin index -0.0699; 1.4 s; peak memory 1174 MiB.
2026-10-10T07:52:23Z INFO [544/750] 8ee55662-d98c-4c04-9772-891d23c4521d: Sackin index -0.1144; 33.5 s; peak memory 1174 MiB.
2026-10-10T07:52:24Z INFO [545/750] 8ee5ce23-7bc7-429d-bc53-3d6dd39d1deb: Sackin index -0.0728; 1.0 s; peak memory 1174 MiB.
2026-10-10T07:52:24Z INFO [546/750] 8ee5d6f1-a0be-475a-86a0-32f4d802b92b: Sackin index -0.1272; 0.5 s; peak memory 1174 MiB.
2026-10-10T07:52:25Z INFO [547/750] 8ee67eea-7bf7-455d-9b3a-739af2d07cef: Sackin index -0.1191; 0.5 s; peak memory 1174 MiB.
2026-10-10T07:52:26Z INFO [548/750] 8ee79423-618f-4d2b-81fa-e6bd87429e0f: Sackin index -0.0376; 0.9 s; peak memory 1174 MiB.
2026-10-10T07:52:27Z INFO [549/750] 8ee7b401-2d13-45de-902a-44c7823a8e2b: Sackin index -0.0696; 0.8 s; peak memory 1174 MiB.
2026-10-10T07:52:27Z INFO [550/750] 8ee8cf39-3858-4084-949f-08c8b0e4bbdb: Sackin index -0.0272; 0.9 s; peak memory 1174 MiB.
2026-10-10T07:52:28Z INFO [550/750] 8ee8cf39-3858-4084-949f-08c8b0e4bbdb: checkpointed 115886 new records.
2026-10-10T07:52:29Z INFO [551/750] 8ee90cd2-f090-4935-92ed-29379777c060: Sackin index -0.0369; 0.9 s; peak memory 1174 MiB.
2026-10-10T07:52:30Z INFO [552/750] 8ee95598-b2df-4fbe-89f2-7e39a72b5d71: Sackin index -0.1224; 1.1 s; peak memory 1174 MiB.
2026-10-10T07:52:30Z INFO [553/750] 8eea6c0b-3a3d-4cbf-82ae-3c826d346a0f: Sackin index -0.1938; 0.6 s; peak memory 1174 MiB.
2026-10-10T07:52:31Z INFO [554/750] 8eeb3e01-5b10-437c-8da0-b1c6906b42d2: Sackin index -0.1349; 0.7 s; peak memory 1174 MiB.
2026-10-10T07:52:32Z INFO [555/750] 8eeb7d7e-7466-443c-a8f7-08de4c5ebf0c: Sackin index -0.1349; 0.7 s; peak memory 1174 MiB.
2026-10-10T07:52:32Z INFO [556/750] 8eeb83d7-9900-4b07-8c93-4677f47428eb: Sackin index -0.0386; 0.5 s; peak memory 1174 MiB.
2026-10-10T07:52:33Z INFO [557/750] 8eeca39d-14cc-41bc-ad5f-817471180e52: Sackin index -0.0728; 0.8 s; peak memory 1174 MiB.
2026-10-10T07:52:34Z INFO [558/750] 8eee5ef0-6806-41ff-bf9f-e40921c3ca84: Sackin index -0.1239; 0.5 s; peak memory 1174 MiB.
2026-10-10T07:52:39Z INFO [559/750] 8eee8208-b7fc-4f84-ac3f-3a85530b9bef: Sackin index -0.0175; 5.3 s; peak memory 1174 MiB.
2026-10-10T07:52:41Z INFO [560/750] 8ef01373-a02f-4879-bcdb-c8c83b0297c2: Sackin index -0.0884; 2.1 s; peak memory 1174 MiB.
2026-10-10T07:52:42Z INFO [561/750] 8ef07026-12a7-46c0-9c47-475b33536ff0: Sackin index -0.0369; 1.0 s; peak memory 1174 MiB.
2026-10-10T07:52:44Z INFO [562/750] 8ef0b6d4-1cb6-4737-b93c-aff92572bcaf: Sackin index -0.0660; 2.0 s; peak memory 1174 MiB.
2026-10-10T07:52:45Z INFO [563/750] 8ef0bcc7-7f40-47cf-a0e2-be5ed0b9423d: Sackin index -0.0696; 0.7 s; peak memory 1174 MiB.
2026-10-10T07:52:47Z INFO [564/750] 8ef17f10-f3a5-4b90-8bd0-d01062d6ad2a: Sackin index -0.0353; 2.3 s; peak memory 1174 MiB.
2026-10-10T07:52:48Z INFO [565/750] 8ef2726f-6359-445d-95e1-af68eacb30c5: Sackin index -0.1349; 0.7 s; peak memory 1174 MiB.
2026-10-10T07:52:58Z INFO [566/750] 8ef282b8-b4ce-4c4e-a8c8-df0bba39b55f: Sackin index -0.1495; 10.4 s; peak memory 1174 MiB.
2026-10-10T07:52:59Z INFO [567/750] 8ef39962-9193-4a07-aeec-2eb371a5e902: Sackin index -0.0702; 0.6 s; peak memory 1174 MiB.
2026-10-10T07:52:59Z INFO [568/750] 8ef3b4bb-e070-49e4-b410-b7e8bd91d029: Sackin index -0.1303; 0.5 s; peak memory 1174 MiB.
2026-10-10T07:52:59Z INFO [569/750] 8ef3c161-8c2d-4d31-b6f3-5097d204b609: Sackin index -0.1658; 0.4 s; peak memory 1174 MiB.
2026-10-10T07:53:00Z INFO [570/750] 8ef4600f-21a8-4b53-9b39-bbbebdd079be: Sackin index -0.1658; 0.4 s; peak memory 1174 MiB.
2026-10-10T07:53:00Z INFO [571/750] 8ef5bc04-8066-4daf-a7b8-811c870b1bb3: Sackin index -0.1349; 0.7 s; peak memory 1174 MiB.
2026-10-10T07:53:01Z INFO [572/750] 8ef6b52b-f6b3-46cd-a5ae-a371f8cea1d9: Sackin index -0.1248; 0.8 s; peak memory 1174 MiB.
2026-10-10T07:53:03Z INFO [573/750] 8ef86f8b-b28d-4ed6-91b6-8d770265c153: Sackin index -0.0696; 1.6 s; peak memory 1174 MiB.
2026-10-10T07:53:04Z INFO [574/750] 8ef88e11-3c13-4b84-8468-c24beb139764: Sackin index -0.1602; 0.7 s; peak memory 1174 MiB.
2026-10-10T07:53:04Z INFO [575/750] 8ef95ded-ea7a-49ac-bd8f-65e4cf2f35ca: Sackin index -0.0696; 0.6 s; peak memory 1174 MiB.
2026-10-10T07:53:06Z INFO [576/750] 8ef9c67e-014a-43b5-a800-c7f0d343a349: Sackin index -0.1938; 1.4 s; peak memory 1174 MiB.
2026-10-10T07:53:10Z INFO [577/750] 8ef9f3e8-8b02-430a-ad78-85f83c85c546: Sackin index -0.0476; 4.7 s; peak memory 1174 MiB.
2026-10-10T07:53:11Z INFO [578/750] 8efa8b88-f463-44d1-b479-5aa53d43ec51: Sackin index -0.0728; 1.0 s; peak memory 1174 MiB.
2026-10-10T07:53:15Z INFO [579/750] 8efaef9a-b268-42e8-8ce7-b1bad3831da9: Sackin index -0.0476; 3.9 s; peak memory 1174 MiB.
2026-10-10T07:53:32Z INFO [580/750] 8efb265a-7673-462a-aaf6-9d94982066c0: Sackin index -0.1367; 17.3 s; peak memory 1174 MiB.
2026-10-10T07:55:20Z INFO [581/750] 8efb52b0-de1e-4214-9d06-4cb14dca58b0: Sackin index -0.0305; 107.4 s; peak memory 1174 MiB.
2026-10-10T07:55:20Z INFO [582/750] 8efb90a1-6afb-454b-819b-b41c7d790aa1: Sackin index -0.1349; 0.6 s; peak memory 1174 MiB.
2026-10-10T07:55:22Z INFO [583/750] 8efbcf8c-595c-4af7-b881-12f3d5532bd3: Sackin index -0.0699; 1.5 s; peak memory 1174 MiB.
2026-10-10T07:55:22Z INFO [584/750] 8efc4922-2b49-43e5-b72e-e5835ab88daa: Sackin index -0.0748; 0.5 s; peak memory 1174 MiB.
2026-10-10T07:55:27Z INFO [585/750] 8efdd952-7743-4574-982e-f4e1cccb9302: Sackin index -0.0190; 4.6 s; peak memory 1174 MiB.
2026-10-10T07:55:28Z INFO [586/750] 8efdf450-d8d5-4bcc-b194-5cc5097e9dd6: Sackin index -0.0696; 0.9 s; peak memory 1174 MiB.
2026-10-10T07:55:29Z INFO [587/750] 8eff0caa-c794-4804-a55e-3d7d1c9bb35c: Sackin index -0.1000; 0.8 s; peak memory 1174 MiB.
2026-10-10T07:55:30Z INFO [588/750] 8eff1bf5-5dfd-4103-8a09-38128b6945fe: Sackin index -0.0728; 1.1 s; peak memory 1174 MiB.
2026-10-10T07:55:30Z INFO [589/750] 8eff6212-71db-465d-8737-1cac34ac056b: Sackin index -0.0681; 0.7 s; peak memory 1174 MiB.
2026-10-10T07:55:32Z INFO [590/750] 8eff6be2-3090-46e2-8fc7-658bbdca755d: Sackin index -0.1248; 2.0 s; peak memory 1174 MiB.
2026-10-10T07:55:35Z INFO [591/750] 8effd9f4-aae6-4df2-9fff-6a5659d368d4: Sackin index -0.0761; 2.1 s; peak memory 1174 MiB.
2026-10-10T07:55:35Z INFO [592/750] 8f00026e-607e-41d9-bb69-7a777567ce6b: Sackin index -0.0709; 0.6 s; peak memory 1174 MiB.
2026-10-10T07:55:36Z INFO [593/750] 8f00aded-b508-4b34-a027-46a23dd41faf: Sackin index -0.1349; 0.8 s; peak memory 1174 MiB.
2026-10-10T07:55:37Z INFO [594/750] 8f011edf-43b0-46c5-b9f8-0a72a6e0f50e: Sackin index -0.1349; 0.7 s; peak memory 1174 MiB.
2026-10-10T07:55:37Z INFO [595/750] 8f0130de-a9fb-40ce-8464-424c3f990ebd: Sackin index -0.0917; 0.7 s; peak memory 1174 MiB.
2026-10-10T07:55:39Z INFO [596/750] 8f02d238-7750-4652-ba16-2e69f8f96171: Sackin index -0.0450; 1.2 s; peak memory 1174 MiB.
2026-10-10T07:55:39Z INFO [597/750] 8f0324e4-d14c-4543-b733-8762a92e6547: Sackin index -0.1331; 0.5 s; peak memory 1174 MiB.
2026-10-10T07:55:40Z INFO [598/750] 8f032b60-1e90-46d1-84b1-32a9ea352304: Sackin index -0.1658; 0.5 s; peak memory 1174 MiB.
2026-10-10T07:55:40Z INFO [599/750] 8f032eaf-f5b3-423b-a127-9884070d8181: Sackin index -0.1658; 0.4 s; peak memory 1174 MiB.
2026-10-10T07:55:41Z INFO [600/750] 8f033a13-aba1-44ad-8b1c-0d4b0877a5fa: Sackin index -0.1349; 0.7 s; peak memory 1174 MiB.
2026-10-10T07:55:41Z INFO [600/750] 8f033a13-aba1-44ad-8b1c-0d4b0877a5fa: checkpointed 115936 new records.
2026-10-10T07:55:41Z INFO [601/750] 8f03f3ab-1fa3-4023-8619-837e6bf1ffc9: Sackin index -0.1349; 0.5 s; peak memory 1174 MiB.
2026-10-10T07:55:44Z INFO [602/750] 8f0492e1-8108-4ed1-b49b-e9b2bd7b752a: Sackin index -0.0330; 2.2 s; peak memory 1174 MiB.
2026-10-10T07:55:44Z INFO [603/750] 8f062b6c-9845-4742-a63a-d89848fcbe1d: Sackin index -0.1248; 0.7 s; peak memory 1174 MiB.
2026-10-10T07:55:45Z INFO [604/750] 8f078fad-fc14-4acd-a2cb-8fa841668ca9: Sackin index -0.0380; 0.6 s; peak memory 1174 MiB.
2026-10-10T07:55:47Z INFO [605/750] 8f079d00-5a08-4838-b93e-16ef3c93bf5c: Sackin index -0.0267; 1.6 s; peak memory 1174 MiB.
2026-10-10T07:55:48Z INFO [606/750] 8f081db1-c15d-4065-ad1d-35cc0d8f6fe7: Sackin index -0.0272; 1.1 s; peak memory 1174 MiB.
2026-10-10T07:55:51Z INFO [607/750] 8f08eca0-3905-4e49-9bef-9aaea33a51c1: Sackin index -0.0485; 2.8 s; peak memory 1174 MiB.
2026-10-10T07:55:51Z INFO [608/750] 8f090f06-8548-4a9d-8d57-b1ed31ed2f4b: Sackin index -0.0745; 0.9 s; peak memory 1174 MiB.
2026-10-10T07:55:52Z INFO [609/750] 8f09968a-5911-4b1f-9c89-08ad570e28ad: Sackin index -0.0702; 0.8 s; peak memory 1174 MiB.
2026-10-10T07:55:53Z INFO [610/750] 8f09edea-cd37-4ddc-92ef-1b7953d91212: Sackin index -0.0547; 1.0 s; peak memory 1174 MiB.
2026-10-10T07:55:54Z INFO [611/750] 8f0a15df-62a0-42ec-8ba9-5211b149500a: Sackin index -0.0709; 0.7 s; peak memory 1174 MiB.
2026-10-10T07:55:56Z INFO [612/750] 8f0a1729-37c7-4fe8-b06d-b1b5bcb389c2: Sackin index -0.0660; 1.9 s; peak memory 1174 MiB.
2026-10-10T07:55:56Z INFO [613/750] 8f0a2c6d-8db4-4ee9-8547-990495c08e55: Sackin index -0.0702; 0.7 s; peak memory 1174 MiB.
2026-10-10T07:55:57Z INFO [614/750] 8f0a9cca-4f71-40fe-ac47-11af56e3e6f3: Sackin index -0.0728; 0.6 s; peak memory 1174 MiB.
2026-10-10T07:55:58Z INFO [615/750] 8f0b757a-4c1e-4fcd-b54a-517ef8d7ee84: Sackin index -0.0732; 0.9 s; peak memory 1174 MiB.
2026-10-10T07:55:59Z INFO [616/750] 8f0c0830-9323-4ed0-9e86-bdb4681290b3: Sackin index -0.0748; 0.7 s; peak memory 1174 MiB.
2026-10-10T07:55:59Z INFO [617/750] 8f0c3264-14da-4a6b-9af5-4da39a9307e1: Sackin index -0.0702; 0.7 s; peak memory 1174 MiB.
2026-10-10T07:56:00Z INFO [618/750] 8f0cd767-a740-4848-b02e-10a90627f81c: Sackin index -0.1349; 0.8 s; peak memory 1174 MiB.
2026-10-10T07:56:01Z INFO [619/750] 8f0cdcfd-5095-4c60-8fbb-91dc686ddb6c: Sackin index -0.0689; 0.5 s; peak memory 1174 MiB.
2026-10-10T07:56:06Z INFO [620/750] 8f0d1489-b8d1-4cce-8a69-52a10fc416ff: Sackin index -0.1310; 5.4 s; peak memory 1174 MiB.
2026-10-10T07:56:07Z INFO [621/750] 8f0ea314-9870-4ce9-94a4-d62a985c69f9: Sackin index -0.0702; 0.6 s; peak memory 1174 MiB.
2026-10-10T07:56:16Z INFO [622/750] 8f0f699a-6939-436c-946f-9a159c7d076f: Sackin index -0.0235; 9.1 s; peak memory 1174 MiB.
2026-10-10T07:56:24Z INFO [623/750] 8f0f76a3-ff91-42b7-a310-13184a72c101: Sackin index -0.0208; 7.7 s; peak memory 1174 MiB.
2026-10-10T07:56:24Z INFO [624/750] 8f0fc2a7-0fd1-425a-b4d6-a34d5c9a8b8c: Sackin index -0.1349; 0.6 s; peak memory 1174 MiB.
2026-10-10T07:56:25Z INFO [625/750] 8f0fce44-f007-42ed-880d-931d53784013: Sackin index -0.0272; 0.8 s; peak memory 1174 MiB.
2026-10-10T07:56:26Z INFO [626/750] 8f101551-da57-4c63-928a-819abf362adf: Sackin index -0.0728; 1.1 s; peak memory 1174 MiB.
2026-10-10T07:56:28Z INFO [627/750] 8f103099-af23-48c0-aafe-4e5ba23238e6: Sackin index -0.0263; 2.4 s; peak memory 1174 MiB.
2026-10-10T07:56:29Z INFO [628/750] 8f1126fd-939c-47b5-9a11-e948623adbe3: Sackin index -0.0728; 1.0 s; peak memory 1174 MiB.
2026-10-10T07:56:35Z INFO [629/750] 8f1147a4-ad60-4d47-ae41-88f684c23559: Sackin index -0.0414; 5.7 s; peak memory 1174 MiB.
2026-10-10T07:56:36Z INFO [630/750] 8f118860-5565-48f9-93ac-389db6ca3b85: Sackin index -0.1349; 0.6 s; peak memory 1174 MiB.
2026-10-10T07:56:36Z INFO [631/750] 8f118d84-9581-4b21-bcd1-ff35bee35fcb: Sackin index -0.1349; 0.6 s; peak memory 1174 MiB.
2026-10-10T07:56:37Z INFO [632/750] 8f11ce6a-bee0-4b6e-91a3-1f3d68145ef2: Sackin index -0.0722; 0.8 s; peak memory 1174 MiB.
2026-10-10T07:56:38Z INFO [633/750] 8f12be25-5f6e-4b26-adc5-660fc97a9ec8: Sackin index -0.0728; 0.7 s; peak memory 1174 MiB.
2026-10-10T07:56:41Z INFO [634/750] 8f130cc9-d3ce-43ec-b45c-77101fd630af: Sackin index -0.0267; 3.1 s; peak memory 1174 MiB.
2026-10-10T07:56:42Z INFO [635/750] 8f133061-ef92-4853-98df-1b1d3d6b9e32: Sackin index -0.0369; 1.3 s; peak memory 1174 MiB.
2026-10-10T07:56:43Z INFO [636/750] 8f14109f-0be1-4a93-a4ce-688abe029afd: Sackin index -0.1349; 0.6 s; peak memory 1174 MiB.
2026-10-10T07:56:44Z INFO [637/750] 8f14721e-f21d-4bac-be8e-2ab3ca8c9ce8: Sackin index -0.1072; 1.3 s; peak memory 1174 MiB.
2026-10-10T07:56:45Z INFO [638/750] 8f1478ed-d243-42dc-9689-e31544d7efb3: Sackin index -0.1349; 0.6 s; peak memory 1174 MiB.
2026-10-10T07:56:45Z INFO [639/750] 8f15b172-20d4-49ca-9077-94b674a12c79: Sackin index -0.1117; 0.8 s; peak memory 1174 MiB.
2026-10-10T07:56:46Z INFO [640/750] 8f167dc0-e30d-45ab-8ec2-37103a8e4025: Sackin index -0.1349; 0.7 s; peak memory 1174 MiB.
2026-10-10T07:56:47Z INFO [641/750] 8f178420-06ac-40ca-b101-5e826d6f90f6: Sackin index -0.0728; 0.9 s; peak memory 1174 MiB.
2026-10-10T07:56:48Z INFO [642/750] 8f17c2fa-003c-4b49-b5c4-9315d8d8b623: Sackin index -0.0272; 1.1 s; peak memory 1174 MiB.
2026-10-10T07:56:50Z INFO [643/750] 8f189c24-fb1b-4ecb-ab6b-9c732fa8019f: Sackin index -0.0704; 1.7 s; peak memory 1174 MiB.
2026-10-10T07:56:51Z INFO [644/750] 8f192325-1486-4c82-8812-2c8266be2419: Sackin index -0.0434; 0.9 s; peak memory 1174 MiB.
2026-10-10T07:57:08Z INFO [645/750] 8f195a41-b165-4599-8944-f901a2b92b2e: Sackin index -0.1367; 17.4 s; peak memory 1174 MiB.
2026-10-10T07:57:09Z INFO [646/750] 8f19dcb7-0b01-475a-8b04-0770d0064aa7: Sackin index -0.0696; 0.6 s; peak memory 1174 MiB.
2026-10-10T07:57:09Z INFO [647/750] 8f1aa15f-b3db-4b2f-8186-862f04e69828: Sackin index -0.1174; 0.5 s; peak memory 1174 MiB.
2026-10-10T07:57:19Z INFO [648/750] 8f1acb53-4902-4a42-a52c-b11b643ca197: Sackin index -0.1892; 9.7 s; peak memory 1174 MiB.
2026-10-10T07:57:20Z INFO [649/750] 8f1b28e4-3380-4ae3-a7da-1940f9b9a601: Sackin index -0.0369; 1.1 s; peak memory 1174 MiB.
2026-10-10T07:57:21Z INFO [650/750] 8f1b63a8-c5f9-4f36-911b-60513ec9586b: Sackin index -0.1658; 0.6 s; peak memory 1174 MiB.
2026-10-10T07:57:21Z INFO [650/750] 8f1b63a8-c5f9-4f36-911b-60513ec9586b: checkpointed 115986 new records.
2026-10-10T07:57:22Z INFO [651/750] 8f1b6c49-9601-4773-9d5c-1b07723ac663: Sackin index -0.0702; 0.7 s; peak memory 1174 MiB.
2026-10-10T07:57:25Z INFO [652/750] 8f1d3ff1-3cd2-4885-a667-0ce390ab8ffa: Sackin index -0.0476; 3.4 s; peak memory 1174 MiB.
2026-10-10T07:57:25Z INFO [653/750] 8f1d4839-3bec-4def-bb7c-c70088497dec: Sackin index -0.1658; 0.3 s; peak memory 1174 MiB.
2026-10-10T07:57:35Z INFO [654/750] 8f1d9968-31ad-465a-815e-d1bfa295510d: Sackin index -0.0300; 9.6 s; peak memory 1174 MiB.
2026-10-10T07:57:36Z INFO [655/750] 8f1e82f5-ec7c-49e6-a048-d5b4bc69412b: Sackin index -0.1349; 0.6 s; peak memory 1174 MiB.
2026-10-10T07:57:36Z INFO [656/750] 8f1e831d-109d-4ee6-912e-27a50c18ba61: Sackin index -0.1239; 0.5 s; peak memory 1174 MiB.
2026-10-10T07:57:37Z INFO [657/750] 8f1f1483-dce8-4e7d-8f41-857f7e17991c: Sackin index -0.0434; 0.8 s; peak memory 1174 MiB.
2026-10-10T07:57:38Z INFO [658/750] 8f201e73-50ba-444c-a374-1bfd3415d854: Sackin index -0.0272; 1.1 s; peak memory 1174 MiB.
2026-10-10T07:57:43Z INFO [659/750] 8f20bbe6-9773-404c-a7e0-0a2d05bbf5da: Sackin index -0.0315; 5.2 s; peak memory 1174 MiB.
2026-10-10T07:57:47Z INFO [660/750] 8f213cf2-792c-4c89-b4da-f45509d5cacb: Sackin index -0.0251; 3.9 s; peak memory 1174 MiB.
2026-10-10T07:57:48Z INFO [661/750] 8f217546-5a54-423c-80e5-850415d63f5d: Sackin index -0.0728; 0.7 s; peak memory 1174 MiB.
2026-10-10T07:57:48Z INFO [662/750] 8f219455-533f-4819-bf75-b6bed7cd7e67: Sackin index -0.1349; 0.6 s; peak memory 1174 MiB.
2026-10-10T07:57:49Z INFO [663/750] 8f21cf17-8956-4de1-8e83-3dae1ae412ea: Sackin index -0.1349; 0.6 s; peak memory 1174 MiB.
2026-10-10T07:57:50Z INFO [664/750] 8f2217e7-f263-4f37-8404-60282072570d: Sackin index -0.0483; 0.8 s; peak memory 1174 MiB.
2026-10-10T07:58:46Z INFO [665/750] 8f221d2c-be60-4b35-b521-bcb8926ba5d0: Sackin index -0.0935; 56.2 s; peak memory 1174 MiB.
2026-10-10T07:58:54Z INFO [666/750] 8f221e13-24e9-4814-b152-9498e03a828e: Sackin index -0.1310; 7.9 s; peak memory 1174 MiB.
2026-10-10T07:58:54Z INFO [667/750] 8f22ccec-a5f1-4782-ab35-187057dd1314: Sackin index -0.0702; 0.6 s; peak memory 1174 MiB.
2026-10-10T07:58:55Z INFO [668/750] 8f22fcbb-f729-47bd-bc49-dd7517e3d492: Sackin index -0.1161; 0.5 s; peak memory 1174 MiB.
2026-10-10T07:58:56Z INFO [669/750] 8f238f59-22c4-473f-8bdb-2fa2dffa8922: Sackin index -0.0728; 1.0 s; peak memory 1174 MiB.
2026-10-10T07:58:57Z INFO [670/750] 8f23cc42-70db-42d2-9651-6cbbaacb0cf4: Sackin index -0.0702; 0.8 s; peak memory 1174 MiB.
2026-10-10T07:58:57Z INFO [671/750] 8f23d82d-64fa-44e9-a0f4-78c218e485fc: Sackin index -0.0380; 0.7 s; peak memory 1174 MiB.
2026-10-10T07:58:58Z INFO [672/750] 8f248bda-4b6a-422c-9180-595f0a390b63: Sackin index -0.1683; 0.5 s; peak memory 1174 MiB.
2026-10-10T07:58:59Z INFO [673/750] 8f249b41-b14a-4dac-aeff-bc1717ad199b: Sackin index -0.1380; 0.8 s; peak memory 1174 MiB.
2026-10-10T07:59:00Z INFO [674/750] 8f259861-93aa-4b0a-b142-f22d3259f820: Sackin index -0.0709; 0.7 s; peak memory 1174 MiB.
2026-10-10T07:59:00Z INFO [675/750] 8f263af3-897b-4f73-9e09-91f017cffecc: Sackin index -0.1248; 0.6 s; peak memory 1174 MiB.
2026-10-10T07:59:01Z INFO [676/750] 8f269359-ab25-4e09-afcd-832b5a41053e: Sackin index -0.0728; 1.0 s; peak memory 1174 MiB.
2026-10-10T08:00:35Z INFO [677/750] 8f26c859-693b-408d-b18a-cc38a9c2604b: Sackin index -0.0260; 94.0 s; peak memory 1174 MiB.
2026-10-10T08:00:38Z INFO [678/750] 8f280000-074a-4cd0-8d33-a3888086e1de: Sackin index -0.0403; 3.1 s; peak memory 1174 MiB.
2026-10-10T08:00:39Z INFO [679/750] 8f29862f-7004-4464-b82c-3c13ce415588: Sackin index -0.1303; 0.5 s; peak memory 1174 MiB.
2026-10-10T08:00:40Z INFO [680/750] 8f29f445-9552-494d-81fb-c9184564363a: Sackin index -0.0752; 0.8 s; peak memory 1174 MiB.
2026-10-10T08:03:48Z INFO [681/750] 8f2a4677-5a42-43ba-85a7-6af8b973ef1c: Sackin index -0.0451; 188.2 s; peak memory 1174 MiB.
2026-10-10T08:03:49Z INFO [682/750] 8f2a80cb-6048-48e9-b8fc-b181f1894831: Sackin index -0.0696; 0.8 s; peak memory 1174 MiB.
2026-10-10T08:03:50Z INFO [683/750] 8f2ac051-2489-4a86-be83-867ebf8ad3da: Sackin index -0.0379; 1.0 s; peak memory 1174 MiB.
2026-10-10T08:03:50Z INFO [684/750] 8f2b475a-7456-4f1a-b344-850a80157e1a: Sackin index -0.1448; 0.5 s; peak memory 1174 MiB.
2026-10-10T08:03:51Z INFO [685/750] 8f2b6c78-a08c-4f68-988f-5ef74334df3f: Sackin index -0.0275; 0.7 s; peak memory 1174 MiB.
2026-10-10T08:03:51Z INFO [686/750] 8f2b830f-8b1e-41a8-a649-045aee002600: Sackin index -0.1602; 0.7 s; peak memory 1174 MiB.
2026-10-10T08:03:52Z INFO [687/750] 8f2b944a-a3b1-41f3-b17d-490584806ccc: Sackin index -0.1658; 0.3 s; peak memory 1174 MiB.
2026-10-10T08:03:52Z INFO [688/750] 8f2bfddf-53db-4461-8d8f-410b5dab3130: Sackin index -0.1349; 0.7 s; peak memory 1174 MiB.
2026-10-10T08:03:54Z INFO [689/750] 8f2c79dc-2d53-4c39-992b-a78b5a423f4c: Sackin index -0.0369; 1.5 s; peak memory 1174 MiB.
2026-10-10T08:03:55Z INFO [690/750] 8f2d1f9c-9cd4-45cc-adce-bfd2f99a1e1d: Sackin index -0.1000; 0.9 s; peak memory 1174 MiB.
2026-10-10T08:03:55Z INFO [691/750] 8f2d4b8f-3edf-4de0-914f-ceb842eca313: Sackin index -0.1349; 0.7 s; peak memory 1174 MiB.
2026-10-10T08:03:56Z INFO [692/750] 8f2d781d-285f-4c5d-92d5-64912520fe4d: Sackin index -0.1349; 0.6 s; peak memory 1174 MiB.
2026-10-10T08:03:57Z INFO [693/750] 8f2e67da-0337-439a-a7e0-2f06f8fa6a0a: Sackin index -0.1421; 0.5 s; peak memory 1174 MiB.
2026-10-10T08:04:05Z INFO [694/750] 8f2eafd9-0329-40f2-b955-aa25814b9ed1: Sackin index -0.1462; 8.5 s; peak memory 1174 MiB.
2026-10-10T08:04:06Z INFO [695/750] 8f2eca79-afa0-4fa7-8bdd-dc43969639d3: Sackin index -0.0709; 0.7 s; peak memory 1174 MiB.
2026-10-10T08:04:06Z INFO [696/750] 8f2f3c35-91e5-4059-a114-3e16f87744ab: Sackin index -0.1349; 0.6 s; peak memory 1174 MiB.
2026-10-10T08:04:22Z INFO [697/750] 8f2ffeda-f3e0-4ff7-8e0a-fdbc78c51b50: Sackin index -0.0239; 15.4 s; peak memory 1174 MiB.
2026-10-10T08:04:22Z INFO [698/750] 8f301794-bd5c-4a50-b1a1-9309ccd3ee11: Sackin index -0.0702; 0.7 s; peak memory 1174 MiB.
2026-10-10T08:04:23Z INFO [699/750] 8f306f8b-4fbe-4ddf-8aaa-9fde9edfc91f: Sackin index -0.0881; 0.6 s; peak memory 1174 MiB.
2026-10-10T08:04:24Z INFO [700/750] 8f32801f-441e-4c5f-9b50-77b42aa084de: Sackin index -0.0684; 0.6 s; peak memory 1174 MiB.
2026-10-10T08:04:24Z INFO [700/750] 8f32801f-441e-4c5f-9b50-77b42aa084de: checkpointed 116036 new records.
2026-10-10T08:04:25Z INFO [701/750] 8f338387-38a8-4404-8ea1-b12d660d9084: Sackin index -0.1248; 0.7 s; peak memory 1174 MiB.
2026-10-10T08:04:25Z INFO [702/750] 8f348721-157b-4e3a-bcb2-07b278282402: Sackin index -0.1349; 0.6 s; peak memory 1174 MiB.
2026-10-10T08:04:26Z INFO [703/750] 8f365992-58f0-420a-919e-964f74b285a0: Sackin index -0.0569; 0.7 s; peak memory 1174 MiB.
2026-10-10T08:04:29Z INFO [704/750] 8f379ed6-8ac1-4172-be2f-bc1b7b8c361a: Sackin index -0.0450; 2.6 s; peak memory 1174 MiB.
2026-10-10T08:04:29Z INFO [705/750] 8f3848bb-a738-4bf6-b0fa-1c170f469c85: Sackin index -0.0702; 0.7 s; peak memory 1174 MiB.
2026-10-10T08:04:30Z INFO [706/750] 8f3866ae-25fe-4f77-a967-60aae9043809: Sackin index -0.0728; 0.8 s; peak memory 1174 MiB.
2026-10-10T08:04:31Z INFO [707/750] 8f391b16-26ae-42ba-b7be-03ce66534b08: Sackin index -0.1349; 0.6 s; peak memory 1174 MiB.
2026-10-10T08:04:31Z INFO [708/750] 8f39532d-b531-4414-81e7-9d07273c6093: Sackin index -0.0702; 0.7 s; peak memory 1174 MiB.
2026-10-10T08:04:32Z INFO [709/750] 8f39b8a7-f24d-4772-9fe5-0e9703ebb820: Sackin index -0.1349; 0.7 s; peak memory 1174 MiB.
2026-10-10T08:04:34Z INFO [710/750] 8f39ec78-72c4-4e03-be99-6a363e189a38: Sackin index -0.0807; 1.8 s; peak memory 1174 MiB.
2026-10-10T08:04:35Z INFO [711/750] 8f3a0202-1b79-4876-9f4a-c0094be1ab49: Sackin index -0.0696; 0.8 s; peak memory 1174 MiB.
2026-10-10T08:04:36Z INFO [712/750] 8f3c37bf-2d9d-4d85-9bde-b4e804945c2b: Sackin index -0.0694; 1.5 s; peak memory 1174 MiB.
2026-10-10T08:04:37Z INFO [713/750] 8f3c9b84-311c-4f98-b92d-8d0da9c1d4d6: Sackin index -0.1349; 0.5 s; peak memory 1174 MiB.
2026-10-10T08:04:48Z INFO [714/750] 8f3d0a5a-1345-4573-b0fb-9176dc23e3b6: Sackin index -0.0106; 11.2 s; peak memory 1174 MiB.
2026-10-10T08:04:50Z INFO [715/750] 8f3e4b75-65ff-453f-ac0b-db8de98dc8e4: Sackin index -0.0515; 1.6 s; peak memory 1174 MiB.
2026-10-10T08:04:50Z INFO [716/750] 8f3e6f3f-2c32-4904-b712-c684bbc175c7: Sackin index -0.0745; 0.9 s; peak memory 1174 MiB.
2026-10-10T08:04:51Z INFO [717/750] 8f3ed422-24a9-419f-a61c-2390e6c2c00e: Sackin index -0.1349; 0.6 s; peak memory 1174 MiB.
2026-10-10T08:04:57Z INFO [718/750] 8f3eed10-1081-440e-89d7-76cd9303f1fe: Sackin index -0.0131; 6.2 s; peak memory 1174 MiB.
2026-10-10T08:05:02Z INFO [719/750] 8f3f85d6-61c0-4845-9739-cab86e49eab2: Sackin index -0.0288; 4.6 s; peak memory 1174 MiB.
2026-10-10T08:05:04Z INFO [720/750] 8f40198c-c81d-4cbd-8ff9-7f73f5dafe72: Sackin index -0.0718; 1.8 s; peak memory 1174 MiB.
2026-10-10T08:05:05Z INFO [721/750] 8f4021c4-b1a8-409e-8969-d8f9d1f68966: Sackin index -0.0722; 1.0 s; peak memory 1174 MiB.
2026-10-10T08:05:05Z INFO [722/750] 8f404b3d-e64d-4a4a-b280-cd1ad4eeba98: Sackin index -0.2458; 0.5 s; peak memory 1174 MiB.
2026-10-10T08:05:06Z INFO [723/750] 8f406058-19cd-4d19-aeda-626cf7f384b1: Sackin index -0.1248; 0.6 s; peak memory 1174 MiB.
2026-10-10T08:05:07Z INFO [724/750] 8f4108ca-f5b9-4237-bab5-96b33d4734f3: Sackin index -0.0384; 0.8 s; peak memory 1174 MiB.
2026-10-10T08:05:07Z INFO [725/750] 8f413133-fcfe-4862-bf78-6fe654012012: Sackin index -0.1938; 0.5 s; peak memory 1174 MiB.
2026-10-10T08:05:08Z INFO [726/750] 8f415391-86bb-40be-8d89-0058d8d37aa3: Sackin index -0.1331; 0.7 s; peak memory 1174 MiB.
2026-10-10T08:05:08Z INFO [727/750] 8f415cad-d2e3-4f71-b74e-35c078629b28: Sackin index -0.0728; 0.8 s; peak memory 1174 MiB.
2026-10-10T08:05:09Z INFO [728/750] 8f41802c-9c33-47f4-b55f-90396e541aca: Sackin index -0.1408; 0.8 s; peak memory 1174 MiB.
2026-10-10T08:05:10Z INFO [729/750] 8f41865a-6706-4a17-bd40-c5a334be34b4: Sackin index -0.0696; 0.8 s; peak memory 1174 MiB.
2026-10-10T08:05:11Z INFO [730/750] 8f41b520-50ea-4fab-83f8-5d28e54ce813: Sackin index -0.1658; 0.4 s; peak memory 1174 MiB.
2026-10-10T08:05:28Z INFO [731/750] 8f41fd3c-5e84-40f6-b173-8fe49849c9c7: Sackin index -0.0025; 17.4 s; peak memory 1174 MiB.
2026-10-10T08:05:29Z INFO [732/750] 8f422bc8-0ca4-4f1e-9a4a-f139154b2da9: Sackin index -0.0384; 0.7 s; peak memory 1174 MiB.
2026-10-10T08:05:40Z INFO [733/750] 8f42f0f6-018a-4762-971b-6d9980bf52b8: Sackin index -0.1892; 11.0 s; peak memory 1174 MiB.
2026-10-10T08:05:41Z INFO [734/750] 8f432bdf-7890-4c41-9d9c-1c233725652b: Sackin index -0.1026; 1.2 s; peak memory 1174 MiB.
2026-10-10T08:05:42Z INFO [735/750] 8f437ddc-596e-4a34-b127-724358c0462a: Sackin index -0.1273; 1.0 s; peak memory 1174 MiB.
2026-10-10T08:05:43Z INFO [736/750] 8f445ca3-397b-44bc-8b93-ed060c5b30a9: Sackin index -0.0696; 0.7 s; peak memory 1174 MiB.
2026-10-10T08:05:43Z INFO [737/750] 8f44805f-a7b4-430d-8179-c101ee4a8888: Sackin index -0.0748; 0.7 s; peak memory 1174 MiB.
2026-10-10T08:05:44Z INFO [738/750] 8f44efc9-aad9-4d65-bcd5-52e4abd4575f: Sackin index -0.1178; 0.4 s; peak memory 1174 MiB.
2026-10-10T08:05:49Z INFO [739/750] 8f45d332-21ce-4738-9397-fa16c345e2cd: Sackin index -0.0239; 5.4 s; peak memory 1174 MiB.
2026-10-10T08:05:50Z INFO [740/750] 8f45db00-bdf6-4831-9b9d-6318857c0a1d: Sackin index -0.1051; 0.5 s; peak memory 1174 MiB.
2026-10-10T08:05:51Z INFO [741/750] 8f467b4a-6af4-441c-a3aa-cc2de7e58d21: Sackin index -0.0728; 1.0 s; peak memory 1174 MiB.
2026-10-10T08:05:51Z INFO [742/750] 8f47845a-54ad-4688-9620-33c7cb685103: Sackin index -0.0696; 0.8 s; peak memory 1174 MiB.
2026-10-10T08:05:52Z INFO [743/750] 8f486f33-6320-4d5b-898e-0931d2b6353f: Sackin index -0.1349; 0.6 s; peak memory 1174 MiB.
2026-10-10T08:05:53Z INFO [744/750] 8f492f06-e086-4b9f-a137-b6024eb0214f: Sackin index -0.1349; 0.7 s; peak memory 1174 MiB.
2026-10-10T08:06:02Z INFO [745/750] 8f49826b-12c1-4944-96e7-216e0e217368: Sackin index -0.0133; 9.1 s; peak memory 1174 MiB.
2026-10-10T08:06:02Z INFO [746/750] 8f49b970-b6cc-4896-ad47-fafa71b26f2d: Sackin index -0.1658; 0.6 s; peak memory 1174 MiB.
2026-10-10T08:06:04Z INFO [747/750] 8f49db97-4506-4b70-a9bf-0eda5435359d: Sackin index -0.1709; 1.3 s; peak memory 1174 MiB.
2026-10-10T08:06:07Z INFO [748/750] 8f4abd66-46d9-4e92-b1d9-20107ccdfb19: Sackin index -0.0185; 3.5 s; peak memory 1174 MiB.
2026-10-10T08:06:08Z INFO [749/750] 8f4abff9-f913-477d-a044-934756f5b0d1: Sackin index -0.1540; 0.9 s; peak memory 1174 MiB.
2026-10-10T08:06:09Z INFO [750/750] 8f4daf47-d53a-4c50-9cdb-b66091d98b8d: Sackin index -0.0656; 0.7 s; peak memory 1174 MiB.
2026-10-10T08:06:09Z INFO [750/750] 8f4daf47-d53a-4c50-9cdb-b66091d98b8d: checkpointed 116086 new records.
2026-10-10T08:06:09Z INFO Wrote 116086 records to /tmp/derivatives/valid_nwb_file_to_sackin_index.jsonl (750 new, 0 failed) in 129.4 min (peak memory 1174 MiB).
