2026-10-04T18:43:34Z INFO Logging to /tmp/logs/update_2026-10-04T18-43-34Z.log.
2026-10-04T18:43:34Z INFO Update valid-nwb-file-to-sackin-index (base directory /tmp).
2026-10-04T18:43:34Z INFO Processing 750 items (71086 already recorded).
2026-10-04T18:43:35Z INFO [1/750] 31e5e79e-908a-4a70-bf60-4af5d5dd0954: Sackin index -0.0745; 1.2 s; peak memory 110 MiB.
2026-10-04T18:43:40Z INFO [2/750] 31e656b9-dccf-4b14-bcec-ef0ada1edea7: Sackin index -0.0265; 4.5 s; peak memory 125 MiB.
2026-10-04T18:43:41Z INFO [3/750] 31e6cb06-49f4-45a0-97f7-824b5f4321ed: Sackin index -0.1349; 0.9 s; peak memory 125 MiB.
2026-10-04T18:43:42Z INFO [4/750] 31e6e04a-7e58-4dad-a621-03ac6b559586: Sackin index -0.1351; 1.5 s; peak memory 125 MiB.
2026-10-04T18:43:44Z INFO [5/750] 31e77f26-e662-456c-b14a-70c637ef9710: Sackin index -0.0369; 1.7 s; peak memory 125 MiB.
2026-10-04T18:44:23Z INFO [6/750] 31e7a4fa-a81a-47f5-a79f-f4fa07ddfe18: Sackin index -0.1144; 39.2 s; peak memory 203 MiB.
2026-10-04T18:44:24Z INFO [7/750] 31e7aa1c-9bfc-4135-b861-3c3b6a984f2b: Sackin index -0.0728; 1.0 s; peak memory 203 MiB.
2026-10-04T18:44:25Z INFO [8/750] 31e8574d-421d-4628-a25c-5b095b086a82: Sackin index -0.1349; 1.0 s; peak memory 203 MiB.
2026-10-04T18:44:26Z INFO [9/750] 31e88bfa-9ab4-4a3e-b5c7-ed1ea94014de: Sackin index -0.1249; 0.9 s; peak memory 203 MiB.
2026-10-04T18:44:27Z INFO [10/750] 31e9377d-b0c7-4c82-a57a-67f8bf12f894: Sackin index -0.0696; 1.0 s; peak memory 203 MiB.
2026-10-04T18:44:28Z INFO [11/750] 31eb6a53-6d30-46ce-94f0-5f2a87b14e4e: Sackin index -0.0381; 1.1 s; peak memory 203 MiB.
2026-10-04T18:44:29Z INFO [12/750] 31eb7f99-ebbb-4ab0-ab1d-655fcbd52fb5: Sackin index -0.0881; 0.9 s; peak memory 203 MiB.
2026-10-04T18:44:31Z INFO [13/750] 31ebef4a-6f4d-4a32-8728-70cfdd11bc76: Sackin index -0.0717; 1.9 s; peak memory 203 MiB.
2026-10-04T18:44:33Z INFO [14/750] 31ec21ff-6b6c-4e0c-bbb0-acaa11431861: Sackin index -0.0660; 2.2 s; peak memory 203 MiB.
2026-10-04T18:44:56Z INFO [15/750] 31ecbbf3-6062-4c3a-aea7-aa4979e057fc: Sackin index -0.0101; 22.8 s; peak memory 203 MiB.
2026-10-04T18:44:57Z INFO [16/750] 31ed307f-e8a4-41d1-8896-aba639831e16: Sackin index -0.1416; 1.3 s; peak memory 203 MiB.
2026-10-04T18:44:58Z INFO [17/750] 31eebc0d-be7c-4358-bf0a-b5c9a4659461: Sackin index -0.0569; 1.1 s; peak memory 203 MiB.
2026-10-04T18:45:02Z INFO [18/750] 31eedcc7-4848-4ac3-bda9-1d6a22bccf4f: Sackin index -0.0869; 3.9 s; peak memory 203 MiB.
2026-10-04T18:45:05Z INFO [19/750] 31ef4ead-cd10-46d3-953a-43f1873da342: Sackin index -0.1266; 2.4 s; peak memory 203 MiB.
2026-10-04T18:45:12Z INFO [20/750] 31ef693b-5b29-4615-be92-f1221f7f7902: Sackin index -0.1375; 7.5 s; peak memory 203 MiB.
2026-10-04T18:45:13Z INFO [21/750] 31f0696f-9fb2-4c37-81e4-6fbedd5adcd4: Sackin index -0.1349; 0.9 s; peak memory 203 MiB.
2026-10-04T18:45:14Z INFO [22/750] 31f08f7d-9e34-41f1-924c-74fe4237ccb1: Sackin index -0.1349; 0.9 s; peak memory 203 MiB.
2026-10-04T18:45:15Z INFO [23/750] 31f0ea49-519e-4e72-8f15-0820287478f1: Sackin index -0.0656; 0.9 s; peak memory 203 MiB.
2026-10-04T18:45:16Z INFO [24/750] 31f1465f-3c34-4767-8e07-b75180214181: Sackin index -0.0696; 1.0 s; peak memory 203 MiB.
2026-10-04T18:45:23Z INFO [25/750] 31f29872-4c55-48ca-b12e-1c0b11ca01c8: Sackin index -0.0288; 7.3 s; peak memory 203 MiB.
2026-10-04T18:45:25Z INFO [26/750] 31f38b41-e4c6-4ce5-b3b7-3845549f0c5f: Sackin index -0.0728; 1.6 s; peak memory 203 MiB.
2026-10-04T18:45:27Z INFO [27/750] 31f3934e-9835-46cd-b7ad-dcfedf661ef2: Sackin index -0.0660; 2.3 s; peak memory 203 MiB.
2026-10-04T18:45:29Z INFO [28/750] 31f3aedd-0975-4c41-a61b-d38f5075b86a: Sackin index -0.0569; 1.9 s; peak memory 203 MiB.
2026-10-04T18:45:30Z INFO [29/750] 31f3d956-bee5-4578-8788-a767267b8ab8: Sackin index -0.1349; 0.8 s; peak memory 203 MiB.
2026-10-04T18:45:31Z INFO [30/750] 31f3deee-7110-450d-b626-a054b5f23abe: Sackin index -0.1349; 1.0 s; peak memory 203 MiB.
2026-10-04T18:45:37Z INFO [31/750] 31f50cf7-480b-4eb4-9ff6-efb247b17876: Sackin index -0.0124; 6.8 s; peak memory 203 MiB.
2026-10-04T18:45:39Z INFO [32/750] 31f5773b-8bdc-417e-a6d0-80c49c5917f6: Sackin index -0.0728; 1.3 s; peak memory 203 MiB.
2026-10-04T18:45:40Z INFO [33/750] 31f591b9-9234-4bec-afca-d98dd7cfef81: Sackin index -0.0728; 1.0 s; peak memory 203 MiB.
2026-10-04T18:45:42Z INFO [34/750] 31f6204e-c563-45c5-b2bf-db701b51442b: Sackin index -0.0699; 1.7 s; peak memory 203 MiB.
2026-10-04T18:45:43Z INFO [35/750] 31f638b7-61e3-4415-89e9-d8a6659dc606: Sackin index -0.1000; 1.0 s; peak memory 203 MiB.
2026-10-04T18:45:58Z INFO [36/750] 31f6536c-23cf-4596-9305-44e7d3f5a14f: Sackin index -0.1367; 15.1 s; peak memory 203 MiB.
2026-10-04T18:45:58Z INFO [37/750] 31f6dfbf-4a21-4cd8-9eee-6690b93c0598: Sackin index -0.1101; 0.8 s; peak memory 203 MiB.
2026-10-04T18:46:01Z INFO [38/750] 31f709f3-0f03-45e1-97f5-d403a06e47b6: Sackin index -0.0660; 2.3 s; peak memory 203 MiB.
2026-10-04T18:46:02Z INFO [39/750] 31f723f6-249c-4a90-91b6-2f1cdeea8275: Sackin index -0.0702; 1.0 s; peak memory 203 MiB.
2026-10-04T18:46:05Z INFO [40/750] 31f727df-42a8-4c63-8829-cbe50156aa13: Sackin index -0.1062; 3.0 s; peak memory 203 MiB.
2026-10-04T18:46:06Z INFO [41/750] 31f7333a-ca83-4cb1-a39f-366f9553e797: Sackin index -0.0881; 0.8 s; peak memory 203 MiB.
2026-10-04T18:46:12Z INFO [42/750] 31f74949-d4c4-42ba-b319-a8fe161da013: Sackin index -0.0366; 6.3 s; peak memory 203 MiB.
2026-10-04T18:46:20Z INFO [43/750] 31f7d1df-1447-4482-ab28-2fb8d31a3989: Sackin index -0.0034; 7.6 s; peak memory 203 MiB.
2026-10-04T18:46:21Z INFO [44/750] 31f82e1b-ebc6-4823-ba61-2477981243b3: Sackin index -0.1370; 1.2 s; peak memory 203 MiB.
2026-10-04T18:46:22Z INFO [45/750] 31f9698e-d2cd-4d11-b3de-666e7d631b34: Sackin index -0.1349; 0.9 s; peak memory 203 MiB.
2026-10-04T18:46:22Z INFO [46/750] 31f97f09-5617-4914-8788-6db9f54b3227: Sackin index -0.1148; 0.7 s; peak memory 203 MiB.
2026-10-04T18:46:28Z INFO [47/750] 31f98bae-0df6-4ba4-bbdd-2e2c010ee0de: Sackin index -0.0251; 5.2 s; peak memory 203 MiB.
2026-10-04T18:46:28Z INFO [48/750] 31fa1400-50ae-4d33-be0a-95d7d90c9dd2: Sackin index -0.1349; 1.0 s; peak memory 203 MiB.
2026-10-04T18:46:29Z INFO [49/750] 31fa2f94-e99e-4a29-abc8-2320df13cca6: Sackin index -0.0702; 1.0 s; peak memory 203 MiB.
2026-10-04T18:46:31Z INFO [50/750] 31fa9b50-74d5-405a-a7c7-497bd43aaf5b: Sackin index -0.0702; 1.1 s; peak memory 203 MiB.
2026-10-04T18:46:31Z INFO [50/750] 31fa9b50-74d5-405a-a7c7-497bd43aaf5b: checkpointed 71136 records.
2026-10-04T18:46:32Z INFO [51/750] 31fc0411-4d85-48a2-b622-b271e5396b67: Sackin index -0.0702; 1.1 s; peak memory 203 MiB.
2026-10-04T18:46:33Z INFO [52/750] 31fc49e7-c6c5-4d6c-95b1-4a4a27f29f34: Sackin index -0.1349; 0.8 s; peak memory 203 MiB.
2026-10-04T18:46:34Z INFO [53/750] 31fc506f-f819-4257-b85f-ce446b0a511f: Sackin index -0.0275; 1.5 s; peak memory 203 MiB.
2026-10-04T18:46:36Z INFO [54/750] 31fc64a0-85d9-4e69-ab82-cdd3a10c7dd8: Sackin index -0.1191; 1.7 s; peak memory 203 MiB.
2026-10-04T18:46:39Z INFO [55/750] 31fc8d46-372c-4aa9-bce5-c190bb5a6891: Sackin index -0.0282; 3.2 s; peak memory 203 MiB.
2026-10-04T18:46:40Z INFO [56/750] 31fd7f97-08d9-41ba-aebe-167bfb49ab4b: Sackin index -0.1349; 0.8 s; peak memory 203 MiB.
2026-10-04T18:46:40Z INFO [57/750] 31fda4fe-0c4c-4e99-b221-6c30c1089b1d: Sackin index -0.1239; 0.6 s; peak memory 203 MiB.
2026-10-04T18:46:42Z INFO [58/750] 31fe4239-3997-4420-bb8a-37d012528a0f: Sackin index -0.0579; 1.9 s; peak memory 203 MiB.
2026-10-04T18:46:43Z INFO [59/750] 31fe5d78-4c2d-4c34-97a5-aae2d7aaa12b: Sackin index -0.1349; 0.8 s; peak memory 203 MiB.
2026-10-04T18:46:44Z INFO [60/750] 31ff4804-8898-462b-a63e-ffa352638ad2: Sackin index -0.1938; 0.7 s; peak memory 203 MiB.
2026-10-04T18:46:45Z INFO [61/750] 32002d78-29bb-4dd4-9a3b-e1de5266cfc2: Sackin index -0.1575; 0.9 s; peak memory 203 MiB.
2026-10-04T18:46:46Z INFO [62/750] 32004261-e8a6-4335-b4c5-3d0cc9ec8fe8: Sackin index -0.0702; 1.1 s; peak memory 203 MiB.
2026-10-04T18:46:47Z INFO [63/750] 32016138-e22b-4aee-9a4c-049fd0cb0fdc: Sackin index -0.1072; 1.4 s; peak memory 203 MiB.
2026-10-04T18:46:48Z INFO [64/750] 32019337-d0b8-4825-a54d-67dfb5b2d46a: Sackin index -0.1248; 0.8 s; peak memory 203 MiB.
2026-10-04T18:46:49Z INFO [65/750] 32030869-cf7f-45ab-b1a4-06275e65a7ce: Sackin index -0.0728; 1.2 s; peak memory 203 MiB.
2026-10-04T18:46:51Z INFO [66/750] 32030d26-f121-41d5-8668-9a92798c1bca: Sackin index -0.0797; 2.3 s; peak memory 203 MiB.
2026-10-04T18:46:52Z INFO [67/750] 3204f357-40ba-499c-a6c9-1f272ea60640: Sackin index -0.1349; 0.8 s; peak memory 203 MiB.
2026-10-04T18:46:53Z INFO [68/750] 3204f578-739c-48b8-b5f4-8f6bf05e2ae3: Sackin index -0.0728; 1.0 s; peak memory 203 MiB.
2026-10-04T18:47:06Z INFO [69/750] 3206e98b-81ba-4953-87ab-45e9dceec35f: Sackin index -0.0237; 12.6 s; peak memory 203 MiB.
2026-10-04T18:47:07Z INFO [70/750] 320700fd-65a3-4a83-9943-cf0a9148d3cc: Sackin index -0.0728; 1.2 s; peak memory 203 MiB.
2026-10-04T18:47:08Z INFO [71/750] 3207c1d6-ce06-4879-91c1-0d5bfe8baf0c: Sackin index -0.1716; 0.9 s; peak memory 203 MiB.
2026-10-04T18:47:09Z INFO [72/750] 3207d0ba-e48e-45c3-ace0-cc94d0eba7c8: Sackin index -0.1658; 0.6 s; peak memory 203 MiB.
2026-10-04T18:47:10Z INFO [73/750] 32083d05-cf25-4c6f-bc60-1ecb60cb66a4: Sackin index -0.0756; 1.2 s; peak memory 203 MiB.
2026-10-04T18:47:11Z INFO [74/750] 320843eb-630d-4871-8ffa-e57b37862b53: Sackin index -0.1349; 0.8 s; peak memory 203 MiB.
2026-10-04T18:47:11Z INFO [75/750] 3208707c-5c6d-4529-9ffe-51aec97d16bb: Sackin index -0.1303; 0.8 s; peak memory 203 MiB.
2026-10-04T18:47:12Z INFO [76/750] 32092dc8-089a-48f5-8cfd-252a59a4d0a5: Sackin index -0.1349; 0.9 s; peak memory 203 MiB.
2026-10-04T18:47:13Z INFO [77/750] 320973b4-5793-45db-9f14-6717357df88a: Sackin index -0.2073; 0.7 s; peak memory 203 MiB.
2026-10-04T18:47:14Z INFO [78/750] 320a3052-0c57-427c-841c-3d60711b336d: Sackin index -0.0413; 1.1 s; peak memory 203 MiB.
2026-10-04T18:47:15Z INFO [79/750] 320a55ea-e4ef-47de-8cd6-a3da43d21903: Sackin index -0.0275; 1.3 s; peak memory 203 MiB.
2026-10-04T18:47:16Z INFO [80/750] 320acb1e-c409-4bcf-973a-744819abae5d: Sackin index -0.1178; 0.6 s; peak memory 203 MiB.
2026-10-04T18:47:20Z INFO [81/750] 320acc6c-aa32-4fcb-b6a5-a5efc824e685: Sackin index -0.0415; 4.3 s; peak memory 203 MiB.
2026-10-04T18:47:21Z INFO [82/750] 320ad602-bf44-45cb-9d76-1337598873fd: Sackin index -0.1602; 0.8 s; peak memory 203 MiB.
2026-10-04T18:47:36Z INFO [83/750] 320bf5e2-d873-449b-afde-563f9ba8f902: Sackin index -0.0160; 15.6 s; peak memory 203 MiB.
2026-10-04T18:47:38Z INFO [84/750] 320c2c3d-055c-4d11-9fef-c5244a9d5674: Sackin index -0.0369; 1.5 s; peak memory 203 MiB.
2026-10-04T18:47:44Z INFO [85/750] 320c6a7f-9bd9-4a2a-858f-5e0df97d6ea3: Sackin index -0.0152; 5.9 s; peak memory 203 MiB.
2026-10-04T18:47:45Z INFO [86/750] 320dbe91-032f-4cb3-9f29-6b45f3b15795: Sackin index -0.1349; 0.8 s; peak memory 203 MiB.
2026-10-04T18:47:45Z INFO [87/750] 320e3576-5a75-46f4-9683-532be2185e7d: Sackin index -0.1349; 0.8 s; peak memory 203 MiB.
2026-10-04T18:47:46Z INFO [88/750] 320e5c54-8016-44f7-a058-4db4040e253c: Sackin index -0.1239; 0.9 s; peak memory 203 MiB.
2026-10-04T18:47:48Z INFO [89/750] 320f5d6b-6957-4605-a1b3-023cbfe978d7: Sackin index -0.1194; 1.2 s; peak memory 203 MiB.
2026-10-04T18:47:49Z INFO [90/750] 3210c40c-8e52-4307-8e8c-f82b7eb9d101: Sackin index -0.0375; 1.1 s; peak memory 203 MiB.
2026-10-04T18:47:50Z INFO [91/750] 3210ed68-fa39-45dc-8dfa-e00b2a7c2d0c: Sackin index -0.1349; 0.9 s; peak memory 203 MiB.
2026-10-04T18:47:50Z INFO [92/750] 321119b6-5459-49e0-aec1-3d58dd68b154: Sackin index -0.1349; 0.7 s; peak memory 203 MiB.
2026-10-04T18:47:51Z INFO [93/750] 32113f6a-50d3-42d6-9d01-521822a1e08f: Sackin index -0.1349; 0.7 s; peak memory 203 MiB.
2026-10-04T18:47:52Z INFO [94/750] 32116d38-0305-4e75-92dd-135653808bb4: Sackin index -0.0891; 1.1 s; peak memory 203 MiB.
2026-10-04T18:47:53Z INFO [95/750] 3211e3bd-face-41ec-a338-db7cee20468c: Sackin index -0.0696; 1.1 s; peak memory 203 MiB.
2026-10-04T18:47:58Z INFO [96/750] 32129822-c144-496a-ac50-e117d43ccacc: Sackin index -0.0236; 4.7 s; peak memory 203 MiB.
2026-10-04T18:47:59Z INFO [97/750] 3212a18d-83e4-4802-949a-cf5c1c564356: Sackin index -0.1349; 0.9 s; peak memory 203 MiB.
2026-10-04T18:48:00Z INFO [98/750] 3213413b-eb1a-474b-ae89-546517786692: Sackin index -0.1349; 0.8 s; peak memory 203 MiB.
2026-10-04T18:48:00Z INFO [99/750] 32136a79-13d9-459a-96be-4cc3cb4531ca: Sackin index -0.1429; 0.9 s; peak memory 203 MiB.
2026-10-04T18:48:01Z INFO [100/750] 32137fe2-71c0-439e-9724-8bbf639280ae: Sackin index -0.1349; 0.9 s; peak memory 203 MiB.
2026-10-04T18:48:01Z INFO [100/750] 32137fe2-71c0-439e-9724-8bbf639280ae: checkpointed 71186 records.
2026-10-04T18:48:06Z INFO [101/750] 3213b587-6902-4994-bac8-a8a9a4916924: Sackin index -0.0251; 4.6 s; peak memory 203 MiB.
2026-10-04T18:48:07Z INFO [102/750] 3214224d-1093-4111-b7fb-7045c170b357: Sackin index -0.1658; 0.7 s; peak memory 203 MiB.
2026-10-04T18:48:08Z INFO [103/750] 321433d2-1569-4db3-a391-d03157d89cfd: Sackin index -0.1349; 0.8 s; peak memory 203 MiB.
2026-10-04T18:48:14Z INFO [104/750] 3214e8d2-dfeb-4b8e-81cd-ecbd226d6dc4: Sackin index -0.0366; 6.2 s; peak memory 203 MiB.
2026-10-04T18:48:15Z INFO [105/750] 32152e47-a912-4aa6-9062-6938b766cdfc: Sackin index -0.0728; 1.1 s; peak memory 203 MiB.
2026-10-04T18:48:16Z INFO [106/750] 32155382-83fc-4dee-98f6-f433c54e46c4: Sackin index -0.1349; 0.8 s; peak memory 203 MiB.
2026-10-04T18:48:16Z INFO [107/750] 32156b4b-8c27-468b-961d-e177dd3711e6: Sackin index -0.1658; 0.7 s; peak memory 203 MiB.
2026-10-04T18:48:17Z INFO [108/750] 321589ad-1e94-4faa-a63d-4d0c9a31f1e7: Sackin index -0.1349; 1.1 s; peak memory 203 MiB.
2026-10-04T18:48:25Z INFO [109/750] 3215fb15-2930-4be1-a7f6-3775c17d0853: Sackin index -0.0207; 7.7 s; peak memory 203 MiB.
2026-10-04T18:48:26Z INFO [110/750] 3216024d-9dce-4b9e-9210-63dbd9fa8e45: Sackin index -0.1273; 1.1 s; peak memory 203 MiB.
2026-10-04T18:48:27Z INFO [111/750] 32165ac7-366f-46ce-acef-6b7f1479fc5c: Sackin index -0.0702; 0.7 s; peak memory 203 MiB.
2026-10-04T18:48:28Z INFO [112/750] 321670f0-be4e-43f6-98d8-6515a7e8bb1d: Sackin index -0.0728; 1.3 s; peak memory 203 MiB.
2026-10-04T18:48:30Z INFO [113/750] 3219664d-e41e-491c-a9c7-162dfdff40d7: Sackin index -0.1345; 1.1 s; peak memory 203 MiB.
2026-10-04T18:48:30Z INFO [114/750] 32197691-72c3-421c-ad5f-4a6fd6bc6a56: Sackin index -0.0709; 1.0 s; peak memory 203 MiB.
2026-10-04T18:48:31Z INFO [115/750] 3219ed05-4f1b-4f9f-89d1-6db277535fe1: Sackin index -0.1349; 0.8 s; peak memory 203 MiB.
2026-10-04T18:48:33Z INFO [116/750] 321abbf9-8a55-448a-8a88-3c7b4a9c9c9e: Sackin index -0.0702; 1.2 s; peak memory 203 MiB.
2026-10-04T18:48:33Z INFO [117/750] 321b02b5-6fa9-4932-a086-57ecb96b638f: Sackin index -0.1178; 0.7 s; peak memory 203 MiB.
2026-10-04T18:48:34Z INFO [118/750] 321b429a-9e13-4124-b6e3-7194c1abb98b: Sackin index -0.1349; 0.8 s; peak memory 203 MiB.
2026-10-04T18:48:35Z INFO [119/750] 321c2361-f17a-4a28-91dc-7ac5389ffd4f: Sackin index -0.0722; 1.2 s; peak memory 203 MiB.
2026-10-04T18:48:36Z INFO [120/750] 321c7cc5-3d9e-4346-95bf-a29ae62a5d31: Sackin index -0.1741; 0.7 s; peak memory 203 MiB.
2026-10-04T18:51:41Z INFO [121/750] 321cd81d-e497-4209-b8c5-ce9cbd637775: Sackin index -0.0396; 185.0 s; peak memory 402 MiB.
2026-10-04T18:51:42Z INFO [122/750] 321dd235-b3cb-4baf-aa9a-c1ae922fe2ac: Sackin index -0.1349; 0.9 s; peak memory 402 MiB.
2026-10-04T18:51:46Z INFO [123/750] 321f3fa7-1f31-4452-827e-738633e2bcf3: Sackin index -0.0260; 4.6 s; peak memory 402 MiB.
2026-10-04T18:52:34Z INFO [124/750] 32201563-f307-46e0-9bce-99f7907bd0ae: Sackin index -0.1144; 47.1 s; peak memory 402 MiB.
2026-10-04T18:52:44Z INFO [125/750] 322035b3-1fb4-4df8-a9c1-e26173b39fbb: Sackin index -0.0105; 10.3 s; peak memory 402 MiB.
2026-10-04T18:52:45Z INFO [126/750] 32208d25-072c-45d3-ae23-65565cecf6fe: Sackin index -0.0702; 1.1 s; peak memory 402 MiB.
2026-10-04T18:52:47Z INFO [127/750] 3221199b-8b50-4424-9f9f-1b81361e6e43: Sackin index -0.1938; 1.7 s; peak memory 402 MiB.
2026-10-04T18:52:48Z INFO [128/750] 32225458-ba47-46fb-bab5-fc0fd58c2ce1: Sackin index -0.1349; 1.0 s; peak memory 402 MiB.
2026-10-04T18:53:32Z INFO [129/750] 3222b37e-ae65-4e86-88d0-908cb26f451d: Sackin index -0.0036; 44.1 s; peak memory 402 MiB.
2026-10-04T18:53:33Z INFO [130/750] 3222c242-9f08-47a9-9a09-9d4d6ee17f2c: Sackin index -0.1448; 0.8 s; peak memory 402 MiB.
2026-10-04T18:53:33Z INFO [131/750] 32230c45-34ca-4b57-bc80-9648d1971d4e: Sackin index -0.2168; 0.8 s; peak memory 402 MiB.
2026-10-04T18:53:34Z INFO [132/750] 3223321c-2848-4748-9117-9c0809458c7c: Sackin index -0.1349; 0.9 s; peak memory 402 MiB.
2026-10-04T18:53:35Z INFO [133/750] 3224561b-143f-46e0-a083-67ec0dd37569: Sackin index -0.1248; 1.0 s; peak memory 402 MiB.
2026-10-04T18:53:36Z INFO [134/750] 32248eb8-b86a-4cca-9b31-7b59f85da2c4: Sackin index -0.0696; 0.8 s; peak memory 402 MiB.
2026-10-04T18:53:37Z INFO [135/750] 3224c7ea-0a9b-4cc4-84e3-320b38db7d99: Sackin index -0.0702; 1.2 s; peak memory 402 MiB.
2026-10-04T18:53:38Z INFO [136/750] 3224e940-3e3a-4567-97a8-e4896787fde8: Sackin index -0.1658; 0.7 s; peak memory 402 MiB.
2026-10-04T18:53:39Z INFO [137/750] 322535b4-a486-45f6-a6a8-6165f0019dbf: Sackin index -0.0728; 1.1 s; peak memory 402 MiB.
2026-10-04T18:53:42Z INFO [138/750] 32274615-70c2-4384-ba26-1bb8b26c9709: Sackin index -0.0660; 2.8 s; peak memory 402 MiB.
2026-10-04T18:53:43Z INFO [139/750] 3227e51d-56cf-4011-ad5f-841db3cc927b: Sackin index -0.1349; 0.9 s; peak memory 402 MiB.
2026-10-04T18:53:44Z INFO [140/750] 3228279d-2f29-498f-bdd2-b5bc06825f77: Sackin index -0.1273; 1.1 s; peak memory 402 MiB.
2026-10-04T18:53:45Z INFO [141/750] 32284045-e003-40d1-bda0-eb0b6f94b6d0: Sackin index -0.0702; 1.2 s; peak memory 402 MiB.
2026-10-04T18:53:46Z INFO [142/750] 32292339-a902-4b61-bc0f-339f689c7275: Sackin index -0.0696; 1.2 s; peak memory 402 MiB.
2026-10-04T18:53:47Z INFO [143/750] 32292b5d-1c65-4ecb-8e0f-f5934d289bf9: Sackin index -0.1349; 0.7 s; peak memory 402 MiB.
2026-10-04T18:53:48Z INFO [144/750] 32296c29-c76b-4a4a-bd56-c928cdbba974: Sackin index -0.1562; 1.0 s; peak memory 402 MiB.
2026-10-04T18:53:52Z INFO [145/750] 3229c659-688d-41f0-9912-954a581e7272: Sackin index -0.0242; 4.6 s; peak memory 402 MiB.
2026-10-04T18:53:54Z INFO [146/750] 322a6378-8d02-4170-8259-345acd8d2aea: Sackin index -0.1390; 1.3 s; peak memory 402 MiB.
2026-10-04T18:53:54Z INFO [147/750] 322aa099-4a6c-48ef-8987-6e6dd27b1b56: Sackin index -0.1349; 0.8 s; peak memory 402 MiB.
2026-10-04T18:54:00Z INFO [148/750] 322ad4c1-324f-4933-9e4d-82aa1f2be0dd: Sackin index -0.1050; 5.2 s; peak memory 402 MiB.
2026-10-04T18:54:00Z INFO [149/750] 322b05f5-bfe0-4f97-8e46-c712745d0b55: Sackin index -0.1349; 0.9 s; peak memory 402 MiB.
2026-10-04T18:54:01Z INFO [150/750] 322b2740-b371-45e9-88d9-3958d6d08fd3: Sackin index -0.0696; 0.9 s; peak memory 402 MiB.
2026-10-04T18:54:01Z INFO [150/750] 322b2740-b371-45e9-88d9-3958d6d08fd3: checkpointed 71236 records.
2026-10-04T18:54:02Z INFO [151/750] 322b3a2b-c860-4fa7-bcdc-64213f48b4cb: Sackin index -0.1658; 0.6 s; peak memory 402 MiB.
2026-10-04T18:54:03Z INFO [152/750] 322b6972-58db-4045-96e3-37fbc92244c1: Sackin index -0.0702; 1.0 s; peak memory 402 MiB.
2026-10-04T18:54:04Z INFO [153/750] 322ba13f-c4d9-4b7d-ad76-12b9e11396e7: Sackin index -0.1303; 0.6 s; peak memory 402 MiB.
2026-10-04T18:55:45Z INFO [154/750] 322ca0f3-3fb5-4b09-97b7-2b37cf1de8e1: Sackin index -0.0276; 101.6 s; peak memory 402 MiB.
2026-10-04T18:55:50Z INFO [155/750] 322ca5d6-2dfc-4dea-94d3-275afaebc470: Sackin index -0.0403; 4.4 s; peak memory 402 MiB.
2026-10-04T18:55:51Z INFO [156/750] 322cfbce-fe38-4eec-93f7-e2548cf57fc2: Sackin index -0.1408; 1.1 s; peak memory 402 MiB.
2026-10-04T18:55:51Z INFO [157/750] 322db448-8a46-4816-880b-4c43132baf3c: Sackin index -0.1356; 0.6 s; peak memory 402 MiB.
2026-10-04T18:55:54Z INFO [158/750] 322e03a2-1460-4068-880b-0ef21fba6f18: Sackin index -0.0706; 2.3 s; peak memory 402 MiB.
2026-10-04T18:55:55Z INFO [159/750] 322ebc7b-232d-4423-98b5-b881c3497ddb: Sackin index -0.1194; 1.3 s; peak memory 402 MiB.
2026-10-04T18:55:56Z INFO [160/750] 322f4898-3687-48c2-a4e9-a9c366540cad: Sackin index -0.0702; 0.9 s; peak memory 402 MiB.
2026-10-04T18:55:57Z INFO [161/750] 322f60c0-0b9c-41b8-a7db-eba2d5ed3c2d: Sackin index -0.1248; 0.9 s; peak memory 402 MiB.
2026-10-04T18:55:58Z INFO [162/750] 3231e121-ba9b-4dd4-82a2-511401c7e2c4: Sackin index -0.0369; 1.3 s; peak memory 402 MiB.
2026-10-04T18:55:59Z INFO [163/750] 3231f2a1-bf3a-49f6-8f09-97cf66371eab: Sackin index -0.0696; 1.0 s; peak memory 402 MiB.
2026-10-04T18:56:00Z INFO [164/750] 3232226e-08ea-4dc4-88be-ce3e1abe3c2c: Sackin index -0.0696; 0.9 s; peak memory 402 MiB.
2026-10-04T18:56:16Z INFO [165/750] 32331649-8eaa-44f1-8044-de84e87f977f: Sackin index -0.1367; 16.3 s; peak memory 402 MiB.
2026-10-04T18:56:17Z INFO [166/750] 3234859e-afe8-4e2b-b10c-12acfde90f83: Sackin index -0.0702; 0.8 s; peak memory 402 MiB.
2026-10-04T18:57:59Z INFO [167/750] 3236604e-0d56-4f3c-abcf-353530d0a22c: Sackin index -0.0493; 101.9 s; peak memory 402 MiB.
2026-10-04T18:58:00Z INFO [168/750] 3236af0b-5e0f-462e-97ae-61c7dffb6287: Sackin index -0.1000; 1.4 s; peak memory 402 MiB.
2026-10-04T18:58:01Z INFO [169/750] 3236ef94-1022-40a0-9a8c-dc1f30593dc2: Sackin index -0.1349; 0.9 s; peak memory 402 MiB.
2026-10-04T18:58:02Z INFO [170/750] 3237422a-80cc-4bd8-a1e4-0af2414edf2c: Sackin index -0.0728; 1.1 s; peak memory 402 MiB.
2026-10-04T18:59:37Z INFO [171/750] 32374b91-f8ed-4790-acbf-dac2802d06ac: Sackin index -0.0434; 94.5 s; peak memory 402 MiB.
2026-10-04T18:59:55Z INFO [172/750] 32386c69-5209-480f-a102-d50683ba4a30: Sackin index -0.0026; 18.0 s; peak memory 402 MiB.
2026-10-04T18:59:56Z INFO [173/750] 3239a6ac-da86-4269-afec-56d7de4b41dd: Sackin index -0.1191; 1.0 s; peak memory 402 MiB.
2026-10-04T18:59:57Z INFO [174/750] 3239bdde-62f9-4c2d-9ace-54aea1305641: Sackin index -0.0702; 1.0 s; peak memory 402 MiB.
2026-10-04T18:59:58Z INFO [175/750] 3239c1ca-1d65-4487-a994-cec156a0adb0: Sackin index -0.0709; 1.1 s; peak memory 402 MiB.
2026-10-04T18:59:59Z INFO [176/750] 3239c32c-31d8-4916-b10c-dd53c0c9c41f: Sackin index -0.1349; 1.0 s; peak memory 402 MiB.
2026-10-04T19:00:00Z INFO [177/750] 323a0a23-0e32-4889-b832-3064bf97a683: Sackin index -0.1349; 0.8 s; peak memory 402 MiB.
2026-10-04T19:00:00Z INFO [178/750] 323a8406-41f0-4079-8035-0e57179877d1: Sackin index -0.1658; 0.6 s; peak memory 402 MiB.
2026-10-04T19:00:01Z INFO [179/750] 323a8e6e-1ffc-4f63-bf1c-2af8ddfd64de: Sackin index -0.2000; 0.7 s; peak memory 402 MiB.
2026-10-04T19:00:03Z INFO [180/750] 323aaa40-9e49-4977-92c9-950a08d39662: Sackin index -0.0999; 1.9 s; peak memory 402 MiB.
2026-10-04T19:00:04Z INFO [181/750] 323ab7bb-af9f-4a4d-bc05-507e661f794d: Sackin index -0.0728; 1.0 s; peak memory 402 MiB.
2026-10-04T19:00:05Z INFO [182/750] 323b0750-803c-46c6-804b-611ed39ffd01: Sackin index -0.0941; 1.5 s; peak memory 402 MiB.
2026-10-04T19:00:06Z INFO [183/750] 323bf6d5-e1c1-40c0-bc80-260e37b5f45c: Sackin index -0.1349; 0.8 s; peak memory 402 MiB.
2026-10-04T19:00:07Z INFO [184/750] 323c1234-1f4b-4483-9e3a-e3c5c725fd68: Sackin index -0.1349; 0.9 s; peak memory 402 MiB.
2026-10-04T19:00:08Z INFO [185/750] 323c318f-0a6a-40d3-92d1-ee44ddc033d1: Sackin index -0.1349; 0.7 s; peak memory 402 MiB.
2026-10-04T19:00:09Z INFO [186/750] 323d2689-18a4-414f-aa0b-397407c20e06: Sackin index -0.1658; 0.7 s; peak memory 402 MiB.
2026-10-04T19:00:10Z INFO [187/750] 323e14ea-fe82-48ad-b86f-e7fb863a65bf: Sackin index -0.0369; 1.6 s; peak memory 402 MiB.
2026-10-04T19:00:11Z INFO [188/750] 323ec5d0-4e26-44da-9e46-8eb2e922e228: Sackin index -0.0883; 0.8 s; peak memory 402 MiB.
2026-10-04T19:00:12Z INFO [189/750] 323f41b5-005e-42ee-904b-2c0c0c0b34f9: Sackin index -0.0379; 1.5 s; peak memory 402 MiB.
2026-10-04T19:00:14Z INFO [190/750] 323f990c-6907-413b-a5cf-e06c01cb15d9: Sackin index -0.0699; 1.9 s; peak memory 402 MiB.
2026-10-04T19:00:15Z INFO [191/750] 323fdcd5-f98b-43d2-85aa-f3d06686bc5c: Sackin index -0.1349; 0.9 s; peak memory 402 MiB.
2026-10-04T19:00:17Z INFO [192/750] 323fedef-3c40-4c32-aab0-ef2e69c94b17: Sackin index -0.1224; 1.6 s; peak memory 402 MiB.
2026-10-04T19:00:18Z INFO [193/750] 32405cf6-4088-486d-be96-6631d83b0dc3: Sackin index -0.0752; 1.3 s; peak memory 402 MiB.
2026-10-04T19:00:20Z INFO [194/750] 32406f5f-f40d-4bc6-a4b3-87374473cd44: Sackin index -0.0681; 2.0 s; peak memory 402 MiB.
2026-10-04T19:00:21Z INFO [195/750] 3240a4c8-2d34-44a1-95e6-23b2c679797f: Sackin index -0.1484; 0.6 s; peak memory 402 MiB.
2026-10-04T19:00:23Z INFO [196/750] 3240b99a-417b-4832-b9d3-c61891af9b17: Sackin index -0.0710; 2.2 s; peak memory 402 MiB.
2026-10-04T19:00:26Z INFO [197/750] 32420f92-7da0-4e1f-8aea-5939173e060d: Sackin index -0.0073; 2.9 s; peak memory 402 MiB.
2026-10-04T19:00:27Z INFO [198/750] 3242bf92-ccf6-4cb8-b489-e98e8607239e: Sackin index -0.0696; 0.8 s; peak memory 402 MiB.
2026-10-04T19:00:28Z INFO [199/750] 32433b72-2af9-4930-9cd9-273318446fdd: Sackin index -0.0376; 1.1 s; peak memory 402 MiB.
2026-10-04T19:00:29Z INFO [200/750] 324369c8-1346-42d6-b698-e2ade141ec06: Sackin index -0.0745; 1.5 s; peak memory 402 MiB.
2026-10-04T19:00:29Z INFO [200/750] 324369c8-1346-42d6-b698-e2ade141ec06: checkpointed 71286 records.
2026-10-04T19:00:31Z INFO [201/750] 3243faae-fc9b-4141-a2a0-3934038b33c1: Sackin index -0.1263; 1.5 s; peak memory 402 MiB.
2026-10-04T19:00:36Z INFO [202/750] 32449f1d-33c1-4558-a2ee-f93a658d952a: Sackin index -0.1330; 5.7 s; peak memory 402 MiB.
2026-10-04T19:00:46Z INFO [203/750] 3245f1c4-fd99-446a-b5a1-d4a6c87f1e1f: Sackin index -0.0127; 9.5 s; peak memory 402 MiB.
2026-10-04T19:00:47Z INFO [204/750] 32465ab1-278b-4396-b15a-8b7e896eb2cd: Sackin index -0.1273; 1.1 s; peak memory 402 MiB.
2026-10-04T19:00:48Z INFO [205/750] 3246cc9c-8a54-47e5-b72b-8d4b3ebeb6d1: Sackin index -0.1658; 0.6 s; peak memory 402 MiB.
2026-10-04T19:00:49Z INFO [206/750] 32471630-a243-4aeb-ac87-b687ad2e97cb: Sackin index -0.1461; 0.8 s; peak memory 402 MiB.
2026-10-04T19:00:50Z INFO [207/750] 324727aa-041c-42db-a5ee-b737a30d6db4: Sackin index -0.0434; 1.2 s; peak memory 402 MiB.
2026-10-04T19:00:51Z INFO [208/750] 324780e6-99e0-42cc-b05e-36a7b3b2b609: Sackin index -0.1938; 1.6 s; peak memory 402 MiB.
2026-10-04T19:01:00Z INFO [209/750] 3247f916-484d-4411-9107-0261a99307ca: Sackin index -0.0154; 8.6 s; peak memory 402 MiB.
2026-10-04T19:01:01Z INFO [210/750] 3248bcb6-3459-4d5b-99d8-2429515119f5: Sackin index -0.1349; 0.9 s; peak memory 402 MiB.
2026-10-04T19:01:09Z INFO [211/750] 324ad618-09e6-48d3-9c35-0f4e98605dd6: Sackin index -0.0145; 8.3 s; peak memory 402 MiB.
2026-10-04T19:01:10Z INFO [212/750] 324afc9f-5385-4044-aa9c-cd405f03349b: Sackin index -0.1331; 0.7 s; peak memory 402 MiB.
2026-10-04T19:01:11Z INFO [213/750] 324c7bb6-547a-4898-84f3-b24433d3c916: Sackin index -0.0380; 1.2 s; peak memory 402 MiB.
2026-10-04T19:01:12Z INFO [214/750] 324c95c5-9e4d-45cb-9a5a-ad2eed33ef13: Sackin index -0.1658; 0.7 s; peak memory 402 MiB.
2026-10-04T19:01:17Z INFO [215/750] 324cb6c8-8cba-4ec3-9df5-bd8143039a11: Sackin index -0.0251; 5.0 s; peak memory 402 MiB.
2026-10-04T19:01:18Z INFO [216/750] 324ccb4d-b81e-4dbb-a29d-ef474eef0d50: Sackin index -0.0168; 1.5 s; peak memory 402 MiB.
2026-10-04T19:10:09Z INFO [217/750] 324d793f-fa45-49c1-a624-18662611391f: Sackin index -0.0667; 530.5 s; peak memory 1125 MiB.
2026-10-04T19:10:12Z INFO [218/750] 324fda55-123a-4ddc-8dac-ee9dffd3cbdb: Sackin index -0.0248; 3.5 s; peak memory 1125 MiB.
2026-10-04T19:10:14Z INFO [219/750] 32507165-43f0-4f69-af48-9be4c9f45900: Sackin index -0.0595; 1.5 s; peak memory 1125 MiB.
2026-10-04T19:10:14Z INFO [220/750] 3250e664-7c64-4a2c-aabb-b0be773fe213: Sackin index -0.1938; 0.8 s; peak memory 1125 MiB.
2026-10-04T19:10:16Z INFO [221/750] 32518e59-0253-4c0e-9f2f-ec3222f81677: Sackin index -0.1194; 1.2 s; peak memory 1125 MiB.
2026-10-04T19:10:17Z INFO [222/750] 325208c5-d7a4-4180-8f52-b3be3be1db7a: Sackin index -0.0696; 1.0 s; peak memory 1125 MiB.
2026-10-04T19:10:17Z INFO [223/750] 3253d6ab-b06a-4bf3-8540-0db7319daeaa: Sackin index -0.1658; 0.6 s; peak memory 1125 MiB.
2026-10-04T19:10:19Z INFO [224/750] 32551331-e892-4028-96c5-03bd4f985394: Sackin index -0.0365; 1.7 s; peak memory 1125 MiB.
2026-10-04T19:10:20Z INFO [225/750] 3255404a-236c-4d10-8d03-4b6b683b5d60: Sackin index -0.1349; 1.0 s; peak memory 1125 MiB.
2026-10-04T19:10:21Z INFO [226/750] 32559304-aa34-42e0-b1a5-2c86996f21b5: Sackin index -0.1239; 0.8 s; peak memory 1125 MiB.
2026-10-04T19:10:22Z INFO [227/750] 3255b918-4c01-40d9-933e-aef02638e9da: Sackin index -0.0722; 1.1 s; peak memory 1125 MiB.
2026-10-04T19:12:16Z INFO [228/750] 3256be37-b93d-4d95-8538-87ad47c21948: Sackin index -0.0741; 114.0 s; peak memory 1125 MiB.
2026-10-04T19:12:17Z INFO [229/750] 32570b30-e54c-428d-9426-cdae9dd810a3: Sackin index -0.0728; 1.3 s; peak memory 1125 MiB.
2026-10-04T19:12:18Z INFO [230/750] 32570d9a-02ff-4bfd-88e2-62e59204fd78: Sackin index -0.1319; 0.7 s; peak memory 1125 MiB.
2026-10-04T19:12:19Z INFO [231/750] 3258265e-e722-4df2-a3d6-29c7d770d09b: Sackin index -0.0676; 1.6 s; peak memory 1125 MiB.
2026-10-04T19:12:22Z INFO [232/750] 32583274-5178-4c0d-9bf6-e7a92731d4dc: Sackin index -0.1761; 2.4 s; peak memory 1125 MiB.
2026-10-04T19:14:06Z INFO [233/750] 32586096-9d1d-4182-bf9a-75d12c7cc83b: Sackin index -0.0450; 104.7 s; peak memory 1125 MiB.
2026-10-04T19:14:07Z INFO [234/750] 3258b6b5-43db-492b-9136-611292c08f74: Sackin index -0.1349; 1.0 s; peak memory 1125 MiB.
2026-10-04T19:14:09Z INFO [235/750] 325ad851-e761-4586-a146-b78dd0a7e73d: Sackin index -0.1602; 1.1 s; peak memory 1125 MiB.
2026-10-04T19:14:10Z INFO [236/750] 325c4bad-fdb3-4e15-8f33-88f674e5e949: Sackin index -0.1349; 1.1 s; peak memory 1125 MiB.
2026-10-04T19:14:11Z INFO [237/750] 325ca90a-18d6-4540-8c5b-587b4ae59ab6: Sackin index -0.1349; 0.9 s; peak memory 1125 MiB.
2026-10-04T19:14:11Z INFO [238/750] 325d239a-a0ea-4574-932b-4f51ca292f16: Sackin index -0.0702; 0.8 s; peak memory 1125 MiB.
2026-10-04T19:14:19Z INFO [239/750] 325d7b9b-2926-4fae-8855-47027e012532: Sackin index -0.0341; 7.3 s; peak memory 1125 MiB.
2026-10-04T19:14:36Z INFO [240/750] 325f9b0b-7840-4ffc-98f9-33332e9cc1ce: Sackin index -0.0037; 17.5 s; peak memory 1125 MiB.
2026-10-04T19:14:37Z INFO [241/750] 325fd2ee-60af-4a8f-b35b-e6e7fc425e89: Sackin index -0.1161; 0.6 s; peak memory 1125 MiB.
2026-10-04T19:14:42Z INFO [242/750] 32603f60-5ddf-47fb-bc33-96d8d2e638dc: Sackin index -0.0422; 5.5 s; peak memory 1125 MiB.
2026-10-04T19:14:43Z INFO [243/750] 32604b75-b2e9-4cd7-ba29-e872074a43e4: Sackin index -0.0702; 1.0 s; peak memory 1125 MiB.
2026-10-04T19:14:44Z INFO [244/750] 32614527-fb42-45d6-82ba-abe9e28ec6e9: Sackin index -0.3646; 0.8 s; peak memory 1125 MiB.
2026-10-04T19:14:45Z INFO [245/750] 326173d0-e6ab-4645-b7f5-e33d5bfa768f: Sackin index -0.1349; 0.9 s; peak memory 1125 MiB.
2026-10-04T19:14:46Z INFO [246/750] 3261c57f-9e50-467d-a479-9ab920d12b3f: Sackin index -0.0728; 1.1 s; peak memory 1125 MiB.
2026-10-04T19:14:47Z INFO [247/750] 3261c8c6-eb0d-4783-8ddd-046a6c956125: Sackin index -0.0376; 1.5 s; peak memory 1125 MiB.
2026-10-04T19:14:48Z INFO [248/750] 3261cca8-093f-40f7-af3a-a9345195ceb1: Sackin index -0.1498; 0.9 s; peak memory 1125 MiB.
2026-10-04T19:14:49Z INFO [249/750] 3261d5cc-dee6-45b6-8672-94c596687a75: Sackin index -0.1349; 0.9 s; peak memory 1125 MiB.
2026-10-04T19:14:51Z INFO [250/750] 32627eed-e137-466b-afb1-4f95d711690b: Sackin index -0.1224; 1.8 s; peak memory 1125 MiB.
2026-10-04T19:14:51Z INFO [250/750] 32627eed-e137-466b-afb1-4f95d711690b: checkpointed 71336 records.
2026-10-04T19:14:59Z INFO [251/750] 32636327-a94b-4048-b453-4e3231033532: Sackin index -0.0183; 8.3 s; peak memory 1125 MiB.
2026-10-04T19:15:00Z INFO [252/750] 3264aabd-aa80-4d67-a20e-107a86bb0651: Sackin index -0.0728; 1.1 s; peak memory 1125 MiB.
2026-10-04T19:15:01Z INFO [253/750] 326509e0-3027-4120-9d3a-cf58c450750f: Sackin index -0.1349; 0.8 s; peak memory 1125 MiB.
2026-10-04T19:15:04Z INFO [254/750] 32652fb3-019c-451a-9cc9-49e335ca544b: Sackin index -0.1538; 3.2 s; peak memory 1125 MiB.
2026-10-04T19:15:06Z INFO [255/750] 326535c2-2c07-4a06-a7a4-6b6a4a332ea3: Sackin index -0.0594; 1.9 s; peak memory 1125 MiB.
2026-10-04T19:15:07Z INFO [256/750] 32655372-7518-4cb6-b7b0-474d066b940e: Sackin index -0.0702; 1.0 s; peak memory 1125 MiB.
2026-10-04T19:15:08Z INFO [257/750] 3265e6e8-235b-43f6-804e-88e1f6e6ecbc: Sackin index -0.0696; 1.0 s; peak memory 1125 MiB.
2026-10-04T19:15:21Z INFO [258/750] 32670776-ed33-4872-bffb-baba56570471: Sackin index -0.1938; 12.4 s; peak memory 1125 MiB.
2026-10-04T19:15:22Z INFO [259/750] 3267a2f4-b321-4367-8705-8c3a1f3811fa: Sackin index -0.1349; 1.0 s; peak memory 1125 MiB.
2026-10-04T19:15:23Z INFO [260/750] 3267a339-1ab3-4051-ab0a-a2028cb4a675: Sackin index -0.0385; 1.1 s; peak memory 1125 MiB.
2026-10-04T19:15:24Z INFO [261/750] 3267c228-8000-4636-9daa-4583f0dc8f61: Sackin index -0.0728; 1.4 s; peak memory 1125 MiB.
2026-10-04T19:15:25Z INFO [262/750] 32682ccd-c0f6-4c2f-8249-60be59504833: Sackin index -0.1349; 0.8 s; peak memory 1125 MiB.
2026-10-04T19:15:26Z INFO [263/750] 32682fbb-c457-4f33-9ffc-52c36e36bfe7: Sackin index -0.1210; 1.4 s; peak memory 1125 MiB.
2026-10-04T19:15:28Z INFO [264/750] 32685c5c-8f19-4137-bdff-c0aa987b6c34: Sackin index -0.0350; 1.9 s; peak memory 1125 MiB.
2026-10-04T19:15:30Z INFO [265/750] 326880b5-37a7-448a-8e66-e11a972d84d7: Sackin index -0.1273; 1.2 s; peak memory 1125 MiB.
2026-10-04T19:15:42Z INFO [266/750] 3268b35d-8244-4a84-ba53-f9b391c56426: Sackin index -0.0195; 12.6 s; peak memory 1125 MiB.
2026-10-04T19:15:44Z INFO [267/750] 32691164-8595-4854-8a2f-c6113f6fce7f: Sackin index -0.0748; 1.4 s; peak memory 1125 MiB.
2026-10-04T19:15:44Z INFO [268/750] 32699bea-9ba0-4243-b231-79b63aba6530: Sackin index -0.0702; 0.8 s; peak memory 1125 MiB.
2026-10-04T19:15:45Z INFO [269/750] 3269f61f-24cc-4054-a45d-c89973c45d4c: Sackin index -0.1349; 0.7 s; peak memory 1125 MiB.
2026-10-04T19:15:48Z INFO [270/750] 326a233f-040d-41bf-8cf5-034cfaecfb86: Sackin index -0.0275; 2.7 s; peak memory 1125 MiB.
2026-10-04T19:15:48Z INFO [271/750] 326a7034-beeb-4578-9f9d-702ac43b5641: Sackin index -0.1658; 0.5 s; peak memory 1125 MiB.
2026-10-04T19:16:00Z INFO [272/750] 326b0ad3-d07b-47c2-b7c2-ea587d2a4389: Sackin index -0.0237; 11.6 s; peak memory 1125 MiB.
2026-10-04T19:16:01Z INFO [273/750] 326b9ab0-4262-4b3c-b711-517e515f3749: Sackin index -0.0379; 1.1 s; peak memory 1125 MiB.
2026-10-04T19:16:02Z INFO [274/750] 326c2691-117e-41dc-8de1-0d10ea9390cb: Sackin index -0.0996; 1.1 s; peak memory 1125 MiB.
2026-10-04T19:16:28Z INFO [275/750] 326c6c49-e23a-4640-9ac9-f4ab184a1aac: Sackin index -0.0021; 25.9 s; peak memory 1125 MiB.
2026-10-04T19:16:32Z INFO [276/750] 326ecfda-2f75-4f83-ada6-a86f274fedb9: Sackin index -0.0403; 3.7 s; peak memory 1125 MiB.
2026-10-04T19:16:33Z INFO [277/750] 326f0375-6810-4a7d-9dd3-c463cf81a2d5: Sackin index -0.0702; 1.1 s; peak memory 1125 MiB.
2026-10-04T19:16:34Z INFO [278/750] 326f8d4d-ec39-4602-964f-96a2f52cfcf5: Sackin index -0.0862; 0.8 s; peak memory 1125 MiB.
2026-10-04T19:16:36Z INFO [279/750] 326fceb7-0c7a-4096-9dd9-ca9508cb19b0: Sackin index -0.0870; 2.0 s; peak memory 1125 MiB.
2026-10-04T19:16:38Z INFO [280/750] 3270c720-aa61-4787-8664-387f127baa7a: Sackin index -0.0699; 2.2 s; peak memory 1125 MiB.
2026-10-04T19:16:39Z INFO [281/750] 3270f49a-654c-428a-99c1-c49f8bc13850: Sackin index -0.0702; 0.9 s; peak memory 1125 MiB.
2026-10-04T19:16:40Z INFO [282/750] 3273d9d9-0b64-4d31-9bf1-b0891c9fd88e: Sackin index -0.0735; 1.3 s; peak memory 1125 MiB.
2026-10-04T19:16:41Z INFO [283/750] 3274064e-b667-486a-b099-0e30ebc47b0f: Sackin index -0.0702; 1.1 s; peak memory 1125 MiB.
2026-10-04T19:16:42Z INFO [284/750] 32740ed1-7cf0-43af-94ab-2a07bd4f5832: Sackin index -0.1340; 0.7 s; peak memory 1125 MiB.
2026-10-04T19:16:46Z INFO [285/750] 327614c7-f013-428e-bb5b-ea92c60e2ca1: Sackin index -0.0383; 4.6 s; peak memory 1125 MiB.
2026-10-04T19:16:47Z INFO [286/750] 3276b317-c195-42c8-8b59-e08628943a88: Sackin index -0.1000; 1.1 s; peak memory 1125 MiB.
2026-10-04T19:16:52Z INFO [287/750] 3276e0cf-7028-429c-ab20-8965d1ace66f: Sackin index -0.0251; 4.8 s; peak memory 1125 MiB.
2026-10-04T19:16:56Z INFO [288/750] 32774288-3474-4be5-bd73-4b6411ae27a1: Sackin index -0.0576; 4.1 s; peak memory 1125 MiB.
2026-10-04T19:16:58Z INFO [289/750] 3278fc32-7772-42b8-862b-321a4c7034e0: Sackin index -0.0665; 2.1 s; peak memory 1125 MiB.
2026-10-04T19:17:00Z INFO [290/750] 327959e6-a67e-4c22-ba26-163332d37146: Sackin index -0.1293; 1.4 s; peak memory 1125 MiB.
2026-10-04T19:17:04Z INFO [291/750] 32796761-1a67-46c8-824f-0201e93ac690: Sackin index -0.0611; 4.2 s; peak memory 1125 MiB.
2026-10-04T19:17:05Z INFO [292/750] 3279ec03-ace0-47ff-89ab-ee4708151dbc: Sackin index -0.1349; 0.8 s; peak memory 1125 MiB.
2026-10-04T19:17:06Z INFO [293/750] 327a1ab0-08fc-44bc-9627-e055f7a90b05: Sackin index -0.1602; 0.9 s; peak memory 1125 MiB.
2026-10-04T19:17:30Z INFO [294/750] 327b06db-2ea2-49d6-aadf-d3341d9f6041: Sackin index -0.0133; 24.8 s; peak memory 1125 MiB.
2026-10-04T19:17:33Z INFO [295/750] 327c8cfe-5363-45b6-a770-05d59d184aef: Sackin index -0.0660; 2.3 s; peak memory 1125 MiB.
2026-10-04T19:19:34Z INFO [296/750] 327cacff-d08a-4e28-92fc-8b4f05fa4569: Sackin index -0.0271; 121.4 s; peak memory 1125 MiB.
2026-10-04T19:19:36Z INFO [297/750] 327cb323-d1fc-4287-9284-ee8617eee94c: Sackin index -0.0704; 1.8 s; peak memory 1125 MiB.
2026-10-04T19:19:37Z INFO [298/750] 327d5698-0d3d-4ee0-aa7b-baa85952b334: Sackin index -0.0702; 0.9 s; peak memory 1125 MiB.
2026-10-04T19:19:38Z INFO [299/750] 327e02f7-32b0-433a-93f8-5c0413bbb743: Sackin index -0.1349; 1.0 s; peak memory 1125 MiB.
2026-10-04T19:19:39Z INFO [300/750] 3280dfbb-fe38-4a98-9f0f-5a63d53ce1ca: Sackin index -0.0728; 1.5 s; peak memory 1125 MiB.
2026-10-04T19:19:39Z INFO [300/750] 3280dfbb-fe38-4a98-9f0f-5a63d53ce1ca: checkpointed 71386 records.
2026-10-04T19:19:40Z INFO [301/750] 328246e3-728a-437f-a4be-3b192b385296: Sackin index -0.1349; 1.0 s; peak memory 1125 MiB.
2026-10-04T19:19:41Z INFO [302/750] 3282960e-efd5-44a3-988c-9ae22c468a83: Sackin index -0.1356; 0.8 s; peak memory 1125 MiB.
2026-10-04T19:19:43Z INFO [303/750] 32835bbb-6726-4208-bc3e-7ff0ddf832c9: Sackin index -0.0693; 2.0 s; peak memory 1125 MiB.
2026-10-04T19:19:47Z INFO [304/750] 32837ab8-8168-4384-bc86-f0dbca9bc825: Sackin index -0.0403; 3.7 s; peak memory 1125 MiB.
2026-10-04T19:19:49Z INFO [305/750] 3283b37f-b8eb-4876-b47b-6e091099e918: Sackin index -0.0699; 1.9 s; peak memory 1125 MiB.
2026-10-04T19:19:50Z INFO [306/750] 3283be15-7e27-4e2a-b3c4-54749f47659d: Sackin index -0.0745; 1.3 s; peak memory 1125 MiB.
2026-10-04T19:19:51Z INFO [307/750] 3283c8ee-80d2-4612-a822-429680afa7c3: Sackin index -0.0702; 0.9 s; peak memory 1125 MiB.
2026-10-04T19:19:52Z INFO [308/750] 32843f00-e6b5-4594-8d2c-9d7826d95810: Sackin index -0.0702; 1.0 s; peak memory 1125 MiB.
2026-10-04T19:19:56Z INFO [309/750] 3284c4cd-0a95-4f46-a67a-ef344622b1de: Sackin index -0.0248; 3.5 s; peak memory 1125 MiB.
2026-10-04T19:19:57Z INFO [310/750] 3284d314-c0be-4b1a-bd31-87231539459b: Sackin index -0.1199; 1.0 s; peak memory 1125 MiB.
2026-10-04T19:19:59Z INFO [311/750] 3285d285-fa33-45ca-b1e3-b5d75a93a5f4: Sackin index -0.0869; 2.7 s; peak memory 1125 MiB.
2026-10-04T19:20:00Z INFO [312/750] 328636a2-581d-4c65-92d0-bed562eb271a: Sackin index -0.0696; 1.1 s; peak memory 1125 MiB.
2026-10-04T19:20:02Z INFO [313/750] 3286fbaa-075f-4165-9b2c-d38bd1d61db0: Sackin index -0.0722; 1.1 s; peak memory 1125 MiB.
2026-10-04T19:20:02Z INFO [314/750] 3287080c-890e-4e86-be69-c76afb7c1fc7: Sackin index -0.0728; 1.0 s; peak memory 1125 MiB.
2026-10-04T19:20:04Z INFO [315/750] 3289eb5d-a03a-45b8-a8d6-0b025a38c813: Sackin index -0.1030; 1.1 s; peak memory 1125 MiB.
2026-10-04T19:20:05Z INFO [316/750] 328b4b47-88f6-40b9-a65f-4cc2e1be8719: Sackin index -0.0728; 1.2 s; peak memory 1125 MiB.
2026-10-04T19:20:06Z INFO [317/750] 328b8b83-efae-44b7-b5c3-f49caef890df: Sackin index -0.2229; 1.0 s; peak memory 1125 MiB.
2026-10-04T19:20:07Z INFO [318/750] 328c8552-8573-470e-9bda-7b43da8764e8: Sackin index -0.1349; 1.0 s; peak memory 1125 MiB.
2026-10-04T19:20:10Z INFO [319/750] 328cf9b3-6258-4d0d-b9df-d1a34a36853d: Sackin index -0.0403; 3.6 s; peak memory 1125 MiB.
2026-10-04T19:20:11Z INFO [320/750] 328d1f2c-b019-4041-897a-488982430c10: Sackin index -0.1349; 0.9 s; peak memory 1125 MiB.
2026-10-04T19:20:28Z INFO [321/750] 328d8d68-0626-4ef4-ae9b-e0933f826286: Sackin index -0.1367; 16.8 s; peak memory 1125 MiB.
2026-10-04T19:20:32Z INFO [322/750] 328d9107-2727-40eb-80dd-aaede8836991: Sackin index -0.0689; 4.3 s; peak memory 1125 MiB.
2026-10-04T19:20:34Z INFO [323/750] 328dd4e7-bb38-4c9f-b7c6-64fa6a88dfb2: Sackin index -0.0702; 1.1 s; peak memory 1125 MiB.
2026-10-04T19:20:36Z INFO [324/750] 328df44c-c0e1-4fd4-8608-fab1b7a222e5: Sackin index -0.0674; 2.5 s; peak memory 1125 MiB.
2026-10-04T19:20:37Z INFO [325/750] 328f49ff-e9d2-4ec6-8c85-3fdd07a2cae4: Sackin index -0.0376; 1.1 s; peak memory 1125 MiB.
2026-10-04T19:20:39Z INFO [326/750] 328fe152-89f2-439c-ace5-18ec61e5aac9: Sackin index -0.1938; 1.9 s; peak memory 1125 MiB.
2026-10-04T19:20:40Z INFO [327/750] 329126c9-0333-4e96-a507-c9198fe653f8: Sackin index -0.1273; 1.4 s; peak memory 1125 MiB.
2026-10-04T19:20:41Z INFO [328/750] 3291285a-b68d-4028-b831-4b4c31fb9146: Sackin index -0.1658; 0.6 s; peak memory 1125 MiB.
2026-10-04T19:20:42Z INFO [329/750] 32930c1a-7284-42d8-8522-a1803e623ec1: Sackin index -0.1542; 1.2 s; peak memory 1125 MiB.
2026-10-04T19:20:43Z INFO [330/750] 32930f6f-cda5-4cf9-b217-6c2d18afce16: Sackin index -0.1408; 1.1 s; peak memory 1125 MiB.
2026-10-04T19:22:31Z INFO [331/750] 32941b00-0fb0-4e69-a86b-696a13e2714f: Sackin index -0.0260; 108.3 s; peak memory 1125 MiB.
2026-10-04T19:22:33Z INFO [332/750] 3294aeda-a4a2-4a2b-8df0-03274b64e852: Sackin index -0.1349; 1.1 s; peak memory 1125 MiB.
2026-10-04T19:22:42Z INFO [333/750] 3295d590-b681-4d8f-ac8f-a402a9bdb620: Sackin index -0.1495; 9.5 s; peak memory 1125 MiB.
2026-10-04T19:22:43Z INFO [334/750] 3296041b-c90c-49ed-828f-6f8ec64dbf8c: Sackin index -0.0722; 1.2 s; peak memory 1125 MiB.
2026-10-04T19:22:44Z INFO [335/750] 32986a4b-8d42-4885-9a93-ffcaff7a000c: Sackin index -0.0702; 1.0 s; peak memory 1125 MiB.
2026-10-04T19:22:45Z INFO [336/750] 3298edd3-1a2d-4950-b507-d3f4c09b2831: Sackin index -0.0728; 1.1 s; peak memory 1125 MiB.
2026-10-04T19:22:46Z INFO [337/750] 32992a10-2556-4f9d-b5d3-9e9cf7cf989b: Sackin index -0.1349; 1.0 s; peak memory 1125 MiB.
2026-10-04T19:22:48Z INFO [338/750] 329a8bdf-b46f-4a4a-9f5b-8f92a83ab542: Sackin index -0.0369; 1.5 s; peak memory 1125 MiB.
2026-10-04T19:22:49Z INFO [339/750] 329b29b2-bc1e-488e-a314-236e14b22742: Sackin index -0.1248; 0.9 s; peak memory 1125 MiB.
2026-10-04T19:22:50Z INFO [340/750] 329b43a4-2711-464e-a6ee-f59492319e85: Sackin index -0.1602; 1.0 s; peak memory 1125 MiB.
2026-10-04T19:22:51Z INFO [341/750] 329b8dfe-d1d1-46a9-9a28-af434bc13338: Sackin index -0.0944; 1.3 s; peak memory 1125 MiB.
2026-10-04T19:22:52Z INFO [342/750] 329b92d6-3e1b-49fd-81c8-324e2bba272f: Sackin index -0.0626; 1.1 s; peak memory 1125 MiB.
2026-10-04T19:22:53Z INFO [343/750] 329c35d5-10d4-4d99-9bd5-a59912513873: Sackin index -0.0702; 0.9 s; peak memory 1125 MiB.
2026-10-04T19:23:55Z INFO [344/750] 329c51e8-8ef0-474a-bd79-0ba0dd6357f0: Sackin index -0.0935; 62.2 s; peak memory 1125 MiB.
2026-10-04T19:23:57Z INFO [345/750] 329cbeb6-8cc2-4a31-bd76-0ea9b45e2634: Sackin index -0.0922; 2.0 s; peak memory 1125 MiB.
2026-10-04T19:23:58Z INFO [346/750] 329cc68b-7405-43ad-a2fe-545d2bf2ec5d: Sackin index -0.1602; 1.1 s; peak memory 1125 MiB.
2026-10-04T19:25:39Z INFO [347/750] 329ce769-4e1f-4f40-9887-280cd5313687: Sackin index -0.0493; 100.7 s; peak memory 1125 MiB.
2026-10-04T19:25:51Z INFO [348/750] 329e5adf-296f-4234-8e21-24b0739262e1: Sackin index -0.0146; 11.8 s; peak memory 1125 MiB.
2026-10-04T19:26:02Z INFO [349/750] 329e722e-67c9-413b-b78d-0b30a1b0aa51: Sackin index -0.0149; 10.8 s; peak memory 1125 MiB.
2026-10-04T19:26:02Z INFO [350/750] 329f0aca-cabd-4e0c-a6c8-6dbd8c14d1b7: Sackin index -0.1484; 0.8 s; peak memory 1125 MiB.
2026-10-04T19:26:03Z INFO [350/750] 329f0aca-cabd-4e0c-a6c8-6dbd8c14d1b7: checkpointed 71436 records.
2026-10-04T19:26:05Z INFO [351/750] 329f344c-ca97-4cd9-a2a2-540761693e5d: Sackin index -0.0647; 2.0 s; peak memory 1125 MiB.
2026-10-04T19:26:05Z INFO [352/750] 329feccb-8251-40b3-b3cb-8c1750c75ca6: Sackin index -0.1239; 0.7 s; peak memory 1125 MiB.
2026-10-04T19:26:07Z INFO [353/750] 32a032ac-7635-40d1-9ee9-5fd95bc5279f: Sackin index -0.0944; 1.5 s; peak memory 1125 MiB.
2026-10-04T19:26:08Z INFO [354/750] 32a04eaa-a39a-436f-a00f-93055f268744: Sackin index -0.0702; 0.9 s; peak memory 1125 MiB.
2026-10-04T19:26:09Z INFO [355/750] 32a065fb-fa2a-4246-a4e6-3a185b061906: Sackin index -0.0702; 1.2 s; peak memory 1125 MiB.
2026-10-04T19:26:10Z INFO [356/750] 32a0ed27-3f99-45f7-bfa1-6841138e4306: Sackin index -0.1349; 0.8 s; peak memory 1125 MiB.
2026-10-04T19:26:10Z INFO [357/750] 32a1a59c-2037-4376-a10b-7ab99e64c777: Sackin index -0.1349; 0.9 s; peak memory 1125 MiB.
2026-10-04T19:26:15Z INFO [358/750] 32a26dab-c133-472f-bf0f-3642fc625166: Sackin index -0.0403; 4.3 s; peak memory 1125 MiB.
2026-10-04T19:26:16Z INFO [359/750] 32a2ab22-f604-40ee-8d72-0c7de98334f0: Sackin index -0.1349; 1.0 s; peak memory 1125 MiB.
2026-10-04T19:26:17Z INFO [360/750] 32a38057-e71d-4d08-be62-4b02281e86a7: Sackin index -0.3646; 0.7 s; peak memory 1125 MiB.
2026-10-04T19:26:18Z INFO [361/750] 32a4c72d-fde0-4b5d-8003-52c80f521d09: Sackin index -0.0369; 1.6 s; peak memory 1125 MiB.
2026-10-04T19:26:19Z INFO [362/750] 32a4d995-2bfe-45a2-a0e2-9d30e162d56c: Sackin index -0.1349; 0.9 s; peak memory 1125 MiB.
2026-10-04T19:26:20Z INFO [363/750] 32a568bc-0e90-4638-bbea-6d24dd56e090: Sackin index -0.0375; 1.3 s; peak memory 1125 MiB.
2026-10-04T19:27:17Z INFO [364/750] 32a5f888-5ebc-40c1-8383-5d9589f86b83: Sackin index -0.0009; 57.0 s; peak memory 1125 MiB.
2026-10-04T19:27:18Z INFO [365/750] 32a68908-6ec7-45a9-b34d-42d6269a47f7: Sackin index -0.0702; 1.0 s; peak memory 1125 MiB.
2026-10-04T19:27:20Z INFO [366/750] 32a6bb8b-eff1-47fd-a8d4-d304b27c2cfb: Sackin index -0.0369; 1.5 s; peak memory 1125 MiB.
2026-10-04T19:27:21Z INFO [367/750] 32a6bdbd-5ea9-4bef-81f3-d8e71dd1c100: Sackin index -0.0999; 1.6 s; peak memory 1125 MiB.
2026-10-04T19:27:22Z INFO [368/750] 32a7f1c5-25fc-4eab-be91-d291c630e1a1: Sackin index -0.1349; 0.9 s; peak memory 1125 MiB.
2026-10-04T19:27:23Z INFO [369/750] 32a811d6-96f1-4eaf-859a-9a747b371af8: Sackin index -0.0745; 1.1 s; peak memory 1125 MiB.
2026-10-04T19:27:24Z INFO [370/750] 32a82017-69e0-48e9-9e68-9d45ba9dbf61: Sackin index -0.1349; 0.7 s; peak memory 1125 MiB.
2026-10-04T19:27:26Z INFO [371/750] 32aa98c8-1347-4a30-b587-eb5304a9c776: Sackin index -0.1362; 1.8 s; peak memory 1125 MiB.
2026-10-04T19:27:27Z INFO [372/750] 32aacacc-e441-490f-8e15-dd10f1e0dbd6: Sackin index -0.1509; 0.8 s; peak memory 1125 MiB.
2026-10-04T19:27:27Z INFO [373/750] 32ac13a1-f070-47a4-851b-4421f48a7839: Sackin index -0.1254; 0.7 s; peak memory 1125 MiB.
2026-10-04T19:27:40Z INFO [374/750] 32acd91e-4d04-4a23-aceb-79288c108854: Sackin index -0.0783; 12.4 s; peak memory 1125 MiB.
2026-10-04T19:27:41Z INFO [375/750] 32acef21-ba83-430c-a0b3-5661353830f6: Sackin index -0.1658; 0.7 s; peak memory 1125 MiB.
2026-10-04T19:27:42Z INFO [376/750] 32ad1afd-d0b6-4914-b2d9-15eb80793eff: Sackin index -0.0370; 1.6 s; peak memory 1125 MiB.
2026-10-04T19:27:44Z INFO [377/750] 32ada568-1ee4-4b09-af1b-7ec7ec1fcf8a: Sackin index -0.0728; 1.8 s; peak memory 1125 MiB.
2026-10-04T19:27:45Z INFO [378/750] 32aeda51-70b5-48cf-9b03-c7a1a7ebcbc1: Sackin index -0.1938; 0.7 s; peak memory 1125 MiB.
2026-10-04T19:27:46Z INFO [379/750] 32af1df6-3f44-4834-bddc-ac949840c1dc: Sackin index -0.1349; 0.9 s; peak memory 1125 MiB.
2026-10-04T19:27:47Z INFO [380/750] 32b0d120-8f6c-4902-9329-b51d1907eed4: Sackin index -0.0728; 1.2 s; peak memory 1125 MiB.
2026-10-04T19:27:54Z INFO [381/750] 32b14534-4ba2-42c2-bb9a-0145e783de18: Sackin index -0.0146; 6.9 s; peak memory 1125 MiB.
2026-10-04T19:27:56Z INFO [382/750] 32b1cca1-e5eb-4d2e-be7a-b6951642ff78: Sackin index -0.0660; 1.9 s; peak memory 1125 MiB.
2026-10-04T19:27:56Z INFO [383/750] 32b2f632-b653-4937-9fc0-3000e361f4c5: Sackin index -0.1987; 0.8 s; peak memory 1125 MiB.
2026-10-04T19:27:57Z INFO [384/750] 32b31c05-73aa-4364-bfd4-1cc1c708c376: Sackin index -0.2411; 0.6 s; peak memory 1125 MiB.
2026-10-04T19:55:42Z INFO [385/750] 32b39e0e-de4d-4e1a-af2d-b65861e16ef9: Sackin index -0.0451; 1665.2 s; peak memory 1125 MiB.
2026-10-04T19:56:01Z INFO [386/750] 32b3e4a5-6822-434e-b530-24137c30c623: Sackin index -0.1367; 19.0 s; peak memory 1125 MiB.
2026-10-04T19:56:02Z INFO [387/750] 32b433f9-0855-4d21-8078-63a35644712c: Sackin index -0.1288; 1.0 s; peak memory 1125 MiB.
2026-10-04T19:56:03Z INFO [388/750] 32b4c98e-9eb1-4cd8-ab32-28c5fcfc10e7: Sackin index -0.1349; 0.8 s; peak memory 1125 MiB.
2026-10-04T19:56:04Z INFO [389/750] 32b4d122-7bb0-4481-b0da-54cde5ca985a: Sackin index -0.1349; 0.9 s; peak memory 1125 MiB.
2026-10-04T19:56:05Z INFO [390/750] 32b51a6a-9ec4-4162-81ac-db44c061ca20: Sackin index -0.1349; 0.9 s; peak memory 1125 MiB.
2026-10-04T19:56:11Z INFO [391/750] 32b5f639-e4b5-40c1-9ee6-40bdc4640e25: Sackin index -0.0940; 6.4 s; peak memory 1125 MiB.
2026-10-04T19:59:18Z INFO [392/750] 32b71c3e-ab62-4160-b204-c92a9828ede5: Sackin index -0.0269; 186.7 s; peak memory 1125 MiB.
2026-10-04T19:59:19Z INFO [393/750] 32b7a0e8-bc75-4b63-92e9-e7b631f0941d: Sackin index -0.1349; 0.9 s; peak memory 1125 MiB.
2026-10-04T19:59:20Z INFO [394/750] 32b7e20f-06b3-4a00-a6fe-c2373028148e: Sackin index -0.1349; 0.9 s; peak memory 1125 MiB.
2026-10-04T19:59:21Z INFO [395/750] 32b86953-0b27-45c0-932b-60e0d99ff0cd: Sackin index -0.1349; 1.0 s; peak memory 1125 MiB.
2026-10-04T19:59:22Z INFO [396/750] 32b86d36-f364-4df0-aaf8-8ad58d1b3ea9: Sackin index -0.0728; 1.3 s; peak memory 1125 MiB.
2026-10-04T19:59:27Z INFO [397/750] 32b871a7-ee2f-4264-80c0-9009837456d2: Sackin index -0.0403; 5.0 s; peak memory 1125 MiB.
2026-10-04T19:59:28Z INFO [398/750] 32b8c425-abfb-44e4-91b6-7e050f7686c5: Sackin index -0.0709; 1.1 s; peak memory 1125 MiB.
2026-10-04T19:59:29Z INFO [399/750] 32b8df61-0bfa-4419-a15f-bcdfdd5af5d2: Sackin index -0.1349; 0.9 s; peak memory 1125 MiB.
2026-10-04T19:59:30Z INFO [400/750] 32b95f63-379c-47ea-94b2-6c30115cdefc: Sackin index -0.1938; 0.9 s; peak memory 1125 MiB.
2026-10-04T19:59:30Z INFO [400/750] 32b95f63-379c-47ea-94b2-6c30115cdefc: checkpointed 71486 records.
2026-10-04T19:59:35Z INFO [401/750] 32b96aa8-8078-453e-a199-df36a91f8ed1: Sackin index -0.0407; 4.4 s; peak memory 1125 MiB.
2026-10-04T19:59:37Z INFO [402/750] 32b9c4c2-c8c5-4986-91ef-89cf4a31acc2: Sackin index -0.0731; 2.5 s; peak memory 1125 MiB.
2026-10-04T19:59:38Z INFO [403/750] 32b9dc2e-7fd9-4df5-9419-7e3e3a44e4fb: Sackin index -0.1938; 0.8 s; peak memory 1125 MiB.
2026-10-04T19:59:39Z INFO [404/750] 32bb839f-859d-4438-8c03-b22ecaeea474: Sackin index -0.1349; 0.9 s; peak memory 1125 MiB.
2026-10-04T19:59:40Z INFO [405/750] 32bb9b65-c5cc-405d-a362-b82511174391: Sackin index -0.1349; 0.8 s; peak memory 1125 MiB.
2026-10-04T19:59:41Z INFO [406/750] 32bbbea0-88a8-40ab-bdb8-088efe7e6d50: Sackin index -0.0702; 1.1 s; peak memory 1125 MiB.
2026-10-04T19:59:41Z INFO [407/750] 32bd5447-37ef-42bc-93dd-c5b83699215a: Sackin index -0.0689; 0.7 s; peak memory 1125 MiB.
2026-10-04T19:59:43Z INFO [408/750] 32be05fb-6392-4442-9ef2-fa91638d3660: Sackin index -0.0696; 1.2 s; peak memory 1125 MiB.
2026-10-04T19:59:44Z INFO [409/750] 32be49f8-a919-44cd-8f08-64d5e62fddc9: Sackin index -0.1233; 1.3 s; peak memory 1125 MiB.
2026-10-04T19:59:45Z INFO [410/750] 32bf1637-87e4-4e59-b38b-56ab62d38a27: Sackin index -0.1658; 0.7 s; peak memory 1125 MiB.
2026-10-04T19:59:45Z INFO [411/750] 32bf20a8-cf56-47df-ae6e-584e1aff9ea3: Sackin index -0.0707; 0.9 s; peak memory 1125 MiB.
2026-10-04T19:59:49Z INFO [412/750] 32bf3756-a1bc-4ac5-bf0f-0e799de7078e: Sackin index -0.0251; 3.8 s; peak memory 1125 MiB.
2026-10-04T19:59:51Z INFO [413/750] 32bf3a74-e560-42c7-8365-11e5889a34b6: Sackin index -0.1194; 1.3 s; peak memory 1125 MiB.
2026-10-04T19:59:52Z INFO [414/750] 32bf74ba-0cc2-43b4-9f26-9b388b94df01: Sackin index -0.0375; 1.1 s; peak memory 1125 MiB.
2026-10-04T19:59:53Z INFO [415/750] 32bfab24-9d4d-4db9-9a92-b5ee53c9a74d: Sackin index -0.0379; 1.2 s; peak memory 1125 MiB.
2026-10-04T19:59:54Z INFO [416/750] 32bfda20-9c7d-4f73-b981-b4e018b5511f: Sackin index -0.0696; 1.0 s; peak memory 1125 MiB.
2026-10-04T19:59:55Z INFO [417/750] 32c04669-a54d-4b54-80cb-9884ec98d20c: Sackin index -0.0709; 1.1 s; peak memory 1125 MiB.
2026-10-04T20:01:17Z INFO [418/750] 32c056e1-2ec6-494c-8e3c-93e520775570: Sackin index -0.1003; 81.8 s; peak memory 1125 MiB.
2026-10-04T20:03:00Z INFO [419/750] 32c09a7b-de90-494e-a54a-2d6faebb7a8c: Sackin index -0.0434; 103.2 s; peak memory 1125 MiB.
2026-10-04T20:03:01Z INFO [420/750] 32c09b46-1b05-4fd0-bf19-74d2df8908ed: Sackin index -0.0379; 1.4 s; peak memory 1125 MiB.
2026-10-04T20:03:02Z INFO [421/750] 32c0bc03-03db-46d5-b533-8a0b711c136b: Sackin index -0.1349; 1.1 s; peak memory 1125 MiB.
2026-10-04T20:03:03Z INFO [422/750] 32c0fb4d-7af3-4cd4-9963-fed47a4e03cb: Sackin index -0.1349; 1.0 s; peak memory 1125 MiB.
2026-10-04T20:03:20Z INFO [423/750] 32c1335b-ae4c-478b-87a6-6438964b97da: Sackin index -0.1367; 17.1 s; peak memory 1125 MiB.
2026-10-04T20:03:22Z INFO [424/750] 32c1d0de-8f8a-496c-bebc-f4f409c5400f: Sackin index -0.0699; 1.7 s; peak memory 1125 MiB.
2026-10-04T20:03:23Z INFO [425/750] 32c2ab31-33f8-4ee2-851b-bc851561391c: Sackin index -0.0709; 1.2 s; peak memory 1125 MiB.
2026-10-04T20:03:24Z INFO [426/750] 32c4518a-04a2-464b-b5d8-9bc80b35c974: Sackin index -0.0375; 1.1 s; peak memory 1125 MiB.
2026-10-04T20:03:25Z INFO [427/750] 32c4704e-84b8-4c73-8133-01abb4cdd39a: Sackin index -0.1191; 0.7 s; peak memory 1125 MiB.
2026-10-04T20:04:36Z INFO [428/750] 32c472eb-940c-43db-8170-1573e617a624: Sackin index -0.0794; 70.9 s; peak memory 1125 MiB.
2026-10-04T20:04:48Z INFO [429/750] 32c47377-6514-40f9-b599-925a18ea9041: Sackin index -0.0162; 11.7 s; peak memory 1125 MiB.
2026-10-04T20:04:53Z INFO [430/750] 32c4a7ec-9df0-42fc-a516-f32d521b0eb7: Sackin index -0.0149; 5.7 s; peak memory 1125 MiB.
2026-10-04T20:04:54Z INFO [431/750] 32c61d25-1888-4bab-9e20-0a0636438acd: Sackin index -0.1349; 1.0 s; peak memory 1125 MiB.
2026-10-04T20:04:56Z INFO [432/750] 32c6c01a-5c40-4470-bbfd-7e6e1600ec8e: Sackin index -0.0728; 1.3 s; peak memory 1125 MiB.
2026-10-04T20:04:56Z INFO [433/750] 32c6ca5f-679b-4c7d-b1c1-8af45aba9c1d: Sackin index -0.1349; 0.8 s; peak memory 1125 MiB.
2026-10-04T20:04:57Z INFO [434/750] 32c6caaa-264f-46ed-861d-86cced5d023a: Sackin index -0.1178; 0.7 s; peak memory 1125 MiB.
2026-10-04T20:04:59Z INFO [435/750] 32c6d769-5cd1-439f-8c4f-e4b0231e5f41: Sackin index -0.0358; 1.9 s; peak memory 1125 MiB.
2026-10-04T20:05:00Z INFO [436/750] 32c7c2da-ef69-4d4b-a394-9fc692b1f506: Sackin index -0.0702; 1.1 s; peak memory 1125 MiB.
2026-10-04T20:05:01Z INFO [437/750] 32c7cc82-af61-48c8-928f-d5cdd78f0491: Sackin index -0.1349; 0.8 s; peak memory 1125 MiB.
2026-10-04T20:05:03Z INFO [438/750] 32c7cf63-7b14-4364-b6f5-3ec7e074d723: Sackin index -0.0693; 2.3 s; peak memory 1125 MiB.
2026-10-04T20:05:04Z INFO [439/750] 32c7dc52-1867-4418-8703-280d291d2d2d: Sackin index -0.1191; 1.0 s; peak memory 1125 MiB.
2026-10-04T20:05:05Z INFO [440/750] 32c835fa-db89-49de-a76c-4951b61bd0d3: Sackin index -0.1349; 0.9 s; peak memory 1125 MiB.
2026-10-04T20:05:06Z INFO [441/750] 32c88e65-eda7-4389-aaa8-e8d7052c8610: Sackin index -0.0728; 0.9 s; peak memory 1125 MiB.
2026-10-04T20:05:07Z INFO [442/750] 32c9cd5b-2289-4dec-8b95-c2cd824a9e92: Sackin index -0.2110; 0.8 s; peak memory 1125 MiB.
2026-10-04T20:05:08Z INFO [443/750] 32ca3f29-6715-4fe1-8c0e-2054791265e9: Sackin index -0.1248; 1.0 s; peak memory 1125 MiB.
2026-10-04T20:05:14Z INFO [444/750] 32ca857d-8960-4bb2-81ff-aaff7948723c: Sackin index -0.0420; 6.4 s; peak memory 1125 MiB.
2026-10-04T20:05:15Z INFO [445/750] 32cbaa33-f755-4e56-a1e5-1761280b6529: Sackin index -0.1349; 1.0 s; peak memory 1125 MiB.
2026-10-04T20:05:16Z INFO [446/750] 32cc389d-b284-4f36-8518-63b16e7cedf1: Sackin index -0.1356; 0.8 s; peak memory 1125 MiB.
2026-10-04T20:05:17Z INFO [447/750] 32cce52e-ac90-4d12-b716-16a367a710d2: Sackin index -0.0881; 1.0 s; peak memory 1125 MiB.
2026-10-04T20:05:25Z INFO [448/750] 32cd6466-bbd5-4ee4-9af4-a5e9742b358b: Sackin index -0.0170; 8.1 s; peak memory 1125 MiB.
2026-10-04T20:05:26Z INFO [449/750] 32cd7338-43a5-4db5-8b05-9b2b46fc642c: Sackin index -0.1248; 0.9 s; peak memory 1125 MiB.
2026-10-04T20:05:27Z INFO [450/750] 32cdc0f8-5dc1-4a6b-b21b-061d630e0250: Sackin index -0.1349; 0.9 s; peak memory 1125 MiB.
2026-10-04T20:05:27Z INFO [450/750] 32cdc0f8-5dc1-4a6b-b21b-061d630e0250: checkpointed 71536 records.
2026-10-04T20:05:27Z INFO [451/750] 32cdfebf-62da-4533-a5d9-4087b27d86cd: Sackin index -0.1448; 0.6 s; peak memory 1125 MiB.
2026-10-04T20:05:28Z INFO [452/750] 32cf10db-ef69-4114-94f3-e2dbd18270c8: Sackin index -0.0696; 0.9 s; peak memory 1125 MiB.
2026-10-04T20:05:29Z INFO [453/750] 32cf51e3-7d3b-4a6f-87d6-4e67df48a4d6: Sackin index -0.1349; 0.9 s; peak memory 1125 MiB.
2026-10-04T20:05:30Z INFO [454/750] 32d01538-8a2c-4db8-989f-d6aa7b910243: Sackin index -0.0702; 0.8 s; peak memory 1125 MiB.
2026-10-04T20:05:31Z INFO [455/750] 32d05076-769e-4220-9bba-2ff6209d7d46: Sackin index -0.1349; 0.9 s; peak memory 1125 MiB.
2026-10-04T20:05:31Z INFO [456/750] 32d0c0db-e7c2-4321-a3b3-bda7087e22d4: Sackin index -0.2000; 0.7 s; peak memory 1125 MiB.
2026-10-04T20:05:33Z INFO [457/750] 32d0ea92-9523-4a71-ab9e-d02a1d00910b: Sackin index -0.0728; 1.5 s; peak memory 1125 MiB.
2026-10-04T20:05:34Z INFO [458/750] 32d11fe2-c167-45d6-b0d3-63ac2022c706: Sackin index -0.0703; 0.7 s; peak memory 1125 MiB.
2026-10-04T20:05:34Z INFO [459/750] 32d171c2-aac3-4c17-b9d9-65e72b2004b4: Sackin index -0.1135; 0.7 s; peak memory 1125 MiB.
2026-10-04T20:05:36Z INFO [460/750] 32d18dd9-9e6c-4aa4-8c07-538d11dd4e40: Sackin index -0.0379; 1.3 s; peak memory 1125 MiB.
2026-10-04T20:05:37Z INFO [461/750] 32d22e4b-608b-4362-97ed-4b42ead215a0: Sackin index -0.1210; 1.6 s; peak memory 1125 MiB.
2026-10-04T20:05:38Z INFO [462/750] 32d246f1-e644-45d1-a589-a43bf6d36cd7: Sackin index -0.0702; 1.0 s; peak memory 1125 MiB.
2026-10-04T20:05:40Z INFO [463/750] 32d30557-953b-4f05-a2a6-67c3c479ae90: Sackin index -0.1187; 1.6 s; peak memory 1125 MiB.
2026-10-04T20:05:41Z INFO [464/750] 32d406ad-b9ab-414e-aa53-97139894cacd: Sackin index -0.1349; 0.9 s; peak memory 1125 MiB.
2026-10-04T20:05:41Z INFO [465/750] 32d4076a-0a21-4203-86f6-7c60062d38ac: Sackin index -0.1349; 0.7 s; peak memory 1125 MiB.
2026-10-04T20:05:47Z INFO [466/750] 32d47576-abf9-4c71-b3df-872d05e2b2e1: Sackin index -0.0074; 5.7 s; peak memory 1125 MiB.
2026-10-04T20:05:48Z INFO [467/750] 32d49225-a0f2-4984-b192-fc3f2e4a6041: Sackin index -0.0728; 1.2 s; peak memory 1125 MiB.
2026-10-04T20:05:49Z INFO [468/750] 32d4a498-b1d7-4aee-8367-a22358a8d68e: Sackin index -0.1429; 1.1 s; peak memory 1125 MiB.
2026-10-04T20:05:50Z INFO [469/750] 32d58860-0025-4dd2-917d-b5fad945ae61: Sackin index -0.1282; 0.8 s; peak memory 1125 MiB.
2026-10-04T20:05:53Z INFO [470/750] 32d5feae-cb02-45fc-a1ea-25ba3f659098: Sackin index -0.0869; 2.6 s; peak memory 1125 MiB.
2026-10-04T20:05:55Z INFO [471/750] 32d6c0dd-40c1-4158-8059-ca34449d42a6: Sackin index -0.0693; 2.2 s; peak memory 1125 MiB.
2026-10-04T20:06:03Z INFO [472/750] 32d73d0e-a470-4d29-b895-c4cf077d8b06: Sackin index -0.0288; 7.6 s; peak memory 1125 MiB.
2026-10-04T20:06:04Z INFO [473/750] 32d75427-dbfa-41b9-8f47-9aa9633efa69: Sackin index -0.0728; 1.5 s; peak memory 1125 MiB.
2026-10-04T20:06:05Z INFO [474/750] 32d8dcbe-969c-4809-a626-7cb0e86e2ed8: Sackin index -0.1194; 1.2 s; peak memory 1125 MiB.
2026-10-04T20:06:07Z INFO [475/750] 32da849c-be99-46e4-870d-24260a221439: Sackin index -0.0728; 1.4 s; peak memory 1125 MiB.
2026-10-04T20:06:08Z INFO [476/750] 32dae7ae-2c4f-43b7-8a81-0c4fdecf1a88: Sackin index -0.0375; 1.3 s; peak memory 1125 MiB.
2026-10-04T20:06:13Z INFO [477/750] 32db10fd-b165-4ded-bc93-b82c20a5247c: Sackin index -0.0252; 5.4 s; peak memory 1125 MiB.
2026-10-04T20:06:14Z INFO [478/750] 32dc2522-fc51-40e0-a703-102360ebf3fb: Sackin index -0.0702; 0.9 s; peak memory 1125 MiB.
2026-10-04T20:06:15Z INFO [479/750] 32dd0694-8f0e-4d4f-aefa-7facf18b369b: Sackin index -0.1349; 0.8 s; peak memory 1125 MiB.
2026-10-04T20:06:16Z INFO [480/750] 32dd6294-d53c-4768-a468-840798e5742f: Sackin index -0.1349; 0.9 s; peak memory 1125 MiB.
2026-10-04T20:06:17Z INFO [481/750] 32defe3a-0fd8-455a-a595-3eb682252cfc: Sackin index -0.1349; 0.9 s; peak memory 1125 MiB.
2026-10-04T20:06:18Z INFO [482/750] 32df2a5c-739a-477c-b73c-8c71a4bd4332: Sackin index -0.0369; 1.2 s; peak memory 1125 MiB.
2026-10-04T20:06:19Z INFO [483/750] 32df2ff5-cdb7-4a4f-9438-05a1e65cb7ca: Sackin index -0.1000; 0.9 s; peak memory 1125 MiB.
2026-10-04T20:06:21Z INFO [484/750] 32dfb06d-2430-40f5-9b6e-bd4c33b0628d: Sackin index -0.0369; 1.7 s; peak memory 1125 MiB.
2026-10-04T20:06:24Z INFO [485/750] 32dfb176-ee09-4617-90e8-d835cf127924: Sackin index -0.0411; 3.8 s; peak memory 1125 MiB.
2026-10-04T20:06:26Z INFO [486/750] 32e007ba-4fa2-4586-adab-a222ca20bd80: Sackin index -0.1273; 1.2 s; peak memory 1125 MiB.
2026-10-04T20:06:27Z INFO [487/750] 32e0f81c-5592-4936-b4b2-232e2a8d12cf: Sackin index -0.1331; 0.9 s; peak memory 1125 MiB.
2026-10-04T20:06:28Z INFO [488/750] 32e298f6-2d27-4f89-82b8-f7eb236e9c04: Sackin index -0.0702; 1.1 s; peak memory 1125 MiB.
2026-10-04T20:06:29Z INFO [489/750] 32e3f250-88a5-415f-a667-3907da6b7f38: Sackin index -0.1349; 0.9 s; peak memory 1125 MiB.
2026-10-04T20:06:29Z INFO [490/750] 32e485f4-9307-491f-8ba2-1bd0c112227c: Sackin index -0.1331; 0.8 s; peak memory 1125 MiB.
2026-10-04T20:06:30Z INFO [491/750] 32e4bf4d-065a-4714-b382-c31d161a2f9b: Sackin index -0.1878; 0.9 s; peak memory 1125 MiB.
2026-10-04T20:06:34Z INFO [492/750] 32e504c2-74a3-40ac-a14c-b08e01a3e793: Sackin index -0.0250; 3.7 s; peak memory 1125 MiB.
2026-10-04T20:06:36Z INFO [493/750] 32e5b414-0ab1-42ca-bf06-fbd32ec0241d: Sackin index -0.1096; 1.6 s; peak memory 1125 MiB.
2026-10-04T20:06:37Z INFO [494/750] 32e638cf-b9c6-4a64-82c2-886cfa7a4db6: Sackin index -0.1349; 1.0 s; peak memory 1125 MiB.
2026-10-04T20:06:38Z INFO [495/750] 32e67187-73a2-4842-a3aa-3c52d670c24e: Sackin index -0.0689; 1.0 s; peak memory 1125 MiB.
2026-10-04T20:06:39Z INFO [496/750] 32e6892e-9781-48a9-937a-6d8afd772dfa: Sackin index -0.0696; 1.0 s; peak memory 1125 MiB.
2026-10-04T20:06:40Z INFO [497/750] 32e6c3df-6d4b-4bd8-98fd-eb2c988db94b: Sackin index -0.1291; 1.3 s; peak memory 1125 MiB.
2026-10-04T20:07:35Z INFO [498/750] 32e6d36c-b7dc-4e91-af59-7073696e6f68: Sackin index -0.0747; 55.0 s; peak memory 1125 MiB.
2026-10-04T20:07:37Z INFO [499/750] 32e6ddf3-e5d9-49d4-b08e-1d9e1f8bcfba: Sackin index -0.1938; 2.3 s; peak memory 1125 MiB.
2026-10-04T20:07:38Z INFO [500/750] 32e6f60c-2d6b-456c-8a0c-d091e3df781a: Sackin index -0.0709; 1.0 s; peak memory 1125 MiB.
2026-10-04T20:07:38Z INFO [500/750] 32e6f60c-2d6b-456c-8a0c-d091e3df781a: checkpointed 71586 records.
2026-10-04T20:07:45Z INFO [501/750] 32e7065d-afd7-4fd3-8f21-ec4006d544cf: Sackin index -0.1462; 6.7 s; peak memory 1125 MiB.
2026-10-04T20:07:46Z INFO [502/750] 32e75a1d-7d29-4383-a75c-2b008cb7f771: Sackin index -0.1716; 0.8 s; peak memory 1125 MiB.
2026-10-04T20:07:47Z INFO [503/750] 32e795ea-4d10-4af7-9c5f-2029c7ac3a80: Sackin index -0.1248; 0.9 s; peak memory 1125 MiB.
2026-10-04T20:07:48Z INFO [504/750] 32e7b44e-b247-483e-b874-dfaf1c5c2668: Sackin index -0.0702; 1.2 s; peak memory 1125 MiB.
2026-10-04T20:07:49Z INFO [505/750] 32e7ba29-0439-4acf-a5d0-efd8ef3b56ea: Sackin index -0.0752; 1.0 s; peak memory 1125 MiB.
2026-10-04T20:07:50Z INFO [506/750] 32e7e96a-cf17-42a7-9153-b6be8398a64d: Sackin index -0.1349; 1.0 s; peak memory 1125 MiB.
2026-10-04T20:07:51Z INFO [507/750] 32e80489-fbd8-4147-adda-cfe2e099c449: Sackin index -0.0277; 1.2 s; peak memory 1125 MiB.
2026-10-04T20:07:54Z INFO [508/750] 32e84e89-aaf4-4caf-9c7f-3221f95b55e2: Sackin index -0.0660; 2.3 s; peak memory 1125 MiB.
2026-10-04T20:07:54Z INFO [509/750] 32e86679-16a9-4b87-9a5c-550e5680d396: Sackin index -0.1349; 0.8 s; peak memory 1125 MiB.
2026-10-04T20:07:56Z INFO [510/750] 32e89fa4-329e-4bb3-b776-3b6e4c6dc5f8: Sackin index -0.0709; 1.2 s; peak memory 1125 MiB.
2026-10-04T20:07:57Z INFO [511/750] 32e9caff-a572-4a83-8464-ee217c930ce3: Sackin index -0.0569; 1.0 s; peak memory 1125 MiB.
2026-10-04T20:08:30Z INFO [512/750] 32ead04e-c032-45eb-8d2d-64cf011127ad: Sackin index -0.0506; 34.0 s; peak memory 1125 MiB.
2026-10-04T20:08:31Z INFO [513/750] 32eb04f1-67a4-4757-97d0-a28d369c5119: Sackin index -0.1361; 0.9 s; peak memory 1125 MiB.
2026-10-04T20:08:33Z INFO [514/750] 32ec01b4-c774-4578-85d1-cbbfb44e1a4f: Sackin index -0.0369; 1.7 s; peak memory 1125 MiB.
2026-10-04T20:10:24Z INFO [515/750] 32ec5ffd-e089-4ac7-a4ac-80a0cf367bb2: Sackin index -0.0573; 111.2 s; peak memory 1125 MiB.
2026-10-04T20:10:25Z INFO [516/750] 32ed19d4-e786-4612-aa6d-3d576fb01279: Sackin index -0.0728; 1.1 s; peak memory 1125 MiB.
2026-10-04T20:10:26Z INFO [517/750] 32ed79d8-5359-4977-b1fb-5f39fcd20f05: Sackin index -0.1239; 0.8 s; peak memory 1125 MiB.
2026-10-04T20:10:27Z INFO [518/750] 32ed7e3d-fde1-4578-b161-db3b2f28bd20: Sackin index -0.0728; 1.1 s; peak memory 1125 MiB.
2026-10-04T20:10:28Z INFO [519/750] 32edc530-f89c-436e-96ca-ef0159aca24e: Sackin index -0.1349; 0.8 s; peak memory 1125 MiB.
2026-10-04T20:10:37Z INFO [520/750] 32ede07f-312c-49a7-b77f-56458539116f: Sackin index -0.0160; 9.3 s; peak memory 1125 MiB.
2026-10-04T20:10:39Z INFO [521/750] 32ee30cd-21b8-4c91-bc49-2b85a500d897: Sackin index -0.1210; 1.4 s; peak memory 1125 MiB.
2026-10-04T20:10:40Z INFO [522/750] 32ee3714-15df-4bf1-9083-491da02d4b21: Sackin index -0.1349; 0.8 s; peak memory 1125 MiB.
2026-10-04T20:10:41Z INFO [523/750] 32ee4351-8393-4cf6-b50c-a5236e50be08: Sackin index -0.1082; 1.1 s; peak memory 1125 MiB.
2026-10-04T20:10:41Z INFO [524/750] 32ef2ef3-12fc-4d96-bae3-eeeef3d93a20: Sackin index -0.1612; 0.7 s; peak memory 1125 MiB.
2026-10-04T20:10:51Z INFO [525/750] 32f23686-007f-4eab-a618-d5ea115e36b5: Sackin index -0.0114; 10.1 s; peak memory 1125 MiB.
2026-10-04T20:10:52Z INFO [526/750] 32f33d64-6176-405f-be2a-f571a190cd5b: Sackin index -0.1612; 0.7 s; peak memory 1125 MiB.
2026-10-04T20:10:53Z INFO [527/750] 32f34b2b-460e-42d4-a18a-ff15be1083d5: Sackin index -0.1068; 0.9 s; peak memory 1125 MiB.
2026-10-04T20:10:54Z INFO [528/750] 32f3769d-76c7-4e72-8503-dc8a4e2155c6: Sackin index -0.1349; 0.8 s; peak memory 1125 MiB.
2026-10-04T20:10:55Z INFO [529/750] 32f4e9d2-402a-4440-8e54-ce68251c2907: Sackin index -0.1658; 0.7 s; peak memory 1125 MiB.
2026-10-04T20:10:56Z INFO [530/750] 32f554cc-f737-4681-accd-b2fb99956117: Sackin index -0.1201; 1.0 s; peak memory 1125 MiB.
2026-10-04T20:10:56Z INFO [531/750] 32f5990c-a5c0-4e04-9537-74459742c92d: Sackin index -0.1349; 0.9 s; peak memory 1125 MiB.
2026-10-04T20:10:57Z INFO [532/750] 32f5f685-f146-472d-88ff-191789bebea0: Sackin index -0.0728; 1.0 s; peak memory 1125 MiB.
2026-10-04T20:10:58Z INFO [533/750] 32f62ecd-0b03-416b-8705-a2870daf8d50: Sackin index -0.1349; 0.9 s; peak memory 1125 MiB.
2026-10-04T20:11:00Z INFO [534/750] 32f6a83a-bc6a-4a7d-9b7f-cb533b07e73a: Sackin index -0.0660; 1.9 s; peak memory 1125 MiB.
2026-10-04T20:11:06Z INFO [535/750] 32f6c04a-9de4-46bd-b875-8cca568b0a32: Sackin index -0.0017; 5.4 s; peak memory 1125 MiB.
2026-10-04T20:11:07Z INFO [536/750] 32f714b8-cc4a-4524-995e-5588d190be63: Sackin index -0.0702; 1.2 s; peak memory 1125 MiB.
2026-10-04T20:11:08Z INFO [537/750] 32f7d89b-c90b-4071-86a0-fecc5c09520d: Sackin index -0.1349; 0.9 s; peak memory 1125 MiB.
2026-10-04T20:11:09Z INFO [538/750] 32f7d9f4-344e-491e-9dfd-f8ed66a73e85: Sackin index -0.0728; 1.1 s; peak memory 1125 MiB.
2026-10-04T20:11:10Z INFO [539/750] 32f92d07-f565-4788-af5a-907cf38ba769: Sackin index -0.1248; 1.0 s; peak memory 1125 MiB.
2026-10-04T20:11:11Z INFO [540/750] 32fa63a6-9d2f-44ab-9dbc-d6006beab79c: Sackin index -0.1349; 0.9 s; peak memory 1125 MiB.
2026-10-04T20:11:12Z INFO [541/750] 32fa9ecd-1bb7-4bbe-b7e6-118dfc8ade02: Sackin index -0.0728; 1.1 s; peak memory 1125 MiB.
2026-10-04T20:11:13Z INFO [542/750] 32fb325e-65cc-49fc-8a63-12b5f5aec93d: Sackin index -0.0626; 1.3 s; peak memory 1125 MiB.
2026-10-04T20:11:15Z INFO [543/750] 32fb4c68-3427-4941-a08c-50e6816572fb: Sackin index -0.0350; 2.1 s; peak memory 1125 MiB.
2026-10-04T20:11:16Z INFO [544/750] 32fb63cb-c8a4-495f-9efe-32c8799fdcdd: Sackin index -0.1349; 0.9 s; peak memory 1125 MiB.
2026-10-04T20:11:17Z INFO [545/750] 32fdaa63-9c90-40b5-8199-bf2dd2ff547a: Sackin index -0.0702; 1.0 s; peak memory 1125 MiB.
2026-10-04T20:11:18Z INFO [546/750] 32fdc4e2-75b2-4abb-8fde-483b305ea7b5: Sackin index -0.0720; 0.8 s; peak memory 1125 MiB.
2026-10-04T20:11:19Z INFO [547/750] 32fdd448-2a98-4a48-a0f9-6e0204cc91d8: Sackin index -0.0696; 0.9 s; peak memory 1125 MiB.
2026-10-04T20:11:19Z INFO [548/750] 32ff575f-92fe-489c-b2e7-4c70c13c20be: Sackin index -0.1178; 0.6 s; peak memory 1125 MiB.
2026-10-04T20:11:25Z INFO [549/750] 32ff7792-bf60-4618-bbd6-6ff26e75565a: Sackin index -0.0385; 5.6 s; peak memory 1125 MiB.
2026-10-04T20:11:26Z INFO [550/750] 32ffb454-6210-4355-a923-40fde3a00bdb: Sackin index -0.1349; 0.8 s; peak memory 1125 MiB.
2026-10-04T20:11:26Z INFO [550/750] 32ffb454-6210-4355-a923-40fde3a00bdb: checkpointed 71636 records.
2026-10-04T20:11:27Z INFO [551/750] 32ffb4c0-a61e-4478-b7dd-49253f0403c2: Sackin index -0.1349; 0.9 s; peak memory 1125 MiB.
2026-10-04T20:11:32Z INFO [552/750] 32ffca0e-2db7-4c72-9c15-10f923f38a84: Sackin index -0.0403; 5.1 s; peak memory 1125 MiB.
2026-10-04T20:11:53Z INFO [553/750] 3301a474-625a-49ab-8c98-57ffe48895cc: Sackin index -0.0022; 20.9 s; peak memory 1125 MiB.
2026-10-04T20:11:54Z INFO [554/750] 3301ab4a-5770-447a-86ee-f651ad23d4d0: Sackin index -0.0745; 1.4 s; peak memory 1125 MiB.
2026-10-04T20:11:55Z INFO [555/750] 3302e590-293a-4e99-ae60-aab7feba3934: Sackin index -0.0746; 1.2 s; peak memory 1125 MiB.
2026-10-04T20:11:56Z INFO [556/750] 3302e78f-7717-48b2-b71a-8c482eebfd66: Sackin index -0.1349; 0.9 s; peak memory 1125 MiB.
2026-10-04T20:11:57Z INFO [557/750] 33039157-464a-4e20-b044-f503e4d57232: Sackin index -0.1191; 0.7 s; peak memory 1125 MiB.
2026-10-04T20:11:58Z INFO [558/750] 33044161-cdda-41ae-b2a8-cb3f74e18667: Sackin index -0.1248; 0.9 s; peak memory 1125 MiB.
2026-10-04T20:12:41Z INFO [559/750] 330672c3-9a14-455a-a6bd-88f3332f5327: Sackin index -0.0152; 43.6 s; peak memory 1125 MiB.
2026-10-04T20:12:42Z INFO [560/750] 3307a6bc-2dd7-46eb-a92d-565cf461bde7: Sackin index -0.1349; 0.9 s; peak memory 1125 MiB.
2026-10-04T20:12:43Z INFO [561/750] 3307e3ff-f23d-4911-840f-7557c0754f16: Sackin index -0.1178; 0.8 s; peak memory 1125 MiB.
2026-10-04T20:12:44Z INFO [562/750] 3307e57e-c8bd-4b81-ba9d-f585e1e4a09d: Sackin index -0.1178; 0.7 s; peak memory 1125 MiB.
2026-10-04T20:12:45Z INFO [563/750] 3307f47a-3622-4dae-85df-92e6b40bddc4: Sackin index -0.1319; 0.8 s; peak memory 1125 MiB.
2026-10-04T20:12:53Z INFO [564/750] 33095958-5432-462d-bd88-acc482e2351c: Sackin index -0.0159; 8.4 s; peak memory 1125 MiB.
2026-10-04T20:12:54Z INFO [565/750] 33098255-e8cc-43cc-ae83-2c4ff38fee1b: Sackin index -0.0732; 1.2 s; peak memory 1125 MiB.
2026-10-04T20:12:56Z INFO [566/750] 3309acd8-b522-4341-8f95-d784bfa80b8d: Sackin index -0.0275; 1.3 s; peak memory 1125 MiB.
2026-10-04T20:13:01Z INFO [567/750] 3309c5b9-5970-4a72-8d7b-861b00c583ec: Sackin index -0.1310; 5.9 s; peak memory 1125 MiB.
2026-10-04T20:14:44Z INFO [568/750] 330a3649-add2-4892-a459-5bb87ec5cba2: Sackin index -0.0286; 102.1 s; peak memory 1125 MiB.
2026-10-04T20:14:46Z INFO [569/750] 330a82e0-2269-470d-ab61-21896b266ee8: Sackin index -0.0660; 2.7 s; peak memory 1125 MiB.
2026-10-04T20:14:49Z INFO [570/750] 330a8a37-e10e-42d0-a260-904e5837a2e9: Sackin index -0.0660; 2.3 s; peak memory 1125 MiB.
2026-10-04T20:14:50Z INFO [571/750] 330bb076-abe7-4410-b478-b1824f615278: Sackin index -0.0369; 1.1 s; peak memory 1125 MiB.
2026-10-04T20:14:50Z INFO [572/750] 330ccb2a-4796-4b26-844a-c1fd02d7d23e: Sackin index -0.1120; 0.7 s; peak memory 1125 MiB.
2026-10-04T20:14:51Z INFO [573/750] 330d3eaa-c188-4fb0-8f0b-a3b336447b48: Sackin index -0.1248; 0.9 s; peak memory 1125 MiB.
2026-10-04T20:14:53Z INFO [574/750] 330e0183-83c2-4ac7-8014-7ff5a8b08287: Sackin index -0.0375; 1.3 s; peak memory 1125 MiB.
2026-10-04T20:14:55Z INFO [575/750] 330e329c-5a8e-4531-bda6-56b25335a570: Sackin index -0.0660; 2.3 s; peak memory 1125 MiB.
2026-10-04T20:15:00Z INFO [576/750] 330e3c9e-b292-4dd7-b5f4-eb77098b3759: Sackin index -0.0476; 4.9 s; peak memory 1125 MiB.
2026-10-04T20:15:01Z INFO [577/750] 330f30fd-dcfd-4fd8-b210-80e49d9b9d4e: Sackin index -0.0702; 1.0 s; peak memory 1125 MiB.
2026-10-04T20:15:02Z INFO [578/750] 33112970-ee64-4639-942b-7f03c26e45ef: Sackin index -0.0371; 1.0 s; peak memory 1125 MiB.
2026-10-04T20:15:07Z INFO [579/750] 3311828a-9331-4bba-be0b-76b6eef6eb95: Sackin index -0.0413; 5.7 s; peak memory 1125 MiB.
2026-10-04T20:15:09Z INFO [580/750] 331340d0-abad-4879-a7b7-b95d089fffac: Sackin index -0.1349; 1.1 s; peak memory 1125 MiB.
2026-10-04T20:17:43Z INFO [581/750] 3313519c-785a-433c-be2e-333196750323: Sackin index -0.0563; 154.5 s; peak memory 1125 MiB.
2026-10-04T20:17:45Z INFO [582/750] 3314c581-991e-4868-93c2-28c9f7db1f79: Sackin index -0.0699; 2.0 s; peak memory 1125 MiB.
2026-10-04T20:17:50Z INFO [583/750] 331562d2-fb99-425d-a8e0-1ff35624165e: Sackin index -0.0415; 5.2 s; peak memory 1125 MiB.
2026-10-04T20:17:51Z INFO [584/750] 3315ba2e-57ad-44f5-8032-f0ecfd71e2b3: Sackin index -0.1349; 0.8 s; peak memory 1125 MiB.
2026-10-04T20:17:52Z INFO [585/750] 3316053b-058a-4ca2-aa70-284f328bf2ed: Sackin index -0.0379; 1.3 s; peak memory 1125 MiB.
2026-10-04T20:17:53Z INFO [586/750] 331673ec-9b89-4186-977c-cb5b4306bbdc: Sackin index -0.1178; 0.8 s; peak memory 1125 MiB.
2026-10-04T20:17:55Z INFO [587/750] 3317549f-762c-4891-bca7-0bc3827bdc8a: Sackin index -0.0704; 2.0 s; peak memory 1125 MiB.
2026-10-04T20:17:56Z INFO [588/750] 3317d46a-253a-4ace-b687-1542cc578b5f: Sackin index -0.1349; 0.9 s; peak memory 1125 MiB.
2026-10-04T20:17:57Z INFO [589/750] 3317fd36-ba61-4d44-9abf-1f50aed49c05: Sackin index -0.1349; 0.9 s; peak memory 1125 MiB.
2026-10-04T20:17:58Z INFO [590/750] 3317fd82-e7f3-4cdf-9ba0-5e1e0168c1be: Sackin index -0.0702; 1.1 s; peak memory 1125 MiB.
2026-10-04T20:17:59Z INFO [591/750] 33187b55-93e7-4561-a179-5fe0fc0aeee8: Sackin index -0.1349; 0.8 s; peak memory 1125 MiB.
2026-10-04T20:18:00Z INFO [592/750] 33189243-498b-447b-bc40-2aeb7c7a113f: Sackin index -0.1191; 0.7 s; peak memory 1125 MiB.
2026-10-04T20:18:07Z INFO [593/750] 33190e4d-190e-4ed8-9bdd-195c9dbf9094: Sackin index -0.0017; 7.1 s; peak memory 1125 MiB.
2026-10-04T20:18:09Z INFO [594/750] 331a3ab3-adf6-4274-a83a-0aef1c32e4e3: Sackin index -0.0660; 2.5 s; peak memory 1125 MiB.
2026-10-04T20:18:10Z INFO [595/750] 331a7b40-870e-4ea9-8c46-c61e46283329: Sackin index -0.1015; 1.0 s; peak memory 1125 MiB.
2026-10-04T20:18:19Z INFO [596/750] 331b380e-18f6-44a2-afbd-b6fd3f0f0e3f: Sackin index -0.0141; 8.5 s; peak memory 1125 MiB.
2026-10-04T20:18:20Z INFO [597/750] 331b937f-1c4d-4d63-8580-8e4b3ccfa8e5: Sackin index -0.1349; 1.0 s; peak memory 1125 MiB.
2026-10-04T20:18:20Z INFO [598/750] 331c34b5-6978-42ed-8950-e873582472f9: Sackin index -0.1319; 0.8 s; peak memory 1125 MiB.
2026-10-04T20:18:21Z INFO [599/750] 331c58d5-43e3-46d7-823d-9a52edb760ed: Sackin index -0.1349; 0.9 s; peak memory 1125 MiB.
2026-10-04T20:18:22Z INFO [600/750] 331c67c3-f5f6-4270-b556-8634c719609b: Sackin index -0.0702; 1.0 s; peak memory 1125 MiB.
2026-10-04T20:18:22Z INFO [600/750] 331c67c3-f5f6-4270-b556-8634c719609b: checkpointed 71686 records.
2026-10-04T20:18:24Z INFO [601/750] 331d2d62-76a9-4a7b-8e6c-3323e4de002b: Sackin index -0.0738; 1.3 s; peak memory 1125 MiB.
2026-10-04T20:18:25Z INFO [602/750] 331dde0d-30d4-4998-81e9-f7c66e578ac0: Sackin index -0.1201; 1.0 s; peak memory 1125 MiB.
2026-10-04T20:18:27Z INFO [603/750] 331e1d7f-a082-405e-9eeb-78f109d53563: Sackin index -0.1938; 1.9 s; peak memory 1125 MiB.
2026-10-04T20:18:28Z INFO [604/750] 331e3c07-a081-4b05-b556-cba188fd9f76: Sackin index -0.0745; 1.1 s; peak memory 1125 MiB.
2026-10-04T20:18:31Z INFO [605/750] 331e5560-cb8f-44f5-8776-be06ab623ae9: Sackin index -0.0240; 3.3 s; peak memory 1125 MiB.
2026-10-04T20:18:32Z INFO [606/750] 331e6761-60f7-4149-8989-b2a3bf8d54b8: Sackin index -0.0702; 1.2 s; peak memory 1125 MiB.
2026-10-04T20:18:33Z INFO [607/750] 331ee432-922b-40ad-961c-e17b762fe2a6: Sackin index -0.2147; 0.8 s; peak memory 1125 MiB.
2026-10-04T20:18:34Z INFO [608/750] 331f49a3-d212-4ef4-bb1f-b0937ff34d1a: Sackin index -0.1178; 0.7 s; peak memory 1125 MiB.
2026-10-04T20:18:34Z INFO [609/750] 331fc2ae-acce-4b60-8d44-bfeb19c5cfc5: Sackin index -0.0709; 0.8 s; peak memory 1125 MiB.
2026-10-04T20:18:35Z INFO [610/750] 332030b6-708b-4ed8-9c56-00661faa616a: Sackin index -0.1120; 0.7 s; peak memory 1125 MiB.
2026-10-04T20:18:36Z INFO [611/750] 3320b1a0-4d3b-4433-bd1e-db5f2662404c: Sackin index -0.1349; 0.8 s; peak memory 1125 MiB.
2026-10-04T20:18:37Z INFO [612/750] 3321b604-9f97-4718-a803-1c84dcdc224b: Sackin index -0.1349; 0.8 s; peak memory 1125 MiB.
2026-10-04T20:18:38Z INFO [613/750] 3321e268-d53b-4492-b3ae-a08579822e26: Sackin index -0.0369; 1.3 s; peak memory 1125 MiB.
2026-10-04T20:18:43Z INFO [614/750] 3322feb9-15b0-4626-a15c-8168c3750a08: Sackin index -0.0189; 5.1 s; peak memory 1125 MiB.
2026-10-04T20:18:44Z INFO [615/750] 33238fc8-a7ba-44dc-8e4b-f450fecdb3e0: Sackin index -0.1349; 0.8 s; peak memory 1125 MiB.
2026-10-04T20:18:45Z INFO [616/750] 33242a5b-5c95-451d-a9a7-3a860f3f70e1: Sackin index -0.0709; 1.0 s; peak memory 1125 MiB.
2026-10-04T20:18:46Z INFO [617/750] 332446cd-655a-4099-9f57-c51541f4e793: Sackin index -0.1741; 0.6 s; peak memory 1125 MiB.
2026-10-04T20:18:47Z INFO [618/750] 3324fe08-e794-4865-a106-55e97631bb3e: Sackin index -0.0326; 1.5 s; peak memory 1125 MiB.
2026-10-04T20:18:49Z INFO [619/750] 33255cdd-79e5-4efe-b6b5-3b6dc1b23451: Sackin index -0.0728; 1.3 s; peak memory 1125 MiB.
2026-10-04T20:18:49Z INFO [620/750] 332578b7-bbaf-474b-b4ef-68551738e6e1: Sackin index -0.1398; 0.6 s; peak memory 1125 MiB.
2026-10-04T20:18:50Z INFO [621/750] 3325d721-3faa-488e-bf04-9a262746de9d: Sackin index -0.1269; 1.2 s; peak memory 1125 MiB.
2026-10-04T20:18:52Z INFO [622/750] 33261757-1307-462a-8881-8689d758505d: Sackin index -0.0815; 1.2 s; peak memory 1125 MiB.
2026-10-04T20:18:53Z INFO [623/750] 33266a58-4c97-46be-abee-f0d5af54f6e4: Sackin index -0.1349; 0.9 s; peak memory 1125 MiB.
2026-10-04T20:18:53Z INFO [624/750] 33267662-10e8-49e6-8377-6b916a8072b3: Sackin index -0.1349; 0.9 s; peak memory 1125 MiB.
2026-10-04T20:18:54Z INFO [625/750] 3327b8fa-af3e-425d-86f0-88246c6d644b: Sackin index -0.1349; 0.9 s; peak memory 1125 MiB.
2026-10-04T20:18:55Z INFO [626/750] 3328cf85-f42e-4038-a61d-5aeadc8b5dd4: Sackin index -0.0569; 1.0 s; peak memory 1125 MiB.
2026-10-04T20:19:02Z INFO [627/750] 332ad206-e09c-47f5-b082-5b78e89501f4: Sackin index -0.0134; 6.6 s; peak memory 1125 MiB.
2026-10-04T20:19:13Z INFO [628/750] 332b2a15-7503-4f1a-b515-0b610132cc95: Sackin index -0.0171; 10.9 s; peak memory 1125 MiB.
2026-10-04T20:19:14Z INFO [629/750] 332bcc1b-50af-4eb9-b6b6-5e0f6a293daf: Sackin index -0.1291; 1.3 s; peak memory 1125 MiB.
2026-10-04T20:19:15Z INFO [630/750] 332c2e1a-1ea1-46fc-9b6c-ac5e707ec294: Sackin index -0.1349; 0.9 s; peak memory 1125 MiB.
2026-10-04T20:19:17Z INFO [631/750] 332c8e36-5e70-4bae-a8f6-f5e81b223d01: Sackin index -0.0660; 2.3 s; peak memory 1125 MiB.
2026-10-04T20:19:19Z INFO [632/750] 332d4292-689d-492f-825a-6371e60d299d: Sackin index -0.0745; 1.7 s; peak memory 1125 MiB.
2026-10-04T20:19:20Z INFO [633/750] 332d7908-64ba-44c1-a43a-8e9e4dba95a1: Sackin index -0.0735; 1.4 s; peak memory 1125 MiB.
2026-10-04T20:19:31Z INFO [634/750] 332d8451-c19e-4a08-b083-d697874515c2: Sackin index -0.0123; 10.9 s; peak memory 1125 MiB.
2026-10-04T20:19:32Z INFO [635/750] 332f04d2-2b0d-4bc0-a384-efd753fd9759: Sackin index -0.0696; 1.0 s; peak memory 1125 MiB.
2026-10-04T20:19:34Z INFO [636/750] 332f1f9a-5a35-4910-8fd7-d0d281f56cc4: Sackin index -0.1000; 1.3 s; peak memory 1125 MiB.
2026-10-04T20:19:35Z INFO [637/750] 332fefec-d795-4f68-a1a6-1cb84d2fd914: Sackin index -0.0728; 1.2 s; peak memory 1125 MiB.
2026-10-04T20:19:37Z INFO [638/750] 33309838-6153-4638-ae72-d3ad495f9a33: Sackin index -0.0699; 1.9 s; peak memory 1125 MiB.
2026-10-04T20:19:38Z INFO [639/750] 3330b4ec-e950-473e-918a-0cc9f0684190: Sackin index -0.1273; 1.2 s; peak memory 1125 MiB.
2026-10-04T20:19:39Z INFO [640/750] 3330fa45-cfae-4dbe-8355-01fa807cc0e9: Sackin index -0.1120; 0.7 s; peak memory 1125 MiB.
2026-10-04T20:19:41Z INFO [641/750] 33311d34-cb14-4676-8df4-0bef31972313: Sackin index -0.0246; 1.9 s; peak memory 1125 MiB.
2026-10-04T20:19:42Z INFO [642/750] 333159f2-0130-40e9-9919-ef8e8ad925d3: Sackin index -0.1331; 0.9 s; peak memory 1125 MiB.
2026-10-04T20:19:47Z INFO [643/750] 3331fa73-2740-45d7-822f-094e03f702c5: Sackin index -0.0217; 6.0 s; peak memory 1125 MiB.
2026-10-04T20:19:49Z INFO [644/750] 33325004-9718-4f08-8a71-2ecc9512276c: Sackin index -0.1224; 1.8 s; peak memory 1125 MiB.
2026-10-04T20:19:51Z INFO [645/750] 3332c36d-338a-4676-9700-8d72e443a242: Sackin index -0.0745; 1.4 s; peak memory 1125 MiB.
2026-10-04T20:19:52Z INFO [646/750] 3332d0c6-f92c-457d-a7b0-12d7fb209269: Sackin index -0.1349; 0.8 s; peak memory 1125 MiB.
2026-10-04T20:19:53Z INFO [647/750] 3333138c-e795-46e2-920f-dcd398b545ce: Sackin index -0.1243; 1.6 s; peak memory 1125 MiB.
2026-10-04T20:19:54Z INFO [648/750] 3334deb1-311a-44a9-a067-a435d29758c1: Sackin index -0.1349; 0.8 s; peak memory 1125 MiB.
2026-10-04T20:19:55Z INFO [649/750] 333599ee-67cf-4daa-961a-8aa4c40c4d79: Sackin index -0.1349; 0.8 s; peak memory 1125 MiB.
2026-10-04T20:19:56Z INFO [650/750] 3335dc3b-cb6b-4173-945d-17a6d23fa6a3: Sackin index -0.1248; 0.9 s; peak memory 1125 MiB.
2026-10-04T20:19:56Z INFO [650/750] 3335dc3b-cb6b-4173-945d-17a6d23fa6a3: checkpointed 71736 records.
2026-10-04T20:19:57Z INFO [651/750] 3336391e-a21b-4f68-b87e-dcd2dce0c0fa: Sackin index -0.1349; 0.8 s; peak memory 1125 MiB.
2026-10-04T20:19:58Z INFO [652/750] 333644e9-f9fe-4ad3-b5fc-70a4e6d5180a: Sackin index -0.1349; 1.0 s; peak memory 1125 MiB.
2026-10-04T20:19:59Z INFO [653/750] 33370a8f-c7e6-4a2e-b495-efb378a0f8ba: Sackin index -0.0714; 1.3 s; peak memory 1125 MiB.
2026-10-04T20:20:14Z INFO [654/750] 33372a08-1052-485e-b4e4-100990a2d673: Sackin index -0.1938; 14.9 s; peak memory 1125 MiB.
2026-10-04T20:20:22Z INFO [655/750] 33384923-db51-4e2e-88b4-f3263a1fbc8b: Sackin index -0.0132; 7.9 s; peak memory 1125 MiB.
2026-10-04T20:20:23Z INFO [656/750] 33389654-6f39-441f-8129-7c3008348ec0: Sackin index -0.0272; 1.5 s; peak memory 1125 MiB.
2026-10-04T20:20:24Z INFO [657/750] 33392cc1-fe11-4839-9742-92cb9baae2fa: Sackin index -0.1345; 0.8 s; peak memory 1125 MiB.
2026-10-04T20:20:25Z INFO [658/750] 3339cea3-4d33-4846-948c-da666193e5fd: Sackin index -0.0569; 1.4 s; peak memory 1125 MiB.
2026-10-04T20:20:26Z INFO [659/750] 333a091c-6c70-4914-b333-c5a1b3d59d15: Sackin index -0.2073; 0.7 s; peak memory 1125 MiB.
2026-10-04T20:20:27Z INFO [660/750] 333a25ae-fc4b-45eb-b5e2-d9eab84fdbdd: Sackin index -0.1000; 1.1 s; peak memory 1125 MiB.
2026-10-04T20:21:15Z INFO [661/750] 333b1151-406a-4874-93d8-20aa884348e9: Sackin index -0.0025; 48.1 s; peak memory 1125 MiB.
2026-10-04T20:21:28Z INFO [662/750] 333c8d75-d142-4fc3-8e18-5a1883392792: Sackin index -0.0146; 13.2 s; peak memory 1125 MiB.
2026-10-04T20:21:29Z INFO [663/750] 333de735-171f-4f1e-bf75-6654544cc07f: Sackin index -0.1402; 1.1 s; peak memory 1125 MiB.
2026-10-04T20:21:30Z INFO [664/750] 333e1202-23e3-42dd-b15d-79b4f3c9b32a: Sackin index -0.1349; 0.9 s; peak memory 1125 MiB.
2026-10-04T20:21:32Z INFO [665/750] 33400f6b-de1c-4429-b0ba-bbdbd482eae7: Sackin index -0.1019; 1.3 s; peak memory 1125 MiB.
2026-10-04T20:21:33Z INFO [666/750] 33402f00-9261-416a-ac15-78ccac21b7c6: Sackin index -0.0276; 1.4 s; peak memory 1125 MiB.
2026-10-04T20:21:34Z INFO [667/750] 33415b98-a25a-4c2c-8978-bdfcce083668: Sackin index -0.0709; 0.9 s; peak memory 1125 MiB.
2026-10-04T20:21:35Z INFO [668/750] 3341d2f2-ab68-45de-9661-ea526f930260: Sackin index -0.0748; 0.7 s; peak memory 1125 MiB.
2026-10-04T20:21:36Z INFO [669/750] 3341df9c-8288-4d79-b907-d1dc30980432: Sackin index -0.0696; 1.3 s; peak memory 1125 MiB.
2026-10-04T20:21:37Z INFO [670/750] 3341e197-a70d-4835-a52f-6cf40f65227b: Sackin index -0.1349; 0.8 s; peak memory 1125 MiB.
2026-10-04T20:21:38Z INFO [671/750] 334245b9-78ce-49f1-aa10-5e80899f57ec: Sackin index -0.0379; 1.4 s; peak memory 1125 MiB.
2026-10-04T20:21:39Z INFO [672/750] 334332fc-a6cf-43ec-8cab-65dfda6e4fcb: Sackin index -0.1938; 0.7 s; peak memory 1125 MiB.
2026-10-04T20:21:40Z INFO [673/750] 3343b13d-5dc5-42d3-a6d3-13a534e4ec5d: Sackin index -0.0384; 1.0 s; peak memory 1125 MiB.
2026-10-04T20:21:41Z INFO [674/750] 33447eae-05d3-4dd7-bb6d-52a7356c8cd2: Sackin index -0.1319; 0.8 s; peak memory 1125 MiB.
2026-10-04T20:21:42Z INFO [675/750] 33448f1c-0c86-4649-b956-ca129c5f1e91: Sackin index -0.1356; 1.1 s; peak memory 1125 MiB.
2026-10-04T20:21:47Z INFO [676/750] 33460937-5c10-4b5c-96dd-6865333c9b5f: Sackin index -0.0940; 5.5 s; peak memory 1125 MiB.
2026-10-04T20:21:48Z INFO [677/750] 33467c5c-ad5c-4845-8039-51ccf2c9a3eb: Sackin index -0.1349; 1.0 s; peak memory 1125 MiB.
2026-10-04T20:21:50Z INFO [678/750] 3346b22b-6fd2-469d-be79-25d87a33ea4b: Sackin index -0.0376; 1.2 s; peak memory 1125 MiB.
2026-10-04T20:21:50Z INFO [679/750] 33473046-054b-4658-bb6d-5be52bcc4b53: Sackin index -0.1658; 0.8 s; peak memory 1125 MiB.
2026-10-04T20:21:55Z INFO [680/750] 334752d7-ef55-4d76-b6aa-ca7ef72eb0da: Sackin index -0.0476; 5.0 s; peak memory 1125 MiB.
2026-10-04T20:21:56Z INFO [681/750] 3347ec1d-00a0-4566-aa3a-e67b603716e2: Sackin index -0.0728; 0.9 s; peak memory 1125 MiB.
2026-10-04T20:21:57Z INFO [682/750] 33495ceb-1a49-4446-bb4a-87e09aeb5fc5: Sackin index -0.1349; 0.9 s; peak memory 1125 MiB.
2026-10-04T20:21:58Z INFO [683/750] 3349bdcc-1829-4e5e-acc6-5742d3a5ee5c: Sackin index -0.1349; 0.9 s; peak memory 1125 MiB.
2026-10-04T20:22:02Z INFO [684/750] 3349bfed-8aa5-44fb-bc35-b9a32c94e38a: Sackin index -0.0258; 4.3 s; peak memory 1125 MiB.
2026-10-04T20:22:04Z INFO [685/750] 334a6a00-6a00-4e09-8eb2-4ba57b194076: Sackin index -0.0766; 1.4 s; peak memory 1125 MiB.
2026-10-04T20:22:07Z INFO [686/750] 334a805e-815b-4ddf-80cd-f51d02b8aff1: Sackin index -0.0557; 2.9 s; peak memory 1125 MiB.
2026-10-04T20:22:08Z INFO [687/750] 334ab35d-33d1-4f0b-a6a7-06652922d9be: Sackin index -0.0702; 0.9 s; peak memory 1125 MiB.
2026-10-04T20:22:09Z INFO [688/750] 334b3c99-5197-44c9-9315-3e25394f1a8b: Sackin index -0.1248; 1.1 s; peak memory 1125 MiB.
2026-10-04T20:22:09Z INFO [689/750] 334b72b4-0cff-43a5-8a6f-abe955f581ad: Sackin index -0.1349; 0.8 s; peak memory 1125 MiB.
2026-10-04T20:22:10Z INFO [690/750] 334c3df9-ae39-47b7-8073-ef79acd87c6e: Sackin index -0.1658; 0.7 s; peak memory 1125 MiB.
2026-10-04T20:22:11Z INFO [691/750] 334c4495-ecef-4b7e-ae84-90b54d73c72a: Sackin index -0.0702; 0.9 s; peak memory 1125 MiB.
2026-10-04T20:22:12Z INFO [692/750] 334c7641-bba0-4b0b-94a1-d19525167786: Sackin index -0.1331; 0.9 s; peak memory 1125 MiB.
2026-10-04T20:22:13Z INFO [693/750] 334d69be-4b50-4593-b194-411083a1af45: Sackin index -0.1349; 0.9 s; peak memory 1125 MiB.
2026-10-04T20:22:14Z INFO [694/750] 334de31e-1f89-42fa-b616-3872b7eb0de3: Sackin index -0.1349; 1.0 s; peak memory 1125 MiB.
2026-10-04T20:22:19Z INFO [695/750] 334e8e30-8066-43e0-a47f-71526ecd88b5: Sackin index -0.0512; 4.7 s; peak memory 1125 MiB.
2026-10-04T20:22:23Z INFO [696/750] 334eabf7-a945-48cf-a6e5-0aa8da17c7ec: Sackin index -0.0261; 4.5 s; peak memory 1125 MiB.
2026-10-04T20:34:37Z INFO [697/750] 334fb5be-7ef2-454f-850d-01693a901e16: Sackin index -0.0277; 734.0 s; peak memory 1183 MiB.
2026-10-04T20:34:38Z INFO [698/750] 33514d02-46bc-43f1-84a1-1e532d5eb0d5: Sackin index -0.1191; 0.7 s; peak memory 1183 MiB.
2026-10-04T20:34:46Z INFO [699/750] 33523d7f-f0cc-4509-b43e-e11e381e13f8: Sackin index -0.0198; 8.5 s; peak memory 1183 MiB.
2026-10-04T20:34:47Z INFO [700/750] 335240e8-43dd-4e79-868a-c7862f067a62: Sackin index -0.0696; 1.0 s; peak memory 1183 MiB.
2026-10-04T20:34:47Z INFO [700/750] 335240e8-43dd-4e79-868a-c7862f067a62: checkpointed 71786 records.
2026-10-04T20:36:03Z INFO [701/750] 33524400-e70e-4f8d-9129-194814a090e5: Sackin index -0.0016; 75.9 s; peak memory 1183 MiB.
2026-10-04T20:36:05Z INFO [702/750] 33540595-f626-40fc-83b2-8f9e0d501ada: Sackin index -0.1293; 1.6 s; peak memory 1183 MiB.
2026-10-04T20:36:34Z INFO [703/750] 335a2a58-2b41-4aad-9db4-68284768041a: Sackin index -0.2073; 28.7 s; peak memory 1183 MiB.
2026-10-04T20:36:35Z INFO [704/750] 335a5ca7-e8ed-44a7-bb47-159dd62ad5de: Sackin index -0.0728; 1.2 s; peak memory 1183 MiB.
2026-10-04T20:36:36Z INFO [705/750] 335b20df-b710-4982-8e4b-4d8bdc5ce510: Sackin index -0.0434; 1.5 s; peak memory 1183 MiB.
2026-10-04T20:36:38Z INFO [706/750] 335b5b11-f6c8-4ed5-9348-fde7f300c0a5: Sackin index -0.0886; 2.0 s; peak memory 1183 MiB.
2026-10-04T20:36:39Z INFO [707/750] 335bc5b8-2255-4752-a8e9-3f762bbbbc76: Sackin index -0.1349; 1.0 s; peak memory 1183 MiB.
2026-10-04T20:36:42Z INFO [708/750] 335c41f5-1b8d-4192-9020-ac0e8138ac43: Sackin index -0.0686; 2.5 s; peak memory 1183 MiB.
2026-10-04T20:36:44Z INFO [709/750] 335c740a-9ea4-4737-b1fb-ab9951926160: Sackin index -0.0978; 1.9 s; peak memory 1183 MiB.
2026-10-04T20:36:45Z INFO [710/750] 335c822c-e46d-4589-8ce7-3b6ad77f75b7: Sackin index -0.1349; 0.8 s; peak memory 1183 MiB.
2026-10-04T20:36:49Z INFO [711/750] 335d48b8-b2df-4ff5-a71f-79243a831d34: Sackin index -0.0232; 4.2 s; peak memory 1183 MiB.
2026-10-04T20:36:50Z INFO [712/750] 335dabae-76fb-428f-a608-7036fe16423a: Sackin index -0.1448; 0.8 s; peak memory 1183 MiB.
2026-10-04T20:36:54Z INFO [713/750] 335db8cb-1348-4ad6-8869-35909dac0473: Sackin index -0.0763; 4.8 s; peak memory 1183 MiB.
2026-10-04T20:36:55Z INFO [714/750] 335e5c40-71fc-4c23-abfe-81e06ca30cd4: Sackin index -0.1349; 0.9 s; peak memory 1183 MiB.
2026-10-04T20:36:57Z INFO [715/750] 335e8b4a-3c66-43ba-a9c0-bc3996ca7322: Sackin index -0.0686; 2.1 s; peak memory 1183 MiB.
2026-10-04T20:36:58Z INFO [716/750] 335ec4a6-518f-4747-b6da-da91003a464e: Sackin index -0.1015; 1.0 s; peak memory 1183 MiB.
2026-10-04T20:36:59Z INFO [717/750] 335f491a-8237-40b9-bda2-062bd52912ff: Sackin index -0.0702; 1.0 s; peak memory 1183 MiB.
2026-10-04T20:37:00Z INFO [718/750] 335f5a81-004f-46ce-a0d9-541dd9e4a51a: Sackin index -0.0385; 0.9 s; peak memory 1183 MiB.
2026-10-04T20:37:01Z INFO [719/750] 335f64d8-0fdd-48bc-9226-b71c747e310c: Sackin index -0.1349; 0.9 s; peak memory 1183 MiB.
2026-10-04T20:37:02Z INFO [720/750] 335f8b92-9f74-425a-a3df-5e8874b25cd9: Sackin index -0.0702; 1.0 s; peak memory 1183 MiB.
2026-10-04T20:37:03Z INFO [721/750] 335fb365-58e8-40ac-893f-c64900e8aca4: Sackin index -0.0375; 1.2 s; peak memory 1183 MiB.
2026-10-04T20:37:05Z INFO [722/750] 33602599-78e5-405d-8e6e-af0222a89f10: Sackin index -0.0745; 1.1 s; peak memory 1183 MiB.
2026-10-04T20:37:06Z INFO [723/750] 336085d8-c5a5-48b1-994c-90081904d17d: Sackin index -0.0702; 1.0 s; peak memory 1183 MiB.
2026-10-04T20:37:10Z INFO [724/750] 3360a655-3abf-4ab7-bd74-a196949cdc18: Sackin index -0.0614; 4.3 s; peak memory 1183 MiB.
2026-10-04T20:37:11Z INFO [725/750] 336100c1-d654-4a63-ad75-78080be72bb4: Sackin index -0.0369; 1.3 s; peak memory 1183 MiB.
2026-10-04T20:37:12Z INFO [726/750] 336183a3-32b0-4fad-a6d5-79ef82d26082: Sackin index -0.1161; 0.7 s; peak memory 1183 MiB.
2026-10-04T20:37:13Z INFO [727/750] 33629b01-ce7b-494b-baeb-44d462bfd3d2: Sackin index -0.0811; 0.9 s; peak memory 1183 MiB.
2026-10-04T20:37:14Z INFO [728/750] 3363830c-c7f1-40ee-ba6b-e432498e8e31: Sackin index -0.0384; 1.0 s; peak memory 1183 MiB.
2026-10-04T20:37:36Z INFO [729/750] 33639604-388d-40dd-9d89-4baefdce5df3: Sackin index -0.0141; 22.2 s; peak memory 1183 MiB.
2026-10-04T20:37:37Z INFO [730/750] 33642823-6aa2-4814-8e40-a0684e598d08: Sackin index -0.0881; 1.2 s; peak memory 1183 MiB.
2026-10-04T20:37:38Z INFO [731/750] 336469ad-d27d-498f-bc7b-71038b65d702: Sackin index -0.1349; 0.8 s; peak memory 1183 MiB.
2026-10-04T20:37:39Z INFO [732/750] 33659f78-9c12-4cdd-8d12-0031e8bfe7df: Sackin index -0.1349; 0.9 s; peak memory 1183 MiB.
2026-10-04T20:37:40Z INFO [733/750] 3365b432-3522-4007-a88a-2aece69ca043: Sackin index -0.1602; 0.7 s; peak memory 1183 MiB.
2026-10-04T20:37:43Z INFO [734/750] 3365e00b-4709-49c6-8d1d-700d52eb36cf: Sackin index -0.1761; 3.3 s; peak memory 1183 MiB.
2026-10-04T20:37:44Z INFO [735/750] 33661426-47f8-469a-80e1-04168b3abef8: Sackin index -0.0738; 1.5 s; peak memory 1183 MiB.
2026-10-04T20:37:50Z INFO [736/750] 3366e4d7-0799-4ade-9b2d-182c3dcec057: Sackin index -0.0153; 5.7 s; peak memory 1183 MiB.
2026-10-04T20:37:52Z INFO [737/750] 3366f77b-29ea-4d65-b7e2-f25303a10a5c: Sackin index -0.0728; 1.4 s; peak memory 1183 MiB.
2026-10-04T20:37:53Z INFO [738/750] 3367ddf4-2268-4c2c-8412-8f91ac71f882: Sackin index -0.0382; 1.4 s; peak memory 1183 MiB.
2026-10-04T20:37:54Z INFO [739/750] 3368033b-2c0b-43ca-9220-e4826b1b3d0f: Sackin index -0.1349; 0.9 s; peak memory 1183 MiB.
2026-10-04T20:37:59Z INFO [740/750] 3369ae32-92a2-425d-b209-40d47ce9d43b: Sackin index -0.0184; 5.5 s; peak memory 1183 MiB.
2026-10-04T20:38:01Z INFO [741/750] 3369d7a5-6f3f-4fb6-ba71-fe000ccb0396: Sackin index -0.1243; 1.4 s; peak memory 1183 MiB.
2026-10-04T20:38:03Z INFO [742/750] 336a0994-db00-4ec8-8d6a-e10426958283: Sackin index -0.0704; 1.9 s; peak memory 1183 MiB.
2026-10-04T20:38:03Z INFO [743/750] 336a1996-b01f-4aed-93de-0a25ae3bec61: Sackin index -0.1466; 0.7 s; peak memory 1183 MiB.
2026-10-04T20:38:04Z INFO [744/750] 336a2b40-ba1f-4c68-8ea8-1761cfa9c911: Sackin index -0.0387; 0.9 s; peak memory 1183 MiB.
2026-10-04T20:38:05Z INFO [745/750] 336c21dd-4423-45aa-811f-bf7eee147b2b: Sackin index -0.0728; 1.0 s; peak memory 1183 MiB.
2026-10-04T20:38:06Z INFO [746/750] 336c52ea-5f70-4900-ac62-17c1651c6086: Sackin index -0.1349; 0.9 s; peak memory 1183 MiB.
2026-10-04T20:41:35Z INFO [747/750] 336c533f-4769-4bcc-8974-e2d3891efbd8: Sackin index -0.0286; 208.9 s; peak memory 1183 MiB.
2026-10-04T20:41:42Z INFO [748/750] 336c86d0-c0d8-470d-8f63-c7c69dd71319: Sackin index -0.1310; 7.2 s; peak memory 1183 MiB.
2026-10-04T20:41:49Z INFO [749/750] 336d55a6-e873-4e49-ad4f-cac435813e1f: Sackin index -0.0178; 6.9 s; peak memory 1183 MiB.
2026-10-04T20:41:50Z INFO [750/750] 336d68ac-331c-43ae-aec3-836ffe7f917a: Sackin index -0.0707; 0.6 s; peak memory 1183 MiB.
2026-10-04T20:41:50Z INFO [750/750] 336d68ac-331c-43ae-aec3-836ffe7f917a: checkpointed 71836 records.
2026-10-04T20:41:50Z INFO Wrote 71836 records to /tmp/derivatives/valid_nwb_file_to_sackin_index.jsonl (750 new, 0 failed) in 118.3 min (peak memory 1183 MiB).
