2026-09-22T16:21:02Z INFO Logging to /tmp/logs/update_2026-09-22T16-21-02Z.log.
2026-09-22T16:21:02Z INFO Update valid-nwb-file-to-sackin-index (base directory /tmp).
2026-09-22T16:21:02Z INFO Processing 361 items (53594 already recorded).
2026-09-22T16:21:04Z INFO [1/361] 0dfbbab6-a701-4304-a196-e8af11373e1d: Sackin index -0.0709; 2.1 s; peak memory 102 MiB.
2026-09-22T16:21:06Z INFO [2/361] 0dfc6d30-dd3a-4de1-82c6-3f917664e855: Sackin index -0.1256; 1.3 s; peak memory 103 MiB.
2026-09-22T16:21:07Z INFO [3/361] 0dfc9567-0208-4af4-bd90-108b348863bb: Sackin index -0.1349; 1.4 s; peak memory 103 MiB.
2026-09-22T16:21:09Z INFO [4/361] 0dfd2a95-9a95-4941-8684-1664ffedadcd: Sackin index -0.1349; 1.3 s; peak memory 103 MiB.
2026-09-22T16:21:10Z INFO [5/361] 0dfd4ec6-3f62-44c9-91d8-ee7e9fb3722f: Sackin index -0.0709; 1.6 s; peak memory 104 MiB.
2026-09-22T16:21:14Z INFO [6/361] 0dfdd626-a164-43e1-82d8-aa8eebb5e3da: Sackin index -0.0677; 3.3 s; peak memory 107 MiB.
2026-09-22T16:21:15Z INFO [7/361] 0dff0e09-a3ee-4ab0-afb1-b7efa116da4f: Sackin index -0.1349; 1.5 s; peak memory 107 MiB.
2026-09-22T16:21:22Z INFO [8/361] 0dff2672-52fc-43fc-b846-fca99233671d: Sackin index -0.0435; 7.2 s; peak memory 109 MiB.
2026-09-22T16:21:26Z INFO [9/361] 0dffd61f-28ef-4627-bdfa-9516385df17c: Sackin index -0.1224; 3.3 s; peak memory 109 MiB.
2026-09-22T16:23:43Z INFO [10/361] 0e002fb4-26b9-4da1-9c2b-70aba576a206: Sackin index -0.0493; 137.0 s; peak memory 261 MiB.
2026-09-22T16:23:44Z INFO [11/361] 0e00a33e-28b5-4cf5-9f6c-7d82d2faad75: Sackin index -0.0702; 1.7 s; peak memory 261 MiB.
2026-09-22T16:24:07Z INFO [12/361] 0e013792-e6d6-4b92-b76d-7a54cc42fa7c: Sackin index -0.0133; 23.2 s; peak memory 261 MiB.
2026-09-22T16:24:09Z INFO [13/361] 0e016850-d300-4b93-9420-ecc381981878: Sackin index -0.0702; 1.7 s; peak memory 261 MiB.
2026-09-22T16:24:28Z INFO [14/361] 0e020ee0-2643-4a7b-80f9-00796fd7c5a7: Sackin index -0.0249; 19.1 s; peak memory 261 MiB.
2026-09-22T16:24:30Z INFO [15/361] 0e025aa2-692e-4c29-859f-1e0f0bc08782: Sackin index -0.0656; 1.4 s; peak memory 261 MiB.
2026-09-22T16:24:32Z INFO [16/361] 0e02853c-f55e-4b44-ab1f-7758241f803b: Sackin index -0.1938; 2.1 s; peak memory 261 MiB.
2026-09-22T16:24:48Z INFO [17/361] 0e02b4d8-abb3-46ea-a66e-aebbf8ec0d72: Sackin index -0.0182; 16.0 s; peak memory 261 MiB.
2026-09-22T16:24:53Z INFO [18/361] 0e02cc7e-d69d-4bcd-b218-d7ac59e51780: Sackin index -0.0761; 4.8 s; peak memory 261 MiB.
2026-09-22T16:24:54Z INFO [19/361] 0e02e327-d699-4492-8534-80b045c408a8: Sackin index -0.0709; 1.8 s; peak memory 261 MiB.
2026-09-22T16:24:55Z INFO [20/361] 0e032bfe-6070-47ae-a525-a0d14262a518: Sackin index -0.1178; 1.1 s; peak memory 261 MiB.
2026-09-22T16:24:56Z INFO [21/361] 0e044d8e-9c15-4295-a88a-5f08bc00f4e0: Sackin index -0.1658; 1.0 s; peak memory 261 MiB.
2026-09-22T16:24:58Z INFO [22/361] 0e04d6ca-3021-4181-b9ec-4e163e105803: Sackin index -0.1578; 1.4 s; peak memory 261 MiB.
2026-09-22T16:25:00Z INFO [23/361] 0e058586-55ff-4495-8903-8aa1ad8cdc82: Sackin index -0.0702; 1.7 s; peak memory 261 MiB.
2026-09-22T16:25:01Z INFO [24/361] 0e05a5c3-875d-4939-aa8d-bf7344f26142: Sackin index -0.1658; 1.1 s; peak memory 261 MiB.
2026-09-22T16:25:03Z INFO [25/361] 0e0616da-73bc-4ef9-9dd3-d9ee285baff1: Sackin index -0.0275; 2.1 s; peak memory 261 MiB.
2026-09-22T16:25:05Z INFO [26/361] 0e061ac6-e2b8-4066-acf4-e49250589dc1: Sackin index -0.1273; 1.8 s; peak memory 261 MiB.
2026-09-22T16:25:09Z INFO [27/361] 0e063671-c15e-4d55-b98a-48f58e4c1083: Sackin index -0.0533; 4.3 s; peak memory 261 MiB.
2026-09-22T16:25:11Z INFO [28/361] 0e06a8a0-5433-453a-a6fe-1e05bc011e22: Sackin index -0.0369; 2.1 s; peak memory 261 MiB.
2026-09-22T16:25:12Z INFO [29/361] 0e06aa4a-ac2d-47ce-90a0-5d8a34b37ef0: Sackin index -0.1178; 1.3 s; peak memory 261 MiB.
2026-09-22T16:25:25Z INFO [30/361] 0e082ce4-a1aa-466b-a850-6748ffbb0939: Sackin index -0.0175; 12.7 s; peak memory 261 MiB.
2026-09-22T16:25:26Z INFO [31/361] 0e08f047-5738-4d14-ac62-4a95ffdf80d6: Sackin index -0.1349; 1.4 s; peak memory 261 MiB.
2026-09-22T16:25:28Z INFO [32/361] 0e095f05-e118-44dd-bc41-1da5327855db: Sackin index -0.1509; 1.4 s; peak memory 261 MiB.
2026-09-22T16:25:29Z INFO [33/361] 0e0a4944-fe8e-4a56-9d1c-c7ad256091a6: Sackin index -0.1239; 1.3 s; peak memory 261 MiB.
2026-09-22T16:25:31Z INFO [34/361] 0e0b8227-1c6f-457b-896c-b4a875b433bb: Sackin index -0.0386; 1.8 s; peak memory 261 MiB.
2026-09-22T16:25:32Z INFO [35/361] 0e0c6bb4-d18b-4828-b503-9b608b4afb0a: Sackin index -0.1658; 1.1 s; peak memory 261 MiB.
2026-09-22T16:25:33Z INFO [36/361] 0e0c71cc-657c-43fc-97ef-348d96667a69: Sackin index -0.1448; 1.0 s; peak memory 261 MiB.
2026-09-22T16:25:34Z INFO [37/361] 0e0d718f-7653-4f1f-b636-effd9a3e4f4b: Sackin index -0.1349; 1.4 s; peak memory 261 MiB.
2026-09-22T16:25:36Z INFO [38/361] 0e0e2223-607b-49dc-8545-3c66a6cdc1f4: Sackin index -0.1349; 1.4 s; peak memory 261 MiB.
2026-09-22T16:25:37Z INFO [39/361] 0e0fbad0-c2a0-4ee1-b52f-606f7ee4fea6: Sackin index -0.0709; 1.6 s; peak memory 261 MiB.
2026-09-22T16:25:39Z INFO [40/361] 0e11226a-db61-4305-a104-2a808ea7e2ec: Sackin index -0.0369; 2.1 s; peak memory 261 MiB.
2026-09-22T16:25:42Z INFO [41/361] 0e12ea21-dda9-4298-ab20-880a93ce6e6b: Sackin index -0.1938; 2.9 s; peak memory 261 MiB.
2026-09-22T16:25:47Z INFO [42/361] 0e13bb95-e700-4946-906d-0b9091a3125c: Sackin index -0.1266; 4.2 s; peak memory 261 MiB.
2026-09-22T16:25:51Z INFO [43/361] 0e1413ff-070b-4e9e-a8b7-3f90229dd05c: Sackin index -0.0710; 4.0 s; peak memory 261 MiB.
2026-09-22T16:25:52Z INFO [44/361] 0e1517ca-b519-4825-ac14-0d0c1c5b7be4: Sackin index -0.1349; 1.4 s; peak memory 261 MiB.
2026-09-22T16:25:54Z INFO [45/361] 0e15456d-1355-41e8-8975-c72fae7f3346: Sackin index -0.0702; 1.9 s; peak memory 261 MiB.
2026-09-22T16:25:55Z INFO [46/361] 0e15e5df-e41d-4287-bdc3-65e267f6d507: Sackin index -0.1658; 1.4 s; peak memory 261 MiB.
2026-09-22T16:26:09Z INFO [47/361] 0e163890-3d8b-4567-80e1-41de136ea5c8: Sackin index -0.0146; 14.1 s; peak memory 261 MiB.
2026-09-22T16:26:14Z INFO [48/361] 0e165512-d789-47a8-ac43-5abb2888f513: Sackin index -0.0561; 4.7 s; peak memory 261 MiB.
2026-09-22T16:28:18Z INFO [49/361] 0e1834bb-c9a1-41a4-9a2d-1be568d1c336: Sackin index -0.0442; 123.8 s; peak memory 261 MiB.
2026-09-22T16:28:20Z INFO [50/361] 0e1843f3-df4f-40ec-9366-3b23a67f04cd: Sackin index -0.1210; 2.5 s; peak memory 261 MiB.
2026-09-22T16:28:20Z INFO [50/361] 0e1843f3-df4f-40ec-9366-3b23a67f04cd: checkpointed 53644 records.
2026-09-22T16:28:23Z INFO [51/361] 0e18ba97-f9c1-4b72-a6b8-9258423ad9a4: Sackin index -0.0272; 2.6 s; peak memory 261 MiB.
2026-09-22T16:28:24Z INFO [52/361] 0e1946e2-d951-4d8d-9a96-6b0d180e505a: Sackin index -0.1349; 1.5 s; peak memory 261 MiB.
2026-09-22T16:28:27Z INFO [53/361] 0e19fd34-45ec-48d6-886b-5726bf7beb94: Sackin index -0.0369; 2.3 s; peak memory 261 MiB.
2026-09-22T16:28:28Z INFO [54/361] 0e1a4ce8-e40e-4d53-a3eb-f15e0a48670c: Sackin index -0.1349; 1.5 s; peak memory 261 MiB.
2026-09-22T16:28:30Z INFO [55/361] 0e1a4ef3-4f06-4084-8624-a4ad02dd5305: Sackin index -0.1349; 1.4 s; peak memory 261 MiB.
2026-09-22T16:28:33Z INFO [56/361] 0e1ae94a-72e6-45f2-93d7-60955aa7ede1: Sackin index -0.0350; 3.0 s; peak memory 261 MiB.
2026-09-22T16:28:34Z INFO [57/361] 0e1af8e7-26d2-40c2-97cc-1364c6593cd5: Sackin index -0.1658; 1.1 s; peak memory 261 MiB.
2026-09-22T16:28:35Z INFO [58/361] 0e1b0ea7-ef37-48d7-a06c-dfee4de7dcf3: Sackin index -0.1349; 1.4 s; peak memory 261 MiB.
2026-09-22T16:28:37Z INFO [59/361] 0e1b2fd9-e9a0-4d8d-86f7-0ff8e4001455: Sackin index -0.1349; 1.4 s; peak memory 261 MiB.
2026-09-22T16:28:38Z INFO [60/361] 0e1be56f-efd4-4b77-af29-6c85c6799076: Sackin index -0.1349; 1.4 s; peak memory 261 MiB.
2026-09-22T16:28:42Z INFO [61/361] 0e1ceab5-8bae-430e-8561-b601683ac9f9: Sackin index -0.1562; 3.9 s; peak memory 261 MiB.
2026-09-22T16:28:48Z INFO [62/361] 0e1d604e-98d0-4bc7-9713-c1f5b7db4b89: Sackin index -0.0403; 6.5 s; peak memory 261 MiB.
2026-09-22T16:28:50Z INFO [63/361] 0e1d9cd9-373b-4fd2-a6a3-77a5b4295d68: Sackin index -0.1349; 1.4 s; peak memory 261 MiB.
2026-09-22T16:28:54Z INFO [64/361] 0e1da023-81ae-435c-8e0d-0a73842ff4f3: Sackin index -0.0660; 3.9 s; peak memory 261 MiB.
2026-09-22T16:28:57Z INFO [65/361] 0e1de8cd-e22a-4fb7-942e-8d00f55cb16a: Sackin index -0.0660; 3.5 s; peak memory 261 MiB.
2026-09-22T16:29:01Z INFO [66/361] 0e1ec4ab-5603-4773-820b-ca254131a7e9: Sackin index -0.0643; 3.6 s; peak memory 261 MiB.
2026-09-22T16:29:03Z INFO [67/361] 0e1ec7cd-e103-468c-90b1-449f0f4f72ed: Sackin index -0.0709; 1.7 s; peak memory 261 MiB.
2026-09-22T17:15:23Z INFO [68/361] 0e1f0418-4f62-4e7b-a51f-c9d88dd8f54a: Sackin index -0.1290; 2780.0 s; peak memory 1107 MiB.
2026-09-22T17:15:38Z INFO [69/361] 0e1f31ce-3011-4e34-a60e-233912423018: Sackin index -0.0173; 15.8 s; peak memory 1107 MiB.
2026-09-22T17:15:40Z INFO [70/361] 0e1fc108-521a-47e5-a705-d843866b2cae: Sackin index -0.2073; 1.3 s; peak memory 1107 MiB.
2026-09-22T17:15:41Z INFO [71/361] 0e207176-898c-46b1-9682-f5d519ed05e1: Sackin index -0.1349; 1.4 s; peak memory 1107 MiB.
2026-09-22T17:15:43Z INFO [72/361] 0e21701f-2965-467e-b662-976893032ef0: Sackin index -0.0728; 1.7 s; peak memory 1107 MiB.
2026-09-22T17:15:44Z INFO [73/361] 0e21a931-1f8c-40cc-97d4-3e271db76ec1: Sackin index -0.1704; 1.3 s; peak memory 1107 MiB.
2026-09-22T17:15:46Z INFO [74/361] 0e21fc4c-d56d-4216-a61c-330c8fa49eff: Sackin index -0.0702; 1.7 s; peak memory 1107 MiB.
2026-09-22T17:15:48Z INFO [75/361] 0e228d93-8cd4-4c74-886d-0b93813f7a61: Sackin index -0.1244; 2.1 s; peak memory 1107 MiB.
2026-09-22T17:15:55Z INFO [76/361] 0e23be08-a9e7-4279-a478-50bab6162455: Sackin index -0.0476; 6.7 s; peak memory 1107 MiB.
2026-09-22T17:16:13Z INFO [77/361] 0e25b857-dab3-4a70-9399-e2b0c862a587: Sackin index -0.1367; 17.9 s; peak memory 1107 MiB.
2026-09-22T17:16:14Z INFO [78/361] 0e2628e5-4b96-427f-ac0b-5919012e1067: Sackin index -0.1349; 1.3 s; peak memory 1107 MiB.
2026-09-22T17:16:15Z INFO [79/361] 0e270dec-86c9-42d0-8a32-fbbbd15d6fb3: Sackin index -0.1174; 1.3 s; peak memory 1107 MiB.
2026-09-22T17:16:17Z INFO [80/361] 0e2713be-02a2-4204-85d0-f3fe34570019: Sackin index -0.1248; 1.6 s; peak memory 1107 MiB.
2026-09-22T17:16:18Z INFO [81/361] 0e2751d0-14f1-43dc-9b03-2c9ac348ff9a: Sackin index -0.0376; 1.8 s; peak memory 1107 MiB.
2026-09-22T17:16:20Z INFO [82/361] 0e293450-cf97-4fd9-8905-7164e49acc08: Sackin index -0.1349; 1.4 s; peak memory 1107 MiB.
2026-09-22T17:17:15Z INFO [83/361] 0e299283-c8ba-467b-9bd3-ef6f8c3b190b: Sackin index -0.0021; 55.7 s; peak memory 1107 MiB.
2026-09-22T17:17:19Z INFO [84/361] 0e29fe43-f9b0-482a-857e-358d82643f2f: Sackin index -0.0699; 3.6 s; peak memory 1107 MiB.
2026-09-22T17:17:22Z INFO [85/361] 0e2a0565-a2ca-4c66-b586-86c3250411af: Sackin index -0.1002; 2.7 s; peak memory 1107 MiB.
2026-09-22T17:17:24Z INFO [86/361] 0e2c014c-2771-4ed7-8584-212bd04e7151: Sackin index -0.0709; 1.7 s; peak memory 1107 MiB.
2026-09-22T17:19:42Z INFO [87/361] 0e2c25ad-49b7-4abb-9216-d8a544c73a18: Sackin index -0.0288; 138.5 s; peak memory 1107 MiB.
2026-09-22T17:19:46Z INFO [88/361] 0e2d095c-6c7f-48bb-ab33-edf5c4bef6a2: Sackin index -0.0660; 3.9 s; peak memory 1107 MiB.
2026-09-22T17:19:48Z INFO [89/361] 0e2d197b-12d1-41fe-9a82-05bb68525fec: Sackin index -0.0696; 2.0 s; peak memory 1107 MiB.
2026-09-22T17:20:00Z INFO [90/361] 0e2d31f3-6042-4dec-afb6-a4b1723d94f5: Sackin index -0.0048; 12.3 s; peak memory 1107 MiB.
2026-09-22T17:20:02Z INFO [91/361] 0e2db5aa-27ff-4f2a-ba77-722fc1128b6d: Sackin index -0.0709; 1.7 s; peak memory 1107 MiB.
2026-09-22T17:20:21Z INFO [92/361] 0e2f35c6-3b48-4182-84ea-b6a0ad0deec0: Sackin index -0.1367; 18.7 s; peak memory 1107 MiB.
2026-09-22T17:20:22Z INFO [93/361] 0e2f36d0-0a52-4345-99b8-fc58f27c6357: Sackin index -0.1349; 1.5 s; peak memory 1107 MiB.
2026-09-22T17:20:24Z INFO [94/361] 0e2f4332-b947-4546-8ea1-c3e54390ac6a: Sackin index -0.1461; 1.4 s; peak memory 1107 MiB.
2026-09-22T17:20:30Z INFO [95/361] 0e2fca2e-d6eb-4f69-9c28-2a7e6488bb97: Sackin index -0.0226; 6.1 s; peak memory 1107 MiB.
2026-09-22T17:20:33Z INFO [96/361] 0e300ca4-4c2d-44e1-9182-803b1422c300: Sackin index -0.0704; 3.3 s; peak memory 1107 MiB.
2026-09-22T17:20:35Z INFO [97/361] 0e301423-c029-4006-b0a8-d4fd22a68dce: Sackin index -0.1349; 1.5 s; peak memory 1107 MiB.
2026-09-22T17:20:49Z INFO [98/361] 0e3189a0-6217-4e38-b5cd-11a4d8bc577f: Sackin index -0.0159; 14.0 s; peak memory 1107 MiB.
2026-09-22T17:20:53Z INFO [99/361] 0e326f0b-bcce-4532-8ddb-4d9242138807: Sackin index -0.0619; 4.1 s; peak memory 1107 MiB.
2026-09-22T17:20:54Z INFO [100/361] 0e338ba2-8695-444b-b8d1-4e2cae69760b: Sackin index -0.1349; 1.3 s; peak memory 1107 MiB.
2026-09-22T17:20:54Z INFO [100/361] 0e338ba2-8695-444b-b8d1-4e2cae69760b: checkpointed 53694 records.
2026-09-22T17:20:57Z INFO [101/361] 0e33cb7f-2a0b-44a8-94c8-cd41e1994039: Sackin index -0.0824; 2.6 s; peak memory 1107 MiB.
2026-09-22T17:21:20Z INFO [102/361] 0e3400b8-3f04-46c6-beae-5cb746f70a32: Sackin index -0.0094; 23.3 s; peak memory 1107 MiB.
2026-09-22T17:21:22Z INFO [103/361] 0e353be6-52ab-4061-9420-8cb0458c5807: Sackin index -0.0702; 1.6 s; peak memory 1107 MiB.
2026-09-22T17:21:23Z INFO [104/361] 0e366d55-5665-4eb6-8f98-528cf7ec3630: Sackin index -0.1349; 1.5 s; peak memory 1107 MiB.
2026-09-22T17:21:25Z INFO [105/361] 0e368c2a-018c-4be4-bd38-392732a91938: Sackin index -0.0413; 1.9 s; peak memory 1107 MiB.
2026-09-22T17:21:27Z INFO [106/361] 0e36dc69-b5fd-41b5-bb7a-d6110a02df19: Sackin index -0.1383; 1.8 s; peak memory 1107 MiB.
2026-09-22T17:21:28Z INFO [107/361] 0e375f5e-e330-47d3-85a9-8067374fdc51: Sackin index -0.1448; 1.2 s; peak memory 1107 MiB.
2026-09-22T17:21:29Z INFO [108/361] 0e37eb7c-7422-429d-8c00-59d982d786d6: Sackin index -0.1272; 1.2 s; peak memory 1107 MiB.
2026-09-22T17:21:31Z INFO [109/361] 0e37ff52-bf20-41bb-8e6f-eba0ffa73d23: Sackin index -0.1602; 1.8 s; peak memory 1107 MiB.
2026-09-22T17:21:54Z INFO [110/361] 0e38d7ad-9f72-4496-8237-6f17c954cf63: Sackin index -0.0178; 23.2 s; peak memory 1107 MiB.
2026-09-22T17:21:55Z INFO [111/361] 0e38ebeb-9718-4850-a4c6-53ecd9532cf5: Sackin index -0.1135; 1.2 s; peak memory 1107 MiB.
2026-09-22T17:21:57Z INFO [112/361] 0e3a00c8-588f-4ec8-a0eb-d9c71697d4d7: Sackin index -0.0702; 1.6 s; peak memory 1107 MiB.
2026-09-22T17:21:59Z INFO [113/361] 0e3a9196-ea85-4dc8-8645-c1c5d32884a3: Sackin index -0.0376; 2.1 s; peak memory 1107 MiB.
2026-09-22T17:22:03Z INFO [114/361] 0e3ad784-2d0b-48cd-a92a-d753d318355d: Sackin index -0.0718; 3.5 s; peak memory 1107 MiB.
2026-09-22T17:22:04Z INFO [115/361] 0e3b3c93-73ed-4bec-b1df-b630617aae14: Sackin index -0.1349; 1.4 s; peak memory 1107 MiB.
2026-09-22T17:22:17Z INFO [116/361] 0e3c6f35-d311-402d-92af-000b3df4b9bc: Sackin index -0.0288; 12.8 s; peak memory 1107 MiB.
2026-09-22T17:22:23Z INFO [117/361] 0e3cd05d-5741-4c1d-9a36-3ef5dc868fda: Sackin index -0.0415; 6.2 s; peak memory 1107 MiB.
2026-09-22T17:22:26Z INFO [118/361] 0e3d4a3f-80dc-4e01-a69b-8885da0fe968: Sackin index -0.0643; 3.1 s; peak memory 1107 MiB.
2026-09-22T17:22:43Z INFO [119/361] 0e3e9c69-1be6-4ad6-90a6-90632a503dec: Sackin index -0.0389; 17.0 s; peak memory 1107 MiB.
2026-09-22T17:22:44Z INFO [120/361] 0e3eb891-18da-4171-b5b8-e7310b34fa4b: Sackin index -0.1349; 1.3 s; peak memory 1107 MiB.
2026-09-22T17:22:47Z INFO [121/361] 0e3f3096-6b47-411a-85f7-94f0e5f4e8f5: Sackin index -0.0699; 3.0 s; peak memory 1107 MiB.
2026-09-22T17:22:49Z INFO [122/361] 0e3fb064-da1b-4a33-9eba-e322e8ad288d: Sackin index -0.1448; 1.2 s; peak memory 1107 MiB.
2026-09-22T17:22:51Z INFO [123/361] 0e3fe1ca-028c-434a-a328-953aeb03d8f3: Sackin index -0.0728; 2.1 s; peak memory 1107 MiB.
2026-09-22T17:22:53Z INFO [124/361] 0e3fe9a2-1d0b-405e-95f8-47858600ae05: Sackin index -0.0369; 2.0 s; peak memory 1107 MiB.
2026-09-22T17:22:55Z INFO [125/361] 0e4006d8-42ab-4670-a1b0-9c1fa8ac8d87: Sackin index -0.0944; 2.2 s; peak memory 1107 MiB.
2026-09-22T17:23:18Z INFO [126/361] 0e40773e-4512-420f-9c3e-3eb4475a76ae: Sackin index -0.0236; 22.8 s; peak memory 1107 MiB.
2026-09-22T17:23:20Z INFO [127/361] 0e40a0bc-1764-4df3-99c7-4ec7b8ccf7fd: Sackin index -0.1244; 2.1 s; peak memory 1107 MiB.
2026-09-22T17:23:24Z INFO [128/361] 0e41b375-3a87-4434-80a8-9360eac72754: Sackin index -0.1476; 4.4 s; peak memory 1107 MiB.
2026-09-22T17:23:25Z INFO [129/361] 0e4202b6-927b-4ceb-8f23-f5addffa208b: Sackin index -0.1349; 1.3 s; peak memory 1107 MiB.
2026-09-22T17:23:27Z INFO [130/361] 0e43184c-6d91-4fbb-928d-7ba5800c4fce: Sackin index -0.0702; 1.6 s; peak memory 1107 MiB.
2026-09-22T17:23:29Z INFO [131/361] 0e435e26-2252-4fe7-b73b-006ae8fcc202: Sackin index -0.0696; 1.7 s; peak memory 1107 MiB.
2026-09-22T17:23:41Z INFO [132/361] 0e43798e-f53f-4acc-9f92-468110ed6489: Sackin index -0.0411; 12.8 s; peak memory 1107 MiB.
2026-09-22T17:23:43Z INFO [133/361] 0e465ebb-0233-432c-9d19-6ad7b12d6c49: Sackin index -0.0702; 1.8 s; peak memory 1107 MiB.
2026-09-22T17:23:45Z INFO [134/361] 0e467ef8-6613-4064-89ac-7f3aeffa12d0: Sackin index -0.1349; 1.4 s; peak memory 1107 MiB.
2026-09-22T17:23:47Z INFO [135/361] 0e48f1a0-5a87-41e1-b68e-3ee8000b943a: Sackin index -0.0728; 2.0 s; peak memory 1107 MiB.
2026-09-22T17:23:48Z INFO [136/361] 0e4a66a5-7711-43a8-bb0f-2517bf45fd77: Sackin index -0.1349; 1.3 s; peak memory 1107 MiB.
2026-09-22T17:24:02Z INFO [137/361] 0e4aea7f-7005-47a2-a8d3-7bdeb1aa2e9c: Sackin index -0.0208; 14.3 s; peak memory 1107 MiB.
2026-09-22T17:24:05Z INFO [138/361] 0e4b615a-ccc0-44be-bb22-0b36a501f1e0: Sackin index -0.0681; 2.7 s; peak memory 1107 MiB.
2026-09-22T17:24:06Z INFO [139/361] 0e4b707d-d254-40ab-a962-f0e02b8ef332: Sackin index -0.1349; 1.3 s; peak memory 1107 MiB.
2026-09-22T17:24:08Z INFO [140/361] 0e4ba408-5d9c-4988-afd2-5b55a30ff0d6: Sackin index -0.0881; 1.6 s; peak memory 1107 MiB.
2026-09-22T17:24:18Z INFO [141/361] 0e4bc772-a2bd-4212-84bb-ca1eeacfbc49: Sackin index -0.0308; 10.5 s; peak memory 1107 MiB.
2026-09-22T17:24:20Z INFO [142/361] 0e4c202a-b1c1-4ef6-80ce-69dcb4a3c48e: Sackin index -0.1273; 2.0 s; peak memory 1107 MiB.
2026-09-22T17:24:22Z INFO [143/361] 0e4dfa29-77ec-4d8f-bcdd-ed364c73c4e7: Sackin index -0.0728; 2.1 s; peak memory 1107 MiB.
2026-09-22T17:24:24Z INFO [144/361] 0e4f0042-4bb7-4bf7-9594-60eec7bd6f7d: Sackin index -0.0709; 1.8 s; peak memory 1107 MiB.
2026-09-22T17:24:26Z INFO [145/361] 0e4f17a5-478b-4201-b129-52fefc06a00d: Sackin index -0.0376; 1.6 s; peak memory 1107 MiB.
2026-09-22T17:24:28Z INFO [146/361] 0e4fad6b-8e5a-4e3f-a14b-184cc117b8f9: Sackin index -0.0457; 2.1 s; peak memory 1107 MiB.
2026-09-22T17:24:29Z INFO [147/361] 0e506e31-7ef1-4b42-b86e-95154cdcdfe3: Sackin index -0.1356; 1.1 s; peak memory 1107 MiB.
2026-09-22T17:24:30Z INFO [148/361] 0e518fe5-794d-4c62-bc22-2c2564b40180: Sackin index -0.0702; 1.5 s; peak memory 1107 MiB.
2026-09-22T17:24:32Z INFO [149/361] 0e52e897-504f-40d8-8181-e087a8248d9d: Sackin index -0.1349; 1.3 s; peak memory 1107 MiB.
2026-09-22T17:24:33Z INFO [150/361] 0e5372c9-cbf1-4489-9c0e-822d3958151e: Sackin index -0.1349; 1.3 s; peak memory 1107 MiB.
2026-09-22T17:24:33Z INFO [150/361] 0e5372c9-cbf1-4489-9c0e-822d3958151e: checkpointed 53744 records.
2026-09-22T17:24:35Z INFO [151/361] 0e54716d-89c1-40d5-9e3c-b76c63b25265: Sackin index -0.0709; 1.8 s; peak memory 1107 MiB.
2026-09-22T17:24:38Z INFO [152/361] 0e54da42-811c-49a0-911b-08d33d776da2: Sackin index -0.0704; 3.2 s; peak memory 1107 MiB.
2026-09-22T17:24:50Z INFO [153/361] 0e555714-9b93-4fe8-b5b5-b3036c0d41f6: Sackin index -0.0140; 11.7 s; peak memory 1107 MiB.
2026-09-22T17:24:51Z INFO [154/361] 0e557565-3616-4dd3-b39a-b9695970ef48: Sackin index -0.1272; 1.6 s; peak memory 1107 MiB.
2026-09-22T17:24:53Z INFO [155/361] 0e55c385-627e-42fc-a4bb-113d35084b32: Sackin index -0.1349; 1.4 s; peak memory 1107 MiB.
2026-09-22T17:24:57Z INFO [156/361] 0e563a5e-946a-47f5-8159-39f8b1736eab: Sackin index -0.0564; 3.9 s; peak memory 1107 MiB.
2026-09-22T17:24:58Z INFO [157/361] 0e58744e-d815-4f0e-9f5a-95661f86ec50: Sackin index -0.1349; 1.3 s; peak memory 1107 MiB.
2026-09-22T17:25:00Z INFO [158/361] 0e58f84c-5123-4b99-8d05-6fb8f101cc59: Sackin index -0.0738; 2.1 s; peak memory 1107 MiB.
2026-09-22T17:25:02Z INFO [159/361] 0e5923ab-4725-4af7-85ad-38c6e3e527af: Sackin index -0.0728; 1.9 s; peak memory 1107 MiB.
2026-09-22T17:25:04Z INFO [160/361] 0e59380c-9150-45d3-807e-0984fbe725c2: Sackin index -0.0728; 2.0 s; peak memory 1107 MiB.
2026-09-22T17:25:05Z INFO [161/361] 0e59bbc3-0516-4e17-876c-0f13724803df: Sackin index -0.1349; 1.3 s; peak memory 1107 MiB.
2026-09-22T17:25:07Z INFO [162/361] 0e5b8be0-666a-457e-bf1c-9b51cf04402a: Sackin index -0.0696; 1.7 s; peak memory 1107 MiB.
2026-09-22T17:25:09Z INFO [163/361] 0e5c64c3-5659-44d1-88a9-c8443c5ebb4e: Sackin index -0.0376; 2.0 s; peak memory 1107 MiB.
2026-09-22T17:25:11Z INFO [164/361] 0e5c7433-a2d8-42d0-972d-1e0ea2a93338: Sackin index -0.0696; 2.1 s; peak memory 1107 MiB.
2026-09-22T17:25:12Z INFO [165/361] 0e5ce98f-0cd5-487e-a16a-6cf3de2dd329: Sackin index -0.1239; 1.3 s; peak memory 1107 MiB.
2026-09-22T17:25:22Z INFO [166/361] 0e5e3128-8fe7-467d-849a-57aa909ee312: Sackin index -0.0229; 9.7 s; peak memory 1107 MiB.
2026-09-22T17:25:39Z INFO [167/361] 0e5e3580-8612-43e3-9b18-7bc06681af68: Sackin index -0.0132; 16.8 s; peak memory 1107 MiB.
2026-09-22T17:25:40Z INFO [168/361] 0e5ea23e-b9c9-42b2-b855-406ecc7d43f0: Sackin index -0.1658; 1.4 s; peak memory 1107 MiB.
2026-09-22T17:25:42Z INFO [169/361] 0e5ecfd2-53b0-4046-b845-b5c8264fc873: Sackin index -0.0728; 2.1 s; peak memory 1107 MiB.
2026-09-22T17:25:45Z INFO [170/361] 0e5ee4de-e395-4873-956e-9e69d2466918: Sackin index -0.0728; 2.2 s; peak memory 1107 MiB.
2026-09-22T17:25:47Z INFO [171/361] 0e5f2f69-cb60-4820-86c1-694512d5e0a5: Sackin index -0.0169; 2.9 s; peak memory 1107 MiB.
2026-09-22T17:25:49Z INFO [172/361] 0e5f9dd0-1d19-441d-a696-fe4c20e7aabf: Sackin index -0.1349; 1.3 s; peak memory 1107 MiB.
2026-09-22T17:25:51Z INFO [173/361] 0e6102de-23ed-4dda-9c70-12293dc38321: Sackin index -0.1273; 1.8 s; peak memory 1107 MiB.
2026-09-22T17:26:50Z INFO [174/361] 0e61811a-1173-4aba-b4bb-15905c6d2b1d: Sackin index -0.0035; 59.5 s; peak memory 1107 MiB.
2026-09-22T17:26:58Z INFO [175/361] 0e62072f-00d0-467f-8ed8-db90fbd201a4: Sackin index -0.0464; 7.6 s; peak memory 1107 MiB.
2026-09-22T17:27:01Z INFO [176/361] 0e62aa7b-e507-476d-a799-81727237e3f1: Sackin index -0.0718; 3.5 s; peak memory 1107 MiB.
2026-09-22T17:27:03Z INFO [177/361] 0e642b5f-5b54-4763-892f-3e8162d7af90: Sackin index -0.1248; 1.6 s; peak memory 1107 MiB.
2026-09-22T17:27:05Z INFO [178/361] 0e660b96-8120-4e51-bf0b-a71259ba9ac0: Sackin index -0.1183; 2.6 s; peak memory 1107 MiB.
2026-09-22T17:27:07Z INFO [179/361] 0e661f57-ce00-47a4-a2c4-46ae5c7fd1c5: Sackin index -0.1461; 1.4 s; peak memory 1107 MiB.
2026-09-22T17:27:08Z INFO [180/361] 0e66a355-aa23-40c9-9e5d-da1375def08f: Sackin index -0.0728; 1.7 s; peak memory 1107 MiB.
2026-09-22T17:27:10Z INFO [181/361] 0e673445-c598-4286-b35b-3f9d4e0d2312: Sackin index -0.0702; 1.8 s; peak memory 1107 MiB.
2026-09-22T17:27:12Z INFO [182/361] 0e67abfc-5cf7-4c28-acde-6d8ede0d1ab9: Sackin index -0.1349; 1.4 s; peak memory 1107 MiB.
2026-09-22T17:27:14Z INFO [183/361] 0e694742-19d5-4fb6-b588-c2462ffde58d: Sackin index -0.0699; 2.9 s; peak memory 1107 MiB.
2026-09-22T17:27:16Z INFO [184/361] 0e69b6b1-ef15-45ba-ab88-c0b28a7a0268: Sackin index -0.0696; 1.6 s; peak memory 1107 MiB.
2026-09-22T17:27:27Z INFO [185/361] 0e69eba4-9cc8-40d0-a901-880e12619d28: Sackin index -0.0155; 11.0 s; peak memory 1107 MiB.
2026-09-22T17:27:28Z INFO [186/361] 0e6a5440-6290-4fcd-b650-d541619cb3aa: Sackin index -0.1349; 1.4 s; peak memory 1107 MiB.
2026-09-22T17:27:41Z INFO [187/361] 0e6a9bb9-2de7-41fa-b632-8964fe347c28: Sackin index -0.0050; 12.8 s; peak memory 1107 MiB.
2026-09-22T17:27:44Z INFO [188/361] 0e6b25c1-7209-4e64-8ec5-4c40e31751a1: Sackin index -0.0369; 2.4 s; peak memory 1107 MiB.
2026-09-22T17:27:45Z INFO [189/361] 0e6b4e7a-269f-4b2f-a429-caa8ce24f642: Sackin index -0.1658; 1.1 s; peak memory 1107 MiB.
2026-09-22T17:27:46Z INFO [190/361] 0e6bc7ab-a5b9-49ca-917c-ebebbec700d8: Sackin index -0.0702; 1.8 s; peak memory 1107 MiB.
2026-09-22T17:27:49Z INFO [191/361] 0e6bcfa8-bb53-42d0-ac47-70a9059774ac: Sackin index -0.1761; 2.6 s; peak memory 1107 MiB.
2026-09-22T17:27:50Z INFO [192/361] 0e6be0bb-910d-4a0d-8875-d21cada349f2: Sackin index -0.1349; 1.4 s; peak memory 1107 MiB.
2026-09-22T17:27:52Z INFO [193/361] 0e6cc99c-64cf-4adf-b350-0e4d68513abf: Sackin index -0.2229; 1.3 s; peak memory 1107 MiB.
2026-09-22T17:27:53Z INFO [194/361] 0e6db84c-47af-4602-8a2d-60e0d377de86: Sackin index -0.1562; 1.4 s; peak memory 1107 MiB.
2026-09-22T17:27:55Z INFO [195/361] 0e6ec420-21fa-4bf1-8e85-5eed798657dc: Sackin index -0.0881; 1.6 s; peak memory 1107 MiB.
2026-09-22T17:28:11Z INFO [196/361] 0e6f3bea-b3cc-44be-b44b-a2c263dc9b9f: Sackin index -0.1938; 16.7 s; peak memory 1107 MiB.
2026-09-22T17:28:13Z INFO [197/361] 0e6fb932-61fe-456c-8830-dc8f16a65628: Sackin index -0.1349; 1.4 s; peak memory 1107 MiB.
2026-09-22T17:28:15Z INFO [198/361] 0e707f95-9c60-4d90-b0b0-cf9b9a2a44ec: Sackin index -0.0709; 1.6 s; peak memory 1107 MiB.
2026-09-22T17:28:28Z INFO [199/361] 0e70df5b-6621-449c-b39e-9404b445f207: Sackin index -0.0145; 13.4 s; peak memory 1107 MiB.
2026-09-22T17:28:31Z INFO [200/361] 0e716a49-6c9d-43f2-805d-51c18b76d5dd: Sackin index -0.0679; 3.0 s; peak memory 1107 MiB.
2026-09-22T17:28:31Z INFO [200/361] 0e716a49-6c9d-43f2-805d-51c18b76d5dd: checkpointed 53794 records.
2026-09-22T17:28:34Z INFO [201/361] 0e716bcf-d523-4825-a874-8fe69dfc0527: Sackin index -0.0699; 3.5 s; peak memory 1107 MiB.
2026-09-22T17:28:36Z INFO [202/361] 0e718c7a-054c-4dbc-9460-032d78886ce2: Sackin index -0.1430; 1.3 s; peak memory 1107 MiB.
2026-09-22T17:28:37Z INFO [203/361] 0e7193fa-d196-4c5b-85df-285586231781: Sackin index -0.1321; 1.3 s; peak memory 1107 MiB.
2026-09-22T17:28:39Z INFO [204/361] 0e72b50e-929d-4ea9-8e5a-816d1b03e2e2: Sackin index -0.0728; 1.7 s; peak memory 1107 MiB.
2026-09-22T17:28:40Z INFO [205/361] 0e7317b5-f4b7-4255-8ece-11ace8be15d1: Sackin index -0.1349; 1.3 s; peak memory 1107 MiB.
2026-09-22T17:28:42Z INFO [206/361] 0e733d9f-8738-4da3-9144-98a2948af7aa: Sackin index -0.0738; 2.0 s; peak memory 1107 MiB.
2026-09-22T17:28:44Z INFO [207/361] 0e747274-378b-4075-88c2-263d72d8a622: Sackin index -0.1244; 1.9 s; peak memory 1107 MiB.
2026-09-22T17:29:04Z INFO [208/361] 0e7489dc-e3e5-48e1-bc8d-5fe40910b3f4: Sackin index -0.1367; 20.2 s; peak memory 1107 MiB.
2026-09-22T17:29:05Z INFO [209/361] 0e75489e-5aa8-486f-827a-a04d2343f4d9: Sackin index -0.1658; 1.2 s; peak memory 1107 MiB.
2026-09-22T17:29:08Z INFO [210/361] 0e75f14e-fde4-4cfa-8702-84d418c7f0b3: Sackin index -0.0745; 2.3 s; peak memory 1107 MiB.
2026-09-22T17:29:09Z INFO [211/361] 0e75f291-d597-4d5f-b8f6-4f9d1c5b3a3f: Sackin index -0.1178; 1.1 s; peak memory 1107 MiB.
2026-09-22T17:29:11Z INFO [212/361] 0e76b309-62f7-46df-814b-70e229bd1faa: Sackin index -0.0728; 1.9 s; peak memory 1107 MiB.
2026-09-22T17:29:12Z INFO [213/361] 0e77308f-d211-4307-bc93-0e9accc5e842: Sackin index -0.0384; 1.7 s; peak memory 1107 MiB.
2026-09-22T17:29:14Z INFO [214/361] 0e777e49-e6ae-49c8-a099-d6391bab6abd: Sackin index -0.1987; 1.4 s; peak memory 1107 MiB.
2026-09-22T17:29:19Z INFO [215/361] 0e7796ac-b9f8-46ef-a25f-42585f4e424d: Sackin index -0.0403; 5.4 s; peak memory 1107 MiB.
2026-09-22T17:29:32Z INFO [216/361] 0e7859fd-de4d-4aee-836e-c33b3366551a: Sackin index -0.0169; 13.1 s; peak memory 1107 MiB.
2026-09-22T17:29:35Z INFO [217/361] 0e79515d-b46c-4018-b830-fb7771882227: Sackin index -0.1938; 3.0 s; peak memory 1107 MiB.
2026-09-22T17:29:37Z INFO [218/361] 0e7a0cfa-dd06-4b6c-b5a4-b07bdef3246a: Sackin index -0.1349; 1.4 s; peak memory 1107 MiB.
2026-09-22T17:29:38Z INFO [219/361] 0e7a5f18-f79b-4185-bd11-0b622dc9b10d: Sackin index -0.0696; 1.8 s; peak memory 1107 MiB.
2026-09-22T17:29:40Z INFO [220/361] 0e7ac1f1-9613-48a1-81a0-3efff6ef3dac: Sackin index -0.1194; 1.9 s; peak memory 1107 MiB.
2026-09-22T17:29:42Z INFO [221/361] 0e7ae5ae-b0a9-4be3-8f8c-cf44df5b90ab: Sackin index -0.0369; 1.9 s; peak memory 1107 MiB.
2026-09-22T17:29:44Z INFO [222/361] 0e7b7d87-5fbf-4e6d-b634-45194a4b1cf9: Sackin index -0.0375; 2.1 s; peak memory 1107 MiB.
2026-09-22T17:29:46Z INFO [223/361] 0e7bec3d-0c4c-44da-ba8f-a0986c19cd7e: Sackin index -0.1349; 1.5 s; peak memory 1107 MiB.
2026-09-22T17:29:47Z INFO [224/361] 0e7c49ff-a6e4-4e16-828f-b1bd428aa288: Sackin index -0.1461; 1.3 s; peak memory 1107 MiB.
2026-09-22T17:29:51Z INFO [225/361] 0e7d7d5b-7ec6-4673-b547-2be3d69cf423: Sackin index -0.0515; 3.5 s; peak memory 1107 MiB.
2026-09-22T17:29:54Z INFO [226/361] 0e7e8d3c-19c7-4303-a6ba-9c758fb9a775: Sackin index -0.0699; 2.9 s; peak memory 1107 MiB.
2026-09-22T17:29:55Z INFO [227/361] 0e7f9dd4-0280-471e-b6c8-83444216d162: Sackin index -0.0709; 1.6 s; peak memory 1107 MiB.
2026-09-22T17:29:57Z INFO [228/361] 0e7fe07d-349f-4c48-ae06-20736dbe286d: Sackin index -0.0379; 1.8 s; peak memory 1107 MiB.
2026-09-22T17:29:58Z INFO [229/361] 0e800c69-ca1a-4bd5-8c90-a9fa3ee8e1cb: Sackin index -0.1349; 1.3 s; peak memory 1107 MiB.
2026-09-22T17:30:04Z INFO [230/361] 0e801d89-b98e-42db-88ff-10f05442f796: Sackin index -0.0337; 5.2 s; peak memory 1107 MiB.
2026-09-22T17:30:15Z INFO [231/361] 0e806614-fa68-4c1e-812b-fac8d68d52cb: Sackin index -0.0181; 11.6 s; peak memory 1107 MiB.
2026-09-22T17:30:17Z INFO [232/361] 0e81aa5a-df84-4162-aeed-3a47a3acafa1: Sackin index -0.1349; 1.4 s; peak memory 1107 MiB.
2026-09-22T17:30:21Z INFO [233/361] 0e81deb8-0f28-4287-8cf6-c42048f7a299: Sackin index -0.0660; 4.2 s; peak memory 1107 MiB.
2026-09-22T17:30:23Z INFO [234/361] 0e81fd75-e976-4824-b5d5-2c68d1e911b1: Sackin index -0.0824; 2.5 s; peak memory 1107 MiB.
2026-09-22T17:30:25Z INFO [235/361] 0e82391e-c0e6-4207-8660-661ccd07e5b1: Sackin index -0.0702; 1.9 s; peak memory 1107 MiB.
2026-09-22T17:30:28Z INFO [236/361] 0e833a04-69da-427b-a537-588474d531f7: Sackin index -0.0681; 2.6 s; peak memory 1107 MiB.
2026-09-22T17:30:29Z INFO [237/361] 0e83c927-a40c-4338-9b36-800146a13213: Sackin index -0.0702; 1.6 s; peak memory 1107 MiB.
2026-09-22T17:30:31Z INFO [238/361] 0e83f38d-a2cc-491e-a871-6b4952e58bef: Sackin index -0.1408; 1.5 s; peak memory 1107 MiB.
2026-09-22T17:30:33Z INFO [239/361] 0e845acc-e00c-487d-b018-1c89f2b31582: Sackin index -0.0728; 2.1 s; peak memory 1107 MiB.
2026-09-22T17:30:39Z INFO [240/361] 0e858d7a-dc61-43a8-a722-356dfb77a759: Sackin index -0.0251; 6.3 s; peak memory 1107 MiB.
2026-09-22T17:30:41Z INFO [241/361] 0e85af79-d21e-4014-b0aa-200ad9679ca3: Sackin index -0.0413; 1.8 s; peak memory 1107 MiB.
2026-09-22T17:30:42Z INFO [242/361] 0e85c4cf-f480-44ed-a490-e59ee726a84d: Sackin index -0.1349; 1.3 s; peak memory 1107 MiB.
2026-09-22T17:30:44Z INFO [243/361] 0e85c5e1-efb0-4ce4-a8f3-c544b22fb6a9: Sackin index -0.0483; 1.8 s; peak memory 1107 MiB.
2026-09-22T17:30:46Z INFO [244/361] 0e86d575-29a4-4e47-a375-568d62c2face: Sackin index -0.1248; 1.5 s; peak memory 1107 MiB.
2026-09-22T17:30:47Z INFO [245/361] 0e879a8b-0c71-4722-88a0-83b18aaef08e: Sackin index -0.1349; 1.4 s; peak memory 1107 MiB.
2026-09-22T17:30:49Z INFO [246/361] 0e87e458-a313-44cd-b69a-425fa89cd13d: Sackin index -0.1263; 2.1 s; peak memory 1107 MiB.
2026-09-22T17:30:51Z INFO [247/361] 0e885abb-8177-4ed3-9510-825057d83f7c: Sackin index -0.1135; 1.2 s; peak memory 1107 MiB.
2026-09-22T17:30:52Z INFO [248/361] 0e88a63b-db59-499e-baec-805cea1083dd: Sackin index -0.1349; 1.4 s; peak memory 1107 MiB.
2026-09-22T17:30:54Z INFO [249/361] 0e892dfe-bfb4-4e45-9f4a-11cbe5f2a547: Sackin index -0.1390; 1.6 s; peak memory 1107 MiB.
2026-09-22T17:30:55Z INFO [250/361] 0e896f8d-51a3-4c93-b07d-cc93b7733d01: Sackin index -0.1349; 1.4 s; peak memory 1107 MiB.
2026-09-22T17:30:55Z INFO [250/361] 0e896f8d-51a3-4c93-b07d-cc93b7733d01: checkpointed 53844 records.
2026-09-22T17:31:02Z INFO [251/361] 0e8baa3c-dffd-47a0-8c78-3609037d04d8: Sackin index -0.0476; 6.7 s; peak memory 1107 MiB.
2026-09-22T17:31:04Z INFO [252/361] 0e8bf43c-01a5-4ce2-b34d-8ea1b187f34b: Sackin index -0.0728; 2.0 s; peak memory 1107 MiB.
2026-09-22T17:31:06Z INFO [253/361] 0e8c44e0-7b5e-4926-9f4e-f0ff70235149: Sackin index -0.0276; 2.3 s; peak memory 1107 MiB.
2026-09-22T17:31:13Z INFO [254/361] 0e8ce425-d4f8-4d49-aa02-67da73056a82: Sackin index -0.0254; 6.8 s; peak memory 1107 MiB.
2026-09-22T17:31:19Z INFO [255/361] 0e8d280a-60e0-484a-a68d-06acd07c7b35: Sackin index -0.0403; 6.6 s; peak memory 1107 MiB.
2026-09-22T17:31:20Z INFO [256/361] 0e8d3c43-a1e8-445f-809c-2a3e55f4a8d2: Sackin index -0.1658; 1.1 s; peak memory 1107 MiB.
2026-09-22T17:31:23Z INFO [257/361] 0e8d657e-b980-4e65-a9d0-45f56e42b1c7: Sackin index -0.0369; 2.1 s; peak memory 1107 MiB.
2026-09-22T17:31:24Z INFO [258/361] 0e8d816d-49d8-413d-b056-539af2a28ef7: Sackin index -0.0696; 1.8 s; peak memory 1107 MiB.
2026-09-22T17:31:26Z INFO [259/361] 0e8e15dd-4e12-4b7e-95bc-e75c3543a499: Sackin index -0.0702; 1.9 s; peak memory 1107 MiB.
2026-09-22T17:31:27Z INFO [260/361] 0e8e180f-ffac-4fd4-8743-d3747cf71e15: Sackin index -0.2147; 1.0 s; peak memory 1107 MiB.
2026-09-22T17:31:29Z INFO [261/361] 0e8ec59f-e87a-40d5-8956-3d34648c5bab: Sackin index -0.1331; 1.4 s; peak memory 1107 MiB.
2026-09-22T17:31:31Z INFO [262/361] 0e8efa33-b2b4-4536-a37e-7f4f9fa781e7: Sackin index -0.0745; 2.3 s; peak memory 1107 MiB.
2026-09-22T17:31:34Z INFO [263/361] 0e8f5aee-27d4-4f1e-9df6-b0de8210fbbc: Sackin index -0.0676; 2.6 s; peak memory 1107 MiB.
2026-09-22T17:31:35Z INFO [264/361] 0e900050-0b25-4b23-9e96-e3f591ff2e3e: Sackin index -0.1349; 1.7 s; peak memory 1107 MiB.
2026-09-22T17:31:37Z INFO [265/361] 0e907aa2-c09d-45f2-a37f-51f8d132101d: Sackin index -0.0702; 1.8 s; peak memory 1107 MiB.
2026-09-22T17:32:29Z INFO [266/361] 0e908fb4-da1d-4dc7-ade0-2a997121f7a6: Sackin index -0.0081; 51.8 s; peak memory 1107 MiB.
2026-09-22T17:32:31Z INFO [267/361] 0e909350-8279-48c1-aa48-5c485ed26d77: Sackin index -0.0696; 1.6 s; peak memory 1107 MiB.
2026-09-22T17:32:32Z INFO [268/361] 0e90c350-c8cd-43be-9561-d0d659b40be5: Sackin index -0.0709; 1.6 s; peak memory 1107 MiB.
2026-09-22T17:32:33Z INFO [269/361] 0e922ffb-4e2b-4575-8fd7-ea75d642c101: Sackin index -0.1349; 1.3 s; peak memory 1107 MiB.
2026-09-22T17:32:35Z INFO [270/361] 0e929707-5357-47cb-b1ff-4ac49b0159d1: Sackin index -0.0696; 1.7 s; peak memory 1107 MiB.
2026-09-22T17:32:39Z INFO [271/361] 0e93ab4f-56d7-4f1b-891f-78e0b0c61f0c: Sackin index -0.0624; 3.4 s; peak memory 1107 MiB.
2026-09-22T17:32:40Z INFO [272/361] 0e93b74f-0414-45af-92dc-a3fcd6e6b1e5: Sackin index -0.1349; 1.3 s; peak memory 1107 MiB.
2026-09-22T17:32:41Z INFO [273/361] 0e93f22c-b98d-4f42-8144-a004fe858f4c: Sackin index -0.1349; 1.3 s; peak memory 1107 MiB.
2026-09-22T17:33:02Z INFO [274/361] 0e940dde-319b-44b9-8bbf-f37caaa13fb2: Sackin index -0.0112; 21.0 s; peak memory 1107 MiB.
2026-09-22T17:33:04Z INFO [275/361] 0e9439e4-e5cc-4950-bdc3-c416bddb4b93: Sackin index -0.1298; 1.3 s; peak memory 1107 MiB.
2026-09-22T17:33:13Z INFO [276/361] 0e947a4f-cc15-4057-a98f-30832fb88e31: Sackin index -0.0204; 9.5 s; peak memory 1107 MiB.
2026-09-22T17:33:16Z INFO [277/361] 0e9486af-fc3f-42f3-9a60-de8bb6edd986: Sackin index -0.0369; 2.5 s; peak memory 1107 MiB.
2026-09-22T17:33:17Z INFO [278/361] 0e948d5f-ca44-4448-a60b-c59178c553ef: Sackin index -0.1349; 1.4 s; peak memory 1107 MiB.
2026-09-22T17:33:19Z INFO [279/361] 0e950451-0fd3-4c7e-9251-4d93f452ad33: Sackin index -0.0375; 1.9 s; peak memory 1107 MiB.
2026-09-22T17:33:21Z INFO [280/361] 0e95be0b-07cd-4561-a705-5c2fbe58c0cd: Sackin index -0.1510; 1.7 s; peak memory 1107 MiB.
2026-09-22T17:37:06Z INFO [281/361] 0e95bf93-3cb8-4a2a-984f-c86c6c643c10: Sackin index -0.0667; 225.7 s; peak memory 1299 MiB.
2026-09-22T17:37:08Z INFO [282/361] 0e96e6f2-d710-4d05-bacc-c592ac117b89: Sackin index -0.1191; 1.4 s; peak memory 1299 MiB.
2026-09-22T17:37:10Z INFO [283/361] 0e974237-fbdf-4a9b-85de-faa1d0b51c2e: Sackin index -0.0696; 1.7 s; peak memory 1299 MiB.
2026-09-22T17:37:11Z INFO [284/361] 0e977228-b834-4302-a9af-4b409e321a5f: Sackin index -0.1349; 1.3 s; peak memory 1299 MiB.
2026-09-22T17:37:19Z INFO [285/361] 0e977a78-c696-4fd2-98e5-5f1f0697df4f: Sackin index -0.1433; 7.9 s; peak memory 1299 MiB.
2026-09-22T17:37:21Z INFO [286/361] 0e97b682-d106-4a8c-ba9e-62e36bc159e5: Sackin index -0.0696; 1.7 s; peak memory 1299 MiB.
2026-09-22T17:37:37Z INFO [287/361] 0e98599c-ecf8-400c-8060-70e4194bf372: Sackin index -0.0029; 16.2 s; peak memory 1299 MiB.
2026-09-22T17:37:38Z INFO [288/361] 0e987480-9ecb-47ff-bdc7-f37b04d37bda: Sackin index -0.1349; 1.4 s; peak memory 1299 MiB.
2026-09-22T17:37:53Z INFO [289/361] 0e98db92-fb8d-4c48-8839-81d871d727f4: Sackin index -0.0231; 14.8 s; peak memory 1299 MiB.
2026-09-22T17:37:54Z INFO [290/361] 0e98e04c-fa15-4e1d-bd20-8e8db86ab3a5: Sackin index -0.1349; 1.3 s; peak memory 1299 MiB.
2026-09-22T17:37:56Z INFO [291/361] 0e993381-3e17-464b-99be-e7bfbd4d5dd7: Sackin index -0.0728; 2.1 s; peak memory 1299 MiB.
2026-09-22T17:37:58Z INFO [292/361] 0e9a52f6-deed-44b5-85e8-b7a515fa0cb5: Sackin index -0.0379; 2.0 s; peak memory 1299 MiB.
2026-09-22T17:38:00Z INFO [293/361] 0e9aea50-bc4b-45ed-976b-2193b688e76a: Sackin index -0.0702; 1.9 s; peak memory 1299 MiB.
2026-09-22T18:05:27Z INFO [294/361] 0e9b7e34-890b-4ba1-8f68-7b9423fa0233: Sackin index -0.0667; 1646.6 s; peak memory 1299 MiB.
2026-09-22T18:05:28Z INFO [295/361] 0e9c1cb2-f374-43c2-8135-5bddd3b203f5: Sackin index -0.1658; 1.5 s; peak memory 1299 MiB.
2026-09-22T18:05:31Z INFO [296/361] 0e9cb77f-8139-4cad-9e51-4c41271e3390: Sackin index -0.0722; 3.1 s; peak memory 1299 MiB.
2026-09-22T18:05:33Z INFO [297/361] 0e9d5761-e90e-462c-8f9a-6595b7ca2292: Sackin index -0.1349; 1.4 s; peak memory 1299 MiB.
2026-09-22T18:05:35Z INFO [298/361] 0e9d8576-95e6-4949-b7e5-9955a1e2463f: Sackin index -0.0728; 2.1 s; peak memory 1299 MiB.
2026-09-22T18:05:36Z INFO [299/361] 0e9e26b7-1d51-41a9-9713-cf4aa69374c8: Sackin index -0.0709; 1.6 s; peak memory 1299 MiB.
2026-09-22T18:05:38Z INFO [300/361] 0e9ed953-6035-4b83-b0aa-2a5ed61a9518: Sackin index -0.1349; 1.2 s; peak memory 1299 MiB.
2026-09-22T18:05:38Z INFO [300/361] 0e9ed953-6035-4b83-b0aa-2a5ed61a9518: checkpointed 53894 records.
2026-09-22T18:05:39Z INFO [301/361] 0e9f50ae-fcc5-4e18-9e6f-48cb85011f7c: Sackin index -0.0991; 1.5 s; peak memory 1299 MiB.
2026-09-22T18:05:41Z INFO [302/361] 0e9f6b89-90b0-4d61-bd56-548fc7b7f664: Sackin index -0.0728; 1.9 s; peak memory 1299 MiB.
2026-09-22T18:05:43Z INFO [303/361] 0ea08a29-8860-423b-b58c-33980607850c: Sackin index -0.0676; 2.2 s; peak memory 1299 MiB.
2026-09-22T18:05:46Z INFO [304/361] 0ea3ce61-685a-4708-ae88-ee34ea8a489c: Sackin index -0.0276; 2.4 s; peak memory 1299 MiB.
2026-09-22T18:05:47Z INFO [305/361] 0ea4b6ec-278e-465e-996c-2b47f17fb0ea: Sackin index -0.0702; 1.6 s; peak memory 1299 MiB.
2026-09-22T18:05:50Z INFO [306/361] 0ea4e5f6-0818-427e-874a-983f2072e439: Sackin index -0.0728; 2.5 s; peak memory 1299 MiB.
2026-09-22T18:06:06Z INFO [307/361] 0ea55698-709d-4e7e-8906-3e23e100f15e: Sackin index -0.1892; 15.9 s; peak memory 1299 MiB.
2026-09-22T18:06:11Z INFO [308/361] 0ea5aabf-64c4-41ff-a225-6a9f83cd1a05: Sackin index -0.0298; 5.2 s; peak memory 1299 MiB.
2026-09-22T18:06:16Z INFO [309/361] 0ea7783f-d320-4de9-be3d-fb32ddc2df8a: Sackin index -0.0660; 4.7 s; peak memory 1299 MiB.
2026-09-22T18:06:35Z INFO [310/361] 0ea7d236-4eab-44e8-b71c-92847b79ab95: Sackin index -0.0203; 18.8 s; peak memory 1299 MiB.
2026-09-22T18:06:36Z INFO [311/361] 0ea8051b-8289-432e-a7a6-aabb0b924d75: Sackin index -0.1201; 1.6 s; peak memory 1299 MiB.
2026-09-22T18:06:54Z INFO [312/361] 0ea86cde-147b-4f08-9f38-4e3fbfc91dc8: Sackin index -0.1462; 18.2 s; peak memory 1299 MiB.
2026-09-22T18:06:56Z INFO [313/361] 0ea87d4b-3698-4f4b-91b1-5ca57ddb6def: Sackin index -0.0702; 1.7 s; peak memory 1299 MiB.
2026-09-22T18:06:58Z INFO [314/361] 0ea90d79-f057-43ac-a965-cc3639a94e78: Sackin index -0.1349; 1.4 s; peak memory 1299 MiB.
2026-09-22T18:06:59Z INFO [315/361] 0ea9e2da-ace7-4db6-8ac6-128fd6847cc2: Sackin index -0.0702; 1.8 s; peak memory 1299 MiB.
2026-09-22T18:07:01Z INFO [316/361] 0ea9fbf7-718f-4161-afe3-760f3267a11d: Sackin index -0.1356; 1.2 s; peak memory 1299 MiB.
2026-09-22T18:07:02Z INFO [317/361] 0eaa5845-1e11-4790-90bd-646ba2fe63be: Sackin index -0.1349; 1.3 s; peak memory 1299 MiB.
2026-09-22T18:07:05Z INFO [318/361] 0eaa8492-7f73-464a-84bd-7096b3468901: Sackin index -0.0704; 3.2 s; peak memory 1299 MiB.
2026-09-22T18:07:07Z INFO [319/361] 0eaab93a-e0d2-4064-b61b-51c0babaa084: Sackin index -0.0728; 1.8 s; peak memory 1299 MiB.
2026-09-22T18:07:08Z INFO [320/361] 0eab154f-d994-4297-a7c5-42547e601ed5: Sackin index -0.1658; 1.2 s; peak memory 1299 MiB.
2026-09-22T18:07:10Z INFO [321/361] 0eabc4dd-5ec4-4118-b2fa-14f5254ad173: Sackin index -0.0728; 2.3 s; peak memory 1299 MiB.
2026-09-22T18:07:12Z INFO [322/361] 0eabd9e4-101c-4d63-9fe6-c5f7d0a0c14a: Sackin index -0.0702; 1.6 s; peak memory 1299 MiB.
2026-09-22T18:07:13Z INFO [323/361] 0ead0c9b-adbe-4a5f-9cd7-eeb78c2cba78: Sackin index -0.1349; 1.4 s; peak memory 1299 MiB.
2026-09-22T18:07:15Z INFO [324/361] 0ead5b56-8853-4dd7-a45b-78af9ceb3b0d: Sackin index -0.1602; 1.5 s; peak memory 1299 MiB.
2026-09-22T18:07:20Z INFO [325/361] 0eadd890-a4c4-4dae-9da4-69c77757d6cc: Sackin index -0.0539; 4.9 s; peak memory 1299 MiB.
2026-09-22T18:07:22Z INFO [326/361] 0eaddbf6-bcbc-40a0-ae8a-8b1cf5bedca4: Sackin index -0.0375; 2.2 s; peak memory 1299 MiB.
2026-09-22T18:07:38Z INFO [327/361] 0eadf4f0-e2c4-4581-b485-9f14497772d8: Sackin index -0.0137; 15.4 s; peak memory 1299 MiB.
2026-09-22T18:07:40Z INFO [328/361] 0eae547e-c4d7-4a99-ac73-1131fe2a050c: Sackin index -0.0457; 2.2 s; peak memory 1299 MiB.
2026-09-22T18:09:41Z INFO [329/361] 0eaec9b5-ff63-45ec-8e13-f27dfb5ac499: Sackin index -0.1076; 120.9 s; peak memory 1299 MiB.
2026-09-22T18:09:42Z INFO [330/361] 0eaecb42-08d4-4090-9042-b0d0dd334f62: Sackin index -0.0702; 1.7 s; peak memory 1299 MiB.
2026-09-22T18:09:43Z INFO [331/361] 0eafd088-6dfc-4bb7-9f46-9f8d513c6b58: Sackin index -0.1349; 1.2 s; peak memory 1299 MiB.
2026-09-22T18:09:45Z INFO [332/361] 0eb01ecb-af82-4584-9e8f-8288bf7298ec: Sackin index -0.2000; 1.1 s; peak memory 1299 MiB.
2026-09-22T18:09:50Z INFO [333/361] 0eb0eaa0-f59d-43cd-b68f-28d8c5243156: Sackin index -0.0635; 5.7 s; peak memory 1299 MiB.
2026-09-22T18:09:52Z INFO [334/361] 0eb1458c-7ad5-4a36-9ed8-91bdc8082b8d: Sackin index -0.0696; 1.6 s; peak memory 1299 MiB.
2026-09-22T18:10:07Z INFO [335/361] 0eb18653-39f8-406b-8f6d-8ec6580fc07f: Sackin index -0.0157; 14.9 s; peak memory 1299 MiB.
2026-09-22T18:10:08Z INFO [336/361] 0eb1f277-7f92-426c-bc0d-0630c7ef6ca6: Sackin index -0.1658; 1.2 s; peak memory 1299 MiB.
2026-09-22T18:10:11Z INFO [337/361] 0eb3cba0-acd6-46da-8f0a-a51406ceab54: Sackin index -0.0362; 2.6 s; peak memory 1299 MiB.
2026-09-22T18:10:25Z INFO [338/361] 0eb3e2ce-3209-4e9f-9edd-704b4686343b: Sackin index -0.0132; 14.5 s; peak memory 1299 MiB.
2026-09-22T18:10:26Z INFO [339/361] 0eb4114f-7834-4954-83f3-aa9dc81e337c: Sackin index -0.1319; 1.3 s; peak memory 1299 MiB.
2026-09-22T18:10:35Z INFO [340/361] 0eb4c2f6-9e57-4087-bd7d-be088c174197: Sackin index -0.0017; 8.8 s; peak memory 1299 MiB.
2026-09-22T18:10:43Z INFO [341/361] 0eb4dcd0-8234-4c41-8f4f-0df0d477d47b: Sackin index -0.0403; 7.4 s; peak memory 1299 MiB.
2026-09-22T18:10:45Z INFO [342/361] 0eb58195-7daa-4202-ae1d-8704f9798152: Sackin index -0.0699; 2.9 s; peak memory 1299 MiB.
2026-09-22T18:10:48Z INFO [343/361] 0eb5eac0-6d29-48e1-aab3-caa9fdef70d7: Sackin index -0.1938; 3.0 s; peak memory 1299 MiB.
2026-09-22T18:10:51Z INFO [344/361] 0eb6030d-0676-47a4-8b7f-a1f755161ef5: Sackin index -0.0728; 2.7 s; peak memory 1299 MiB.
2026-09-22T18:10:53Z INFO [345/361] 0eb66409-f1ab-4f1d-ac13-c0bd3443281f: Sackin index -0.1575; 1.4 s; peak memory 1299 MiB.
2026-09-22T18:10:54Z INFO [346/361] 0eb7f93d-089b-4bac-ac2f-e0dbdf77a5f5: Sackin index -0.0732; 1.7 s; peak memory 1299 MiB.
2026-09-22T18:10:56Z INFO [347/361] 0eb8a9db-af15-42fa-a3e3-c98591db3d2e: Sackin index -0.1239; 1.3 s; peak memory 1299 MiB.
2026-09-22T18:10:57Z INFO [348/361] 0eb9395b-cd3b-45df-8da9-c1ff2d65efdd: Sackin index -0.1658; 1.2 s; peak memory 1299 MiB.
2026-09-22T18:10:59Z INFO [349/361] 0eb96b51-a93c-482e-8ce4-6425b523be91: Sackin index -0.0709; 1.8 s; peak memory 1299 MiB.
2026-09-22T18:11:00Z INFO [350/361] 0eb985ea-7424-4d35-9cf6-9124de7bbbca: Sackin index -0.0702; 1.7 s; peak memory 1299 MiB.
2026-09-22T18:11:00Z INFO [350/361] 0eb985ea-7424-4d35-9cf6-9124de7bbbca: checkpointed 53944 records.
2026-09-22T18:11:03Z INFO [351/361] 0eb99b9e-c6df-4586-8d8f-7755aba93967: Sackin index -0.0752; 2.4 s; peak memory 1299 MiB.
2026-09-22T18:11:20Z INFO [352/361] 0eb9ed5c-3b87-424f-a7de-dcac8985e4fc: Sackin index -0.0120; 17.7 s; peak memory 1299 MiB.
2026-09-22T18:11:22Z INFO [353/361] 0eba0a56-3e5c-4277-9cff-cf6dc8c27722: Sackin index -0.1331; 1.3 s; peak memory 1299 MiB.
2026-09-22T18:11:24Z INFO [354/361] 0eba222f-b1fe-4389-bfd5-174d93bda5e5: Sackin index -0.0728; 2.0 s; peak memory 1299 MiB.
2026-09-22T18:11:26Z INFO [355/361] 0ebb0310-f887-4d3e-8135-2e5556b65e15: Sackin index -0.0369; 2.6 s; peak memory 1299 MiB.
2026-09-22T18:11:28Z INFO [356/361] 0ebbfded-3e85-487c-9834-bedc4ee8b82b: Sackin index -0.1602; 1.4 s; peak memory 1299 MiB.
2026-09-22T18:11:31Z INFO [357/361] 0ebcaea6-acc8-4ab9-a1bc-6341a38fe59d: Sackin index -0.0660; 3.6 s; peak memory 1299 MiB.
2026-09-22T18:11:47Z INFO [358/361] 0ebcbb7e-354c-439d-ab0e-ae9e2aee4ae3: Sackin index -0.0150; 15.6 s; peak memory 1299 MiB.
2026-09-22T18:12:05Z INFO [359/361] 0ebcf788-419e-43c9-a1c2-80c7845a0f0f: Sackin index -0.0212; 17.9 s; peak memory 1299 MiB.
2026-09-22T18:12:06Z INFO [360/361] 0ebd0e0d-7246-4e11-8a16-09c9ce28ee5d: Sackin index -0.1191; 1.5 s; peak memory 1299 MiB.
2026-09-22T18:12:25Z INFO [361/361] 0ebd2dd7-a69b-4143-952c-ac7f448cd435: Sackin index -0.1284; 18.5 s; peak memory 1299 MiB.
2026-09-22T18:12:25Z INFO Wrote 53955 records to /tmp/derivatives/valid_nwb_file_to_sackin_index.jsonl (361 new, 0 failed) in 111.4 min (peak memory 1299 MiB).
