2026-10-06T10:48:29Z INFO Logging to /tmp/logs/update_2026-10-06T10-48-29Z.log.
2026-10-06T10:48:29Z INFO Update valid-nwb-file-to-sackin-index (base directory /tmp).
2026-10-06T10:48:29Z INFO Processing 750 items (85336 already recorded).
2026-10-06T10:48:34Z INFO [1/750] 4f9beede-98cd-4462-b642-ee35e2276ad2: Sackin index -0.0222; 4.9 s; peak memory 131 MiB.
2026-10-06T10:48:35Z INFO [2/750] 4f9cb6e3-1238-424f-a7d5-38624b64ff4b: Sackin index -0.0380; 1.0 s; peak memory 132 MiB.
2026-10-06T10:48:36Z INFO [3/750] 4f9cbc69-ac9b-456b-aaa6-ecb7954be2ce: Sackin index -0.0702; 1.0 s; peak memory 132 MiB.
2026-10-06T10:48:37Z INFO [4/750] 4f9cf028-038b-4b46-a340-1a36ae2d7adf: Sackin index -0.1349; 0.9 s; peak memory 132 MiB.
2026-10-06T10:48:38Z INFO [5/750] 4f9f44aa-a833-42ae-802a-2f966daf683b: Sackin index -0.0384; 0.8 s; peak memory 132 MiB.
2026-10-06T10:48:39Z INFO [6/750] 4fa16c0d-ed5e-4dab-a402-fa4aa2965fbf: Sackin index -0.1938; 1.7 s; peak memory 133 MiB.
2026-10-06T10:48:40Z INFO [7/750] 4fa21ec2-6b36-439e-b17a-11e27902463b: Sackin index -0.1349; 0.7 s; peak memory 133 MiB.
2026-10-06T10:48:41Z INFO [8/750] 4fa231c8-6d24-4f1c-967a-b453d5c89444: Sackin index -0.0696; 0.9 s; peak memory 133 MiB.
2026-10-06T10:48:42Z INFO [9/750] 4fa33aa8-99f6-498f-aa2c-5746d8ef32e6: Sackin index -0.0881; 0.8 s; peak memory 133 MiB.
2026-10-06T10:48:43Z INFO [10/750] 4fa35585-c34c-45e3-98f5-39ecc05006b1: Sackin index -0.0709; 0.8 s; peak memory 133 MiB.
2026-10-06T10:48:44Z INFO [11/750] 4fa40fa6-434f-4526-8c4d-0f945b159d63: Sackin index -0.0728; 1.0 s; peak memory 133 MiB.
2026-10-06T10:48:48Z INFO [12/750] 4fa427dd-9ce0-4f43-a7c8-d421ad96f6c2: Sackin index -0.0439; 4.4 s; peak memory 133 MiB.
2026-10-06T10:48:58Z INFO [13/750] 4fa435f0-d4ba-42b5-a93c-be178625b072: Sackin index -0.0389; 9.7 s; peak memory 145 MiB.
2026-10-06T10:48:59Z INFO [14/750] 4fa482c0-9f5e-458b-98c0-deb65069a3ec: Sackin index -0.1349; 0.8 s; peak memory 145 MiB.
2026-10-06T10:49:00Z INFO [15/750] 4fa54d21-2a36-4805-adf7-62f43bdd7597: Sackin index -0.0702; 0.9 s; peak memory 145 MiB.
2026-10-06T10:49:00Z INFO [16/750] 4fa595ac-49bf-47b6-bca2-5d20ad8621fe: Sackin index -0.1484; 0.6 s; peak memory 145 MiB.
2026-10-06T10:49:57Z INFO [17/750] 4fa5d2eb-95dd-478f-a3fa-bdb4c02d4d80: Sackin index -0.1145; 56.5 s; peak memory 187 MiB.
2026-10-06T10:49:57Z INFO [18/750] 4fa65c96-46b3-4897-873d-4d487990d509: Sackin index -0.0702; 0.9 s; peak memory 187 MiB.
2026-10-06T10:49:58Z INFO [19/750] 4fa68fe0-5996-4b21-9d14-66fbcdf5c996: Sackin index -0.0728; 1.0 s; peak memory 187 MiB.
2026-10-06T10:49:59Z INFO [20/750] 4fa7bbcc-30c7-4464-941a-ee19fff2165c: Sackin index -0.0702; 0.9 s; peak memory 187 MiB.
2026-10-06T10:50:00Z INFO [21/750] 4faaa15d-4531-451d-ae88-73c6dfcebeb4: Sackin index -0.0702; 1.0 s; peak memory 187 MiB.
2026-10-06T10:50:01Z INFO [22/750] 4fab9566-4ac9-41ad-8a80-af2cfef7cdc0: Sackin index -0.0728; 1.0 s; peak memory 187 MiB.
2026-10-06T10:50:02Z INFO [23/750] 4fac168e-a2b3-480b-8b44-bea8899b6391: Sackin index -0.1068; 0.9 s; peak memory 187 MiB.
2026-10-06T10:50:04Z INFO [24/750] 4fac9754-96fc-4951-a6ca-6c114dfeda50: Sackin index -0.0379; 1.2 s; peak memory 187 MiB.
2026-10-06T10:51:54Z INFO [25/750] 4facf7f0-4d5f-43cb-adb1-7435d46373cb: Sackin index -0.0573; 110.3 s; peak memory 277 MiB.
2026-10-06T10:51:54Z INFO [26/750] 4faefb67-35c0-4aec-806a-076b790f67b1: Sackin index -0.1349; 0.7 s; peak memory 277 MiB.
2026-10-06T10:51:55Z INFO [27/750] 4fb029f5-0568-464c-9063-ecbf103730e7: Sackin index -0.0745; 1.0 s; peak memory 277 MiB.
2026-10-06T10:52:03Z INFO [28/750] 4fb06ab9-0076-46cc-b220-8e32dac24969: Sackin index -0.0119; 7.3 s; peak memory 277 MiB.
2026-10-06T10:52:03Z INFO [29/750] 4fb0d43f-621d-4860-8e4e-ccbf7faf2e5e: Sackin index -0.1349; 0.7 s; peak memory 277 MiB.
2026-10-06T10:52:04Z INFO [30/750] 4fb0dca2-03e6-4f3f-a1a0-de9412171026: Sackin index -0.1658; 0.6 s; peak memory 277 MiB.
2026-10-06T10:52:05Z INFO [31/750] 4fb11b07-fd5a-4a6c-be71-b4a93326e693: Sackin index -0.1356; 1.3 s; peak memory 277 MiB.
2026-10-06T10:52:06Z INFO [32/750] 4fb39014-6279-474d-bbf0-45b68989d082: Sackin index -0.0696; 0.8 s; peak memory 277 MiB.
2026-10-06T10:52:13Z INFO [33/750] 4fb3a54e-cd4f-4e8f-ab22-4649988ae499: Sackin index -0.0135; 7.2 s; peak memory 277 MiB.
2026-10-06T10:52:14Z INFO [34/750] 4fb3dcdd-7eae-495e-8d27-1ba162d11463: Sackin index -0.0728; 1.0 s; peak memory 277 MiB.
2026-10-06T10:52:15Z INFO [35/750] 4fb43026-cf72-4571-a693-48c11911c9ab: Sackin index -0.0728; 0.9 s; peak memory 277 MiB.
2026-10-06T10:52:21Z INFO [36/750] 4fb45abb-a6a1-42e0-9917-f36c67cf8929: Sackin index -0.0176; 5.6 s; peak memory 277 MiB.
2026-10-06T10:52:22Z INFO [37/750] 4fb5cc94-c4da-443f-bc3a-a6f09d6ba707: Sackin index -0.1273; 1.0 s; peak memory 277 MiB.
2026-10-06T10:54:21Z INFO [38/750] 4fb60d53-bc0b-4626-a087-733fa9f101a5: Sackin index -0.0456; 118.7 s; peak memory 292 MiB.
2026-10-06T10:54:23Z INFO [39/750] 4fb633b2-1cc9-4161-b699-d98d2aa0150a: Sackin index -0.0311; 2.5 s; peak memory 292 MiB.
2026-10-06T10:54:24Z INFO [40/750] 4fb69600-35e5-44bd-84c9-dfa6bb9cbd7e: Sackin index -0.0745; 0.8 s; peak memory 292 MiB.
2026-10-06T10:54:25Z INFO [41/750] 4fb71740-3ac2-460c-adf4-8a01080dfadc: Sackin index -0.0709; 0.8 s; peak memory 292 MiB.
2026-10-06T10:54:28Z INFO [42/750] 4fb727fa-c6fb-4aef-9751-c6b1a7f8e672: Sackin index -0.0232; 3.8 s; peak memory 292 MiB.
2026-10-06T10:57:20Z INFO [43/750] 4fb7392f-d6c6-4d3c-94c7-c20bffbdd735: Sackin index -0.1216; 171.7 s; peak memory 531 MiB.
2026-10-06T10:57:30Z INFO [44/750] 4fb751ba-3363-49c6-a1d2-fe09172c3c1c: Sackin index -0.0044; 9.3 s; peak memory 531 MiB.
2026-10-06T10:57:30Z INFO [45/750] 4fb7d5e5-fcf9-465b-8d9a-f5d4dd3993f0: Sackin index -0.1602; 0.7 s; peak memory 531 MiB.
2026-10-06T10:57:31Z INFO [46/750] 4fb7face-b9d0-4e3c-8776-4bb89dafcc08: Sackin index -0.0384; 0.7 s; peak memory 531 MiB.
2026-10-06T10:57:32Z INFO [47/750] 4fb8191a-a2c3-4481-b053-b8051c800d1e: Sackin index -0.0457; 0.8 s; peak memory 531 MiB.
2026-10-06T10:57:32Z INFO [48/750] 4fb9ee6b-32ea-4c14-bdf1-667b5e2fe1ad: Sackin index -0.1349; 0.7 s; peak memory 531 MiB.
2026-10-06T10:57:33Z INFO [49/750] 4fbb35ac-b64e-410b-97d5-e0b7f6662d5c: Sackin index -0.0702; 0.8 s; peak memory 531 MiB.
2026-10-06T10:57:43Z INFO [50/750] 4fbb81e1-39fd-4a0c-b905-918c3b10445b: Sackin index -0.1892; 9.5 s; peak memory 531 MiB.
2026-10-06T10:57:43Z INFO [50/750] 4fbb81e1-39fd-4a0c-b905-918c3b10445b: checkpointed 85386 records.
2026-10-06T10:57:49Z INFO [51/750] 4fbbaa7b-d7b5-464b-b46e-1c945b45e797: Sackin index -0.0169; 5.7 s; peak memory 531 MiB.
2026-10-06T10:57:50Z INFO [52/750] 4fbbaca7-ec35-40b6-ab8f-770fe7da9898: Sackin index -0.1349; 0.8 s; peak memory 531 MiB.
2026-10-06T10:57:50Z INFO [53/750] 4fbc3894-47c7-428b-8113-7f3e35cf8a98: Sackin index -0.0696; 0.7 s; peak memory 531 MiB.
2026-10-06T10:57:51Z INFO [54/750] 4fbc5d76-5625-486e-a3ce-3f72677cc6c4: Sackin index -0.0702; 0.8 s; peak memory 531 MiB.
2026-10-06T10:57:52Z INFO [55/750] 4fbc6fd4-910a-45ef-9849-fcf2c6dc514d: Sackin index -0.1349; 0.7 s; peak memory 531 MiB.
2026-10-06T10:57:52Z INFO [56/750] 4fbcea81-b910-48b5-8826-d299bec283ce: Sackin index -0.1349; 0.8 s; peak memory 531 MiB.
2026-10-06T10:57:53Z INFO [57/750] 4fbd0f24-f3ed-4942-85e5-e08644dcc5f1: Sackin index -0.0702; 0.7 s; peak memory 531 MiB.
2026-10-06T10:57:54Z INFO [58/750] 4fbdf575-8110-4d2f-a12c-3dbf151fff5d: Sackin index -0.1380; 0.8 s; peak memory 531 MiB.
2026-10-06T10:57:58Z INFO [59/750] 4fbe4300-a684-438e-b5a5-f820c1adc8d4: Sackin index -0.0212; 4.3 s; peak memory 531 MiB.
2026-10-06T10:58:00Z INFO [60/750] 4fbe6a61-9045-480a-9f6b-17fa22f9031e: Sackin index -0.0728; 1.3 s; peak memory 531 MiB.
2026-10-06T10:58:02Z INFO [61/750] 4fbec369-c197-478f-9530-88b336bef7f2: Sackin index -0.1657; 2.7 s; peak memory 531 MiB.
2026-10-06T10:58:04Z INFO [62/750] 4fbee75f-e358-47e8-b7f6-39a22950d36d: Sackin index -0.0941; 1.4 s; peak memory 531 MiB.
2026-10-06T10:58:49Z INFO [63/750] 4fc028f3-7864-4d06-af95-c6a80a6a88dd: Sackin index -0.0738; 45.2 s; peak memory 531 MiB.
2026-10-06T10:58:50Z INFO [64/750] 4fc09a16-7986-49b7-9bf8-0f931d42df3d: Sackin index -0.1658; 0.7 s; peak memory 531 MiB.
2026-10-06T10:58:51Z INFO [65/750] 4fc1482c-ac5e-4b86-94db-8c848953af57: Sackin index -0.0728; 1.1 s; peak memory 531 MiB.
2026-10-06T10:58:52Z INFO [66/750] 4fc20172-215d-4020-ad99-a1102d8b592d: Sackin index -0.1026; 1.0 s; peak memory 531 MiB.
2026-10-06T10:58:53Z INFO [67/750] 4fc2a7ab-a0e0-49ee-b35e-b05f0a8b557b: Sackin index -0.1408; 0.9 s; peak memory 531 MiB.
2026-10-06T10:58:54Z INFO [68/750] 4fc2e427-54db-4af6-b667-ff03276176d7: Sackin index -0.0375; 1.2 s; peak memory 531 MiB.
2026-10-06T10:58:55Z INFO [69/750] 4fc30810-4769-4cb7-874e-c667c4b60feb: Sackin index -0.0368; 0.8 s; peak memory 531 MiB.
2026-10-06T10:58:55Z INFO [70/750] 4fc3d78a-ddfb-47d0-9246-6d9e8a438ad9: Sackin index -0.1279; 0.7 s; peak memory 531 MiB.
2026-10-06T10:58:56Z INFO [71/750] 4fc45719-f75c-4dfa-80c2-3ed8ebe524b8: Sackin index -0.1349; 0.9 s; peak memory 531 MiB.
2026-10-06T10:58:57Z INFO [72/750] 4fc597be-6ab5-4608-870f-ca731b9f1d28: Sackin index -0.1273; 1.0 s; peak memory 531 MiB.
2026-10-06T10:58:58Z INFO [73/750] 4fc5d4f2-8f18-4973-a513-3cf3490dcacd: Sackin index -0.1349; 0.7 s; peak memory 531 MiB.
2026-10-06T10:59:05Z INFO [74/750] 4fc5dad3-8fe3-4a33-9c96-2eeee9688097: Sackin index -0.1310; 7.4 s; peak memory 531 MiB.
2026-10-06T10:59:06Z INFO [75/750] 4fc5f01c-f5a0-42bd-8943-a1bf47473c96: Sackin index -0.1602; 0.8 s; peak memory 531 MiB.
2026-10-06T10:59:07Z INFO [76/750] 4fc666bd-5c3b-4f6c-a0f2-4e3f7eabc28f: Sackin index -0.1178; 0.5 s; peak memory 531 MiB.
2026-10-06T10:59:07Z INFO [77/750] 4fc6949f-3dc8-4d9a-8abe-cc91a0f44fe5: Sackin index -0.1354; 0.8 s; peak memory 531 MiB.
2026-10-06T10:59:10Z INFO [78/750] 4fc6c785-7a50-4346-b736-f97f385fbf82: Sackin index -0.1293; 2.7 s; peak memory 531 MiB.
2026-10-06T10:59:11Z INFO [79/750] 4fc780dc-ba48-45f5-8cf9-07ccafecc8fe: Sackin index -0.1448; 0.5 s; peak memory 531 MiB.
2026-10-06T10:59:11Z INFO [80/750] 4fc7f82a-3050-427f-aa32-9f8c35f18c30: Sackin index -0.1658; 0.5 s; peak memory 531 MiB.
2026-10-06T10:59:12Z INFO [81/750] 4fc823f2-6152-4e5a-9459-bd4dd049b696: Sackin index -0.0696; 0.8 s; peak memory 531 MiB.
2026-10-06T11:00:01Z INFO [82/750] 4fc917c6-2700-41c5-81d1-be3af1fb770d: Sackin index -0.0682; 49.0 s; peak memory 531 MiB.
2026-10-06T11:00:03Z INFO [83/750] 4fc92b61-0822-4e87-8ea2-5a79542aa9d9: Sackin index -0.0660; 1.6 s; peak memory 531 MiB.
2026-10-06T11:00:04Z INFO [84/750] 4fc9831b-79e3-44d0-a63a-e3ef88da97c7: Sackin index -0.0379; 1.2 s; peak memory 531 MiB.
2026-10-06T11:00:05Z INFO [85/750] 4fc99513-3790-46ac-90e6-5bf33ed0b572: Sackin index -0.0275; 1.2 s; peak memory 531 MiB.
2026-10-06T11:00:07Z INFO [86/750] 4fc9b946-5e40-46a4-8449-8d27e90e0c78: Sackin index -0.0699; 1.7 s; peak memory 531 MiB.
2026-10-06T11:00:09Z INFO [87/750] 4fca1e6b-152e-49cd-85de-2fb456cf95b4: Sackin index -0.0699; 2.0 s; peak memory 531 MiB.
2026-10-06T11:00:09Z INFO [88/750] 4fcac843-cd0b-4619-bc8c-badf4d79480d: Sackin index -0.1349; 0.7 s; peak memory 531 MiB.
2026-10-06T11:00:10Z INFO [89/750] 4fcb4f32-3e3d-42f8-94d9-96c02416de99: Sackin index -0.1248; 1.0 s; peak memory 531 MiB.
2026-10-06T11:00:11Z INFO [90/750] 4fcb7668-8417-4a48-b13b-727982a44ba3: Sackin index -0.1349; 0.7 s; peak memory 531 MiB.
2026-10-06T11:00:12Z INFO [91/750] 4fcbd1d5-8842-4b70-b195-7596778a6965: Sackin index -0.1349; 0.8 s; peak memory 531 MiB.
2026-10-06T11:00:12Z INFO [92/750] 4fccd6f3-77a2-495f-b0ee-ca10b7f3c6ca: Sackin index -0.1361; 0.6 s; peak memory 531 MiB.
2026-10-06T11:00:13Z INFO [93/750] 4fcd35c0-56d1-4401-8b33-b9230b750ddb: Sackin index -0.0728; 1.1 s; peak memory 531 MiB.
2026-10-06T11:00:14Z INFO [94/750] 4fcd8062-1848-4624-a790-dc4f0d7c1bef: Sackin index -0.0702; 0.8 s; peak memory 531 MiB.
2026-10-06T11:00:15Z INFO [95/750] 4fcd8cd3-dc2e-487e-bf84-b869b354ee96: Sackin index -0.1349; 0.8 s; peak memory 531 MiB.
2026-10-06T11:00:16Z INFO [96/750] 4fceabb4-0cf9-4097-b865-8246ff779e12: Sackin index -0.0369; 1.3 s; peak memory 531 MiB.
2026-10-06T11:00:23Z INFO [97/750] 4fcf2d80-56af-4c0f-83ad-6cc0ba495e74: Sackin index -0.0279; 7.2 s; peak memory 531 MiB.
2026-10-06T11:00:24Z INFO [98/750] 4fcf366f-acba-4f5f-b8ad-26a336454c99: Sackin index -0.1349; 0.7 s; peak memory 531 MiB.
2026-10-06T11:00:26Z INFO [99/750] 4fcf834f-4ea1-4788-a84b-1594ab63aa6b: Sackin index -0.0363; 2.3 s; peak memory 531 MiB.
2026-10-06T11:00:27Z INFO [100/750] 4fd0dfe0-d238-46ec-b51e-96639bbc6254: Sackin index -0.1178; 0.7 s; peak memory 531 MiB.
2026-10-06T11:00:27Z INFO [100/750] 4fd0dfe0-d238-46ec-b51e-96639bbc6254: checkpointed 85436 records.
2026-10-06T11:00:28Z INFO [101/750] 4fd0fce9-4888-4208-9239-e8289c5ef54c: Sackin index -0.0745; 0.9 s; peak memory 531 MiB.
2026-10-06T11:00:29Z INFO [102/750] 4fd182f4-5448-4496-a797-3d18c99c08aa: Sackin index -0.1349; 0.7 s; peak memory 531 MiB.
2026-10-06T11:00:30Z INFO [103/750] 4fd1a10d-4f00-4acd-8385-a85f06b182fb: Sackin index -0.1349; 0.7 s; peak memory 531 MiB.
2026-10-06T11:00:31Z INFO [104/750] 4fd1c47f-277d-497c-acf2-cb832a246ff2: Sackin index -0.0660; 1.7 s; peak memory 531 MiB.
2026-10-06T11:00:35Z INFO [105/750] 4fd24617-3815-48d8-9425-86a6277d2651: Sackin index -0.0383; 3.8 s; peak memory 531 MiB.
2026-10-06T11:00:36Z INFO [106/750] 4fd2881a-64b4-4761-a308-3dde08814c54: Sackin index -0.0818; 1.4 s; peak memory 531 MiB.
2026-10-06T11:00:37Z INFO [107/750] 4fd339e4-51ef-430c-8447-a19ad78bb962: Sackin index -0.0434; 1.0 s; peak memory 531 MiB.
2026-10-06T11:00:38Z INFO [108/750] 4fd3ef9a-0f99-456e-997d-927c2ae10125: Sackin index -0.0728; 1.0 s; peak memory 531 MiB.
2026-10-06T11:00:39Z INFO [109/750] 4fd4e789-4e37-4a09-9af3-54056b272fb2: Sackin index -0.0728; 0.9 s; peak memory 531 MiB.
2026-10-06T11:00:43Z INFO [110/750] 4fd56071-7eb4-4682-8e25-4eba30402960: Sackin index -0.0455; 3.8 s; peak memory 531 MiB.
2026-10-06T11:00:44Z INFO [111/750] 4fd69b08-ab43-410d-b620-010da61971c4: Sackin index -0.0379; 1.1 s; peak memory 531 MiB.
2026-10-06T11:00:46Z INFO [112/750] 4fd6b111-31f5-45ad-b3f5-6094536474a1: Sackin index -0.0693; 1.8 s; peak memory 531 MiB.
2026-10-06T11:00:55Z INFO [113/750] 4fd7ed2f-2565-4630-a147-92227ad92793: Sackin index -0.0147; 9.0 s; peak memory 531 MiB.
2026-10-06T11:00:56Z INFO [114/750] 4fd80bae-7431-490f-bad5-63a65d1eb48f: Sackin index -0.0696; 0.7 s; peak memory 531 MiB.
2026-10-06T11:00:56Z INFO [115/750] 4fd890db-3a81-483d-becf-bd8a7d46ca03: Sackin index -0.1178; 0.6 s; peak memory 531 MiB.
2026-10-06T11:00:58Z INFO [116/750] 4fd951e0-609e-4217-bde0-a1c3deabe3c1: Sackin index -0.0272; 1.6 s; peak memory 531 MiB.
2026-10-06T11:00:58Z INFO [117/750] 4fd9a635-94c4-441b-9c4d-cf0037d9b909: Sackin index -0.1633; 0.6 s; peak memory 531 MiB.
2026-10-06T11:00:59Z INFO [118/750] 4fd9e085-0680-4503-9b20-90b4cff9aa00: Sackin index -0.1361; 0.6 s; peak memory 531 MiB.
2026-10-06T11:01:00Z INFO [119/750] 4fd9ebe5-c3c0-4d1c-9410-ce90222ce37c: Sackin index -0.0376; 1.0 s; peak memory 531 MiB.
2026-10-06T11:01:01Z INFO [120/750] 4fda31bb-cdc8-4297-ae95-5bd3dd00c833: Sackin index -0.0802; 1.0 s; peak memory 531 MiB.
2026-10-06T11:01:03Z INFO [121/750] 4fda8725-dc6f-4c49-959d-663ab2b2a324: Sackin index -0.0854; 2.2 s; peak memory 531 MiB.
2026-10-06T11:01:04Z INFO [122/750] 4fdac84d-12cf-456e-a4dc-0a0c311565a4: Sackin index -0.1349; 0.8 s; peak memory 531 MiB.
2026-10-06T11:01:09Z INFO [123/750] 4fdae64a-8471-4631-bc5a-1ec37b58cfe0: Sackin index -0.0172; 5.3 s; peak memory 531 MiB.
2026-10-06T11:01:10Z INFO [124/750] 4fdb322f-6422-45dc-9d0c-d2860270c522: Sackin index -0.1349; 0.7 s; peak memory 531 MiB.
2026-10-06T11:01:11Z INFO [125/750] 4fdbc9af-f618-41ae-bdaa-9e50876b4f05: Sackin index -0.1349; 0.7 s; peak memory 531 MiB.
2026-10-06T11:01:12Z INFO [126/750] 4fdd39ef-fb78-48dc-8b03-282cf8906639: Sackin index -0.1349; 0.8 s; peak memory 531 MiB.
2026-10-06T11:01:12Z INFO [127/750] 4fdda424-42b6-4359-b04c-9374a476c1b9: Sackin index -0.0685; 0.8 s; peak memory 531 MiB.
2026-10-06T11:01:20Z INFO [128/750] 4fde0171-9f57-491a-a44f-450fb1659d37: Sackin index -0.0779; 7.4 s; peak memory 531 MiB.
2026-10-06T11:01:20Z INFO [129/750] 4fde884a-8bf7-453f-82b0-bb99c56573d1: Sackin index -0.0702; 0.7 s; peak memory 531 MiB.
2026-10-06T11:01:21Z INFO [130/750] 4fdea899-c02c-4d4f-a43d-55b9e5b940ed: Sackin index -0.1349; 0.7 s; peak memory 531 MiB.
2026-10-06T11:01:22Z INFO [131/750] 4fdfd841-d154-49a8-a535-55deb8273803: Sackin index -0.1349; 0.7 s; peak memory 531 MiB.
2026-10-06T11:01:23Z INFO [132/750] 4fdffe42-8eb6-49d2-b98a-38da7b33ff24: Sackin index -0.1349; 0.7 s; peak memory 531 MiB.
2026-10-06T11:01:24Z INFO [133/750] 4fe04c12-dd14-4389-ba5f-43c8a070e902: Sackin index -0.0842; 1.8 s; peak memory 531 MiB.
2026-10-06T11:01:26Z INFO [134/750] 4fe075f2-8625-4af4-a9c7-4333423c81e9: Sackin index -0.0699; 1.6 s; peak memory 531 MiB.
2026-10-06T11:01:27Z INFO [135/750] 4fe18360-9908-4b6d-bee1-7c7704520390: Sackin index -0.0369; 0.9 s; peak memory 531 MiB.
2026-10-06T11:01:28Z INFO [136/750] 4fe1ab83-bbdf-4bb7-bb31-a406891dbdd4: Sackin index -0.1349; 0.7 s; peak memory 531 MiB.
2026-10-06T11:01:31Z INFO [137/750] 4fe241cc-5df1-43bf-9129-1b1775f95bab: Sackin index -0.0221; 3.6 s; peak memory 531 MiB.
2026-10-06T11:01:32Z INFO [138/750] 4fe38cb4-db2d-4a9c-a104-1882cfd124df: Sackin index -0.1439; 0.6 s; peak memory 531 MiB.
2026-10-06T11:01:33Z INFO [139/750] 4fe3b508-0ec7-4327-82cc-30e11865cd4a: Sackin index -0.0728; 0.9 s; peak memory 531 MiB.
2026-10-06T11:01:34Z INFO [140/750] 4fe3ef01-6a61-49b2-92e8-993c9f94e03a: Sackin index -0.0702; 0.8 s; peak memory 531 MiB.
2026-10-06T11:01:35Z INFO [141/750] 4fe644ed-276b-4a3b-ae5f-8476c025abb9: Sackin index -0.0676; 1.4 s; peak memory 531 MiB.
2026-10-06T11:01:36Z INFO [142/750] 4fe66ec8-d645-4479-9a20-7df5216bbfb0: Sackin index -0.1349; 0.9 s; peak memory 531 MiB.
2026-10-06T11:01:45Z INFO [143/750] 4fe6ece7-b353-4c8f-b2a6-8a07115523a5: Sackin index -0.1330; 8.8 s; peak memory 531 MiB.
2026-10-06T11:01:45Z INFO [144/750] 4fe723c1-f71c-4615-a6f5-b0061afc4d31: Sackin index -0.1658; 0.4 s; peak memory 531 MiB.
2026-10-06T11:01:46Z INFO [145/750] 4fe7ad24-7091-4b55-ad3a-044f3c309f98: Sackin index -0.0800; 0.7 s; peak memory 531 MiB.
2026-10-06T11:01:47Z INFO [146/750] 4fe7c278-23c5-4a67-8a54-8d33d492434d: Sackin index -0.0696; 0.9 s; peak memory 531 MiB.
2026-10-06T11:01:47Z INFO [147/750] 4fe819b3-ac9e-4562-94a8-cfc95a1e03fa: Sackin index -0.1349; 0.6 s; peak memory 531 MiB.
2026-10-06T11:01:48Z INFO [148/750] 4fe837d4-a26e-452f-a6e6-4089732b503f: Sackin index -0.0375; 1.1 s; peak memory 531 MiB.
2026-10-06T11:01:51Z INFO [149/750] 4fe8c5df-ec33-4bb2-8880-515671095433: Sackin index -0.0238; 2.9 s; peak memory 531 MiB.
2026-10-06T11:01:52Z INFO [150/750] 4fe909c8-644a-42f0-ab3d-1acbb8f1416c: Sackin index -0.1191; 0.7 s; peak memory 531 MiB.
2026-10-06T11:01:52Z INFO [150/750] 4fe909c8-644a-42f0-ab3d-1acbb8f1416c: checkpointed 85486 records.
2026-10-06T11:01:53Z INFO [151/750] 4fe95f09-f77a-4f6d-b3c0-5327ee7a9eaa: Sackin index -0.1349; 0.9 s; peak memory 531 MiB.
2026-10-06T11:01:55Z INFO [152/750] 4fec1b96-fda4-403e-8de2-540553ac8235: Sackin index -0.0234; 1.4 s; peak memory 531 MiB.
2026-10-06T11:01:58Z INFO [153/750] 4fed1832-208b-4612-8285-2209396882e1: Sackin index -0.0235; 3.1 s; peak memory 531 MiB.
2026-10-06T11:01:58Z INFO [154/750] 4fed7af7-bcdc-452a-a7c5-dbf8224d0014: Sackin index -0.1349; 0.6 s; peak memory 531 MiB.
2026-10-06T11:01:59Z INFO [155/750] 4fedd5f3-2020-479a-af3c-f2a8e9889e44: Sackin index -0.0944; 0.9 s; peak memory 531 MiB.
2026-10-06T11:02:00Z INFO [156/750] 4fede59c-ecce-44db-aa38-c0d21f49bb4e: Sackin index -0.0709; 0.7 s; peak memory 531 MiB.
2026-10-06T11:02:01Z INFO [157/750] 4fedf29d-8833-448b-9c9e-2f3d5702d657: Sackin index -0.1349; 0.8 s; peak memory 531 MiB.
2026-10-06T11:02:02Z INFO [158/750] 4fef18a8-432e-4de0-b630-9f14d5e4151e: Sackin index -0.1288; 0.8 s; peak memory 531 MiB.
2026-10-06T11:02:04Z INFO [159/750] 4fefd146-da76-455d-9d0b-8dbb1f2362df: Sackin index -0.1562; 2.2 s; peak memory 531 MiB.
2026-10-06T11:02:05Z INFO [160/750] 4ff06d2f-db45-4734-94f9-49b1eb123a18: Sackin index -0.0369; 1.5 s; peak memory 531 MiB.
2026-10-06T11:02:06Z INFO [161/750] 4ff0c451-9ee5-467e-a9ea-d4ec0a72675e: Sackin index -0.0382; 0.7 s; peak memory 531 MiB.
2026-10-06T11:02:10Z INFO [162/750] 4ff170ee-1b12-486e-b5c6-b659b3a884f8: Sackin index -0.0222; 3.8 s; peak memory 531 MiB.
2026-10-06T11:02:11Z INFO [163/750] 4ff21644-2d3b-45e5-876c-cf03d3697761: Sackin index -0.1349; 0.8 s; peak memory 531 MiB.
2026-10-06T11:02:11Z INFO [164/750] 4ff262a6-c220-4585-9311-a26defc1eca3: Sackin index -0.1248; 0.8 s; peak memory 531 MiB.
2026-10-06T11:02:12Z INFO [165/750] 4ff274d1-ec86-4748-953e-be85deb576a1: Sackin index -0.0728; 0.9 s; peak memory 531 MiB.
2026-10-06T11:02:13Z INFO [166/750] 4ff28ba7-58f7-4a83-8c0d-3783cd87de14: Sackin index -0.0728; 1.2 s; peak memory 531 MiB.
2026-10-06T11:02:14Z INFO [167/750] 4ff35f99-7940-4bb8-82a0-413d00c7ff7f: Sackin index -0.1459; 0.5 s; peak memory 531 MiB.
2026-10-06T11:02:18Z INFO [168/750] 4ff3a992-3287-4ca1-95ff-9c02cdf9d6c2: Sackin index -0.0166; 4.4 s; peak memory 531 MiB.
2026-10-06T11:02:19Z INFO [169/750] 4ff4530d-0783-483e-904b-1d0e6cd3d6b2: Sackin index -0.0702; 0.9 s; peak memory 531 MiB.
2026-10-06T11:02:20Z INFO [170/750] 4ff55093-cd5c-4140-b14e-6dc665a414df: Sackin index -0.1349; 0.7 s; peak memory 531 MiB.
2026-10-06T11:02:26Z INFO [171/750] 4ff6c7bd-1613-496c-a144-831d1e5737b3: Sackin index -0.0120; 6.2 s; peak memory 531 MiB.
2026-10-06T11:02:27Z INFO [172/750] 4ff7894d-9aef-4c11-bd12-f8a8ac73cf66: Sackin index -0.1658; 0.5 s; peak memory 531 MiB.
2026-10-06T11:02:28Z INFO [173/750] 4ff80e3f-0cd4-436c-9bf8-2a3bdfe65ec5: Sackin index -0.1349; 0.8 s; peak memory 531 MiB.
2026-10-06T11:02:40Z INFO [174/750] 4ff8a213-9d7d-4259-80ef-c06cbcb05822: Sackin index -0.0129; 12.7 s; peak memory 531 MiB.
2026-10-06T11:02:42Z INFO [175/750] 4ff9198b-9469-4e58-b77d-9b04b6f7c09f: Sackin index -0.0676; 1.5 s; peak memory 531 MiB.
2026-10-06T11:02:43Z INFO [176/750] 4ff975a7-48fd-4bae-a849-4a65619fe04c: Sackin index -0.0904; 1.3 s; peak memory 531 MiB.
2026-10-06T11:02:46Z INFO [177/750] 4ffa4f48-050f-40a3-b8b6-17e26f286e35: Sackin index -0.0415; 3.1 s; peak memory 531 MiB.
2026-10-06T11:02:53Z INFO [178/750] 4ffb6aa4-5cd0-4a80-834f-38a065ee561e: Sackin index -0.0146; 7.0 s; peak memory 531 MiB.
2026-10-06T11:02:56Z INFO [179/750] 4ffbfaaa-be93-4d2e-a2f8-8ddbf40eb2ff: Sackin index -0.0251; 3.3 s; peak memory 531 MiB.
2026-10-06T11:02:57Z INFO [180/750] 4ffc1695-584b-4535-8fca-6405e4a252dc: Sackin index -0.0702; 0.9 s; peak memory 531 MiB.
2026-10-06T11:02:58Z INFO [181/750] 4ffc9204-7028-49a3-998a-c4b4c515ce3c: Sackin index -0.0696; 0.7 s; peak memory 531 MiB.
2026-10-06T11:02:59Z INFO [182/750] 4ffceb51-8967-470f-81e9-18bd5ad36246: Sackin index -0.1349; 0.9 s; peak memory 531 MiB.
2026-10-06T11:03:04Z INFO [183/750] 4ffdc53c-fe78-4137-addb-034168a7d07b: Sackin index -0.0207; 5.1 s; peak memory 531 MiB.
2026-10-06T11:03:05Z INFO [184/750] 4ffdf038-9f46-423d-a114-72c7c3b0a330: Sackin index -0.0702; 0.9 s; peak memory 531 MiB.
2026-10-06T11:03:06Z INFO [185/750] 4ffe5d5d-7b70-4021-914c-355df77a0c58: Sackin index -0.1279; 0.7 s; peak memory 531 MiB.
2026-10-06T11:03:06Z INFO [186/750] 4ffe8c9f-06c8-4eb8-bb71-9659eb77d19b: Sackin index -0.1248; 0.7 s; peak memory 531 MiB.
2026-10-06T11:03:14Z INFO [187/750] 4ffeb391-aff0-4d37-954f-2756fd8bceb1: Sackin index -0.0284; 8.0 s; peak memory 531 MiB.
2026-10-06T11:03:15Z INFO [188/750] 4fff07f4-38f2-40cf-8610-36dc840aa514: Sackin index -0.0944; 1.0 s; peak memory 531 MiB.
2026-10-06T11:03:16Z INFO [189/750] 4fff426f-0dca-4428-89e7-fcf79c0e394e: Sackin index -0.0738; 1.1 s; peak memory 531 MiB.
2026-10-06T11:03:17Z INFO [190/750] 5000f19e-b53c-4c0c-8ff1-c3045eb29c64: Sackin index -0.1165; 0.6 s; peak memory 531 MiB.
2026-10-06T11:03:18Z INFO [191/750] 50010191-d76a-46c4-ad6a-caed9a06fb6b: Sackin index -0.0369; 1.0 s; peak memory 531 MiB.
2026-10-06T11:03:19Z INFO [192/750] 5001d6c1-e05d-4f7d-91bc-6ced0704e3a0: Sackin index -0.1349; 0.8 s; peak memory 531 MiB.
2026-10-06T11:03:19Z INFO [193/750] 50020379-3887-4a24-87d3-02b7d3542e80: Sackin index -0.1349; 0.6 s; peak memory 531 MiB.
2026-10-06T11:03:20Z INFO [194/750] 500246e4-47b3-451c-9d05-969664f2e264: Sackin index -0.0728; 0.8 s; peak memory 531 MiB.
2026-10-06T11:03:28Z INFO [195/750] 50027cd2-dac6-4bce-a4c1-3fcd472e9082: Sackin index -0.0186; 7.8 s; peak memory 531 MiB.
2026-10-06T11:03:29Z INFO [196/750] 5002eced-bac9-409f-82d2-b05e64b5aab3: Sackin index -0.0702; 0.7 s; peak memory 531 MiB.
2026-10-06T11:03:30Z INFO [197/750] 50030a46-6dff-445e-ae5a-f352298c06c4: Sackin index -0.0728; 0.9 s; peak memory 531 MiB.
2026-10-06T11:03:30Z INFO [198/750] 5003b27c-3be1-4e72-9fe2-89de4d11a1d6: Sackin index -0.1349; 0.8 s; peak memory 531 MiB.
2026-10-06T11:03:31Z INFO [199/750] 5003c529-398d-43c9-94b5-161f2ad47f2d: Sackin index -0.0728; 0.9 s; peak memory 531 MiB.
2026-10-06T11:03:32Z INFO [200/750] 50047d11-1691-45a8-9074-1d64f4fc0a7b: Sackin index -0.1658; 0.4 s; peak memory 531 MiB.
2026-10-06T11:03:32Z INFO [200/750] 50047d11-1691-45a8-9074-1d64f4fc0a7b: checkpointed 85536 records.
2026-10-06T11:03:34Z INFO [201/750] 50054435-d9b5-4da5-9a89-c14944eaf21f: Sackin index -0.0104; 2.2 s; peak memory 531 MiB.
2026-10-06T11:03:35Z INFO [202/750] 50055891-d935-4360-a93e-5a7888806323: Sackin index -0.1201; 0.7 s; peak memory 531 MiB.
2026-10-06T11:03:36Z INFO [203/750] 5005e1d4-c695-4a37-b8af-6d0405dff85e: Sackin index -0.0728; 0.9 s; peak memory 531 MiB.
2026-10-06T11:03:36Z INFO [204/750] 500629d1-b55c-4995-9ba9-d41e9019701c: Sackin index -0.1349; 0.7 s; peak memory 531 MiB.
2026-10-06T11:03:40Z INFO [205/750] 50063d35-cb60-425c-9ac6-6b66b13c2428: Sackin index -0.0415; 3.6 s; peak memory 531 MiB.
2026-10-06T11:03:41Z INFO [206/750] 500647d8-dba0-4060-b6bf-027139747d53: Sackin index -0.1349; 0.8 s; peak memory 531 MiB.
2026-10-06T11:03:47Z INFO [207/750] 5006e014-e7c1-4d3c-9071-7592b58cd00b: Sackin index -0.0124; 6.3 s; peak memory 531 MiB.
2026-10-06T11:03:48Z INFO [208/750] 5007bfed-cf80-43fe-9a6a-dc17e348119b: Sackin index -0.0728; 1.1 s; peak memory 531 MiB.
2026-10-06T11:03:49Z INFO [209/750] 500855e6-3bf5-4e01-adaf-6325e2f451f0: Sackin index -0.1349; 0.7 s; peak memory 531 MiB.
2026-10-06T11:03:49Z INFO [210/750] 5008909d-a83f-43fa-8de7-8978b718fa8a: Sackin index -0.1349; 0.6 s; peak memory 531 MiB.
2026-10-06T11:03:50Z INFO [211/750] 5008b41b-4cc1-40f4-bffb-df15827a44dc: Sackin index -0.1938; 0.6 s; peak memory 531 MiB.
2026-10-06T11:03:51Z INFO [212/750] 5008efab-86ff-4b5e-88e7-6beb3bf4e2a4: Sackin index -0.0702; 1.0 s; peak memory 531 MiB.
2026-10-06T11:03:52Z INFO [213/750] 5009b311-2f20-45fe-aa39-f95ea6e90a69: Sackin index -0.0702; 0.8 s; peak memory 531 MiB.
2026-10-06T11:03:53Z INFO [214/750] 500a2751-caf0-463c-8f30-546cda7729b7: Sackin index -0.1349; 0.8 s; peak memory 531 MiB.
2026-10-06T11:03:59Z INFO [215/750] 500aab1c-52fe-436a-ba14-f6dbabf68165: Sackin index -0.0308; 5.9 s; peak memory 531 MiB.
2026-10-06T11:03:59Z INFO [216/750] 500b5731-4205-4665-8f68-a534539b04cc: Sackin index -0.1303; 0.5 s; peak memory 531 MiB.
2026-10-06T11:04:01Z INFO [217/750] 500c90d4-2447-4639-91bc-c077db59e011: Sackin index -0.0369; 1.5 s; peak memory 531 MiB.
2026-10-06T11:04:01Z INFO [218/750] 500f5d23-5c61-4635-9192-05866a0decdb: Sackin index -0.1408; 0.7 s; peak memory 531 MiB.
2026-10-06T11:04:10Z INFO [219/750] 500f7c0d-5703-40ec-ae48-e38b5f5db401: Sackin index -0.0214; 8.6 s; peak memory 531 MiB.
2026-10-06T11:04:12Z INFO [220/750] 50102e7c-ddb5-4362-a8e6-d7e779a047f2: Sackin index -0.0660; 2.0 s; peak memory 531 MiB.
2026-10-06T11:04:14Z INFO [221/750] 5010c78b-96ae-4f0f-9974-11efabe26737: Sackin index -0.0869; 2.3 s; peak memory 531 MiB.
2026-10-06T11:04:15Z INFO [222/750] 5011c2df-1635-4894-acc3-c63af9034ec1: Sackin index -0.0379; 1.0 s; peak memory 531 MiB.
2026-10-06T11:04:17Z INFO [223/750] 501298da-8492-40ca-bcfb-45f98abac41e: Sackin index -0.0499; 2.1 s; peak memory 531 MiB.
2026-10-06T11:04:18Z INFO [224/750] 5012ff1c-a8cf-4110-93e7-3918c6a3c5da: Sackin index -0.0702; 0.7 s; peak memory 531 MiB.
2026-10-06T11:04:19Z INFO [225/750] 50132d5e-afb7-4380-9e1e-965d2303e77c: Sackin index -0.0702; 0.8 s; peak memory 531 MiB.
2026-10-06T11:04:25Z INFO [226/750] 5014473a-0b1c-466c-a3f8-3a84352f9d7b: Sackin index -0.0158; 6.1 s; peak memory 531 MiB.
2026-10-06T11:04:26Z INFO [227/750] 5014501b-fc55-4390-b34c-7d1e6dc41104: Sackin index -0.0881; 0.8 s; peak memory 531 MiB.
2026-10-06T11:04:27Z INFO [228/750] 501613d6-508b-415f-96c1-4c56b676214e: Sackin index -0.0676; 1.4 s; peak memory 531 MiB.
2026-10-06T11:04:28Z INFO [229/750] 501681c7-4358-49fe-944f-449055ab9855: Sackin index -0.0696; 1.0 s; peak memory 531 MiB.
2026-10-06T11:04:29Z INFO [230/750] 50178a64-5802-466f-81b1-f54437871a5e: Sackin index -0.1349; 0.8 s; peak memory 531 MiB.
2026-10-06T11:04:30Z INFO [231/750] 50184923-e7d0-41df-b045-0fbd717f529e: Sackin index -0.1349; 0.8 s; peak memory 531 MiB.
2026-10-06T11:04:30Z INFO [232/750] 50184e38-fe77-4079-a49a-752837259ce9: Sackin index -0.1658; 0.4 s; peak memory 531 MiB.
2026-10-06T11:04:35Z INFO [233/750] 50185b0a-5cc8-426c-a7a8-bda76bac0377: Sackin index -0.0413; 4.5 s; peak memory 531 MiB.
2026-10-06T11:04:36Z INFO [234/750] 501899e7-4418-483c-9969-c6cde9f68111: Sackin index -0.0272; 1.6 s; peak memory 531 MiB.
2026-10-06T11:04:44Z INFO [235/750] 5018f4e6-4033-4fc1-99a2-a3902725cf6f: Sackin index -0.0390; 8.3 s; peak memory 531 MiB.
2026-10-06T11:04:50Z INFO [236/750] 50193eb3-e956-4ddb-9b56-0bd1504997b6: Sackin index -0.0728; 5.8 s; peak memory 531 MiB.
2026-10-06T11:04:51Z INFO [237/750] 501997e0-ebe2-4cb9-ac96-be14e20a013b: Sackin index -0.0728; 1.0 s; peak memory 531 MiB.
2026-10-06T11:05:00Z INFO [238/750] 501a80b9-534a-476e-922f-e68cae643ffd: Sackin index -0.0101; 8.6 s; peak memory 531 MiB.
2026-10-06T11:05:01Z INFO [239/750] 501a9d1a-da55-4fbb-9749-6b2490b702a8: Sackin index -0.0728; 1.2 s; peak memory 531 MiB.
2026-10-06T11:05:08Z INFO [240/750] 501b3e0d-c4f8-4a3e-abec-1a62e9c208f8: Sackin index -0.0174; 6.5 s; peak memory 531 MiB.
2026-10-06T11:05:09Z INFO [241/750] 501b5f83-c1cc-4627-b9c0-281119db8e0b: Sackin index -0.0745; 1.0 s; peak memory 531 MiB.
2026-10-06T11:05:09Z INFO [242/750] 501b7ddd-e96d-4d72-b07c-dd228ebd1e9e: Sackin index -0.2147; 0.5 s; peak memory 531 MiB.
2026-10-06T11:05:10Z INFO [243/750] 501ce0ed-a7ab-462d-88f0-8dff38104db4: Sackin index -0.1349; 0.6 s; peak memory 531 MiB.
2026-10-06T11:05:10Z INFO [244/750] 501d18a5-1c7e-4c11-949f-1e89c795fe32: Sackin index -0.1349; 0.8 s; peak memory 531 MiB.
2026-10-06T11:05:11Z INFO [245/750] 501e403e-036c-4256-a082-377719706dd3: Sackin index -0.1658; 0.6 s; peak memory 531 MiB.
2026-10-06T11:05:17Z INFO [246/750] 501e537e-6fe5-4817-a95d-96d5022e942c: Sackin index -0.0146; 6.4 s; peak memory 531 MiB.
2026-10-06T11:05:18Z INFO [247/750] 501e70c9-750a-4e38-896f-6df905b5f45b: Sackin index -0.1191; 0.7 s; peak memory 531 MiB.
2026-10-06T11:05:39Z INFO [248/750] 501ecdf7-bedb-4e03-9e28-ed699cd6677c: Sackin index -0.1284; 20.8 s; peak memory 531 MiB.
2026-10-06T11:05:40Z INFO [249/750] 501f0894-a613-42bc-9351-23cf36d210d0: Sackin index -0.1349; 0.8 s; peak memory 531 MiB.
2026-10-06T11:05:41Z INFO [250/750] 501f12e2-3003-4531-bdb3-f8d803f46cad: Sackin index -0.1349; 0.7 s; peak memory 531 MiB.
2026-10-06T11:05:41Z INFO [250/750] 501f12e2-3003-4531-bdb3-f8d803f46cad: checkpointed 85586 records.
2026-10-06T11:05:42Z INFO [251/750] 5020b4f5-0b6f-4b64-8143-f69411fea0a9: Sackin index -0.0681; 1.3 s; peak memory 531 MiB.
2026-10-06T11:05:43Z INFO [252/750] 50214aa3-7e04-4776-a065-fc613857d5af: Sackin index -0.1349; 0.9 s; peak memory 531 MiB.
2026-10-06T11:05:44Z INFO [253/750] 5021bd3e-fecd-4ffa-bbef-5c313ddf5158: Sackin index -0.1044; 1.3 s; peak memory 531 MiB.
2026-10-06T11:05:45Z INFO [254/750] 50220f3d-15cc-42fd-9b95-5e161b07a4f7: Sackin index -0.1349; 0.7 s; peak memory 531 MiB.
2026-10-06T11:05:46Z INFO [255/750] 502211a6-b86d-4bb6-aa57-acb44fde3330: Sackin index -0.1484; 0.6 s; peak memory 531 MiB.
2026-10-06T11:05:47Z INFO [256/750] 50222897-7518-417b-93bb-fdd631291da0: Sackin index -0.0376; 1.1 s; peak memory 531 MiB.
2026-10-06T11:05:47Z INFO [257/750] 50228400-df85-4db8-aec7-b0e8c4dd3535: Sackin index -0.0881; 0.8 s; peak memory 531 MiB.
2026-10-06T11:05:56Z INFO [258/750] 5022e09f-c5b1-407d-bc76-caabca02e9ed: Sackin index -0.0666; 8.8 s; peak memory 531 MiB.
2026-10-06T11:05:58Z INFO [259/750] 50230378-3751-4064-8fff-5b0fe6ee9fa3: Sackin index -0.0699; 1.6 s; peak memory 531 MiB.
2026-10-06T11:05:59Z INFO [260/750] 502359b3-cf0c-4ad7-b996-2de00c8a533c: Sackin index -0.1349; 0.7 s; peak memory 531 MiB.
2026-10-06T11:05:59Z INFO [261/750] 502372e6-069e-499a-a868-33113fd0a8d9: Sackin index -0.2234; 0.8 s; peak memory 531 MiB.
2026-10-06T11:06:01Z INFO [262/750] 50239f4f-7d2a-46a4-aaa1-7eaf39435d9c: Sackin index -0.1072; 1.2 s; peak memory 531 MiB.
2026-10-06T11:06:02Z INFO [263/750] 5023a734-95e2-47de-8379-6321166b92b2: Sackin index -0.0728; 1.1 s; peak memory 531 MiB.
2026-10-06T11:06:03Z INFO [264/750] 50245bfc-ecce-44db-8ac1-4d68ff4b9a41: Sackin index -0.0728; 1.2 s; peak memory 531 MiB.
2026-10-06T11:06:04Z INFO [265/750] 50256926-7a6f-454f-b996-55c2791a09d7: Sackin index -0.1383; 0.9 s; peak memory 531 MiB.
2026-10-06T11:06:04Z INFO [266/750] 5025b8e3-f8e8-415e-8e21-5a44c995a1e8: Sackin index -0.1303; 0.5 s; peak memory 531 MiB.
2026-10-06T11:06:05Z INFO [267/750] 5026c60d-35c7-47dc-9735-14347c8fd029: Sackin index -0.1658; 0.9 s; peak memory 531 MiB.
2026-10-06T11:06:09Z INFO [268/750] 502726d7-7e71-4de4-ba05-bf445cef5b3b: Sackin index -0.0251; 3.3 s; peak memory 531 MiB.
2026-10-06T11:06:10Z INFO [269/750] 502730a6-3b10-40c7-8136-c144f984028a: Sackin index -0.1349; 1.1 s; peak memory 531 MiB.
2026-10-06T11:06:11Z INFO [270/750] 5027f781-fde5-4d79-87d6-a096fd1f880b: Sackin index -0.1349; 0.9 s; peak memory 531 MiB.
2026-10-06T11:06:12Z INFO [271/750] 50286f99-03a3-4708-a99f-18980a0ec281: Sackin index -0.0704; 1.9 s; peak memory 531 MiB.
2026-10-06T11:06:13Z INFO [272/750] 50289bc9-b986-4e7b-9980-fddef0cab14a: Sackin index -0.1658; 0.6 s; peak memory 531 MiB.
2026-10-06T11:06:14Z INFO [273/750] 5028b632-bf05-4459-af93-b60fe32a99ab: Sackin index -0.0696; 0.8 s; peak memory 531 MiB.
2026-10-06T11:08:17Z INFO [274/750] 5028d3a1-767a-4f92-a888-2456cbd42db7: Sackin index -0.0434; 123.0 s; peak memory 531 MiB.
2026-10-06T11:08:18Z INFO [275/750] 502955d9-6fc0-4be6-aefc-3923e2d71525: Sackin index -0.0728; 1.2 s; peak memory 531 MiB.
2026-10-06T11:08:21Z INFO [276/750] 502a564e-144f-45bc-8f3f-3b2e5c7cdf76: Sackin index -0.0416; 3.0 s; peak memory 531 MiB.
2026-10-06T11:08:22Z INFO [277/750] 502b18e2-cd47-461f-9e03-ea55bf7f33cc: Sackin index -0.0702; 0.9 s; peak memory 531 MiB.
2026-10-06T11:08:23Z INFO [278/750] 502bf671-3058-4511-a797-40f2ee209223: Sackin index -0.0702; 0.8 s; peak memory 531 MiB.
2026-10-06T11:08:23Z INFO [279/750] 502c9579-adcd-4633-814a-3da55b0d4520: Sackin index -0.1349; 0.7 s; peak memory 531 MiB.
2026-10-06T11:08:25Z INFO [280/750] 502d37d9-91e9-488f-9177-27fcda763dfe: Sackin index -0.0710; 1.9 s; peak memory 531 MiB.
2026-10-06T11:08:27Z INFO [281/750] 502dcebc-2297-4fd3-961f-770235dd9b52: Sackin index -0.1210; 1.1 s; peak memory 531 MiB.
2026-10-06T11:08:27Z INFO [282/750] 502ea861-5cd7-4d2b-a1f5-d4cff61c032d: Sackin index -0.1349; 0.8 s; peak memory 531 MiB.
2026-10-06T11:08:28Z INFO [283/750] 502ecbec-7d0e-4abe-a21b-b69e456f0353: Sackin index -0.1349; 0.7 s; peak memory 531 MiB.
2026-10-06T11:08:29Z INFO [284/750] 502edbda-6101-48e0-976e-da9112f99037: Sackin index -0.0667; 0.6 s; peak memory 531 MiB.
2026-10-06T11:08:30Z INFO [285/750] 502ee13a-7021-4344-bd6f-4aa2df40c9bd: Sackin index -0.0363; 0.8 s; peak memory 531 MiB.
2026-10-06T11:08:30Z INFO [286/750] 502ee910-77a0-409f-b18f-73acb178ea7c: Sackin index -0.1331; 0.6 s; peak memory 531 MiB.
2026-10-06T11:08:31Z INFO [287/750] 502f07b5-337d-4293-ab47-7c21a0c670c8: Sackin index -0.0728; 1.2 s; peak memory 531 MiB.
2026-10-06T11:08:33Z INFO [288/750] 502ff730-474e-4e8d-8b29-13597a00b883: Sackin index -0.0677; 1.9 s; peak memory 531 MiB.
2026-10-06T11:08:34Z INFO [289/750] 503160a9-781a-4198-b60e-5840ea9dc1d4: Sackin index -0.1938; 0.6 s; peak memory 531 MiB.
2026-10-06T11:08:35Z INFO [290/750] 50321b0e-1beb-4424-81c8-dedfce4ad277: Sackin index -0.1938; 1.5 s; peak memory 531 MiB.
2026-10-06T11:08:37Z INFO [291/750] 503325cd-b85e-4378-ad4b-4e08a284f017: Sackin index -0.0824; 1.5 s; peak memory 531 MiB.
2026-10-06T11:08:39Z INFO [292/750] 503512c9-65ea-4042-af90-19e41a07b017: Sackin index -0.0797; 2.6 s; peak memory 531 MiB.
2026-10-06T11:08:40Z INFO [293/750] 50351c1e-8f07-4d79-8479-110e8793b505: Sackin index -0.1191; 0.9 s; peak memory 531 MiB.
2026-10-06T11:08:41Z INFO [294/750] 5035622a-ee56-4caf-b5f8-b268bbd371f1: Sackin index -0.1938; 0.6 s; peak memory 531 MiB.
2026-10-06T11:08:43Z INFO [295/750] 5035920e-6199-4863-b425-9b9118365ad4: Sackin index -0.0350; 1.9 s; peak memory 531 MiB.
2026-10-06T11:08:51Z INFO [296/750] 50367f0b-1fb2-4419-b487-df57e1251cdd: Sackin index -0.0063; 7.7 s; peak memory 531 MiB.
2026-10-06T11:08:51Z INFO [297/750] 50368c43-ac5a-4b02-9699-11a630caacc2: Sackin index -0.0656; 0.7 s; peak memory 531 MiB.
2026-10-06T11:08:55Z INFO [298/750] 503736e1-e4ac-4dec-9b2c-7967a4942b28: Sackin index -0.0869; 3.3 s; peak memory 531 MiB.
2026-10-06T11:08:57Z INFO [299/750] 50373ef8-d654-4592-a516-0012173fdf9e: Sackin index -0.0694; 2.4 s; peak memory 531 MiB.
2026-10-06T11:08:59Z INFO [300/750] 50386cb3-1206-4c56-93a4-1c262c9e7a0c: Sackin index -0.0676; 2.1 s; peak memory 531 MiB.
2026-10-06T11:08:59Z INFO [300/750] 50386cb3-1206-4c56-93a4-1c262c9e7a0c: checkpointed 85636 records.
2026-10-06T11:09:01Z INFO [301/750] 50394f7c-0f05-4a1d-b89d-f46dcf949b1b: Sackin index -0.0728; 1.1 s; peak memory 531 MiB.
2026-10-06T11:09:01Z INFO [302/750] 50399b70-555b-4fbc-8d0a-b62540e5961a: Sackin index -0.0709; 0.8 s; peak memory 531 MiB.
2026-10-06T11:09:02Z INFO [303/750] 5039b14c-a78b-48bf-a5f6-a1dabf4f1012: Sackin index -0.0745; 1.0 s; peak memory 531 MiB.
2026-10-06T11:09:08Z INFO [304/750] 5039bd31-cac0-45b9-acf5-8f35aa0b4b84: Sackin index -0.0174; 5.9 s; peak memory 531 MiB.
2026-10-06T11:09:09Z INFO [305/750] 503a512b-f70c-4a78-b77a-74896b27b223: Sackin index -0.0728; 1.1 s; peak memory 531 MiB.
2026-10-06T11:09:11Z INFO [306/750] 503b7188-2149-4f7b-a90e-39fccb18af50: Sackin index -0.0693; 1.9 s; peak memory 531 MiB.
2026-10-06T11:09:12Z INFO [307/750] 503ca3a8-c3c9-4e10-a0be-dbae4ebbe29d: Sackin index -0.1349; 0.8 s; peak memory 531 MiB.
2026-10-06T11:09:19Z INFO [308/750] 503cdc06-f0f1-42d5-8f61-08e761d70a14: Sackin index -0.0161; 6.5 s; peak memory 531 MiB.
2026-10-06T11:09:19Z INFO [309/750] 503e2d5f-30dc-41d8-8002-1d68cef1cbb2: Sackin index -0.0380; 0.8 s; peak memory 531 MiB.
2026-10-06T11:09:20Z INFO [310/750] 503ecef3-9d88-4372-b1bc-7431f9da29fc: Sackin index -0.0728; 1.0 s; peak memory 531 MiB.
2026-10-06T11:12:15Z INFO [311/750] 503f4d1e-212b-4c8a-ab4d-b8b5ba40ca47: Sackin index -0.0008; 174.2 s; peak memory 708 MiB.
2026-10-06T11:12:21Z INFO [312/750] 50400073-347a-4b07-90dc-33398356b80d: Sackin index -0.0697; 6.6 s; peak memory 708 MiB.
2026-10-06T11:12:23Z INFO [313/750] 5040e665-2095-4e14-b69c-846343d93811: Sackin index -0.0272; 1.6 s; peak memory 708 MiB.
2026-10-06T11:12:24Z INFO [314/750] 50419b10-6bfc-4208-bd31-e275fd016536: Sackin index -0.0728; 0.9 s; peak memory 708 MiB.
2026-10-06T11:12:24Z INFO [315/750] 5041bb57-7e7b-42fe-812b-dd9d0a657ca0: Sackin index -0.1191; 0.7 s; peak memory 708 MiB.
2026-10-06T11:12:25Z INFO [316/750] 5041bd27-2e5d-408d-9a5f-c4646e97d9c1: Sackin index -0.1239; 0.7 s; peak memory 708 MiB.
2026-10-06T11:12:26Z INFO [317/750] 5043b077-c2eb-49b3-ba6e-52ff2d36ea17: Sackin index -0.1194; 1.0 s; peak memory 708 MiB.
2026-10-06T11:12:27Z INFO [318/750] 5043bdd0-6305-4f61-98ab-afae089c22ed: Sackin index -0.1349; 0.8 s; peak memory 708 MiB.
2026-10-06T11:12:28Z INFO [319/750] 50449dab-afbf-45df-9e2f-97937df57d4a: Sackin index -0.0709; 0.9 s; peak memory 708 MiB.
2026-10-06T11:12:29Z INFO [320/750] 5045c350-5804-4981-b15e-fb5a381704d9: Sackin index -0.0350; 1.6 s; peak memory 708 MiB.
2026-10-06T11:12:30Z INFO [321/750] 50460810-952b-4206-8bd5-9a9c2d791f91: Sackin index -0.1349; 0.9 s; peak memory 708 MiB.
2026-10-06T11:12:37Z INFO [322/750] 504622cb-21b8-4505-a20a-b17c55101ac9: Sackin index -0.0205; 7.2 s; peak memory 708 MiB.
2026-10-06T11:12:38Z INFO [323/750] 504683fa-f4c5-451c-ad8d-9ae364659a01: Sackin index -0.1349; 0.7 s; peak memory 708 MiB.
2026-10-06T11:14:33Z INFO [324/750] 5046959f-88ef-413a-aecf-33be5a1fbcb0: Sackin index -0.0573; 114.3 s; peak memory 708 MiB.
2026-10-06T11:14:34Z INFO [325/750] 50479305-1dbd-493b-acc1-f22596fd3ce6: Sackin index -0.0728; 1.2 s; peak memory 708 MiB.
2026-10-06T11:14:35Z INFO [326/750] 5047c631-ae14-4ede-a5c8-0eeef78a2e26: Sackin index -0.0745; 0.9 s; peak memory 708 MiB.
2026-10-06T11:14:35Z INFO [327/750] 50488d49-f7b0-43cb-b6bb-16b53d1e8d69: Sackin index -0.1349; 0.9 s; peak memory 708 MiB.
2026-10-06T11:14:37Z INFO [328/750] 504896e9-9a6b-45d0-b73b-12828f20b92d: Sackin index -0.1072; 1.3 s; peak memory 708 MiB.
2026-10-06T11:14:38Z INFO [329/750] 5049166d-a259-45a5-bce6-2de141a6db36: Sackin index -0.1349; 0.8 s; peak memory 708 MiB.
2026-10-06T11:14:40Z INFO [330/750] 50494d87-6d10-47e2-a5cf-f888121c0a84: Sackin index -0.0720; 2.4 s; peak memory 708 MiB.
2026-10-06T11:14:42Z INFO [331/750] 504993d9-eb94-452b-8f80-855b505eacd6: Sackin index -0.0699; 1.7 s; peak memory 708 MiB.
2026-10-06T11:14:44Z INFO [332/750] 5049c578-22aa-4284-901f-8703d6d43505: Sackin index -0.0660; 2.0 s; peak memory 708 MiB.
2026-10-06T11:14:45Z INFO [333/750] 504b3a82-22c9-4719-a711-49454c8f93ee: Sackin index -0.0728; 0.9 s; peak memory 708 MiB.
2026-10-06T11:14:45Z INFO [334/750] 504b3c6f-ea9f-4054-85a6-67d4d3dc814d: Sackin index -0.1239; 0.8 s; peak memory 708 MiB.
2026-10-06T11:14:46Z INFO [335/750] 504bdfc3-0943-4208-b849-acd692f6cbf9: Sackin index -0.0728; 0.9 s; peak memory 708 MiB.
2026-10-06T11:14:47Z INFO [336/750] 504c8cc5-28d2-4be1-91fc-d45523c9e7b5: Sackin index -0.0375; 1.1 s; peak memory 708 MiB.
2026-10-06T11:14:48Z INFO [337/750] 504c8f19-e748-4d5b-a279-ab64201369d5: Sackin index -0.1349; 0.8 s; peak memory 708 MiB.
2026-10-06T11:14:49Z INFO [338/750] 504cbb32-7468-40f7-81fe-05c2a83448cb: Sackin index -0.0802; 1.0 s; peak memory 708 MiB.
2026-10-06T11:14:50Z INFO [339/750] 504ccb41-828f-41ae-b51f-171159cf83eb: Sackin index -0.1349; 0.6 s; peak memory 708 MiB.
2026-10-06T11:14:51Z INFO [340/750] 504cfbed-c47f-4b55-a7d2-393c9d883d8b: Sackin index -0.1430; 0.9 s; peak memory 708 MiB.
2026-10-06T11:14:52Z INFO [341/750] 504e1f29-c02a-4b54-a728-f58388d610f3: Sackin index -0.0660; 1.8 s; peak memory 708 MiB.
2026-10-06T11:14:53Z INFO [342/750] 504e2269-780c-4424-bfce-db4412cfa65f: Sackin index -0.0702; 0.9 s; peak memory 708 MiB.
2026-10-06T11:14:55Z INFO [343/750] 504eb126-92f1-473a-89b6-57c28faaeb3f: Sackin index -0.0731; 1.5 s; peak memory 708 MiB.
2026-10-06T11:14:56Z INFO [344/750] 5050430c-47c4-4422-9c4e-563120c66ee6: Sackin index -0.0369; 1.5 s; peak memory 708 MiB.
2026-10-06T11:14:57Z INFO [345/750] 5050e300-c399-498a-b636-06e4f4cd65ab: Sackin index -0.0728; 1.0 s; peak memory 708 MiB.
2026-10-06T11:15:00Z INFO [346/750] 5051ecfe-3550-4f38-875b-3fac299d06a2: Sackin index -0.1062; 2.5 s; peak memory 708 MiB.
2026-10-06T11:15:01Z INFO [347/750] 5052da38-00a2-4605-a1b6-df1198b5b150: Sackin index -0.1349; 1.0 s; peak memory 708 MiB.
2026-10-06T11:15:02Z INFO [348/750] 5052f530-4789-4ff8-92d2-021526306521: Sackin index -0.1210; 1.3 s; peak memory 708 MiB.
2026-10-06T11:15:03Z INFO [349/750] 5053d34b-79cc-409b-a140-1c5f1081f065: Sackin index -0.1345; 0.6 s; peak memory 708 MiB.
2026-10-06T11:15:03Z INFO [350/750] 50545d18-c0af-4919-ab8a-aa3f49d91994: Sackin index -0.0379; 0.9 s; peak memory 708 MiB.
2026-10-06T11:15:04Z INFO [350/750] 50545d18-c0af-4919-ab8a-aa3f49d91994: checkpointed 85686 records.
2026-10-06T11:15:04Z INFO [351/750] 505460b3-9cb7-49d6-a9b6-bd4027e5126d: Sackin index -0.1448; 0.6 s; peak memory 708 MiB.
2026-10-06T11:15:05Z INFO [352/750] 5054fc2f-d9db-4604-a99e-bbcc98d3ac64: Sackin index -0.0434; 1.0 s; peak memory 708 MiB.
2026-10-06T11:15:06Z INFO [353/750] 5055075b-e88b-413e-9794-728f79094fc5: Sackin index -0.1349; 0.7 s; peak memory 708 MiB.
2026-10-06T11:15:09Z INFO [354/750] 50553989-3a05-466e-969f-745b29eacf27: Sackin index -0.0258; 2.5 s; peak memory 708 MiB.
2026-10-06T11:15:10Z INFO [355/750] 5055e6dc-b7be-4ad6-aa91-77be9139a9f1: Sackin index -0.0207; 1.0 s; peak memory 708 MiB.
2026-10-06T11:15:10Z INFO [356/750] 505645ef-8416-46f4-90d2-9833a8128166: Sackin index -0.1658; 0.5 s; peak memory 708 MiB.
2026-10-06T11:15:11Z INFO [357/750] 50568b39-66c6-4e05-8fb0-4ee08ce8d4a9: Sackin index -0.0702; 0.7 s; peak memory 708 MiB.
2026-10-06T11:15:12Z INFO [358/750] 505768fa-dd50-4f33-8936-a006d8752bb7: Sackin index -0.0702; 1.0 s; peak memory 708 MiB.
2026-10-06T11:15:13Z INFO [359/750] 50578725-695b-4d0c-95d8-61c044e81886: Sackin index -0.0728; 0.8 s; peak memory 708 MiB.
2026-10-06T11:15:15Z INFO [360/750] 505803f2-7d2e-4799-88f9-6e0a85e16cc1: Sackin index -0.0258; 2.7 s; peak memory 708 MiB.
2026-10-06T11:15:19Z INFO [361/750] 5058188c-6032-47a2-830a-c78b99f1f3df: Sackin index -0.0251; 3.4 s; peak memory 708 MiB.
2026-10-06T11:15:20Z INFO [362/750] 50593818-0aac-4383-b4bf-fb31628a5e81: Sackin index -0.0272; 1.4 s; peak memory 708 MiB.
2026-10-06T11:15:21Z INFO [363/750] 50596c92-e9f6-4217-b0c6-27620d6c9903: Sackin index -0.0702; 0.8 s; peak memory 708 MiB.
2026-10-06T11:15:21Z INFO [364/750] 5059c202-ad02-4d74-aa01-a4b8ee317d70: Sackin index -0.1658; 0.6 s; peak memory 708 MiB.
2026-10-06T11:15:22Z INFO [365/750] 5059d190-c0f7-4c54-a537-96a585192878: Sackin index -0.1349; 0.7 s; peak memory 708 MiB.
2026-10-06T11:15:24Z INFO [366/750] 505a24a4-44f4-4e59-b058-f8f07dc1b73e: Sackin index -0.0693; 1.8 s; peak memory 708 MiB.
2026-10-06T11:15:25Z INFO [367/750] 505aa4ad-d6c3-4f59-83f8-d1ce9a87b974: Sackin index -0.0709; 0.9 s; peak memory 708 MiB.
2026-10-06T11:15:26Z INFO [368/750] 505ab7ac-4d0d-4dd3-822b-dae3d951d869: Sackin index -0.0656; 0.7 s; peak memory 708 MiB.
2026-10-06T11:15:26Z INFO [369/750] 505bd956-5aa4-4cc4-9320-d94bc14700b8: Sackin index -0.1349; 0.8 s; peak memory 708 MiB.
2026-10-06T11:15:27Z INFO [370/750] 505c3c3b-81a0-480d-b65b-bd318b4d42a9: Sackin index -0.1349; 0.8 s; peak memory 708 MiB.
2026-10-06T11:15:28Z INFO [371/750] 505c4a13-0f23-4385-b4ff-4a37e28d5071: Sackin index -0.1349; 0.8 s; peak memory 708 MiB.
2026-10-06T11:15:29Z INFO [372/750] 505c67d8-0b55-4eb1-b289-d7f98ec0d381: Sackin index -0.1248; 0.8 s; peak memory 708 MiB.
2026-10-06T11:15:33Z INFO [373/750] 505c7b39-c852-429c-9275-5ab217e32221: Sackin index -0.0243; 4.0 s; peak memory 708 MiB.
2026-10-06T11:15:35Z INFO [374/750] 505d99a4-a4c1-4b7f-abad-b1be2b36925b: Sackin index -0.0658; 2.5 s; peak memory 708 MiB.
2026-10-06T11:15:36Z INFO [375/750] 505dffea-8ee1-465f-8263-613afc9ef224: Sackin index -0.0702; 0.8 s; peak memory 708 MiB.
2026-10-06T11:15:37Z INFO [376/750] 505f3533-c6fa-4521-b477-d37082d2b98f: Sackin index -0.1349; 0.7 s; peak memory 708 MiB.
2026-10-06T11:15:38Z INFO [377/750] 505fe3c2-0357-4f34-a15a-3cf5537d098d: Sackin index -0.0748; 0.9 s; peak memory 708 MiB.
2026-10-06T11:15:38Z INFO [378/750] 506049ea-dc09-470b-9d9e-43f01ea16f1e: Sackin index -0.1349; 0.7 s; peak memory 708 MiB.
2026-10-06T11:15:58Z INFO [379/750] 50610a40-184b-4035-9faa-1e6b80803fa6: Sackin index -0.1367; 19.3 s; peak memory 708 MiB.
2026-10-06T11:15:59Z INFO [380/750] 50615559-528b-4ec8-8b1d-56dde19cd7a7: Sackin index -0.1273; 0.9 s; peak memory 708 MiB.
2026-10-06T11:16:00Z INFO [381/750] 506232a5-bb0b-40a4-ac45-9cef7dc5f436: Sackin index -0.1349; 0.8 s; peak memory 708 MiB.
2026-10-06T11:16:01Z INFO [382/750] 5062a106-725a-4833-ad91-2aba44f53939: Sackin index -0.0173; 1.3 s; peak memory 708 MiB.
2026-10-06T11:16:02Z INFO [383/750] 50633f67-17c1-4634-b4cf-7281e8fa5a98: Sackin index -0.0383; 1.1 s; peak memory 708 MiB.
2026-10-06T11:16:04Z INFO [384/750] 5063b8cc-722e-4b66-9ce2-24573672f117: Sackin index -0.0660; 2.2 s; peak memory 708 MiB.
2026-10-06T11:16:11Z INFO [385/750] 5063f384-b89a-4f78-ba96-a225ecc9f42f: Sackin index -0.0205; 7.0 s; peak memory 708 MiB.
2026-10-06T11:16:12Z INFO [386/750] 5064011b-3511-461d-bd01-69ad7125c24c: Sackin index -0.0702; 0.8 s; peak memory 708 MiB.
2026-10-06T11:16:15Z INFO [387/750] 50660259-3cf1-4c47-a57a-201e3553d5c0: Sackin index -0.0250; 2.9 s; peak memory 708 MiB.
2026-10-06T11:16:16Z INFO [388/750] 50662ee3-de1a-4767-8812-d67b21b7879c: Sackin index -0.0272; 1.8 s; peak memory 708 MiB.
2026-10-06T11:16:17Z INFO [389/750] 5066c509-e1b0-4922-903f-15dbaaa63d8c: Sackin index -0.1448; 0.6 s; peak memory 708 MiB.
2026-10-06T11:16:25Z INFO [390/750] 5066f6f5-466d-4606-a66d-2d175721517d: Sackin index -0.0027; 8.0 s; peak memory 708 MiB.
2026-10-06T11:16:26Z INFO [391/750] 506901a8-1cf7-4f84-83fa-7a7c2582a12c: Sackin index -0.0375; 1.0 s; peak memory 708 MiB.
2026-10-06T11:16:29Z INFO [392/750] 50698320-e494-44f5-a8a8-3ca85d56c4b9: Sackin index -0.0403; 3.3 s; peak memory 708 MiB.
2026-10-06T11:16:30Z INFO [393/750] 5069d55d-9ccb-41ba-9fc0-6c76091cbd30: Sackin index -0.1349; 0.6 s; peak memory 708 MiB.
2026-10-06T11:16:31Z INFO [394/750] 506a2002-a237-4c51-a22b-9c5e3bad5aee: Sackin index -0.1383; 0.8 s; peak memory 708 MiB.
2026-10-06T11:17:15Z INFO [395/750] 506a8df1-90b0-49c0-8d1c-bca17d16aa62: Sackin index -0.1076; 43.7 s; peak memory 708 MiB.
2026-10-06T11:17:15Z INFO [396/750] 506ad755-f8c6-4153-9571-0b67d652d5a2: Sackin index -0.1303; 0.5 s; peak memory 708 MiB.
2026-10-06T11:17:16Z INFO [397/750] 506af16d-b9ce-4c30-a7a5-fea4e0de1b7b: Sackin index -0.1349; 0.7 s; peak memory 708 MiB.
2026-10-06T11:17:16Z INFO [398/750] 506b86e1-efe7-45ca-a1b9-2e4b75f4b917: Sackin index -0.1191; 0.6 s; peak memory 708 MiB.
2026-10-06T11:17:19Z INFO [399/750] 506c448d-304e-4b3e-8d24-bd262701426f: Sackin index -0.1476; 3.1 s; peak memory 708 MiB.
2026-10-06T11:17:20Z INFO [400/750] 506cc164-2834-46e1-a9fe-4fcfc4a52fa0: Sackin index -0.0746; 0.9 s; peak memory 708 MiB.
2026-10-06T11:17:20Z INFO [400/750] 506cc164-2834-46e1-a9fe-4fcfc4a52fa0: checkpointed 85736 records.
2026-10-06T11:17:21Z INFO [401/750] 506dc1bf-712a-4ea7-a4c0-928b7c355622: Sackin index -0.3646; 0.5 s; peak memory 708 MiB.
2026-10-06T11:17:22Z INFO [402/750] 506ee4cf-6ef4-4bea-b0d5-c3d5cbcee813: Sackin index -0.1248; 0.8 s; peak memory 708 MiB.
2026-10-06T11:17:23Z INFO [403/750] 506f41bd-60af-4907-a0e9-b998e0f01935: Sackin index -0.0709; 0.9 s; peak memory 708 MiB.
2026-10-06T11:17:25Z INFO [404/750] 506f435a-1ec8-44dd-863b-15a4f99f4212: Sackin index -0.0660; 1.9 s; peak memory 708 MiB.
2026-10-06T11:17:25Z INFO [405/750] 5070113b-242c-470a-9cb4-861ac87a7568: Sackin index -0.1248; 0.8 s; peak memory 708 MiB.
2026-10-06T11:17:28Z INFO [406/750] 50722c2d-e3f1-4b0a-80fd-3570e2f11df4: Sackin index -0.0442; 2.3 s; peak memory 708 MiB.
2026-10-06T11:17:29Z INFO [407/750] 507257cb-9c77-47e6-8826-10f8815dfa7f: Sackin index -0.0272; 1.6 s; peak memory 708 MiB.
2026-10-06T11:17:30Z INFO [408/750] 50726f63-912b-446b-8495-192f1719c344: Sackin index -0.1349; 0.8 s; peak memory 708 MiB.
2026-10-06T11:17:31Z INFO [409/750] 50743af5-b763-43e6-bf49-88b6d93af0d3: Sackin index -0.0696; 1.0 s; peak memory 708 MiB.
2026-10-06T11:17:32Z INFO [410/750] 5074cb81-804b-4f8a-9173-55f78a7591c0: Sackin index -0.1349; 0.7 s; peak memory 708 MiB.
2026-10-06T11:17:33Z INFO [411/750] 5074dd0a-c005-4c2b-97ca-28bd07051c05: Sackin index -0.0941; 1.3 s; peak memory 708 MiB.
2026-10-06T11:17:34Z INFO [412/750] 50760348-ebb1-45a6-bbd8-0a18d5db5f54: Sackin index -0.1349; 0.8 s; peak memory 708 MiB.
2026-10-06T11:23:12Z INFO [413/750] 50769b23-139f-4c42-b96a-1e5095379e29: Sackin index -0.0668; 338.2 s; peak memory 1137 MiB.
2026-10-06T11:23:13Z INFO [414/750] 5076a1f4-aedc-472e-bda1-51d3a0ad0d25: Sackin index -0.1349; 0.9 s; peak memory 1137 MiB.
2026-10-06T11:23:14Z INFO [415/750] 5076dd47-b614-4c86-b52f-53070747c27f: Sackin index -0.1938; 0.6 s; peak memory 1137 MiB.
2026-10-06T11:23:15Z INFO [416/750] 5077d38a-258d-4312-a3ad-bc489aad9952: Sackin index -0.0375; 1.2 s; peak memory 1137 MiB.
2026-10-06T11:23:16Z INFO [417/750] 5077f70b-9ac8-40e1-873d-ff457e0f1c51: Sackin index -0.0728; 1.0 s; peak memory 1137 MiB.
2026-10-06T11:23:17Z INFO [418/750] 5078d530-f83e-4650-a244-4d58417d0d7b: Sackin index -0.1349; 0.8 s; peak memory 1137 MiB.
2026-10-06T11:23:18Z INFO [419/750] 50794ad7-7361-4bfe-b28f-8a1043b405b1: Sackin index -0.0702; 0.8 s; peak memory 1137 MiB.
2026-10-06T11:23:18Z INFO [420/750] 5079e2fa-e893-49af-812f-89d43a563f73: Sackin index -0.1349; 0.8 s; peak memory 1137 MiB.
2026-10-06T11:23:19Z INFO [421/750] 5079fc6a-2da7-4bc8-a436-0c92b08acaaf: Sackin index -0.0702; 0.8 s; peak memory 1137 MiB.
2026-10-06T11:23:20Z INFO [422/750] 507a6549-8e96-4654-980a-1c48d6386885: Sackin index -0.0728; 0.9 s; peak memory 1137 MiB.
2026-10-06T11:23:21Z INFO [423/750] 507aa095-f6df-4862-89b4-96e977611553: Sackin index -0.0728; 0.9 s; peak memory 1137 MiB.
2026-10-06T11:23:22Z INFO [424/750] 507b3a1b-f054-4e39-b11c-81f1685e1a29: Sackin index -0.1349; 0.8 s; peak memory 1137 MiB.
2026-10-06T11:23:22Z INFO [425/750] 507baaac-74fc-46d3-8940-84778b95484a: Sackin index -0.1161; 0.7 s; peak memory 1137 MiB.
2026-10-06T11:23:23Z INFO [426/750] 507be56f-87a4-454d-a977-b7a75cf057b9: Sackin index -0.0709; 0.9 s; peak memory 1137 MiB.
2026-10-06T11:23:30Z INFO [427/750] 507c02f7-a7a9-456e-982f-48941a321cdd: Sackin index -0.0034; 7.0 s; peak memory 1137 MiB.
2026-10-06T11:23:31Z INFO [428/750] 507cbe92-26b9-42db-9f6f-a582040d6434: Sackin index -0.1466; 0.8 s; peak memory 1137 MiB.
2026-10-06T11:23:33Z INFO [429/750] 507cf8c1-75f4-4693-9c2a-44cfc08a56a5: Sackin index -0.0783; 1.6 s; peak memory 1137 MiB.
2026-10-06T11:23:33Z INFO [430/750] 507d777e-c95a-4d18-97f9-4fd30e3c586d: Sackin index -0.1349; 0.7 s; peak memory 1137 MiB.
2026-10-06T11:23:43Z INFO [431/750] 507e34ab-768e-4554-b044-ca74406a3d53: Sackin index -0.0149; 9.1 s; peak memory 1137 MiB.
2026-10-06T11:23:44Z INFO [432/750] 507ee234-d45e-4871-8b07-2463a6fcbe49: Sackin index -0.0369; 1.6 s; peak memory 1137 MiB.
2026-10-06T11:23:45Z INFO [433/750] 507f5340-b66d-47e1-ba99-3fcc601185e0: Sackin index -0.1178; 0.6 s; peak memory 1137 MiB.
2026-10-06T11:23:46Z INFO [434/750] 507f84ad-114d-40ee-bf32-624604f49273: Sackin index -0.0728; 0.8 s; peak memory 1137 MiB.
2026-10-06T11:23:47Z INFO [435/750] 50809945-6c58-418c-b425-06f1ff78197a: Sackin index -0.0660; 1.9 s; peak memory 1137 MiB.
2026-10-06T11:23:48Z INFO [436/750] 5080b210-eb55-4aeb-96e8-b1cf71eaaea2: Sackin index -0.1380; 0.9 s; peak memory 1137 MiB.
2026-10-06T11:23:49Z INFO [437/750] 50810d06-e10c-42fa-ad7a-ddc386fdbcd6: Sackin index -0.1602; 1.0 s; peak memory 1137 MiB.
2026-10-06T11:24:06Z INFO [438/750] 50824ad6-adf5-4eff-9e32-25d886701932: Sackin index -0.1367; 16.8 s; peak memory 1137 MiB.
2026-10-06T11:24:07Z INFO [439/750] 5082ad15-4835-4bc6-91d0-dba9cebe86d4: Sackin index -0.0709; 1.0 s; peak memory 1137 MiB.
2026-10-06T11:24:08Z INFO [440/750] 5082d6a6-65be-410a-9335-f066479b032d: Sackin index -0.1349; 0.8 s; peak memory 1137 MiB.
2026-10-06T11:53:13Z INFO [441/750] 508346b7-5ed0-4590-b62e-228b86e72970: Sackin index -0.1198; 1744.7 s; peak memory 1165 MiB.
2026-10-06T11:53:13Z INFO [442/750] 50834841-f364-4049-a4fe-6f244b7cdd75: Sackin index -0.0656; 0.8 s; peak memory 1165 MiB.
2026-10-06T11:53:14Z INFO [443/750] 50837b9e-c579-4f54-8714-75ce7eb91647: Sackin index -0.0745; 1.0 s; peak memory 1165 MiB.
2026-10-06T11:53:16Z INFO [444/750] 50837d81-f4c4-489d-9652-e58e16371b5a: Sackin index -0.1938; 1.4 s; peak memory 1165 MiB.
2026-10-06T11:53:17Z INFO [445/750] 508385a7-1fef-477b-bc9d-e0b4971cd6f2: Sackin index -0.1349; 0.9 s; peak memory 1165 MiB.
2026-10-06T11:53:18Z INFO [446/750] 5084530e-08d2-416e-a00f-792800f6c4ab: Sackin index -0.0379; 0.9 s; peak memory 1165 MiB.
2026-10-06T11:53:19Z INFO [447/750] 5087187c-0b26-4665-b3c4-05dc16bc0ca7: Sackin index -0.0699; 1.8 s; peak memory 1165 MiB.
2026-10-06T11:53:20Z INFO [448/750] 508733a3-18a6-4742-9b58-4a1239eff7e5: Sackin index -0.1191; 0.7 s; peak memory 1165 MiB.
2026-10-06T11:53:21Z INFO [449/750] 5087b69a-abe8-419a-be1e-70f158a38504: Sackin index -0.1201; 0.7 s; peak memory 1165 MiB.
2026-10-06T11:53:24Z INFO [450/750] 5088251b-2bd5-4a38-8fb0-7dbfd2f076f8: Sackin index -0.0231; 2.9 s; peak memory 1165 MiB.
2026-10-06T11:53:24Z INFO [450/750] 5088251b-2bd5-4a38-8fb0-7dbfd2f076f8: checkpointed 85786 records.
2026-10-06T11:53:25Z INFO [451/750] 508898e2-4545-4115-9e4d-5c5fdcd51e53: Sackin index -0.0376; 1.0 s; peak memory 1165 MiB.
2026-10-06T11:53:26Z INFO [452/750] 5088d69d-d972-412c-96da-9bcd7122e085: Sackin index -0.0702; 0.9 s; peak memory 1165 MiB.
2026-10-06T11:53:27Z INFO [453/750] 508982fb-157e-4ed1-a4ff-ba9f90dd303d: Sackin index -0.1224; 1.6 s; peak memory 1165 MiB.
2026-10-06T11:53:28Z INFO [454/750] 50899f53-e950-457c-b439-799d38025867: Sackin index -0.1265; 1.0 s; peak memory 1165 MiB.
2026-10-06T11:53:29Z INFO [455/750] 508a2a4f-c41d-454c-81b9-053909a3e16a: Sackin index -0.1298; 0.6 s; peak memory 1165 MiB.
2026-10-06T11:53:30Z INFO [456/750] 508bf851-f117-47d4-a820-1c3c1a3c3a22: Sackin index -0.1349; 0.8 s; peak memory 1165 MiB.
2026-10-06T11:53:31Z INFO [457/750] 508c164e-08f2-4dc5-8095-8fc547be06a7: Sackin index -0.0275; 1.1 s; peak memory 1165 MiB.
2026-10-06T11:53:32Z INFO [458/750] 508d5e6e-a259-4174-bb2c-26e5b41ba34a: Sackin index -0.1349; 0.8 s; peak memory 1165 MiB.
2026-10-06T11:53:39Z INFO [459/750] 508db30b-d439-40bb-b7d5-31dfe2a38d25: Sackin index -0.0166; 7.0 s; peak memory 1165 MiB.
2026-10-06T11:53:39Z INFO [460/750] 508dcb29-01fb-4d20-8332-29ae49748234: Sackin index -0.1658; 0.4 s; peak memory 1165 MiB.
2026-10-06T11:55:38Z INFO [461/750] 508e3765-c2b0-4857-9d4f-0b4574823b9f: Sackin index -0.0450; 118.5 s; peak memory 1165 MiB.
2026-10-06T11:55:39Z INFO [462/750] 508e7a81-4375-42b5-9c44-6c91885d1d91: Sackin index -0.0728; 1.1 s; peak memory 1165 MiB.
2026-10-06T11:55:40Z INFO [463/750] 508f32bc-c3f2-4553-8f0f-bc631972325e: Sackin index -0.1349; 0.8 s; peak memory 1165 MiB.
2026-10-06T11:55:41Z INFO [464/750] 508f42bf-f854-4749-8bcb-0e346075cef6: Sackin index -0.0272; 1.9 s; peak memory 1165 MiB.
2026-10-06T11:55:44Z INFO [465/750] 508fbb02-09f0-4c54-a8d6-c94b0990ba52: Sackin index -0.0189; 3.0 s; peak memory 1165 MiB.
2026-10-06T11:55:45Z INFO [466/750] 508fd801-88f0-4fd8-8dd8-cd0bc50319e7: Sackin index -0.0702; 0.8 s; peak memory 1165 MiB.
2026-10-06T11:55:47Z INFO [467/750] 50902e42-4cff-4619-8577-9f6318b39124: Sackin index -0.0699; 1.9 s; peak memory 1165 MiB.
2026-10-06T11:55:49Z INFO [468/750] 5090a5da-ddb6-49cf-88ba-a96000a11a6f: Sackin index -0.1938; 1.5 s; peak memory 1165 MiB.
2026-10-06T11:55:55Z INFO [469/750] 50913268-86ec-4951-b7ff-25c463e68598: Sackin index -0.0144; 6.3 s; peak memory 1165 MiB.
2026-10-06T11:55:59Z INFO [470/750] 50913766-d339-48a7-a322-648d98f4a178: Sackin index -0.0450; 3.8 s; peak memory 1165 MiB.
2026-10-06T11:56:00Z INFO [471/750] 509212f5-bf38-40b4-8d7e-a0dd3ea60584: Sackin index -0.0709; 0.9 s; peak memory 1165 MiB.
2026-10-06T11:56:00Z INFO [472/750] 50928165-6423-4b26-a5e7-d96870e846ec: Sackin index -0.1331; 0.7 s; peak memory 1165 MiB.
2026-10-06T11:56:01Z INFO [473/750] 50936924-0d8c-49ad-b868-33a203435360: Sackin index -0.1658; 0.4 s; peak memory 1165 MiB.
2026-10-06T11:56:02Z INFO [474/750] 5093c941-4595-4520-825d-53ad90e13747: Sackin index -0.0883; 0.8 s; peak memory 1165 MiB.
2026-10-06T11:56:03Z INFO [475/750] 5093e911-7323-48da-9455-d545dd14251c: Sackin index -0.1383; 1.0 s; peak memory 1165 MiB.
2026-10-06T11:56:04Z INFO [476/750] 5093fe71-ec28-4e64-9bd4-0113c96a016d: Sackin index -0.1938; 1.5 s; peak memory 1165 MiB.
2026-10-06T11:56:05Z INFO [477/750] 5094d476-8a7c-4eb1-a392-97664506ca19: Sackin index -0.1349; 0.8 s; peak memory 1165 MiB.
2026-10-06T11:56:06Z INFO [478/750] 5094e461-6a9c-4a47-b2fb-79d2b76ff8ff: Sackin index -0.1273; 1.0 s; peak memory 1165 MiB.
2026-10-06T11:56:07Z INFO [479/750] 5094f84d-0629-45e9-866f-32fc63959bf6: Sackin index -0.0386; 0.8 s; peak memory 1165 MiB.
2026-10-06T11:56:09Z INFO [480/750] 50950f4b-d4e8-4742-9501-7a2307c85ca8: Sackin index -0.0689; 1.9 s; peak memory 1165 MiB.
2026-10-06T11:56:18Z INFO [481/750] 50951ab7-3dcb-4ec1-93ea-a51123921887: Sackin index -0.1892; 9.7 s; peak memory 1165 MiB.
2026-10-06T11:56:19Z INFO [482/750] 5095cf85-5529-4f82-83c3-f51912846dad: Sackin index -0.0728; 0.9 s; peak memory 1165 MiB.
2026-10-06T11:56:39Z INFO [483/750] 50960099-1b3a-4d46-8ac5-16a06c7076bf: Sackin index -0.1367; 20.1 s; peak memory 1165 MiB.
2026-10-06T11:56:41Z INFO [484/750] 50964792-8542-4026-8d72-5f527566e858: Sackin index -0.0699; 1.5 s; peak memory 1165 MiB.
2026-10-06T11:56:47Z INFO [485/750] 509659e8-cf00-478f-83dc-0f529d99c3e0: Sackin index -0.0189; 6.4 s; peak memory 1165 MiB.
2026-10-06T11:56:48Z INFO [486/750] 50971882-307f-4ddf-9d33-7f8e63614316: Sackin index -0.0709; 0.7 s; peak memory 1165 MiB.
2026-10-06T11:57:15Z INFO [487/750] 50989a76-16e6-4cc6-953d-bf1d409fe13d: Sackin index -0.0055; 27.0 s; peak memory 1165 MiB.
2026-10-06T11:57:20Z INFO [488/750] 5098a86f-083e-4ead-bbdb-19c5b227f06c: Sackin index -0.2073; 5.0 s; peak memory 1165 MiB.
2026-10-06T11:57:23Z INFO [489/750] 5098db94-cba3-4456-a8dc-695ff7e1e876: Sackin index -0.1062; 2.8 s; peak memory 1165 MiB.
2026-10-06T11:57:24Z INFO [490/750] 509983c6-d827-4df2-add9-ea8b00dd89ba: Sackin index -0.0702; 1.1 s; peak memory 1165 MiB.
2026-10-06T11:57:31Z INFO [491/750] 5099fe73-af40-4311-8173-1213da5b5f9b: Sackin index -0.0293; 6.6 s; peak memory 1165 MiB.
2026-10-06T11:57:31Z INFO [492/750] 509a706c-5c76-4159-909c-13e8c816af79: Sackin index -0.1390; 0.8 s; peak memory 1165 MiB.
2026-10-06T11:57:34Z INFO [493/750] 509b1a0d-f731-47cb-8eed-9606fbcc7e18: Sackin index -0.0635; 3.2 s; peak memory 1165 MiB.
2026-10-06T11:57:37Z INFO [494/750] 509b4c9f-30b6-443c-8cf4-b725dd4b596f: Sackin index -0.0648; 2.1 s; peak memory 1165 MiB.
2026-10-06T11:57:37Z INFO [495/750] 509bd1bf-22d6-4aef-b786-6f47ac007cc9: Sackin index -0.1349; 0.7 s; peak memory 1165 MiB.
2026-10-06T11:57:38Z INFO [496/750] 509be1e3-edf9-48de-955a-66e03dd6d4f7: Sackin index -0.0370; 1.1 s; peak memory 1165 MiB.
2026-10-06T11:57:40Z INFO [497/750] 509be405-60b3-4eec-be50-a1f824944229: Sackin index -0.0676; 1.5 s; peak memory 1165 MiB.
2026-10-06T11:57:43Z INFO [498/750] 509d1ae7-05a4-44f3-81fe-0118665b99b6: Sackin index -0.0238; 3.4 s; peak memory 1165 MiB.
2026-10-06T11:57:44Z INFO [499/750] 509d8d2f-d224-44bb-bf1a-fb10ef1cdf5c: Sackin index -0.1331; 0.6 s; peak memory 1165 MiB.
2026-10-06T11:57:45Z INFO [500/750] 509e7843-6d04-48a1-9821-27b5941428f7: Sackin index -0.0676; 1.4 s; peak memory 1165 MiB.
2026-10-06T11:57:46Z INFO [500/750] 509e7843-6d04-48a1-9821-27b5941428f7: checkpointed 85836 records.
2026-10-06T11:57:46Z INFO [501/750] 509ea27c-e439-4755-99ff-dfbe49189f00: Sackin index -0.0696; 0.7 s; peak memory 1165 MiB.
2026-10-06T11:57:48Z INFO [502/750] 509f3456-c921-45be-b946-94d1556f4d6a: Sackin index -0.1224; 1.2 s; peak memory 1165 MiB.
2026-10-06T11:57:52Z INFO [503/750] 509fbfa1-6e61-4f32-b9e4-f19b610f6bb3: Sackin index -0.0439; 4.0 s; peak memory 1165 MiB.
2026-10-06T11:57:55Z INFO [504/750] 509ff594-3111-4ee5-a263-371997f361e3: Sackin index -0.0403; 3.2 s; peak memory 1165 MiB.
2026-10-06T11:57:56Z INFO [505/750] 50a068d6-8484-4db7-aa3a-2e8d7546cb17: Sackin index -0.0728; 0.9 s; peak memory 1165 MiB.
2026-10-06T11:57:56Z INFO [506/750] 50a0cff9-db6a-42c0-b623-1e7a8a3fc485: Sackin index -0.1349; 0.7 s; peak memory 1165 MiB.
2026-10-06T11:57:57Z INFO [507/750] 50a20844-af9e-4a99-b6d1-200d9692a7fc: Sackin index -0.1658; 0.6 s; peak memory 1165 MiB.
2026-10-06T11:57:58Z INFO [508/750] 50a247d6-f724-431b-b18f-58b05be46588: Sackin index -0.0702; 0.8 s; peak memory 1165 MiB.
2026-10-06T11:57:58Z INFO [509/750] 50a337c9-2d25-46a1-87d1-69ce2d520579: Sackin index -0.1349; 0.7 s; peak memory 1165 MiB.
2026-10-06T11:57:59Z INFO [510/750] 50a3ab69-c549-4ef8-9805-e885eb0d9d60: Sackin index -0.1120; 0.6 s; peak memory 1165 MiB.
2026-10-06T11:58:00Z INFO [511/750] 50a3cd1e-68c2-4dcb-97f6-58e5f3ae21f6: Sackin index -0.0728; 1.0 s; peak memory 1165 MiB.
2026-10-06T11:58:01Z INFO [512/750] 50a3fcc3-c2fe-4fba-8127-4334e5133233: Sackin index -0.1349; 0.7 s; peak memory 1165 MiB.
2026-10-06T11:58:01Z INFO [513/750] 50a51507-c6d7-4ccc-a875-e4e77259920e: Sackin index -0.1349; 0.7 s; peak memory 1165 MiB.
2026-10-06T11:58:03Z INFO [514/750] 50a64907-d3ba-47a6-88e9-65a987b2dcd2: Sackin index -0.0676; 1.7 s; peak memory 1165 MiB.
2026-10-06T11:58:04Z INFO [515/750] 50a65349-1811-47bc-bfb0-61029f6110fd: Sackin index -0.0702; 0.8 s; peak memory 1165 MiB.
2026-10-06T11:58:05Z INFO [516/750] 50a6773f-9cc2-403b-aba5-e6aa6e91c4f7: Sackin index -0.0952; 1.2 s; peak memory 1165 MiB.
2026-10-06T11:58:06Z INFO [517/750] 50a6a292-aaab-4c18-86b0-db5603b8ac37: Sackin index -0.1349; 0.7 s; peak memory 1165 MiB.
2026-10-06T11:58:06Z INFO [518/750] 50a6baac-b555-4dda-82f7-13879d549a08: Sackin index -0.1062; 0.8 s; peak memory 1165 MiB.
2026-10-06T11:58:12Z INFO [519/750] 50a7ddef-2916-41a0-8878-7082b3db6f0d: Sackin index -0.0146; 5.9 s; peak memory 1165 MiB.
2026-10-06T11:58:13Z INFO [520/750] 50a81273-caec-48e0-9e02-be187e513827: Sackin index -0.0728; 0.9 s; peak memory 1165 MiB.
2026-10-06T11:58:18Z INFO [521/750] 50a8d457-9a46-450e-bed1-7fb225b275be: Sackin index -0.0286; 4.8 s; peak memory 1165 MiB.
2026-10-06T11:58:19Z INFO [522/750] 50a8e7d8-fb45-4036-956a-8e225d94d490: Sackin index -0.1461; 0.6 s; peak memory 1165 MiB.
2026-10-06T11:58:20Z INFO [523/750] 50a9151e-4847-47bf-a119-56e8fc8ef7a6: Sackin index -0.0699; 1.6 s; peak memory 1165 MiB.
2026-10-06T11:58:22Z INFO [524/750] 50a9bc18-d651-4e9a-8d14-83fc19c76a10: Sackin index -0.0797; 2.0 s; peak memory 1165 MiB.
2026-10-06T11:58:30Z INFO [525/750] 50a9d4f5-2691-457d-9463-80cee949b389: Sackin index -0.0138; 7.8 s; peak memory 1165 MiB.
2026-10-06T11:58:31Z INFO [526/750] 50a9f598-f455-416b-9716-a838ef301715: Sackin index -0.1349; 0.7 s; peak memory 1165 MiB.
2026-10-06T11:58:41Z INFO [527/750] 50aada55-7038-4ea4-97ad-e65ebfa5610e: Sackin index -0.0128; 10.2 s; peak memory 1165 MiB.
2026-10-06T11:58:43Z INFO [528/750] 50ab7579-d6fa-4edc-a1b7-630dade8fb93: Sackin index -0.1266; 2.2 s; peak memory 1165 MiB.
2026-10-06T11:58:44Z INFO [529/750] 50ab8341-1511-4c41-809a-c7c9ae96a7bf: Sackin index -0.0369; 1.2 s; peak memory 1165 MiB.
2026-10-06T11:58:52Z INFO [530/750] 50ad1d44-bd50-4f6e-ba51-af57f6949fb9: Sackin index -0.0027; 7.2 s; peak memory 1165 MiB.
2026-10-06T11:58:52Z INFO [531/750] 50ae4b77-cb10-4c9d-afd0-4c634aa57e88: Sackin index -0.1051; 0.7 s; peak memory 1165 MiB.
2026-10-06T11:58:53Z INFO [532/750] 50aea068-021a-429a-8d62-4bb595ab0e97: Sackin index -0.1349; 1.0 s; peak memory 1165 MiB.
2026-10-06T11:58:54Z INFO [533/750] 50af807a-7efb-4402-bc72-cb1f2c6b2f55: Sackin index -0.1349; 0.8 s; peak memory 1165 MiB.
2026-10-06T11:58:55Z INFO [534/750] 50b040db-9295-414b-9943-bcb58f341526: Sackin index -0.1349; 0.9 s; peak memory 1165 MiB.
2026-10-06T11:58:59Z INFO [535/750] 50b10318-71f2-4d12-8a6e-28ba6ef85164: Sackin index -0.1599; 4.4 s; peak memory 1165 MiB.
2026-10-06T11:59:00Z INFO [536/750] 50b112af-9e7e-4986-92ec-5322b25dc01f: Sackin index -0.0375; 1.1 s; peak memory 1165 MiB.
2026-10-06T11:59:02Z INFO [537/750] 50b1a99a-7789-4d76-9feb-ded0aaa84a49: Sackin index -0.0369; 1.4 s; peak memory 1165 MiB.
2026-10-06T11:59:03Z INFO [538/750] 50b1d58e-fa5a-4af4-bac3-3ba07b732a18: Sackin index -0.0681; 1.3 s; peak memory 1165 MiB.
2026-10-06T11:59:04Z INFO [539/750] 50b2076e-f4de-4486-909b-3981abb79ffb: Sackin index -0.1248; 0.8 s; peak memory 1165 MiB.
2026-10-06T11:59:05Z INFO [540/750] 50b2f470-56c7-441b-964c-c33121169a74: Sackin index -0.0702; 0.8 s; peak memory 1165 MiB.
2026-10-06T11:59:05Z INFO [541/750] 50b3038f-91fd-4dac-b103-28be5a860cb1: Sackin index -0.0728; 0.7 s; peak memory 1165 MiB.
2026-10-06T11:59:08Z INFO [542/750] 50b32889-65a4-4e21-b92a-d64bf61fdf23: Sackin index -0.0251; 3.1 s; peak memory 1165 MiB.
2026-10-06T11:59:09Z INFO [543/750] 50b39269-41ba-4fc6-915f-8eaf9fd9cddf: Sackin index -0.0728; 1.0 s; peak memory 1165 MiB.
2026-10-06T11:59:10Z INFO [544/750] 50b585c9-1621-41f1-aed6-f1f9f74d680c: Sackin index -0.0702; 0.9 s; peak memory 1165 MiB.
2026-10-06T11:59:11Z INFO [545/750] 50b5a9e9-3ff8-49c8-8bdd-96cbd27d25ef: Sackin index -0.1239; 0.7 s; peak memory 1165 MiB.
2026-10-06T11:59:12Z INFO [546/750] 50b5e436-e250-4296-bcad-fc6dc3516908: Sackin index -0.0376; 1.1 s; peak memory 1165 MiB.
2026-10-06T11:59:13Z INFO [547/750] 50b671fc-0ed9-4027-a3fa-8978cd501f23: Sackin index -0.0379; 0.9 s; peak memory 1165 MiB.
2026-10-06T11:59:15Z INFO [548/750] 50b6abd1-120f-4b8f-9ec1-7e67d36f2796: Sackin index -0.0824; 1.7 s; peak memory 1165 MiB.
2026-10-06T11:59:15Z INFO [549/750] 50b750fd-45be-4e6a-989d-2e1d537d1d04: Sackin index -0.0702; 0.8 s; peak memory 1165 MiB.
2026-10-06T11:59:16Z INFO [550/750] 50b80e36-3573-445e-94f1-e66a57c9c174: Sackin index -0.0696; 0.9 s; peak memory 1165 MiB.
2026-10-06T11:59:17Z INFO [550/750] 50b80e36-3573-445e-94f1-e66a57c9c174: checkpointed 85886 records.
2026-10-06T11:59:17Z INFO [551/750] 50b89431-13ac-487a-a514-2a1f1d67d80d: Sackin index -0.0702; 0.9 s; peak memory 1165 MiB.
2026-10-06T11:59:22Z INFO [552/750] 50b8d533-74ab-4530-a01d-4c6075db6d01: Sackin index -0.0251; 4.1 s; peak memory 1165 MiB.
2026-10-06T11:59:23Z INFO [553/750] 50baec8b-c218-4731-af4f-fffaa15c0fe9: Sackin index -0.0728; 1.0 s; peak memory 1165 MiB.
2026-10-06T11:59:23Z INFO [554/750] 50bb15c6-42e4-4da0-bcb2-f235898d21e4: Sackin index -0.0891; 0.8 s; peak memory 1165 MiB.
2026-10-06T11:59:24Z INFO [555/750] 50bc2482-e3aa-4a5c-a577-d9fa0a1db3b4: Sackin index -0.0728; 0.9 s; peak memory 1165 MiB.
2026-10-06T11:59:25Z INFO [556/750] 50bcbfcc-78b8-4f4e-8a4d-f56eeba1edc5: Sackin index -0.1542; 0.8 s; peak memory 1165 MiB.
2026-10-06T11:59:27Z INFO [557/750] 50bcdebb-0f2f-4ef9-91f7-8522786a1836: Sackin index -0.1072; 1.5 s; peak memory 1165 MiB.
2026-10-06T11:59:27Z INFO [558/750] 50bd6652-59fc-48fd-bdd2-96545695e0bd: Sackin index -0.1349; 0.7 s; peak memory 1165 MiB.
2026-10-06T11:59:29Z INFO [559/750] 50bdc87c-76df-4dc4-b4ec-b5e64be7a322: Sackin index -0.0693; 1.6 s; peak memory 1165 MiB.
2026-10-06T11:59:31Z INFO [560/750] 50bfa883-f2ef-49a8-a2d5-7161408945d2: Sackin index -0.0681; 1.6 s; peak memory 1165 MiB.
2026-10-06T11:59:32Z INFO [561/750] 50bfee00-c3de-462b-b93a-fa6709c6f683: Sackin index -0.0693; 1.8 s; peak memory 1165 MiB.
2026-10-06T11:59:50Z INFO [562/750] 50c0067e-82b3-4671-9385-5e33f840047d: Sackin index -0.0239; 17.2 s; peak memory 1165 MiB.
2026-10-06T11:59:50Z INFO [563/750] 50c14228-aa68-4787-88ed-6ee1374f5820: Sackin index -0.1349; 0.7 s; peak memory 1165 MiB.
2026-10-06T12:00:02Z INFO [564/750] 50c17ed0-5e29-4aaa-a44c-51ea99740597: Sackin index -0.1362; 11.5 s; peak memory 1165 MiB.
2026-10-06T12:00:03Z INFO [565/750] 50c18037-0519-45d6-bc26-6222ab4cd087: Sackin index -0.0376; 0.8 s; peak memory 1165 MiB.
2026-10-06T12:00:03Z INFO [566/750] 50c25739-025d-4276-9c9d-075805fd404f: Sackin index -0.0728; 0.9 s; peak memory 1165 MiB.
2026-10-06T12:00:04Z INFO [567/750] 50c2b2b4-1ead-4a70-bbd3-d7a8bb739462: Sackin index -0.1319; 0.7 s; peak memory 1165 MiB.
2026-10-06T12:00:05Z INFO [568/750] 50c2c03b-87a1-47f2-9cca-a577e4cc2b0b: Sackin index -0.0696; 0.7 s; peak memory 1165 MiB.
2026-10-06T12:00:06Z INFO [569/750] 50c33635-5ac0-4f55-a8f6-c56045fa472a: Sackin index -0.1349; 0.8 s; peak memory 1165 MiB.
2026-10-06T12:00:06Z INFO [570/750] 50c39120-e723-4981-ba6e-46b8c60bf08a: Sackin index -0.0702; 0.8 s; peak memory 1165 MiB.
2026-10-06T12:00:13Z INFO [571/750] 50c3e928-9802-4af2-b558-fa6232373fc3: Sackin index -0.1371; 6.7 s; peak memory 1165 MiB.
2026-10-06T12:00:14Z INFO [572/750] 50c426c4-b51f-4673-92f0-a3b910178179: Sackin index -0.1349; 0.6 s; peak memory 1165 MiB.
2026-10-06T12:00:15Z INFO [573/750] 50c45d5f-e8de-4389-9408-ef5e74675100: Sackin index -0.1244; 1.1 s; peak memory 1165 MiB.
2026-10-06T12:00:19Z INFO [574/750] 50c4e9e8-3715-4172-b363-fd2030a90c1f: Sackin index -0.0230; 4.5 s; peak memory 1165 MiB.
2026-10-06T12:00:21Z INFO [575/750] 50c680c5-ed50-4dbe-a629-7ef9f9292ad0: Sackin index -0.0369; 1.6 s; peak memory 1165 MiB.
2026-10-06T12:00:23Z INFO [576/750] 50c70686-a61c-4e73-bf52-d3317df3661a: Sackin index -0.0704; 2.2 s; peak memory 1165 MiB.
2026-10-06T12:00:26Z INFO [577/750] 50c7a4fc-9fed-490a-be8e-674cd754bec3: Sackin index -0.0236; 3.3 s; peak memory 1165 MiB.
2026-10-06T12:00:33Z INFO [578/750] 50c8cfe7-0779-48a9-aecb-9b78b2a66b0c: Sackin index -0.0219; 6.6 s; peak memory 1165 MiB.
2026-10-06T12:00:34Z INFO [579/750] 50c93570-647d-4846-8ca0-33028031bf6a: Sackin index -0.0702; 0.8 s; peak memory 1165 MiB.
2026-10-06T12:00:35Z INFO [580/750] 50ca4e8e-6a19-4335-a732-d93652700eb0: Sackin index -0.0702; 0.8 s; peak memory 1165 MiB.
2026-10-06T12:00:35Z INFO [581/750] 50ca529e-b4fa-496f-b3c6-92c8224ba35a: Sackin index -0.1303; 0.6 s; peak memory 1165 MiB.
2026-10-06T12:00:36Z INFO [582/750] 50cb792f-898d-4eb9-a82f-42ad5f5123b0: Sackin index -0.1349; 0.7 s; peak memory 1165 MiB.
2026-10-06T12:00:38Z INFO [583/750] 50cbb897-a5ba-4f46-9dcc-4b80d7cd36bf: Sackin index -0.0358; 2.0 s; peak memory 1165 MiB.
2026-10-06T12:00:45Z INFO [584/750] 50cc1a1b-631d-4ab3-b74b-23c82aee2ffa: Sackin index -0.0048; 6.8 s; peak memory 1165 MiB.
2026-10-06T12:00:46Z INFO [585/750] 50cc304a-63cb-453e-bbcd-23f1a0991a18: Sackin index -0.1191; 1.0 s; peak memory 1165 MiB.
2026-10-06T12:00:47Z INFO [586/750] 50ccfebe-2662-4d84-a067-340c965ef9e5: Sackin index -0.0275; 1.1 s; peak memory 1165 MiB.
2026-10-06T12:00:48Z INFO [587/750] 50ce3260-0b9b-4022-87d1-6b7c00f28e44: Sackin index -0.1224; 1.6 s; peak memory 1165 MiB.
2026-10-06T12:00:52Z INFO [588/750] 50ce5719-766a-4c9f-b342-792db3b783d6: Sackin index -0.0268; 3.3 s; peak memory 1165 MiB.
2026-10-06T12:00:59Z INFO [589/750] 50cfba61-080c-4b5e-90a7-9877069efcb9: Sackin index -0.0114; 7.3 s; peak memory 1165 MiB.
2026-10-06T12:01:00Z INFO [590/750] 50d04a77-82d2-4222-ae4b-fafef442efa8: Sackin index -0.0376; 1.1 s; peak memory 1165 MiB.
2026-10-06T12:01:03Z INFO [591/750] 50d140db-1e70-4491-a6e7-7e7663337d99: Sackin index -0.0251; 3.1 s; peak memory 1165 MiB.
2026-10-06T12:01:11Z INFO [592/750] 50d1b63b-a79b-4483-babe-a9db5e569160: Sackin index -0.1310; 7.6 s; peak memory 1165 MiB.
2026-10-06T12:01:12Z INFO [593/750] 50d1fc81-70ba-4bb7-a189-f0bd58944b44: Sackin index -0.0728; 1.0 s; peak memory 1165 MiB.
2026-10-06T12:01:13Z INFO [594/750] 50d204ee-fdec-4e0e-9f97-b74b00f12c09: Sackin index -0.1349; 0.8 s; peak memory 1165 MiB.
2026-10-06T12:01:14Z INFO [595/750] 50d2de4b-a3fe-4624-8979-32ca2173a324: Sackin index -0.1269; 1.0 s; peak memory 1165 MiB.
2026-10-06T12:01:15Z INFO [596/750] 50d2f1bb-55bc-4c53-bb87-0a865ceb3891: Sackin index -0.0376; 0.9 s; peak memory 1165 MiB.
2026-10-06T12:01:15Z INFO [597/750] 50d2f9f5-14a7-4d1b-a916-93db2e0dd165: Sackin index -0.1704; 0.9 s; peak memory 1165 MiB.
2026-10-06T12:01:16Z INFO [598/750] 50d3b8da-880e-40b6-85b1-2fdb02285f3a: Sackin index -0.1248; 1.0 s; peak memory 1165 MiB.
2026-10-06T12:01:20Z INFO [599/750] 50d43747-639e-4bfd-bc2d-3da5f2085c58: Sackin index -0.0411; 3.7 s; peak memory 1165 MiB.
2026-10-06T12:01:21Z INFO [600/750] 50d51e71-3939-4ff7-a758-196222b7b600: Sackin index -0.1349; 0.6 s; peak memory 1165 MiB.
2026-10-06T12:01:21Z INFO [600/750] 50d51e71-3939-4ff7-a758-196222b7b600: checkpointed 85936 records.
2026-10-06T12:01:22Z INFO [601/750] 50d60029-200f-4802-9edc-8eab365ffcda: Sackin index -0.0376; 1.2 s; peak memory 1165 MiB.
2026-10-06T12:01:27Z INFO [602/750] 50d7dec5-330e-4b0b-8205-43bc845ca587: Sackin index -0.0476; 5.1 s; peak memory 1165 MiB.
2026-10-06T12:01:30Z INFO [603/750] 50d83e68-bcf4-466a-98d6-d0abaed2a5cf: Sackin index -0.0554; 3.0 s; peak memory 1165 MiB.
2026-10-06T12:01:35Z INFO [604/750] 50d874bd-ac4f-4e4a-b5f5-af5eb3173a01: Sackin index -0.0154; 5.1 s; peak memory 1165 MiB.
2026-10-06T12:01:36Z INFO [605/750] 50d93001-4245-454e-a7be-38cf48f85781: Sackin index -0.1191; 0.9 s; peak memory 1165 MiB.
2026-10-06T12:01:38Z INFO [606/750] 50da1d62-4a90-4dfc-8c6a-e7b2d47066e1: Sackin index -0.0809; 1.6 s; peak memory 1165 MiB.
2026-10-06T12:01:38Z INFO [607/750] 50da3649-8bc0-40f9-bb60-6431f4b79ea1: Sackin index -0.1484; 0.7 s; peak memory 1165 MiB.
2026-10-06T12:01:39Z INFO [608/750] 50da83ba-88de-49fc-b8df-d1fe6d7fa478: Sackin index -0.1349; 0.7 s; peak memory 1165 MiB.
2026-10-06T12:01:42Z INFO [609/750] 50db98c0-bda7-43fa-9622-07b84f42d2bf: Sackin index -0.0554; 2.6 s; peak memory 1165 MiB.
2026-10-06T12:01:44Z INFO [610/750] 50dbb2b7-fc36-4e43-ae0d-4080c65319c1: Sackin index -0.0268; 2.5 s; peak memory 1165 MiB.
2026-10-06T12:03:38Z INFO [611/750] 50dbd627-38c9-47f3-a822-112ed19d37d0: Sackin index -0.0450; 113.7 s; peak memory 1165 MiB.
2026-10-06T12:03:40Z INFO [612/750] 50dca60d-3e6f-48bd-acc8-fb20fbb88034: Sackin index -0.1938; 1.7 s; peak memory 1165 MiB.
2026-10-06T12:03:41Z INFO [613/750] 50dd93bd-ee38-4829-a25e-7bc30ded0fd3: Sackin index -0.1499; 1.0 s; peak memory 1165 MiB.
2026-10-06T12:03:41Z INFO [614/750] 50dee82e-ffa8-457e-8b64-1d728313b2bb: Sackin index -0.0702; 0.8 s; peak memory 1165 MiB.
2026-10-06T12:03:43Z INFO [615/750] 50df7d45-d30a-48e9-9f55-827e5dab1b4f: Sackin index -0.1349; 1.1 s; peak memory 1165 MiB.
2026-10-06T12:04:35Z INFO [616/750] 50e02f8d-564d-4edf-a9b4-e422e443db83: Sackin index -0.0967; 52.7 s; peak memory 1165 MiB.
2026-10-06T12:04:36Z INFO [617/750] 50e04845-11c1-401a-be96-d527cad9913b: Sackin index -0.0707; 0.9 s; peak memory 1165 MiB.
2026-10-06T12:04:37Z INFO [618/750] 50e0cd6a-8438-4402-81bc-4685aec5946e: Sackin index -0.0752; 1.2 s; peak memory 1165 MiB.
2026-10-06T12:04:38Z INFO [619/750] 50e24099-33da-49b2-9668-f75bbae1f15a: Sackin index -0.1248; 0.8 s; peak memory 1165 MiB.
2026-10-06T12:04:47Z INFO [620/750] 50e2c843-dd5d-459f-a7f2-37fc94657cdb: Sackin index -0.0215; 9.1 s; peak memory 1165 MiB.
2026-10-06T12:04:48Z INFO [621/750] 50e3ca5d-b3e6-4482-ac44-51693d7f4743: Sackin index -0.1349; 0.8 s; peak memory 1165 MiB.
2026-10-06T12:04:49Z INFO [622/750] 50e3fc11-bfda-403c-8c82-a2c8c51c9004: Sackin index -0.1370; 1.4 s; peak memory 1165 MiB.
2026-10-06T12:04:50Z INFO [623/750] 50e40d04-46ac-4ab6-b64b-ca1f60b224ef: Sackin index -0.1349; 0.8 s; peak memory 1165 MiB.
2026-10-06T12:08:24Z INFO [624/750] 50e474ef-dcea-4528-9d92-66623a183629: Sackin index -0.0269; 213.9 s; peak memory 1165 MiB.
2026-10-06T12:08:25Z INFO [625/750] 50e4a1cd-2319-4761-9ca8-96ed021183f2: Sackin index -0.0728; 1.3 s; peak memory 1165 MiB.
2026-10-06T12:08:26Z INFO [626/750] 50e608f9-694b-4665-b1c1-ac1d8b596927: Sackin index -0.0369; 1.1 s; peak memory 1165 MiB.
2026-10-06T12:08:28Z INFO [627/750] 50e71cf1-cffa-4569-b8c5-1c2fdf2199d2: Sackin index -0.0275; 1.3 s; peak memory 1165 MiB.
2026-10-06T12:08:29Z INFO [628/750] 50e7d9be-2a8f-4275-8513-687124e8c11d: Sackin index -0.1349; 0.8 s; peak memory 1165 MiB.
2026-10-06T12:09:05Z INFO [629/750] 50e8e8c0-831a-48b8-acbc-a5ca9a55c580: Sackin index -0.1076; 36.6 s; peak memory 1165 MiB.
2026-10-06T12:09:06Z INFO [630/750] 50e93f31-a756-470f-8cd7-419450fd8387: Sackin index -0.0696; 1.0 s; peak memory 1165 MiB.
2026-10-06T12:09:07Z INFO [631/750] 50eaf7bd-1205-46f2-a735-7f4f373a7e22: Sackin index -0.1331; 0.7 s; peak memory 1165 MiB.
2026-10-06T12:09:08Z INFO [632/750] 50eb9007-8bdc-4366-b834-fc51e4d86d53: Sackin index -0.0709; 0.9 s; peak memory 1165 MiB.
2026-10-06T12:09:51Z INFO [633/750] 50ec6b34-26ee-4fa6-adfc-6c1a4949371f: Sackin index -0.1144; 43.2 s; peak memory 1165 MiB.
2026-10-06T12:09:52Z INFO [634/750] 50ecf766-d52b-4209-875c-29440e1648dc: Sackin index -0.0702; 0.7 s; peak memory 1165 MiB.
2026-10-06T12:09:52Z INFO [635/750] 50ed4092-f203-4bff-93c0-e54b5322577d: Sackin index -0.0728; 0.9 s; peak memory 1165 MiB.
2026-10-06T12:09:54Z INFO [636/750] 50ee6816-1dd5-41ea-90e4-13835ff34d5a: Sackin index -0.0695; 1.8 s; peak memory 1165 MiB.
2026-10-06T12:09:56Z INFO [637/750] 50ef2dd2-f2eb-4200-8929-30a1a3248a43: Sackin index -0.0699; 1.7 s; peak memory 1165 MiB.
2026-10-06T12:09:57Z INFO [638/750] 50ef380b-7769-4b8c-8c8d-f2a01753d4ab: Sackin index -0.1319; 0.7 s; peak memory 1165 MiB.
2026-10-06T12:10:03Z INFO [639/750] 50efec10-fb3a-4138-8b1e-9e000670e903: Sackin index -0.0210; 6.8 s; peak memory 1165 MiB.
2026-10-06T12:10:04Z INFO [640/750] 50f0b5cc-5cc1-4594-b288-9c597e7fa083: Sackin index -0.1239; 0.6 s; peak memory 1165 MiB.
2026-10-06T12:10:05Z INFO [641/750] 50f14d44-423f-4fd5-8cd6-1bc536ba4af7: Sackin index -0.0728; 0.9 s; peak memory 1165 MiB.
2026-10-06T12:10:06Z INFO [642/750] 50f209e2-4f5a-44af-9526-68b3265d9def: Sackin index -0.1349; 0.9 s; peak memory 1165 MiB.
2026-10-06T12:10:07Z INFO [643/750] 50f20bb9-a796-44c8-86c6-5525c11091d3: Sackin index -0.1210; 1.1 s; peak memory 1165 MiB.
2026-10-06T12:10:11Z INFO [644/750] 50f218fc-a402-4940-b4e1-70a951341d8e: Sackin index -0.0940; 4.1 s; peak memory 1165 MiB.
2026-10-06T12:10:13Z INFO [645/750] 50f21e02-f502-48f8-88e0-32a3ece33c84: Sackin index -0.0704; 1.9 s; peak memory 1165 MiB.
2026-10-06T12:10:14Z INFO [646/750] 50f2583e-a2c2-45c2-9003-dc3418590d70: Sackin index -0.1349; 0.8 s; peak memory 1165 MiB.
2026-10-06T12:10:14Z INFO [647/750] 50f25a1a-57ff-45dd-b98d-eb7ea4b62d93: Sackin index -0.0702; 0.8 s; peak memory 1165 MiB.
2026-10-06T12:10:16Z INFO [648/750] 50f37c45-17bf-44b0-81fe-2ce7bbe4a753: Sackin index -0.0594; 1.5 s; peak memory 1165 MiB.
2026-10-06T12:10:17Z INFO [649/750] 50f3e802-bec0-4a7c-80d6-75e70ef90e44: Sackin index -0.0381; 0.7 s; peak memory 1165 MiB.
2026-10-06T12:10:18Z INFO [650/750] 50f4102e-f1a7-45e9-817a-1c6255841638: Sackin index -0.1000; 1.0 s; peak memory 1165 MiB.
2026-10-06T12:10:18Z INFO [650/750] 50f4102e-f1a7-45e9-817a-1c6255841638: checkpointed 85986 records.
2026-10-06T12:10:19Z INFO [651/750] 50f47e1f-d589-468d-8d46-9e613b5a0950: Sackin index -0.0702; 0.7 s; peak memory 1165 MiB.
2026-10-06T12:13:53Z INFO [652/750] 50f500ca-0526-4a7e-949c-23e56bec2aeb: Sackin index -0.0246; 214.7 s; peak memory 1165 MiB.
2026-10-06T12:13:54Z INFO [653/750] 50f685f6-a473-4aec-9eb8-2c48c3f94b3b: Sackin index -0.0844; 0.9 s; peak memory 1165 MiB.
2026-10-06T12:13:55Z INFO [654/750] 50f71f13-e300-4281-a020-197e3ef404cc: Sackin index -0.0709; 1.1 s; peak memory 1165 MiB.
2026-10-06T12:13:56Z INFO [655/750] 50f74fa1-e2e3-4117-a4fe-8528185dcdec: Sackin index -0.1938; 0.9 s; peak memory 1165 MiB.
2026-10-06T12:13:57Z INFO [656/750] 50f75dda-6091-456b-bcf5-7cf539d2a912: Sackin index -0.0728; 1.0 s; peak memory 1165 MiB.
2026-10-06T12:13:59Z INFO [657/750] 50f7de06-2cb3-4e36-b529-1b7d0a53692d: Sackin index -0.0693; 1.6 s; peak memory 1165 MiB.
2026-10-06T12:14:00Z INFO [658/750] 50f7f68b-aa87-450f-b78f-8774d9866f45: Sackin index -0.1349; 0.7 s; peak memory 1165 MiB.
2026-10-06T12:14:01Z INFO [659/750] 50f88c8d-c89f-4c50-bea0-5a8914d8cd78: Sackin index -0.0579; 1.8 s; peak memory 1165 MiB.
2026-10-06T12:14:02Z INFO [660/750] 50f97e85-a0a6-45b8-b5a9-7190448e5579: Sackin index -0.0745; 0.9 s; peak memory 1165 MiB.
2026-10-06T12:14:04Z INFO [661/750] 50f9fd31-3164-41aa-8ba9-dea28a435b1d: Sackin index -0.0704; 2.1 s; peak memory 1165 MiB.
2026-10-06T12:14:05Z INFO [662/750] 50fb2693-3acc-46b5-89fc-27746cf23128: Sackin index -0.1349; 0.8 s; peak memory 1165 MiB.
2026-10-06T12:14:06Z INFO [663/750] 50fcebdb-8ad3-40d2-bc04-039726e46ff5: Sackin index -0.1349; 0.9 s; peak memory 1165 MiB.
2026-10-06T12:16:01Z INFO [664/750] 50fd074c-697e-433c-b3ff-b65806e45366: Sackin index -0.0573; 115.2 s; peak memory 1165 MiB.
2026-10-06T12:16:05Z INFO [665/750] 50fec161-6519-49ad-9be0-24d9cc7cbbd1: Sackin index -0.0191; 3.8 s; peak memory 1165 MiB.
2026-10-06T12:16:06Z INFO [666/750] 50ff2c77-7a78-4845-aa14-d7bfcc025236: Sackin index -0.1349; 0.9 s; peak memory 1165 MiB.
2026-10-06T12:16:07Z INFO [667/750] 50ffc011-387a-4955-bd85-6dbc5f690327: Sackin index -0.0656; 0.6 s; peak memory 1165 MiB.
2026-10-06T12:16:08Z INFO [668/750] 51004fcc-fdcc-4dc7-abfa-2379e4bb7725: Sackin index -0.0702; 1.0 s; peak memory 1165 MiB.
2026-10-06T12:16:17Z INFO [669/750] 5100b1e8-e0d7-4b24-8568-a3f916d5bfda: Sackin index -0.0089; 9.4 s; peak memory 1165 MiB.
2026-10-06T12:16:18Z INFO [670/750] 5100febd-ede5-437f-97de-ec4f94b0c820: Sackin index -0.0709; 1.1 s; peak memory 1165 MiB.
2026-10-06T12:16:19Z INFO [671/750] 5101fc57-9cba-4485-bcec-d238c56d7e40: Sackin index -0.1273; 1.2 s; peak memory 1165 MiB.
2026-10-06T12:16:31Z INFO [672/750] 51028809-15b0-4a6a-aae3-e0a6b2284beb: Sackin index -0.1495; 11.5 s; peak memory 1165 MiB.
2026-10-06T12:16:31Z INFO [673/750] 51029263-a348-40f6-b073-9646f4016f07: Sackin index -0.1349; 0.6 s; peak memory 1165 MiB.
2026-10-06T12:16:33Z INFO [674/750] 51029b02-190f-4397-a24c-5eabfbfbb041: Sackin index -0.0369; 1.4 s; peak memory 1165 MiB.
2026-10-06T12:16:34Z INFO [675/750] 5102c8d8-681e-489a-92ea-2465ddb5223e: Sackin index -0.0728; 1.1 s; peak memory 1165 MiB.
2026-10-06T12:16:39Z INFO [676/750] 51035090-9ad8-4f82-bdf8-6081701c6c6c: Sackin index -0.0196; 5.5 s; peak memory 1165 MiB.
2026-10-06T12:20:11Z INFO [677/750] 51035225-b986-48b6-8237-572e3ed30a6b: Sackin index -0.0286; 211.2 s; peak memory 1165 MiB.
2026-10-06T12:20:11Z INFO [678/750] 5103686f-3b09-4408-811a-416e99aaf328: Sackin index -0.1349; 0.8 s; peak memory 1165 MiB.
2026-10-06T12:20:12Z INFO [679/750] 5103bc71-b3b9-4d31-acda-a4faaf5eec83: Sackin index -0.0881; 0.8 s; peak memory 1165 MiB.
2026-10-06T12:20:13Z INFO [680/750] 5104794e-8df2-406a-865a-56746363b736: Sackin index -0.1380; 0.9 s; peak memory 1165 MiB.
2026-10-06T12:20:14Z INFO [681/750] 5104f1b5-990e-4b2d-a226-ddae3eefb54b: Sackin index -0.0696; 0.8 s; peak memory 1165 MiB.
2026-10-06T12:20:17Z INFO [682/750] 5105af62-3473-4038-a3fe-c14d5b50bfd1: Sackin index -0.0239; 3.2 s; peak memory 1165 MiB.
2026-10-06T12:22:18Z INFO [683/750] 5105c4bd-4f9e-4284-9498-ab2b289a2697: Sackin index -0.0741; 121.1 s; peak memory 1165 MiB.
2026-10-06T12:22:19Z INFO [684/750] 5105c6b4-5a12-4d47-a911-bc3ace927a7a: Sackin index -0.1319; 0.6 s; peak memory 1165 MiB.
2026-10-06T12:22:20Z INFO [685/750] 51068ec6-e720-4c90-a8a6-051d48240487: Sackin index -0.1349; 1.0 s; peak memory 1165 MiB.
2026-10-06T12:22:21Z INFO [686/750] 510881b0-8d8d-4a81-a6f5-b09741eba62b: Sackin index -0.1592; 0.8 s; peak memory 1165 MiB.
2026-10-06T12:22:22Z INFO [687/750] 5108f836-6b85-43a0-8c87-b8a79b4625b7: Sackin index -0.1349; 1.0 s; peak memory 1165 MiB.
2026-10-06T12:22:22Z INFO [688/750] 510914cb-369f-49a4-b50d-c8f71dd1fd2a: Sackin index -0.1349; 0.8 s; peak memory 1165 MiB.
2026-10-06T12:22:23Z INFO [689/750] 5109b386-f1d3-4d75-a784-62470fb44f9c: Sackin index -0.0709; 0.8 s; peak memory 1165 MiB.
2026-10-06T12:22:24Z INFO [690/750] 5109d918-0ce9-4557-92e1-b016d720ec01: Sackin index -0.1331; 0.6 s; peak memory 1165 MiB.
2026-10-06T12:22:33Z INFO [691/750] 510a4bae-8bd2-40f8-a58e-d377899c404b: Sackin index -0.0106; 9.2 s; peak memory 1165 MiB.
2026-10-06T12:22:34Z INFO [692/750] 510ac80e-dfa7-4779-8a97-bfa2b475a813: Sackin index -0.0457; 1.1 s; peak memory 1165 MiB.
2026-10-06T12:22:35Z INFO [693/750] 510c41de-70bf-4e4a-9424-1a0da164a05f: Sackin index -0.1349; 0.7 s; peak memory 1165 MiB.
2026-10-06T12:22:36Z INFO [694/750] 510cc25c-2661-4718-b700-2f408462e63a: Sackin index -0.1248; 0.9 s; peak memory 1165 MiB.
2026-10-06T12:22:36Z INFO [695/750] 510ddfce-a4da-4126-a217-496e0e759c41: Sackin index -0.1349; 0.7 s; peak memory 1165 MiB.
2026-10-06T12:22:37Z INFO [696/750] 510ebd61-9497-440e-88dc-6c03c042fd5e: Sackin index -0.0702; 0.8 s; peak memory 1165 MiB.
2026-10-06T12:22:38Z INFO [697/750] 510ec8e0-a30c-47fe-815c-8cf882d1dbcc: Sackin index -0.0709; 0.9 s; peak memory 1165 MiB.
2026-10-06T12:22:40Z INFO [698/750] 510f28d1-8213-4a12-8ca0-bbb7628c9f23: Sackin index -0.1072; 1.5 s; peak memory 1165 MiB.
2026-10-06T12:22:41Z INFO [699/750] 510fce3a-806c-451e-a6e2-fe87ae68af06: Sackin index -0.0375; 1.3 s; peak memory 1165 MiB.
2026-10-06T13:17:29Z INFO [700/750] 510fd5b7-1ade-4c70-8dde-b78df5f7bdbe: Sackin index -0.0191; 3288.0 s; peak memory 1165 MiB.
2026-10-06T13:17:29Z INFO [700/750] 510fd5b7-1ade-4c70-8dde-b78df5f7bdbe: checkpointed 86036 records.
2026-10-06T13:17:32Z INFO [701/750] 510fe2e0-9e2c-4043-88ff-686497047fc0: Sackin index -0.0886; 3.3 s; peak memory 1165 MiB.
2026-10-06T13:17:34Z INFO [702/750] 510ff601-e455-4d7a-8f9f-b1701fcb7cad: Sackin index -0.0704; 2.0 s; peak memory 1165 MiB.
2026-10-06T13:17:41Z INFO [703/750] 5110bdee-7488-4a05-b073-ad848f6e3956: Sackin index -0.0776; 6.8 s; peak memory 1165 MiB.
2026-10-06T13:17:42Z INFO [704/750] 511118ab-a4f4-457a-913a-49446138e8df: Sackin index -0.0379; 1.1 s; peak memory 1165 MiB.
2026-10-06T13:17:44Z INFO [705/750] 5112985f-785d-4829-87f7-bd0722c9bfc7: Sackin index -0.0369; 1.4 s; peak memory 1165 MiB.
2026-10-06T13:17:44Z INFO [706/750] 51137754-a2c1-4fdf-9561-708c1a8ed5d5: Sackin index -0.1208; 0.7 s; peak memory 1165 MiB.
2026-10-06T13:17:46Z INFO [707/750] 51148722-2ac2-4b44-a0c9-cee74668c293: Sackin index -0.0579; 1.6 s; peak memory 1165 MiB.
2026-10-06T13:17:47Z INFO [708/750] 5114eea8-b98e-40a2-a936-b4cf901856be: Sackin index -0.1191; 1.3 s; peak memory 1165 MiB.
2026-10-06T13:17:53Z INFO [709/750] 51152e0b-bb99-432c-b3ad-fe905fa0526c: Sackin index -0.0940; 5.3 s; peak memory 1165 MiB.
2026-10-06T13:17:54Z INFO [710/750] 51154d8e-f058-4d02-95af-60805f671aa3: Sackin index -0.0379; 1.4 s; peak memory 1165 MiB.
2026-10-06T13:17:55Z INFO [711/750] 5115b675-668f-4c21-90e5-68304bad37c8: Sackin index -0.0696; 0.8 s; peak memory 1165 MiB.
2026-10-06T13:18:01Z INFO [712/750] 5116c483-788e-44f8-9180-7ecd046b99ad: Sackin index -0.0303; 6.5 s; peak memory 1165 MiB.
2026-10-06T13:18:05Z INFO [713/750] 51172cf1-f73b-4c5a-b6d7-c09089cca5eb: Sackin index -0.0429; 3.8 s; peak memory 1165 MiB.
2026-10-06T13:18:06Z INFO [714/750] 5117e0e4-45e2-4fff-8c28-3c5bc77a24b9: Sackin index -0.0696; 0.8 s; peak memory 1165 MiB.
2026-10-06T13:18:07Z INFO [715/750] 511833bc-805d-4355-bd6c-fba00907509b: Sackin index -0.0728; 1.2 s; peak memory 1165 MiB.
2026-10-06T13:18:09Z INFO [716/750] 511a18f5-e197-44b2-8db6-1deb17955b5c: Sackin index -0.0681; 2.2 s; peak memory 1165 MiB.
2026-10-06T13:18:10Z INFO [717/750] 511a8f22-102b-4109-b9b5-2da5b1fc0aaf: Sackin index -0.1349; 0.8 s; peak memory 1165 MiB.
2026-10-06T13:18:11Z INFO [718/750] 511aa2cf-8a94-41d7-a57f-741e0279e235: Sackin index -0.0379; 1.2 s; peak memory 1165 MiB.
2026-10-06T13:18:13Z INFO [719/750] 511bb2bf-859e-4178-9e5d-de8e619d54be: Sackin index -0.0699; 2.0 s; peak memory 1165 MiB.
2026-10-06T13:18:15Z INFO [720/750] 511c051a-1ea4-4681-b82b-1eb89cf01e48: Sackin index -0.0676; 1.7 s; peak memory 1165 MiB.
2026-10-06T13:18:17Z INFO [721/750] 511c2c41-044a-4e86-b981-d9394b32df6b: Sackin index -0.0676; 1.7 s; peak memory 1165 MiB.
2026-10-06T13:18:17Z INFO [722/750] 511ce2b0-7f0e-4a88-9584-29522f76f925: Sackin index -0.1349; 0.8 s; peak memory 1165 MiB.
2026-10-06T13:18:19Z INFO [723/750] 511cf37d-45f4-497b-aa64-253d0b7c141b: Sackin index -0.1283; 1.9 s; peak memory 1165 MiB.
2026-10-06T13:18:20Z INFO [724/750] 511d3fc1-eef6-4a13-8926-40828e950cc2: Sackin index -0.0369; 1.1 s; peak memory 1165 MiB.
2026-10-06T13:18:27Z INFO [725/750] 511d485e-b761-4344-b817-d943aa4b81d7: Sackin index -0.0141; 7.0 s; peak memory 1165 MiB.
2026-10-06T13:18:28Z INFO [726/750] 511e2ad7-ca6f-44da-b256-08367c61161c: Sackin index -0.1349; 0.6 s; peak memory 1165 MiB.
2026-10-06T13:18:38Z INFO [727/750] 511e3036-f80b-4c1e-86a0-47cbcc5bc36f: Sackin index -0.0129; 9.5 s; peak memory 1165 MiB.
2026-10-06T13:18:39Z INFO [728/750] 511f120b-be9a-446c-93ac-51635c460e5b: Sackin index -0.0709; 1.0 s; peak memory 1165 MiB.
2026-10-06T13:18:40Z INFO [729/750] 511f401d-c43e-4a69-a7fd-6b0f7c95842f: Sackin index -0.0120; 1.4 s; peak memory 1165 MiB.
2026-10-06T13:18:41Z INFO [730/750] 511f47b0-cdb3-4d0d-9b6f-22537889f83a: Sackin index -0.1161; 0.8 s; peak memory 1165 MiB.
2026-10-06T13:18:42Z INFO [731/750] 511fdcdc-4803-4921-a628-bb920a5d7412: Sackin index -0.1072; 1.2 s; peak memory 1165 MiB.
2026-10-06T13:18:44Z INFO [732/750] 512007c4-3f10-40a5-aae0-2ceb4e65b46c: Sackin index -0.0658; 2.3 s; peak memory 1165 MiB.
2026-10-06T13:18:45Z INFO [733/750] 5120e3a2-d035-463f-be07-6aeca085bb71: Sackin index -0.0881; 0.7 s; peak memory 1165 MiB.
2026-10-06T13:18:46Z INFO [734/750] 5121b35b-93b8-4b4d-b4bc-88deaa411a38: Sackin index -0.0702; 0.7 s; peak memory 1165 MiB.
2026-10-06T13:18:46Z INFO [735/750] 5122a2f9-ea9c-474e-9a09-02987f2f1747: Sackin index -0.1248; 0.8 s; peak memory 1165 MiB.
2026-10-06T13:20:29Z INFO [736/750] 5122f8a8-bcc3-4304-9447-9ce6418da50c: Sackin index -0.1076; 102.7 s; peak memory 1165 MiB.
2026-10-06T13:20:30Z INFO [737/750] 512354db-cff3-4c16-811c-d0c4cfb89355: Sackin index -0.0275; 1.0 s; peak memory 1165 MiB.
2026-10-06T13:20:31Z INFO [738/750] 51238c74-3c93-499b-8904-93b9dd9e9180: Sackin index -0.1349; 0.8 s; peak memory 1165 MiB.
2026-10-06T13:20:32Z INFO [739/750] 51255569-2b7a-4e0d-bf77-80ec39893c99: Sackin index -0.0728; 1.1 s; peak memory 1165 MiB.
2026-10-06T13:20:33Z INFO [740/750] 5125b776-694f-4a6e-b641-0b136b0ad5c0: Sackin index -0.0745; 1.0 s; peak memory 1165 MiB.
2026-10-06T13:20:34Z INFO [741/750] 5125f0d2-565e-498e-9c6f-2736c9627f6e: Sackin index -0.1349; 0.7 s; peak memory 1165 MiB.
2026-10-06T13:20:35Z INFO [742/750] 512721ce-eb4d-42bf-b9b1-51748cdf3fbf: Sackin index -0.0702; 0.9 s; peak memory 1165 MiB.
2026-10-06T13:20:35Z INFO [743/750] 5127dcc8-e846-480a-a83a-5c05647d2be3: Sackin index -0.0702; 0.7 s; peak memory 1165 MiB.
2026-10-06T13:20:36Z INFO [744/750] 51285aed-590d-4f5e-835c-9eb297e4c997: Sackin index -0.1349; 0.7 s; peak memory 1165 MiB.
2026-10-06T13:20:37Z INFO [745/750] 5128abe0-9cd6-4a4a-947e-e3b0196e196f: Sackin index -0.0696; 0.8 s; peak memory 1165 MiB.
2026-10-06T13:20:38Z INFO [746/750] 5129ebe6-1c83-4ea9-8538-c593d6d8b847: Sackin index -0.1273; 1.0 s; peak memory 1165 MiB.
2026-10-06T13:20:39Z INFO [747/750] 512a8c5f-d9d0-4883-930f-a91fe15ea1dc: Sackin index -0.0702; 0.8 s; peak memory 1165 MiB.
2026-10-06T13:20:39Z INFO [748/750] 512c109e-923c-4c20-ac84-9f760965dda8: Sackin index -0.1356; 0.6 s; peak memory 1165 MiB.
2026-10-06T13:20:40Z INFO [749/750] 512c668f-855f-457c-a88e-ee190cf45a51: Sackin index -0.1658; 0.5 s; peak memory 1165 MiB.
2026-10-06T13:20:41Z INFO [750/750] 512c7876-f78e-49e5-8dbe-7ff6d69160fb: Sackin index -0.1658; 0.7 s; peak memory 1165 MiB.
2026-10-06T13:20:41Z INFO [750/750] 512c7876-f78e-49e5-8dbe-7ff6d69160fb: checkpointed 86086 records.
2026-10-06T13:20:41Z INFO Wrote 86086 records to /tmp/derivatives/valid_nwb_file_to_sackin_index.jsonl (750 new, 0 failed) in 152.2 min (peak memory 1165 MiB).
