2026-09-25T00:17:53Z INFO Logging to /tmp/logs/update_2026-09-25T00-17-53Z.log.
2026-09-25T00:17:53Z INFO Update valid-nwb-file-to-sackin-index (base directory /tmp).
2026-09-25T00:17:53Z INFO Processing 381 items (56529 already recorded).
2026-09-25T00:17:55Z INFO [1/381] 140d6a19-4df5-4270-9d32-39f611e7cebd: Sackin index -0.1938; 1.6 s; peak memory 101 MiB.
2026-09-25T00:17:57Z INFO [2/381] 140daf18-4ba4-41e8-875b-b8754eb60902: Sackin index -0.0693; 2.0 s; peak memory 102 MiB.
2026-09-25T00:17:58Z INFO [3/381] 140df9e8-33d8-4d89-a32f-0e32db74ea50: Sackin index -0.1349; 0.8 s; peak memory 103 MiB.
2026-09-25T00:17:59Z INFO [4/381] 140f0506-6d4a-4a14-8a0a-6a20fa1b878f: Sackin index -0.1349; 0.7 s; peak memory 103 MiB.
2026-09-25T00:18:02Z INFO [5/381] 140fa8ec-d3b1-4ef4-8a99-0385d590e2c4: Sackin index -0.0289; 3.1 s; peak memory 114 MiB.
2026-09-25T00:18:05Z INFO [6/381] 14106e74-30a8-4441-93f8-675f77c48049: Sackin index -0.0403; 3.3 s; peak memory 115 MiB.
2026-09-25T00:18:09Z INFO [7/381] 1411b7b2-a684-4685-8283-b5538a43937f: Sackin index -0.0248; 4.0 s; peak memory 120 MiB.
2026-09-25T00:18:10Z INFO [8/381] 141350d6-de61-4640-a9ae-e4d9f3b8e5c7: Sackin index -0.1397; 0.5 s; peak memory 120 MiB.
2026-09-25T00:18:10Z INFO [9/381] 14135730-3943-48b0-9d5b-bfb27dc57cd6: Sackin index -0.0728; 0.9 s; peak memory 120 MiB.
2026-09-25T00:18:18Z INFO [10/381] 14136c6f-1509-4fa8-a79c-a5d7bd056274: Sackin index -0.0102; 7.6 s; peak memory 157 MiB.
2026-09-25T00:18:19Z INFO [11/381] 1413d511-3397-444c-b6c8-6b80396ed000: Sackin index -0.0369; 1.1 s; peak memory 157 MiB.
2026-09-25T00:18:20Z INFO [12/381] 1414c708-f6d7-42cf-840a-d0ec24be54d0: Sackin index -0.1349; 0.6 s; peak memory 157 MiB.
2026-09-25T00:18:21Z INFO [13/381] 14158c79-4d4d-4ff9-b19f-ac7c4c57ba7c: Sackin index -0.1938; 1.2 s; peak memory 157 MiB.
2026-09-25T00:18:22Z INFO [14/381] 1415c6bf-4d6a-4749-a783-b34e0db7da5f: Sackin index -0.1233; 1.0 s; peak memory 157 MiB.
2026-09-25T00:18:22Z INFO [15/381] 14160f10-0bea-4ad6-af7f-560ee25a974b: Sackin index -0.1602; 0.6 s; peak memory 157 MiB.
2026-09-25T00:18:23Z INFO [16/381] 1416a241-85cf-46f3-92e3-e6e3f4644ea8: Sackin index -0.1349; 0.6 s; peak memory 157 MiB.
2026-09-25T00:18:24Z INFO [17/381] 1416bb56-22ee-48b1-a2b1-7e364608b579: Sackin index -0.1349; 0.6 s; peak memory 157 MiB.
2026-09-25T00:18:25Z INFO [18/381] 141752eb-3e85-453e-8c17-77a562bbbaa2: Sackin index -0.0693; 1.6 s; peak memory 157 MiB.
2026-09-25T00:18:26Z INFO [19/381] 1417ab7e-e29d-4772-9c21-132de4e57719: Sackin index -0.0720; 0.5 s; peak memory 157 MiB.
2026-09-25T00:18:27Z INFO [20/381] 14180e00-d42a-46cb-a756-321d0bbaced6: Sackin index -0.0702; 0.7 s; peak memory 158 MiB.
2026-09-25T00:18:27Z INFO [21/381] 14192d0c-b34c-4772-b377-abe77a24baff: Sackin index -0.0702; 0.7 s; peak memory 158 MiB.
2026-09-25T00:18:28Z INFO [22/381] 14195087-9eec-4ffd-a0af-1574e7814860: Sackin index -0.2000; 0.4 s; peak memory 158 MiB.
2026-09-25T00:18:28Z INFO [23/381] 14195c89-ce4a-4cb4-859d-6148d032e3da: Sackin index -0.1448; 0.4 s; peak memory 158 MiB.
2026-09-25T00:18:29Z INFO [24/381] 141c0b61-ceee-4005-b8b1-a92869bad548: Sackin index -0.0728; 0.7 s; peak memory 158 MiB.
2026-09-25T00:18:30Z INFO [25/381] 141cedab-9346-4da4-9ea7-48b588394798: Sackin index -0.0369; 1.1 s; peak memory 158 MiB.
2026-09-25T00:18:31Z INFO [26/381] 141daa27-99a5-46c7-9380-a8c23260535a: Sackin index -0.0732; 1.0 s; peak memory 158 MiB.
2026-09-25T00:18:33Z INFO [27/381] 141e5013-a599-4029-9076-c41ce25053cc: Sackin index -0.0350; 1.7 s; peak memory 158 MiB.
2026-09-25T00:18:33Z INFO [28/381] 141f23d9-9a0a-411c-8a98-c1f2392aec52: Sackin index -0.2168; 0.4 s; peak memory 158 MiB.
2026-09-25T00:18:35Z INFO [29/381] 141f5092-e684-4baa-9719-961a600b3d27: Sackin index -0.0869; 2.2 s; peak memory 158 MiB.
2026-09-25T00:18:36Z INFO [30/381] 141f7cf6-e92e-4d18-929b-4aa2ba8e3050: Sackin index -0.1938; 0.7 s; peak memory 158 MiB.
2026-09-25T00:18:37Z INFO [31/381] 141f8028-553e-4fdc-aa9b-693dcf2d7ab8: Sackin index -0.1349; 0.7 s; peak memory 158 MiB.
2026-09-25T00:18:37Z INFO [32/381] 142022cf-2aba-44bb-b2ea-ae1872222bcc: Sackin index -0.1191; 0.5 s; peak memory 158 MiB.
2026-09-25T00:18:38Z INFO [33/381] 1420b59b-f723-4d2e-8012-1e9e8e8eff34: Sackin index -0.0369; 1.3 s; peak memory 158 MiB.
2026-09-25T00:18:39Z INFO [34/381] 14210b38-a30b-47b1-8b1b-f7905a39eeea: Sackin index -0.1135; 0.5 s; peak memory 158 MiB.
2026-09-25T00:18:40Z INFO [35/381] 14210ce1-83ce-4e32-be97-64d4bfdb705d: Sackin index -0.1117; 0.7 s; peak memory 158 MiB.
2026-09-25T00:21:30Z INFO [36/381] 14211320-b91f-4dac-af94-b62a1814478e: Sackin index -0.0269; 170.0 s; peak memory 400 MiB.
2026-09-25T00:21:30Z INFO [37/381] 142154bf-072a-4c6e-92bc-33b6b31367d5: Sackin index -0.1349; 0.6 s; peak memory 400 MiB.
2026-09-25T00:21:31Z INFO [38/381] 1421b1f7-ecef-4930-8a85-e1f4c4e9a6da: Sackin index -0.1349; 0.6 s; peak memory 400 MiB.
2026-09-25T00:21:32Z INFO [39/381] 1421e59e-b276-45fb-9c35-96eb9aeb0a32: Sackin index -0.0991; 0.9 s; peak memory 400 MiB.
2026-09-25T00:21:33Z INFO [40/381] 142236c6-913f-4016-878d-e2a317e7e607: Sackin index -0.1602; 0.8 s; peak memory 400 MiB.
2026-09-25T00:21:35Z INFO [41/381] 1422d6ff-410f-4470-aa64-4c2ee12e6b1f: Sackin index -0.0255; 2.3 s; peak memory 400 MiB.
2026-09-25T00:21:36Z INFO [42/381] 1422eb3e-4bf2-42aa-ae0f-043615a6c4c8: Sackin index -0.0704; 1.7 s; peak memory 400 MiB.
2026-09-25T00:21:37Z INFO [43/381] 14238621-745a-4d5c-8f1a-4e341b1d8f5c: Sackin index -0.0728; 0.8 s; peak memory 400 MiB.
2026-09-25T00:21:38Z INFO [44/381] 1424bff1-1ac1-4e48-9e81-4428d68a80b2: Sackin index -0.1191; 0.6 s; peak memory 400 MiB.
2026-09-25T00:21:38Z INFO [45/381] 1425ac25-b42d-4fa0-b713-2a67011449f5: Sackin index -0.1178; 0.5 s; peak memory 400 MiB.
2026-09-25T00:21:40Z INFO [46/381] 1425d8d9-fd35-4488-933a-e76e0a7d3784: Sackin index -0.0660; 1.7 s; peak memory 400 MiB.
2026-09-25T00:21:41Z INFO [47/381] 14265deb-889d-489b-8738-397d842804a1: Sackin index -0.0369; 0.9 s; peak memory 400 MiB.
2026-09-25T00:21:42Z INFO [48/381] 1429063a-d901-4e59-b906-87c44e6f1216: Sackin index -0.1349; 0.7 s; peak memory 400 MiB.
2026-09-25T00:21:43Z INFO [49/381] 14293146-1521-481f-aaa0-0d4941ce6ee4: Sackin index -0.0369; 1.4 s; peak memory 400 MiB.
2026-09-25T00:21:44Z INFO [50/381] 14293adc-218b-4330-8098-27ddeff26dda: Sackin index -0.0728; 0.8 s; peak memory 400 MiB.
2026-09-25T00:21:44Z INFO [50/381] 14293adc-218b-4330-8098-27ddeff26dda: checkpointed 56579 records.
2026-09-25T00:21:45Z INFO [51/381] 1429b483-42eb-46f2-9c72-ba51074d14d7: Sackin index -0.0702; 0.7 s; peak memory 400 MiB.
2026-09-25T00:21:45Z INFO [52/381] 1429cec2-903f-4af0-856f-5c8726e1c8e6: Sackin index -0.0709; 0.7 s; peak memory 400 MiB.
2026-09-25T00:21:59Z INFO [53/381] 142a2883-0f91-4a69-914a-0487eba12ecf: Sackin index -0.1367; 14.3 s; peak memory 400 MiB.
2026-09-25T00:22:00Z INFO [54/381] 142ad108-c964-4a69-a569-7ff5ac2fa97d: Sackin index -0.0702; 0.7 s; peak memory 400 MiB.
2026-09-25T00:22:04Z INFO [55/381] 142bb2b1-a2da-461f-b88f-476870fecd76: Sackin index -0.0476; 4.1 s; peak memory 400 MiB.
2026-09-25T00:22:08Z INFO [56/381] 142c56bf-4334-4a73-94f5-87b4f6804371: Sackin index -0.0251; 3.5 s; peak memory 400 MiB.
2026-09-25T00:22:09Z INFO [57/381] 142c7041-d201-4884-b01c-8fce9dc6d127: Sackin index -0.0379; 0.8 s; peak memory 400 MiB.
2026-09-25T00:22:09Z INFO [58/381] 142c7634-d740-48fc-88d8-7975826416ff: Sackin index -0.1239; 0.5 s; peak memory 400 MiB.
2026-09-25T00:22:10Z INFO [59/381] 142cee98-7f20-4379-a972-825c49814703: Sackin index -0.0728; 0.8 s; peak memory 400 MiB.
2026-09-25T00:22:10Z INFO [60/381] 142f38bc-b586-438b-8746-c85624b4b295: Sackin index -0.1349; 0.6 s; peak memory 400 MiB.
2026-09-25T00:22:11Z INFO [61/381] 142f8415-8253-453e-bc8b-314f163d2a98: Sackin index -0.0376; 0.9 s; peak memory 400 MiB.
2026-09-25T00:22:12Z INFO [62/381] 142f9421-4632-4231-bf5c-2d2e3624c8ca: Sackin index -0.1658; 0.4 s; peak memory 400 MiB.
2026-09-25T00:22:13Z INFO [63/381] 14301114-4cbc-4056-97d4-784a1f226216: Sackin index -0.0272; 1.2 s; peak memory 400 MiB.
2026-09-25T00:22:14Z INFO [64/381] 143035b0-c1a8-42b3-8830-3cbffc4b6c0b: Sackin index -0.1349; 0.7 s; peak memory 400 MiB.
2026-09-25T00:22:18Z INFO [65/381] 1430a55c-3209-481a-a07b-79139bcc20c2: Sackin index -0.0194; 4.7 s; peak memory 400 MiB.
2026-09-25T00:22:24Z INFO [66/381] 1430ea8f-aad9-4131-bd3e-ecec7084602f: Sackin index -0.0341; 5.6 s; peak memory 400 MiB.
2026-09-25T00:22:25Z INFO [67/381] 1430eece-7eac-407e-aa44-2db9ef940965: Sackin index -0.0699; 1.6 s; peak memory 400 MiB.
2026-09-25T00:22:27Z INFO [68/381] 14311d38-c22a-4db4-999f-fee68eb9c116: Sackin index -0.0676; 1.6 s; peak memory 400 MiB.
2026-09-25T00:22:28Z INFO [69/381] 1431357e-e364-49f3-95cb-b2491c2c5824: Sackin index -0.1349; 0.7 s; peak memory 400 MiB.
2026-09-25T00:22:29Z INFO [70/381] 14314181-47b3-4458-9bcf-7f22efdb33e9: Sackin index -0.1938; 1.4 s; peak memory 400 MiB.
2026-09-25T00:24:02Z INFO [71/381] 14318d45-0d44-4cc1-889b-b115e1ca5867: Sackin index -0.0573; 92.9 s; peak memory 400 MiB.
2026-09-25T00:24:03Z INFO [72/381] 143214c4-99e7-4d28-81b2-7f295f3fe1d5: Sackin index -0.0667; 0.7 s; peak memory 400 MiB.
2026-09-25T00:24:04Z INFO [73/381] 14328230-c709-4e8d-86d8-d95a967a5f00: Sackin index -0.0728; 0.9 s; peak memory 400 MiB.
2026-09-25T00:24:20Z INFO [74/381] 1432c1af-2bf9-4d73-ba58-73fd88259918: Sackin index -0.1367; 16.1 s; peak memory 400 MiB.
2026-09-25T00:24:21Z INFO [75/381] 1432ebb3-a9fa-409b-9279-aedb28aa4582: Sackin index -0.0696; 0.8 s; peak memory 400 MiB.
2026-09-25T00:24:22Z INFO [76/381] 1433a64a-3153-4458-80fc-6200754c7bd0: Sackin index -0.0398; 1.0 s; peak memory 400 MiB.
2026-09-25T00:24:22Z INFO [77/381] 1433dfaa-5064-4ec3-8b9b-ba88eb91300c: Sackin index -0.1349; 0.5 s; peak memory 400 MiB.
2026-09-25T00:24:23Z INFO [78/381] 1434e6e1-372a-419a-9ceb-7fa6ee326754: Sackin index -0.0276; 1.1 s; peak memory 400 MiB.
2026-09-25T00:24:24Z INFO [79/381] 14369bfc-b1ba-4545-9a0f-b8e236574813: Sackin index -0.1938; 1.2 s; peak memory 400 MiB.
2026-09-25T00:24:25Z INFO [80/381] 1436d8ff-7b07-4e64-b662-e6be93454f21: Sackin index -0.1239; 0.6 s; peak memory 400 MiB.
2026-09-25T00:24:26Z INFO [81/381] 14385566-1600-4689-bf01-a20bb49e7406: Sackin index -0.1349; 0.6 s; peak memory 400 MiB.
2026-09-25T00:24:29Z INFO [82/381] 14386d28-e976-4726-b6bc-7dff74cfa833: Sackin index -0.0403; 3.6 s; peak memory 400 MiB.
2026-09-25T00:24:32Z INFO [83/381] 14394755-ea75-4ab7-8718-d9e5b69ed465: Sackin index -0.0124; 2.6 s; peak memory 400 MiB.
2026-09-25T00:28:17Z INFO [84/381] 14397d6a-f740-4e8b-b9f0-60aa35e40397: Sackin index -0.2147; 225.0 s; peak memory 400 MiB.
2026-09-25T00:28:25Z INFO [85/381] 1439c189-a12c-4bfe-bff3-aa9e5d001a42: Sackin index -0.0210; 8.0 s; peak memory 400 MiB.
2026-09-25T00:28:26Z INFO [86/381] 143a05a3-6026-4cc1-8f74-b8d3195b99b1: Sackin index -0.0702; 0.9 s; peak memory 400 MiB.
2026-09-25T00:28:27Z INFO [87/381] 143ad812-5db9-48e7-b62b-bf38ee90d00e: Sackin index -0.0728; 1.0 s; peak memory 400 MiB.
2026-09-25T00:28:27Z INFO [88/381] 143af1df-857e-4a99-8561-b6ef18b02dfa: Sackin index -0.1349; 0.6 s; peak memory 400 MiB.
2026-09-25T00:28:28Z INFO [89/381] 143cab6a-d46e-4344-b9f5-39120fb67a45: Sackin index -0.1349; 0.6 s; peak memory 400 MiB.
2026-09-25T00:28:29Z INFO [90/381] 143db696-6fe8-43dd-acfa-0d4f6b3e5ac6: Sackin index -0.0275; 0.9 s; peak memory 400 MiB.
2026-09-25T00:28:31Z INFO [91/381] 143f9d5c-7813-4aca-b989-5fb9bdf5d7b3: Sackin index -0.0660; 1.9 s; peak memory 400 MiB.
2026-09-25T00:28:31Z INFO [92/381] 1440003d-74e8-4bf2-9af7-1af003abb106: Sackin index -0.1239; 0.5 s; peak memory 400 MiB.
2026-09-25T00:28:32Z INFO [93/381] 1440c99a-0c4d-4c22-b7bf-1a13e76598e4: Sackin index -0.1135; 0.6 s; peak memory 400 MiB.
2026-09-25T00:28:33Z INFO [94/381] 14410230-3897-49f4-8a10-b15b30f11791: Sackin index -0.0379; 0.9 s; peak memory 400 MiB.
2026-09-25T00:28:33Z INFO [95/381] 144121f7-775c-4675-917c-33666b4f5948: Sackin index -0.1345; 0.5 s; peak memory 400 MiB.
2026-09-25T00:28:34Z INFO [96/381] 144174a1-50f5-48d4-bff9-1ac24ccbf043: Sackin index -0.1349; 0.7 s; peak memory 400 MiB.
2026-09-25T00:28:35Z INFO [97/381] 1441832b-bc66-4b3f-9ad7-4311d6d83e80: Sackin index -0.0728; 0.9 s; peak memory 400 MiB.
2026-09-25T00:28:35Z INFO [98/381] 1441f2b4-3881-4b34-be22-8f32e11a7fe2: Sackin index -0.1349; 0.6 s; peak memory 400 MiB.
2026-09-25T00:28:43Z INFO [99/381] 14439162-c73a-4622-bc43-db62af7c9709: Sackin index -0.0198; 7.7 s; peak memory 400 MiB.
2026-09-25T00:28:44Z INFO [100/381] 14456a3e-4527-41cd-a140-744445da59af: Sackin index -0.0375; 1.1 s; peak memory 400 MiB.
2026-09-25T00:28:44Z INFO [100/381] 14456a3e-4527-41cd-a140-744445da59af: checkpointed 56629 records.
2026-09-25T00:28:45Z INFO [101/381] 1445db39-2200-47d5-b59b-566465b8667b: Sackin index -0.1248; 0.6 s; peak memory 400 MiB.
2026-09-25T00:28:46Z INFO [102/381] 1445ddfd-6848-4785-8e5d-6721540fe096: Sackin index -0.0673; 0.6 s; peak memory 400 MiB.
2026-09-25T00:28:46Z INFO [103/381] 1445f449-327c-4908-a2fa-58212fdd72a4: Sackin index -0.0702; 0.7 s; peak memory 400 MiB.
2026-09-25T00:28:47Z INFO [104/381] 14463653-6487-496d-80f7-d9ecf89a878d: Sackin index -0.1135; 0.6 s; peak memory 400 MiB.
2026-09-25T00:28:48Z INFO [105/381] 14482f38-c2ce-4c2c-9ce3-fbfc72f76357: Sackin index -0.1000; 0.7 s; peak memory 400 MiB.
2026-09-25T00:28:49Z INFO [106/381] 14490e25-b027-497b-bc57-4450ccd39af0: Sackin index -0.0709; 0.9 s; peak memory 400 MiB.
2026-09-25T00:29:04Z INFO [107/381] 14496d41-7ac6-4777-840b-c3fed0e4599c: Sackin index -0.0105; 15.0 s; peak memory 400 MiB.
2026-09-25T00:29:11Z INFO [108/381] 14499a2a-ab2d-4032-8e5a-34fc268824cb: Sackin index -0.0169; 7.3 s; peak memory 400 MiB.
2026-09-25T00:29:16Z INFO [109/381] 1449d058-1611-40ef-9abb-e2f3515298c1: Sackin index -0.0162; 4.6 s; peak memory 400 MiB.
2026-09-25T00:29:16Z INFO [110/381] 144a4947-562e-4f23-b532-74c5295b1c78: Sackin index -0.0387; 0.7 s; peak memory 400 MiB.
2026-09-25T00:29:17Z INFO [111/381] 144a76b0-e9b2-4bfe-882e-bde75f0a0030: Sackin index -0.0696; 0.8 s; peak memory 400 MiB.
2026-09-25T00:29:23Z INFO [112/381] 144aaef4-e30b-4f04-89c0-be830ed76be7: Sackin index -0.0341; 5.6 s; peak memory 400 MiB.
2026-09-25T00:29:23Z INFO [113/381] 144be729-2307-444d-b645-9ea7ad89e140: Sackin index -0.0696; 0.8 s; peak memory 400 MiB.
2026-09-25T00:29:24Z INFO [114/381] 144c90d2-d374-4ca6-9114-5e4322b5a25f: Sackin index -0.1349; 0.6 s; peak memory 400 MiB.
2026-09-25T00:29:25Z INFO [115/381] 144dd7a8-396d-4181-885f-936e935da850: Sackin index -0.1349; 0.8 s; peak memory 400 MiB.
2026-09-25T00:29:31Z INFO [116/381] 144ddfa9-4a16-459d-8ebc-18789679252d: Sackin index -0.0159; 5.9 s; peak memory 400 MiB.
2026-09-25T00:29:31Z INFO [117/381] 144df344-bed2-4d6c-9218-0e2f946f1447: Sackin index -0.1178; 0.4 s; peak memory 400 MiB.
2026-09-25T00:29:37Z INFO [118/381] 144e6346-d362-4e31-b264-96cecbe63caa: Sackin index -0.0288; 5.7 s; peak memory 400 MiB.
2026-09-25T00:29:38Z INFO [119/381] 144f1e86-c770-4f06-9c24-632e1ff04d25: Sackin index -0.0696; 0.7 s; peak memory 400 MiB.
2026-09-25T00:29:38Z INFO [120/381] 145140e7-4623-496d-aba5-5bd094656065: Sackin index -0.1349; 0.7 s; peak memory 400 MiB.
2026-09-25T00:29:41Z INFO [121/381] 14518303-2c00-4221-b164-02cc460ca670: Sackin index -0.0655; 2.4 s; peak memory 400 MiB.
2026-09-25T00:29:46Z INFO [122/381] 14519175-409f-431c-bab2-fc42d31f0066: Sackin index -0.0022; 5.1 s; peak memory 400 MiB.
2026-09-25T00:29:51Z INFO [123/381] 1451a30f-34a2-4d6e-afc6-3977cbd845bb: Sackin index -0.0366; 4.8 s; peak memory 400 MiB.
2026-09-25T00:29:52Z INFO [124/381] 14521ee1-b214-4c30-bfd6-c36cfb83d3a2: Sackin index -0.0384; 0.9 s; peak memory 400 MiB.
2026-09-25T00:29:52Z INFO [125/381] 14523624-247e-4a4a-8a74-9337787371b5: Sackin index -0.0702; 0.7 s; peak memory 400 MiB.
2026-09-25T00:30:00Z INFO [126/381] 14523d5a-ea53-49e6-9af1-fe2e03374193: Sackin index -0.0131; 8.1 s; peak memory 400 MiB.
2026-09-25T00:30:01Z INFO [127/381] 14524907-1905-4b28-bf93-8f36f2c2b427: Sackin index -0.2147; 0.6 s; peak memory 400 MiB.
2026-09-25T00:30:08Z INFO [128/381] 14527ec0-fc77-4c07-9ecc-a075a9edf6c0: Sackin index -0.0161; 6.7 s; peak memory 400 MiB.
2026-09-25T00:30:08Z INFO [129/381] 14536600-423b-4e17-b589-a7d45fdbcc0b: Sackin index -0.1349; 0.9 s; peak memory 400 MiB.
2026-09-25T00:30:09Z INFO [130/381] 14544f81-40f9-4c04-8d9f-fbd15927c3bc: Sackin index -0.1349; 0.7 s; peak memory 400 MiB.
2026-09-25T00:30:11Z INFO [131/381] 14546d24-8fdb-41db-92a7-e60710feda6c: Sackin index -0.0842; 1.7 s; peak memory 400 MiB.
2026-09-25T00:30:15Z INFO [132/381] 1454aa68-ac74-4417-a9ef-ed8708a8ef88: Sackin index -0.0824; 4.4 s; peak memory 400 MiB.
2026-09-25T00:30:16Z INFO [133/381] 1454bbcd-e285-411a-97c6-fe2452702942: Sackin index -0.0376; 1.1 s; peak memory 400 MiB.
2026-09-25T00:30:17Z INFO [134/381] 14552746-81f4-4930-8523-bc1154004546: Sackin index -0.1349; 0.7 s; peak memory 400 MiB.
2026-09-25T00:30:18Z INFO [135/381] 14555564-a291-42e3-9661-92dc951cbf37: Sackin index -0.1938; 1.6 s; peak memory 400 MiB.
2026-09-25T00:30:19Z INFO [136/381] 14555a6c-6e25-4e1e-897e-916c800da047: Sackin index -0.1349; 0.7 s; peak memory 400 MiB.
2026-09-25T00:30:22Z INFO [137/381] 1456d77f-913f-4727-aad7-1f7139ce0535: Sackin index -0.0255; 2.6 s; peak memory 400 MiB.
2026-09-25T00:30:22Z INFO [138/381] 14573b4a-f153-42fb-b027-bdcedda82133: Sackin index -0.1349; 0.7 s; peak memory 400 MiB.
2026-09-25T00:30:23Z INFO [139/381] 1457b9f4-fbbf-4c1f-aff4-802169feca1a: Sackin index -0.0889; 0.8 s; peak memory 400 MiB.
2026-09-25T00:30:25Z INFO [140/381] 14582df9-ecc8-49a3-9c48-44f485aabd33: Sackin index -0.1709; 1.3 s; peak memory 400 MiB.
2026-09-25T00:30:25Z INFO [141/381] 145852a6-cd00-4df3-b9d7-5b69ad33fb77: Sackin index -0.0383; 0.7 s; peak memory 400 MiB.
2026-09-25T00:30:26Z INFO [142/381] 1458ae57-a10c-475c-baae-c775360f1ebe: Sackin index -0.0272; 1.2 s; peak memory 400 MiB.
2026-09-25T00:30:27Z INFO [143/381] 1458b979-ad3c-45bb-8838-90ed9c0b8cef: Sackin index -0.0896; 0.8 s; peak memory 400 MiB.
2026-09-25T00:30:28Z INFO [144/381] 1458c902-a5aa-43e8-82dd-65a918b3c6aa: Sackin index -0.1248; 0.7 s; peak memory 400 MiB.
2026-09-25T00:30:32Z INFO [145/381] 1458f713-a75c-4039-8a76-396150f2851b: Sackin index -0.0238; 3.7 s; peak memory 400 MiB.
2026-09-25T00:30:33Z INFO [146/381] 1459573b-7a30-4078-84ce-8a3b6a7b3e1e: Sackin index -0.0375; 0.9 s; peak memory 400 MiB.
2026-09-25T00:30:33Z INFO [147/381] 1459a14a-2621-42f9-a3ac-d25458316a76: Sackin index -0.1349; 0.7 s; peak memory 400 MiB.
2026-09-25T00:30:34Z INFO [148/381] 145a3eca-ea9a-4c39-84f5-f8a5dd6e8bbd: Sackin index -0.0715; 0.7 s; peak memory 400 MiB.
2026-09-25T00:30:35Z INFO [149/381] 145a44f2-aa1b-441a-81fa-5c2609608fb9: Sackin index -0.0728; 0.9 s; peak memory 400 MiB.
2026-09-25T00:30:36Z INFO [150/381] 145ad727-f7d1-4c2f-ac49-1701ffbe89ce: Sackin index -0.1349; 0.7 s; peak memory 400 MiB.
2026-09-25T00:30:36Z INFO [150/381] 145ad727-f7d1-4c2f-ac49-1701ffbe89ce: checkpointed 56679 records.
2026-09-25T00:30:36Z INFO [151/381] 145ae025-577f-4f28-b14a-7ed32fc9137b: Sackin index -0.1349; 0.7 s; peak memory 400 MiB.
2026-09-25T00:30:37Z INFO [152/381] 145c0162-ea69-44f3-b0ba-1fe063c2b2f5: Sackin index -0.1383; 0.7 s; peak memory 400 MiB.
2026-09-25T00:30:38Z INFO [153/381] 145d38be-14c6-4c4a-8816-caa1acba5a5c: Sackin index -0.0728; 0.9 s; peak memory 400 MiB.
2026-09-25T00:30:39Z INFO [154/381] 145d8362-aa53-4ae2-81d1-a0ffc27787f4: Sackin index -0.1349; 0.5 s; peak memory 400 MiB.
2026-09-25T00:30:40Z INFO [155/381] 145e9ae8-0fe6-43ce-9aa5-147dcf336c90: Sackin index -0.0375; 0.9 s; peak memory 400 MiB.
2026-09-25T00:30:41Z INFO [156/381] 145f0481-5751-4e7c-b505-03a2185385fd: Sackin index -0.0676; 1.4 s; peak memory 400 MiB.
2026-09-25T00:30:44Z INFO [157/381] 145f68bc-b3f9-46b0-8633-f5769e1ffb2f: Sackin index -0.0403; 3.3 s; peak memory 400 MiB.
2026-09-25T00:30:45Z INFO [158/381] 145fb65c-e38e-4de8-b88d-266352bedf2f: Sackin index -0.0709; 0.7 s; peak memory 400 MiB.
2026-09-25T00:30:46Z INFO [159/381] 145fb86e-e292-440a-b932-0c6915af075c: Sackin index -0.0375; 0.8 s; peak memory 400 MiB.
2026-09-25T00:30:47Z INFO [160/381] 14602657-faa7-4aac-9452-fd1f9a0a12ce: Sackin index -0.1321; 0.6 s; peak memory 400 MiB.
2026-09-25T00:30:47Z INFO [161/381] 14605711-d77b-49e0-89e0-957b3016147d: Sackin index -0.0728; 0.9 s; peak memory 400 MiB.
2026-09-25T00:30:49Z INFO [162/381] 14606fb3-7f59-405f-b818-e3729315aaa8: Sackin index -0.0824; 1.4 s; peak memory 400 MiB.
2026-09-25T00:30:49Z INFO [163/381] 1460c830-470a-4212-ba58-d06fed756d34: Sackin index -0.1658; 0.5 s; peak memory 400 MiB.
2026-09-25T00:30:54Z INFO [164/381] 1461d062-1ea5-4d07-9b47-aa459c31e62f: Sackin index -0.0153; 4.5 s; peak memory 400 MiB.
2026-09-25T00:30:56Z INFO [165/381] 1462469a-2343-49ea-99b4-c1281b830e39: Sackin index -0.0543; 2.3 s; peak memory 400 MiB.
2026-09-25T00:30:57Z INFO [166/381] 14625349-7a4d-41bc-b565-539508d51549: Sackin index -0.1349; 0.7 s; peak memory 400 MiB.
2026-09-25T00:30:57Z INFO [167/381] 14634793-2328-4257-a49c-3283372d6715: Sackin index -0.1191; 0.5 s; peak memory 400 MiB.
2026-09-25T00:30:58Z INFO [168/381] 1463f4c5-c583-4771-bc1c-fee889be016a: Sackin index -0.0728; 0.8 s; peak memory 400 MiB.
2026-09-25T00:30:59Z INFO [169/381] 1464a5cd-dde6-4491-8fbc-a69d890511c7: Sackin index -0.1349; 0.6 s; peak memory 400 MiB.
2026-09-25T00:30:59Z INFO [170/381] 146533b2-867d-4177-9cce-ab53992d7c98: Sackin index -0.0991; 0.7 s; peak memory 400 MiB.
2026-09-25T00:31:00Z INFO [171/381] 14656b13-8de6-4297-a4c7-b5d1b8084616: Sackin index -0.0728; 0.8 s; peak memory 400 MiB.
2026-09-25T00:31:01Z INFO [172/381] 14657e96-fcd3-4e4e-a86c-0ba363193d77: Sackin index -0.0881; 0.8 s; peak memory 400 MiB.
2026-09-25T00:31:02Z INFO [173/381] 146589d7-d135-4ced-8825-19e43e3ce9ef: Sackin index -0.0944; 0.8 s; peak memory 400 MiB.
2026-09-25T00:31:03Z INFO [174/381] 1465f4e6-b442-49f3-8583-73f2ee5619b7: Sackin index -0.1349; 0.7 s; peak memory 400 MiB.
2026-09-25T00:31:03Z INFO [175/381] 14664b64-bc27-4049-95c0-e27766f6d7ec: Sackin index -0.0702; 0.7 s; peak memory 400 MiB.
2026-09-25T00:31:08Z INFO [176/381] 14668f53-94a5-4678-a1ed-6008068e4739: Sackin index -0.0196; 4.8 s; peak memory 400 MiB.
2026-09-25T00:31:09Z INFO [177/381] 1466a069-0117-4f4b-99d3-9ac1a3f84c0f: Sackin index -0.0457; 0.8 s; peak memory 400 MiB.
2026-09-25T00:31:13Z INFO [178/381] 1467e9ca-26c6-4bd3-bf6b-5579fd9b4a4e: Sackin index -0.1562; 4.1 s; peak memory 400 MiB.
2026-09-25T00:31:14Z INFO [179/381] 1467f7e8-a6a2-4e4c-962a-4f92de80e71c: Sackin index -0.1009; 0.7 s; peak memory 400 MiB.
2026-09-25T00:31:15Z INFO [180/381] 1469a1e6-1c59-4382-a7b3-8fe10c9dd63b: Sackin index -0.0369; 1.2 s; peak memory 400 MiB.
2026-09-25T00:31:16Z INFO [181/381] 1469a281-8b1b-40ea-a307-86d99f513640: Sackin index -0.0728; 1.1 s; peak memory 400 MiB.
2026-09-25T00:31:17Z INFO [182/381] 146a1d9b-0508-4479-8d5c-331a8504fcd3: Sackin index -0.0728; 0.9 s; peak memory 400 MiB.
2026-09-25T00:31:17Z INFO [183/381] 146ab697-689c-4646-b876-0fca62f184a1: Sackin index -0.1303; 0.5 s; peak memory 400 MiB.
2026-09-25T00:31:18Z INFO [184/381] 146bb835-e788-4b18-b0c1-bd5e0a6787fd: Sackin index -0.0702; 0.8 s; peak memory 400 MiB.
2026-09-25T00:31:19Z INFO [185/381] 146bba1d-be95-4aee-8e67-3a8817d675b7: Sackin index -0.1349; 0.6 s; peak memory 400 MiB.
2026-09-25T00:31:20Z INFO [186/381] 146c2140-1e24-4179-93ec-e28049762dc1: Sackin index -0.0745; 1.1 s; peak memory 400 MiB.
2026-09-25T00:31:21Z INFO [187/381] 146c87e3-a2db-4ddf-90f3-e4d42e2eb350: Sackin index -0.0275; 1.0 s; peak memory 400 MiB.
2026-09-25T00:31:24Z INFO [188/381] 146d79a6-2cf1-4184-8044-39b8c7b49ce1: Sackin index -0.0403; 3.0 s; peak memory 400 MiB.
2026-09-25T00:31:24Z INFO [189/381] 146dc9a3-c376-46cd-863b-58b920d6a50c: Sackin index -0.1349; 0.7 s; peak memory 400 MiB.
2026-09-25T00:31:25Z INFO [190/381] 146dcc47-577d-4c17-a263-446d4182548d: Sackin index -0.1602; 0.6 s; peak memory 400 MiB.
2026-09-25T00:31:26Z INFO [191/381] 146dea65-9927-435f-8dd9-53e074e3807c: Sackin index -0.0369; 1.3 s; peak memory 400 MiB.
2026-09-25T00:31:27Z INFO [192/381] 146e2afb-6264-4f2d-9719-87856e617435: Sackin index -0.0384; 0.7 s; peak memory 400 MiB.
2026-09-25T00:31:28Z INFO [193/381] 146edbac-f360-4ff2-a24e-e9313e87b79f: Sackin index -0.0745; 0.8 s; peak memory 400 MiB.
2026-09-25T00:31:29Z INFO [194/381] 146f179a-37f6-42bd-8a99-92f8c39924b2: Sackin index -0.1349; 0.6 s; peak memory 400 MiB.
2026-09-25T00:31:29Z INFO [195/381] 14705ee8-a818-4db4-8abc-ffc4597a2696: Sackin index -0.1349; 0.6 s; peak memory 400 MiB.
2026-09-25T00:31:30Z INFO [196/381] 14706e90-8e5a-4455-a5ec-81d2b51bb9f9: Sackin index -0.1349; 0.6 s; peak memory 400 MiB.
2026-09-25T00:31:31Z INFO [197/381] 147096e0-2d94-498f-bb30-20beb2cb9df5: Sackin index -0.0272; 1.0 s; peak memory 400 MiB.
2026-09-25T00:48:32Z INFO [198/381] 14726233-aa4c-457d-9e12-0de8b7375c6e: Sackin index -0.1290; 1021.1 s; peak memory 1230 MiB.
2026-09-25T00:48:33Z INFO [199/381] 1472f8c4-8188-419e-931f-39619d999fcf: Sackin index -0.0696; 0.7 s; peak memory 1230 MiB.
2026-09-25T00:48:36Z INFO [200/381] 14744765-ebe7-44a9-9a17-2cab9644c968: Sackin index -0.0772; 3.8 s; peak memory 1230 MiB.
2026-09-25T00:48:36Z INFO [200/381] 14744765-ebe7-44a9-9a17-2cab9644c968: checkpointed 56729 records.
2026-09-25T00:48:37Z INFO [201/381] 147495ae-dae6-417d-8f0d-0803806376d9: Sackin index -0.1397; 0.4 s; peak memory 1230 MiB.
2026-09-25T00:48:38Z INFO [202/381] 1474b135-1327-4bf4-bc9e-114fbb414848: Sackin index -0.0702; 0.8 s; peak memory 1230 MiB.
2026-09-25T00:48:41Z INFO [203/381] 14751cba-5d30-46ea-94c3-e59695fbbbbc: Sackin index -0.0403; 3.6 s; peak memory 1230 MiB.
2026-09-25T00:48:42Z INFO [204/381] 147524be-c4d4-4480-8a70-1ec7b345fa14: Sackin index -0.0728; 0.8 s; peak memory 1230 MiB.
2026-09-25T00:48:43Z INFO [205/381] 147543ff-4da5-472d-baa7-e45eddeb21f9: Sackin index -0.1349; 0.8 s; peak memory 1230 MiB.
2026-09-25T00:48:56Z INFO [206/381] 1475c587-309b-4f22-a3ed-08e28462b923: Sackin index -0.0273; 13.0 s; peak memory 1230 MiB.
2026-09-25T00:48:57Z INFO [207/381] 1476dbfe-c87d-4959-8f19-7594061b4d58: Sackin index -0.0696; 0.8 s; peak memory 1230 MiB.
2026-09-25T00:49:01Z INFO [208/381] 1477c7cb-9b2a-4f43-969b-ba9b13f1c736: Sackin index -0.0173; 4.0 s; peak memory 1230 MiB.
2026-09-25T00:49:02Z INFO [209/381] 1477efa2-4b90-499f-814a-2abece2dbc2f: Sackin index -0.0660; 1.7 s; peak memory 1230 MiB.
2026-09-25T00:49:03Z INFO [210/381] 147804c6-29a4-4a76-9300-84e102a83b29: Sackin index -0.0707; 0.7 s; peak memory 1230 MiB.
2026-09-25T00:49:09Z INFO [211/381] 14786717-8302-457b-8a9e-3a6bbb88e794: Sackin index -0.0691; 5.5 s; peak memory 1230 MiB.
2026-09-25T00:49:09Z INFO [212/381] 14786d59-c3f8-4349-8b90-2552432ffa67: Sackin index -0.1174; 0.6 s; peak memory 1230 MiB.
2026-09-25T00:49:10Z INFO [213/381] 147a8e99-bc43-4c21-8c68-d0c53d700740: Sackin index -0.0728; 0.8 s; peak memory 1230 MiB.
2026-09-25T00:49:15Z INFO [214/381] 147adc4b-a56c-456a-b923-e70a656422d7: Sackin index -0.0169; 5.4 s; peak memory 1230 MiB.
2026-09-25T00:49:16Z INFO [215/381] 147afd9c-809d-4959-ba8f-145504665fe4: Sackin index -0.1408; 0.7 s; peak memory 1230 MiB.
2026-09-25T00:49:17Z INFO [216/381] 147b30b3-961f-4a09-aa02-9ac4961c974e: Sackin index -0.0702; 0.6 s; peak memory 1230 MiB.
2026-09-25T00:49:17Z INFO [217/381] 147bc25e-3769-4c61-bdc2-2ed633bb06d5: Sackin index -0.1349; 0.7 s; peak memory 1230 MiB.
2026-09-25T00:49:18Z INFO [218/381] 147bdba2-de89-4f2f-bdad-1395936e781a: Sackin index -0.1133; 0.5 s; peak memory 1230 MiB.
2026-09-25T00:49:19Z INFO [219/381] 147c15d0-d61b-409b-bb70-0ee156b17c17: Sackin index -0.0728; 0.8 s; peak memory 1230 MiB.
2026-09-25T00:49:20Z INFO [220/381] 147c1758-ac27-4463-8cba-fd0b53175f5e: Sackin index -0.0702; 0.8 s; peak memory 1230 MiB.
2026-09-25T00:49:20Z INFO [221/381] 147c8016-12cf-4e0a-8368-b3658827c634: Sackin index -0.1349; 0.8 s; peak memory 1230 MiB.
2026-09-25T00:49:21Z INFO [222/381] 147cc99e-3e2b-435e-9bda-722d2bf73926: Sackin index -0.0702; 0.7 s; peak memory 1230 MiB.
2026-09-25T00:49:22Z INFO [223/381] 147e31a2-1143-4c9a-a584-536ce9bd4d3e: Sackin index -0.0728; 0.8 s; peak memory 1230 MiB.
2026-09-25T00:49:23Z INFO [224/381] 147e786d-5d82-4162-883c-61705ede9f50: Sackin index -0.0676; 1.6 s; peak memory 1230 MiB.
2026-09-25T00:49:24Z INFO [225/381] 147f072a-ad99-480d-86de-254787161eb9: Sackin index -0.1273; 0.9 s; peak memory 1230 MiB.
2026-09-25T00:49:27Z INFO [226/381] 147f0b9c-9f2c-46dd-839b-fc25bf036563: Sackin index -0.1761; 2.3 s; peak memory 1230 MiB.
2026-09-25T00:49:28Z INFO [227/381] 147f925f-36a2-4211-93ff-1aeea718d6d2: Sackin index -0.0663; 1.8 s; peak memory 1230 MiB.
2026-09-25T00:49:30Z INFO [228/381] 14800bdc-33b4-48e0-9da8-f0d2ae669055: Sackin index -0.1243; 1.4 s; peak memory 1230 MiB.
2026-09-25T00:49:30Z INFO [229/381] 14801ca5-55c2-4953-8053-354899c74b5c: Sackin index -0.0728; 0.7 s; peak memory 1230 MiB.
2026-09-25T00:49:33Z INFO [230/381] 148062cf-8bcb-4ebb-85a8-c2e7d65cfe78: Sackin index -0.0403; 2.6 s; peak memory 1230 MiB.
2026-09-25T00:49:34Z INFO [231/381] 1480c23a-e880-4fef-895a-d269fb1d51fd: Sackin index -0.0702; 0.8 s; peak memory 1230 MiB.
2026-09-25T00:49:35Z INFO [232/381] 1480c6d9-5b4c-40d7-8f98-6ebae60da1bd: Sackin index -0.0369; 1.1 s; peak memory 1230 MiB.
2026-09-25T00:49:36Z INFO [233/381] 1480cbd7-e90d-49cf-a981-bae516d85790: Sackin index -0.1349; 0.6 s; peak memory 1230 MiB.
2026-09-25T00:52:18Z INFO [234/381] 14812d34-f895-4abb-bf7c-d7fc7e072086: Sackin index -0.0409; 162.4 s; peak memory 1230 MiB.
2026-09-25T00:52:19Z INFO [235/381] 1481c8c7-cd04-4411-9edd-4a16d1d1516c: Sackin index -0.0728; 1.0 s; peak memory 1230 MiB.
2026-09-25T00:52:20Z INFO [236/381] 14820909-0fcb-49b7-b847-b4b399f50656: Sackin index -0.0696; 0.8 s; peak memory 1230 MiB.
2026-09-25T00:52:20Z INFO [237/381] 14829ca7-fbba-43a2-a200-cfbbb9a15db6: Sackin index -0.0702; 0.7 s; peak memory 1230 MiB.
2026-09-25T00:52:21Z INFO [238/381] 1482a5aa-4c3a-46bf-a9c0-e74d9bf533df: Sackin index -0.0379; 0.8 s; peak memory 1230 MiB.
2026-09-25T00:52:23Z INFO [239/381] 148356c8-d877-43d2-81f8-97c2aaf9b6e1: Sackin index -0.0699; 1.4 s; peak memory 1230 MiB.
2026-09-25T00:52:23Z INFO [240/381] 1485a9d0-cb31-4a60-8d79-067fd9490971: Sackin index -0.0728; 0.8 s; peak memory 1230 MiB.
2026-09-25T00:52:24Z INFO [241/381] 1485c57f-3338-46be-ba7c-d84c1a6d8470: Sackin index -0.0696; 0.8 s; peak memory 1230 MiB.
2026-09-25T00:52:25Z INFO [242/381] 14868110-cc00-4719-ad1f-c9b34e0aec3e: Sackin index -0.0746; 0.9 s; peak memory 1230 MiB.
2026-09-25T00:52:26Z INFO [243/381] 14869e1f-c750-419e-8c4b-c95078d8fbf2: Sackin index -0.0272; 1.0 s; peak memory 1230 MiB.
2026-09-25T00:52:27Z INFO [244/381] 14878834-24d8-4ab5-b2d6-0ca781a053d0: Sackin index -0.1658; 0.5 s; peak memory 1230 MiB.
2026-09-25T00:52:30Z INFO [245/381] 1487b8b6-21c8-4ba2-a44a-f18d2c770437: Sackin index -0.0251; 3.3 s; peak memory 1230 MiB.
2026-09-25T00:52:31Z INFO [246/381] 14889360-4312-4861-8a87-16844d2693fe: Sackin index -0.0728; 0.9 s; peak memory 1230 MiB.
2026-09-25T00:52:33Z INFO [247/381] 14893897-567e-4489-9862-7bd176fad1be: Sackin index -0.0660; 1.7 s; peak memory 1230 MiB.
2026-09-25T00:52:33Z INFO [248/381] 148975f9-a288-4482-b21c-a2b6eabd9cfa: Sackin index -0.0702; 0.9 s; peak memory 1230 MiB.
2026-09-25T00:52:34Z INFO [249/381] 1489d276-04e3-48bf-b551-6f1b0c3d5ecc: Sackin index -0.1349; 0.6 s; peak memory 1230 MiB.
2026-09-25T00:52:36Z INFO [250/381] 148a2ce0-20c0-425c-a735-bcfeaeac1b9d: Sackin index -0.0660; 1.8 s; peak memory 1230 MiB.
2026-09-25T00:52:36Z INFO [250/381] 148a2ce0-20c0-425c-a735-bcfeaeac1b9d: checkpointed 56779 records.
2026-09-25T00:52:41Z INFO [251/381] 148a3a2e-8dc3-4e89-bdba-1e7d18e694c0: Sackin index -0.0431; 5.0 s; peak memory 1230 MiB.
2026-09-25T00:52:42Z INFO [252/381] 148a924e-6252-4059-b2b8-f6cb4fa7136e: Sackin index -0.0369; 1.4 s; peak memory 1230 MiB.
2026-09-25T00:52:43Z INFO [253/381] 148ac22e-bd6c-4729-8e5c-74ec71334d94: Sackin index -0.0370; 1.1 s; peak memory 1230 MiB.
2026-09-25T00:52:44Z INFO [254/381] 148bbb70-b4c0-4414-855b-114a299ee838: Sackin index -0.0702; 0.8 s; peak memory 1230 MiB.
2026-09-25T00:52:45Z INFO [255/381] 148c095f-a1a8-45cf-b570-a67814a0c9e7: Sackin index -0.1321; 0.6 s; peak memory 1230 MiB.
2026-09-25T00:52:46Z INFO [256/381] 148c871d-e2b3-43a4-819a-97f032cb0f76: Sackin index -0.0699; 1.3 s; peak memory 1230 MiB.
2026-09-25T00:52:53Z INFO [257/381] 148cd656-cf93-4eff-b2f0-5f2608f3b1ac: Sackin index -0.0141; 7.1 s; peak memory 1230 MiB.
2026-09-25T00:52:55Z INFO [258/381] 148d85a3-a536-4925-92e9-80cef7d67819: Sackin index -0.0660; 1.7 s; peak memory 1230 MiB.
2026-09-25T00:52:56Z INFO [259/381] 148f2cbe-a85c-49b9-a850-c7cdfd3e5c11: Sackin index -0.1349; 0.6 s; peak memory 1230 MiB.
2026-09-25T00:52:56Z INFO [260/381] 148f66e9-02b4-486d-b126-6d5aba5d3b47: Sackin index -0.1349; 0.6 s; peak memory 1230 MiB.
2026-09-25T00:52:57Z INFO [261/381] 1490b36a-96d5-48a1-ac71-e1ce99d68adc: Sackin index -0.1408; 0.8 s; peak memory 1230 MiB.
2026-09-25T00:52:58Z INFO [262/381] 149121d3-14c4-460e-9482-3a2f63d262d5: Sackin index -0.0728; 0.7 s; peak memory 1230 MiB.
2026-09-25T00:52:58Z INFO [263/381] 1491bb37-fbde-4e98-94b0-7aa7d727672f: Sackin index -0.1448; 0.4 s; peak memory 1230 MiB.
2026-09-25T00:53:04Z INFO [264/381] 1492faff-7d7c-4b1f-a7b2-1e16b7ed5c6e: Sackin index -0.0031; 5.4 s; peak memory 1230 MiB.
2026-09-25T00:53:04Z INFO [265/381] 1492fdc7-30ba-486e-a616-c5ce91ee1273: Sackin index -0.1194; 0.8 s; peak memory 1230 MiB.
2026-09-25T00:53:05Z INFO [266/381] 14935795-b2d7-454f-aa53-62ed08196a04: Sackin index -0.1349; 0.6 s; peak memory 1230 MiB.
2026-09-25T00:53:06Z INFO [267/381] 1493cd81-b2b3-4298-a590-b0293f4be50e: Sackin index -0.0752; 0.8 s; peak memory 1230 MiB.
2026-09-25T00:53:06Z INFO [268/381] 14953399-952f-41c1-a481-34fa8cae456f: Sackin index -0.2147; 0.4 s; peak memory 1230 MiB.
2026-09-25T00:53:11Z INFO [269/381] 14955ac9-5e06-4b41-99a5-573c39c13e7b: Sackin index -0.0200; 5.1 s; peak memory 1230 MiB.
2026-09-25T00:53:13Z INFO [270/381] 14960fb2-4a3a-4552-8e1a-6a1243a96b09: Sackin index -0.1210; 1.1 s; peak memory 1230 MiB.
2026-09-25T00:53:13Z INFO [271/381] 149684e9-f3a0-43e3-ad03-9cd680cef8b4: Sackin index -0.1174; 0.4 s; peak memory 1230 MiB.
2026-09-25T00:53:16Z INFO [272/381] 14969e4e-3c67-4f68-8808-add72112b1b0: Sackin index -0.0415; 2.6 s; peak memory 1230 MiB.
2026-09-25T00:53:16Z INFO [273/381] 14983dff-b90e-48ef-ad55-cf0f03082613: Sackin index -0.0702; 0.8 s; peak memory 1230 MiB.
2026-09-25T00:53:24Z INFO [274/381] 14984dd1-938b-434f-9730-1d5680376f14: Sackin index -0.0053; 7.5 s; peak memory 1230 MiB.
2026-09-25T00:53:25Z INFO [275/381] 14985c19-5ee2-4e18-922d-6c36a8b4f41f: Sackin index -0.0376; 0.9 s; peak memory 1230 MiB.
2026-09-25T00:53:26Z INFO [276/381] 1498c331-b16e-47e7-b457-b511a35b66d9: Sackin index -0.0728; 0.8 s; peak memory 1230 MiB.
2026-09-25T00:53:26Z INFO [277/381] 1498d544-93ca-494f-8fdc-f86d916842b1: Sackin index -0.1026; 0.9 s; peak memory 1230 MiB.
2026-09-25T00:53:28Z INFO [278/381] 1499459c-7455-4b72-8fa0-11e210b7c569: Sackin index -0.1120; 1.4 s; peak memory 1230 MiB.
2026-09-25T00:53:28Z INFO [279/381] 14997598-aea4-4db4-9b42-d85b79523d71: Sackin index -0.0745; 0.6 s; peak memory 1230 MiB.
2026-09-25T00:53:34Z INFO [280/381] 1499b0f7-7100-427a-98fd-73b55b2efcd6: Sackin index -0.0315; 5.2 s; peak memory 1230 MiB.
2026-09-25T00:53:35Z INFO [281/381] 1499ee6d-bd72-4c28-a86d-3d5eead635b6: Sackin index -0.0376; 0.9 s; peak memory 1230 MiB.
2026-09-25T00:53:36Z INFO [282/381] 149b0a8c-d791-4c91-b0aa-e14e89f31e51: Sackin index -0.0275; 1.2 s; peak memory 1230 MiB.
2026-09-25T00:53:37Z INFO [283/381] 149c2489-0bf4-4798-beae-298ef4066766: Sackin index -0.0699; 1.5 s; peak memory 1230 MiB.
2026-09-25T00:53:38Z INFO [284/381] 149cebe4-b324-4cd2-8640-22138f846f8f: Sackin index -0.0728; 0.9 s; peak memory 1230 MiB.
2026-09-25T00:53:39Z INFO [285/381] 149cfff9-8632-4998-a756-227798457695: Sackin index -0.0702; 0.8 s; peak memory 1230 MiB.
2026-09-25T00:53:40Z INFO [286/381] 149d0173-7aad-4518-ac94-61e72ce3801e: Sackin index -0.0676; 1.0 s; peak memory 1230 MiB.
2026-09-25T00:53:41Z INFO [287/381] 149de050-2bca-467f-8515-38fbc36ebbba: Sackin index -0.1234; 0.9 s; peak memory 1230 MiB.
2026-09-25T00:53:42Z INFO [288/381] 149dfd5c-8c4e-4c76-928f-aff91e28f01f: Sackin index -0.0376; 0.9 s; peak memory 1230 MiB.
2026-09-25T00:53:42Z INFO [289/381] 149e09a9-fd30-492b-bffe-d6372ea05815: Sackin index -0.1349; 0.6 s; peak memory 1230 MiB.
2026-09-25T00:53:47Z INFO [290/381] 149e0b35-f8e4-459c-8e54-08500056175d: Sackin index -0.0366; 4.8 s; peak memory 1230 MiB.
2026-09-25T00:53:48Z INFO [291/381] 149e3bde-923a-4fe6-9540-be7ee57d173a: Sackin index -0.1349; 0.6 s; peak memory 1230 MiB.
2026-09-25T00:53:49Z INFO [292/381] 149e6bbb-6298-4907-968f-70bd1a5a852d: Sackin index -0.0375; 0.9 s; peak memory 1230 MiB.
2026-09-25T00:53:50Z INFO [293/381] 149f762a-6a8d-4255-96df-9fa22fd24c55: Sackin index -0.1210; 1.1 s; peak memory 1230 MiB.
2026-09-25T00:53:50Z INFO [294/381] 14a0760e-a0bb-405b-9361-6dd5d3e90433: Sackin index -0.0696; 0.7 s; peak memory 1230 MiB.
2026-09-25T00:53:51Z INFO [295/381] 14a0f75e-8f3d-4108-85ad-a8f6bb4f9e35: Sackin index -0.1380; 0.7 s; peak memory 1230 MiB.
2026-09-25T00:53:52Z INFO [296/381] 14a1bae3-964b-4d1b-a505-6a5b3c962a45: Sackin index -0.1349; 0.5 s; peak memory 1230 MiB.
2026-09-25T00:53:57Z INFO [297/381] 14a205ea-306f-47fd-97e8-284a6f00626b: Sackin index -0.1144; 5.0 s; peak memory 1230 MiB.
2026-09-25T00:53:58Z INFO [298/381] 14a29431-195f-4fa2-be65-9223543a4098: Sackin index -0.0380; 0.9 s; peak memory 1230 MiB.
2026-09-25T00:53:58Z INFO [299/381] 14a39e50-8b5e-4855-a935-ca88bd8c34ff: Sackin index -0.0709; 0.8 s; peak memory 1230 MiB.
2026-09-25T00:54:01Z INFO [300/381] 14a4d288-7eb1-4b6c-9272-e8a6e1a9e6eb: Sackin index -0.1433; 2.5 s; peak memory 1230 MiB.
2026-09-25T00:54:01Z INFO [300/381] 14a4d288-7eb1-4b6c-9272-e8a6e1a9e6eb: checkpointed 56829 records.
2026-09-25T00:54:02Z INFO [301/381] 14a6239a-7db2-45cc-a971-55824028c0b6: Sackin index -0.0275; 1.1 s; peak memory 1230 MiB.
2026-09-25T00:54:03Z INFO [302/381] 14a672c3-4012-4b91-86d1-173da3453d36: Sackin index -0.1349; 0.5 s; peak memory 1230 MiB.
2026-09-25T00:54:03Z INFO [303/381] 14a6ac4e-bf3e-4640-8485-9a3615b047c4: Sackin index -0.0702; 0.7 s; peak memory 1230 MiB.
2026-09-25T00:54:15Z INFO [304/381] 14a6d1d8-b02c-4345-bd62-570c859e1936: Sackin index -0.1284; 12.0 s; peak memory 1230 MiB.
2026-09-25T00:54:17Z INFO [305/381] 14a6f301-4e70-4c48-82bc-0b7c2aa41b15: Sackin index -0.0978; 1.6 s; peak memory 1230 MiB.
2026-09-25T00:54:18Z INFO [306/381] 14a72bbe-71bc-4aa5-b3bd-7b043097332b: Sackin index -0.1349; 0.7 s; peak memory 1230 MiB.
2026-09-25T00:54:20Z INFO [307/381] 14a841e8-b7c4-4c61-8cc8-ab76ac99f810: Sackin index -0.0797; 2.0 s; peak memory 1230 MiB.
2026-09-25T00:54:20Z INFO [308/381] 14a919d1-ae52-47e6-8a9a-559237f73db3: Sackin index -0.1303; 0.6 s; peak memory 1230 MiB.
2026-09-25T00:54:24Z INFO [309/381] 14ab9c66-809f-4bb2-8d9b-ee47d1cc3196: Sackin index -0.0403; 3.5 s; peak memory 1230 MiB.
2026-09-25T00:54:24Z INFO [310/381] 14ab9d11-2a96-421c-8d7c-3cf88c813a18: Sackin index -0.1272; 0.5 s; peak memory 1230 MiB.
2026-09-25T00:54:26Z INFO [311/381] 14abad58-5c07-4709-8821-ead184dbcbf5: Sackin index -0.0369; 1.5 s; peak memory 1230 MiB.
2026-09-25T00:56:02Z INFO [312/381] 14abe456-cd4c-4c53-9cf8-966f538a2739: Sackin index -0.0573; 96.5 s; peak memory 1230 MiB.
2026-09-25T00:56:03Z INFO [313/381] 14ac065f-da0d-4002-8ef5-fd11430e0b3c: Sackin index -0.1291; 1.1 s; peak memory 1230 MiB.
2026-09-25T00:56:04Z INFO [314/381] 14ac396e-ef1e-4360-afc2-8dd5a2692f04: Sackin index -0.1223; 0.5 s; peak memory 1230 MiB.
2026-09-25T00:56:05Z INFO [315/381] 14ac9bee-7661-4344-931e-57563513418f: Sackin index -0.0375; 0.9 s; peak memory 1230 MiB.
2026-09-25T00:56:06Z INFO [316/381] 14ad032c-df3f-4dba-a304-d26e2f0fb8fc: Sackin index -0.0729; 1.2 s; peak memory 1230 MiB.
2026-09-25T00:56:06Z INFO [317/381] 14ad77ab-8db5-401c-81dc-2357d24223d9: Sackin index -0.1439; 0.5 s; peak memory 1230 MiB.
2026-09-25T00:56:07Z INFO [318/381] 14ad9104-0a92-4d1a-8a63-241391bf5e19: Sackin index -0.1658; 0.6 s; peak memory 1230 MiB.
2026-09-25T00:56:10Z INFO [319/381] 14ae69d0-ab59-444d-b11d-96c91d047ddc: Sackin index -0.0435; 3.3 s; peak memory 1230 MiB.
2026-09-25T00:56:11Z INFO [320/381] 14aff668-d696-498b-97ee-6cc93671b215: Sackin index -0.1000; 0.8 s; peak memory 1230 MiB.
2026-09-25T00:56:12Z INFO [321/381] 14b11606-7320-4295-a246-9bf11242e610: Sackin index -0.1319; 0.6 s; peak memory 1230 MiB.
2026-09-25T00:56:12Z INFO [322/381] 14b117d1-f6c6-457b-81db-544ed798d113: Sackin index -0.1658; 0.4 s; peak memory 1230 MiB.
2026-09-25T00:56:13Z INFO [323/381] 14b152c2-a12d-4977-a909-f903466d859d: Sackin index -0.0748; 0.7 s; peak memory 1230 MiB.
2026-09-25T00:56:13Z INFO [324/381] 14b1a8b1-1d29-4e55-8213-17796072c906: Sackin index -0.0702; 0.8 s; peak memory 1230 MiB.
2026-09-25T00:56:14Z INFO [325/381] 14b1b46d-adfc-4e0c-90c8-ebf0e67a3fe3: Sackin index -0.1331; 0.6 s; peak memory 1230 MiB.
2026-09-25T00:56:15Z INFO [326/381] 14b1da3e-a572-4afc-9cc2-ce1c3af8f439: Sackin index -0.0745; 1.0 s; peak memory 1230 MiB.
2026-09-25T00:56:17Z INFO [327/381] 14b1e226-88cf-4640-b65c-395eb7fc8b0a: Sackin index -0.0281; 2.3 s; peak memory 1230 MiB.
2026-09-25T00:56:18Z INFO [328/381] 14b28e5c-1071-4e96-90eb-8259bd61e6b8: Sackin index -0.1311; 1.0 s; peak memory 1230 MiB.
2026-09-25T00:56:22Z INFO [329/381] 14b2941a-075e-4b56-a1ef-1cd41110cf8f: Sackin index -0.0260; 3.5 s; peak memory 1230 MiB.
2026-09-25T00:56:27Z INFO [330/381] 14b39b77-b003-4ccd-b72e-da46e118adbe: Sackin index -0.0176; 4.8 s; peak memory 1230 MiB.
2026-09-25T00:56:28Z INFO [331/381] 14b577ac-290a-4d1a-984f-1c84170c1eeb: Sackin index -0.0728; 1.1 s; peak memory 1230 MiB.
2026-09-25T00:56:28Z INFO [332/381] 14b5ab3b-9feb-40c6-9fae-7d17326e2c7a: Sackin index -0.1239; 0.5 s; peak memory 1230 MiB.
2026-09-25T00:56:29Z INFO [333/381] 14b5e1cd-b228-4855-a554-79e2d1dd9f15: Sackin index -0.1269; 0.9 s; peak memory 1230 MiB.
2026-09-25T00:56:30Z INFO [334/381] 14b6b242-062e-42c6-9754-b8d67c7505b3: Sackin index -0.1248; 0.7 s; peak memory 1230 MiB.
2026-09-25T00:56:31Z INFO [335/381] 14b6e295-0949-444d-bddf-2d78e0c7ffdb: Sackin index -0.0728; 0.6 s; peak memory 1230 MiB.
2026-09-25T00:56:46Z INFO [336/381] 14b7ca21-d708-4e5d-9eac-6d056d9f4bee: Sackin index -0.1367; 15.0 s; peak memory 1230 MiB.
2026-09-25T00:56:46Z INFO [337/381] 14b7fba2-2a77-41d1-a9e3-99756bcc1c88: Sackin index -0.1349; 0.7 s; peak memory 1230 MiB.
2026-09-25T00:56:47Z INFO [338/381] 14b89456-39e7-4b40-af62-d630bdf70f7c: Sackin index -0.0547; 1.0 s; peak memory 1230 MiB.
2026-09-25T00:56:48Z INFO [339/381] 14b8f7f5-233e-4f6c-9d79-333db7b8856a: Sackin index -0.0728; 0.7 s; peak memory 1230 MiB.
2026-09-25T00:56:49Z INFO [340/381] 14b951b7-f989-4fdd-ae47-8000cf659f23: Sackin index -0.0702; 0.7 s; peak memory 1230 MiB.
2026-09-25T00:56:49Z INFO [341/381] 14b9aeb7-19ef-4ba6-83d4-0c35c8a96bcf: Sackin index -0.0881; 0.6 s; peak memory 1230 MiB.
2026-09-25T00:56:58Z INFO [342/381] 14ba2496-552d-4662-83c4-c163c738689b: Sackin index -0.0063; 8.4 s; peak memory 1230 MiB.
2026-09-25T00:56:58Z INFO [343/381] 14bb50ca-ae7a-450c-9f9f-8c7512e6df34: Sackin index -0.1658; 0.5 s; peak memory 1230 MiB.
2026-09-25T00:57:00Z INFO [344/381] 14bc533f-715e-4338-ae66-81696753c0d0: Sackin index -0.0676; 1.3 s; peak memory 1230 MiB.
2026-09-25T00:57:05Z INFO [345/381] 14bc8f5e-16e7-48ea-922f-203aedec34a3: Sackin index -0.0235; 5.7 s; peak memory 1230 MiB.
2026-09-25T00:57:06Z INFO [346/381] 14bc9b51-b185-4c4c-9602-18e0a45e51e4: Sackin index -0.1072; 0.6 s; peak memory 1230 MiB.
2026-09-25T00:57:07Z INFO [347/381] 14bcf3fd-57d9-477c-bbe3-b5a495cd94e2: Sackin index -0.1380; 0.8 s; peak memory 1230 MiB.
2026-09-25T00:57:07Z INFO [348/381] 14bcfbbc-d80a-4f2e-a2e6-6fe9c0dba55a: Sackin index -0.1349; 0.7 s; peak memory 1230 MiB.
2026-09-25T00:57:08Z INFO [349/381] 14bdb7be-9df5-425e-87a6-05e98452d47a: Sackin index -0.1349; 0.7 s; peak memory 1230 MiB.
2026-09-25T00:57:09Z INFO [350/381] 14be3e2b-2c88-4639-a796-75689a9886fc: Sackin index -0.0709; 0.7 s; peak memory 1230 MiB.
2026-09-25T00:57:09Z INFO [350/381] 14be3e2b-2c88-4639-a796-75689a9886fc: checkpointed 56879 records.
2026-09-25T00:57:10Z INFO [351/381] 14c03c65-05de-4965-9e9a-93cefe088d44: Sackin index -0.1380; 0.9 s; peak memory 1230 MiB.
2026-09-25T00:57:10Z INFO [352/381] 14c1340e-57ee-4429-b35c-821813fe52c7: Sackin index -0.1349; 0.6 s; peak memory 1230 MiB.
2026-09-25T00:57:39Z INFO [353/381] 14c1c2f1-e3a9-4565-8d31-4fa24954667b: Sackin index -0.1076; 29.1 s; peak memory 1230 MiB.
2026-09-25T00:57:40Z INFO [354/381] 14c2ffa4-5090-49e8-b336-dc4c8ffef620: Sackin index -0.0881; 0.8 s; peak memory 1230 MiB.
2026-09-25T00:57:41Z INFO [355/381] 14c3031c-77bd-4add-945f-5e81aadb2605: Sackin index -0.0702; 0.8 s; peak memory 1230 MiB.
2026-09-25T00:57:42Z INFO [356/381] 14c30743-3908-48fa-858f-368356d35522: Sackin index -0.1178; 0.5 s; peak memory 1230 MiB.
2026-09-25T00:57:42Z INFO [357/381] 14c3825e-da51-48ab-b47d-726001b04bbb: Sackin index -0.1248; 0.7 s; peak memory 1230 MiB.
2026-09-25T00:57:43Z INFO [358/381] 14c3bc9a-5e8d-4656-9b65-7a6bb080575b: Sackin index -0.1349; 0.6 s; peak memory 1230 MiB.
2026-09-25T00:57:44Z INFO [359/381] 14c3e7c7-0bcc-47b9-be54-dadb61587de4: Sackin index -0.0702; 0.7 s; peak memory 1230 MiB.
2026-09-25T00:57:44Z INFO [360/381] 14c433d6-0270-4337-861c-6c89d9e829a4: Sackin index -0.1349; 0.7 s; peak memory 1230 MiB.
2026-09-25T00:57:45Z INFO [361/381] 14c468ac-9c1b-47cd-ba59-429c0c4528d9: Sackin index -0.0728; 1.1 s; peak memory 1230 MiB.
2026-09-25T00:57:47Z INFO [362/381] 14c4699b-c042-43da-8b5b-80f23868205c: Sackin index -0.0745; 1.2 s; peak memory 1230 MiB.
2026-09-25T00:57:47Z INFO [363/381] 14c533bf-ab70-4f2f-ac77-8bac7b9b0428: Sackin index -0.1484; 0.4 s; peak memory 1230 MiB.
2026-09-25T00:57:47Z INFO [364/381] 14c58627-e110-4953-968c-35d902632f8b: Sackin index -0.1658; 0.4 s; peak memory 1230 MiB.
2026-09-25T00:57:48Z INFO [365/381] 14c5f55b-861b-4b0a-a9af-d93ed218ab29: Sackin index -0.0569; 0.8 s; peak memory 1230 MiB.
2026-09-25T00:57:49Z INFO [366/381] 14c666ea-0ae9-4f3a-ab41-386002b741bf: Sackin index -0.1349; 0.7 s; peak memory 1230 MiB.
2026-09-25T00:57:50Z INFO [367/381] 14c6e5ab-52b8-4f4f-a314-edbf8b52112c: Sackin index -0.0376; 0.8 s; peak memory 1230 MiB.
2026-09-25T00:57:51Z INFO [368/381] 14c6e76b-5dad-45e9-ac4a-8354ce44251c: Sackin index -0.0375; 0.9 s; peak memory 1230 MiB.
2026-09-25T00:57:51Z INFO [369/381] 14c749ca-7cc9-45a8-a8db-d3f6824f91f8: Sackin index -0.1349; 0.6 s; peak memory 1230 MiB.
2026-09-25T00:57:52Z INFO [370/381] 14c7e601-d5fd-4e39-9fc4-9098d4fcc715: Sackin index -0.2000; 0.5 s; peak memory 1230 MiB.
2026-09-25T00:57:53Z INFO [371/381] 14c803d8-22b6-4d6c-9da7-69564aaf234d: Sackin index -0.0369; 1.2 s; peak memory 1230 MiB.
2026-09-25T00:59:20Z INFO [372/381] 14c80f67-12be-43ea-b0bc-296f8dac8efc: Sackin index -0.0271; 87.1 s; peak memory 1230 MiB.
2026-09-25T00:59:21Z INFO [373/381] 14c82125-06f3-4752-914c-8fbf116307ee: Sackin index -0.0728; 0.9 s; peak memory 1230 MiB.
2026-09-25T00:59:22Z INFO [374/381] 14caa02f-67fd-4cd0-9b05-9beb865e5126: Sackin index -0.0728; 0.8 s; peak memory 1230 MiB.
2026-09-25T00:59:22Z INFO [375/381] 14cb93a7-ea13-4f01-ac04-b830e5d46874: Sackin index -0.0387; 0.8 s; peak memory 1230 MiB.
2026-09-25T00:59:24Z INFO [376/381] 14cc029a-763b-4771-b2ea-5432ac529450: Sackin index -0.0375; 1.2 s; peak memory 1230 MiB.
2026-09-25T00:59:24Z INFO [377/381] 14cc0c9e-a291-4e42-8260-7ad21e8450c1: Sackin index -0.1349; 0.6 s; peak memory 1230 MiB.
2026-09-25T00:59:25Z INFO [378/381] 14ccce35-8c84-4949-a387-7a29bed9addf: Sackin index -0.1273; 0.9 s; peak memory 1230 MiB.
2026-09-25T00:59:26Z INFO [379/381] 14ce8b04-aca6-42e7-985e-c179ff3a0dd6: Sackin index -0.1349; 0.7 s; peak memory 1230 MiB.
2026-09-25T00:59:27Z INFO [380/381] 14cef7ed-f932-4fc0-93e7-f81a12b39631: Sackin index -0.1248; 0.7 s; peak memory 1230 MiB.
2026-09-25T00:59:28Z INFO [381/381] 14cef8d3-aa20-455a-bf33-450d7f48e377: Sackin index -0.0718; 1.4 s; peak memory 1230 MiB.
2026-09-25T00:59:28Z INFO Wrote 56910 records to /tmp/derivatives/valid_nwb_file_to_sackin_index.jsonl (381 new, 0 failed) in 41.6 min (peak memory 1230 MiB).
