2026-10-04T08:39:26Z INFO Logging to /tmp/logs/update_2026-10-04T08-39-26Z.log.
2026-10-04T08:39:26Z INFO Update valid-nwb-file-to-sackin-index (base directory /tmp).
2026-10-04T08:39:26Z INFO Processing 750 items (70336 already recorded).
2026-10-04T08:39:28Z INFO [1/750] 306f9857-5631-4365-94ed-71ed0b697235: Sackin index -0.0728; 1.5 s; peak memory 109 MiB.
2026-10-04T08:39:29Z INFO [2/750] 306fdf25-6894-4004-94be-0918d3265c84: Sackin index -0.0702; 0.8 s; peak memory 110 MiB.
2026-10-04T08:39:29Z INFO [3/750] 3070055a-3f8d-492a-8685-ee43c1e007cc: Sackin index -0.1349; 0.8 s; peak memory 110 MiB.
2026-10-04T08:39:30Z INFO [4/750] 30701b36-e7d6-453d-bc4f-7edb8f0b1982: Sackin index -0.0702; 1.0 s; peak memory 110 MiB.
2026-10-04T08:39:31Z INFO [5/750] 3070574b-c8d0-4b17-bdd4-577b0ec9a351: Sackin index -0.1521; 0.9 s; peak memory 110 MiB.
2026-10-04T08:39:32Z INFO [6/750] 30707bee-5ef2-4b3f-8a08-3ae3affb4204: Sackin index -0.0696; 0.9 s; peak memory 111 MiB.
2026-10-04T08:39:33Z INFO [7/750] 30711949-12be-4704-9fa9-80f109b9ff68: Sackin index -0.1349; 0.8 s; peak memory 111 MiB.
2026-10-04T08:39:50Z INFO [8/750] 307120e1-ba7c-43c9-bfef-a8015c7f86a7: Sackin index -0.1367; 16.6 s; peak memory 125 MiB.
2026-10-04T08:39:52Z INFO [9/750] 307127ca-3279-4091-b337-36076979c33c: Sackin index -0.0869; 2.8 s; peak memory 125 MiB.
2026-10-04T08:39:53Z INFO [10/750] 30716c7c-c05a-4fa9-bde3-2e407f1b1b64: Sackin index -0.1349; 0.9 s; peak memory 125 MiB.
2026-10-04T08:39:58Z INFO [11/750] 307230d8-0001-46c4-a4d2-5e0f9ef37129: Sackin index -0.0457; 4.9 s; peak memory 125 MiB.
2026-10-04T08:40:00Z INFO [12/750] 307283ea-a446-40a0-89ac-f832fe37debf: Sackin index -0.0699; 2.0 s; peak memory 125 MiB.
2026-10-04T08:40:03Z INFO [13/750] 3074c3a1-304a-456e-b63b-cd7b300f6669: Sackin index -0.0564; 2.5 s; peak memory 125 MiB.
2026-10-04T08:40:03Z INFO [14/750] 3074dab7-0662-46a7-856b-1d84221615d8: Sackin index -0.1349; 0.8 s; peak memory 125 MiB.
2026-10-04T08:40:04Z INFO [15/750] 3076e7d3-d659-4771-b55f-7ffab00e12b1: Sackin index -0.1349; 0.8 s; peak memory 125 MiB.
2026-10-04T08:40:06Z INFO [16/750] 3077dd62-3360-472b-8871-28d9c8cd7e3f: Sackin index -0.0824; 1.8 s; peak memory 125 MiB.
2026-10-04T08:40:07Z INFO [17/750] 3078e445-4e90-4309-8dcc-4ad861b3e6f3: Sackin index -0.1349; 0.8 s; peak memory 125 MiB.
2026-10-04T08:40:07Z INFO [18/750] 307981fe-e75d-4f76-b815-ac44f6aa8d89: Sackin index -0.1349; 0.8 s; peak memory 125 MiB.
2026-10-04T08:40:08Z INFO [19/750] 3079b27c-1dc4-4b74-b822-9500eceb1868: Sackin index -0.1429; 0.9 s; peak memory 125 MiB.
2026-10-04T08:40:20Z INFO [20/750] 3079d75a-69dc-4bd2-a274-485a9cc88535: Sackin index -0.1462; 11.6 s; peak memory 142 MiB.
2026-10-04T08:40:21Z INFO [21/750] 307a0a90-874a-48c1-b6bf-5b83c2b5fc5a: Sackin index -0.1191; 1.0 s; peak memory 142 MiB.
2026-10-04T08:40:22Z INFO [22/750] 307b192c-74b7-4f84-9bff-03481b09d6d8: Sackin index -0.1349; 0.8 s; peak memory 142 MiB.
2026-10-04T08:40:23Z INFO [23/750] 307c6cb1-bc66-4e3e-8cfd-5f22946608e8: Sackin index -0.0696; 0.9 s; peak memory 142 MiB.
2026-10-04T08:40:23Z INFO [24/750] 307c7eeb-61d0-46ac-86b1-e7fb7c14cd86: Sackin index -0.1303; 0.6 s; peak memory 142 MiB.
2026-10-04T08:40:24Z INFO [25/750] 307c9884-9977-4b24-b433-2cfed73a1fcf: Sackin index -0.1248; 0.8 s; peak memory 142 MiB.
2026-10-04T08:40:25Z INFO [26/750] 307ccf35-bd08-4459-8760-33194f0f42b6: Sackin index -0.1349; 0.7 s; peak memory 142 MiB.
2026-10-04T08:40:25Z INFO [27/750] 307d58c8-04ad-463c-9357-9a46752cf3bf: Sackin index -0.1135; 0.7 s; peak memory 142 MiB.
2026-10-04T08:40:26Z INFO [28/750] 307e0a0d-923d-4a22-a124-9e36e1e934fa: Sackin index -0.1349; 0.8 s; peak memory 142 MiB.
2026-10-04T08:40:27Z INFO [29/750] 307e1237-529d-4c06-929d-73317122106e: Sackin index -0.1194; 1.1 s; peak memory 142 MiB.
2026-10-04T08:40:28Z INFO [30/750] 307e14a6-706c-419c-8848-36c906876ce5: Sackin index -0.1349; 0.8 s; peak memory 142 MiB.
2026-10-04T08:40:32Z INFO [31/750] 307efb72-b862-4188-9027-2f463da6c666: Sackin index -0.0274; 3.7 s; peak memory 142 MiB.
2026-10-04T08:40:37Z INFO [32/750] 307f062d-5c32-4be7-82e2-f6aacd131a8c: Sackin index -0.0940; 5.0 s; peak memory 142 MiB.
2026-10-04T08:40:38Z INFO [33/750] 307f1307-8e43-4907-9c0d-151d4029ce06: Sackin index -0.1390; 0.9 s; peak memory 142 MiB.
2026-10-04T08:40:39Z INFO [34/750] 3080e311-1e83-4aab-8207-a03c2c1b969c: Sackin index -0.0702; 1.0 s; peak memory 142 MiB.
2026-10-04T08:40:40Z INFO [35/750] 308102e0-260c-4e97-8806-08db37fd8b0a: Sackin index -0.0816; 1.0 s; peak memory 142 MiB.
2026-10-04T08:40:41Z INFO [36/750] 30824136-2a9c-4bc9-a2a5-54168a37855d: Sackin index -0.1273; 1.3 s; peak memory 142 MiB.
2026-10-04T08:40:42Z INFO [37/750] 30829fe7-ed9d-44a5-ac70-4666b1dbff92: Sackin index -0.1390; 0.9 s; peak memory 142 MiB.
2026-10-04T08:40:43Z INFO [38/750] 3083197b-8188-4a8e-a85a-ed434df5e6e5: Sackin index -0.0696; 1.0 s; peak memory 142 MiB.
2026-10-04T08:40:44Z INFO [39/750] 3083312d-a44c-4fb2-8f74-684174bcf6f1: Sackin index -0.1303; 0.6 s; peak memory 142 MiB.
2026-10-04T08:40:45Z INFO [40/750] 308397a8-0e81-4646-8baf-0edcb62e9188: Sackin index -0.0722; 1.2 s; peak memory 142 MiB.
2026-10-04T08:40:46Z INFO [41/750] 3083f795-d65b-4d3a-8f8d-6e906fa0ce4b: Sackin index -0.0702; 1.0 s; peak memory 142 MiB.
2026-10-04T08:40:47Z INFO [42/750] 3085963b-2858-4595-922b-7eab4bb982a8: Sackin index -0.1349; 0.9 s; peak memory 142 MiB.
2026-10-04T08:40:48Z INFO [43/750] 308668ac-44a1-4763-8494-26f09e186bb0: Sackin index -0.0745; 1.3 s; peak memory 142 MiB.
2026-10-04T08:40:49Z INFO [44/750] 30868161-2843-445b-9d55-be81a7810b33: Sackin index -0.1658; 0.6 s; peak memory 142 MiB.
2026-10-04T08:40:49Z INFO [45/750] 3086a0f7-0368-4aa5-9cfe-fd93e9af9997: Sackin index -0.1349; 0.8 s; peak memory 142 MiB.
2026-10-04T08:40:51Z INFO [46/750] 3086ca67-10b7-461c-9071-6002488ba8c7: Sackin index -0.0681; 1.7 s; peak memory 142 MiB.
2026-10-04T08:40:52Z INFO [47/750] 30879d6d-5999-4ace-8426-1e61c200d2b7: Sackin index -0.1349; 0.9 s; peak memory 142 MiB.
2026-10-04T08:40:53Z INFO [48/750] 30880ded-5aa6-409e-becd-f59bd060694d: Sackin index -0.0728; 1.1 s; peak memory 142 MiB.
2026-10-04T08:40:56Z INFO [49/750] 3088193b-6299-4237-a710-22f7ef780bf5: Sackin index -0.0291; 3.1 s; peak memory 142 MiB.
2026-10-04T08:40:58Z INFO [50/750] 30886ad4-0369-493d-b273-12a022edd8fb: Sackin index -0.0272; 1.5 s; peak memory 142 MiB.
2026-10-04T08:40:58Z INFO [50/750] 30886ad4-0369-493d-b273-12a022edd8fb: checkpointed 70386 records.
2026-10-04T08:40:58Z INFO [51/750] 3088b5f1-afa6-42c5-bb0c-fbee1fdb7f6e: Sackin index -0.1658; 0.7 s; peak memory 142 MiB.
2026-10-04T08:40:59Z INFO [52/750] 3088d5da-a611-4425-8132-16a9a19390f0: Sackin index -0.1349; 0.9 s; peak memory 142 MiB.
2026-10-04T08:41:00Z INFO [53/750] 3088def3-39fb-4b1e-a2b4-60636578d494: Sackin index -0.1000; 1.0 s; peak memory 142 MiB.
2026-10-04T08:41:01Z INFO [54/750] 3088e8f5-cbc6-4ec5-b8a5-db699643742c: Sackin index -0.1349; 0.9 s; peak memory 142 MiB.
2026-10-04T08:41:02Z INFO [55/750] 3088ff06-5b4b-434b-b0d6-c7249eabc9d5: Sackin index -0.1731; 0.6 s; peak memory 142 MiB.
2026-10-04T08:41:03Z INFO [56/750] 30890f7d-d3ad-43fb-977e-f415877f8d3f: Sackin index -0.0728; 1.1 s; peak memory 142 MiB.
2026-10-04T08:41:04Z INFO [57/750] 30893f61-941b-47b7-980d-5f6f1f972ab4: Sackin index -0.1349; 0.8 s; peak memory 142 MiB.
2026-10-04T08:41:05Z INFO [58/750] 3089d16e-2432-4049-981e-7bc0abb0eda4: Sackin index -0.1248; 0.9 s; peak memory 142 MiB.
2026-10-04T08:41:05Z INFO [59/750] 308a964d-a8ce-4415-91ff-dbb0cacc7ac9: Sackin index -0.1349; 0.8 s; peak memory 142 MiB.
2026-10-04T08:41:12Z INFO [60/750] 308aa2dc-a1bc-41ae-b59b-ec0c01f76425: Sackin index -0.0892; 6.4 s; peak memory 142 MiB.
2026-10-04T08:41:13Z INFO [61/750] 308bbae9-7bef-43f5-ab11-44df121a060d: Sackin index -0.0702; 0.8 s; peak memory 142 MiB.
2026-10-04T08:41:18Z INFO [62/750] 308cb999-aa5a-43d5-9e7a-b92090d983b7: Sackin index -0.0940; 5.4 s; peak memory 142 MiB.
2026-10-04T08:41:22Z INFO [63/750] 308d36a3-f834-4f11-bbc6-7388fa6aa493: Sackin index -0.0264; 3.8 s; peak memory 142 MiB.
2026-10-04T08:41:33Z INFO [64/750] 308d9fb6-2de2-4e28-9247-6b6ddde4475c: Sackin index -0.0258; 11.1 s; peak memory 168 MiB.
2026-10-04T08:41:43Z INFO [65/750] 308dfbd5-9fb4-4cda-bc6e-bfacb52bfe64: Sackin index -0.0076; 10.1 s; peak memory 175 MiB.
2026-10-04T08:41:46Z INFO [66/750] 308e2de4-5fc5-4f60-bfd1-6b2eeea1332a: Sackin index -0.0411; 3.4 s; peak memory 175 MiB.
2026-10-04T08:41:53Z INFO [67/750] 308e334f-d83c-4a1c-a069-3aff760e0447: Sackin index -0.0154; 6.4 s; peak memory 175 MiB.
2026-10-04T08:41:55Z INFO [68/750] 308e7f32-dff0-4b1c-889e-4391dd69c783: Sackin index -0.0797; 2.0 s; peak memory 175 MiB.
2026-10-04T08:41:56Z INFO [69/750] 308ea4a8-876d-4602-a354-c3e1fb1f6981: Sackin index -0.0702; 0.9 s; peak memory 175 MiB.
2026-10-04T08:41:57Z INFO [70/750] 308eee38-f306-48a0-82ac-a1a83e48fe37: Sackin index -0.0369; 1.3 s; peak memory 175 MiB.
2026-10-04T08:42:06Z INFO [71/750] 308f5e16-987a-41ee-9ff3-0bdb3b6e8523: Sackin index -0.0408; 9.4 s; peak memory 176 MiB.
2026-10-04T08:42:07Z INFO [72/750] 308f788f-b014-4f88-a8bb-ea465039d7d9: Sackin index -0.1349; 0.8 s; peak memory 176 MiB.
2026-10-04T08:42:08Z INFO [73/750] 309027a3-87d2-42c0-9841-8b06598677c9: Sackin index -0.1142; 1.1 s; peak memory 176 MiB.
2026-10-04T08:42:09Z INFO [74/750] 30907b44-f638-4a49-90d7-3c563758f2ea: Sackin index -0.0369; 1.0 s; peak memory 176 MiB.
2026-10-04T08:42:10Z INFO [75/750] 3090aa6b-f808-4907-81e0-a2dd286bdc54: Sackin index -0.1383; 0.8 s; peak memory 176 MiB.
2026-10-04T08:42:11Z INFO [76/750] 3093511d-29d9-483c-b60b-d715dbf6e8b9: Sackin index -0.1210; 1.0 s; peak memory 176 MiB.
2026-10-04T08:42:13Z INFO [77/750] 30935d07-1988-4736-b9d7-1acdfd08e84c: Sackin index -0.0515; 1.8 s; peak memory 176 MiB.
2026-10-04T08:42:14Z INFO [78/750] 30940837-f095-498f-aa03-4eab8081606b: Sackin index -0.1349; 0.9 s; peak memory 176 MiB.
2026-10-04T08:42:15Z INFO [79/750] 30969ad6-aa5a-403e-bd94-a6a711451cc4: Sackin index -0.0696; 0.9 s; peak memory 176 MiB.
2026-10-04T08:42:16Z INFO [80/750] 3096c05f-ba9d-416d-8598-d0a274e8a864: Sackin index -0.1938; 1.6 s; peak memory 176 MiB.
2026-10-04T08:53:44Z INFO [81/750] 3096eb8b-ce71-44db-a7af-fcad51273109: Sackin index -0.1290; 687.7 s; peak memory 1097 MiB.
2026-10-04T08:53:48Z INFO [82/750] 3096fcfc-578d-43d9-ac5f-c5b052f04f54: Sackin index -0.0234; 4.0 s; peak memory 1097 MiB.
2026-10-04T08:53:49Z INFO [83/750] 3097f2e8-af10-4250-9e71-886709795066: Sackin index -0.1349; 0.9 s; peak memory 1097 MiB.
2026-10-04T08:53:50Z INFO [84/750] 30984d74-0dd3-4879-9633-362c0dcaee94: Sackin index -0.0376; 1.1 s; peak memory 1097 MiB.
2026-10-04T08:53:51Z INFO [85/750] 309857c1-c3bf-476d-9233-791c590d2149: Sackin index -0.1263; 1.3 s; peak memory 1097 MiB.
2026-10-04T08:53:52Z INFO [86/750] 30985a2c-01e2-4c8d-85a6-151390693b03: Sackin index -0.0944; 1.0 s; peak memory 1097 MiB.
2026-10-04T08:53:53Z INFO [87/750] 3098f674-b27c-4f22-99d8-269beaa8378c: Sackin index -0.1191; 0.9 s; peak memory 1097 MiB.
2026-10-04T08:53:54Z INFO [88/750] 30992a3a-9b3e-4b8a-a1ce-385d697328b6: Sackin index -0.1828; 0.7 s; peak memory 1097 MiB.
2026-10-04T08:53:55Z INFO [89/750] 30993f70-a753-45d3-bae2-9ef3c285e0c2: Sackin index -0.1349; 0.8 s; peak memory 1097 MiB.
2026-10-04T08:53:56Z INFO [90/750] 30994a1a-6d5f-4cf8-a240-a36a70d46ccd: Sackin index -0.1201; 0.9 s; peak memory 1097 MiB.
2026-10-04T08:53:56Z INFO [91/750] 309a3746-e7c2-464f-90bf-feff1e107ba3: Sackin index -0.1349; 0.9 s; peak memory 1097 MiB.
2026-10-04T08:53:57Z INFO [92/750] 309a8ceb-be94-47d5-b505-0d901723885e: Sackin index -0.0696; 0.9 s; peak memory 1097 MiB.
2026-10-04T08:53:58Z INFO [93/750] 309ada3d-705f-4675-8a19-6247a8dc0c1c: Sackin index -0.1349; 0.8 s; peak memory 1097 MiB.
2026-10-04T08:53:59Z INFO [94/750] 309ce804-3cdf-43f4-a37a-a017203ab70b: Sackin index -0.0732; 1.2 s; peak memory 1097 MiB.
2026-10-04T08:54:00Z INFO [95/750] 309da27b-fd76-4cdd-b144-9d1358aa4801: Sackin index -0.0728; 1.0 s; peak memory 1097 MiB.
2026-10-04T08:54:02Z INFO [96/750] 309dcb2f-4b2e-4e4f-b281-83602aef211a: Sackin index -0.0693; 1.8 s; peak memory 1097 MiB.
2026-10-04T08:54:03Z INFO [97/750] 309e3883-ad3f-4481-988d-caf7b85e2f07: Sackin index -0.1175; 0.6 s; peak memory 1097 MiB.
2026-10-04T08:54:05Z INFO [98/750] 30a0203a-7689-4531-8929-e81b97d6c1c3: Sackin index -0.0696; 2.1 s; peak memory 1097 MiB.
2026-10-04T08:54:07Z INFO [99/750] 30a022df-bfa7-483a-9cd2-b9ea836184dd: Sackin index -0.1938; 1.6 s; peak memory 1097 MiB.
2026-10-04T08:54:07Z INFO [100/750] 30a0bf39-a41a-47fc-a46b-2dae2e7f9bc8: Sackin index -0.1349; 0.7 s; peak memory 1097 MiB.
2026-10-04T08:54:07Z INFO [100/750] 30a0bf39-a41a-47fc-a46b-2dae2e7f9bc8: checkpointed 70436 records.
2026-10-04T08:54:09Z INFO [101/750] 30a10880-91fd-48ae-a6b3-ec1b3e9b5bbb: Sackin index -0.0728; 1.2 s; peak memory 1097 MiB.
2026-10-04T08:54:09Z INFO [102/750] 30a13a16-e08a-40f1-85cd-5482427cd34f: Sackin index -0.1459; 0.6 s; peak memory 1097 MiB.
2026-10-04T08:54:10Z INFO [103/750] 30a217a1-f4ff-4497-b3c7-d68cbde6f161: Sackin index -0.0745; 0.8 s; peak memory 1097 MiB.
2026-10-04T08:54:20Z INFO [104/750] 30a22a83-065b-4e2e-9148-da2d3e1ed906: Sackin index -0.0139; 9.5 s; peak memory 1097 MiB.
2026-10-04T08:54:21Z INFO [105/750] 30a30ed8-fe64-4a44-bf33-54adbafc5f72: Sackin index -0.0376; 1.2 s; peak memory 1097 MiB.
2026-10-04T08:54:21Z INFO [106/750] 30a3654c-b904-47ff-8e86-7bf1e874d788: Sackin index -0.1448; 0.6 s; peak memory 1097 MiB.
2026-10-04T08:54:23Z INFO [107/750] 30a44e97-ef38-4cc5-85bf-b3a49169986e: Sackin index -0.0925; 2.1 s; peak memory 1097 MiB.
2026-10-04T08:54:24Z INFO [108/750] 30a4d686-5e5b-48c2-a863-8196d0ddf3ea: Sackin index -0.0702; 0.9 s; peak memory 1097 MiB.
2026-10-04T08:54:31Z INFO [109/750] 30a5279e-2206-4235-8bcd-b2444ed4c4f1: Sackin index -0.0304; 6.6 s; peak memory 1097 MiB.
2026-10-04T08:54:32Z INFO [110/750] 30a52817-d99a-4bbb-9653-f31674b83aeb: Sackin index -0.1349; 0.9 s; peak memory 1097 MiB.
2026-10-04T08:54:49Z INFO [111/750] 30a59ce7-4edb-4e79-84c2-ce662aaa1960: Sackin index -0.1367; 16.9 s; peak memory 1097 MiB.
2026-10-04T08:54:50Z INFO [112/750] 30a60709-1ca3-487b-abbb-8b0be4bd80b8: Sackin index -0.0702; 0.7 s; peak memory 1097 MiB.
2026-10-04T08:54:50Z INFO [113/750] 30a6d023-2337-4565-b1a2-28bf27cb6434: Sackin index -0.1178; 0.6 s; peak memory 1097 MiB.
2026-10-04T08:54:53Z INFO [114/750] 30a75664-717f-4749-bd00-cb686540c315: Sackin index -0.0403; 3.3 s; peak memory 1097 MiB.
2026-10-04T08:54:54Z INFO [115/750] 30a75ce7-f4ce-4007-893f-fb10d342bc59: Sackin index -0.1191; 0.7 s; peak memory 1097 MiB.
2026-10-04T08:54:55Z INFO [116/750] 30a7ada3-55e8-4e56-9d16-de23d5f0ab37: Sackin index -0.0375; 1.2 s; peak memory 1097 MiB.
2026-10-04T08:54:56Z INFO [117/750] 30a7fd76-71d9-442c-9ee9-36258efe16b9: Sackin index -0.1349; 0.8 s; peak memory 1097 MiB.
2026-10-04T08:54:57Z INFO [118/750] 30a80a3b-1204-4004-a70b-eec23ac28092: Sackin index -0.1273; 1.0 s; peak memory 1097 MiB.
2026-10-04T08:54:58Z INFO [119/750] 30a8d023-8fc6-4882-be36-9d07fe5ea8c7: Sackin index -0.0369; 1.1 s; peak memory 1097 MiB.
2026-10-04T08:55:00Z INFO [120/750] 30a8ea31-08b1-4346-8864-d505eaa8eec4: Sackin index -0.1938; 1.5 s; peak memory 1097 MiB.
2026-10-04T08:55:01Z INFO [121/750] 30aa81f5-bee3-4728-9a6c-ea58b298559c: Sackin index -0.0369; 1.4 s; peak memory 1097 MiB.
2026-10-04T08:55:02Z INFO [122/750] 30ab109a-90e1-4152-b61a-d753b1dc535d: Sackin index -0.1658; 0.5 s; peak memory 1097 MiB.
2026-10-04T08:55:03Z INFO [123/750] 30ab37ff-9a3d-4df8-9747-6017a56386a6: Sackin index -0.0681; 1.8 s; peak memory 1097 MiB.
2026-10-04T08:55:04Z INFO [124/750] 30abc27d-7f41-4564-ac92-4baf901a9b1a: Sackin index -0.1135; 0.6 s; peak memory 1097 MiB.
2026-10-04T08:55:05Z INFO [125/750] 30abc41e-ec92-428e-b3b5-153a28f451c0: Sackin index -0.1349; 0.8 s; peak memory 1097 MiB.
2026-10-04T08:55:06Z INFO [126/750] 30ac1366-f952-4c4e-87f0-94942d3934f6: Sackin index -0.0728; 1.1 s; peak memory 1097 MiB.
2026-10-04T08:55:07Z INFO [127/750] 30acbe0c-c367-4338-910d-a056519268c4: Sackin index -0.0375; 1.0 s; peak memory 1097 MiB.
2026-10-04T08:55:13Z INFO [128/750] 30acf26b-e3e9-444e-8808-357466ac2d8d: Sackin index -0.0145; 6.5 s; peak memory 1097 MiB.
2026-10-04T08:55:14Z INFO [129/750] 30ad524d-04b2-49ab-944c-25c428c6daa2: Sackin index -0.0702; 1.0 s; peak memory 1097 MiB.
2026-10-04T08:55:15Z INFO [130/750] 30ad52fe-2f1f-45a3-a3a7-8dd3f1b40fdf: Sackin index -0.1239; 0.6 s; peak memory 1097 MiB.
2026-10-04T08:55:16Z INFO [131/750] 30adcb8c-bed3-4386-b71c-e3ffe580beb0: Sackin index -0.1349; 0.9 s; peak memory 1097 MiB.
2026-10-04T08:55:25Z INFO [132/750] 30aef2f3-13a0-4ac0-a901-c342bd7475d7: Sackin index -0.0145; 9.2 s; peak memory 1097 MiB.
2026-10-04T08:55:26Z INFO [133/750] 30b07ac0-2d0a-41be-ad7e-68312f503b80: Sackin index -0.1349; 0.8 s; peak memory 1097 MiB.
2026-10-04T08:55:34Z INFO [134/750] 30b0da25-030b-40f6-a53c-09b73cbc695f: Sackin index -0.0145; 8.3 s; peak memory 1097 MiB.
2026-10-04T08:55:35Z INFO [135/750] 30b0e635-7ed5-4fb3-b9b5-8fc5ef024628: Sackin index -0.0702; 1.0 s; peak memory 1097 MiB.
2026-10-04T08:55:38Z INFO [136/750] 30b150b4-c638-484c-8f7d-a1a5bdc9ec7b: Sackin index -0.0367; 2.4 s; peak memory 1097 MiB.
2026-10-04T08:55:39Z INFO [137/750] 30b15556-d956-4c10-8b1a-92386f3f7b50: Sackin index -0.0376; 1.0 s; peak memory 1097 MiB.
2026-10-04T08:55:40Z INFO [138/750] 30b1ca09-99fe-4014-a494-70bc48612823: Sackin index -0.1283; 1.6 s; peak memory 1097 MiB.
2026-10-04T08:55:53Z INFO [139/750] 30b27a0b-15d3-4fdc-beeb-9c9c5e9a1c96: Sackin index -0.0237; 13.1 s; peak memory 1097 MiB.
2026-10-04T08:55:55Z INFO [140/750] 30b3ba64-7012-45ce-8c88-10238aa041ef: Sackin index -0.0681; 1.5 s; peak memory 1097 MiB.
2026-10-04T08:55:56Z INFO [141/750] 30b4173d-42db-4f0d-9143-819bb2a03709: Sackin index -0.1938; 1.6 s; peak memory 1097 MiB.
2026-10-04T08:56:24Z INFO [142/750] 30b4a55e-b609-486a-af92-1931531f9086: Sackin index -0.0016; 28.0 s; peak memory 1097 MiB.
2026-10-04T08:56:26Z INFO [143/750] 30b52cb3-36d8-41a6-839f-92e59c3cec21: Sackin index -0.0728; 1.2 s; peak memory 1097 MiB.
2026-10-04T08:56:27Z INFO [144/750] 30b59d66-b561-4ef0-8a85-b270d6b63ee5: Sackin index -0.0728; 1.1 s; peak memory 1097 MiB.
2026-10-04T08:56:28Z INFO [145/750] 30b5b3a1-b366-4f7f-95eb-972cd23d1b2a: Sackin index -0.0375; 1.1 s; peak memory 1097 MiB.
2026-10-04T08:56:32Z INFO [146/750] 30b5c7da-5146-49b2-9fb5-d9bfa08a21de: Sackin index -0.0251; 4.1 s; peak memory 1097 MiB.
2026-10-04T08:56:33Z INFO [147/750] 30b6da1b-5631-4d65-8632-ae3491fa74cd: Sackin index -0.0702; 0.9 s; peak memory 1097 MiB.
2026-10-04T08:56:33Z INFO [148/750] 30b847d6-5332-431c-a49d-2e123a790c2d: Sackin index -0.1658; 0.5 s; peak memory 1097 MiB.
2026-10-04T08:56:34Z INFO [149/750] 30bb0724-559c-4caf-a339-68a928434094: Sackin index -0.0728; 0.8 s; peak memory 1097 MiB.
2026-10-04T08:56:36Z INFO [150/750] 30bba676-0406-423b-a137-72c3b147060e: Sackin index -0.0908; 1.8 s; peak memory 1097 MiB.
2026-10-04T08:56:36Z INFO [150/750] 30bba676-0406-423b-a137-72c3b147060e: checkpointed 70486 records.
2026-10-04T08:56:37Z INFO [151/750] 30bbffed-8272-41b8-b5b4-b86a03fda7a1: Sackin index -0.0728; 1.0 s; peak memory 1097 MiB.
2026-10-04T08:56:39Z INFO [152/750] 30bc03c2-dd30-47cf-8c15-b484c290b112: Sackin index -0.0904; 1.5 s; peak memory 1097 MiB.
2026-10-04T08:56:40Z INFO [153/750] 30bc1bae-2727-4a2e-a659-67877fe63e01: Sackin index -0.0709; 0.8 s; peak memory 1097 MiB.
2026-10-04T08:56:40Z INFO [154/750] 30bc5834-1187-41cd-93fb-af6f3f8c914f: Sackin index -0.1178; 0.6 s; peak memory 1097 MiB.
2026-10-04T08:56:41Z INFO [155/750] 30bd2700-8405-4572-8688-00923c69cff1: Sackin index -0.0709; 0.9 s; peak memory 1097 MiB.
2026-10-04T08:56:42Z INFO [156/750] 30bd3bd1-6492-40d0-bd86-ee7834b14995: Sackin index -0.0369; 1.4 s; peak memory 1097 MiB.
2026-10-04T08:56:57Z INFO [157/750] 30bd603c-8431-44e3-a81f-e470d1c6b19c: Sackin index -0.0122; 14.9 s; peak memory 1097 MiB.
2026-10-04T08:56:58Z INFO [158/750] 30bdec26-8c22-40af-894d-a00b0c8d9002: Sackin index -0.0696; 0.8 s; peak memory 1097 MiB.
2026-10-04T08:57:00Z INFO [159/750] 30bdfa4c-d0e8-4324-9c79-caa8406ed84e: Sackin index -0.1160; 1.3 s; peak memory 1097 MiB.
2026-10-04T08:57:06Z INFO [160/750] 30be195a-143b-4485-9ba1-f3f2cf73573d: Sackin index -0.0163; 6.1 s; peak memory 1097 MiB.
2026-10-04T08:57:16Z INFO [161/750] 30be5dca-19fc-420a-8ae1-d1c974e831d4: Sackin index -0.0373; 10.7 s; peak memory 1097 MiB.
2026-10-04T08:57:37Z INFO [162/750] 30be67d0-7975-494a-bc64-977731a71b8f: Sackin index -0.0024; 20.4 s; peak memory 1097 MiB.
2026-10-04T08:57:37Z INFO [163/750] 30bea3de-56dd-4aed-85f0-5fd9b7382e05: Sackin index -0.1349; 0.9 s; peak memory 1097 MiB.
2026-10-04T08:57:38Z INFO [164/750] 30bed16d-5154-4bf9-95a3-74acc4637e8a: Sackin index -0.1349; 0.8 s; peak memory 1097 MiB.
2026-10-04T08:57:39Z INFO [165/750] 30befdf7-4004-40c8-b1b9-72b238308aad: Sackin index -0.0696; 1.2 s; peak memory 1097 MiB.
2026-10-04T08:57:40Z INFO [166/750] 30bf0f42-e689-4b0a-bd22-5c71759e43a3: Sackin index -0.1398; 0.7 s; peak memory 1097 MiB.
2026-10-04T08:57:41Z INFO [167/750] 30c053a1-7f0d-4e1c-a394-a4895b1799c4: Sackin index -0.1349; 0.8 s; peak memory 1097 MiB.
2026-10-04T08:57:57Z INFO [168/750] 30c1d6b9-a31b-4fe6-a315-cfbb6bd70f16: Sackin index -0.1367; 15.9 s; peak memory 1097 MiB.
2026-10-04T08:57:58Z INFO [169/750] 30c1eb72-317c-4654-a706-797f2f5ade3e: Sackin index -0.1349; 1.0 s; peak memory 1097 MiB.
2026-10-04T08:57:58Z INFO [170/750] 30c2c64d-cd5b-4a31-a61c-919593ce1ded: Sackin index -0.3646; 0.6 s; peak memory 1097 MiB.
2026-10-04T08:57:59Z INFO [171/750] 30c2ffe7-ce0c-4e81-94ba-baf337800cd3: Sackin index -0.1349; 0.7 s; peak memory 1097 MiB.
2026-10-04T08:58:00Z INFO [172/750] 30c4229f-a2c1-4b21-9be7-8007925d6ad3: Sackin index -0.1658; 0.6 s; peak memory 1097 MiB.
2026-10-04T08:58:01Z INFO [173/750] 30c47e52-a774-40d5-89da-b86b301abd64: Sackin index -0.1349; 0.9 s; peak memory 1097 MiB.
2026-10-04T08:58:01Z INFO [174/750] 30c4868d-439b-4c3d-bd3a-f3af464704ac: Sackin index -0.1349; 0.8 s; peak memory 1097 MiB.
2026-10-04T08:58:02Z INFO [175/750] 30c6ce6a-deeb-4779-8b5a-3ac0a76700c2: Sackin index -0.1349; 0.7 s; peak memory 1097 MiB.
2026-10-04T08:58:03Z INFO [176/750] 30c749e1-11bd-4f14-8161-e4734f8f8e59: Sackin index -0.1658; 0.7 s; peak memory 1097 MiB.
2026-10-04T08:58:04Z INFO [177/750] 30c7d7e0-d1a7-4209-a202-0d07e215621b: Sackin index -0.0696; 0.9 s; peak memory 1097 MiB.
2026-10-04T08:58:04Z INFO [178/750] 30c8467d-faca-44bd-99fd-436a845a0f38: Sackin index -0.1349; 0.9 s; peak memory 1097 MiB.
2026-10-04T08:58:06Z INFO [179/750] 30c89ec8-80ff-41a2-ae49-e332c4e47d9e: Sackin index -0.0728; 1.1 s; peak memory 1097 MiB.
2026-10-04T08:58:07Z INFO [180/750] 30c99789-33aa-4d8a-9022-59b89704b8f5: Sackin index -0.1072; 1.5 s; peak memory 1097 MiB.
2026-10-04T08:58:08Z INFO [181/750] 30c9fec4-4dc9-4dc9-8087-45a7cf5c48e0: Sackin index -0.1349; 0.7 s; peak memory 1097 MiB.
2026-10-04T08:58:09Z INFO [182/750] 30ca8630-c73e-4a13-95d4-a869b834e77d: Sackin index -0.1194; 1.2 s; peak memory 1097 MiB.
2026-10-04T08:58:10Z INFO [183/750] 30ca987b-7400-4a4e-8283-b9de0dc41ba6: Sackin index -0.0728; 0.9 s; peak memory 1097 MiB.
2026-10-04T08:58:13Z INFO [184/750] 30cbc6bd-38fc-4320-a902-6a29ad0790a5: Sackin index -0.0251; 3.4 s; peak memory 1097 MiB.
2026-10-04T08:58:15Z INFO [185/750] 30cbfbfb-7cec-4676-94ae-1510e3440fdf: Sackin index -0.0693; 2.0 s; peak memory 1097 MiB.
2026-10-04T08:58:16Z INFO [186/750] 30cc040a-e764-4f38-8ed0-d74652d86d44: Sackin index -0.0728; 1.0 s; peak memory 1097 MiB.
2026-10-04T08:58:17Z INFO [187/750] 30cc1ff6-c879-44bb-8d63-2fa1659b717d: Sackin index -0.1349; 0.8 s; peak memory 1097 MiB.
2026-10-04T08:59:35Z INFO [188/750] 30cc3ac2-fa14-4e09-a615-0ba888ffe76b: Sackin index -0.1076; 78.3 s; peak memory 1097 MiB.
2026-10-04T08:59:37Z INFO [189/750] 30cc7167-04a2-4f2e-854a-3eed6f4db2d5: Sackin index -0.0369; 1.2 s; peak memory 1097 MiB.
2026-10-04T08:59:37Z INFO [190/750] 30cd4988-d6bd-4af9-b499-e8d971e39240: Sackin index -0.1191; 0.8 s; peak memory 1097 MiB.
2026-10-04T08:59:40Z INFO [191/750] 30ce23f1-12b9-41d0-98e1-cc210c93456f: Sackin index -0.0797; 2.3 s; peak memory 1097 MiB.
2026-10-04T08:59:40Z INFO [192/750] 30ce3b47-c8e5-4e42-be69-2e041fae8096: Sackin index -0.1319; 0.7 s; peak memory 1097 MiB.
2026-10-04T08:59:41Z INFO [193/750] 30ce9b5c-3589-44b2-81b2-a26a23513fb3: Sackin index -0.0728; 0.9 s; peak memory 1097 MiB.
2026-10-04T08:59:42Z INFO [194/750] 30ced3b7-864d-422f-a502-a3b06b818b28: Sackin index -0.2147; 0.6 s; peak memory 1097 MiB.
2026-10-04T08:59:57Z INFO [195/750] 30cf78cf-df77-4a16-bf35-7d9036e89b03: Sackin index -0.0836; 15.6 s; peak memory 1097 MiB.
2026-10-04T08:59:59Z INFO [196/750] 30d02aea-eac3-41db-aba4-89c19dbdf604: Sackin index -0.0375; 1.2 s; peak memory 1097 MiB.
2026-10-04T09:00:01Z INFO [197/750] 30d03a5a-b34c-4060-87ce-76a4f3db2552: Sackin index -0.0704; 1.9 s; peak memory 1097 MiB.
2026-10-04T09:00:01Z INFO [198/750] 30d18d2d-b769-432f-bf8c-06812789cdd7: Sackin index -0.1319; 0.7 s; peak memory 1097 MiB.
2026-10-04T09:00:02Z INFO [199/750] 30d1eb15-27e9-4ba3-a294-ff2e4be6b342: Sackin index -0.1013; 1.2 s; peak memory 1097 MiB.
2026-10-04T09:00:04Z INFO [200/750] 30d23559-297c-484d-bfaf-811637eb9794: Sackin index -0.0797; 2.1 s; peak memory 1097 MiB.
2026-10-04T09:00:05Z INFO [200/750] 30d23559-297c-484d-bfaf-811637eb9794: checkpointed 70536 records.
2026-10-04T09:00:05Z INFO [201/750] 30d2839e-0e3e-4c4e-908a-8e3ffe323749: Sackin index -0.1658; 0.6 s; peak memory 1097 MiB.
2026-10-04T09:00:06Z INFO [202/750] 30d2f1a3-44a4-49c5-8504-7214121f959a: Sackin index -0.0275; 1.2 s; peak memory 1097 MiB.
2026-10-04T09:00:08Z INFO [203/750] 30d45a91-a5cb-40dd-876d-70554bc4a40c: Sackin index -0.1243; 1.5 s; peak memory 1097 MiB.
2026-10-04T09:00:09Z INFO [204/750] 30d461f5-2cda-4f0e-bca5-f5817207d42f: Sackin index -0.1938; 0.7 s; peak memory 1097 MiB.
2026-10-04T09:00:16Z INFO [205/750] 30d47557-f86a-404a-aee3-eaf8c4a97683: Sackin index -0.0163; 7.0 s; peak memory 1097 MiB.
2026-10-04T09:00:17Z INFO [206/750] 30d5ea65-67b7-408c-8243-aa38fd08f3f7: Sackin index -0.0728; 0.9 s; peak memory 1097 MiB.
2026-10-04T09:00:17Z INFO [207/750] 30d5f240-5426-4af4-b109-0239acff92cc: Sackin index -0.1658; 0.6 s; peak memory 1097 MiB.
2026-10-04T09:00:21Z INFO [208/750] 30d6b144-ec81-432e-9b03-15aae92fd962: Sackin index -0.0237; 4.2 s; peak memory 1097 MiB.
2026-10-04T09:00:22Z INFO [209/750] 30d6ed36-636f-4cea-9a0d-fc12c43b1386: Sackin index -0.0702; 0.8 s; peak memory 1097 MiB.
2026-10-04T09:00:23Z INFO [210/750] 30d6f5a7-9814-454d-a199-f9fdf2d3e553: Sackin index -0.1349; 0.9 s; peak memory 1097 MiB.
2026-10-04T09:00:24Z INFO [211/750] 30d7fde8-52a0-43cf-bcbe-693826953e49: Sackin index -0.0457; 1.2 s; peak memory 1097 MiB.
2026-10-04T09:00:31Z INFO [212/750] 30d83545-4306-4a2a-b2af-61294b4040d7: Sackin index -0.0017; 7.1 s; peak memory 1097 MiB.
2026-10-04T09:00:39Z INFO [213/750] 30d8f65d-3433-4b75-a576-7c201890b1ec: Sackin index -0.0776; 7.1 s; peak memory 1097 MiB.
2026-10-04T09:00:42Z INFO [214/750] 30d9f9e6-0b81-4e4d-86fb-5f76042c6dba: Sackin index -0.0260; 3.4 s; peak memory 1097 MiB.
2026-10-04T09:00:43Z INFO [215/750] 30da447a-50a5-4397-aff9-95f12b21e331: Sackin index -0.1658; 0.6 s; peak memory 1097 MiB.
2026-10-04T09:00:43Z INFO [216/750] 30db515a-2b76-4893-8f05-1b1c1c255178: Sackin index -0.1658; 0.6 s; peak memory 1097 MiB.
2026-10-04T09:00:45Z INFO [217/750] 30dc5e56-7c06-4b12-9eb7-6be011126714: Sackin index -0.0660; 2.2 s; peak memory 1097 MiB.
2026-10-04T09:00:46Z INFO [218/750] 30dd08cf-5b50-4563-8a2d-4a588a829e7c: Sackin index -0.0696; 1.0 s; peak memory 1097 MiB.
2026-10-04T09:00:47Z INFO [219/750] 30ded37c-c56c-457b-997b-402b1737b2be: Sackin index -0.0728; 0.9 s; peak memory 1097 MiB.
2026-10-04T09:00:49Z INFO [220/750] 30df507a-33e0-4147-bc98-08b1efb86fe7: Sackin index -0.0728; 1.2 s; peak memory 1097 MiB.
2026-10-04T09:00:53Z INFO [221/750] 30e1afa2-6387-4b2b-8da0-6c10e6d5fa57: Sackin index -0.1147; 4.9 s; peak memory 1097 MiB.
2026-10-04T09:01:27Z INFO [222/750] 30e3117e-51d2-4e83-9c3a-29cf96d2d220: Sackin index -0.1144; 33.5 s; peak memory 1097 MiB.
2026-10-04T09:01:29Z INFO [223/750] 30e33031-9a61-4702-b66a-2ec9cc80223e: Sackin index -0.0369; 2.0 s; peak memory 1097 MiB.
2026-10-04T09:04:40Z INFO [224/750] 30e37d14-4504-4414-b887-8367b86a054b: Sackin index -0.0414; 190.8 s; peak memory 1097 MiB.
2026-10-04T09:04:41Z INFO [225/750] 30e51cde-590a-499a-8726-5213206a56ce: Sackin index -0.0707; 0.9 s; peak memory 1097 MiB.
2026-10-04T09:04:41Z INFO [226/750] 30e5e5be-c958-420f-b794-cf2f1f716d33: Sackin index -0.1239; 0.8 s; peak memory 1097 MiB.
2026-10-04T09:04:42Z INFO [227/750] 30e6236d-083a-4e12-8f02-8739263b445b: Sackin index -0.0377; 0.9 s; peak memory 1097 MiB.
2026-10-04T09:04:44Z INFO [228/750] 30e68e07-7351-4901-af7a-4dfcdc659cea: Sackin index -0.0728; 1.4 s; peak memory 1097 MiB.
2026-10-04T09:04:45Z INFO [229/750] 30e6d82b-b9d7-48ff-8af9-2856bbaa6f85: Sackin index -0.0696; 1.1 s; peak memory 1097 MiB.
2026-10-04T09:04:46Z INFO [230/750] 30e775aa-5edd-4e13-aa11-dc1963a8d676: Sackin index -0.0748; 0.9 s; peak memory 1097 MiB.
2026-10-04T09:04:48Z INFO [231/750] 30e80a6e-0999-4fe6-b66f-76231d0523e3: Sackin index -0.0587; 1.7 s; peak memory 1097 MiB.
2026-10-04T09:04:51Z INFO [232/750] 30e86267-63b7-445f-8f17-1752fbeca4b9: Sackin index -0.0264; 3.4 s; peak memory 1097 MiB.
2026-10-04T09:04:52Z INFO [233/750] 30e8640b-eaef-4394-acd8-518fac8f650a: Sackin index -0.1191; 0.8 s; peak memory 1097 MiB.
2026-10-04T09:04:55Z INFO [234/750] 30e8cfc4-86aa-409f-8f87-2a4569bff6fc: Sackin index -0.0411; 3.7 s; peak memory 1097 MiB.
2026-10-04T09:04:56Z INFO [235/750] 30e8f952-ca80-457b-8a55-28fb8d461983: Sackin index -0.0386; 0.9 s; peak memory 1097 MiB.
2026-10-04T09:04:57Z INFO [236/750] 30e933df-ce05-463e-adda-0bc2e6408767: Sackin index -0.1349; 0.9 s; peak memory 1097 MiB.
2026-10-04T09:04:58Z INFO [237/750] 30e9e4fc-c88f-4356-8623-96e87d77f5dc: Sackin index -0.1349; 0.9 s; peak memory 1097 MiB.
2026-10-04T09:04:59Z INFO [238/750] 30ea5ad8-80c2-4c41-9e38-faeb4fdc4964: Sackin index -0.0728; 1.1 s; peak memory 1097 MiB.
2026-10-04T09:05:15Z INFO [239/750] 30ea84d1-c797-4325-a463-1b7ee422dc3f: Sackin index -0.0848; 15.4 s; peak memory 1097 MiB.
2026-10-04T09:05:16Z INFO [240/750] 30eb61c0-53b3-4e2c-9a2d-776b42930e93: Sackin index -0.0702; 1.0 s; peak memory 1097 MiB.
2026-10-04T09:05:17Z INFO [241/750] 30eb7278-358b-4bea-9d5d-155e0473d4e2: Sackin index -0.1000; 1.2 s; peak memory 1097 MiB.
2026-10-04T09:05:18Z INFO [242/750] 30eb9ca3-fdb3-4e25-b41c-163339f9c353: Sackin index -0.1349; 1.0 s; peak memory 1097 MiB.
2026-10-04T09:05:19Z INFO [243/750] 30eba6a5-4a81-44b3-ae9a-eb9105ca6df4: Sackin index -0.0702; 1.0 s; peak memory 1097 MiB.
2026-10-04T09:05:20Z INFO [244/750] 30ebbc98-852f-4858-a3ca-599aa0b6f363: Sackin index -0.0376; 1.1 s; peak memory 1097 MiB.
2026-10-04T09:05:21Z INFO [245/750] 30ebeb50-de58-48c2-9ca8-57d2b4ae6559: Sackin index -0.0702; 0.9 s; peak memory 1097 MiB.
2026-10-04T09:05:24Z INFO [246/750] 30ed4a72-22ef-4313-b00d-56a30237757f: Sackin index -0.0547; 2.9 s; peak memory 1097 MiB.
2026-10-04T09:05:25Z INFO [247/750] 30ed5b52-f07a-4eb2-8853-9967dcc011bc: Sackin index -0.0722; 1.0 s; peak memory 1097 MiB.
2026-10-04T09:05:26Z INFO [248/750] 30edc55e-e02b-4783-b979-eb6d38ab1d47: Sackin index -0.1602; 0.9 s; peak memory 1097 MiB.
2026-10-04T09:05:27Z INFO [249/750] 30ee03ac-fc3b-489c-8169-268c89dfd6c5: Sackin index -0.1349; 0.9 s; peak memory 1097 MiB.
2026-10-04T09:05:27Z INFO [250/750] 30ee0d15-cd24-442b-a0ef-6ae65572cd12: Sackin index -0.1397; 0.7 s; peak memory 1097 MiB.
2026-10-04T09:05:27Z INFO [250/750] 30ee0d15-cd24-442b-a0ef-6ae65572cd12: checkpointed 70586 records.
2026-10-04T09:22:07Z INFO [251/750] 30ee3109-05d5-4b38-a2b9-c87d277ea346: Sackin index -0.1290; 999.7 s; peak memory 1206 MiB.
2026-10-04T09:22:16Z INFO [252/750] 30eead7a-6d48-4adc-bcd3-833d013ef38c: Sackin index -0.0135; 9.3 s; peak memory 1206 MiB.
2026-10-04T09:22:17Z INFO [253/750] 30ef4de0-e34c-4e97-a2ec-7894e8ae13f1: Sackin index -0.0381; 0.9 s; peak memory 1206 MiB.
2026-10-04T09:22:19Z INFO [254/750] 30ef6b7b-0152-42ab-8165-e3041fd616ce: Sackin index -0.1709; 1.7 s; peak memory 1206 MiB.
2026-10-04T09:22:20Z INFO [255/750] 30f0a8dd-2910-4701-9312-7d212e47395e: Sackin index -0.0728; 1.2 s; peak memory 1206 MiB.
2026-10-04T09:22:27Z INFO [256/750] 30f1df10-3d77-4b61-a909-38911a0f3281: Sackin index -0.0288; 7.3 s; peak memory 1206 MiB.
2026-10-04T09:22:28Z INFO [257/750] 30f25c31-c37e-4783-842e-65e2ec88cb4b: Sackin index -0.1349; 0.8 s; peak memory 1206 MiB.
2026-10-04T09:22:30Z INFO [258/750] 30f2d465-c2f1-4c6f-9389-da894ce0d965: Sackin index -0.0369; 1.7 s; peak memory 1206 MiB.
2026-10-04T09:22:31Z INFO [259/750] 30f2e6cf-dca3-4113-88bb-f73ff8b352cd: Sackin index -0.0369; 1.4 s; peak memory 1206 MiB.
2026-10-04T09:22:32Z INFO [260/750] 30f352bb-32d3-492b-8c9b-d945d81cc841: Sackin index -0.0702; 1.0 s; peak memory 1206 MiB.
2026-10-04T09:22:37Z INFO [261/750] 30f3a5b4-1c2e-4342-8fe8-774511c38392: Sackin index -0.0184; 4.3 s; peak memory 1206 MiB.
2026-10-04T09:22:44Z INFO [262/750] 30f3f66b-1520-451e-a011-709e8d1ad949: Sackin index -0.0691; 7.3 s; peak memory 1206 MiB.
2026-10-04T09:22:45Z INFO [263/750] 30f455c4-6fe3-4e79-ba0d-fc699aab842b: Sackin index -0.0728; 1.2 s; peak memory 1206 MiB.
2026-10-04T09:22:46Z INFO [264/750] 30f4685f-da5d-4a0e-8481-ec151b55e277: Sackin index -0.1349; 0.7 s; peak memory 1206 MiB.
2026-10-04T09:22:47Z INFO [265/750] 30f49bab-67b5-4bdb-8a4a-11cdb1d06650: Sackin index -0.1349; 0.8 s; peak memory 1206 MiB.
2026-10-04T09:22:47Z INFO [266/750] 30f4c79c-5538-4eeb-973d-30ebe46cfd96: Sackin index -0.0388; 0.8 s; peak memory 1206 MiB.
2026-10-04T09:22:49Z INFO [267/750] 30f63606-2389-474c-938a-ae2220619779: Sackin index -0.1243; 1.5 s; peak memory 1206 MiB.
2026-10-04T09:22:56Z INFO [268/750] 30f642dc-f6bf-46a0-8c9d-fe4211f37dbb: Sackin index -0.0252; 7.1 s; peak memory 1206 MiB.
2026-10-04T09:22:57Z INFO [269/750] 30f69d76-66bd-400a-8fbd-26d874a51ffc: Sackin index -0.0696; 1.0 s; peak memory 1206 MiB.
2026-10-04T09:23:04Z INFO [270/750] 30f6b72f-acb9-4b8c-8981-75be5fc8317b: Sackin index -0.0172; 7.4 s; peak memory 1206 MiB.
2026-10-04T09:23:05Z INFO [271/750] 30f711a1-302b-4547-995e-3f241a878eb3: Sackin index -0.0375; 1.1 s; peak memory 1206 MiB.
2026-10-04T09:23:07Z INFO [272/750] 30f7b96e-05cd-4816-8a38-3c6ef33ba0b4: Sackin index -0.0676; 1.4 s; peak memory 1206 MiB.
2026-10-04T09:24:45Z INFO [273/750] 30f8f080-424a-484f-91e1-6b18289dfdc5: Sackin index -0.0573; 98.1 s; peak memory 1206 MiB.
2026-10-04T09:24:46Z INFO [274/750] 30f8fcb6-6e90-4cfa-8f25-fffb5346cf1c: Sackin index -0.0702; 0.8 s; peak memory 1206 MiB.
2026-10-04T09:24:48Z INFO [275/750] 30f91e27-6be5-4d74-933e-15917069ef16: Sackin index -0.0362; 2.2 s; peak memory 1206 MiB.
2026-10-04T09:25:38Z INFO [276/750] 30f94bc2-522a-42c4-84d9-0e899ce1f3c8: Sackin index -0.0012; 50.4 s; peak memory 1206 MiB.
2026-10-04T09:25:48Z INFO [277/750] 30fa452a-e0cb-4ee4-9b7c-0d8cfd0a6030: Sackin index -0.0185; 9.4 s; peak memory 1206 MiB.
2026-10-04T09:25:49Z INFO [278/750] 30fa5220-f69a-470b-9b45-faffc49c2789: Sackin index -0.0375; 1.1 s; peak memory 1206 MiB.
2026-10-04T09:25:50Z INFO [279/750] 30fa81ce-88dd-4388-b20a-528961797ebf: Sackin index -0.1658; 0.7 s; peak memory 1206 MiB.
2026-10-04T09:25:52Z INFO [280/750] 30fa91e5-f607-445d-8746-eebfdec4604d: Sackin index -0.0350; 2.0 s; peak memory 1206 MiB.
2026-10-04T09:25:53Z INFO [281/750] 30fb62e7-dfbe-417e-8b54-af1ca6feba3e: Sackin index -0.0702; 1.1 s; peak memory 1206 MiB.
2026-10-04T09:25:54Z INFO [282/750] 30fbb904-b6af-48b0-bea0-07d075100eb3: Sackin index -0.0722; 1.0 s; peak memory 1206 MiB.
2026-10-04T09:25:54Z INFO [283/750] 30fc523f-83db-41bf-923e-5386b62ca016: Sackin index -0.1461; 0.7 s; peak memory 1206 MiB.
2026-10-04T09:26:02Z INFO [284/750] 30fc6cd2-2d8e-4e3f-a792-4dad026ced5e: Sackin index -0.0126; 7.7 s; peak memory 1206 MiB.
2026-10-04T09:26:03Z INFO [285/750] 30fc8709-f2eb-4921-82e7-57f027d1f2b3: Sackin index -0.0702; 0.9 s; peak memory 1206 MiB.
2026-10-04T09:26:04Z INFO [286/750] 30fc90df-000b-4230-aa98-5ff0595332a6: Sackin index -0.0702; 0.9 s; peak memory 1206 MiB.
2026-10-04T09:26:05Z INFO [287/750] 30fd0dff-a99f-4cbc-96db-5668725dcf5b: Sackin index -0.0702; 1.0 s; peak memory 1206 MiB.
2026-10-04T09:26:15Z INFO [288/750] 30fdc39a-6c6a-49e6-985d-07aa37782207: Sackin index -0.0165; 10.3 s; peak memory 1206 MiB.
2026-10-04T09:26:16Z INFO [289/750] 30fe2bdd-52ca-4d31-b6bf-75ce95062999: Sackin index -0.1658; 0.6 s; peak memory 1206 MiB.
2026-10-04T09:26:17Z INFO [290/750] 30fe9f05-9d4f-497b-bd0b-d312501fcc8e: Sackin index -0.1349; 0.8 s; peak memory 1206 MiB.
2026-10-04T09:26:17Z INFO [291/750] 30feb4ef-c3eb-4228-9e53-b6c3eb58bcef: Sackin index -0.1658; 0.8 s; peak memory 1206 MiB.
2026-10-04T09:26:18Z INFO [292/750] 30fef3ad-2fd3-4df1-b772-70f51afde401: Sackin index -0.0881; 0.8 s; peak memory 1206 MiB.
2026-10-04T09:26:24Z INFO [293/750] 30ff30e9-042b-4648-9e19-1f1d851ce4f3: Sackin index -0.0336; 5.8 s; peak memory 1206 MiB.
2026-10-04T09:26:29Z INFO [294/750] 30ff53c9-2905-4198-86b6-52e816eb7c37: Sackin index -0.0361; 5.4 s; peak memory 1206 MiB.
2026-10-04T09:26:30Z INFO [295/750] 30ff6464-505a-4277-b2e1-1118d93523a8: Sackin index -0.0702; 0.9 s; peak memory 1206 MiB.
2026-10-04T09:26:31Z INFO [296/750] 30ffb7a4-4742-4e68-9cdd-a6cb1e391be0: Sackin index -0.0702; 0.9 s; peak memory 1206 MiB.
2026-10-04T09:26:38Z INFO [297/750] 30ffdd8d-b24e-4a41-97fe-abfd03fae23c: Sackin index -0.0017; 6.4 s; peak memory 1206 MiB.
2026-10-04T09:26:38Z INFO [298/750] 31008dab-25e1-4b92-aefd-f8af566eb217: Sackin index -0.1358; 0.7 s; peak memory 1206 MiB.
2026-10-04T09:26:40Z INFO [299/750] 3100c9a9-a5c2-4050-bc83-207a30cac920: Sackin index -0.0326; 1.3 s; peak memory 1206 MiB.
2026-10-04T09:26:40Z INFO [300/750] 31020320-c404-4984-be5e-d2790a7152a3: Sackin index -0.0745; 0.9 s; peak memory 1206 MiB.
2026-10-04T09:26:41Z INFO [300/750] 31020320-c404-4984-be5e-d2790a7152a3: checkpointed 70636 records.
2026-10-04T09:26:53Z INFO [301/750] 31020f5f-0467-4f8e-990a-d1f6fb6c1e5e: Sackin index -0.0134; 12.4 s; peak memory 1206 MiB.
2026-10-04T09:26:56Z INFO [302/750] 31023fce-2d7d-41b4-8893-3d3d02099564: Sackin index -0.0288; 2.9 s; peak memory 1206 MiB.
2026-10-04T09:26:57Z INFO [303/750] 3102c0de-e437-4e7a-b478-fc864949cd19: Sackin index -0.1349; 0.7 s; peak memory 1206 MiB.
2026-10-04T09:26:57Z INFO [304/750] 3102e7cd-cb40-4486-a4de-30dbb32e3515: Sackin index -0.1349; 0.8 s; peak memory 1206 MiB.
2026-10-04T09:26:59Z INFO [305/750] 3103eb9d-032d-4325-a4d8-610c1f1a77d1: Sackin index -0.0728; 1.0 s; peak memory 1206 MiB.
2026-10-04T09:26:59Z INFO [306/750] 3104a3e3-b781-4d98-b432-c049c63e75af: Sackin index -0.0745; 0.8 s; peak memory 1206 MiB.
2026-10-04T09:27:01Z INFO [307/750] 3104f934-8a39-4c2f-a126-21bb783899dd: Sackin index -0.0275; 1.1 s; peak memory 1206 MiB.
2026-10-04T09:27:14Z INFO [308/750] 31056cef-6002-47a3-9307-830ef09c9c1d: Sackin index -0.0147; 13.3 s; peak memory 1206 MiB.
2026-10-04T09:27:15Z INFO [309/750] 3105726d-0f4c-4349-9083-3ac03c17de6a: Sackin index -0.1215; 0.8 s; peak memory 1206 MiB.
2026-10-04T09:27:16Z INFO [310/750] 31059d91-eab6-4cf2-b729-bab37a5e7a28: Sackin index -0.0696; 0.9 s; peak memory 1206 MiB.
2026-10-04T09:27:21Z INFO [311/750] 3105bce9-fab0-446b-a8d8-40964ef14a55: Sackin index -0.0173; 5.7 s; peak memory 1206 MiB.
2026-10-04T09:27:22Z INFO [312/750] 3106113e-9084-45fa-b027-7748830640a9: Sackin index -0.1000; 1.1 s; peak memory 1206 MiB.
2026-10-04T09:27:23Z INFO [313/750] 31062446-a6cb-4579-b4f9-c5e6bf667f0a: Sackin index -0.0376; 1.0 s; peak memory 1206 MiB.
2026-10-04T09:27:24Z INFO [314/750] 31062866-f0c6-488e-a620-e4dd710914aa: Sackin index -0.0728; 1.0 s; peak memory 1206 MiB.
2026-10-04T09:27:25Z INFO [315/750] 31062f66-8950-451d-876c-2662a3409311: Sackin index -0.1349; 0.8 s; peak memory 1206 MiB.
2026-10-04T09:27:26Z INFO [316/750] 31066cfc-78d9-4844-8b58-48d9c06625c5: Sackin index -0.0386; 1.1 s; peak memory 1206 MiB.
2026-10-04T09:27:28Z INFO [317/750] 31077d99-ab33-4081-8081-7897054ba44c: Sackin index -0.0658; 1.9 s; peak memory 1206 MiB.
2026-10-04T09:27:29Z INFO [318/750] 3107bd9a-9346-4b32-8169-123f6f76ce9f: Sackin index -0.1349; 0.8 s; peak memory 1206 MiB.
2026-10-04T09:27:30Z INFO [319/750] 3107d64b-2a20-4381-b5bb-f1b265baa2c9: Sackin index -0.1658; 0.6 s; peak memory 1206 MiB.
2026-10-04T09:27:32Z INFO [320/750] 3108a2ec-7d93-4dd6-b909-e4ec1aec2c8f: Sackin index -0.0869; 2.3 s; peak memory 1206 MiB.
2026-10-04T09:27:34Z INFO [321/750] 31090745-ee51-4900-bda6-02d47bb1fc36: Sackin index -0.0693; 1.9 s; peak memory 1206 MiB.
2026-10-04T09:27:35Z INFO [322/750] 3109a4b6-42d2-415e-808d-3982244b24d2: Sackin index -0.0676; 1.5 s; peak memory 1206 MiB.
2026-10-04T09:27:36Z INFO [323/750] 310a1431-7e0e-450a-a02c-ec2e0ce5f2a3: Sackin index -0.1349; 0.8 s; peak memory 1206 MiB.
2026-10-04T09:27:37Z INFO [324/750] 310a8d0d-d790-45ce-b577-97649e93da88: Sackin index -0.1658; 0.6 s; peak memory 1206 MiB.
2026-10-04T09:27:38Z INFO [325/750] 310b1125-fd59-45b0-bfed-bf1b9fc580a3: Sackin index -0.0696; 1.0 s; peak memory 1206 MiB.
2026-10-04T09:27:38Z INFO [326/750] 310b5b2d-7e74-4a99-8a84-6f690a290efb: Sackin index -0.1239; 0.7 s; peak memory 1206 MiB.
2026-10-04T09:27:39Z INFO [327/750] 310bcccf-8372-44fe-8b94-f6ca45e6e440: Sackin index -0.0702; 0.9 s; peak memory 1206 MiB.
2026-10-04T09:27:40Z INFO [328/750] 310c5a64-5690-4bbd-b257-c54a3ae8f090: Sackin index -0.1248; 0.8 s; peak memory 1206 MiB.
2026-10-04T09:27:45Z INFO [329/750] 310dde27-880e-4dc2-aa73-9997998b2f02: Sackin index -0.0251; 4.7 s; peak memory 1206 MiB.
2026-10-04T09:27:46Z INFO [330/750] 310de400-2703-461e-937d-2fa6043c04bd: Sackin index -0.0369; 1.2 s; peak memory 1206 MiB.
2026-10-04T09:27:47Z INFO [331/750] 310e43e2-7c2a-43a4-a4e7-99e54163ca68: Sackin index -0.0991; 1.0 s; peak memory 1206 MiB.
2026-10-04T09:27:48Z INFO [332/750] 310ebfa9-fae7-4446-bd78-589ada72e03f: Sackin index -0.1175; 0.6 s; peak memory 1206 MiB.
2026-10-04T09:27:52Z INFO [333/750] 310ed642-7a87-4b09-b224-9a5ba6f826c5: Sackin index -0.0235; 4.1 s; peak memory 1206 MiB.
2026-10-04T09:27:53Z INFO [334/750] 310efb19-9f03-4c8e-a066-8d08a8057efd: Sackin index -0.1349; 0.9 s; peak memory 1206 MiB.
2026-10-04T09:27:57Z INFO [335/750] 31108498-5eea-4726-afb8-deca26d05060: Sackin index -0.0940; 4.6 s; peak memory 1206 MiB.
2026-10-04T09:27:58Z INFO [336/750] 31118036-3752-4212-a567-f6b4d3ef6e8c: Sackin index -0.0766; 1.1 s; peak memory 1206 MiB.
2026-10-04T09:27:59Z INFO [337/750] 31119d4b-dcb2-456a-964c-419ca4a84760: Sackin index -0.0752; 0.9 s; peak memory 1206 MiB.
2026-10-04T09:28:00Z INFO [338/750] 31123ce2-8740-4694-bdae-1b7851097bfe: Sackin index -0.1402; 0.9 s; peak memory 1206 MiB.
2026-10-04T09:28:01Z INFO [339/750] 31124b62-65c1-455b-a387-c1ef4a45a08d: Sackin index -0.0728; 1.0 s; peak memory 1206 MiB.
2026-10-04T09:28:02Z INFO [340/750] 3112d7f1-4ce1-4b8b-8a5e-62f5026d5c8f: Sackin index -0.0702; 0.9 s; peak memory 1206 MiB.
2026-10-04T09:28:03Z INFO [341/750] 31133e89-4101-4eee-90e6-ecd1427c4871: Sackin index -0.1273; 1.0 s; peak memory 1206 MiB.
2026-10-04T09:28:04Z INFO [342/750] 31136ef8-809b-4d1f-b042-084d41e9db3e: Sackin index -0.0696; 1.0 s; peak memory 1206 MiB.
2026-10-04T09:28:14Z INFO [343/750] 3113958a-148a-426c-ae87-bed28c5ccd35: Sackin index -0.0035; 10.1 s; peak memory 1206 MiB.
2026-10-04T09:28:15Z INFO [344/750] 3113c4a0-eddb-4d18-a218-5f328f890c1a: Sackin index -0.0676; 1.4 s; peak memory 1206 MiB.
2026-10-04T09:28:17Z INFO [345/750] 3113d794-776b-491f-9221-e2beb8636873: Sackin index -0.0728; 1.2 s; peak memory 1206 MiB.
2026-10-04T09:28:17Z INFO [346/750] 3114bf1e-e131-4bde-9eea-9605f4a1f5ea: Sackin index -0.1658; 0.5 s; peak memory 1206 MiB.
2026-10-04T09:28:18Z INFO [347/750] 3115bbde-a396-4f28-91c6-9c7ae4adf989: Sackin index -0.1303; 0.6 s; peak memory 1206 MiB.
2026-10-04T09:28:23Z INFO [348/750] 3115e0c2-c0ec-4be8-b76f-e3d7c67eb8a8: Sackin index -0.0366; 5.6 s; peak memory 1206 MiB.
2026-10-04T09:28:24Z INFO [349/750] 31162e8e-35e3-440a-8228-fd836114f0b0: Sackin index -0.1349; 0.7 s; peak memory 1206 MiB.
2026-10-04T09:28:25Z INFO [350/750] 3116bbdb-5dff-4bc7-acd8-1f0ce471f446: Sackin index -0.1030; 1.0 s; peak memory 1206 MiB.
2026-10-04T09:28:25Z INFO [350/750] 3116bbdb-5dff-4bc7-acd8-1f0ce471f446: checkpointed 70686 records.
2026-10-04T09:28:26Z INFO [351/750] 3116c9e4-ea63-4bed-ac93-635448eee146: Sackin index -0.1349; 0.8 s; peak memory 1206 MiB.
2026-10-04T09:28:27Z INFO [352/750] 31171df3-633a-4f18-ae14-7622bd76fcb3: Sackin index -0.1658; 0.5 s; peak memory 1206 MiB.
2026-10-04T09:28:27Z INFO [353/750] 31177dba-b681-4731-9046-63e3245fdd46: Sackin index -0.1349; 0.8 s; peak memory 1206 MiB.
2026-10-04T09:28:28Z INFO [354/750] 311787d9-cb2a-44a4-b76a-78280bd798ff: Sackin index -0.1349; 0.7 s; peak memory 1206 MiB.
2026-10-04T09:28:29Z INFO [355/750] 31180c86-7edc-412b-89e4-030713d90300: Sackin index -0.0379; 1.1 s; peak memory 1206 MiB.
2026-10-04T09:28:30Z INFO [356/750] 3118cf6c-fc3e-47b2-9fcb-63a6743f63e1: Sackin index -0.0696; 0.9 s; peak memory 1206 MiB.
2026-10-04T09:28:31Z INFO [357/750] 31197207-8861-4218-a882-f748e28dba1a: Sackin index -0.0388; 1.0 s; peak memory 1206 MiB.
2026-10-04T09:28:33Z INFO [358/750] 3119f413-a2ee-46bc-a477-ab1bdc347b97: Sackin index -0.0681; 1.6 s; peak memory 1206 MiB.
2026-10-04T09:28:35Z INFO [359/750] 311a3e46-21ee-447d-a621-894a4a74edd2: Sackin index -0.0681; 1.7 s; peak memory 1206 MiB.
2026-10-04T09:28:35Z INFO [360/750] 311ab478-583f-4fb5-871a-fec80b8eb603: Sackin index -0.1658; 0.6 s; peak memory 1206 MiB.
2026-10-04T09:28:37Z INFO [361/750] 311b305c-245e-4af2-9f8d-17aef6bfacbf: Sackin index -0.0699; 1.7 s; peak memory 1206 MiB.
2026-10-04T09:28:38Z INFO [362/750] 311cb068-f92b-4699-a043-b35bda1f53f6: Sackin index -0.1938; 0.6 s; peak memory 1206 MiB.
2026-10-04T09:28:39Z INFO [363/750] 311e8bad-e0c8-44f8-a6ef-b7e23b1a7b8a: Sackin index -0.0728; 1.2 s; peak memory 1206 MiB.
2026-10-04T09:28:40Z INFO [364/750] 311fb806-6a81-4ad4-862f-509cbc68b44b: Sackin index -0.0749; 1.4 s; peak memory 1206 MiB.
2026-10-04T09:28:41Z INFO [365/750] 3120527f-35bd-404d-8156-15264b007819: Sackin index -0.0413; 1.2 s; peak memory 1206 MiB.
2026-10-04T09:28:43Z INFO [366/750] 3120a46d-afe3-4747-95e5-cf03ac1efcaf: Sackin index -0.1142; 1.7 s; peak memory 1206 MiB.
2026-10-04T09:28:44Z INFO [367/750] 31210438-44c8-485c-b23d-85c99ba51c41: Sackin index -0.1248; 0.8 s; peak memory 1206 MiB.
2026-10-04T09:28:46Z INFO [368/750] 31221f7b-2dfd-4a21-a2e2-1ce99cf7cddc: Sackin index -0.0699; 1.9 s; peak memory 1206 MiB.
2026-10-04T09:28:47Z INFO [369/750] 31234530-d485-4cbe-b2c1-be8b8aecc0f8: Sackin index -0.1349; 0.7 s; peak memory 1206 MiB.
2026-10-04T09:28:48Z INFO [370/750] 3123a287-7e17-4446-bb13-5604e53c4b17: Sackin index -0.1273; 1.1 s; peak memory 1206 MiB.
2026-10-04T09:28:52Z INFO [371/750] 3123ab78-b983-48c8-8514-a81c1b1b5f2f: Sackin index -0.0236; 4.0 s; peak memory 1206 MiB.
2026-10-04T09:28:52Z INFO [372/750] 3123c004-5c91-4189-9cb9-71050e9ba7c4: Sackin index -0.0891; 0.9 s; peak memory 1206 MiB.
2026-10-04T09:28:54Z INFO [373/750] 3124418d-5955-44fa-9eb2-5dbd8bb3eb16: Sackin index -0.0699; 1.7 s; peak memory 1206 MiB.
2026-10-04T09:28:55Z INFO [374/750] 3124677d-02ea-414a-8fb4-77ae931f8884: Sackin index -0.1349; 1.0 s; peak memory 1206 MiB.
2026-10-04T09:28:57Z INFO [375/750] 31246add-aa8b-4b50-aef1-2510dc1c9511: Sackin index -0.0699; 1.9 s; peak memory 1206 MiB.
2026-10-04T09:28:58Z INFO [376/750] 31248d7c-ffb8-4636-9948-4c81bfde076c: Sackin index -0.2000; 0.7 s; peak memory 1206 MiB.
2026-10-04T09:28:59Z INFO [377/750] 3124b85b-7e26-4022-8dd5-ac4098c449b4: Sackin index -0.1349; 0.8 s; peak memory 1206 MiB.
2026-10-04T09:28:59Z INFO [378/750] 31252bc0-856b-4e61-9ee3-1fe7a77dd4b9: Sackin index -0.1741; 0.6 s; peak memory 1206 MiB.
2026-10-04T09:29:00Z INFO [379/750] 312590cb-9968-4642-b19d-c1321445d110: Sackin index -0.0375; 1.2 s; peak memory 1206 MiB.
2026-10-04T09:29:01Z INFO [380/750] 31263599-d80c-4887-b54c-97de8d8d65ef: Sackin index -0.0728; 0.8 s; peak memory 1206 MiB.
2026-10-04T09:29:02Z INFO [381/750] 31264b98-54e1-4291-ae28-2103ab50472b: Sackin index -0.1658; 0.7 s; peak memory 1206 MiB.
2026-10-04T09:29:03Z INFO [382/750] 31267731-94e1-465d-b7e9-e807861016c4: Sackin index -0.1291; 1.2 s; peak memory 1206 MiB.
2026-10-04T09:29:05Z INFO [383/750] 3126e78e-d1eb-43a8-a0d8-1aa8c477903f: Sackin index -0.0681; 1.5 s; peak memory 1206 MiB.
2026-10-04T09:29:05Z INFO [384/750] 3126fd02-3a5b-411d-a65c-b01a5208a5dc: Sackin index -0.1349; 0.8 s; peak memory 1206 MiB.
2026-10-04T09:29:06Z INFO [385/750] 312726bd-e149-46d7-8662-dc26e666f253: Sackin index -0.0728; 0.9 s; peak memory 1206 MiB.
2026-10-04T09:29:07Z INFO [386/750] 312784aa-6355-48f6-8ef7-558988e4d61b: Sackin index -0.0696; 0.8 s; peak memory 1206 MiB.
2026-10-04T09:29:12Z INFO [387/750] 312824cf-07d3-4706-be02-8f12cad053fa: Sackin index -0.0222; 5.3 s; peak memory 1206 MiB.
2026-10-04T09:29:13Z INFO [388/750] 31284433-7a61-48c1-b0a7-5289459f601d: Sackin index -0.1009; 1.0 s; peak memory 1206 MiB.
2026-10-04T09:31:54Z INFO [389/750] 31289670-2713-4daf-9b35-bdaca32f4620: Sackin index -0.0008; 160.4 s; peak memory 1206 MiB.
2026-10-04T09:31:55Z INFO [390/750] 3128a124-4ccd-4320-91ce-f20d28481c4f: Sackin index -0.1303; 0.7 s; peak memory 1206 MiB.
2026-10-04T09:31:55Z INFO [391/750] 3129068d-033c-46a3-9578-41f9c6fe2911: Sackin index -0.1349; 0.9 s; peak memory 1206 MiB.
2026-10-04T09:31:56Z INFO [392/750] 31297c69-4ebe-4c41-b749-aaa05520ae42: Sackin index -0.0375; 1.0 s; peak memory 1206 MiB.
2026-10-04T09:32:07Z INFO [393/750] 312a0e06-e260-4ef3-a363-27f56aa3122d: Sackin index -0.0099; 10.1 s; peak memory 1206 MiB.
2026-10-04T09:32:07Z INFO [394/750] 312a6740-7a59-4314-88f7-22ec9c02454a: Sackin index -0.1349; 0.8 s; peak memory 1206 MiB.
2026-10-04T09:32:08Z INFO [395/750] 312a8596-1338-47a5-abb1-f2762b10f569: Sackin index -0.1349; 0.9 s; peak memory 1206 MiB.
2026-10-04T09:32:16Z INFO [396/750] 312ad8dc-11dc-4b53-86be-051c8b575ef2: Sackin index -0.0137; 7.5 s; peak memory 1206 MiB.
2026-10-04T09:32:18Z INFO [397/750] 312b526c-98da-45e3-bf71-3b74c1f3ca18: Sackin index -0.1362; 2.0 s; peak memory 1206 MiB.
2026-10-04T09:32:19Z INFO [398/750] 312c6415-8da7-4458-908b-eac6707f44d4: Sackin index -0.1349; 0.7 s; peak memory 1206 MiB.
2026-10-04T09:32:20Z INFO [399/750] 312d101d-01e4-43b2-bc06-c3329175c2dd: Sackin index -0.0275; 1.4 s; peak memory 1206 MiB.
2026-10-04T09:32:21Z INFO [400/750] 312d6c63-8369-4cd8-a0d3-a14586c83ed8: Sackin index -0.0728; 1.0 s; peak memory 1206 MiB.
2026-10-04T09:32:21Z INFO [400/750] 312d6c63-8369-4cd8-a0d3-a14586c83ed8: checkpointed 70736 records.
2026-10-04T09:32:22Z INFO [401/750] 312d9be2-368d-4e61-a714-7b336ca93545: Sackin index -0.1349; 0.8 s; peak memory 1206 MiB.
2026-10-04T09:32:27Z INFO [402/750] 312db348-e868-4877-a7a1-bf988156b278: Sackin index -0.2073; 5.1 s; peak memory 1206 MiB.
2026-10-04T09:32:28Z INFO [403/750] 312f0cec-95bd-41fe-88d4-b541a76eaaf0: Sackin index -0.1383; 1.1 s; peak memory 1206 MiB.
2026-10-04T09:32:32Z INFO [404/750] 312f4e0c-e4b1-47de-8e9c-b9f26572d252: Sackin index -0.0252; 4.2 s; peak memory 1206 MiB.
2026-10-04T09:32:33Z INFO [405/750] 312fed39-7478-4cbc-bfe0-a8639af9ccc7: Sackin index -0.1178; 0.7 s; peak memory 1206 MiB.
2026-10-04T09:32:34Z INFO [406/750] 31302ced-6227-44ca-9b5b-71121fb7fdd6: Sackin index -0.1349; 0.8 s; peak memory 1206 MiB.
2026-10-04T09:32:34Z INFO [407/750] 3130587d-a9dd-4d37-ad01-345a73c105bd: Sackin index -0.1658; 0.5 s; peak memory 1206 MiB.
2026-10-04T09:32:35Z INFO [408/750] 3130aa91-3210-4b8f-a381-381c13e08953: Sackin index -0.1349; 0.8 s; peak memory 1206 MiB.
2026-10-04T09:32:53Z INFO [409/750] 3130e989-707b-4080-b02c-5128794258d4: Sackin index -0.1367; 18.3 s; peak memory 1206 MiB.
2026-10-04T09:33:04Z INFO [410/750] 31313f4c-0cac-47b7-9ca4-9a16f3b6a4cc: Sackin index -0.0035; 10.4 s; peak memory 1206 MiB.
2026-10-04T09:33:05Z INFO [411/750] 31316164-b68b-45c3-96ad-bec318e31e47: Sackin index -0.0380; 0.9 s; peak memory 1206 MiB.
2026-10-04T09:33:06Z INFO [412/750] 31322d58-4b27-4c2a-9d1f-875df06397f0: Sackin index -0.0365; 1.0 s; peak memory 1206 MiB.
2026-10-04T09:33:07Z INFO [413/750] 313242f1-f117-41b1-93ab-8c33b0ffa97c: Sackin index -0.0386; 1.0 s; peak memory 1206 MiB.
2026-10-04T09:33:08Z INFO [414/750] 31332fb5-fa27-4a0d-a537-e2f427fa5c2f: Sackin index -0.0728; 1.0 s; peak memory 1206 MiB.
2026-10-04T09:33:08Z INFO [415/750] 31355e8a-895f-4e6e-8a21-d0a5463682d0: Sackin index -0.1349; 0.7 s; peak memory 1206 MiB.
2026-10-04T09:33:10Z INFO [416/750] 31361d82-80e6-4af4-885c-1509f073a2bc: Sackin index -0.0699; 1.7 s; peak memory 1206 MiB.
2026-10-04T09:33:15Z INFO [417/750] 31364926-180e-4bf1-835b-d584c286072f: Sackin index -0.0264; 4.5 s; peak memory 1206 MiB.
2026-10-04T09:33:16Z INFO [418/750] 31377a44-0b44-4950-b195-0d5dbaab429f: Sackin index -0.0728; 1.0 s; peak memory 1206 MiB.
2026-10-04T09:33:16Z INFO [419/750] 3138b6dd-e0dd-46d2-aa6b-155416183a36: Sackin index -0.0709; 0.9 s; peak memory 1206 MiB.
2026-10-04T09:33:17Z INFO [420/750] 31390e0b-e8d1-4875-a779-a846e2b6ba09: Sackin index -0.0702; 0.9 s; peak memory 1206 MiB.
2026-10-04T09:33:19Z INFO [421/750] 313939b4-f0d7-4057-91b2-6eb19692568e: Sackin index -0.0660; 2.1 s; peak memory 1206 MiB.
2026-10-04T09:33:20Z INFO [422/750] 313b117e-4349-419c-a998-b69a863a5ea8: Sackin index -0.1658; 0.5 s; peak memory 1206 MiB.
2026-10-04T09:33:21Z INFO [423/750] 313b2ab2-bcb2-4cca-9e2a-8e7debe40d36: Sackin index -0.0702; 0.9 s; peak memory 1206 MiB.
2026-10-04T09:33:22Z INFO [424/750] 313d2834-9318-4deb-830b-ef2eae7577cf: Sackin index -0.0696; 1.0 s; peak memory 1206 MiB.
2026-10-04T09:33:23Z INFO [425/750] 313e96d1-7e40-4ee5-bacb-250568bb2ea1: Sackin index -0.0709; 0.9 s; peak memory 1206 MiB.
2026-10-04T09:33:24Z INFO [426/750] 313ec340-ec4e-4519-9372-94b3aff45e5a: Sackin index -0.0728; 1.1 s; peak memory 1206 MiB.
2026-10-04T09:33:25Z INFO [427/750] 314061ef-bfdf-4d4f-b68b-5b0669d084e1: Sackin index -0.1349; 0.8 s; peak memory 1206 MiB.
2026-10-04T09:33:25Z INFO [428/750] 3140f905-1245-49cf-9961-07a9b37a9c7b: Sackin index -0.1120; 0.6 s; peak memory 1206 MiB.
2026-10-04T09:33:26Z INFO [429/750] 31412801-4a78-41b8-aae2-ed4f5aa85658: Sackin index -0.0696; 0.9 s; peak memory 1206 MiB.
2026-10-04T09:33:27Z INFO [430/750] 31425db0-a8c6-4508-aab2-fb86f4232dda: Sackin index -0.0728; 1.2 s; peak memory 1206 MiB.
2026-10-04T09:33:29Z INFO [431/750] 314346fe-739c-4748-80b5-6e7f75480e17: Sackin index -0.1291; 1.3 s; peak memory 1206 MiB.
2026-10-04T09:33:33Z INFO [432/750] 31436ab6-3025-4979-828f-7df6d1185c32: Sackin index -0.0251; 4.7 s; peak memory 1206 MiB.
2026-10-04T09:33:34Z INFO [433/750] 3143970b-6481-4713-9476-54aa4901558d: Sackin index -0.1000; 1.1 s; peak memory 1206 MiB.
2026-10-04T09:33:36Z INFO [434/750] 314437f7-73f9-49c8-956b-213f65e20816: Sackin index -0.0745; 1.1 s; peak memory 1206 MiB.
2026-10-04T09:33:44Z INFO [435/750] 3144d621-de91-4c4f-b14c-d90985e85427: Sackin index -0.0126; 8.7 s; peak memory 1206 MiB.
2026-10-04T09:33:45Z INFO [436/750] 3144faf1-ebc5-4132-bc90-1db683a19590: Sackin index -0.0728; 0.8 s; peak memory 1206 MiB.
2026-10-04T09:33:46Z INFO [437/750] 31459b76-dbe1-452a-8642-3d44abcecbc4: Sackin index -0.0745; 1.1 s; peak memory 1206 MiB.
2026-10-04T09:33:47Z INFO [438/750] 3145faba-daaf-4fc2-8c35-0b721dd15345: Sackin index -0.1349; 0.8 s; peak memory 1206 MiB.
2026-10-04T09:33:52Z INFO [439/750] 314623f5-b3b9-41c9-af3a-93e3b5e318b5: Sackin index -0.0476; 4.7 s; peak memory 1206 MiB.
2026-10-04T09:33:56Z INFO [440/750] 3146c965-0def-40c4-b32c-32d11d02e46f: Sackin index -0.0093; 4.4 s; peak memory 1206 MiB.
2026-10-04T09:33:57Z INFO [441/750] 31482323-1c42-4b71-9ad6-84788d61f35f: Sackin index -0.1349; 0.9 s; peak memory 1206 MiB.
2026-10-04T09:33:58Z INFO [442/750] 31482dd6-7d87-4533-a45c-1fe5859754d8: Sackin index -0.0391; 0.9 s; peak memory 1206 MiB.
2026-10-04T09:34:00Z INFO [443/750] 314855f1-98bf-423f-be8f-b3c80712dfc4: Sackin index -0.0272; 1.9 s; peak memory 1206 MiB.
2026-10-04T09:34:01Z INFO [444/750] 3148b3de-4287-4d82-826c-01329b1d082e: Sackin index -0.0667; 0.9 s; peak memory 1206 MiB.
2026-10-04T09:34:09Z INFO [445/750] 3148c98f-414d-4e68-b7a3-9fc800964af7: Sackin index -0.0125; 8.4 s; peak memory 1206 MiB.
2026-10-04T09:34:10Z INFO [446/750] 3149e2e3-87dc-41ff-9756-c0b7e169fc85: Sackin index -0.0375; 1.1 s; peak memory 1206 MiB.
2026-10-04T09:34:11Z INFO [447/750] 314aaece-3975-4986-9997-8780de3f00ff: Sackin index -0.0386; 0.9 s; peak memory 1206 MiB.
2026-10-04T09:34:16Z INFO [448/750] 314ab146-78b6-4d83-8278-9800210eafdd: Sackin index -0.0251; 4.4 s; peak memory 1206 MiB.
2026-10-04T09:34:16Z INFO [449/750] 314ab196-7d42-41f7-8a7d-51d68bef30b8: Sackin index -0.1461; 0.8 s; peak memory 1206 MiB.
2026-10-04T09:34:17Z INFO [450/750] 314ab307-16c4-417a-b311-47c543552b33: Sackin index -0.1349; 0.7 s; peak memory 1206 MiB.
2026-10-04T09:34:17Z INFO [450/750] 314ab307-16c4-417a-b311-47c543552b33: checkpointed 70786 records.
2026-10-04T09:34:28Z INFO [451/750] 314abf90-d7c2-463f-9f37-468ffbc1d080: Sackin index -0.1462; 10.4 s; peak memory 1206 MiB.
2026-10-04T09:34:29Z INFO [452/750] 314c920c-194e-4f54-8b02-17eef9515a95: Sackin index -0.0376; 1.3 s; peak memory 1206 MiB.
2026-10-04T09:34:30Z INFO [453/750] 314c974b-ea1e-4a8c-b981-848ff830f8ff: Sackin index -0.0728; 1.1 s; peak memory 1206 MiB.
2026-10-04T09:34:31Z INFO [454/750] 314cb03f-8f2f-4eab-9d5c-e69c51852289: Sackin index -0.1272; 0.5 s; peak memory 1206 MiB.
2026-10-04T09:34:32Z INFO [455/750] 314cf8c7-92ed-4d1e-b38b-3462f585aaf7: Sackin index -0.0702; 1.1 s; peak memory 1206 MiB.
2026-10-04T09:34:33Z INFO [456/750] 314cf92d-0839-4e61-baa1-934300a33f00: Sackin index -0.1349; 0.8 s; peak memory 1206 MiB.
2026-10-04T09:34:34Z INFO [457/750] 314d620c-9377-4518-abce-e17deac184af: Sackin index -0.0382; 1.1 s; peak memory 1206 MiB.
2026-10-04T09:34:35Z INFO [458/750] 314dbc2e-5968-41d5-bd25-fc3373d57e31: Sackin index -0.0676; 1.5 s; peak memory 1206 MiB.
2026-10-04T09:34:36Z INFO [459/750] 314ded9f-b3c1-416a-b34f-56f7e64453b6: Sackin index -0.1303; 0.5 s; peak memory 1206 MiB.
2026-10-04T09:34:36Z INFO [460/750] 314e1ccd-5114-4bd2-a80f-1ae741ff5fc3: Sackin index -0.1239; 0.8 s; peak memory 1206 MiB.
2026-10-04T09:34:37Z INFO [461/750] 314eff6a-23aa-4ba3-b807-345760cf6a04: Sackin index -0.1331; 0.7 s; peak memory 1206 MiB.
2026-10-04T09:34:38Z INFO [462/750] 314f253f-558a-4259-a9eb-cf81040e5157: Sackin index -0.1938; 0.7 s; peak memory 1206 MiB.
2026-10-04T09:34:40Z INFO [463/750] 314f2736-5d99-4beb-a063-9a44f8cdf4c4: Sackin index -0.0522; 1.8 s; peak memory 1206 MiB.
2026-10-04T09:34:40Z INFO [464/750] 3150abfd-d2b4-4a96-8cf9-a174fbb02be3: Sackin index -0.1349; 0.7 s; peak memory 1206 MiB.
2026-10-04T09:34:41Z INFO [465/750] 315130b5-051e-4d25-9983-a68b4bc27220: Sackin index -0.1349; 0.7 s; peak memory 1206 MiB.
2026-10-04T09:34:42Z INFO [466/750] 3151a5f8-7a8a-48f4-ba1f-73a662887924: Sackin index -0.1051; 0.7 s; peak memory 1206 MiB.
2026-10-04T09:34:43Z INFO [467/750] 31523a43-757c-4f50-8fe3-4d2891513846: Sackin index -0.1051; 0.8 s; peak memory 1206 MiB.
2026-10-04T09:34:43Z INFO [468/750] 31526164-2fc3-4f6b-9085-0138b4c0fd67: Sackin index -0.1349; 0.8 s; peak memory 1206 MiB.
2026-10-04T09:34:44Z INFO [469/750] 31529fe5-4b34-438e-acda-e5f133142d10: Sackin index -0.1303; 0.6 s; peak memory 1206 MiB.
2026-10-04T09:34:45Z INFO [470/750] 31532a33-8449-4014-af29-9b763ef7f88a: Sackin index -0.0748; 0.8 s; peak memory 1206 MiB.
2026-10-04T09:34:49Z INFO [471/750] 31533409-40dd-4d48-9f5f-e8d403be0b53: Sackin index -0.0417; 4.1 s; peak memory 1206 MiB.
2026-10-04T09:34:52Z INFO [472/750] 31565260-7bb5-4c34-9fd9-9e4ebab6aed3: Sackin index -0.0403; 3.2 s; peak memory 1206 MiB.
2026-10-04T09:34:53Z INFO [473/750] 3156a589-0590-4a0b-a30b-685d9926d28a: Sackin index -0.1349; 0.8 s; peak memory 1206 MiB.
2026-10-04T09:34:55Z INFO [474/750] 31572ecd-0715-453c-955b-8d2e38ccb300: Sackin index -0.0694; 2.0 s; peak memory 1206 MiB.
2026-10-04T09:34:56Z INFO [475/750] 315813f4-3a5b-46de-a192-5e631ed52f8d: Sackin index -0.0379; 1.2 s; peak memory 1206 MiB.
2026-10-04T09:34:57Z INFO [476/750] 3158f855-1718-4407-909a-8f45b4a60723: Sackin index -0.1248; 0.8 s; peak memory 1206 MiB.
2026-10-04T09:35:01Z INFO [477/750] 3158fc2a-aa1f-4b6b-8349-2d8fee1d3d42: Sackin index -0.0279; 4.3 s; peak memory 1206 MiB.
2026-10-04T09:35:02Z INFO [478/750] 315a8b0b-2062-4ae6-ba77-05d33ff27e9b: Sackin index -0.0696; 0.9 s; peak memory 1206 MiB.
2026-10-04T09:35:03Z INFO [479/750] 315abd17-b666-4549-8f48-d57f6a936d35: Sackin index -0.1135; 0.6 s; peak memory 1206 MiB.
2026-10-04T09:35:04Z INFO [480/750] 315b6eb8-5666-4970-8413-b8bed8be04d1: Sackin index -0.0380; 1.1 s; peak memory 1206 MiB.
2026-10-04T09:35:05Z INFO [481/750] 315bd841-b68e-44bf-810d-ffc9476f9833: Sackin index -0.0881; 1.0 s; peak memory 1206 MiB.
2026-10-04T09:35:07Z INFO [482/750] 315e2978-33bc-4a12-8019-279abbe16e36: Sackin index -0.0378; 2.4 s; peak memory 1206 MiB.
2026-10-04T09:35:08Z INFO [483/750] 315e3b51-d2be-4f05-a13e-865d4b07cd0f: Sackin index -0.0702; 0.9 s; peak memory 1206 MiB.
2026-10-04T09:35:09Z INFO [484/750] 315e9eac-6e8b-4455-b4ba-772e2a424a58: Sackin index -0.1349; 0.8 s; peak memory 1206 MiB.
2026-10-04T09:35:09Z INFO [485/750] 315f9de5-e3fb-4a16-94ef-99b506e6c7a7: Sackin index -0.0748; 0.7 s; peak memory 1206 MiB.
2026-10-04T09:35:10Z INFO [486/750] 315fa920-8a1e-4ca2-959c-da6ce9e4f35a: Sackin index -0.0728; 0.9 s; peak memory 1206 MiB.
2026-10-04T09:35:11Z INFO [487/750] 3161b5df-185a-42c3-ba2c-fdec4ec5acb2: Sackin index -0.1349; 0.9 s; peak memory 1206 MiB.
2026-10-04T09:35:13Z INFO [488/750] 3161d1ba-7d08-4151-bf2f-b5cdf15d569c: Sackin index -0.0693; 1.8 s; peak memory 1206 MiB.
2026-10-04T09:35:14Z INFO [489/750] 316231ac-bda4-48f8-ab15-0e580e200fe8: Sackin index -0.1349; 0.7 s; peak memory 1206 MiB.
2026-10-04T09:35:15Z INFO [490/750] 31624876-d105-4d52-8eff-f935b6ba80fb: Sackin index -0.0728; 1.2 s; peak memory 1206 MiB.
2026-10-04T09:35:16Z INFO [491/750] 3162e139-8249-46ea-98a9-06de862d55ff: Sackin index -0.1349; 0.9 s; peak memory 1206 MiB.
2026-10-04T09:35:17Z INFO [492/750] 31635895-1214-467d-8ad6-ececcd43e83f: Sackin index -0.1349; 0.8 s; peak memory 1206 MiB.
2026-10-04T09:35:17Z INFO [493/750] 31638056-68eb-406a-ad52-ceae92b71f42: Sackin index -0.1023; 0.8 s; peak memory 1206 MiB.
2026-10-04T09:35:19Z INFO [494/750] 31642d94-6927-4217-86f4-d63c917f277a: Sackin index -0.0579; 1.7 s; peak memory 1206 MiB.
2026-10-04T09:35:20Z INFO [495/750] 3165beb0-3df6-4366-bd2c-4122b8aea9df: Sackin index -0.1319; 0.6 s; peak memory 1206 MiB.
2026-10-04T09:35:23Z INFO [496/750] 3165f55a-3296-4712-aa7f-cd7e367e0b9c: Sackin index -0.1938; 3.0 s; peak memory 1206 MiB.
2026-10-04T09:35:26Z INFO [497/750] 31664a46-1c1e-439b-950e-57573ccde466: Sackin index -0.0267; 3.2 s; peak memory 1206 MiB.
2026-10-04T09:35:27Z INFO [498/750] 3166b9c3-77ab-4143-ae21-f9cb5d7f0174: Sackin index -0.1248; 0.7 s; peak memory 1206 MiB.
2026-10-04T09:35:28Z INFO [499/750] 3167f3cb-8e48-497a-a3aa-d5d463dc02d6: Sackin index -0.1349; 0.8 s; peak memory 1206 MiB.
2026-10-04T09:35:28Z INFO [500/750] 31689f54-9719-40e6-b543-1f5c634e8b99: Sackin index -0.0702; 0.7 s; peak memory 1206 MiB.
2026-10-04T09:35:28Z INFO [500/750] 31689f54-9719-40e6-b543-1f5c634e8b99: checkpointed 70836 records.
2026-10-04T09:35:29Z INFO [501/750] 3168bde3-627a-413c-a9e5-9ddbe599c2ce: Sackin index -0.0696; 0.9 s; peak memory 1206 MiB.
2026-10-04T09:35:31Z INFO [502/750] 31691cb2-e1e0-46ae-a8bd-2f115a1e9fe7: Sackin index -0.0376; 1.2 s; peak memory 1206 MiB.
2026-10-04T09:35:31Z INFO [503/750] 3169f987-b73a-4978-b08c-d5c1354c3f91: Sackin index -0.1349; 0.7 s; peak memory 1206 MiB.
2026-10-04T09:35:33Z INFO [504/750] 316a3a43-5d6e-405b-b9fa-382412196933: Sackin index -0.1191; 1.2 s; peak memory 1206 MiB.
2026-10-04T09:35:35Z INFO [505/750] 316a77ac-a4aa-4a17-b32c-ca5ac6a42968: Sackin index -0.1495; 2.7 s; peak memory 1206 MiB.
2026-10-04T09:35:36Z INFO [506/750] 316aef23-75eb-45ec-997e-e4f0f123c048: Sackin index -0.0732; 1.1 s; peak memory 1206 MiB.
2026-10-04T09:35:37Z INFO [507/750] 316b21bb-cd11-4875-a6fa-f720c0205393: Sackin index -0.0702; 1.0 s; peak memory 1206 MiB.
2026-10-04T09:35:38Z INFO [508/750] 316c06e2-06d1-43d9-abdb-582b77be0540: Sackin index -0.0702; 0.9 s; peak memory 1206 MiB.
2026-10-04T09:35:39Z INFO [509/750] 316d02b9-86e1-412b-8f98-e3db53e4f8d1: Sackin index -0.1575; 0.8 s; peak memory 1206 MiB.
2026-10-04T09:35:40Z INFO [510/750] 316d27e8-e095-459f-a596-ebd685689155: Sackin index -0.0702; 0.9 s; peak memory 1206 MiB.
2026-10-04T09:35:41Z INFO [511/750] 316dd593-927b-4329-95c6-f30468a30b64: Sackin index -0.1349; 0.8 s; peak memory 1206 MiB.
2026-10-04T09:35:41Z INFO [512/750] 316ec728-da93-4458-9698-f309407c6efe: Sackin index -0.1349; 0.8 s; peak memory 1206 MiB.
2026-10-04T09:35:42Z INFO [513/750] 316ed6a0-d3fa-4c6f-8e11-9ac58dad78ff: Sackin index -0.0728; 1.0 s; peak memory 1206 MiB.
2026-10-04T09:35:43Z INFO [514/750] 316edb07-ca55-42f9-a191-5d4a3cedc300: Sackin index -0.1658; 0.6 s; peak memory 1206 MiB.
2026-10-04T09:35:56Z INFO [515/750] 316f0635-ef39-4a50-8680-82e836496e9d: Sackin index -0.0143; 12.5 s; peak memory 1206 MiB.
2026-10-04T09:35:57Z INFO [516/750] 316f462e-e538-4fbd-83bb-d51ea2f388c4: Sackin index -0.1291; 1.1 s; peak memory 1206 MiB.
2026-10-04T09:35:59Z INFO [517/750] 316f56fe-0595-4aa8-8069-0a7f85f4e1c7: Sackin index -0.0693; 2.1 s; peak memory 1206 MiB.
2026-10-04T09:36:00Z INFO [518/750] 316fccf3-9a02-46ba-81da-fe19720b4665: Sackin index -0.1194; 1.1 s; peak memory 1206 MiB.
2026-10-04T09:36:05Z INFO [519/750] 316fd618-e891-4fe7-a3a4-8c5c90f78b44: Sackin index -0.1147; 5.3 s; peak memory 1206 MiB.
2026-10-04T09:36:06Z INFO [520/750] 31717c79-32f1-4fbf-a261-c9c959df7c45: Sackin index -0.1349; 0.8 s; peak memory 1206 MiB.
2026-10-04T09:36:07Z INFO [521/750] 317475db-4164-4167-b900-9b14abdb9596: Sackin index -0.0272; 1.4 s; peak memory 1206 MiB.
2026-10-04T09:36:08Z INFO [522/750] 317487c1-9dd4-44fb-8781-9724d36fde0a: Sackin index -0.0709; 0.9 s; peak memory 1206 MiB.
2026-10-04T09:36:09Z INFO [523/750] 31752acc-c4c2-4e6e-9ffc-bf6a2a267bdd: Sackin index -0.1408; 1.1 s; peak memory 1206 MiB.
2026-10-04T09:36:10Z INFO [524/750] 31755374-e8da-4644-b180-f961a7be7d25: Sackin index -0.0375; 1.1 s; peak memory 1206 MiB.
2026-10-04T09:36:11Z INFO [525/750] 31757351-0498-43ab-96a1-9597b88ea00c: Sackin index -0.1349; 0.8 s; peak memory 1206 MiB.
2026-10-04T09:36:12Z INFO [526/750] 3175b4e8-cf19-44c6-a470-952d548aa8d1: Sackin index -0.0696; 0.8 s; peak memory 1206 MiB.
2026-10-04T09:36:13Z INFO [527/750] 31762cf4-142b-4929-9a0d-a09cdb1d6502: Sackin index -0.1208; 0.6 s; peak memory 1206 MiB.
2026-10-04T09:36:13Z INFO [528/750] 31764286-0c8e-48e3-8352-8e933cbc988d: Sackin index -0.1349; 0.7 s; peak memory 1206 MiB.
2026-10-04T09:36:14Z INFO [529/750] 31771ea1-4ea8-4b2f-9104-ae05720273ac: Sackin index -0.1191; 0.7 s; peak memory 1206 MiB.
2026-10-04T09:36:15Z INFO [530/750] 31774842-9be6-469b-ba7d-27fbd464b3fc: Sackin index -0.1349; 0.8 s; peak memory 1206 MiB.
2026-10-04T09:36:16Z INFO [531/750] 317765fb-f028-4b0b-8f8d-73c5ec10b503: Sackin index -0.1224; 1.5 s; peak memory 1206 MiB.
2026-10-04T09:36:17Z INFO [532/750] 31776ecc-0873-4385-8769-72f7b9e81a06: Sackin index -0.1349; 0.7 s; peak memory 1206 MiB.
2026-10-04T09:36:18Z INFO [533/750] 3177ba53-75a6-4036-ba4a-780ce19d5222: Sackin index -0.1349; 0.6 s; peak memory 1206 MiB.
2026-10-04T09:36:18Z INFO [534/750] 317807c0-e6ba-46d8-956c-732f3616e062: Sackin index -0.1178; 0.6 s; peak memory 1206 MiB.
2026-10-04T09:36:20Z INFO [535/750] 3178e136-66b3-4089-abb9-791b6afdd979: Sackin index -0.0660; 2.1 s; peak memory 1206 MiB.
2026-10-04T09:36:21Z INFO [536/750] 3179026a-5243-4fce-a941-bed7f554bd6d: Sackin index -0.1349; 0.9 s; peak memory 1206 MiB.
2026-10-04T09:36:22Z INFO [537/750] 317a27fa-1985-4ab8-86b3-167d8a7c186c: Sackin index -0.0371; 0.9 s; peak memory 1206 MiB.
2026-10-04T09:36:23Z INFO [538/750] 317acf76-f8b3-499d-84a9-8a1081bb9dfe: Sackin index -0.1273; 1.1 s; peak memory 1206 MiB.
2026-10-04T09:36:24Z INFO [539/750] 317b0d8b-586c-4601-93ec-e4f27b96f3e2: Sackin index -0.1062; 1.0 s; peak memory 1206 MiB.
2026-10-04T09:36:32Z INFO [540/750] 317b59a4-91cc-47e7-8f9a-cf8fad743b09: Sackin index -0.0133; 8.1 s; peak memory 1206 MiB.
2026-10-04T09:36:36Z INFO [541/750] 317b606b-3994-4edb-8290-4b0eeaa7da57: Sackin index -0.0239; 3.8 s; peak memory 1206 MiB.
2026-10-04T09:36:37Z INFO [542/750] 317b6cc2-ce10-4c5e-b557-a09fbad0d1e0: Sackin index -0.1349; 0.9 s; peak memory 1206 MiB.
2026-10-04T09:36:38Z INFO [543/750] 317ba07f-43c4-4925-8c95-c478cede79c2: Sackin index -0.0702; 1.0 s; peak memory 1206 MiB.
2026-10-04T09:36:39Z INFO [544/750] 317bae5b-b3a1-460a-9400-0afb4c319ebc: Sackin index -0.0379; 1.1 s; peak memory 1206 MiB.
2026-10-04T09:36:40Z INFO [545/750] 317c080c-5142-4397-95e6-7c165cf6b14f: Sackin index -0.1349; 0.8 s; peak memory 1206 MiB.
2026-10-04T09:36:41Z INFO [546/750] 317c1935-6a63-4488-8a62-a98aa9c6d507: Sackin index -0.0735; 0.9 s; peak memory 1206 MiB.
2026-10-04T09:36:42Z INFO [547/750] 317cc576-1e78-4461-a6f1-a2f272794d5f: Sackin index -0.0376; 1.0 s; peak memory 1206 MiB.
2026-10-04T09:36:43Z INFO [548/750] 317ddd08-f99a-4d00-bae3-892eff078dd8: Sackin index -0.0702; 0.9 s; peak memory 1206 MiB.
2026-10-04T09:36:43Z INFO [549/750] 317e28b5-9428-4a0d-9f39-8585df648cb5: Sackin index -0.0702; 0.8 s; peak memory 1206 MiB.
2026-10-04T09:36:44Z INFO [550/750] 317e8500-0675-42ba-bb88-4a9615b4d546: Sackin index -0.1408; 1.0 s; peak memory 1206 MiB.
2026-10-04T09:36:45Z INFO [550/750] 317e8500-0675-42ba-bb88-4a9615b4d546: checkpointed 70886 records.
2026-10-04T09:36:46Z INFO [551/750] 317ebc3a-bd0f-4130-87d9-e5699502b3ac: Sackin index -0.1273; 1.0 s; peak memory 1206 MiB.
2026-10-04T09:36:46Z INFO [552/750] 317f5e07-52fd-49aa-aeec-f21ce127acea: Sackin index -0.1248; 0.8 s; peak memory 1206 MiB.
2026-10-04T09:37:01Z INFO [553/750] 317fbef2-26c2-429c-9009-4c0e3bb0834a: Sackin index -0.0121; 14.9 s; peak memory 1206 MiB.
2026-10-04T09:37:02Z INFO [554/750] 31804a10-0ec4-44fa-a6d5-55ee8c5569d1: Sackin index -0.1602; 0.8 s; peak memory 1206 MiB.
2026-10-04T09:37:03Z INFO [555/750] 3180510c-2193-4636-882a-8e9df8ed1ebf: Sackin index -0.1938; 0.7 s; peak memory 1206 MiB.
2026-10-04T09:37:03Z INFO [556/750] 3180667c-53d0-441f-b0e9-122c2087353b: Sackin index -0.1349; 0.8 s; peak memory 1206 MiB.
2026-10-04T09:37:04Z INFO [557/750] 31810997-b0fa-41a3-bb0f-e5ab32f9e916: Sackin index -0.0709; 1.0 s; peak memory 1206 MiB.
2026-10-04T09:37:06Z INFO [558/750] 31814abe-0c91-43d5-acf4-0f8b3e939d67: Sackin index -0.1117; 1.2 s; peak memory 1206 MiB.
2026-10-04T09:37:15Z INFO [559/750] 31814cef-acd7-4aa9-a9e4-b4ce6926c90f: Sackin index -0.0146; 9.0 s; peak memory 1206 MiB.
2026-10-04T09:37:16Z INFO [560/750] 31818d0e-1dc4-4add-b8a5-279eb2ae4359: Sackin index -0.1370; 1.6 s; peak memory 1206 MiB.
2026-10-04T09:37:17Z INFO [561/750] 3181eeef-9392-4306-be56-a0a772ef1803: Sackin index -0.0547; 1.2 s; peak memory 1206 MiB.
2026-10-04T09:37:19Z INFO [562/750] 3182259c-bf9e-499f-af62-fc1533ba3cab: Sackin index -0.0824; 1.7 s; peak memory 1206 MiB.
2026-10-04T09:37:20Z INFO [563/750] 3182c229-8d90-4c40-b68b-7a2fa059e1a8: Sackin index -0.0709; 0.9 s; peak memory 1206 MiB.
2026-10-04T09:37:21Z INFO [564/750] 31830330-25d9-410b-9340-a13ae68049b2: Sackin index -0.1349; 0.9 s; peak memory 1206 MiB.
2026-10-04T09:37:22Z INFO [565/750] 31840310-c826-48be-bd5e-4908c3935946: Sackin index -0.0375; 1.1 s; peak memory 1206 MiB.
2026-10-04T09:37:23Z INFO [566/750] 31840e70-7871-49f1-967b-1fb290540e4b: Sackin index -0.0702; 0.8 s; peak memory 1206 MiB.
2026-10-04T09:37:28Z INFO [567/750] 318415e4-9515-4667-bc8c-38c57a3a93c0: Sackin index -0.1362; 5.2 s; peak memory 1206 MiB.
2026-10-04T09:37:29Z INFO [568/750] 318435f9-4a3a-41aa-8b8d-e9774374e210: Sackin index -0.1194; 1.1 s; peak memory 1206 MiB.
2026-10-04T09:37:30Z INFO [569/750] 31844e29-9502-469a-8c49-bb7a63253c7f: Sackin index -0.1658; 0.5 s; peak memory 1206 MiB.
2026-10-04T09:37:30Z INFO [570/750] 3184dabc-22d9-440d-a79f-b3f838580c61: Sackin index -0.0386; 0.9 s; peak memory 1206 MiB.
2026-10-04T09:37:32Z INFO [571/750] 318531b8-0240-4624-bf2d-281b29496c6d: Sackin index -0.0376; 1.1 s; peak memory 1206 MiB.
2026-10-04T09:37:32Z INFO [572/750] 31854735-d604-4586-893f-21389d8b5a7e: Sackin index -0.0956; 0.9 s; peak memory 1206 MiB.
2026-10-04T09:37:33Z INFO [573/750] 3185655e-c408-433d-843c-b8ad49d85464: Sackin index -0.0707; 0.9 s; peak memory 1206 MiB.
2026-10-04T09:37:35Z INFO [574/750] 318631e4-45c7-4821-8eda-b10097344285: Sackin index -0.1243; 1.7 s; peak memory 1206 MiB.
2026-10-04T09:39:09Z INFO [575/750] 3186c42b-e5b1-4fbe-8298-bdeee700ae7c: Sackin index -0.0393; 94.1 s; peak memory 1206 MiB.
2026-10-04T09:39:10Z INFO [576/750] 3186e1cf-5e23-423b-aa46-b3d01df66187: Sackin index -0.0702; 1.0 s; peak memory 1206 MiB.
2026-10-04T09:39:11Z INFO [577/750] 31877438-376e-48eb-b313-1c139ea14d81: Sackin index -0.0702; 1.1 s; peak memory 1206 MiB.
2026-10-04T09:39:15Z INFO [578/750] 31878e4b-aca1-4088-8f2f-3e1507f07331: Sackin index -0.0238; 3.8 s; peak memory 1206 MiB.
2026-10-04T09:39:16Z INFO [579/750] 3187da12-b1ed-4d14-a65f-fe47e68503e2: Sackin index -0.1704; 0.8 s; peak memory 1206 MiB.
2026-10-04T09:39:17Z INFO [580/750] 31880196-2054-49fe-a71a-de4957528677: Sackin index -0.0709; 0.9 s; peak memory 1206 MiB.
2026-10-04T09:39:18Z INFO [581/750] 31890e69-0ed5-4edd-91f4-19cd7f78e3ba: Sackin index -0.1273; 1.1 s; peak memory 1206 MiB.
2026-10-04T09:39:19Z INFO [582/750] 31892fd8-0ac1-47a2-b6bd-c868aa8109c3: Sackin index -0.0696; 1.0 s; peak memory 1206 MiB.
2026-10-04T09:39:20Z INFO [583/750] 31898aca-a048-4376-ab69-04f6ddd6cbba: Sackin index -0.1349; 0.8 s; peak memory 1206 MiB.
2026-10-04T09:39:20Z INFO [584/750] 3189c48d-61e8-4c29-a752-3a70b2903418: Sackin index -0.1349; 0.8 s; peak memory 1206 MiB.
2026-10-04T09:39:21Z INFO [585/750] 318a6686-189c-4ada-94ff-416be9326923: Sackin index -0.0702; 0.9 s; peak memory 1206 MiB.
2026-10-04T09:39:22Z INFO [586/750] 318b2731-3b14-4d4a-889b-d12831f4e52d: Sackin index -0.0702; 0.9 s; peak memory 1206 MiB.
2026-10-04T09:39:27Z INFO [587/750] 318b377b-821f-4b26-a828-bc9e00d40538: Sackin index -0.0476; 4.7 s; peak memory 1206 MiB.
2026-10-04T09:39:28Z INFO [588/750] 318b48e0-70d5-4442-81e3-9155b8efe468: Sackin index -0.0728; 1.3 s; peak memory 1206 MiB.
2026-10-04T09:39:29Z INFO [589/750] 318be094-d183-41ba-afef-217831e369c4: Sackin index -0.1938; 0.7 s; peak memory 1206 MiB.
2026-10-04T09:39:30Z INFO [590/750] 318cb42f-80a2-4e8e-af3c-a0b49aba6414: Sackin index -0.0702; 0.9 s; peak memory 1206 MiB.
2026-10-04T09:39:31Z INFO [591/750] 318cdfd3-774e-4036-83d9-957efed60e9b: Sackin index -0.1349; 0.8 s; peak memory 1206 MiB.
2026-10-04T09:39:32Z INFO [592/750] 318d09d7-75f8-4ed0-bc74-e0e2da228b0f: Sackin index -0.0745; 1.2 s; peak memory 1206 MiB.
2026-10-04T09:39:34Z INFO [593/750] 318dbfca-2ad9-42e8-a26b-d4012c4e77db: Sackin index -0.1938; 1.6 s; peak memory 1206 MiB.
2026-10-04T09:39:34Z INFO [594/750] 318e9e5b-01e2-4d0b-9566-95179a51150c: Sackin index -0.1602; 0.7 s; peak memory 1206 MiB.
2026-10-04T09:39:35Z INFO [595/750] 318f5569-2bde-4a21-adce-e00ac8b06e8d: Sackin index -0.0434; 1.1 s; peak memory 1206 MiB.
2026-10-04T09:39:41Z INFO [596/750] 3190ed37-ab3b-4b22-9e0b-ae6543259d4c: Sackin index -0.0022; 5.8 s; peak memory 1206 MiB.
2026-10-04T09:39:42Z INFO [597/750] 319164e9-e673-4bcf-ba98-55d1ad5045f6: Sackin index -0.2168; 0.6 s; peak memory 1206 MiB.
2026-10-04T09:39:43Z INFO [598/750] 31917639-3a7a-4c34-b683-7ef008e72027: Sackin index -0.0375; 1.2 s; peak memory 1206 MiB.
2026-10-04T09:39:58Z INFO [599/750] 319239ee-8adf-42fc-a7ef-38348e65465e: Sackin index -0.1367; 14.6 s; peak memory 1206 MiB.
2026-10-04T09:40:10Z INFO [600/750] 319294b1-8dc0-4833-99ea-b3580aba810a: Sackin index -0.0128; 12.2 s; peak memory 1206 MiB.
2026-10-04T09:40:10Z INFO [600/750] 319294b1-8dc0-4833-99ea-b3580aba810a: checkpointed 70936 records.
2026-10-04T09:40:11Z INFO [601/750] 31944207-c6f4-4257-8453-b3266588c782: Sackin index -0.0377; 1.0 s; peak memory 1206 MiB.
2026-10-04T09:40:13Z INFO [602/750] 3196ad42-61b2-405a-bd23-78a2cf0a6575: Sackin index -0.0693; 1.8 s; peak memory 1206 MiB.
2026-10-04T09:40:14Z INFO [603/750] 3197ad7f-508a-43d5-a3f5-165ae3040e55: Sackin index -0.1658; 0.9 s; peak memory 1206 MiB.
2026-10-04T09:40:24Z INFO [604/750] 3197e917-6a54-4458-8314-8667322a131c: Sackin index -0.1495; 9.9 s; peak memory 1206 MiB.
2026-10-04T09:40:24Z INFO [605/750] 319834ab-8340-4280-871b-845abebabb78: Sackin index -0.1575; 0.7 s; peak memory 1206 MiB.
2026-10-04T09:40:26Z INFO [606/750] 3198da90-381b-4f86-8d71-f08c7f4f0fe4: Sackin index -0.0660; 2.2 s; peak memory 1206 MiB.
2026-10-04T09:40:27Z INFO [607/750] 3198e4c5-4948-41c2-b4c8-5d4eb5fcda51: Sackin index -0.2000; 0.6 s; peak memory 1206 MiB.
2026-10-04T09:40:28Z INFO [608/750] 3199286b-c2f7-4d48-b2bd-e61a1f58c1ad: Sackin index -0.0728; 1.1 s; peak memory 1206 MiB.
2026-10-04T09:40:29Z INFO [609/750] 3199aec9-96d7-4956-a022-2fe7b62750b3: Sackin index -0.1349; 0.8 s; peak memory 1206 MiB.
2026-10-04T09:40:34Z INFO [610/750] 319a193c-e4a8-453d-b06a-a24885cee0f8: Sackin index -0.0940; 4.8 s; peak memory 1206 MiB.
2026-10-04T09:40:35Z INFO [611/750] 319ad91f-4f79-4c77-bca5-48b5cfbf9815: Sackin index -0.0702; 0.9 s; peak memory 1206 MiB.
2026-10-04T09:40:35Z INFO [612/750] 319b3cb0-3826-420a-8c7f-cba0ff7783b5: Sackin index -0.1349; 0.8 s; peak memory 1206 MiB.
2026-10-04T09:40:36Z INFO [613/750] 319b435a-ea3f-4786-9142-6b7266e01551: Sackin index -0.1349; 0.8 s; peak memory 1206 MiB.
2026-10-04T09:40:38Z INFO [614/750] 319c54ab-674a-475c-a261-9f91cc1702c8: Sackin index -0.0376; 1.5 s; peak memory 1206 MiB.
2026-10-04T09:40:38Z INFO [615/750] 319c9a82-0d62-4496-877b-eaa830272376: Sackin index -0.1208; 0.7 s; peak memory 1206 MiB.
2026-10-04T09:42:08Z INFO [616/750] 319cc8f4-84aa-4372-838e-d53a5b9743ac: Sackin index -0.0668; 89.9 s; peak memory 1206 MiB.
2026-10-04T09:42:09Z INFO [617/750] 319cdecd-d131-4ef1-ab0f-ed0804842584: Sackin index -0.1658; 0.8 s; peak memory 1206 MiB.
2026-10-04T09:42:10Z INFO [618/750] 319d22c8-6c6e-41bb-9bf9-9c6773d2b2ad: Sackin index -0.0172; 1.5 s; peak memory 1206 MiB.
2026-10-04T09:42:14Z INFO [619/750] 319e37f0-005e-4115-a8bb-b2d802074f7b: Sackin index -0.0411; 3.8 s; peak memory 1206 MiB.
2026-10-04T09:42:15Z INFO [620/750] 319e4509-8346-40fa-ab6d-14caf6e1e095: Sackin index -0.1026; 1.1 s; peak memory 1206 MiB.
2026-10-04T09:42:16Z INFO [621/750] 319f5fe9-0a09-4cb2-9664-a91b556183b3: Sackin index -0.1349; 0.9 s; peak memory 1206 MiB.
2026-10-04T09:42:26Z INFO [622/750] 319fcb93-7308-47c9-913b-c9aa71b9ce4f: Sackin index -0.0182; 10.1 s; peak memory 1206 MiB.
2026-10-04T09:42:30Z INFO [623/750] 31a05e05-48b4-4889-a8b3-8dffcdc8ef89: Sackin index -0.0464; 3.7 s; peak memory 1206 MiB.
2026-10-04T09:42:31Z INFO [624/750] 31a0e735-9c54-4900-9788-973f0dc3079c: Sackin index -0.0881; 0.9 s; peak memory 1206 MiB.
2026-10-04T09:42:32Z INFO [625/750] 31a10efd-199f-44ca-a727-d166750e13c1: Sackin index -0.1349; 0.8 s; peak memory 1206 MiB.
2026-10-04T09:42:33Z INFO [626/750] 31a158d9-11b3-4d55-be8c-9b96e45b3ae3: Sackin index -0.0369; 1.1 s; peak memory 1206 MiB.
2026-10-04T09:42:35Z INFO [627/750] 31a268c1-9779-4419-a40e-d41b3394ddce: Sackin index -0.0704; 2.0 s; peak memory 1206 MiB.
2026-10-04T09:42:36Z INFO [628/750] 31a279d5-62f1-4341-bd9e-417ccfe66344: Sackin index -0.1429; 0.9 s; peak memory 1206 MiB.
2026-10-04T09:42:42Z INFO [629/750] 31a311c9-5556-477f-bf64-5546fac23d02: Sackin index -0.0179; 5.9 s; peak memory 1206 MiB.
2026-10-04T09:42:43Z INFO [630/750] 31a3581a-9bf3-4949-9081-d2ceaa7859d0: Sackin index -0.0696; 0.9 s; peak memory 1206 MiB.
2026-10-04T09:42:44Z INFO [631/750] 31a47078-2e75-4965-b019-65b4073f54ca: Sackin index -0.0728; 1.2 s; peak memory 1206 MiB.
2026-10-04T09:42:45Z INFO [632/750] 31a5ee02-ae06-4093-94f6-291be4434dda: Sackin index -0.0702; 1.1 s; peak memory 1206 MiB.
2026-10-04T09:42:46Z INFO [633/750] 31a76d1f-4f88-48e9-aa23-f488966653eb: Sackin index -0.0413; 1.2 s; peak memory 1206 MiB.
2026-10-04T09:42:47Z INFO [634/750] 31a7af84-3893-43b5-9cfc-5221e5ecea70: Sackin index -0.0728; 1.1 s; peak memory 1206 MiB.
2026-10-04T09:42:48Z INFO [635/750] 31a80af4-8e06-4e5d-87ee-927cbb7e3814: Sackin index -0.1248; 0.8 s; peak memory 1206 MiB.
2026-10-04T09:42:49Z INFO [636/750] 31a83ed7-0c00-4f35-84be-c81b897ca3f1: Sackin index -0.1370; 1.4 s; peak memory 1206 MiB.
2026-10-04T09:42:50Z INFO [637/750] 31a83ef8-d7a2-4a95-8662-3997ef58f5a2: Sackin index -0.1658; 0.6 s; peak memory 1206 MiB.
2026-10-04T09:42:52Z INFO [638/750] 31a861de-0d28-4486-8660-5ef95b4fe6a3: Sackin index -0.0699; 1.7 s; peak memory 1206 MiB.
2026-10-04T09:42:53Z INFO [639/750] 31a8ceb7-779e-49a2-bf96-1727850c5bcb: Sackin index -0.1273; 1.1 s; peak memory 1206 MiB.
2026-10-04T09:42:54Z INFO [640/750] 31a9abbe-0bd5-45b1-be71-e420ed56ed49: Sackin index -0.0369; 1.2 s; peak memory 1206 MiB.
2026-10-04T09:42:55Z INFO [641/750] 31a9c7aa-b90f-4579-add5-dd57b06979e4: Sackin index -0.1349; 0.8 s; peak memory 1206 MiB.
2026-10-04T09:42:56Z INFO [642/750] 31aade36-5feb-43eb-bade-49c5dbf1b2ac: Sackin index -0.0745; 0.9 s; peak memory 1206 MiB.
2026-10-04T09:42:57Z INFO [643/750] 31ac2596-8ab9-4df6-9184-ae65acf67f93: Sackin index -0.0702; 1.0 s; peak memory 1206 MiB.
2026-10-04T09:42:58Z INFO [644/750] 31acb18e-a2e8-4137-b11c-e1578e10e4e4: Sackin index -0.0343; 1.1 s; peak memory 1206 MiB.
2026-10-04T09:42:59Z INFO [645/750] 31ad3a9a-60b2-4528-bd7a-c6943a970c2b: Sackin index -0.0728; 1.4 s; peak memory 1206 MiB.
2026-10-04T09:43:00Z INFO [646/750] 31aebcfa-c6f4-4fa4-aae7-8fc6032b7963: Sackin index -0.1349; 0.8 s; peak memory 1206 MiB.
2026-10-04T09:43:01Z INFO [647/750] 31afa659-09ea-4c19-adab-392e3313b865: Sackin index -0.1349; 0.8 s; peak memory 1206 MiB.
2026-10-04T09:43:02Z INFO [648/750] 31afaf43-ca77-4510-a001-b030d30d1bac: Sackin index -0.1349; 0.8 s; peak memory 1206 MiB.
2026-10-04T09:43:06Z INFO [649/750] 31b017b6-955a-44fb-b181-41c63e16c9ec: Sackin index -0.0557; 4.1 s; peak memory 1206 MiB.
2026-10-04T09:43:06Z INFO [650/750] 31b0b9ed-8022-4db1-8ab5-b37e6ead749e: Sackin index -0.1575; 0.7 s; peak memory 1206 MiB.
2026-10-04T09:43:07Z INFO [650/750] 31b0b9ed-8022-4db1-8ab5-b37e6ead749e: checkpointed 70986 records.
2026-10-04T09:43:08Z INFO [651/750] 31b1917f-779e-4e55-8229-b1bd9b20411c: Sackin index -0.1383; 0.9 s; peak memory 1206 MiB.
2026-10-04T09:43:10Z INFO [652/750] 31b1921e-c53c-4ca6-9295-aa71cdb8779c: Sackin index -0.0869; 2.6 s; peak memory 1206 MiB.
2026-10-04T09:43:11Z INFO [653/750] 31b3adec-723c-476a-b81e-1b756d1c6d3b: Sackin index -0.0702; 0.9 s; peak memory 1206 MiB.
2026-10-04T09:43:12Z INFO [654/750] 31b3bb50-f035-486d-a483-a335dbedf965: Sackin index -0.1273; 1.1 s; peak memory 1206 MiB.
2026-10-04T09:43:13Z INFO [655/750] 31b44345-6c36-4a65-bd6f-b7c82668dc66: Sackin index -0.0696; 0.9 s; peak memory 1206 MiB.
2026-10-04T09:43:14Z INFO [656/750] 31b49fc8-28ea-4b16-8d0f-f3e7eebe1b5b: Sackin index -0.1349; 0.8 s; peak memory 1206 MiB.
2026-10-04T09:43:15Z INFO [657/750] 31b4aa12-dd81-47b4-86d5-e30675545e4c: Sackin index -0.0379; 1.1 s; peak memory 1206 MiB.
2026-10-04T09:43:16Z INFO [658/750] 31b4b314-e703-4f3e-9ed9-3f3a1ee90e22: Sackin index -0.1349; 0.8 s; peak memory 1206 MiB.
2026-10-04T09:43:17Z INFO [659/750] 31b60549-504f-485b-af9e-ad4f9b9c7dc7: Sackin index -0.0728; 1.1 s; peak memory 1206 MiB.
2026-10-04T09:43:18Z INFO [660/750] 31b655d2-d609-4883-a0ee-ee0b7f8f0e18: Sackin index -0.0702; 1.1 s; peak memory 1206 MiB.
2026-10-04T09:43:19Z INFO [661/750] 31b744a5-3176-4da1-8938-a2353cf81059: Sackin index -0.1033; 1.0 s; peak memory 1206 MiB.
2026-10-04T09:43:24Z INFO [662/750] 31b7f55f-80ef-4834-b557-6407c8eab904: Sackin index -0.0235; 5.0 s; peak memory 1206 MiB.
2026-10-04T09:43:25Z INFO [663/750] 31b84a2c-37bf-4bd1-a71c-a9240f254407: Sackin index -0.1248; 0.8 s; peak memory 1206 MiB.
2026-10-04T09:43:26Z INFO [664/750] 31b8f101-be71-41c7-b590-5b36eba6fcf2: Sackin index -0.0728; 1.2 s; peak memory 1206 MiB.
2026-10-04T09:43:27Z INFO [665/750] 31ba232d-7b9d-47ea-bf60-2db6f17f65a2: Sackin index -0.0745; 1.2 s; peak memory 1206 MiB.
2026-10-04T09:43:44Z INFO [666/750] 31bb5b5f-3ecc-4e73-bbda-091117d638b2: Sackin index -0.1367; 17.2 s; peak memory 1206 MiB.
2026-10-04T09:43:59Z INFO [667/750] 31bb60d2-6de4-41ea-a6f0-376a1ff945e7: Sackin index -0.0149; 14.8 s; peak memory 1206 MiB.
2026-10-04T09:44:00Z INFO [668/750] 31bbf2a5-60be-45a3-a8a5-27e548145151: Sackin index -0.0696; 0.8 s; peak memory 1206 MiB.
2026-10-04T09:44:01Z INFO [669/750] 31bc0b25-1b2d-497e-aad6-c88e8635975f: Sackin index -0.0681; 1.4 s; peak memory 1206 MiB.
2026-10-04T09:44:02Z INFO [670/750] 31bc1589-105b-40d7-9149-000b05d48f52: Sackin index -0.1658; 0.6 s; peak memory 1206 MiB.
2026-10-04T10:15:04Z INFO [671/750] 31bc1ceb-822d-4ba5-9729-0743fca2ad22: Sackin index -0.0096; 1862.3 s; peak memory 1246 MiB.
2026-10-04T10:15:05Z INFO [672/750] 31bc6b6b-31a5-4727-99f6-57caea57216a: Sackin index -0.0709; 1.0 s; peak memory 1246 MiB.
2026-10-04T10:15:07Z INFO [673/750] 31bc9559-59e1-4e69-a5f6-d2fb5333938f: Sackin index -0.0728; 1.2 s; peak memory 1246 MiB.
2026-10-04T10:15:08Z INFO [674/750] 31bccbbe-494f-455b-82ae-dd0bcf2626ed: Sackin index -0.1938; 1.7 s; peak memory 1246 MiB.
2026-10-04T10:15:09Z INFO [675/750] 31bcdcd1-18c2-4238-aee8-dbe613ea9412: Sackin index -0.0702; 1.0 s; peak memory 1246 MiB.
2026-10-04T10:15:11Z INFO [676/750] 31be05c7-3465-4bb0-8591-7c5bc3b66391: Sackin index -0.0842; 2.0 s; peak memory 1246 MiB.
2026-10-04T10:15:12Z INFO [677/750] 31beb2f2-2ff9-449d-b0e5-88a9d38c58a7: Sackin index -0.0696; 1.0 s; peak memory 1246 MiB.
2026-10-04T10:15:13Z INFO [678/750] 31bf72b3-6c80-4342-b7cd-3b1617ed3c9a: Sackin index -0.0375; 1.2 s; peak memory 1246 MiB.
2026-10-04T10:15:15Z INFO [679/750] 31c00c34-19aa-44cd-a851-8561311418d7: Sackin index -0.0728; 1.2 s; peak memory 1246 MiB.
2026-10-04T10:15:16Z INFO [680/750] 31c02da4-fde4-42dd-b796-eb2ae3518105: Sackin index -0.1117; 1.0 s; peak memory 1246 MiB.
2026-10-04T10:15:17Z INFO [681/750] 31c03e1c-3916-4e3d-b3fb-f42d410473f3: Sackin index -0.0702; 1.0 s; peak memory 1246 MiB.
2026-10-04T10:15:17Z INFO [682/750] 31c0541a-05a1-4f93-9e30-e2ade8860a5a: Sackin index -0.1938; 0.7 s; peak memory 1246 MiB.
2026-10-04T10:15:20Z INFO [683/750] 31c0d025-7f95-4fb7-9f3e-f196f6b1777c: Sackin index -0.0263; 2.2 s; peak memory 1246 MiB.
2026-10-04T10:15:20Z INFO [684/750] 31c1121a-7394-4d6d-9ff1-34da9381c01b: Sackin index -0.1000; 0.9 s; peak memory 1246 MiB.
2026-10-04T10:15:21Z INFO [685/750] 31c154cd-3ddf-43c6-b499-3e7fde4bc321: Sackin index -0.1349; 0.7 s; peak memory 1246 MiB.
2026-10-04T10:15:22Z INFO [686/750] 31c17cad-2aba-4711-8b2e-63646b4845f3: Sackin index -0.0746; 1.1 s; peak memory 1246 MiB.
2026-10-04T10:15:23Z INFO [687/750] 31c20166-747d-41b3-82a4-f9ddee1be43c: Sackin index -0.1704; 0.8 s; peak memory 1246 MiB.
2026-10-04T10:15:24Z INFO [688/750] 31c27b4f-f208-4ba2-a687-c3bcdf41a445: Sackin index -0.1082; 1.0 s; peak memory 1246 MiB.
2026-10-04T10:15:26Z INFO [689/750] 31c2a107-9b1e-4311-9ae1-165ef1e4da16: Sackin index -0.0172; 2.3 s; peak memory 1246 MiB.
2026-10-04T10:15:27Z INFO [690/750] 31c2b105-2467-4f86-a0c9-6d816d9f370e: Sackin index -0.1349; 0.9 s; peak memory 1246 MiB.
2026-10-04T10:15:45Z INFO [691/750] 31c32271-c10f-47a5-bd94-950dd3c6bed9: Sackin index -0.0032; 18.0 s; peak memory 1246 MiB.
2026-10-04T10:15:46Z INFO [692/750] 31c3b6cd-a9df-4446-b3ad-aa58ed332a92: Sackin index -0.1349; 0.9 s; peak memory 1246 MiB.
2026-10-04T10:15:47Z INFO [693/750] 31c40bc0-db0a-40c2-9857-0d23ffbcbe58: Sackin index -0.0728; 1.0 s; peak memory 1246 MiB.
2026-10-04T10:15:48Z INFO [694/750] 31c43d2f-120a-44f9-a836-9757a0e402f4: Sackin index -0.1602; 0.8 s; peak memory 1246 MiB.
2026-10-04T10:15:49Z INFO [695/750] 31c46997-06de-40b4-a7b8-54711ec2ef60: Sackin index -0.0745; 1.0 s; peak memory 1246 MiB.
2026-10-04T10:15:50Z INFO [696/750] 31c4a4e9-736a-42e8-adc0-59fcc14a74ac: Sackin index -0.0379; 0.8 s; peak memory 1246 MiB.
2026-10-04T10:15:51Z INFO [697/750] 31c53e10-8f3d-4535-8ff1-02881d4db192: Sackin index -0.1248; 1.0 s; peak memory 1246 MiB.
2026-10-04T10:15:58Z INFO [698/750] 31c5f708-5755-43dc-a983-1ad7bf0e0c56: Sackin index -0.1371; 7.1 s; peak memory 1246 MiB.
2026-10-04T10:16:00Z INFO [699/750] 31c60bef-c6de-4685-a06f-ad0ae6572cec: Sackin index -0.0761; 2.6 s; peak memory 1246 MiB.
2026-10-04T10:16:01Z INFO [700/750] 31c6b5d1-0238-425c-a8d6-7523483de27f: Sackin index -0.1658; 0.8 s; peak memory 1246 MiB.
2026-10-04T10:16:01Z INFO [700/750] 31c6b5d1-0238-425c-a8d6-7523483de27f: checkpointed 71036 records.
2026-10-04T10:16:02Z INFO [701/750] 31c8053a-6fef-4f34-94ca-59a09f7f3e6b: Sackin index -0.0376; 1.0 s; peak memory 1246 MiB.
2026-10-04T10:16:03Z INFO [702/750] 31c81981-b633-4f4b-823e-b9fd683c2984: Sackin index -0.1349; 0.8 s; peak memory 1246 MiB.
2026-10-04T10:16:04Z INFO [703/750] 31c8b8cf-0b37-4b23-b106-0d2d7033a874: Sackin index -0.1349; 0.8 s; peak memory 1246 MiB.
2026-10-04T10:16:05Z INFO [704/750] 31c96258-89ee-45e3-8653-01f432cc2b95: Sackin index -0.1349; 0.7 s; peak memory 1246 MiB.
2026-10-04T10:16:06Z INFO [705/750] 31c96a0b-4c27-46a7-80d0-3c613c8c48fb: Sackin index -0.0375; 1.1 s; peak memory 1246 MiB.
2026-10-04T10:16:08Z INFO [706/750] 31c9935f-885a-4587-9f90-ae428a07a9e1: Sackin index -0.0579; 1.8 s; peak memory 1246 MiB.
2026-10-04T10:16:08Z INFO [707/750] 31cac089-a44d-473c-9145-c25072d03d4f: Sackin index -0.1349; 0.8 s; peak memory 1246 MiB.
2026-10-04T10:16:09Z INFO [708/750] 31caddb3-d8a0-4239-b5ff-dd965d3ca098: Sackin index -0.1349; 0.8 s; peak memory 1246 MiB.
2026-10-04T10:16:10Z INFO [709/750] 31cafae4-2d83-47e3-b483-fb561c20d245: Sackin index -0.0702; 0.9 s; peak memory 1246 MiB.
2026-10-04T10:16:11Z INFO [710/750] 31cb2e78-95ee-4d69-9e56-a53d0c934f93: Sackin index -0.1658; 0.6 s; peak memory 1246 MiB.
2026-10-04T10:16:21Z INFO [711/750] 31cb3cb7-25dc-4cbc-8a35-9bf4b5ede990: Sackin index -0.1462; 10.1 s; peak memory 1246 MiB.
2026-10-04T10:16:22Z INFO [712/750] 31ccff59-af15-4556-93f3-9ef2deb2b429: Sackin index -0.0702; 0.8 s; peak memory 1246 MiB.
2026-10-04T10:16:22Z INFO [713/750] 31cdfceb-9dc9-4bf5-aade-5f34bbcae169: Sackin index -0.1349; 0.9 s; peak memory 1246 MiB.
2026-10-04T10:16:23Z INFO [714/750] 31cf9dde-4bf6-4fe8-aae4-3731ca8e9c67: Sackin index -0.2000; 0.6 s; peak memory 1246 MiB.
2026-10-04T10:17:00Z INFO [715/750] 31cf9f9f-12a9-4a50-aee4-427498d18a01: Sackin index -0.0777; 36.7 s; peak memory 1246 MiB.
2026-10-04T10:17:00Z INFO [716/750] 31d02a2d-b5ea-40f2-80f3-a6d1c7bc70cf: Sackin index -0.1239; 0.5 s; peak memory 1246 MiB.
2026-10-04T10:17:01Z INFO [717/750] 31d04351-55df-4976-8902-9e3ae4f9655a: Sackin index -0.1117; 0.9 s; peak memory 1246 MiB.
2026-10-04T10:17:02Z INFO [718/750] 31d100be-f137-4121-b143-62a7b450cf6b: Sackin index -0.2147; 0.6 s; peak memory 1246 MiB.
2026-10-04T10:17:02Z INFO [719/750] 31d13d3f-14fd-4126-a76e-61f43f22b764: Sackin index -0.1349; 0.7 s; peak memory 1246 MiB.
2026-10-04T10:17:03Z INFO [720/750] 31d15ac3-8c93-4f41-9e01-c802c59fda41: Sackin index -0.1349; 0.9 s; peak memory 1246 MiB.
2026-10-04T10:17:05Z INFO [721/750] 31d318ae-09f7-4ffd-b4b2-74a7e76c85e7: Sackin index -0.1243; 1.3 s; peak memory 1246 MiB.
2026-10-04T10:17:05Z INFO [722/750] 31d37a28-7948-4cbb-a410-a4d48863347c: Sackin index -0.1349; 0.9 s; peak memory 1246 MiB.
2026-10-04T10:17:06Z INFO [723/750] 31d4fe4d-1b13-43d1-b8f2-5fe9bcd919e5: Sackin index -0.1349; 0.7 s; peak memory 1246 MiB.
2026-10-04T10:17:08Z INFO [724/750] 31d6c6e7-9285-40fe-afd0-969c71de9733: Sackin index -0.0630; 2.0 s; peak memory 1246 MiB.
2026-10-04T10:17:09Z INFO [725/750] 31d75c8a-1d9d-43cb-8281-8e1cc9269abb: Sackin index -0.1254; 0.7 s; peak memory 1246 MiB.
2026-10-04T10:17:11Z INFO [726/750] 31d7f0b5-ed53-4d2f-b88b-e09af0c84b76: Sackin index -0.0693; 1.9 s; peak memory 1246 MiB.
2026-10-04T10:17:12Z INFO [727/750] 31d88335-f2a1-47bd-89f7-de20d0afb638: Sackin index -0.0709; 0.9 s; peak memory 1246 MiB.
2026-10-04T10:17:24Z INFO [728/750] 31d8e14d-682f-4ddd-b161-b1e63054eb4e: Sackin index -0.1462; 12.6 s; peak memory 1246 MiB.
2026-10-04T10:17:25Z INFO [729/750] 31d9530a-ed52-479b-9353-4c69a1b17813: Sackin index -0.1239; 0.6 s; peak memory 1246 MiB.
2026-10-04T10:17:41Z INFO [730/750] 31da44c4-df38-42d1-b77b-114baaa48f74: Sackin index -0.1367; 16.2 s; peak memory 1246 MiB.
2026-10-04T10:18:48Z INFO [731/750] 31db1b25-8d68-40d6-92d2-97e6f0a3a654: Sackin index -0.0008; 67.1 s; peak memory 1246 MiB.
2026-10-04T10:18:49Z INFO [732/750] 31dc3ba1-6b3b-4029-b782-04bd81475399: Sackin index -0.1349; 1.0 s; peak memory 1246 MiB.
2026-10-04T10:18:50Z INFO [733/750] 31dd5509-e5b2-45c6-9f74-1b0750edc811: Sackin index -0.1303; 0.6 s; peak memory 1246 MiB.
2026-10-04T10:18:51Z INFO [734/750] 31dd819a-2dc6-49da-bef8-3c4ce046fd15: Sackin index -0.0702; 1.0 s; peak memory 1246 MiB.
2026-10-04T10:18:51Z INFO [735/750] 31de23e1-6221-42b3-8980-d02d82b35e7a: Sackin index -0.1303; 0.7 s; peak memory 1246 MiB.
2026-10-04T10:19:03Z INFO [736/750] 31de3d59-a62b-44f0-8c06-b6bbbb8aedf5: Sackin index -0.1284; 11.4 s; peak memory 1246 MiB.
2026-10-04T10:19:03Z INFO [737/750] 31de6afc-e26e-42c5-936b-706b59ff6364: Sackin index -0.1658; 0.8 s; peak memory 1246 MiB.
2026-10-04T10:19:04Z INFO [738/750] 31df4697-1714-43c8-aee8-1126a91f6f50: Sackin index -0.1023; 0.9 s; peak memory 1246 MiB.
2026-10-04T10:19:05Z INFO [739/750] 31df4e62-1ab7-4024-9e13-b7f56fc0dde0: Sackin index -0.1349; 1.0 s; peak memory 1246 MiB.
2026-10-04T10:19:06Z INFO [740/750] 31df5253-d8ca-4b39-a30a-e1e91501dea8: Sackin index -0.0745; 1.1 s; peak memory 1246 MiB.
2026-10-04T10:19:10Z INFO [741/750] 31df9a73-d9c2-4ee7-9c39-e91ee622f118: Sackin index -0.0922; 3.1 s; peak memory 1246 MiB.
2026-10-04T10:19:10Z INFO [742/750] 31dffba2-04df-4b4f-91f4-ce9380081869: Sackin index -0.2229; 0.8 s; peak memory 1246 MiB.
2026-10-04T10:19:11Z INFO [743/750] 31e185e2-8207-4b33-9b16-280d34c7e1fb: Sackin index -0.1349; 0.8 s; peak memory 1246 MiB.
2026-10-04T10:19:13Z INFO [744/750] 31e1a2ad-e4fd-4abc-820b-87fe977fabe8: Sackin index -0.0674; 1.9 s; peak memory 1246 MiB.
2026-10-04T10:19:14Z INFO [745/750] 31e26f8b-099a-4969-b880-4562ec0744e0: Sackin index -0.1068; 0.9 s; peak memory 1246 MiB.
2026-10-04T10:19:15Z INFO [746/750] 31e274a0-407d-4797-8494-f08df0d2b29f: Sackin index -0.1349; 0.9 s; peak memory 1246 MiB.
2026-10-04T10:19:15Z INFO [747/750] 31e39469-5e6e-4c32-a898-f2c27189141b: Sackin index -0.1349; 0.7 s; peak memory 1246 MiB.
2026-10-04T10:19:19Z INFO [748/750] 31e39741-4248-432c-b8f1-d12272ade387: Sackin index -0.0392; 3.2 s; peak memory 1246 MiB.
2026-10-04T10:19:20Z INFO [749/750] 31e4f88e-7329-40d0-b0aa-98c43f25fcf9: Sackin index -0.0956; 0.9 s; peak memory 1246 MiB.
2026-10-04T10:19:21Z INFO [750/750] 31e57fb0-a40f-4ace-8d66-787ff3131de6: Sackin index -0.0375; 1.0 s; peak memory 1246 MiB.
2026-10-04T10:19:21Z INFO [750/750] 31e57fb0-a40f-4ace-8d66-787ff3131de6: checkpointed 71086 records.
2026-10-04T10:19:21Z INFO Wrote 71086 records to /tmp/derivatives/valid_nwb_file_to_sackin_index.jsonl (750 new, 0 failed) in 99.9 min (peak memory 1246 MiB).
