2026-09-21T19:05:19Z INFO Logging to /tmp/logs/update_2026-09-21T19-05-19Z.log.
2026-09-21T19:05:19Z INFO Update valid-nwb-file-to-sackin-index (base directory /tmp).
2026-09-21T19:05:19Z INFO Processing 356 items (52866 already recorded).
2026-09-21T19:05:20Z INFO [1/356] 0c83f718-2af5-4943-9ed6-4fa50b7ace14: Sackin index -0.1135; 1.2 s; peak memory 98 MiB.
2026-09-21T19:05:23Z INFO [2/356] 0c8427fa-1b57-4f71-8fb4-aa7cc45ceb01: Sackin index -0.0704; 2.4 s; peak memory 102 MiB.
2026-09-21T19:05:24Z INFO [3/356] 0c844f18-c189-4991-8439-e55942bd52be: Sackin index -0.0369; 1.5 s; peak memory 102 MiB.
2026-09-21T19:05:25Z INFO [4/356] 0c8459e6-4109-4d57-b5c3-64fba140fab7: Sackin index -0.2229; 1.2 s; peak memory 102 MiB.
2026-09-21T19:05:27Z INFO [5/356] 0c84cf1e-9c0f-444f-9bc1-347150dda800: Sackin index -0.0702; 1.2 s; peak memory 104 MiB.
2026-09-21T19:05:29Z INFO [6/356] 0c854ba5-09a2-4c5a-bc58-413036720859: Sackin index -0.0699; 2.6 s; peak memory 106 MiB.
2026-09-21T19:05:31Z INFO [7/356] 0c86349f-887a-424a-8ba5-7829815a85aa: Sackin index -0.1224; 1.9 s; peak memory 106 MiB.
2026-09-21T19:05:52Z INFO [8/356] 0c86755b-87f6-4518-9601-f4e329d59218: Sackin index -0.0155; 20.6 s; peak memory 156 MiB.
2026-09-21T19:05:54Z INFO [9/356] 0c86e473-9c4b-4fbf-9acd-58fc1348657a: Sackin index -0.0681; 2.1 s; peak memory 156 MiB.
2026-09-21T19:05:55Z INFO [10/356] 0c875f1f-5618-4f2d-afe0-a269189dc0bc: Sackin index -0.0379; 1.5 s; peak memory 156 MiB.
2026-09-21T19:05:56Z INFO [11/356] 0c882275-f543-4aea-93e9-9ab41b8200e0: Sackin index -0.0728; 1.1 s; peak memory 156 MiB.
2026-09-21T19:05:58Z INFO [12/356] 0c88fcf2-7a15-494f-9081-75dfab4547bb: Sackin index -0.0728; 1.3 s; peak memory 156 MiB.
2026-09-21T19:05:59Z INFO [13/356] 0c894799-e5a1-4add-8ab1-0a5bd3f8dc9a: Sackin index -0.1349; 0.9 s; peak memory 156 MiB.
2026-09-21T19:06:00Z INFO [14/356] 0c899809-a85b-432b-97b5-651525cc83c5: Sackin index -0.1349; 1.1 s; peak memory 157 MiB.
2026-09-21T19:06:01Z INFO [15/356] 0c8b097d-0e80-4d09-b1f6-cdd3f7f98684: Sackin index -0.0740; 1.3 s; peak memory 157 MiB.
2026-09-21T19:06:02Z INFO [16/356] 0c8b3d92-3091-4d3b-af1b-71d784e97e81: Sackin index -0.0722; 1.4 s; peak memory 157 MiB.
2026-09-21T19:06:08Z INFO [17/356] 0c8b486f-53ad-4ece-8bd1-074dcae05272: Sackin index -0.1562; 5.6 s; peak memory 157 MiB.
2026-09-21T19:06:09Z INFO [18/356] 0c8c083f-82c1-4b7c-8d4b-02bc2e7e679b: Sackin index -0.0728; 1.5 s; peak memory 157 MiB.
2026-09-21T19:06:11Z INFO [19/356] 0c8c78fe-9070-4675-bbae-9b08ad8756f4: Sackin index -0.0958; 2.0 s; peak memory 157 MiB.
2026-09-21T19:06:14Z INFO [20/356] 0c8e2699-c4b3-46c8-a389-c9e561a4eea1: Sackin index -0.1938; 2.3 s; peak memory 158 MiB.
2026-09-21T19:06:23Z INFO [21/356] 0c8e8251-4bf6-49c5-b51c-26afed14fffe: Sackin index -0.0187; 9.6 s; peak memory 159 MiB.
2026-09-21T19:06:36Z INFO [22/356] 0c8fb1d1-6217-4860-b7f2-49d94a6b09da: Sackin index -0.1892; 12.9 s; peak memory 159 MiB.
2026-09-21T19:06:37Z INFO [23/356] 0c90815c-0753-48be-b290-065652c7a860: Sackin index -0.0738; 1.3 s; peak memory 159 MiB.
2026-09-21T19:06:39Z INFO [24/356] 0c90c21e-d656-46b9-96df-ab2838e55e1c: Sackin index -0.0369; 1.5 s; peak memory 159 MiB.
2026-09-21T19:06:40Z INFO [25/356] 0c90c912-80b6-4272-ab77-db9197656c73: Sackin index -0.0696; 1.4 s; peak memory 159 MiB.
2026-09-21T19:07:27Z INFO [26/356] 0c90dc14-a18e-433b-9845-63a910891862: Sackin index -0.1144; 46.6 s; peak memory 212 MiB.
2026-09-21T19:07:28Z INFO [27/356] 0c915dcd-c880-4b64-b8f6-6c7300948dfa: Sackin index -0.1273; 1.5 s; peak memory 212 MiB.
2026-09-21T19:07:39Z INFO [28/356] 0c915e9d-d655-4a73-9473-3d297e169ac1: Sackin index -0.0119; 10.8 s; peak memory 212 MiB.
2026-09-21T19:07:42Z INFO [29/356] 0c918999-95d0-4466-94ba-2cfde8d6bc1b: Sackin index -0.0704; 2.5 s; peak memory 212 MiB.
2026-09-21T19:07:44Z INFO [30/356] 0c922276-7be6-41b7-9ebb-60681c97732b: Sackin index -0.0699; 2.5 s; peak memory 212 MiB.
2026-09-21T19:07:49Z INFO [31/356] 0c92a3c7-b974-4012-ad31-9f136539c177: Sackin index -0.0234; 5.0 s; peak memory 212 MiB.
2026-09-21T19:08:04Z INFO [32/356] 0c934369-5ad3-47e9-b15f-e865eceb9da1: Sackin index -0.0137; 14.4 s; peak memory 212 MiB.
2026-09-21T19:08:09Z INFO [33/356] 0c93681a-bcac-4fbe-becd-1b61a83b21cc: Sackin index -0.0211; 5.4 s; peak memory 212 MiB.
2026-09-21T19:08:10Z INFO [34/356] 0c93a211-ec70-42ce-96da-644f683e409f: Sackin index -0.0380; 1.3 s; peak memory 212 MiB.
2026-09-21T19:08:11Z INFO [35/356] 0c93bfab-18df-43e7-868c-fb942541d398: Sackin index -0.1349; 1.1 s; peak memory 212 MiB.
2026-09-21T19:08:12Z INFO [36/356] 0c93ddab-09c4-45b9-8921-a3658e1ea5f3: Sackin index -0.1461; 0.9 s; peak memory 212 MiB.
2026-09-21T19:08:14Z INFO [37/356] 0c94bc20-9d80-43cf-b394-f1925c7deaa7: Sackin index -0.0702; 1.4 s; peak memory 212 MiB.
2026-09-21T19:08:14Z INFO [38/356] 0c94ee17-4b89-4b7c-90c0-7bd88c2c6af5: Sackin index -0.1448; 0.8 s; peak memory 212 MiB.
2026-09-21T19:08:15Z INFO [39/356] 0c96447d-5597-4880-ad2f-1d7b31485290: Sackin index -0.1349; 1.0 s; peak memory 212 MiB.
2026-09-21T19:08:17Z INFO [40/356] 0c9665b6-4d4f-4741-b058-0553b11ddfb1: Sackin index -0.0728; 1.6 s; peak memory 212 MiB.
2026-09-21T19:08:18Z INFO [41/356] 0c96bf7d-c763-4601-bc5d-01c4b3ef101a: Sackin index -0.1484; 0.8 s; peak memory 212 MiB.
2026-09-21T19:08:19Z INFO [42/356] 0c96ea05-15c3-4387-b5d9-735c04689f40: Sackin index -0.0702; 1.1 s; peak memory 212 MiB.
2026-09-21T19:08:20Z INFO [43/356] 0c975e47-fdf6-4ae6-8011-59f1445a8cca: Sackin index -0.1208; 0.7 s; peak memory 212 MiB.
2026-09-21T19:08:21Z INFO [44/356] 0c97d371-ec3f-4a9c-a433-c2fd88ad6068: Sackin index -0.1349; 1.0 s; peak memory 212 MiB.
2026-09-21T19:08:21Z INFO [45/356] 0c992412-8d38-413e-981a-bb7daf8ea8e4: Sackin index -0.2147; 0.7 s; peak memory 212 MiB.
2026-09-21T19:09:11Z INFO [46/356] 0c99a0b4-003a-4b91-ac0a-bda9d63d6e92: Sackin index -0.0269; 49.4 s; peak memory 212 MiB.
2026-09-21T19:09:12Z INFO [47/356] 0c99acec-19ba-4394-83b8-0b913038d95d: Sackin index -0.0715; 1.2 s; peak memory 212 MiB.
2026-09-21T19:09:14Z INFO [48/356] 0c9a0559-758d-4705-b2d9-831caf3e22c2: Sackin index -0.0676; 2.3 s; peak memory 212 MiB.
2026-09-21T19:09:15Z INFO [49/356] 0c9b3800-ac4e-4341-addb-7a92573a2b21: Sackin index -0.1658; 0.8 s; peak memory 212 MiB.
2026-09-21T19:09:17Z INFO [50/356] 0c9b9e53-44d5-4a91-98ac-91d648b0163c: Sackin index -0.0375; 1.7 s; peak memory 212 MiB.
2026-09-21T19:09:17Z INFO [50/356] 0c9b9e53-44d5-4a91-98ac-91d648b0163c: checkpointed 52916 records.
2026-09-21T19:09:19Z INFO [51/356] 0c9c8dde-fa17-4a78-8cda-c1b7df8779de: Sackin index -0.0398; 2.0 s; peak memory 212 MiB.
2026-09-21T19:09:20Z INFO [52/356] 0c9d001e-c43d-45c7-b6fe-d1af429a52a4: Sackin index -0.0369; 1.6 s; peak memory 212 MiB.
2026-09-21T19:09:22Z INFO [53/356] 0c9d1ef4-f138-43f9-abc7-494438ecc23d: Sackin index -0.1248; 1.2 s; peak memory 212 MiB.
2026-09-21T19:09:23Z INFO [54/356] 0c9d9838-b9c7-46f0-8575-130e736964a0: Sackin index -0.1349; 1.0 s; peak memory 212 MiB.
2026-09-21T19:09:24Z INFO [55/356] 0c9e5114-b5e3-4a99-ba2d-5c3aba49be2e: Sackin index -0.0745; 1.3 s; peak memory 212 MiB.
2026-09-21T19:09:25Z INFO [56/356] 0c9e8607-8d70-46da-aa33-116ed04e5af7: Sackin index -0.1349; 0.9 s; peak memory 212 MiB.
2026-09-21T19:09:26Z INFO [57/356] 0c9ed46f-7820-4c98-bc18-249a1bc5651b: Sackin index -0.2458; 0.8 s; peak memory 212 MiB.
2026-09-21T19:09:27Z INFO [58/356] 0c9efdd2-12a5-4500-8a9d-a8365efac770: Sackin index -0.0745; 1.3 s; peak memory 212 MiB.
2026-09-21T19:09:28Z INFO [59/356] 0c9f1c15-311d-411d-8f2b-bb1bb79941b3: Sackin index -0.1361; 0.9 s; peak memory 212 MiB.
2026-09-21T19:09:29Z INFO [60/356] 0c9f1e96-ed7b-44a5-b2a3-7a1f2977bd5d: Sackin index -0.1082; 1.2 s; peak memory 212 MiB.
2026-09-21T19:09:30Z INFO [61/356] 0ca13239-b128-459e-887c-cfb6a615a7f8: Sackin index -0.1349; 1.1 s; peak memory 212 MiB.
2026-09-21T19:09:31Z INFO [62/356] 0ca1af61-a340-470b-af55-f682ab89c4f9: Sackin index -0.0707; 1.0 s; peak memory 212 MiB.
2026-09-21T19:09:33Z INFO [63/356] 0ca2789d-d620-4874-afaa-ea7928aafe8c: Sackin index -0.1938; 1.6 s; peak memory 212 MiB.
2026-09-21T19:09:46Z INFO [64/356] 0ca2aae7-becb-4500-9745-bcfbba902c5e: Sackin index -0.0142; 12.7 s; peak memory 212 MiB.
2026-09-21T19:09:46Z INFO [65/356] 0ca30142-13c5-4aa0-8588-7212ff6ba0a4: Sackin index -0.1448; 0.9 s; peak memory 212 MiB.
2026-09-21T19:09:52Z INFO [66/356] 0ca44c75-0ffa-4795-a239-5faf26c3276c: Sackin index -0.0476; 5.2 s; peak memory 212 MiB.
2026-09-21T19:09:53Z INFO [67/356] 0ca478d2-3906-4172-8c06-d7691e51a7ee: Sackin index -0.0275; 1.7 s; peak memory 212 MiB.
2026-09-21T19:10:10Z INFO [68/356] 0ca489dc-8c49-4444-a3ca-5298b181c683: Sackin index -0.0145; 16.5 s; peak memory 212 MiB.
2026-09-21T19:10:11Z INFO [69/356] 0ca583e0-5190-4d42-b56b-79a77480d764: Sackin index -0.2147; 0.7 s; peak memory 212 MiB.
2026-09-21T19:10:11Z INFO [70/356] 0ca5d8b2-d4cb-4372-81be-b3976818ef64: Sackin index -0.1658; 0.8 s; peak memory 212 MiB.
2026-09-21T19:10:12Z INFO [71/356] 0ca66fab-77c9-434c-bcbb-088dc4618c90: Sackin index -0.1349; 0.9 s; peak memory 212 MiB.
2026-09-21T19:10:13Z INFO [72/356] 0ca6803e-c0a6-49f8-b5fc-a1820abce9e5: Sackin index -0.1349; 1.1 s; peak memory 212 MiB.
2026-09-21T19:10:14Z INFO [73/356] 0ca6a9b7-e2da-4fbb-ac9f-82e7df213443: Sackin index -0.1349; 1.1 s; peak memory 212 MiB.
2026-09-21T19:10:16Z INFO [74/356] 0ca6af8a-dcaf-4580-9127-0b712b8a88df: Sackin index -0.0702; 1.3 s; peak memory 212 MiB.
2026-09-21T19:10:20Z INFO [75/356] 0ca7df4c-e21f-4188-b3bc-b2e2e8cb3115: Sackin index -0.0284; 4.2 s; peak memory 212 MiB.
2026-09-21T19:10:22Z INFO [76/356] 0ca7f883-3a3f-4087-8d0c-029c8e98ee37: Sackin index -0.0728; 1.6 s; peak memory 212 MiB.
2026-09-21T19:10:23Z INFO [77/356] 0ca913fd-c6ca-4142-9eb9-82537e4f7303: Sackin index -0.0376; 1.2 s; peak memory 212 MiB.
2026-09-21T19:10:24Z INFO [78/356] 0caaa06c-58fa-47ee-810e-65e09c85ab2c: Sackin index -0.1658; 0.8 s; peak memory 212 MiB.
2026-09-21T19:10:25Z INFO [79/356] 0caae806-5d7e-4b81-873c-dc23cd2381e9: Sackin index -0.1349; 0.9 s; peak memory 212 MiB.
2026-09-21T19:10:26Z INFO [80/356] 0caaedce-7696-4563-815d-7ba5b0a35c95: Sackin index -0.1349; 1.0 s; peak memory 212 MiB.
2026-09-21T19:10:34Z INFO [81/356] 0cab1578-d520-433a-9dac-acee68dfb0d9: Sackin index -0.0168; 8.4 s; peak memory 212 MiB.
2026-09-21T19:10:35Z INFO [82/356] 0cab82fe-9bf6-4b97-b7f7-e35fa3ef5b87: Sackin index -0.1272; 0.7 s; peak memory 212 MiB.
2026-09-21T19:10:36Z INFO [83/356] 0cac9995-0d51-4763-a046-6303bb40dd44: Sackin index -0.0702; 1.3 s; peak memory 212 MiB.
2026-09-21T19:10:38Z INFO [84/356] 0cad0f68-5304-48c7-a7f6-b0adaf66e41a: Sackin index -0.0694; 2.3 s; peak memory 212 MiB.
2026-09-21T19:10:40Z INFO [85/356] 0cade163-c2e0-4ca1-88f9-a802b803a264: Sackin index -0.0702; 1.3 s; peak memory 212 MiB.
2026-09-21T19:10:41Z INFO [86/356] 0cae0a41-48a4-4b84-8d3e-2d6aa23b8e87: Sackin index -0.0745; 1.1 s; peak memory 212 MiB.
2026-09-21T19:10:43Z INFO [87/356] 0cae139a-b658-4048-9c44-98ea5240dab7: Sackin index -0.0842; 2.4 s; peak memory 212 MiB.
2026-09-21T19:10:44Z INFO [88/356] 0caf61c8-aee5-4c1d-a648-e5354ca63bac: Sackin index -0.0696; 1.2 s; peak memory 212 MiB.
2026-09-21T19:10:45Z INFO [89/356] 0caf94e2-05da-496d-b092-5a1d5dd00ab7: Sackin index -0.0656; 1.1 s; peak memory 212 MiB.
2026-09-21T19:10:47Z INFO [90/356] 0cafd369-2eef-4504-b25c-0471ffc114c9: Sackin index -0.1117; 1.3 s; peak memory 212 MiB.
2026-09-21T19:10:49Z INFO [91/356] 0cafe0d3-4359-4090-b642-b20aaac01c94: Sackin index -0.0681; 2.4 s; peak memory 212 MiB.
2026-09-21T19:10:50Z INFO [92/356] 0cb0ce39-d72b-4704-9f88-bc66a5c7c731: Sackin index -0.1349; 1.0 s; peak memory 212 MiB.
2026-09-21T19:10:52Z INFO [93/356] 0cb1add9-a132-41d2-b51a-994a6d21ff8c: Sackin index -0.0369; 1.9 s; peak memory 212 MiB.
2026-09-21T19:10:53Z INFO [94/356] 0cb296af-b97f-457b-a243-a267148fd4ea: Sackin index -0.1349; 1.0 s; peak memory 212 MiB.
2026-09-21T19:10:54Z INFO [95/356] 0cb3f9b5-0c65-4228-b6b3-cfc3fdbb4a4b: Sackin index -0.1349; 1.0 s; peak memory 212 MiB.
2026-09-21T19:10:55Z INFO [96/356] 0cb48758-35c9-4f76-b675-40c9580f7d64: Sackin index -0.0379; 1.5 s; peak memory 212 MiB.
2026-09-21T19:10:57Z INFO [97/356] 0cb50ad4-a246-4121-8dac-9cc1160b4023: Sackin index -0.1349; 1.0 s; peak memory 212 MiB.
2026-09-21T19:10:57Z INFO [98/356] 0cb6018c-007a-40dd-b5de-fd0117ac3299: Sackin index -0.1349; 0.9 s; peak memory 212 MiB.
2026-09-21T19:10:59Z INFO [99/356] 0cb61ed4-f561-4f93-b14c-432de49e6619: Sackin index -0.0824; 1.9 s; peak memory 212 MiB.
2026-09-21T19:11:00Z INFO [100/356] 0cb78b9e-5a60-4a42-856a-c1470d38ea91: Sackin index -0.0390; 1.1 s; peak memory 212 MiB.
2026-09-21T19:11:01Z INFO [100/356] 0cb78b9e-5a60-4a42-856a-c1470d38ea91: checkpointed 52966 records.
2026-09-21T19:11:02Z INFO [101/356] 0cb7ccaf-7c74-414b-ae72-4e1d8f9e04c1: Sackin index -0.0944; 1.8 s; peak memory 212 MiB.
2026-09-21T19:11:04Z INFO [102/356] 0cb9539b-06dc-4fa1-99b6-5335e8cbf0cf: Sackin index -0.0702; 1.3 s; peak memory 212 MiB.
2026-09-21T19:11:05Z INFO [103/356] 0cb99df3-ef1d-43a4-87f8-e75ce0b815ae: Sackin index -0.0375; 1.6 s; peak memory 212 MiB.
2026-09-21T19:11:06Z INFO [104/356] 0cb9c43a-6610-4101-9bcb-a221055dd28e: Sackin index -0.2147; 0.8 s; peak memory 212 MiB.
2026-09-21T19:11:08Z INFO [105/356] 0cba574d-cd88-46e7-aa14-08adf4e88878: Sackin index -0.0728; 1.6 s; peak memory 212 MiB.
2026-09-21T19:11:09Z INFO [106/356] 0cba6224-5ca0-4e75-940a-6a3fc72d3f5c: Sackin index -0.0728; 1.6 s; peak memory 212 MiB.
2026-09-21T19:11:11Z INFO [107/356] 0cbae780-a8b5-4caf-afa0-460218e004ba: Sackin index -0.0275; 1.8 s; peak memory 212 MiB.
2026-09-21T19:11:30Z INFO [108/356] 0cbb05ef-ac17-47d0-bd80-43e32d51800c: Sackin index -0.1367; 18.9 s; peak memory 212 MiB.
2026-09-21T19:11:44Z INFO [109/356] 0cbb3125-fc72-4a6a-999f-73818b3d07e7: Sackin index -0.1938; 14.4 s; peak memory 212 MiB.
2026-09-21T19:11:46Z INFO [110/356] 0cbb777a-a217-4422-8ce6-e97b1743e300: Sackin index -0.1142; 1.4 s; peak memory 212 MiB.
2026-09-21T19:11:47Z INFO [111/356] 0cbbd328-4a05-41c6-a388-23bee34ae855: Sackin index -0.1716; 1.0 s; peak memory 212 MiB.
2026-09-21T19:11:48Z INFO [112/356] 0cbcc93b-6413-42a4-9ff2-192db81e59a9: Sackin index -0.0696; 1.1 s; peak memory 212 MiB.
2026-09-21T19:11:50Z INFO [113/356] 0cbd268d-e2ff-4919-ab28-aafde7e83f56: Sackin index -0.0276; 1.7 s; peak memory 212 MiB.
2026-09-21T19:11:51Z INFO [114/356] 0cbdeb16-eafa-4fdf-9dda-3bd5892a04ba: Sackin index -0.0702; 1.4 s; peak memory 212 MiB.
2026-09-21T19:11:53Z INFO [115/356] 0cbe9f74-495d-46a9-b6dd-afe7e8a46450: Sackin index -0.1938; 2.1 s; peak memory 212 MiB.
2026-09-21T19:11:55Z INFO [116/356] 0cbefd5a-2284-4167-b2cd-bfd7aa5066a7: Sackin index -0.0728; 1.4 s; peak memory 212 MiB.
2026-09-21T19:11:56Z INFO [117/356] 0cbf0247-8612-47d2-b9e1-ab0d7b03361e: Sackin index -0.0702; 1.0 s; peak memory 212 MiB.
2026-09-21T19:11:57Z INFO [118/356] 0cbf33c8-0d31-4587-aa4d-6adc96eefc82: Sackin index -0.1658; 1.0 s; peak memory 212 MiB.
2026-09-21T19:11:59Z INFO [119/356] 0cbfe541-294f-42e4-b142-b41b61d90ed8: Sackin index -0.0369; 1.9 s; peak memory 212 MiB.
2026-09-21T19:12:02Z INFO [120/356] 0cc0b6b8-856b-4f8b-aa67-71f7f3e3a109: Sackin index -0.0599; 3.1 s; peak memory 212 MiB.
2026-09-21T19:12:03Z INFO [121/356] 0cc0bc15-41f5-4fcf-aa44-ed1330bed371: Sackin index -0.0881; 1.1 s; peak memory 212 MiB.
2026-09-21T19:12:04Z INFO [122/356] 0cc1beb6-692b-499a-83c7-906fccfbbfe1: Sackin index -0.0709; 1.2 s; peak memory 212 MiB.
2026-09-21T19:12:05Z INFO [123/356] 0cc203e6-6a52-4adf-9169-437802d79c52: Sackin index -0.0702; 1.3 s; peak memory 212 MiB.
2026-09-21T19:12:07Z INFO [124/356] 0cc2fd16-bfe7-4050-8a6c-77ca8a1590e3: Sackin index -0.0379; 1.3 s; peak memory 212 MiB.
2026-09-21T19:12:08Z INFO [125/356] 0cc395a0-3461-41ee-877e-8450c51b2ba1: Sackin index -0.1000; 1.1 s; peak memory 212 MiB.
2026-09-21T19:12:09Z INFO [126/356] 0cc3b4c0-2cd8-4a0b-a4fe-61f11e97a7ba: Sackin index -0.1383; 1.3 s; peak memory 212 MiB.
2026-09-21T19:12:10Z INFO [127/356] 0cc3be3a-bdbb-44e4-b407-50732a634a4f: Sackin index -0.0696; 1.3 s; peak memory 212 MiB.
2026-09-21T19:12:12Z INFO [128/356] 0cc46824-e998-453f-8cba-02864eab0cf0: Sackin index -0.0756; 1.7 s; peak memory 212 MiB.
2026-09-21T19:19:48Z INFO [129/356] 0cc5c820-2972-4c4e-89d7-8cd7ce5ad162: Sackin index -0.0691; 455.7 s; peak memory 1122 MiB.
2026-09-21T19:19:57Z INFO [130/356] 0cc63ef1-296d-41d0-8edf-a2e051d4c83c: Sackin index -0.0159; 9.3 s; peak memory 1122 MiB.
2026-09-21T19:20:09Z INFO [131/356] 0cc6bc1e-15bb-4aad-9b15-54aa58e4ad06: Sackin index -0.1892; 11.9 s; peak memory 1122 MiB.
2026-09-21T19:20:10Z INFO [132/356] 0cc6c406-fd42-4177-ab33-42b5d39a5c7a: Sackin index -0.2147; 0.9 s; peak memory 1122 MiB.
2026-09-21T19:20:11Z INFO [133/356] 0cc8a28c-60cb-41dc-8403-0849bb3b6db7: Sackin index -0.0745; 1.6 s; peak memory 1122 MiB.
2026-09-21T19:20:13Z INFO [134/356] 0cc9db5e-e6fb-4cb9-8b8d-d8c28720f148: Sackin index -0.1349; 1.1 s; peak memory 1122 MiB.
2026-09-21T19:20:14Z INFO [135/356] 0cca56eb-69cc-40e5-ae3c-11b6007516f7: Sackin index -0.1349; 1.1 s; peak memory 1122 MiB.
2026-09-21T19:20:35Z INFO [136/356] 0ccae657-a46d-4148-9d86-de67833e1ef3: Sackin index -0.1367; 21.0 s; peak memory 1122 MiB.
2026-09-21T19:20:36Z INFO [137/356] 0ccb5a58-6abd-4681-b37b-f338b5a99279: Sackin index -0.1938; 1.1 s; peak memory 1122 MiB.
2026-09-21T19:20:37Z INFO [138/356] 0ccd16e3-ef1a-4015-804a-0db8ff95f1ef: Sackin index -0.0709; 1.0 s; peak memory 1122 MiB.
2026-09-21T19:20:38Z INFO [139/356] 0ccd3b5c-5f4a-4a10-970c-d4bd90c6e846: Sackin index -0.0709; 1.1 s; peak memory 1122 MiB.
2026-09-21T19:20:39Z INFO [140/356] 0ccd9b2e-9aa3-46d5-8f99-aa5ce0bda872: Sackin index -0.0702; 1.1 s; peak memory 1122 MiB.
2026-09-21T19:20:40Z INFO [141/356] 0ccdfb58-7a56-4c9b-a45b-e222b9f0777f: Sackin index -0.0745; 1.5 s; peak memory 1122 MiB.
2026-09-21T19:20:42Z INFO [142/356] 0ccdfc04-0040-412f-bd16-f7bb478b4f56: Sackin index -0.0728; 1.4 s; peak memory 1122 MiB.
2026-09-21T19:20:43Z INFO [143/356] 0cce0da8-a454-4ff7-8670-01104465a18f: Sackin index -0.2229; 1.1 s; peak memory 1122 MiB.
2026-09-21T19:20:44Z INFO [144/356] 0cce202c-411a-413d-bd5c-e4b4d4b4839d: Sackin index -0.1349; 0.9 s; peak memory 1122 MiB.
2026-09-21T19:20:45Z INFO [145/356] 0cce4594-6f28-4b71-853b-761bf761b198: Sackin index -0.1658; 0.8 s; peak memory 1122 MiB.
2026-09-21T19:20:49Z INFO [146/356] 0ccfeb40-4d35-4283-9f37-d80020df3176: Sackin index -0.0403; 4.4 s; peak memory 1122 MiB.
2026-09-21T19:20:50Z INFO [147/356] 0cd0935b-eb4a-4056-b772-8e7be884e767: Sackin index -0.1349; 1.0 s; peak memory 1122 MiB.
2026-09-21T19:20:52Z INFO [148/356] 0cd0c344-306e-4238-8896-fcad7a40bd63: Sackin index -0.0379; 1.5 s; peak memory 1122 MiB.
2026-09-21T19:20:52Z INFO [149/356] 0cd137a3-ca08-4267-81aa-96b3236acf3d: Sackin index -0.1349; 0.9 s; peak memory 1122 MiB.
2026-09-21T19:20:53Z INFO [150/356] 0cd14c4d-260f-4399-b6b5-d8101522d075: Sackin index -0.1349; 1.0 s; peak memory 1122 MiB.
2026-09-21T19:20:54Z INFO [150/356] 0cd14c4d-260f-4399-b6b5-d8101522d075: checkpointed 53016 records.
2026-09-21T19:20:59Z INFO [151/356] 0cd16cc3-ac83-461b-a110-2655c05fcbae: Sackin index -0.0420; 5.8 s; peak memory 1122 MiB.
2026-09-21T19:21:01Z INFO [152/356] 0cd1f00c-1924-4118-91cc-d956d9da5f16: Sackin index -0.0709; 1.2 s; peak memory 1122 MiB.
2026-09-21T19:21:02Z INFO [153/356] 0cd21d3e-1591-49e2-807c-a79b370307a9: Sackin index -0.1349; 0.9 s; peak memory 1122 MiB.
2026-09-21T19:21:03Z INFO [154/356] 0cd3c0b7-befa-4a16-b24e-86adf64299f2: Sackin index -0.0745; 1.5 s; peak memory 1122 MiB.
2026-09-21T19:21:04Z INFO [155/356] 0cd5c7aa-37e4-4d41-a510-5b1c7cc8fabc: Sackin index -0.0702; 1.4 s; peak memory 1122 MiB.
2026-09-21T19:21:06Z INFO [156/356] 0cd5e642-4064-4829-a62c-afeb4a4be98e: Sackin index -0.0728; 1.5 s; peak memory 1122 MiB.
2026-09-21T19:21:07Z INFO [157/356] 0cd7d428-1b53-483f-b066-3439c2585bd9: Sackin index -0.1349; 0.9 s; peak memory 1122 MiB.
2026-09-21T19:21:08Z INFO [158/356] 0cd8d370-a436-47b5-9e50-4b518c1a234d: Sackin index -0.0702; 1.4 s; peak memory 1122 MiB.
2026-09-21T19:21:20Z INFO [159/356] 0cd9dcc9-0508-4bfe-a217-7e0946f17926: Sackin index -0.0368; 11.3 s; peak memory 1122 MiB.
2026-09-21T19:21:21Z INFO [160/356] 0cda32c1-f8bd-43a5-8343-91acaf903acc: Sackin index -0.0728; 1.6 s; peak memory 1122 MiB.
2026-09-21T19:21:28Z INFO [161/356] 0cdb59f5-5c0f-4cb8-a2b9-85029f87379a: Sackin index -0.0251; 6.7 s; peak memory 1122 MiB.
2026-09-21T19:21:29Z INFO [162/356] 0cdb73c9-3b3b-4654-b34c-1217879b0484: Sackin index -0.1349; 1.0 s; peak memory 1122 MiB.
2026-09-21T19:21:30Z INFO [163/356] 0cdbcd84-424e-4a1b-88a3-8ab4daffdf46: Sackin index -0.1349; 0.9 s; peak memory 1122 MiB.
2026-09-21T19:21:31Z INFO [164/356] 0cdc095b-03bc-4cf4-9a4c-a1cec815b236: Sackin index -0.1349; 1.1 s; peak memory 1122 MiB.
2026-09-21T19:21:32Z INFO [165/356] 0cdc1bd3-fdc9-4e45-ae5e-c89b9d1d5bae: Sackin index -0.2168; 0.8 s; peak memory 1122 MiB.
2026-09-21T19:21:33Z INFO [166/356] 0cdcb4a2-8039-4e15-84b4-ef80b03d3e22: Sackin index -0.1658; 0.8 s; peak memory 1122 MiB.
2026-09-21T19:21:34Z INFO [167/356] 0cdccbd7-7593-413c-a011-abfa7c5ea3f2: Sackin index -0.1191; 0.9 s; peak memory 1122 MiB.
2026-09-21T19:21:35Z INFO [168/356] 0cdcdff2-c8cc-495b-a8f0-00245357af75: Sackin index -0.0702; 1.3 s; peak memory 1122 MiB.
2026-09-21T19:21:36Z INFO [169/356] 0cdd32e2-b4fa-4dc9-842e-cf9a8111d4e0: Sackin index -0.1298; 0.8 s; peak memory 1122 MiB.
2026-09-21T19:21:37Z INFO [170/356] 0cdd4f0c-21a9-45d0-92bd-f07d11f5eff4: Sackin index -0.1051; 1.0 s; peak memory 1122 MiB.
2026-09-21T19:21:38Z INFO [171/356] 0cde1b68-3468-4d1e-b975-ac36a7276dfd: Sackin index -0.0376; 1.1 s; peak memory 1122 MiB.
2026-09-21T19:21:39Z INFO [172/356] 0cde5686-7487-4305-8996-143677f9e7a2: Sackin index -0.0728; 1.5 s; peak memory 1122 MiB.
2026-09-21T19:21:43Z INFO [173/356] 0cde5a57-630b-4183-8b50-cb343297b31e: Sackin index -0.0416; 3.8 s; peak memory 1122 MiB.
2026-09-21T19:21:52Z INFO [174/356] 0cde7fa1-b263-4a7f-ab24-3288ae848530: Sackin index -0.0188; 8.7 s; peak memory 1122 MiB.
2026-09-21T19:21:57Z INFO [175/356] 0cdf512b-701e-4634-95c3-839dc63e016e: Sackin index -0.0274; 5.4 s; peak memory 1122 MiB.
2026-09-21T19:21:58Z INFO [176/356] 0cdfa2d8-95e5-40e2-b968-30778e40f638: Sackin index -0.1349; 0.9 s; peak memory 1122 MiB.
2026-09-21T19:21:59Z INFO [177/356] 0cdfa478-8c0e-4795-bffe-d8cdd063db06: Sackin index -0.1658; 0.7 s; peak memory 1122 MiB.
2026-09-21T19:22:00Z INFO [178/356] 0ce0b532-5749-48d3-b7d5-e4325d5b6c88: Sackin index -0.0728; 1.6 s; peak memory 1122 MiB.
2026-09-21T19:22:01Z INFO [179/356] 0ce1bec7-82e2-4f20-98a2-35ddfeee454f: Sackin index -0.1178; 0.9 s; peak memory 1122 MiB.
2026-09-21T19:22:02Z INFO [180/356] 0ce24ea7-ad86-4605-a35a-1aff5cde1971: Sackin index -0.1349; 1.0 s; peak memory 1122 MiB.
2026-09-21T19:22:04Z INFO [181/356] 0ce29560-7c54-4abb-8e2f-2b441b741328: Sackin index -0.0696; 1.3 s; peak memory 1122 MiB.
2026-09-21T19:22:05Z INFO [182/356] 0ce2a022-d735-4fba-ad75-caa662b48ef0: Sackin index -0.0746; 1.4 s; peak memory 1122 MiB.
2026-09-21T19:22:06Z INFO [183/356] 0ce2f52a-d0de-4253-be7f-af66ffabffd3: Sackin index -0.0956; 1.0 s; peak memory 1122 MiB.
2026-09-21T19:22:07Z INFO [184/356] 0ce34447-0446-481b-b865-008b6869965c: Sackin index -0.0375; 1.3 s; peak memory 1122 MiB.
2026-09-21T19:22:08Z INFO [185/356] 0ce5860a-5329-4afa-8624-97ec476d89ec: Sackin index -0.1349; 1.0 s; peak memory 1122 MiB.
2026-09-21T19:22:09Z INFO [186/356] 0ce597f5-730c-4425-a9d7-1ff34375f570: Sackin index -0.1331; 1.0 s; peak memory 1122 MiB.
2026-09-21T19:22:10Z INFO [187/356] 0ce5bdc7-0df2-4c2d-87f0-fc237b580a10: Sackin index -0.1349; 1.1 s; peak memory 1122 MiB.
2026-09-21T19:22:13Z INFO [188/356] 0ce6487c-4df4-4a41-87a2-dae62e5e4180: Sackin index -0.0515; 2.3 s; peak memory 1122 MiB.
2026-09-21T19:22:14Z INFO [189/356] 0ce6e0a2-1499-4e17-9bf7-5e4882fb6176: Sackin index -0.0728; 1.6 s; peak memory 1122 MiB.
2026-09-21T19:22:15Z INFO [190/356] 0ce748b7-c2b9-42bf-a1b8-0ef682eb1a30: Sackin index -0.1349; 0.8 s; peak memory 1122 MiB.
2026-09-21T19:22:16Z INFO [191/356] 0ce787a6-2a7f-4e65-9fd9-6517a4b195b8: Sackin index -0.1349; 0.9 s; peak memory 1122 MiB.
2026-09-21T19:22:17Z INFO [192/356] 0ce7d61c-a2fb-42d3-be11-4824c956f430: Sackin index -0.0728; 1.4 s; peak memory 1122 MiB.
2026-09-21T19:22:18Z INFO [193/356] 0ce87d2c-6b48-48cc-92e6-2f14b4067d2f: Sackin index -0.1658; 0.9 s; peak memory 1122 MiB.
2026-09-21T19:22:19Z INFO [194/356] 0ce99c72-bb27-48d3-9a3b-f5cb90aefaf7: Sackin index -0.1349; 0.9 s; peak memory 1122 MiB.
2026-09-21T19:22:21Z INFO [195/356] 0ceb7094-1f6f-4bec-b44e-2bb26dc4e454: Sackin index -0.1072; 1.9 s; peak memory 1122 MiB.
2026-09-21T19:22:22Z INFO [196/356] 0cec5586-7a98-452c-9c9e-f659aea5abb4: Sackin index -0.0379; 1.3 s; peak memory 1122 MiB.
2026-09-21T19:22:24Z INFO [197/356] 0cecb3f3-b122-403b-95a4-bfe902dfee00: Sackin index -0.1248; 1.2 s; peak memory 1122 MiB.
2026-09-21T19:22:25Z INFO [198/356] 0ced536b-e0f8-46d9-b471-d3fd5448a6c4: Sackin index -0.0735; 1.0 s; peak memory 1122 MiB.
2026-09-21T19:22:27Z INFO [199/356] 0ced6c04-851d-4f0a-86bb-fabd53b83de9: Sackin index -0.0704; 2.7 s; peak memory 1122 MiB.
2026-09-21T19:22:42Z INFO [200/356] 0cedcf53-1f85-4d3f-a3d6-c2c5f99918cf: Sackin index -0.0237; 14.1 s; peak memory 1122 MiB.
2026-09-21T19:22:42Z INFO [200/356] 0cedcf53-1f85-4d3f-a3d6-c2c5f99918cf: checkpointed 53066 records.
2026-09-21T19:24:22Z INFO [201/356] 0cee0278-c7db-45bf-b52f-0573dbfc01ac: Sackin index -0.0414; 100.2 s; peak memory 1122 MiB.
2026-09-21T19:24:23Z INFO [202/356] 0cf02b80-5fac-48e5-a75d-9f7aad954887: Sackin index -0.0816; 1.4 s; peak memory 1122 MiB.
2026-09-21T19:26:10Z INFO [203/356] 0cf07aef-d7f5-4651-9890-0028797e53a2: Sackin index -0.0286; 106.6 s; peak memory 1122 MiB.
2026-09-21T19:27:11Z INFO [204/356] 0cf0b459-56af-45ee-abe6-6ef97b0abfb3: Sackin index -0.1658; 61.6 s; peak memory 1122 MiB.
2026-09-21T19:27:13Z INFO [205/356] 0cf0d4f5-e3b9-4994-b4db-3686a7679e2b: Sackin index -0.0728; 1.3 s; peak memory 1122 MiB.
2026-09-21T19:27:14Z INFO [206/356] 0cf1c2df-c8bd-40ee-98e2-c24e0094e6ad: Sackin index -0.1349; 1.0 s; peak memory 1122 MiB.
2026-09-21T19:27:15Z INFO [207/356] 0cf1f35d-f1de-4ad7-8b5f-f35b791e3bb5: Sackin index -0.1349; 1.0 s; peak memory 1122 MiB.
2026-09-21T19:27:16Z INFO [208/356] 0cf2906e-6d83-4007-a567-1d9a169d81e1: Sackin index -0.0728; 1.5 s; peak memory 1122 MiB.
2026-09-21T19:27:17Z INFO [209/356] 0cf303d8-41de-4bcd-9206-bfba6540eff7: Sackin index -0.0376; 1.2 s; peak memory 1122 MiB.
2026-09-21T19:27:18Z INFO [210/356] 0cf3145f-3998-4944-87e4-350f0c5031bd: Sackin index -0.1239; 0.8 s; peak memory 1122 MiB.
2026-09-21T19:27:19Z INFO [211/356] 0cf33fb6-a569-4881-a47f-ff7b7741cf0d: Sackin index -0.1448; 0.8 s; peak memory 1122 MiB.
2026-09-21T19:27:20Z INFO [212/356] 0cf3acd2-7ff1-4285-8eb2-19dd16f1b1b9: Sackin index -0.1349; 1.0 s; peak memory 1122 MiB.
2026-09-21T19:27:21Z INFO [213/356] 0cf3fe91-c537-4b98-8375-aca8b2102bd0: Sackin index -0.1349; 1.0 s; peak memory 1122 MiB.
2026-09-21T19:27:33Z INFO [214/356] 0cf4683d-c205-483b-bd47-547e6066d804: Sackin index -0.1433; 11.7 s; peak memory 1122 MiB.
2026-09-21T19:27:34Z INFO [215/356] 0cf517e2-a26e-4d19-a417-0aecec71408a: Sackin index -0.0702; 1.3 s; peak memory 1122 MiB.
2026-09-21T19:27:37Z INFO [216/356] 0cf5a126-d1c2-4bc5-8829-2d45e1653122: Sackin index -0.0693; 2.6 s; peak memory 1122 MiB.
2026-09-21T19:27:38Z INFO [217/356] 0cf689da-b639-4cad-8c1e-158f5435707c: Sackin index -0.1349; 1.0 s; peak memory 1122 MiB.
2026-09-21T19:27:39Z INFO [218/356] 0cf6deaf-cd8f-4a4d-b02b-07bcc86eb871: Sackin index -0.0702; 1.2 s; peak memory 1122 MiB.
2026-09-21T19:27:51Z INFO [219/356] 0cf6e8a1-2543-4837-b6aa-168eadef7404: Sackin index -0.0080; 12.1 s; peak memory 1122 MiB.
2026-09-21T19:27:52Z INFO [220/356] 0cf73974-1cb4-446f-aa2a-764360491591: Sackin index -0.0272; 1.6 s; peak memory 1122 MiB.
2026-09-21T19:27:53Z INFO [221/356] 0cf745dd-f107-4307-9420-d6fb10736b5d: Sackin index -0.1448; 0.9 s; peak memory 1122 MiB.
2026-09-21T19:27:54Z INFO [222/356] 0cf776fd-5606-4143-a9e9-53034e3eaf37: Sackin index -0.1303; 0.8 s; peak memory 1122 MiB.
2026-09-21T19:27:55Z INFO [223/356] 0cf7b45c-d193-4f96-b8f4-0c782cea0d98: Sackin index -0.0375; 1.2 s; peak memory 1122 MiB.
2026-09-21T19:28:16Z INFO [224/356] 0cf7e9d5-86e5-4d99-91f4-acc9fecc90ab: Sackin index -0.0850; 20.7 s; peak memory 1122 MiB.
2026-09-21T19:28:52Z INFO [225/356] 0cf86ddb-1779-4419-989f-250da7289c26: Sackin index -0.1229; 35.7 s; peak memory 1122 MiB.
2026-09-21T19:28:53Z INFO [226/356] 0cf8a32e-6f05-4f2f-bdb1-b50fc40ab4b7: Sackin index -0.1349; 0.9 s; peak memory 1122 MiB.
2026-09-21T19:28:54Z INFO [227/356] 0cf9e2c7-1878-4bf6-9684-7b3305c71fb8: Sackin index -0.1117; 1.5 s; peak memory 1122 MiB.
2026-09-21T19:28:56Z INFO [228/356] 0cfa4b4f-143a-4289-b0cc-b4c5260f058f: Sackin index -0.0728; 1.4 s; peak memory 1122 MiB.
2026-09-21T19:28:57Z INFO [229/356] 0cfabe92-1721-4a30-bd92-33f4c885e4e1: Sackin index -0.1349; 1.0 s; peak memory 1122 MiB.
2026-09-21T19:28:57Z INFO [230/356] 0cfad441-a47b-4e55-9f01-7531e885134e: Sackin index -0.1658; 0.9 s; peak memory 1122 MiB.
2026-09-21T19:28:59Z INFO [231/356] 0cfb75d1-aa3e-4a6c-a25e-61fc2d245301: Sackin index -0.0941; 1.8 s; peak memory 1122 MiB.
2026-09-21T19:29:01Z INFO [232/356] 0cfb8332-dfa1-4cbf-9a26-36d63fe551b0: Sackin index -0.0728; 1.5 s; peak memory 1122 MiB.
2026-09-21T19:29:02Z INFO [233/356] 0cfbbfb7-c5fb-4d1b-92a0-1e6e1eb8ce6d: Sackin index -0.0891; 1.7 s; peak memory 1122 MiB.
2026-09-21T19:29:04Z INFO [234/356] 0cfbf172-f237-4a57-b399-9bfb9b4892d3: Sackin index -0.0380; 1.5 s; peak memory 1122 MiB.
2026-09-21T19:29:05Z INFO [235/356] 0cfbf286-5600-4ada-88cc-6099be1f7e69: Sackin index -0.0702; 1.3 s; peak memory 1122 MiB.
2026-09-21T19:29:17Z INFO [236/356] 0cfc3768-9d7b-4a4b-a2c5-411df7771b05: Sackin index -0.0220; 11.4 s; peak memory 1122 MiB.
2026-09-21T19:29:18Z INFO [237/356] 0cfcb936-616c-4841-96c5-e5813523e6ff: Sackin index -0.1349; 1.0 s; peak memory 1122 MiB.
2026-09-21T19:29:34Z INFO [238/356] 0cfcc94d-bbe5-4153-ae40-10ef19db34cc: Sackin index -0.0166; 16.4 s; peak memory 1122 MiB.
2026-09-21T19:29:35Z INFO [239/356] 0cff42e0-1f5e-4a78-8c86-cc0fe25ccb09: Sackin index -0.1349; 1.0 s; peak memory 1122 MiB.
2026-09-21T19:29:36Z INFO [240/356] 0cff8b55-469a-42b9-88da-16719b73ca9b: Sackin index -0.1239; 1.0 s; peak memory 1122 MiB.
2026-09-21T19:29:37Z INFO [241/356] 0cffe9b9-a295-499f-a535-033b10c6df3b: Sackin index -0.1383; 1.3 s; peak memory 1122 MiB.
2026-09-21T19:29:47Z INFO [242/356] 0d005d7d-3871-43cb-82e2-3bd7e6aceb21: Sackin index -0.0159; 10.2 s; peak memory 1122 MiB.
2026-09-21T19:29:50Z INFO [243/356] 0d0217d2-0359-48ce-a847-c66837a81c45: Sackin index -0.0699; 2.3 s; peak memory 1122 MiB.
2026-09-21T19:29:51Z INFO [244/356] 0d026385-6d1e-4aa3-a10c-25d1da30fa2d: Sackin index -0.1466; 1.0 s; peak memory 1122 MiB.
2026-09-21T19:29:52Z INFO [245/356] 0d02961f-0d9f-42ff-8c34-4e2c09a95b49: Sackin index -0.1288; 0.9 s; peak memory 1122 MiB.
2026-09-21T19:29:53Z INFO [246/356] 0d02e76d-d503-4040-a6ff-94734a22f636: Sackin index -0.1349; 1.2 s; peak memory 1122 MiB.
2026-09-21T19:29:55Z INFO [247/356] 0d03443f-f932-4fed-8873-a67f095f633a: Sackin index -0.1761; 1.8 s; peak memory 1122 MiB.
2026-09-21T19:30:14Z INFO [248/356] 0d038171-5d24-4676-a5ea-d33be5c30f06: Sackin index -0.1367; 19.7 s; peak memory 1122 MiB.
2026-09-21T19:30:16Z INFO [249/356] 0d041123-2745-4e76-a392-861dacb07e52: Sackin index -0.0696; 1.2 s; peak memory 1122 MiB.
2026-09-21T19:30:16Z INFO [250/356] 0d041726-49f1-4981-a743-559d7775bf1e: Sackin index -0.0667; 0.9 s; peak memory 1122 MiB.
2026-09-21T19:30:17Z INFO [250/356] 0d041726-49f1-4981-a743-559d7775bf1e: checkpointed 53116 records.
2026-09-21T19:30:17Z INFO [251/356] 0d041ae2-dde3-4178-a012-07ed7e45345d: Sackin index -0.1256; 0.8 s; peak memory 1122 MiB.
2026-09-21T19:30:20Z INFO [252/356] 0d043532-4dd4-44a0-a2f4-7ab735f9b757: Sackin index -0.0263; 2.4 s; peak memory 1122 MiB.
2026-09-21T19:30:21Z INFO [253/356] 0d04693d-287f-4458-8572-703613c748a0: Sackin index -0.1161; 0.9 s; peak memory 1122 MiB.
2026-09-21T19:30:22Z INFO [254/356] 0d06f620-9783-41c4-9b16-eeb198b73d48: Sackin index -0.1349; 1.1 s; peak memory 1122 MiB.
2026-09-21T19:30:24Z INFO [255/356] 0d0928dd-60a8-4095-8d2f-c1eeb52c0db0: Sackin index -0.0699; 2.2 s; peak memory 1122 MiB.
2026-09-21T19:30:25Z INFO [256/356] 0d0963c9-45b0-4499-a264-b95ca526d56c: Sackin index -0.0728; 1.2 s; peak memory 1122 MiB.
2026-09-21T19:30:26Z INFO [257/356] 0d0a20f0-e9c5-481a-b4fa-1998cb1e058e: Sackin index -0.0702; 1.2 s; peak memory 1122 MiB.
2026-09-21T19:30:36Z INFO [258/356] 0d0a53c3-a194-47e3-afdb-63e5052909d0: Sackin index -0.0204; 9.9 s; peak memory 1122 MiB.
2026-09-21T20:07:27Z INFO [259/356] 0d0acda9-169f-4edf-8c8c-6dda82be5600: Sackin index -0.0229; 2210.6 s; peak memory 1122 MiB.
2026-09-21T20:07:28Z INFO [260/356] 0d0b6144-0432-49d5-b8eb-04280a943cd9: Sackin index -0.1208; 1.0 s; peak memory 1122 MiB.
2026-09-21T20:07:31Z INFO [261/356] 0d0b7dfd-978f-42eb-b24e-70c8ded2e31f: Sackin index -0.0644; 3.1 s; peak memory 1122 MiB.
2026-09-21T20:07:33Z INFO [262/356] 0d0b8e45-bf06-466e-b802-f26a83c93795: Sackin index -0.0728; 1.5 s; peak memory 1122 MiB.
2026-09-21T20:07:34Z INFO [263/356] 0d0b9dce-103b-468e-86f8-2fa696b1a29b: Sackin index -0.0709; 1.4 s; peak memory 1122 MiB.
2026-09-21T20:07:36Z INFO [264/356] 0d0c592b-9d6a-4cdf-856b-ff94164d6cfd: Sackin index -0.0173; 2.1 s; peak memory 1122 MiB.
2026-09-21T20:07:37Z INFO [265/356] 0d0d2768-4da5-4e5d-bab6-5e3432b6f63f: Sackin index -0.0696; 1.3 s; peak memory 1122 MiB.
2026-09-21T20:07:52Z INFO [266/356] 0d0d398a-01f5-42a8-aa58-47831b6910c6: Sackin index -0.1938; 15.0 s; peak memory 1122 MiB.
2026-09-21T20:07:54Z INFO [267/356] 0d0dc05b-2c88-48bd-9ae3-e90f5f8e3466: Sackin index -0.0275; 1.8 s; peak memory 1122 MiB.
2026-09-21T20:07:56Z INFO [268/356] 0d0ee5ac-fdea-495e-a32c-9fcfc91d5dca: Sackin index -0.1142; 2.0 s; peak memory 1122 MiB.
2026-09-21T20:07:57Z INFO [269/356] 0d0f90e2-7407-4228-ad50-b27487d6c88b: Sackin index -0.0881; 0.9 s; peak memory 1122 MiB.
2026-09-21T20:08:04Z INFO [270/356] 0d103739-4693-491a-8d2b-887c64bb31ca: Sackin index -0.0233; 7.1 s; peak memory 1122 MiB.
2026-09-21T20:08:05Z INFO [271/356] 0d117a09-4639-461c-8573-df9d7353e14d: Sackin index -0.1349; 1.0 s; peak memory 1122 MiB.
2026-09-21T20:08:06Z INFO [272/356] 0d121299-c4e8-4803-ac29-7178667fc42a: Sackin index -0.0384; 1.2 s; peak memory 1122 MiB.
2026-09-21T20:08:07Z INFO [273/356] 0d125ddd-15f4-48f6-b32a-097b48725625: Sackin index -0.1349; 1.1 s; peak memory 1122 MiB.
2026-09-21T20:08:08Z INFO [274/356] 0d132155-189f-4db4-94a5-8999aafb0ded: Sackin index -0.1731; 1.0 s; peak memory 1122 MiB.
2026-09-21T20:08:10Z INFO [275/356] 0d141da9-a4c4-4131-b08f-483b60c72ce0: Sackin index -0.1390; 1.2 s; peak memory 1122 MiB.
2026-09-21T20:08:11Z INFO [276/356] 0d1478f7-388c-4886-8057-bc6911bff7a0: Sackin index -0.0569; 1.3 s; peak memory 1122 MiB.
2026-09-21T20:08:20Z INFO [277/356] 0d150b45-ec36-48aa-aea9-1c8dfb6b99ea: Sackin index -0.0017; 9.5 s; peak memory 1122 MiB.
2026-09-21T20:08:26Z INFO [278/356] 0d15802a-c9a3-472b-8283-e903c2881857: Sackin index -0.0253; 5.5 s; peak memory 1122 MiB.
2026-09-21T20:44:11Z INFO [279/356] 0d1582b5-d510-4f7e-8667-0a715b8ecd7e: Sackin index -0.1290; 2145.5 s; peak memory 1212 MiB.
2026-09-21T20:44:12Z INFO [280/356] 0d16c55d-fe46-4257-9584-776147d6cbdd: Sackin index -0.1135; 0.8 s; peak memory 1212 MiB.
2026-09-21T20:44:13Z INFO [281/356] 0d16f53b-be81-41eb-86b5-0565311a8b8d: Sackin index -0.0752; 1.3 s; peak memory 1212 MiB.
2026-09-21T20:44:14Z INFO [282/356] 0d17e709-b51e-4b3d-9a5a-127b5e5f5cdf: Sackin index -0.1349; 1.0 s; peak memory 1212 MiB.
2026-09-21T20:44:22Z INFO [283/356] 0d188f10-221b-47e0-a305-52966a38b739: Sackin index -0.0940; 7.1 s; peak memory 1212 MiB.
2026-09-21T20:44:23Z INFO [284/356] 0d192d73-b4ba-469e-9afc-55c39e328e0d: Sackin index -0.0413; 1.2 s; peak memory 1212 MiB.
2026-09-21T20:44:56Z INFO [285/356] 0d195b1a-63fb-4ef1-aaa7-a908e94f03c9: Sackin index -0.0116; 32.7 s; peak memory 1212 MiB.
2026-09-21T20:44:57Z INFO [286/356] 0d1adf29-deb8-424b-b0a4-e691e8607614: Sackin index -0.0702; 1.4 s; peak memory 1212 MiB.
2026-09-21T20:44:58Z INFO [287/356] 0d1aea94-b973-4ac3-8990-c2fdb29ae7bc: Sackin index -0.1349; 0.9 s; peak memory 1212 MiB.
2026-09-21T20:45:10Z INFO [288/356] 0d1b9268-d0a3-4d5b-a8a3-dfa0f2a0cb9f: Sackin index -0.0172; 12.4 s; peak memory 1212 MiB.
2026-09-21T20:45:17Z INFO [289/356] 0d1ba8f6-8f02-419d-8c11-dbfb0e5562a6: Sackin index -0.0369; 6.8 s; peak memory 1212 MiB.
2026-09-21T20:45:18Z INFO [290/356] 0d1bb231-f058-40f2-a4a5-2192d9b42fb0: Sackin index -0.0379; 1.5 s; peak memory 1212 MiB.
2026-09-21T20:45:20Z INFO [291/356] 0d1bd2b8-f051-4026-9262-facc0e99a258: Sackin index -0.0375; 1.3 s; peak memory 1212 MiB.
2026-09-21T20:45:21Z INFO [292/356] 0d1bd551-6edc-422f-b708-d0ce893f49be: Sackin index -0.0702; 1.3 s; peak memory 1212 MiB.
2026-09-21T20:45:22Z INFO [293/356] 0d1bdae3-9456-4e32-8158-14c262a3c547: Sackin index -0.1349; 1.0 s; peak memory 1212 MiB.
2026-09-21T20:45:34Z INFO [294/356] 0d1c766f-0c8f-45df-9dfc-5dc6e46b46cc: Sackin index -0.0153; 11.6 s; peak memory 1212 MiB.
2026-09-21T20:45:35Z INFO [295/356] 0d1eda69-6d78-43f7-a6dd-5e68f9c1cfd4: Sackin index -0.0702; 1.3 s; peak memory 1212 MiB.
2026-09-21T20:45:36Z INFO [296/356] 0d1f635a-d39d-445c-8bff-3e927e649ebc: Sackin index -0.0709; 1.2 s; peak memory 1212 MiB.
2026-09-21T20:45:37Z INFO [297/356] 0d205362-6596-4a44-a9fb-cd048eb5dbfb: Sackin index -0.1349; 0.9 s; peak memory 1212 MiB.
2026-09-21T20:45:39Z INFO [298/356] 0d208156-f640-448f-b1ab-68a58f117181: Sackin index -0.0579; 2.3 s; peak memory 1212 MiB.
2026-09-21T20:45:41Z INFO [299/356] 0d2095a0-14ce-426b-b848-9d81b930f2f8: Sackin index -0.1101; 1.1 s; peak memory 1212 MiB.
2026-09-21T20:45:45Z INFO [300/356] 0d2110d1-9b8b-4489-847a-ce562f0dabb9: Sackin index -0.0252; 4.5 s; peak memory 1212 MiB.
2026-09-21T20:45:45Z INFO [300/356] 0d2110d1-9b8b-4489-847a-ce562f0dabb9: checkpointed 53166 records.
2026-09-21T20:45:50Z INFO [301/356] 0d2202e8-98a6-4d04-86fc-aa4f1d5e9757: Sackin index -0.0288; 4.6 s; peak memory 1212 MiB.
2026-09-21T20:45:51Z INFO [302/356] 0d2238c2-488d-49cd-ad8c-ebc4cefc5209: Sackin index -0.2229; 1.0 s; peak memory 1212 MiB.
2026-09-21T20:45:52Z INFO [303/356] 0d232397-3722-40e6-933d-cb0b71d23339: Sackin index -0.0728; 1.3 s; peak memory 1212 MiB.
2026-09-21T20:45:53Z INFO [304/356] 0d23780a-c684-44fe-8afc-c23c437a47d0: Sackin index -0.1273; 1.2 s; peak memory 1212 MiB.
2026-09-21T20:45:54Z INFO [305/356] 0d23ea15-d1fb-4894-b1fa-f06cafd0a93a: Sackin index -0.1658; 0.7 s; peak memory 1212 MiB.
2026-09-21T20:45:55Z INFO [306/356] 0d240bde-1c86-4df7-9dd8-d7b9f92e6758: Sackin index -0.0767; 1.2 s; peak memory 1212 MiB.
2026-09-21T20:45:56Z INFO [307/356] 0d244a0b-de95-4c85-b1c7-f5cb655a3960: Sackin index -0.0702; 1.2 s; peak memory 1212 MiB.
2026-09-21T20:45:58Z INFO [308/356] 0d246a45-6b75-4905-b1cb-a4cb963251bd: Sackin index -0.0263; 2.1 s; peak memory 1212 MiB.
2026-09-21T20:45:59Z INFO [309/356] 0d248cbd-77e0-4611-a505-c59141161bca: Sackin index -0.1658; 1.0 s; peak memory 1212 MiB.
2026-09-21T20:46:00Z INFO [310/356] 0d24af5b-13f0-4c8e-b517-06b0004ce3c6: Sackin index -0.0702; 1.0 s; peak memory 1212 MiB.
2026-09-21T20:46:05Z INFO [311/356] 0d24d321-62ac-42cd-b2e1-29748aaff76d: Sackin index -0.0476; 5.0 s; peak memory 1212 MiB.
2026-09-21T20:46:24Z INFO [312/356] 0d2511e1-733c-45d9-8ff2-2f58b8b69a5f: Sackin index -0.0181; 18.5 s; peak memory 1212 MiB.
2026-09-21T20:46:25Z INFO [313/356] 0d25714c-8150-42d9-8112-403c672bee2c: Sackin index -0.1349; 1.0 s; peak memory 1212 MiB.
2026-09-21T20:46:26Z INFO [314/356] 0d269041-670c-45dd-9c4a-4761a753884d: Sackin index -0.0728; 1.4 s; peak memory 1212 MiB.
2026-09-21T20:46:27Z INFO [315/356] 0d272ac2-5108-411c-9563-b0603ba9f226: Sackin index -0.0702; 1.1 s; peak memory 1212 MiB.
2026-09-21T20:46:32Z INFO [316/356] 0d27b218-ffee-44a5-a1e8-16649a640ced: Sackin index -0.0403; 5.0 s; peak memory 1212 MiB.
2026-09-21T20:46:34Z INFO [317/356] 0d27bf86-3ac3-4244-bf39-1fc1ff03b5bf: Sackin index -0.0386; 1.2 s; peak memory 1212 MiB.
2026-09-21T20:46:35Z INFO [318/356] 0d28a1fd-fe22-4c31-badb-85a3de39cab1: Sackin index -0.1448; 1.0 s; peak memory 1212 MiB.
2026-09-21T20:46:36Z INFO [319/356] 0d29ebe4-9686-4db8-be5f-cde6c3c0a9e8: Sackin index -0.1349; 1.0 s; peak memory 1212 MiB.
2026-09-21T20:46:37Z INFO [320/356] 0d29f589-7b61-49c2-ac6a-1286fb0ccfa2: Sackin index -0.1349; 1.0 s; peak memory 1212 MiB.
2026-09-21T20:46:38Z INFO [321/356] 0d2a8774-12e1-43fd-ac0c-243f4f6d7183: Sackin index -0.1349; 1.1 s; peak memory 1212 MiB.
2026-09-21T20:46:39Z INFO [322/356] 0d2b43d1-09e0-424a-bb4b-9c5fa1747746: Sackin index -0.1349; 0.9 s; peak memory 1212 MiB.
2026-09-21T20:46:50Z INFO [323/356] 0d2c5967-b716-4b34-94b9-7b3c8dfb513f: Sackin index -0.0120; 11.4 s; peak memory 1212 MiB.
2026-09-21T20:46:51Z INFO [324/356] 0d2c92e6-be6c-45c8-ad11-c0c38692c8bd: Sackin index -0.1174; 1.0 s; peak memory 1212 MiB.
2026-09-21T20:46:57Z INFO [325/356] 0d2ca719-4391-4a46-81b5-13cd5dd8ebb8: Sackin index -0.0251; 5.7 s; peak memory 1212 MiB.
2026-09-21T20:46:58Z INFO [326/356] 0d2e2956-118d-448c-ba60-e33278d1d236: Sackin index -0.0702; 1.5 s; peak memory 1212 MiB.
2026-09-21T20:46:59Z INFO [327/356] 0d2e83ea-afb1-4928-adba-eee9e8786e1e: Sackin index -0.1191; 1.2 s; peak memory 1212 MiB.
2026-09-21T20:47:00Z INFO [328/356] 0d2ee0b0-5a68-44ab-aea7-d52c473f3214: Sackin index -0.1349; 1.1 s; peak memory 1212 MiB.
2026-09-21T20:47:01Z INFO [329/356] 0d3021b2-00a7-4883-95a1-d2502f9d1cfa: Sackin index -0.0702; 1.1 s; peak memory 1212 MiB.
2026-09-21T20:47:11Z INFO [330/356] 0d30f75d-847c-4a60-9f0f-9028131abefd: Sackin index -0.0256; 9.8 s; peak memory 1212 MiB.
2026-09-21T20:47:13Z INFO [331/356] 0d31ce77-c917-4951-bfb3-e2459d0d263a: Sackin index -0.0702; 1.6 s; peak memory 1212 MiB.
2026-09-21T20:47:14Z INFO [332/356] 0d31cf03-5cc2-4f8c-a40f-33cf6fb07721: Sackin index -0.0709; 1.2 s; peak memory 1212 MiB.
2026-09-21T20:47:15Z INFO [333/356] 0d32045c-b864-464a-9285-fef0f3ed6879: Sackin index -0.1191; 1.1 s; peak memory 1212 MiB.
2026-09-21T20:47:21Z INFO [334/356] 0d32bacd-edca-45f8-9d38-4a8c7dad9fca: Sackin index -0.0242; 6.4 s; peak memory 1212 MiB.
2026-09-21T20:47:22Z INFO [335/356] 0d32fb8e-3d36-46cc-9a4c-8523d6772efa: Sackin index -0.1349; 1.0 s; peak memory 1212 MiB.
2026-09-21T20:47:23Z INFO [336/356] 0d33bb16-2bc6-4f7f-9cd5-c8434a686581: Sackin index -0.1349; 1.1 s; peak memory 1212 MiB.
2026-09-21T20:47:24Z INFO [337/356] 0d340eab-39ba-4d94-9c57-691690d7dc06: Sackin index -0.1349; 0.8 s; peak memory 1212 MiB.
2026-09-21T20:47:25Z INFO [338/356] 0d350034-6fb0-4a96-8777-a0268c24045d: Sackin index -0.1349; 1.1 s; peak memory 1212 MiB.
2026-09-21T20:47:31Z INFO [339/356] 0d35aef4-d9d4-44a2-9c7c-070e7060e388: Sackin index -0.0237; 5.4 s; peak memory 1212 MiB.
2026-09-21T20:47:38Z INFO [340/356] 0d35efcb-30c0-4206-af8b-79abc0035f95: Sackin index -0.0046; 7.0 s; peak memory 1212 MiB.
2026-09-21T20:47:39Z INFO [341/356] 0d3634aa-aa70-447c-9310-c65198aba0bf: Sackin index -0.1349; 1.0 s; peak memory 1212 MiB.
2026-09-21T20:47:44Z INFO [342/356] 0d3694ff-9e18-4edb-88ae-cf219b46502e: Sackin index -0.0251; 5.6 s; peak memory 1212 MiB.
2026-09-21T20:47:55Z INFO [343/356] 0d36fb14-a991-43fb-9aa7-a91ad2959c60: Sackin index -0.0155; 10.9 s; peak memory 1212 MiB.
2026-09-21T20:48:09Z INFO [344/356] 0d3858dc-3aa7-449e-9b64-091f8cf4bdaa: Sackin index -0.0122; 13.8 s; peak memory 1212 MiB.
2026-09-21T20:48:10Z INFO [345/356] 0d3a1537-146a-40f8-a00e-791a3c98b388: Sackin index -0.1272; 0.9 s; peak memory 1212 MiB.
2026-09-21T20:48:11Z INFO [346/356] 0d3a46b6-2b1a-4585-b786-e8658dd304f4: Sackin index -0.0967; 1.2 s; peak memory 1212 MiB.
2026-09-21T20:48:15Z INFO [347/356] 0d3a538f-8026-4efb-8d49-9963c45e78e4: Sackin index -0.0614; 3.9 s; peak memory 1212 MiB.
2026-09-21T20:48:16Z INFO [348/356] 0d3a7117-a47d-4837-86f4-18cde7636cd6: Sackin index -0.0702; 1.1 s; peak memory 1212 MiB.
2026-09-21T20:48:17Z INFO [349/356] 0d3abf51-c7df-427d-b8b3-3e8e1a465e7a: Sackin index -0.1349; 0.9 s; peak memory 1212 MiB.
2026-09-21T20:48:20Z INFO [350/356] 0d3b588a-37a6-4b82-8a9a-d227e8fc8264: Sackin index -0.0660; 3.1 s; peak memory 1212 MiB.
2026-09-21T20:48:20Z INFO [350/356] 0d3b588a-37a6-4b82-8a9a-d227e8fc8264: checkpointed 53216 records.
2026-09-21T20:48:22Z INFO [351/356] 0d3b6884-8d93-42a3-8bf8-e953740ab40a: Sackin index -0.1273; 1.4 s; peak memory 1212 MiB.
2026-09-21T20:48:22Z INFO [352/356] 0d3b694d-51a1-45de-b443-5468b325bfd6: Sackin index -0.1208; 0.7 s; peak memory 1212 MiB.
2026-09-21T20:48:24Z INFO [353/356] 0d3bd2e0-0c99-43ea-9c92-8076cf651106: Sackin index -0.1349; 1.1 s; peak memory 1212 MiB.
2026-09-21T20:48:24Z INFO [354/356] 0d3bf31f-1ffc-478e-9f85-414fb82b3099: Sackin index -0.1349; 1.0 s; peak memory 1212 MiB.
2026-09-21T20:48:26Z INFO [355/356] 0d3bfd09-5025-40bd-9a68-4c19d5e2238d: Sackin index -0.0696; 1.1 s; peak memory 1212 MiB.
2026-09-21T20:48:32Z INFO [356/356] 0d3cb2b9-5acc-4022-84e1-76de44e89bab: Sackin index -0.0166; 6.7 s; peak memory 1212 MiB.
2026-09-21T20:48:32Z INFO Wrote 53222 records to /tmp/derivatives/valid_nwb_file_to_sackin_index.jsonl (356 new, 0 failed) in 103.2 min (peak memory 1212 MiB).
