2026-10-08T10:00:12Z INFO Logging to /tmp/logs/update_2026-10-08T10-00-12Z.log.
2026-10-08T10:00:12Z INFO Update valid-nwb-file-to-sackin-index (base directory /tmp).
2026-10-08T10:00:13Z INFO Processing 750 items (99586 already recorded).
2026-10-08T10:00:20Z INFO [1/750] 6d444a85-d2a3-4596-8dbb-3ee331fa281a: Sackin index -0.0150; 7.7 s; peak memory 152 MiB.
2026-10-08T10:00:21Z INFO [2/750] 6d457e63-9444-40a7-86d4-70918bf313e4: Sackin index -0.0702; 0.9 s; peak memory 152 MiB.
2026-10-08T10:00:22Z INFO [3/750] 6d458ee4-3559-4700-895b-25a577a69624: Sackin index -0.0745; 1.1 s; peak memory 152 MiB.
2026-10-08T10:00:23Z INFO [4/750] 6d45e635-67d9-466d-a057-c1839abeb260: Sackin index -0.0702; 0.9 s; peak memory 153 MiB.
2026-10-08T10:00:24Z INFO [5/750] 6d45ee3a-dda1-4e43-83e2-01deb9fe4c87: Sackin index -0.1658; 0.4 s; peak memory 153 MiB.
2026-10-08T10:00:28Z INFO [6/750] 6d461de1-3fb5-4233-900a-74cebb9a4803: Sackin index -0.0202; 4.2 s; peak memory 154 MiB.
2026-10-08T10:00:29Z INFO [7/750] 6d469412-e1fd-442a-91cc-79240d43ce12: Sackin index -0.0728; 0.8 s; peak memory 154 MiB.
2026-10-08T10:00:31Z INFO [8/750] 6d46cdee-c09c-4a8d-afbd-b62fb8ca192f: Sackin index -0.0660; 2.1 s; peak memory 154 MiB.
2026-10-08T10:00:31Z INFO [9/750] 6d478856-4c0b-4acb-bf03-51f7d52ec419: Sackin index -0.1349; 0.6 s; peak memory 154 MiB.
2026-10-08T10:00:32Z INFO [10/750] 6d47b78d-e7db-493b-a0e3-75fa6c22c178: Sackin index -0.0702; 0.8 s; peak memory 154 MiB.
2026-10-08T10:00:33Z INFO [11/750] 6d47befc-5331-492e-bdd0-ea0fc876d6f2: Sackin index -0.1408; 0.9 s; peak memory 154 MiB.
2026-10-08T10:00:34Z INFO [12/750] 6d480851-ad82-45c7-a9af-177e5b1546c9: Sackin index -0.1349; 0.8 s; peak memory 154 MiB.
2026-10-08T10:00:35Z INFO [13/750] 6d489eaf-b49c-4930-be64-48977b65a5e6: Sackin index -0.1380; 0.9 s; peak memory 154 MiB.
2026-10-08T10:00:36Z INFO [14/750] 6d4905eb-07ff-4282-94e5-b8f211d8d206: Sackin index -0.0702; 0.8 s; peak memory 154 MiB.
2026-10-08T10:00:39Z INFO [15/750] 6d49439c-8058-4503-91f5-7e7d8ff6197d: Sackin index -0.0246; 3.1 s; peak memory 154 MiB.
2026-10-08T10:00:50Z INFO [16/750] 6d49aebf-7d1a-4d3b-94df-a9764c251957: Sackin index -0.0148; 10.9 s; peak memory 173 MiB.
2026-10-08T10:00:50Z INFO [17/750] 6d4aedb1-49af-494d-b1c1-b8739fc16e9e: Sackin index -0.0728; 0.8 s; peak memory 173 MiB.
2026-10-08T10:00:51Z INFO [18/750] 6d4c5e19-ba60-4f3a-95f5-be128ece8cb2: Sackin index -0.1658; 0.4 s; peak memory 173 MiB.
2026-10-08T10:00:51Z INFO [19/750] 6d4c7771-76b8-4ebc-a4b9-661b5d197599: Sackin index -0.1165; 0.6 s; peak memory 173 MiB.
2026-10-08T10:00:53Z INFO [20/750] 6d4c9a98-dd3e-4c31-af66-7ac8f3a6d03b: Sackin index -0.1380; 1.1 s; peak memory 173 MiB.
2026-10-08T10:00:53Z INFO [21/750] 6d4d0d07-b28e-4155-958d-e2c72f6ad8f4: Sackin index -0.1562; 0.8 s; peak memory 173 MiB.
2026-10-08T10:00:54Z INFO [22/750] 6d4d3b91-1464-4648-a82f-5471dbb68639: Sackin index -0.1349; 0.6 s; peak memory 173 MiB.
2026-10-08T10:00:54Z INFO [23/750] 6d4e342d-c886-4239-abda-8605dd48992e: Sackin index -0.1658; 0.5 s; peak memory 173 MiB.
2026-10-08T10:00:55Z INFO [24/750] 6d4ffd1b-9b5e-40f6-b72c-77a69e364f54: Sackin index -0.1178; 0.6 s; peak memory 173 MiB.
2026-10-08T10:01:01Z INFO [25/750] 6d50a037-e0cb-410d-9a07-d9abf21b73b2: Sackin index -0.0288; 6.4 s; peak memory 173 MiB.
2026-10-08T10:01:12Z INFO [26/750] 6d511a15-ea95-4aa2-8679-4530be2e9f4a: Sackin index -0.0614; 10.5 s; peak memory 173 MiB.
2026-10-08T10:01:14Z INFO [27/750] 6d5185fb-efeb-47b7-b8f4-e2578d165c23: Sackin index -0.0261; 1.8 s; peak memory 173 MiB.
2026-10-08T10:01:14Z INFO [28/750] 6d525a6e-2246-4fbc-8503-a0a5d7e7016d: Sackin index -0.1658; 0.5 s; peak memory 173 MiB.
2026-10-08T10:01:15Z INFO [29/750] 6d525a96-1105-456b-b3e9-9ea4f5ef34dc: Sackin index -0.0376; 1.0 s; peak memory 173 MiB.
2026-10-08T10:01:16Z INFO [30/750] 6d527dbe-0c94-4ae4-8a1d-c847dce5a677: Sackin index -0.1349; 0.8 s; peak memory 173 MiB.
2026-10-08T10:01:20Z INFO [31/750] 6d530b98-2910-464a-b60b-eb4ee7c9ffc7: Sackin index -0.0403; 3.8 s; peak memory 174 MiB.
2026-10-08T10:01:21Z INFO [32/750] 6d5436e0-4081-42f7-a88a-fac5179664d6: Sackin index -0.1356; 1.7 s; peak memory 174 MiB.
2026-10-08T10:01:23Z INFO [33/750] 6d54e472-6cac-49a2-b8e5-116dd1ce9099: Sackin index -0.0728; 1.1 s; peak memory 174 MiB.
2026-10-08T10:01:28Z INFO [34/750] 6d550a58-ecfc-4bc1-a62a-a0de3d19084e: Sackin index -0.0435; 5.0 s; peak memory 174 MiB.
2026-10-08T10:01:28Z INFO [35/750] 6d5541b7-5df1-4249-86c8-262febd9223a: Sackin index -0.1349; 0.6 s; peak memory 174 MiB.
2026-10-08T10:01:31Z INFO [36/750] 6d5577aa-2137-47a7-89cb-eb814c9c9157: Sackin index -0.0415; 3.3 s; peak memory 174 MiB.
2026-10-08T10:01:32Z INFO [37/750] 6d5582cb-3fae-4f7a-86e8-7a0ce64a75d8: Sackin index -0.1267; 0.5 s; peak memory 174 MiB.
2026-10-08T10:01:33Z INFO [38/750] 6d55b18b-1661-49fb-9900-0ac360c542bb: Sackin index -0.0728; 1.0 s; peak memory 174 MiB.
2026-10-08T10:01:34Z INFO [39/750] 6d55bbcb-b718-4c7f-9843-226655abebbb: Sackin index -0.1658; 0.5 s; peak memory 174 MiB.
2026-10-08T10:01:34Z INFO [40/750] 6d55f72e-a396-4c81-9559-3c0deff3aea1: Sackin index -0.1349; 0.8 s; peak memory 174 MiB.
2026-10-08T10:01:40Z INFO [41/750] 6d5614c0-2590-47ad-98a5-50c5c0a742dc: Sackin index -0.0161; 6.2 s; peak memory 174 MiB.
2026-10-08T10:01:41Z INFO [42/750] 6d569326-eaa7-4f41-b95b-cf178810d346: Sackin index -0.1741; 0.7 s; peak memory 174 MiB.
2026-10-08T10:01:44Z INFO [43/750] 6d580703-13d1-408c-8256-48a8dc4996f9: Sackin index -0.0507; 2.6 s; peak memory 174 MiB.
2026-10-08T10:01:45Z INFO [44/750] 6d59a8c2-30f5-4501-9556-1633907c5d93: Sackin index -0.0709; 0.9 s; peak memory 175 MiB.
2026-10-08T10:01:46Z INFO [45/750] 6d5aa3f5-c24e-4c10-bf50-ffc01190cabf: Sackin index -0.0702; 1.0 s; peak memory 175 MiB.
2026-10-08T10:01:47Z INFO [46/750] 6d5b36db-0c1f-4a49-90be-827879e63481: Sackin index -0.1291; 1.2 s; peak memory 175 MiB.
2026-10-08T10:01:48Z INFO [47/750] 6d5b6428-1e5c-4e62-8908-01b262b3ac90: Sackin index -0.0728; 1.0 s; peak memory 175 MiB.
2026-10-08T10:01:49Z INFO [48/750] 6d5b886a-1d4d-47a1-b7da-5b1667d3f242: Sackin index -0.0702; 0.9 s; peak memory 175 MiB.
2026-10-08T10:02:08Z INFO [49/750] 6d5bf60b-75ef-4c92-ba1c-d406866220be: Sackin index -0.0239; 19.1 s; peak memory 176 MiB.
2026-10-08T10:02:09Z INFO [50/750] 6d5cacb4-feec-48e8-be47-9387eb106722: Sackin index -0.1349; 0.8 s; peak memory 176 MiB.
2026-10-08T10:02:09Z INFO [50/750] 6d5cacb4-feec-48e8-be47-9387eb106722: checkpointed 99636 records.
2026-10-08T10:02:10Z INFO [51/750] 6d5d5c8c-aaa5-4ef8-83b7-f232963a4e7e: Sackin index -0.1319; 0.6 s; peak memory 176 MiB.
2026-10-08T10:02:11Z INFO [52/750] 6d5d81a1-ae82-4bc4-8645-20a75729c09c: Sackin index -0.0728; 1.0 s; peak memory 176 MiB.
2026-10-08T10:02:27Z INFO [53/750] 6d5e5198-cc29-46bf-abdc-15949693ab12: Sackin index -0.0494; 16.5 s; peak memory 176 MiB.
2026-10-08T10:02:27Z INFO [54/750] 6d5fe7ca-c258-408a-b448-b0c6f568b4d0: Sackin index -0.1658; 0.5 s; peak memory 176 MiB.
2026-10-08T10:02:37Z INFO [55/750] 6d60b290-c983-4b2d-8959-d90eea476015: Sackin index -0.1408; 9.7 s; peak memory 176 MiB.
2026-10-08T10:02:38Z INFO [56/750] 6d60d707-36a4-4511-b476-33d259acd827: Sackin index -0.0728; 1.2 s; peak memory 176 MiB.
2026-10-08T10:02:39Z INFO [57/750] 6d614877-2db7-46b7-b373-a4637ecc149d: Sackin index -0.1602; 0.8 s; peak memory 176 MiB.
2026-10-08T10:02:40Z INFO [58/750] 6d6165e4-a1ef-4449-8a62-7482b2552165: Sackin index -0.0891; 0.7 s; peak memory 176 MiB.
2026-10-08T10:02:46Z INFO [59/750] 6d619f85-d3ea-4514-bb86-2c77c53be074: Sackin index -0.0308; 5.8 s; peak memory 176 MiB.
2026-10-08T10:02:47Z INFO [60/750] 6d6220cd-c1fb-4fef-84cd-3c03facadedd: Sackin index -0.1349; 0.7 s; peak memory 176 MiB.
2026-10-08T10:02:50Z INFO [61/750] 6d62e1c1-bab8-4b58-9bfb-02d45720a2e4: Sackin index -0.0251; 3.8 s; peak memory 176 MiB.
2026-10-08T10:02:51Z INFO [62/750] 6d6332e2-69c4-465a-9c95-54335e4beb65: Sackin index -0.1349; 0.8 s; peak memory 176 MiB.
2026-10-08T10:02:55Z INFO [63/750] 6d63a948-a4b3-4a4f-8e73-c7bdf6e8d904: Sackin index -0.0463; 3.6 s; peak memory 176 MiB.
2026-10-08T10:02:55Z INFO [64/750] 6d656d6e-867f-4a33-97a7-6de5764b7b7c: Sackin index -0.1161; 0.6 s; peak memory 176 MiB.
2026-10-08T10:02:56Z INFO [65/750] 6d660b37-4751-471a-952b-4670969b75a2: Sackin index -0.0728; 1.0 s; peak memory 176 MiB.
2026-10-08T10:02:57Z INFO [66/750] 6d660d44-ace7-487c-a959-aac784316b3e: Sackin index -0.1349; 0.7 s; peak memory 176 MiB.
2026-10-08T10:03:03Z INFO [67/750] 6d676889-8509-45e5-b60f-6d7ba68058ad: Sackin index -0.0288; 6.3 s; peak memory 177 MiB.
2026-10-08T10:03:04Z INFO [68/750] 6d679837-b6ed-463d-b409-b983807eb89e: Sackin index -0.0702; 1.0 s; peak memory 177 MiB.
2026-10-08T10:03:05Z INFO [69/750] 6d67e60e-d646-4a3f-8209-945fa6866f88: Sackin index -0.1191; 0.6 s; peak memory 177 MiB.
2026-10-08T10:03:06Z INFO [70/750] 6d68677e-b68a-43ef-a1dc-ba5e7bde9bb8: Sackin index -0.0702; 0.9 s; peak memory 177 MiB.
2026-10-08T10:03:31Z INFO [71/750] 6d6942df-cd17-4c98-abfb-3b9e616111da: Sackin index -0.1367; 25.4 s; peak memory 177 MiB.
2026-10-08T10:03:32Z INFO [72/750] 6d69b262-5d27-4c3d-9804-7b90b78804ae: Sackin index -0.0728; 0.9 s; peak memory 177 MiB.
2026-10-08T10:03:33Z INFO [73/750] 6d6a6c55-1f58-4490-8ba0-21f591547e42: Sackin index -0.0709; 0.8 s; peak memory 177 MiB.
2026-10-08T10:03:34Z INFO [74/750] 6d6adc76-5ce2-492c-902a-eec24d00b90b: Sackin index -0.0709; 0.9 s; peak memory 177 MiB.
2026-10-08T10:03:35Z INFO [75/750] 6d6ae6eb-8c25-41aa-a767-449aa98b7403: Sackin index -0.0681; 1.8 s; peak memory 177 MiB.
2026-10-08T10:03:37Z INFO [76/750] 6d6c313b-03e3-4055-9d7a-7d97bb68b3ec: Sackin index -0.0272; 1.5 s; peak memory 177 MiB.
2026-10-08T10:03:41Z INFO [77/750] 6d6c5281-9b8e-457b-81c7-c051996386e0: Sackin index -0.0403; 4.3 s; peak memory 177 MiB.
2026-10-08T10:03:42Z INFO [78/750] 6d6c6cc7-f058-4ca0-8538-644fad16138c: Sackin index -0.1000; 1.1 s; peak memory 177 MiB.
2026-10-08T10:03:43Z INFO [79/750] 6d6ccae1-c9f1-4f46-914b-dd4e814a3602: Sackin index -0.0696; 0.9 s; peak memory 177 MiB.
2026-10-08T10:03:44Z INFO [80/750] 6d6ceb11-d4e4-481e-ad2b-9072312ad30c: Sackin index -0.1658; 0.5 s; peak memory 177 MiB.
2026-10-08T10:03:45Z INFO [81/750] 6d6e1692-4f6c-4e11-a34b-42cef073acf0: Sackin index -0.0702; 1.2 s; peak memory 177 MiB.
2026-10-08T10:03:46Z INFO [82/750] 6d6eb37e-2789-4485-8b00-3edb4ccdcac5: Sackin index -0.0702; 0.9 s; peak memory 177 MiB.
2026-10-08T10:03:49Z INFO [83/750] 6d6efd96-9f32-4c31-b25e-d99684c3bbc9: Sackin index -0.0723; 3.6 s; peak memory 177 MiB.
2026-10-08T10:03:50Z INFO [84/750] 6d6f75f9-904c-4e1e-add4-bbc4dfba6e47: Sackin index -0.0728; 1.0 s; peak memory 177 MiB.
2026-10-08T10:04:01Z INFO [85/750] 6d6fb29e-7648-4fd4-a61b-76bcc6a5b540: Sackin index -0.1938; 10.7 s; peak memory 177 MiB.
2026-10-08T10:04:02Z INFO [86/750] 6d72d41e-d659-4b30-a5b2-3e163df52223: Sackin index -0.1349; 0.7 s; peak memory 177 MiB.
2026-10-08T10:04:03Z INFO [87/750] 6d73a8c0-6bb3-478d-943d-82e1b7f5553b: Sackin index -0.0745; 1.0 s; peak memory 177 MiB.
2026-10-08T10:04:26Z INFO [88/750] 6d740831-c1ff-4004-8231-106759537c17: Sackin index -0.1367; 23.3 s; peak memory 177 MiB.
2026-10-08T10:04:27Z INFO [89/750] 6d750dc3-31c2-40cf-9f33-4c25abb5f7b2: Sackin index -0.0881; 1.0 s; peak memory 177 MiB.
2026-10-08T10:04:28Z INFO [90/750] 6d752804-b3ff-4df3-9b66-9935cff24c17: Sackin index -0.0728; 1.0 s; peak memory 177 MiB.
2026-10-08T10:04:29Z INFO [91/750] 6d75e4b6-8443-4f27-8c39-38c737eca9a1: Sackin index -0.0696; 0.9 s; peak memory 177 MiB.
2026-10-08T10:04:30Z INFO [92/750] 6d767966-c3f1-465c-ad6d-1e06987fc37d: Sackin index -0.1273; 1.1 s; peak memory 177 MiB.
2026-10-08T10:04:31Z INFO [93/750] 6d76f52f-238e-44de-ac28-e86d13fd8563: Sackin index -0.1249; 1.3 s; peak memory 177 MiB.
2026-10-08T10:04:33Z INFO [94/750] 6d770ef1-fc6d-4b20-998d-fa46125cd428: Sackin index -0.0369; 1.4 s; peak memory 177 MiB.
2026-10-08T10:04:33Z INFO [95/750] 6d785d15-1b79-456f-9495-4efb11f0114b: Sackin index -0.2003; 0.6 s; peak memory 177 MiB.
2026-10-08T10:04:35Z INFO [96/750] 6d7936c3-0422-4159-a522-b2fc73ad2bc1: Sackin index -0.1709; 1.7 s; peak memory 177 MiB.
2026-10-08T10:04:36Z INFO [97/750] 6d7a05b9-3a19-4d19-b0c7-dc4b0404e25c: Sackin index -0.0702; 1.0 s; peak memory 177 MiB.
2026-10-08T10:04:37Z INFO [98/750] 6d7ad93e-4286-4034-a684-2e84f3e4d1a2: Sackin index -0.0702; 0.9 s; peak memory 177 MiB.
2026-10-08T10:04:37Z INFO [99/750] 6d7d1312-3152-4c34-a151-bc3705556816: Sackin index -0.1178; 0.6 s; peak memory 177 MiB.
2026-10-08T10:04:41Z INFO [100/750] 6d7dce09-ec72-4123-84ab-0ec868dd70fa: Sackin index -0.0611; 3.1 s; peak memory 177 MiB.
2026-10-08T10:04:41Z INFO [100/750] 6d7dce09-ec72-4123-84ab-0ec868dd70fa: checkpointed 99686 records.
2026-10-08T10:04:41Z INFO [101/750] 6d7e0934-1df4-44a6-be3b-56d50cc98fe2: Sackin index -0.1658; 0.4 s; peak memory 177 MiB.
2026-10-08T10:04:45Z INFO [102/750] 6d7e3df9-56ff-432a-8a70-0536f44959e6: Sackin index -0.0252; 3.6 s; peak memory 177 MiB.
2026-10-08T10:04:45Z INFO [103/750] 6d7e6149-7574-49cf-9cf1-ae6a211e0f1d: Sackin index -0.1658; 0.6 s; peak memory 177 MiB.
2026-10-08T10:04:46Z INFO [104/750] 6d7f1b33-a961-49a3-b2f5-51649b6a94c8: Sackin index -0.0702; 0.9 s; peak memory 177 MiB.
2026-10-08T10:04:47Z INFO [105/750] 6d7f6d50-68e2-4ab7-9c76-c3e330578917: Sackin index -0.0383; 0.9 s; peak memory 177 MiB.
2026-10-08T10:04:54Z INFO [106/750] 6d810408-2e75-4756-be76-876d5818d5d0: Sackin index -0.0138; 6.7 s; peak memory 177 MiB.
2026-10-08T10:04:55Z INFO [107/750] 6d810741-101c-4b6f-aeb9-1c4767d77210: Sackin index -0.1303; 0.6 s; peak memory 177 MiB.
2026-10-08T10:04:56Z INFO [108/750] 6d81c135-9f0d-4441-a330-b34291262993: Sackin index -0.0728; 1.0 s; peak memory 177 MiB.
2026-10-08T10:04:56Z INFO [109/750] 6d822aa2-be1c-48c4-9e13-e9aa9d3f8dde: Sackin index -0.1349; 0.7 s; peak memory 177 MiB.
2026-10-08T10:04:57Z INFO [110/750] 6d83f9a6-dbfd-465c-9b65-5a540f177f4d: Sackin index -0.1349; 0.9 s; peak memory 177 MiB.
2026-10-08T10:04:58Z INFO [111/750] 6d841c59-fa6e-4991-82c6-e674ab1743ef: Sackin index -0.1349; 0.9 s; peak memory 177 MiB.
2026-10-08T10:04:59Z INFO [112/750] 6d855605-0be6-4bb1-acf1-fcec56a0befd: Sackin index -0.0375; 0.9 s; peak memory 177 MiB.
2026-10-08T10:05:00Z INFO [113/750] 6d85ea47-ee3b-46e3-b517-ba65b2679481: Sackin index -0.0722; 0.8 s; peak memory 177 MiB.
2026-10-08T10:05:04Z INFO [114/750] 6d860f87-cab7-4887-81fd-d6cb47822c41: Sackin index -0.0415; 3.8 s; peak memory 177 MiB.
2026-10-08T10:05:06Z INFO [115/750] 6d86499d-aa63-4587-b30b-03a6383ba651: Sackin index -0.1062; 2.9 s; peak memory 177 MiB.
2026-10-08T10:05:13Z INFO [116/750] 6d868d49-4d61-48a9-adb3-71d68e485c4b: Sackin index -0.0017; 6.2 s; peak memory 254 MiB.
2026-10-08T10:05:14Z INFO [117/750] 6d874ceb-4e29-4afb-84fd-b3c8987314d7: Sackin index -0.0728; 0.9 s; peak memory 254 MiB.
2026-10-08T10:05:14Z INFO [118/750] 6d87515b-4811-4804-bf79-750e39bb56fa: Sackin index -0.1161; 0.7 s; peak memory 254 MiB.
2026-10-08T10:05:15Z INFO [119/750] 6d880b0a-a0ff-4d77-959a-c34fc73210c6: Sackin index -0.1273; 1.1 s; peak memory 254 MiB.
2026-10-08T10:05:16Z INFO [120/750] 6d882521-9359-45e8-840b-5135abf6fc60: Sackin index -0.0702; 1.0 s; peak memory 254 MiB.
2026-10-08T10:05:17Z INFO [121/750] 6d88ce5d-d5f7-46c2-abac-9001c111bc31: Sackin index -0.1201; 0.7 s; peak memory 254 MiB.
2026-10-08T10:05:19Z INFO [122/750] 6d8934e7-8609-42ee-af0b-78f929d3e51f: Sackin index -0.0665; 2.3 s; peak memory 254 MiB.
2026-10-08T10:05:22Z INFO [123/750] 6d8948f9-0294-49b2-b0d9-5d6d0ee076cb: Sackin index -0.1117; 3.1 s; peak memory 254 MiB.
2026-10-08T10:05:23Z INFO [124/750] 6d89a8ba-29d8-4746-8f98-6232ab5d94d2: Sackin index -0.1349; 0.7 s; peak memory 254 MiB.
2026-10-08T10:05:24Z INFO [125/750] 6d8cff31-31f3-4c9c-9b90-a39e5a258cf3: Sackin index -0.0728; 0.8 s; peak memory 254 MiB.
2026-10-08T10:05:26Z INFO [126/750] 6d8d98fc-02c9-4316-a763-2ea327266d8e: Sackin index -0.0369; 1.5 s; peak memory 254 MiB.
2026-10-08T10:05:26Z INFO [127/750] 6d8da112-1af1-4928-b46e-31c9a4381298: Sackin index -0.0702; 0.9 s; peak memory 254 MiB.
2026-10-08T10:05:29Z INFO [128/750] 6d8e167e-21bb-4f89-8d05-8989d62ce138: Sackin index -0.0284; 2.3 s; peak memory 254 MiB.
2026-10-08T10:05:30Z INFO [129/750] 6d8e41ee-e965-45ca-9594-338cfca3fa35: Sackin index -0.1349; 0.8 s; peak memory 254 MiB.
2026-10-08T10:09:43Z INFO [130/750] 6d8e4d3f-9e8e-4fc9-8519-d106ac9d33f6: Sackin index -0.0269; 253.1 s; peak memory 524 MiB.
2026-10-08T10:09:44Z INFO [131/750] 6d8fe330-5129-408b-b1d7-8a1380c506fa: Sackin index -0.0702; 0.9 s; peak memory 524 MiB.
2026-10-08T10:09:45Z INFO [132/750] 6d90d0de-fd4b-433a-a288-1ef1560f924d: Sackin index -0.1273; 1.2 s; peak memory 524 MiB.
2026-10-08T10:09:45Z INFO [133/750] 6d912dde-1aea-4811-bdd8-48e7141c9f1a: Sackin index -0.1658; 0.5 s; peak memory 524 MiB.
2026-10-08T10:09:47Z INFO [134/750] 6d92182b-d68a-4eae-98c9-95972399a56f: Sackin index -0.1380; 1.3 s; peak memory 524 MiB.
2026-10-08T10:09:48Z INFO [135/750] 6d922701-654a-4fc2-a100-125e28d338cb: Sackin index -0.0272; 1.2 s; peak memory 524 MiB.
2026-10-08T10:09:49Z INFO [136/750] 6d92d12d-203c-493d-a448-b7384e9d0ddd: Sackin index -0.1562; 0.9 s; peak memory 524 MiB.
2026-10-08T10:09:49Z INFO [137/750] 6d9329e1-6e36-4c57-838c-6a135d351c59: Sackin index -0.1349; 0.7 s; peak memory 524 MiB.
2026-10-08T10:09:50Z INFO [138/750] 6d9371d6-c6d1-4aa5-8406-2463532df5b9: Sackin index -0.1349; 0.8 s; peak memory 524 MiB.
2026-10-08T10:09:55Z INFO [139/750] 6d948688-4972-4f3c-8872-ed4fa413000b: Sackin index -0.0435; 4.4 s; peak memory 524 MiB.
2026-10-08T10:09:55Z INFO [140/750] 6d953774-208f-429a-8c39-99f6202abb8c: Sackin index -0.3646; 0.5 s; peak memory 524 MiB.
2026-10-08T10:09:57Z INFO [141/750] 6d960996-936e-44c6-a83b-b6aac8504291: Sackin index -0.0579; 1.8 s; peak memory 524 MiB.
2026-10-08T10:09:57Z INFO [142/750] 6d960beb-e72e-4ffe-bbee-04e0e53e0f91: Sackin index -0.1331; 0.6 s; peak memory 524 MiB.
2026-10-08T10:09:58Z INFO [143/750] 6d96201b-29e4-4522-b7b8-9663c05ffd70: Sackin index -0.1349; 0.7 s; peak memory 524 MiB.
2026-10-08T10:09:59Z INFO [144/750] 6d963f2f-3b8c-437c-9187-cd760a5ed4e3: Sackin index -0.0375; 0.9 s; peak memory 524 MiB.
2026-10-08T10:10:00Z INFO [145/750] 6d968d0c-0e8c-4e35-97f9-fa24cc5be9bf: Sackin index -0.0728; 0.9 s; peak memory 524 MiB.
2026-10-08T10:10:01Z INFO [146/750] 6d969805-0198-46eb-8149-b6ebb4a3675e: Sackin index -0.0833; 0.8 s; peak memory 524 MiB.
2026-10-08T10:10:01Z INFO [147/750] 6d96c53c-fdf6-4419-8e0b-8c0aa913e30d: Sackin index -0.0696; 0.8 s; peak memory 524 MiB.
2026-10-08T10:10:05Z INFO [148/750] 6d974328-70b2-438e-bab9-bfab59fb76ca: Sackin index -0.0411; 4.1 s; peak memory 524 MiB.
2026-10-08T10:10:09Z INFO [149/750] 6d98a3ab-da8e-4b69-add0-5abd0a481efd: Sackin index -0.0431; 3.7 s; peak memory 524 MiB.
2026-10-08T10:10:10Z INFO [150/750] 6d98d70e-b6e8-4310-b867-8492c9f67be2: Sackin index -0.0369; 1.3 s; peak memory 524 MiB.
2026-10-08T10:10:11Z INFO [150/750] 6d98d70e-b6e8-4310-b867-8492c9f67be2: checkpointed 99736 records.
2026-10-08T10:10:12Z INFO [151/750] 6d99f93a-205a-4e1a-87e7-2a2b2b2dd06b: Sackin index -0.0376; 0.9 s; peak memory 524 MiB.
2026-10-08T10:10:12Z INFO [152/750] 6d9a7df8-6bc6-4626-af8d-a56c8cecf6ea: Sackin index -0.0696; 0.8 s; peak memory 524 MiB.
2026-10-08T10:10:13Z INFO [153/750] 6d9b0e89-1331-4596-ab42-a1093b9f0d7c: Sackin index -0.0702; 0.9 s; peak memory 524 MiB.
2026-10-08T10:10:16Z INFO [154/750] 6d9c48a1-ec15-47a9-8931-584832837643: Sackin index -0.0301; 2.6 s; peak memory 524 MiB.
2026-10-08T10:10:22Z INFO [155/750] 6d9c4afe-7bd8-46c1-aa0c-a7b7bff9e076: Sackin index -0.0341; 5.8 s; peak memory 524 MiB.
2026-10-08T10:10:26Z INFO [156/750] 6d9d38a0-5d61-4d46-89d7-6d964e9290ba: Sackin index -0.0251; 4.2 s; peak memory 524 MiB.
2026-10-08T10:10:35Z INFO [157/750] 6d9f2bb9-a644-45f3-b8e7-7ad0979a3860: Sackin index -0.0140; 8.7 s; peak memory 524 MiB.
2026-10-08T10:10:36Z INFO [158/750] 6d9f2ff7-8077-4dd2-9488-490feeb1d83c: Sackin index -0.0745; 1.0 s; peak memory 524 MiB.
2026-10-08T10:10:36Z INFO [159/750] 6d9f4725-3272-4118-b841-0fb30e9a7ea2: Sackin index -0.0696; 0.8 s; peak memory 524 MiB.
2026-10-08T10:10:37Z INFO [160/750] 6d9fee2e-bc48-48f7-9787-a9e3a898ca5e: Sackin index -0.1248; 1.0 s; peak memory 524 MiB.
2026-10-08T10:10:39Z INFO [161/750] 6da071ee-14db-4631-ad4a-8033a3d1de3f: Sackin index -0.1269; 1.2 s; peak memory 524 MiB.
2026-10-08T10:10:40Z INFO [162/750] 6da1589f-9b1c-46f8-9f75-4fa253c39794: Sackin index -0.1938; 1.5 s; peak memory 524 MiB.
2026-10-08T10:10:45Z INFO [163/750] 6da22511-4a2e-45a1-a932-91ff88d6dd26: Sackin index -0.0476; 5.0 s; peak memory 524 MiB.
2026-10-08T10:10:46Z INFO [164/750] 6da36e22-9444-4008-9ade-572242a59470: Sackin index -0.1013; 1.0 s; peak memory 524 MiB.
2026-10-08T10:10:48Z INFO [165/750] 6da38ccd-0b7a-449a-9b9f-82bec4e7b665: Sackin index -0.0699; 1.6 s; peak memory 524 MiB.
2026-10-08T10:10:49Z INFO [166/750] 6da3c9a8-b311-495f-8716-fe924349deb4: Sackin index -0.0457; 1.0 s; peak memory 524 MiB.
2026-10-08T10:10:50Z INFO [167/750] 6da44fa9-091e-429d-b034-c0bab7becf45: Sackin index -0.2229; 0.9 s; peak memory 524 MiB.
2026-10-08T10:10:52Z INFO [168/750] 6da462e2-6d91-468c-84ff-3d1896d71a60: Sackin index -0.0507; 2.4 s; peak memory 524 MiB.
2026-10-08T10:10:53Z INFO [169/750] 6da48dcb-84c0-4f97-9f8f-f5a63d18eb5e: Sackin index -0.1349; 0.7 s; peak memory 524 MiB.
2026-10-08T10:10:53Z INFO [170/750] 6da48e5b-3ebd-4637-9b36-44da414aaf8a: Sackin index -0.0702; 0.7 s; peak memory 524 MiB.
2026-10-08T10:10:54Z INFO [171/750] 6da4fcce-54a5-461d-9bdd-eebe16b8f4f2: Sackin index -0.0649; 0.7 s; peak memory 524 MiB.
2026-10-08T10:10:59Z INFO [172/750] 6da5c62d-1366-4563-a994-72709092d236: Sackin index -0.0235; 4.9 s; peak memory 524 MiB.
2026-10-08T10:11:00Z INFO [173/750] 6da95eb7-69a5-4869-85c7-203ee3758288: Sackin index -0.1349; 0.6 s; peak memory 524 MiB.
2026-10-08T10:11:01Z INFO [174/750] 6da96506-9157-4136-a26b-4754248305ba: Sackin index -0.0371; 1.0 s; peak memory 524 MiB.
2026-10-08T10:11:01Z INFO [175/750] 6da9d047-3824-401b-8d25-e224627cd096: Sackin index -0.1174; 0.6 s; peak memory 524 MiB.
2026-10-08T10:11:02Z INFO [176/750] 6daa1719-39e7-4e20-9c78-8a75a32c4c64: Sackin index -0.1239; 0.6 s; peak memory 524 MiB.
2026-10-08T10:11:03Z INFO [177/750] 6daae7b4-26c0-4d19-895b-2ec54b07342a: Sackin index -0.0944; 1.1 s; peak memory 524 MiB.
2026-10-08T10:11:05Z INFO [178/750] 6dabf373-bfac-4e5d-8a72-30225bd9c5c1: Sackin index -0.0699; 1.8 s; peak memory 524 MiB.
2026-10-08T10:11:05Z INFO [179/750] 6dae09d7-0b0e-4ab7-a047-a7baba8ef732: Sackin index -0.1120; 0.5 s; peak memory 524 MiB.
2026-10-08T10:11:06Z INFO [180/750] 6dae3b4c-997c-4bed-b1b9-3e9c22d39a7d: Sackin index -0.1938; 0.6 s; peak memory 524 MiB.
2026-10-08T10:11:07Z INFO [181/750] 6daf2610-caff-4070-8633-1a76c62332ef: Sackin index -0.0745; 1.0 s; peak memory 524 MiB.
2026-10-08T10:11:08Z INFO [182/750] 6daf3952-1c3a-41c8-9114-d3c5010c81ed: Sackin index -0.0728; 0.7 s; peak memory 524 MiB.
2026-10-08T10:11:30Z INFO [183/750] 6db0e5c4-a2ec-460f-a491-5ffd53c7a047: Sackin index -0.2073; 22.5 s; peak memory 524 MiB.
2026-10-08T10:11:31Z INFO [184/750] 6db10c90-cf45-40cd-8cea-a63080839134: Sackin index -0.0702; 0.9 s; peak memory 524 MiB.
2026-10-08T10:11:38Z INFO [185/750] 6db1de18-8436-493b-8c8b-a5dd92c26e79: Sackin index -0.0122; 7.0 s; peak memory 524 MiB.
2026-10-08T10:11:39Z INFO [186/750] 6db262b8-f932-4a01-b90a-265ef1a4d5d5: Sackin index -0.0728; 1.1 s; peak memory 524 MiB.
2026-10-08T10:11:40Z INFO [187/750] 6db3bec5-6bdf-4f36-9194-085a41293227: Sackin index -0.1349; 0.9 s; peak memory 524 MiB.
2026-10-08T10:11:41Z INFO [188/750] 6db3d147-b286-4797-99a5-c5673434f5d0: Sackin index -0.0728; 0.9 s; peak memory 524 MiB.
2026-10-08T10:11:42Z INFO [189/750] 6db427c8-44e1-48a2-8b67-2ad97ac61dc6: Sackin index -0.1294; 1.4 s; peak memory 524 MiB.
2026-10-08T10:11:43Z INFO [190/750] 6db4b7fa-cfba-43b3-a483-ffb98dda7cac: Sackin index -0.0702; 0.9 s; peak memory 524 MiB.
2026-10-08T10:11:44Z INFO [191/750] 6db4c10c-89fb-45cb-8b50-479b6145fa0d: Sackin index -0.1349; 0.7 s; peak memory 524 MiB.
2026-10-08T10:11:49Z INFO [192/750] 6db63f51-6906-4b40-ba57-99c627ab368d: Sackin index -0.1938; 5.2 s; peak memory 524 MiB.
2026-10-08T10:11:50Z INFO [193/750] 6db6eb29-7ade-4104-98bf-5084a7f577ca: Sackin index -0.1000; 0.9 s; peak memory 524 MiB.
2026-10-08T10:11:51Z INFO [194/750] 6db78d31-5ff6-4b72-81d2-1171e816deb0: Sackin index -0.1208; 0.6 s; peak memory 524 MiB.
2026-10-08T10:11:53Z INFO [195/750] 6db7ecbd-2d5e-40f9-b32c-fa579acb9be3: Sackin index -0.0660; 2.2 s; peak memory 524 MiB.
2026-10-08T10:12:04Z INFO [196/750] 6db84e0e-23bf-49b3-a805-b632afde8b94: Sackin index -0.0372; 10.9 s; peak memory 524 MiB.
2026-10-08T10:12:05Z INFO [197/750] 6db94233-a37a-4756-b2a8-4e8e8f48ca4c: Sackin index -0.0702; 0.8 s; peak memory 524 MiB.
2026-10-08T10:12:05Z INFO [198/750] 6db9a959-0298-4d6a-8ac8-3149a967d958: Sackin index -0.1349; 0.8 s; peak memory 524 MiB.
2026-10-08T10:12:06Z INFO [199/750] 6dbab340-bf9a-45fd-a903-03bdab1bb4d0: Sackin index -0.0702; 0.8 s; peak memory 524 MiB.
2026-10-08T10:12:08Z INFO [200/750] 6dbab511-a76f-4b5c-8b1b-963d6466bdb3: Sackin index -0.0168; 1.3 s; peak memory 524 MiB.
2026-10-08T10:12:08Z INFO [200/750] 6dbab511-a76f-4b5c-8b1b-963d6466bdb3: checkpointed 99786 records.
2026-10-08T10:12:09Z INFO [201/750] 6dbabb4d-39b3-4256-a730-fc06a9a38b89: Sackin index -0.0728; 1.2 s; peak memory 524 MiB.
2026-10-08T10:12:10Z INFO [202/750] 6dbc4b3d-101c-4dca-8c0d-4a5d07830ac2: Sackin index -0.0702; 1.0 s; peak memory 524 MiB.
2026-10-08T10:12:11Z INFO [203/750] 6dbcc3ef-b77d-4f3c-919d-77fe4d0341b1: Sackin index -0.1349; 0.7 s; peak memory 524 MiB.
2026-10-08T10:12:11Z INFO [204/750] 6dbd0a61-d583-419b-967e-8a4751298618: Sackin index -0.1349; 0.9 s; peak memory 524 MiB.
2026-10-08T10:12:17Z INFO [205/750] 6dbd90be-2bcd-4052-abc1-448ae9048501: Sackin index -0.0144; 5.4 s; peak memory 524 MiB.
2026-10-08T10:12:29Z INFO [206/750] 6dbd9231-720e-4759-b1f4-0ad4a8f7d4a3: Sackin index -0.0373; 11.9 s; peak memory 524 MiB.
2026-10-08T10:12:34Z INFO [207/750] 6dbdac8e-2348-4b94-9079-29aaa3d13d9f: Sackin index -0.0150; 5.4 s; peak memory 524 MiB.
2026-10-08T10:13:32Z INFO [208/750] 6dbe30b8-443f-43be-939d-1671fd0c6a53: Sackin index -0.1239; 58.2 s; peak memory 524 MiB.
2026-10-08T10:13:34Z INFO [209/750] 6dbf0420-480c-4a09-b6d0-2adbb294db25: Sackin index -0.0379; 1.2 s; peak memory 524 MiB.
2026-10-08T10:13:36Z INFO [210/750] 6dbfdbad-6113-4f50-82e4-e0559f277457: Sackin index -0.1266; 2.1 s; peak memory 524 MiB.
2026-10-08T10:13:41Z INFO [211/750] 6dc02b6c-acef-4a39-b362-89a4843a1a4e: Sackin index -0.0438; 4.9 s; peak memory 524 MiB.
2026-10-08T10:13:41Z INFO [212/750] 6dc09359-b5d8-49ed-9269-e2a439442639: Sackin index -0.1015; 0.8 s; peak memory 524 MiB.
2026-10-08T10:13:42Z INFO [213/750] 6dc0bb2c-068f-4753-9119-6c87c2c127bb: Sackin index -0.0696; 0.8 s; peak memory 524 MiB.
2026-10-08T10:13:44Z INFO [214/750] 6dc0d98e-6152-4dbf-a378-eedf09be8e68: Sackin index -0.0695; 2.0 s; peak memory 524 MiB.
2026-10-08T10:13:45Z INFO [215/750] 6dc0ddbb-06c1-44e7-95fb-0eec72f134aa: Sackin index -0.0702; 0.9 s; peak memory 524 MiB.
2026-10-08T10:13:51Z INFO [216/750] 6dc16b0e-9c0d-4aa6-87cf-d719be77a270: Sackin index -0.0341; 5.6 s; peak memory 524 MiB.
2026-10-08T10:13:52Z INFO [217/750] 6dc23197-23ae-42b4-8bab-b3aef0710cb7: Sackin index -0.0676; 1.5 s; peak memory 524 MiB.
2026-10-08T10:13:54Z INFO [218/750] 6dc2848b-384d-4d43-a138-eec1749de26f: Sackin index -0.0676; 1.4 s; peak memory 524 MiB.
2026-10-08T10:13:54Z INFO [219/750] 6dc391dd-bc38-4d2f-ad22-23f078640a2f: Sackin index -0.0728; 0.8 s; peak memory 524 MiB.
2026-10-08T10:13:55Z INFO [220/750] 6dc4f003-9478-4d05-af71-52d597fbd285: Sackin index -0.1658; 0.5 s; peak memory 524 MiB.
2026-10-08T10:13:56Z INFO [221/750] 6dc5acb4-9e11-48e5-87fc-72e05fe509e1: Sackin index -0.1349; 0.7 s; peak memory 524 MiB.
2026-10-08T10:14:00Z INFO [222/750] 6dc618b6-7c88-4a93-bc4a-9144e1fba177: Sackin index -0.0238; 4.7 s; peak memory 524 MiB.
2026-10-08T10:14:29Z INFO [223/750] 6dc6e26a-c109-4d35-81cb-feffa4290371: Sackin index -0.1367; 28.2 s; peak memory 524 MiB.
2026-10-08T10:14:30Z INFO [224/750] 6dc7b77b-8a25-4140-a37b-bcbd08d5dade: Sackin index -0.1370; 1.3 s; peak memory 524 MiB.
2026-10-08T10:14:31Z INFO [225/750] 6dc801f7-21a2-4080-a8c7-f8d5c1ee4415: Sackin index -0.1349; 0.7 s; peak memory 524 MiB.
2026-10-08T10:14:31Z INFO [226/750] 6dc9296c-7344-4d27-a788-e9e8087a2884: Sackin index -0.0709; 0.9 s; peak memory 524 MiB.
2026-10-08T10:14:32Z INFO [227/750] 6dca4162-6818-4fb3-b127-7660ba459100: Sackin index -0.0702; 0.8 s; peak memory 524 MiB.
2026-10-08T10:14:49Z INFO [228/750] 6dca626c-0ba4-464b-ac74-afdab0183bb0: Sackin index -0.0165; 16.4 s; peak memory 524 MiB.
2026-10-08T10:14:54Z INFO [229/750] 6dca80f1-36ba-4127-8ad0-e07a927c5ca4: Sackin index -0.0476; 5.1 s; peak memory 524 MiB.
2026-10-08T10:14:54Z INFO [230/750] 6dcc1dbd-2d93-4357-8edd-ace337ee44e0: Sackin index -0.1461; 0.7 s; peak memory 524 MiB.
2026-10-08T10:14:55Z INFO [231/750] 6dcc77c4-e7b9-451d-86c3-9f3fb49d02e8: Sackin index -0.1658; 0.5 s; peak memory 524 MiB.
2026-10-08T10:14:58Z INFO [232/750] 6dccdcb2-bf41-4ce6-a56e-d745fc64784e: Sackin index -0.1938; 3.2 s; peak memory 524 MiB.
2026-10-08T10:14:59Z INFO [233/750] 6dceffb2-353a-4fc6-9e48-a4c7cf1fe9d6: Sackin index -0.0728; 1.1 s; peak memory 524 MiB.
2026-10-08T10:15:00Z INFO [234/750] 6dcf8f36-c7ae-4759-9ce2-b895312e2cab: Sackin index -0.0881; 0.9 s; peak memory 524 MiB.
2026-10-08T10:15:01Z INFO [235/750] 6dcfee55-dfd2-4253-892c-fcaba0c8f44d: Sackin index -0.1349; 0.8 s; peak memory 524 MiB.
2026-10-08T10:15:02Z INFO [236/750] 6dd00c45-1a99-49ef-9bc4-5323b0ce09bf: Sackin index -0.0375; 1.0 s; peak memory 524 MiB.
2026-10-08T10:15:03Z INFO [237/750] 6dd0a6f5-7b90-4979-ac3e-a3698df49c31: Sackin index -0.1349; 0.8 s; peak memory 524 MiB.
2026-10-08T10:15:03Z INFO [238/750] 6dd0ae71-00f0-478a-8501-d45f3d3189e0: Sackin index -0.1298; 0.6 s; peak memory 524 MiB.
2026-10-08T10:15:04Z INFO [239/750] 6dd1334d-29f2-401c-bc50-dad925a375d1: Sackin index -0.3646; 0.5 s; peak memory 524 MiB.
2026-10-08T10:15:04Z INFO [240/750] 6dd1d565-4da5-4055-bca4-ac6370bca0ea: Sackin index -0.1349; 0.8 s; peak memory 524 MiB.
2026-10-08T10:15:14Z INFO [241/750] 6dd22bb7-d50b-4a85-809b-2186e77c5863: Sackin index -0.0115; 9.3 s; peak memory 524 MiB.
2026-10-08T10:15:15Z INFO [242/750] 6dd3f95c-8761-4d60-9040-31d202c0f302: Sackin index -0.0275; 1.1 s; peak memory 524 MiB.
2026-10-08T10:15:16Z INFO [243/750] 6dd5613f-9347-4a9b-b9bf-e78c87268a9c: Sackin index -0.0375; 1.2 s; peak memory 524 MiB.
2026-10-08T10:15:17Z INFO [244/750] 6dd67acf-3448-467f-8d65-a9045d6c687e: Sackin index -0.1248; 0.7 s; peak memory 524 MiB.
2026-10-08T10:15:18Z INFO [245/750] 6dd6b514-fde7-40e2-bd38-42e6dad5cb88: Sackin index -0.0709; 0.9 s; peak memory 524 MiB.
2026-10-08T10:15:19Z INFO [246/750] 6dd72d91-ff44-4419-ae2f-588f9fd7f15b: Sackin index -0.0709; 0.7 s; peak memory 524 MiB.
2026-10-08T10:15:19Z INFO [247/750] 6dd77c98-1661-46ae-8eb5-173ea01334ce: Sackin index -0.1349; 0.8 s; peak memory 524 MiB.
2026-10-08T10:15:20Z INFO [248/750] 6dda1654-1d7a-44a1-9bbe-616159f55ef2: Sackin index -0.0728; 1.0 s; peak memory 524 MiB.
2026-10-08T10:15:21Z INFO [249/750] 6ddab64a-fbf9-4ae0-9709-21b08a842e18: Sackin index -0.0896; 0.8 s; peak memory 524 MiB.
2026-10-08T10:15:25Z INFO [250/750] 6ddbbfea-15b3-46a6-835d-c344e9210cec: Sackin index -0.0383; 3.6 s; peak memory 524 MiB.
2026-10-08T10:15:25Z INFO [250/750] 6ddbbfea-15b3-46a6-835d-c344e9210cec: checkpointed 99836 records.
2026-10-08T10:15:26Z INFO [251/750] 6ddbc816-2cb3-4b25-85db-1087f97740ac: Sackin index -0.1349; 0.9 s; peak memory 524 MiB.
2026-10-08T10:15:27Z INFO [252/750] 6ddbf3f5-248d-4790-963c-b85b2406edd4: Sackin index -0.1349; 0.8 s; peak memory 524 MiB.
2026-10-08T10:15:29Z INFO [253/750] 6ddc282d-51dd-4817-8cf1-4411f3684965: Sackin index -0.0350; 2.1 s; peak memory 524 MiB.
2026-10-08T10:15:30Z INFO [254/750] 6ddd4b02-c9c1-4e59-bd6f-a987f6c9c35c: Sackin index -0.0728; 1.0 s; peak memory 524 MiB.
2026-10-08T10:15:31Z INFO [255/750] 6ddd8408-b941-4ce2-9115-8790b0825111: Sackin index -0.0746; 1.2 s; peak memory 524 MiB.
2026-10-08T10:15:32Z INFO [256/750] 6dddec29-cc7e-44ae-9d7d-eda719daa3e4: Sackin index -0.0702; 0.9 s; peak memory 524 MiB.
2026-10-08T10:15:36Z INFO [257/750] 6dde60e7-2a9a-49f0-82a1-686df0cd3756: Sackin index -0.0455; 4.4 s; peak memory 524 MiB.
2026-10-08T10:15:42Z INFO [258/750] 6dde8618-6c06-4a00-b65e-e2898c7a6cc3: Sackin index -0.0308; 5.9 s; peak memory 524 MiB.
2026-10-08T10:15:43Z INFO [259/750] 6ddf4031-e05f-43c5-9f2b-a77fa970b2c5: Sackin index -0.1349; 0.9 s; peak memory 524 MiB.
2026-10-08T10:15:45Z INFO [260/750] 6ddfdbf8-c84e-4573-9733-0363481df408: Sackin index -0.0660; 2.3 s; peak memory 524 MiB.
2026-10-08T10:15:46Z INFO [261/750] 6ddfe7f1-5447-4345-a141-225361a5b9c2: Sackin index -0.1390; 0.9 s; peak memory 524 MiB.
2026-10-08T10:15:47Z INFO [262/750] 6de0a1e6-a005-4d57-8fd8-d3c4bab11a76: Sackin index -0.0377; 0.8 s; peak memory 524 MiB.
2026-10-08T10:15:48Z INFO [263/750] 6de0a9d3-1ad0-42fb-8748-3e571128330d: Sackin index -0.1120; 0.6 s; peak memory 524 MiB.
2026-10-08T10:15:48Z INFO [264/750] 6de21b79-3ec4-4efd-a81d-909b34ba0f5f: Sackin index -0.1230; 0.6 s; peak memory 524 MiB.
2026-10-08T10:15:56Z INFO [265/750] 6de25a0a-2e44-4e13-98b8-27a0e41881c7: Sackin index -0.0173; 7.8 s; peak memory 524 MiB.
2026-10-08T10:15:57Z INFO [266/750] 6de298a7-bd1e-4c9c-9c8b-c3b406adf5eb: Sackin index -0.0728; 1.0 s; peak memory 524 MiB.
2026-10-08T10:15:58Z INFO [267/750] 6de33402-eaf7-4adb-8545-49bafa1534b7: Sackin index -0.1349; 0.9 s; peak memory 524 MiB.
2026-10-08T10:16:02Z INFO [268/750] 6de42ed0-c180-4c7b-af1a-3f6dcd97690b: Sackin index -0.0193; 4.2 s; peak memory 524 MiB.
2026-10-08T10:16:03Z INFO [269/750] 6de4881a-4eaf-4d36-9060-d2874c3b9d88: Sackin index -0.0702; 0.9 s; peak memory 524 MiB.
2026-10-08T10:16:05Z INFO [270/750] 6de4948e-bcda-4f00-b535-67d1ba4d0dba: Sackin index -0.0648; 2.4 s; peak memory 524 MiB.
2026-10-08T10:16:06Z INFO [271/750] 6de4d3cf-8f27-4a92-9ef6-3d7a22fb6834: Sackin index -0.0702; 0.7 s; peak memory 524 MiB.
2026-10-08T10:16:09Z INFO [272/750] 6de54a95-93f7-49ea-95c2-6ff7f416646b: Sackin index -0.0661; 2.4 s; peak memory 524 MiB.
2026-10-08T10:16:10Z INFO [273/750] 6de55b97-37c7-4c79-b0b4-e4f85e15bfd3: Sackin index -0.1191; 1.3 s; peak memory 524 MiB.
2026-10-08T10:16:11Z INFO [274/750] 6de58f92-821e-4661-9654-5a8adc46716a: Sackin index -0.0676; 1.5 s; peak memory 524 MiB.
2026-10-08T10:16:13Z INFO [275/750] 6de5a0f1-c905-418a-82e3-a1a9c26c56af: Sackin index -0.0671; 1.8 s; peak memory 524 MiB.
2026-10-08T10:16:14Z INFO [276/750] 6de6731d-dd55-4f60-bddb-b7d5db5644d2: Sackin index -0.1201; 0.8 s; peak memory 524 MiB.
2026-10-08T10:16:14Z INFO [277/750] 6de6895b-8372-4507-83de-c345b3ebc223: Sackin index -0.1658; 0.4 s; peak memory 524 MiB.
2026-10-08T10:16:15Z INFO [278/750] 6de72c1a-bd64-4c79-a036-596186f7e9cb: Sackin index -0.0696; 0.9 s; peak memory 524 MiB.
2026-10-08T10:16:19Z INFO [279/750] 6de8b4ff-fa25-433b-87db-c2985696140b: Sackin index -0.0251; 4.3 s; peak memory 524 MiB.
2026-10-08T10:16:20Z INFO [280/750] 6de8e4e1-86b5-4023-b841-fc80c769330a: Sackin index -0.1408; 0.8 s; peak memory 524 MiB.
2026-10-08T10:16:21Z INFO [281/750] 6de8e5e3-c37e-4cac-ad96-a322edbdc62a: Sackin index -0.0702; 0.9 s; peak memory 524 MiB.
2026-10-08T10:16:22Z INFO [282/750] 6de968ea-ecfd-47db-9f54-5d322fe0c8a7: Sackin index -0.1349; 0.9 s; peak memory 524 MiB.
2026-10-08T10:16:23Z INFO [283/750] 6de9b6c2-f15b-41b5-961d-fec23ae6e8ab: Sackin index -0.1658; 0.4 s; peak memory 524 MiB.
2026-10-08T10:16:23Z INFO [284/750] 6dea059c-849b-4d2b-86fc-e64aaef157d3: Sackin index -0.0728; 1.0 s; peak memory 524 MiB.
2026-10-08T10:16:24Z INFO [285/750] 6dea9927-ac2b-40a9-8a57-c82ca33e3900: Sackin index -0.0702; 0.9 s; peak memory 524 MiB.
2026-10-08T10:16:26Z INFO [286/750] 6deb5916-f452-4144-ae1a-3d3f98ca3795: Sackin index -0.1938; 1.7 s; peak memory 524 MiB.
2026-10-08T10:16:27Z INFO [287/750] 6debb1fe-574e-42c4-9e33-5260b12ace30: Sackin index -0.0681; 1.2 s; peak memory 524 MiB.
2026-10-08T10:16:29Z INFO [288/750] 6dee9b89-50d9-4c7b-9e7b-721d0fa489c2: Sackin index -0.0728; 1.2 s; peak memory 524 MiB.
2026-10-08T10:16:29Z INFO [289/750] 6deefb9f-a856-4c7b-9c4a-0b9be7f5fcdb: Sackin index -0.1303; 0.5 s; peak memory 524 MiB.
2026-10-08T10:16:32Z INFO [290/750] 6def05ae-fc9f-4802-917f-90ce3df4bebd: Sackin index -0.1688; 2.6 s; peak memory 524 MiB.
2026-10-08T10:16:32Z INFO [291/750] 6defa041-b2c1-4165-9f75-249f89203553: Sackin index -0.1349; 0.8 s; peak memory 524 MiB.
2026-10-08T10:16:33Z INFO [292/750] 6df024e3-4068-4d8d-b765-a445a776085a: Sackin index -0.0434; 1.0 s; peak memory 524 MiB.
2026-10-08T10:16:34Z INFO [293/750] 6df042a2-6210-437f-a6a2-1222908d782d: Sackin index -0.0707; 0.6 s; peak memory 524 MiB.
2026-10-08T10:16:35Z INFO [294/750] 6df0cb61-0454-4fe2-8578-da7bca0923af: Sackin index -0.0702; 0.9 s; peak memory 524 MiB.
2026-10-08T10:16:36Z INFO [295/750] 6df0fc8f-70d8-470d-a9f1-f3c5e36420f5: Sackin index -0.1248; 0.7 s; peak memory 524 MiB.
2026-10-08T10:16:36Z INFO [296/750] 6df1d776-749b-44d5-a05a-b829bb474ea0: Sackin index -0.1082; 0.8 s; peak memory 524 MiB.
2026-10-08T10:16:37Z INFO [297/750] 6df22cee-24b3-4d52-b7d1-6ff9658147b4: Sackin index -0.1349; 0.8 s; peak memory 524 MiB.
2026-10-08T10:16:38Z INFO [298/750] 6df2bdf3-2ec6-413c-bbb1-f4efaaa70105: Sackin index -0.1135; 0.5 s; peak memory 524 MiB.
2026-10-08T10:16:40Z INFO [299/750] 6df31b85-6f80-429a-a68c-f29ca0a494e2: Sackin index -0.0564; 2.2 s; peak memory 524 MiB.
2026-10-08T10:16:41Z INFO [300/750] 6df45055-fb4b-47b4-a9e1-e16e45a44305: Sackin index -0.1349; 0.8 s; peak memory 524 MiB.
2026-10-08T10:16:41Z INFO [300/750] 6df45055-fb4b-47b4-a9e1-e16e45a44305: checkpointed 99886 records.
2026-10-08T10:16:50Z INFO [301/750] 6df4a332-df72-4f92-9579-086634f27618: Sackin index -0.0117; 9.2 s; peak memory 524 MiB.
2026-10-08T10:16:54Z INFO [302/750] 6df4e5e9-de71-4e5b-b6e3-86ba50a6c27a: Sackin index -0.0435; 4.3 s; peak memory 524 MiB.
2026-10-08T10:16:55Z INFO [303/750] 6df4f671-6fd9-488b-a3ca-7606e4720ea7: Sackin index -0.1349; 0.9 s; peak memory 524 MiB.
2026-10-08T10:16:56Z INFO [304/750] 6df55e0b-ac5c-4fc2-a0af-7699508b5734: Sackin index -0.1658; 0.5 s; peak memory 524 MiB.
2026-10-08T10:16:56Z INFO [305/750] 6df5d8f9-b99d-43bd-be88-20eb912328d6: Sackin index -0.0715; 0.8 s; peak memory 524 MiB.
2026-10-08T10:16:57Z INFO [306/750] 6df6607e-817d-46d1-91c0-0995d266af6d: Sackin index -0.1349; 0.8 s; peak memory 524 MiB.
2026-10-08T10:16:58Z INFO [307/750] 6df67087-6df4-4c1d-b971-56ddc3e7cebc: Sackin index -0.1658; 0.5 s; peak memory 524 MiB.
2026-10-08T10:16:59Z INFO [308/750] 6df6bf69-5ada-4cce-ae4f-dbb59aa37aac: Sackin index -0.0369; 1.6 s; peak memory 524 MiB.
2026-10-08T10:17:00Z INFO [309/750] 6df7a018-819c-4e60-b8ed-f4e25990f5c9: Sackin index -0.1267; 0.5 s; peak memory 524 MiB.
2026-10-08T10:17:00Z INFO [310/750] 6df802e8-0f9d-4fe4-ae14-33fdcf6bf989: Sackin index -0.1658; 0.5 s; peak memory 524 MiB.
2026-10-08T10:17:01Z INFO [311/750] 6df80327-dc75-445a-99f2-629c397eed8f: Sackin index -0.1602; 0.7 s; peak memory 524 MiB.
2026-10-08T10:17:03Z INFO [312/750] 6df835eb-3b74-4eef-a995-2add722e94ca: Sackin index -0.0886; 1.4 s; peak memory 524 MiB.
2026-10-08T10:17:03Z INFO [313/750] 6df912bc-1307-4031-8074-293bba9c2895: Sackin index -0.0722; 0.8 s; peak memory 524 MiB.
2026-10-08T10:17:04Z INFO [314/750] 6df9cbd5-00dd-471b-a363-f5516770832d: Sackin index -0.1349; 0.8 s; peak memory 524 MiB.
2026-10-08T10:17:06Z INFO [315/750] 6dfa8808-0832-4051-a105-cbf38eb6ce07: Sackin index -0.0862; 1.5 s; peak memory 524 MiB.
2026-10-08T10:17:06Z INFO [316/750] 6dfaa796-04d1-40d8-9ef8-4b689a9bb326: Sackin index -0.1349; 0.7 s; peak memory 524 MiB.
2026-10-08T10:17:13Z INFO [317/750] 6dfb0a36-e418-4eb1-b449-276bbb42bb11: Sackin index -0.0299; 7.1 s; peak memory 524 MiB.
2026-10-08T10:17:16Z INFO [318/750] 6dfcbaf7-36df-4fc1-b422-753cc8e65157: Sackin index -0.0265; 3.0 s; peak memory 524 MiB.
2026-10-08T10:17:18Z INFO [319/750] 6dfcc558-8f79-40b2-be3a-c378c8fdf038: Sackin index -0.1243; 1.6 s; peak memory 524 MiB.
2026-10-08T10:17:32Z INFO [320/750] 6dfcfbf1-873a-494f-8220-171f7a23fad1: Sackin index -0.0019; 13.7 s; peak memory 524 MiB.
2026-10-08T10:17:33Z INFO [321/750] 6dfd1dba-aece-4bb4-9dcc-4f86d09b8317: Sackin index -0.1383; 1.0 s; peak memory 524 MiB.
2026-10-08T10:17:33Z INFO [322/750] 6dfd2c09-65b8-4919-9493-2dd793622792: Sackin index -0.1174; 0.6 s; peak memory 524 MiB.
2026-10-08T10:17:34Z INFO [323/750] 6dfddfb4-59bc-4d58-b0f0-a5d5707ed7f1: Sackin index -0.1349; 0.7 s; peak memory 524 MiB.
2026-10-08T10:17:36Z INFO [324/750] 6dfe264a-81dc-4b51-8b1e-0dac4c3c90da: Sackin index -0.0824; 1.6 s; peak memory 524 MiB.
2026-10-08T10:17:37Z INFO [325/750] 6e00ca57-0e7e-4495-b2c7-01ac53c976d9: Sackin index -0.0728; 1.0 s; peak memory 524 MiB.
2026-10-08T10:17:37Z INFO [326/750] 6e00e9fc-c677-41da-9f88-62dcffdf3c35: Sackin index -0.1248; 0.7 s; peak memory 524 MiB.
2026-10-08T10:17:38Z INFO [327/750] 6e019ffc-ba82-476d-a080-97c6f18b0739: Sackin index -0.0696; 1.0 s; peak memory 524 MiB.
2026-10-08T10:17:39Z INFO [328/750] 6e01ceaa-e497-46f4-a4f1-911e37eff09f: Sackin index -0.0376; 1.1 s; peak memory 524 MiB.
2026-10-08T10:17:44Z INFO [329/750] 6e026457-71da-4d42-8852-58ad326a270e: Sackin index -0.0183; 4.9 s; peak memory 524 MiB.
2026-10-08T10:17:46Z INFO [330/750] 6e02b3cf-c7e0-45f9-8720-d52e04cd8765: Sackin index -0.0272; 1.7 s; peak memory 524 MiB.
2026-10-08T10:17:47Z INFO [331/750] 6e02b508-757e-4152-ad85-07d09533f1d9: Sackin index -0.0728; 0.8 s; peak memory 524 MiB.
2026-10-08T10:18:15Z INFO [332/750] 6e02d56e-1816-4420-83ae-8d2a1af4d2c5: Sackin index -0.1367; 27.9 s; peak memory 524 MiB.
2026-10-08T10:18:17Z INFO [333/750] 6e02e4d6-3fc3-4c1f-8d5e-ff48a03ed08f: Sackin index -0.1938; 1.9 s; peak memory 524 MiB.
2026-10-08T10:18:17Z INFO [334/750] 6e0314a4-5394-4464-b761-1a9d65920e6c: Sackin index -0.1208; 0.5 s; peak memory 524 MiB.
2026-10-08T10:18:18Z INFO [335/750] 6e038afc-8ec9-4984-8895-072cc2dc6c41: Sackin index -0.1349; 0.8 s; peak memory 524 MiB.
2026-10-08T10:18:19Z INFO [336/750] 6e03b23d-71f3-41c2-b43a-c7d24730cfe0: Sackin index -0.0173; 1.3 s; peak memory 524 MiB.
2026-10-08T10:18:20Z INFO [337/750] 6e0427f3-eda7-4b6b-a386-2fe1a5ed30c1: Sackin index -0.1349; 0.9 s; peak memory 524 MiB.
2026-10-08T10:18:21Z INFO [338/750] 6e044645-9646-43cf-a83d-d947c74ff0a8: Sackin index -0.1349; 0.8 s; peak memory 524 MiB.
2026-10-08T10:18:22Z INFO [339/750] 6e047d09-48a6-49a7-b1f5-5a84e3873799: Sackin index -0.0702; 0.8 s; peak memory 524 MiB.
2026-10-08T10:18:24Z INFO [340/750] 6e06016c-fbba-42b9-93e3-48bf18000830: Sackin index -0.0704; 1.9 s; peak memory 524 MiB.
2026-10-08T10:18:25Z INFO [341/750] 6e06f8ca-be18-4de2-9ab7-c1dc594d7a2b: Sackin index -0.0818; 1.6 s; peak memory 524 MiB.
2026-10-08T10:18:26Z INFO [342/750] 6e07e623-be9f-415b-85e7-67336046bf42: Sackin index -0.0728; 1.0 s; peak memory 524 MiB.
2026-10-08T10:18:28Z INFO [343/750] 6e07f35a-01a0-4cc2-9abc-2fba9eecf115: Sackin index -0.0660; 2.1 s; peak memory 524 MiB.
2026-10-08T10:18:29Z INFO [344/750] 6e0855b4-704a-4518-969a-a9ddc80e1951: Sackin index -0.1658; 0.4 s; peak memory 524 MiB.
2026-10-08T10:18:31Z INFO [345/750] 6e09ceae-a882-4e5e-8d60-a72e4fd65f7c: Sackin index -0.0699; 2.0 s; peak memory 524 MiB.
2026-10-08T10:18:31Z INFO [346/750] 6e09cf6f-84e6-4ed8-a226-ce157bb232e3: Sackin index -0.0709; 0.7 s; peak memory 524 MiB.
2026-10-08T10:18:39Z INFO [347/750] 6e0a5c10-ff4a-4805-b82f-fdb007207111: Sackin index -0.0173; 7.4 s; peak memory 524 MiB.
2026-10-08T10:18:40Z INFO [348/750] 6e0a67de-8258-4314-98e8-998129b5b70f: Sackin index -0.1349; 0.9 s; peak memory 524 MiB.
2026-10-08T10:18:40Z INFO [349/750] 6e0ae9c4-2f81-494e-b37a-0b3bedc16a93: Sackin index -0.1349; 0.7 s; peak memory 524 MiB.
2026-10-08T10:19:21Z INFO [350/750] 6e0b1e1a-62e9-41ce-a6ee-da54754f598f: Sackin index -0.1076; 40.4 s; peak memory 524 MiB.
2026-10-08T10:19:21Z INFO [350/750] 6e0b1e1a-62e9-41ce-a6ee-da54754f598f: checkpointed 99936 records.
2026-10-08T10:19:24Z INFO [351/750] 6e0b93f1-1371-41a2-ba85-cc50b46fe4b1: Sackin index -0.0694; 3.0 s; peak memory 524 MiB.
2026-10-08T10:19:25Z INFO [352/750] 6e0b9844-dbf9-4615-aa53-a455d1cba2ed: Sackin index -0.1349; 0.8 s; peak memory 524 MiB.
2026-10-08T10:19:26Z INFO [353/750] 6e0c0c9c-ca53-4cb3-86c7-98e734186117: Sackin index -0.0696; 0.8 s; peak memory 524 MiB.
2026-10-08T10:19:26Z INFO [354/750] 6e0c9ffe-953e-482e-8200-724c034e3008: Sackin index -0.0761; 0.7 s; peak memory 524 MiB.
2026-10-08T10:19:56Z INFO [355/750] 6e0db060-c3ad-42b1-a0d8-53b5a8b80672: Sackin index -0.1367; 29.4 s; peak memory 524 MiB.
2026-10-08T10:19:56Z INFO [356/750] 6e0dc1d1-953f-4404-b8b5-03075262806d: Sackin index -0.1658; 0.7 s; peak memory 524 MiB.
2026-10-08T10:20:05Z INFO [357/750] 6e0f1032-9c0f-41ff-8f0a-6830c667ae25: Sackin index -0.0282; 9.0 s; peak memory 524 MiB.
2026-10-08T10:20:06Z INFO [358/750] 6e10247b-332d-45bb-a0f8-9a2ec66e6380: Sackin index -0.0702; 0.8 s; peak memory 524 MiB.
2026-10-08T10:20:07Z INFO [359/750] 6e107218-41be-42f8-b1fc-d6e90212cb1b: Sackin index -0.1349; 0.7 s; peak memory 524 MiB.
2026-10-08T10:20:21Z INFO [360/750] 6e10ed34-8dad-4ed9-8fc8-dc76c562d4df: Sackin index -0.0151; 14.2 s; peak memory 524 MiB.
2026-10-08T10:20:31Z INFO [361/750] 6e114319-7503-4b26-a4a5-7532015a8629: Sackin index -0.0141; 9.8 s; peak memory 524 MiB.
2026-10-08T10:20:32Z INFO [362/750] 6e118917-c51c-4ce7-aea3-c61718175d8b: Sackin index -0.0728; 1.1 s; peak memory 524 MiB.
2026-10-08T10:20:33Z INFO [363/750] 6e11eed2-540b-44ea-8a5b-ca1f844130a3: Sackin index -0.0702; 1.0 s; peak memory 524 MiB.
2026-10-08T10:20:34Z INFO [364/750] 6e124711-4da9-4998-b883-8af369fa2e3d: Sackin index -0.0702; 0.9 s; peak memory 524 MiB.
2026-10-08T10:20:35Z INFO [365/750] 6e15410a-3407-4161-a3b5-c6c0ddb78fab: Sackin index -0.0728; 1.0 s; peak memory 524 MiB.
2026-10-08T10:20:37Z INFO [366/750] 6e1605b3-def9-4f90-a47e-29c85173f778: Sackin index -0.0749; 1.9 s; peak memory 524 MiB.
2026-10-08T10:20:38Z INFO [367/750] 6e160c28-3871-49ac-af4d-3d16a1fa5135: Sackin index -0.0702; 0.8 s; peak memory 524 MiB.
2026-10-08T10:20:45Z INFO [368/750] 6e1654cb-4367-4c95-8554-78e43f0fa4d2: Sackin index -0.0892; 7.6 s; peak memory 524 MiB.
2026-10-08T10:20:57Z INFO [369/750] 6e16c82d-94ff-47c4-8e3f-64ca394982c0: Sackin index -0.0212; 11.4 s; peak memory 524 MiB.
2026-10-08T10:20:57Z INFO [370/750] 6e16e60d-26ee-46e1-af34-9ea3a7cd5b17: Sackin index -0.1658; 0.5 s; peak memory 524 MiB.
2026-10-08T10:20:58Z INFO [371/750] 6e173dd5-5976-482f-803e-94c64a98cc53: Sackin index -0.1349; 0.8 s; peak memory 524 MiB.
2026-10-08T10:21:04Z INFO [372/750] 6e173e8a-6b1b-4961-b58a-9315a62be5a0: Sackin index -0.0438; 5.7 s; peak memory 524 MiB.
2026-10-08T10:21:05Z INFO [373/750] 6e193824-e2e7-49ae-a5ff-eb92cc07da94: Sackin index -0.0343; 1.0 s; peak memory 524 MiB.
2026-10-08T10:21:05Z INFO [374/750] 6e194dbc-a52d-4bfa-b89f-2ff1b8d3f900: Sackin index -0.1349; 0.8 s; peak memory 524 MiB.
2026-10-08T10:21:07Z INFO [375/750] 6e198508-4bed-46d3-ac57-6f96d09e07b7: Sackin index -0.0676; 1.5 s; peak memory 524 MiB.
2026-10-08T10:21:09Z INFO [376/750] 6e1a62d0-7b84-4dd2-9bc7-df205824af0c: Sackin index -0.0704; 2.0 s; peak memory 524 MiB.
2026-10-08T10:21:10Z INFO [377/750] 6e1b3c93-123b-43f0-b591-3ead2bfb6cf1: Sackin index -0.1349; 0.8 s; peak memory 524 MiB.
2026-10-08T10:21:16Z INFO [378/750] 6e1b7a9c-3e02-49c7-8fcb-66c5cc3914ff: Sackin index -0.0366; 5.9 s; peak memory 524 MiB.
2026-10-08T10:21:17Z INFO [379/750] 6e1b98f1-e969-47fe-a633-ad02214bb5a4: Sackin index -0.0702; 0.9 s; peak memory 524 MiB.
2026-10-08T10:21:18Z INFO [380/750] 6e1bdc46-7d00-4b4b-a1f1-a2bc2a71f20b: Sackin index -0.0898; 1.3 s; peak memory 524 MiB.
2026-10-08T10:21:19Z INFO [381/750] 6e1cee76-dc69-469a-94bf-d187391e57f5: Sackin index -0.0702; 1.0 s; peak memory 524 MiB.
2026-10-08T10:21:20Z INFO [382/750] 6e1e0964-f747-4d4c-b9b4-1f851f9b0950: Sackin index -0.0702; 0.8 s; peak memory 524 MiB.
2026-10-08T10:21:20Z INFO [383/750] 6e1e5a1e-4141-47ab-ba74-d0e3128befc3: Sackin index -0.0696; 0.8 s; peak memory 524 MiB.
2026-10-08T10:21:21Z INFO [384/750] 6e1e9466-9561-447c-a640-a7350d4a90e1: Sackin index -0.1461; 0.7 s; peak memory 524 MiB.
2026-10-08T10:21:29Z INFO [385/750] 6e1e9469-6645-46eb-8335-ca0d77cad522: Sackin index -0.0142; 7.6 s; peak memory 524 MiB.
2026-10-08T10:21:30Z INFO [386/750] 6e1e970b-5aeb-490c-be25-9ce1d3dfd47d: Sackin index -0.0728; 1.1 s; peak memory 524 MiB.
2026-10-08T10:21:31Z INFO [387/750] 6e1ef096-0b99-4e84-8422-142f7ee4f5d0: Sackin index -0.1272; 1.5 s; peak memory 524 MiB.
2026-10-08T10:21:36Z INFO [388/750] 6e1f28bd-d001-4c14-a567-8fd9becbb787: Sackin index -0.0369; 5.0 s; peak memory 524 MiB.
2026-10-08T10:21:37Z INFO [389/750] 6e204a79-a44a-4477-b281-999a035aca71: Sackin index -0.0728; 1.0 s; peak memory 524 MiB.
2026-10-08T10:21:38Z INFO [390/750] 6e2164c6-d6e2-490f-ada7-8acdb40cca42: Sackin index -0.0728; 0.9 s; peak memory 524 MiB.
2026-10-08T10:21:39Z INFO [391/750] 6e22c9b2-ef00-48e8-af48-3fcebab844ae: Sackin index -0.0379; 1.1 s; peak memory 524 MiB.
2026-10-08T10:21:40Z INFO [392/750] 6e22cea5-e1b4-4a5d-ac08-0ce892874e6e: Sackin index -0.0272; 1.2 s; peak memory 524 MiB.
2026-10-08T10:21:41Z INFO [393/750] 6e239dad-5595-4e90-a9b4-5e77256fb91e: Sackin index -0.0709; 0.9 s; peak memory 524 MiB.
2026-10-08T10:21:43Z INFO [394/750] 6e244689-9568-4538-8793-79ecba477463: Sackin index -0.1000; 1.2 s; peak memory 524 MiB.
2026-10-08T10:21:43Z INFO [395/750] 6e24a3d5-e3a5-463c-9965-4d660b554a54: Sackin index -0.1448; 0.6 s; peak memory 524 MiB.
2026-10-08T10:21:44Z INFO [396/750] 6e254d91-6470-4509-b5e9-4829136474e2: Sackin index -0.0715; 0.9 s; peak memory 524 MiB.
2026-10-08T10:21:45Z INFO [397/750] 6e258656-cd2d-457c-9824-69a00685e3ad: Sackin index -0.0702; 0.8 s; peak memory 524 MiB.
2026-10-08T10:21:46Z INFO [398/750] 6e26e949-4e38-41ef-b93b-38883ac5a333: Sackin index -0.1349; 0.8 s; peak memory 524 MiB.
2026-10-08T10:21:46Z INFO [399/750] 6e2782ec-32d7-4e02-860c-be43b0aa54c8: Sackin index -0.1239; 0.6 s; peak memory 524 MiB.
2026-10-08T10:21:47Z INFO [400/750] 6e27ce22-afd5-48e0-885b-b0c2b03e64f0: Sackin index -0.1461; 0.8 s; peak memory 524 MiB.
2026-10-08T10:21:47Z INFO [400/750] 6e27ce22-afd5-48e0-885b-b0c2b03e64f0: checkpointed 99986 records.
2026-10-08T10:21:53Z INFO [401/750] 6e27e126-c486-47da-87fd-70f39afff679: Sackin index -0.0017; 5.5 s; peak memory 524 MiB.
2026-10-08T10:24:15Z INFO [402/750] 6e27e2ca-e05d-4195-8db6-24e639d17aba: Sackin index -0.0450; 142.0 s; peak memory 524 MiB.
2026-10-08T10:24:16Z INFO [403/750] 6e2847e8-95e5-4691-9297-f10a5153c591: Sackin index -0.1248; 0.9 s; peak memory 524 MiB.
2026-10-08T10:24:16Z INFO [404/750] 6e28ca48-9812-49a7-bde7-1bd9e133de5d: Sackin index -0.0434; 1.0 s; peak memory 524 MiB.
2026-10-08T10:24:17Z INFO [405/750] 6e295e08-ae44-464d-95b6-dde27db43c81: Sackin index -0.1349; 0.8 s; peak memory 524 MiB.
2026-10-08T10:24:23Z INFO [406/750] 6e2984b4-2a49-4edc-8845-a8174bfe82b3: Sackin index -0.0341; 5.9 s; peak memory 524 MiB.
2026-10-08T10:24:29Z INFO [407/750] 6e2a3444-e627-43d1-a521-a60e8e5eca98: Sackin index -0.0133; 6.2 s; peak memory 524 MiB.
2026-10-08T10:24:30Z INFO [408/750] 6e2a9bfd-38d7-4a9e-9b7c-f83c005e8f6f: Sackin index -0.1349; 0.8 s; peak memory 524 MiB.
2026-10-08T10:24:31Z INFO [409/750] 6e2b6352-6c19-4eea-9b8b-6377ae19af8a: Sackin index -0.1542; 0.9 s; peak memory 524 MiB.
2026-10-08T10:24:32Z INFO [410/750] 6e2b8588-989e-4eff-af7e-5330e5ccdaec: Sackin index -0.1248; 0.9 s; peak memory 524 MiB.
2026-10-08T10:24:33Z INFO [411/750] 6e2ba0be-0978-4e3a-a598-a00dbc4ab309: Sackin index -0.0702; 0.8 s; peak memory 524 MiB.
2026-10-08T10:24:34Z INFO [412/750] 6e2e1988-ee48-493c-a2e7-fa179113fda5: Sackin index -0.1938; 1.6 s; peak memory 524 MiB.
2026-10-08T10:24:35Z INFO [413/750] 6e2e4f83-163a-4821-8eb0-abfe8a8bd914: Sackin index -0.1349; 0.9 s; peak memory 524 MiB.
2026-10-08T10:24:36Z INFO [414/750] 6e2e98c2-08a7-47e3-83ca-6e0633f6fc25: Sackin index -0.1602; 0.7 s; peak memory 524 MiB.
2026-10-08T10:24:37Z INFO [415/750] 6e2edbc8-d8dd-44c9-8f72-faf139cc3d0e: Sackin index -0.0702; 0.8 s; peak memory 524 MiB.
2026-10-08T10:24:37Z INFO [416/750] 6e2eddf5-34a2-4203-ae1b-5bb4b5d5f1d4: Sackin index -0.0991; 0.9 s; peak memory 524 MiB.
2026-10-08T10:24:38Z INFO [417/750] 6e2f9fc6-e4d1-499c-b1b4-a646df3428dd: Sackin index -0.1349; 0.8 s; peak memory 524 MiB.
2026-10-08T10:24:47Z INFO [418/750] 6e3000d4-a892-46c0-9f51-98ee97a9f050: Sackin index -0.0155; 8.7 s; peak memory 524 MiB.
2026-10-08T10:24:48Z INFO [419/750] 6e309837-eaa5-4b85-917c-f22476f53f04: Sackin index -0.1349; 0.7 s; peak memory 524 MiB.
2026-10-08T10:24:49Z INFO [420/750] 6e30a9bb-e287-4311-982d-c39a1277e553: Sackin index -0.1349; 0.9 s; peak memory 524 MiB.
2026-10-08T10:24:49Z INFO [421/750] 6e31571a-43f9-4fc9-bf95-81a4e0827018: Sackin index -0.0388; 0.8 s; peak memory 524 MiB.
2026-10-08T10:24:50Z INFO [422/750] 6e31a991-5938-4f5f-9d27-dcb2b64184fb: Sackin index -0.1234; 0.7 s; peak memory 524 MiB.
2026-10-08T10:24:51Z INFO [423/750] 6e3238b2-fcb4-43ad-ac78-abcdc816dd75: Sackin index -0.1349; 0.9 s; peak memory 524 MiB.
2026-10-08T10:24:56Z INFO [424/750] 6e347025-b5f2-444b-832d-6ef6407e3633: Sackin index -0.1938; 5.4 s; peak memory 524 MiB.
2026-10-08T10:24:59Z INFO [425/750] 6e3676ea-f8f4-4f99-85f1-9f3ee4def8d3: Sackin index -0.0369; 2.2 s; peak memory 524 MiB.
2026-10-08T10:25:10Z INFO [426/750] 6e3746ec-0572-4d4a-837c-fb57fb126b45: Sackin index -0.0037; 11.6 s; peak memory 524 MiB.
2026-10-08T10:25:11Z INFO [427/750] 6e38f312-9b0b-4b57-a67a-5eb932f41e8a: Sackin index -0.0728; 1.2 s; peak memory 524 MiB.
2026-10-08T10:25:12Z INFO [428/750] 6e392abf-4eb1-4fe8-88f4-0abccd7a4f45: Sackin index -0.0746; 1.0 s; peak memory 524 MiB.
2026-10-08T10:25:13Z INFO [429/750] 6e393187-f077-44c0-bc62-0156835159d1: Sackin index -0.0387; 0.8 s; peak memory 524 MiB.
2026-10-08T10:25:14Z INFO [430/750] 6e3a72c3-1ca4-4620-a612-2ded891d60df: Sackin index -0.0702; 0.9 s; peak memory 524 MiB.
2026-10-08T10:25:16Z INFO [431/750] 6e3a8894-7d46-4da1-88da-3c15546d9c7f: Sackin index -0.0579; 1.6 s; peak memory 524 MiB.
2026-10-08T10:25:17Z INFO [432/750] 6e3aa6fb-6ed1-4fc5-9256-c610f0f5424b: Sackin index -0.0728; 1.1 s; peak memory 524 MiB.
2026-10-08T10:25:17Z INFO [433/750] 6e3b5f04-cf74-4e1b-ad43-b498b110fc42: Sackin index -0.1349; 0.7 s; peak memory 524 MiB.
2026-10-08T10:25:18Z INFO [434/750] 6e3cd1fb-cf7e-4d81-90bd-cf16da12e9b8: Sackin index -0.1349; 0.8 s; peak memory 524 MiB.
2026-10-08T10:25:19Z INFO [435/750] 6e3d8e91-c88f-4c3a-bbdf-e86ba615c895: Sackin index -0.0702; 1.0 s; peak memory 524 MiB.
2026-10-08T10:25:20Z INFO [436/750] 6e3ea8ee-6b62-4c1e-a6da-26daaba606a8: Sackin index -0.1120; 0.5 s; peak memory 524 MiB.
2026-10-08T10:25:21Z INFO [437/750] 6e3f30f4-1a91-40dc-b8b4-89fae927f756: Sackin index -0.0702; 0.9 s; peak memory 524 MiB.
2026-10-08T10:25:21Z INFO [438/750] 6e3fb83a-9872-4d68-8102-f3ca2530cf36: Sackin index -0.1349; 0.7 s; peak memory 524 MiB.
2026-10-08T10:25:22Z INFO [439/750] 6e406b06-2e3b-4b21-a15d-bb1206783567: Sackin index -0.0728; 0.9 s; peak memory 524 MiB.
2026-10-08T10:25:29Z INFO [440/750] 6e416dba-547e-406a-b272-548195ebe710: Sackin index -0.0121; 6.7 s; peak memory 524 MiB.
2026-10-08T10:25:30Z INFO [441/750] 6e419b3d-26b0-47e9-a92c-260e6d3a64f2: Sackin index -0.1349; 0.8 s; peak memory 524 MiB.
2026-10-08T10:25:31Z INFO [442/750] 6e419d7a-2e80-4963-95c9-8a26cb9dd7ed: Sackin index -0.0696; 0.9 s; peak memory 524 MiB.
2026-10-08T10:25:32Z INFO [443/750] 6e41eebd-3ba4-4b54-8ba4-6324c93a766e: Sackin index -0.0702; 0.7 s; peak memory 524 MiB.
2026-10-08T10:25:32Z INFO [444/750] 6e4204e1-7c3c-47f7-95c8-a5942d825703: Sackin index -0.1349; 0.9 s; peak memory 524 MiB.
2026-10-08T10:25:33Z INFO [445/750] 6e422170-0d54-41c2-bccb-595f9cb5b07f: Sackin index -0.1349; 0.8 s; peak memory 524 MiB.
2026-10-08T10:25:37Z INFO [446/750] 6e4244f0-8580-4bdb-8d5a-0018b2872aa5: Sackin index -0.0251; 3.6 s; peak memory 524 MiB.
2026-10-08T10:25:37Z INFO [447/750] 6e426555-839b-4cab-81b8-c5abbc57dbf0: Sackin index -0.1448; 0.6 s; peak memory 524 MiB.
2026-10-08T10:25:39Z INFO [448/750] 6e43e306-6041-4ff9-ab9e-c7be6a650dbd: Sackin index -0.1291; 1.4 s; peak memory 524 MiB.
2026-10-08T10:25:39Z INFO [449/750] 6e448071-921d-4d9c-9fcd-9823c14fe0e0: Sackin index -0.1248; 0.8 s; peak memory 524 MiB.
2026-10-08T10:25:41Z INFO [450/750] 6e44f9fa-99d8-4ff7-9a03-b7cd6aaeb598: Sackin index -0.1383; 1.2 s; peak memory 524 MiB.
2026-10-08T10:25:41Z INFO [450/750] 6e44f9fa-99d8-4ff7-9a03-b7cd6aaeb598: checkpointed 100036 records.
2026-10-08T10:25:42Z INFO [451/750] 6e450447-bb19-4aaa-8e37-ed5ffc9367c1: Sackin index -0.1349; 0.8 s; peak memory 524 MiB.
2026-10-08T10:25:42Z INFO [452/750] 6e456c20-4a94-4672-bb03-d7ad1f2b271f: Sackin index -0.1658; 0.5 s; peak memory 524 MiB.
2026-10-08T10:25:43Z INFO [453/750] 6e470092-13ed-4186-a6bb-31260983a539: Sackin index -0.1191; 0.6 s; peak memory 524 MiB.
2026-10-08T10:25:50Z INFO [454/750] 6e47f732-90d0-4389-8dd7-523224381300: Sackin index -0.0288; 7.1 s; peak memory 524 MiB.
2026-10-08T10:25:52Z INFO [455/750] 6e4924cd-7e9c-4adf-846f-387b3ac2146a: Sackin index -0.0699; 1.7 s; peak memory 524 MiB.
2026-10-08T10:26:22Z INFO [456/750] 6e497ae4-26a7-49ad-b8ec-ddd1750f05b5: Sackin index -0.1076; 30.5 s; peak memory 524 MiB.
2026-10-08T10:26:23Z INFO [457/750] 6e49c0a1-9b7b-46b9-acf7-1556aa709bdd: Sackin index -0.1331; 0.6 s; peak memory 524 MiB.
2026-10-08T10:26:24Z INFO [458/750] 6e4ab86b-7074-4d20-aa09-dab43da32c6d: Sackin index -0.0656; 0.9 s; peak memory 524 MiB.
2026-10-08T10:26:24Z INFO [459/750] 6e4ad0ce-3ec1-4605-8dee-ac48d6c5e3e7: Sackin index -0.1349; 0.8 s; peak memory 524 MiB.
2026-10-08T10:26:26Z INFO [460/750] 6e4ae8ed-00f6-4356-b4ce-f8a7c5471b9f: Sackin index -0.0681; 1.7 s; peak memory 524 MiB.
2026-10-08T10:26:27Z INFO [461/750] 6e4af69b-a474-4d36-868f-bea3bfd8a82a: Sackin index -0.1331; 0.7 s; peak memory 524 MiB.
2026-10-08T10:26:28Z INFO [462/750] 6e4bcc7d-6ca4-488b-bf0d-3a4cb2e91dfe: Sackin index -0.1044; 1.5 s; peak memory 524 MiB.
2026-10-08T10:26:30Z INFO [463/750] 6e4c8c68-edf2-4fdd-a5c6-902f5e5e30d8: Sackin index -0.0358; 1.3 s; peak memory 524 MiB.
2026-10-08T10:26:31Z INFO [464/750] 6e4cbadf-9508-4e36-8c56-3b67b5e1457b: Sackin index -0.0702; 0.9 s; peak memory 524 MiB.
2026-10-08T10:26:32Z INFO [465/750] 6e4d8621-b826-4221-b181-cb3d1e4ae4ef: Sackin index -0.0383; 1.1 s; peak memory 524 MiB.
2026-10-08T10:26:32Z INFO [466/750] 6e4dc338-8963-47e6-a74b-11d110f22a0b: Sackin index -0.1248; 0.9 s; peak memory 524 MiB.
2026-10-08T10:26:33Z INFO [467/750] 6e4e3c14-1d11-4e9d-b65d-e19a6a7f0901: Sackin index -0.1349; 0.8 s; peak memory 524 MiB.
2026-10-08T10:26:35Z INFO [468/750] 6e4f1911-27b2-4529-bc79-92ab26196f48: Sackin index -0.0704; 2.0 s; peak memory 524 MiB.
2026-10-08T10:26:36Z INFO [469/750] 6e4fdcbd-9933-4b17-be2b-b6cd833f584d: Sackin index -0.0702; 0.9 s; peak memory 524 MiB.
2026-10-08T10:26:38Z INFO [470/750] 6e511617-d316-4418-8fa4-670aeb26735b: Sackin index -0.0676; 1.5 s; peak memory 524 MiB.
2026-10-08T10:26:38Z INFO [471/750] 6e51a07d-7cef-4033-bf84-47d4caacfe2d: Sackin index -0.1349; 0.8 s; peak memory 524 MiB.
2026-10-08T10:26:40Z INFO [472/750] 6e520257-a717-4ff8-9fcc-120131fb5cf8: Sackin index -0.0728; 1.0 s; peak memory 524 MiB.
2026-10-08T10:26:40Z INFO [473/750] 6e52bf86-e002-46b0-a507-d9ff1f20ec88: Sackin index -0.1349; 0.7 s; peak memory 524 MiB.
2026-10-08T10:26:48Z INFO [474/750] 6e52e5e6-aadb-455f-8056-ff196d617d9d: Sackin index -0.0166; 7.5 s; peak memory 524 MiB.
2026-10-08T10:26:48Z INFO [475/750] 6e532953-90d1-403a-bc4f-693bae4584a0: Sackin index -0.1248; 0.7 s; peak memory 524 MiB.
2026-10-08T10:26:49Z INFO [476/750] 6e5330ff-17d3-4e87-8343-28ad615d7a61: Sackin index -0.0379; 1.0 s; peak memory 524 MiB.
2026-10-08T10:26:51Z INFO [477/750] 6e534e75-367e-46f0-9e2c-328ea1596b12: Sackin index -0.0699; 1.7 s; peak memory 524 MiB.
2026-10-08T10:26:52Z INFO [478/750] 6e539fd3-debe-4154-895d-0fdca9faaf76: Sackin index -0.0702; 0.9 s; peak memory 524 MiB.
2026-10-08T10:26:52Z INFO [479/750] 6e53b7a7-1b53-402e-9cef-4b2a5c55b70a: Sackin index -0.1658; 0.5 s; peak memory 524 MiB.
2026-10-08T10:26:53Z INFO [480/750] 6e543ad7-e5cb-4b43-a1ff-e03b610ec337: Sackin index -0.1349; 1.0 s; peak memory 524 MiB.
2026-10-08T10:26:54Z INFO [481/750] 6e556421-10a3-4531-9c30-c6e44d23ae07: Sackin index -0.1658; 0.5 s; peak memory 524 MiB.
2026-10-08T10:26:55Z INFO [482/750] 6e558434-fb3e-45d5-82c5-2a5309226e2f: Sackin index -0.1349; 0.9 s; peak memory 524 MiB.
2026-10-08T10:26:56Z INFO [483/750] 6e576473-a805-4b63-a523-c254716a4be6: Sackin index -0.1349; 1.0 s; peak memory 524 MiB.
2026-10-08T10:26:57Z INFO [484/750] 6e57a628-1ba9-48ff-89a6-731362c10b68: Sackin index -0.0728; 1.0 s; peak memory 524 MiB.
2026-10-08T10:26:58Z INFO [485/750] 6e5804c4-1ba0-40a8-9fe0-a8b8afbe6680: Sackin index -0.0359; 0.9 s; peak memory 524 MiB.
2026-10-08T10:27:03Z INFO [486/750] 6e5873bc-bfc3-41da-94e6-9968aeec4ceb: Sackin index -0.0435; 5.6 s; peak memory 524 MiB.
2026-10-08T10:27:04Z INFO [487/750] 6e58d8fb-1a3e-4335-b079-9a07af662cfb: Sackin index -0.1273; 1.1 s; peak memory 524 MiB.
2026-10-08T10:27:05Z INFO [488/750] 6e59ca48-5ba1-4eec-9633-9cfed907e265: Sackin index -0.1349; 0.9 s; peak memory 524 MiB.
2026-10-08T10:27:09Z INFO [489/750] 6e5a3b81-1664-4ef8-92cc-8aa350061e32: Sackin index -0.0403; 3.9 s; peak memory 524 MiB.
2026-10-08T10:27:10Z INFO [490/750] 6e5a3d4f-1dbd-4ec1-b36a-b4b33847bb2a: Sackin index -0.0728; 1.0 s; peak memory 524 MiB.
2026-10-08T10:27:18Z INFO [491/750] 6e5a9f9c-c098-4ac6-8c18-317cd4bed134: Sackin index -0.0163; 8.2 s; peak memory 524 MiB.
2026-10-08T10:27:19Z INFO [492/750] 6e5adfb2-d992-4b8b-a977-761d5b287da1: Sackin index -0.0386; 0.9 s; peak memory 524 MiB.
2026-10-08T10:27:25Z INFO [493/750] 6e5ae26b-850d-4edb-88be-9971812494cd: Sackin index -0.0438; 6.2 s; peak memory 524 MiB.
2026-10-08T10:27:26Z INFO [494/750] 6e5b802e-ebb9-4a2d-8160-64e60d8909e6: Sackin index -0.0376; 1.0 s; peak memory 524 MiB.
2026-10-08T10:27:34Z INFO [495/750] 6e5ef164-0ed2-44f9-8c39-9e28df72cdcc: Sackin index -0.0138; 8.0 s; peak memory 524 MiB.
2026-10-08T10:27:35Z INFO [496/750] 6e5f5fe1-8453-4299-be7e-7697b32af4c5: Sackin index -0.1349; 0.7 s; peak memory 524 MiB.
2026-10-08T10:27:36Z INFO [497/750] 6e5fb396-e3c8-490f-a045-269a42625368: Sackin index -0.1349; 0.7 s; peak memory 524 MiB.
2026-10-08T10:27:38Z INFO [498/750] 6e601574-05ce-42fa-9ef6-1ed109ff59bb: Sackin index -0.0714; 2.0 s; peak memory 524 MiB.
2026-10-08T10:27:39Z INFO [499/750] 6e601af7-8e72-4dc4-9bb8-2c16beb493fa: Sackin index -0.1349; 0.8 s; peak memory 524 MiB.
2026-10-08T10:27:40Z INFO [500/750] 6e60a69f-dc76-40e5-bf08-c9e793d1c5df: Sackin index -0.1349; 1.0 s; peak memory 524 MiB.
2026-10-08T10:27:40Z INFO [500/750] 6e60a69f-dc76-40e5-bf08-c9e793d1c5df: checkpointed 100086 records.
2026-10-08T10:27:40Z INFO [501/750] 6e60a822-a173-4b9d-95a1-7ab9b683ce6f: Sackin index -0.1658; 0.5 s; peak memory 524 MiB.
2026-10-08T10:27:45Z INFO [502/750] 6e623146-0a1d-4718-8c87-ed26f7b7905f: Sackin index -0.0435; 4.4 s; peak memory 524 MiB.
2026-10-08T10:27:46Z INFO [503/750] 6e627f51-56bd-4679-9c1f-509f3cf00790: Sackin index -0.0728; 1.1 s; peak memory 524 MiB.
2026-10-08T10:27:47Z INFO [504/750] 6e634a0b-811b-44be-8857-715b0039af40: Sackin index -0.0728; 0.9 s; peak memory 524 MiB.
2026-10-08T10:27:47Z INFO [505/750] 6e639767-1329-48b7-8343-10cc8651704b: Sackin index -0.1658; 0.6 s; peak memory 524 MiB.
2026-10-08T10:27:48Z INFO [506/750] 6e63b3a3-ad0f-40f5-b54e-b0b80d50e504: Sackin index -0.1349; 0.8 s; peak memory 524 MiB.
2026-10-08T10:27:49Z INFO [507/750] 6e66d293-5a87-4b92-8233-ef54f0034fef: Sackin index -0.1345; 0.6 s; peak memory 524 MiB.
2026-10-08T10:27:49Z INFO [508/750] 6e672ba7-9207-47d0-84ef-60b48322e54c: Sackin index -0.1161; 0.7 s; peak memory 524 MiB.
2026-10-08T10:27:56Z INFO [509/750] 6e6825fe-a41d-4ba0-b000-5afa5ef1ef98: Sackin index -0.0017; 6.7 s; peak memory 524 MiB.
2026-10-08T10:27:57Z INFO [510/750] 6e68ebb7-edb9-485d-a373-e41448bd79c6: Sackin index -0.0728; 0.9 s; peak memory 524 MiB.
2026-10-08T10:27:58Z INFO [511/750] 6e69ab9c-c8e0-40c1-bc84-1e5cdbb662a1: Sackin index -0.0369; 1.3 s; peak memory 524 MiB.
2026-10-08T10:28:05Z INFO [512/750] 6e6a3081-5c95-457a-a921-5a10612d2a8d: Sackin index -0.0144; 7.0 s; peak memory 524 MiB.
2026-10-08T10:28:06Z INFO [513/750] 6e6a62d4-017b-4efb-9055-bfd5346744fb: Sackin index -0.1349; 0.9 s; peak memory 524 MiB.
2026-10-08T10:28:08Z INFO [514/750] 6e6a9933-309a-40a2-ad2b-45858dfa7086: Sackin index -0.0275; 1.3 s; peak memory 524 MiB.
2026-10-08T10:28:08Z INFO [515/750] 6e6bfa80-6673-4b8b-9ec7-7180ccf0f1f7: Sackin index -0.1938; 0.7 s; peak memory 524 MiB.
2026-10-08T10:28:09Z INFO [516/750] 6e6c73ac-ec95-472e-987b-dbe2d575a80f: Sackin index -0.0702; 0.9 s; peak memory 524 MiB.
2026-10-08T10:28:10Z INFO [517/750] 6e6c849b-98f3-46a7-905a-02305e469dfc: Sackin index -0.0728; 1.2 s; peak memory 524 MiB.
2026-10-08T10:28:12Z INFO [518/750] 6e6c8c12-52f1-414a-b92e-c1c5becf7556: Sackin index -0.0699; 2.0 s; peak memory 524 MiB.
2026-10-08T10:28:14Z INFO [519/750] 6e6c9ece-4c49-4c71-a4da-caac21ae9f1a: Sackin index -0.0369; 1.6 s; peak memory 524 MiB.
2026-10-08T10:28:15Z INFO [520/750] 6e6d139b-0ac4-46c1-a722-d7e26d21461a: Sackin index -0.0702; 0.8 s; peak memory 524 MiB.
2026-10-08T10:28:24Z INFO [521/750] 6e6eaa16-f435-4a07-873c-b662ed77d6eb: Sackin index -0.0212; 9.5 s; peak memory 524 MiB.
2026-10-08T10:28:25Z INFO [522/750] 6e6f2dad-43ed-4adb-9a6b-830bd2cce2df: Sackin index -0.0818; 0.6 s; peak memory 524 MiB.
2026-10-08T10:28:27Z INFO [523/750] 6e703269-576b-4931-828b-582654906581: Sackin index -0.0704; 1.8 s; peak memory 524 MiB.
2026-10-08T10:28:27Z INFO [524/750] 6e71108c-3807-4388-b9b6-4af9aca17540: Sackin index -0.1658; 0.7 s; peak memory 524 MiB.
2026-10-08T10:28:28Z INFO [525/750] 6e7206bf-9623-461d-91b7-3646864e50c1: Sackin index -0.1349; 0.8 s; peak memory 524 MiB.
2026-10-08T10:28:29Z INFO [526/750] 6e728e87-1a2a-4eef-a085-9f546255f414: Sackin index -0.0728; 1.2 s; peak memory 524 MiB.
2026-10-08T10:28:30Z INFO [527/750] 6e729aff-e02c-41e7-8fe7-41e3434d574a: Sackin index -0.1272; 0.6 s; peak memory 524 MiB.
2026-10-08T10:28:31Z INFO [528/750] 6e72af83-1e86-4dcc-bf78-b3ff7cf9f6d1: Sackin index -0.0738; 1.0 s; peak memory 524 MiB.
2026-10-08T10:28:31Z INFO [529/750] 6e72d031-e396-4624-b380-4d1bb5a4e16a: Sackin index -0.1303; 0.5 s; peak memory 524 MiB.
2026-10-08T10:28:32Z INFO [530/750] 6e7368bf-354e-4c5c-89a7-2a1efd949acf: Sackin index -0.1349; 0.7 s; peak memory 524 MiB.
2026-10-08T10:28:33Z INFO [531/750] 6e768e23-c702-4edc-8fc5-39b50d0a859a: Sackin index -0.0728; 1.0 s; peak memory 524 MiB.
2026-10-08T10:28:35Z INFO [532/750] 6e76e9a6-4b56-40a8-93cb-6b03600a8576: Sackin index -0.0870; 1.7 s; peak memory 524 MiB.
2026-10-08T10:28:38Z INFO [533/750] 6e77c77f-63a1-4d72-8115-c3e29625c844: Sackin index -0.0933; 3.4 s; peak memory 524 MiB.
2026-10-08T10:28:40Z INFO [534/750] 6e77d731-9009-47be-9e7b-161a630fe775: Sackin index -0.0718; 1.9 s; peak memory 524 MiB.
2026-10-08T10:28:41Z INFO [535/750] 6e784428-5889-4f9c-9bf8-3af0be26b3ba: Sackin index -0.0702; 0.9 s; peak memory 524 MiB.
2026-10-08T10:28:42Z INFO [536/750] 6e79d432-b745-47e4-874c-de858dfd3b7d: Sackin index -0.1349; 0.9 s; peak memory 524 MiB.
2026-10-08T10:28:50Z INFO [537/750] 6e79f378-5c75-4fc2-81e9-20b274865446: Sackin index -0.0166; 7.6 s; peak memory 524 MiB.
2026-10-08T10:28:51Z INFO [538/750] 6e7a0e7e-fdf8-4f8c-ad21-7e3a9d35f476: Sackin index -0.1938; 1.6 s; peak memory 524 MiB.
2026-10-08T10:28:52Z INFO [539/750] 6e7a28c0-75ae-44e7-b20d-4723b0a116b8: Sackin index -0.0728; 1.2 s; peak memory 524 MiB.
2026-10-08T10:28:53Z INFO [540/750] 6e7a37e1-1167-4335-b905-ecdb03bfea50: Sackin index -0.0696; 0.9 s; peak memory 524 MiB.
2026-10-08T10:28:59Z INFO [541/750] 6e7aa9c8-aafa-466c-b1b6-3c1e2932d941: Sackin index -0.0356; 6.0 s; peak memory 524 MiB.
2026-10-08T10:29:00Z INFO [542/750] 6e7b15bb-5e90-464f-a3ac-72b18532e5c1: Sackin index -0.1349; 0.8 s; peak memory 524 MiB.
2026-10-08T10:29:01Z INFO [543/750] 6e7bb12c-e9d8-4b6e-ac0b-74ce3423ef15: Sackin index -0.1658; 0.8 s; peak memory 524 MiB.
2026-10-08T10:29:02Z INFO [544/750] 6e7bd812-1273-4a99-b4c8-0a3a99642df9: Sackin index -0.1349; 0.8 s; peak memory 524 MiB.
2026-10-08T10:29:02Z INFO [545/750] 6e7c5525-8832-4db4-af3f-e0650b788119: Sackin index -0.0375; 0.8 s; peak memory 524 MiB.
2026-10-08T10:29:04Z INFO [546/750] 6e7d2097-7890-442d-a57b-3334a79ca075: Sackin index -0.1224; 1.8 s; peak memory 524 MiB.
2026-10-08T10:29:05Z INFO [547/750] 6e7d6d20-3b66-4ed7-8643-52fbbd336693: Sackin index -0.0275; 1.2 s; peak memory 524 MiB.
2026-10-08T10:29:06Z INFO [548/750] 6e7dda69-3b39-42d3-8c2a-6a7da142f1e7: Sackin index -0.1349; 1.0 s; peak memory 524 MiB.
2026-10-08T10:29:09Z INFO [549/750] 6e7dfa64-1fc0-42da-9a3c-5208f83f06bc: Sackin index -0.0660; 2.3 s; peak memory 524 MiB.
2026-10-08T10:29:09Z INFO [550/750] 6e7dfd7a-b09a-462b-a742-1c242ae00758: Sackin index -0.1349; 0.7 s; peak memory 524 MiB.
2026-10-08T10:29:10Z INFO [550/750] 6e7dfd7a-b09a-462b-a742-1c242ae00758: checkpointed 100136 records.
2026-10-08T10:29:11Z INFO [551/750] 6e7e4a7c-ab83-4f72-ae30-b5a8d2fa1672: Sackin index -0.0699; 1.8 s; peak memory 524 MiB.
2026-10-08T10:29:12Z INFO [552/750] 6e7e8264-1e12-47a8-828f-89a956b2aec6: Sackin index -0.1009; 0.9 s; peak memory 524 MiB.
2026-10-08T10:29:19Z INFO [553/750] 6e7eb166-d60c-4642-a976-1c10ac46ec02: Sackin index -0.0142; 6.6 s; peak memory 524 MiB.
2026-10-08T10:29:20Z INFO [554/750] 6e7f1b8a-e109-4780-9aef-2c842f5c7ead: Sackin index -0.0702; 0.9 s; peak memory 524 MiB.
2026-10-08T10:29:21Z INFO [555/750] 6e7ff9d2-747a-4b93-ad9f-efb75bbd8411: Sackin index -0.0886; 0.9 s; peak memory 524 MiB.
2026-10-08T10:29:28Z INFO [556/750] 6e804c4c-3d1d-412e-9441-a610ec52c7c3: Sackin index -0.0691; 7.2 s; peak memory 524 MiB.
2026-10-08T10:29:29Z INFO [557/750] 6e80b17d-8791-468a-a663-f2d394d7e35a: Sackin index -0.0707; 0.8 s; peak memory 524 MiB.
2026-10-08T10:29:30Z INFO [558/750] 6e812fc0-5c28-4ab7-9603-62f2d1d223a7: Sackin index -0.0728; 1.1 s; peak memory 524 MiB.
2026-10-08T10:29:31Z INFO [559/750] 6e816197-403d-4886-a1fa-e21a8f0f06a1: Sackin index -0.1349; 0.8 s; peak memory 524 MiB.
2026-10-08T10:29:31Z INFO [560/750] 6e81bb34-0e38-4d74-8c80-fb042f09e801: Sackin index -0.1349; 0.7 s; peak memory 524 MiB.
2026-10-08T10:29:32Z INFO [561/750] 6e81f946-f196-41dd-9119-9062076dd65b: Sackin index -0.1349; 0.8 s; peak memory 524 MiB.
2026-10-08T10:29:39Z INFO [562/750] 6e81faee-2c00-4394-bf52-9a0b05793422: Sackin index -0.0107; 6.5 s; peak memory 524 MiB.
2026-10-08T10:29:40Z INFO [563/750] 6e82876d-acd2-4cd1-ae77-665a8816ddae: Sackin index -0.0702; 0.8 s; peak memory 524 MiB.
2026-10-08T10:29:41Z INFO [564/750] 6e834cb1-c0bc-4cf2-9c6f-a362ff4c45d7: Sackin index -0.0722; 1.9 s; peak memory 524 MiB.
2026-10-08T10:29:48Z INFO [565/750] 6e838508-da92-4d48-b318-6bf0d2746596: Sackin index -0.0149; 6.4 s; peak memory 524 MiB.
2026-10-08T10:29:51Z INFO [566/750] 6e83c8d9-4c2b-4c70-87e7-57cb810d3a71: Sackin index -0.0539; 2.9 s; peak memory 524 MiB.
2026-10-08T10:29:52Z INFO [567/750] 6e8434ad-c86f-48be-8e3b-6242a0883118: Sackin index -0.1349; 0.9 s; peak memory 524 MiB.
2026-10-08T10:29:53Z INFO [568/750] 6e8434cf-f96c-4b81-939c-e311c699f4dd: Sackin index -0.1938; 1.7 s; peak memory 524 MiB.
2026-10-08T10:29:54Z INFO [569/750] 6e850c19-c237-4b64-a44f-d9814c8d5ed5: Sackin index -0.1349; 0.8 s; peak memory 524 MiB.
2026-10-08T10:29:56Z INFO [570/750] 6e854b50-c3ec-422d-b7c8-0bd553187cf5: Sackin index -0.0276; 1.6 s; peak memory 524 MiB.
2026-10-08T10:29:57Z INFO [571/750] 6e854bf1-2bbd-431f-9e84-daf2e071885b: Sackin index -0.0702; 0.9 s; peak memory 524 MiB.
2026-10-08T10:32:38Z INFO [572/750] 6e8599a5-71ae-4045-b17f-912744660795: Sackin index -0.0996; 161.4 s; peak memory 524 MiB.
2026-10-08T10:32:49Z INFO [573/750] 6e85ac34-c82f-4e2d-9d9e-0c4dfd3fe694: Sackin index -0.0666; 11.0 s; peak memory 524 MiB.
2026-10-08T10:32:50Z INFO [574/750] 6e85ec9b-a73b-4498-880e-51aef021ad19: Sackin index -0.0881; 1.0 s; peak memory 524 MiB.
2026-10-08T10:32:51Z INFO [575/750] 6e863251-2298-46bb-ad77-7d549555ee90: Sackin index -0.1349; 0.8 s; peak memory 524 MiB.
2026-10-08T10:32:52Z INFO [576/750] 6e86e77f-0778-4cae-9578-e2bfbafa14f0: Sackin index -0.0702; 0.9 s; peak memory 524 MiB.
2026-10-08T10:33:04Z INFO [577/750] 6e87725a-2da0-4f0c-88b6-1cd7cfc26fb3: Sackin index -0.0389; 12.8 s; peak memory 524 MiB.
2026-10-08T10:33:21Z INFO [578/750] 6e881da9-0f4b-449c-8988-2a1fbdc2ab27: Sackin index -0.1495; 16.4 s; peak memory 524 MiB.
2026-10-08T10:33:22Z INFO [579/750] 6e892372-79e8-47fd-a498-cebb9e512f9b: Sackin index -0.1248; 0.9 s; peak memory 524 MiB.
2026-10-08T10:33:32Z INFO [580/750] 6e8942ce-9f44-4924-bfa5-05f705903053: Sackin index -0.1310; 9.7 s; peak memory 524 MiB.
2026-10-08T10:33:33Z INFO [581/750] 6e89598b-23a7-43a1-9894-2972f4bbb0fb: Sackin index -0.1349; 1.2 s; peak memory 524 MiB.
2026-10-08T10:33:34Z INFO [582/750] 6e8b36c6-7a14-48b1-b615-11c377697402: Sackin index -0.0696; 0.8 s; peak memory 524 MiB.
2026-10-08T10:33:35Z INFO [583/750] 6e8c1971-3a50-4681-82d9-6381c7e86ff1: Sackin index -0.0944; 1.2 s; peak memory 524 MiB.
2026-10-08T10:33:42Z INFO [584/750] 6e8c5048-8062-427c-9994-a8052392c9b5: Sackin index -0.0697; 7.1 s; peak memory 524 MiB.
2026-10-08T10:33:43Z INFO [585/750] 6e8c8ce1-f9ec-4f6a-8cd4-7ea153b0e894: Sackin index -0.1349; 0.9 s; peak memory 524 MiB.
2026-10-08T10:33:55Z INFO [586/750] 6e8ec65a-5313-49df-a361-30847d81ce0d: Sackin index -0.0190; 12.5 s; peak memory 524 MiB.
2026-10-08T10:34:25Z INFO [587/750] 6e8fa659-971a-4281-8577-859b3e792d26: Sackin index -0.0055; 30.3 s; peak memory 524 MiB.
2026-10-08T10:34:27Z INFO [588/750] 6e8febd5-0ed3-4f80-8cd7-e046de15e865: Sackin index -0.0375; 1.4 s; peak memory 524 MiB.
2026-10-08T10:34:28Z INFO [589/750] 6e909ebf-f34b-4d12-a750-8b5aeedc17f8: Sackin index -0.0709; 0.8 s; peak memory 524 MiB.
2026-10-08T10:34:28Z INFO [590/750] 6e90b156-3db5-411f-800a-e0383036d143: Sackin index -0.1509; 0.9 s; peak memory 524 MiB.
2026-10-08T10:34:29Z INFO [591/750] 6e916806-bb5a-4a85-8d0e-13129412583d: Sackin index -0.0922; 0.7 s; peak memory 524 MiB.
2026-10-08T10:34:30Z INFO [592/750] 6e91e791-6e37-4f0f-9a34-66ef829f3718: Sackin index -0.0728; 0.8 s; peak memory 524 MiB.
2026-10-08T10:34:31Z INFO [593/750] 6e91f4e0-d984-49cc-8ee6-e48d707d293f: Sackin index -0.0702; 0.8 s; peak memory 524 MiB.
2026-10-08T10:34:32Z INFO [594/750] 6e93a28a-f422-498b-868c-0678068aa9ea: Sackin index -0.0696; 0.9 s; peak memory 524 MiB.
2026-10-08T10:34:59Z INFO [595/750] 6e93bba9-bc66-465c-8e57-ec45083ebc36: Sackin index -0.1367; 27.6 s; peak memory 524 MiB.
2026-10-08T10:35:00Z INFO [596/750] 6e944275-326f-40af-846a-e5b39aef2ec0: Sackin index -0.0386; 1.0 s; peak memory 524 MiB.
2026-10-08T10:35:01Z INFO [597/750] 6e9487c7-3e83-4456-b38d-20045314c643: Sackin index -0.1319; 0.6 s; peak memory 524 MiB.
2026-10-08T10:35:02Z INFO [598/750] 6e948cb1-1b2b-410d-9207-e910d0038b8d: Sackin index -0.1349; 0.7 s; peak memory 524 MiB.
2026-10-08T10:35:03Z INFO [599/750] 6e94a331-401b-4715-85f9-12c8cdeb1eba: Sackin index -0.1349; 0.9 s; peak memory 524 MiB.
2026-10-08T10:35:05Z INFO [600/750] 6e94cfa7-99ad-45b1-b1b1-d17c08732019: Sackin index -0.0355; 2.2 s; peak memory 524 MiB.
2026-10-08T10:35:05Z INFO [600/750] 6e94cfa7-99ad-45b1-b1b1-d17c08732019: checkpointed 100186 records.
2026-10-08T10:35:06Z INFO [601/750] 6e950af1-23ed-40f4-b569-15e1a349aa7e: Sackin index -0.0700; 0.7 s; peak memory 524 MiB.
2026-10-08T10:35:07Z INFO [602/750] 6e952c47-1df7-4acb-9624-745f0ef3e223: Sackin index -0.1349; 0.9 s; peak memory 524 MiB.
2026-10-08T10:35:08Z INFO [603/750] 6e954d26-3c14-4a74-8742-6107960c1860: Sackin index -0.0718; 1.8 s; peak memory 524 MiB.
2026-10-08T10:35:09Z INFO [604/750] 6e960e4d-b5c7-49a0-8da0-f90adfb798d3: Sackin index -0.0375; 0.9 s; peak memory 524 MiB.
2026-10-08T10:35:10Z INFO [605/750] 6e967a7c-aadd-4d77-82ee-e8cf8fd00019: Sackin index -0.1349; 0.7 s; peak memory 524 MiB.
2026-10-08T10:35:11Z INFO [606/750] 6e96fc5f-9224-4251-a00b-519d8f17a1f7: Sackin index -0.1349; 0.8 s; peak memory 524 MiB.
2026-10-08T10:35:41Z INFO [607/750] 6e982fe3-a2e7-4af8-8bbe-85eeadbf78bc: Sackin index -0.1367; 30.6 s; peak memory 524 MiB.
2026-10-08T10:35:42Z INFO [608/750] 6e9874a0-7d87-410a-9a8f-bfecfee4cf08: Sackin index -0.1380; 0.8 s; peak memory 524 MiB.
2026-10-08T10:35:45Z INFO [609/750] 6e9891ac-3b61-4b1a-b811-b0834d37b11e: Sackin index -0.0626; 2.7 s; peak memory 524 MiB.
2026-10-08T10:35:46Z INFO [610/750] 6e98fe59-a460-45bb-b298-aa2cffa5bf4b: Sackin index -0.1349; 0.8 s; peak memory 524 MiB.
2026-10-08T10:35:47Z INFO [611/750] 6e9a30ce-5a14-4f1c-a66e-b985cedea7c0: Sackin index -0.0941; 1.3 s; peak memory 524 MiB.
2026-10-08T10:35:48Z INFO [612/750] 6e9ab1d5-e6f5-4d00-bd80-fa91408cf17e: Sackin index -0.0379; 1.0 s; peak memory 524 MiB.
2026-10-08T10:35:49Z INFO [613/750] 6e9acb49-9711-4275-865a-2eabff6d271b: Sackin index -0.1448; 0.5 s; peak memory 524 MiB.
2026-10-08T10:35:50Z INFO [614/750] 6e9b3f16-547d-44b2-98d6-9af213ec0ea7: Sackin index -0.0515; 1.6 s; peak memory 524 MiB.
2026-10-08T10:35:52Z INFO [615/750] 6e9be01b-31dd-46aa-9c77-56a1856d2315: Sackin index -0.0699; 1.7 s; peak memory 524 MiB.
2026-10-08T10:35:55Z INFO [616/750] 6e9be296-8307-4437-b7a4-56dbf73a4e13: Sackin index -0.0249; 3.4 s; peak memory 524 MiB.
2026-10-08T10:35:57Z INFO [617/750] 6e9c9eb9-977e-4040-8dde-0819ae86d5b7: Sackin index -0.0985; 1.3 s; peak memory 524 MiB.
2026-10-08T10:35:58Z INFO [618/750] 6e9cc1bb-0d4f-4ad5-9f90-490cbdc1f955: Sackin index -0.1370; 1.1 s; peak memory 524 MiB.
2026-10-08T10:36:02Z INFO [619/750] 6e9d851a-102a-41b5-8db0-cc1f6b7dfe3d: Sackin index -0.0232; 4.0 s; peak memory 524 MiB.
2026-10-08T10:36:02Z INFO [620/750] 6e9eab9b-3169-418c-8e17-5e3479888df2: Sackin index -0.1349; 0.8 s; peak memory 524 MiB.
2026-10-08T10:36:04Z INFO [621/750] 6e9f409c-f348-41af-b146-837606ccc00f: Sackin index -0.0275; 1.4 s; peak memory 524 MiB.
2026-10-08T10:36:08Z INFO [622/750] 6e9f77c9-bdd4-4ef6-ace8-a5138985adcd: Sackin index -0.0403; 4.6 s; peak memory 524 MiB.
2026-10-08T10:36:10Z INFO [623/750] 6e9f7c86-cac6-48c4-821b-fb04fd85edcc: Sackin index -0.0369; 1.1 s; peak memory 524 MiB.
2026-10-08T10:36:10Z INFO [624/750] 6ea079d0-99e8-4411-80bf-0f0d4f02ce15: Sackin index -0.1349; 0.7 s; peak memory 524 MiB.
2026-10-08T10:38:56Z INFO [625/750] 6ea08c47-f477-494c-9ea8-bdb28438385d: Sackin index -0.0414; 165.8 s; peak memory 524 MiB.
2026-10-08T10:38:57Z INFO [626/750] 6ea11e74-b687-4ffe-92de-7963e70c6e99: Sackin index -0.0673; 0.7 s; peak memory 524 MiB.
2026-10-08T10:38:58Z INFO [627/750] 6ea13ba0-fc15-4b19-85c5-b6a128a0d72f: Sackin index -0.1272; 1.1 s; peak memory 524 MiB.
2026-10-08T10:38:59Z INFO [628/750] 6ea204b2-8596-43be-af23-cacd048f00f9: Sackin index -0.0457; 1.0 s; peak memory 524 MiB.
2026-10-08T10:39:00Z INFO [629/750] 6ea23d4e-eb4b-4b56-9d60-e91c2ba1fde9: Sackin index -0.1349; 1.0 s; peak memory 524 MiB.
2026-10-08T10:39:01Z INFO [630/750] 6ea2d93b-937c-41b4-8011-f6d4049009a0: Sackin index -0.0275; 1.4 s; peak memory 524 MiB.
2026-10-08T10:39:02Z INFO [631/750] 6ea2f232-26d9-4dfe-b1bb-586d038ebcdb: Sackin index -0.1349; 0.8 s; peak memory 524 MiB.
2026-10-08T10:39:06Z INFO [632/750] 6ea3df4a-0f99-4315-b261-2a1154dcd446: Sackin index -0.0455; 4.3 s; peak memory 524 MiB.
2026-10-08T10:39:08Z INFO [633/750] 6ea40548-a174-4e73-a432-b8459118885b: Sackin index -0.0369; 1.5 s; peak memory 524 MiB.
2026-10-08T10:39:09Z INFO [634/750] 6ea44fb3-8a37-4b96-a3d3-882ce71f0aa0: Sackin index -0.1273; 1.1 s; peak memory 524 MiB.
2026-10-08T10:39:09Z INFO [635/750] 6ea51b28-cabf-4732-97a0-2ded71fe92a0: Sackin index -0.0707; 0.6 s; peak memory 524 MiB.
2026-10-08T10:39:10Z INFO [636/750] 6ea76d49-13ae-4006-bffb-dd93e414ce97: Sackin index -0.1331; 0.6 s; peak memory 524 MiB.
2026-10-08T10:39:11Z INFO [637/750] 6ea8698c-0b17-4817-9dd5-6ee898c6de02: Sackin index -0.0881; 0.9 s; peak memory 524 MiB.
2026-10-08T10:39:12Z INFO [638/750] 6ea89b5a-cb5f-4818-9490-17ab9f2c1006: Sackin index -0.1349; 0.7 s; peak memory 524 MiB.
2026-10-08T10:39:12Z INFO [639/750] 6ea8ca19-afcd-4042-8ef4-1eeb741d0ef1: Sackin index -0.1356; 0.6 s; peak memory 524 MiB.
2026-10-08T10:39:14Z INFO [640/750] 6ea8d452-863c-47bd-be29-0c69dd660671: Sackin index -0.0944; 1.6 s; peak memory 524 MiB.
2026-10-08T10:39:15Z INFO [641/750] 6ea94bd2-12d3-4a53-a81b-1a0dab94fa48: Sackin index -0.1191; 0.6 s; peak memory 524 MiB.
2026-10-08T10:39:15Z INFO [642/750] 6ea97e7c-2fb3-4617-904d-e5ec001329a2: Sackin index -0.1248; 0.8 s; peak memory 524 MiB.
2026-10-08T10:39:16Z INFO [643/750] 6eaa0e21-5a17-431d-a072-9431d2da1bd9: Sackin index -0.0702; 0.9 s; peak memory 524 MiB.
2026-10-08T10:39:17Z INFO [644/750] 6eaa4b4b-4a93-4517-8101-937b216ae1f9: Sackin index -0.1072; 0.6 s; peak memory 524 MiB.
2026-10-08T10:39:18Z INFO [645/750] 6eaa4de0-4f30-431a-88c5-cd619b42c2ae: Sackin index -0.1602; 0.8 s; peak memory 524 MiB.
2026-10-08T10:39:19Z INFO [646/750] 6eaa7017-47ca-4367-ad03-92df880e21db: Sackin index -0.0376; 1.1 s; peak memory 524 MiB.
2026-10-08T10:39:19Z INFO [647/750] 6eaab5e6-eb62-402a-b816-49dc35edf81c: Sackin index -0.0881; 0.6 s; peak memory 524 MiB.
2026-10-08T10:39:20Z INFO [648/750] 6eaae734-a6b2-4418-8b81-61583de59f1c: Sackin index -0.0709; 0.8 s; peak memory 524 MiB.
2026-10-08T10:39:21Z INFO [649/750] 6eab5bb2-5dfa-42ac-a923-6c90a4af0060: Sackin index -0.1248; 0.8 s; peak memory 524 MiB.
2026-10-08T10:40:15Z INFO [650/750] 6eab64e5-ab21-4eaf-a2c5-e6db0f066d58: Sackin index -0.0021; 53.5 s; peak memory 524 MiB.
2026-10-08T10:40:15Z INFO [650/750] 6eab64e5-ab21-4eaf-a2c5-e6db0f066d58: checkpointed 100236 records.
2026-10-08T10:40:17Z INFO [651/750] 6eab6aed-a5bf-4633-a3e4-bf9afa9a00ee: Sackin index -0.0676; 1.8 s; peak memory 524 MiB.
2026-10-08T10:40:18Z INFO [652/750] 6eabfeea-722c-4cd0-9a49-a76886a9606a: Sackin index -0.0702; 1.1 s; peak memory 524 MiB.
2026-10-08T10:40:19Z INFO [653/750] 6eac3a90-626e-4e05-982f-14501ce214a0: Sackin index -0.0702; 0.9 s; peak memory 524 MiB.
2026-10-08T10:40:19Z INFO [654/750] 6eac5ae5-df53-4ad6-9ce7-e0fabbe95163: Sackin index -0.0696; 0.8 s; peak memory 524 MiB.
2026-10-08T10:40:21Z INFO [655/750] 6ead22e8-0089-4813-a59a-13c16e131632: Sackin index -0.0379; 1.2 s; peak memory 524 MiB.
2026-10-08T10:40:22Z INFO [656/750] 6eadc74f-46b6-41ab-ad87-d40c7d5c3458: Sackin index -0.0699; 1.5 s; peak memory 524 MiB.
2026-10-08T10:40:27Z INFO [657/750] 6eae174d-fc59-4c45-8db5-4b3a2e0caa74: Sackin index -0.0256; 5.2 s; peak memory 524 MiB.
2026-10-08T10:40:28Z INFO [658/750] 6eae429a-0669-4a2f-bcfa-9c96c684b2b9: Sackin index -0.0369; 1.1 s; peak memory 524 MiB.
2026-10-08T10:40:29Z INFO [659/750] 6eafab94-9c47-4571-834d-d209db61aab7: Sackin index -0.1658; 0.7 s; peak memory 524 MiB.
2026-10-08T10:40:30Z INFO [660/750] 6eafd36a-52f1-4e7e-ad58-9589ae37da5c: Sackin index -0.1349; 0.8 s; peak memory 524 MiB.
2026-10-08T10:40:31Z INFO [661/750] 6eb0a915-e05a-4596-a8c9-74c7e03dc4b7: Sackin index -0.0702; 0.7 s; peak memory 524 MiB.
2026-10-08T10:40:32Z INFO [662/750] 6eb0c13a-ea66-4960-bb9b-47e7cf19ed23: Sackin index -0.0728; 1.0 s; peak memory 524 MiB.
2026-10-08T10:40:35Z INFO [663/750] 6eb0d6b1-ec66-4317-abbf-b1d29e4ea73e: Sackin index -0.0251; 3.8 s; peak memory 524 MiB.
2026-10-08T10:40:36Z INFO [664/750] 6eb121e8-6426-4287-ba6b-b990756391bd: Sackin index -0.1349; 0.8 s; peak memory 524 MiB.
2026-10-08T10:40:37Z INFO [665/750] 6eb1269d-be47-4495-9c80-24843817b3b9: Sackin index -0.1256; 0.6 s; peak memory 524 MiB.
2026-10-08T10:40:38Z INFO [666/750] 6eb13808-e45b-47b6-b4ad-12ecd7a39add: Sackin index -0.1349; 0.7 s; peak memory 524 MiB.
2026-10-08T10:40:39Z INFO [667/750] 6eb1fdbc-ed2d-4356-aa35-995ad34c5b1d: Sackin index -0.0693; 1.8 s; peak memory 524 MiB.
2026-10-08T10:40:40Z INFO [668/750] 6eb24640-8abb-4cf1-a935-ed6a20851ac6: Sackin index -0.1349; 0.8 s; peak memory 524 MiB.
2026-10-08T10:40:41Z INFO [669/750] 6eb42c28-f060-469a-914e-8830e1fe24db: Sackin index -0.1349; 0.8 s; peak memory 524 MiB.
2026-10-08T10:40:49Z INFO [670/750] 6eb55e6d-6833-4b85-9af1-1b92f2283c61: Sackin index -0.0078; 7.7 s; peak memory 524 MiB.
2026-10-08T10:40:49Z INFO [671/750] 6eb56bdc-1cef-4866-a4ba-0d852d120d5a: Sackin index -0.1239; 0.5 s; peak memory 524 MiB.
2026-10-08T10:40:50Z INFO [672/750] 6eb59476-910b-4f8a-9277-613e83e6f1b4: Sackin index -0.1248; 0.7 s; peak memory 524 MiB.
2026-10-08T10:40:50Z INFO [673/750] 6eb601ea-c67d-4a1e-a328-62cd1358fc74: Sackin index -0.1319; 0.6 s; peak memory 524 MiB.
2026-10-08T10:40:52Z INFO [674/750] 6eb6218f-db09-4f13-90d0-d424dbfdea68: Sackin index -0.0699; 1.8 s; peak memory 524 MiB.
2026-10-08T10:40:56Z INFO [675/750] 6eb7146b-364d-4b28-913a-8f1e067677c9: Sackin index -0.0255; 3.3 s; peak memory 524 MiB.
2026-10-08T10:41:01Z INFO [676/750] 6eb78584-f910-4a03-920b-e5f70cb8cb15: Sackin index -0.0153; 5.3 s; peak memory 524 MiB.
2026-10-08T10:41:02Z INFO [677/750] 6eb787ee-afb8-4c07-8b4c-c17acacf1446: Sackin index -0.1072; 1.2 s; peak memory 524 MiB.
2026-10-08T10:41:06Z INFO [678/750] 6eb81465-f1ad-48a3-a1eb-5961669a36c7: Sackin index -0.0251; 4.0 s; peak memory 524 MiB.
2026-10-08T10:41:07Z INFO [679/750] 6eb8416f-e8bd-4434-a9e3-80ecc87ba4e0: Sackin index -0.0376; 1.3 s; peak memory 524 MiB.
2026-10-08T10:41:08Z INFO [680/750] 6eb852ee-2e6c-4a72-9a3b-0d5250b2ffd5: Sackin index -0.1527; 0.7 s; peak memory 524 MiB.
2026-10-08T10:41:09Z INFO [681/750] 6eb9b091-f41e-493d-8c0b-ee71c1ddcc06: Sackin index -0.0702; 0.8 s; peak memory 524 MiB.
2026-10-08T10:41:10Z INFO [682/750] 6eb9cf21-f80b-46b5-909b-987952646317: Sackin index -0.0383; 1.0 s; peak memory 524 MiB.
2026-10-08T10:41:11Z INFO [683/750] 6eb9fc8b-5219-4ede-a0f5-9ff4a6f7a869: Sackin index -0.1349; 0.7 s; peak memory 524 MiB.
2026-10-08T10:41:12Z INFO [684/750] 6eba4122-dc9f-45c8-82f5-d4284491bae4: Sackin index -0.0745; 1.2 s; peak memory 524 MiB.
2026-10-08T10:41:13Z INFO [685/750] 6eba4324-1751-4395-bbd6-fe47c1b50641: Sackin index -0.1248; 0.7 s; peak memory 524 MiB.
2026-10-08T10:41:13Z INFO [686/750] 6ebb5168-2b28-45b8-bc96-e919f5494958: Sackin index -0.1349; 0.8 s; peak memory 524 MiB.
2026-10-08T10:41:14Z INFO [687/750] 6ebb5e6f-8aef-43c0-a293-7f53d612bb21: Sackin index -0.1298; 0.5 s; peak memory 524 MiB.
2026-10-08T10:41:15Z INFO [688/750] 6ebbce4b-7e28-4abe-b3df-abbd73c57410: Sackin index -0.0728; 1.3 s; peak memory 524 MiB.
2026-10-08T10:41:16Z INFO [689/750] 6ebcafb6-67cf-4c18-8187-3fe2a70aa7c8: Sackin index -0.0702; 0.9 s; peak memory 524 MiB.
2026-10-08T10:41:17Z INFO [690/750] 6ebd786c-d350-45fe-b834-639495b625fa: Sackin index -0.0702; 0.9 s; peak memory 524 MiB.
2026-10-08T10:41:19Z INFO [691/750] 6ebd8862-874c-4e1a-a1ad-0c20e44fb3e1: Sackin index -0.0663; 2.3 s; peak memory 524 MiB.
2026-10-08T10:44:01Z INFO [692/750] 6ebe9a9f-017d-4e14-a520-9f748fbd8d80: Sackin index -0.0271; 161.8 s; peak memory 524 MiB.
2026-10-08T10:44:02Z INFO [693/750] 6ebe9f86-7395-424d-8190-58dfb1ffc944: Sackin index -0.1273; 1.3 s; peak memory 524 MiB.
2026-10-08T10:44:06Z INFO [694/750] 6ebee8ce-c24d-4bc4-87ed-709894f4ba3b: Sackin index -0.0772; 3.5 s; peak memory 524 MiB.
2026-10-08T10:44:07Z INFO [695/750] 6ebfc935-4fe6-457b-baca-dff0ea4d03ea: Sackin index -0.0709; 1.0 s; peak memory 524 MiB.
2026-10-08T10:44:09Z INFO [696/750] 6ec0485f-cb4e-4641-84f9-fb58b80f466a: Sackin index -0.0660; 2.0 s; peak memory 524 MiB.
2026-10-08T10:44:10Z INFO [697/750] 6ec0c8a0-3af9-4113-8e97-a0946ab2ba9e: Sackin index -0.0728; 1.0 s; peak memory 524 MiB.
2026-10-08T10:44:11Z INFO [698/750] 6ec15c17-3a2a-4256-9a51-88689e927caa: Sackin index -0.0702; 0.9 s; peak memory 524 MiB.
2026-10-08T10:44:12Z INFO [699/750] 6ec1773e-f61f-4d4a-99c7-07bc879b17cf: Sackin index -0.0369; 1.3 s; peak memory 524 MiB.
2026-10-08T10:44:13Z INFO [700/750] 6ec2093b-37a0-4c9b-adee-548e55de272f: Sackin index -0.0702; 1.0 s; peak memory 524 MiB.
2026-10-08T10:44:13Z INFO [700/750] 6ec2093b-37a0-4c9b-adee-548e55de272f: checkpointed 100286 records.
2026-10-08T10:46:08Z INFO [701/750] 6ec2282c-9b16-4695-9c18-4715a48959de: Sackin index -0.0667; 114.7 s; peak memory 1222 MiB.
2026-10-08T10:46:09Z INFO [702/750] 6ec22ff9-7a14-477d-a552-8feefc78b56e: Sackin index -0.0358; 1.5 s; peak memory 1222 MiB.
2026-10-08T10:46:10Z INFO [703/750] 6ec34530-776e-45fb-8d27-7dd7a2c8d9c9: Sackin index -0.0728; 0.8 s; peak memory 1222 MiB.
2026-10-08T10:46:19Z INFO [704/750] 6ec3984a-1106-4721-bf06-68fd19b4abff: Sackin index -0.0025; 8.4 s; peak memory 1222 MiB.
2026-10-08T10:46:20Z INFO [705/750] 6ec45ae9-427c-4284-83de-cb25f2168d03: Sackin index -0.0728; 1.1 s; peak memory 1222 MiB.
2026-10-08T10:46:27Z INFO [706/750] 6ec5b062-21fd-48d2-a56b-9c8ba2b56f7c: Sackin index -0.0146; 7.0 s; peak memory 1222 MiB.
2026-10-08T10:46:28Z INFO [707/750] 6ec630dc-7e47-4f93-826d-10467885dfbc: Sackin index -0.1349; 0.8 s; peak memory 1222 MiB.
2026-10-08T10:46:28Z INFO [708/750] 6ec65eb2-cab4-48e8-8f49-ce1b21ca4ecd: Sackin index -0.1658; 0.4 s; peak memory 1222 MiB.
2026-10-08T10:46:30Z INFO [709/750] 6ec799fa-ae85-497a-995e-ec28a8d33ba9: Sackin index -0.0660; 2.1 s; peak memory 1222 MiB.
2026-10-08T10:46:31Z INFO [710/750] 6ec7a875-f35e-4172-ab73-4ad666955a89: Sackin index -0.1938; 0.6 s; peak memory 1222 MiB.
2026-10-08T10:46:31Z INFO [711/750] 6ec89978-bca2-434b-b123-18327a96119f: Sackin index -0.1178; 0.6 s; peak memory 1222 MiB.
2026-10-08T10:46:32Z INFO [712/750] 6ec89f79-6adb-4f1e-a65b-393deea583ea: Sackin index -0.0728; 0.9 s; peak memory 1222 MiB.
2026-10-08T10:46:33Z INFO [713/750] 6ec8c253-b347-4576-8015-c7fba375a8c4: Sackin index -0.1349; 0.8 s; peak memory 1222 MiB.
2026-10-08T10:46:34Z INFO [714/750] 6ec923a8-0961-4427-b79a-65cd8aef6d74: Sackin index -0.0709; 0.8 s; peak memory 1222 MiB.
2026-10-08T10:46:35Z INFO [715/750] 6ec9d350-0a14-4e37-a049-58a0070ad009: Sackin index -0.0368; 0.8 s; peak memory 1222 MiB.
2026-10-08T10:46:36Z INFO [716/750] 6eca0716-a24c-4dff-83d1-d5a16b04f6c0: Sackin index -0.0732; 1.0 s; peak memory 1222 MiB.
2026-10-08T10:46:37Z INFO [717/750] 6eca32cb-32c8-42e1-abd9-fa982c618a90: Sackin index -0.0745; 1.1 s; peak memory 1222 MiB.
2026-10-08T10:46:38Z INFO [718/750] 6eca6155-86a7-4ebe-ac19-a32dd15ab9d0: Sackin index -0.0696; 0.8 s; peak memory 1222 MiB.
2026-10-08T10:46:38Z INFO [719/750] 6ecb0a3e-c740-4593-bfc1-803d97da9c3e: Sackin index -0.1349; 0.7 s; peak memory 1222 MiB.
2026-10-08T10:46:39Z INFO [720/750] 6ecc2b0c-d1b0-479f-b5d2-71e9390b79d6: Sackin index -0.1349; 0.7 s; peak memory 1222 MiB.
2026-10-08T10:46:40Z INFO [721/750] 6ecca3a7-ee7c-4cd6-8a58-3af5ea8f3022: Sackin index -0.1178; 0.6 s; peak memory 1222 MiB.
2026-10-08T10:46:42Z INFO [722/750] 6eccb4c2-3f70-41a9-84ee-2603eb4d8d0e: Sackin index -0.1938; 2.1 s; peak memory 1222 MiB.
2026-10-08T10:46:42Z INFO [723/750] 6eccf6db-457c-48ad-bc2f-e58f8051c0a0: Sackin index -0.0696; 0.8 s; peak memory 1222 MiB.
2026-10-08T10:46:43Z INFO [724/750] 6ecd537a-cd4b-4289-96ec-db6501498638: Sackin index -0.0376; 1.1 s; peak memory 1222 MiB.
2026-10-08T10:46:44Z INFO [725/750] 6ecd5707-8682-432d-af4f-8e8060fee529: Sackin index -0.1349; 0.7 s; peak memory 1222 MiB.
2026-10-08T10:46:48Z INFO [726/750] 6ecf54e7-2674-42f9-a3c4-4dbe468041ac: Sackin index -0.0723; 4.3 s; peak memory 1222 MiB.
2026-10-08T10:46:49Z INFO [727/750] 6ecff7b9-c758-466f-9643-b79df1174e9e: Sackin index -0.1602; 0.6 s; peak memory 1222 MiB.
2026-10-08T10:46:51Z INFO [728/750] 6ed00717-f907-4c99-b7df-a130cc9578e3: Sackin index -0.0699; 1.9 s; peak memory 1222 MiB.
2026-10-08T10:46:52Z INFO [729/750] 6ed02dce-a1a9-40c9-a8f6-15ebeb39922e: Sackin index -0.0696; 0.8 s; peak memory 1222 MiB.
2026-10-08T10:46:52Z INFO [730/750] 6ed1da7b-7175-4f89-addb-077721a612a2: Sackin index -0.1562; 0.7 s; peak memory 1222 MiB.
2026-10-08T10:46:53Z INFO [731/750] 6ed2f22c-0351-4fd4-9319-e530700ec08f: Sackin index -0.1349; 0.8 s; peak memory 1222 MiB.
2026-10-08T10:46:54Z INFO [732/750] 6ed3c61c-cd5d-4155-815f-0a573bf9fc27: Sackin index -0.1349; 0.8 s; peak memory 1222 MiB.
2026-10-08T10:46:55Z INFO [733/750] 6ed4e35b-2575-4080-bd9e-ea7d70dda3df: Sackin index -0.0369; 1.0 s; peak memory 1222 MiB.
2026-10-08T10:46:56Z INFO [734/750] 6ed6e453-f8d0-4ac3-b431-6910d2e0f777: Sackin index -0.0379; 0.8 s; peak memory 1222 MiB.
2026-10-08T10:46:57Z INFO [735/750] 6ed70316-0be2-4a68-9756-e7b33a087339: Sackin index -0.0728; 0.9 s; peak memory 1222 MiB.
2026-10-08T10:46:57Z INFO [736/750] 6ed71cad-cdfe-4686-b981-e0f575816374: Sackin index -0.0702; 0.8 s; peak memory 1222 MiB.
2026-10-08T10:46:58Z INFO [737/750] 6ed7f042-4dd1-4e61-a63e-309846869e0a: Sackin index -0.1461; 0.7 s; peak memory 1222 MiB.
2026-10-08T10:46:59Z INFO [738/750] 6edab0af-0c96-4f64-98e1-f5bc2896bb83: Sackin index -0.0728; 1.0 s; peak memory 1222 MiB.
2026-10-08T10:47:00Z INFO [739/750] 6edac16f-357e-41a9-9701-379f1bdd99c6: Sackin index -0.0272; 1.1 s; peak memory 1222 MiB.
2026-10-08T10:47:01Z INFO [740/750] 6edb66f7-f3bc-4022-b7c6-1e0eddf8270d: Sackin index -0.1633; 0.6 s; peak memory 1222 MiB.
2026-10-08T10:47:03Z INFO [741/750] 6edc0e0c-0c4d-4bd5-9eb9-682c69d238c3: Sackin index -0.1266; 2.3 s; peak memory 1222 MiB.
2026-10-08T10:47:04Z INFO [742/750] 6edd0b37-5de1-48f2-95c3-280ddeddc584: Sackin index -0.1349; 0.7 s; peak memory 1222 MiB.
2026-10-08T10:49:12Z INFO [743/750] 6eded16d-fe68-42fa-8afc-38b36cd046e2: Sackin index -0.0410; 128.3 s; peak memory 1222 MiB.
2026-10-08T10:49:23Z INFO [744/750] 6edf45a6-82cc-4af1-8deb-8e910b0ec7c4: Sackin index -0.2073; 11.0 s; peak memory 1222 MiB.
2026-10-08T10:49:24Z INFO [745/750] 6edf47c5-8fa0-42e6-83a9-48717407adf4: Sackin index -0.1349; 0.8 s; peak memory 1222 MiB.
2026-10-08T10:49:25Z INFO [746/750] 6edf9ce7-e5e3-4a78-858a-1d8c110f9ba0: Sackin index -0.0709; 0.8 s; peak memory 1222 MiB.
2026-10-08T10:49:26Z INFO [747/750] 6ee05869-0e9e-4b20-b0c2-05552cb9e908: Sackin index -0.0745; 0.9 s; peak memory 1222 MiB.
2026-10-08T10:49:26Z INFO [748/750] 6ee075a5-1f96-49a7-b5c4-49721ef24f0a: Sackin index -0.1397; 0.6 s; peak memory 1222 MiB.
2026-10-08T10:49:30Z INFO [749/750] 6ee0fad1-d75a-421e-abd7-23f72ffc6bb0: Sackin index -0.0403; 3.5 s; peak memory 1222 MiB.
2026-10-08T10:49:30Z INFO [750/750] 6ee14b2e-c6f1-4e60-bb6d-6d72c78f4382: Sackin index -0.1349; 0.7 s; peak memory 1222 MiB.
2026-10-08T10:49:31Z INFO [750/750] 6ee14b2e-c6f1-4e60-bb6d-6d72c78f4382: checkpointed 100336 records.
2026-10-08T10:49:31Z INFO Wrote 100336 records to /tmp/derivatives/valid_nwb_file_to_sackin_index.jsonl (750 new, 0 failed) in 49.3 min (peak memory 1222 MiB).
