2026-10-10T03:31:18Z INFO Logging to /tmp/logs/update_2026-10-10T03-31-18Z.log.
2026-10-10T03:31:18Z INFO Update valid-nwb-file-to-sackin-index (base directory /tmp).
2026-10-10T03:31:18Z INFO Processing 750 items (114586 already recorded).
2026-10-10T03:31:20Z INFO [1/750] 8c28c790-9933-42ca-8ccf-9cc5f66cfcbb: Sackin index -0.1527; 1.3 s; peak memory 126 MiB.
2026-10-10T03:31:21Z INFO [2/750] 8c29283d-c1fa-407f-b334-11e2ff2f1f7c: Sackin index -0.0696; 1.1 s; peak memory 130 MiB.
2026-10-10T03:31:22Z INFO [3/750] 8c293a6d-2f17-49dd-bcf2-2d7eb94c3c5f: Sackin index -0.0702; 0.9 s; peak memory 130 MiB.
2026-10-10T03:31:49Z INFO [4/750] 8c296917-b6f8-487f-a90a-5d6860ea1f5b: Sackin index -0.0267; 27.5 s; peak memory 217 MiB.
2026-10-10T03:32:09Z INFO [5/750] 8c2969d4-09c5-4eff-a2b3-4d31b12a8ea7: Sackin index -0.1367; 19.4 s; peak memory 218 MiB.
2026-10-10T03:32:10Z INFO [6/750] 8c29d2ae-4998-40dd-8262-8ed68d993550: Sackin index -0.0696; 1.0 s; peak memory 218 MiB.
2026-10-10T03:32:11Z INFO [7/750] 8c29e99c-f7d4-4151-9687-9eb65fdfda99: Sackin index -0.1273; 1.3 s; peak memory 218 MiB.
2026-10-10T03:35:27Z INFO [8/750] 8c2a1463-d227-466e-ba28-a046cf8e85ef: Sackin index -0.0435; 195.8 s; peak memory 407 MiB.
2026-10-10T03:35:27Z INFO [9/750] 8c2a5433-0eb9-43a0-b082-2d7e1dbb89b6: Sackin index -0.1658; 0.7 s; peak memory 407 MiB.
2026-10-10T03:35:28Z INFO [10/750] 8c2b30fa-7fcd-41c8-a5fd-1ea738ac91a5: Sackin index -0.1448; 0.7 s; peak memory 407 MiB.
2026-10-10T03:35:30Z INFO [11/750] 8c2b7c8f-3d4c-4648-8714-4856c2c4cf4a: Sackin index -0.0728; 1.5 s; peak memory 407 MiB.
2026-10-10T03:35:30Z INFO [12/750] 8c2c2cd6-ceaa-4cfa-b495-11d5ae1d690b: Sackin index -0.1349; 0.9 s; peak memory 407 MiB.
2026-10-10T03:35:32Z INFO [13/750] 8c2c3f58-38b2-4768-8f89-53dbd2324fe1: Sackin index -0.0676; 1.9 s; peak memory 407 MiB.
2026-10-10T03:35:33Z INFO [14/750] 8c2d7ce6-26a7-44e6-ab18-cb1bd4e8b179: Sackin index -0.1349; 0.9 s; peak memory 407 MiB.
2026-10-10T03:35:34Z INFO [15/750] 8c2db29f-2797-421c-a304-a6f78da08a6a: Sackin index -0.0722; 1.0 s; peak memory 407 MiB.
2026-10-10T03:35:35Z INFO [16/750] 8c2dc360-c65d-49ef-b903-20e985b7d6be: Sackin index -0.0434; 1.1 s; peak memory 407 MiB.
2026-10-10T03:35:37Z INFO [17/750] 8c2e34d1-a08f-4299-b685-d9a680547f3f: Sackin index -0.0728; 1.1 s; peak memory 407 MiB.
2026-10-10T03:35:37Z INFO [18/750] 8c2e5b0e-e0a9-4d6a-b0ff-5b29535adb51: Sackin index -0.1349; 0.9 s; peak memory 407 MiB.
2026-10-10T03:35:38Z INFO [19/750] 8c2e7d63-7f77-4dc6-b537-c6e1b76ccb6b: Sackin index -0.1349; 0.8 s; peak memory 407 MiB.
2026-10-10T03:35:39Z INFO [20/750] 8c2e9a9c-9a55-4a3d-a357-8b2927dfea83: Sackin index -0.1068; 0.9 s; peak memory 407 MiB.
2026-10-10T03:35:40Z INFO [21/750] 8c2eccca-c8db-469f-a8b9-e6d740010a7a: Sackin index -0.1408; 0.9 s; peak memory 407 MiB.
2026-10-10T03:35:41Z INFO [22/750] 8c2f0706-4dc4-4656-a4c4-d8c04f5d92ba: Sackin index -0.1349; 0.8 s; peak memory 407 MiB.
2026-10-10T03:35:42Z INFO [23/750] 8c2fc7b2-3251-44ba-86a3-677944cf0267: Sackin index -0.0699; 1.7 s; peak memory 407 MiB.
2026-10-10T03:35:43Z INFO [24/750] 8c300ecf-470d-42f0-ae02-137a428d106d: Sackin index -0.0696; 1.0 s; peak memory 407 MiB.
2026-10-10T03:35:47Z INFO [25/750] 8c309811-2303-493b-a45a-ac7ee95dafae: Sackin index -0.0411; 3.9 s; peak memory 407 MiB.
2026-10-10T03:35:52Z INFO [26/750] 8c31843d-1b1a-4f69-88de-ad685dc8e905: Sackin index -0.0251; 4.7 s; peak memory 407 MiB.
2026-10-10T03:35:53Z INFO [27/750] 8c31e419-a0dd-4ff2-8656-8f5169214786: Sackin index -0.0720; 0.8 s; peak memory 407 MiB.
2026-10-10T03:35:54Z INFO [28/750] 8c321078-3370-4fd2-83be-6e7d83a37744: Sackin index -0.0752; 0.8 s; peak memory 407 MiB.
2026-10-10T03:35:56Z INFO [29/750] 8c3231ad-a7ba-4b22-870c-df06c9a1843e: Sackin index -0.0660; 2.0 s; peak memory 407 MiB.
2026-10-10T03:37:17Z INFO [30/750] 8c32c317-6585-44ee-98d5-42c9dd17e9eb: Sackin index -0.1076; 81.6 s; peak memory 407 MiB.
2026-10-10T03:37:18Z INFO [31/750] 8c32ff30-ea0e-43be-ab9a-65f48cf77877: Sackin index -0.0709; 1.0 s; peak memory 407 MiB.
2026-10-10T03:37:23Z INFO [32/750] 8c34bb82-7e3f-4f49-b3ad-f653a266ee46: Sackin index -0.0229; 4.5 s; peak memory 407 MiB.
2026-10-10T03:38:32Z INFO [33/750] 8c34c112-d217-4a96-894e-c5e2d912d5a6: Sackin index -0.1003; 69.3 s; peak memory 407 MiB.
2026-10-10T03:38:33Z INFO [34/750] 8c34e34d-a940-44ab-a51e-020ba980194e: Sackin index -0.1279; 1.0 s; peak memory 407 MiB.
2026-10-10T03:38:34Z INFO [35/750] 8c34f328-be6f-427e-ba55-a2e473bbeaf7: Sackin index -0.1349; 0.9 s; peak memory 407 MiB.
2026-10-10T03:38:35Z INFO [36/750] 8c35e468-8bfd-424b-b43e-377a503a13d1: Sackin index -0.1349; 1.0 s; peak memory 407 MiB.
2026-10-10T03:38:36Z INFO [37/750] 8c36fb08-5ff1-428b-96df-ae99a0fa6f3a: Sackin index -0.1349; 0.8 s; peak memory 407 MiB.
2026-10-10T03:38:37Z INFO [38/750] 8c37619f-275c-4044-bc35-7762ec04e1c8: Sackin index -0.0745; 1.0 s; peak memory 407 MiB.
2026-10-10T03:38:38Z INFO [39/750] 8c37769f-d91b-420d-8aba-ec8c3fbf0563: Sackin index -0.0375; 1.3 s; peak memory 407 MiB.
2026-10-10T03:38:40Z INFO [40/750] 8c39a463-89ea-4003-9895-9d7f81f113a1: Sackin index -0.0275; 1.5 s; peak memory 407 MiB.
2026-10-10T03:38:41Z INFO [41/750] 8c3c4db5-3186-4784-a826-f60efc8f39bd: Sackin index -0.0702; 1.0 s; peak memory 407 MiB.
2026-10-10T03:38:41Z INFO [42/750] 8c3cc81f-3ae8-4e9b-b57a-e97cb96719ee: Sackin index -0.1349; 0.8 s; peak memory 407 MiB.
2026-10-10T03:38:42Z INFO [43/750] 8c3d6467-3642-446a-997b-0f26df5db237: Sackin index -0.1349; 0.8 s; peak memory 407 MiB.
2026-10-10T03:38:44Z INFO [44/750] 8c3dd2bd-87a2-4140-8e3f-770730d3d077: Sackin index -0.0677; 1.9 s; peak memory 407 MiB.
2026-10-10T03:38:45Z INFO [45/750] 8c3e1239-268b-43ea-9b39-835c9ede2511: Sackin index -0.0728; 1.1 s; peak memory 407 MiB.
2026-10-10T03:38:56Z INFO [46/750] 8c3e4c55-4f72-4fd4-ad72-725060e28a2c: Sackin index -0.0201; 10.8 s; peak memory 407 MiB.
2026-10-10T03:38:57Z INFO [47/750] 8c3e4f3c-4ddd-4363-8f1e-5d94f664ea5d: Sackin index -0.1658; 0.7 s; peak memory 407 MiB.
2026-10-10T03:38:58Z INFO [48/750] 8c3ec5b3-5317-4abb-bf1c-4b1a0c383b86: Sackin index -0.1349; 0.8 s; peak memory 407 MiB.
2026-10-10T03:38:58Z INFO [49/750] 8c3ed1dc-b1e7-4671-acea-66c9beb18019: Sackin index -0.1938; 0.7 s; peak memory 407 MiB.
2026-10-10T03:38:59Z INFO [50/750] 8c3f106c-d6b6-44a2-ab52-8060de593252: Sackin index -0.0379; 1.3 s; peak memory 407 MiB.
2026-10-10T03:39:00Z INFO [50/750] 8c3f106c-d6b6-44a2-ab52-8060de593252: checkpointed 114636 new records.
2026-10-10T03:39:00Z INFO [51/750] 8c3f14bc-c6a0-4917-98df-4e2d370c1556: Sackin index -0.2147; 0.5 s; peak memory 407 MiB.
2026-10-10T03:39:01Z INFO [52/750] 8c3fdb11-99ac-48a1-81f6-b893c5ae492b: Sackin index -0.1349; 0.7 s; peak memory 407 MiB.
2026-10-10T03:39:02Z INFO [53/750] 8c400f4a-e0bf-4d8e-beea-114c7aebfb55: Sackin index -0.0681; 1.6 s; peak memory 407 MiB.
2026-10-10T03:39:03Z INFO [54/750] 8c4068cd-c759-4b3d-9dfb-9302645c556b: Sackin index -0.1349; 0.8 s; peak memory 407 MiB.
2026-10-10T03:39:04Z INFO [55/750] 8c4076c0-f450-4379-9352-995369bb7b42: Sackin index -0.1349; 0.7 s; peak memory 407 MiB.
2026-10-10T03:39:05Z INFO [56/750] 8c40cfef-22cb-4107-b261-02ba89111de2: Sackin index -0.1658; 0.6 s; peak memory 407 MiB.
2026-10-10T03:39:06Z INFO [57/750] 8c414883-c5a2-4237-bcf9-ee00b34854ed: Sackin index -0.0886; 1.1 s; peak memory 407 MiB.
2026-10-10T03:39:18Z INFO [58/750] 8c418f80-b09f-4eed-b2ae-299967d92fd4: Sackin index -0.0147; 12.0 s; peak memory 407 MiB.
2026-10-10T03:39:19Z INFO [59/750] 8c419939-e258-471f-a53a-5a57ca3f01f3: Sackin index -0.1349; 0.8 s; peak memory 407 MiB.
2026-10-10T03:39:19Z INFO [60/750] 8c4249b4-1f34-4d4f-b0ab-02f01e3dc589: Sackin index -0.1349; 0.9 s; peak memory 407 MiB.
2026-10-10T03:39:23Z INFO [61/750] 8c429bf6-a5d2-4a79-b640-3f202a4ef445: Sackin index -0.0431; 4.1 s; peak memory 407 MiB.
2026-10-10T03:39:25Z INFO [62/750] 8c42d9df-da26-4a16-a839-8f809e8ef73e: Sackin index -0.1210; 1.2 s; peak memory 407 MiB.
2026-10-10T03:39:26Z INFO [63/750] 8c431f8e-e75f-4eb3-99b6-c9f0986715d4: Sackin index -0.1191; 0.9 s; peak memory 407 MiB.
2026-10-10T03:39:27Z INFO [64/750] 8c432ad1-e5d2-44a7-9d1f-7cae7d21d7b6: Sackin index -0.0728; 1.1 s; peak memory 407 MiB.
2026-10-10T03:39:29Z INFO [65/750] 8c44d2cf-e564-4e10-b97c-81a3de804e77: Sackin index -0.0660; 2.3 s; peak memory 407 MiB.
2026-10-10T03:39:30Z INFO [66/750] 8c44db09-0750-4803-a0d9-c67022121230: Sackin index -0.1349; 0.7 s; peak memory 407 MiB.
2026-10-10T03:39:32Z INFO [67/750] 8c45de7b-50ae-49e7-b599-9676b7061a10: Sackin index -0.0693; 1.9 s; peak memory 407 MiB.
2026-10-10T03:39:32Z INFO [68/750] 8c45f575-acc0-4502-8125-0b824f823dca: Sackin index -0.1658; 0.6 s; peak memory 407 MiB.
2026-10-10T03:39:33Z INFO [69/750] 8c4620da-d2c6-4ce8-b5f2-af756125455a: Sackin index -0.1349; 0.8 s; peak memory 407 MiB.
2026-10-10T03:39:34Z INFO [70/750] 8c4726c7-adca-4bb7-944b-78cd9a2c1f31: Sackin index -0.0745; 1.2 s; peak memory 407 MiB.
2026-10-10T03:39:35Z INFO [71/750] 8c473bd3-a0b6-4ee1-b36e-83ff6257bf90: Sackin index -0.0709; 0.9 s; peak memory 407 MiB.
2026-10-10T03:39:36Z INFO [72/750] 8c479d20-24cb-49e0-a23a-764eb54da02a: Sackin index -0.0375; 1.2 s; peak memory 407 MiB.
2026-10-10T03:39:43Z INFO [73/750] 8c47b844-e8cd-416c-ad19-b7afe2d3cab9: Sackin index -0.1938; 6.8 s; peak memory 407 MiB.
2026-10-10T03:39:44Z INFO [74/750] 8c47ceb7-cd7a-478b-89ae-039f8b3110e3: Sackin index -0.1201; 0.9 s; peak memory 407 MiB.
2026-10-10T03:39:45Z INFO [75/750] 8c47fb13-f9d6-44b8-8202-4265cb111891: Sackin index -0.1331; 0.7 s; peak memory 407 MiB.
2026-10-10T03:39:46Z INFO [76/750] 8c480fff-701e-42dc-8c2b-891ca8bcdbff: Sackin index -0.0379; 1.2 s; peak memory 407 MiB.
2026-10-10T03:39:46Z INFO [77/750] 8c482a1a-8ec4-433f-8087-cdedb27b126f: Sackin index -0.1658; 0.6 s; peak memory 407 MiB.
2026-10-10T03:39:47Z INFO [78/750] 8c48810e-7e1e-4cd1-9064-b4ac705de4a6: Sackin index -0.1248; 0.9 s; peak memory 407 MiB.
2026-10-10T03:39:48Z INFO [79/750] 8c49f99b-5da9-4c2c-972e-a15e2565615b: Sackin index -0.0702; 0.9 s; peak memory 407 MiB.
2026-10-10T03:39:50Z INFO [80/750] 8c4b13bc-a259-41ad-ad59-81bbc520e30d: Sackin index -0.0699; 1.8 s; peak memory 407 MiB.
2026-10-10T03:39:52Z INFO [81/750] 8c4b167d-da3a-4ac2-aeba-422ae88a038c: Sackin index -0.0369; 1.6 s; peak memory 407 MiB.
2026-10-10T03:39:52Z INFO [82/750] 8c4b465f-9207-480c-9eb8-9faa8049d493: Sackin index -0.1331; 0.7 s; peak memory 407 MiB.
2026-10-10T03:39:53Z INFO [83/750] 8c4c438c-3efd-4cbe-8291-714bc2017f55: Sackin index -0.1349; 0.8 s; peak memory 407 MiB.
2026-10-10T03:39:54Z INFO [84/750] 8c4c7c73-1cec-45a5-b30f-2e8221c79f5e: Sackin index -0.1349; 0.7 s; peak memory 407 MiB.
2026-10-10T03:39:55Z INFO [85/750] 8c4cfae0-5a8e-4ef8-867b-17a0d3254a47: Sackin index -0.1273; 1.1 s; peak memory 407 MiB.
2026-10-10T03:39:56Z INFO [86/750] 8c4d7d57-773c-4357-ab9b-7f92119bd28a: Sackin index -0.0375; 0.9 s; peak memory 407 MiB.
2026-10-10T03:39:58Z INFO [87/750] 8c4dc80d-bcb5-4183-b6e0-2aceccf54f65: Sackin index -0.0325; 1.9 s; peak memory 407 MiB.
2026-10-10T03:39:59Z INFO [88/750] 8c4dd022-abd5-40c4-acf8-019b566c33d0: Sackin index -0.0745; 1.1 s; peak memory 407 MiB.
2026-10-10T03:40:02Z INFO [89/750] 8c4e96e2-8c5c-4f5a-a73e-3a0382b96a8b: Sackin index -0.0243; 3.0 s; peak memory 407 MiB.
2026-10-10T03:40:03Z INFO [90/750] 8c4ed8d3-2ac1-45bb-b157-dccb127e600d: Sackin index -0.0702; 0.9 s; peak memory 407 MiB.
2026-10-10T03:40:03Z INFO [91/750] 8c4fceed-d712-4924-9ee2-a73460d1bd61: Sackin index -0.1349; 0.8 s; peak memory 407 MiB.
2026-10-10T03:40:04Z INFO [92/750] 8c5023ec-3c93-414c-9db3-2408c0cfb76a: Sackin index -0.0748; 0.9 s; peak memory 407 MiB.
2026-10-10T03:40:05Z INFO [93/750] 8c503f00-d27b-40dd-943a-0d9625797632: Sackin index -0.1349; 0.9 s; peak memory 407 MiB.
2026-10-10T03:40:06Z INFO [94/750] 8c50c5f0-fa4d-419a-933a-3a12809f7e01: Sackin index -0.0375; 1.1 s; peak memory 407 MiB.
2026-10-10T03:40:07Z INFO [95/750] 8c515cb2-9d52-4068-8f4b-22d21a064bb7: Sackin index -0.1349; 0.8 s; peak memory 407 MiB.
2026-10-10T03:40:08Z INFO [96/750] 8c51c443-2397-4b6a-a4df-a123abc6c0f4: Sackin index -0.0728; 1.0 s; peak memory 407 MiB.
2026-10-10T03:40:09Z INFO [97/750] 8c5271d8-27f4-4c34-966a-677c9c900d4d: Sackin index -0.1135; 0.6 s; peak memory 407 MiB.
2026-10-10T03:40:09Z INFO [98/750] 8c536414-0263-4418-9ed6-2244c91c5004: Sackin index -0.1658; 0.6 s; peak memory 407 MiB.
2026-10-10T03:40:10Z INFO [99/750] 8c54566a-640a-4f26-b9e4-8a85fdb2ade9: Sackin index -0.0386; 0.9 s; peak memory 407 MiB.
2026-10-10T03:40:11Z INFO [100/750] 8c553be2-f795-4e91-8fe6-32e26b049e14: Sackin index -0.1349; 0.7 s; peak memory 407 MiB.
2026-10-10T03:40:11Z INFO [100/750] 8c553be2-f795-4e91-8fe6-32e26b049e14: checkpointed 114686 new records.
2026-10-10T03:40:12Z INFO [101/750] 8c55a6c9-0895-448b-b9f7-c9ea49f58fed: Sackin index -0.1248; 0.8 s; peak memory 407 MiB.
2026-10-10T03:40:12Z INFO [102/750] 8c564d05-b31b-4d97-b72b-e0b19d517e6a: Sackin index -0.1658; 0.6 s; peak memory 407 MiB.
2026-10-10T03:40:13Z INFO [103/750] 8c56789c-af36-450b-83f1-4f0f554ad954: Sackin index -0.0702; 0.9 s; peak memory 407 MiB.
2026-10-10T03:40:15Z INFO [104/750] 8c5684eb-6796-4f4b-b1e9-f3babf11494f: Sackin index -0.0696; 1.2 s; peak memory 407 MiB.
2026-10-10T03:40:16Z INFO [105/750] 8c56ddef-8699-4ae2-b1ca-931b1068bf90: Sackin index -0.0886; 1.2 s; peak memory 407 MiB.
2026-10-10T03:40:17Z INFO [106/750] 8c56df5a-2f8a-431c-9ea1-3fcf6920ff8e: Sackin index -0.0709; 1.0 s; peak memory 407 MiB.
2026-10-10T03:40:18Z INFO [107/750] 8c56fdde-339e-4d48-9bce-30f9b81a13f6: Sackin index -0.1349; 1.0 s; peak memory 407 MiB.
2026-10-10T03:40:19Z INFO [108/750] 8c57261a-8688-46d8-ae0c-8eafc8732aa4: Sackin index -0.0696; 1.0 s; peak memory 407 MiB.
2026-10-10T03:40:20Z INFO [109/750] 8c572a20-116c-4bb4-aa5a-208362986139: Sackin index -0.0766; 1.2 s; peak memory 407 MiB.
2026-10-10T03:40:21Z INFO [110/750] 8c5747ee-8214-494c-9896-3690ef324055: Sackin index -0.0707; 0.9 s; peak memory 407 MiB.
2026-10-10T03:40:22Z INFO [111/750] 8c576747-6ba3-4238-9c8c-658240c3985e: Sackin index -0.1349; 0.8 s; peak memory 407 MiB.
2026-10-10T03:40:28Z INFO [112/750] 8c5799d1-b537-42ec-bd59-b36f94543953: Sackin index -0.1424; 6.4 s; peak memory 407 MiB.
2026-10-10T03:40:29Z INFO [113/750] 8c57ad44-712c-4184-a4ae-bf48a8e8c242: Sackin index -0.1383; 0.8 s; peak memory 407 MiB.
2026-10-10T03:40:30Z INFO [114/750] 8c58da8a-46a5-4042-8863-8cbf91139c46: Sackin index -0.1349; 0.8 s; peak memory 407 MiB.
2026-10-10T03:40:32Z INFO [115/750] 8c590495-48cb-4bad-8406-63c254f85737: Sackin index -0.0704; 2.0 s; peak memory 407 MiB.
2026-10-10T03:40:32Z INFO [116/750] 8c596b69-c22a-4649-923e-2b402d4126d1: Sackin index -0.1349; 0.8 s; peak memory 407 MiB.
2026-10-10T03:40:34Z INFO [117/750] 8c5aa279-c68f-4e4f-8094-be363342136d: Sackin index -0.0699; 1.8 s; peak memory 407 MiB.
2026-10-10T03:40:35Z INFO [118/750] 8c5c22fe-68ea-4fd5-a99b-16c3601a8993: Sackin index -0.1349; 0.8 s; peak memory 407 MiB.
2026-10-10T03:40:36Z INFO [119/750] 8c5c26c1-ca6f-4a83-a13f-110ca9c6b77a: Sackin index -0.0702; 1.1 s; peak memory 407 MiB.
2026-10-10T03:40:37Z INFO [120/750] 8c5c7431-1465-4797-ad4c-44bbd1f94e55: Sackin index -0.0728; 1.3 s; peak memory 407 MiB.
2026-10-10T03:40:39Z INFO [121/750] 8c5cfb78-be00-4d23-b5ed-f838a9321b68: Sackin index -0.0870; 1.8 s; peak memory 407 MiB.
2026-10-10T03:40:40Z INFO [122/750] 8c5dbc0d-8b1a-4cae-a312-c3ca823be94a: Sackin index -0.0728; 1.1 s; peak memory 407 MiB.
2026-10-10T03:40:41Z INFO [123/750] 8c5ea845-4a11-472a-a7c0-7590c629d3b7: Sackin index -0.1239; 0.7 s; peak memory 407 MiB.
2026-10-10T03:40:42Z INFO [124/750] 8c5ece55-3139-4f21-ac47-ba101b97b7c6: Sackin index -0.1575; 0.8 s; peak memory 407 MiB.
2026-10-10T03:40:43Z INFO [125/750] 8c5efaa1-5bc6-4cdf-8fb1-368ee42d1b71: Sackin index -0.1072; 0.8 s; peak memory 407 MiB.
2026-10-10T03:40:45Z INFO [126/750] 8c616e0d-4cc9-4d9b-a9ef-f5c6a325455e: Sackin index -0.0699; 2.1 s; peak memory 407 MiB.
2026-10-10T03:40:48Z INFO [127/750] 8c61c916-836c-45a3-a948-2d961b9bec49: Sackin index -0.0435; 3.2 s; peak memory 407 MiB.
2026-10-10T03:40:49Z INFO [128/750] 8c61de40-ede9-47a6-93cc-459a3ab65c36: Sackin index -0.0375; 1.1 s; peak memory 407 MiB.
2026-10-10T03:40:50Z INFO [129/750] 8c6272f9-32fa-455b-8878-cc86a80e4592: Sackin index -0.0359; 1.0 s; peak memory 407 MiB.
2026-10-10T03:40:52Z INFO [130/750] 8c628c44-23a9-471f-9120-38a020fef95c: Sackin index -0.0693; 2.0 s; peak memory 407 MiB.
2026-10-10T03:40:53Z INFO [131/750] 8c62a526-944e-492f-9c7b-4b477b07501d: Sackin index -0.1602; 0.7 s; peak memory 407 MiB.
2026-10-10T03:40:54Z INFO [132/750] 8c63c77e-9702-42e7-9b23-4a4b28bcf2d1: Sackin index -0.0375; 1.3 s; peak memory 407 MiB.
2026-10-10T03:40:55Z INFO [133/750] 8c64142b-aa09-4e48-96ce-336f9c78711c: Sackin index -0.0702; 1.0 s; peak memory 407 MiB.
2026-10-10T03:40:56Z INFO [134/750] 8c653e2f-f131-49f7-8ce3-cecbcf2958b1: Sackin index -0.1349; 0.7 s; peak memory 407 MiB.
2026-10-10T03:41:02Z INFO [135/750] 8c654f5b-ccc4-43dc-bb61-064c71433ef9: Sackin index -0.0201; 6.3 s; peak memory 407 MiB.
2026-10-10T03:41:03Z INFO [136/750] 8c67aa81-402d-4513-8820-41a4c201f3fe: Sackin index -0.0375; 1.2 s; peak memory 407 MiB.
2026-10-10T03:41:09Z INFO [137/750] 8c683550-03ce-4bb3-a307-e73d52c6429b: Sackin index -0.0940; 5.5 s; peak memory 407 MiB.
2026-10-10T03:41:10Z INFO [138/750] 8c68695d-8a54-47c4-8349-e1c22a095b34: Sackin index -0.0709; 1.2 s; peak memory 407 MiB.
2026-10-10T03:41:11Z INFO [139/750] 8c69b424-9f8f-4bca-88f2-c3b9435d90c3: Sackin index -0.0728; 0.9 s; peak memory 407 MiB.
2026-10-10T03:43:05Z INFO [140/750] 8c6aad47-3adb-4fb2-9ecd-04c32691001f: Sackin index -0.0456; 114.4 s; peak memory 407 MiB.
2026-10-10T03:43:06Z INFO [141/750] 8c6aeb63-4c10-43de-a6c2-0b85c1133cae: Sackin index -0.1349; 0.9 s; peak memory 407 MiB.
2026-10-10T03:43:07Z INFO [142/750] 8c6b4901-45c7-480a-9355-9359478972e6: Sackin index -0.0689; 0.9 s; peak memory 407 MiB.
2026-10-10T03:43:08Z INFO [143/750] 8c6b706e-3074-4570-8c51-e6f74b8ebc9f: Sackin index -0.0702; 1.0 s; peak memory 407 MiB.
2026-10-10T03:43:09Z INFO [144/750] 8c6ca753-0155-41d8-908e-7e32154e6acd: Sackin index -0.1383; 1.1 s; peak memory 407 MiB.
2026-10-10T03:43:11Z INFO [145/750] 8c6cc340-3e0a-4261-9d52-8addf5a29487: Sackin index -0.1709; 1.7 s; peak memory 407 MiB.
2026-10-10T03:43:15Z INFO [146/750] 8c6d1e24-f6fd-47eb-917e-1b14929d74c1: Sackin index -0.0435; 4.3 s; peak memory 407 MiB.
2026-10-10T03:43:16Z INFO [147/750] 8c6d40a9-a3ad-4bf4-a6bb-f6ce24306f47: Sackin index -0.0702; 0.9 s; peak memory 407 MiB.
2026-10-10T03:43:17Z INFO [148/750] 8c6daf21-7956-454d-af05-617ebe65b3f2: Sackin index -0.1390; 1.0 s; peak memory 407 MiB.
2026-10-10T03:43:18Z INFO [149/750] 8c6dc81f-9dca-4d9c-9be3-1410171b8771: Sackin index -0.1349; 0.7 s; peak memory 407 MiB.
2026-10-10T03:43:19Z INFO [150/750] 8c6e2959-9613-4e57-b93f-54620b9ec633: Sackin index -0.0696; 0.9 s; peak memory 407 MiB.
2026-10-10T03:43:19Z INFO [150/750] 8c6e2959-9613-4e57-b93f-54620b9ec633: checkpointed 114736 new records.
2026-10-10T03:43:20Z INFO [151/750] 8c6f8c8e-0d5f-43ed-a3d5-d2697401e2df: Sackin index -0.0457; 1.1 s; peak memory 407 MiB.
2026-10-10T03:43:24Z INFO [152/750] 8c6f982e-5a1f-405e-bac5-8395fa208e63: Sackin index -0.1476; 4.2 s; peak memory 407 MiB.
2026-10-10T03:43:25Z INFO [153/750] 8c706dd0-7367-4397-bebf-24c0ad523d24: Sackin index -0.0696; 1.2 s; peak memory 407 MiB.
2026-10-10T03:43:26Z INFO [154/750] 8c70caef-4c08-4488-8474-6da0d1ef1374: Sackin index -0.0702; 0.9 s; peak memory 407 MiB.
2026-10-10T03:43:38Z INFO [155/750] 8c70e70d-1763-4452-af07-c342341e65d4: Sackin index -0.0190; 11.2 s; peak memory 407 MiB.
2026-10-10T03:43:38Z INFO [156/750] 8c714c0c-4beb-4c7c-b4b5-eede3a8470be: Sackin index -0.1239; 0.8 s; peak memory 407 MiB.
2026-10-10T03:43:40Z INFO [157/750] 8c71a9c3-7616-419b-b671-5cf48b4edab3: Sackin index -0.0699; 1.8 s; peak memory 407 MiB.
2026-10-10T03:43:44Z INFO [158/750] 8c72b989-067e-4c26-83ef-4e532e7e3d1e: Sackin index -0.0466; 4.1 s; peak memory 407 MiB.
2026-10-10T03:43:49Z INFO [159/750] 8c73f931-e30f-4a3c-a8a7-d661a4027a79: Sackin index -0.0044; 4.8 s; peak memory 407 MiB.
2026-10-10T03:43:50Z INFO [160/750] 8c74954e-38a1-417e-9916-c3744cc67fcb: Sackin index -0.0728; 1.2 s; peak memory 407 MiB.
2026-10-10T03:43:57Z INFO [161/750] 8c7523eb-6c9c-4109-bad7-b6a79e9bf50a: Sackin index -0.0239; 6.4 s; peak memory 407 MiB.
2026-10-10T03:43:58Z INFO [162/750] 8c761b36-5dbc-41e1-9710-6ffe73e23c10: Sackin index -0.0369; 1.7 s; peak memory 407 MiB.
2026-10-10T03:44:07Z INFO [163/750] 8c76d21c-ec27-4596-8339-72b3d08f36c4: Sackin index -0.0136; 8.9 s; peak memory 407 MiB.
2026-10-10T03:44:08Z INFO [164/750] 8c76f005-1bc6-450d-896f-312fe0dcc323: Sackin index -0.0709; 0.9 s; peak memory 407 MiB.
2026-10-10T03:44:09Z INFO [165/750] 8c77ca7a-4754-4a8c-92ed-86b213ee9aa4: Sackin index -0.1349; 0.8 s; peak memory 407 MiB.
2026-10-10T03:44:13Z INFO [166/750] 8c77d7a1-1994-49a0-a0e2-666f86b58158: Sackin index -0.0435; 4.4 s; peak memory 407 MiB.
2026-10-10T03:44:18Z INFO [167/750] 8c77d83c-c7e1-4203-8187-3fce131c82a7: Sackin index -0.0251; 4.7 s; peak memory 407 MiB.
2026-10-10T03:44:19Z INFO [168/750] 8c7802ca-def9-4ab7-b160-324cbb992dd5: Sackin index -0.1349; 1.0 s; peak memory 407 MiB.
2026-10-10T03:44:20Z INFO [169/750] 8c780a62-1eea-4051-a45e-827b7e9c36c1: Sackin index -0.0702; 1.0 s; peak memory 407 MiB.
2026-10-10T03:44:21Z INFO [170/750] 8c780e4f-0d39-4682-b4df-2e7c4ea83f0e: Sackin index -0.1298; 0.7 s; peak memory 407 MiB.
2026-10-10T03:44:23Z INFO [171/750] 8c781361-9b81-4c96-a667-f885493c210f: Sackin index -0.0704; 2.1 s; peak memory 407 MiB.
2026-10-10T03:44:24Z INFO [172/750] 8c78f473-a0be-4ba3-ae11-fbd4efc69abd: Sackin index -0.0745; 1.0 s; peak memory 407 MiB.
2026-10-10T03:44:25Z INFO [173/750] 8c791666-b3a6-418b-a639-0b193ed456c4: Sackin index -0.1349; 0.8 s; peak memory 407 MiB.
2026-10-10T03:44:26Z INFO [174/750] 8c7961fd-90a5-402a-8ed0-c66e25cb767d: Sackin index -0.1658; 0.9 s; peak memory 407 MiB.
2026-10-10T03:44:26Z INFO [175/750] 8c79677f-5250-4827-87f9-d7669eecae6e: Sackin index -0.1658; 0.9 s; peak memory 407 MiB.
2026-10-10T03:44:27Z INFO [176/750] 8c7a5aa5-aaf5-45f4-92db-3889b6766b90: Sackin index -0.1349; 0.8 s; peak memory 407 MiB.
2026-10-10T03:44:36Z INFO [177/750] 8c7a89e3-ab0a-4f9b-8468-eddc48af7f8e: Sackin index -0.0287; 8.5 s; peak memory 407 MiB.
2026-10-10T03:44:37Z INFO [178/750] 8c7a8d7e-6474-457c-999f-0997e7daaeeb: Sackin index -0.0748; 1.0 s; peak memory 407 MiB.
2026-10-10T03:44:40Z INFO [179/750] 8c7b1d6c-02e4-4c80-9824-7ee1dbb9ec22: Sackin index -0.0539; 3.0 s; peak memory 407 MiB.
2026-10-10T03:44:41Z INFO [180/750] 8c7bf5d7-d08a-4d03-9009-b02d4c1b9325: Sackin index -0.1658; 0.8 s; peak memory 407 MiB.
2026-10-10T03:44:43Z INFO [181/750] 8c7c6e75-1dd8-4246-b804-79e02a0fdcd0: Sackin index -0.0693; 2.1 s; peak memory 407 MiB.
2026-10-10T03:44:44Z INFO [182/750] 8c7d6ae3-ab69-4e1e-9b52-84cc8f11d4e3: Sackin index -0.1349; 1.0 s; peak memory 407 MiB.
2026-10-10T03:44:47Z INFO [183/750] 8c7d6b6a-25bb-4c14-88df-b9cdb14b047e: Sackin index -0.0882; 3.8 s; peak memory 407 MiB.
2026-10-10T03:44:48Z INFO [184/750] 8c7f471f-1ba2-4b8d-937f-a111c0b6b74c: Sackin index -0.1349; 0.8 s; peak memory 407 MiB.
2026-10-10T03:44:57Z INFO [185/750] 8c8017e6-d9ed-4532-a7c6-cc701833afc9: Sackin index -0.0783; 9.2 s; peak memory 407 MiB.
2026-10-10T03:44:59Z INFO [186/750] 8c81622f-fd7d-467d-a5a4-c4b2983da210: Sackin index -0.1160; 1.8 s; peak memory 407 MiB.
2026-10-10T03:45:01Z INFO [187/750] 8c81727c-df7e-4542-9f60-e85ef0b024af: Sackin index -0.0579; 2.2 s; peak memory 407 MiB.
2026-10-10T03:45:03Z INFO [188/750] 8c8218f5-b4ae-4090-8a13-e87e0ea9fa1d: Sackin index -0.1938; 1.6 s; peak memory 407 MiB.
2026-10-10T03:45:07Z INFO [189/750] 8c82941a-b41f-4ce7-94cf-521acb772a4d: Sackin index -0.0251; 3.8 s; peak memory 407 MiB.
2026-10-10T03:45:08Z INFO [190/750] 8c82a8d4-9b89-4ac3-bd2a-686b7d515c02: Sackin index -0.1349; 0.8 s; peak memory 407 MiB.
2026-10-10T03:45:19Z INFO [191/750] 8c83ce2a-288b-494f-bc70-3f4a8fb53920: Sackin index -0.0725; 11.6 s; peak memory 407 MiB.
2026-10-10T04:20:59Z INFO [192/750] 8c843021-85de-4857-868f-6731fa1f40bd: Sackin index -0.1198; 2140.1 s; peak memory 1169 MiB.
2026-10-10T04:21:00Z INFO [193/750] 8c84e876-4d0e-436e-aec5-b93b09a38e2a: Sackin index -0.1349; 0.9 s; peak memory 1169 MiB.
2026-10-10T04:21:02Z INFO [194/750] 8c852697-ee27-4cd9-82bd-309269f70ad8: Sackin index -0.0818; 1.8 s; peak memory 1169 MiB.
2026-10-10T04:21:03Z INFO [195/750] 8c85b9c9-7fa4-49c6-8aba-7594fbb0053e: Sackin index -0.1273; 1.0 s; peak memory 1169 MiB.
2026-10-10T04:21:15Z INFO [196/750] 8c860319-16d3-418a-99a1-2ad82f7f95c9: Sackin index -0.0457; 12.0 s; peak memory 1169 MiB.
2026-10-10T04:21:16Z INFO [197/750] 8c861465-0593-4958-8728-928c8d4ed0c2: Sackin index -0.0702; 0.9 s; peak memory 1169 MiB.
2026-10-10T04:21:17Z INFO [198/750] 8c866a7e-8f7f-47f9-93cd-7ba98b97f188: Sackin index -0.1658; 0.6 s; peak memory 1169 MiB.
2026-10-10T04:21:18Z INFO [199/750] 8c875bc0-b493-4750-b695-d69689c6a6a8: Sackin index -0.1015; 1.0 s; peak memory 1169 MiB.
2026-10-10T04:21:35Z INFO [200/750] 8c879a4e-a652-48d2-84de-ab288caf509a: Sackin index -0.0103; 17.3 s; peak memory 1169 MiB.
2026-10-10T04:21:35Z INFO [200/750] 8c879a4e-a652-48d2-84de-ab288caf509a: checkpointed 114786 new records.
2026-10-10T04:21:38Z INFO [201/750] 8c87e82f-e6a1-44f1-882c-552a29318948: Sackin index -0.0302; 3.0 s; peak memory 1169 MiB.
2026-10-10T04:21:39Z INFO [202/750] 8c884b54-19c2-45a1-b721-dcd7c007937e: Sackin index -0.0728; 1.1 s; peak memory 1169 MiB.
2026-10-10T04:21:40Z INFO [203/750] 8c895c8c-66ff-4475-b797-121b26dc0912: Sackin index -0.0728; 1.1 s; peak memory 1169 MiB.
2026-10-10T04:21:43Z INFO [204/750] 8c8a05bf-4d24-4c80-8a76-637232ada739: Sackin index -0.0660; 2.2 s; peak memory 1169 MiB.
2026-10-10T04:21:44Z INFO [205/750] 8c8a33d3-94c9-4d75-a58a-f8cbf8774945: Sackin index -0.0728; 1.3 s; peak memory 1169 MiB.
2026-10-10T04:21:46Z INFO [206/750] 8c8ab6d8-4232-4001-9585-66aeb9d20360: Sackin index -0.0658; 2.1 s; peak memory 1169 MiB.
2026-10-10T04:21:47Z INFO [207/750] 8c8aebc4-69cc-4877-9abc-5bc9321c638d: Sackin index -0.0276; 1.1 s; peak memory 1169 MiB.
2026-10-10T04:21:48Z INFO [208/750] 8c8c10fb-c75b-4b66-be43-6f8953bf0c0f: Sackin index -0.0746; 1.0 s; peak memory 1169 MiB.
2026-10-10T04:21:49Z INFO [209/750] 8c8c3eab-a828-4b9c-aa98-4cbc3b163c49: Sackin index -0.0702; 1.1 s; peak memory 1169 MiB.
2026-10-10T04:21:53Z INFO [210/750] 8c8fab9c-cbe9-4ace-b198-bbfc2421b4de: Sackin index -0.0403; 3.7 s; peak memory 1169 MiB.
2026-10-10T04:21:54Z INFO [211/750] 8c8ff6b3-d05a-4159-9432-30316749e9b2: Sackin index -0.1349; 0.9 s; peak memory 1169 MiB.
2026-10-10T04:21:55Z INFO [212/750] 8c9058eb-9c01-438c-8dfe-8024e4361cd3: Sackin index -0.0709; 1.2 s; peak memory 1169 MiB.
2026-10-10T04:21:56Z INFO [213/750] 8c9087ac-55e8-4fd5-a411-36f3d20edd08: Sackin index -0.1349; 0.9 s; peak memory 1169 MiB.
2026-10-10T04:21:57Z INFO [214/750] 8c90a55d-ca6a-4f71-aa62-f926ff6a1be5: Sackin index -0.0369; 1.0 s; peak memory 1169 MiB.
2026-10-10T04:22:02Z INFO [215/750] 8c90d3ae-4b10-46fc-9932-2cf46548117d: Sackin index -0.0219; 5.5 s; peak memory 1169 MiB.
2026-10-10T04:22:03Z INFO [216/750] 8c90db5d-8993-4ab8-9931-16c6d987ed9b: Sackin index -0.1349; 0.9 s; peak memory 1169 MiB.
2026-10-10T04:22:04Z INFO [217/750] 8c92b439-dfe2-4a88-bb13-dc9f072d45b0: Sackin index -0.1312; 1.4 s; peak memory 1169 MiB.
2026-10-10T04:22:06Z INFO [218/750] 8c92f9ee-8b02-463d-bfe9-3437d981c6ff: Sackin index -0.0702; 1.1 s; peak memory 1169 MiB.
2026-10-10T04:22:16Z INFO [219/750] 8c936b54-8788-4acc-b6d0-b643e900f806: Sackin index -0.0241; 10.6 s; peak memory 1169 MiB.
2026-10-10T04:22:17Z INFO [220/750] 8c9442a9-7714-4ba6-a7a7-223c212896b6: Sackin index -0.0896; 1.0 s; peak memory 1169 MiB.
2026-10-10T04:22:18Z INFO [221/750] 8c967157-79f3-4b42-a9e9-8cc728135b9e: Sackin index -0.0296; 0.8 s; peak memory 1169 MiB.
2026-10-10T04:22:19Z INFO [222/750] 8c96db90-d8ac-4ff2-a8e4-4d27d4f8ed9a: Sackin index -0.1340; 0.8 s; peak memory 1169 MiB.
2026-10-10T04:22:20Z INFO [223/750] 8c97f62c-947a-441d-be87-d4e33a42facf: Sackin index -0.0728; 1.2 s; peak memory 1169 MiB.
2026-10-10T04:22:31Z INFO [224/750] 8c9a5e70-3cd6-48f2-b967-4d66f22f18c6: Sackin index -0.0251; 11.5 s; peak memory 1169 MiB.
2026-10-10T04:22:33Z INFO [225/750] 8c9acf70-c9f8-4327-8da3-adc741a9cc1c: Sackin index -0.0886; 1.3 s; peak memory 1169 MiB.
2026-10-10T05:07:16Z INFO [226/750] 8c9b4db0-cfe8-4013-ac14-6ca110080148: Sackin index -0.0080; 2683.1 s; peak memory 1169 MiB.
2026-10-10T05:09:14Z INFO [227/750] 8c9bb0e1-0239-48ae-8338-248ba95443f9: Sackin index -0.0456; 117.9 s; peak memory 1169 MiB.
2026-10-10T05:09:15Z INFO [228/750] 8c9be7a9-9beb-491a-aa0d-175f2af320f9: Sackin index -0.0728; 1.3 s; peak memory 1169 MiB.
2026-10-10T05:09:16Z INFO [229/750] 8c9ce919-8d4d-43de-9aca-9ff54634f312: Sackin index -0.0728; 1.4 s; peak memory 1169 MiB.
2026-10-10T05:09:19Z INFO [230/750] 8c9d163c-61a7-4b54-9597-bb9d7cd2d4d1: Sackin index -0.0704; 2.2 s; peak memory 1169 MiB.
2026-10-10T05:09:20Z INFO [231/750] 8c9d3406-9262-4543-b927-9e06900c2f6c: Sackin index -0.0699; 1.9 s; peak memory 1169 MiB.
2026-10-10T05:09:21Z INFO [232/750] 8c9d9ac0-c1e9-49c1-9cf7-2281aafff679: Sackin index -0.0702; 0.8 s; peak memory 1169 MiB.
2026-10-10T05:09:23Z INFO [233/750] 8c9dacb8-bc0b-4831-9da3-8a1d4e7eaa21: Sackin index -0.0521; 1.3 s; peak memory 1169 MiB.
2026-10-10T05:09:23Z INFO [234/750] 8c9ddfc5-76a6-43b1-a3ba-4857d40a5a75: Sackin index -0.1349; 0.8 s; peak memory 1169 MiB.
2026-10-10T05:09:25Z INFO [235/750] 8c9e391b-aef4-4164-b1d2-139fe0919b97: Sackin index -0.0728; 1.3 s; peak memory 1169 MiB.
2026-10-10T05:09:25Z INFO [236/750] 8c9ec5d7-ccaf-4732-9d95-465513e3e103: Sackin index -0.2000; 0.6 s; peak memory 1169 MiB.
2026-10-10T05:09:41Z INFO [237/750] 8c9ef385-ec4b-42a4-96ad-a0ce41ccd917: Sackin index -0.1310; 15.8 s; peak memory 1169 MiB.
2026-10-10T05:09:42Z INFO [238/750] 8c9f3292-24d8-4a63-b427-e5c5fd91390e: Sackin index -0.0696; 1.0 s; peak memory 1169 MiB.
2026-10-10T05:09:43Z INFO [239/750] 8c9f4414-0193-4bb5-9456-3bb1fdfeecae: Sackin index -0.0745; 1.2 s; peak memory 1169 MiB.
2026-10-10T05:09:45Z INFO [240/750] 8c9f5752-0ac1-4c19-968b-9d6225d4bbdf: Sackin index -0.0676; 1.4 s; peak memory 1169 MiB.
2026-10-10T05:09:46Z INFO [241/750] 8c9f5d6d-75d3-4554-8d4c-11e67947f12a: Sackin index -0.1349; 0.8 s; peak memory 1169 MiB.
2026-10-10T05:09:46Z INFO [242/750] 8ca070ad-ff06-4b85-b1e7-52ae604e6c43: Sackin index -0.1331; 0.8 s; peak memory 1169 MiB.
2026-10-10T05:09:47Z INFO [243/750] 8ca07f13-91a0-4365-a301-553b34d5c8b7: Sackin index -0.0745; 0.7 s; peak memory 1169 MiB.
2026-10-10T05:09:50Z INFO [244/750] 8ca0975b-3c4b-455b-b1fe-ef6235ea7583: Sackin index -0.0262; 3.2 s; peak memory 1169 MiB.
2026-10-10T05:10:10Z INFO [245/750] 8ca16a43-0061-431c-bee7-bbc0f3018091: Sackin index -0.1367; 20.0 s; peak memory 1169 MiB.
2026-10-10T05:10:11Z INFO [246/750] 8ca16d9c-acc7-431c-93cc-b8794089468c: Sackin index -0.0728; 1.1 s; peak memory 1169 MiB.
2026-10-10T05:10:13Z INFO [247/750] 8ca182d7-888e-4508-b0e4-25b7e8f48b08: Sackin index -0.1938; 1.7 s; peak memory 1169 MiB.
2026-10-10T05:10:14Z INFO [248/750] 8ca2157a-2922-4abc-9c30-b75cb89b84e4: Sackin index -0.0376; 1.1 s; peak memory 1169 MiB.
2026-10-10T05:10:15Z INFO [249/750] 8ca28860-19cf-40e5-85df-28b48a1b3dc1: Sackin index -0.0728; 1.2 s; peak memory 1169 MiB.
2026-10-10T05:10:16Z INFO [250/750] 8ca3e9e1-c04f-4078-8df5-b07e744b60c1: Sackin index -0.1349; 0.9 s; peak memory 1169 MiB.
2026-10-10T05:10:16Z INFO [250/750] 8ca3e9e1-c04f-4078-8df5-b07e744b60c1: checkpointed 114836 new records.
2026-10-10T05:10:18Z INFO [251/750] 8ca3f18a-be1d-4b10-8573-e2427086aad7: Sackin index -0.1291; 1.1 s; peak memory 1169 MiB.
2026-10-10T05:10:19Z INFO [252/750] 8ca4d229-2a2d-4ad1-900d-72bb87feb61f: Sackin index -0.0702; 1.0 s; peak memory 1169 MiB.
2026-10-10T05:10:20Z INFO [253/750] 8ca59fa7-2f4d-435d-b231-8c5f42d640bb: Sackin index -0.0715; 0.9 s; peak memory 1169 MiB.
2026-10-10T05:10:21Z INFO [254/750] 8ca6507f-0244-4b6c-b97b-1a274a1ef81e: Sackin index -0.1390; 1.0 s; peak memory 1169 MiB.
2026-10-10T05:10:22Z INFO [255/750] 8ca7b8e4-0425-4864-a5c8-ec60f0dfe31f: Sackin index -0.0699; 1.9 s; peak memory 1169 MiB.
2026-10-10T05:10:26Z INFO [256/750] 8ca827eb-b591-4edd-ae55-c5ec202c3138: Sackin index -0.0415; 3.8 s; peak memory 1169 MiB.
2026-10-10T05:10:29Z INFO [257/750] 8ca884f9-95ce-4af5-b51c-d113e4fdba3b: Sackin index -0.0533; 2.6 s; peak memory 1169 MiB.
2026-10-10T05:10:30Z INFO [258/750] 8ca8c6dc-d974-4cb9-9865-7f796476177e: Sackin index -0.1201; 0.9 s; peak memory 1169 MiB.
2026-10-10T05:10:31Z INFO [259/750] 8ca9f56e-4e4e-4e77-a6f9-bc786d1637a8: Sackin index -0.1349; 0.9 s; peak memory 1169 MiB.
2026-10-10T05:10:32Z INFO [260/750] 8caa419e-2256-420d-9ea1-b6300179ce2c: Sackin index -0.0728; 0.9 s; peak memory 1169 MiB.
2026-10-10T05:10:33Z INFO [261/750] 8caa6106-c6bb-4929-b478-ba3e03889801: Sackin index -0.0696; 1.0 s; peak memory 1169 MiB.
2026-10-10T05:10:33Z INFO [262/750] 8cab2fae-1c31-4941-b4be-d4b532441bf8: Sackin index -0.1349; 0.8 s; peak memory 1169 MiB.
2026-10-10T05:10:38Z INFO [263/750] 8cab3892-0a7d-498f-b83a-8328a97d4fef: Sackin index -0.0449; 4.2 s; peak memory 1169 MiB.
2026-10-10T05:11:07Z INFO [264/750] 8cab78df-6de5-4304-bbc3-6a93cd75559b: Sackin index -0.0055; 29.6 s; peak memory 1169 MiB.
2026-10-10T05:11:08Z INFO [265/750] 8cad0217-77a1-4c05-88fd-1a9af07691c7: Sackin index -0.1288; 0.8 s; peak memory 1169 MiB.
2026-10-10T05:11:09Z INFO [266/750] 8cad4d0e-d3fb-4bb0-81b1-c4012e03fab7: Sackin index -0.0702; 1.0 s; peak memory 1169 MiB.
2026-10-10T05:11:10Z INFO [267/750] 8cad78f6-099b-4f34-a74b-a9534caadb4e: Sackin index -0.1349; 1.0 s; peak memory 1169 MiB.
2026-10-10T05:11:20Z INFO [268/750] 8cae2db2-4b5a-4dfe-ae70-b73a8a3734e0: Sackin index -0.0195; 9.6 s; peak memory 1169 MiB.
2026-10-10T05:11:21Z INFO [269/750] 8caed6a4-2e5e-44a6-95ec-69c1d40e5bc3: Sackin index -0.0376; 1.2 s; peak memory 1169 MiB.
2026-10-10T05:11:21Z INFO [270/750] 8caef17d-f54d-4442-aacf-9e500f987fd5: Sackin index -0.1658; 0.6 s; peak memory 1169 MiB.
2026-10-10T05:11:22Z INFO [271/750] 8caf1cde-cf7b-4b9d-8a08-c20c510f9db3: Sackin index -0.0696; 0.9 s; peak memory 1169 MiB.
2026-10-10T05:14:25Z INFO [272/750] 8caff687-254a-4a43-8559-6dd884f3463d: Sackin index -0.0409; 182.7 s; peak memory 1169 MiB.
2026-10-10T05:14:26Z INFO [273/750] 8cb163cf-38ee-496f-86d5-8f40ba9ad256: Sackin index -0.0702; 0.9 s; peak memory 1169 MiB.
2026-10-10T05:14:27Z INFO [274/750] 8cb1b1ac-8f49-4f89-81d0-5dace1f1f929: Sackin index -0.1288; 1.0 s; peak memory 1169 MiB.
2026-10-10T05:14:28Z INFO [275/750] 8cb3c633-9a05-4732-800a-c16dc2fc73e9: Sackin index -0.0702; 1.0 s; peak memory 1169 MiB.
2026-10-10T05:14:29Z INFO [276/750] 8cb43b79-08d1-4865-9c26-2097e9cc0750: Sackin index -0.1349; 1.0 s; peak memory 1169 MiB.
2026-10-10T05:14:30Z INFO [277/750] 8cb4cbca-a2b7-418c-bf71-475364131fad: Sackin index -0.0709; 0.9 s; peak memory 1169 MiB.
2026-10-10T05:14:31Z INFO [278/750] 8cb4f6dc-2a06-4867-85a8-5b86a43b8cdf: Sackin index -0.0881; 1.0 s; peak memory 1169 MiB.
2026-10-10T05:14:32Z INFO [279/750] 8cb52c2e-2715-440c-aeb4-3dd455de6d12: Sackin index -0.0369; 1.1 s; peak memory 1169 MiB.
2026-10-10T05:14:33Z INFO [280/750] 8cb54f52-429c-4461-a0f5-fdc9435491f9: Sackin index -0.0673; 0.8 s; peak memory 1169 MiB.
2026-10-10T05:14:33Z INFO [281/750] 8cb5f78c-402a-4c26-9a87-36b35bb21553: Sackin index -0.1398; 0.7 s; peak memory 1169 MiB.
2026-10-10T05:14:47Z INFO [282/750] 8cb6552b-f533-46d7-835c-67cda57f13cd: Sackin index -0.0064; 13.7 s; peak memory 1169 MiB.
2026-10-10T05:14:48Z INFO [283/750] 8cb65c80-c0c8-45a2-9a74-e6fdf40b9831: Sackin index -0.1349; 0.9 s; peak memory 1169 MiB.
2026-10-10T05:14:53Z INFO [284/750] 8cb70c7f-22b1-45cb-b5e5-c37db33eca5a: Sackin index -0.0232; 5.3 s; peak memory 1169 MiB.
2026-10-10T05:14:55Z INFO [285/750] 8cb75ae5-d6ba-4703-8ea7-0f97faaaaf94: Sackin index -0.0728; 1.2 s; peak memory 1169 MiB.
2026-10-10T05:14:55Z INFO [286/750] 8cb799bc-bd72-4c69-8145-3a6b738bd699: Sackin index -0.1101; 0.7 s; peak memory 1169 MiB.
2026-10-10T05:14:57Z INFO [287/750] 8cb8ca49-a4b9-4e7d-87f3-e67f76df6328: Sackin index -0.0748; 1.4 s; peak memory 1169 MiB.
2026-10-10T05:14:57Z INFO [288/750] 8cb8d2c3-ae81-4224-884c-70e0b4148481: Sackin index -0.1272; 0.6 s; peak memory 1169 MiB.
2026-10-10T05:15:13Z INFO [289/750] 8cb95a55-e3b3-43ce-9d89-4a46a7248806: Sackin index -0.1367; 16.1 s; peak memory 1169 MiB.
2026-10-10T05:15:15Z INFO [290/750] 8cba437f-539a-4164-8363-c5591f9d4791: Sackin index -0.0434; 1.4 s; peak memory 1169 MiB.
2026-10-10T05:15:16Z INFO [291/750] 8cba5837-485f-421a-8910-508b9a9a5b18: Sackin index -0.1383; 1.2 s; peak memory 1169 MiB.
2026-10-10T05:15:17Z INFO [292/750] 8cbad0c2-b32b-406c-97c1-e41f3a6df7fb: Sackin index -0.1938; 0.7 s; peak memory 1169 MiB.
2026-10-10T05:15:18Z INFO [293/750] 8cbb99ff-beca-4583-b0b1-c3149b666e7f: Sackin index -0.0702; 0.9 s; peak memory 1169 MiB.
2026-10-10T05:15:19Z INFO [294/750] 8cbc07de-54e5-4c46-922f-cf92e269dd90: Sackin index -0.0728; 1.3 s; peak memory 1169 MiB.
2026-10-10T05:15:20Z INFO [295/750] 8cbc309b-f726-4915-93a6-1b93f9f13f18: Sackin index -0.1741; 0.7 s; peak memory 1169 MiB.
2026-10-10T05:15:30Z INFO [296/750] 8cbc4cd2-52aa-4421-b066-e0821a1f152b: Sackin index -0.0125; 10.0 s; peak memory 1169 MiB.
2026-10-10T05:15:30Z INFO [297/750] 8cbd6242-d63a-4787-b209-72d04dba4aab: Sackin index -0.0696; 0.8 s; peak memory 1169 MiB.
2026-10-10T05:15:31Z INFO [298/750] 8cbd7b84-7bd5-469b-9f6f-e574cf768840: Sackin index -0.0696; 0.9 s; peak memory 1169 MiB.
2026-10-10T05:17:10Z INFO [299/750] 8cbe2789-698b-41ec-abd0-bd5e9bd24f3e: Sackin index -0.0573; 99.0 s; peak memory 1169 MiB.
2026-10-10T05:17:11Z INFO [300/750] 8cbe463e-0c25-4d10-8896-e2f23aa2daaf: Sackin index -0.1796; 1.0 s; peak memory 1169 MiB.
2026-10-10T05:17:11Z INFO [300/750] 8cbe463e-0c25-4d10-8896-e2f23aa2daaf: checkpointed 114886 new records.
2026-10-10T05:17:12Z INFO [301/750] 8cbe8d8d-14a7-4113-882f-e21044bcf8e7: Sackin index -0.0728; 1.0 s; peak memory 1169 MiB.
2026-10-10T05:17:14Z INFO [302/750] 8cbe9b94-f47d-41e9-a642-8302b53b83e3: Sackin index -0.0696; 1.2 s; peak memory 1169 MiB.
2026-10-10T05:17:14Z INFO [303/750] 8cbf12e7-da29-4d6f-a4e8-bfc0118f374f: Sackin index -0.0386; 0.8 s; peak memory 1169 MiB.
2026-10-10T05:17:16Z INFO [304/750] 8cbf4686-4b6b-4f06-a996-faaad1ba2075: Sackin index -0.1495; 1.9 s; peak memory 1169 MiB.
2026-10-10T05:17:17Z INFO [305/750] 8cc28b2f-3406-4c64-932d-c20b10c22ab2: Sackin index -0.1402; 1.1 s; peak memory 1169 MiB.
2026-10-10T05:17:19Z INFO [306/750] 8cc3208f-3c94-4de4-bde5-f9d6be3765cc: Sackin index -0.1340; 1.1 s; peak memory 1169 MiB.
2026-10-10T05:17:19Z INFO [307/750] 8cc37c61-cce5-4528-b9d6-43b23ba83e90: Sackin index -0.1254; 0.9 s; peak memory 1169 MiB.
2026-10-10T05:17:20Z INFO [308/750] 8cc3a217-b834-4999-a790-de48c3dd6db9: Sackin index -0.1349; 0.7 s; peak memory 1169 MiB.
2026-10-10T05:17:21Z INFO [309/750] 8cc46495-630a-4a7e-b07c-40f3f2668578: Sackin index -0.0728; 1.1 s; peak memory 1169 MiB.
2026-10-10T05:17:22Z INFO [310/750] 8cc49f97-4bf8-4afd-9aa2-8e68451c459d: Sackin index -0.0728; 1.1 s; peak memory 1169 MiB.
2026-10-10T05:17:23Z INFO [311/750] 8cc4a14b-a919-4748-9457-9e3a0c3c8f3e: Sackin index -0.0728; 1.0 s; peak memory 1169 MiB.
2026-10-10T05:17:25Z INFO [312/750] 8cc4d00d-684a-408a-9309-01f1c4201d6d: Sackin index -0.1072; 1.6 s; peak memory 1169 MiB.
2026-10-10T05:17:26Z INFO [313/750] 8cc51554-c29a-42dd-abbd-da99f848dbdc: Sackin index -0.1349; 0.9 s; peak memory 1169 MiB.
2026-10-10T05:17:30Z INFO [314/750] 8cc57b7c-0daa-4cc4-b101-478aa6c4ff43: Sackin index -0.0255; 4.4 s; peak memory 1169 MiB.
2026-10-10T05:17:31Z INFO [315/750] 8cc5add0-81ae-4c94-95bb-f4d5ca770a27: Sackin index -0.1349; 0.9 s; peak memory 1169 MiB.
2026-10-10T05:17:35Z INFO [316/750] 8cc5bf71-95e7-4fcb-a87f-d8adb2903869: Sackin index -0.0635; 4.2 s; peak memory 1169 MiB.
2026-10-10T05:17:36Z INFO [317/750] 8cc67e95-f10f-4822-8e0c-b00fa0ff4ca7: Sackin index -0.1135; 0.6 s; peak memory 1169 MiB.
2026-10-10T05:17:37Z INFO [318/750] 8cc84d9e-8b94-4f1e-b5ea-b01d5e08be26: Sackin index -0.1349; 0.9 s; peak memory 1169 MiB.
2026-10-10T05:17:38Z INFO [319/750] 8cc96ec2-4bf4-49c3-87c8-5791183ce7a7: Sackin index -0.0746; 1.1 s; peak memory 1169 MiB.
2026-10-10T05:17:39Z INFO [320/750] 8cca1353-aeee-4938-a621-e0d72c589320: Sackin index -0.1397; 0.8 s; peak memory 1169 MiB.
2026-10-10T05:17:39Z INFO [321/750] 8ccaeb4a-e2a9-45c1-80d6-a935787722b8: Sackin index -0.1135; 0.5 s; peak memory 1169 MiB.
2026-10-10T05:17:40Z INFO [322/750] 8ccaf6e9-b390-45ff-bc1d-d8b949321771: Sackin index -0.1543; 0.8 s; peak memory 1169 MiB.
2026-10-10T05:17:41Z INFO [323/750] 8ccb83aa-8597-46fe-a497-ea5825fad4ae: Sackin index -0.1349; 0.9 s; peak memory 1169 MiB.
2026-10-10T05:17:42Z INFO [324/750] 8cccd51a-eb17-4e7f-9418-73e18a22358b: Sackin index -0.1349; 0.7 s; peak memory 1169 MiB.
2026-10-10T05:17:47Z INFO [325/750] 8ccceda5-4249-414a-99e0-c73e42ec0390: Sackin index -0.0476; 4.9 s; peak memory 1169 MiB.
2026-10-10T05:17:47Z INFO [326/750] 8ccd50a2-5e26-436a-8e73-b94e345802f5: Sackin index -0.1349; 0.9 s; peak memory 1169 MiB.
2026-10-10T05:17:48Z INFO [327/750] 8ccd6b8b-a108-430e-b9f3-c2db934e453b: Sackin index -0.1349; 0.9 s; peak memory 1169 MiB.
2026-10-10T05:17:49Z INFO [328/750] 8ccd7260-d364-48ab-8dd9-a113ce20cac3: Sackin index -0.1349; 0.8 s; peak memory 1169 MiB.
2026-10-10T05:17:50Z INFO [329/750] 8ccd9a02-f8da-45bf-9825-eaec648620fe: Sackin index -0.1349; 0.8 s; peak memory 1169 MiB.
2026-10-10T05:17:51Z INFO [330/750] 8cce9098-5360-4742-8bec-1275e3afaada: Sackin index -0.1046; 0.8 s; peak memory 1169 MiB.
2026-10-10T05:17:51Z INFO [331/750] 8ccec07f-7989-4336-bf32-4e5e87814d4a: Sackin index -0.1658; 0.6 s; peak memory 1169 MiB.
2026-10-10T05:17:52Z INFO [332/750] 8cceec89-1600-4542-9126-46273496f96e: Sackin index -0.0728; 1.1 s; peak memory 1169 MiB.
2026-10-10T05:17:53Z INFO [333/750] 8cceeea5-1a46-47e9-a66d-15fcd161dd9e: Sackin index -0.1349; 0.9 s; peak memory 1169 MiB.
2026-10-10T05:17:54Z INFO [334/750] 8cd022ae-ea02-4ae4-9b29-8baae8e8ef20: Sackin index -0.1349; 0.8 s; peak memory 1169 MiB.
2026-10-10T05:17:55Z INFO [335/750] 8cd04151-0849-4d57-9b5c-95a1a47adeae: Sackin index -0.1390; 1.1 s; peak memory 1169 MiB.
2026-10-10T05:17:56Z INFO [336/750] 8cd065e7-2017-4624-9008-818f8517a1dc: Sackin index -0.1349; 0.8 s; peak memory 1169 MiB.
2026-10-10T05:17:57Z INFO [337/750] 8cd0ce01-14bc-45da-a5fd-08bb80b24d1f: Sackin index -0.0696; 1.1 s; peak memory 1169 MiB.
2026-10-10T05:17:58Z INFO [338/750] 8cd0da85-8727-4cd4-9c0c-7ceb8b5e297d: Sackin index -0.1248; 0.9 s; peak memory 1169 MiB.
2026-10-10T05:17:59Z INFO [339/750] 8cd0db0b-22ba-4b8f-a4a6-95709181b2fe: Sackin index -0.1383; 1.1 s; peak memory 1169 MiB.
2026-10-10T05:18:00Z INFO [340/750] 8cd10db7-4b15-476f-9460-d9b9757ca848: Sackin index -0.1244; 1.3 s; peak memory 1169 MiB.
2026-10-10T05:18:01Z INFO [341/750] 8cd137b7-5739-4ab7-99ad-27bf924e6c51: Sackin index -0.1191; 0.7 s; peak memory 1169 MiB.
2026-10-10T05:18:03Z INFO [342/750] 8cd14025-5ada-44af-b629-1f46562ce8a5: Sackin index -0.0576; 1.6 s; peak memory 1169 MiB.
2026-10-10T05:18:03Z INFO [343/750] 8cd1b3e6-e2cd-4698-85ef-8e5947b3fd49: Sackin index -0.1545; 0.7 s; peak memory 1169 MiB.
2026-10-10T05:18:04Z INFO [344/750] 8cd1c05f-4004-44a3-bd7f-e6e810809fdc: Sackin index -0.1349; 0.8 s; peak memory 1169 MiB.
2026-10-10T05:18:05Z INFO [345/750] 8cd1f2ab-3180-48d8-912e-5529ed6c6972: Sackin index -0.0702; 0.9 s; peak memory 1169 MiB.
2026-10-10T05:18:06Z INFO [346/750] 8cd22998-8800-4122-98c0-c3a478024dac: Sackin index -0.0382; 0.7 s; peak memory 1169 MiB.
2026-10-10T05:18:07Z INFO [347/750] 8cd2e200-157c-4bde-9305-ba6ede150496: Sackin index -0.1602; 1.0 s; peak memory 1169 MiB.
2026-10-10T05:18:08Z INFO [348/750] 8cd3ec4a-2b20-490f-97b1-e829d4fd4d4b: Sackin index -0.0728; 1.0 s; peak memory 1169 MiB.
2026-10-10T05:18:10Z INFO [349/750] 8cd45f37-66ea-4cbf-b1fa-e666c02109a5: Sackin index -0.0681; 2.0 s; peak memory 1169 MiB.
2026-10-10T05:18:22Z INFO [350/750] 8cd48c46-60e2-4f7c-bf74-3ab45d582137: Sackin index -0.0118; 12.3 s; peak memory 1169 MiB.
2026-10-10T05:18:22Z INFO [350/750] 8cd48c46-60e2-4f7c-bf74-3ab45d582137: checkpointed 114936 new records.
2026-10-10T05:18:26Z INFO [351/750] 8cd4966b-9bf7-41f1-9edc-4f48e29bc3a3: Sackin index -0.0411; 3.8 s; peak memory 1169 MiB.
2026-10-10T05:18:28Z INFO [352/750] 8cd4e203-61e6-4802-9ee7-e470e1b1750f: Sackin index -0.0660; 2.2 s; peak memory 1169 MiB.
2026-10-10T05:18:29Z INFO [353/750] 8cd5b32d-2d84-4164-9b33-e2166ceb81c6: Sackin index -0.1349; 0.9 s; peak memory 1169 MiB.
2026-10-10T05:18:30Z INFO [354/750] 8cd5ccc7-67ed-458f-90ff-2b9871c98358: Sackin index -0.0732; 1.2 s; peak memory 1169 MiB.
2026-10-10T05:18:31Z INFO [355/750] 8cd63577-b7e3-442d-a747-bd9730f9a9e8: Sackin index -0.1938; 0.7 s; peak memory 1169 MiB.
2026-10-10T05:18:32Z INFO [356/750] 8cd6d7ba-006c-40b1-ad60-499cf43d0e41: Sackin index -0.2168; 0.4 s; peak memory 1169 MiB.
2026-10-10T05:18:33Z INFO [357/750] 8cd70978-bca9-430f-8f32-5296435af531: Sackin index -0.0699; 1.8 s; peak memory 1169 MiB.
2026-10-10T05:19:15Z INFO [358/750] 8cd7fddc-a732-4650-a534-4c5f361efd1f: Sackin index -0.1144; 41.6 s; peak memory 1169 MiB.
2026-10-10T05:19:30Z INFO [359/750] 8cd8488b-1418-4209-9ffd-8bcd86dad5d1: Sackin index -0.0095; 14.7 s; peak memory 1169 MiB.
2026-10-10T05:19:39Z INFO [360/750] 8cd87a5b-fe6e-49f7-9a18-49dc4abcb66b: Sackin index -0.0145; 9.4 s; peak memory 1169 MiB.
2026-10-10T05:19:40Z INFO [361/750] 8cda7ca0-7cdc-4a17-a5e8-e3b87a10ac33: Sackin index -0.0272; 1.1 s; peak memory 1169 MiB.
2026-10-10T05:19:41Z INFO [362/750] 8cdb090a-06a2-48b0-b306-602b34121606: Sackin index -0.0728; 1.0 s; peak memory 1169 MiB.
2026-10-10T05:19:42Z INFO [363/750] 8cdc4542-a3ab-4a77-8a45-7c9e76a4f725: Sackin index -0.0696; 1.1 s; peak memory 1169 MiB.
2026-10-10T05:19:43Z INFO [364/750] 8cdce1d2-a272-4fdf-ac01-03a1aa152fe1: Sackin index -0.0702; 0.9 s; peak memory 1169 MiB.
2026-10-10T05:19:44Z INFO [365/750] 8cde8ce3-89a4-4854-81de-4f55b197318c: Sackin index -0.0702; 0.8 s; peak memory 1169 MiB.
2026-10-10T05:19:45Z INFO [366/750] 8cde94ab-268e-4a2f-9aed-622c5317bb76: Sackin index -0.0375; 1.4 s; peak memory 1169 MiB.
2026-10-10T05:19:46Z INFO [367/750] 8cded310-149a-47ac-9df1-bfb1f468b824: Sackin index -0.1349; 0.8 s; peak memory 1169 MiB.
2026-10-10T05:19:47Z INFO [368/750] 8cdfbe4a-630a-41eb-81c1-c78dfa44a876: Sackin index -0.1191; 0.9 s; peak memory 1169 MiB.
2026-10-10T05:19:54Z INFO [369/750] 8ce010a5-e284-4aa0-bc76-0be7697c05bc: Sackin index -0.0299; 6.7 s; peak memory 1169 MiB.
2026-10-10T05:19:55Z INFO [370/750] 8ce08832-d799-4a3c-ba06-a70d794ad00f: Sackin index -0.0699; 1.9 s; peak memory 1169 MiB.
2026-10-10T05:19:56Z INFO [371/750] 8ce08f06-8f29-4d61-8841-294818b1d2d4: Sackin index -0.0984; 1.0 s; peak memory 1169 MiB.
2026-10-10T05:19:57Z INFO [372/750] 8ce0fee5-6e04-45d1-9c01-e14037ab6b0b: Sackin index -0.1349; 0.8 s; peak memory 1169 MiB.
2026-10-10T05:19:58Z INFO [373/750] 8ce19a59-3412-4701-9c93-6b7443d15c2e: Sackin index -0.0702; 0.9 s; peak memory 1169 MiB.
2026-10-10T05:19:59Z INFO [374/750] 8ce1da55-65a0-4851-9f7d-a92409c7b824: Sackin index -0.0375; 1.2 s; peak memory 1169 MiB.
2026-10-10T05:20:00Z INFO [375/750] 8ce2ce44-1046-4ba9-b01f-e86e79db0eba: Sackin index -0.1658; 0.6 s; peak memory 1169 MiB.
2026-10-10T05:20:01Z INFO [376/750] 8ce5381e-d5b4-4e0e-8d3a-3274486698cf: Sackin index -0.1938; 0.7 s; peak memory 1169 MiB.
2026-10-10T05:20:02Z INFO [377/750] 8ce6158a-51bd-4d2d-ba88-84a48348b10f: Sackin index -0.0579; 1.7 s; peak memory 1169 MiB.
2026-10-10T05:20:03Z INFO [378/750] 8ce63285-f531-419d-a42c-317ace16105a: Sackin index -0.0702; 1.0 s; peak memory 1169 MiB.
2026-10-10T05:20:04Z INFO [379/750] 8ce6ce26-52c0-49c5-8259-8c88d36c2865: Sackin index -0.1658; 0.7 s; peak memory 1169 MiB.
2026-10-10T05:20:06Z INFO [380/750] 8ce811b7-95a6-4b3e-a687-337c908fd1f5: Sackin index -0.0869; 2.3 s; peak memory 1169 MiB.
2026-10-10T05:20:10Z INFO [381/750] 8ce8a39e-ddaa-4c32-8962-d3c498c58680: Sackin index -0.0251; 3.4 s; peak memory 1169 MiB.
2026-10-10T05:20:10Z INFO [382/750] 8ce8c371-7d0b-4d3a-bc80-d3afe80d20cc: Sackin index -0.1938; 0.6 s; peak memory 1169 MiB.
2026-10-10T05:20:12Z INFO [383/750] 8ce9b99e-dc59-4e64-b7b4-39886553f89b: Sackin index -0.0532; 1.8 s; peak memory 1169 MiB.
2026-10-10T05:20:13Z INFO [384/750] 8ceb76fd-3400-45d9-96b2-eca171e2d71e: Sackin index -0.1269; 1.1 s; peak memory 1169 MiB.
2026-10-10T05:20:14Z INFO [385/750] 8ceb8466-346c-4435-b00e-4dbcdbdbfdcc: Sackin index -0.0709; 1.0 s; peak memory 1169 MiB.
2026-10-10T05:20:15Z INFO [386/750] 8cebe3da-2f4c-411c-999a-2631ebeeb61a: Sackin index -0.1349; 0.8 s; peak memory 1169 MiB.
2026-10-10T05:20:16Z INFO [387/750] 8cec9047-7b03-4aa2-a906-e1a0e0cd3dd5: Sackin index -0.1349; 0.8 s; peak memory 1169 MiB.
2026-10-10T05:20:17Z INFO [388/750] 8cecb649-07cb-4d33-8a5e-d7b5f8a6f430: Sackin index -0.0696; 0.9 s; peak memory 1169 MiB.
2026-10-10T05:20:18Z INFO [389/750] 8cecbce4-8ced-437f-8f60-288dc951ba8a: Sackin index -0.0656; 0.7 s; peak memory 1169 MiB.
2026-10-10T05:20:23Z INFO [390/750] 8cecc7e2-4332-49fd-aa35-dd0d916a1036: Sackin index -0.0251; 5.8 s; peak memory 1169 MiB.
2026-10-10T05:20:24Z INFO [391/750] 8ced39c0-27bf-4665-b990-a0140ae9a9e9: Sackin index -0.0728; 1.2 s; peak memory 1169 MiB.
2026-10-10T05:20:25Z INFO [392/750] 8cef3f19-a071-44b3-8dd8-cb1f09aa02e0: Sackin index -0.1349; 0.7 s; peak memory 1169 MiB.
2026-10-10T05:20:26Z INFO [393/750] 8cef4e0b-12f3-4612-aab7-9e213e5d1717: Sackin index -0.1194; 1.0 s; peak memory 1169 MiB.
2026-10-10T05:20:27Z INFO [394/750] 8cf097e8-3f9f-4e00-9dd1-ada003c68797: Sackin index -0.1658; 0.6 s; peak memory 1169 MiB.
2026-10-10T05:21:45Z INFO [395/750] 8cf0d3c6-f0f4-4efd-91b8-916ba8613d01: Sackin index -0.0032; 78.6 s; peak memory 1169 MiB.
2026-10-10T05:21:54Z INFO [396/750] 8cf0d53c-3c37-4c98-b986-d0ef27a37698: Sackin index -0.0179; 8.3 s; peak memory 1169 MiB.
2026-10-10T05:22:01Z INFO [397/750] 8cf10dd1-1274-49f7-9eef-5ba62cce4a4a: Sackin index -0.0341; 6.9 s; peak memory 1169 MiB.
2026-10-10T05:22:05Z INFO [398/750] 8cf157f6-e7df-41db-ba9b-605d90906f61: Sackin index -0.0435; 4.0 s; peak memory 1169 MiB.
2026-10-10T05:22:05Z INFO [399/750] 8cf1bea4-5f34-40b0-a4e6-da6fc72af7e0: Sackin index -0.0745; 0.9 s; peak memory 1169 MiB.
2026-10-10T05:22:06Z INFO [400/750] 8cf1c103-3d20-4069-8e36-43da955a2197: Sackin index -0.0728; 0.9 s; peak memory 1169 MiB.
2026-10-10T05:22:07Z INFO [400/750] 8cf1c103-3d20-4069-8e36-43da955a2197: checkpointed 114986 new records.
2026-10-10T05:22:08Z INFO [401/750] 8cf24752-6ca9-4992-bc17-db013b5cf9f7: Sackin index -0.0369; 1.5 s; peak memory 1169 MiB.
2026-10-10T05:22:18Z INFO [402/750] 8cf28c13-6f80-4193-b7e3-6e1ddb036280: Sackin index -0.0100; 9.7 s; peak memory 1169 MiB.
2026-10-10T05:22:19Z INFO [403/750] 8cf2cf6e-db8b-42ff-9acb-3b82733b1298: Sackin index -0.1349; 0.8 s; peak memory 1169 MiB.
2026-10-10T05:22:19Z INFO [404/750] 8cf30d9c-bfcb-4c7a-a44c-5e3b22b7acd0: Sackin index -0.1658; 0.6 s; peak memory 1169 MiB.
2026-10-10T05:22:20Z INFO [405/750] 8cf3155f-b526-4bbc-a832-24fb775d9d71: Sackin index -0.1349; 0.9 s; peak memory 1169 MiB.
2026-10-10T05:22:21Z INFO [406/750] 8cf320bd-0c38-4eed-b3a4-8a2bc00c34ca: Sackin index -0.0702; 0.9 s; peak memory 1169 MiB.
2026-10-10T05:22:31Z INFO [407/750] 8cf35ae1-69ab-45e5-8e2a-c3147fe2ea40: Sackin index -0.0262; 9.6 s; peak memory 1169 MiB.
2026-10-10T05:22:31Z INFO [408/750] 8cf4046f-bf29-464b-bfa9-8b76a16ae39f: Sackin index -0.0881; 0.9 s; peak memory 1169 MiB.
2026-10-10T05:22:32Z INFO [409/750] 8cf42d7b-6f05-4f58-9109-cee18c27cdff: Sackin index -0.1161; 0.8 s; peak memory 1169 MiB.
2026-10-10T05:22:33Z INFO [410/750] 8cf4bbf9-e6b9-4f2d-a49b-d552d626b2ce: Sackin index -0.1298; 0.7 s; peak memory 1169 MiB.
2026-10-10T05:22:34Z INFO [411/750] 8cf68c54-de64-4d69-8e8d-67aaf6aee714: Sackin index -0.0728; 0.9 s; peak memory 1169 MiB.
2026-10-10T05:22:35Z INFO [412/750] 8cf6c935-62fe-4361-95e5-7f5f28254705: Sackin index -0.0696; 1.0 s; peak memory 1169 MiB.
2026-10-10T05:22:36Z INFO [413/750] 8cf8c429-57d0-4835-8ce8-16798d514bec: Sackin index -0.0696; 0.8 s; peak memory 1169 MiB.
2026-10-10T05:22:37Z INFO [414/750] 8cf8d229-e2eb-4cc9-b5c6-fd0b6fbec98f: Sackin index -0.0702; 1.0 s; peak memory 1169 MiB.
2026-10-10T05:22:48Z INFO [415/750] 8cfac207-3b76-49aa-b3cc-505b00334716: Sackin index -0.1892; 11.4 s; peak memory 1169 MiB.
2026-10-10T05:22:49Z INFO [416/750] 8cfbcb9c-c841-4652-af23-9068c247134d: Sackin index -0.1349; 0.8 s; peak memory 1169 MiB.
2026-10-10T05:22:51Z INFO [417/750] 8cfbf961-6c66-42bc-a70b-ce9d33b1c0d2: Sackin index -0.0272; 1.6 s; peak memory 1169 MiB.
2026-10-10T05:22:51Z INFO [418/750] 8cfc1b94-cb54-4e95-9e0c-6c4cc0bc4c96: Sackin index -0.0702; 0.9 s; peak memory 1169 MiB.
2026-10-10T05:22:53Z INFO [419/750] 8cfc23b8-e67a-487f-b845-3539fe069580: Sackin index -0.0728; 1.1 s; peak memory 1169 MiB.
2026-10-10T05:22:54Z INFO [420/750] 8cff0698-9789-4a82-97eb-2b88b8db08d4: Sackin index -0.0745; 1.3 s; peak memory 1169 MiB.
2026-10-10T05:22:56Z INFO [421/750] 8cff6885-268f-4c63-941c-d582210a8c07: Sackin index -0.0693; 2.1 s; peak memory 1169 MiB.
2026-10-10T05:22:57Z INFO [422/750] 8cff888f-e363-40d2-bb47-b106931a8ccd: Sackin index -0.1472; 0.6 s; peak memory 1169 MiB.
2026-10-10T05:23:00Z INFO [423/750] 8d00710f-718e-4011-8513-65e5e6cf7204: Sackin index -0.0547; 3.1 s; peak memory 1169 MiB.
2026-10-10T05:23:01Z INFO [424/750] 8d007d22-6372-45d1-8435-737f325e292c: Sackin index -0.0369; 1.3 s; peak memory 1169 MiB.
2026-10-10T05:23:03Z INFO [425/750] 8d00b9cd-80ab-4a6f-b27c-27df825e9efb: Sackin index -0.0660; 2.1 s; peak memory 1169 MiB.
2026-10-10T05:23:04Z INFO [426/750] 8d013991-0b1f-4d3b-aad8-52de43c7a548: Sackin index -0.1273; 1.2 s; peak memory 1169 MiB.
2026-10-10T05:23:05Z INFO [427/750] 8d013af2-8b5d-4b45-afaa-dfee46a4213a: Sackin index -0.1461; 0.7 s; peak memory 1169 MiB.
2026-10-10T05:23:06Z INFO [428/750] 8d01768d-c010-4d37-a393-3f2c7aa12f35: Sackin index -0.0702; 1.0 s; peak memory 1169 MiB.
2026-10-10T05:23:07Z INFO [429/750] 8d01d522-f095-40af-ad50-89620b8dd18e: Sackin index -0.0696; 0.9 s; peak memory 1169 MiB.
2026-10-10T05:23:08Z INFO [430/750] 8d02ccde-b3ca-44dc-96ec-6cafffff4400: Sackin index -0.1349; 0.9 s; peak memory 1169 MiB.
2026-10-10T05:23:09Z INFO [431/750] 8d03216b-266c-4d65-9ff4-0fb62f8cf4f8: Sackin index -0.1370; 1.2 s; peak memory 1169 MiB.
2026-10-10T05:23:10Z INFO [432/750] 8d0634e4-81b4-4ccf-a0ac-fd014fcb8727: Sackin index -0.1349; 0.8 s; peak memory 1169 MiB.
2026-10-10T05:23:14Z INFO [433/750] 8d065c4a-5e7d-4012-b23c-8eb64ac44ac2: Sackin index -0.0240; 4.7 s; peak memory 1169 MiB.
2026-10-10T05:23:17Z INFO [434/750] 8d06d94b-d3b6-4f56-a763-3fb8e3ac2f99: Sackin index -0.0349; 2.1 s; peak memory 1169 MiB.
2026-10-10T05:23:18Z INFO [435/750] 8d070f27-4314-4791-ab01-9b3a3b73a5ad: Sackin index -0.0369; 1.2 s; peak memory 1169 MiB.
2026-10-10T05:23:19Z INFO [436/750] 8d080d7d-c431-413d-901a-aa6c3dfa1c58: Sackin index -0.1349; 0.8 s; peak memory 1169 MiB.
2026-10-10T05:23:20Z INFO [437/750] 8d09279b-2571-4fe4-8875-fbfb941617a6: Sackin index -0.0272; 1.5 s; peak memory 1169 MiB.
2026-10-10T05:23:21Z INFO [438/750] 8d09bf6d-703a-4a9e-948c-f252b6d73277: Sackin index -0.0728; 1.1 s; peak memory 1169 MiB.
2026-10-10T05:23:22Z INFO [439/750] 8d09ede8-be37-466d-b2b3-943214ef1a02: Sackin index -0.0696; 0.8 s; peak memory 1169 MiB.
2026-10-10T05:23:24Z INFO [440/750] 8d0a7918-9354-4fc5-891c-0cc30a96d0be: Sackin index -0.0515; 1.9 s; peak memory 1169 MiB.
2026-10-10T05:23:25Z INFO [441/750] 8d0b6584-1add-4859-89ca-99a3062603a3: Sackin index -0.0728; 1.5 s; peak memory 1169 MiB.
2026-10-10T05:23:26Z INFO [442/750] 8d0b7530-fa04-4177-9972-39e4e96b4ba8: Sackin index -0.0728; 1.0 s; peak memory 1169 MiB.
2026-10-10T05:23:27Z INFO [443/750] 8d0ba232-001d-428e-a86f-145d072e67bb: Sackin index -0.1658; 0.7 s; peak memory 1169 MiB.
2026-10-10T05:23:28Z INFO [444/750] 8d0c8a75-e547-444f-9e72-6a9a9e72c63f: Sackin index -0.0702; 1.0 s; peak memory 1169 MiB.
2026-10-10T05:23:30Z INFO [445/750] 8d0d5e00-b440-4f85-abf7-401c930ebd3a: Sackin index -0.0660; 2.1 s; peak memory 1169 MiB.
2026-10-10T05:23:31Z INFO [446/750] 8d0e3f0f-72fb-46f5-be5a-28aaee9caa61: Sackin index -0.0702; 1.0 s; peak memory 1169 MiB.
2026-10-10T05:23:41Z INFO [447/750] 8d0e82e4-624a-4921-bf5f-bd527e6432e4: Sackin index -0.0133; 9.5 s; peak memory 1169 MiB.
2026-10-10T05:23:42Z INFO [448/750] 8d0eb010-e47d-40ce-bfaf-191427c564be: Sackin index -0.0738; 1.5 s; peak memory 1169 MiB.
2026-10-10T05:23:44Z INFO [449/750] 8d0fa8d7-894d-4bd0-91ba-1610bf8d5d0c: Sackin index -0.0447; 1.7 s; peak memory 1169 MiB.
2026-10-10T05:23:45Z INFO [450/750] 8d1048c1-84ae-46df-af66-aaffbeabee28: Sackin index -0.0728; 1.0 s; peak memory 1169 MiB.
2026-10-10T05:23:45Z INFO [450/750] 8d1048c1-84ae-46df-af66-aaffbeabee28: checkpointed 115036 new records.
2026-10-10T05:23:46Z INFO [451/750] 8d11b29d-67eb-4015-b75e-3cbd54df7544: Sackin index -0.1331; 0.6 s; peak memory 1169 MiB.
2026-10-10T05:23:47Z INFO [452/750] 8d123de7-169a-4a82-a938-7a5f7a85794c: Sackin index -0.0688; 1.5 s; peak memory 1169 MiB.
2026-10-10T05:23:49Z INFO [453/750] 8d124ad6-252c-4de8-a079-0d1266d7034e: Sackin index -0.0824; 1.6 s; peak memory 1169 MiB.
2026-10-10T05:23:50Z INFO [454/750] 8d14a15a-5082-4dce-8f85-870d3d27027b: Sackin index -0.0728; 0.9 s; peak memory 1169 MiB.
2026-10-10T05:23:51Z INFO [455/750] 8d14a3e5-4033-410e-9888-a68f39f0774d: Sackin index -0.0702; 0.9 s; peak memory 1169 MiB.
2026-10-10T05:23:52Z INFO [456/750] 8d14bce7-a392-4507-aca2-6d4b7cba149e: Sackin index -0.0728; 1.2 s; peak memory 1169 MiB.
2026-10-10T05:23:53Z INFO [457/750] 8d15aa72-1428-48c5-adc7-580c0df55d1c: Sackin index -0.1248; 1.1 s; peak memory 1169 MiB.
2026-10-10T05:23:55Z INFO [458/750] 8d15cb20-d357-4df1-b5d3-e5aa6b1a1920: Sackin index -0.0694; 2.0 s; peak memory 1169 MiB.
2026-10-10T05:23:56Z INFO [459/750] 8d16219c-a184-4f5d-ac87-38f21a2f3e40: Sackin index -0.0811; 0.8 s; peak memory 1169 MiB.
2026-10-10T05:23:57Z INFO [460/750] 8d16627b-3d47-44e0-86d6-2c23105786f8: Sackin index -0.1269; 1.3 s; peak memory 1169 MiB.
2026-10-10T05:23:58Z INFO [461/750] 8d16f670-8cad-407c-8659-db3c971d9ee2: Sackin index -0.0369; 1.2 s; peak memory 1169 MiB.
2026-10-10T05:23:59Z INFO [462/750] 8d173f1d-3562-46a0-ac33-4d4d368a6275: Sackin index -0.1938; 0.7 s; peak memory 1169 MiB.
2026-10-10T05:24:01Z INFO [463/750] 8d176578-d2a9-4cb5-a313-768b0a5b2e99: Sackin index -0.0676; 1.9 s; peak memory 1169 MiB.
2026-10-10T05:24:02Z INFO [464/750] 8d17bbd7-e9a3-482f-ac80-4175a0998680: Sackin index -0.1273; 1.1 s; peak memory 1169 MiB.
2026-10-10T05:24:54Z INFO [465/750] 8d183986-663e-4ef6-b144-250076d88645: Sackin index -0.0024; 52.2 s; peak memory 1169 MiB.
2026-10-10T05:24:55Z INFO [466/750] 8d189223-2bae-4e5f-be78-da7bbc14dafd: Sackin index -0.0376; 1.1 s; peak memory 1169 MiB.
2026-10-10T05:24:57Z INFO [467/750] 8d18d246-72bb-4330-83a2-081ade3a8e5c: Sackin index -0.0699; 2.1 s; peak memory 1169 MiB.
2026-10-10T05:24:58Z INFO [468/750] 8d1a2e47-4577-45fd-94d7-987ed8563cd4: Sackin index -0.1602; 0.8 s; peak memory 1169 MiB.
2026-10-10T05:24:59Z INFO [469/750] 8d1a81e4-604b-4019-8cc3-51d91b27178d: Sackin index -0.0728; 1.2 s; peak memory 1169 MiB.
2026-10-10T05:25:00Z INFO [470/750] 8d1b7ebf-1162-4511-8fae-94a425a140ae: Sackin index -0.1349; 0.7 s; peak memory 1169 MiB.
2026-10-10T05:25:01Z INFO [471/750] 8d1b8f9a-7577-4685-97ed-c4b31ac7e243: Sackin index -0.1349; 0.8 s; peak memory 1169 MiB.
2026-10-10T05:25:02Z INFO [472/750] 8d1be697-f891-4fc9-8960-5e1180e36e0c: Sackin index -0.0728; 1.3 s; peak memory 1169 MiB.
2026-10-10T05:25:03Z INFO [473/750] 8d1ca5c4-7bc3-4d50-b6c9-6660c97fe63e: Sackin index -0.0702; 1.0 s; peak memory 1169 MiB.
2026-10-10T05:25:04Z INFO [474/750] 8d1cd950-a12c-476c-9fda-83f62db2c859: Sackin index -0.2000; 0.5 s; peak memory 1169 MiB.
2026-10-10T05:25:04Z INFO [475/750] 8d1d94d6-b818-450e-8d0b-1df1c5ce75e4: Sackin index -0.0702; 0.8 s; peak memory 1169 MiB.
2026-10-10T05:25:05Z INFO [476/750] 8d1ece74-b115-4a1a-a14f-cbae61912d0f: Sackin index -0.0569; 1.0 s; peak memory 1169 MiB.
2026-10-10T05:25:07Z INFO [477/750] 8d1ee30e-b4cb-4ea4-8757-01a20066ec2a: Sackin index -0.0728; 1.6 s; peak memory 1169 MiB.
2026-10-10T05:25:08Z INFO [478/750] 8d1fa473-2b50-4c94-a9b1-7294cf1b1321: Sackin index -0.0824; 1.4 s; peak memory 1169 MiB.
2026-10-10T05:25:22Z INFO [479/750] 8d207ee0-cb5c-47d0-b2a0-7393c6a95dd1: Sackin index -0.1892; 13.4 s; peak memory 1169 MiB.
2026-10-10T05:25:23Z INFO [480/750] 8d21e7d7-5eea-46db-a935-19f9124352ce: Sackin index -0.1349; 0.7 s; peak memory 1169 MiB.
2026-10-10T05:25:23Z INFO [481/750] 8d221077-6399-472b-83d7-d0a60d032628: Sackin index -0.1938; 0.7 s; peak memory 1169 MiB.
2026-10-10T05:25:24Z INFO [482/750] 8d22cb06-c5fd-495b-92cd-cd8268952902: Sackin index -0.1349; 0.8 s; peak memory 1169 MiB.
2026-10-10T05:25:25Z INFO [483/750] 8d233615-dc1b-499d-9b92-e301bbc49178: Sackin index -0.0735; 0.9 s; peak memory 1169 MiB.
2026-10-10T05:25:26Z INFO [484/750] 8d23a814-cc7b-4b24-9080-d79684ffc9c7: Sackin index -0.1356; 0.9 s; peak memory 1169 MiB.
2026-10-10T05:25:43Z INFO [485/750] 8d23c114-df4d-4936-996d-692c411a83b5: Sackin index -0.0169; 16.8 s; peak memory 1169 MiB.
2026-10-10T05:25:44Z INFO [486/750] 8d24988f-1d76-4cf5-b381-38fcc6d5f7f5: Sackin index -0.0696; 0.9 s; peak memory 1169 MiB.
2026-10-10T05:26:01Z INFO [487/750] 8d24c543-f001-46e8-b35f-4e7b6a3195ad: Sackin index -0.0166; 16.8 s; peak memory 1169 MiB.
2026-10-10T05:26:01Z INFO [488/750] 8d256d91-1cda-48fc-ada1-c7fac6696033: Sackin index -0.0385; 0.9 s; peak memory 1169 MiB.
2026-10-10T05:26:29Z INFO [489/750] 8d25b7ea-79df-47e9-8b68-669e03d1d93d: Sackin index -0.0935; 27.9 s; peak memory 1169 MiB.
2026-10-10T05:26:30Z INFO [490/750] 8d25fec8-cf3f-4d84-94f6-0a314481a024: Sackin index -0.0390; 0.9 s; peak memory 1169 MiB.
2026-10-10T05:26:31Z INFO [491/750] 8d260544-33dc-446a-be59-e770f73d3ab4: Sackin index -0.1349; 0.8 s; peak memory 1169 MiB.
2026-10-10T05:26:33Z INFO [492/750] 8d275af1-e1b9-4ffd-a925-8643225120e0: Sackin index -0.0728; 1.5 s; peak memory 1169 MiB.
2026-10-10T05:26:36Z INFO [493/750] 8d278870-1aba-4169-9d6a-43dbb494d3ed: Sackin index -0.0403; 3.0 s; peak memory 1169 MiB.
2026-10-10T05:28:02Z INFO [494/750] 8d27e474-4d09-4962-9067-a3369965cbab: Sackin index -0.1076; 86.7 s; peak memory 1169 MiB.
2026-10-10T05:28:03Z INFO [495/750] 8d291551-3d79-4769-abfd-60482ba56251: Sackin index -0.1602; 1.0 s; peak memory 1169 MiB.
2026-10-10T05:28:05Z INFO [496/750] 8d293364-8afd-4600-b214-80cb29ae2ed4: Sackin index -0.0728; 1.3 s; peak memory 1169 MiB.
2026-10-10T05:28:06Z INFO [497/750] 8d2a19f4-439e-41ac-82b5-aa9a49378355: Sackin index -0.0702; 1.0 s; peak memory 1169 MiB.
2026-10-10T05:28:08Z INFO [498/750] 8d2adf2f-83b3-4c21-b0bc-0c064f29d593: Sackin index -0.0648; 2.0 s; peak memory 1169 MiB.
2026-10-10T05:28:09Z INFO [499/750] 8d2b79d3-ceb2-4657-846c-8e33cd327e8e: Sackin index -0.1248; 0.9 s; peak memory 1169 MiB.
2026-10-10T05:28:10Z INFO [500/750] 8d2bfdde-e65d-4923-ba2c-c060469da8cd: Sackin index -0.1000; 1.1 s; peak memory 1169 MiB.
2026-10-10T05:28:10Z INFO [500/750] 8d2bfdde-e65d-4923-ba2c-c060469da8cd: checkpointed 115086 new records.
2026-10-10T05:28:12Z INFO [501/750] 8d2cb51b-8712-464c-954d-0c8752c0099b: Sackin index -0.0677; 2.2 s; peak memory 1169 MiB.
2026-10-10T05:28:13Z INFO [502/750] 8d2d5d8f-6815-480a-b09d-e9caa373bd4e: Sackin index -0.1233; 1.3 s; peak memory 1169 MiB.
2026-10-10T05:28:14Z INFO [503/750] 8d2e2036-cbfd-49ca-a7dd-95a735966e8e: Sackin index -0.2168; 0.6 s; peak memory 1169 MiB.
2026-10-10T05:28:15Z INFO [504/750] 8d2e50c1-c7a6-4a09-bed4-aee9c51751b8: Sackin index -0.0728; 1.1 s; peak memory 1169 MiB.
2026-10-10T05:28:19Z INFO [505/750] 8d2ed00c-3566-4133-98e1-198754e424b1: Sackin index -0.0403; 3.9 s; peak memory 1169 MiB.
2026-10-10T05:28:20Z INFO [506/750] 8d2f0b1c-67ec-4f2d-876b-9fcd71d1521b: Sackin index -0.0702; 1.1 s; peak memory 1169 MiB.
2026-10-10T05:28:21Z INFO [507/750] 8d2f9c2f-bf44-478b-a0dd-327d7c1d8ab4: Sackin index -0.0728; 1.1 s; peak memory 1169 MiB.
2026-10-10T05:28:40Z INFO [508/750] 8d30ba77-9c7f-4457-9cd5-44cb2f649c04: Sackin index -0.1367; 19.1 s; peak memory 1169 MiB.
2026-10-10T05:28:42Z INFO [509/750] 8d30ef57-6a7c-4f9b-85d0-f8a7b43ebbd1: Sackin index -0.0728; 1.4 s; peak memory 1169 MiB.
2026-10-10T05:28:54Z INFO [510/750] 8d3126a5-ac8c-414f-b222-6de452be7f0e: Sackin index -0.0235; 12.3 s; peak memory 1169 MiB.
2026-10-10T05:28:55Z INFO [511/750] 8d31e34e-2af9-41c9-bd12-2d87a0f77936: Sackin index -0.0673; 0.9 s; peak memory 1169 MiB.
2026-10-10T05:29:15Z INFO [512/750] 8d332704-84da-403d-a879-a984c06e040e: Sackin index -0.1367; 20.2 s; peak memory 1169 MiB.
2026-10-10T05:29:16Z INFO [513/750] 8d3438ac-e7f1-4e09-acae-859514841a0a: Sackin index -0.0702; 1.1 s; peak memory 1169 MiB.
2026-10-10T05:29:20Z INFO [514/750] 8d34ab9f-634c-4072-a4cc-7ad1ad9591e8: Sackin index -0.0403; 3.8 s; peak memory 1169 MiB.
2026-10-10T05:29:21Z INFO [515/750] 8d34cb49-5504-4a61-9b2d-d4fe72aaff3a: Sackin index -0.1349; 0.8 s; peak memory 1169 MiB.
2026-10-10T05:29:23Z INFO [516/750] 8d35062d-424e-4b3c-af28-cd91887cc729: Sackin index -0.0922; 2.1 s; peak memory 1169 MiB.
2026-10-10T05:29:24Z INFO [517/750] 8d369f9b-6a08-4941-9506-11f9291b9aa8: Sackin index -0.0702; 1.0 s; peak memory 1169 MiB.
2026-10-10T05:29:25Z INFO [518/750] 8d37e689-d68c-4452-8c0a-5da52a17c268: Sackin index -0.0371; 1.1 s; peak memory 1169 MiB.
2026-10-10T05:29:26Z INFO [519/750] 8d38807a-f90c-4e4d-bb9f-4cbe680f0309: Sackin index -0.1349; 0.9 s; peak memory 1169 MiB.
2026-10-10T05:29:27Z INFO [520/750] 8d38c718-2957-4a71-9c26-3852c2380491: Sackin index -0.1349; 1.0 s; peak memory 1169 MiB.
2026-10-10T05:29:28Z INFO [521/750] 8d399a13-0c65-475e-8e4e-fcf41cf685be: Sackin index -0.1478; 0.7 s; peak memory 1169 MiB.
2026-10-10T05:29:28Z INFO [522/750] 8d3d0a3b-3eb4-4631-8896-f48d1f17cbd4: Sackin index -0.1349; 0.8 s; peak memory 1169 MiB.
2026-10-10T05:29:29Z INFO [523/750] 8d3e0471-1a55-4450-9b00-c9ed363d9c72: Sackin index -0.1448; 0.6 s; peak memory 1169 MiB.
2026-10-10T05:29:30Z INFO [524/750] 8d3e65bc-9949-4428-9405-f0ad723f92a4: Sackin index -0.0991; 1.1 s; peak memory 1169 MiB.
2026-10-10T05:29:31Z INFO [525/750] 8d3f850a-4d0d-41ac-bece-33578e93307a: Sackin index -0.1349; 0.8 s; peak memory 1169 MiB.
2026-10-10T05:29:32Z INFO [526/750] 8d3f871f-0d32-4c11-b26b-160f9b0225d7: Sackin index -0.0728; 1.2 s; peak memory 1169 MiB.
2026-10-10T05:29:35Z INFO [527/750] 8d401209-a237-4fd0-a39f-7a281f133196: Sackin index -0.0660; 2.6 s; peak memory 1169 MiB.
2026-10-10T05:29:37Z INFO [528/750] 8d409e8f-dd7a-441f-82f5-b58dcac2335e: Sackin index -0.0870; 2.2 s; peak memory 1169 MiB.
2026-10-10T05:29:39Z INFO [529/750] 8d40c424-c16a-4ab6-bcfd-4575c140e108: Sackin index -0.0676; 2.0 s; peak memory 1169 MiB.
2026-10-10T05:29:40Z INFO [530/750] 8d4108b1-e936-445d-97e3-774ffe32cde5: Sackin index -0.0702; 0.9 s; peak memory 1169 MiB.
2026-10-10T05:29:40Z INFO [531/750] 8d41d999-4f1c-4edd-a254-6571a98bb607: Sackin index -0.1658; 0.6 s; peak memory 1169 MiB.
2026-10-10T05:29:41Z INFO [532/750] 8d43040e-bde5-41aa-9ce8-37d32e5f922b: Sackin index -0.0709; 0.8 s; peak memory 1169 MiB.
2026-10-10T05:29:42Z INFO [533/750] 8d438d5d-d1d6-42ce-a53d-25a308566bcb: Sackin index -0.0728; 1.0 s; peak memory 1169 MiB.
2026-10-10T05:29:43Z INFO [534/750] 8d442756-0a6f-4535-a076-3c64c25b68d8: Sackin index -0.1349; 1.0 s; peak memory 1169 MiB.
2026-10-10T05:29:49Z INFO [535/750] 8d445fbc-48d3-43e4-a124-246508d5618d: Sackin index -0.0439; 5.5 s; peak memory 1169 MiB.
2026-10-10T05:29:50Z INFO [536/750] 8d45037f-0267-4324-bf05-d786f94ad5ed: Sackin index -0.1349; 0.9 s; peak memory 1169 MiB.
2026-10-10T05:29:50Z INFO [537/750] 8d4529f4-6dea-4c99-9924-7d78e3596250: Sackin index -0.1349; 0.9 s; peak memory 1169 MiB.
2026-10-10T05:29:51Z INFO [538/750] 8d455c18-a5e8-4cd7-a62f-cef91bef26e6: Sackin index -0.1658; 0.6 s; peak memory 1169 MiB.
2026-10-10T05:29:52Z INFO [539/750] 8d46f08f-8eee-458a-b07a-bc6135d3c125: Sackin index -0.0375; 1.1 s; peak memory 1169 MiB.
2026-10-10T05:29:53Z INFO [540/750] 8d471710-b88c-4c5f-8f32-b31c5232e8f1: Sackin index -0.1349; 0.8 s; peak memory 1169 MiB.
2026-10-10T05:29:54Z INFO [541/750] 8d48b34b-d7a5-4015-aed4-fb1c853f527c: Sackin index -0.0385; 0.8 s; peak memory 1169 MiB.
2026-10-10T05:29:55Z INFO [542/750] 8d48d74b-03c7-4dc2-ac73-db2d754a508f: Sackin index -0.0728; 1.0 s; peak memory 1169 MiB.
2026-10-10T05:29:55Z INFO [543/750] 8d491a0c-c896-4bb5-9810-7cedefc06d50: Sackin index -0.1349; 0.8 s; peak memory 1169 MiB.
2026-10-10T05:29:57Z INFO [544/750] 8d497460-e934-48e6-a95c-02506f1c0845: Sackin index -0.0702; 1.1 s; peak memory 1169 MiB.
2026-10-10T05:29:57Z INFO [545/750] 8d49f791-5dec-40b7-83f8-38b9fcea3195: Sackin index -0.1658; 0.6 s; peak memory 1169 MiB.
2026-10-10T05:29:59Z INFO [546/750] 8d4a1a52-b3b9-440a-8aee-36c372f5193a: Sackin index -0.0693; 2.1 s; peak memory 1169 MiB.
2026-10-10T05:30:00Z INFO [547/750] 8d4bea3f-36a8-4b2e-9c9f-916d8a2fada0: Sackin index -0.1349; 0.9 s; peak memory 1169 MiB.
2026-10-10T05:30:08Z INFO [548/750] 8d4d8949-8041-412f-aa5c-4cf6522d41e4: Sackin index -0.0151; 7.9 s; peak memory 1169 MiB.
2026-10-10T05:30:09Z INFO [549/750] 8d4df835-8fc9-40f5-8b02-d98638aad9d4: Sackin index -0.1380; 1.0 s; peak memory 1169 MiB.
2026-10-10T05:30:10Z INFO [550/750] 8d4e6c6a-069b-4d3f-ba11-027be264717a: Sackin index -0.0728; 1.1 s; peak memory 1169 MiB.
2026-10-10T05:30:10Z INFO [550/750] 8d4e6c6a-069b-4d3f-ba11-027be264717a: checkpointed 115136 new records.
2026-10-10T05:30:31Z INFO [551/750] 8d4e7841-298e-4adc-b3d7-12ec1de9b381: Sackin index -0.1367; 20.7 s; peak memory 1169 MiB.
2026-10-10T05:30:32Z INFO [552/750] 8d4f9b03-10bf-4bdd-a213-34319ad5a55e: Sackin index -0.1349; 0.9 s; peak memory 1169 MiB.
2026-10-10T05:30:33Z INFO [553/750] 8d4f9baf-e2f7-49e5-9b67-8a66c3815096: Sackin index -0.1349; 0.8 s; peak memory 1169 MiB.
2026-10-10T05:30:38Z INFO [554/750] 8d4fad27-2669-4578-bf03-0ad480bb8ab1: Sackin index -0.0187; 5.3 s; peak memory 1169 MiB.
2026-10-10T05:30:39Z INFO [555/750] 8d5147b6-dbeb-47ee-8ea0-75329bda4f5a: Sackin index -0.0702; 1.0 s; peak memory 1169 MiB.
2026-10-10T05:30:40Z INFO [556/750] 8d518b75-40c6-41af-a08f-fa560acc33dd: Sackin index -0.1248; 1.0 s; peak memory 1169 MiB.
2026-10-10T05:30:41Z INFO [557/750] 8d525657-00a8-45c6-81c8-ed59f4b5e4be: Sackin index -0.0728; 1.1 s; peak memory 1169 MiB.
2026-10-10T05:30:42Z INFO [558/750] 8d527bc6-73d6-4e5b-8b9b-f3de8d0806ed: Sackin index -0.1349; 0.8 s; peak memory 1169 MiB.
2026-10-10T05:30:43Z INFO [559/750] 8d529a66-a16d-4999-b90f-074c70f9a087: Sackin index -0.1370; 1.3 s; peak memory 1169 MiB.
2026-10-10T05:30:49Z INFO [560/750] 8d52c958-6ead-4437-8809-84c336cd6110: Sackin index -0.0385; 6.2 s; peak memory 1169 MiB.
2026-10-10T05:30:50Z INFO [561/750] 8d52ef53-38cf-4572-98f7-2b12d689ec56: Sackin index -0.0728; 1.0 s; peak memory 1169 MiB.
2026-10-10T05:30:52Z INFO [562/750] 8d550df2-6257-42dc-a136-582512790356: Sackin index -0.0375; 1.5 s; peak memory 1169 MiB.
2026-10-10T05:30:53Z INFO [563/750] 8d555437-ec6f-4da1-868d-e82557a2a728: Sackin index -0.0702; 0.9 s; peak memory 1169 MiB.
2026-10-10T05:30:53Z INFO [564/750] 8d5621fa-1b77-4984-8090-5b33461c6e4c: Sackin index -0.2000; 0.7 s; peak memory 1169 MiB.
2026-10-10T05:30:54Z INFO [565/750] 8d564414-ba6f-49e9-b572-a391cf88e2f6: Sackin index -0.1358; 0.8 s; peak memory 1169 MiB.
2026-10-10T05:30:55Z INFO [566/750] 8d5738f4-726e-4e8e-bb49-fa1ef3cbe59e: Sackin index -0.1349; 0.9 s; peak memory 1169 MiB.
2026-10-10T05:31:02Z INFO [567/750] 8d5748d2-4ede-4952-b7ec-d727fb6f3168: Sackin index -0.0221; 6.7 s; peak memory 1169 MiB.
2026-10-10T05:31:08Z INFO [568/750] 8d58789a-3da6-479d-8b63-b77b7c1ec6e6: Sackin index -0.0170; 6.7 s; peak memory 1169 MiB.
2026-10-10T05:31:19Z INFO [569/750] 8d59151f-6243-44bf-b73d-8621f52f22fc: Sackin index -0.0106; 10.6 s; peak memory 1169 MiB.
2026-10-10T05:31:20Z INFO [570/750] 8d591572-e2db-4fc6-893c-3cacb0db4bea: Sackin index -0.0752; 1.2 s; peak memory 1169 MiB.
2026-10-10T05:31:22Z INFO [571/750] 8d594d62-6f35-4786-9ecc-35d84c406fa0: Sackin index -0.0369; 1.5 s; peak memory 1169 MiB.
2026-10-10T05:31:23Z INFO [572/750] 8d59904a-030d-45ae-8afb-75530a5fe73a: Sackin index -0.1349; 0.9 s; peak memory 1169 MiB.
2026-10-10T05:31:24Z INFO [573/750] 8d5aea76-1ba9-4244-9479-302c934b3161: Sackin index -0.0732; 1.0 s; peak memory 1169 MiB.
2026-10-10T05:31:26Z INFO [574/750] 8d5bbc35-efa7-4920-899e-41fd79835cfe: Sackin index -0.0686; 1.9 s; peak memory 1169 MiB.
2026-10-10T05:31:26Z INFO [575/750] 8d5be49e-2b56-4147-b511-54867391967a: Sackin index -0.1349; 0.9 s; peak memory 1169 MiB.
2026-10-10T05:31:27Z INFO [576/750] 8d5c71b4-2f26-43a4-9d44-50b6a43eeefb: Sackin index -0.1349; 0.8 s; peak memory 1169 MiB.
2026-10-10T05:31:28Z INFO [577/750] 8d5c822f-86ba-4def-869c-d36cd5a4cc1d: Sackin index -0.1484; 0.7 s; peak memory 1169 MiB.
2026-10-10T05:31:33Z INFO [578/750] 8d5ce256-09be-47b1-acd6-77f42fa79da2: Sackin index -0.1186; 4.9 s; peak memory 1169 MiB.
2026-10-10T05:31:34Z INFO [579/750] 8d5da0ca-9b29-4ac4-8d6d-6bbb29d659d0: Sackin index -0.0709; 0.9 s; peak memory 1169 MiB.
2026-10-10T05:31:35Z INFO [580/750] 8d5dbe0e-1811-49c3-9f55-d4efb7659a40: Sackin index -0.1349; 0.9 s; peak memory 1169 MiB.
2026-10-10T05:31:36Z INFO [581/750] 8d5e3084-4488-4989-88f2-2ae6a436b9c9: Sackin index -0.1349; 0.8 s; peak memory 1169 MiB.
2026-10-10T05:31:36Z INFO [582/750] 8d5e3ae8-2611-4b0f-b7e0-cac052157478: Sackin index -0.0696; 0.9 s; peak memory 1169 MiB.
2026-10-10T05:31:38Z INFO [583/750] 8d5eb0f7-f012-4745-8d40-71e5331b949e: Sackin index -0.0941; 1.4 s; peak memory 1169 MiB.
2026-10-10T05:31:46Z INFO [584/750] 8d5f4360-984d-4117-bd2d-e86263e7e3a4: Sackin index -0.0373; 8.1 s; peak memory 1169 MiB.
2026-10-10T05:31:47Z INFO [585/750] 8d5f82bf-6088-4c4f-8c5f-f31ba3e1ccf9: Sackin index -0.1062; 1.2 s; peak memory 1169 MiB.
2026-10-10T05:31:48Z INFO [586/750] 8d5fe1fd-4fe4-48fd-90eb-85adae78ea65: Sackin index -0.1383; 1.2 s; peak memory 1169 MiB.
2026-10-10T05:31:50Z INFO [587/750] 8d6047f6-cfd6-47c4-8682-d88e9e50380a: Sackin index -0.0728; 1.1 s; peak memory 1169 MiB.
2026-10-10T05:31:50Z INFO [588/750] 8d609946-5ea6-4746-9ab7-dcc215c2220b: Sackin index -0.1178; 0.7 s; peak memory 1169 MiB.
2026-10-10T05:31:52Z INFO [589/750] 8d6115a4-c892-4030-a5e3-76ecb6e14716: Sackin index -0.0706; 2.0 s; peak memory 1169 MiB.
2026-10-10T05:31:53Z INFO [590/750] 8d612a07-129a-4c7d-b198-712f8e177c96: Sackin index -0.1349; 0.8 s; peak memory 1169 MiB.
2026-10-10T05:31:54Z INFO [591/750] 8d61dd25-7eb7-4c3a-9798-880912cf6bd0: Sackin index -0.0709; 1.3 s; peak memory 1169 MiB.
2026-10-10T05:32:06Z INFO [592/750] 8d62e212-5d8d-4991-b49c-cbc675dd142a: Sackin index -0.0328; 11.5 s; peak memory 1169 MiB.
2026-10-10T05:32:07Z INFO [593/750] 8d644c0f-99f3-4d33-b3ca-fcb18e4349eb: Sackin index -0.0702; 1.0 s; peak memory 1169 MiB.
2026-10-10T05:32:08Z INFO [594/750] 8d64dd11-242c-4a34-8829-44e2965ef59f: Sackin index -0.0681; 1.4 s; peak memory 1169 MiB.
2026-10-10T05:32:12Z INFO [595/750] 8d64ece9-3d83-4459-9180-a51578fe1449: Sackin index -0.0411; 3.9 s; peak memory 1169 MiB.
2026-10-10T05:32:13Z INFO [596/750] 8d6539b0-e7d0-4773-9491-a8900d8dc9e0: Sackin index -0.1349; 1.0 s; peak memory 1169 MiB.
2026-10-10T05:32:14Z INFO [597/750] 8d6561a1-687b-4599-8afd-21cb1806cc22: Sackin index -0.1349; 0.7 s; peak memory 1169 MiB.
2026-10-10T05:33:04Z INFO [598/750] 8d66f079-0b7d-4c95-9f18-490f26b30b78: Sackin index -0.0030; 50.1 s; peak memory 1169 MiB.
2026-10-10T05:33:13Z INFO [599/750] 8d6702d3-8f44-48e3-9d01-d1dc9815e922: Sackin index -0.0373; 8.9 s; peak memory 1169 MiB.
2026-10-10T05:33:15Z INFO [600/750] 8d684270-c44b-4822-953a-3643528ae151: Sackin index -0.0728; 1.6 s; peak memory 1169 MiB.
2026-10-10T05:33:15Z INFO [600/750] 8d684270-c44b-4822-953a-3643528ae151: checkpointed 115186 new records.
2026-10-10T05:33:20Z INFO [601/750] 8d68f355-8b79-4e99-9cea-7c213faee156: Sackin index -0.0476; 5.2 s; peak memory 1169 MiB.
2026-10-10T05:33:21Z INFO [602/750] 8d6980d5-a164-44a4-bd9a-0b9244b88cfe: Sackin index -0.0735; 1.1 s; peak memory 1169 MiB.
2026-10-10T05:33:22Z INFO [603/750] 8d699f21-d24a-4c94-8f34-d73ce3936b41: Sackin index -0.1201; 0.9 s; peak memory 1169 MiB.
2026-10-10T05:33:23Z INFO [604/750] 8d69cb97-dc02-427c-a0b8-f3044a9400f4: Sackin index -0.1602; 0.9 s; peak memory 1169 MiB.
2026-10-10T05:33:24Z INFO [605/750] 8d6b7036-aa6b-4c7e-9f8d-2f2d3ba8684f: Sackin index -0.1248; 0.8 s; peak memory 1169 MiB.
2026-10-10T05:33:27Z INFO [606/750] 8d6c3a0d-b1ad-4d09-8e7a-130967bb868e: Sackin index -0.0410; 2.9 s; peak memory 1169 MiB.
2026-10-10T05:33:28Z INFO [607/750] 8d6e3dff-7fb6-4993-9170-e13e627cad6e: Sackin index -0.0382; 1.2 s; peak memory 1169 MiB.
2026-10-10T05:33:29Z INFO [608/750] 8d6ea12b-21f2-4c14-bd0e-130ad4ac8a4c: Sackin index -0.1349; 0.9 s; peak memory 1169 MiB.
2026-10-10T05:33:30Z INFO [609/750] 8d6f96d0-cd13-4cee-9cd0-74e5e54565c4: Sackin index -0.0702; 1.0 s; peak memory 1169 MiB.
2026-10-10T05:33:32Z INFO [610/750] 8d6fbaca-c1c5-4938-accd-5558d05f32e1: Sackin index -0.0369; 1.6 s; peak memory 1169 MiB.
2026-10-10T05:33:34Z INFO [611/750] 8d7052e8-9b82-423e-874a-9f3a2dbd819b: Sackin index -0.0451; 2.5 s; peak memory 1169 MiB.
2026-10-10T05:33:35Z INFO [612/750] 8d709a08-f4e4-4380-92ba-ee1555cc9ba7: Sackin index -0.1349; 0.8 s; peak memory 1169 MiB.
2026-10-10T05:33:36Z INFO [613/750] 8d72aaa9-8ca2-4364-8a72-d4efa44f7b51: Sackin index -0.0655; 1.6 s; peak memory 1169 MiB.
2026-10-10T05:33:38Z INFO [614/750] 8d730edb-1b97-444c-ac32-6d94dc711632: Sackin index -0.0728; 1.2 s; peak memory 1169 MiB.
2026-10-10T05:33:46Z INFO [615/750] 8d7316a5-a6b3-41bc-af77-97bf384c6aca: Sackin index -0.0225; 8.6 s; peak memory 1169 MiB.
2026-10-10T05:33:48Z INFO [616/750] 8d736b84-e54c-4c69-8d06-27577aa9743c: Sackin index -0.0728; 1.3 s; peak memory 1169 MiB.
2026-10-10T05:33:48Z INFO [617/750] 8d73f563-2fbc-4e8e-9ed1-3338201b5ff5: Sackin index -0.1349; 0.8 s; peak memory 1169 MiB.
2026-10-10T05:33:50Z INFO [618/750] 8d7458ec-27b5-465e-b6e2-0ada4b973858: Sackin index -0.0702; 1.1 s; peak memory 1169 MiB.
2026-10-10T05:33:50Z INFO [619/750] 8d746afe-e078-46e5-be99-60356c9bd506: Sackin index -0.1349; 0.8 s; peak memory 1169 MiB.
2026-10-10T05:33:51Z INFO [620/750] 8d74ade7-e95b-4adb-bb02-7a631dd4a448: Sackin index -0.0702; 1.0 s; peak memory 1169 MiB.
2026-10-10T05:33:52Z INFO [621/750] 8d75294f-726b-4576-b398-60fbc6a367a2: Sackin index -0.0702; 1.0 s; peak memory 1169 MiB.
2026-10-10T05:33:54Z INFO [622/750] 8d7584ea-9cdb-4d7c-a56c-d00222b1008e: Sackin index -0.1294; 1.6 s; peak memory 1169 MiB.
2026-10-10T05:33:55Z INFO [623/750] 8d759bc0-383f-465e-896b-7c7414f7831e: Sackin index -0.1298; 0.9 s; peak memory 1169 MiB.
2026-10-10T05:33:56Z INFO [624/750] 8d75b9eb-d45f-47cb-9e99-d255db18d268: Sackin index -0.1273; 1.4 s; peak memory 1169 MiB.
2026-10-10T05:33:58Z INFO [625/750] 8d763895-a797-437d-8466-8ab945626bcb: Sackin index -0.1938; 1.6 s; peak memory 1169 MiB.
2026-10-10T05:33:59Z INFO [626/750] 8d766a2b-1201-47a3-96d0-243e6c4b0b43: Sackin index -0.1938; 1.6 s; peak memory 1169 MiB.
2026-10-10T05:34:00Z INFO [627/750] 8d768caf-0fad-427d-8ee2-ae93ebbd01e9: Sackin index -0.0569; 0.9 s; peak memory 1169 MiB.
2026-10-10T05:34:02Z INFO [628/750] 8d76cd25-9f9d-4f9e-b872-9c124c1de21f: Sackin index -0.1233; 1.4 s; peak memory 1169 MiB.
2026-10-10T05:34:45Z INFO [629/750] 8d76e495-aba4-42d5-b1bc-416f8ee5fdfd: Sackin index -0.0074; 42.7 s; peak memory 1169 MiB.
2026-10-10T05:34:46Z INFO [630/750] 8d770fdf-13bc-4c3b-a666-df180fb813bb: Sackin index -0.0376; 1.4 s; peak memory 1169 MiB.
2026-10-10T05:34:47Z INFO [631/750] 8d7715d5-2281-4efb-b97a-64e45df606a2: Sackin index -0.1273; 1.3 s; peak memory 1169 MiB.
2026-10-10T05:34:48Z INFO [632/750] 8d773160-b17f-4242-860d-3372d5877af9: Sackin index -0.1349; 0.8 s; peak memory 1169 MiB.
2026-10-10T05:34:49Z INFO [633/750] 8d778530-dc94-4247-974f-911b282dbc0a: Sackin index -0.0745; 1.4 s; peak memory 1169 MiB.
2026-10-10T05:34:50Z INFO [634/750] 8d7857da-88c9-4675-90f0-b340ae674cc4: Sackin index -0.1658; 0.7 s; peak memory 1169 MiB.
2026-10-10T05:34:51Z INFO [635/750] 8d78a453-f0e5-4116-8482-be46a24fa73e: Sackin index -0.1448; 0.6 s; peak memory 1169 MiB.
2026-10-10T05:34:51Z INFO [636/750] 8d78dabd-423b-476c-b17d-899a1f8ffe43: Sackin index -0.1658; 0.7 s; peak memory 1169 MiB.
2026-10-10T05:35:00Z INFO [637/750] 8d78de58-775b-484b-9647-3868d25cdd5a: Sackin index -0.0299; 8.9 s; peak memory 1169 MiB.
2026-10-10T05:35:01Z INFO [638/750] 8d7984f1-5a00-4cd1-a31e-749378dc8976: Sackin index -0.0376; 1.2 s; peak memory 1169 MiB.
2026-10-10T05:35:05Z INFO [639/750] 8d7a0441-0cf1-421f-b7ee-cda9e49d91c4: Sackin index -0.0383; 4.0 s; peak memory 1169 MiB.
2026-10-10T05:35:06Z INFO [640/750] 8d7a55f3-8238-4c44-9649-6364a08bde31: Sackin index -0.1349; 0.8 s; peak memory 1169 MiB.
2026-10-10T05:35:11Z INFO [641/750] 8d7a67ee-ea45-4e43-bd16-4a2236cdc95a: Sackin index -0.0403; 4.5 s; peak memory 1169 MiB.
2026-10-10T05:35:12Z INFO [642/750] 8d7ad224-ecab-41b9-8526-51daefaf9bf7: Sackin index -0.0696; 1.1 s; peak memory 1169 MiB.
2026-10-10T05:35:15Z INFO [643/750] 8d7b4d38-04e3-4d53-b8f2-1aae0fcf188a: Sackin index -0.0363; 3.2 s; peak memory 1169 MiB.
2026-10-10T05:35:16Z INFO [644/750] 8d7b9f8f-1cda-4621-b03c-c4980b99ef72: Sackin index -0.1658; 0.7 s; peak memory 1169 MiB.
2026-10-10T05:35:17Z INFO [645/750] 8d7d3dbd-3295-4c4d-b963-9eeb89321342: Sackin index -0.1273; 1.2 s; peak memory 1169 MiB.
2026-10-10T05:35:18Z INFO [646/750] 8d7d63a0-fedf-4a0a-9aba-879cf5374121: Sackin index -0.0728; 1.0 s; peak memory 1169 MiB.
2026-10-10T05:35:19Z INFO [647/750] 8d7f19e5-5b50-4114-a595-0f4391353bfe: Sackin index -0.1383; 1.0 s; peak memory 1169 MiB.
2026-10-10T05:35:22Z INFO [648/750] 8d8004e1-fc0c-4c05-9674-3a1ad76853e2: Sackin index -0.0297; 3.5 s; peak memory 1169 MiB.
2026-10-10T05:35:24Z INFO [649/750] 8d8049fe-3c02-437f-baa1-0606ed1025aa: Sackin index -0.1938; 1.9 s; peak memory 1169 MiB.
2026-10-10T05:35:25Z INFO [650/750] 8d806a5e-0a36-4b7e-a1c3-523d52b8aa71: Sackin index -0.0702; 1.1 s; peak memory 1169 MiB.
2026-10-10T05:35:25Z INFO [650/750] 8d806a5e-0a36-4b7e-a1c3-523d52b8aa71: checkpointed 115236 new records.
2026-10-10T05:35:27Z INFO [651/750] 8d81581f-460a-43dc-a086-7d556b1edd6e: Sackin index -0.1429; 1.2 s; peak memory 1169 MiB.
2026-10-10T05:35:32Z INFO [652/750] 8d81d0ed-31da-4c5c-9ef1-1608b00239f6: Sackin index -0.0216; 4.8 s; peak memory 1169 MiB.
2026-10-10T05:39:10Z INFO [653/750] 8d829a84-6bac-4276-b60d-b6d1a15a4408: Sackin index -0.0246; 218.1 s; peak memory 1169 MiB.
2026-10-10T05:39:11Z INFO [654/750] 8d8468ab-b0bc-44f5-8ebc-2e31bf1d3d89: Sackin index -0.1408; 1.1 s; peak memory 1169 MiB.
2026-10-10T05:39:12Z INFO [655/750] 8d8523c7-de62-431b-9f4c-4a01708b2ede: Sackin index -0.0994; 1.4 s; peak memory 1169 MiB.
2026-10-10T05:39:13Z INFO [656/750] 8d854b02-095c-4929-b6e1-921abffbe311: Sackin index -0.0707; 0.8 s; peak memory 1169 MiB.
2026-10-10T05:39:15Z INFO [657/750] 8d85a686-999c-47da-ba2a-b9c15ef8cbca: Sackin index -0.0745; 1.8 s; peak memory 1169 MiB.
2026-10-10T05:39:17Z INFO [658/750] 8d867f6b-3053-491a-abc2-508cb985dd16: Sackin index -0.0156; 2.3 s; peak memory 1169 MiB.
2026-10-10T05:39:18Z INFO [659/750] 8d87b0aa-4950-418e-8644-410387208e2b: Sackin index -0.0728; 1.3 s; peak memory 1169 MiB.
2026-10-10T05:39:19Z INFO [660/750] 8d883bd9-4913-4678-8f72-0cd1b448af46: Sackin index -0.0696; 1.1 s; peak memory 1169 MiB.
2026-10-10T05:39:22Z INFO [661/750] 8d888fd3-12f8-4e93-81e0-e08a0e4eb43f: Sackin index -0.0660; 2.6 s; peak memory 1169 MiB.
2026-10-10T05:39:35Z INFO [662/750] 8d88e569-cab0-4e5c-8eca-124faad65475: Sackin index -0.0235; 13.2 s; peak memory 1169 MiB.
2026-10-10T05:39:36Z INFO [663/750] 8d8d3021-fee6-4a04-80a7-eb1154d7bb37: Sackin index -0.1349; 0.8 s; peak memory 1169 MiB.
2026-10-10T05:39:57Z INFO [664/750] 8d8dfadf-8efe-472f-9b92-d2fa5d6d0ff9: Sackin index -0.1367; 20.6 s; peak memory 1169 MiB.
2026-10-10T05:39:57Z INFO [665/750] 8d8e14aa-b035-477d-9c18-32d7361df268: Sackin index -0.1430; 0.9 s; peak memory 1169 MiB.
2026-10-10T05:39:59Z INFO [666/750] 8d8ee18d-29b8-4c34-a357-6f55318ef5c5: Sackin index -0.0375; 1.1 s; peak memory 1169 MiB.
2026-10-10T05:39:59Z INFO [667/750] 8d8f23e5-bbbe-44ff-b09b-9727406d44b9: Sackin index -0.1349; 0.8 s; peak memory 1169 MiB.
2026-10-10T05:40:01Z INFO [668/750] 8d8faa55-9292-4937-a376-b03af87b18ce: Sackin index -0.0369; 1.5 s; peak memory 1169 MiB.
2026-10-10T05:40:02Z INFO [669/750] 8d8fec74-1628-46d2-9e7d-e2a4a844bcd6: Sackin index -0.1383; 0.9 s; peak memory 1169 MiB.
2026-10-10T05:40:08Z INFO [670/750] 8d90a3a8-cb5e-43fc-b566-29c401fab152: Sackin index -0.0017; 6.4 s; peak memory 1169 MiB.
2026-10-10T05:40:11Z INFO [671/750] 8d910be3-cec3-4e72-a335-56205ea84a6f: Sackin index -0.0233; 3.2 s; peak memory 1169 MiB.
2026-10-10T05:40:12Z INFO [672/750] 8d91f626-02f7-43c0-854b-819efa863eb1: Sackin index -0.1602; 1.0 s; peak memory 1169 MiB.
2026-10-10T05:40:15Z INFO [673/750] 8d9298ce-c01d-44e2-ae94-5f020cea521f: Sackin index -0.1938; 2.2 s; peak memory 1169 MiB.
2026-10-10T05:42:41Z INFO [674/750] 8d929ff7-00ae-406a-97af-335bf6917826: Sackin index -0.0009; 146.4 s; peak memory 1169 MiB.
2026-10-10T05:42:42Z INFO [675/750] 8d93474b-ccd7-4e35-8c40-209af38c1450: Sackin index -0.1273; 1.3 s; peak memory 1169 MiB.
2026-10-10T05:42:43Z INFO [676/750] 8d935677-878d-45c0-8979-2dbede707496: Sackin index -0.0881; 0.8 s; peak memory 1169 MiB.
2026-10-10T05:42:44Z INFO [677/750] 8d93596e-1b51-46cf-939e-fa2fdb8956cd: Sackin index -0.0380; 1.0 s; peak memory 1169 MiB.
2026-10-10T05:42:45Z INFO [678/750] 8d940367-4f90-4303-8988-38e2ffae6ef0: Sackin index -0.0728; 1.4 s; peak memory 1169 MiB.
2026-10-10T05:42:46Z INFO [679/750] 8d94fbb1-ae2d-441d-89ce-202e842c686b: Sackin index -0.1349; 0.9 s; peak memory 1169 MiB.
2026-10-10T05:42:56Z INFO [680/750] 8d957c96-5038-4114-a4cc-020fb5be8857: Sackin index -0.0175; 9.2 s; peak memory 1169 MiB.
2026-10-10T05:42:56Z INFO [681/750] 8d95c676-1a83-47fb-9289-6d97af976158: Sackin index -0.1303; 0.7 s; peak memory 1169 MiB.
2026-10-10T05:42:57Z INFO [682/750] 8d96426f-22ff-43ec-b4d1-9f7fc92eb7b9: Sackin index -0.1349; 0.8 s; peak memory 1169 MiB.
2026-10-10T05:42:58Z INFO [683/750] 8d97797d-90af-4db1-8636-5f1ab09f07cb: Sackin index -0.0702; 0.9 s; peak memory 1169 MiB.
2026-10-10T05:43:09Z INFO [684/750] 8d9794a2-5307-433d-a28c-31ed0c5eec7f: Sackin index -0.0147; 10.9 s; peak memory 1169 MiB.
2026-10-10T05:43:10Z INFO [685/750] 8d97dd39-f4fa-4843-bde7-815df666e180: Sackin index -0.0702; 1.0 s; peak memory 1169 MiB.
2026-10-10T05:43:14Z INFO [686/750] 8d9801d6-8d02-4395-9355-45760d95570c: Sackin index -0.0251; 4.6 s; peak memory 1169 MiB.
2026-10-10T05:43:15Z INFO [687/750] 8d981e86-2bc3-4ff1-868f-876275e26bd8: Sackin index -0.0667; 0.7 s; peak memory 1169 MiB.
2026-10-10T05:43:17Z INFO [688/750] 8d9a0fb2-2329-4ae8-9b59-c8762c764170: Sackin index -0.0693; 2.1 s; peak memory 1169 MiB.
2026-10-10T05:43:18Z INFO [689/750] 8d9ac6bb-7b06-4cb4-b633-4c0f300dbc14: Sackin index -0.1349; 0.9 s; peak memory 1169 MiB.
2026-10-10T05:43:19Z INFO [690/750] 8d9bf2b9-431a-49ce-be5e-c5c1a72659e5: Sackin index -0.0702; 0.9 s; peak memory 1169 MiB.
2026-10-10T05:43:29Z INFO [691/750] 8d9bf397-3f72-4d02-a211-265bb9879197: Sackin index -0.0142; 10.3 s; peak memory 1169 MiB.
2026-10-10T05:43:34Z INFO [692/750] 8d9d554e-f3e5-4b5c-bc0a-bc244ec953d0: Sackin index -0.0239; 4.9 s; peak memory 1169 MiB.
2026-10-10T05:43:37Z INFO [693/750] 8d9dbf48-e163-4e9b-89f0-80bc87882487: Sackin index -0.0484; 2.9 s; peak memory 1169 MiB.
2026-10-10T05:43:49Z INFO [694/750] 8d9e218a-59dd-4a44-9597-7987876bee90: Sackin index -0.0114; 11.7 s; peak memory 1169 MiB.
2026-10-10T05:43:50Z INFO [695/750] 8d9e947c-f94c-4e97-84ad-00ef98187308: Sackin index -0.1272; 0.6 s; peak memory 1169 MiB.
2026-10-10T05:43:50Z INFO [696/750] 8d9ec753-bb3f-4413-bfe2-67c1cb02406a: Sackin index -0.0378; 0.8 s; peak memory 1169 MiB.
2026-10-10T05:43:51Z INFO [697/750] 8d9f6282-8812-4039-ab5f-060cf1716f23: Sackin index -0.0384; 1.1 s; peak memory 1169 MiB.
2026-10-10T05:43:53Z INFO [698/750] 8d9f98d3-3f11-4352-b194-f7c25177adb1: Sackin index -0.0369; 1.4 s; peak memory 1169 MiB.
2026-10-10T05:43:54Z INFO [699/750] 8d9f9ebe-18eb-4f48-9d6b-31d6440c3bb7: Sackin index -0.1349; 0.8 s; peak memory 1169 MiB.
2026-10-10T05:43:55Z INFO [700/750] 8d9fbdf8-05cc-4e23-bfd7-951465e3119e: Sackin index -0.1248; 1.0 s; peak memory 1169 MiB.
2026-10-10T05:43:55Z INFO [700/750] 8d9fbdf8-05cc-4e23-bfd7-951465e3119e: checkpointed 115286 new records.
2026-10-10T05:43:56Z INFO [701/750] 8da0695f-c007-4aa6-809f-eb0a58badcf1: Sackin index -0.1349; 0.9 s; peak memory 1169 MiB.
2026-10-10T05:43:57Z INFO [702/750] 8da18967-6d82-41ce-b46b-3e5bdd98140d: Sackin index -0.1248; 0.8 s; peak memory 1169 MiB.
2026-10-10T05:44:01Z INFO [703/750] 8da20107-cb9a-4707-ab58-57d02b680468: Sackin index -0.0235; 3.9 s; peak memory 1169 MiB.
2026-10-10T05:44:03Z INFO [704/750] 8da22e13-d8c3-47b3-9bc8-b9e88b2e2d9b: Sackin index -0.0173; 2.0 s; peak memory 1169 MiB.
2026-10-10T05:44:04Z INFO [705/750] 8da25f88-5459-4639-a665-ddfeeab3c766: Sackin index -0.1072; 1.6 s; peak memory 1169 MiB.
2026-10-10T05:44:05Z INFO [706/750] 8da34f75-56d4-489c-8027-03e6e0b9b23b: Sackin index -0.0696; 0.8 s; peak memory 1169 MiB.
2026-10-10T05:44:13Z INFO [707/750] 8da3f468-b164-443e-99fc-720b5d0d7e84: Sackin index -0.0173; 7.8 s; peak memory 1169 MiB.
2026-10-10T05:44:15Z INFO [708/750] 8da42755-c1dc-4d08-8027-488f2ee03fca: Sackin index -0.0272; 1.7 s; peak memory 1169 MiB.
2026-10-10T05:44:15Z INFO [709/750] 8da4f4f6-034f-40ea-b72a-a7601c107387: Sackin index -0.1165; 0.9 s; peak memory 1169 MiB.
2026-10-10T05:44:16Z INFO [710/750] 8da615eb-2e78-4409-a56c-9d0b3da080a0: Sackin index -0.0728; 0.8 s; peak memory 1169 MiB.
2026-10-10T05:44:17Z INFO [711/750] 8da77ae3-f894-4e74-a6be-69a35b47b95f: Sackin index -0.0709; 1.1 s; peak memory 1169 MiB.
2026-10-10T05:44:18Z INFO [712/750] 8da797a2-793c-4a42-8c3f-19e6fd72ebac: Sackin index -0.0728; 1.0 s; peak memory 1169 MiB.
2026-10-10T05:44:19Z INFO [713/750] 8da8134c-d242-4088-be5e-56677ba5e401: Sackin index -0.1602; 0.9 s; peak memory 1169 MiB.
2026-10-10T05:44:20Z INFO [714/750] 8da9ad6d-ddf9-40fd-834d-4e2579d91ae0: Sackin index -0.0375; 1.1 s; peak memory 1169 MiB.
2026-10-10T05:44:21Z INFO [715/750] 8daafd2a-2a78-48b2-ab7c-fdf818b09e27: Sackin index -0.0702; 1.0 s; peak memory 1169 MiB.
2026-10-10T05:44:22Z INFO [716/750] 8dabb2b0-e52d-4c55-8f89-414c97a5c0fe: Sackin index -0.1592; 1.0 s; peak memory 1169 MiB.
2026-10-10T05:44:29Z INFO [717/750] 8dac9984-df13-41f0-a72f-d3c24560bf0a: Sackin index -0.0155; 7.0 s; peak memory 1169 MiB.
2026-10-10T05:44:31Z INFO [718/750] 8dafab1b-fd23-4a0f-a20c-a78ebfbaffe2: Sackin index -0.0350; 1.8 s; peak memory 1169 MiB.
2026-10-10T05:44:33Z INFO [719/750] 8dafac31-343d-4e61-9749-10f471787c5d: Sackin index -0.0434; 1.3 s; peak memory 1169 MiB.
2026-10-10T05:44:33Z INFO [720/750] 8dafb8e5-6966-4576-97ba-7c2f70b1028f: Sackin index -0.0709; 0.9 s; peak memory 1169 MiB.
2026-10-10T05:44:44Z INFO [721/750] 8daff3bc-7d50-4d86-8e1f-545725fd9cbc: Sackin index -0.0284; 10.1 s; peak memory 1169 MiB.
2026-10-10T05:44:50Z INFO [722/750] 8db0141f-1cc9-4146-a056-a335a611815c: Sackin index -0.0171; 6.0 s; peak memory 1169 MiB.
2026-10-10T05:44:50Z INFO [723/750] 8db0ade3-dd74-4b3f-84f8-8ad35fb3c302: Sackin index -0.0702; 0.8 s; peak memory 1169 MiB.
2026-10-10T05:44:51Z INFO [724/750] 8db144be-2c3a-4860-bf01-cd4a73555c4a: Sackin index -0.0702; 0.8 s; peak memory 1169 MiB.
2026-10-10T05:44:52Z INFO [725/750] 8db14b98-ace3-428b-b159-ea4193645c0f: Sackin index -0.0709; 0.9 s; peak memory 1169 MiB.
2026-10-10T05:44:53Z INFO [726/750] 8db1ddb7-bf47-4215-9c33-45243fc1da63: Sackin index -0.1604; 0.9 s; peak memory 1169 MiB.
2026-10-10T05:44:54Z INFO [727/750] 8db3df34-1abb-494b-b722-d883255915b2: Sackin index -0.1349; 0.8 s; peak memory 1169 MiB.
2026-10-10T05:44:57Z INFO [728/750] 8db454aa-7c5c-4aa8-bf6d-6fa673cc1d53: Sackin index -0.0338; 3.4 s; peak memory 1169 MiB.
2026-10-10T05:44:58Z INFO [729/750] 8db47c66-93cc-4527-9263-1788db67685e: Sackin index -0.0413; 1.3 s; peak memory 1169 MiB.
2026-10-10T05:45:03Z INFO [730/750] 8db49d2f-3af2-49af-a44c-6eee14be53a4: Sackin index -0.0252; 4.9 s; peak memory 1169 MiB.
2026-10-10T05:45:10Z INFO [731/750] 8db4a65d-cdb8-48c0-addd-c9fb6ee89a0b: Sackin index -0.0378; 7.1 s; peak memory 1169 MiB.
2026-10-10T05:45:11Z INFO [732/750] 8db60f8e-f4ad-4f9d-ab0f-95a9118a2858: Sackin index -0.1349; 0.9 s; peak memory 1169 MiB.
2026-10-10T05:45:12Z INFO [733/750] 8db6920d-da4e-45fc-b3aa-da7b11bae50b: Sackin index -0.1397; 0.8 s; peak memory 1169 MiB.
2026-10-10T05:45:13Z INFO [734/750] 8db6c299-ac69-498d-a137-718633e32544: Sackin index -0.1178; 0.7 s; peak memory 1169 MiB.
2026-10-10T05:45:14Z INFO [735/750] 8db6e7b3-b15f-4526-b6a0-f8766deda595: Sackin index -0.0696; 1.0 s; peak memory 1169 MiB.
2026-10-10T05:45:15Z INFO [736/750] 8db6f268-26fd-4c09-93f1-57ffcc70a34d: Sackin index -0.1658; 0.7 s; peak memory 1169 MiB.
2026-10-10T05:45:16Z INFO [737/750] 8db6fbba-acc0-410a-9750-abd7742135d0: Sackin index -0.0699; 1.8 s; peak memory 1169 MiB.
2026-10-10T05:45:18Z INFO [738/750] 8db75204-6474-4582-a547-4d714409cb5a: Sackin index -0.0699; 1.9 s; peak memory 1169 MiB.
2026-10-10T05:45:23Z INFO [739/750] 8db766b2-d8c2-4fc1-9db2-b9777ec0c2e6: Sackin index -0.0216; 4.8 s; peak memory 1169 MiB.
2026-10-10T05:45:58Z INFO [740/750] 8db7f6f1-07e9-4268-902e-52027222431c: Sackin index -0.1144; 34.8 s; peak memory 1169 MiB.
2026-10-10T05:46:03Z INFO [741/750] 8db91137-f106-4af9-bc37-7a7d768423ad: Sackin index -0.0176; 4.7 s; peak memory 1169 MiB.
2026-10-10T05:46:24Z INFO [742/750] 8dba2bc6-df7f-4fbc-b89a-1f863ad03b1c: Sackin index -0.0122; 21.2 s; peak memory 1169 MiB.
2026-10-10T05:46:33Z INFO [743/750] 8dbaab1b-fba5-4d02-9edd-6d13b3f2f719: Sackin index -0.0127; 9.0 s; peak memory 1169 MiB.
2026-10-10T05:46:34Z INFO [744/750] 8dbac31a-dc3f-404e-a6ee-560de85ddecf: Sackin index -0.1349; 0.9 s; peak memory 1169 MiB.
2026-10-10T05:48:34Z INFO [745/750] 8dbb25ab-ea3b-4ea8-a5ff-9a6bf0fd39e0: Sackin index -0.0410; 120.3 s; peak memory 1169 MiB.
2026-10-10T05:48:35Z INFO [746/750] 8dbbe5d8-31c8-4ec7-b78b-88fc01a4b84f: Sackin index -0.0702; 1.6 s; peak memory 1169 MiB.
2026-10-10T05:48:37Z INFO [747/750] 8dbc15e0-4d56-4025-98e3-311becfe2800: Sackin index -0.0696; 1.2 s; peak memory 1169 MiB.
2026-10-10T05:55:09Z INFO [748/750] 8dbc25ee-cc17-4504-a1b9-7d43643b9466: Sackin index -0.0570; 392.2 s; peak memory 1169 MiB.
2026-10-10T05:55:10Z INFO [749/750] 8dbc2b45-d6ce-4dae-a514-17f720c693e8: Sackin index -0.1191; 1.0 s; peak memory 1169 MiB.
2026-10-10T05:55:11Z INFO [750/750] 8dbcdf14-6579-41b1-8c8d-c65e1ccd7035: Sackin index -0.0369; 1.5 s; peak memory 1169 MiB.
2026-10-10T05:55:11Z INFO [750/750] 8dbcdf14-6579-41b1-8c8d-c65e1ccd7035: checkpointed 115336 new records.
2026-10-10T05:55:12Z INFO Wrote 115336 records to /tmp/derivatives/valid_nwb_file_to_sackin_index.jsonl (750 new, 0 failed) in 143.9 min (peak memory 1169 MiB).
