2026-10-05T17:23:56Z INFO Logging to /tmp/logs/update_2026-10-05T17-23-56Z.log.
2026-10-05T17:23:56Z INFO Update valid-nwb-file-to-sackin-index (base directory /tmp).
2026-10-05T17:23:56Z INFO Processing 750 items (80086 already recorded).
2026-10-05T17:23:58Z INFO [1/750] 44d36ad2-6d19-4727-a492-68b90f86b277: Sackin index -0.1019; 1.4 s; peak memory 108 MiB.
2026-10-05T17:23:59Z INFO [2/750] 44d3fe5d-2e42-4163-b5be-3a8e7de29e85: Sackin index -0.1013; 1.1 s; peak memory 109 MiB.
2026-10-05T17:24:00Z INFO [3/750] 44d4043d-a9ba-4fcd-af56-502fa9774aa6: Sackin index -0.0738; 1.3 s; peak memory 111 MiB.
2026-10-05T17:24:26Z INFO [4/750] 44d45740-96e7-44f0-88a6-29f11fe72d8c: Sackin index -0.0055; 26.3 s; peak memory 195 MiB.
2026-10-05T17:24:27Z INFO [5/750] 44d49b18-ebff-48a4-9792-05618f44f649: Sackin index -0.1938; 0.8 s; peak memory 195 MiB.
2026-10-05T17:24:28Z INFO [6/750] 44d5344a-d1d9-4390-83cd-ba3e48d81685: Sackin index -0.0696; 0.9 s; peak memory 195 MiB.
2026-10-05T17:24:29Z INFO [7/750] 44d5c5b3-1394-415c-9876-f092fdabd49f: Sackin index -0.1248; 0.8 s; peak memory 195 MiB.
2026-10-05T17:24:29Z INFO [8/750] 44d616c7-f11e-4321-82b2-7764a73445f7: Sackin index -0.0886; 0.7 s; peak memory 195 MiB.
2026-10-05T17:24:30Z INFO [9/750] 44d65f4e-160a-437f-a695-4bbf08bdab8d: Sackin index -0.1349; 0.7 s; peak memory 195 MiB.
2026-10-05T17:24:32Z INFO [10/750] 44d91bea-4026-4313-a4c6-dca1f8c0b9ce: Sackin index -0.1105; 1.3 s; peak memory 195 MiB.
2026-10-05T17:24:32Z INFO [11/750] 44d9a932-a5d9-4586-b59e-82d162e33ed4: Sackin index -0.1349; 0.8 s; peak memory 195 MiB.
2026-10-05T17:24:42Z INFO [12/750] 44da3867-1805-4925-b05f-0cc70e4d26e9: Sackin index -0.0144; 9.6 s; peak memory 195 MiB.
2026-10-05T17:24:43Z INFO [13/750] 44dae3ea-bf92-436d-9aba-b1c43b9162d6: Sackin index -0.0275; 1.4 s; peak memory 195 MiB.
2026-10-05T17:24:47Z INFO [14/750] 44db0817-e04d-4744-b289-1989165a3fab: Sackin index -0.0251; 4.0 s; peak memory 195 MiB.
2026-10-05T17:24:49Z INFO [15/750] 44db9c87-fe8f-41d3-945d-688a4c3b6ec7: Sackin index -0.0699; 1.6 s; peak memory 195 MiB.
2026-10-05T17:24:50Z INFO [16/750] 44dd0772-f8f9-4dad-9273-98b63b735644: Sackin index -0.1349; 0.6 s; peak memory 195 MiB.
2026-10-05T17:24:50Z INFO [17/750] 44dd3d1d-abca-40c5-84b8-063f6fc8467a: Sackin index -0.1938; 0.7 s; peak memory 195 MiB.
2026-10-05T17:24:51Z INFO [18/750] 44dd837a-fd61-40be-b8db-d16765fba141: Sackin index -0.0728; 0.9 s; peak memory 195 MiB.
2026-10-05T17:24:52Z INFO [19/750] 44dec1f1-f8ba-4038-b9ff-0f4c2cd3e46f: Sackin index -0.1160; 1.2 s; peak memory 195 MiB.
2026-10-05T17:25:30Z INFO [20/750] 44df0886-2345-4bc5-bd26-e42ca89edae7: Sackin index -0.1076; 37.9 s; peak memory 229 MiB.
2026-10-05T17:25:35Z INFO [21/750] 44df2a17-e9d4-40be-84e3-0ecbd3c9acd2: Sackin index -0.0204; 5.1 s; peak memory 229 MiB.
2026-10-05T17:25:36Z INFO [22/750] 44e0d706-b5c3-4af9-bdfa-de43c7cdd311: Sackin index -0.0696; 0.8 s; peak memory 229 MiB.
2026-10-05T17:25:37Z INFO [23/750] 44e0de9a-6046-4071-977f-e5d5c38f1525: Sackin index -0.1349; 0.8 s; peak memory 229 MiB.
2026-10-05T17:25:39Z INFO [24/750] 44e10741-46db-4a68-b534-34cb8278015f: Sackin index -0.0693; 1.7 s; peak memory 229 MiB.
2026-10-05T17:25:39Z INFO [25/750] 44e16157-5dae-4d46-b807-b57b151877d7: Sackin index -0.1135; 0.6 s; peak memory 229 MiB.
2026-10-05T17:25:40Z INFO [26/750] 44e1bc87-95bb-47c8-b7b4-a5c9e1f5476a: Sackin index -0.1349; 0.7 s; peak memory 229 MiB.
2026-10-05T17:27:32Z INFO [27/750] 44e23861-3d88-451d-b14f-0b60a1146d82: Sackin index -0.0573; 112.5 s; peak memory 298 MiB.
2026-10-05T17:27:33Z INFO [28/750] 44e24c0f-a5ce-4ef4-9c71-81e9f1fb1d2c: Sackin index -0.1248; 0.8 s; peak memory 298 MiB.
2026-10-05T17:27:34Z INFO [29/750] 44e3f9e8-f2d7-45be-8f0d-a6a091ac4025: Sackin index -0.0483; 1.1 s; peak memory 298 MiB.
2026-10-05T17:27:40Z INFO [30/750] 44e4ee57-5758-48f4-9636-d4bec260fb96: Sackin index -0.0166; 5.7 s; peak memory 298 MiB.
2026-10-05T17:30:38Z INFO [31/750] 44e4f9a1-88fd-4848-b9e2-baa6e2307051: Sackin index -0.0594; 177.6 s; peak memory 385 MiB.
2026-10-05T17:30:39Z INFO [32/750] 44e5d6da-63f9-4baf-b70d-385d924a48d3: Sackin index -0.0699; 1.7 s; peak memory 385 MiB.
2026-10-05T17:30:40Z INFO [33/750] 44e6f9de-9795-405e-9723-9251861dd884: Sackin index -0.0728; 1.0 s; peak memory 385 MiB.
2026-10-05T17:30:41Z INFO [34/750] 44e73d70-0156-429c-b87b-211591697fc1: Sackin index -0.1658; 0.6 s; peak memory 385 MiB.
2026-10-05T18:06:24Z INFO [35/750] 44e7c5da-dbce-4356-9d0e-a95e373d457d: Sackin index -0.0205; 2143.4 s; peak memory 1134 MiB.
2026-10-05T18:06:25Z INFO [36/750] 44e84439-1a36-4938-9b84-48e5df46eb64: Sackin index -0.2229; 0.9 s; peak memory 1134 MiB.
2026-10-05T18:06:26Z INFO [37/750] 44e86c74-d5b4-4fe3-8ef4-a7f740df3e9e: Sackin index -0.0696; 0.8 s; peak memory 1134 MiB.
2026-10-05T18:06:27Z INFO [38/750] 44e97198-99f0-4ca6-ac78-cd6e53c13f21: Sackin index -0.1938; 1.3 s; peak memory 1134 MiB.
2026-10-05T18:06:28Z INFO [39/750] 44e985cc-dd99-4b6f-9b45-1b17f0b22800: Sackin index -0.1349; 0.8 s; peak memory 1134 MiB.
2026-10-05T18:06:29Z INFO [40/750] 44e9ea4c-c398-4bb3-8366-f1badeedbbc5: Sackin index -0.1215; 0.9 s; peak memory 1134 MiB.
2026-10-05T18:06:31Z INFO [41/750] 44ea1591-37ea-4678-96f7-5e4df70c7702: Sackin index -0.0660; 2.2 s; peak memory 1134 MiB.
2026-10-05T18:06:32Z INFO [42/750] 44eab17d-f956-4955-a6e3-98bf83d98ad8: Sackin index -0.1349; 0.8 s; peak memory 1134 MiB.
2026-10-05T18:06:33Z INFO [43/750] 44eb7b90-d966-4dde-b3bf-9cdd36e0f2e4: Sackin index -0.1272; 0.7 s; peak memory 1134 MiB.
2026-10-05T18:06:44Z INFO [44/750] 44eb9a95-1ce1-4e9d-9866-e928b26b557f: Sackin index -0.0235; 11.2 s; peak memory 1134 MiB.
2026-10-05T18:06:45Z INFO [45/750] 44ebba96-096e-479c-abca-00c3dbe96c68: Sackin index -0.0748; 0.8 s; peak memory 1134 MiB.
2026-10-05T18:06:52Z INFO [46/750] 44ec2a9d-b8af-454a-8c9c-592e643047ef: Sackin index -0.0131; 7.3 s; peak memory 1134 MiB.
2026-10-05T18:08:43Z INFO [47/750] 44ecec1f-3f55-4cf6-bd0a-b53f6771eae7: Sackin index -0.0288; 111.1 s; peak memory 1134 MiB.
2026-10-05T18:08:44Z INFO [48/750] 44ed1437-eeff-4c72-8807-3cabbd64e6da: Sackin index -0.0702; 0.8 s; peak memory 1134 MiB.
2026-10-05T18:08:45Z INFO [49/750] 44ed4264-9f89-4251-a529-1af0c693b03b: Sackin index -0.0379; 1.3 s; peak memory 1134 MiB.
2026-10-05T18:08:46Z INFO [50/750] 44ed5757-dfc7-4450-bb40-162bff7eae4c: Sackin index -0.1349; 0.9 s; peak memory 1134 MiB.
2026-10-05T18:08:46Z INFO [50/750] 44ed5757-dfc7-4450-bb40-162bff7eae4c: checkpointed 80136 records.
2026-10-05T18:08:47Z INFO [51/750] 44edf15b-156a-415b-a67a-ed8a8a42d859: Sackin index -0.1349; 0.9 s; peak memory 1134 MiB.
2026-10-05T18:08:48Z INFO [52/750] 44eee19b-cf26-4c3f-9cf5-307988a2797b: Sackin index -0.0709; 0.8 s; peak memory 1134 MiB.
2026-10-05T18:09:04Z INFO [53/750] 44f04af8-c5dd-4da2-88db-8c729a2867d0: Sackin index -0.0026; 16.4 s; peak memory 1134 MiB.
2026-10-05T18:09:05Z INFO [54/750] 44f0798f-3176-4335-98d0-b31241c6f0d3: Sackin index -0.0707; 0.7 s; peak memory 1134 MiB.
2026-10-05T18:09:44Z INFO [55/750] 44f0ed3d-645e-4419-be64-4242c7bba535: Sackin index -0.1144; 38.7 s; peak memory 1134 MiB.
2026-10-05T18:09:49Z INFO [56/750] 44f244df-e84d-4f6c-898c-ec8c5ce78c57: Sackin index -0.0162; 5.8 s; peak memory 1134 MiB.
2026-10-05T18:09:50Z INFO [57/750] 44f27f8a-e32f-489b-91fb-00ebae241804: Sackin index -0.1273; 1.0 s; peak memory 1134 MiB.
2026-10-05T18:09:51Z INFO [58/750] 44f293a1-77a7-430b-9f99-f38f4df1502c: Sackin index -0.0702; 0.9 s; peak memory 1134 MiB.
2026-10-05T18:09:52Z INFO [59/750] 44f2b730-bf94-4430-bf19-187716e0180e: Sackin index -0.1938; 0.7 s; peak memory 1134 MiB.
2026-10-05T18:09:53Z INFO [60/750] 44f3fb02-4638-42d5-b3bb-475664475805: Sackin index -0.1135; 0.7 s; peak memory 1134 MiB.
2026-10-05T18:09:53Z INFO [61/750] 44f43737-b2b2-4563-ace5-b8543a6c851b: Sackin index -0.0702; 0.7 s; peak memory 1134 MiB.
2026-10-05T18:09:55Z INFO [62/750] 44f46444-9799-4768-a065-963864bb344b: Sackin index -0.0709; 1.1 s; peak memory 1134 MiB.
2026-10-05T18:09:55Z INFO [63/750] 44f4872f-5058-481a-a976-06151db31444: Sackin index -0.2229; 0.7 s; peak memory 1134 MiB.
2026-10-05T18:10:05Z INFO [64/750] 44f56080-11cb-439a-b1d1-ca6ac1cb3658: Sackin index -0.0152; 9.6 s; peak memory 1134 MiB.
2026-10-05T18:10:06Z INFO [65/750] 44f630cb-b6dc-4e97-8e83-897653e0f4de: Sackin index -0.0709; 0.8 s; peak memory 1134 MiB.
2026-10-05T18:10:06Z INFO [66/750] 44f63518-a6bb-4d1e-8186-0cbec9f79d1b: Sackin index -0.1120; 0.6 s; peak memory 1134 MiB.
2026-10-05T18:10:07Z INFO [67/750] 44f688f4-22a8-490b-b4e1-e20f8961b35a: Sackin index -0.1248; 0.8 s; peak memory 1134 MiB.
2026-10-05T18:10:08Z INFO [68/750] 44f7c340-2ad4-48f3-9887-b8c792ba87b8: Sackin index -0.1349; 0.8 s; peak memory 1134 MiB.
2026-10-05T18:11:09Z INFO [69/750] 44f7c866-8f40-455a-909e-b17e7c82fa32: Sackin index -0.0008; 60.9 s; peak memory 1134 MiB.
2026-10-05T18:11:09Z INFO [70/750] 44f8d4c8-9999-415a-92fb-9d0ed9cc7738: Sackin index -0.0811; 0.7 s; peak memory 1134 MiB.
2026-10-05T18:47:57Z INFO [71/750] 44f953f9-0855-4a29-9e03-c7c028577a37: Sackin index -0.0206; 2207.5 s; peak memory 1219 MiB.
2026-10-05T18:47:59Z INFO [72/750] 44f954cf-c112-4ea7-859d-fee461cf0fcf: Sackin index -0.0579; 1.9 s; peak memory 1219 MiB.
2026-10-05T18:48:00Z INFO [73/750] 44f96fc2-4dc5-4884-88d3-a94a9bfbd4d0: Sackin index -0.1194; 1.0 s; peak memory 1219 MiB.
2026-10-05T18:48:01Z INFO [74/750] 44fabac5-041a-42ee-b8d5-c2f01e79ec93: Sackin index -0.1349; 0.9 s; peak memory 1219 MiB.
2026-10-05T18:48:02Z INFO [75/750] 44fad6c2-2255-45c1-acea-10f8e3c2fc94: Sackin index -0.0232; 1.3 s; peak memory 1219 MiB.
2026-10-05T18:48:03Z INFO [76/750] 44fbb10f-b3c9-4f0f-b291-75162e101db3: Sackin index -0.1938; 0.6 s; peak memory 1219 MiB.
2026-10-05T18:50:03Z INFO [77/750] 44fbde95-2e8c-4d1b-b572-e037fe4da5e3: Sackin index -0.0573; 120.9 s; peak memory 1219 MiB.
2026-10-05T18:50:05Z INFO [78/750] 44fe3480-3a83-40c1-a0b4-9c3371fe6152: Sackin index -0.0275; 1.4 s; peak memory 1219 MiB.
2026-10-05T18:50:06Z INFO [79/750] 44ff19bd-ed10-4f07-9cdc-e64081173efe: Sackin index -0.0275; 1.2 s; peak memory 1219 MiB.
2026-10-05T18:50:08Z INFO [80/750] 44ff6f80-d1bc-498e-ae18-96772a7c99e9: Sackin index -0.0699; 1.8 s; peak memory 1219 MiB.
2026-10-05T18:50:13Z INFO [81/750] 44fff8ae-de80-435c-a1d0-df2d05b514f6: Sackin index -0.0177; 5.3 s; peak memory 1219 MiB.
2026-10-05T18:50:14Z INFO [82/750] 450043cf-b732-4d86-8154-2ad5463c3681: Sackin index -0.1349; 0.8 s; peak memory 1219 MiB.
2026-10-05T18:50:15Z INFO [83/750] 4500c22d-deee-46f1-8a48-71f580c89b4b: Sackin index -0.1448; 0.6 s; peak memory 1219 MiB.
2026-10-05T18:50:19Z INFO [84/750] 45014b94-1b8c-4971-8c4a-74081de61e2b: Sackin index -0.0403; 3.9 s; peak memory 1219 MiB.
2026-10-05T18:50:20Z INFO [85/750] 4502451c-70c6-4a99-88e5-5c6a3364315e: Sackin index -0.0466; 1.9 s; peak memory 1219 MiB.
2026-10-05T18:50:21Z INFO [86/750] 4502e0b3-ab88-4ad6-b01a-e37c2f5ff88c: Sackin index -0.0702; 0.8 s; peak memory 1219 MiB.
2026-10-05T18:50:22Z INFO [87/750] 450317cd-57db-40fe-92fa-559de9c0137f: Sackin index -0.0709; 1.1 s; peak memory 1219 MiB.
2026-10-05T18:50:23Z INFO [88/750] 4503681c-bbe5-402b-8275-6bb152ded132: Sackin index -0.1239; 0.8 s; peak memory 1219 MiB.
2026-10-05T18:50:28Z INFO [89/750] 45038ae2-6bcd-4d7b-94f8-147646b72ee8: Sackin index -0.1310; 4.8 s; peak memory 1219 MiB.
2026-10-05T18:50:29Z INFO [90/750] 450408df-2f48-4a7d-9b0b-1b58c0059ba6: Sackin index -0.1349; 0.8 s; peak memory 1219 MiB.
2026-10-05T18:50:30Z INFO [91/750] 45044abf-60bb-492b-86e9-fcdd53dcbd65: Sackin index -0.0676; 1.5 s; peak memory 1219 MiB.
2026-10-05T18:50:31Z INFO [92/750] 45050592-1cd8-48f7-ac13-4b7e6fe11bdd: Sackin index -0.1273; 1.2 s; peak memory 1219 MiB.
2026-10-05T18:50:32Z INFO [93/750] 4506ba5f-4fd4-4b06-830f-aaee98383bf5: Sackin index -0.1349; 0.7 s; peak memory 1219 MiB.
2026-10-05T18:50:34Z INFO [94/750] 4506e31c-97b8-412d-9697-657eee986e02: Sackin index -0.0699; 1.6 s; peak memory 1219 MiB.
2026-10-05T18:50:35Z INFO [95/750] 4506e46b-bc49-46d6-8288-8202fb77670e: Sackin index -0.0696; 0.9 s; peak memory 1219 MiB.
2026-10-05T18:50:35Z INFO [96/750] 450a1d14-2289-4fa9-bad4-1323e4b2b130: Sackin index -0.1421; 0.5 s; peak memory 1219 MiB.
2026-10-05T18:50:36Z INFO [97/750] 450a2726-d47d-4b8b-9fa6-258a8f667242: Sackin index -0.0728; 1.1 s; peak memory 1219 MiB.
2026-10-05T18:50:37Z INFO [98/750] 450aa975-bb37-482e-99f5-8b33389be911: Sackin index -0.0696; 1.0 s; peak memory 1219 MiB.
2026-10-05T18:50:38Z INFO [99/750] 450ab8bd-209b-46df-aa55-88a83fa91868: Sackin index -0.0380; 1.2 s; peak memory 1219 MiB.
2026-10-05T18:50:39Z INFO [100/750] 450ac851-3298-4d07-8361-87b06c872bcc: Sackin index -0.0381; 0.7 s; peak memory 1219 MiB.
2026-10-05T18:50:39Z INFO [100/750] 450ac851-3298-4d07-8361-87b06c872bcc: checkpointed 80186 records.
2026-10-05T18:50:40Z INFO [101/750] 450bbc6b-378b-4eef-b3e6-c9f2569ac61e: Sackin index -0.1448; 0.6 s; peak memory 1219 MiB.
2026-10-05T18:50:41Z INFO [102/750] 450c40be-b416-4bd5-8b64-9dbbac1f54ba: Sackin index -0.0738; 1.0 s; peak memory 1219 MiB.
2026-10-05T18:50:42Z INFO [103/750] 450c4b97-d301-42b5-a2ec-9cb7ee044938: Sackin index -0.0702; 0.8 s; peak memory 1219 MiB.
2026-10-05T18:50:44Z INFO [104/750] 450c9b9f-f734-4186-92a4-40f97af7d6e0: Sackin index -0.0660; 1.9 s; peak memory 1219 MiB.
2026-10-05T18:50:45Z INFO [105/750] 450d6b84-e204-4a2d-a68c-51a5cd62da03: Sackin index -0.1938; 1.7 s; peak memory 1219 MiB.
2026-10-05T18:50:50Z INFO [106/750] 450f12f3-a8a5-4c45-a779-26016540b502: Sackin index -0.0476; 5.0 s; peak memory 1219 MiB.
2026-10-05T18:50:51Z INFO [107/750] 450f8341-1dde-4d10-90c1-435379176430: Sackin index -0.0728; 1.0 s; peak memory 1219 MiB.
2026-10-05T18:50:52Z INFO [108/750] 4510c4c8-774d-4888-84e7-2b74f69c82ec: Sackin index -0.1380; 0.9 s; peak memory 1219 MiB.
2026-10-05T18:50:54Z INFO [109/750] 4512158b-dcab-4297-a245-887804939be4: Sackin index -0.0663; 1.9 s; peak memory 1219 MiB.
2026-10-05T18:50:58Z INFO [110/750] 451219a7-d171-40ca-856d-ce57d392e99a: Sackin index -0.0403; 3.7 s; peak memory 1219 MiB.
2026-10-05T18:51:01Z INFO [111/750] 45135feb-19e4-4a30-bc3c-b517e587833a: Sackin index -0.1938; 3.3 s; peak memory 1219 MiB.
2026-10-05T18:51:21Z INFO [112/750] 4515b266-2c49-443c-be26-dda62d547581: Sackin index -0.1367; 20.3 s; peak memory 1219 MiB.
2026-10-05T18:51:22Z INFO [113/750] 451676fe-1666-4fe4-8282-dfd01522d077: Sackin index -0.1331; 0.7 s; peak memory 1219 MiB.
2026-10-05T18:52:03Z INFO [114/750] 4516caa8-ea91-4e5d-8f61-11508dacc814: Sackin index -0.1076; 40.3 s; peak memory 1219 MiB.
2026-10-05T18:52:03Z INFO [115/750] 45174d81-05b2-42cd-bc92-e8279dea5611: Sackin index -0.1349; 0.8 s; peak memory 1219 MiB.
2026-10-05T18:52:04Z INFO [116/750] 4517c1d1-519c-4e76-8d4a-d9f20c2b3902: Sackin index -0.0715; 0.9 s; peak memory 1219 MiB.
2026-10-05T18:52:05Z INFO [117/750] 4517ea6e-4a7a-47ea-a05d-2a029538a053: Sackin index -0.0696; 0.9 s; peak memory 1219 MiB.
2026-10-05T18:52:06Z INFO [118/750] 4518453a-e4bd-4bf8-add2-39ed9b918ed9: Sackin index -0.1201; 1.0 s; peak memory 1219 MiB.
2026-10-05T18:52:08Z INFO [119/750] 45184d10-8e95-47e6-b38b-acb2e8e72f9b: Sackin index -0.0676; 2.1 s; peak memory 1219 MiB.
2026-10-05T18:52:09Z INFO [120/750] 451897c1-ddc7-4367-b4c1-32d94266a0df: Sackin index -0.1349; 0.7 s; peak memory 1219 MiB.
2026-10-05T18:52:09Z INFO [121/750] 451926d8-da7b-427c-b113-ee5061057d3e: Sackin index -0.1448; 0.6 s; peak memory 1219 MiB.
2026-10-05T18:52:11Z INFO [122/750] 4519b932-4445-4a93-accd-3eac742e0aa3: Sackin index -0.0379; 1.1 s; peak memory 1219 MiB.
2026-10-05T18:52:11Z INFO [123/750] 451a239d-155f-44a8-96e6-1dfb2a1eb547: Sackin index -0.0696; 0.9 s; peak memory 1219 MiB.
2026-10-05T18:52:12Z INFO [124/750] 451b2673-2265-4ac1-87e7-535ea307bc9b: Sackin index -0.1248; 0.7 s; peak memory 1219 MiB.
2026-10-05T18:52:13Z INFO [125/750] 451c88c5-df19-4de7-86e3-6e6503aa21ba: Sackin index -0.0702; 0.7 s; peak memory 1219 MiB.
2026-10-05T18:52:14Z INFO [126/750] 451c8ad8-bde3-4312-ad34-fb993b6abe5f: Sackin index -0.0702; 0.8 s; peak memory 1219 MiB.
2026-10-05T18:52:15Z INFO [127/750] 451d0f07-9826-432e-abb8-962a5272505c: Sackin index -0.0697; 1.6 s; peak memory 1219 MiB.
2026-10-05T18:52:19Z INFO [128/750] 451dc893-adf8-4cc0-ad9e-f72d14ffac8c: Sackin index -0.0403; 4.0 s; peak memory 1219 MiB.
2026-10-05T18:52:21Z INFO [129/750] 451def53-edfe-4241-a44b-c2e24f01514b: Sackin index -0.0369; 1.5 s; peak memory 1219 MiB.
2026-10-05T18:52:22Z INFO [130/750] 451ea3fb-343a-4d8f-9212-e1c2cc25040a: Sackin index -0.1349; 1.0 s; peak memory 1219 MiB.
2026-10-05T18:52:24Z INFO [131/750] 451f2547-374b-4448-a44d-4d8d3fc09f7d: Sackin index -0.0699; 2.2 s; peak memory 1219 MiB.
2026-10-05T18:52:25Z INFO [132/750] 451f7ecc-13f2-48f5-879a-405ec9b4fe8d: Sackin index -0.0728; 1.1 s; peak memory 1219 MiB.
2026-10-05T18:52:26Z INFO [133/750] 451ffa6c-c5d1-40d6-9adc-061b28e96675: Sackin index -0.1349; 0.9 s; peak memory 1219 MiB.
2026-10-05T18:52:38Z INFO [134/750] 45209cbc-112a-499b-942f-a4671f1c707a: Sackin index -0.0161; 11.8 s; peak memory 1219 MiB.
2026-10-05T18:52:58Z INFO [135/750] 4520e87b-2d4e-4c2e-9a46-8d5a663269b2: Sackin index -0.1367; 20.7 s; peak memory 1219 MiB.
2026-10-05T18:52:59Z INFO [136/750] 45210cdd-049e-49bd-b29d-18b8a6b0de9d: Sackin index -0.1383; 1.0 s; peak memory 1219 MiB.
2026-10-05T18:53:00Z INFO [137/750] 4521190f-9d7e-4a4e-8949-bf5ee866462e: Sackin index -0.1248; 0.9 s; peak memory 1219 MiB.
2026-10-05T18:53:02Z INFO [138/750] 45226179-0357-4c83-9e39-25ca3fccd68b: Sackin index -0.0272; 2.1 s; peak memory 1219 MiB.
2026-10-05T18:53:12Z INFO [139/750] 4523b010-3f2b-4d14-bf15-a3f8df1e23d0: Sackin index -0.0197; 9.2 s; peak memory 1219 MiB.
2026-10-05T18:53:13Z INFO [140/750] 4524a23c-8b37-49ad-8711-ffa24eafb4b6: Sackin index -0.0702; 0.9 s; peak memory 1219 MiB.
2026-10-05T18:53:17Z INFO [141/750] 4524c5b1-a56f-4e87-85b8-78dc5afce0b3: Sackin index -0.0435; 4.8 s; peak memory 1219 MiB.
2026-10-05T18:53:23Z INFO [142/750] 4524e249-e7a3-4a85-a0db-4ba01203d699: Sackin index -0.0439; 5.5 s; peak memory 1219 MiB.
2026-10-05T18:53:24Z INFO [143/750] 4524eedb-1278-477e-931e-e2209674b3dc: Sackin index -0.0728; 1.1 s; peak memory 1219 MiB.
2026-10-05T18:53:25Z INFO [144/750] 45263189-c082-43ab-83ec-52b8fed064d5: Sackin index -0.1349; 0.9 s; peak memory 1219 MiB.
2026-10-05T18:53:26Z INFO [145/750] 4526e9ea-62fa-4f68-b89f-d1ac703923eb: Sackin index -0.0709; 0.9 s; peak memory 1219 MiB.
2026-10-05T18:53:27Z INFO [146/750] 4527c55e-e8e6-47c9-91db-1ed328dd9490: Sackin index -0.0728; 0.9 s; peak memory 1219 MiB.
2026-10-05T18:53:27Z INFO [147/750] 4527ff72-a184-4860-903f-c5ebd1fa6866: Sackin index -0.1658; 0.4 s; peak memory 1219 MiB.
2026-10-05T18:53:29Z INFO [148/750] 4528a418-1d3f-42dc-8941-27fcea24b27c: Sackin index -0.0673; 1.8 s; peak memory 1219 MiB.
2026-10-05T18:53:36Z INFO [149/750] 4528a9ae-cdc4-4b6c-a45f-a1aa3dc79d84: Sackin index -0.0200; 6.7 s; peak memory 1219 MiB.
2026-10-05T18:53:36Z INFO [150/750] 4528b4d4-1365-4a00-b8fe-b2982cbb8334: Sackin index -0.1349; 0.8 s; peak memory 1219 MiB.
2026-10-05T18:53:37Z INFO [150/750] 4528b4d4-1365-4a00-b8fe-b2982cbb8334: checkpointed 80236 records.
2026-10-05T18:53:38Z INFO [151/750] 452943e3-2efa-4d4a-9251-df61f46467e9: Sackin index -0.0728; 0.9 s; peak memory 1219 MiB.
2026-10-05T18:53:38Z INFO [152/750] 45295a5d-7c36-47ca-98f6-fa2d9b956794: Sackin index -0.1349; 0.8 s; peak memory 1219 MiB.
2026-10-05T18:53:39Z INFO [153/750] 452984f3-4774-4637-a960-906628df63fa: Sackin index -0.0707; 0.6 s; peak memory 1219 MiB.
2026-10-05T18:53:40Z INFO [154/750] 452987b1-085a-4783-8c6f-1a0c0c0b375a: Sackin index -0.0702; 0.8 s; peak memory 1219 MiB.
2026-10-05T18:53:40Z INFO [155/750] 4529a37c-9b58-4517-b0f6-af6834f9591d: Sackin index -0.1213; 0.7 s; peak memory 1219 MiB.
2026-10-05T18:53:45Z INFO [156/750] 452a8286-7a97-456d-98c8-9a9bb2dc82b3: Sackin index -0.0413; 4.6 s; peak memory 1219 MiB.
2026-10-05T18:53:46Z INFO [157/750] 452b21b4-1df5-4900-8f88-044346871a52: Sackin index -0.0709; 0.7 s; peak memory 1219 MiB.
2026-10-05T18:53:47Z INFO [158/750] 452b3e05-66f6-4b34-85df-e46b1def3c70: Sackin index -0.0728; 1.0 s; peak memory 1219 MiB.
2026-10-05T18:53:47Z INFO [159/750] 452bc455-a6b8-46a2-8b3a-2d27b3e12aec: Sackin index -0.3646; 0.5 s; peak memory 1219 MiB.
2026-10-05T18:53:48Z INFO [160/750] 452c4d19-4f3f-4050-b2c3-08c7a33011ec: Sackin index -0.0376; 1.0 s; peak memory 1219 MiB.
2026-10-05T18:53:49Z INFO [161/750] 452e1de9-b1f8-4ccb-9612-33f513fee6a1: Sackin index -0.0728; 1.0 s; peak memory 1219 MiB.
2026-10-05T18:55:50Z INFO [162/750] 452e1e12-7124-413a-a6b1-43f792de6d83: Sackin index -0.0271; 120.5 s; peak memory 1219 MiB.
2026-10-05T18:55:51Z INFO [163/750] 452fc598-b0e5-48f8-8cb4-986d085d3c98: Sackin index -0.0728; 1.0 s; peak memory 1219 MiB.
2026-10-05T18:55:51Z INFO [164/750] 453028c7-f1f0-4037-a366-d3a20b35f2fd: Sackin index -0.1658; 0.5 s; peak memory 1219 MiB.
2026-10-05T18:55:52Z INFO [165/750] 4531e40a-fc01-4348-a67c-16c80cf8a92d: Sackin index -0.0702; 0.8 s; peak memory 1219 MiB.
2026-10-05T18:55:53Z INFO [166/750] 45331fd8-0fa5-4cc4-a262-a86dda20a3e1: Sackin index -0.1658; 0.5 s; peak memory 1219 MiB.
2026-10-05T18:56:02Z INFO [167/750] 453340bb-faed-46b6-bb06-b407d8b2c70a: Sackin index -0.0230; 9.3 s; peak memory 1219 MiB.
2026-10-05T18:56:03Z INFO [168/750] 45336ac8-8861-4077-95f5-ce3faaab72ec: Sackin index -0.1349; 0.7 s; peak memory 1219 MiB.
2026-10-05T18:56:07Z INFO [169/750] 4533d64b-bcbc-413c-a4a5-b368cb86d7b2: Sackin index -0.0251; 4.3 s; peak memory 1219 MiB.
2026-10-05T18:56:23Z INFO [170/750] 453409f9-1266-4167-afbc-830e585b0df8: Sackin index -0.0136; 16.4 s; peak memory 1219 MiB.
2026-10-05T18:56:24Z INFO [171/750] 45344cbe-b236-4b60-8e7a-97410635c408: Sackin index -0.0696; 0.8 s; peak memory 1219 MiB.
2026-10-05T18:56:25Z INFO [172/750] 45354ffd-5393-486a-8edf-febc3647f8bf: Sackin index -0.0720; 0.5 s; peak memory 1219 MiB.
2026-10-05T18:56:27Z INFO [173/750] 4535514d-498b-4952-88e4-77dfcbd6bf33: Sackin index -0.0660; 2.2 s; peak memory 1219 MiB.
2026-10-05T18:56:28Z INFO [174/750] 453587fb-2ed7-46d6-a9a9-d0dc6ed81b1a: Sackin index -0.0728; 0.8 s; peak memory 1219 MiB.
2026-10-05T18:56:29Z INFO [175/750] 4535d938-28bd-4cf7-b60a-738042dcbf62: Sackin index -0.0944; 1.0 s; peak memory 1219 MiB.
2026-10-05T18:56:30Z INFO [176/750] 453736eb-2792-4a59-8fe7-92e402111169: Sackin index -0.0413; 0.9 s; peak memory 1219 MiB.
2026-10-05T18:56:31Z INFO [177/750] 4537ebab-15fc-4bcf-95b5-a01896e2d58e: Sackin index -0.0376; 0.8 s; peak memory 1219 MiB.
2026-10-05T18:56:31Z INFO [178/750] 453863fc-43fb-4bd6-82a7-332ac8138c50: Sackin index -0.1349; 0.7 s; peak memory 1219 MiB.
2026-10-05T18:56:32Z INFO [179/750] 45391e36-2c32-44c6-a3c7-49df1bd3a261: Sackin index -0.1248; 1.0 s; peak memory 1219 MiB.
2026-10-05T18:56:33Z INFO [180/750] 4539bf82-3268-4949-be12-192c9b31e38a: Sackin index -0.1254; 0.7 s; peak memory 1219 MiB.
2026-10-05T18:56:34Z INFO [181/750] 453a532f-105a-4cb3-8cd1-f21bfb8a0f24: Sackin index -0.0709; 0.8 s; peak memory 1219 MiB.
2026-10-05T18:56:36Z INFO [182/750] 453b174b-75c8-409d-b905-88d160eaf941: Sackin index -0.0933; 2.2 s; peak memory 1219 MiB.
2026-10-05T18:56:37Z INFO [183/750] 453b3870-9f18-4078-8d8d-307075b6cb05: Sackin index -0.0748; 0.9 s; peak memory 1219 MiB.
2026-10-05T18:56:38Z INFO [184/750] 453bf596-2887-48a5-846e-d1e317899862: Sackin index -0.1349; 0.7 s; peak memory 1219 MiB.
2026-10-05T18:56:38Z INFO [185/750] 453ce993-7153-4e7d-9c47-99195772ca84: Sackin index -0.0702; 0.7 s; peak memory 1219 MiB.
2026-10-05T18:56:40Z INFO [186/750] 453d18b9-f6ee-4272-93f9-185704836d53: Sackin index -0.0695; 1.9 s; peak memory 1219 MiB.
2026-10-05T18:56:44Z INFO [187/750] 453d2549-8d05-4bd3-9dc9-22243ade4dd6: Sackin index -0.0635; 3.5 s; peak memory 1219 MiB.
2026-10-05T18:56:44Z INFO [188/750] 453d2bf8-5b5d-42bb-a459-7d2303b6df63: Sackin index -0.1602; 0.7 s; peak memory 1219 MiB.
2026-10-05T18:56:45Z INFO [189/750] 453d3d65-7b5d-4acb-ab30-38c35eccdd23: Sackin index -0.1349; 0.8 s; peak memory 1219 MiB.
2026-10-05T18:56:46Z INFO [190/750] 453d8e61-5720-49fa-8c9d-d52efbfd7047: Sackin index -0.1370; 1.2 s; peak memory 1219 MiB.
2026-10-05T18:56:47Z INFO [191/750] 453e17b4-3790-4a03-822b-fe9905b17cf4: Sackin index -0.1244; 1.0 s; peak memory 1219 MiB.
2026-10-05T18:56:49Z INFO [192/750] 453e6a38-a434-4cb6-82ca-093efcea3d19: Sackin index -0.1322; 1.2 s; peak memory 1219 MiB.
2026-10-05T18:56:50Z INFO [193/750] 453ea9de-41c0-4f0f-944e-db89b3546136: Sackin index -0.1380; 1.0 s; peak memory 1219 MiB.
2026-10-05T18:56:50Z INFO [194/750] 453ef23f-340f-4c2a-98e7-6cc9c0b56b8e: Sackin index -0.2000; 0.6 s; peak memory 1219 MiB.
2026-10-05T18:56:51Z INFO [195/750] 453f12de-71c7-44f4-8c6e-88f33770cdf8: Sackin index -0.0702; 0.9 s; peak memory 1219 MiB.
2026-10-05T18:56:52Z INFO [196/750] 45401c96-a88e-42b5-98d0-bc8393340be8: Sackin index -0.0752; 1.0 s; peak memory 1219 MiB.
2026-10-05T18:56:53Z INFO [197/750] 4540976e-98c1-413d-8064-236ecdd0f0a8: Sackin index -0.1349; 0.8 s; peak memory 1219 MiB.
2026-10-05T18:56:54Z INFO [198/750] 4540cca6-af20-42c0-9f31-ad6f66b309c4: Sackin index -0.0275; 1.2 s; peak memory 1219 MiB.
2026-10-05T18:56:55Z INFO [199/750] 4541732a-b2d8-489b-8680-75035be8f2b7: Sackin index -0.1349; 0.8 s; peak memory 1219 MiB.
2026-10-05T18:56:56Z INFO [200/750] 45419639-93c3-49f3-ade2-ee731e4c04ce: Sackin index -0.1633; 0.8 s; peak memory 1219 MiB.
2026-10-05T18:56:56Z INFO [200/750] 45419639-93c3-49f3-ade2-ee731e4c04ce: checkpointed 80286 records.
2026-10-05T18:56:57Z INFO [201/750] 4542acf7-46db-4ea3-b92c-c07fa3570e69: Sackin index -0.0702; 0.8 s; peak memory 1219 MiB.
2026-10-05T18:56:57Z INFO [202/750] 45436e5a-bf83-40e7-9b22-f4ea75f63dfb: Sackin index -0.1655; 0.8 s; peak memory 1219 MiB.
2026-10-05T18:56:58Z INFO [203/750] 45438b50-00c3-4997-aed3-5f1ff51310bc: Sackin index -0.1349; 0.8 s; peak memory 1219 MiB.
2026-10-05T18:57:00Z INFO [204/750] 45439dac-5005-4a08-8736-507d38af44ae: Sackin index -0.0818; 1.5 s; peak memory 1219 MiB.
2026-10-05T18:57:01Z INFO [205/750] 4545622e-b175-434f-bede-ec1a8874ac49: Sackin index -0.0702; 0.9 s; peak memory 1219 MiB.
2026-10-05T18:57:02Z INFO [206/750] 4545ee43-d926-4898-a486-cd54f2c1dffd: Sackin index -0.0728; 1.3 s; peak memory 1219 MiB.
2026-10-05T18:57:03Z INFO [207/750] 4546621e-a7c1-46fb-9f0f-2eceb9e725d8: Sackin index -0.1658; 0.7 s; peak memory 1219 MiB.
2026-10-05T18:57:03Z INFO [208/750] 45475c57-f1c2-4161-afac-a9b730795a12: Sackin index -0.0728; 0.9 s; peak memory 1219 MiB.
2026-10-05T18:57:05Z INFO [209/750] 4547d910-a203-4c7f-bec1-2e54bce2e100: Sackin index -0.0704; 2.0 s; peak memory 1219 MiB.
2026-10-05T18:57:09Z INFO [210/750] 4547eb13-8367-4c9f-87f4-64b35939aec4: Sackin index -0.0243; 3.4 s; peak memory 1219 MiB.
2026-10-05T18:57:12Z INFO [211/750] 45480a93-822c-4ec7-bc28-f8dbcb526646: Sackin index -0.0237; 3.5 s; peak memory 1219 MiB.
2026-10-05T18:57:24Z INFO [212/750] 45481e36-cd98-48d7-b4d6-5d580a7cc6ba: Sackin index -0.0591; 11.4 s; peak memory 1219 MiB.
2026-10-05T18:57:25Z INFO [213/750] 4548b364-ab79-4b06-a50a-596af4dae272: Sackin index -0.0696; 0.9 s; peak memory 1219 MiB.
2026-10-05T18:57:27Z INFO [214/750] 4548dc5f-834f-4040-be26-33220d6a4779: Sackin index -0.0699; 2.0 s; peak memory 1219 MiB.
2026-10-05T18:57:28Z INFO [215/750] 45496115-7ddf-4f72-862e-4d063dfa4cb1: Sackin index -0.0376; 1.1 s; peak memory 1219 MiB.
2026-10-05T18:57:30Z INFO [216/750] 45496f30-8a86-4d95-ba6f-59418aba068c: Sackin index -0.0676; 1.8 s; peak memory 1219 MiB.
2026-10-05T18:57:30Z INFO [217/750] 4549921d-f867-447b-9863-ead1c63022b4: Sackin index -0.1349; 0.8 s; peak memory 1219 MiB.
2026-10-05T18:57:31Z INFO [218/750] 4549c3d6-70c7-4ec4-98d8-a345f1bca76d: Sackin index -0.1000; 0.9 s; peak memory 1219 MiB.
2026-10-05T18:57:32Z INFO [219/750] 454a8812-abde-40a2-bf7d-844a1af06495: Sackin index -0.1349; 1.0 s; peak memory 1219 MiB.
2026-10-05T18:57:33Z INFO [220/750] 454aa4a7-2a99-49c8-9b0a-9a64c2cc85c7: Sackin index -0.1349; 1.0 s; peak memory 1219 MiB.
2026-10-05T18:57:34Z INFO [221/750] 454caf30-59f6-4327-8c20-ef5f3b0c88ce: Sackin index -0.1349; 0.8 s; peak memory 1219 MiB.
2026-10-05T18:57:35Z INFO [222/750] 454dd535-badd-429e-8c3c-a127a8342680: Sackin index -0.1349; 0.9 s; peak memory 1219 MiB.
2026-10-05T18:57:53Z INFO [223/750] 454ff758-b529-4f04-8b81-10a75e764490: Sackin index -0.1367; 17.6 s; peak memory 1219 MiB.
2026-10-05T18:57:53Z INFO [224/750] 45502384-1b8e-47e9-b19d-8943e2c84821: Sackin index -0.1349; 0.7 s; peak memory 1219 MiB.
2026-10-05T18:57:54Z INFO [225/750] 4550c60c-bbea-4d6e-9169-252af589fb7b: Sackin index -0.1248; 0.8 s; peak memory 1219 MiB.
2026-10-05T18:57:55Z INFO [226/750] 4550d571-e481-445f-b52b-0be8100e51fe: Sackin index -0.1178; 0.5 s; peak memory 1219 MiB.
2026-10-05T18:57:56Z INFO [227/750] 45511b3b-cb9e-4765-a88b-245488613f6e: Sackin index -0.0709; 1.0 s; peak memory 1219 MiB.
2026-10-05T18:57:57Z INFO [228/750] 45515c47-9547-4554-b241-92078d070364: Sackin index -0.0372; 1.0 s; peak memory 1219 MiB.
2026-10-05T18:57:57Z INFO [229/750] 4551adc1-70ca-4d04-9830-d44feee9e7b2: Sackin index -0.1178; 0.8 s; peak memory 1219 MiB.
2026-10-05T18:57:58Z INFO [230/750] 455224e3-79eb-4c35-bb59-230738c6ef10: Sackin index -0.1349; 0.7 s; peak memory 1219 MiB.
2026-10-05T18:58:12Z INFO [231/750] 45529306-8321-4a6f-ad25-d76abe052579: Sackin index -0.0206; 13.7 s; peak memory 1219 MiB.
2026-10-05T18:58:13Z INFO [232/750] 4552a48e-3fd5-44b1-b950-202f0850ff7b: Sackin index -0.0722; 1.0 s; peak memory 1219 MiB.
2026-10-05T18:58:13Z INFO [233/750] 45531f82-4fa3-4e3e-a580-e6f7e70e11cb: Sackin index -0.1248; 0.8 s; peak memory 1219 MiB.
2026-10-05T18:58:14Z INFO [234/750] 4553261e-4803-47c2-a66e-5c7dbecdb01f: Sackin index -0.0746; 1.0 s; peak memory 1219 MiB.
2026-10-05T18:58:15Z INFO [235/750] 4553c4c6-9f17-448e-933a-a69785f21f3a: Sackin index -0.0702; 0.8 s; peak memory 1219 MiB.
2026-10-05T18:58:16Z INFO [236/750] 4553ddd9-6d26-47e9-b327-427c1bcfffd6: Sackin index -0.0746; 0.9 s; peak memory 1219 MiB.
2026-10-05T18:58:17Z INFO [237/750] 45542504-f3b5-4d97-a0a9-60a22b5889d6: Sackin index -0.1349; 0.8 s; peak memory 1219 MiB.
2026-10-05T18:58:18Z INFO [238/750] 4554b638-d00b-4525-bdef-41db55b51a3d: Sackin index -0.0696; 0.8 s; peak memory 1219 MiB.
2026-10-05T18:58:38Z INFO [239/750] 45550cb4-dd11-475e-8b16-d4b33fe1cfa5: Sackin index -0.1367; 20.7 s; peak memory 1219 MiB.
2026-10-05T18:58:39Z INFO [240/750] 455526d5-ee82-4a98-b274-fc5a6621fa6f: Sackin index -0.1349; 0.8 s; peak memory 1219 MiB.
2026-10-05T18:58:40Z INFO [241/750] 45556b10-5d3e-42af-8422-9b63ef67cb71: Sackin index -0.0413; 1.2 s; peak memory 1219 MiB.
2026-10-05T18:58:41Z INFO [242/750] 45558173-c638-400e-a0c2-92d39a819105: Sackin index -0.0728; 0.8 s; peak memory 1219 MiB.
2026-10-05T18:58:42Z INFO [243/750] 4555a45f-2771-45c3-9ea6-da6059a9e9e9: Sackin index -0.1380; 0.8 s; peak memory 1219 MiB.
2026-10-05T18:59:00Z INFO [244/750] 4555a963-5f94-4967-88fa-85a1d2516c17: Sackin index -0.1367; 18.4 s; peak memory 1219 MiB.
2026-10-05T18:59:02Z INFO [245/750] 4556bfb8-4477-4b68-979a-df8481367ef0: Sackin index -0.0752; 1.1 s; peak memory 1219 MiB.
2026-10-05T18:59:02Z INFO [246/750] 4557699b-a20b-4c81-b8d3-6903dfde756b: Sackin index -0.0991; 0.8 s; peak memory 1219 MiB.
2026-10-05T18:59:07Z INFO [247/750] 45579275-9839-4a6b-9427-66a315058720: Sackin index -0.0222; 4.6 s; peak memory 1219 MiB.
2026-10-05T18:59:08Z INFO [248/750] 45589343-e078-4b23-afb1-141f7c794bf6: Sackin index -0.1273; 1.2 s; peak memory 1219 MiB.
2026-10-05T18:59:09Z INFO [249/750] 4558981e-f433-488e-85f8-a0260a25ead6: Sackin index -0.1349; 0.9 s; peak memory 1219 MiB.
2026-10-05T18:59:10Z INFO [250/750] 45589972-15d9-45b2-9569-102f0a17cd57: Sackin index -0.1000; 0.9 s; peak memory 1219 MiB.
2026-10-05T18:59:10Z INFO [250/750] 45589972-15d9-45b2-9569-102f0a17cd57: checkpointed 80336 records.
2026-10-05T18:59:11Z INFO [251/750] 4559dff1-3c5c-43c9-8147-e3f58d118302: Sackin index -0.0702; 0.8 s; peak memory 1219 MiB.
2026-10-05T18:59:12Z INFO [252/750] 4559f711-2132-4416-b1a3-9992f1d78763: Sackin index -0.1013; 0.9 s; peak memory 1219 MiB.
2026-10-05T18:59:13Z INFO [253/750] 455a2404-0891-4f38-acff-295a912afd9b: Sackin index -0.0728; 0.9 s; peak memory 1219 MiB.
2026-10-05T18:59:14Z INFO [254/750] 455aaaa5-71fc-4a27-9577-3a7c33f8a0ed: Sackin index -0.1331; 0.6 s; peak memory 1219 MiB.
2026-10-05T18:59:15Z INFO [255/750] 455b49b3-a608-46a3-88f2-79ec23e243cc: Sackin index -0.0842; 1.9 s; peak memory 1219 MiB.
2026-10-05T18:59:16Z INFO [256/750] 455b506b-332e-4dd7-a2ea-cb6e33fd1782: Sackin index -0.1272; 1.0 s; peak memory 1219 MiB.
2026-10-05T18:59:17Z INFO [257/750] 455c378d-2b35-4991-b564-e2a3304588b1: Sackin index -0.1303; 0.5 s; peak memory 1219 MiB.
2026-10-05T18:59:18Z INFO [258/750] 455c9a6e-a126-46ab-854d-b9b36873aafe: Sackin index -0.0728; 1.0 s; peak memory 1219 MiB.
2026-10-05T18:59:33Z INFO [259/750] 455cb761-d78a-4e3c-9380-bde4664c6d88: Sackin index -0.1284; 15.0 s; peak memory 1219 MiB.
2026-10-05T18:59:34Z INFO [260/750] 455e9adf-1fe9-4d8a-80ef-f2721f5229d2: Sackin index -0.0702; 0.7 s; peak memory 1219 MiB.
2026-10-05T18:59:35Z INFO [261/750] 455f3bdd-b346-47c9-b358-1ae5937d2b6b: Sackin index -0.0376; 1.2 s; peak memory 1219 MiB.
2026-10-05T18:59:36Z INFO [262/750] 45600142-5fdb-4ebb-b2d8-6ba8424a0b7a: Sackin index -0.1349; 0.8 s; peak memory 1219 MiB.
2026-10-05T18:59:37Z INFO [263/750] 4560cbe3-379b-4d7d-ab9b-2bfdf6f73ef7: Sackin index -0.0732; 0.9 s; peak memory 1219 MiB.
2026-10-05T18:59:38Z INFO [264/750] 45615a03-0b9f-45d3-823f-e59946ff4da1: Sackin index -0.0369; 1.9 s; peak memory 1219 MiB.
2026-10-05T18:59:39Z INFO [265/750] 456198e4-3b31-43a1-bc40-b7bd86168002: Sackin index -0.0696; 0.8 s; peak memory 1219 MiB.
2026-10-05T18:59:40Z INFO [266/750] 456267c6-4e26-45dc-8f7b-48a9c4cf6042: Sackin index -0.1298; 0.6 s; peak memory 1219 MiB.
2026-10-05T18:59:42Z INFO [267/750] 4562cd96-b3b1-41b4-abd4-0efccd3c5c91: Sackin index -0.0704; 2.1 s; peak memory 1219 MiB.
2026-10-05T18:59:43Z INFO [268/750] 4563c9bb-17d3-4524-8985-79b8b783507c: Sackin index -0.1349; 0.9 s; peak memory 1219 MiB.
2026-10-05T18:59:44Z INFO [269/750] 4564fc42-f15f-46d9-98da-607662647bfe: Sackin index -0.0656; 0.8 s; peak memory 1219 MiB.
2026-10-05T18:59:45Z INFO [270/750] 45650fd5-d068-4846-b981-e5b83bf00836: Sackin index -0.0728; 1.1 s; peak memory 1219 MiB.
2026-10-05T18:59:45Z INFO [271/750] 4566402f-cae7-4100-93f8-94833287b14f: Sackin index -0.1349; 0.7 s; peak memory 1219 MiB.
2026-10-05T18:59:46Z INFO [272/750] 45664cf2-eda9-4a84-b6e7-1f6c5cce9ecf: Sackin index -0.1349; 0.9 s; peak memory 1219 MiB.
2026-10-05T18:59:50Z INFO [273/750] 45678aa4-20ca-41a3-9f33-3c13ef6e8698: Sackin index -0.0044; 3.5 s; peak memory 1219 MiB.
2026-10-05T18:59:52Z INFO [274/750] 456809d9-dbe7-40fc-bcc0-c612efa5a2a5: Sackin index -0.0699; 1.8 s; peak memory 1219 MiB.
2026-10-05T18:59:53Z INFO [275/750] 45682bb0-a2e8-477c-9be5-f6a127c6e81f: Sackin index -0.1938; 1.5 s; peak memory 1219 MiB.
2026-10-05T18:59:55Z INFO [276/750] 45684c83-8932-4434-8a80-c9b521101231: Sackin index -0.1938; 1.7 s; peak memory 1219 MiB.
2026-10-05T19:00:06Z INFO [277/750] 4568705e-4443-4b8e-b7a2-3484ab40c034: Sackin index -0.1892; 10.8 s; peak memory 1219 MiB.
2026-10-05T19:00:06Z INFO [278/750] 45693587-b691-41c8-ad45-23a12e12b0de: Sackin index -0.0702; 0.8 s; peak memory 1219 MiB.
2026-10-05T19:00:07Z INFO [279/750] 456a18a5-32d0-48eb-9d09-0896bf8c595f: Sackin index -0.0275; 1.0 s; peak memory 1219 MiB.
2026-10-05T19:00:11Z INFO [280/750] 456a2863-047b-487c-a2fc-5374b4a17791: Sackin index -0.0255; 3.1 s; peak memory 1219 MiB.
2026-10-05T19:00:17Z INFO [281/750] 456a6ff4-c07b-40bf-8376-77f60fa84a2f: Sackin index -0.0152; 7.0 s; peak memory 1219 MiB.
2026-10-05T19:00:19Z INFO [282/750] 456b17d1-0f88-4237-ae88-2494dd3bebb2: Sackin index -0.0375; 1.2 s; peak memory 1219 MiB.
2026-10-05T19:00:20Z INFO [283/750] 456b791d-6b28-4dcd-b288-e508f00d8502: Sackin index -0.0886; 1.2 s; peak memory 1219 MiB.
2026-10-05T19:00:21Z INFO [284/750] 456bb2c5-d539-4423-a0ae-405a63d77691: Sackin index -0.0702; 0.8 s; peak memory 1219 MiB.
2026-10-05T19:00:22Z INFO [285/750] 456c7643-2a7f-4079-a7bc-284a690bca6e: Sackin index -0.0728; 1.1 s; peak memory 1219 MiB.
2026-10-05T19:00:27Z INFO [286/750] 456cba92-7974-4386-ae65-b9423f87b795: Sackin index -0.0308; 5.6 s; peak memory 1219 MiB.
2026-10-05T19:01:53Z INFO [287/750] 456d16f0-10cd-4516-b0ad-b4154babed2e: Sackin index -0.0935; 85.2 s; peak memory 1219 MiB.
2026-10-05T19:01:54Z INFO [288/750] 456d866d-bacd-4c03-beb3-eb75c2d6c7f5: Sackin index -0.1938; 1.8 s; peak memory 1219 MiB.
2026-10-05T19:01:55Z INFO [289/750] 456e621e-1c36-4625-a8a3-e0fafaf6ea82: Sackin index -0.1545; 0.7 s; peak memory 1219 MiB.
2026-10-05T19:01:56Z INFO [290/750] 456eeecc-636b-446d-8719-ff50b66201bd: Sackin index -0.1349; 0.9 s; peak memory 1219 MiB.
2026-10-05T19:01:57Z INFO [291/750] 456f09e9-65bd-4f15-92f5-f14bafbaa738: Sackin index -0.0728; 0.9 s; peak memory 1219 MiB.
2026-10-05T19:02:00Z INFO [292/750] 456f2e21-469e-4f99-b7df-b8aaf3491823: Sackin index -0.0252; 2.8 s; peak memory 1219 MiB.
2026-10-05T19:02:01Z INFO [293/750] 456f31e2-6934-4f35-9a7c-1e759723eb92: Sackin index -0.1044; 1.6 s; peak memory 1219 MiB.
2026-10-05T19:02:02Z INFO [294/750] 456f36c4-fc8f-44ee-b922-9b0315a1e70f: Sackin index -0.0376; 1.0 s; peak memory 1219 MiB.
2026-10-05T19:02:03Z INFO [295/750] 456f8b91-ab32-4a1e-a063-10ee1fc5d52c: Sackin index -0.1349; 0.9 s; peak memory 1219 MiB.
2026-10-05T19:02:04Z INFO [296/750] 45729baf-4a9b-4172-ab8f-8dd3147fba8e: Sackin index -0.1349; 0.8 s; peak memory 1219 MiB.
2026-10-05T19:02:05Z INFO [297/750] 457328a3-6c05-4264-9d5a-869fce3f96ce: Sackin index -0.0707; 0.8 s; peak memory 1219 MiB.
2026-10-05T19:02:09Z INFO [298/750] 45733780-761c-4e9f-afde-09404c310854: Sackin index -0.0388; 4.3 s; peak memory 1219 MiB.
2026-10-05T19:02:10Z INFO [299/750] 4573541e-568c-47ef-9bd2-becf3dad79ac: Sackin index -0.0728; 1.0 s; peak memory 1219 MiB.
2026-10-05T19:02:14Z INFO [300/750] 4573a079-7107-4a68-95b2-47459f6033ab: Sackin index -0.0251; 3.4 s; peak memory 1219 MiB.
2026-10-05T19:02:14Z INFO [300/750] 4573a079-7107-4a68-95b2-47459f6033ab: checkpointed 80386 records.
2026-10-05T19:02:21Z INFO [301/750] 45744cfb-4c9d-46e8-ade9-0ab4f6b1131d: Sackin index -0.0141; 7.6 s; peak memory 1219 MiB.
2026-10-05T19:02:26Z INFO [302/750] 45749b0a-f470-47cc-beb2-2b93aaff7e20: Sackin index -0.0250; 5.2 s; peak memory 1219 MiB.
2026-10-05T19:02:27Z INFO [303/750] 45756afd-c277-43c7-931e-3710000abd15: Sackin index -0.1448; 0.6 s; peak memory 1219 MiB.
2026-10-05T19:02:29Z INFO [304/750] 45765c3a-1b50-47ff-bb5d-87ed00caedd2: Sackin index -0.0704; 1.8 s; peak memory 1219 MiB.
2026-10-05T19:02:30Z INFO [305/750] 45768f29-d9b2-4e19-aeba-386fa1f52cbd: Sackin index -0.0722; 1.0 s; peak memory 1219 MiB.
2026-10-05T19:02:40Z INFO [306/750] 457752dd-1c7e-4079-bf56-6914ff324b8c: Sackin index -0.0165; 10.2 s; peak memory 1219 MiB.
2026-10-05T19:02:41Z INFO [307/750] 45778a72-88f8-4191-be24-c8a94485d3e5: Sackin index -0.0696; 0.8 s; peak memory 1219 MiB.
2026-10-05T19:02:42Z INFO [308/750] 4577c5cc-bdf9-4221-b75d-5782ba789895: Sackin index -0.1521; 0.7 s; peak memory 1219 MiB.
2026-10-05T19:02:42Z INFO [309/750] 4577efa5-b735-4f66-bf41-0df9cd166cf2: Sackin index -0.1239; 0.6 s; peak memory 1219 MiB.
2026-10-05T19:02:43Z INFO [310/750] 4578596c-0c0b-4c35-bff2-aed0cbf7879d: Sackin index -0.0369; 1.3 s; peak memory 1219 MiB.
2026-10-05T19:02:44Z INFO [311/750] 4578e0f5-ce6c-419e-944b-7490c0472958: Sackin index -0.1658; 0.5 s; peak memory 1219 MiB.
2026-10-05T19:02:45Z INFO [312/750] 4579fe98-29f8-4548-95f5-bf5f6a720d9d: Sackin index -0.1340; 0.6 s; peak memory 1219 MiB.
2026-10-05T19:02:45Z INFO [313/750] 457b68b2-53e4-4c2b-a6e4-ddf29485099f: Sackin index -0.0702; 0.9 s; peak memory 1219 MiB.
2026-10-05T19:02:46Z INFO [314/750] 457bdc78-6168-47f4-b441-841a78cddfdf: Sackin index -0.0702; 0.9 s; peak memory 1219 MiB.
2026-10-05T19:02:47Z INFO [315/750] 457cd8db-eca2-4726-99cf-9b1fdbbf927c: Sackin index -0.0457; 0.9 s; peak memory 1219 MiB.
2026-10-05T19:02:48Z INFO [316/750] 457d37da-9c69-4fc5-909d-321b04cd005e: Sackin index -0.0728; 1.1 s; peak memory 1219 MiB.
2026-10-05T19:02:53Z INFO [317/750] 457d6892-c8dd-47c8-95ab-2b8ba5dca274: Sackin index -0.0225; 5.0 s; peak memory 1219 MiB.
2026-10-05T19:02:54Z INFO [318/750] 457df6a5-e9a9-4ec2-8792-c1b1d46a0f13: Sackin index -0.1248; 0.8 s; peak memory 1219 MiB.
2026-10-05T19:02:55Z INFO [319/750] 457e6a37-ee85-4144-9ab7-9bda268c167d: Sackin index -0.0696; 0.9 s; peak memory 1219 MiB.
2026-10-05T19:02:56Z INFO [320/750] 457eacfb-32bb-44bc-a098-58c97a88e672: Sackin index -0.1349; 0.8 s; peak memory 1219 MiB.
2026-10-05T19:02:57Z INFO [321/750] 457f91f4-45df-47bd-a4dd-2b4d04706517: Sackin index -0.0745; 1.2 s; peak memory 1219 MiB.
2026-10-05T19:02:58Z INFO [322/750] 457fed7d-42da-496d-bf4e-cdbf0221cc6f: Sackin index -0.0173; 1.3 s; peak memory 1219 MiB.
2026-10-05T19:02:59Z INFO [323/750] 45807611-f911-45b5-879a-90c60f916ece: Sackin index -0.0371; 0.9 s; peak memory 1219 MiB.
2026-10-05T19:03:00Z INFO [324/750] 45810ded-b1d2-4b78-a89f-13d81a2b2021: Sackin index -0.0377; 1.0 s; peak memory 1219 MiB.
2026-10-05T19:03:01Z INFO [325/750] 458129ca-4de8-4628-8a1f-a1487f9047a3: Sackin index -0.1658; 0.6 s; peak memory 1219 MiB.
2026-10-05T19:03:01Z INFO [326/750] 45819137-4076-4f3f-a298-cbf3547b9607: Sackin index -0.1349; 0.7 s; peak memory 1219 MiB.
2026-10-05T19:03:02Z INFO [327/750] 4581f185-03cf-4b2d-9b5c-6655b641653b: Sackin index -0.1602; 0.8 s; peak memory 1219 MiB.
2026-10-05T19:03:04Z INFO [328/750] 45827ca0-cc92-4ef4-95ee-e27c437b025e: Sackin index -0.0699; 1.6 s; peak memory 1219 MiB.
2026-10-05T19:03:05Z INFO [329/750] 4583125a-b610-4be4-bed9-b7ca76d7c170: Sackin index -0.1349; 0.8 s; peak memory 1219 MiB.
2026-10-05T19:03:05Z INFO [330/750] 45838082-1dfa-4eed-84d6-d25da9f9d10c: Sackin index -0.0728; 0.9 s; peak memory 1219 MiB.
2026-10-05T19:03:06Z INFO [331/750] 4583bf2f-8da2-40f4-936d-5373389e72fb: Sackin index -0.1349; 0.8 s; peak memory 1219 MiB.
2026-10-05T19:03:12Z INFO [332/750] 4583c273-53e5-41bf-8060-33326966870c: Sackin index -0.0200; 5.5 s; peak memory 1219 MiB.
2026-10-05T19:03:13Z INFO [333/750] 45843ce7-0d02-42d3-b0d2-9dbe45f43e2e: Sackin index -0.0379; 1.1 s; peak memory 1219 MiB.
2026-10-05T19:03:14Z INFO [334/750] 45848979-8eff-418e-8187-07aa838e3c9a: Sackin index -0.0655; 1.6 s; peak memory 1219 MiB.
2026-10-05T19:03:19Z INFO [335/750] 4584d168-1ec4-479a-86f8-b1a6a81abdb2: Sackin index -0.0403; 4.3 s; peak memory 1219 MiB.
2026-10-05T19:03:21Z INFO [336/750] 458557fb-d776-448a-a3d5-2d17bddaf4bf: Sackin index -0.0660; 2.0 s; peak memory 1219 MiB.
2026-10-05T19:03:21Z INFO [337/750] 4585dba3-6a43-436e-b495-279cdf7f185a: Sackin index -0.1356; 0.5 s; peak memory 1219 MiB.
2026-10-05T19:03:22Z INFO [338/750] 45860e5d-1ead-441e-86c6-a5b2d582cae5: Sackin index -0.0728; 0.9 s; peak memory 1219 MiB.
2026-10-05T19:03:23Z INFO [339/750] 4586f997-6c87-47b3-9b5d-4328bb1b8e0c: Sackin index -0.1178; 0.7 s; peak memory 1219 MiB.
2026-10-05T19:03:24Z INFO [340/750] 45870d5c-2e63-4898-9e74-ce539b790ac1: Sackin index -0.1667; 0.8 s; peak memory 1219 MiB.
2026-10-05T19:03:28Z INFO [341/750] 458823b4-b2f9-4a18-b419-87043c97b4cd: Sackin index -0.0251; 4.1 s; peak memory 1219 MiB.
2026-10-05T19:03:48Z INFO [342/750] 4588f88a-0014-4bbb-b33a-9145cc569394: Sackin index -0.1367; 19.8 s; peak memory 1219 MiB.
2026-10-05T19:03:59Z INFO [343/750] 4589633e-436d-4ec6-b4e2-e62ee79ec937: Sackin index -0.1938; 11.6 s; peak memory 1219 MiB.
2026-10-05T19:04:00Z INFO [344/750] 45899175-5485-4d82-aa35-ba79184adeef: Sackin index -0.0376; 0.9 s; peak memory 1219 MiB.
2026-10-05T19:04:12Z INFO [345/750] 45899fcc-65da-4711-94d1-f88936ac8f9a: Sackin index -0.1249; 12.3 s; peak memory 1219 MiB.
2026-10-05T19:04:18Z INFO [346/750] 4589e200-0f89-4564-859e-82e5c64071f6: Sackin index -0.0072; 6.2 s; peak memory 1219 MiB.
2026-10-05T19:04:20Z INFO [347/750] 4589ef58-60f2-45c2-8881-9bf74858bf2c: Sackin index -0.0369; 1.6 s; peak memory 1219 MiB.
2026-10-05T19:04:28Z INFO [348/750] 458a02ac-85d5-4b81-befc-a140648b6bd2: Sackin index -0.0169; 7.8 s; peak memory 1219 MiB.
2026-10-05T19:04:38Z INFO [349/750] 458b6ca2-1b0a-422c-8383-f4b86d07eb20: Sackin index -0.0614; 9.8 s; peak memory 1219 MiB.
2026-10-05T19:04:38Z INFO [350/750] 458bed9b-0713-44b8-8fa9-68e8af74c6c3: Sackin index -0.1120; 0.5 s; peak memory 1219 MiB.
2026-10-05T19:04:38Z INFO [350/750] 458bed9b-0713-44b8-8fa9-68e8af74c6c3: checkpointed 80436 records.
2026-10-05T19:04:39Z INFO [351/750] 458da030-1962-4900-b2a7-35063493c933: Sackin index -0.0326; 0.9 s; peak memory 1219 MiB.
2026-10-05T19:04:40Z INFO [352/750] 458e3ea0-50f9-4156-b7aa-38cc393ded6a: Sackin index -0.1349; 0.7 s; peak memory 1219 MiB.
2026-10-05T19:04:41Z INFO [353/750] 458ef1bd-215b-427a-bf4c-9e7c17344845: Sackin index -0.0702; 0.8 s; peak memory 1219 MiB.
2026-10-05T19:04:41Z INFO [354/750] 458fefcf-cf2c-495e-85ec-b9068929a031: Sackin index -0.1349; 0.6 s; peak memory 1219 MiB.
2026-10-05T19:04:43Z INFO [355/750] 45902787-d0ab-4a35-a37e-6d76e4f5b145: Sackin index -0.0379; 1.2 s; peak memory 1219 MiB.
2026-10-05T19:06:16Z INFO [356/750] 4591a539-e548-4d77-8461-5c0ea75be910: Sackin index -0.0032; 93.8 s; peak memory 1219 MiB.
2026-10-05T19:06:59Z INFO [357/750] 4591f64e-2c93-4499-9c4d-9494c81db874: Sackin index -0.1144; 42.5 s; peak memory 1219 MiB.
2026-10-05T19:07:00Z INFO [358/750] 459354a4-973c-48cf-93bc-c7452a85d216: Sackin index -0.1349; 0.8 s; peak memory 1219 MiB.
2026-10-05T19:07:00Z INFO [359/750] 459496d3-1494-4803-ab2a-56168f7e33e1: Sackin index -0.1178; 0.7 s; peak memory 1219 MiB.
2026-10-05T19:07:02Z INFO [360/750] 4594a8b5-8318-4b69-9d6e-614702a8665c: Sackin index -0.0702; 1.2 s; peak memory 1219 MiB.
2026-10-05T19:07:02Z INFO [361/750] 4594eb9b-174e-4e05-b913-ca99e148117f: Sackin index -0.0709; 0.9 s; peak memory 1219 MiB.
2026-10-05T19:07:04Z INFO [362/750] 45950a5f-bd0d-48aa-9340-5c3a52682354: Sackin index -0.0369; 1.7 s; peak memory 1219 MiB.
2026-10-05T19:07:05Z INFO [363/750] 45960046-f1d6-45f3-9b27-83c309e3a1c5: Sackin index -0.1349; 0.9 s; peak memory 1219 MiB.
2026-10-05T19:07:06Z INFO [364/750] 4596b3d5-bc35-41c2-8735-ed4950ff7f69: Sackin index -0.0696; 1.0 s; peak memory 1219 MiB.
2026-10-05T19:07:49Z INFO [365/750] 45977f72-66fd-451c-a5ee-d24180500ac8: Sackin index -0.0034; 42.7 s; peak memory 1219 MiB.
2026-10-05T19:08:35Z INFO [366/750] 4597a4fc-14cc-4082-90b0-3ed69406b5b2: Sackin index -0.0074; 45.8 s; peak memory 1219 MiB.
2026-10-05T19:08:36Z INFO [367/750] 4597c2ee-08c5-4430-ae33-31fb03f5ece7: Sackin index -0.1349; 1.0 s; peak memory 1219 MiB.
2026-10-05T19:08:48Z INFO [368/750] 45999b5d-d4e8-41ab-94be-4a160332e606: Sackin index -0.0189; 12.4 s; peak memory 1219 MiB.
2026-10-05T19:08:49Z INFO [369/750] 459a4e39-271d-4db6-af98-7aa307036997: Sackin index -0.1349; 0.8 s; peak memory 1219 MiB.
2026-10-05T19:08:52Z INFO [370/750] 459a9de5-6866-4816-afb7-fef7a685ece9: Sackin index -0.0284; 2.9 s; peak memory 1219 MiB.
2026-10-05T19:08:53Z INFO [371/750] 459b1a88-934e-4440-a4c9-534a226c488e: Sackin index -0.1602; 0.7 s; peak memory 1219 MiB.
2026-10-05T19:08:53Z INFO [372/750] 459b27e5-5ad3-4813-b463-5ac9b506e8d0: Sackin index -0.1349; 0.8 s; peak memory 1219 MiB.
2026-10-05T19:08:54Z INFO [373/750] 459c342a-aa65-40a7-8f4d-765b916df355: Sackin index -0.0376; 1.1 s; peak memory 1219 MiB.
2026-10-05T19:08:58Z INFO [374/750] 459c591a-3aae-42cc-acee-b1f5c4361e4e: Sackin index -0.0252; 4.0 s; peak memory 1219 MiB.
2026-10-05T19:08:59Z INFO [375/750] 459dabd1-6355-4970-8cd3-37c9d9669bdf: Sackin index -0.0728; 1.0 s; peak memory 1219 MiB.
2026-10-05T19:09:01Z INFO [376/750] 459db2f6-cde9-493a-8f0f-bc9eb2c0b5c6: Sackin index -0.0369; 1.8 s; peak memory 1219 MiB.
2026-10-05T19:09:02Z INFO [377/750] 459dec15-b4f1-483a-9cbb-09db1b82a928: Sackin index -0.1658; 0.7 s; peak memory 1219 MiB.
2026-10-05T19:09:03Z INFO [378/750] 459e9358-12d6-4112-9be0-16b209bdce80: Sackin index -0.1349; 0.9 s; peak memory 1219 MiB.
2026-10-05T19:09:04Z INFO [379/750] 459ead11-bc40-4496-a02c-feec11f5fb8f: Sackin index -0.1349; 0.8 s; peak memory 1219 MiB.
2026-10-05T19:09:05Z INFO [380/750] 459f1ced-3a20-469a-a6bf-e5ec4334e01a: Sackin index -0.1201; 0.9 s; peak memory 1219 MiB.
2026-10-05T19:09:06Z INFO [381/750] 45a04f1b-e206-4616-b1ae-e9a01375b4ef: Sackin index -0.0702; 0.8 s; peak memory 1219 MiB.
2026-10-05T19:09:08Z INFO [382/750] 45a0a7f5-1448-4fff-a565-bf5d423d37f9: Sackin index -0.0660; 2.1 s; peak memory 1219 MiB.
2026-10-05T19:09:09Z INFO [383/750] 45a0f37f-cf12-4635-8631-12f0490021ad: Sackin index -0.1349; 0.9 s; peak memory 1219 MiB.
2026-10-05T19:09:16Z INFO [384/750] 45a17611-0210-47ba-8f44-d3d6a61891fa: Sackin index -0.0173; 7.4 s; peak memory 1219 MiB.
2026-10-05T19:09:24Z INFO [385/750] 45a1769d-2390-4b89-9668-c64eb62dbd54: Sackin index -0.0691; 7.6 s; peak memory 1219 MiB.
2026-10-05T19:09:26Z INFO [386/750] 45a1d0b8-43ab-478b-819d-e76e58727e20: Sackin index -0.0693; 2.3 s; peak memory 1219 MiB.
2026-10-05T19:09:27Z INFO [387/750] 45a22e16-c040-41d3-a312-04b85c9104c8: Sackin index -0.1000; 1.1 s; peak memory 1219 MiB.
2026-10-05T19:09:33Z INFO [388/750] 45a23332-8e93-4379-8ee7-8eb9d5431740: Sackin index -0.0288; 6.6 s; peak memory 1219 MiB.
2026-10-05T19:09:35Z INFO [389/750] 45a23bf0-4799-429d-90d4-0aae4605ad51: Sackin index -0.0681; 1.7 s; peak memory 1219 MiB.
2026-10-05T19:09:36Z INFO [390/750] 45a28541-79bc-434a-9a9a-f6dd32d634b5: Sackin index -0.0745; 1.0 s; peak memory 1219 MiB.
2026-10-05T19:09:38Z INFO [391/750] 45a318c4-5445-41ca-8898-3a05866e969f: Sackin index -0.0904; 1.8 s; peak memory 1219 MiB.
2026-10-05T19:09:39Z INFO [392/750] 45a37b26-ef05-43ea-8159-fd08f9279185: Sackin index -0.1349; 0.8 s; peak memory 1219 MiB.
2026-10-05T19:09:40Z INFO [393/750] 45a3ebe4-1b9d-45a4-be25-0834e9803d76: Sackin index -0.0702; 0.9 s; peak memory 1219 MiB.
2026-10-05T19:09:41Z INFO [394/750] 45a4c344-6fd6-4693-ad28-30aca078da38: Sackin index -0.1349; 0.9 s; peak memory 1219 MiB.
2026-10-05T19:09:42Z INFO [395/750] 45a58e2f-4cae-4fd4-8015-768ed9ed055d: Sackin index -0.1356; 1.3 s; peak memory 1219 MiB.
2026-10-05T19:09:43Z INFO [396/750] 45a5e8f4-d7b5-4bd0-836a-ddad0f2ebd9d: Sackin index -0.1421; 0.6 s; peak memory 1219 MiB.
2026-10-05T19:09:44Z INFO [397/750] 45a630da-e976-43d1-a05c-fe7e23ec4de5: Sackin index -0.0383; 1.3 s; peak memory 1219 MiB.
2026-10-05T19:09:45Z INFO [398/750] 45a6f667-b2f8-4a5c-8882-6fc65954f321: Sackin index -0.0709; 1.0 s; peak memory 1219 MiB.
2026-10-05T19:09:58Z INFO [399/750] 45a71789-edf3-47d0-8167-e8ba48899ff0: Sackin index -0.1462; 13.1 s; peak memory 1219 MiB.
2026-10-05T19:10:00Z INFO [400/750] 45a7d6e1-ee2b-4e04-b1f9-5c8cb416dd40: Sackin index -0.0699; 2.1 s; peak memory 1219 MiB.
2026-10-05T19:10:00Z INFO [400/750] 45a7d6e1-ee2b-4e04-b1f9-5c8cb416dd40: checkpointed 80486 records.
2026-10-05T19:10:10Z INFO [401/750] 45a807bf-7cb9-46d1-9fe9-979c90a3dd40: Sackin index -0.0069; 10.3 s; peak memory 1219 MiB.
2026-10-05T19:10:11Z INFO [402/750] 45a982b7-fdde-4f29-8637-2f63ebf188b4: Sackin index -0.1349; 0.8 s; peak memory 1219 MiB.
2026-10-05T19:10:12Z INFO [403/750] 45a9fc03-1851-4d41-8d80-df04aa6063df: Sackin index -0.1349; 0.9 s; peak memory 1219 MiB.
2026-10-05T19:10:13Z INFO [404/750] 45aa3493-7a1b-4eec-9949-8f9d45a92680: Sackin index -0.0380; 0.8 s; peak memory 1219 MiB.
2026-10-05T19:10:14Z INFO [405/750] 45aa5949-dc3e-4e3c-b238-0b08cc8b1e71: Sackin index -0.1135; 0.6 s; peak memory 1219 MiB.
2026-10-05T19:10:14Z INFO [406/750] 45aa6979-dbbb-4c09-9d72-6646a7fc103a: Sackin index -0.0722; 0.8 s; peak memory 1219 MiB.
2026-10-05T19:10:15Z INFO [407/750] 45aa8a81-5710-4750-b363-93355ce6f4be: Sackin index -0.1349; 0.9 s; peak memory 1219 MiB.
2026-10-05T19:10:16Z INFO [408/750] 45aadc6d-1cd3-42ac-9cd4-cd00c0417532: Sackin index -0.0702; 1.0 s; peak memory 1219 MiB.
2026-10-05T19:10:17Z INFO [409/750] 45ab2a30-cb8b-4831-963d-7def3f79c99e: Sackin index -0.1658; 0.6 s; peak memory 1219 MiB.
2026-10-05T19:10:19Z INFO [410/750] 45ac309e-02ae-4525-9faf-d0c8a31eba97: Sackin index -0.0369; 2.1 s; peak memory 1219 MiB.
2026-10-05T19:12:47Z INFO [411/750] 45ac9314-e75e-4e0a-a3ce-dcdb10c9bff6: Sackin index -0.0434; 147.7 s; peak memory 1219 MiB.
2026-10-05T19:12:48Z INFO [412/750] 45acd609-06b4-4c60-88e9-d5b4b5a8e897: Sackin index -0.1349; 1.1 s; peak memory 1219 MiB.
2026-10-05T19:12:55Z INFO [413/750] 45acfd85-865f-42ff-a27c-8f3763f9c6b5: Sackin index -0.1599; 6.9 s; peak memory 1219 MiB.
2026-10-05T19:13:05Z INFO [414/750] 45ad15fd-8f76-4331-9fdd-18d6a3b4405d: Sackin index -0.0142; 9.9 s; peak memory 1219 MiB.
2026-10-05T19:13:09Z INFO [415/750] 45ad454a-06ab-481f-8e8c-a0a0dac53fe3: Sackin index -0.0251; 4.3 s; peak memory 1219 MiB.
2026-10-05T19:13:10Z INFO [416/750] 45ad6096-6cdc-4b3f-9204-be27290409da: Sackin index -0.1349; 1.0 s; peak memory 1219 MiB.
2026-10-05T19:13:11Z INFO [417/750] 45ad76e6-c815-4fe9-ab83-7bf3d928252a: Sackin index -0.0728; 0.9 s; peak memory 1219 MiB.
2026-10-05T19:13:13Z INFO [418/750] 45ad83b6-c2fa-466f-90bd-da161aa1225e: Sackin index -0.1370; 2.3 s; peak memory 1219 MiB.
2026-10-05T19:13:14Z INFO [419/750] 45adb583-bee0-4499-acbc-07fcc6dccde0: Sackin index -0.1484; 0.6 s; peak memory 1219 MiB.
2026-10-05T19:18:06Z INFO [420/750] 45add1d6-1263-4394-83c4-51c0aa231f5e: Sackin index -0.0396; 292.1 s; peak memory 1219 MiB.
2026-10-05T19:18:07Z INFO [421/750] 45ae0e3c-117b-482f-a98d-52ee11cc7046: Sackin index -0.1349; 1.1 s; peak memory 1219 MiB.
2026-10-05T19:18:22Z INFO [422/750] 45ae273d-8904-4162-aaa2-898bab78cb0d: Sackin index -0.0172; 15.4 s; peak memory 1219 MiB.
2026-10-05T19:18:23Z INFO [423/750] 45afa9ac-f9bc-4007-86fb-63221f06fa1b: Sackin index -0.1349; 1.0 s; peak memory 1219 MiB.
2026-10-05T19:18:26Z INFO [424/750] 45b01598-36f5-48ea-ba6f-6a386df9ef6c: Sackin index -0.0648; 2.5 s; peak memory 1219 MiB.
2026-10-05T19:18:27Z INFO [425/750] 45b0d873-48ad-4e50-b785-0afda8f10ebc: Sackin index -0.0457; 1.3 s; peak memory 1219 MiB.
2026-10-05T19:18:28Z INFO [426/750] 45b172fd-f837-41d4-a1e3-0695954c32ef: Sackin index -0.1349; 1.1 s; peak memory 1219 MiB.
2026-10-05T19:19:06Z INFO [427/750] 45b1bb25-ca1f-43a8-8cf8-60b28a691229: Sackin index -0.1144; 37.5 s; peak memory 1219 MiB.
2026-10-05T19:19:06Z INFO [428/750] 45b21563-a346-4f76-ba39-ede0a07e8c5f: Sackin index -0.1349; 0.7 s; peak memory 1219 MiB.
2026-10-05T19:19:07Z INFO [429/750] 45b39c31-1d1e-4924-867b-dcfdba37f512: Sackin index -0.0707; 0.7 s; peak memory 1219 MiB.
2026-10-05T19:19:08Z INFO [430/750] 45b4914f-4a75-40f1-83c7-d181a2887163: Sackin index -0.1248; 0.8 s; peak memory 1219 MiB.
2026-10-05T19:19:09Z INFO [431/750] 45b52698-6726-42ae-b334-5de4fcd2c6d0: Sackin index -0.1210; 1.4 s; peak memory 1219 MiB.
2026-10-05T19:19:10Z INFO [432/750] 45b53106-34dd-49e5-9564-69edb8c1b785: Sackin index -0.1026; 1.0 s; peak memory 1219 MiB.
2026-10-05T19:19:18Z INFO [433/750] 45b55560-3f32-4cf1-9a90-5563f2a3a821: Sackin index -0.0039; 7.8 s; peak memory 1219 MiB.
2026-10-05T19:19:20Z INFO [434/750] 45b5903a-8eef-4140-9398-3cff0e9fc156: Sackin index -0.0824; 1.6 s; peak memory 1219 MiB.
2026-10-05T19:19:20Z INFO [435/750] 45b62aff-ac03-48df-8103-7599566451dc: Sackin index -0.1658; 0.4 s; peak memory 1219 MiB.
2026-10-05T19:19:21Z INFO [436/750] 45b695f3-7e3e-458e-9062-868fe1c1581a: Sackin index -0.1019; 1.3 s; peak memory 1219 MiB.
2026-10-05T19:19:22Z INFO [437/750] 45b6deb2-0ef2-4258-8f1d-49527de2abaa: Sackin index -0.1349; 0.9 s; peak memory 1219 MiB.
2026-10-05T19:19:26Z INFO [438/750] 45b7b4a0-42b8-4c44-ab41-922920050a7a: Sackin index -0.0772; 3.6 s; peak memory 1219 MiB.
2026-10-05T19:19:33Z INFO [439/750] 45b7bcbb-5714-40b2-ba8c-e73c54d79f11: Sackin index -0.0213; 6.7 s; peak memory 1219 MiB.
2026-10-05T19:19:34Z INFO [440/750] 45b970f7-a99b-4e19-8f04-5009fee9e60b: Sackin index -0.1349; 0.9 s; peak memory 1219 MiB.
2026-10-05T19:19:35Z INFO [441/750] 45ba07f5-8ee8-41d4-bcf1-92064b8b9906: Sackin index -0.1349; 1.0 s; peak memory 1219 MiB.
2026-10-05T19:19:37Z INFO [442/750] 45bdc434-b8f4-4bd4-8951-97c7aaeff345: Sackin index -0.0424; 2.8 s; peak memory 1219 MiB.
2026-10-05T19:19:43Z INFO [443/750] 45be8b02-20c0-4d69-a79d-99b8f1c70e5f: Sackin index -0.0161; 5.6 s; peak memory 1219 MiB.
2026-10-05T19:19:44Z INFO [444/750] 45bfb1fe-cf25-44be-b9f6-1e0aeb777d70: Sackin index -0.1459; 0.7 s; peak memory 1219 MiB.
2026-10-05T19:19:45Z INFO [445/750] 45bfb4f9-cbd1-411a-8a73-b193266756bd: Sackin index -0.0702; 1.0 s; peak memory 1219 MiB.
2026-10-05T19:19:45Z INFO [446/750] 45c0dda2-6e85-4c8e-85f3-e515154ddbc1: Sackin index -0.1448; 0.6 s; peak memory 1219 MiB.
2026-10-05T19:19:46Z INFO [447/750] 45c13e23-d1f4-4120-8318-f3d277cd9d63: Sackin index -0.1658; 0.6 s; peak memory 1219 MiB.
2026-10-05T19:19:46Z INFO [448/750] 45c1d2ed-5bf2-40cc-a4df-67d7314af27e: Sackin index -0.1938; 0.5 s; peak memory 1219 MiB.
2026-10-05T19:19:48Z INFO [449/750] 45c2cce8-492b-4b92-ae71-67b4ca6066ca: Sackin index -0.1356; 1.5 s; peak memory 1219 MiB.
2026-10-05T19:19:48Z INFO [450/750] 45c2fff0-5464-4592-acff-f50b2d9243dd: Sackin index -0.1658; 0.5 s; peak memory 1219 MiB.
2026-10-05T19:19:49Z INFO [450/750] 45c2fff0-5464-4592-acff-f50b2d9243dd: checkpointed 80536 records.
2026-10-05T19:19:50Z INFO [451/750] 45c384f2-8d23-48c2-9344-17bbfe2828e3: Sackin index -0.1383; 0.9 s; peak memory 1219 MiB.
2026-10-05T19:19:50Z INFO [452/750] 45c4722f-a5f6-4a5a-8e12-a15fa81443b4: Sackin index -0.0702; 0.7 s; peak memory 1219 MiB.
2026-10-05T19:19:53Z INFO [453/750] 45c48141-c888-4285-9a14-78ca2601318f: Sackin index -0.0251; 3.0 s; peak memory 1219 MiB.
2026-10-05T19:19:58Z INFO [454/750] 45c4e887-a8bf-4fd6-adb1-10e3e124c2f5: Sackin index -0.0476; 4.8 s; peak memory 1219 MiB.
2026-10-05T19:19:59Z INFO [455/750] 45c53445-3e8d-4076-b015-c93d538a8d83: Sackin index -0.1349; 0.9 s; peak memory 1219 MiB.
2026-10-05T19:20:00Z INFO [456/750] 45c5817a-4b95-4f34-a1d1-ab3b39391062: Sackin index -0.2000; 0.7 s; peak memory 1219 MiB.
2026-10-05T19:20:01Z INFO [457/750] 45c5a17c-aeaf-4cd0-bd7c-f87e48593772: Sackin index -0.1349; 0.8 s; peak memory 1219 MiB.
2026-10-05T19:20:01Z INFO [458/750] 45c5cb6f-6dba-4992-aa77-64090cbc55a4: Sackin index -0.1349; 0.9 s; peak memory 1219 MiB.
2026-10-05T19:20:02Z INFO [459/750] 45c5da83-964b-4f2d-8674-c07bb087236f: Sackin index -0.0696; 0.8 s; peak memory 1219 MiB.
2026-10-05T19:20:27Z INFO [460/750] 45c641db-9e9a-4ebb-ab3a-4cabf0dae0c8: Sackin index -0.1367; 24.8 s; peak memory 1219 MiB.
2026-10-05T19:20:35Z INFO [461/750] 45c65802-beb4-4d70-94ec-ce61f52a4135: Sackin index -0.0247; 8.2 s; peak memory 1219 MiB.
2026-10-05T19:20:36Z INFO [462/750] 45c69e04-6473-41cb-adef-805806c01377: Sackin index -0.0702; 0.9 s; peak memory 1219 MiB.
2026-10-05T19:20:37Z INFO [463/750] 45c6d446-1bac-4b10-bad7-0363fae2ada7: Sackin index -0.0387; 0.9 s; peak memory 1219 MiB.
2026-10-05T19:20:39Z INFO [464/750] 45c74ce6-f1ef-454a-88cd-d64ae8f18cda: Sackin index -0.0272; 1.8 s; peak memory 1219 MiB.
2026-10-05T19:20:44Z INFO [465/750] 45c793a0-f7a1-4228-b76e-2a0397cd685b: Sackin index -0.0044; 5.1 s; peak memory 1219 MiB.
2026-10-05T19:20:44Z INFO [466/750] 45c7a4b6-3116-4b6c-8342-af0b94ef3f58: Sackin index -0.2147; 0.6 s; peak memory 1219 MiB.
2026-10-05T19:20:47Z INFO [467/750] 45c7fc4a-c0ee-452c-baf4-488f741822e3: Sackin index -0.1938; 2.1 s; peak memory 1219 MiB.
2026-10-05T19:20:47Z INFO [468/750] 45c848cb-3086-4ccf-b831-911481fddb23: Sackin index -0.0702; 0.9 s; peak memory 1219 MiB.
2026-10-05T19:20:48Z INFO [469/750] 45c8e728-869c-4eff-8e0f-c9eea6d848c5: Sackin index -0.0881; 1.0 s; peak memory 1219 MiB.
2026-10-05T19:20:49Z INFO [470/750] 45c9a104-deb4-480b-8842-22d7c5fa79c2: Sackin index -0.1349; 0.8 s; peak memory 1219 MiB.
2026-10-05T19:20:50Z INFO [471/750] 45ca890d-917f-4fc2-8372-33df2277b7e7: Sackin index -0.1349; 0.8 s; peak memory 1219 MiB.
2026-10-05T19:20:52Z INFO [472/750] 45ca9146-1ea4-46f0-a42e-ae57e443df53: Sackin index -0.0699; 2.0 s; peak memory 1219 MiB.
2026-10-05T19:20:54Z INFO [473/750] 45ca93ff-aebe-4c35-a322-e09cbe9177aa: Sackin index -0.1938; 1.9 s; peak memory 1219 MiB.
2026-10-05T19:21:00Z INFO [474/750] 45cbdd2f-20ab-4de8-9618-7e290bfec156: Sackin index -0.0135; 6.0 s; peak memory 1219 MiB.
2026-10-05T19:21:05Z INFO [475/750] 45cc1a2b-d095-4406-960b-5c26830e2545: Sackin index -0.0251; 4.7 s; peak memory 1219 MiB.
2026-10-05T19:21:06Z INFO [476/750] 45cca95e-1bcd-44b6-a7ae-c582850820c5: Sackin index -0.0728; 1.0 s; peak memory 1219 MiB.
2026-10-05T19:21:08Z INFO [477/750] 45cd3f14-56c1-439e-9196-c6a88ba27706: Sackin index -0.0660; 2.4 s; peak memory 1219 MiB.
2026-10-05T19:21:09Z INFO [478/750] 45cda9d3-92bb-4463-98a9-24c6e5fee888: Sackin index -0.0745; 1.0 s; peak memory 1219 MiB.
2026-10-05T19:21:10Z INFO [479/750] 45cdc598-c91e-47bf-8c23-fbd002126047: Sackin index -0.0709; 0.8 s; peak memory 1219 MiB.
2026-10-05T19:21:39Z INFO [480/750] 45cdea05-5e13-49e2-b465-f6294a06093f: Sackin index -0.2073; 28.8 s; peak memory 1219 MiB.
2026-10-05T19:21:40Z INFO [481/750] 45cebb70-7e50-4025-a940-cad6b1b88089: Sackin index -0.1349; 1.0 s; peak memory 1219 MiB.
2026-10-05T19:21:41Z INFO [482/750] 45d0105f-6421-4368-93f9-dca645ca584c: Sackin index -0.0696; 0.8 s; peak memory 1219 MiB.
2026-10-05T19:21:46Z INFO [483/750] 45d09b8a-c729-4cda-bafa-371b20738d61: Sackin index -0.0203; 5.2 s; peak memory 1219 MiB.
2026-10-05T19:21:47Z INFO [484/750] 45d1ba1e-7a03-4d4c-aff6-26f063929c3a: Sackin index -0.1356; 1.5 s; peak memory 1219 MiB.
2026-10-05T19:21:48Z INFO [485/750] 45d233a6-47f2-44f8-ac5d-7dd523293335: Sackin index -0.1602; 1.0 s; peak memory 1219 MiB.
2026-10-05T19:21:50Z INFO [486/750] 45d33049-43fa-43f8-be45-4ded15c72aa0: Sackin index -0.1000; 1.4 s; peak memory 1219 MiB.
2026-10-05T19:21:51Z INFO [487/750] 45d37b4e-ea39-46dc-b44b-0835beb3deed: Sackin index -0.0369; 1.7 s; peak memory 1219 MiB.
2026-10-05T19:21:52Z INFO [488/750] 45d3b727-dfc3-4756-9477-0456bac82861: Sackin index -0.1272; 0.6 s; peak memory 1219 MiB.
2026-10-05T19:21:54Z INFO [489/750] 45d3c992-4026-4587-89bc-7d7627394f42: Sackin index -0.0704; 1.9 s; peak memory 1219 MiB.
2026-10-05T19:21:55Z INFO [490/750] 45d3f8bf-05f3-4402-a0d2-cabf05044a61: Sackin index -0.1383; 1.2 s; peak memory 1219 MiB.
2026-10-05T19:22:00Z INFO [491/750] 45d45972-e08b-4300-9b9d-12ec06077268: Sackin index -0.0348; 5.3 s; peak memory 1219 MiB.
2026-10-05T19:22:24Z INFO [492/750] 45d4aa67-f75f-40ec-8e1b-5e0b6456001f: Sackin index -0.1367; 23.9 s; peak memory 1219 MiB.
2026-10-05T19:22:25Z INFO [493/750] 45d53c34-859f-4f19-be4f-1de293899521: Sackin index -0.0944; 0.9 s; peak memory 1219 MiB.
2026-10-05T19:22:26Z INFO [494/750] 45d55695-576f-4ae1-ad06-150060ab75d9: Sackin index -0.1349; 0.9 s; peak memory 1219 MiB.
2026-10-05T19:22:27Z INFO [495/750] 45d59419-da8b-4209-b979-7546d9220047: Sackin index -0.1331; 0.7 s; peak memory 1219 MiB.
2026-10-05T19:22:30Z INFO [496/750] 45d5e536-64c1-4032-a144-4acf12d6a403: Sackin index -0.0539; 2.9 s; peak memory 1219 MiB.
2026-10-05T19:22:36Z INFO [497/750] 45d5f13a-d26f-4686-a695-d593c4b9e48f: Sackin index -0.0137; 6.3 s; peak memory 1219 MiB.
2026-10-05T19:22:37Z INFO [498/750] 45d65bf2-d9e2-4dd3-90fb-57053e16697c: Sackin index -0.1201; 0.8 s; peak memory 1219 MiB.
2026-10-05T19:22:38Z INFO [499/750] 45d6964e-63a0-4b1c-af2a-b719aa2d7969: Sackin index -0.1658; 0.7 s; peak memory 1219 MiB.
2026-10-05T19:22:39Z INFO [500/750] 45d86027-784e-4965-ae07-46297d5bc39b: Sackin index -0.0696; 0.9 s; peak memory 1219 MiB.
2026-10-05T19:22:39Z INFO [500/750] 45d86027-784e-4965-ae07-46297d5bc39b: checkpointed 80586 records.
2026-10-05T19:22:40Z INFO [501/750] 45d88b60-bee5-44ff-a8f7-a6c68cbca82c: Sackin index -0.1331; 0.8 s; peak memory 1219 MiB.
2026-10-05T19:22:41Z INFO [502/750] 45d89076-5cad-48eb-870c-f1919eb37e1a: Sackin index -0.0699; 1.7 s; peak memory 1219 MiB.
2026-10-05T19:22:43Z INFO [503/750] 45d8b0e5-26be-48b6-89dc-9302798d24c1: Sackin index -0.0728; 1.2 s; peak memory 1219 MiB.
2026-10-05T19:22:43Z INFO [504/750] 45da0b82-b445-4255-b832-059928b42852: Sackin index -0.0702; 0.9 s; peak memory 1219 MiB.
2026-10-05T19:22:45Z INFO [505/750] 45da821d-623b-4995-b214-ab9bcb042d89: Sackin index -0.1349; 1.1 s; peak memory 1219 MiB.
2026-10-05T19:22:45Z INFO [506/750] 45da8ebf-9954-4c43-bb1c-24108aa87b10: Sackin index -0.1321; 0.8 s; peak memory 1219 MiB.
2026-10-05T19:22:46Z INFO [507/750] 45db304a-0257-4797-9424-b0711561a174: Sackin index -0.0375; 0.9 s; peak memory 1219 MiB.
2026-10-05T19:22:47Z INFO [508/750] 45db315e-587d-4dde-91f6-4464a7f50c36: Sackin index -0.1331; 0.9 s; peak memory 1219 MiB.
2026-10-05T19:22:48Z INFO [509/750] 45dcb2c5-50aa-48eb-96a7-660a4b6b1e3f: Sackin index -0.0728; 1.0 s; peak memory 1219 MiB.
2026-10-05T19:22:50Z INFO [510/750] 45de2c83-6d7b-4403-8659-95508d20ae3e: Sackin index -0.0272; 2.0 s; peak memory 1219 MiB.
2026-10-05T19:22:51Z INFO [511/750] 45de2d95-983e-482c-9dbe-a8ea9864832b: Sackin index -0.1349; 1.1 s; peak memory 1219 MiB.
2026-10-05T19:22:52Z INFO [512/750] 45de6b60-0891-4f3f-beab-8f2ed55726a5: Sackin index -0.2073; 0.6 s; peak memory 1219 MiB.
2026-10-05T19:22:52Z INFO [513/750] 45ded475-75c5-435b-aeee-1ac3afa971e0: Sackin index -0.1161; 0.6 s; peak memory 1219 MiB.
2026-10-05T19:22:53Z INFO [514/750] 45def5b4-42da-4f23-89a5-bb6436a0d2df: Sackin index -0.0702; 1.0 s; peak memory 1219 MiB.
2026-10-05T19:22:54Z INFO [515/750] 45df6d8e-2f00-48bb-bf09-6dcd9adcdd9d: Sackin index -0.1349; 0.9 s; peak memory 1219 MiB.
2026-10-05T19:23:08Z INFO [516/750] 45dfe85e-8e3c-4de8-9273-bdea2205d626: Sackin index -0.1462; 13.6 s; peak memory 1219 MiB.
2026-10-05T19:23:09Z INFO [517/750] 45e0559c-7f54-4f1f-a36d-a78634bd50ce: Sackin index -0.1938; 0.8 s; peak memory 1219 MiB.
2026-10-05T19:23:10Z INFO [518/750] 45e0f563-4e45-4a68-a2a2-2d8bee0c4378: Sackin index -0.0702; 0.9 s; peak memory 1219 MiB.
2026-10-05T19:23:11Z INFO [519/750] 45e1a677-17aa-4fef-b98f-b80fa62061df: Sackin index -0.0702; 1.0 s; peak memory 1219 MiB.
2026-10-05T19:23:12Z INFO [520/750] 45e2a062-e55e-46f7-b12e-8b9b55dbc46b: Sackin index -0.0379; 1.2 s; peak memory 1219 MiB.
2026-10-05T19:23:46Z INFO [521/750] 45e2c6f0-4669-4907-89ee-834e7bba1d69: Sackin index -0.0021; 34.2 s; peak memory 1219 MiB.
2026-10-05T19:23:47Z INFO [522/750] 45e2d1c1-15f0-4b9f-a23d-67cf2c8bace3: Sackin index -0.0728; 0.9 s; peak memory 1219 MiB.
2026-10-05T19:23:51Z INFO [523/750] 45e2f95e-e2af-4d3e-b553-f4fe35bef36d: Sackin index -0.0251; 4.5 s; peak memory 1219 MiB.
2026-10-05T19:23:52Z INFO [524/750] 45e4ef71-9c74-4748-aa78-4d0a241d9162: Sackin index -0.1239; 0.8 s; peak memory 1219 MiB.
2026-10-05T19:23:53Z INFO [525/750] 45e5513d-c688-47b0-9065-f6a88a0fb6cb: Sackin index -0.1248; 1.0 s; peak memory 1219 MiB.
2026-10-05T19:23:55Z INFO [526/750] 45e5f0fa-08cd-44c9-9c0d-1099fb76ad2b: Sackin index -0.0369; 1.5 s; peak memory 1219 MiB.
2026-10-05T19:48:43Z INFO [527/750] 45e62320-455c-49ad-b75f-72fabd50fe31: Sackin index -0.1499; 1488.1 s; peak memory 1219 MiB.
2026-10-05T19:48:44Z INFO [528/750] 45e62375-6fbb-4b7d-b5b0-3ac3b0ef375c: Sackin index -0.0952; 1.2 s; peak memory 1219 MiB.
2026-10-05T19:48:45Z INFO [529/750] 45e6f9ca-8340-480a-b989-7f92dde4d6b3: Sackin index -0.1349; 1.2 s; peak memory 1219 MiB.
2026-10-05T19:48:46Z INFO [530/750] 45e86b7f-9adc-4280-ba86-a63a728bdb9e: Sackin index -0.1349; 0.8 s; peak memory 1219 MiB.
2026-10-05T19:48:47Z INFO [531/750] 45e8b1c1-5eb0-4afc-8630-d496762e8c9a: Sackin index -0.1349; 0.8 s; peak memory 1219 MiB.
2026-10-05T19:48:47Z INFO [532/750] 45e8e916-5b48-46d6-b655-aeca8fdcfd2c: Sackin index -0.1248; 0.8 s; peak memory 1219 MiB.
2026-10-05T19:48:49Z INFO [533/750] 45e95b54-a4da-4bd1-9057-42cb7ee89220: Sackin index -0.1273; 1.1 s; peak memory 1219 MiB.
2026-10-05T19:48:49Z INFO [534/750] 45e9cf26-6b77-4cc8-9ed4-36a84d320099: Sackin index -0.1349; 0.8 s; peak memory 1219 MiB.
2026-10-05T19:48:50Z INFO [535/750] 45ea3741-6273-4c67-a2c8-72d4b05007c7: Sackin index -0.0745; 0.8 s; peak memory 1219 MiB.
2026-10-05T19:48:52Z INFO [536/750] 45ea52f7-3acd-48a7-9bfb-478c2c9509ba: Sackin index -0.0369; 1.5 s; peak memory 1219 MiB.
2026-10-05T19:48:53Z INFO [537/750] 45ea6bbb-3cc4-4146-ab8e-9379e17bd8d3: Sackin index -0.0696; 1.0 s; peak memory 1219 MiB.
2026-10-05T19:48:54Z INFO [538/750] 45ea95be-ada5-446c-9090-7360e1da9d89: Sackin index -0.1248; 0.9 s; peak memory 1219 MiB.
2026-10-05T19:48:55Z INFO [539/750] 45eb1efb-c769-4b8b-b3c5-0a6ad9b4ce38: Sackin index -0.1044; 1.5 s; peak memory 1219 MiB.
2026-10-05T19:49:01Z INFO [540/750] 45eb7615-ebaa-4459-bd2a-ef61b26f6626: Sackin index -0.0435; 5.6 s; peak memory 1219 MiB.
2026-10-05T19:49:01Z INFO [541/750] 45ec03c8-2bb8-40f0-9926-165683bb2244: Sackin index -0.0709; 0.9 s; peak memory 1219 MiB.
2026-10-05T19:49:02Z INFO [542/750] 45ed5d95-db0a-4d93-89c1-a57a27c1fc30: Sackin index -0.1117; 0.9 s; peak memory 1219 MiB.
2026-10-05T19:49:04Z INFO [543/750] 45ef13d5-074d-43c3-8715-cc2e88d7b814: Sackin index -0.1291; 1.4 s; peak memory 1219 MiB.
2026-10-05T19:49:05Z INFO [544/750] 45ef8b85-cedb-48a6-bfe3-6e6dd22927d5: Sackin index -0.0728; 0.9 s; peak memory 1219 MiB.
2026-10-05T19:49:05Z INFO [545/750] 45f306fb-d10b-4c3a-b5ca-3825822b7755: Sackin index -0.1448; 0.5 s; peak memory 1219 MiB.
2026-10-05T19:49:07Z INFO [546/750] 45f44a47-3a4e-4c4a-a7e9-a463e5ea9b9a: Sackin index -0.0797; 2.0 s; peak memory 1219 MiB.
2026-10-05T19:49:16Z INFO [547/750] 45f50dde-e1c6-4983-827d-dcb696d4300c: Sackin index -0.0138; 8.3 s; peak memory 1219 MiB.
2026-10-05T19:49:16Z INFO [548/750] 45f52314-aaeb-4bfa-bba2-c61cb12c0b47: Sackin index -0.0696; 0.8 s; peak memory 1219 MiB.
2026-10-05T19:49:17Z INFO [549/750] 45f58784-260f-47d9-81a3-51d9ad24062a: Sackin index -0.1349; 0.8 s; peak memory 1219 MiB.
2026-10-05T19:49:18Z INFO [550/750] 45f602d1-1a73-439b-b8c3-2363af97f760: Sackin index -0.1349; 0.8 s; peak memory 1219 MiB.
2026-10-05T19:49:18Z INFO [550/750] 45f602d1-1a73-439b-b8c3-2363af97f760: checkpointed 80636 records.
2026-10-05T19:53:11Z INFO [551/750] 45f67eaf-47aa-4774-8236-c34d83f82dcc: Sackin index -0.0409; 232.9 s; peak memory 1219 MiB.
2026-10-05T19:53:12Z INFO [552/750] 45f77b4a-c292-4f7e-8fbb-1661b2dc0afc: Sackin index -0.0272; 1.3 s; peak memory 1219 MiB.
2026-10-05T19:53:18Z INFO [553/750] 45f7cdd5-73a7-4d15-9dd7-c1f855ef166e: Sackin index -0.0240; 5.5 s; peak memory 1219 MiB.
2026-10-05T19:53:19Z INFO [554/750] 45f7f806-7b53-4223-9caa-e7165c3c600f: Sackin index -0.0745; 1.2 s; peak memory 1219 MiB.
2026-10-05T19:53:20Z INFO [555/750] 45f83566-ab9a-4f67-8d59-036a3415345d: Sackin index -0.1349; 0.9 s; peak memory 1219 MiB.
2026-10-05T19:53:21Z INFO [556/750] 45f83a7f-d831-4ac1-b348-c713e7546a7b: Sackin index -0.0881; 1.0 s; peak memory 1219 MiB.
2026-10-05T19:55:44Z INFO [557/750] 45f8cd37-5178-4034-a62b-f0d3a930745d: Sackin index -0.0667; 142.7 s; peak memory 1366 MiB.
2026-10-05T19:55:44Z INFO [558/750] 45f92796-6952-4ae1-a74b-cdd794ffb528: Sackin index -0.1349; 0.8 s; peak memory 1366 MiB.
2026-10-05T19:55:49Z INFO [559/750] 45f93904-0033-4448-b729-09651a6de2d8: Sackin index -0.0435; 4.9 s; peak memory 1366 MiB.
2026-10-05T19:55:50Z INFO [560/750] 45fa2d3a-f424-4395-a421-7a95cee41bc5: Sackin index -0.1349; 0.8 s; peak memory 1366 MiB.
2026-10-05T19:55:58Z INFO [561/750] 45fa4c75-deb8-4b9c-810a-4a81c06488f3: Sackin index -0.0101; 8.4 s; peak memory 1366 MiB.
2026-10-05T19:56:00Z INFO [562/750] 45fa7cb0-d477-466c-9590-68ef69a69ceb: Sackin index -0.0369; 1.9 s; peak memory 1366 MiB.
2026-10-05T19:56:01Z INFO [563/750] 45fad482-6438-4679-a430-d1de8eb0994f: Sackin index -0.0748; 0.8 s; peak memory 1366 MiB.
2026-10-05T19:56:11Z INFO [564/750] 45fae52b-e64f-460d-9bbf-44a05d16363e: Sackin index -0.0167; 9.4 s; peak memory 1366 MiB.
2026-10-05T19:56:15Z INFO [565/750] 45fae588-22be-44df-8fc8-eca8ca281949: Sackin index -0.0266; 3.9 s; peak memory 1366 MiB.
2026-10-05T19:56:16Z INFO [566/750] 45fcda97-a698-494c-aead-5f7c05f59b2f: Sackin index -0.0386; 1.0 s; peak memory 1366 MiB.
2026-10-05T19:56:33Z INFO [567/750] 45fcf05c-60e2-4322-a674-6f61c1e3121f: Sackin index -0.0237; 17.3 s; peak memory 1366 MiB.
2026-10-05T19:56:34Z INFO [568/750] 45fd597b-0f2a-4550-920c-d8932a6555f5: Sackin index -0.0728; 1.0 s; peak memory 1366 MiB.
2026-10-05T19:56:37Z INFO [569/750] 45fd5e60-2086-4b99-b07a-8a33e2e366c7: Sackin index -0.0245; 3.7 s; peak memory 1366 MiB.
2026-10-05T19:56:42Z INFO [570/750] 45fd7356-6c67-4e25-8c17-7fdf671b7860: Sackin index -0.0435; 5.0 s; peak memory 1366 MiB.
2026-10-05T19:56:45Z INFO [571/750] 45fe1092-0387-4a0b-bf97-1a45e92845e5: Sackin index -0.0660; 2.2 s; peak memory 1366 MiB.
2026-10-05T19:56:46Z INFO [572/750] 45fe596b-b0e0-4a9b-80d6-3f048c5262a5: Sackin index -0.1349; 0.9 s; peak memory 1366 MiB.
2026-10-05T19:56:46Z INFO [573/750] 46007f1d-ea2f-495a-adc4-adba8251f6bb: Sackin index -0.1938; 0.6 s; peak memory 1366 MiB.
2026-10-05T19:56:47Z INFO [574/750] 4600da93-ff6a-434a-8962-678ecde5df81: Sackin index -0.1349; 0.7 s; peak memory 1366 MiB.
2026-10-05T19:56:49Z INFO [575/750] 4600ff42-0718-4f4a-a625-5e0a1512a361: Sackin index -0.0630; 1.8 s; peak memory 1366 MiB.
2026-10-05T19:56:50Z INFO [576/750] 460122dc-5a19-479d-b8fb-678bdbbdeda9: Sackin index -0.0699; 1.7 s; peak memory 1366 MiB.
2026-10-05T19:56:51Z INFO [577/750] 4601d8a3-ff49-4ec0-850a-8e0a873ee2e1: Sackin index -0.1349; 0.7 s; peak memory 1366 MiB.
2026-10-05T19:56:52Z INFO [578/750] 460287f3-3312-43ad-8a01-667cdf6c27ed: Sackin index -0.1383; 1.0 s; peak memory 1366 MiB.
2026-10-05T19:56:53Z INFO [579/750] 4602abe3-2537-4c9d-a911-5cb30fd9bffe: Sackin index -0.0696; 0.9 s; peak memory 1366 MiB.
2026-10-05T19:56:54Z INFO [580/750] 4603265c-0fcc-424d-91d9-e79307800444: Sackin index -0.0371; 1.0 s; peak memory 1366 MiB.
2026-10-05T19:56:55Z INFO [581/750] 4603e027-2248-4daf-a796-5fe9fafc2e13: Sackin index -0.0956; 0.8 s; peak memory 1366 MiB.
2026-10-05T19:57:16Z INFO [582/750] 460573cd-b6c8-49b1-a4cf-135003c3a5c3: Sackin index -0.1367; 21.5 s; peak memory 1366 MiB.
2026-10-05T19:57:17Z INFO [583/750] 46058e49-7eab-4610-8177-8623e1ece889: Sackin index -0.0709; 0.8 s; peak memory 1366 MiB.
2026-10-05T19:57:18Z INFO [584/750] 4605eee1-3d3d-44d4-b56a-77651186b4dd: Sackin index -0.0696; 0.9 s; peak memory 1366 MiB.
2026-10-05T19:57:19Z INFO [585/750] 46066e5b-f1c3-499b-bc53-9d756595928c: Sackin index -0.1248; 0.8 s; peak memory 1366 MiB.
2026-10-05T19:57:21Z INFO [586/750] 4607da25-0918-476f-9356-7e88c532f893: Sackin index -0.0263; 2.2 s; peak memory 1366 MiB.
2026-10-05T19:57:26Z INFO [587/750] 460809c3-dfa3-4c36-bca9-9fb658d9d3b2: Sackin index -0.0455; 5.1 s; peak memory 1366 MiB.
2026-10-05T19:57:27Z INFO [588/750] 46084c08-fb02-4337-b2f9-716bb8708cca: Sackin index -0.0702; 0.9 s; peak memory 1366 MiB.
2026-10-05T19:57:34Z INFO [589/750] 460957b7-5fbb-4313-a43b-9d4388a8111b: Sackin index -0.0691; 6.8 s; peak memory 1366 MiB.
2026-10-05T19:57:35Z INFO [590/750] 4609b366-86e5-4c52-8f2d-4c2a88ad286e: Sackin index -0.0702; 0.8 s; peak memory 1366 MiB.
2026-10-05T19:57:36Z INFO [591/750] 460b155c-f6ef-412c-8455-13272c4415d9: Sackin index -0.1349; 0.9 s; peak memory 1366 MiB.
2026-10-05T19:57:37Z INFO [592/750] 460b3fe0-2283-4e9c-af7f-99c0a07ef400: Sackin index -0.1273; 1.2 s; peak memory 1366 MiB.
2026-10-05T19:57:44Z INFO [593/750] 460bbe41-4177-415c-acfa-f658706457dc: Sackin index -0.0134; 6.8 s; peak memory 1366 MiB.
2026-10-05T19:57:44Z INFO [594/750] 460bdc5f-2424-459b-8326-14fa1997bf44: Sackin index -0.1397; 0.6 s; peak memory 1366 MiB.
2026-10-05T19:57:45Z INFO [595/750] 460be9fb-c49e-4356-905f-1935e275a073: Sackin index -0.0745; 1.0 s; peak memory 1366 MiB.
2026-10-05T19:57:46Z INFO [596/750] 460ca138-bde5-40e9-bdcb-13f9cf44cd70: Sackin index -0.0696; 0.9 s; peak memory 1366 MiB.
2026-10-05T19:57:47Z INFO [597/750] 460ca295-05a5-45d1-9d06-8c073c23cfc1: Sackin index -0.0728; 1.0 s; peak memory 1366 MiB.
2026-10-05T19:57:48Z INFO [598/750] 460d2d9e-f0fd-4ac6-9f68-b38567ccbe84: Sackin index -0.0569; 1.0 s; peak memory 1366 MiB.
2026-10-05T19:57:50Z INFO [599/750] 460e30ee-6b75-4863-a908-f8f5aa5a823f: Sackin index -0.0681; 1.9 s; peak memory 1366 MiB.
2026-10-05T19:57:51Z INFO [600/750] 460e8833-4b24-43ee-b64c-79fe84d0391a: Sackin index -0.1349; 0.8 s; peak memory 1366 MiB.
2026-10-05T19:57:51Z INFO [600/750] 460e8833-4b24-43ee-b64c-79fe84d0391a: checkpointed 80686 records.
2026-10-05T19:57:52Z INFO [601/750] 460eb320-a4d7-4eaf-893f-e66a64469586: Sackin index -0.1358; 0.7 s; peak memory 1366 MiB.
2026-10-05T19:57:54Z INFO [602/750] 460fa42b-22ab-4eaf-993e-38dc020c4985: Sackin index -0.0693; 2.1 s; peak memory 1366 MiB.
2026-10-05T19:58:09Z INFO [603/750] 4610e995-7a0c-4af9-a928-26899f01f927: Sackin index -0.0026; 15.1 s; peak memory 1366 MiB.
2026-10-05T19:58:10Z INFO [604/750] 46118300-e433-4432-990f-02b9ee38984a: Sackin index -0.1248; 0.8 s; peak memory 1366 MiB.
2026-10-05T19:58:11Z INFO [605/750] 4611e314-a833-47b0-81fb-8bcf0323db4d: Sackin index -0.0728; 1.0 s; peak memory 1366 MiB.
2026-10-05T19:58:17Z INFO [606/750] 46127332-0cdd-433f-91c1-a248776f2663: Sackin index -0.0691; 6.7 s; peak memory 1366 MiB.
2026-10-05T19:58:19Z INFO [607/750] 4612fd41-17a0-40f1-8049-1cafddea0cbf: Sackin index -0.0376; 1.3 s; peak memory 1366 MiB.
2026-10-05T19:58:19Z INFO [608/750] 4613d288-aaf8-4f90-accf-c74fe03cb405: Sackin index -0.1349; 0.8 s; peak memory 1366 MiB.
2026-10-05T19:58:28Z INFO [609/750] 46143dfc-a830-42f3-89c7-06e063f41080: Sackin index -0.0033; 8.2 s; peak memory 1366 MiB.
2026-10-05T20:00:35Z INFO [610/750] 46152a74-bed4-45b7-8b9b-096102d7bda7: Sackin index -0.0286; 127.5 s; peak memory 1366 MiB.
2026-10-05T20:00:36Z INFO [611/750] 461637df-d633-4089-b642-0300cc7e0235: Sackin index -0.1248; 0.9 s; peak memory 1366 MiB.
2026-10-05T20:00:37Z INFO [612/750] 46163b74-f7c9-410b-9583-aab4b5e49b05: Sackin index -0.1349; 1.0 s; peak memory 1366 MiB.
2026-10-05T20:00:38Z INFO [613/750] 4616aa87-714d-407b-b06f-7e3d597cabb6: Sackin index -0.1349; 0.8 s; peak memory 1366 MiB.
2026-10-05T20:00:39Z INFO [614/750] 4616efb1-c859-4a4c-b878-b0e61dee4954: Sackin index -0.0728; 1.2 s; peak memory 1366 MiB.
2026-10-05T20:00:40Z INFO [615/750] 46182edb-4d95-4511-9420-0e976776ca2e: Sackin index -0.0676; 1.5 s; peak memory 1366 MiB.
2026-10-05T20:00:42Z INFO [616/750] 461905be-76ef-4a2b-9574-833d629fb203: Sackin index -0.0676; 1.5 s; peak memory 1366 MiB.
2026-10-05T20:00:43Z INFO [617/750] 4619c159-e123-4041-b4f4-4f1489b62b68: Sackin index -0.0728; 0.9 s; peak memory 1366 MiB.
2026-10-05T20:00:44Z INFO [618/750] 4619c20b-e64a-4d93-b3e0-e7bd76bd5e24: Sackin index -0.0956; 0.8 s; peak memory 1366 MiB.
2026-10-05T20:00:44Z INFO [619/750] 4619d01d-ece7-4bbb-bcc5-04265a8ada9b: Sackin index -0.1349; 0.8 s; peak memory 1366 MiB.
2026-10-05T20:00:53Z INFO [620/750] 461a11d6-77a9-416e-9d36-334da3e458a7: Sackin index -0.0254; 8.1 s; peak memory 1366 MiB.
2026-10-05T20:01:46Z INFO [621/750] 461a2cb3-314e-4745-b416-13c2700f8909: Sackin index -0.0967; 53.2 s; peak memory 1366 MiB.
2026-10-05T20:01:46Z INFO [622/750] 461a37c4-a9a4-42ad-b888-d2c97d8d7d74: Sackin index -0.1161; 0.6 s; peak memory 1366 MiB.
2026-10-05T20:01:52Z INFO [623/750] 461a61e2-9ffc-4c67-9b1f-84be2e468b78: Sackin index -0.0196; 5.2 s; peak memory 1366 MiB.
2026-10-05T20:01:53Z INFO [624/750] 461adc06-c97f-4b61-a02f-9136f9b2159e: Sackin index -0.0699; 1.6 s; peak memory 1366 MiB.
2026-10-05T20:01:57Z INFO [625/750] 461c4cd1-bc7c-44de-ae16-77153bcff4cb: Sackin index -0.0248; 3.7 s; peak memory 1366 MiB.
2026-10-05T20:01:58Z INFO [626/750] 461ce1c9-d56d-4bbc-b286-187b5f36a0b5: Sackin index -0.0883; 1.1 s; peak memory 1366 MiB.
2026-10-05T20:01:59Z INFO [627/750] 461dd48e-7c21-443c-aac2-42bc46d1bbc8: Sackin index -0.0886; 1.0 s; peak memory 1366 MiB.
2026-10-05T20:02:00Z INFO [628/750] 461de6d4-43ed-4ef8-a5c7-6f078f68fa3f: Sackin index -0.1349; 1.0 s; peak memory 1366 MiB.
2026-10-05T20:02:01Z INFO [629/750] 461e3572-4d70-4a54-9edf-0b0214bdb80d: Sackin index -0.1191; 0.7 s; peak memory 1366 MiB.
2026-10-05T20:02:02Z INFO [630/750] 461f9618-df47-4586-aac2-d45088a5e99c: Sackin index -0.0376; 1.2 s; peak memory 1366 MiB.
2026-10-05T20:02:03Z INFO [631/750] 461f98d2-080c-48ef-aa03-1156cc755824: Sackin index -0.0702; 0.8 s; peak memory 1366 MiB.
2026-10-05T20:02:04Z INFO [632/750] 4620135a-1cba-46d1-afa8-018e0db3f815: Sackin index -0.0702; 0.9 s; peak memory 1366 MiB.
2026-10-05T20:02:05Z INFO [633/750] 46207bd1-67ea-412d-b252-dd9b8e346f1c: Sackin index -0.0728; 1.0 s; peak memory 1366 MiB.
2026-10-05T20:02:14Z INFO [634/750] 4620c13e-5700-442d-8eac-96e88e531129: Sackin index -0.0143; 9.4 s; peak memory 1366 MiB.
2026-10-05T20:02:15Z INFO [635/750] 4623b507-2905-48a4-a226-63e657a38999: Sackin index -0.1349; 0.9 s; peak memory 1366 MiB.
2026-10-05T20:02:16Z INFO [636/750] 4623d2e5-f783-4ec4-baa5-67b3a4ce35f3: Sackin index -0.0728; 0.9 s; peak memory 1366 MiB.
2026-10-05T20:02:18Z INFO [637/750] 4623dc56-7098-48ff-98fc-bd932f2c4726: Sackin index -0.1938; 2.1 s; peak memory 1366 MiB.
2026-10-05T20:02:19Z INFO [638/750] 4623e248-cd17-4de4-b27f-02a8ac610460: Sackin index -0.1135; 0.8 s; peak memory 1366 MiB.
2026-10-05T20:02:20Z INFO [639/750] 462431be-e07f-4328-ad02-fbcd819f81d4: Sackin index -0.0709; 0.8 s; peak memory 1366 MiB.
2026-10-05T20:02:21Z INFO [640/750] 46246b57-57cc-4993-89d6-f6cd01ee7fc9: Sackin index -0.0375; 1.0 s; peak memory 1366 MiB.
2026-10-05T20:02:22Z INFO [641/750] 46248875-0d6d-4a22-9617-e6b66e1de05a: Sackin index -0.0696; 1.0 s; peak memory 1366 MiB.
2026-10-05T20:02:24Z INFO [642/750] 46253a2c-009c-4c88-b1ec-2717de5c71bd: Sackin index -0.0699; 1.7 s; peak memory 1366 MiB.
2026-10-05T20:02:24Z INFO [643/750] 4625628f-97e2-4b80-a4f5-1305806d9078: Sackin index -0.0696; 0.8 s; peak memory 1366 MiB.
2026-10-05T20:02:26Z INFO [644/750] 4625baca-0586-4262-9d00-d95f6b18305f: Sackin index -0.0728; 1.3 s; peak memory 1366 MiB.
2026-10-05T20:02:27Z INFO [645/750] 4626a217-388e-4d03-9ef4-f30f4c6db32b: Sackin index -0.0681; 1.7 s; peak memory 1366 MiB.
2026-10-05T20:02:30Z INFO [646/750] 4626c13a-6ddf-4582-9817-8aa1a1e07b65: Sackin index -0.0238; 2.6 s; peak memory 1366 MiB.
2026-10-05T20:02:31Z INFO [647/750] 4627346e-0a83-48e0-a178-884265d660e0: Sackin index -0.1239; 0.7 s; peak memory 1366 MiB.
2026-10-05T20:02:31Z INFO [648/750] 4627b1a3-a9e0-47a1-9fc5-c5664ee958f4: Sackin index -0.1658; 0.5 s; peak memory 1366 MiB.
2026-10-05T20:02:32Z INFO [649/750] 462840d2-bf47-4b05-a72f-fde3c90cf241: Sackin index -0.0728; 1.3 s; peak memory 1366 MiB.
2026-10-05T20:02:34Z INFO [650/750] 46287be8-e413-4ea4-902a-b92a3a75a631: Sackin index -0.0941; 1.4 s; peak memory 1366 MiB.
2026-10-05T20:02:34Z INFO [650/750] 46287be8-e413-4ea4-902a-b92a3a75a631: checkpointed 80736 records.
2026-10-05T20:02:35Z INFO [651/750] 46289c6c-687e-4e0c-82f6-bffb9549f83d: Sackin index -0.0728; 1.1 s; peak memory 1366 MiB.
2026-10-05T20:02:36Z INFO [652/750] 4628d4da-f2a8-491f-b5aa-832627389c58: Sackin index -0.0728; 1.1 s; peak memory 1366 MiB.
2026-10-05T20:02:42Z INFO [653/750] 462921b1-649a-49ba-9310-b525b202a046: Sackin index -0.0438; 5.9 s; peak memory 1366 MiB.
2026-10-05T20:02:43Z INFO [654/750] 462a5ec7-ace1-4765-9c2a-03c300259a65: Sackin index -0.2000; 0.6 s; peak memory 1366 MiB.
2026-10-05T20:02:43Z INFO [655/750] 462a9247-5bd6-455b-9db2-f322f7e18a2a: Sackin index -0.1178; 0.7 s; peak memory 1366 MiB.
2026-10-05T20:02:44Z INFO [656/750] 462b4449-bc94-472f-b2b5-dfde49a4c9ca: Sackin index -0.1248; 0.7 s; peak memory 1366 MiB.
2026-10-05T20:02:45Z INFO [657/750] 462b8f6f-04aa-4c85-b7c4-dfe27006c623: Sackin index -0.0379; 1.1 s; peak memory 1366 MiB.
2026-10-05T20:02:46Z INFO [658/750] 462c0806-bbaa-4702-8b14-b625e5ff9cd5: Sackin index -0.1349; 0.8 s; peak memory 1366 MiB.
2026-10-05T20:02:49Z INFO [659/750] 462c28fc-7b88-4e7e-a61d-ea8a5d26af79: Sackin index -0.0722; 2.9 s; peak memory 1366 MiB.
2026-10-05T20:02:51Z INFO [660/750] 462c4a48-1c40-48ff-8015-3b6b0fc52782: Sackin index -0.1938; 1.6 s; peak memory 1366 MiB.
2026-10-05T20:02:51Z INFO [661/750] 462d145c-7c2d-4fe3-82df-ad5988f113d3: Sackin index -0.1521; 0.7 s; peak memory 1366 MiB.
2026-10-05T20:02:52Z INFO [662/750] 462d2d23-cf56-4927-bb66-f8700dc28026: Sackin index -0.0696; 0.9 s; peak memory 1366 MiB.
2026-10-05T20:02:53Z INFO [663/750] 462dbdb3-1810-4b56-a9d7-90a7e771ea0c: Sackin index -0.0728; 0.9 s; peak memory 1366 MiB.
2026-10-05T20:02:54Z INFO [664/750] 462ebb0c-ad56-4c77-a882-dcac9478c922: Sackin index -0.1349; 0.9 s; peak memory 1366 MiB.
2026-10-05T20:02:55Z INFO [665/750] 46305d48-e71c-4cd5-ac0f-6729919630fe: Sackin index -0.1349; 1.0 s; peak memory 1366 MiB.
2026-10-05T20:02:56Z INFO [666/750] 4630c94e-e5ca-4709-8d70-35691affcd63: Sackin index -0.0722; 1.2 s; peak memory 1366 MiB.
2026-10-05T20:02:57Z INFO [667/750] 4630f6b2-3537-44e2-b77a-509c250914fb: Sackin index -0.0728; 1.0 s; peak memory 1366 MiB.
2026-10-05T20:02:58Z INFO [668/750] 4631122f-e007-4277-bef5-0b2ecd3d2900: Sackin index -0.1349; 0.7 s; peak memory 1366 MiB.
2026-10-05T20:05:14Z INFO [669/750] 46315156-48e6-42bb-87cb-1abe5128db58: Sackin index -0.0276; 136.4 s; peak memory 1366 MiB.
2026-10-05T20:05:15Z INFO [670/750] 463282f4-5259-4848-8d36-e49a4714e4ab: Sackin index -0.0748; 0.9 s; peak memory 1366 MiB.
2026-10-05T20:05:16Z INFO [671/750] 4632bfb4-a04e-491c-a4f0-813df601e77b: Sackin index -0.1349; 0.9 s; peak memory 1366 MiB.
2026-10-05T20:05:17Z INFO [672/750] 463350d4-3be5-45c4-a18b-dc4d55283a79: Sackin index -0.1273; 1.2 s; peak memory 1366 MiB.
2026-10-05T20:05:18Z INFO [673/750] 463380a0-5bbf-4ec5-bc67-bea07fd2e793: Sackin index -0.0696; 0.9 s; peak memory 1366 MiB.
2026-10-05T20:05:31Z INFO [674/750] 46344a61-a16c-4402-8275-df631a010039: Sackin index -0.0037; 12.4 s; peak memory 1366 MiB.
2026-10-05T20:05:32Z INFO [675/750] 463673bc-54e1-4063-8e9f-435969523710: Sackin index -0.1349; 0.9 s; peak memory 1366 MiB.
2026-10-05T20:05:33Z INFO [676/750] 4636bbde-594c-4d4c-853b-90981aaf913d: Sackin index -0.1349; 0.9 s; peak memory 1366 MiB.
2026-10-05T20:05:34Z INFO [677/750] 4637d113-4656-470f-b927-9d3d4d7ce679: Sackin index -0.0728; 1.1 s; peak memory 1366 MiB.
2026-10-05T20:05:35Z INFO [678/750] 4637d87c-591a-4a7e-b360-2f2fc8b64409: Sackin index -0.1408; 1.1 s; peak memory 1366 MiB.
2026-10-05T20:05:35Z INFO [679/750] 4638152f-266a-4dd4-bac4-3d20fffd2d60: Sackin index -0.0881; 0.6 s; peak memory 1366 MiB.
2026-10-05T20:05:36Z INFO [680/750] 4638e8f3-f9a6-4655-81b8-c8b7dc599c3d: Sackin index -0.0702; 0.9 s; peak memory 1366 MiB.
2026-10-05T20:05:38Z INFO [681/750] 4638f9f3-50d5-40cc-8ba3-ce4943752bca: Sackin index -0.0718; 2.1 s; peak memory 1366 MiB.
2026-10-05T20:05:40Z INFO [682/750] 4639015d-28f6-4742-9dfc-9394b4fed929: Sackin index -0.0941; 1.4 s; peak memory 1366 MiB.
2026-10-05T20:05:40Z INFO [683/750] 46391962-9193-4fb0-9578-efe275fb8d97: Sackin index -0.1658; 0.5 s; peak memory 1366 MiB.
2026-10-05T20:05:41Z INFO [684/750] 4639b2cb-a25b-4c53-960b-d8e1b0c47934: Sackin index -0.1248; 0.8 s; peak memory 1366 MiB.
2026-10-05T20:05:42Z INFO [685/750] 4639eaf5-c3f3-44d4-8278-717c10b9d712: Sackin index -0.1349; 0.9 s; peak memory 1366 MiB.
2026-10-05T20:05:43Z INFO [686/750] 4639f640-47e3-443d-9507-5617b4733d57: Sackin index -0.1349; 0.8 s; peak memory 1366 MiB.
2026-10-05T20:05:44Z INFO [687/750] 4639fdd6-7fca-4c48-9f98-cd4792f0e655: Sackin index -0.1349; 0.9 s; peak memory 1366 MiB.
2026-10-05T20:05:44Z INFO [688/750] 463a29db-77f7-4354-8ff6-397eec5f1795: Sackin index -0.1319; 0.8 s; peak memory 1366 MiB.
2026-10-05T20:05:45Z INFO [689/750] 463a37b2-8960-476b-94f6-29c6a73bd999: Sackin index -0.1349; 0.7 s; peak memory 1366 MiB.
2026-10-05T20:05:46Z INFO [690/750] 463a3956-53b5-4267-8e9d-3b89d53c19c3: Sackin index -0.1390; 1.2 s; peak memory 1366 MiB.
2026-10-05T20:05:47Z INFO [691/750] 463a774c-0f8a-446e-9e20-738650299d80: Sackin index -0.1349; 0.7 s; peak memory 1366 MiB.
2026-10-05T20:05:48Z INFO [692/750] 463b4310-af01-461f-8505-2fb58c66d5cb: Sackin index -0.0709; 0.8 s; peak memory 1366 MiB.
2026-10-05T20:05:49Z INFO [693/750] 463ca0cc-a4aa-4311-9a6c-4800ea933bfd: Sackin index -0.0752; 0.9 s; peak memory 1366 MiB.
2026-10-05T20:05:59Z INFO [694/750] 463d5e40-5f5e-4743-b252-a2357402e4cc: Sackin index -0.0165; 10.1 s; peak memory 1366 MiB.
2026-10-05T20:05:59Z INFO [695/750] 463db8b7-d2d9-4445-af60-9077286d4be7: Sackin index -0.1191; 0.7 s; peak memory 1366 MiB.
2026-10-05T20:06:04Z INFO [696/750] 463dccf9-e8d4-4d92-bc3b-f771a2f8da54: Sackin index -0.0102; 4.3 s; peak memory 1366 MiB.
2026-10-05T20:06:05Z INFO [697/750] 463eff0b-2c5b-4b4b-b693-2d9e38bce508: Sackin index -0.0728; 1.2 s; peak memory 1366 MiB.
2026-10-05T20:06:09Z INFO [698/750] 463f1e0a-3d4d-4d65-9d21-6ceb94cda230: Sackin index -0.0251; 4.3 s; peak memory 1366 MiB.
2026-10-05T20:06:10Z INFO [699/750] 463f89a3-4cd6-43ce-8096-60c80e4f366e: Sackin index -0.0844; 0.7 s; peak memory 1366 MiB.
2026-10-05T20:06:14Z INFO [700/750] 464016f3-9d60-4120-9e3e-f392602189b7: Sackin index -0.0403; 3.9 s; peak memory 1366 MiB.
2026-10-05T20:06:14Z INFO [700/750] 464016f3-9d60-4120-9e3e-f392602189b7: checkpointed 80786 records.
2026-10-05T20:37:33Z INFO [701/750] 4640691a-4965-4632-8047-c2f3572dd1b5: Sackin index -0.0322; 1879.3 s; peak memory 1366 MiB.
2026-10-05T20:37:52Z INFO [702/750] 4641cee3-9280-4418-a24e-4ea4ec1bb6da: Sackin index -0.1367; 19.0 s; peak memory 1366 MiB.
2026-10-05T20:37:55Z INFO [703/750] 464219e0-ba1c-4954-8ae7-f39794374640: Sackin index -0.0652; 2.3 s; peak memory 1366 MiB.
2026-10-05T20:37:55Z INFO [704/750] 4642bbc4-1138-4fde-a68a-39b635746253: Sackin index -0.0709; 0.8 s; peak memory 1366 MiB.
2026-10-05T20:37:56Z INFO [705/750] 4642ce85-1d4b-4f50-aba1-fddcce817b90: Sackin index -0.1658; 0.5 s; peak memory 1366 MiB.
2026-10-05T20:37:57Z INFO [706/750] 46430eb6-ec32-48f3-9185-f8724ddb576f: Sackin index -0.0748; 0.8 s; peak memory 1366 MiB.
2026-10-05T20:37:58Z INFO [707/750] 46432f51-5efa-4f04-83ed-810b71588720: Sackin index -0.0702; 0.7 s; peak memory 1366 MiB.
2026-10-05T20:37:59Z INFO [708/750] 46435156-d835-4442-933f-965bbf7fcd69: Sackin index -0.0746; 1.0 s; peak memory 1366 MiB.
2026-10-05T20:37:59Z INFO [709/750] 4643ec03-06eb-4dce-b64b-69fee453c0a6: Sackin index -0.1349; 0.9 s; peak memory 1366 MiB.
2026-10-05T20:38:00Z INFO [710/750] 464548fb-e0ae-490d-8936-563dcc2ffe04: Sackin index -0.2168; 0.7 s; peak memory 1366 MiB.
2026-10-05T20:38:02Z INFO [711/750] 464571d9-466a-4a20-aa98-cdb63dd35579: Sackin index -0.1044; 1.5 s; peak memory 1366 MiB.
2026-10-05T20:38:02Z INFO [712/750] 464795e6-2621-45ac-aec3-dd297271c5a9: Sackin index -0.1408; 0.8 s; peak memory 1366 MiB.
2026-10-05T20:38:11Z INFO [713/750] 46485275-81e1-48cb-9bde-0f06d3045bc3: Sackin index -0.0295; 8.2 s; peak memory 1366 MiB.
2026-10-05T20:38:11Z INFO [714/750] 464869e2-c50f-465e-baa1-7c84956d8b82: Sackin index -0.1938; 0.6 s; peak memory 1366 MiB.
2026-10-05T20:38:12Z INFO [715/750] 4649353c-1add-4861-adab-63680aa935e3: Sackin index -0.1191; 0.8 s; peak memory 1366 MiB.
2026-10-05T20:38:14Z INFO [716/750] 4649d85e-eb1e-4edc-97e0-2f2c64453cc4: Sackin index -0.0731; 1.8 s; peak memory 1366 MiB.
2026-10-05T20:38:18Z INFO [717/750] 464a3018-cf1b-4ed0-b69c-dd2f6325462b: Sackin index -0.0252; 3.8 s; peak memory 1366 MiB.
2026-10-05T20:38:19Z INFO [718/750] 464a5319-3647-46a7-9dbb-5a51c0117b7e: Sackin index -0.0375; 1.0 s; peak memory 1366 MiB.
2026-10-05T20:38:20Z INFO [719/750] 464ac320-886d-41bf-8d8e-355f7c75edc4: Sackin index -0.0728; 1.0 s; peak memory 1366 MiB.
2026-10-05T20:38:20Z INFO [720/750] 464b62bc-4a68-4e24-af21-62d654c507a9: Sackin index -0.1380; 0.9 s; peak memory 1366 MiB.
2026-10-05T20:38:28Z INFO [721/750] 464bd9d2-6ef6-4b36-936a-9cc31d2b9448: Sackin index -0.0155; 7.7 s; peak memory 1366 MiB.
2026-10-05T20:38:38Z INFO [722/750] 464be8e2-62fc-424b-8ab3-4a7e728e8736: Sackin index -0.0129; 10.1 s; peak memory 1366 MiB.
2026-10-05T20:38:39Z INFO [723/750] 464c4b71-67cc-4035-8f6b-af0080ce6145: Sackin index -0.1349; 0.9 s; peak memory 1366 MiB.
2026-10-05T21:12:35Z INFO [724/750] 464d038f-aa58-40dd-ac6d-9dc745bc4456: Sackin index -0.1345; 2035.6 s; peak memory 1366 MiB.
2026-10-05T21:12:37Z INFO [725/750] 464f742c-3649-43d8-b275-a5c25d3b6771: Sackin index -0.0660; 2.2 s; peak memory 1366 MiB.
2026-10-05T21:12:38Z INFO [726/750] 464f8317-8151-4025-a5de-b13973d6527a: Sackin index -0.1303; 0.7 s; peak memory 1366 MiB.
2026-10-05T21:12:46Z INFO [727/750] 46507562-407f-4ba5-8205-e6e411dd9788: Sackin index -0.0134; 8.2 s; peak memory 1366 MiB.
2026-10-05T21:12:47Z INFO [728/750] 4650bdf6-8943-4c29-aaeb-96c2321462b4: Sackin index -0.0369; 1.1 s; peak memory 1366 MiB.
2026-10-05T21:12:48Z INFO [729/750] 4651b1d7-8a10-4d9a-8a1c-fcac12992887: Sackin index -0.1540; 0.9 s; peak memory 1366 MiB.
2026-10-05T21:12:49Z INFO [730/750] 46524aa8-1967-4cfb-8beb-b66bd98514c4: Sackin index -0.1349; 0.7 s; peak memory 1366 MiB.
2026-10-05T21:12:50Z INFO [731/750] 4653e017-c923-4bb4-ae77-45c525ee6df7: Sackin index -0.0854; 1.7 s; peak memory 1366 MiB.
2026-10-05T21:12:51Z INFO [732/750] 4655612d-7cac-45a3-a07f-09005815a87a: Sackin index -0.1356; 1.1 s; peak memory 1366 MiB.
2026-10-05T21:12:52Z INFO [733/750] 4656bb48-f71d-43c2-97a9-5afc8e814a5b: Sackin index -0.1239; 0.8 s; peak memory 1366 MiB.
2026-10-05T21:12:53Z INFO [734/750] 4658085b-8a0c-44df-9d36-9752aa5a7587: Sackin index -0.0246; 1.3 s; peak memory 1366 MiB.
2026-10-05T21:12:54Z INFO [735/750] 4658c4fc-b084-40e8-bdba-1efb4358d287: Sackin index -0.0728; 0.8 s; peak memory 1366 MiB.
2026-10-05T21:12:55Z INFO [736/750] 4659c573-6947-42a4-b690-d7702d9fe0f1: Sackin index -0.1349; 0.8 s; peak memory 1366 MiB.
2026-10-05T21:13:01Z INFO [737/750] 4659d96b-478b-42e4-84a3-a958bb2ac008: Sackin index -0.0181; 5.8 s; peak memory 1366 MiB.
2026-10-05T21:13:02Z INFO [738/750] 4659ea12-f81b-4c21-af65-bedd05b6a687: Sackin index -0.0579; 1.6 s; peak memory 1366 MiB.
2026-10-05T21:13:03Z INFO [739/750] 465a7e9b-5832-40df-92a3-cc8176861753: Sackin index -0.0728; 0.9 s; peak memory 1366 MiB.
2026-10-05T21:13:05Z INFO [740/750] 465a80e1-b49a-400a-a049-2ab6c0473674: Sackin index -0.0722; 1.7 s; peak memory 1366 MiB.
2026-10-05T21:13:06Z INFO [741/750] 465a81d3-7007-4571-ba49-ae6869ac3880: Sackin index -0.1208; 0.6 s; peak memory 1366 MiB.
2026-10-05T21:13:06Z INFO [742/750] 465ab31a-e332-4d5b-93d2-9527f74851f2: Sackin index -0.1349; 0.7 s; peak memory 1366 MiB.
2026-10-05T21:13:07Z INFO [743/750] 465ac9eb-8a19-4b1c-9c96-0b209de89705: Sackin index -0.1938; 0.6 s; peak memory 1366 MiB.
2026-10-05T21:13:11Z INFO [744/750] 465b4060-9439-48f9-82fc-79427b839d58: Sackin index -0.0383; 3.8 s; peak memory 1366 MiB.
2026-10-05T21:13:12Z INFO [745/750] 465b4c90-9cf7-4dd1-8551-02324bae6350: Sackin index -0.1273; 1.0 s; peak memory 1366 MiB.
2026-10-05T21:13:12Z INFO [746/750] 465b68b6-c713-484d-a938-4e7131af3d11: Sackin index -0.0656; 0.7 s; peak memory 1366 MiB.
2026-10-05T21:13:13Z INFO [747/750] 465c8d05-2c06-4468-abd3-026cf08eb27f: Sackin index -0.0728; 1.0 s; peak memory 1366 MiB.
2026-10-05T21:13:14Z INFO [748/750] 465c9745-01ce-4aee-a045-b9cfdc98fc40: Sackin index -0.1331; 0.6 s; peak memory 1366 MiB.
2026-10-05T21:13:15Z INFO [749/750] 465cc58a-910b-4fe1-9e52-d006672e93e1: Sackin index -0.1602; 0.8 s; peak memory 1366 MiB.
2026-10-05T21:13:16Z INFO [750/750] 465cd262-dfcd-49ff-8048-b01ab7245b05: Sackin index -0.0728; 0.9 s; peak memory 1366 MiB.
2026-10-05T21:13:16Z INFO [750/750] 465cd262-dfcd-49ff-8048-b01ab7245b05: checkpointed 80836 records.
2026-10-05T21:13:16Z INFO Wrote 80836 records to /tmp/derivatives/valid_nwb_file_to_sackin_index.jsonl (750 new, 0 failed) in 229.3 min (peak memory 1366 MiB).
