2026-09-25T11:14:34Z INFO Logging to /tmp/logs/update_2026-09-25T11-14-34Z.log.
2026-09-25T11:14:34Z INFO Update valid-nwb-file-to-sackin-index (base directory /tmp).
2026-09-25T11:14:35Z INFO Processing 381 items (56910 already recorded).
2026-09-25T11:14:47Z INFO [1/381] 0067cb5b-7fee-42a2-b9ef-088496361431: Sackin index -0.1069; 12.2 s; peak memory 114 MiB.
2026-09-25T11:15:00Z INFO [2/381] 0a070021-3e71-4aed-857d-f083620feb92: Sackin index -0.0878; 13.2 s; peak memory 119 MiB.
2026-09-25T11:15:01Z INFO [3/381] 14cf7874-3ff7-484b-bab4-88f6b5cec289: Sackin index -0.1461; 1.2 s; peak memory 119 MiB.
2026-09-25T11:15:03Z INFO [4/381] 14cfc249-c943-4417-a279-98bbfb6d9a19: Sackin index -0.0382; 1.5 s; peak memory 120 MiB.
2026-09-25T11:15:21Z INFO [5/381] 14d09d83-d61b-4389-911a-c760259cc4e5: Sackin index -0.0152; 18.8 s; peak memory 153 MiB.
2026-09-25T11:15:22Z INFO [6/381] 14d1bd68-717d-490b-8019-6a8b420998fa: Sackin index -0.2168; 0.9 s; peak memory 153 MiB.
2026-09-25T11:15:24Z INFO [7/381] 14d252fd-cfd6-4733-b915-f494cc19fc53: Sackin index -0.0434; 1.9 s; peak memory 153 MiB.
2026-09-25T11:15:26Z INFO [8/381] 14d277f2-29ac-4344-b788-6dc9aab1e7a7: Sackin index -0.1291; 2.0 s; peak memory 154 MiB.
2026-09-25T11:15:27Z INFO [9/381] 14d29f34-507b-41b7-af35-1221ff412229: Sackin index -0.0723; 1.2 s; peak memory 154 MiB.
2026-09-25T11:15:29Z INFO [10/381] 14d40b73-fa98-4c11-b22c-26e74460757b: Sackin index -0.0490; 2.0 s; peak memory 154 MiB.
2026-09-25T11:15:31Z INFO [11/381] 14d4965b-40e4-436f-adfd-94000360559b: Sackin index -0.0728; 1.8 s; peak memory 154 MiB.
2026-09-25T11:15:32Z INFO [12/381] 14d5961f-31b8-4921-b814-911f04fcd925: Sackin index -0.1349; 1.3 s; peak memory 154 MiB.
2026-09-25T11:15:41Z INFO [13/381] 14d5b597-16b0-483e-a323-cf22eeca56d6: Sackin index -0.0022; 8.1 s; peak memory 267 MiB.
2026-09-25T11:15:42Z INFO [14/381] 14d6015d-602a-4a2f-b54c-30dcc74c3d8d: Sackin index -0.1938; 1.1 s; peak memory 267 MiB.
2026-09-25T11:15:43Z INFO [15/381] 14d6527b-ac61-4686-9209-00e6d4dd182a: Sackin index -0.1319; 1.3 s; peak memory 267 MiB.
2026-09-25T11:17:57Z INFO [16/381] 14d68588-2dc4-4d0f-a1b8-ec655e95b932: Sackin index -0.0573; 133.6 s; peak memory 403 MiB.
2026-09-25T11:18:21Z INFO [17/381] 14d7ca55-ab1f-4ee7-90e5-b286178573b4: Sackin index -0.1367; 24.1 s; peak memory 403 MiB.
2026-09-25T11:18:28Z INFO [18/381] 14d8aa96-00d5-4267-9548-6bbfed1bc410: Sackin index -0.0217; 7.4 s; peak memory 403 MiB.
2026-09-25T11:18:29Z INFO [19/381] 14d8af72-f0b0-4e9d-a860-95d774a9903c: Sackin index -0.1349; 1.2 s; peak memory 403 MiB.
2026-09-25T11:18:31Z INFO [20/381] 14d8e5a0-a11d-4b4f-bf99-7f9c6dc48c61: Sackin index -0.1349; 1.2 s; peak memory 403 MiB.
2026-09-25T11:18:32Z INFO [21/381] 14d8efbf-891b-4a33-985d-ecca8f13834a: Sackin index -0.0728; 1.9 s; peak memory 403 MiB.
2026-09-25T11:18:35Z INFO [22/381] 14d97e46-c288-4005-a001-c87d261659f0: Sackin index -0.0745; 2.3 s; peak memory 403 MiB.
2026-09-25T11:18:36Z INFO [23/381] 14d9a0cf-b578-482b-a13f-35d2a3866f96: Sackin index -0.1472; 1.0 s; peak memory 403 MiB.
2026-09-25T11:18:56Z INFO [24/381] 14da00c8-b5d9-441b-ab33-df3b6975ff68: Sackin index -0.0239; 19.9 s; peak memory 403 MiB.
2026-09-25T11:19:03Z INFO [25/381] 14da47e8-72cf-4b8a-865c-4083f95696a7: Sackin index -0.0251; 6.9 s; peak memory 403 MiB.
2026-09-25T11:19:11Z INFO [26/381] 14da7540-cf62-4bb9-84e8-43c17c0108a6: Sackin index -0.0298; 8.5 s; peak memory 403 MiB.
2026-09-25T11:19:14Z INFO [27/381] 14dab921-8819-45da-889e-0194c5c551f3: Sackin index -0.1243; 2.5 s; peak memory 403 MiB.
2026-09-25T11:19:15Z INFO [28/381] 14db26d2-851c-420a-9c05-a1db5cb8447a: Sackin index -0.0728; 1.9 s; peak memory 403 MiB.
2026-09-25T11:19:17Z INFO [29/381] 14db5778-dc6c-44ce-a106-289f9b8690db: Sackin index -0.0745; 1.7 s; peak memory 403 MiB.
2026-09-25T11:19:19Z INFO [30/381] 14dc1bae-00ae-4187-b96b-b78b8142a824: Sackin index -0.0365; 2.0 s; peak memory 403 MiB.
2026-09-25T11:19:20Z INFO [31/381] 14dca8ee-4694-4b7f-a739-28005b715a48: Sackin index -0.1484; 0.9 s; peak memory 403 MiB.
2026-09-25T11:19:22Z INFO [32/381] 14dd3038-1c82-4118-b084-256a32dad4be: Sackin index -0.0702; 1.6 s; peak memory 403 MiB.
2026-09-25T11:19:24Z INFO [33/381] 14dddc3e-8170-4ed3-bbfb-6cb05beff61f: Sackin index -0.0699; 2.5 s; peak memory 403 MiB.
2026-09-25T11:19:27Z INFO [34/381] 14de440d-3ea7-4646-8444-6dd17b12cd72: Sackin index -0.1243; 2.3 s; peak memory 403 MiB.
2026-09-25T11:19:29Z INFO [35/381] 14deacdc-b2ff-4a9a-bb3e-9eaf82df0587: Sackin index -0.0369; 2.4 s; peak memory 403 MiB.
2026-09-25T11:19:43Z INFO [36/381] 14deb0c3-1c0b-4808-b10c-c35d27e27915: Sackin index -0.0124; 13.7 s; peak memory 403 MiB.
2026-09-25T11:19:44Z INFO [37/381] 14df2362-3b63-4552-ae3d-06d6dfc412c7: Sackin index -0.1741; 1.2 s; peak memory 403 MiB.
2026-09-25T11:19:46Z INFO [38/381] 14dfac5c-ae92-40ab-b4b3-cc72c4a1d3db: Sackin index -0.0375; 1.8 s; peak memory 403 MiB.
2026-09-25T11:19:47Z INFO [39/381] 14dfe41a-83c9-4691-857b-972ffd23aebb: Sackin index -0.1248; 1.4 s; peak memory 403 MiB.
2026-09-25T11:19:50Z INFO [40/381] 14e02bdf-f844-45ba-8dbb-a71e703de9d6: Sackin index -0.1243; 2.4 s; peak memory 403 MiB.
2026-09-25T11:21:36Z INFO [41/381] 14e0a246-430a-418b-a52a-463cd26631d9: Sackin index -0.0024; 106.3 s; peak memory 405 MiB.
2026-09-25T11:21:37Z INFO [42/381] 14e1824d-ffa8-4686-8aac-7a8a411efd44: Sackin index -0.0656; 1.6 s; peak memory 405 MiB.
2026-09-25T11:21:39Z INFO [43/381] 14e19032-8955-4981-a154-a013e60d7770: Sackin index -0.1349; 1.3 s; peak memory 405 MiB.
2026-09-25T11:21:48Z INFO [44/381] 14e1f074-a780-499c-9f1a-33223c093499: Sackin index -0.0892; 9.3 s; peak memory 405 MiB.
2026-09-25T11:22:05Z INFO [45/381] 14e36315-9532-49bf-8949-56a9f89f9aeb: Sackin index -0.0038; 16.8 s; peak memory 405 MiB.
2026-09-25T11:22:19Z INFO [46/381] 14e3ba7b-369c-4f98-b35b-5e10bbf23f21: Sackin index -0.0134; 14.7 s; peak memory 405 MiB.
2026-09-25T11:22:21Z INFO [47/381] 14e3d007-dcc8-4bb2-b6b3-e7c70df77bfb: Sackin index -0.1349; 1.2 s; peak memory 405 MiB.
2026-09-25T11:22:22Z INFO [48/381] 14e45160-0cd6-49eb-9f08-d8e187b271d7: Sackin index -0.1293; 1.8 s; peak memory 405 MiB.
2026-09-25T11:22:24Z INFO [49/381] 14e4d6e0-4b8c-4fdc-8a2c-b7b25108a4f5: Sackin index -0.0702; 1.5 s; peak memory 405 MiB.
2026-09-25T11:22:25Z INFO [50/381] 14e51520-a3d3-40e0-b048-65015ba6f282: Sackin index -0.1349; 1.1 s; peak memory 405 MiB.
2026-09-25T11:22:25Z INFO [50/381] 14e51520-a3d3-40e0-b048-65015ba6f282: checkpointed 56960 records.
2026-09-25T11:24:50Z INFO [51/381] 14e580c3-c6c3-418b-b308-951e30ee48ff: Sackin index -0.0415; 144.6 s; peak memory 420 MiB.
2026-09-25T11:24:51Z INFO [52/381] 14e6128b-ab28-4045-9531-bdba21892399: Sackin index -0.1349; 1.3 s; peak memory 420 MiB.
2026-09-25T11:24:52Z INFO [53/381] 14e648bc-2aaf-4845-a4fd-3340f2e2a8c2: Sackin index -0.1349; 1.3 s; peak memory 420 MiB.
2026-09-25T11:24:54Z INFO [54/381] 14e8af25-b5d4-4084-9754-29a1ed21dfbc: Sackin index -0.1349; 1.2 s; peak memory 420 MiB.
2026-09-25T11:24:55Z INFO [55/381] 14e907c2-cee7-45fa-a999-06ca7006f311: Sackin index -0.0376; 1.7 s; peak memory 420 MiB.
2026-09-25T11:26:46Z INFO [56/381] 14e9c297-0241-4f29-afc3-2c29c401c204: Sackin index -0.1076; 110.9 s; peak memory 420 MiB.
2026-09-25T11:26:47Z INFO [57/381] 14ea233b-b38c-4653-be79-9db51c198b53: Sackin index -0.1938; 1.1 s; peak memory 420 MiB.
2026-09-25T11:26:50Z INFO [58/381] 14ea847c-cc68-44ef-a367-2bfd5a715f60: Sackin index -0.0395; 3.2 s; peak memory 420 MiB.
2026-09-25T11:26:52Z INFO [59/381] 14eb4a72-2d9b-4bfc-8b3b-9618d1f5a4c0: Sackin index -0.0275; 2.0 s; peak memory 420 MiB.
2026-09-25T11:26:54Z INFO [60/381] 14eb5f99-a7f6-4560-8a39-10f5ee287f90: Sackin index -0.1349; 1.2 s; peak memory 420 MiB.
2026-09-25T11:27:02Z INFO [61/381] 14eb7683-e269-492f-ad35-0c093612424b: Sackin index -0.0940; 7.9 s; peak memory 420 MiB.
2026-09-25T11:27:03Z INFO [62/381] 14ee09a8-c29e-4b5d-9f6f-cd835e70066a: Sackin index -0.0728; 1.9 s; peak memory 420 MiB.
2026-09-25T11:27:05Z INFO [63/381] 14ee6a4d-d7b8-4e46-b9f7-b76d926474a7: Sackin index -0.0702; 1.5 s; peak memory 420 MiB.
2026-09-25T11:27:06Z INFO [64/381] 14ef610d-06cc-4a6c-87ed-6dadc37492ab: Sackin index -0.1349; 1.2 s; peak memory 420 MiB.
2026-09-25T11:27:07Z INFO [65/381] 14f05a66-5c34-40fa-a9da-4b1b76099134: Sackin index -0.1349; 1.2 s; peak memory 420 MiB.
2026-09-25T11:27:10Z INFO [66/381] 14f078dd-5b0b-4a77-bdbc-11d44e3cad4a: Sackin index -0.0699; 2.8 s; peak memory 420 MiB.
2026-09-25T11:27:11Z INFO [67/381] 14f1af01-bf18-4904-a605-d8f1ce81dbe5: Sackin index -0.1658; 1.1 s; peak memory 420 MiB.
2026-09-25T11:27:13Z INFO [68/381] 14f21e19-c31a-4a82-a9f5-d2a74e15aef9: Sackin index -0.0383; 1.6 s; peak memory 420 MiB.
2026-09-25T11:27:15Z INFO [69/381] 14f3304f-48cd-495d-8986-58e6953e0631: Sackin index -0.0375; 1.7 s; peak memory 420 MiB.
2026-09-25T11:27:16Z INFO [70/381] 14f349e0-6c34-498d-a7d9-06e96a1a0a5d: Sackin index -0.1349; 1.2 s; peak memory 420 MiB.
2026-09-25T11:29:17Z INFO [71/381] 14f3507c-63c5-4e72-bca3-b004877c89bc: Sackin index -0.0032; 121.7 s; peak memory 489 MiB.
2026-09-25T11:29:19Z INFO [72/381] 14f37951-de91-42e5-b55d-a33f91fa8d6f: Sackin index -0.0369; 1.8 s; peak memory 489 MiB.
2026-09-25T11:29:20Z INFO [73/381] 14f43350-639c-4508-8ef7-c3cd74357401: Sackin index -0.1448; 1.1 s; peak memory 489 MiB.
2026-09-25T11:29:21Z INFO [74/381] 14f4b69a-7f98-4a54-b98b-920382313995: Sackin index -0.1178; 1.0 s; peak memory 489 MiB.
2026-09-25T11:29:23Z INFO [75/381] 14f4e496-20d3-447d-b9cf-5e5603293175: Sackin index -0.0745; 1.7 s; peak memory 489 MiB.
2026-09-25T11:29:27Z INFO [76/381] 14f5103f-d016-44eb-8277-d42f91b3199f: Sackin index -0.0660; 3.7 s; peak memory 489 MiB.
2026-09-25T11:29:29Z INFO [77/381] 14f5195d-8f41-4da7-bcc3-f65d172e8972: Sackin index -0.0728; 2.0 s; peak memory 489 MiB.
2026-09-25T11:29:30Z INFO [78/381] 14f53915-0607-45d1-a392-7cbd03d9f7aa: Sackin index -0.1349; 1.1 s; peak memory 489 MiB.
2026-09-25T11:29:33Z INFO [79/381] 14f58237-2fa1-4ba3-ac4f-61d58e916505: Sackin index -0.0694; 3.0 s; peak memory 489 MiB.
2026-09-25T11:29:48Z INFO [80/381] 14f59e65-e355-4642-bb4e-43fde46814ee: Sackin index -0.0124; 14.9 s; peak memory 489 MiB.
2026-09-25T11:29:49Z INFO [81/381] 14f606b5-5332-4dca-b33e-23214a232dfb: Sackin index -0.1349; 1.2 s; peak memory 489 MiB.
2026-09-25T11:30:02Z INFO [82/381] 14f617d9-c65b-4dea-b988-cd0979f9ea80: Sackin index -0.0078; 13.4 s; peak memory 489 MiB.
2026-09-25T11:30:04Z INFO [83/381] 14f6e60f-79c4-48ff-9da2-2546b5eceaf5: Sackin index -0.0702; 1.7 s; peak memory 489 MiB.
2026-09-25T11:30:06Z INFO [84/381] 14f6e7ac-4eed-4e05-b74d-216ab7aad44d: Sackin index -0.0702; 1.7 s; peak memory 489 MiB.
2026-09-25T11:30:08Z INFO [85/381] 14f70b9b-0c0a-4a1b-95ab-09061a054074: Sackin index -0.0745; 2.1 s; peak memory 489 MiB.
2026-09-25T11:30:17Z INFO [86/381] 14f8374d-8842-406f-9fb6-7afeaa999c82: Sackin index -0.0308; 9.1 s; peak memory 489 MiB.
2026-09-25T11:30:20Z INFO [87/381] 14f956e3-fbf5-45b9-afbf-1b4e2c8ae02b: Sackin index -0.0824; 2.8 s; peak memory 489 MiB.
2026-09-25T11:32:30Z INFO [88/381] 14f969ce-d04d-4a08-a5cd-f6aa5fbd2f8f: Sackin index -0.0032; 130.4 s; peak memory 490 MiB.
2026-09-25T11:32:31Z INFO [89/381] 14f96f73-1b44-4b37-b846-7c4b811d70c3: Sackin index -0.1349; 1.3 s; peak memory 490 MiB.
2026-09-25T11:32:33Z INFO [90/381] 14f998fa-20d0-44c7-b7c7-c232fdbf55d8: Sackin index -0.0702; 1.4 s; peak memory 490 MiB.
2026-09-25T11:32:34Z INFO [91/381] 14fa0273-1afd-42fc-a64c-421b13e97179: Sackin index -0.1349; 1.2 s; peak memory 490 MiB.
2026-09-25T11:32:40Z INFO [92/381] 14fa3638-809d-4ffa-b307-3a1d734d51bc: Sackin index -0.0403; 5.7 s; peak memory 490 MiB.
2026-09-25T11:32:41Z INFO [93/381] 14fa5cee-0894-4100-a907-dd87053b6c2f: Sackin index -0.0702; 1.4 s; peak memory 490 MiB.
2026-09-25T11:32:49Z INFO [94/381] 14fa6ab7-61de-47cd-9723-b97ba753ee08: Sackin index -0.0201; 8.3 s; peak memory 490 MiB.
2026-09-25T11:32:51Z INFO [95/381] 14fb16d5-533f-4e85-a8f7-02139eee440c: Sackin index -0.0369; 2.0 s; peak memory 490 MiB.
2026-09-25T11:33:04Z INFO [96/381] 14fb2415-c1c3-4fcd-b34f-5c9979075ca6: Sackin index -0.0242; 12.6 s; peak memory 490 MiB.
2026-09-25T11:33:10Z INFO [97/381] 14fbc745-1545-4011-8eee-84f91e5c8108: Sackin index -0.0403; 5.7 s; peak memory 490 MiB.
2026-09-25T11:33:11Z INFO [98/381] 14fc3306-e14e-4d88-a12c-5bb3093c6239: Sackin index -0.0728; 1.6 s; peak memory 490 MiB.
2026-09-25T11:33:13Z INFO [99/381] 14fc6a8f-9cd4-4160-9e67-d4020cff007e: Sackin index -0.0728; 1.8 s; peak memory 490 MiB.
2026-09-25T11:33:16Z INFO [100/381] 14fcae08-527f-46e8-b2f6-f388deb1a2a8: Sackin index -0.1938; 2.7 s; peak memory 490 MiB.
2026-09-25T11:33:16Z INFO [100/381] 14fcae08-527f-46e8-b2f6-f388deb1a2a8: checkpointed 57010 records.
2026-09-25T11:33:37Z INFO [101/381] 14fd99b4-801e-422f-a6b1-fc95057c80c4: Sackin index -0.0173; 21.4 s; peak memory 490 MiB.
2026-09-25T11:33:40Z INFO [102/381] 14fdcfde-a955-480c-b977-feb2e7b3c03a: Sackin index -0.1938; 2.6 s; peak memory 490 MiB.
2026-09-25T11:33:42Z INFO [103/381] 14fe20a2-98d7-49dd-8d20-17b807c0f2f7: Sackin index -0.0728; 1.7 s; peak memory 490 MiB.
2026-09-25T11:34:01Z INFO [104/381] 14fe53fc-a58b-4ab0-96d9-2634591d1b36: Sackin index -0.0028; 19.2 s; peak memory 490 MiB.
2026-09-25T11:34:02Z INFO [105/381] 14ff362b-ff40-4c21-990c-39a65595f760: Sackin index -0.1636; 1.0 s; peak memory 490 MiB.
2026-09-25T11:34:15Z INFO [106/381] 1500e74d-24d3-4fec-9b00-b5785db97cef: Sackin index -0.1495; 12.8 s; peak memory 490 MiB.
2026-09-25T11:34:17Z INFO [107/381] 15011706-e6e5-4328-a81a-cb5b7a7f9ccb: Sackin index -0.0398; 2.1 s; peak memory 490 MiB.
2026-09-25T11:34:18Z INFO [108/381] 15019388-0456-4246-801f-c443758b9211: Sackin index -0.1349; 1.3 s; peak memory 490 MiB.
2026-09-25T11:34:19Z INFO [109/381] 15019a71-c943-4bbf-bc07-d5626f8131dc: Sackin index -0.1658; 1.0 s; peak memory 490 MiB.
2026-09-25T11:34:21Z INFO [110/381] 1502dc4b-58fa-4142-ad0c-740e1d88a06a: Sackin index -0.0375; 1.7 s; peak memory 490 MiB.
2026-09-25T11:34:22Z INFO [111/381] 1502e024-af3f-4b56-8ff3-b476d026608d: Sackin index -0.0702; 1.5 s; peak memory 490 MiB.
2026-09-25T11:34:29Z INFO [112/381] 15032620-1941-4bb7-8c49-948be759f31a: Sackin index -0.0403; 6.5 s; peak memory 490 MiB.
2026-09-25T11:34:31Z INFO [113/381] 15050c9b-69fd-4628-aef0-9a104fc30fa2: Sackin index -0.1761; 2.5 s; peak memory 490 MiB.
2026-09-25T11:34:33Z INFO [114/381] 150641d2-9058-413d-8be9-d41ded3db003: Sackin index -0.0728; 2.0 s; peak memory 490 MiB.
2026-09-25T11:34:35Z INFO [115/381] 15086221-685d-41b6-a00e-6ba6e83bbda2: Sackin index -0.1575; 1.3 s; peak memory 490 MiB.
2026-09-25T11:34:36Z INFO [116/381] 15091a3c-9f02-41f5-917a-e5801e55fa40: Sackin index -0.2147; 1.0 s; peak memory 490 MiB.
2026-09-25T11:34:45Z INFO [117/381] 1509acde-171d-4048-852c-a86c7266ae28: Sackin index -0.0180; 9.4 s; peak memory 490 MiB.
2026-09-25T11:34:46Z INFO [118/381] 1509fe39-6a59-425f-948f-856429c5eb93: Sackin index -0.1349; 1.2 s; peak memory 490 MiB.
2026-09-25T11:34:52Z INFO [119/381] 150a17f6-c2a7-45a5-a5cd-fba432eaad83: Sackin index -0.0388; 5.9 s; peak memory 490 MiB.
2026-09-25T11:34:54Z INFO [120/381] 150a31c3-bb06-4f1d-b39a-13f16ba41b31: Sackin index -0.0728; 2.1 s; peak memory 490 MiB.
2026-09-25T11:34:56Z INFO [121/381] 150ab095-09fd-4a1d-a3da-f19c62210443: Sackin index -0.1349; 1.2 s; peak memory 490 MiB.
2026-09-25T11:36:58Z INFO [122/381] 150ac56e-9724-46bb-8348-6a45583cbf40: Sackin index -0.0450; 121.9 s; peak memory 490 MiB.
2026-09-25T11:37:00Z INFO [123/381] 150b2ebf-ee87-4f03-9b21-97cdd02a3c88: Sackin index -0.0728; 2.1 s; peak memory 490 MiB.
2026-09-25T11:40:04Z INFO [124/381] 150c0747-51d0-426a-aae2-6f147f37edf7: Sackin index -0.0701; 184.4 s; peak memory 1253 MiB.
2026-09-25T11:40:05Z INFO [125/381] 150c8713-4483-409d-bd4b-80b3e41ee3d1: Sackin index -0.1658; 1.1 s; peak memory 1253 MiB.
2026-09-25T11:40:07Z INFO [126/381] 150d60d4-7c29-4495-b13a-7062a7bd6bc6: Sackin index -0.1248; 1.5 s; peak memory 1253 MiB.
2026-09-25T11:40:18Z INFO [127/381] 150f0f2b-ceec-42f9-8875-38b53ba52228: Sackin index -0.0204; 11.5 s; peak memory 1253 MiB.
2026-09-25T11:40:19Z INFO [128/381] 150fa28e-ee9a-4580-b5c2-7a3ba3104383: Sackin index -0.1658; 1.3 s; peak memory 1253 MiB.
2026-09-25T11:40:22Z INFO [129/381] 150fcaf5-13ba-4f4a-a025-614748a6d178: Sackin index -0.0369; 2.3 s; peak memory 1253 MiB.
2026-09-25T11:40:23Z INFO [130/381] 15100bf1-8beb-474a-a1b6-75c496ade175: Sackin index -0.1161; 1.0 s; peak memory 1253 MiB.
2026-09-25T11:40:25Z INFO [131/381] 1510419e-1b33-4b39-903b-1f91edfe2f8c: Sackin index -0.1291; 1.9 s; peak memory 1253 MiB.
2026-09-25T11:40:26Z INFO [132/381] 1510a198-c24e-4ad7-a79d-b4be3d837971: Sackin index -0.1658; 1.2 s; peak memory 1253 MiB.
2026-09-25T11:40:27Z INFO [133/381] 1510e774-4164-443b-89fe-f4242a1de29b: Sackin index -0.0702; 1.5 s; peak memory 1253 MiB.
2026-09-25T11:40:29Z INFO [134/381] 15112683-4e73-4da3-9819-11c97fa79950: Sackin index -0.1349; 1.2 s; peak memory 1253 MiB.
2026-09-25T11:40:30Z INFO [135/381] 1511dbd1-0178-48e6-8a5a-f2ac04d3ba55: Sackin index -0.1448; 1.0 s; peak memory 1253 MiB.
2026-09-25T11:40:31Z INFO [136/381] 1515e2f3-dc5d-4b86-9298-e41fcc466b8e: Sackin index -0.1331; 1.1 s; peak memory 1253 MiB.
2026-09-25T11:40:32Z INFO [137/381] 15165ea1-187e-44a6-bc93-40071f4ea1bd: Sackin index -0.1349; 1.2 s; peak memory 1253 MiB.
2026-09-25T11:40:39Z INFO [138/381] 151667fd-a492-4ed5-ac71-b37c61ab28ca: Sackin index -0.1147; 7.2 s; peak memory 1253 MiB.
2026-09-25T11:40:41Z INFO [139/381] 15168203-c85e-4d6b-98ec-f19b99976e76: Sackin index -0.0815; 2.0 s; peak memory 1253 MiB.
2026-09-25T11:40:45Z INFO [140/381] 1516c1ad-ae95-4678-b2d6-a42c22b72c8d: Sackin index -0.0797; 3.7 s; peak memory 1253 MiB.
2026-09-25T11:40:46Z INFO [141/381] 15171f1a-8e39-49f2-a38c-93e008b44542: Sackin index -0.1349; 1.2 s; peak memory 1253 MiB.
2026-09-25T11:40:47Z INFO [142/381] 15182535-175f-4995-8de8-e8dcdd1006ec: Sackin index -0.1658; 1.0 s; peak memory 1253 MiB.
2026-09-25T11:40:48Z INFO [143/381] 1518aa21-3261-4bc6-84fa-18afa1e969c4: Sackin index -0.1349; 1.2 s; peak memory 1253 MiB.
2026-09-25T11:40:51Z INFO [144/381] 151980b6-9942-41cb-9677-6733baf539b2: Sackin index -0.1938; 2.6 s; peak memory 1253 MiB.
2026-09-25T11:40:52Z INFO [145/381] 1519abe5-1ef3-47ad-a94b-35b1967f7061: Sackin index -0.1938; 1.2 s; peak memory 1253 MiB.
2026-09-25T11:40:53Z INFO [146/381] 151b270b-3bcd-4dc6-909c-d3c42ea807bc: Sackin index -0.0369; 1.6 s; peak memory 1253 MiB.
2026-09-25T11:40:57Z INFO [147/381] 151b4681-196e-4e90-a473-ae379428f203: Sackin index -0.0922; 3.6 s; peak memory 1253 MiB.
2026-09-25T11:41:11Z INFO [148/381] 151b88c8-f512-4a0d-bd78-32906e4e0404: Sackin index -0.0143; 13.7 s; peak memory 1253 MiB.
2026-09-25T11:41:12Z INFO [149/381] 151c049e-8d7e-4377-8072-7f37a3568bbe: Sackin index -0.0709; 1.3 s; peak memory 1253 MiB.
2026-09-25T11:41:14Z INFO [150/381] 151c335c-7bba-4fb9-8a15-d245e645a571: Sackin index -0.0728; 1.7 s; peak memory 1253 MiB.
2026-09-25T11:41:14Z INFO [150/381] 151c335c-7bba-4fb9-8a15-d245e645a571: checkpointed 57060 records.
2026-09-25T11:41:16Z INFO [151/381] 151c87de-b334-4769-b7cc-06db2b1f6725: Sackin index -0.0728; 2.1 s; peak memory 1253 MiB.
2026-09-25T11:41:27Z INFO [152/381] 151caa57-ad4e-4282-ab63-131245fd0ca3: Sackin index -0.0288; 11.3 s; peak memory 1253 MiB.
2026-09-25T11:41:29Z INFO [153/381] 151d1651-bb93-44be-a432-f2e8eee75dbd: Sackin index -0.0275; 2.0 s; peak memory 1253 MiB.
2026-09-25T11:41:31Z INFO [154/381] 151d3583-48b5-4ad2-af40-25c7a63ef7a3: Sackin index -0.0745; 1.7 s; peak memory 1253 MiB.
2026-09-25T11:41:38Z INFO [155/381] 151e3b9e-3c32-4a01-9f46-b2c5603b066c: Sackin index -0.0413; 6.7 s; peak memory 1253 MiB.
2026-09-25T11:41:39Z INFO [156/381] 151e3d83-b8fa-4791-a2f3-20020b4dfc2a: Sackin index -0.1349; 1.3 s; peak memory 1253 MiB.
2026-09-25T11:41:41Z INFO [157/381] 151f3532-5045-4e29-8327-cc247994d12f: Sackin index -0.0413; 1.8 s; peak memory 1253 MiB.
2026-09-25T11:41:42Z INFO [158/381] 151f3b52-65e7-4d29-9584-48482be724c0: Sackin index -0.1349; 1.2 s; peak memory 1253 MiB.
2026-09-25T11:41:43Z INFO [159/381] 151fd0ac-8636-4d0e-99a8-4a3bb23886f9: Sackin index -0.0745; 1.3 s; peak memory 1253 MiB.
2026-09-25T11:41:50Z INFO [160/381] 15202d44-5003-4779-9c34-1adfa63e2c15: Sackin index -0.0255; 6.6 s; peak memory 1253 MiB.
2026-09-25T11:41:51Z INFO [161/381] 1520418a-b922-4b5e-86ae-b0daed515840: Sackin index -0.0728; 1.6 s; peak memory 1253 MiB.
2026-09-25T11:41:52Z INFO [162/381] 152049c1-27fe-4fdc-a625-9e9051d8fed4: Sackin index -0.1349; 1.2 s; peak memory 1253 MiB.
2026-09-25T11:41:54Z INFO [163/381] 1522199d-e3ef-4bc0-8aff-957b087712bb: Sackin index -0.1349; 1.2 s; peak memory 1253 MiB.
2026-09-25T11:41:55Z INFO [164/381] 1523c3e4-2549-4666-8430-244006651726: Sackin index -0.0728; 1.7 s; peak memory 1253 MiB.
2026-09-25T11:41:57Z INFO [165/381] 15241611-32e6-4e85-84f0-bb65849fc7b8: Sackin index -0.1349; 1.3 s; peak memory 1253 MiB.
2026-09-25T11:42:14Z INFO [166/381] 152473f6-5c29-4232-a1a8-30b6068ed0f6: Sackin index -0.0235; 17.0 s; peak memory 1253 MiB.
2026-09-25T11:42:15Z INFO [167/381] 15249456-d735-475a-bc71-16b2b4607f32: Sackin index -0.0569; 1.6 s; peak memory 1253 MiB.
2026-09-25T11:42:16Z INFO [168/381] 1524af07-9bd0-44aa-9758-54fb32680c3e: Sackin index -0.1658; 0.9 s; peak memory 1253 MiB.
2026-09-25T11:42:18Z INFO [169/381] 15250191-7927-4c92-854c-20d073d1ce23: Sackin index -0.1142; 2.3 s; peak memory 1253 MiB.
2026-09-25T11:42:42Z INFO [170/381] 15256943-9b91-4088-8399-e3337b96f2d7: Sackin index -0.1367; 23.8 s; peak memory 1253 MiB.
2026-09-25T11:42:45Z INFO [171/381] 152569bd-1869-44c6-9c2f-ddbbf77c47d0: Sackin index -0.0699; 3.1 s; peak memory 1253 MiB.
2026-09-25T11:42:47Z INFO [172/381] 15258885-47be-4eba-ba03-0d8091250b4c: Sackin index -0.0702; 1.5 s; peak memory 1253 MiB.
2026-09-25T11:43:01Z INFO [173/381] 15258932-e46b-4ef8-a6c3-9b8e25d69586: Sackin index -0.0149; 14.4 s; peak memory 1253 MiB.
2026-09-25T11:43:02Z INFO [174/381] 15268835-3ab8-415c-bc08-66a3e16e7c56: Sackin index -0.1349; 1.2 s; peak memory 1253 MiB.
2026-09-25T11:43:05Z INFO [175/381] 1526c575-c1e5-458e-8b4e-1a3633f282cb: Sackin index -0.0369; 2.6 s; peak memory 1253 MiB.
2026-09-25T11:43:07Z INFO [176/381] 1527238e-8595-4950-89bd-3d42e5d7c538: Sackin index -0.0745; 2.0 s; peak memory 1253 MiB.
2026-09-25T11:43:09Z INFO [177/381] 1527977d-fd9a-4c9d-98f1-500958bce7d5: Sackin index -0.1273; 1.5 s; peak memory 1253 MiB.
2026-09-25T11:43:30Z INFO [178/381] 15284546-51c8-4243-b97b-f103c9e21041: Sackin index -0.1367; 21.6 s; peak memory 1253 MiB.
2026-09-25T11:43:32Z INFO [179/381] 1528b6dd-d309-4094-afdb-78b344de8155: Sackin index -0.0735; 2.0 s; peak memory 1253 MiB.
2026-09-25T11:43:34Z INFO [180/381] 1529684a-b586-4e84-9d74-ced240a729c0: Sackin index -0.0275; 1.9 s; peak memory 1253 MiB.
2026-09-25T11:43:36Z INFO [181/381] 152980ab-2651-4e98-988d-13e1b0fa4902: Sackin index -0.0728; 1.6 s; peak memory 1253 MiB.
2026-09-25T11:43:47Z INFO [182/381] 1529a42a-9fca-4567-9b75-441e2bfb553f: Sackin index -0.0199; 11.3 s; peak memory 1253 MiB.
2026-09-25T11:43:48Z INFO [183/381] 1529a772-9543-4bde-b633-c103c7b2278b: Sackin index -0.1658; 1.0 s; peak memory 1253 MiB.
2026-09-25T11:43:50Z INFO [184/381] 1529b920-c225-42a3-a6d3-b79fdaece6dd: Sackin index -0.0728; 1.8 s; peak memory 1253 MiB.
2026-09-25T11:43:53Z INFO [185/381] 152b1177-b004-4db0-ad68-3f89d8ea6756: Sackin index -0.0870; 3.1 s; peak memory 1253 MiB.
2026-09-25T11:43:55Z INFO [186/381] 152c216f-f452-4e15-8c3a-7496ba2c4bc8: Sackin index -0.1938; 2.6 s; peak memory 1253 MiB.
2026-09-25T11:43:57Z INFO [187/381] 152d1aa3-d5af-41c9-b1e1-213e77502efa: Sackin index -0.1356; 1.7 s; peak memory 1253 MiB.
2026-09-25T11:43:58Z INFO [188/381] 152e2a0f-b8eb-4142-ab82-84641ffcd38d: Sackin index -0.1254; 1.1 s; peak memory 1253 MiB.
2026-09-25T11:44:01Z INFO [189/381] 152e59e1-dbd6-414f-96ae-6164845c3283: Sackin index -0.0704; 2.7 s; peak memory 1253 MiB.
2026-09-25T11:44:06Z INFO [190/381] 152ed911-d2d1-467d-9439-9fd568cd9bf1: Sackin index -0.0808; 5.1 s; peak memory 1253 MiB.
2026-09-25T11:44:07Z INFO [191/381] 152f6430-a1dd-45cd-ac3b-ed7962584674: Sackin index -0.1349; 1.2 s; peak memory 1253 MiB.
2026-09-25T11:44:13Z INFO [192/381] 152f8832-1712-4c38-bbc8-db5edb194afc: Sackin index -0.0403; 6.2 s; peak memory 1253 MiB.
2026-09-25T11:44:15Z INFO [193/381] 152f8a98-cda9-43fb-bda7-793b5070a1c9: Sackin index -0.0275; 1.9 s; peak memory 1253 MiB.
2026-09-25T11:44:17Z INFO [194/381] 152fd97c-d2aa-45f0-ba9e-357c06189710: Sackin index -0.1248; 1.6 s; peak memory 1253 MiB.
2026-09-25T11:44:19Z INFO [195/381] 15319bba-d437-4b72-94e2-e51ddc78fd10: Sackin index -0.0375; 1.9 s; peak memory 1253 MiB.
2026-09-25T11:44:42Z INFO [196/381] 15324496-3e1e-43c2-806b-3de4f48eeabd: Sackin index -0.1367; 23.0 s; peak memory 1253 MiB.
2026-09-25T11:44:43Z INFO [197/381] 1532532f-df24-47e9-b42a-50c2f8db6841: Sackin index -0.0696; 1.7 s; peak memory 1253 MiB.
2026-09-25T11:44:45Z INFO [198/381] 15339f24-00f7-4e59-85a8-6942b5e1faad: Sackin index -0.1349; 1.3 s; peak memory 1253 MiB.
2026-09-25T11:45:00Z INFO [199/381] 15342df1-e296-44e8-bb5d-345910921771: Sackin index -0.0425; 15.1 s; peak memory 1253 MiB.
2026-09-25T11:45:01Z INFO [200/381] 15361ae8-66fd-44e9-9890-04b921fe0827: Sackin index -0.1248; 1.3 s; peak memory 1253 MiB.
2026-09-25T11:45:01Z INFO [200/381] 15361ae8-66fd-44e9-9890-04b921fe0827: checkpointed 57110 records.
2026-09-25T11:45:03Z INFO [201/381] 153669da-6bd8-4d6a-abbb-162b24766097: Sackin index -0.0380; 1.8 s; peak memory 1253 MiB.
2026-09-25T11:45:05Z INFO [202/381] 15367b4f-dab2-4350-8ce1-dd06180efe2e: Sackin index -0.0702; 1.4 s; peak memory 1253 MiB.
2026-09-25T11:45:07Z INFO [203/381] 1536f02c-500c-49b3-8d0e-6be0de47113c: Sackin index -0.0688; 2.9 s; peak memory 1253 MiB.
2026-09-25T11:45:14Z INFO [204/381] 1537aa7d-86d4-49e6-a2ab-fd591ac0a8df: Sackin index -0.0263; 6.6 s; peak memory 1253 MiB.
2026-09-25T11:45:21Z INFO [205/381] 15385582-582a-4408-b9c5-7ea7a8ea22c4: Sackin index -0.0248; 7.1 s; peak memory 1253 MiB.
2026-09-25T11:45:23Z INFO [206/381] 15390c12-a215-444a-8f8b-d3445b6dbd2b: Sackin index -0.0702; 1.4 s; peak memory 1253 MiB.
2026-09-25T11:45:24Z INFO [207/381] 15392088-ebda-4e21-a57c-637a44bc9c7b: Sackin index -0.0696; 1.6 s; peak memory 1253 MiB.
2026-09-25T11:45:26Z INFO [208/381] 15398067-e6ce-445f-9cf4-7d9d688a312e: Sackin index -0.0696; 1.5 s; peak memory 1253 MiB.
2026-09-25T11:45:27Z INFO [209/381] 153a6e42-8c53-4966-b550-1d2e8c087c24: Sackin index -0.1349; 1.3 s; peak memory 1253 MiB.
2026-09-25T11:45:29Z INFO [210/381] 153a8b80-dbea-45eb-bfd0-090329f39563: Sackin index -0.0728; 2.0 s; peak memory 1253 MiB.
2026-09-25T11:52:18Z INFO [211/381] 153bc3b5-c05f-4604-b5fb-193821706a17: Sackin index -0.0667; 409.5 s; peak memory 1318 MiB.
2026-09-25T11:52:20Z INFO [212/381] 153c0922-bca2-4ebe-9933-08c2f28172e8: Sackin index -0.1349; 1.3 s; peak memory 1318 MiB.
2026-09-25T11:52:21Z INFO [213/381] 153c4de5-4181-4dbe-8dbf-cd2995fcefbd: Sackin index -0.1461; 1.1 s; peak memory 1318 MiB.
2026-09-25T11:52:22Z INFO [214/381] 153cd3e3-8ef0-4ae5-9912-92284c2bc283: Sackin index -0.0881; 1.3 s; peak memory 1318 MiB.
2026-09-25T11:52:23Z INFO [215/381] 153cf815-c6bd-4f7f-9a74-e45bda483a48: Sackin index -0.1349; 1.3 s; peak memory 1318 MiB.
2026-09-25T11:52:25Z INFO [216/381] 153d81be-bdd4-413b-8fcc-3a7d1489f4d5: Sackin index -0.0696; 1.5 s; peak memory 1318 MiB.
2026-09-25T11:52:26Z INFO [217/381] 153eb355-2309-4ac2-9b36-cd2dd71eca80: Sackin index -0.0702; 1.5 s; peak memory 1318 MiB.
2026-09-25T11:52:28Z INFO [218/381] 153f76ef-2501-4640-81b9-951be02c161c: Sackin index -0.0811; 1.4 s; peak memory 1318 MiB.
2026-09-25T11:52:29Z INFO [219/381] 153fb5d7-c53a-45a8-b34a-b15b77dc09c4: Sackin index -0.0728; 1.8 s; peak memory 1318 MiB.
2026-09-25T11:52:58Z INFO [220/381] 153fc0cf-78e7-4df0-a708-8911b318cd83: Sackin index -0.0083; 28.6 s; peak memory 1318 MiB.
2026-09-25T11:52:59Z INFO [221/381] 153ff14d-cfa9-4698-91bb-1ca82ec98881: Sackin index -0.1319; 1.2 s; peak memory 1318 MiB.
2026-09-25T11:53:01Z INFO [222/381] 1541814a-b0da-4a6a-ab65-ff9e9537b736: Sackin index -0.0326; 2.0 s; peak memory 1318 MiB.
2026-09-25T11:53:03Z INFO [223/381] 1541c044-870d-4230-a6e7-df1d1d373d14: Sackin index -0.1349; 1.3 s; peak memory 1318 MiB.
2026-09-25T11:53:04Z INFO [224/381] 15423dbb-7c52-4002-8f7e-b0ed62066008: Sackin index -0.1349; 1.2 s; peak memory 1318 MiB.
2026-09-25T11:53:05Z INFO [225/381] 154280d8-a3ea-4100-b5ba-8c48d9b803e2: Sackin index -0.0709; 1.5 s; peak memory 1318 MiB.
2026-09-25T11:53:07Z INFO [226/381] 1542a9c0-2efd-467f-9952-e4fe1308d10a: Sackin index -0.0702; 1.6 s; peak memory 1318 MiB.
2026-09-25T11:53:08Z INFO [227/381] 1542ebf7-b686-467d-8f61-e17790c174a0: Sackin index -0.1349; 1.2 s; peak memory 1318 MiB.
2026-09-25T11:55:12Z INFO [228/381] 15430c11-53de-4502-b248-1d4da48db99d: Sackin index -0.0271; 123.6 s; peak memory 1318 MiB.
2026-09-25T11:55:13Z INFO [229/381] 15431a6d-2afe-440b-b6fe-3d78547e90e3: Sackin index -0.0702; 1.5 s; peak memory 1318 MiB.
2026-09-25T11:55:15Z INFO [230/381] 1543f450-c52a-4ff8-96ce-8d7fbf9f338a: Sackin index -0.0385; 1.5 s; peak memory 1318 MiB.
2026-09-25T11:55:16Z INFO [231/381] 1545ef8d-2632-4c38-a04b-69986762836e: Sackin index -0.1349; 1.2 s; peak memory 1318 MiB.
2026-09-25T11:55:17Z INFO [232/381] 154637db-892d-42ee-85e3-e6ab22b7584b: Sackin index -0.0376; 1.5 s; peak memory 1318 MiB.
2026-09-25T11:55:19Z INFO [233/381] 1546b632-8f84-4666-8aea-7cf2ed1aa473: Sackin index -0.1349; 1.2 s; peak memory 1318 MiB.
2026-09-25T11:55:20Z INFO [234/381] 15471c37-fe4c-463f-b985-e8e164079c71: Sackin index -0.0707; 1.2 s; peak memory 1318 MiB.
2026-09-25T11:55:21Z INFO [235/381] 15475f15-0541-46b6-a7fe-29acd86eaed1: Sackin index -0.1562; 1.3 s; peak memory 1318 MiB.
2026-09-25T11:55:23Z INFO [236/381] 154763cc-6c66-4a0e-b5eb-e0c69f424aaf: Sackin index -0.1000; 1.6 s; peak memory 1318 MiB.
2026-09-25T11:59:28Z INFO [237/381] 154889a6-8d15-4dab-a0b5-e3fdb0889baf: Sackin index -0.0246; 245.1 s; peak memory 1318 MiB.
2026-09-25T11:59:29Z INFO [238/381] 1548d39e-4a34-4586-8c12-0ec1916e91a0: Sackin index -0.0696; 1.7 s; peak memory 1318 MiB.
2026-09-25T11:59:31Z INFO [239/381] 15497f35-8ddb-46f4-be17-e5a9118df933: Sackin index -0.1349; 1.2 s; peak memory 1318 MiB.
2026-09-25T11:59:32Z INFO [240/381] 154a8e36-aa1c-4a88-88da-e8e9f20aac80: Sackin index -0.0369; 1.9 s; peak memory 1318 MiB.
2026-09-25T11:59:34Z INFO [241/381] 154b257a-593b-4b36-a82b-cb212c4ce587: Sackin index -0.1402; 1.3 s; peak memory 1318 MiB.
2026-09-25T11:59:44Z INFO [242/381] 154b5ab1-5e9f-4ec2-835a-f5591aa2a146: Sackin index -0.0158; 10.2 s; peak memory 1318 MiB.
2026-09-25T11:59:45Z INFO [243/381] 154c94c7-b87b-4c48-9c9f-9bb570a61ebc: Sackin index -0.2003; 1.2 s; peak memory 1318 MiB.
2026-09-25T11:59:46Z INFO [244/381] 154d17f2-f40d-47a5-a12f-4218ba40e9bb: Sackin index -0.1239; 1.1 s; peak memory 1318 MiB.
2026-09-25T11:59:49Z INFO [245/381] 154d5ed6-01a2-4cd6-bfde-9cb4a9a136d5: Sackin index -0.0648; 3.2 s; peak memory 1318 MiB.
2026-09-25T11:59:51Z INFO [246/381] 154e02df-a562-402e-85c1-00fc85033677: Sackin index -0.0944; 2.0 s; peak memory 1318 MiB.
2026-09-25T11:59:53Z INFO [247/381] 154e496e-99ba-4cf8-a861-d41f4ef65a0d: Sackin index -0.1349; 1.3 s; peak memory 1318 MiB.
2026-09-25T12:17:40Z INFO [248/381] 154e6336-fef4-48be-9c04-7fa05093b5b5: Sackin index -0.0451; 1067.5 s; peak memory 1318 MiB.
2026-09-25T12:17:59Z INFO [249/381] 154f1ee1-ae40-42f4-a980-6464fb6d8597: Sackin index -0.1367; 18.5 s; peak memory 1318 MiB.
2026-09-25T12:17:59Z INFO [250/381] 154fc3be-f00f-4a52-950d-f77ccdba0568: Sackin index -0.2168; 0.8 s; peak memory 1318 MiB.
2026-09-25T12:18:00Z INFO [250/381] 154fc3be-f00f-4a52-950d-f77ccdba0568: checkpointed 57160 records.
2026-09-25T12:18:02Z INFO [251/381] 15508d90-b40d-44ab-ad87-9230db68bceb: Sackin index -0.0350; 2.5 s; peak memory 1318 MiB.
2026-09-25T12:18:03Z INFO [252/381] 155113ec-9206-4bc4-a557-c2de0bd27cdf: Sackin index -0.2147; 1.0 s; peak memory 1318 MiB.
2026-09-25T12:18:04Z INFO [253/381] 15515db4-6f71-41a5-91e1-8e6c8bcbb075: Sackin index -0.1349; 1.4 s; peak memory 1318 MiB.
2026-09-25T12:18:06Z INFO [254/381] 1551b282-df5b-49cf-ad67-3740bfa56f04: Sackin index -0.1349; 1.4 s; peak memory 1318 MiB.
2026-09-25T12:18:13Z INFO [255/381] 1551df2a-8c2d-409f-a351-d6c4fc89c76a: Sackin index -0.0455; 6.9 s; peak memory 1318 MiB.
2026-09-25T12:18:15Z INFO [256/381] 1553ac05-4a4a-4cfc-b348-64a560264c48: Sackin index -0.0369; 1.9 s; peak memory 1318 MiB.
2026-09-25T12:18:16Z INFO [257/381] 15544404-1345-4251-aeee-cc4474cabd44: Sackin index -0.0728; 1.8 s; peak memory 1318 MiB.
2026-09-25T12:18:18Z INFO [258/381] 155558bf-8c2b-4aed-9517-3f296b7cbf00: Sackin index -0.1349; 1.2 s; peak memory 1318 MiB.
2026-09-25T12:19:59Z INFO [259/381] 1556eb4a-404b-4496-a71d-0b415fd5d075: Sackin index -0.0007; 101.6 s; peak memory 1318 MiB.
2026-09-25T12:20:00Z INFO [260/381] 15573533-9917-4362-9965-53f0afbeff09: Sackin index -0.1349; 1.2 s; peak memory 1318 MiB.
2026-09-25T12:20:02Z INFO [261/381] 1557adc1-5085-49db-93dd-ba120c30ca72: Sackin index -0.1291; 2.0 s; peak memory 1318 MiB.
2026-09-25T12:20:04Z INFO [262/381] 1557c175-db72-417d-9415-f869c7f1d5a1: Sackin index -0.1349; 1.3 s; peak memory 1318 MiB.
2026-09-25T12:20:08Z INFO [263/381] 1558c60a-93ec-449a-aa78-37653e511703: Sackin index -0.0614; 3.8 s; peak memory 1318 MiB.
2026-09-25T12:20:09Z INFO [264/381] 15592185-49a1-45a6-b3d2-61da3af9bf51: Sackin index -0.1135; 1.1 s; peak memory 1318 MiB.
2026-09-25T12:20:10Z INFO [265/381] 15592aa9-ee4c-4302-91e2-b8ba05fda37b: Sackin index -0.1349; 1.2 s; peak memory 1318 MiB.
2026-09-25T12:20:11Z INFO [266/381] 155934ca-dc1a-4893-9890-61d5159c5b6c: Sackin index -0.0384; 1.4 s; peak memory 1318 MiB.
2026-09-25T12:22:15Z INFO [267/381] 1559d345-b934-44d1-ac6c-ad544ba4090d: Sackin index -0.0260; 123.7 s; peak memory 1318 MiB.
2026-09-25T12:22:18Z INFO [268/381] 1559fa9a-2ef3-4e2a-902c-3523e3509f25: Sackin index -0.0797; 3.2 s; peak memory 1318 MiB.
2026-09-25T12:22:32Z INFO [269/381] 155af451-0e10-4521-8480-0ef569877d6f: Sackin index -0.0136; 13.4 s; peak memory 1318 MiB.
2026-09-25T12:22:32Z INFO [270/381] 155b3a1c-9405-4e36-8bee-c09b245586e6: Sackin index -0.1658; 0.9 s; peak memory 1318 MiB.
2026-09-25T12:22:40Z INFO [271/381] 155ba689-80ce-4c74-ae23-7cf33c08ca6e: Sackin index -0.0401; 8.0 s; peak memory 1318 MiB.
2026-09-25T12:22:42Z INFO [272/381] 155c7b00-0be1-49b1-9b95-c44d813730c6: Sackin index -0.1349; 1.5 s; peak memory 1318 MiB.
2026-09-25T12:22:44Z INFO [273/381] 155cd435-1ce9-442e-ab04-8687c06b99cf: Sackin index -0.1210; 2.1 s; peak memory 1318 MiB.
2026-09-25T12:22:47Z INFO [274/381] 155d2fc4-0ad4-48d4-8b4d-4b09b62c2732: Sackin index -0.0660; 3.3 s; peak memory 1318 MiB.
2026-09-25T12:22:50Z INFO [275/381] 155d9cd9-038b-4ead-824e-6e90f351e5fa: Sackin index -0.0699; 2.7 s; peak memory 1318 MiB.
2026-09-25T12:22:51Z INFO [276/381] 155da5de-a912-41ec-b0f4-215e8566f2be: Sackin index -0.0696; 1.3 s; peak memory 1318 MiB.
2026-09-25T12:22:53Z INFO [277/381] 155dff14-a561-43e3-ab05-3287b5d11790: Sackin index -0.0369; 2.1 s; peak memory 1318 MiB.
2026-09-25T12:22:54Z INFO [278/381] 155e17c9-ad05-435b-bb1c-6c3dd38f6080: Sackin index -0.1658; 0.9 s; peak memory 1318 MiB.
2026-09-25T12:22:55Z INFO [279/381] 155e3ff3-bf7a-4f95-9e62-5e7b4881418c: Sackin index -0.1239; 1.1 s; peak memory 1318 MiB.
2026-09-25T12:22:57Z INFO [280/381] 155e41d0-ebd7-47ac-bd0c-890c99b0b7e8: Sackin index -0.1658; 1.1 s; peak memory 1318 MiB.
2026-09-25T12:22:58Z INFO [281/381] 155e571a-9e76-440e-8fc3-3ec8e821187b: Sackin index -0.0944; 1.8 s; peak memory 1318 MiB.
2026-09-25T12:23:04Z INFO [282/381] 155f17d5-0f27-4fb5-9119-cad27af7f7df: Sackin index -0.0403; 5.2 s; peak memory 1318 MiB.
2026-09-25T12:23:07Z INFO [283/381] 155ff7f6-391a-4402-990d-dc8377d971c0: Sackin index -0.0718; 3.1 s; peak memory 1318 MiB.
2026-09-25T12:23:10Z INFO [284/381] 1560c5ae-e3ed-44fd-b3fc-0a7fc779ed1a: Sackin index -0.0797; 3.2 s; peak memory 1318 MiB.
2026-09-25T12:23:11Z INFO [285/381] 15613159-0611-4b1c-92f5-b972728691e8: Sackin index -0.1178; 0.9 s; peak memory 1318 MiB.
2026-09-25T12:23:18Z INFO [286/381] 156188fb-ccd8-41a8-85a3-aad5c5b0b7d0: Sackin index -0.0259; 6.9 s; peak memory 1318 MiB.
2026-09-25T12:23:21Z INFO [287/381] 1561b7d0-9087-49fa-936c-8194fd7ee9a1: Sackin index -0.0699; 2.9 s; peak memory 1318 MiB.
2026-09-25T12:23:23Z INFO [288/381] 1561e131-c645-461e-b8a0-98ba9bb1d647: Sackin index -0.0699; 2.9 s; peak memory 1318 MiB.
2026-09-25T12:23:30Z INFO [289/381] 1561f093-0e46-4549-8c58-7dca913ea28d: Sackin index -0.0251; 6.8 s; peak memory 1318 MiB.
2026-09-25T12:23:31Z INFO [290/381] 15634ffa-a0db-4d2b-8082-9c7517f04ac5: Sackin index -0.1349; 1.2 s; peak memory 1318 MiB.
2026-09-25T12:23:33Z INFO [291/381] 1563a91b-eca2-4156-a3f8-024a783bcea4: Sackin index -0.0376; 1.6 s; peak memory 1318 MiB.
2026-09-25T12:23:35Z INFO [292/381] 1563f278-0836-4483-81f0-3c33e5f473f8: Sackin index -0.0735; 1.8 s; peak memory 1318 MiB.
2026-09-25T12:23:36Z INFO [293/381] 1564b6cb-d382-4704-ab24-4ca609fbd688: Sackin index -0.1129; 1.5 s; peak memory 1318 MiB.
2026-09-25T12:23:38Z INFO [294/381] 15661d06-22d5-4163-b504-4a88053b3159: Sackin index -0.1429; 1.4 s; peak memory 1318 MiB.
2026-09-25T12:23:40Z INFO [295/381] 156673c8-c392-45ed-a179-37129adb21bb: Sackin index -0.0457; 1.7 s; peak memory 1318 MiB.
2026-09-25T12:23:41Z INFO [296/381] 1566c20e-c21f-4546-a276-d28b07f8f6cb: Sackin index -0.0375; 1.9 s; peak memory 1318 MiB.
2026-09-25T12:23:43Z INFO [297/381] 15673a74-5c51-4700-ae33-6bb122c9c508: Sackin index -0.1349; 1.2 s; peak memory 1318 MiB.
2026-09-25T12:23:48Z INFO [298/381] 1568094d-d386-49de-b08e-aa20d21f35a8: Sackin index -0.0435; 5.8 s; peak memory 1318 MiB.
2026-09-25T12:23:50Z INFO [299/381] 15682545-aea4-4dd3-98f3-ecc00c76e6cd: Sackin index -0.0381; 1.4 s; peak memory 1318 MiB.
2026-09-25T12:23:51Z INFO [300/381] 15686c53-3ef8-48eb-82e9-def1d206e9eb: Sackin index -0.0715; 1.4 s; peak memory 1318 MiB.
2026-09-25T12:23:51Z INFO [300/381] 15686c53-3ef8-48eb-82e9-def1d206e9eb: checkpointed 57210 records.
2026-09-25T12:23:53Z INFO [301/381] 1569dd2e-4c2f-4810-b212-9a41adc47095: Sackin index -0.1248; 1.3 s; peak memory 1318 MiB.
2026-09-25T12:23:54Z INFO [302/381] 156b6ce9-d335-47aa-bbf0-6ed0aec0ef26: Sackin index -0.1349; 1.2 s; peak memory 1318 MiB.
2026-09-25T12:24:16Z INFO [303/381] 156c0016-f012-4df5-a121-69e6c3bb5ab3: Sackin index -0.1367; 22.0 s; peak memory 1318 MiB.
2026-09-25T12:24:18Z INFO [304/381] 156c8333-df70-4b3c-bdb9-5fcd38319fbb: Sackin index -0.0676; 2.5 s; peak memory 1318 MiB.
2026-09-25T12:24:20Z INFO [305/381] 156cae23-b854-40ba-ae56-914651dca6c8: Sackin index -0.0728; 1.5 s; peak memory 1318 MiB.
2026-09-25T12:24:22Z INFO [306/381] 156de6a4-73cc-43c6-ba6b-d02d0877726c: Sackin index -0.0369; 1.9 s; peak memory 1318 MiB.
2026-09-25T12:24:23Z INFO [307/381] 156e63e5-f43c-41c1-870a-110d014adf71: Sackin index -0.0728; 1.8 s; peak memory 1318 MiB.
2026-09-25T12:24:25Z INFO [308/381] 156f78c3-6fe8-48f7-a02a-76e4f8b8a896: Sackin index -0.0702; 1.6 s; peak memory 1318 MiB.
2026-09-25T12:24:27Z INFO [309/381] 156f7e99-f9bc-4156-a24c-50d8a2ee328f: Sackin index -0.0696; 1.6 s; peak memory 1318 MiB.
2026-09-25T12:24:28Z INFO [310/381] 15703b60-8d25-4e47-bbbb-e85b982708ca: Sackin index -0.1340; 1.5 s; peak memory 1318 MiB.
2026-09-25T12:24:30Z INFO [311/381] 15704d33-ca63-4bff-9a87-a026985ca7f8: Sackin index -0.0728; 1.7 s; peak memory 1318 MiB.
2026-09-25T12:24:35Z INFO [312/381] 15708453-209a-4097-8a07-ae3604f74897: Sackin index -0.0392; 4.7 s; peak memory 1318 MiB.
2026-09-25T12:24:37Z INFO [313/381] 1571d1b0-f1ed-4d33-bab1-bc424c1c8902: Sackin index -0.0735; 1.9 s; peak memory 1318 MiB.
2026-09-25T12:24:38Z INFO [314/381] 15731187-574f-4443-8b5d-bd0f8e0f12a9: Sackin index -0.1009; 1.7 s; peak memory 1318 MiB.
2026-09-25T12:24:41Z INFO [315/381] 15731b22-1512-4550-af75-730e956f9d3c: Sackin index -0.0722; 3.1 s; peak memory 1318 MiB.
2026-09-25T12:24:47Z INFO [316/381] 157387ee-24e9-447c-a100-ef3f7f3cdce7: Sackin index -0.1599; 5.6 s; peak memory 1318 MiB.
2026-09-25T12:24:48Z INFO [317/381] 1573d0ca-05ee-4f41-908a-cb6364f7c9e4: Sackin index -0.1349; 1.3 s; peak memory 1318 MiB.
2026-09-25T12:24:49Z INFO [318/381] 157426b5-fac8-448e-8fdc-a3b7d2440e93: Sackin index -0.1349; 1.2 s; peak memory 1318 MiB.
2026-09-25T12:24:51Z INFO [319/381] 157441c1-54d7-43ae-844c-0f77e6931b54: Sackin index -0.1361; 1.3 s; peak memory 1318 MiB.
2026-09-25T12:25:00Z INFO [320/381] 15748152-ea50-46d3-bab5-bf540d68c275: Sackin index -0.0205; 8.8 s; peak memory 1318 MiB.
2026-09-25T12:25:02Z INFO [321/381] 1574a992-fae0-472d-a284-c7112be91547: Sackin index -0.0978; 2.5 s; peak memory 1318 MiB.
2026-09-25T12:25:06Z INFO [322/381] 1574f950-c66c-443d-b85f-775800dbfb92: Sackin index -0.0350; 4.3 s; peak memory 1318 MiB.
2026-09-25T12:25:10Z INFO [323/381] 157569a0-e247-4037-a3d9-86ff639e8bad: Sackin index -0.0797; 3.6 s; peak memory 1318 MiB.
2026-09-25T12:25:11Z INFO [324/381] 1576356e-9b61-48bf-a48d-29c02389ddf1: Sackin index -0.0386; 1.5 s; peak memory 1318 MiB.
2026-09-25T12:25:13Z INFO [325/381] 157764f3-23ad-4a94-b182-be04a36adb67: Sackin index -0.1658; 1.3 s; peak memory 1318 MiB.
2026-09-25T12:25:14Z INFO [326/381] 1578962d-a93f-4aa8-8e0a-19ec3de72ec0: Sackin index -0.1349; 1.2 s; peak memory 1318 MiB.
2026-09-25T12:25:16Z INFO [327/381] 1578d824-aed3-408d-a73d-dd35886ca335: Sackin index -0.0275; 1.8 s; peak memory 1318 MiB.
2026-09-25T12:25:18Z INFO [328/381] 15791cda-a6e4-45d2-be06-9b18cdd6ec57: Sackin index -0.1224; 2.2 s; peak memory 1318 MiB.
2026-09-25T12:25:19Z INFO [329/381] 157a1381-264d-4dc8-b4f7-f66d9a4fc864: Sackin index -0.0709; 1.4 s; peak memory 1318 MiB.
2026-09-25T12:25:21Z INFO [330/381] 157a2112-e49f-4295-bcc1-2f2042984060: Sackin index -0.0728; 1.7 s; peak memory 1318 MiB.
2026-09-25T12:25:23Z INFO [331/381] 157af223-d8e8-412c-b488-9c4e171d4237: Sackin index -0.0702; 1.5 s; peak memory 1318 MiB.
2026-09-25T12:25:24Z INFO [332/381] 157af456-6443-4c65-beca-139754b69055: Sackin index -0.1349; 1.2 s; peak memory 1318 MiB.
2026-09-25T12:25:25Z INFO [333/381] 157b3cfc-a11d-4660-be15-4f15571c4ab3: Sackin index -0.0696; 1.4 s; peak memory 1318 MiB.
2026-09-25T12:25:27Z INFO [334/381] 157b47f9-9f03-4f35-8275-e8d3eaefb92b: Sackin index -0.0745; 1.6 s; peak memory 1318 MiB.
2026-09-25T12:25:30Z INFO [335/381] 157b71f7-cb12-4370-a736-ddf4ff886fbe: Sackin index -0.0579; 2.8 s; peak memory 1318 MiB.
2026-09-25T12:25:32Z INFO [336/381] 157b8a2d-2155-4b54-b2f3-ed5cff4c2db7: Sackin index -0.0275; 2.0 s; peak memory 1318 MiB.
2026-09-25T12:25:33Z INFO [337/381] 157c32e2-cd30-436c-9690-3b710a0ca085: Sackin index -0.1178; 0.9 s; peak memory 1318 MiB.
2026-09-25T12:25:38Z INFO [338/381] 157c801c-1fd7-470e-bbd4-8518f4e27d91: Sackin index -0.0611; 5.7 s; peak memory 1318 MiB.
2026-09-25T12:25:39Z INFO [339/381] 157dab3a-ffc7-439e-9c3c-1f2a3bc9c897: Sackin index -0.1658; 1.1 s; peak memory 1318 MiB.
2026-09-25T12:27:40Z INFO [340/381] 157db580-5c02-4528-80c3-a276a4560783: Sackin index -0.0286; 120.5 s; peak memory 1318 MiB.
2026-09-25T12:27:41Z INFO [341/381] 157ea22a-157c-4fbd-8629-fd01cfe4c7a8: Sackin index -0.0745; 1.6 s; peak memory 1318 MiB.
2026-09-25T12:27:43Z INFO [342/381] 157fb118-2c0e-4fec-b841-868a79afa067: Sackin index -0.0384; 1.5 s; peak memory 1318 MiB.
2026-09-25T12:27:44Z INFO [343/381] 1580228d-feb4-45de-9f9c-2b28c6bf705e: Sackin index -0.1178; 0.9 s; peak memory 1318 MiB.
2026-09-25T12:27:45Z INFO [344/381] 1581760e-6e30-447e-af5c-f569d863f1ab: Sackin index -0.0380; 1.6 s; peak memory 1318 MiB.
2026-09-25T12:27:47Z INFO [345/381] 1581e000-13f1-470e-8fff-01a7ba0b14e7: Sackin index -0.1331; 1.2 s; peak memory 1318 MiB.
2026-09-25T12:27:48Z INFO [346/381] 1581e060-3f8d-4bdf-aa2d-a56bbfcf0aec: Sackin index -0.1248; 1.3 s; peak memory 1318 MiB.
2026-09-25T12:27:49Z INFO [347/381] 1581e6f2-2f44-47fa-80e5-ce4de108b39e: Sackin index -0.1349; 1.2 s; peak memory 1318 MiB.
2026-09-25T12:27:51Z INFO [348/381] 1582406d-d88b-4bb6-aec5-89f854ce3e98: Sackin index -0.0379; 1.8 s; peak memory 1318 MiB.
2026-09-25T12:27:52Z INFO [349/381] 1582bb71-d1d0-46dc-b47b-a3cc6ab004a4: Sackin index -0.1349; 1.2 s; peak memory 1318 MiB.
2026-09-25T12:28:01Z INFO [350/381] 1582d7c2-3a05-4faa-91df-25c50ee3c612: Sackin index -0.0022; 9.1 s; peak memory 1318 MiB.
2026-09-25T12:28:01Z INFO [350/381] 1582d7c2-3a05-4faa-91df-25c50ee3c612: checkpointed 57260 records.
2026-09-25T12:28:09Z INFO [351/381] 15832f3d-c3ab-4286-aa92-f405ac5a5cd6: Sackin index -0.0251; 7.3 s; peak memory 1318 MiB.
2026-09-25T12:28:24Z INFO [352/381] 1584be8e-fa22-4753-ada3-4d08ae530e98: Sackin index -0.0142; 15.1 s; peak memory 1318 MiB.
2026-09-25T12:28:25Z INFO [353/381] 158514ae-b30e-4690-9d7c-4ec325d9c89b: Sackin index -0.1349; 1.2 s; peak memory 1318 MiB.
2026-09-25T12:28:27Z INFO [354/381] 15852eaa-6ca2-4c02-9508-4597f665dc15: Sackin index -0.0696; 1.6 s; peak memory 1318 MiB.
2026-09-25T12:28:27Z INFO [355/381] 15858011-eeca-4ec3-ae10-e2cfd32733db: Sackin index -0.1658; 0.9 s; peak memory 1318 MiB.
2026-09-25T12:28:36Z INFO [356/381] 1586fcb1-ca3d-41de-811a-8fa2d54a5827: Sackin index -0.0017; 9.0 s; peak memory 1318 MiB.
2026-09-25T12:28:43Z INFO [357/381] 158700a8-3384-4cea-9157-e077fc014a4f: Sackin index -0.0245; 6.2 s; peak memory 1318 MiB.
2026-09-25T12:28:44Z INFO [358/381] 15872f01-7da4-4000-a32a-54820c1a6010: Sackin index -0.1349; 1.2 s; peak memory 1318 MiB.
2026-09-25T12:28:46Z INFO [359/381] 1588708e-8b3c-4538-9f61-e8637f22ad53: Sackin index -0.0699; 2.6 s; peak memory 1318 MiB.
2026-09-25T12:28:48Z INFO [360/381] 1588a0f1-07fd-4f2c-9ca3-f7589d717e7b: Sackin index -0.1461; 1.2 s; peak memory 1318 MiB.
2026-09-25T12:28:49Z INFO [361/381] 1589cea3-601c-4d0a-b8f4-fab4db98c0c3: Sackin index -0.1349; 1.3 s; peak memory 1318 MiB.
2026-09-25T12:28:50Z INFO [362/381] 1589ef07-8969-4667-baaa-a273d8de91eb: Sackin index -0.1658; 1.0 s; peak memory 1318 MiB.
2026-09-25T12:28:51Z INFO [363/381] 158a0930-99d3-401d-8fc4-b2657f7aa1ee: Sackin index -0.1349; 1.2 s; peak memory 1318 MiB.
2026-09-25T12:28:53Z INFO [364/381] 158a9d7e-ed47-4fa5-a949-03bdc5f9a141: Sackin index -0.0728; 2.1 s; peak memory 1318 MiB.
2026-09-25T12:28:55Z INFO [365/381] 158b09e5-3bc1-4448-9b64-e44823316d5b: Sackin index -0.1349; 1.3 s; peak memory 1318 MiB.
2026-09-25T12:28:56Z INFO [366/381] 158b2973-7ce4-4176-9f22-96a9036334b8: Sackin index -0.1498; 1.3 s; peak memory 1318 MiB.
2026-09-25T12:28:57Z INFO [367/381] 158c5234-0b16-418c-b030-c3e67197f783: Sackin index -0.1349; 1.1 s; peak memory 1318 MiB.
2026-09-25T12:28:58Z INFO [368/381] 158d1abc-363b-434e-b9c2-da8252c36bef: Sackin index -0.1562; 1.2 s; peak memory 1318 MiB.
2026-09-25T12:29:00Z INFO [369/381] 158db73c-d5d5-4caa-98f3-e9009f234831: Sackin index -0.0696; 1.4 s; peak memory 1318 MiB.
2026-09-25T12:29:01Z INFO [370/381] 15900571-100a-4410-b3e1-2149c043b1aa: Sackin index -0.1349; 1.2 s; peak memory 1318 MiB.
2026-09-25T12:29:02Z INFO [371/381] 15909e46-817a-4d71-aa87-1cea4e276c31: Sackin index -0.1349; 1.2 s; peak memory 1318 MiB.
2026-09-25T12:29:04Z INFO [372/381] 1590b0c2-df9d-4130-9941-d51becde1119: Sackin index -0.0676; 2.4 s; peak memory 1318 MiB.
2026-09-25T12:29:06Z INFO [373/381] 1590dcf9-7296-46ec-815f-4638e1575efc: Sackin index -0.1349; 1.2 s; peak memory 1318 MiB.
2026-09-25T12:29:07Z INFO [374/381] 15913122-eeaa-4b24-a0d6-6ecb698d86de: Sackin index -0.1658; 1.2 s; peak memory 1318 MiB.
2026-09-25T12:29:09Z INFO [375/381] 1591663c-de3c-45ed-99db-7ee3d9d9ff42: Sackin index -0.1542; 1.7 s; peak memory 1318 MiB.
2026-09-25T12:29:10Z INFO [376/381] 15918a82-26c5-48e3-ac00-65201d8a1373: Sackin index -0.0376; 1.8 s; peak memory 1318 MiB.
2026-09-25T12:29:11Z INFO [377/381] 159191e7-cefa-4429-95e7-3e0c415b8d50: Sackin index -0.1120; 0.9 s; peak memory 1318 MiB.
2026-09-25T12:29:16Z INFO [378/381] 1591f4e1-1f0b-4fe4-89ff-6938e9da6e2e: Sackin index -0.0277; 4.8 s; peak memory 1318 MiB.
2026-09-25T12:29:17Z INFO [379/381] 15924da1-bdf4-4e24-b4dd-3cdcab34ca0b: Sackin index -0.1349; 1.2 s; peak memory 1318 MiB.
2026-09-25T12:29:19Z INFO [380/381] 15925a36-554e-4e92-b9c5-1349e820ee89: Sackin index -0.0685; 1.2 s; peak memory 1318 MiB.
2026-09-25T12:29:24Z INFO [381/381] 15927b12-6bb2-4f2b-8488-95a0f3ee18e2: Sackin index -0.0415; 5.2 s; peak memory 1318 MiB.
2026-09-25T12:29:24Z INFO Wrote 57291 records to /tmp/derivatives/valid_nwb_file_to_sackin_index.jsonl (381 new, 0 failed) in 74.8 min (peak memory 1318 MiB).
