2026-10-10T19:42:34Z INFO Logging to /tmp/logs/update_2026-10-10T19-42-34Z.log.
2026-10-10T19:42:34Z INFO Update valid-nwb-file-to-sackin-index (base directory /tmp).
2026-10-10T19:42:34Z INFO Processing 750 items (122086 already recorded).
2026-10-10T19:42:35Z INFO [1/750] 9bd80bb1-e262-46ed-bfb2-5b4e2893ef26: Sackin index -0.1349; 1.2 s; peak memory 125 MiB.
2026-10-10T19:42:36Z INFO [2/750] 9bd816da-7fb5-424f-b47c-95866a1590b0: Sackin index -0.1349; 0.8 s; peak memory 125 MiB.
2026-10-10T19:47:57Z INFO [3/750] 9bd9bd10-6e2d-4645-8a22-f17c8d26f407: Sackin index -0.1063; 320.6 s; peak memory 1122 MiB.
2026-10-10T19:48:00Z INFO [4/750] 9bdaaa28-332c-424e-8535-7f70bbd32a0d: Sackin index -0.0611; 3.5 s; peak memory 1122 MiB.
2026-10-10T19:48:01Z INFO [5/750] 9bdafcee-1b31-4fad-98f7-72d7abc33778: Sackin index -0.1349; 0.8 s; peak memory 1122 MiB.
2026-10-10T19:48:02Z INFO [6/750] 9bdb6b3b-e715-4cc2-a17b-cbae36ece2d1: Sackin index -0.0434; 0.9 s; peak memory 1122 MiB.
2026-10-10T19:48:03Z INFO [7/750] 9bdb7859-1729-4314-93c1-7a7b3bde0262: Sackin index -0.1349; 0.8 s; peak memory 1122 MiB.
2026-10-10T19:48:12Z INFO [8/750] 9bdbd307-0fdc-4231-8577-f0025839b90e: Sackin index -0.1495; 9.4 s; peak memory 1122 MiB.
2026-10-10T19:48:13Z INFO [9/750] 9bdcedd4-45ea-4f0a-aa15-a5ec6bc0d715: Sackin index -0.1349; 0.7 s; peak memory 1122 MiB.
2026-10-10T19:48:15Z INFO [10/750] 9bdd3537-5715-4a09-b173-0c8ab14d15f6: Sackin index -0.0699; 1.9 s; peak memory 1122 MiB.
2026-10-10T19:48:18Z INFO [11/750] 9bdddaa3-456b-459a-9b4f-d227e9c9e7fd: Sackin index -0.0611; 3.5 s; peak memory 1122 MiB.
2026-10-10T19:48:20Z INFO [12/750] 9bde2bde-5f06-4546-aabe-920ccf547f2e: Sackin index -0.0507; 2.3 s; peak memory 1122 MiB.
2026-10-10T19:48:26Z INFO [13/750] 9bdf6c53-b448-47c9-af59-1e5144a7fb59: Sackin index -0.0187; 5.1 s; peak memory 1122 MiB.
2026-10-10T19:48:26Z INFO [14/750] 9bdfbd15-9c4b-487f-86bf-d678880780ea: Sackin index -0.1349; 0.8 s; peak memory 1122 MiB.
2026-10-10T19:48:27Z INFO [15/750] 9be0cd42-0b94-47ca-a63f-dafdee66a041: Sackin index -0.1349; 0.7 s; peak memory 1122 MiB.
2026-10-10T19:48:28Z INFO [16/750] 9be114eb-b859-493d-ab04-a895e287d76e: Sackin index -0.0702; 0.9 s; peak memory 1122 MiB.
2026-10-10T19:48:29Z INFO [17/750] 9be298db-45d1-4c81-ac29-cc63576996d4: Sackin index -0.0728; 1.0 s; peak memory 1122 MiB.
2026-10-10T19:48:30Z INFO [18/750] 9be410c8-2cda-47d4-9bf5-0604d096032f: Sackin index -0.0696; 0.7 s; peak memory 1122 MiB.
2026-10-10T19:48:31Z INFO [19/750] 9be49153-7682-4800-bfca-fb2069501d92: Sackin index -0.0728; 1.0 s; peak memory 1122 MiB.
2026-10-10T19:48:32Z INFO [20/750] 9be54713-9ce6-47ee-9049-b72a9e7ef523: Sackin index -0.0173; 1.4 s; peak memory 1122 MiB.
2026-10-10T19:48:33Z INFO [21/750] 9be56c4c-ecd6-4475-aec5-57f672f6999f: Sackin index -0.0728; 0.9 s; peak memory 1122 MiB.
2026-10-10T19:48:34Z INFO [22/750] 9be62faf-b507-4ce7-8ab0-30bd081b4013: Sackin index -0.0728; 1.0 s; peak memory 1122 MiB.
2026-10-10T19:48:35Z INFO [23/750] 9be6b47f-365e-4fe5-a75a-446dcd590ae1: Sackin index -0.0369; 1.0 s; peak memory 1122 MiB.
2026-10-10T19:48:37Z INFO [24/750] 9be7394a-25e5-4106-ae34-544ea313f47a: Sackin index -0.0699; 1.8 s; peak memory 1122 MiB.
2026-10-10T19:48:39Z INFO [25/750] 9be7709d-e76f-44e0-af54-78b2f86b8423: Sackin index -0.0587; 1.9 s; peak memory 1122 MiB.
2026-10-10T19:48:41Z INFO [26/750] 9be83abc-b7b4-431c-bf0f-1bd52576d622: Sackin index -0.0562; 2.2 s; peak memory 1122 MiB.
2026-10-10T19:48:42Z INFO [27/750] 9be99b00-cc69-433a-b73e-9d2e708eb781: Sackin index -0.0728; 0.7 s; peak memory 1122 MiB.
2026-10-10T19:48:42Z INFO [28/750] 9be9b01d-e112-4986-b50a-5f0c8d4ae6df: Sackin index -0.1658; 0.6 s; peak memory 1122 MiB.
2026-10-10T19:48:43Z INFO [29/750] 9bea7b3f-1474-4f87-aff4-219e8ff86b85: Sackin index -0.1602; 0.9 s; peak memory 1122 MiB.
2026-10-10T19:48:44Z INFO [30/750] 9bec17ac-5072-46f6-a5bb-f9ec0633097b: Sackin index -0.0728; 1.1 s; peak memory 1122 MiB.
2026-10-10T19:48:45Z INFO [31/750] 9bec529a-f13f-4773-930a-fcd7b750e540: Sackin index -0.0881; 0.6 s; peak memory 1122 MiB.
2026-10-10T19:48:45Z INFO [32/750] 9bec78c0-d2ac-4c9a-8ffb-4affcb581822: Sackin index -0.1349; 0.6 s; peak memory 1122 MiB.
2026-10-10T19:48:46Z INFO [33/750] 9bec930c-59cf-45ce-90bb-eace410c2f26: Sackin index -0.0375; 1.0 s; peak memory 1122 MiB.
2026-10-10T19:48:47Z INFO [34/750] 9becd8d7-d3b3-4532-aa1a-dbec8227745b: Sackin index -0.0702; 0.9 s; peak memory 1122 MiB.
2026-10-10T19:48:51Z INFO [35/750] 9becf1ee-4a39-46b0-94e3-889759d2a828: Sackin index -0.0202; 4.0 s; peak memory 1122 MiB.
2026-10-10T19:48:57Z INFO [36/750] 9bee259f-7c91-434c-8329-b042e634a1e9: Sackin index -0.0197; 5.7 s; peak memory 1122 MiB.
2026-10-10T19:49:15Z INFO [37/750] 9bee519b-a0e0-4ea0-8775-dead950312af: Sackin index -0.0025; 18.0 s; peak memory 1122 MiB.
2026-10-10T19:49:16Z INFO [38/750] 9bee8e12-0d4c-443a-b616-49cc8060a50b: Sackin index -0.1349; 0.7 s; peak memory 1122 MiB.
2026-10-10T19:49:17Z INFO [39/750] 9bee9165-3409-48c6-89f1-7579d16b0a1c: Sackin index -0.0728; 1.1 s; peak memory 1122 MiB.
2026-10-10T19:49:17Z INFO [40/750] 9bee9898-b3a1-4be7-bf5d-5f4fbf75cbe9: Sackin index -0.0727; 0.7 s; peak memory 1122 MiB.
2026-10-10T19:50:14Z INFO [41/750] 9beee678-3727-43e9-891d-6785f1e15737: Sackin index -0.0935; 56.2 s; peak memory 1122 MiB.
2026-10-10T19:50:14Z INFO [42/750] 9bef6c3c-8ada-4854-a2e5-a82e6f73c52c: Sackin index -0.1938; 0.6 s; peak memory 1122 MiB.
2026-10-10T19:50:15Z INFO [43/750] 9befdcf1-6572-47d1-ba27-d5f7df7698ab: Sackin index -0.1349; 0.6 s; peak memory 1122 MiB.
2026-10-10T19:50:16Z INFO [44/750] 9bf09e35-20ba-4bec-9a1d-7205b2b8d6f7: Sackin index -0.0745; 0.9 s; peak memory 1122 MiB.
2026-10-10T19:50:17Z INFO [45/750] 9bf0a549-be9b-4de3-a745-4376a6732913: Sackin index -0.0387; 0.8 s; peak memory 1122 MiB.
2026-10-10T19:50:18Z INFO [46/750] 9bf1a2a4-bc52-4312-a352-fbb9912d3f3a: Sackin index -0.0704; 1.7 s; peak memory 1122 MiB.
2026-10-10T19:50:23Z INFO [47/750] 9bf20b0f-b592-45b4-ba20-4d05f3dcf71b: Sackin index -0.0156; 4.9 s; peak memory 1122 MiB.
2026-10-10T19:50:28Z INFO [48/750] 9bf2450a-c9df-42ee-8294-57fc0c7743ac: Sackin index -0.0251; 4.5 s; peak memory 1122 MiB.
2026-10-10T19:50:29Z INFO [49/750] 9bf29ca6-ccdc-42d3-8a5a-cbc94896184a: Sackin index -0.0702; 0.8 s; peak memory 1122 MiB.
2026-10-10T19:50:29Z INFO [50/750] 9bf31113-9cf8-48c9-b4cc-ba34ffd67b5d: Sackin index -0.1135; 0.5 s; peak memory 1122 MiB.
2026-10-10T19:50:29Z INFO [50/750] 9bf31113-9cf8-48c9-b4cc-ba34ffd67b5d: checkpointed 122136 new records.
2026-10-10T19:50:30Z INFO [51/750] 9bf3b1df-b76a-43c4-9145-0eae61127859: Sackin index -0.1349; 0.7 s; peak memory 1122 MiB.
2026-10-10T19:50:31Z INFO [52/750] 9bf40d12-c038-4d71-bad4-c104b52431bc: Sackin index -0.0696; 0.8 s; peak memory 1122 MiB.
2026-10-10T19:50:32Z INFO [53/750] 9bf4e7f6-4e54-4a99-9b81-aa08158e8718: Sackin index -0.1160; 1.4 s; peak memory 1122 MiB.
2026-10-10T19:50:33Z INFO [54/750] 9bf5202f-89c5-47d5-8bfb-1b1693b0fb62: Sackin index -0.1349; 0.6 s; peak memory 1122 MiB.
2026-10-10T19:50:34Z INFO [55/750] 9bf598d5-9be6-4408-9a3c-ac1649ce32c7: Sackin index -0.0272; 1.7 s; peak memory 1122 MiB.
2026-10-10T19:50:35Z INFO [56/750] 9bf5f168-9982-4557-b6b9-2931a87e0c9b: Sackin index -0.0702; 0.7 s; peak memory 1122 MiB.
2026-10-10T19:50:40Z INFO [57/750] 9bf624b2-3060-4ff9-a58a-76fe968536ca: Sackin index -0.0239; 4.5 s; peak memory 1122 MiB.
2026-10-10T19:50:40Z INFO [58/750] 9bf63338-81ee-4008-88cc-b92e4a435c49: Sackin index -0.1239; 0.6 s; peak memory 1122 MiB.
2026-10-10T19:50:41Z INFO [59/750] 9bf78973-f102-4eb8-9456-d469fc5892f0: Sackin index -0.0379; 1.0 s; peak memory 1122 MiB.
2026-10-10T19:50:42Z INFO [60/750] 9bf81058-eadc-44f4-9c91-3dee19325bd5: Sackin index -0.0702; 0.9 s; peak memory 1122 MiB.
2026-10-10T19:50:43Z INFO [61/750] 9bf8769f-4a75-4c45-994a-42995c514b24: Sackin index -0.0709; 0.7 s; peak memory 1122 MiB.
2026-10-10T19:50:49Z INFO [62/750] 9bf921fb-6ab2-4127-814e-a98c85c1d092: Sackin index -0.0379; 6.2 s; peak memory 1122 MiB.
2026-10-10T19:50:50Z INFO [63/750] 9bf9a706-9169-4dde-8383-ac57a5091dc3: Sackin index -0.1349; 0.8 s; peak memory 1122 MiB.
2026-10-10T19:50:51Z INFO [64/750] 9bf9fe18-e756-42a0-92f1-d71bc98b2db0: Sackin index -0.1938; 1.5 s; peak memory 1122 MiB.
2026-10-10T19:50:52Z INFO [65/750] 9bfa22dd-1701-4b40-b854-dca639aa4968: Sackin index -0.1349; 0.7 s; peak memory 1122 MiB.
2026-10-10T19:50:53Z INFO [66/750] 9bfa4ed7-2e5b-4350-be22-959ecda7a61b: Sackin index -0.1349; 0.7 s; peak memory 1122 MiB.
2026-10-10T19:50:55Z INFO [67/750] 9bfaa5cf-d100-435a-b2f2-7025f4c9aa04: Sackin index -0.0699; 1.9 s; peak memory 1122 MiB.
2026-10-10T19:50:56Z INFO [68/750] 9bfabf89-dff7-4a32-880e-2089b66912a7: Sackin index -0.1349; 0.7 s; peak memory 1122 MiB.
2026-10-10T19:50:56Z INFO [69/750] 9bfb6d2c-89d7-4d04-b7e8-15beaa052e26: Sackin index -0.1349; 0.7 s; peak memory 1122 MiB.
2026-10-10T19:50:57Z INFO [70/750] 9bfc6a26-81e0-4bbe-a02f-45d60fe284bf: Sackin index -0.1658; 0.4 s; peak memory 1122 MiB.
2026-10-10T19:51:01Z INFO [71/750] 9bfcf703-0618-450f-b3ed-1e4ff6214fd4: Sackin index -0.0235; 4.0 s; peak memory 1122 MiB.
2026-10-10T19:51:01Z INFO [72/750] 9bfd3852-a97e-41a3-b219-74f6bd5b8000: Sackin index -0.0883; 0.8 s; peak memory 1122 MiB.
2026-10-10T19:51:02Z INFO [73/750] 9bfdf07e-c45a-4e45-bd7c-fff2253a6718: Sackin index -0.0371; 0.8 s; peak memory 1122 MiB.
2026-10-10T19:51:03Z INFO [74/750] 9bfe0ab8-c8da-410d-8436-67f9b070c534: Sackin index -0.0702; 0.7 s; peak memory 1122 MiB.
2026-10-10T19:51:04Z INFO [75/750] 9bfee449-3a87-4185-ab3b-c6e63172b894: Sackin index -0.1349; 0.7 s; peak memory 1122 MiB.
2026-10-10T19:51:04Z INFO [76/750] 9bfef9e2-1f79-4eb7-a65c-c904c13ec355: Sackin index -0.0702; 0.8 s; peak memory 1122 MiB.
2026-10-10T19:51:05Z INFO [77/750] 9bff5abb-24bb-4ca3-8f63-7653056bc53b: Sackin index -0.1331; 0.6 s; peak memory 1122 MiB.
2026-10-10T19:51:08Z INFO [78/750] 9bff9723-a19a-4003-a7f8-ac2e2cfa2e73: Sackin index -0.0466; 2.6 s; peak memory 1122 MiB.
2026-10-10T19:51:08Z INFO [79/750] 9c001de7-1330-4abc-82b7-6d6fdcd14d15: Sackin index -0.1349; 0.6 s; peak memory 1122 MiB.
2026-10-10T19:51:09Z INFO [80/750] 9c011b68-b87c-4ad5-a74d-81dbc8197a0d: Sackin index -0.0702; 0.8 s; peak memory 1122 MiB.
2026-10-10T19:51:15Z INFO [81/750] 9c015f63-4060-49b9-ab22-a4b72ad0e201: Sackin index -0.0288; 6.1 s; peak memory 1122 MiB.
2026-10-10T19:51:20Z INFO [82/750] 9c03dc04-e565-425b-8766-27f4cfb6cd69: Sackin index -0.0236; 5.2 s; peak memory 1122 MiB.
2026-10-10T19:51:31Z INFO [83/750] 9c0537ef-ed99-4cd1-bb72-812dcdf98f2c: Sackin index -0.1562; 10.3 s; peak memory 1122 MiB.
2026-10-10T19:51:31Z INFO [84/750] 9c058720-ae12-4417-ab07-72b351c533fb: Sackin index -0.0728; 0.8 s; peak memory 1122 MiB.
2026-10-10T19:51:32Z INFO [85/750] 9c05bc38-d842-4a31-b299-10a0e5692d88: Sackin index -0.1349; 0.7 s; peak memory 1122 MiB.
2026-10-10T19:51:36Z INFO [86/750] 9c05fede-1884-4e29-aa91-464554cdc85f: Sackin index -0.0476; 4.3 s; peak memory 1122 MiB.
2026-10-10T19:51:38Z INFO [87/750] 9c0686a0-72e1-43db-bf9e-4da87f66accb: Sackin index -0.0676; 1.5 s; peak memory 1122 MiB.
2026-10-10T19:51:39Z INFO [88/750] 9c06ec31-1f22-43cb-973b-486e3e3eee9d: Sackin index -0.1349; 0.6 s; peak memory 1122 MiB.
2026-10-10T19:51:39Z INFO [89/750] 9c078d60-04fc-4879-89bc-fdbb196bab97: Sackin index -0.1461; 0.6 s; peak memory 1122 MiB.
2026-10-10T19:51:40Z INFO [90/750] 9c084c4f-c99f-4625-8860-037f8e561a75: Sackin index -0.1349; 0.7 s; peak memory 1122 MiB.
2026-10-10T19:51:40Z INFO [91/750] 9c087f89-1842-4be6-80a2-16e7e54a71c1: Sackin index -0.1349; 0.7 s; peak memory 1122 MiB.
2026-10-10T19:51:41Z INFO [92/750] 9c09076d-b982-407b-8241-58bd914fc11a: Sackin index -0.1349; 0.6 s; peak memory 1122 MiB.
2026-10-10T19:51:42Z INFO [93/750] 9c0a88f4-2609-4771-a166-4c106b113665: Sackin index -0.1102; 1.3 s; peak memory 1122 MiB.
2026-10-10T19:51:44Z INFO [94/750] 9c0b6a16-03e7-4285-982f-59c24746cb56: Sackin index -0.0376; 1.2 s; peak memory 1122 MiB.
2026-10-10T19:51:44Z INFO [95/750] 9c0d15d1-04fa-4e1a-bba5-ef5306946a96: Sackin index -0.1349; 0.6 s; peak memory 1122 MiB.
2026-10-10T19:51:45Z INFO [96/750] 9c0d26fb-6cd7-493f-84dd-ce71c111ef62: Sackin index -0.1349; 0.8 s; peak memory 1122 MiB.
2026-10-10T19:51:46Z INFO [97/750] 9c0dc22a-b1fa-4a77-a625-127ce559b873: Sackin index -0.0696; 0.8 s; peak memory 1122 MiB.
2026-10-10T19:51:48Z INFO [98/750] 9c0df7c3-b370-4437-a9f1-9ed6728e0906: Sackin index -0.0665; 1.8 s; peak memory 1122 MiB.
2026-10-10T19:51:48Z INFO [99/750] 9c0ecaac-1ecc-4b0b-b2ab-2baecfa19772: Sackin index -0.1349; 0.8 s; peak memory 1122 MiB.
2026-10-10T19:51:55Z INFO [100/750] 9c0eecbd-d906-4fcb-8cbb-6cfcf256294f: Sackin index -0.0783; 6.7 s; peak memory 1122 MiB.
2026-10-10T19:51:55Z INFO [100/750] 9c0eecbd-d906-4fcb-8cbb-6cfcf256294f: checkpointed 122186 new records.
2026-10-10T19:51:56Z INFO [101/750] 9c0f1ea1-89db-4b86-ae11-4d7c2053d366: Sackin index -0.1349; 0.7 s; peak memory 1122 MiB.
2026-10-10T19:52:03Z INFO [102/750] 9c0fd528-3d3d-4a7a-8b85-56cbe317a2fc: Sackin index -0.0691; 6.4 s; peak memory 1122 MiB.
2026-10-10T19:52:04Z INFO [103/750] 9c0fde99-c744-4a57-b651-15bd9c5deb70: Sackin index -0.0941; 1.2 s; peak memory 1122 MiB.
2026-10-10T19:52:05Z INFO [104/750] 9c101d96-8eff-4750-bd55-daff00447b4a: Sackin index -0.1349; 0.8 s; peak memory 1122 MiB.
2026-10-10T19:52:05Z INFO [105/750] 9c1227db-f2e5-4e0f-abc7-5b8797ff7f16: Sackin index -0.1288; 0.6 s; peak memory 1122 MiB.
2026-10-10T19:52:10Z INFO [106/750] 9c125eb7-611d-449d-9653-06e62266933b: Sackin index -0.0476; 4.4 s; peak memory 1122 MiB.
2026-10-10T19:52:11Z INFO [107/750] 9c129bd7-e81c-457c-9207-4564ed5b7915: Sackin index -0.0984; 1.0 s; peak memory 1122 MiB.
2026-10-10T19:52:11Z INFO [108/750] 9c12c4c9-4950-4554-8356-68d03f95c3d9: Sackin index -0.1349; 0.7 s; peak memory 1122 MiB.
2026-10-10T19:52:19Z INFO [109/750] 9c13817e-ec98-497c-8b66-326cb02be529: Sackin index -0.0133; 7.8 s; peak memory 1122 MiB.
2026-10-10T19:52:21Z INFO [110/750] 9c139aa8-1889-46ea-9ee9-9bc9b4a6cc40: Sackin index -0.0695; 1.9 s; peak memory 1122 MiB.
2026-10-10T19:52:22Z INFO [111/750] 9c139cbd-8aa1-4af5-a3d6-f8414af2318a: Sackin index -0.1248; 0.7 s; peak memory 1122 MiB.
2026-10-10T19:52:23Z INFO [112/750] 9c13f7b9-2d3c-47a1-9228-3e8938753ad2: Sackin index -0.0263; 1.2 s; peak memory 1122 MiB.
2026-10-10T19:52:24Z INFO [113/750] 9c14c436-c7f6-47a2-9c43-56959a18d451: Sackin index -0.0728; 1.0 s; peak memory 1122 MiB.
2026-10-10T19:52:24Z INFO [114/750] 9c166792-4847-4aee-8cf4-7a0215724a47: Sackin index -0.1349; 0.6 s; peak memory 1122 MiB.
2026-10-10T19:52:27Z INFO [115/750] 9c17075d-efbb-4b71-9aba-a0a80605fc99: Sackin index -0.0548; 2.2 s; peak memory 1122 MiB.
2026-10-10T19:52:28Z INFO [116/750] 9c17277a-14bd-4906-a7f6-e64588dabd86: Sackin index -0.0728; 1.0 s; peak memory 1122 MiB.
2026-10-10T19:52:29Z INFO [117/750] 9c1773b0-dcf9-4ac1-9b8f-256addb0a3fb: Sackin index -0.0702; 0.8 s; peak memory 1122 MiB.
2026-10-10T19:52:30Z INFO [118/750] 9c17865b-ff4d-40b4-b3ff-c8be6c4e059a: Sackin index -0.0728; 1.1 s; peak memory 1122 MiB.
2026-10-10T19:52:30Z INFO [119/750] 9c17d49e-04a9-4632-9f67-496fff5c194a: Sackin index -0.0707; 0.7 s; peak memory 1122 MiB.
2026-10-10T19:52:34Z INFO [120/750] 9c1812c8-26b6-4c43-967b-ef0847b8622c: Sackin index -0.0415; 3.9 s; peak memory 1122 MiB.
2026-10-10T19:52:35Z INFO [121/750] 9c1850be-c2e8-43e3-a822-539cb083aa69: Sackin index -0.1349; 0.7 s; peak memory 1122 MiB.
2026-10-10T19:52:36Z INFO [122/750] 9c1894ce-80d7-46b8-ae7e-d9ea104cca9f: Sackin index -0.1349; 0.7 s; peak memory 1122 MiB.
2026-10-10T19:52:36Z INFO [123/750] 9c189560-c9bf-48c7-89b2-b4703a563fa2: Sackin index -0.1349; 0.7 s; peak memory 1122 MiB.
2026-10-10T19:52:37Z INFO [124/750] 9c19ddaf-0bb6-444d-853c-a57ed5ab9f8e: Sackin index -0.0702; 0.9 s; peak memory 1122 MiB.
2026-10-10T19:52:38Z INFO [125/750] 9c1b0faa-e0ef-4d52-84bd-b12daa3780d2: Sackin index -0.1248; 0.8 s; peak memory 1122 MiB.
2026-10-10T19:52:44Z INFO [126/750] 9c1d1319-f51b-4f9b-8549-8abc463aaf52: Sackin index -0.0756; 5.5 s; peak memory 1122 MiB.
2026-10-10T19:53:43Z INFO [127/750] 9c1d2efb-d466-497a-a8a5-460e61713cad: Sackin index -0.0935; 59.3 s; peak memory 1122 MiB.
2026-10-10T19:53:44Z INFO [128/750] 9c1daf6f-53c2-42ff-bb79-dc53d64dcba9: Sackin index -0.1658; 0.7 s; peak memory 1122 MiB.
2026-10-10T19:53:45Z INFO [129/750] 9c1e124d-235f-4c11-bdad-ad3f4cab5a15: Sackin index -0.0752; 1.1 s; peak memory 1122 MiB.
2026-10-10T19:53:45Z INFO [130/750] 9c1eac78-73b4-46ad-8695-580e7389cf55: Sackin index -0.1349; 0.8 s; peak memory 1122 MiB.
2026-10-10T19:53:48Z INFO [131/750] 9c1eb16a-8887-4ec6-a0e3-4fe1b08da9f6: Sackin index -0.0660; 2.2 s; peak memory 1122 MiB.
2026-10-10T19:53:49Z INFO [132/750] 9c1edbb7-7258-4d92-ab6b-55dc6e119684: Sackin index -0.1174; 0.8 s; peak memory 1122 MiB.
2026-10-10T19:53:50Z INFO [133/750] 9c1f40f4-0d4d-42f5-bed9-196c11cf0eb8: Sackin index -0.0681; 1.7 s; peak memory 1122 MiB.
2026-10-10T19:53:51Z INFO [134/750] 9c1f99fa-2ceb-4bb0-88ac-c347d5183e7b: Sackin index -0.1349; 0.7 s; peak memory 1122 MiB.
2026-10-10T19:53:52Z INFO [135/750] 9c200a14-bf0f-41fd-8e14-c09339667b94: Sackin index -0.0696; 0.9 s; peak memory 1122 MiB.
2026-10-10T19:53:54Z INFO [136/750] 9c209e41-2014-4164-afe8-77aba79db7ac: Sackin index -0.0695; 2.1 s; peak memory 1122 MiB.
2026-10-10T19:53:55Z INFO [137/750] 9c216a6f-1fb1-451a-be84-d5ad67e94a8f: Sackin index -0.0748; 0.9 s; peak memory 1122 MiB.
2026-10-10T19:53:56Z INFO [138/750] 9c216d2d-5e57-482b-94d7-34db48c49141: Sackin index -0.1349; 0.7 s; peak memory 1122 MiB.
2026-10-10T19:53:56Z INFO [139/750] 9c2184cd-d8aa-41ba-b983-d0c41b8d321f: Sackin index -0.1349; 0.8 s; peak memory 1122 MiB.
2026-10-10T19:53:59Z INFO [140/750] 9c21eec1-ad7b-463c-9ee1-c524618a5f07: Sackin index -0.0533; 2.2 s; peak memory 1122 MiB.
2026-10-10T19:53:59Z INFO [141/750] 9c2255f1-5053-4768-9e77-2e722a550f57: Sackin index -0.1349; 0.6 s; peak memory 1122 MiB.
2026-10-10T19:54:00Z INFO [142/750] 9c24e7a8-402a-46e8-822c-e5c02e7bf16d: Sackin index -0.1658; 0.4 s; peak memory 1122 MiB.
2026-10-10T19:54:00Z INFO [143/750] 9c254fed-b044-4637-a358-9f7dc4abdac2: Sackin index -0.1349; 0.8 s; peak memory 1122 MiB.
2026-10-10T19:54:02Z INFO [144/750] 9c256950-bac0-4918-9e43-03dc9d0506d2: Sackin index -0.0173; 1.3 s; peak memory 1122 MiB.
2026-10-10T19:54:04Z INFO [145/750] 9c271589-386c-443c-a840-b3156dadd1f2: Sackin index -0.0660; 2.0 s; peak memory 1122 MiB.
2026-10-10T19:54:10Z INFO [146/750] 9c277e3d-3e74-4aec-8649-d8ac8567d1ae: Sackin index -0.0147; 6.3 s; peak memory 1122 MiB.
2026-10-10T19:54:11Z INFO [147/750] 9c279973-d624-4007-8201-ac48a66edfd1: Sackin index -0.0728; 0.8 s; peak memory 1122 MiB.
2026-10-10T19:54:12Z INFO [148/750] 9c27eb8c-7fac-43d9-a669-58cabba90bbb: Sackin index -0.1349; 0.8 s; peak memory 1122 MiB.
2026-10-10T19:55:57Z INFO [149/750] 9c2835c1-e89f-46b6-90ca-4dfbddbad09e: Sackin index -0.0271; 105.3 s; peak memory 1122 MiB.
2026-10-10T19:55:58Z INFO [150/750] 9c29c1ad-6764-4b3e-af41-00806fa0b1f1: Sackin index -0.0372; 1.0 s; peak memory 1122 MiB.
2026-10-10T19:55:58Z INFO [150/750] 9c29c1ad-6764-4b3e-af41-00806fa0b1f1: checkpointed 122236 new records.
2026-10-10T19:55:59Z INFO [151/750] 9c29c9ab-dcf8-4fcb-8c80-7dca9ab8e7c9: Sackin index -0.1349; 0.8 s; peak memory 1122 MiB.
2026-10-10T19:56:09Z INFO [152/750] 9c29e6c4-0f4e-47a2-a065-e031be57ffc1: Sackin index -0.1495; 9.7 s; peak memory 1122 MiB.
2026-10-10T19:56:10Z INFO [153/750] 9c2a1c22-4650-453e-bca9-8be18c16289a: Sackin index -0.1026; 1.0 s; peak memory 1122 MiB.
2026-10-10T19:56:10Z INFO [154/750] 9c2b4f42-4d74-405f-9d64-31fd59f20ae3: Sackin index -0.1349; 0.8 s; peak memory 1122 MiB.
2026-10-10T19:56:11Z INFO [155/750] 9c2c7e2a-f9ab-43a3-9448-ac0bfbf593ed: Sackin index -0.1248; 0.7 s; peak memory 1122 MiB.
2026-10-10T19:56:12Z INFO [156/750] 9c2e97e4-8e14-491a-a997-c065d9397ce2: Sackin index -0.1349; 0.7 s; peak memory 1122 MiB.
2026-10-10T19:56:12Z INFO [157/750] 9c2faeda-1fde-4d1d-b7c8-4d5b34edf0e2: Sackin index -0.1331; 0.7 s; peak memory 1122 MiB.
2026-10-10T19:56:13Z INFO [158/750] 9c2fb586-1a39-43cc-a983-fbd0962e870c: Sackin index -0.0696; 0.9 s; peak memory 1122 MiB.
2026-10-10T19:56:15Z INFO [159/750] 9c30764d-a50b-4733-bcf3-2fde49e6fb54: Sackin index -0.1938; 1.5 s; peak memory 1122 MiB.
2026-10-10T19:56:15Z INFO [160/750] 9c314435-abc1-4624-9fc3-6afd9576167f: Sackin index -0.1349; 0.7 s; peak memory 1122 MiB.
2026-10-10T19:56:16Z INFO [161/750] 9c317fdc-3315-431a-9469-4e33ff3109cd: Sackin index -0.0728; 0.8 s; peak memory 1122 MiB.
2026-10-10T19:56:17Z INFO [162/750] 9c325e1c-2071-4d2b-873d-7ce9ff445a79: Sackin index -0.0709; 0.7 s; peak memory 1122 MiB.
2026-10-10T19:56:20Z INFO [163/750] 9c32e6ec-17a6-4f48-aecb-32f6deb1d3f6: Sackin index -0.0325; 3.2 s; peak memory 1122 MiB.
2026-10-10T19:56:21Z INFO [164/750] 9c334a2d-b477-44de-9ed4-3c2f62665c7d: Sackin index -0.1349; 0.8 s; peak memory 1122 MiB.
2026-10-10T19:56:23Z INFO [165/750] 9c338d16-fd3b-49fa-8459-fbe74d73f317: Sackin index -0.0143; 2.5 s; peak memory 1122 MiB.
2026-10-10T19:56:24Z INFO [166/750] 9c33ce01-32d1-4e12-8e9c-524dad8124d2: Sackin index -0.1201; 0.8 s; peak memory 1122 MiB.
2026-10-10T19:56:25Z INFO [167/750] 9c34044b-ac9e-4935-8c45-1fdf7c05ba0d: Sackin index -0.1383; 1.2 s; peak memory 1122 MiB.
2026-10-10T19:56:26Z INFO [168/750] 9c340f5e-c9c8-4ef9-ae2f-890e7125de8e: Sackin index -0.1448; 0.6 s; peak memory 1122 MiB.
2026-10-10T19:56:29Z INFO [169/750] 9c34b1d0-f927-4ae0-a977-9859dde5676b: Sackin index -0.0451; 2.5 s; peak memory 1122 MiB.
2026-10-10T19:56:30Z INFO [170/750] 9c34d336-39a9-4a08-a462-677a9e529d66: Sackin index -0.0728; 1.0 s; peak memory 1122 MiB.
2026-10-10T19:56:31Z INFO [171/750] 9c357219-2f89-4d31-8eb7-513a6a48c24f: Sackin index -0.0431; 1.9 s; peak memory 1122 MiB.
2026-10-10T19:56:32Z INFO [172/750] 9c3714e0-2601-4ce7-9a5f-284d83500ea1: Sackin index -0.0376; 1.0 s; peak memory 1122 MiB.
2026-10-10T19:56:34Z INFO [173/750] 9c37f67a-8589-4c1b-951e-088d16eed05c: Sackin index -0.0728; 1.1 s; peak memory 1122 MiB.
2026-10-10T19:56:35Z INFO [174/750] 9c38105c-98aa-4bff-86c5-61c83299a383: Sackin index -0.0686; 1.7 s; peak memory 1122 MiB.
2026-10-10T19:56:36Z INFO [175/750] 9c383c94-ac31-4396-a197-0ed395a1a9ea: Sackin index -0.0702; 0.8 s; peak memory 1122 MiB.
2026-10-10T19:56:37Z INFO [176/750] 9c386899-c22e-4fd7-bcb4-c73526b2487d: Sackin index -0.0702; 0.7 s; peak memory 1122 MiB.
2026-10-10T19:56:37Z INFO [177/750] 9c389258-17c4-4907-b2af-91dcebdf92d7: Sackin index -0.0881; 0.7 s; peak memory 1122 MiB.
2026-10-10T19:56:38Z INFO [178/750] 9c392ed2-2b5d-4efe-a065-8708447d8771: Sackin index -0.0375; 1.0 s; peak memory 1122 MiB.
2026-10-10T19:56:39Z INFO [179/750] 9c3a65a1-ce53-4e59-b8e4-c1484bc2ba0e: Sackin index -0.0369; 1.0 s; peak memory 1122 MiB.
2026-10-10T19:56:49Z INFO [180/750] 9c3b5f91-f1bd-4676-9ec3-0d1cd672c449: Sackin index -0.0125; 10.0 s; peak memory 1122 MiB.
2026-10-10T19:56:51Z INFO [181/750] 9c3ca0c0-3858-4db6-8bf2-d6dfc79284d5: Sackin index -0.0869; 2.1 s; peak memory 1122 MiB.
2026-10-10T19:56:52Z INFO [182/750] 9c3ca696-f395-40d8-8d73-b4bf05d623f3: Sackin index -0.1349; 0.6 s; peak memory 1122 MiB.
2026-10-10T19:56:55Z INFO [183/750] 9c3dabf1-747a-45e6-9852-908d46f016ff: Sackin index -0.1938; 2.5 s; peak memory 1122 MiB.
2026-10-10T19:56:55Z INFO [184/750] 9c3dc0b9-e1b4-4b8f-90f1-d088ade8748e: Sackin index -0.1349; 0.6 s; peak memory 1122 MiB.
2026-10-10T19:56:56Z INFO [185/750] 9c3e87a0-a864-4473-ab48-5de9d32c266c: Sackin index -0.1349; 0.7 s; peak memory 1122 MiB.
2026-10-10T19:56:57Z INFO [186/750] 9c3ea3c4-176f-4fad-9156-f843ea72ce5a: Sackin index -0.1248; 0.7 s; peak memory 1122 MiB.
2026-10-10T19:56:58Z INFO [187/750] 9c3eeba0-28fb-4baf-985e-4f0b44c53eba: Sackin index -0.0379; 1.1 s; peak memory 1122 MiB.
2026-10-10T19:56:59Z INFO [188/750] 9c3ff316-bbe6-49c8-8e32-f7602bba6853: Sackin index -0.1210; 0.9 s; peak memory 1122 MiB.
2026-10-10T19:57:00Z INFO [189/750] 9c400776-d104-46ca-a724-3df1e0a7a68c: Sackin index -0.0371; 0.8 s; peak memory 1122 MiB.
2026-10-10T19:57:00Z INFO [190/750] 9c4050fa-4cab-42bc-acf8-709640ac1b0e: Sackin index -0.1349; 0.7 s; peak memory 1122 MiB.
2026-10-10T19:57:02Z INFO [191/750] 9c4051c1-60aa-4feb-8760-2f2cc45dcae4: Sackin index -0.0648; 2.0 s; peak memory 1122 MiB.
2026-10-10T19:57:03Z INFO [192/750] 9c405aee-c53e-408d-9976-5897d2366859: Sackin index -0.0702; 0.8 s; peak memory 1122 MiB.
2026-10-10T19:57:11Z INFO [193/750] 9c41508d-d27e-4a7c-a582-66e2ea65f24f: Sackin index -0.0149; 8.0 s; peak memory 1122 MiB.
2026-10-10T19:57:12Z INFO [194/750] 9c417d9b-9405-4eee-aa50-b57474dc6af7: Sackin index -0.0728; 1.0 s; peak memory 1122 MiB.
2026-10-10T19:57:13Z INFO [195/750] 9c4366a8-3971-41bd-80af-e1f5cb0ffdcd: Sackin index -0.0702; 1.0 s; peak memory 1122 MiB.
2026-10-10T19:57:14Z INFO [196/750] 9c43cb33-71fb-4601-8101-5061cc97c7cf: Sackin index -0.0728; 1.1 s; peak memory 1122 MiB.
2026-10-10T19:57:15Z INFO [197/750] 9c43cea5-fd26-4253-a2c9-a7e7cce71498: Sackin index -0.0369; 1.2 s; peak memory 1122 MiB.
2026-10-10T19:57:16Z INFO [198/750] 9c43f039-4d83-4fd0-bc70-e291a55037dd: Sackin index -0.0728; 1.0 s; peak memory 1122 MiB.
2026-10-10T19:57:17Z INFO [199/750] 9c454447-3365-443c-8909-e95a4f9b0ad3: Sackin index -0.1349; 0.7 s; peak memory 1122 MiB.
2026-10-10T19:57:18Z INFO [200/750] 9c45fe8b-f66f-4e3b-87b2-edac73f92093: Sackin index -0.1938; 0.6 s; peak memory 1122 MiB.
2026-10-10T19:57:18Z INFO [200/750] 9c45fe8b-f66f-4e3b-87b2-edac73f92093: checkpointed 122286 new records.
2026-10-10T19:57:19Z INFO [201/750] 9c463d64-fd09-438c-9097-ac4447440099: Sackin index -0.0375; 1.2 s; peak memory 1122 MiB.
2026-10-10T19:57:22Z INFO [202/750] 9c46fb34-577f-48a3-8a13-c01516e5d760: Sackin index -0.0611; 3.2 s; peak memory 1122 MiB.
2026-10-10T19:57:23Z INFO [203/750] 9c46fdf5-a26e-4dfd-98ae-b7a2b014233d: Sackin index -0.1658; 0.6 s; peak memory 1122 MiB.
2026-10-10T19:57:24Z INFO [204/750] 9c475faf-aed2-4937-97cf-a192b9a7846e: Sackin index -0.0369; 1.5 s; peak memory 1122 MiB.
2026-10-10T19:57:25Z INFO [205/750] 9c4769ab-03d7-4178-908c-ff06c1dfb119: Sackin index -0.0375; 0.8 s; peak memory 1122 MiB.
2026-10-10T19:57:26Z INFO [206/750] 9c4835e0-e048-43db-9727-34130d6845d3: Sackin index -0.1026; 1.0 s; peak memory 1122 MiB.
2026-10-10T19:57:30Z INFO [207/750] 9c4926e1-d776-4bd5-80f4-bf4729f7f7d7: Sackin index -0.0251; 3.9 s; peak memory 1122 MiB.
2026-10-10T19:57:32Z INFO [208/750] 9c494fda-6d85-4530-ae1d-081fb42a31cd: Sackin index -0.0587; 1.6 s; peak memory 1122 MiB.
2026-10-10T19:57:33Z INFO [209/750] 9c4bfaca-d33f-43d5-a59b-b52d48513e17: Sackin index -0.0579; 1.6 s; peak memory 1122 MiB.
2026-10-10T19:57:34Z INFO [210/750] 9c4ca7ce-073c-498f-8daa-f7b004f1c691: Sackin index -0.0375; 0.9 s; peak memory 1122 MiB.
2026-10-10T19:57:35Z INFO [211/750] 9c4cbdb7-2f98-4513-a482-e2283026d146: Sackin index -0.0378; 0.7 s; peak memory 1122 MiB.
2026-10-10T19:57:36Z INFO [212/750] 9c4d300a-143a-4344-b4ac-6f742b799d80: Sackin index -0.0377; 0.9 s; peak memory 1122 MiB.
2026-10-10T19:57:37Z INFO [213/750] 9c4dcbc4-b386-4c99-9ced-ff79502e2fa4: Sackin index -0.0745; 1.1 s; peak memory 1122 MiB.
2026-10-10T19:57:38Z INFO [214/750] 9c4edbfc-bd86-49c4-97a0-89465d97c9d5: Sackin index -0.0728; 1.0 s; peak memory 1122 MiB.
2026-10-10T19:57:39Z INFO [215/750] 9c4f6347-d7b4-4b4c-aa59-d87ff06b6f35: Sackin index -0.0956; 0.8 s; peak memory 1122 MiB.
2026-10-10T19:57:40Z INFO [216/750] 9c50b41f-e692-414e-a193-9eabe7e23f25: Sackin index -0.0728; 1.1 s; peak memory 1122 MiB.
2026-10-10T19:57:41Z INFO [217/750] 9c517e62-bcc9-4702-afb1-fa6898f6e36b: Sackin index -0.1349; 0.7 s; peak memory 1122 MiB.
2026-10-10T19:57:47Z INFO [218/750] 9c52a474-7897-4144-b3a1-4a81fccfa7b2: Sackin index -0.0203; 6.1 s; peak memory 1122 MiB.
2026-10-10T19:57:51Z INFO [219/750] 9c52d120-f25d-48a5-aa0d-f88546d029c6: Sackin index -0.0250; 4.3 s; peak memory 1122 MiB.
2026-10-10T19:57:58Z INFO [220/750] 9c52f41e-17b3-42dd-8dbd-fca84481862e: Sackin index -0.0148; 7.3 s; peak memory 1122 MiB.
2026-10-10T19:57:59Z INFO [221/750] 9c534aae-80b0-49b1-9f72-0f24c6abf5d3: Sackin index -0.0702; 0.8 s; peak memory 1122 MiB.
2026-10-10T19:58:00Z INFO [222/750] 9c5635c5-8eb9-4770-b6b3-40d3f70824d6: Sackin index -0.1938; 1.4 s; peak memory 1122 MiB.
2026-10-10T19:58:02Z INFO [223/750] 9c563d7d-deb7-4b2b-9111-516222384b8d: Sackin index -0.0379; 1.1 s; peak memory 1122 MiB.
2026-10-10T19:58:12Z INFO [224/750] 9c568194-48b6-4921-a676-b6c0089f36f4: Sackin index -0.1495; 10.1 s; peak memory 1122 MiB.
2026-10-10T19:58:12Z INFO [225/750] 9c56f015-678b-46bd-b6e8-783a5fa3b27f: Sackin index -0.1239; 0.7 s; peak memory 1122 MiB.
2026-10-10T19:58:13Z INFO [226/750] 9c571b5a-90bc-429f-866d-d5227d3680b7: Sackin index -0.1349; 0.8 s; peak memory 1122 MiB.
2026-10-10T19:58:14Z INFO [227/750] 9c595354-c748-4047-a48f-12643b38fc74: Sackin index -0.0707; 0.7 s; peak memory 1122 MiB.
2026-10-10T19:58:14Z INFO [228/750] 9c59c96f-cfb6-46af-a375-6c0d8ccd3e6b: Sackin index -0.1421; 0.5 s; peak memory 1122 MiB.
2026-10-10T19:58:16Z INFO [229/750] 9c59d0e8-6653-47f0-9e4d-53ba2376d020: Sackin index -0.0660; 2.0 s; peak memory 1122 MiB.
2026-10-10T19:58:17Z INFO [230/750] 9c5a0882-d070-4332-8e10-253962333bf1: Sackin index -0.1000; 1.0 s; peak memory 1122 MiB.
2026-10-10T19:58:45Z INFO [231/750] 9c5a3b5e-61dd-4eff-9195-7d375b098d4c: Sackin index -0.1144; 27.6 s; peak memory 1122 MiB.
2026-10-10T19:58:46Z INFO [232/750] 9c5aac1c-6716-4621-b944-9255afa93f4b: Sackin index -0.2147; 0.5 s; peak memory 1122 MiB.
2026-10-10T19:58:47Z INFO [233/750] 9c5af3c0-8376-4e2d-bfe7-dbe8387ee0a0: Sackin index -0.1273; 0.9 s; peak memory 1122 MiB.
2026-10-10T19:58:49Z INFO [234/750] 9c5b5a28-1b69-478a-8b6b-09e2365fc6ff: Sackin index -0.0660; 2.1 s; peak memory 1122 MiB.
2026-10-10T19:58:50Z INFO [235/750] 9c5bd05b-4546-4fc8-ad35-91389a1583a3: Sackin index -0.0692; 1.4 s; peak memory 1122 MiB.
2026-10-10T19:58:51Z INFO [236/750] 9c5cd7a1-0b87-460b-89d1-a8546e06839e: Sackin index -0.1273; 1.0 s; peak memory 1122 MiB.
2026-10-10T19:58:55Z INFO [237/750] 9c5e86a6-3e32-4a58-9f68-ff075757e2b8: Sackin index -0.0403; 4.1 s; peak memory 1122 MiB.
2026-10-10T19:58:56Z INFO [238/750] 9c5eaf3d-406a-4030-b67b-56f7301786da: Sackin index -0.0709; 0.8 s; peak memory 1122 MiB.
2026-10-10T19:58:57Z INFO [239/750] 9c5f6846-4ca0-4b29-abed-d99d593a3026: Sackin index -0.1248; 0.7 s; peak memory 1122 MiB.
2026-10-10T19:58:58Z INFO [240/750] 9c5fbc7b-7b57-403d-91ca-ba04fd6a78c2: Sackin index -0.0350; 1.8 s; peak memory 1122 MiB.
2026-10-10T19:58:59Z INFO [241/750] 9c60034f-ef24-4dc3-a370-21c5662801c9: Sackin index -0.1201; 0.8 s; peak memory 1122 MiB.
2026-10-10T19:59:00Z INFO [242/750] 9c60cba9-2777-4667-a3c0-2bb8b9db69a7: Sackin index -0.1349; 0.8 s; peak memory 1122 MiB.
2026-10-10T19:59:01Z INFO [243/750] 9c60fa42-2843-4a6f-a6e7-01cc317cd334: Sackin index -0.0387; 0.8 s; peak memory 1122 MiB.
2026-10-10T19:59:02Z INFO [244/750] 9c6118ac-50a5-4ffc-be6b-0720db778ad8: Sackin index -0.0379; 1.0 s; peak memory 1122 MiB.
2026-10-10T19:59:03Z INFO [245/750] 9c6191ee-f040-4212-87cf-7c41fb7c0d6c: Sackin index -0.0369; 1.4 s; peak memory 1122 MiB.
2026-10-10T19:59:04Z INFO [246/750] 9c6315b5-4ebc-4732-bbc5-a4603e88be78: Sackin index -0.0709; 0.7 s; peak memory 1122 MiB.
2026-10-10T19:59:05Z INFO [247/750] 9c63fd04-3611-4ae7-93ea-557086256918: Sackin index -0.0696; 0.9 s; peak memory 1122 MiB.
2026-10-10T19:59:06Z INFO [248/750] 9c645d8a-26ee-4385-97b7-6a8aef147f5f: Sackin index -0.1349; 0.8 s; peak memory 1122 MiB.
2026-10-10T19:59:07Z INFO [249/750] 9c657acc-7a20-4fc9-a9b3-8c8945e8f9b0: Sackin index -0.0745; 0.9 s; peak memory 1122 MiB.
2026-10-10T19:59:07Z INFO [250/750] 9c65cd43-a8ee-4ee8-bb63-241129271ad3: Sackin index -0.0696; 0.7 s; peak memory 1122 MiB.
2026-10-10T19:59:08Z INFO [250/750] 9c65cd43-a8ee-4ee8-bb63-241129271ad3: checkpointed 122336 new records.
2026-10-10T19:59:08Z INFO [251/750] 9c663b87-0758-43bb-b914-08a5e459a5e9: Sackin index -0.0702; 0.8 s; peak memory 1122 MiB.
2026-10-10T19:59:57Z INFO [252/750] 9c6647d9-e16a-4cf3-9d18-5242c41ea56f: Sackin index -0.1145; 48.9 s; peak memory 1122 MiB.
2026-10-10T19:59:58Z INFO [253/750] 9c672c7d-2c7f-494d-8e15-e3c2cd34b7bd: Sackin index -0.1349; 0.7 s; peak memory 1122 MiB.
2026-10-10T19:59:59Z INFO [254/750] 9c679020-eef9-4ac8-b9a3-4b7c17bac5a4: Sackin index -0.1160; 1.3 s; peak memory 1122 MiB.
2026-10-10T20:00:00Z INFO [255/750] 9c68dfa8-51b5-4c6b-8181-dee4da10e849: Sackin index -0.0375; 0.9 s; peak memory 1122 MiB.
2026-10-10T20:01:18Z INFO [256/750] 9c69c602-185e-41cb-8c1b-d8fe0fa5b3ab: Sackin index -0.1076; 77.5 s; peak memory 1122 MiB.
2026-10-10T20:01:24Z INFO [257/750] 9c6c8536-da2d-48cf-a800-0629e7528382: Sackin index -0.0691; 6.8 s; peak memory 1122 MiB.
2026-10-10T20:01:26Z INFO [258/750] 9c6c9499-d977-422f-aed9-3e4edc27300d: Sackin index -0.0516; 1.7 s; peak memory 1122 MiB.
2026-10-10T20:01:28Z INFO [259/750] 9c6c9fb5-86cd-4fa9-8e40-a6ddc7806945: Sackin index -0.0353; 2.3 s; peak memory 1122 MiB.
2026-10-10T20:01:29Z INFO [260/750] 9c6cbb26-09f1-4bbf-9a6d-80573b835007: Sackin index -0.0745; 0.9 s; peak memory 1122 MiB.
2026-10-10T20:01:30Z INFO [261/750] 9c6d7c88-b22a-4f51-836a-cad2e0811659: Sackin index -0.1248; 0.8 s; peak memory 1122 MiB.
2026-10-10T20:01:31Z INFO [262/750] 9c6dae82-d4c3-48e1-b0ba-c8f3a242e0ef: Sackin index -0.1349; 0.8 s; peak memory 1122 MiB.
2026-10-10T20:01:32Z INFO [263/750] 9c6dc29d-a8f4-447f-b05d-e66110a7632e: Sackin index -0.0702; 0.8 s; peak memory 1122 MiB.
2026-10-10T20:01:33Z INFO [264/750] 9c6eedb3-61a1-45a4-b4cc-30fc4b471296: Sackin index -0.0704; 1.6 s; peak memory 1122 MiB.
2026-10-10T20:01:34Z INFO [265/750] 9c6efbfa-143a-4324-a722-ee029b77a2c0: Sackin index -0.1349; 0.7 s; peak memory 1122 MiB.
2026-10-10T20:01:40Z INFO [266/750] 9c6f4e74-1593-473f-a848-f0a59e1f1da1: Sackin index -0.0162; 5.7 s; peak memory 1122 MiB.
2026-10-10T20:01:40Z INFO [267/750] 9c6f88bd-8c4b-45bb-8c51-33eead98d0dd: Sackin index -0.1191; 0.7 s; peak memory 1122 MiB.
2026-10-10T20:01:41Z INFO [268/750] 9c6f9842-14d8-48b7-9369-d548262917c9: Sackin index -0.0702; 0.9 s; peak memory 1122 MiB.
2026-10-10T20:01:42Z INFO [269/750] 9c705b10-5dd7-42ef-8662-0ad87d3c78e8: Sackin index -0.0702; 0.9 s; peak memory 1122 MiB.
2026-10-10T20:01:43Z INFO [270/750] 9c710105-5a70-4096-bcbe-ed6705b65850: Sackin index -0.1356; 0.5 s; peak memory 1122 MiB.
2026-10-10T20:01:43Z INFO [271/750] 9c71ec90-cbd5-41b1-b85a-4bfd16ccc8d1: Sackin index -0.1349; 0.7 s; peak memory 1122 MiB.
2026-10-10T20:01:44Z INFO [272/750] 9c729122-b8f7-48c6-8a57-b716b0301473: Sackin index -0.1331; 0.6 s; peak memory 1122 MiB.
2026-10-10T20:01:45Z INFO [273/750] 9c73f607-07b6-4945-9788-afab20729d83: Sackin index -0.0702; 1.0 s; peak memory 1122 MiB.
2026-10-10T20:01:46Z INFO [274/750] 9c741c36-5f65-402e-ad6f-31480f755f66: Sackin index -0.0696; 0.9 s; peak memory 1122 MiB.
2026-10-10T20:01:48Z INFO [275/750] 9c7439b9-3daf-42c8-a536-8fffd81d92e3: Sackin index -0.0660; 2.0 s; peak memory 1122 MiB.
2026-10-10T20:01:50Z INFO [276/750] 9c747a4a-f1cc-4ebb-8b6f-dd8ccccf0b5b: Sackin index -0.0648; 2.0 s; peak memory 1122 MiB.
2026-10-10T20:01:50Z INFO [277/750] 9c74e3e6-56c0-44ab-b910-fd2b4262c6d6: Sackin index -0.1349; 0.7 s; peak memory 1122 MiB.
2026-10-10T20:01:51Z INFO [278/750] 9c74e651-2a78-406a-9036-999ac65d5646: Sackin index -0.1257; 1.0 s; peak memory 1122 MiB.
2026-10-10T20:01:53Z INFO [279/750] 9c751442-84b5-4c44-a279-335f879614ef: Sackin index -0.0275; 1.1 s; peak memory 1122 MiB.
2026-10-10T20:01:53Z INFO [280/750] 9c757c7c-dba8-4e7e-b320-0f19c7a10469: Sackin index -0.1349; 0.7 s; peak memory 1122 MiB.
2026-10-10T20:01:54Z INFO [281/750] 9c76344f-ef51-4d25-a19e-db0f7134a31e: Sackin index -0.1349; 0.8 s; peak memory 1122 MiB.
2026-10-10T20:01:55Z INFO [282/750] 9c76be3a-f510-456b-b616-fdafcc7708ee: Sackin index -0.1602; 0.8 s; peak memory 1122 MiB.
2026-10-10T20:01:56Z INFO [283/750] 9c7721a7-afd4-405a-bbac-a871dba87a8f: Sackin index -0.1349; 0.7 s; peak memory 1122 MiB.
2026-10-10T20:01:56Z INFO [284/750] 9c77b818-dc9b-463a-9389-f25dfa55752f: Sackin index -0.0702; 0.9 s; peak memory 1122 MiB.
2026-10-10T20:02:02Z INFO [285/750] 9c784476-021d-4e34-bc78-0577badb3c26: Sackin index -0.0187; 6.0 s; peak memory 1122 MiB.
2026-10-10T20:02:04Z INFO [286/750] 9c795085-36d5-4488-a584-5beeb80028c1: Sackin index -0.0370; 1.2 s; peak memory 1122 MiB.
2026-10-10T20:02:07Z INFO [287/750] 9c797af7-193d-476b-87b2-73426820d3f5: Sackin index -0.0251; 3.6 s; peak memory 1122 MiB.
2026-10-10T20:02:08Z INFO [288/750] 9c79a145-0ab5-4e46-893d-303ebe70b8a4: Sackin index -0.0728; 0.8 s; peak memory 1122 MiB.
2026-10-10T20:02:09Z INFO [289/750] 9c79af8c-e29f-449f-940e-5aa712b7b495: Sackin index -0.1349; 0.7 s; peak memory 1122 MiB.
2026-10-10T20:02:10Z INFO [290/750] 9c79f25a-bcf9-41f4-ba56-49b29978e8ea: Sackin index -0.0696; 0.8 s; peak memory 1122 MiB.
2026-10-10T20:02:11Z INFO [291/750] 9c7a3ede-ed38-4f21-9b99-942dd5b30881: Sackin index -0.0728; 1.0 s; peak memory 1122 MiB.
2026-10-10T20:02:12Z INFO [292/750] 9c7b141d-cd23-4613-90b8-8b332f34ec43: Sackin index -0.1257; 0.9 s; peak memory 1122 MiB.
2026-10-10T20:02:18Z INFO [293/750] 9c7b240c-befb-41cc-ad3b-530f239ba2a1: Sackin index -0.0614; 6.8 s; peak memory 1122 MiB.
2026-10-10T20:02:19Z INFO [294/750] 9c7b3189-9fea-4735-ac4b-779dcf988d2b: Sackin index -0.0626; 1.0 s; peak memory 1122 MiB.
2026-10-10T20:02:20Z INFO [295/750] 9c7b67c7-e2ba-4b25-8224-6b24e72d16a8: Sackin index -0.1349; 0.8 s; peak memory 1122 MiB.
2026-10-10T20:03:53Z INFO [296/750] 9c7b71f1-e680-453d-9109-a700f5cd16a5: Sackin index -0.0305; 92.3 s; peak memory 1122 MiB.
2026-10-10T20:05:25Z INFO [297/750] 9c7c3a9b-434a-454b-9159-41470de17b6f: Sackin index -0.0286; 92.9 s; peak memory 1122 MiB.
2026-10-10T20:05:26Z INFO [298/750] 9c7c4e86-d8aa-4ead-b923-4a72b4262261: Sackin index -0.0696; 1.0 s; peak memory 1122 MiB.
2026-10-10T20:05:27Z INFO [299/750] 9c7d710a-9bfc-4584-8cfa-9e5f342e9735: Sackin index -0.1349; 0.8 s; peak memory 1122 MiB.
2026-10-10T20:05:29Z INFO [300/750] 9c7e58cc-e87b-4fff-953e-32c0aa9cc8bc: Sackin index -0.0699; 1.9 s; peak memory 1122 MiB.
2026-10-10T20:05:29Z INFO [300/750] 9c7e58cc-e87b-4fff-953e-32c0aa9cc8bc: checkpointed 122386 new records.
2026-10-10T20:05:30Z INFO [301/750] 9c807da7-0d5c-4657-aec8-30b3be4f22a5: Sackin index -0.0728; 0.9 s; peak memory 1122 MiB.
2026-10-10T20:05:31Z INFO [302/750] 9c8111b1-73c1-4066-bfc0-27ee861c7510: Sackin index -0.0728; 1.1 s; peak memory 1122 MiB.
2026-10-10T20:05:35Z INFO [303/750] 9c822468-40ab-4ec2-834e-34cb98a3b8ff: Sackin index -0.0413; 3.8 s; peak memory 1122 MiB.
2026-10-10T20:05:36Z INFO [304/750] 9c82fa07-8cbb-46c7-9a5e-dc4b4180080a: Sackin index -0.1273; 1.1 s; peak memory 1122 MiB.
2026-10-10T20:06:44Z INFO [305/750] 9c835f44-4331-4f84-8fa4-32fc5c9fbca7: Sackin index -0.0009; 67.3 s; peak memory 1122 MiB.
2026-10-10T20:06:44Z INFO [306/750] 9c842383-e764-4023-8a91-49a6d753d6fc: Sackin index -0.1658; 0.6 s; peak memory 1122 MiB.
2026-10-10T20:09:43Z INFO [307/750] 9c845e96-e32c-4778-88e2-276bfc0834a6: Sackin index -0.0396; 179.2 s; peak memory 1122 MiB.
2026-10-10T20:09:44Z INFO [308/750] 9c852929-7cd2-434c-9caa-240bc2f38a4e: Sackin index -0.0728; 1.1 s; peak memory 1122 MiB.
2026-10-10T20:09:45Z INFO [309/750] 9c85a140-c7ab-476d-b0f7-4359ce7f4ac6: Sackin index -0.1349; 0.9 s; peak memory 1122 MiB.
2026-10-10T20:09:46Z INFO [310/750] 9c8643a0-5309-4e04-9c56-3d6df89570d3: Sackin index -0.0728; 1.0 s; peak memory 1122 MiB.
2026-10-10T20:09:50Z INFO [311/750] 9c8852fe-a52a-4a85-8f8e-52bf1562ab3a: Sackin index -0.0415; 3.7 s; peak memory 1122 MiB.
2026-10-10T20:09:51Z INFO [312/750] 9c886943-655f-4542-820a-9e33cfce6924: Sackin index -0.0275; 1.3 s; peak memory 1122 MiB.
2026-10-10T20:09:52Z INFO [313/750] 9c8a2359-ee36-4981-92c6-aa317d9b13a8: Sackin index -0.0728; 0.9 s; peak memory 1122 MiB.
2026-10-10T20:10:27Z INFO [314/750] 9c8a9919-e57c-4233-96ec-b9de3aa22025: Sackin index -0.0074; 35.2 s; peak memory 1122 MiB.
2026-10-10T20:10:28Z INFO [315/750] 9c8b608b-e093-4624-8e4b-0a524dbc6f0c: Sackin index -0.1349; 0.7 s; peak memory 1122 MiB.
2026-10-10T20:10:32Z INFO [316/750] 9c8b9cab-fa01-48bb-bea8-35ae16fdeb9a: Sackin index -0.0513; 3.7 s; peak memory 1122 MiB.
2026-10-10T20:10:36Z INFO [317/750] 9c8c88fa-eb1d-410b-9768-976d83f5dadb: Sackin index -0.0415; 3.8 s; peak memory 1122 MiB.
2026-10-10T20:10:37Z INFO [318/750] 9c8ca320-9728-4835-8c1f-949442f37e7d: Sackin index -0.0368; 1.0 s; peak memory 1122 MiB.
2026-10-10T20:10:37Z INFO [319/750] 9c8ceb88-8d94-421d-9b36-258d1f96f538: Sackin index -0.1461; 0.6 s; peak memory 1122 MiB.
2026-10-10T20:10:38Z INFO [320/750] 9c8d3171-6631-4a75-8d33-bcb5ad9afb2d: Sackin index -0.0696; 0.9 s; peak memory 1122 MiB.
2026-10-10T20:10:45Z INFO [321/750] 9c8d651b-49cc-4e07-9d73-06d2512c1d54: Sackin index -0.0174; 7.3 s; peak memory 1122 MiB.
2026-10-10T20:10:46Z INFO [322/750] 9c8e4e8b-a55e-49f1-a922-b043bb5186cf: Sackin index -0.0728; 1.1 s; peak memory 1122 MiB.
2026-10-10T20:10:47Z INFO [323/750] 9c8f0c21-0028-45d2-a829-275bc74478c6: Sackin index -0.0696; 0.7 s; peak memory 1122 MiB.
2026-10-10T20:10:48Z INFO [324/750] 9c8f5d9b-c519-4c04-b301-a44ff5b3f9d0: Sackin index -0.0728; 1.0 s; peak memory 1122 MiB.
2026-10-10T20:10:49Z INFO [325/750] 9c8f96fe-5400-41c3-9904-52eec43a0986: Sackin index -0.1349; 0.6 s; peak memory 1122 MiB.
2026-10-10T20:10:50Z INFO [326/750] 9c8f9e52-2dcd-4fc8-ad07-92cf6bfa13bd: Sackin index -0.0709; 0.8 s; peak memory 1122 MiB.
2026-10-10T20:10:51Z INFO [327/750] 9c9237ff-b506-465d-8dcf-5efc825ffe58: Sackin index -0.0728; 1.4 s; peak memory 1122 MiB.
2026-10-10T20:10:53Z INFO [328/750] 9c93fd2d-53e9-4025-9143-f449dc5e9b77: Sackin index -0.0660; 2.1 s; peak memory 1122 MiB.
2026-10-10T20:10:54Z INFO [329/750] 9c948bd2-2823-4cdd-a20b-d3a752233be5: Sackin index -0.0702; 0.8 s; peak memory 1122 MiB.
2026-10-10T20:10:55Z INFO [330/750] 9c9520cb-f31c-4a05-9f84-9d804edcc07e: Sackin index -0.0369; 1.2 s; peak memory 1122 MiB.
2026-10-10T20:10:56Z INFO [331/750] 9c9530fe-d0e0-4880-a71a-41d80a09d1af: Sackin index -0.1178; 0.6 s; peak memory 1122 MiB.
2026-10-10T20:10:57Z INFO [332/750] 9c955dcb-890e-4e56-88ca-cbffcd87cc13: Sackin index -0.0745; 0.9 s; peak memory 1122 MiB.
2026-10-10T20:10:59Z INFO [333/750] 9c962fb2-a294-4f33-b6da-48d720cc41ef: Sackin index -0.0644; 2.0 s; peak memory 1122 MiB.
2026-10-10T20:10:59Z INFO [334/750] 9c96aae6-b666-4796-90b7-e7b5584876db: Sackin index -0.1349; 0.7 s; peak memory 1122 MiB.
2026-10-10T20:11:00Z INFO [335/750] 9c96df31-ebf6-44cd-8cda-bf5cba48817e: Sackin index -0.1349; 0.8 s; peak memory 1122 MiB.
2026-10-10T20:11:01Z INFO [336/750] 9c9729bf-c9fa-4cb3-be08-346afdbdb2fd: Sackin index -0.0728; 1.1 s; peak memory 1122 MiB.
2026-10-10T20:11:04Z INFO [337/750] 9c98a91a-7afa-4b57-90cc-6fc9ea9c12cb: Sackin index -0.0241; 3.2 s; peak memory 1122 MiB.
2026-10-10T20:11:05Z INFO [338/750] 9c98fbdb-7161-4b3c-9d7e-0ef7525e8564: Sackin index -0.1331; 0.6 s; peak memory 1122 MiB.
2026-10-10T20:11:07Z INFO [339/750] 9c992ba1-3616-4504-b37c-992ab0e21dd3: Sackin index -0.0398; 2.2 s; peak memory 1122 MiB.
2026-10-10T20:11:08Z INFO [340/750] 9c99d02a-b42a-43f4-8b07-3b7d84674cc9: Sackin index -0.0702; 0.8 s; peak memory 1122 MiB.
2026-10-10T20:11:15Z INFO [341/750] 9c9a2737-8dec-4106-b6fe-413e1a40f52f: Sackin index -0.0264; 6.9 s; peak memory 1122 MiB.
2026-10-10T20:11:17Z INFO [342/750] 9c9a87ea-605a-41bc-b9f7-c9ba1954b58e: Sackin index -0.0660; 2.0 s; peak memory 1122 MiB.
2026-10-10T20:11:17Z INFO [343/750] 9c9aa1f8-9dc1-4b0e-930c-88e1cba06cdb: Sackin index -0.1161; 0.5 s; peak memory 1122 MiB.
2026-10-10T20:11:19Z INFO [344/750] 9c9ab3a9-4ce5-4223-91cc-394f2cb076d7: Sackin index -0.0369; 1.4 s; peak memory 1122 MiB.
2026-10-10T20:11:20Z INFO [345/750] 9c9ab6bf-1ba3-4ca1-a4a1-7556be4cd1ff: Sackin index -0.0728; 1.0 s; peak memory 1122 MiB.
2026-10-10T20:11:20Z INFO [346/750] 9c9b506e-f470-4d1e-a3bb-e7dd6eb61638: Sackin index -0.1658; 0.7 s; peak memory 1122 MiB.
2026-10-10T20:11:21Z INFO [347/750] 9c9ca5ce-5776-4ce6-bf43-e4c20760295a: Sackin index -0.1349; 0.7 s; peak memory 1122 MiB.
2026-10-10T20:11:22Z INFO [348/750] 9c9d4e5b-ddb2-484c-b9d9-bd7d6c63d2cc: Sackin index -0.1349; 0.7 s; peak memory 1122 MiB.
2026-10-10T20:11:22Z INFO [349/750] 9c9d71fd-12a1-4445-a304-64361de7dd83: Sackin index -0.1349; 0.7 s; peak memory 1122 MiB.
2026-10-10T20:11:23Z INFO [350/750] 9c9dc2b9-3ca2-43f0-b74b-30b0a7433a9b: Sackin index -0.1349; 0.6 s; peak memory 1122 MiB.
2026-10-10T20:11:23Z INFO [350/750] 9c9dc2b9-3ca2-43f0-b74b-30b0a7433a9b: checkpointed 122436 new records.
2026-10-10T20:11:24Z INFO [351/750] 9c9e3843-ad18-4c26-8906-0b6f1d85960e: Sackin index -0.0709; 0.9 s; peak memory 1122 MiB.
2026-10-10T20:11:27Z INFO [352/750] 9c9ffcc8-5ead-498f-bee7-acec6b0304d0: Sackin index -0.0252; 3.3 s; peak memory 1122 MiB.
2026-10-10T20:11:28Z INFO [353/750] 9ca0222b-1a5d-4e7b-be7f-9ef9426d3bc3: Sackin index -0.1938; 0.5 s; peak memory 1122 MiB.
2026-10-10T20:11:29Z INFO [354/750] 9ca02f0a-67bd-4713-9b78-ab224ce87a80: Sackin index -0.0375; 0.9 s; peak memory 1122 MiB.
2026-10-10T20:12:02Z INFO [355/750] 9ca0791f-daa5-4247-89f6-3c6dff093d0c: Sackin index -0.0745; 33.1 s; peak memory 1122 MiB.
2026-10-10T20:12:03Z INFO [356/750] 9ca15c6f-e425-40aa-9074-85e4bd3071f9: Sackin index -0.0728; 0.9 s; peak memory 1122 MiB.
2026-10-10T20:12:03Z INFO [357/750] 9ca15e84-5139-4f55-9f7d-5ad28257555d: Sackin index -0.2147; 0.6 s; peak memory 1122 MiB.
2026-10-10T20:12:04Z INFO [358/750] 9ca27777-43e1-49d6-a346-76fc99dc8778: Sackin index -0.1349; 0.8 s; peak memory 1122 MiB.
2026-10-10T20:12:05Z INFO [359/750] 9ca297e2-c58e-4221-8a7d-e3f30ea87c0a: Sackin index -0.1349; 0.6 s; peak memory 1122 MiB.
2026-10-10T20:13:12Z INFO [360/750] 9ca31724-4398-47ca-a767-13469710fe24: Sackin index -0.0032; 67.2 s; peak memory 1122 MiB.
2026-10-10T20:13:13Z INFO [361/750] 9ca438f9-20c6-4598-9711-71ff35b3119e: Sackin index -0.1331; 0.7 s; peak memory 1122 MiB.
2026-10-10T20:13:13Z INFO [362/750] 9ca43eca-67a5-4906-a2cc-872604f491a5: Sackin index -0.2000; 0.5 s; peak memory 1122 MiB.
2026-10-10T20:13:14Z INFO [363/750] 9ca4fc49-b6d6-4bc3-88d9-01c4a47e9f1e: Sackin index -0.1349; 0.7 s; peak memory 1122 MiB.
2026-10-10T20:13:33Z INFO [364/750] 9ca5459a-e4c8-411d-934e-e08ed7b4c94a: Sackin index -0.1367; 19.2 s; peak memory 1122 MiB.
2026-10-10T20:13:34Z INFO [365/750] 9ca61b08-c609-41da-b0ad-1275ee5f4066: Sackin index -0.1046; 0.9 s; peak memory 1122 MiB.
2026-10-10T20:13:35Z INFO [366/750] 9ca76805-e755-45eb-a4e6-4da179d878dc: Sackin index -0.0991; 0.9 s; peak memory 1122 MiB.
2026-10-10T20:13:36Z INFO [367/750] 9ca780bf-edff-4b5b-8847-175bedc15b1a: Sackin index -0.0728; 1.0 s; peak memory 1122 MiB.
2026-10-10T20:13:42Z INFO [368/750] 9ca7bfb3-5747-4185-b8fa-6500dc368e5e: Sackin index -0.0175; 5.8 s; peak memory 1122 MiB.
2026-10-10T20:13:47Z INFO [369/750] 9ca81a7d-abe4-4a8c-8070-cbf1c4e522e1: Sackin index -0.0139; 5.0 s; peak memory 1122 MiB.
2026-10-10T20:13:48Z INFO [370/750] 9ca949ab-5dbc-4749-ad8b-5a1ca5136370: Sackin index -0.0728; 0.9 s; peak memory 1122 MiB.
2026-10-10T20:13:48Z INFO [371/750] 9caa2518-264f-43ec-b6f9-9829d145d9f9: Sackin index -0.1349; 0.8 s; peak memory 1122 MiB.
2026-10-10T20:13:49Z INFO [372/750] 9caa441a-87a3-445d-97a3-bde58e32963a: Sackin index -0.1248; 0.8 s; peak memory 1122 MiB.
2026-10-10T20:13:50Z INFO [373/750] 9caa87e3-babe-4744-a85e-0ba9b35b1174: Sackin index -0.0745; 0.8 s; peak memory 1122 MiB.
2026-10-10T20:13:51Z INFO [374/750] 9cab8dea-fa96-422c-872b-f43bdace5cdf: Sackin index -0.1349; 0.6 s; peak memory 1122 MiB.
2026-10-10T20:13:55Z INFO [375/750] 9cac4544-01aa-4a48-8d54-f26b14c159ad: Sackin index -0.0258; 4.1 s; peak memory 1122 MiB.
2026-10-10T20:13:56Z INFO [376/750] 9cac8901-a064-4efd-94ef-8fc8d9241910: Sackin index -0.0381; 0.9 s; peak memory 1122 MiB.
2026-10-10T20:13:57Z INFO [377/750] 9cacfb5a-9ff3-45f0-a28c-8db6130fd679: Sackin index -0.0661; 1.4 s; peak memory 1122 MiB.
2026-10-10T20:14:29Z INFO [378/750] 9cada174-02ec-412f-a137-9f822d448df3: Sackin index -0.1144; 31.8 s; peak memory 1122 MiB.
2026-10-10T20:14:30Z INFO [379/750] 9cae45c6-c8c6-4a28-a374-db20cccb416e: Sackin index -0.0715; 0.9 s; peak memory 1122 MiB.
2026-10-10T20:14:31Z INFO [380/750] 9caecb47-31f3-4064-bac6-56e5456b190c: Sackin index -0.0699; 1.7 s; peak memory 1122 MiB.
2026-10-10T20:14:32Z INFO [381/750] 9caf278d-51cd-4f58-bcd0-982bb6c6a7df: Sackin index -0.0883; 1.0 s; peak memory 1122 MiB.
2026-10-10T20:14:33Z INFO [382/750] 9caf9b15-5b8f-45ef-9406-8b9c78aa3953: Sackin index -0.0696; 0.8 s; peak memory 1122 MiB.
2026-10-10T20:14:34Z INFO [383/750] 9cafcbdd-b154-4c38-bb19-4c0893fd047d: Sackin index -0.1239; 0.5 s; peak memory 1122 MiB.
2026-10-10T20:14:34Z INFO [384/750] 9cafe035-e6a7-4862-ad12-9f03fea74ae5: Sackin index -0.0745; 0.8 s; peak memory 1122 MiB.
2026-10-10T20:14:35Z INFO [385/750] 9cafe0bf-aea1-434c-999d-1704706ef0a4: Sackin index -0.1349; 0.7 s; peak memory 1122 MiB.
2026-10-10T20:14:36Z INFO [386/750] 9cb15251-a08b-4c49-9af7-2d00a333db9f: Sackin index -0.0709; 0.9 s; peak memory 1122 MiB.
2026-10-10T20:14:38Z INFO [387/750] 9cb1ff5d-9ba0-48f8-b974-06504190eb7a: Sackin index -0.0337; 2.2 s; peak memory 1122 MiB.
2026-10-10T20:14:39Z INFO [388/750] 9cb28b0c-6a7c-4dcf-92ce-b44f41e050e0: Sackin index -0.1633; 0.7 s; peak memory 1122 MiB.
2026-10-10T20:14:44Z INFO [389/750] 9cb2e382-0553-4712-ba60-5bf252f4a221: Sackin index -0.0420; 4.8 s; peak memory 1122 MiB.
2026-10-10T20:14:45Z INFO [390/750] 9cb33ea3-f3ff-4a8e-88f4-66e750815d68: Sackin index -0.1187; 1.4 s; peak memory 1122 MiB.
2026-10-10T20:14:46Z INFO [391/750] 9cb3894d-9dc1-4c5e-916a-1af262a22b33: Sackin index -0.1349; 0.8 s; peak memory 1122 MiB.
2026-10-10T20:14:47Z INFO [392/750] 9cb3b03b-1033-4eef-9c87-504db518f72d: Sackin index -0.0380; 0.8 s; peak memory 1122 MiB.
2026-10-10T20:14:53Z INFO [393/750] 9cb58749-0d4f-422c-8b23-f5e124fcb2c6: Sackin index -0.0697; 6.3 s; peak memory 1122 MiB.
2026-10-10T20:14:57Z INFO [394/750] 9cb6b19e-10c5-4073-929f-b0cb41526d45: Sackin index -0.0940; 4.5 s; peak memory 1122 MiB.
2026-10-10T20:14:58Z INFO [395/750] 9cb6ef09-ffea-44c5-a0ff-a7e66551eaea: Sackin index -0.0376; 0.9 s; peak memory 1122 MiB.
2026-10-10T20:14:59Z INFO [396/750] 9cb770db-8b70-4684-abb7-065842ead072: Sackin index -0.1658; 0.5 s; peak memory 1122 MiB.
2026-10-10T20:15:00Z INFO [397/750] 9cb8fddb-a07a-417f-bb63-c4ce609b2e1c: Sackin index -0.1248; 0.8 s; peak memory 1122 MiB.
2026-10-10T20:15:01Z INFO [398/750] 9cb912d3-1aa2-4a08-a25a-fa1b1541bc2c: Sackin index -0.0728; 0.8 s; peak memory 1122 MiB.
2026-10-10T20:15:01Z INFO [399/750] 9cb970b9-2886-40d4-bd4d-f17699565073: Sackin index -0.0379; 0.9 s; peak memory 1122 MiB.
2026-10-10T20:15:03Z INFO [400/750] 9cb9ebe4-1e8b-4197-ac0d-9d25f741af38: Sackin index -0.0369; 1.3 s; peak memory 1122 MiB.
2026-10-10T20:15:03Z INFO [400/750] 9cb9ebe4-1e8b-4197-ac0d-9d25f741af38: checkpointed 122486 new records.
2026-10-10T20:15:05Z INFO [401/750] 9cba1205-a985-417a-8abe-3d7363e53401: Sackin index -0.0681; 1.6 s; peak memory 1122 MiB.
2026-10-10T20:15:10Z INFO [402/750] 9cba14e0-1ba1-497e-af0f-ff5ebbd517af: Sackin index -0.0017; 5.6 s; peak memory 1122 MiB.
2026-10-10T20:15:14Z INFO [403/750] 9cba22b0-cbc7-4384-a987-8ff92019769f: Sackin index -0.0251; 4.0 s; peak memory 1122 MiB.
2026-10-10T20:15:15Z INFO [404/750] 9cba2507-6353-4866-aff9-4624837e430b: Sackin index -0.0376; 1.0 s; peak memory 1122 MiB.
2026-10-10T20:15:16Z INFO [405/750] 9cba265d-a5f8-4fd1-931a-64baeac3fba0: Sackin index -0.1174; 0.7 s; peak memory 1122 MiB.
2026-10-10T20:15:17Z INFO [406/750] 9cba26b9-116f-4ae8-b40a-d8dbfa030d03: Sackin index -0.1349; 0.7 s; peak memory 1122 MiB.
2026-10-10T20:15:19Z INFO [407/750] 9cba7bfc-6984-4059-8346-4cb3748676a7: Sackin index -0.0660; 2.1 s; peak memory 1122 MiB.
2026-10-10T20:15:20Z INFO [408/750] 9cbbd8fd-e60e-4103-a999-808883ec8efe: Sackin index -0.0676; 1.3 s; peak memory 1122 MiB.
2026-10-10T20:15:22Z INFO [409/750] 9cbc3ef6-c143-4ee8-b497-aa55d71498d6: Sackin index -0.0350; 1.7 s; peak memory 1122 MiB.
2026-10-10T20:15:24Z INFO [410/750] 9cbdf402-2a47-4efe-a309-3efaa2da745c: Sackin index -0.0263; 1.9 s; peak memory 1122 MiB.
2026-10-10T20:15:25Z INFO [411/750] 9cc029d9-602c-4002-a834-f6f6ba7e2ba6: Sackin index -0.0745; 1.0 s; peak memory 1122 MiB.
2026-10-10T20:15:29Z INFO [412/750] 9cc08f11-e5ce-49d1-8e0b-3375259e27d2: Sackin index -0.0217; 4.7 s; peak memory 1122 MiB.
2026-10-10T20:15:31Z INFO [413/750] 9cc13be6-7e9f-42fb-b822-607e728faa6d: Sackin index -0.0699; 1.8 s; peak memory 1122 MiB.
2026-10-10T20:15:32Z INFO [414/750] 9cc1b703-7f6f-4dec-b4b6-5d6376d06aa0: Sackin index -0.0728; 0.9 s; peak memory 1122 MiB.
2026-10-10T20:15:33Z INFO [415/750] 9cc1f82c-006d-46c4-acb6-8f9fb394dc10: Sackin index -0.0728; 1.1 s; peak memory 1122 MiB.
2026-10-10T20:15:34Z INFO [416/750] 9cc221c5-2c46-45bb-a4cc-c6bad9873725: Sackin index -0.0702; 0.8 s; peak memory 1122 MiB.
2026-10-10T20:15:50Z INFO [417/750] 9cc309a5-10e6-4a21-a998-7fd40027f6bc: Sackin index -0.0123; 16.2 s; peak memory 1122 MiB.
2026-10-10T20:15:51Z INFO [418/750] 9cc31157-ccf2-431a-8a71-852bc5e14115: Sackin index -0.1349; 0.7 s; peak memory 1122 MiB.
2026-10-10T20:15:59Z INFO [419/750] 9cc35cc6-b11d-4597-a8e5-22863a31d5f6: Sackin index -0.0237; 8.6 s; peak memory 1122 MiB.
2026-10-10T20:16:01Z INFO [420/750] 9cc3c2b3-ca13-4d14-81c1-911881e41f4d: Sackin index -0.0369; 1.1 s; peak memory 1122 MiB.
2026-10-10T20:16:01Z INFO [421/750] 9cc3cc92-d589-4b71-8930-3d06c213122b: Sackin index -0.0702; 0.7 s; peak memory 1122 MiB.
2026-10-10T20:16:02Z INFO [422/750] 9cc3da9d-b2fb-4709-9047-015926737e0c: Sackin index -0.0696; 0.9 s; peak memory 1122 MiB.
2026-10-10T20:16:06Z INFO [423/750] 9cc4283d-7092-481f-81b9-a857c547ce71: Sackin index -0.0403; 3.4 s; peak memory 1122 MiB.
2026-10-10T20:16:06Z INFO [424/750] 9cc43f40-2c6b-443e-953a-92630da1a1ac: Sackin index -0.0702; 0.8 s; peak memory 1122 MiB.
2026-10-10T20:16:12Z INFO [425/750] 9cc45496-6dc5-4986-9b78-026a67fcd707: Sackin index -0.0341; 5.4 s; peak memory 1122 MiB.
2026-10-10T20:16:18Z INFO [426/750] 9cc46319-fa11-4e6a-9325-cfee77d8e965: Sackin index -0.1371; 6.3 s; peak memory 1122 MiB.
2026-10-10T20:16:19Z INFO [427/750] 9cc5b47d-bacd-4576-ba55-9ae096697a0b: Sackin index -0.0275; 1.3 s; peak memory 1122 MiB.
2026-10-10T20:16:24Z INFO [428/750] 9cc5bba7-4a78-4db6-9883-a869f6f1adc8: Sackin index -0.0476; 4.3 s; peak memory 1122 MiB.
2026-10-10T20:16:32Z INFO [429/750] 9cc64557-abe5-4109-91af-ff57fb0ccaf6: Sackin index -0.0148; 8.0 s; peak memory 1122 MiB.
2026-10-10T20:16:32Z INFO [430/750] 9cc78763-d522-4790-9bf8-8b0e10fae518: Sackin index -0.1349; 0.7 s; peak memory 1122 MiB.
2026-10-10T20:16:33Z INFO [431/750] 9cc872be-51d6-4fc1-94bf-d3c70744c9c9: Sackin index -0.0388; 0.8 s; peak memory 1122 MiB.
2026-10-10T20:16:34Z INFO [432/750] 9cc94aaa-8b43-4a5a-8cfe-62a6c7bfdd84: Sackin index -0.0702; 0.7 s; peak memory 1122 MiB.
2026-10-10T20:16:42Z INFO [433/750] 9ccba817-0358-45c0-b329-16fd6a9abe5d: Sackin index -0.0151; 7.9 s; peak memory 1122 MiB.
2026-10-10T20:16:43Z INFO [434/750] 9ccd65c0-f141-4cc8-9a3b-df6063ed8f21: Sackin index -0.0728; 0.8 s; peak memory 1122 MiB.
2026-10-10T20:16:44Z INFO [435/750] 9ccd97f7-74c1-4684-86be-be680c7029f6: Sackin index -0.1349; 0.8 s; peak memory 1122 MiB.
2026-10-10T20:16:44Z INFO [436/750] 9ccde454-0619-4776-be8e-9f39e830a7b3: Sackin index -0.0728; 0.7 s; peak memory 1122 MiB.
2026-10-10T20:16:45Z INFO [437/750] 9cceef80-85b1-4d6e-8b82-f974532cad32: Sackin index -0.0709; 0.7 s; peak memory 1122 MiB.
2026-10-10T20:16:45Z INFO [438/750] 9ccf1c3b-c205-422f-98a3-c3179af212d0: Sackin index -0.1658; 0.5 s; peak memory 1122 MiB.
2026-10-10T20:16:47Z INFO [439/750] 9ccf8f38-bb44-4d89-b436-80d51ecbec7c: Sackin index -0.0365; 1.3 s; peak memory 1122 MiB.
2026-10-10T20:16:48Z INFO [440/750] 9ccfc02b-9fa8-4815-bf89-37e01abf3eb5: Sackin index -0.0745; 0.9 s; peak memory 1122 MiB.
2026-10-10T20:16:48Z INFO [441/750] 9cd0d43f-277d-44df-810c-e6de6dfbd104: Sackin index -0.1658; 0.6 s; peak memory 1122 MiB.
2026-10-10T20:16:49Z INFO [442/750] 9cd0ee67-7a7a-4b90-9433-842bb21122fe: Sackin index -0.1349; 0.7 s; peak memory 1122 MiB.
2026-10-10T20:16:49Z INFO [443/750] 9cd0eebe-1927-48d2-9fa0-121dea7cbd9e: Sackin index -0.2168; 0.5 s; peak memory 1122 MiB.
2026-10-10T20:16:50Z INFO [444/750] 9cd12af2-f9d4-497d-8a6c-84368a30c09b: Sackin index -0.1349; 0.7 s; peak memory 1122 MiB.
2026-10-10T20:16:51Z INFO [445/750] 9cd149a6-a894-402d-91aa-7da6959a475d: Sackin index -0.1349; 0.9 s; peak memory 1122 MiB.
2026-10-10T20:16:52Z INFO [446/750] 9cd23daf-06ed-4d00-ab22-5b8ba6c58cf5: Sackin index -0.0676; 1.5 s; peak memory 1122 MiB.
2026-10-10T20:16:53Z INFO [447/750] 9cd2ae57-a333-449d-a4dc-f2c924bd5ceb: Sackin index -0.1349; 0.7 s; peak memory 1122 MiB.
2026-10-10T20:17:03Z INFO [448/750] 9cd36e20-d609-4a7c-9b68-0ebeb13b917c: Sackin index -0.0237; 9.9 s; peak memory 1122 MiB.
2026-10-10T20:17:04Z INFO [449/750] 9cd3858c-95d0-450a-8501-e913800b3344: Sackin index -0.1224; 1.3 s; peak memory 1122 MiB.
2026-10-10T20:17:06Z INFO [450/750] 9cd42b64-33c2-455b-80ab-02b5df917ba2: Sackin index -0.0376; 1.2 s; peak memory 1122 MiB.
2026-10-10T20:17:06Z INFO [450/750] 9cd42b64-33c2-455b-80ab-02b5df917ba2: checkpointed 122536 new records.
2026-10-10T20:17:10Z INFO [451/750] 9cd469d1-3800-48b0-91d4-12215b26f0ef: Sackin index -0.0440; 3.7 s; peak memory 1122 MiB.
2026-10-10T20:17:11Z INFO [452/750] 9cd4b92d-7fb8-4340-94ab-88f416079dd0: Sackin index -0.0699; 1.7 s; peak memory 1122 MiB.
2026-10-10T20:17:13Z INFO [453/750] 9cd52b76-0f1e-490e-800a-e3ae9f4a7269: Sackin index -0.0676; 1.9 s; peak memory 1122 MiB.
2026-10-10T20:17:14Z INFO [454/750] 9cd5310d-4d76-4575-8678-3a94bd169b7b: Sackin index -0.1461; 0.7 s; peak memory 1122 MiB.
2026-10-10T20:17:21Z INFO [455/750] 9cd6f252-e935-49a5-b7d7-b3cd8dba602f: Sackin index -0.0147; 7.3 s; peak memory 1122 MiB.
2026-10-10T20:17:22Z INFO [456/750] 9cd729d2-b35f-4b59-b842-aac6fa177860: Sackin index -0.1349; 0.8 s; peak memory 1122 MiB.
2026-10-10T20:17:23Z INFO [457/750] 9cd9ee9e-e20f-4764-bcb3-d1fe7b374032: Sackin index -0.0881; 1.0 s; peak memory 1122 MiB.
2026-10-10T20:17:24Z INFO [458/750] 9cda1e82-b921-46db-9ac3-48ef4a91e843: Sackin index -0.1349; 0.7 s; peak memory 1122 MiB.
2026-10-10T20:17:24Z INFO [459/750] 9cda7464-a085-458f-a4a8-c4b5a18d6e15: Sackin index -0.0696; 0.8 s; peak memory 1122 MiB.
2026-10-10T20:17:25Z INFO [460/750] 9cda945c-9483-46f2-9f57-814fc5fe0775: Sackin index -0.1349; 0.7 s; peak memory 1122 MiB.
2026-10-10T20:17:26Z INFO [461/750] 9cdb4945-ab19-43ea-b864-41dafacc6df1: Sackin index -0.0702; 0.9 s; peak memory 1122 MiB.
2026-10-10T20:17:27Z INFO [462/750] 9cdcfbef-4f3d-47eb-a4f6-2a10ebddeb99: Sackin index -0.0728; 0.9 s; peak memory 1122 MiB.
2026-10-10T20:17:28Z INFO [463/750] 9cdd2913-95e7-4bd0-8368-4c40c392395e: Sackin index -0.0709; 0.8 s; peak memory 1122 MiB.
2026-10-10T20:17:29Z INFO [464/750] 9cde383a-cf77-4ed9-89b0-9c81f43f5a13: Sackin index -0.0831; 1.3 s; peak memory 1122 MiB.
2026-10-10T20:17:30Z INFO [465/750] 9cdee8b2-c654-4eac-ba1c-15b38475fc62: Sackin index -0.0728; 0.9 s; peak memory 1122 MiB.
2026-10-10T20:17:31Z INFO [466/750] 9cdf8648-c864-48a1-911d-043f283bf804: Sackin index -0.1349; 0.7 s; peak memory 1122 MiB.
2026-10-10T20:17:31Z INFO [467/750] 9ce07c9c-0386-4642-bdbc-0bb4935e3959: Sackin index -0.0720; 0.6 s; peak memory 1122 MiB.
2026-10-10T20:17:32Z INFO [468/750] 9ce1cdf2-db0c-4d4b-9ab8-f4aab189dd71: Sackin index -0.1349; 0.9 s; peak memory 1122 MiB.
2026-10-10T20:17:33Z INFO [469/750] 9ce2da7b-0385-4b9e-b455-64c0d3fdf64f: Sackin index -0.1349; 0.8 s; peak memory 1122 MiB.
2026-10-10T20:17:34Z INFO [470/750] 9ce315b3-c3b5-4574-8474-4c5694fe1d62: Sackin index -0.1349; 1.1 s; peak memory 1122 MiB.
2026-10-10T20:17:52Z INFO [471/750] 9ce3bb85-6824-4aeb-8711-232e416894a2: Sackin index -0.1367; 17.8 s; peak memory 1122 MiB.
2026-10-10T20:17:53Z INFO [472/750] 9ce41410-2859-4e24-bf63-4fab489bb82b: Sackin index -0.1731; 0.7 s; peak memory 1122 MiB.
2026-10-10T20:17:53Z INFO [473/750] 9ce490d2-f579-49c2-a16e-97bffb9fc5c1: Sackin index -0.1349; 0.7 s; peak memory 1122 MiB.
2026-10-10T20:18:02Z INFO [474/750] 9ce4dc13-43b0-4a04-8da9-1a41bd0f254c: Sackin index -0.0057; 8.5 s; peak memory 1122 MiB.
2026-10-10T20:18:06Z INFO [475/750] 9ce5bd37-95a7-464d-9222-4f340673f7b4: Sackin index -0.0455; 4.5 s; peak memory 1122 MiB.
2026-10-10T20:18:11Z INFO [476/750] 9ce70936-9e93-469b-9bcc-ad090643788a: Sackin index -0.0185; 4.5 s; peak memory 1122 MiB.
2026-10-10T20:18:14Z INFO [477/750] 9ce72c32-6b7c-457d-b21d-a110641599ad: Sackin index -0.0415; 3.4 s; peak memory 1122 MiB.
2026-10-10T20:18:15Z INFO [478/750] 9ce8036f-13f6-4d03-9144-fc7f7746507a: Sackin index -0.1349; 0.7 s; peak memory 1122 MiB.
2026-10-10T20:18:16Z INFO [479/750] 9ce85f35-0e1c-472b-a9d1-fa59da6e2422: Sackin index -0.0384; 0.9 s; peak memory 1122 MiB.
2026-10-10T20:18:17Z INFO [480/750] 9ce86915-2c9a-455d-bddc-5889981d046e: Sackin index -0.0434; 1.0 s; peak memory 1122 MiB.
2026-10-10T20:18:18Z INFO [481/750] 9ce8c6b8-afc2-4c91-b9d4-8a0b4ba8ee3b: Sackin index -0.0702; 0.9 s; peak memory 1122 MiB.
2026-10-10T20:18:22Z INFO [482/750] 9ce95edc-bbfa-4998-bc27-32dcb7e79879: Sackin index -0.0438; 4.5 s; peak memory 1122 MiB.
2026-10-10T20:18:23Z INFO [483/750] 9cea7337-c671-49db-924f-b8a5cc36e02c: Sackin index -0.1741; 0.7 s; peak memory 1122 MiB.
2026-10-10T20:18:24Z INFO [484/750] 9ceac8d2-edb3-4654-a241-2f85e2229423: Sackin index -0.1349; 0.8 s; peak memory 1122 MiB.
2026-10-10T20:18:24Z INFO [485/750] 9ceb4f2d-e10a-4701-995a-03eab726746b: Sackin index -0.1248; 0.8 s; peak memory 1122 MiB.
2026-10-10T20:18:25Z INFO [486/750] 9cebe6ce-2f29-45d0-8263-0b0ca5d196fd: Sackin index -0.0696; 0.9 s; peak memory 1122 MiB.
2026-10-10T20:18:27Z INFO [487/750] 9cec6663-b598-444c-ada7-a6fd7386c290: Sackin index -0.1243; 1.3 s; peak memory 1122 MiB.
2026-10-10T20:18:27Z INFO [488/750] 9cecb366-2eb4-477e-8614-99de7e6cfe66: Sackin index -0.1349; 0.7 s; peak memory 1122 MiB.
2026-10-10T20:18:28Z INFO [489/750] 9ced3760-4daa-4a3b-a6b2-31f11711434e: Sackin index -0.1658; 0.6 s; peak memory 1122 MiB.
2026-10-10T20:18:29Z INFO [490/750] 9cee1b99-d52a-4165-9655-7478e2b32d37: Sackin index -0.1101; 0.7 s; peak memory 1122 MiB.
2026-10-10T20:18:29Z INFO [491/750] 9cef7962-80b3-4927-a027-1da7444133ce: Sackin index -0.0745; 0.8 s; peak memory 1122 MiB.
2026-10-10T20:18:35Z INFO [492/750] 9cf10291-e59e-4f44-b329-e4f37003301a: Sackin index -0.0140; 5.9 s; peak memory 1122 MiB.
2026-10-10T20:18:36Z INFO [493/750] 9cf17502-8ade-4eab-90c6-32b883aa77fe: Sackin index -0.1051; 0.7 s; peak memory 1122 MiB.
2026-10-10T20:18:37Z INFO [494/750] 9cf2dfeb-0237-4696-9ca9-3f9f623d0d2a: Sackin index -0.0702; 1.1 s; peak memory 1122 MiB.
2026-10-10T20:18:38Z INFO [495/750] 9cf4a46d-22f4-4b5e-9742-13282d6068ca: Sackin index -0.0728; 0.9 s; peak memory 1122 MiB.
2026-10-10T20:18:39Z INFO [496/750] 9cf60229-85ca-49f1-9dc0-4f809a400858: Sackin index -0.1349; 0.7 s; peak memory 1122 MiB.
2026-10-10T20:18:40Z INFO [497/750] 9cf649ae-145f-4d6c-bd97-b449da5684e7: Sackin index -0.0718; 1.8 s; peak memory 1122 MiB.
2026-10-10T20:18:41Z INFO [498/750] 9cf77928-2c3d-46a3-9b0c-14d8168b71ce: Sackin index -0.1000; 0.9 s; peak memory 1122 MiB.
2026-10-10T20:18:42Z INFO [499/750] 9cf78142-e164-4d15-b5d6-ae535075a5fb: Sackin index -0.1938; 0.5 s; peak memory 1122 MiB.
2026-10-10T20:18:43Z INFO [500/750] 9cf7fdbf-f735-410a-9363-be506366456c: Sackin index -0.0379; 1.0 s; peak memory 1122 MiB.
2026-10-10T20:18:43Z INFO [500/750] 9cf7fdbf-f735-410a-9363-be506366456c: checkpointed 122586 new records.
2026-10-10T20:18:45Z INFO [501/750] 9cf82e3d-8a49-4ba1-8773-55aff533c075: Sackin index -0.0660; 2.1 s; peak memory 1122 MiB.
2026-10-10T20:18:46Z INFO [502/750] 9cf86f3b-8298-4d6c-a51d-da98d5af7ed8: Sackin index -0.1658; 0.5 s; peak memory 1122 MiB.
2026-10-10T20:20:23Z INFO [503/750] 9cf8ac0c-aa4b-415e-8b8c-4008d6d13f5e: Sackin index -0.0573; 96.8 s; peak memory 1122 MiB.
2026-10-10T20:20:24Z INFO [504/750] 9cf8e6cd-4e20-4729-a749-d32bbdaf8e26: Sackin index -0.0766; 1.2 s; peak memory 1122 MiB.
2026-10-10T20:20:25Z INFO [505/750] 9cf94459-ca9d-49d8-816c-20bd7db20b42: Sackin index -0.0379; 1.0 s; peak memory 1122 MiB.
2026-10-10T20:20:26Z INFO [506/750] 9cfa96c5-6248-41a4-806e-d9e24c861187: Sackin index -0.0369; 1.3 s; peak memory 1122 MiB.
2026-10-10T20:20:35Z INFO [507/750] 9cfb0f68-b0e5-4ecf-9e71-79f64f52abf2: Sackin index -0.0107; 8.5 s; peak memory 1122 MiB.
2026-10-10T20:20:36Z INFO [508/750] 9cfb6666-fd22-4da2-ae52-0edb2a2f0421: Sackin index -0.0709; 0.9 s; peak memory 1122 MiB.
2026-10-10T20:20:37Z INFO [509/750] 9cfb84a2-29e2-489f-ad2b-478f79084d01: Sackin index -0.0681; 1.7 s; peak memory 1122 MiB.
2026-10-10T20:20:38Z INFO [510/750] 9cfcfa13-0414-4327-8ba4-6ba2924f4f0e: Sackin index -0.1349; 0.6 s; peak memory 1122 MiB.
2026-10-10T20:20:39Z INFO [511/750] 9cfd35c6-6998-4919-af41-3f50f9351458: Sackin index -0.1349; 0.7 s; peak memory 1122 MiB.
2026-10-10T20:20:39Z INFO [512/750] 9cfda2df-90ca-4669-b0f3-2d8757bfbc1e: Sackin index -0.0696; 0.7 s; peak memory 1122 MiB.
2026-10-10T20:20:41Z INFO [513/750] 9cfebca9-914b-49cd-872b-59481fb09172: Sackin index -0.0699; 1.7 s; peak memory 1122 MiB.
2026-10-10T20:20:47Z INFO [514/750] 9d0059df-4e98-4215-9d0c-fcd49a370e48: Sackin index -0.1408; 6.0 s; peak memory 1122 MiB.
2026-10-10T20:20:48Z INFO [515/750] 9d02ddeb-d820-490f-88d9-1e13c7b0bca7: Sackin index -0.1349; 0.9 s; peak memory 1122 MiB.
2026-10-10T20:20:49Z INFO [516/750] 9d03080e-348c-41cd-b0a7-ea0bcd55388a: Sackin index -0.0702; 0.9 s; peak memory 1122 MiB.
2026-10-10T20:20:50Z INFO [517/750] 9d031c58-c3f3-4758-863d-bebaf7b705b7: Sackin index -0.1013; 1.0 s; peak memory 1122 MiB.
2026-10-10T20:20:54Z INFO [518/750] 9d03bf75-b5a9-4944-aea5-0d1b802dbe81: Sackin index -0.0347; 4.0 s; peak memory 1122 MiB.
2026-10-10T20:21:00Z INFO [519/750] 9d03f130-4e79-403b-9046-027b3ed97d36: Sackin index -0.0123; 6.0 s; peak memory 1122 MiB.
2026-10-10T20:21:00Z INFO [520/750] 9d04353c-912c-43aa-aac4-98b10a6d860f: Sackin index -0.1658; 0.5 s; peak memory 1122 MiB.
2026-10-10T20:21:01Z INFO [521/750] 9d046ac2-3058-4cdd-9f6e-e33925136f5a: Sackin index -0.0275; 1.2 s; peak memory 1122 MiB.
2026-10-10T20:21:02Z INFO [522/750] 9d049e54-9617-4f6e-be50-0c6a3b04fe2b: Sackin index -0.1349; 0.6 s; peak memory 1122 MiB.
2026-10-10T20:21:03Z INFO [523/750] 9d052ddd-a6d1-4fb9-890d-c5729ea2225a: Sackin index -0.0702; 0.7 s; peak memory 1122 MiB.
2026-10-10T20:21:04Z INFO [524/750] 9d052e8c-86bd-4b6b-92f1-ec3274dd29fa: Sackin index -0.0944; 1.0 s; peak memory 1122 MiB.
2026-10-10T20:21:05Z INFO [525/750] 9d05511d-d09a-4c89-b090-e1346c0f0cb0: Sackin index -0.0383; 0.8 s; peak memory 1122 MiB.
2026-10-10T20:21:08Z INFO [526/750] 9d05c285-8d48-4581-9a34-03044dbcb539: Sackin index -0.0053; 3.6 s; peak memory 1122 MiB.
2026-10-10T20:21:12Z INFO [527/750] 9d05fa3c-76c3-4082-bdc5-13bc283e32bb: Sackin index -0.0251; 4.1 s; peak memory 1122 MiB.
2026-10-10T20:21:16Z INFO [528/750] 9d067621-84c2-44d7-82dc-68142e16e9aa: Sackin index -0.0251; 3.4 s; peak memory 1122 MiB.
2026-10-10T20:21:16Z INFO [529/750] 9d0723cb-b02f-4331-b852-682e69ba9610: Sackin index -0.1254; 0.7 s; peak memory 1122 MiB.
2026-10-10T20:21:17Z INFO [530/750] 9d0735cb-88a8-4f64-bb63-a4c21bc968a8: Sackin index -0.1148; 0.6 s; peak memory 1122 MiB.
2026-10-10T20:21:26Z INFO [531/750] 9d09d8ae-142d-47a0-9855-dfe83a28a4ce: Sackin index -0.0147; 9.1 s; peak memory 1122 MiB.
2026-10-10T20:21:27Z INFO [532/750] 9d0b6375-e4a5-470f-a91a-1039464007a5: Sackin index -0.2229; 0.8 s; peak memory 1122 MiB.
2026-10-10T20:21:28Z INFO [533/750] 9d0c3ce3-7b6e-4ae8-9c52-a9318a23790d: Sackin index -0.1072; 1.3 s; peak memory 1122 MiB.
2026-10-10T20:21:29Z INFO [534/750] 9d0ddeaa-ef95-4367-ac2b-ee1fbf0c5ae2: Sackin index -0.0883; 1.0 s; peak memory 1122 MiB.
2026-10-10T20:21:30Z INFO [535/750] 9d0df501-b68d-4742-998e-c1db97a2e345: Sackin index -0.0377; 0.8 s; peak memory 1122 MiB.
2026-10-10T20:21:31Z INFO [536/750] 9d0e0454-f64b-4a0c-87c6-fdc30f60c393: Sackin index -0.0379; 1.0 s; peak memory 1122 MiB.
2026-10-10T20:21:32Z INFO [537/750] 9d0e929d-b0a5-4d26-be0a-9e935fdea7a0: Sackin index -0.0728; 1.0 s; peak memory 1122 MiB.
2026-10-10T20:21:34Z INFO [538/750] 9d0f063f-3c83-4043-ad9c-04de1b686436: Sackin index -0.0660; 2.1 s; peak memory 1122 MiB.
2026-10-10T20:21:35Z INFO [539/750] 9d0f275e-a0c9-4fee-a3b8-5fe57b63d7b2: Sackin index -0.1380; 1.2 s; peak memory 1122 MiB.
2026-10-10T20:21:36Z INFO [540/750] 9d0fe468-8386-487d-80ce-390fe074a844: Sackin index -0.1319; 0.7 s; peak memory 1122 MiB.
2026-10-10T20:21:37Z INFO [541/750] 9d1132a6-e246-435e-bb74-08029e3298dd: Sackin index -0.0702; 1.0 s; peak memory 1122 MiB.
2026-10-10T20:21:39Z INFO [542/750] 9d11b4eb-05a9-4226-9f6c-365ea1b30ade: Sackin index -0.0442; 2.6 s; peak memory 1122 MiB.
2026-10-10T20:21:40Z INFO [543/750] 9d128fcc-c3da-455f-8852-80c2704b93bd: Sackin index -0.1248; 0.7 s; peak memory 1122 MiB.
2026-10-10T20:21:48Z INFO [544/750] 9d12906f-b5a4-42b7-9810-aa52abb8ca59: Sackin index -0.0036; 7.4 s; peak memory 1122 MiB.
2026-10-10T20:21:49Z INFO [545/750] 9d132402-cef4-4dc3-bb4e-8b0bdcbe32ba: Sackin index -0.0728; 0.9 s; peak memory 1122 MiB.
2026-10-10T20:21:49Z INFO [546/750] 9d138f1e-c0ee-40d8-8bff-77da5420464f: Sackin index -0.1208; 0.7 s; peak memory 1122 MiB.
2026-10-10T20:21:51Z INFO [547/750] 9d139cfe-a3d5-4984-8cd9-6d8ae3663195: Sackin index -0.0579; 1.6 s; peak memory 1122 MiB.
2026-10-10T20:21:52Z INFO [548/750] 9d14b983-7c5b-4f08-9801-53e1a1c38686: Sackin index -0.1658; 0.7 s; peak memory 1122 MiB.
2026-10-10T20:21:53Z INFO [549/750] 9d14eb90-6e6c-418f-a749-087889b85f99: Sackin index -0.1269; 1.2 s; peak memory 1122 MiB.
2026-10-10T20:21:54Z INFO [550/750] 9d159ec1-8d94-49f4-9219-0ce71e7bd631: Sackin index -0.1349; 0.7 s; peak memory 1122 MiB.
2026-10-10T20:21:54Z INFO [550/750] 9d159ec1-8d94-49f4-9219-0ce71e7bd631: checkpointed 122636 new records.
2026-10-10T20:21:57Z INFO [551/750] 9d167310-cd5d-4c70-91cb-0d8da7c20b50: Sackin index -0.0403; 3.2 s; peak memory 1122 MiB.
2026-10-10T20:21:58Z INFO [552/750] 9d17f38e-f037-4765-9b20-e0963b721bd0: Sackin index -0.1248; 0.7 s; peak memory 1122 MiB.
2026-10-10T20:21:59Z INFO [553/750] 9d18084b-00a6-48cb-b76b-b5be1e58c7c7: Sackin index -0.0728; 1.0 s; peak memory 1122 MiB.
2026-10-10T20:22:01Z INFO [554/750] 9d18a123-0eef-4c87-8cde-11a7f93c15f3: Sackin index -0.0699; 1.8 s; peak memory 1122 MiB.
2026-10-10T20:22:01Z INFO [555/750] 9d18a896-7129-494f-94d3-51cb98f13288: Sackin index -0.0745; 0.9 s; peak memory 1122 MiB.
2026-10-10T20:22:04Z INFO [556/750] 9d18bd62-8f04-49c8-94ce-cd74a0bb9561: Sackin index -0.0933; 2.4 s; peak memory 1122 MiB.
2026-10-10T20:22:04Z INFO [557/750] 9d19ad17-7eab-4865-a38f-9bf5ded68394: Sackin index -0.1303; 0.6 s; peak memory 1122 MiB.
2026-10-10T20:22:05Z INFO [558/750] 9d1a96a1-de96-41c6-b827-3defb20cea52: Sackin index -0.0702; 1.0 s; peak memory 1122 MiB.
2026-10-10T20:22:15Z INFO [559/750] 9d1b6b6b-0ed8-4bc9-9cec-cc7c19658ae5: Sackin index -0.0092; 9.7 s; peak memory 1122 MiB.
2026-10-10T20:22:16Z INFO [560/750] 9d1c721f-b8df-4e9c-85a5-d3f2b4676efa: Sackin index -0.0702; 0.9 s; peak memory 1122 MiB.
2026-10-10T20:22:17Z INFO [561/750] 9d1c736e-ced2-4419-8589-fdcc7d791d7b: Sackin index -0.1072; 1.2 s; peak memory 1122 MiB.
2026-10-10T20:22:18Z INFO [562/750] 9d1d642b-9b5c-40df-9ea2-e18991e0712a: Sackin index -0.0728; 1.0 s; peak memory 1122 MiB.
2026-10-10T20:22:19Z INFO [563/750] 9d1eed53-376a-44db-942f-5aafee148995: Sackin index -0.0709; 0.8 s; peak memory 1122 MiB.
2026-10-10T20:22:20Z INFO [564/750] 9d1f6936-afeb-4e54-9e1d-07fb991d718e: Sackin index -0.0369; 1.2 s; peak memory 1122 MiB.
2026-10-10T20:22:26Z INFO [565/750] 9d2140f2-dabb-4ac7-a881-2ce6796d233f: Sackin index -0.0083; 5.4 s; peak memory 1122 MiB.
2026-10-10T20:22:27Z INFO [566/750] 9d21e6ed-b09e-419d-ab09-692fe7a14c32: Sackin index -0.0384; 1.1 s; peak memory 1122 MiB.
2026-10-10T20:22:28Z INFO [567/750] 9d22a388-d2b6-41fb-b74e-5ee41760a770: Sackin index -0.0728; 0.9 s; peak memory 1122 MiB.
2026-10-10T20:22:28Z INFO [568/750] 9d23ed0e-3b5f-42fe-8f20-b1d24badbaef: Sackin index -0.1349; 0.8 s; peak memory 1122 MiB.
2026-10-10T20:22:32Z INFO [569/750] 9d245262-53f1-4627-a949-b830b6234cc9: Sackin index -0.0476; 3.9 s; peak memory 1122 MiB.
2026-10-10T20:22:36Z INFO [570/750] 9d262c21-add6-4bf7-9b7e-bcc8a7ef31c9: Sackin index -0.0403; 3.4 s; peak memory 1122 MiB.
2026-10-10T20:22:37Z INFO [571/750] 9d264527-035a-4a16-bca3-1e81a315da9b: Sackin index -0.1349; 0.8 s; peak memory 1122 MiB.
2026-10-10T20:22:38Z INFO [572/750] 9d26782c-718f-4547-8b66-26c7239ccbef: Sackin index -0.0369; 1.0 s; peak memory 1122 MiB.
2026-10-10T20:22:38Z INFO [573/750] 9d26d639-89eb-4f56-acf5-63b713e393b9: Sackin index -0.0728; 0.9 s; peak memory 1122 MiB.
2026-10-10T20:22:39Z INFO [574/750] 9d27265d-d8ac-4449-9845-e0064138feb7: Sackin index -0.1658; 0.5 s; peak memory 1122 MiB.
2026-10-10T20:22:40Z INFO [575/750] 9d27341f-a659-4fa1-8f54-98e4149c2c1c: Sackin index -0.0369; 1.3 s; peak memory 1122 MiB.
2026-10-10T20:22:41Z INFO [576/750] 9d27455c-3c54-418f-b4ea-31d5fd2c8af8: Sackin index -0.1349; 0.7 s; peak memory 1122 MiB.
2026-10-10T20:22:41Z INFO [577/750] 9d2750f0-5898-48c0-b21c-bccb3efa3fe7: Sackin index -0.1658; 0.6 s; peak memory 1122 MiB.
2026-10-10T20:22:42Z INFO [578/750] 9d277a06-58ff-4aaa-bc15-2d1e3eaaf089: Sackin index -0.1349; 0.6 s; peak memory 1122 MiB.
2026-10-10T20:22:43Z INFO [579/750] 9d27a6e7-ef25-4b53-b0cf-901b83dea12b: Sackin index -0.1349; 0.7 s; peak memory 1122 MiB.
2026-10-10T20:22:46Z INFO [580/750] 9d28148f-689f-42dd-adc2-d97e323099a3: Sackin index -0.0403; 3.4 s; peak memory 1122 MiB.
2026-10-10T20:22:47Z INFO [581/750] 9d29157b-88c2-466b-8020-a2928e76710e: Sackin index -0.1160; 1.1 s; peak memory 1122 MiB.
2026-10-10T20:22:51Z INFO [582/750] 9d2937bd-92a5-4687-8ecf-fa41c44acac4: Sackin index -0.0347; 4.0 s; peak memory 1122 MiB.
2026-10-10T20:22:52Z INFO [583/750] 9d29815f-e57b-47d2-96e2-c6489bf741a6: Sackin index -0.1349; 0.6 s; peak memory 1122 MiB.
2026-10-10T20:22:53Z INFO [584/750] 9d29b526-aca3-4ff2-844f-ff543b8c5840: Sackin index -0.0728; 1.0 s; peak memory 1122 MiB.
2026-10-10T20:22:54Z INFO [585/750] 9d2ab519-994f-4904-8bbc-830d18b397bd: Sackin index -0.1349; 0.6 s; peak memory 1122 MiB.
2026-10-10T20:22:54Z INFO [586/750] 9d2b44a7-8514-46aa-8fd2-430765020c52: Sackin index -0.0728; 0.8 s; peak memory 1122 MiB.
2026-10-10T20:23:12Z INFO [587/750] 9d2c43da-7b9d-4201-ab98-30d80615944f: Sackin index -0.1367; 17.5 s; peak memory 1122 MiB.
2026-10-10T20:23:12Z INFO [588/750] 9d2ce2df-6e61-4073-87f4-a278131ebca5: Sackin index -0.1461; 0.5 s; peak memory 1122 MiB.
2026-10-10T20:23:17Z INFO [589/750] 9d2d3c39-a9e6-4f58-a6d2-116081d04df9: Sackin index -0.0238; 4.7 s; peak memory 1122 MiB.
2026-10-10T20:23:18Z INFO [590/750] 9d2dd116-80b8-4d67-9a6b-0808f9dfbb76: Sackin index -0.1349; 0.6 s; peak memory 1122 MiB.
2026-10-10T20:23:24Z INFO [591/750] 9d2e44ec-c79d-4f74-a3b1-184d007d6a5b: Sackin index -0.0783; 6.2 s; peak memory 1122 MiB.
2026-10-10T20:23:25Z INFO [592/750] 9d2ee12e-91a2-4497-88ff-f68e3721c491: Sackin index -0.1349; 0.7 s; peak memory 1122 MiB.
2026-10-10T20:23:25Z INFO [593/750] 9d2f37ce-37ea-400a-8d2f-7dadb90c6659: Sackin index -0.1349; 0.7 s; peak memory 1122 MiB.
2026-10-10T20:23:26Z INFO [594/750] 9d2fb8c7-e25a-4539-8d7a-296dff5b24ca: Sackin index -0.0728; 0.9 s; peak memory 1122 MiB.
2026-10-10T20:23:27Z INFO [595/750] 9d327d39-3311-4c10-82bc-feadaa05bb16: Sackin index -0.0728; 1.0 s; peak memory 1122 MiB.
2026-10-10T20:23:28Z INFO [596/750] 9d329a9a-f9b1-44e3-a3ea-565747ceb77b: Sackin index -0.0369; 1.2 s; peak memory 1122 MiB.
2026-10-10T20:23:29Z INFO [597/750] 9d32ebaf-fdbc-4738-9b37-bbd4ffdcaf29: Sackin index -0.1349; 0.7 s; peak memory 1122 MiB.
2026-10-10T20:23:30Z INFO [598/750] 9d33cd02-9924-4fd6-b12e-9f2b68058f59: Sackin index -0.1349; 0.7 s; peak memory 1122 MiB.
2026-10-10T20:23:31Z INFO [599/750] 9d33fda8-bddd-474e-8062-6ec542716593: Sackin index -0.0728; 1.1 s; peak memory 1122 MiB.
2026-10-10T20:23:32Z INFO [600/750] 9d340d74-b483-42b0-a97e-5a3a6ff61234: Sackin index -0.0941; 1.4 s; peak memory 1122 MiB.
2026-10-10T20:23:32Z INFO [600/750] 9d340d74-b483-42b0-a97e-5a3a6ff61234: checkpointed 122686 new records.
2026-10-10T20:23:33Z INFO [601/750] 9d343490-419a-4269-8068-6438850fd230: Sackin index -0.0379; 1.1 s; peak memory 1122 MiB.
2026-10-10T20:23:34Z INFO [602/750] 9d345f6d-1ec0-4c7c-9e70-eae18c09619b: Sackin index -0.1658; 0.6 s; peak memory 1122 MiB.
2026-10-10T20:23:35Z INFO [603/750] 9d351d44-c8a0-463b-b6fd-9a4e2541df02: Sackin index -0.1349; 0.7 s; peak memory 1122 MiB.
2026-10-10T20:23:36Z INFO [604/750] 9d35c0dc-5824-4990-912a-86227ccddd48: Sackin index -0.0702; 0.8 s; peak memory 1122 MiB.
2026-10-10T20:23:36Z INFO [605/750] 9d35e0c2-b42e-408f-85e1-97953906807f: Sackin index -0.1349; 0.7 s; peak memory 1122 MiB.
2026-10-10T20:23:37Z INFO [606/750] 9d3620fc-a0bb-4d15-9f7a-54608489b7f0: Sackin index -0.1349; 0.7 s; peak memory 1122 MiB.
2026-10-10T20:23:39Z INFO [607/750] 9d36bae4-1daf-4118-88a4-8fac37305312: Sackin index -0.0693; 2.0 s; peak memory 1122 MiB.
2026-10-10T20:23:40Z INFO [608/750] 9d38007d-47ea-403d-a727-14eae2c6a79e: Sackin index -0.1349; 0.6 s; peak memory 1122 MiB.
2026-10-10T20:23:41Z INFO [609/750] 9d380655-c7dd-41ba-9f4a-36e15a313790: Sackin index -0.0376; 0.9 s; peak memory 1122 MiB.
2026-10-10T20:23:52Z INFO [610/750] 9d3815e0-8df3-4e95-aa8d-eb70ea17b8b2: Sackin index -0.0232; 11.1 s; peak memory 1122 MiB.
2026-10-10T20:23:52Z INFO [611/750] 9d396534-3fad-4846-ae6d-35cf107cad00: Sackin index -0.3646; 0.5 s; peak memory 1122 MiB.
2026-10-10T20:23:53Z INFO [612/750] 9d39d908-0c9e-4812-b87d-b092f92e0c73: Sackin index -0.0728; 1.3 s; peak memory 1122 MiB.
2026-10-10T20:23:54Z INFO [613/750] 9d3a080f-5745-4f7f-9088-ac31835fce8d: Sackin index -0.1349; 0.7 s; peak memory 1122 MiB.
2026-10-10T20:23:55Z INFO [614/750] 9d3a29bb-f83d-40da-8696-3a6c56997205: Sackin index -0.0944; 1.0 s; peak memory 1122 MiB.
2026-10-10T20:23:56Z INFO [615/750] 9d3a4041-6b47-4723-9277-2866baccc598: Sackin index -0.0702; 0.9 s; peak memory 1122 MiB.
2026-10-10T20:23:57Z INFO [616/750] 9d3a95ee-64db-4e3e-9f6c-fe2f37f4086c: Sackin index -0.0728; 1.2 s; peak memory 1122 MiB.
2026-10-10T20:23:58Z INFO [617/750] 9d3aae34-6886-4e44-b6b9-43cff79b1384: Sackin index -0.0696; 0.9 s; peak memory 1122 MiB.
2026-10-10T20:23:59Z INFO [618/750] 9d3af6d5-23bf-4ca2-8af1-6e9be7fbdc9d: Sackin index -0.0991; 0.8 s; peak memory 1122 MiB.
2026-10-10T20:24:00Z INFO [619/750] 9d3c91ac-f914-41de-8818-bf5b3d11674a: Sackin index -0.1938; 1.5 s; peak memory 1122 MiB.
2026-10-10T20:24:02Z INFO [620/750] 9d3dd523-d36f-4603-937d-6822cd8a64e8: Sackin index -0.0797; 2.1 s; peak memory 1122 MiB.
2026-10-10T20:24:03Z INFO [621/750] 9d3dd8f6-edbc-4882-9000-401403d14d23: Sackin index -0.1398; 0.7 s; peak memory 1122 MiB.
2026-10-10T20:24:04Z INFO [622/750] 9d3df089-3c9e-4a7a-b824-c096038054ee: Sackin index -0.0702; 1.0 s; peak memory 1122 MiB.
2026-10-10T20:24:05Z INFO [623/750] 9d3efc70-c119-4832-b545-2cbbd4016e87: Sackin index -0.1349; 0.7 s; peak memory 1122 MiB.
2026-10-10T20:24:06Z INFO [624/750] 9d3f9a66-246e-44e3-88d4-948adcd28937: Sackin index -0.0815; 1.1 s; peak memory 1122 MiB.
2026-10-10T20:24:08Z INFO [625/750] 9d416155-695a-42ba-801f-d6ae9729cd10: Sackin index -0.1266; 2.2 s; peak memory 1122 MiB.
2026-10-10T20:24:09Z INFO [626/750] 9d41a862-ae1e-4e5f-842f-00f2bbd373b6: Sackin index -0.0707; 0.6 s; peak memory 1122 MiB.
2026-10-10T20:24:11Z INFO [627/750] 9d41d8bc-bef9-4665-8af8-08aff99c0f73: Sackin index -0.0693; 2.0 s; peak memory 1122 MiB.
2026-10-10T20:24:12Z INFO [628/750] 9d4218f0-8334-4dbb-8e1f-140a7f15a42b: Sackin index -0.0681; 1.8 s; peak memory 1122 MiB.
2026-10-10T20:24:13Z INFO [629/750] 9d424ad7-884f-4711-be3e-7d1acb3390a0: Sackin index -0.1349; 0.7 s; peak memory 1122 MiB.
2026-10-10T20:24:14Z INFO [630/750] 9d431a0e-28f5-42c8-96a1-6e9690f58c2e: Sackin index -0.1349; 0.8 s; peak memory 1122 MiB.
2026-10-10T20:24:15Z INFO [631/750] 9d439cde-974e-43a7-acce-046712531f79: Sackin index -0.0376; 0.9 s; peak memory 1122 MiB.
2026-10-10T20:24:16Z INFO [632/750] 9d43f9e8-4d86-4806-ba03-47294229adf8: Sackin index -0.0702; 0.7 s; peak memory 1122 MiB.
2026-10-10T20:24:16Z INFO [633/750] 9d43fcee-8db5-4602-8620-d551cddf7990: Sackin index -0.1349; 0.6 s; peak memory 1122 MiB.
2026-10-10T20:24:22Z INFO [634/750] 9d44b899-045c-4868-a191-f4bbd05f8266: Sackin index -0.0022; 5.6 s; peak memory 1122 MiB.
2026-10-10T20:24:24Z INFO [635/750] 9d45148d-98b3-4af0-b61f-2ef14d3d73a0: Sackin index -0.0660; 2.1 s; peak memory 1122 MiB.
2026-10-10T20:24:25Z INFO [636/750] 9d452aa4-954c-4085-9883-83fbb6d8a267: Sackin index -0.0728; 1.0 s; peak memory 1122 MiB.
2026-10-10T20:54:40Z INFO [637/750] 9d453adb-9092-4096-ada8-46c2918697fe: Sackin index -0.0087; 1814.9 s; peak memory 1262 MiB.
2026-10-10T20:54:41Z INFO [638/750] 9d468d47-cd66-4a88-b914-50182340f3ad: Sackin index -0.0749; 1.4 s; peak memory 1262 MiB.
2026-10-10T20:54:42Z INFO [639/750] 9d46acac-34e0-4604-b488-a250e2c5117d: Sackin index -0.1349; 0.8 s; peak memory 1262 MiB.
2026-10-10T20:54:44Z INFO [640/750] 9d47a681-6d39-4f23-b47a-e22039b26c27: Sackin index -0.0676; 1.7 s; peak memory 1262 MiB.
2026-10-10T20:54:45Z INFO [641/750] 9d486880-847b-48d1-9f51-e0baaa4ffa79: Sackin index -0.0377; 1.0 s; peak memory 1262 MiB.
2026-10-10T20:54:45Z INFO [642/750] 9d4868b5-a099-4001-ab7d-148da32624f6: Sackin index -0.1658; 0.6 s; peak memory 1262 MiB.
2026-10-10T20:54:46Z INFO [643/750] 9d4a38f3-9f71-4311-9c78-8d1e044d1c82: Sackin index -0.0457; 1.0 s; peak memory 1262 MiB.
2026-10-10T20:54:49Z INFO [644/750] 9d4afe8c-2e40-411c-a1ce-1d38f45a8dd3: Sackin index -0.0922; 2.7 s; peak memory 1262 MiB.
2026-10-10T20:54:50Z INFO [645/750] 9d4b06dc-d468-4440-8337-0332016ca72e: Sackin index -0.1658; 0.7 s; peak memory 1262 MiB.
2026-10-10T20:54:51Z INFO [646/750] 9d4bd121-e908-4ab1-a274-c85d07fb301b: Sackin index -0.1356; 1.1 s; peak memory 1262 MiB.
2026-10-10T20:54:52Z INFO [647/750] 9d4bee39-3537-4766-8279-3b4c829c620b: Sackin index -0.0375; 1.0 s; peak memory 1262 MiB.
2026-10-10T20:54:52Z INFO [648/750] 9d4c0524-6da1-4144-b1eb-605d3ea2534c: Sackin index -0.1349; 0.7 s; peak memory 1262 MiB.
2026-10-10T20:54:53Z INFO [649/750] 9d4ca24d-4887-4e5d-baba-d0bde4988b23: Sackin index -0.1349; 0.8 s; peak memory 1262 MiB.
2026-10-10T20:54:54Z INFO [650/750] 9d4cf3d0-28e9-4bec-92f9-18766677ec39: Sackin index -0.0707; 0.6 s; peak memory 1262 MiB.
2026-10-10T20:54:54Z INFO [650/750] 9d4cf3d0-28e9-4bec-92f9-18766677ec39: checkpointed 122736 new records.
2026-10-10T20:54:55Z INFO [651/750] 9d4cfd6c-a774-48e8-9961-2a16a93f2e0a: Sackin index -0.0379; 1.1 s; peak memory 1262 MiB.
2026-10-10T20:54:56Z INFO [652/750] 9d4d4b6c-f39d-4f0c-965a-500c69fa4965: Sackin index -0.2000; 0.5 s; peak memory 1262 MiB.
2026-10-10T20:54:58Z INFO [653/750] 9d4d9913-df57-4e65-81f9-0e1f36977930: Sackin index -0.0704; 1.8 s; peak memory 1262 MiB.
2026-10-10T20:54:58Z INFO [654/750] 9d4e1074-2b15-426a-b3aa-6aace44e5c68: Sackin index -0.0702; 0.8 s; peak memory 1262 MiB.
2026-10-10T20:54:59Z INFO [655/750] 9d4e4b64-5347-4e00-9af9-48e821f8a5b4: Sackin index -0.0891; 0.8 s; peak memory 1262 MiB.
2026-10-10T20:55:01Z INFO [656/750] 9d4e7f61-ed7a-483e-ad6b-7755f3d1fdf3: Sackin index -0.0681; 1.7 s; peak memory 1262 MiB.
2026-10-10T20:55:02Z INFO [657/750] 9d4e8425-4032-413a-b5c9-523e2fc82e6c: Sackin index -0.1000; 0.8 s; peak memory 1262 MiB.
2026-10-10T20:55:10Z INFO [658/750] 9d4f8a19-d629-4d22-90b3-b3e9b929f6d0: Sackin index -0.0161; 8.7 s; peak memory 1262 MiB.
2026-10-10T20:55:14Z INFO [659/750] 9d51f8a4-0730-4fad-880c-548a1183358d: Sackin index -0.0242; 3.7 s; peak memory 1262 MiB.
2026-10-10T20:55:16Z INFO [660/750] 9d520f52-7178-46c7-a61e-e7cd1c1e2901: Sackin index -0.0676; 1.7 s; peak memory 1262 MiB.
2026-10-10T20:55:20Z INFO [661/750] 9d542463-ee59-4043-80d8-5ece2f97ebd2: Sackin index -0.0940; 4.3 s; peak memory 1262 MiB.
2026-10-10T20:55:21Z INFO [662/750] 9d55fed7-ca0f-40b5-8530-31a9804b08fd: Sackin index -0.0702; 0.9 s; peak memory 1262 MiB.
2026-10-10T20:55:22Z INFO [663/750] 9d57205e-8923-45c8-83c4-cc67e1f71375: Sackin index -0.0728; 0.9 s; peak memory 1262 MiB.
2026-10-10T20:55:23Z INFO [664/750] 9d57a1c3-1bbb-4fef-97ba-4564bba78ce6: Sackin index -0.1349; 0.8 s; peak memory 1262 MiB.
2026-10-10T20:55:24Z INFO [665/750] 9d57e76d-9150-4cb4-926f-5ccd5887506f: Sackin index -0.0709; 0.9 s; peak memory 1262 MiB.
2026-10-10T20:55:24Z INFO [666/750] 9d58673c-06f9-48d4-ad26-2e985cc5b571: Sackin index -0.1331; 0.6 s; peak memory 1262 MiB.
2026-10-10T20:55:25Z INFO [667/750] 9d58962f-acc7-426e-96e7-290d8d0a124d: Sackin index -0.1349; 0.7 s; peak memory 1262 MiB.
2026-10-10T20:55:25Z INFO [668/750] 9d58d621-5180-47c6-b6e0-1be31d4b14a8: Sackin index -0.1658; 0.5 s; peak memory 1262 MiB.
2026-10-10T20:55:33Z INFO [669/750] 9d58ed01-a934-4c81-9155-19fa724b681e: Sackin index -0.0079; 7.7 s; peak memory 1262 MiB.
2026-10-10T20:55:34Z INFO [670/750] 9d598705-185c-4f19-a090-54dd3e446a29: Sackin index -0.0479; 1.0 s; peak memory 1262 MiB.
2026-10-10T20:55:35Z INFO [671/750] 9d59ef75-0fdd-4d4c-8aef-892bb2e5dcef: Sackin index -0.1380; 0.8 s; peak memory 1262 MiB.
2026-10-10T20:55:40Z INFO [672/750] 9d5a1740-506a-4844-a259-b0f7a7d32268: Sackin index -0.0940; 4.6 s; peak memory 1262 MiB.
2026-10-10T20:55:40Z INFO [673/750] 9d5ad725-1870-44d9-8969-8bea35b7049a: Sackin index -0.1349; 0.7 s; peak memory 1262 MiB.
2026-10-10T20:55:42Z INFO [674/750] 9d5b0403-2d4f-48e2-9a8b-5bd36f3d3231: Sackin index -0.1243; 1.4 s; peak memory 1262 MiB.
2026-10-10T20:55:45Z INFO [675/750] 9d5b2d69-9da0-4247-b8e2-b1cad2692ba2: Sackin index -0.0635; 3.4 s; peak memory 1262 MiB.
2026-10-10T20:55:46Z INFO [676/750] 9d5b5871-1bcf-4a8f-8ac7-48709471ffb5: Sackin index -0.0696; 0.8 s; peak memory 1262 MiB.
2026-10-10T20:55:48Z INFO [677/750] 9d5b5ffc-c5b7-444e-a6be-fd79a00c1bbd: Sackin index -0.0704; 1.8 s; peak memory 1262 MiB.
2026-10-10T20:55:49Z INFO [678/750] 9d5bec73-cda1-4a35-9144-e0b94cffd58a: Sackin index -0.0702; 0.8 s; peak memory 1262 MiB.
2026-10-10T20:55:49Z INFO [679/750] 9d5c77b8-5ddc-4acf-9c42-a6f1b3907c9f: Sackin index -0.1658; 0.5 s; peak memory 1262 MiB.
2026-10-10T20:55:50Z INFO [680/750] 9d5c913b-3279-48ea-bd18-02ff40537801: Sackin index -0.0696; 0.8 s; peak memory 1262 MiB.
2026-10-10T20:55:53Z INFO [681/750] 9d5dabf9-26db-4684-b0f6-5a0e6380c425: Sackin index -0.0403; 3.1 s; peak memory 1262 MiB.
2026-10-10T20:55:54Z INFO [682/750] 9d5db363-dd36-4e67-878e-dc4d93ac37cc: Sackin index -0.0728; 0.8 s; peak memory 1262 MiB.
2026-10-10T20:55:55Z INFO [683/750] 9d5ecefe-1287-449c-a4fc-ea3d4e817091: Sackin index -0.1370; 1.2 s; peak memory 1262 MiB.
2026-10-10T20:55:56Z INFO [684/750] 9d5edbc6-15fb-42c4-aa42-d3eb9a537d75: Sackin index -0.1938; 1.4 s; peak memory 1262 MiB.
2026-10-10T20:55:58Z INFO [685/750] 9d5f05d5-6ce5-4d78-a301-819d3d1ae2a3: Sackin index -0.0694; 1.9 s; peak memory 1262 MiB.
2026-10-10T20:55:59Z INFO [686/750] 9d5f5924-0926-46ac-8a2d-a62402da9b54: Sackin index -0.1273; 1.0 s; peak memory 1262 MiB.
2026-10-10T20:56:00Z INFO [687/750] 9d5fb2ab-5b1a-46ea-86d4-68df543a44a0: Sackin index -0.1349; 0.8 s; peak memory 1262 MiB.
2026-10-10T20:56:01Z INFO [688/750] 9d5fcbd2-b172-476b-bd10-f68e5eb0afed: Sackin index -0.0702; 0.7 s; peak memory 1262 MiB.
2026-10-10T20:56:02Z INFO [689/750] 9d5fda1a-f293-4a70-b906-c8d68dce28fb: Sackin index -0.0728; 1.0 s; peak memory 1262 MiB.
2026-10-10T20:56:03Z INFO [690/750] 9d60273b-2be0-4eaf-8a89-bdb2ba60180f: Sackin index -0.1380; 0.8 s; peak memory 1262 MiB.
2026-10-10T20:56:03Z INFO [691/750] 9d6052cf-8dc1-4d44-82e7-bf43e9cb8d54: Sackin index -0.1349; 0.8 s; peak memory 1262 MiB.
2026-10-10T20:56:04Z INFO [692/750] 9d6067c4-7978-455c-b6b2-a3d47de44923: Sackin index -0.1298; 0.5 s; peak memory 1262 MiB.
2026-10-10T20:56:05Z INFO [693/750] 9d612c25-c7ae-4f27-9154-482f78d7e0f3: Sackin index -0.1349; 0.7 s; peak memory 1262 MiB.
2026-10-10T20:56:05Z INFO [694/750] 9d6162ed-c2b3-451f-8359-1b6ccb23f315: Sackin index -0.0696; 0.7 s; peak memory 1262 MiB.
2026-10-10T20:56:06Z INFO [695/750] 9d617d1b-e8ec-40ce-aa1b-1f2cded93f14: Sackin index -0.0709; 0.8 s; peak memory 1262 MiB.
2026-10-10T20:56:08Z INFO [696/750] 9d61c0bc-1894-48fc-8ae3-88c571f658fa: Sackin index -0.0824; 1.4 s; peak memory 1262 MiB.
2026-10-10T20:56:13Z INFO [697/750] 9d6206aa-0c23-4961-8d7c-ed37d89d938a: Sackin index -0.0189; 5.3 s; peak memory 1262 MiB.
2026-10-10T20:56:19Z INFO [698/750] 9d6209a4-e4de-48ec-af59-06de6523b2d4: Sackin index -0.0691; 6.2 s; peak memory 1262 MiB.
2026-10-10T20:56:21Z INFO [699/750] 9d62257d-88da-4791-b12e-969cfc57f64f: Sackin index -0.0681; 1.5 s; peak memory 1262 MiB.
2026-10-10T20:56:21Z INFO [700/750] 9d62f57d-901b-4908-b8c5-bd0928b400e2: Sackin index -0.1349; 0.8 s; peak memory 1262 MiB.
2026-10-10T20:56:22Z INFO [700/750] 9d62f57d-901b-4908-b8c5-bd0928b400e2: checkpointed 122786 new records.
2026-10-10T20:56:22Z INFO [701/750] 9d63b131-b8e8-4730-ac5d-86301d724258: Sackin index -0.1248; 0.7 s; peak memory 1262 MiB.
2026-10-10T20:56:23Z INFO [702/750] 9d642318-9e95-4d32-bb10-dd1efa903663: Sackin index -0.1349; 0.7 s; peak memory 1262 MiB.
2026-10-10T20:56:24Z INFO [703/750] 9d645080-d7c1-4d13-bcb7-0088c49c8136: Sackin index -0.0732; 0.7 s; peak memory 1262 MiB.
2026-10-10T20:56:24Z INFO [704/750] 9d6567bd-f18c-4f5f-b196-7c36ba7f6c2b: Sackin index -0.1148; 0.6 s; peak memory 1262 MiB.
2026-10-10T20:56:25Z INFO [705/750] 9d65a19f-b38c-4545-b958-833868407910: Sackin index -0.1349; 0.7 s; peak memory 1262 MiB.
2026-10-10T20:56:26Z INFO [706/750] 9d66078f-1300-4024-8ed5-663ae59cd821: Sackin index -0.0822; 0.7 s; peak memory 1262 MiB.
2026-10-10T21:05:00Z INFO [707/750] 9d666a14-ac93-47dc-935e-dfc9870e1c47: Sackin index -0.0423; 514.4 s; peak memory 1262 MiB.
2026-10-10T21:05:32Z INFO [708/750] 9d66ed40-af31-43aa-b4ba-246d2206dcad: Sackin index -0.1263; 32.2 s; peak memory 1262 MiB.
2026-10-10T21:05:34Z INFO [709/750] 9d673ba4-42f1-4a4e-a3d4-12927a0790e3: Sackin index -0.0695; 2.0 s; peak memory 1262 MiB.
2026-10-10T21:05:35Z INFO [710/750] 9d67e40b-2506-4c6f-869d-c870cff88e5a: Sackin index -0.0881; 1.1 s; peak memory 1262 MiB.
2026-10-10T21:05:36Z INFO [711/750] 9d682b8d-cdcf-4eae-84ad-3aec3c9c8863: Sackin index -0.0702; 0.9 s; peak memory 1262 MiB.
2026-10-10T21:05:37Z INFO [712/750] 9d692db5-d67e-4de9-82a4-ccc4cb4945cd: Sackin index -0.1178; 0.5 s; peak memory 1262 MiB.
2026-10-10T21:05:38Z INFO [713/750] 9d695db7-27ef-4920-aa25-62647b85a6cd: Sackin index -0.1349; 0.8 s; peak memory 1262 MiB.
2026-10-10T21:05:38Z INFO [714/750] 9d6a9084-98e1-4f4c-b992-7e63f3ad46a2: Sackin index -0.1178; 0.6 s; peak memory 1262 MiB.
2026-10-10T21:05:39Z INFO [715/750] 9d6b0106-c15b-4e96-a446-8056e375c7b3: Sackin index -0.2147; 0.6 s; peak memory 1262 MiB.
2026-10-10T21:05:49Z INFO [716/750] 9d6b92f5-5591-48e8-bc8c-17f910706853: Sackin index -0.1495; 10.3 s; peak memory 1262 MiB.
2026-10-10T21:05:53Z INFO [717/750] 9d6bb2d8-4fa5-43e5-ab43-bb9382f32c1f: Sackin index -0.0611; 3.5 s; peak memory 1262 MiB.
2026-10-10T21:05:53Z INFO [718/750] 9d6c9b9b-36cf-4290-91a3-1acc8ac5e3e6: Sackin index -0.1248; 0.7 s; peak memory 1262 MiB.
2026-10-10T21:05:54Z INFO [719/750] 9d6d3add-6b62-454a-a72e-5b58d3438aa4: Sackin index -0.1349; 0.8 s; peak memory 1262 MiB.
2026-10-10T21:05:55Z INFO [720/750] 9d6d8b9c-ab28-4c2e-a3f4-7a39be9dad5c: Sackin index -0.1658; 0.6 s; peak memory 1262 MiB.
2026-10-10T21:05:56Z INFO [721/750] 9d6dccd9-5442-4a6e-814d-de35a91d7641: Sackin index -0.0728; 1.2 s; peak memory 1262 MiB.
2026-10-10T21:05:56Z INFO [722/750] 9d6dd30b-cb2d-4c82-b93b-8ea8aa6105aa: Sackin index -0.1349; 0.6 s; peak memory 1262 MiB.
2026-10-10T21:05:57Z INFO [723/750] 9d6e2770-03a9-4abb-ada0-630d84943052: Sackin index -0.1239; 0.7 s; peak memory 1262 MiB.
2026-10-10T21:06:00Z INFO [724/750] 9d6f413c-ebdc-493c-983c-fcbd5ef35c28: Sackin index -0.0415; 3.2 s; peak memory 1262 MiB.
2026-10-10T21:06:05Z INFO [725/750] 9d6f81ac-9248-4320-8ef9-3e58803e4062: Sackin index -0.0185; 4.9 s; peak memory 1262 MiB.
2026-10-10T21:06:15Z INFO [726/750] 9d703c88-584e-40ce-8557-91723610bfce: Sackin index -0.1938; 9.3 s; peak memory 1262 MiB.
2026-10-10T21:06:16Z INFO [727/750] 9d703e8b-7946-436a-a013-fed795dc8441: Sackin index -0.0696; 0.9 s; peak memory 1262 MiB.
2026-10-10T21:06:16Z INFO [728/750] 9d705139-f116-4750-8be1-dcadcb87cd0e: Sackin index -0.0383; 0.9 s; peak memory 1262 MiB.
2026-10-10T21:06:17Z INFO [729/750] 9d757d08-11b7-4d49-92cd-041d47fd26b8: Sackin index -0.1248; 0.8 s; peak memory 1262 MiB.
2026-10-10T21:06:18Z INFO [730/750] 9d75d3df-a6de-4830-aa43-a7787c4d3239: Sackin index -0.1658; 0.5 s; peak memory 1262 MiB.
2026-10-10T21:06:21Z INFO [731/750] 9d767972-733d-4f35-ae8d-b57b228ed5f5: Sackin index -0.0451; 3.0 s; peak memory 1262 MiB.
2026-10-10T21:06:22Z INFO [732/750] 9d76c528-22e7-4fa4-949f-01d9a5e2020e: Sackin index -0.1938; 1.0 s; peak memory 1262 MiB.
2026-10-10T21:06:23Z INFO [733/750] 9d76ceee-5540-469e-ab29-d1dc99ccfae6: Sackin index -0.0676; 1.5 s; peak memory 1262 MiB.
2026-10-10T21:06:24Z INFO [734/750] 9d7735a0-3538-4b68-9e34-059834c68b91: Sackin index -0.0696; 0.8 s; peak memory 1262 MiB.
2026-10-10T21:06:25Z INFO [735/750] 9d7743a0-7cc7-4e4f-8eb8-8e957e7d4fc8: Sackin index -0.0388; 0.8 s; peak memory 1262 MiB.
2026-10-10T21:06:26Z INFO [736/750] 9d77757c-ef07-4a55-beff-b0d20221d595: Sackin index -0.0702; 0.8 s; peak memory 1262 MiB.
2026-10-10T21:06:27Z INFO [737/750] 9d7852ed-6ee7-4b65-a66a-b0033b9b65be: Sackin index -0.0696; 0.9 s; peak memory 1262 MiB.
2026-10-10T21:06:27Z INFO [738/750] 9d7a4ed2-b076-4ff2-a83e-835520016f90: Sackin index -0.0702; 0.9 s; peak memory 1262 MiB.
2026-10-10T21:06:31Z INFO [739/750] 9d7acff8-877e-4017-9785-92a487cb9c1f: Sackin index -0.0415; 3.8 s; peak memory 1262 MiB.
2026-10-10T21:06:32Z INFO [740/750] 9d7af62a-d43d-4b94-aad3-68821c178222: Sackin index -0.0702; 1.0 s; peak memory 1262 MiB.
2026-10-10T21:06:33Z INFO [741/750] 9d7b5948-079c-4783-9669-50e0f5c71db7: Sackin index -0.1390; 0.8 s; peak memory 1262 MiB.
2026-10-10T21:06:38Z INFO [742/750] 9d7b984e-7886-4038-b854-3904d6c73bc9: Sackin index -0.0048; 4.4 s; peak memory 1262 MiB.
2026-10-10T21:06:46Z INFO [743/750] 9d7bba55-f948-43d4-9ca0-e9d0d5195999: Sackin index -0.0149; 8.0 s; peak memory 1262 MiB.
2026-10-10T21:06:54Z INFO [744/750] 9d7c2c26-8b42-4b3d-a56a-d477e662326a: Sackin index -0.0166; 8.4 s; peak memory 1262 MiB.
2026-10-10T21:06:55Z INFO [745/750] 9d7c6649-9e1e-4481-9cf8-3bca5ce062e1: Sackin index -0.1349; 0.8 s; peak memory 1262 MiB.
2026-10-10T21:06:56Z INFO [746/750] 9d7cc224-32cd-496d-9ddf-226127920183: Sackin index -0.1429; 1.2 s; peak memory 1262 MiB.
2026-10-10T21:06:57Z INFO [747/750] 9d7d4936-8001-4d25-bd61-b4751cae4307: Sackin index -0.1448; 0.7 s; peak memory 1262 MiB.
2026-10-10T21:06:57Z INFO [748/750] 9d7da699-ad24-4503-ba8e-3d385984fa5b: Sackin index -0.1349; 0.7 s; peak memory 1262 MiB.
2026-10-10T21:06:58Z INFO [749/750] 9d7df8a8-ff9c-4de1-bf09-d672cf775a34: Sackin index -0.0709; 1.0 s; peak memory 1262 MiB.
2026-10-10T21:06:59Z INFO [750/750] 9d7e240f-6e8a-48e4-ba82-3d0397291963: Sackin index -0.1692; 0.7 s; peak memory 1262 MiB.
2026-10-10T21:06:59Z INFO [750/750] 9d7e240f-6e8a-48e4-ba82-3d0397291963: checkpointed 122836 new records.
2026-10-10T21:07:00Z INFO Wrote 122836 records to /tmp/derivatives/valid_nwb_file_to_sackin_index.jsonl (750 new, 0 failed) in 84.4 min (peak memory 1262 MiB).
