2026-10-07T06:21:25Z INFO Logging to /tmp/logs/update_2026-10-07T06-21-25Z.log.
2026-10-07T06:21:25Z INFO Update valid-nwb-file-to-sackin-index (base directory /tmp).
2026-10-07T06:21:26Z INFO Processing 750 items (91336 already recorded).
2026-10-07T06:21:39Z INFO [1/750] 5bd633e6-f283-451d-a345-9ce7a2a96afc: Sackin index -0.0035; 13.4 s; peak memory 158 MiB.
2026-10-07T06:21:40Z INFO [2/750] 5bd6dba9-5d29-4fae-84c0-eb18727183b1: Sackin index -0.1349; 1.0 s; peak memory 158 MiB.
2026-10-07T06:21:41Z INFO [3/750] 5bd708e9-6115-469e-9cbe-3a6a2bbb96ae: Sackin index -0.0928; 1.2 s; peak memory 158 MiB.
2026-10-07T06:21:51Z INFO [4/750] 5bd80b36-da7c-4ced-b26d-f6c22b1f2fda: Sackin index -0.0129; 9.6 s; peak memory 179 MiB.
2026-10-07T06:21:52Z INFO [5/750] 5bd94c65-d992-46d6-aff9-2bab657eb118: Sackin index -0.1349; 0.9 s; peak memory 179 MiB.
2026-10-07T06:21:55Z INFO [6/750] 5bd978c0-d419-4763-8c79-33d32636d0fe: Sackin index -0.0076; 3.0 s; peak memory 180 MiB.
2026-10-07T06:21:56Z INFO [7/750] 5bd99343-c361-4af6-8c37-8839e89efd71: Sackin index -0.0376; 1.5 s; peak memory 180 MiB.
2026-10-07T06:21:57Z INFO [8/750] 5bd9f17a-4ec2-4fb2-8114-8738cb76c2f5: Sackin index -0.0881; 0.8 s; peak memory 180 MiB.
2026-10-07T06:21:58Z INFO [9/750] 5bdbdb84-00e9-48de-adb3-744f4bc0726f: Sackin index -0.1256; 0.8 s; peak memory 180 MiB.
2026-10-07T06:21:59Z INFO [10/750] 5bdbefe7-ca91-4730-a359-d9624e130dfa: Sackin index -0.0728; 1.1 s; peak memory 180 MiB.
2026-10-07T06:22:06Z INFO [11/750] 5bdc7c31-d966-4019-a3d4-8939f46c589e: Sackin index -0.1375; 7.6 s; peak memory 180 MiB.
2026-10-07T06:22:08Z INFO [12/750] 5bdc99d5-932d-4839-b322-e100740c176b: Sackin index -0.0398; 1.4 s; peak memory 180 MiB.
2026-10-07T06:22:09Z INFO [13/750] 5bde66df-ed91-473a-93d8-ab9b8a4580cb: Sackin index -0.1349; 0.8 s; peak memory 180 MiB.
2026-10-07T06:22:10Z INFO [14/750] 5bdf2c6f-ee53-4477-8657-dc3188ac6916: Sackin index -0.0434; 1.2 s; peak memory 180 MiB.
2026-10-07T06:22:11Z INFO [15/750] 5bdfde87-be06-47b1-8b05-5248339c2b36: Sackin index -0.1349; 1.0 s; peak memory 180 MiB.
2026-10-07T06:22:14Z INFO [16/750] 5be0bebe-7b58-44b6-bf1e-6ce7a77cf310: Sackin index -0.0665; 2.7 s; peak memory 180 MiB.
2026-10-07T06:22:15Z INFO [17/750] 5be0e559-a718-42e7-8986-87ed06bc70f0: Sackin index -0.0728; 1.4 s; peak memory 180 MiB.
2026-10-07T06:22:16Z INFO [18/750] 5be1a110-0d39-4029-a1bc-3be0bb6bdcf6: Sackin index -0.1390; 1.0 s; peak memory 180 MiB.
2026-10-07T06:22:17Z INFO [19/750] 5be1cf81-7127-43c5-b567-4ae5e70d6cef: Sackin index -0.1349; 0.8 s; peak memory 180 MiB.
2026-10-07T06:22:18Z INFO [20/750] 5be1e66d-29bb-4dd6-b6f3-0c44ccf5f874: Sackin index -0.1273; 1.1 s; peak memory 180 MiB.
2026-10-07T06:22:18Z INFO [21/750] 5be24978-f1e8-4f76-829c-f4fcc4f8cfe1: Sackin index -0.0816; 0.7 s; peak memory 180 MiB.
2026-10-07T06:22:19Z INFO [22/750] 5be4cf4c-812e-4729-8042-654d7787ac08: Sackin index -0.0702; 1.0 s; peak memory 180 MiB.
2026-10-07T06:22:23Z INFO [23/750] 5be53de7-35c4-4f6b-8087-f316dfa6041b: Sackin index -0.0445; 3.7 s; peak memory 180 MiB.
2026-10-07T06:22:24Z INFO [24/750] 5be54585-b625-4055-a389-307b8eb7fe28: Sackin index -0.0379; 1.2 s; peak memory 180 MiB.
2026-10-07T06:22:27Z INFO [25/750] 5be66f36-ed5e-4fcc-896a-658a17218a68: Sackin index -0.0699; 2.3 s; peak memory 180 MiB.
2026-10-07T06:22:27Z INFO [26/750] 5be71e45-24c8-47d0-9e95-c3638a530ee8: Sackin index -0.1349; 0.8 s; peak memory 180 MiB.
2026-10-07T06:22:29Z INFO [27/750] 5be7a2cb-3606-48b7-a7dd-7d65e6659f76: Sackin index -0.1210; 1.3 s; peak memory 180 MiB.
2026-10-07T06:22:30Z INFO [28/750] 5be7d1f7-4dc3-4e01-a996-45c2a26e8ec1: Sackin index -0.1349; 0.8 s; peak memory 180 MiB.
2026-10-07T06:22:31Z INFO [29/750] 5be7f4fd-895d-4f2a-a76a-620c3827f0c9: Sackin index -0.1224; 1.8 s; peak memory 180 MiB.
2026-10-07T06:22:32Z INFO [30/750] 5be9c320-71da-4f5d-8c3b-23dfc1c671b7: Sackin index -0.0702; 0.9 s; peak memory 180 MiB.
2026-10-07T06:22:33Z INFO [31/750] 5be9e6f7-3c9c-4900-ad86-27639e43bf9e: Sackin index -0.0434; 1.1 s; peak memory 180 MiB.
2026-10-07T06:22:34Z INFO [32/750] 5beb93aa-c565-4b37-bd80-150530e6a381: Sackin index -0.1349; 0.7 s; peak memory 180 MiB.
2026-10-07T06:22:35Z INFO [33/750] 5bebd908-ae85-4aec-9734-3eb3bcb8ecb4: Sackin index -0.0702; 0.8 s; peak memory 180 MiB.
2026-10-07T06:22:36Z INFO [34/750] 5bebda48-dc62-4bbe-bd17-339283a76828: Sackin index -0.1349; 0.7 s; peak memory 180 MiB.
2026-10-07T06:22:37Z INFO [35/750] 5bec5dd3-89ce-463a-afe6-d71816062f38: Sackin index -0.0699; 1.8 s; peak memory 180 MiB.
2026-10-07T06:22:38Z INFO [36/750] 5becd6e4-67d4-4b06-83d6-7b6773f779f4: Sackin index -0.1602; 0.7 s; peak memory 180 MiB.
2026-10-07T06:22:39Z INFO [37/750] 5becd945-65db-4d03-8003-a46ae53542b9: Sackin index -0.1178; 0.8 s; peak memory 180 MiB.
2026-10-07T06:22:40Z INFO [38/750] 5bed7de1-5805-4f9e-920e-9e8684609b0e: Sackin index -0.0377; 1.0 s; peak memory 180 MiB.
2026-10-07T06:22:41Z INFO [39/750] 5bedad5e-c5d4-41ce-919d-9294fbe36707: Sackin index -0.0728; 1.2 s; peak memory 180 MiB.
2026-10-07T06:22:49Z INFO [40/750] 5bee7cda-ec7a-45eb-86a5-63d846003d51: Sackin index -0.0148; 7.4 s; peak memory 180 MiB.
2026-10-07T06:22:50Z INFO [41/750] 5beffc99-4fd0-4c23-8b3c-b37d813f95ac: Sackin index -0.0379; 1.3 s; peak memory 180 MiB.
2026-10-07T06:22:51Z INFO [42/750] 5bf01a36-144f-4b07-87c6-59809a398ffa: Sackin index -0.1380; 0.9 s; peak memory 180 MiB.
2026-10-07T06:22:52Z INFO [43/750] 5bf01aac-9ca0-4d16-8d06-5fd7dd89eab1: Sackin index -0.0370; 1.3 s; peak memory 180 MiB.
2026-10-07T06:22:53Z INFO [44/750] 5bf0ae2b-9c10-4e00-aca8-0990fe946c2b: Sackin index -0.0728; 1.2 s; peak memory 180 MiB.
2026-10-07T06:23:01Z INFO [45/750] 5bf0ceb7-5611-40be-92cc-829ba9ab631e: Sackin index -0.0341; 7.6 s; peak memory 180 MiB.
2026-10-07T06:23:02Z INFO [46/750] 5bf1e241-59b0-4b22-87b9-d33d130a3486: Sackin index -0.0457; 1.0 s; peak memory 180 MiB.
2026-10-07T06:23:03Z INFO [47/750] 5bf1fdcf-154b-448e-808e-8c890566e9c0: Sackin index -0.0375; 1.3 s; peak memory 180 MiB.
2026-10-07T06:23:04Z INFO [48/750] 5bf35bb4-de46-4c01-8a60-7cdaad0271a0: Sackin index -0.0276; 1.3 s; peak memory 180 MiB.
2026-10-07T06:23:07Z INFO [49/750] 5bf39d5e-1570-4428-9d5c-bab4855d4fa8: Sackin index -0.0291; 2.5 s; peak memory 180 MiB.
2026-10-07T06:23:09Z INFO [50/750] 5bf52933-8902-45d6-80c1-745a0d9ad95b: Sackin index -0.1938; 1.9 s; peak memory 180 MiB.
2026-10-07T06:23:09Z INFO [50/750] 5bf52933-8902-45d6-80c1-745a0d9ad95b: checkpointed 91386 records.
2026-10-07T06:23:10Z INFO [51/750] 5bf5edfa-c1ed-4008-a9af-d9add2824c80: Sackin index -0.1349; 0.8 s; peak memory 180 MiB.
2026-10-07T06:23:19Z INFO [52/750] 5bf71774-2f30-4a6e-a476-0efad062d191: Sackin index -0.0181; 9.1 s; peak memory 180 MiB.
2026-10-07T06:23:20Z INFO [53/750] 5bf8206c-4eee-48f9-917e-b977fbac5457: Sackin index -0.0702; 0.9 s; peak memory 180 MiB.
2026-10-07T06:23:28Z INFO [54/750] 5bf8c157-f340-458d-9885-431de60b8388: Sackin index -0.0167; 7.8 s; peak memory 180 MiB.
2026-10-07T06:23:33Z INFO [55/750] 5bf919bb-46cf-4ce4-a5e5-1ce97174e1c5: Sackin index -0.0251; 5.8 s; peak memory 180 MiB.
2026-10-07T06:23:34Z INFO [56/750] 5bf9fa30-af3b-4371-a051-728a30e597f8: Sackin index -0.0728; 1.0 s; peak memory 180 MiB.
2026-10-07T06:23:56Z INFO [57/750] 5bfc50e9-4960-48a4-97f6-0ff4202b0008: Sackin index -0.1367; 21.3 s; peak memory 180 MiB.
2026-10-07T06:24:02Z INFO [58/750] 5bfcb454-308c-4b2f-ac29-6c3830342f5f: Sackin index -0.0154; 6.3 s; peak memory 180 MiB.
2026-10-07T06:24:03Z INFO [59/750] 5bfcc34c-8296-4d1f-8823-7d45f0e59260: Sackin index -0.0702; 0.9 s; peak memory 180 MiB.
2026-10-07T06:24:06Z INFO [60/750] 5bfcc731-3970-4f09-b87b-baa6725ef327: Sackin index -0.0466; 3.3 s; peak memory 180 MiB.
2026-10-07T06:24:07Z INFO [61/750] 5bfd14be-49f8-4d4f-9463-57f3b5b2e364: Sackin index -0.0376; 1.2 s; peak memory 180 MiB.
2026-10-07T06:24:08Z INFO [62/750] 5bfd833e-ffc6-42ce-baa3-c0b30ff63e17: Sackin index -0.1291; 1.1 s; peak memory 180 MiB.
2026-10-07T06:24:09Z INFO [63/750] 5bfe31ea-10b4-4582-a3b6-a02c50503e7f: Sackin index -0.1349; 0.8 s; peak memory 180 MiB.
2026-10-07T06:24:11Z INFO [64/750] 5bfed360-88c0-42dc-8468-66bd7f4a2cf3: Sackin index -0.0704; 2.1 s; peak memory 180 MiB.
2026-10-07T06:24:22Z INFO [65/750] 5c001a5d-d456-4900-8c34-521da2e7325e: Sackin index -0.0131; 10.7 s; peak memory 192 MiB.
2026-10-07T06:24:26Z INFO [66/750] 5c004070-8109-40f9-b9dd-04079207fe06: Sackin index -0.0383; 3.8 s; peak memory 192 MiB.
2026-10-07T06:24:35Z INFO [67/750] 5c008616-ffd9-4d22-bd8d-affe83abc7c8: Sackin index -0.0151; 9.3 s; peak memory 192 MiB.
2026-10-07T06:24:36Z INFO [68/750] 5c00ebe2-ea74-4654-b086-fd88148ef4b6: Sackin index -0.0702; 1.1 s; peak memory 192 MiB.
2026-10-07T06:24:37Z INFO [69/750] 5c012172-0ab1-42c8-b25e-04806bafe9d1: Sackin index -0.0702; 0.9 s; peak memory 192 MiB.
2026-10-07T06:24:45Z INFO [70/750] 5c017fe0-1bc9-4999-9593-22eb91567c31: Sackin index -0.0143; 7.5 s; peak memory 192 MiB.
2026-10-07T06:24:46Z INFO [71/750] 5c01e742-0dd7-440c-89f4-f31e41ae5c82: Sackin index -0.0702; 1.3 s; peak memory 192 MiB.
2026-10-07T06:24:47Z INFO [72/750] 5c01fb4c-2d2e-42b3-b921-74e5f771a7cb: Sackin index -0.0702; 1.0 s; peak memory 192 MiB.
2026-10-07T06:24:48Z INFO [73/750] 5c02249f-d40f-4bb4-aba8-13cc27efb71b: Sackin index -0.1349; 0.8 s; peak memory 192 MiB.
2026-10-07T06:24:49Z INFO [74/750] 5c025978-e8d6-4657-bc84-d66e2700f1d1: Sackin index -0.0434; 1.3 s; peak memory 192 MiB.
2026-10-07T06:24:51Z INFO [75/750] 5c028aab-de24-4fb3-b264-89a6abcdf2bc: Sackin index -0.0584; 1.5 s; peak memory 192 MiB.
2026-10-07T06:24:52Z INFO [76/750] 5c029ceb-4b5f-43a2-a2a6-b0509341536e: Sackin index -0.1349; 0.9 s; peak memory 192 MiB.
2026-10-07T06:24:53Z INFO [77/750] 5c02bf24-bed9-4c8c-a85c-c1d94b0b7cf0: Sackin index -0.1000; 1.0 s; peak memory 192 MiB.
2026-10-07T06:24:54Z INFO [78/750] 5c03c0f3-6bac-415d-b6b8-5d86a2fb25ad: Sackin index -0.1383; 1.1 s; peak memory 192 MiB.
2026-10-07T06:24:55Z INFO [79/750] 5c03cb9a-dd82-4cd3-b6ed-80e3351be15d: Sackin index -0.1272; 0.7 s; peak memory 192 MiB.
2026-10-07T06:25:03Z INFO [80/750] 5c03e6a3-2ade-4d9e-91f9-1213977906de: Sackin index -0.0022; 8.9 s; peak memory 283 MiB.
2026-10-07T06:25:12Z INFO [81/750] 5c042729-69b2-4e67-885e-6e7c92944bbd: Sackin index -0.0293; 8.8 s; peak memory 283 MiB.
2026-10-07T06:25:13Z INFO [82/750] 5c042b19-a249-4375-95dc-31363ce1e270: Sackin index -0.1248; 1.2 s; peak memory 283 MiB.
2026-10-07T06:25:15Z INFO [83/750] 5c059d92-151f-4486-a149-286fbe29199c: Sackin index -0.0376; 1.2 s; peak memory 283 MiB.
2026-10-07T06:25:16Z INFO [84/750] 5c05f406-b2b5-474f-bf6a-56e2773e0127: Sackin index -0.0375; 1.3 s; peak memory 283 MiB.
2026-10-07T06:25:17Z INFO [85/750] 5c063f63-afca-4327-9bbc-311922d17f1e: Sackin index -0.0709; 1.0 s; peak memory 283 MiB.
2026-10-07T06:25:18Z INFO [86/750] 5c06d2ce-42a1-466b-88b1-5f7a84ffac7c: Sackin index -0.1239; 0.7 s; peak memory 283 MiB.
2026-10-07T06:25:19Z INFO [87/750] 5c093d4c-28c4-4218-8cf6-ae3bf71ecf46: Sackin index -0.0702; 0.9 s; peak memory 283 MiB.
2026-10-07T06:25:20Z INFO [88/750] 5c0a2239-740e-4643-8da0-58a7d6530147: Sackin index -0.1383; 1.3 s; peak memory 283 MiB.
2026-10-07T06:25:21Z INFO [89/750] 5c0a5cf9-9c43-4b46-8522-1f823e443843: Sackin index -0.1349; 0.9 s; peak memory 283 MiB.
2026-10-07T06:25:22Z INFO [90/750] 5c0aaf2c-0dbe-4553-bff7-e48f873c7083: Sackin index -0.1349; 1.0 s; peak memory 283 MiB.
2026-10-07T06:25:23Z INFO [91/750] 5c0bbea9-8618-41f4-ba4e-d8a61c4a0fdb: Sackin index -0.1349; 0.8 s; peak memory 283 MiB.
2026-10-07T06:25:24Z INFO [92/750] 5c0c8a2f-7a13-434f-8101-50d1c3c0145b: Sackin index -0.1349; 0.8 s; peak memory 283 MiB.
2026-10-07T06:25:24Z INFO [93/750] 5c0cfc15-693b-46f0-bfd9-a555d6a87f92: Sackin index -0.1178; 0.6 s; peak memory 283 MiB.
2026-10-07T06:25:25Z INFO [94/750] 5c0d6614-67be-454d-bdff-54947c9f6a0d: Sackin index -0.2168; 0.6 s; peak memory 283 MiB.
2026-10-07T06:25:26Z INFO [95/750] 5c0d88e9-a6e3-4991-9306-123ba39c0fca: Sackin index -0.1273; 1.3 s; peak memory 283 MiB.
2026-10-07T06:25:27Z INFO [96/750] 5c0dfc7a-eb5b-4db9-bb8d-320b3e516491: Sackin index -0.0696; 0.9 s; peak memory 283 MiB.
2026-10-07T06:25:28Z INFO [97/750] 5c0e7ccf-b76b-4d0a-80c1-c51073927244: Sackin index -0.0709; 0.9 s; peak memory 283 MiB.
2026-10-07T06:25:29Z INFO [98/750] 5c10b147-f51a-42ac-85e0-3bae64473ce2: Sackin index -0.0379; 1.0 s; peak memory 283 MiB.
2026-10-07T06:25:30Z INFO [99/750] 5c10e5c3-a8d4-4fdc-8b69-0297d396a7b7: Sackin index -0.1272; 0.7 s; peak memory 283 MiB.
2026-10-07T06:25:31Z INFO [100/750] 5c111dd4-b200-4c95-bd11-f2319c2cc108: Sackin index -0.0752; 1.0 s; peak memory 283 MiB.
2026-10-07T06:25:31Z INFO [100/750] 5c111dd4-b200-4c95-bd11-f2319c2cc108: checkpointed 91436 records.
2026-10-07T06:25:40Z INFO [101/750] 5c1123e4-f9bf-405b-a604-f05fb94b0cdd: Sackin index -0.0133; 8.7 s; peak memory 295 MiB.
2026-10-07T06:25:41Z INFO [102/750] 5c1159db-bba4-4e25-87f5-7ec9f4300ef8: Sackin index -0.1210; 1.4 s; peak memory 295 MiB.
2026-10-07T06:25:42Z INFO [103/750] 5c116a5a-1ea7-4532-968f-7eebb08c0c82: Sackin index -0.0702; 0.9 s; peak memory 295 MiB.
2026-10-07T06:27:55Z INFO [104/750] 5c11987a-0c41-4a62-b086-4ee2b966597e: Sackin index -0.1201; 132.9 s; peak memory 418 MiB.
2026-10-07T06:27:55Z INFO [105/750] 5c129d77-0a20-420b-b3cf-9a0b17038e63: Sackin index -0.0369; 0.8 s; peak memory 418 MiB.
2026-10-07T06:27:58Z INFO [106/750] 5c134a14-157f-4349-a2ae-f46d105ca9a7: Sackin index -0.0699; 2.1 s; peak memory 418 MiB.
2026-10-07T06:27:58Z INFO [107/750] 5c151a84-81c3-4ba6-be4b-df781053ee0b: Sackin index -0.2168; 0.6 s; peak memory 418 MiB.
2026-10-07T06:27:59Z INFO [108/750] 5c15377c-bd05-47c6-95dc-319beb3be58a: Sackin index -0.0722; 0.9 s; peak memory 418 MiB.
2026-10-07T06:28:00Z INFO [109/750] 5c155a1d-0769-447e-aedd-ef3b7455f78f: Sackin index -0.1356; 1.3 s; peak memory 418 MiB.
2026-10-07T06:28:01Z INFO [110/750] 5c158b5a-0777-4292-9627-065c47303670: Sackin index -0.0702; 0.8 s; peak memory 418 MiB.
2026-10-07T06:28:02Z INFO [111/750] 5c163254-85be-4233-bfe0-ec5147526919: Sackin index -0.0696; 1.2 s; peak memory 418 MiB.
2026-10-07T06:28:03Z INFO [112/750] 5c16e65f-478c-4acd-acc5-2685c98e2111: Sackin index -0.0709; 0.9 s; peak memory 418 MiB.
2026-10-07T06:28:04Z INFO [113/750] 5c175e18-87f6-4bcc-a6bb-c2e2ce8282d1: Sackin index -0.0377; 1.1 s; peak memory 418 MiB.
2026-10-07T06:28:06Z INFO [114/750] 5c181a7b-d25d-4b46-93de-d060c57a827d: Sackin index -0.0702; 1.0 s; peak memory 418 MiB.
2026-10-07T06:28:06Z INFO [115/750] 5c182463-d3b4-4893-9a3c-b3064247b66a: Sackin index -0.1349; 0.8 s; peak memory 418 MiB.
2026-10-07T06:28:07Z INFO [116/750] 5c185ae2-89ed-4473-a0ff-9a0039802490: Sackin index -0.1349; 0.9 s; peak memory 418 MiB.
2026-10-07T06:28:12Z INFO [117/750] 5c190841-d0b7-492b-8315-e96f2681b694: Sackin index -0.0251; 4.7 s; peak memory 418 MiB.
2026-10-07T06:28:15Z INFO [118/750] 5c192dec-f65b-4ea3-84ad-0508b7274c5c: Sackin index -0.0772; 3.2 s; peak memory 418 MiB.
2026-10-07T06:28:16Z INFO [119/750] 5c19f912-18b9-4be2-bc3c-1b76fa91c301: Sackin index -0.0728; 1.1 s; peak memory 418 MiB.
2026-10-07T06:28:21Z INFO [120/750] 5c1a0ed7-75cb-4110-abf1-68f75f431f1a: Sackin index -0.0435; 4.4 s; peak memory 418 MiB.
2026-10-07T06:28:22Z INFO [121/750] 5c1a1f2e-7aba-4811-8ecc-cd2363f608ab: Sackin index -0.0382; 1.3 s; peak memory 418 MiB.
2026-10-07T06:28:26Z INFO [122/750] 5c1a3f0e-24b5-4c42-91e4-95854d81e2c3: Sackin index -0.0415; 4.6 s; peak memory 418 MiB.
2026-10-07T06:28:27Z INFO [123/750] 5c1ab9c5-009a-45fe-b3f8-7bf317aedcea: Sackin index -0.1349; 1.0 s; peak memory 418 MiB.
2026-10-07T06:28:28Z INFO [124/750] 5c1b1ff5-077a-4bdf-99b8-5dbfd5b63c4f: Sackin index -0.1298; 0.9 s; peak memory 418 MiB.
2026-10-07T06:28:38Z INFO [125/750] 5c1d2434-5fd2-47f3-a8b6-ce79934aaead: Sackin index -0.0145; 9.6 s; peak memory 418 MiB.
2026-10-07T06:28:39Z INFO [126/750] 5c1d30a6-90ba-45de-803c-23000c3d4810: Sackin index -0.0702; 1.2 s; peak memory 418 MiB.
2026-10-07T06:28:43Z INFO [127/750] 5c1d508b-ce63-4cad-9daa-c02e0b018a0c: Sackin index -0.0204; 4.1 s; peak memory 418 MiB.
2026-10-07T06:28:44Z INFO [128/750] 5c1ea790-a86c-42e7-8297-85f1af904015: Sackin index -0.0372; 1.2 s; peak memory 418 MiB.
2026-10-07T06:28:45Z INFO [129/750] 5c1ebb53-38ca-4978-ab37-bec25a8d7f9d: Sackin index -0.1331; 1.0 s; peak memory 418 MiB.
2026-10-07T06:28:47Z INFO [130/750] 5c1f3d3f-0a63-4400-b129-321e6ae8a1b5: Sackin index -0.0681; 2.1 s; peak memory 418 MiB.
2026-10-07T06:28:54Z INFO [131/750] 5c20a901-950c-41a7-a11c-6faa376f847a: Sackin index -0.0251; 6.7 s; peak memory 418 MiB.
2026-10-07T06:29:02Z INFO [132/750] 5c225b07-f066-4d3d-a0f0-90a735d8cd49: Sackin index -0.0151; 7.7 s; peak memory 418 MiB.
2026-10-07T06:29:03Z INFO [133/750] 5c241404-381f-41bb-87a0-75a18546a47e: Sackin index -0.0709; 1.3 s; peak memory 418 MiB.
2026-10-07T06:44:41Z INFO [134/750] 5c24f7f8-5446-4fbd-b46c-7bbbb5985c25: Sackin index -0.0628; 938.2 s; peak memory 1254 MiB.
2026-10-07T06:44:43Z INFO [135/750] 5c257e00-d662-4223-8d82-43846cc18931: Sackin index -0.0709; 1.3 s; peak memory 1254 MiB.
2026-10-07T06:44:43Z INFO [136/750] 5c25a6ca-4b47-4492-b2e2-2dd829d9fbca: Sackin index -0.1349; 0.9 s; peak memory 1254 MiB.
2026-10-07T06:44:45Z INFO [137/750] 5c2656fb-69bc-4089-9369-cd05d86cc51e: Sackin index -0.0728; 1.4 s; peak memory 1254 MiB.
2026-10-07T06:44:47Z INFO [138/750] 5c26a8ee-af78-4ad0-9f85-fc90314c54ba: Sackin index -0.0369; 1.9 s; peak memory 1254 MiB.
2026-10-07T06:46:51Z INFO [139/750] 5c273f54-fa1e-401e-9b7a-30b531b388d2: Sackin index -0.0288; 124.0 s; peak memory 1254 MiB.
2026-10-07T06:46:52Z INFO [140/750] 5c277868-9950-4c26-b83c-de339ea1765e: Sackin index -0.0376; 1.3 s; peak memory 1254 MiB.
2026-10-07T06:46:57Z INFO [141/750] 5c280da9-1d44-420a-bfc6-a2b19f5be733: Sackin index -0.1938; 5.3 s; peak memory 1254 MiB.
2026-10-07T06:47:00Z INFO [142/750] 5c2881c0-0d6f-4c85-812c-03b3f4fc1ae3: Sackin index -0.0350; 2.2 s; peak memory 1254 MiB.
2026-10-07T06:47:01Z INFO [143/750] 5c29d017-474f-4341-bfb6-a56152a22051: Sackin index -0.1248; 0.9 s; peak memory 1254 MiB.
2026-10-07T06:47:06Z INFO [144/750] 5c2a04f9-eefa-49bc-8c5b-2cb525e76ce7: Sackin index -0.0152; 5.3 s; peak memory 1254 MiB.
2026-10-07T06:47:07Z INFO [145/750] 5c2b7f07-2ae8-44a1-882f-9824c09f8c94: Sackin index -0.1349; 0.7 s; peak memory 1254 MiB.
2026-10-07T06:47:16Z INFO [146/750] 5c2c4c54-d57f-453d-81fb-377e37f43b21: Sackin index -0.0167; 8.9 s; peak memory 1254 MiB.
2026-10-07T06:47:17Z INFO [147/750] 5c2d1ba4-10cf-498b-9145-2bb6357874cb: Sackin index -0.0715; 1.1 s; peak memory 1254 MiB.
2026-10-07T06:47:17Z INFO [148/750] 5c2e67ea-d72b-41f5-bedd-c28d71b1f4c5: Sackin index -0.1349; 0.7 s; peak memory 1254 MiB.
2026-10-07T06:47:18Z INFO [149/750] 5c2eae49-850d-4fde-9627-5ab23d77ca81: Sackin index -0.0696; 0.9 s; peak memory 1254 MiB.
2026-10-07T06:47:21Z INFO [150/750] 5c311274-b39e-4a4d-98c1-94872b228998: Sackin index -0.0773; 2.4 s; peak memory 1254 MiB.
2026-10-07T06:47:21Z INFO [150/750] 5c311274-b39e-4a4d-98c1-94872b228998: checkpointed 91486 records.
2026-10-07T06:47:22Z INFO [151/750] 5c313e7d-60b5-4fa7-a114-495409df5850: Sackin index -0.1349; 0.9 s; peak memory 1254 MiB.
2026-10-07T06:47:22Z INFO [152/750] 5c314796-05c8-4f9e-98fb-0f86f50ba0ea: Sackin index -0.1191; 0.7 s; peak memory 1254 MiB.
2026-10-07T06:47:23Z INFO [153/750] 5c3197d6-851d-4339-8183-fa750903e9a9: Sackin index -0.1349; 0.9 s; peak memory 1254 MiB.
2026-10-07T06:47:24Z INFO [154/750] 5c31c71d-bb35-4960-a55f-305081f412c1: Sackin index -0.2458; 0.6 s; peak memory 1254 MiB.
2026-10-07T06:47:25Z INFO [155/750] 5c31d586-495b-449f-8c5c-803e0649976a: Sackin index -0.0752; 1.1 s; peak memory 1254 MiB.
2026-10-07T06:47:27Z INFO [156/750] 5c31ed03-2622-4c22-a8bc-3f2910ec51fc: Sackin index -0.0699; 2.0 s; peak memory 1254 MiB.
2026-10-07T06:47:30Z INFO [157/750] 5c324f8d-e0d1-4d85-8e22-90b10796acc6: Sackin index -0.0518; 3.0 s; peak memory 1254 MiB.
2026-10-07T06:47:31Z INFO [158/750] 5c325c4e-463d-4552-a064-b622cfe39ba0: Sackin index -0.1349; 1.0 s; peak memory 1254 MiB.
2026-10-07T06:47:32Z INFO [159/750] 5c335901-6fe7-4ba5-9134-3a179c4df45c: Sackin index -0.0676; 1.6 s; peak memory 1254 MiB.
2026-10-07T06:47:33Z INFO [160/750] 5c33e3e2-4233-4e9d-b8db-c3e4ebe95668: Sackin index -0.1349; 0.9 s; peak memory 1254 MiB.
2026-10-07T06:47:35Z INFO [161/750] 5c340e00-79db-4f02-8cdb-f144c3addd93: Sackin index -0.0365; 1.5 s; peak memory 1254 MiB.
2026-10-07T06:47:36Z INFO [162/750] 5c3453db-b52b-46ae-b123-5e6fcb688ca4: Sackin index -0.1349; 0.9 s; peak memory 1254 MiB.
2026-10-07T06:47:37Z INFO [163/750] 5c352535-25b8-4652-9b4e-0db9735e2b6c: Sackin index -0.1201; 0.9 s; peak memory 1254 MiB.
2026-10-07T06:47:37Z INFO [164/750] 5c36b37f-8182-4a38-bf4f-db9e43de884e: Sackin index -0.1349; 0.8 s; peak memory 1254 MiB.
2026-10-07T06:47:48Z INFO [165/750] 5c36c54b-afd5-48d2-a796-071a0b330852: Sackin index -0.0531; 10.8 s; peak memory 1254 MiB.
2026-10-07T06:47:50Z INFO [166/750] 5c36ee23-0487-45d8-9583-61978827f50f: Sackin index -0.1233; 1.5 s; peak memory 1254 MiB.
2026-10-07T06:47:51Z INFO [167/750] 5c37dcd3-425f-4eac-b300-facadf31634b: Sackin index -0.0375; 0.9 s; peak memory 1254 MiB.
2026-10-07T06:47:52Z INFO [168/750] 5c386315-453d-4c37-ba35-b0ae31b83974: Sackin index -0.0728; 1.2 s; peak memory 1254 MiB.
2026-10-07T06:47:53Z INFO [169/750] 5c393e26-9978-4c8d-88a2-858fd04962e8: Sackin index -0.0709; 1.0 s; peak memory 1254 MiB.
2026-10-07T06:48:05Z INFO [170/750] 5c3a7c8c-3ef7-4150-ba5f-2fe379be48e6: Sackin index -0.1495; 12.3 s; peak memory 1254 MiB.
2026-10-07T06:48:06Z INFO [171/750] 5c3af65c-75ab-4744-a68d-5c31dff1aeee: Sackin index -0.0728; 1.1 s; peak memory 1254 MiB.
2026-10-07T06:48:07Z INFO [172/750] 5c3c0efe-c14b-4ae4-a2c8-47630301f903: Sackin index -0.1658; 0.6 s; peak memory 1254 MiB.
2026-10-07T06:48:08Z INFO [173/750] 5c3c1941-40f9-4a0e-891f-0d09e0f02235: Sackin index -0.1307; 1.1 s; peak memory 1254 MiB.
2026-10-07T06:48:09Z INFO [174/750] 5c3c2d37-de42-44a6-abfa-0d3e0d5654e8: Sackin index -0.1349; 0.9 s; peak memory 1254 MiB.
2026-10-07T06:48:10Z INFO [175/750] 5c3c6042-8180-4756-a171-06ccbac1c407: Sackin index -0.0709; 0.8 s; peak memory 1254 MiB.
2026-10-07T06:48:11Z INFO [176/750] 5c3cace8-7673-4719-a013-865d3c8d8b7a: Sackin index -0.1117; 0.9 s; peak memory 1254 MiB.
2026-10-07T06:48:11Z INFO [177/750] 5c3caf18-85c4-4b3b-925f-9bf1b113e2cd: Sackin index -0.1575; 0.7 s; peak memory 1254 MiB.
2026-10-07T06:48:12Z INFO [178/750] 5c3cd797-70cb-4d52-ba63-b35951ce3d1d: Sackin index -0.0883; 0.8 s; peak memory 1254 MiB.
2026-10-07T06:48:13Z INFO [179/750] 5c3d2b87-0b7a-43d2-b703-d60b1f990374: Sackin index -0.0696; 1.1 s; peak memory 1254 MiB.
2026-10-07T06:48:36Z INFO [180/750] 5c3dc2d1-bda7-4226-a558-6ba382cb9868: Sackin index -0.1367; 22.9 s; peak memory 1254 MiB.
2026-10-07T06:48:37Z INFO [181/750] 5c3dceb5-7430-42fe-abda-ac0170631f14: Sackin index -0.0728; 1.0 s; peak memory 1254 MiB.
2026-10-07T06:48:39Z INFO [182/750] 5c3e9ab7-82eb-405c-8e7c-04ae2c2b71e5: Sackin index -0.0699; 1.9 s; peak memory 1254 MiB.
2026-10-07T06:48:40Z INFO [183/750] 5c3f0048-3ee3-4c6b-a055-ed0b3d6d548a: Sackin index -0.1117; 1.1 s; peak memory 1254 MiB.
2026-10-07T06:48:41Z INFO [184/750] 5c3f3d6e-2cb5-41bb-99d8-dff31ae15ca8: Sackin index -0.1178; 0.6 s; peak memory 1254 MiB.
2026-10-07T06:48:42Z INFO [185/750] 5c3f8044-8838-4650-915a-5ac88d637ea4: Sackin index -0.0728; 1.0 s; peak memory 1254 MiB.
2026-10-07T06:48:43Z INFO [186/750] 5c3fe1fa-43e1-4bb9-aed8-668b67a616fd: Sackin index -0.0709; 0.9 s; peak memory 1254 MiB.
2026-10-07T06:48:46Z INFO [187/750] 5c3fe5eb-aceb-4a9a-8b63-94a47f2e0b51: Sackin index -0.0265; 3.6 s; peak memory 1254 MiB.
2026-10-07T06:48:48Z INFO [188/750] 5c40596d-ddf6-4efe-8707-6757455004ff: Sackin index -0.0369; 1.7 s; peak memory 1254 MiB.
2026-10-07T06:48:49Z INFO [189/750] 5c4204d2-6d74-45c6-8df2-5802ab5c9c16: Sackin index -0.0369; 1.5 s; peak memory 1254 MiB.
2026-10-07T06:48:50Z INFO [190/750] 5c42052b-2dbf-493e-b722-e2d77fc9c53b: Sackin index -0.1349; 1.0 s; peak memory 1254 MiB.
2026-10-07T06:48:51Z INFO [191/750] 5c42d40c-5059-4ed1-99dc-6c3393b88692: Sackin index -0.1320; 0.9 s; peak memory 1254 MiB.
2026-10-07T06:50:51Z INFO [192/750] 5c42ffc3-cf53-45de-b514-66ffd55c7452: Sackin index -0.0305; 119.4 s; peak memory 1254 MiB.
2026-10-07T06:50:51Z INFO [193/750] 5c430f05-ee79-4f32-8e36-5a8a3d64b6c3: Sackin index -0.1938; 0.8 s; peak memory 1254 MiB.
2026-10-07T06:50:53Z INFO [194/750] 5c433163-0275-4a4c-aadd-eacf1739006e: Sackin index -0.0379; 1.1 s; peak memory 1254 MiB.
2026-10-07T06:51:17Z INFO [195/750] 5c444180-7eef-41db-8280-b0cd1776d7ca: Sackin index -0.1367; 24.3 s; peak memory 1254 MiB.
2026-10-07T06:51:18Z INFO [196/750] 5c4450e1-2777-4d01-8a33-175610d79c6e: Sackin index -0.1658; 0.6 s; peak memory 1254 MiB.
2026-10-07T06:51:19Z INFO [197/750] 5c446c8d-3c59-434b-98f6-e2e1d90c1283: Sackin index -0.1000; 1.2 s; peak memory 1254 MiB.
2026-10-07T06:51:20Z INFO [198/750] 5c4495b2-58d8-412b-8581-5a35ae08a339: Sackin index -0.2073; 0.8 s; peak memory 1254 MiB.
2026-10-07T06:51:20Z INFO [199/750] 5c450628-3bd6-4bab-b89c-cf546c1daaa8: Sackin index -0.1303; 0.6 s; peak memory 1254 MiB.
2026-10-07T06:51:21Z INFO [200/750] 5c45426a-ec8e-4db7-bdf4-43bb3c5fcd74: Sackin index -0.0728; 1.2 s; peak memory 1254 MiB.
2026-10-07T06:51:22Z INFO [200/750] 5c45426a-ec8e-4db7-bdf4-43bb3c5fcd74: checkpointed 91536 records.
2026-10-07T06:51:34Z INFO [201/750] 5c457105-c246-468f-8300-ea1437024c10: Sackin index -0.1892; 12.4 s; peak memory 1254 MiB.
2026-10-07T06:56:48Z INFO [202/750] 5c458f66-ebed-45e2-8b8e-4143d3af9820: Sackin index -0.0891; 314.1 s; peak memory 1254 MiB.
2026-10-07T06:56:50Z INFO [203/750] 5c472f92-203e-4c23-804e-6af895472bce: Sackin index -0.1294; 1.8 s; peak memory 1254 MiB.
2026-10-07T06:56:51Z INFO [204/750] 5c473bc9-579d-41fa-b4cc-282f8fd68a23: Sackin index -0.0728; 1.3 s; peak memory 1254 MiB.
2026-10-07T06:56:52Z INFO [205/750] 5c47e1f5-e8ba-4692-90d9-1c06f1e8bc0e: Sackin index -0.0728; 1.2 s; peak memory 1254 MiB.
2026-10-07T06:56:53Z INFO [206/750] 5c493c49-83b8-47b2-88c4-b31c2ecef790: Sackin index -0.1349; 0.9 s; peak memory 1254 MiB.
2026-10-07T06:56:54Z INFO [207/750] 5c49d38f-67d2-458d-8b53-cf1c70ce7029: Sackin index -0.0696; 0.9 s; peak memory 1254 MiB.
2026-10-07T06:56:55Z INFO [208/750] 5c4aabd8-8c18-4e99-82e9-c217818918bf: Sackin index -0.0376; 1.2 s; peak memory 1254 MiB.
2026-10-07T06:56:56Z INFO [209/750] 5c4b4dcf-fc08-4a6e-b506-e60bacc5bd52: Sackin index -0.1303; 0.7 s; peak memory 1254 MiB.
2026-10-07T06:56:57Z INFO [210/750] 5c4ba773-7f45-4216-a917-4b1f2a1bdd99: Sackin index -0.0702; 0.9 s; peak memory 1254 MiB.
2026-10-07T06:56:58Z INFO [211/750] 5c4bcd1e-590f-4b14-bbd2-5cc3000fd002: Sackin index -0.0371; 0.9 s; peak memory 1254 MiB.
2026-10-07T06:56:59Z INFO [212/750] 5c4c0b89-1865-4180-9b18-9f9cb7958184: Sackin index -0.1349; 0.8 s; peak memory 1254 MiB.
2026-10-07T06:57:00Z INFO [213/750] 5c4d082e-49cd-4f24-ac7b-736939109b1f: Sackin index -0.1349; 0.9 s; peak memory 1254 MiB.
2026-10-07T06:57:05Z INFO [214/750] 5c4d9960-6e6a-4139-baeb-ceb7b4c15d99: Sackin index -0.0940; 5.0 s; peak memory 1254 MiB.
2026-10-07T06:57:06Z INFO [215/750] 5c4e2cbe-e80e-49b1-be7c-3d1dd7ab3653: Sackin index -0.0369; 1.7 s; peak memory 1254 MiB.
2026-10-07T06:57:08Z INFO [216/750] 5c4e73ba-93f2-4005-b7ac-0d0ee9069bb0: Sackin index -0.0693; 2.0 s; peak memory 1254 MiB.
2026-10-07T06:57:26Z INFO [217/750] 5c521a46-3a76-4af2-9158-c768937d0d51: Sackin index -0.0079; 17.4 s; peak memory 1254 MiB.
2026-10-07T06:57:27Z INFO [218/750] 5c52c380-9398-443a-824c-b2b4e5a7e489: Sackin index -0.0728; 1.2 s; peak memory 1254 MiB.
2026-10-07T06:57:28Z INFO [219/750] 5c52e395-d7d2-40a4-b9dc-ddd7c79a4f54: Sackin index -0.0702; 0.8 s; peak memory 1254 MiB.
2026-10-07T06:57:29Z INFO [220/750] 5c52fbc9-e592-43df-ba02-68e9bbbc75ac: Sackin index -0.1248; 0.8 s; peak memory 1254 MiB.
2026-10-07T06:57:29Z INFO [221/750] 5c5302c1-ead5-4ee1-8f2a-4d917ebeab70: Sackin index -0.0709; 0.9 s; peak memory 1254 MiB.
2026-10-07T06:57:30Z INFO [222/750] 5c53033a-15e4-4985-bb02-8819953a7db1: Sackin index -0.1349; 1.0 s; peak memory 1254 MiB.
2026-10-07T06:57:31Z INFO [223/750] 5c5310df-4658-4580-8e23-f554c8f5d612: Sackin index -0.1461; 0.6 s; peak memory 1254 MiB.
2026-10-07T06:57:32Z INFO [224/750] 5c533b4c-f214-4d5c-ad9c-2b4be53fdb76: Sackin index -0.1349; 0.8 s; peak memory 1254 MiB.
2026-10-07T06:57:33Z INFO [225/750] 5c54ec09-8e2f-4524-868b-f5bd8b08dc6c: Sackin index -0.1273; 1.2 s; peak memory 1254 MiB.
2026-10-07T06:57:34Z INFO [226/750] 5c5590f9-923e-4465-adae-2dec29d741c5: Sackin index -0.0748; 0.9 s; peak memory 1254 MiB.
2026-10-07T06:57:36Z INFO [227/750] 5c5599a1-ae9b-4c38-bfa7-048966ca50ee: Sackin index -0.0699; 2.1 s; peak memory 1254 MiB.
2026-10-07T06:57:37Z INFO [228/750] 5c56d4f1-54d0-431b-a8a0-2c2ed0779c4c: Sackin index -0.0728; 0.9 s; peak memory 1254 MiB.
2026-10-07T06:57:38Z INFO [229/750] 5c56e40d-1ee8-43fc-a183-6b8184ffcfa0: Sackin index -0.0702; 1.0 s; peak memory 1254 MiB.
2026-10-07T06:57:39Z INFO [230/750] 5c576877-85a5-43b1-9f80-0a375a9eb25c: Sackin index -0.1349; 0.9 s; peak memory 1254 MiB.
2026-10-07T06:59:21Z INFO [231/750] 5c578f12-2ed7-4587-babe-be4514202ded: Sackin index -0.0305; 102.5 s; peak memory 1254 MiB.
2026-10-07T06:59:22Z INFO [232/750] 5c579560-40ef-48ef-9603-a1e912aa8685: Sackin index -0.2229; 0.9 s; peak memory 1254 MiB.
2026-10-07T06:59:23Z INFO [233/750] 5c57b0df-59b0-4e66-a909-e507e076bcfb: Sackin index -0.1248; 0.8 s; peak memory 1254 MiB.
2026-10-07T06:59:24Z INFO [234/750] 5c59859f-8f47-4c62-b89c-1a40983b1731: Sackin index -0.1349; 0.9 s; peak memory 1254 MiB.
2026-10-07T06:59:25Z INFO [235/750] 5c59b45d-67fa-491a-b8d0-e13a2379845c: Sackin index -0.1370; 0.9 s; peak memory 1254 MiB.
2026-10-07T06:59:26Z INFO [236/750] 5c5ba1cd-d2dd-4e9e-a8e1-5ba2441a3bee: Sackin index -0.0709; 1.1 s; peak memory 1254 MiB.
2026-10-07T06:59:27Z INFO [237/750] 5c5da4dd-d12f-4d4e-ad7a-f67b661cdc87: Sackin index -0.1349; 0.8 s; peak memory 1254 MiB.
2026-10-07T06:59:28Z INFO [238/750] 5c5dbfe1-ebd2-4cee-ba01-a49fa9a1a528: Sackin index -0.1009; 1.4 s; peak memory 1254 MiB.
2026-10-07T06:59:31Z INFO [239/750] 5c5dd2c1-792e-4a1f-8fe6-e9f73678e221: Sackin index -0.1266; 2.8 s; peak memory 1254 MiB.
2026-10-07T06:59:32Z INFO [240/750] 5c5efdec-ac93-494b-9262-100f6080d046: Sackin index -0.1602; 0.8 s; peak memory 1254 MiB.
2026-10-07T06:59:33Z INFO [241/750] 5c5f2f82-7a22-46c0-b35c-6f96183c757c: Sackin index -0.1658; 0.6 s; peak memory 1254 MiB.
2026-10-07T06:59:34Z INFO [242/750] 5c5fa1f0-fe65-47ab-b519-3c544fb19f35: Sackin index -0.0369; 1.3 s; peak memory 1254 MiB.
2026-10-07T06:59:35Z INFO [243/750] 5c610203-1446-4565-bfb5-35456cf9970b: Sackin index -0.0709; 0.9 s; peak memory 1254 MiB.
2026-10-07T06:59:39Z INFO [244/750] 5c614685-ce34-48b2-a425-08db9f53cd43: Sackin index -0.1562; 4.2 s; peak memory 1254 MiB.
2026-10-07T06:59:54Z INFO [245/750] 5c6165e4-4ad0-4e15-aff9-cff4d0ecede8: Sackin index -0.1462; 15.2 s; peak memory 1254 MiB.
2026-10-07T06:59:55Z INFO [246/750] 5c61a3bd-991c-4ab6-a647-4c9699da4e6a: Sackin index -0.0728; 1.0 s; peak memory 1254 MiB.
2026-10-07T06:59:56Z INFO [247/750] 5c621e7f-ea32-4c98-be83-59d5478c27e7: Sackin index -0.0722; 1.1 s; peak memory 1254 MiB.
2026-10-07T06:59:57Z INFO [248/750] 5c62b855-b16f-418d-b849-3fb787de676c: Sackin index -0.1009; 1.1 s; peak memory 1254 MiB.
2026-10-07T06:59:58Z INFO [249/750] 5c632395-d636-4ebb-8207-699acb6f25ac: Sackin index -0.0752; 0.9 s; peak memory 1254 MiB.
2026-10-07T07:00:04Z INFO [250/750] 5c638d4e-5689-4656-959c-3c7bd55cabf9: Sackin index -0.0940; 5.9 s; peak memory 1254 MiB.
2026-10-07T07:00:04Z INFO [250/750] 5c638d4e-5689-4656-959c-3c7bd55cabf9: checkpointed 91586 records.
2026-10-07T07:00:06Z INFO [251/750] 5c64d4b7-c955-4cba-a1a7-896c8b0e45d7: Sackin index -0.0693; 2.0 s; peak memory 1254 MiB.
2026-10-07T07:00:07Z INFO [252/750] 5c64e008-06f1-4ff9-ad6b-1f8a247213ff: Sackin index -0.1658; 0.8 s; peak memory 1254 MiB.
2026-10-07T07:00:08Z INFO [253/750] 5c666ba9-e7e3-45f0-95cb-8a1b58e04b99: Sackin index -0.1068; 1.0 s; peak memory 1254 MiB.
2026-10-07T07:00:09Z INFO [254/750] 5c678161-bfb1-4817-a914-fe6a7cf4061e: Sackin index -0.1658; 0.6 s; peak memory 1254 MiB.
2026-10-07T07:00:10Z INFO [255/750] 5c67889f-2d80-4dac-a8ba-46f4485c14bf: Sackin index -0.0728; 1.1 s; peak memory 1254 MiB.
2026-10-07T07:00:11Z INFO [256/750] 5c681122-208e-4545-920f-dccbf8fce4ba: Sackin index -0.0728; 1.3 s; peak memory 1254 MiB.
2026-10-07T07:00:13Z INFO [257/750] 5c686a67-f4a8-453c-99dd-a544d02cccb2: Sackin index -0.0728; 1.4 s; peak memory 1254 MiB.
2026-10-07T07:00:14Z INFO [258/750] 5c688c78-7af8-4888-afaf-de49209ba87d: Sackin index -0.0728; 1.1 s; peak memory 1254 MiB.
2026-10-07T07:00:15Z INFO [259/750] 5c68c803-9ee9-49d8-8e82-df2044bbb173: Sackin index -0.1013; 1.5 s; peak memory 1254 MiB.
2026-10-07T07:00:32Z INFO [260/750] 5c695859-f207-411d-a3d8-9795b9d7091a: Sackin index -0.0088; 17.2 s; peak memory 1254 MiB.
2026-10-07T07:00:40Z INFO [261/750] 5c699fba-8f42-49b2-9971-31bb91ebddb1: Sackin index -0.0117; 8.0 s; peak memory 1254 MiB.
2026-10-07T07:00:45Z INFO [262/750] 5c69bf71-c682-4379-800f-8e60b9ebd37f: Sackin index -0.0403; 4.3 s; peak memory 1254 MiB.
2026-10-07T07:03:01Z INFO [263/750] 5c6a0778-da43-44f9-9483-edb95ae27acd: Sackin index -0.0575; 136.1 s; peak memory 1254 MiB.
2026-10-07T07:03:02Z INFO [264/750] 5c6a1617-03b9-4689-8751-f77bfd663fb3: Sackin index -0.1349; 0.9 s; peak memory 1254 MiB.
2026-10-07T07:03:03Z INFO [265/750] 5c6b57ed-25dc-4534-a9f9-0c7eb3654a15: Sackin index -0.0376; 1.4 s; peak memory 1254 MiB.
2026-10-07T07:03:04Z INFO [266/750] 5c6bea3f-219b-432e-9999-3bde06f53d09: Sackin index -0.1293; 1.1 s; peak memory 1254 MiB.
2026-10-07T07:03:05Z INFO [267/750] 5c6beeae-9c37-4ed3-887e-12dea006c09e: Sackin index -0.0702; 0.9 s; peak memory 1254 MiB.
2026-10-07T07:03:06Z INFO [268/750] 5c6bf19c-438c-492c-81eb-4915cefd46a7: Sackin index -0.1658; 0.8 s; peak memory 1254 MiB.
2026-10-07T07:03:07Z INFO [269/750] 5c6cccd7-63a1-45e3-967c-2ff813c2dfe9: Sackin index -0.1349; 1.0 s; peak memory 1254 MiB.
2026-10-07T07:05:13Z INFO [270/750] 5c6d736a-e60a-402f-ab22-07c8fb030580: Sackin index -0.0434; 125.8 s; peak memory 1254 MiB.
2026-10-07T07:05:14Z INFO [271/750] 5c6dba10-32e7-4d8f-9f74-7747397a0b4a: Sackin index -0.1224; 1.7 s; peak memory 1254 MiB.
2026-10-07T07:05:27Z INFO [272/750] 5c6e145a-852c-4b9d-bb26-8414b0de822c: Sackin index -0.0408; 13.1 s; peak memory 1254 MiB.
2026-10-07T07:05:29Z INFO [273/750] 5c6f4af2-91d1-48c1-8cb9-ea5737e73054: Sackin index -0.0728; 1.1 s; peak memory 1254 MiB.
2026-10-07T07:05:31Z INFO [274/750] 5c6f50ae-319c-430e-8301-00a0b081be7f: Sackin index -0.0681; 2.4 s; peak memory 1254 MiB.
2026-10-07T07:05:32Z INFO [275/750] 5c700a93-e2b7-4434-b37a-cf68a0ba079d: Sackin index -0.0369; 1.5 s; peak memory 1254 MiB.
2026-10-07T07:05:33Z INFO [276/750] 5c70e102-3c82-42ab-b9d3-a64d4295944f: Sackin index -0.1349; 0.8 s; peak memory 1254 MiB.
2026-10-07T07:05:35Z INFO [277/750] 5c70f824-c4aa-4d6d-9108-81a84a240016: Sackin index -0.0729; 1.5 s; peak memory 1254 MiB.
2026-10-07T07:05:36Z INFO [278/750] 5c711b24-8b43-4b91-b395-a4d0d30aaa2f: Sackin index -0.0728; 1.5 s; peak memory 1254 MiB.
2026-10-07T07:05:37Z INFO [279/750] 5c716e16-95f1-4507-ad86-01544c2ab0af: Sackin index -0.1068; 0.9 s; peak memory 1254 MiB.
2026-10-07T07:05:44Z INFO [280/750] 5c72775e-3866-4be2-bb41-b36c7c92ed68: Sackin index -0.0166; 7.1 s; peak memory 1254 MiB.
2026-10-07T07:05:45Z INFO [281/750] 5c72c5d1-a473-44ef-a933-5c7bbf0c1a02: Sackin index -0.1658; 0.7 s; peak memory 1254 MiB.
2026-10-07T07:06:10Z INFO [282/750] 5c72ce54-87f2-4993-a889-0451928f31ce: Sackin index -0.1144; 24.9 s; peak memory 1254 MiB.
2026-10-07T07:06:11Z INFO [283/750] 5c736a14-2af7-4dbc-9d5c-37cc64929b6a: Sackin index -0.0944; 1.8 s; peak memory 1254 MiB.
2026-10-07T07:06:12Z INFO [284/750] 5c73942b-c8cc-4c6f-83b2-7685eb384ee2: Sackin index -0.1349; 0.9 s; peak memory 1254 MiB.
2026-10-07T07:06:14Z INFO [285/750] 5c73ef0d-1424-4a53-a116-bd6e1f9f79bb: Sackin index -0.0272; 1.6 s; peak memory 1254 MiB.
2026-10-07T07:06:15Z INFO [286/750] 5c7408ef-78d9-48dc-b532-98f75e8abc5c: Sackin index -0.0702; 1.0 s; peak memory 1254 MiB.
2026-10-07T07:06:16Z INFO [287/750] 5c742015-c82e-4803-8561-5bfa2119a9cc: Sackin index -0.0702; 1.1 s; peak memory 1254 MiB.
2026-10-07T07:06:17Z INFO [288/750] 5c756c06-d006-4f81-a199-3aea3cca656a: Sackin index -0.0702; 1.1 s; peak memory 1254 MiB.
2026-10-07T07:06:18Z INFO [289/750] 5c757b32-845d-4280-9015-c43f6229c018: Sackin index -0.1174; 0.9 s; peak memory 1254 MiB.
2026-10-07T07:06:19Z INFO [290/750] 5c75c83f-710d-42af-9726-051baece7002: Sackin index -0.0709; 1.0 s; peak memory 1254 MiB.
2026-10-07T07:06:20Z INFO [291/750] 5c765820-2dcd-4daf-8187-1a44e8749fec: Sackin index -0.1349; 1.0 s; peak memory 1254 MiB.
2026-10-07T07:06:21Z INFO [292/750] 5c76bd4a-6cba-4424-92c0-0963b8729946: Sackin index -0.1174; 0.8 s; peak memory 1254 MiB.
2026-10-07T07:06:35Z INFO [293/750] 5c77e1b0-5432-4265-80db-b74319cd5463: Sackin index -0.0237; 13.7 s; peak memory 1254 MiB.
2026-10-07T07:06:35Z INFO [294/750] 5c784d8d-161e-41db-8244-d7fbda135ffc: Sackin index -0.1349; 0.9 s; peak memory 1254 MiB.
2026-10-07T07:08:58Z INFO [295/750] 5c784f65-9c2d-4f4a-b6b6-1f64627dd5e6: Sackin index -0.0573; 142.8 s; peak memory 1254 MiB.
2026-10-07T07:09:01Z INFO [296/750] 5c79ef8d-ad11-48f6-b7ee-93e766df6633: Sackin index -0.0869; 2.3 s; peak memory 1254 MiB.
2026-10-07T07:09:01Z INFO [297/750] 5c7a3e87-87da-4236-8bf3-871752eee913: Sackin index -0.1349; 0.8 s; peak memory 1254 MiB.
2026-10-07T07:17:19Z INFO [298/750] 5c7a473b-c3e1-4e79-8bbe-5816f687d40a: Sackin index -0.0667; 497.6 s; peak memory 1254 MiB.
2026-10-07T07:17:20Z INFO [299/750] 5c7bac93-d944-45e5-aaf1-dbdf427b3bbb: Sackin index -0.0696; 1.1 s; peak memory 1254 MiB.
2026-10-07T07:17:21Z INFO [300/750] 5c7bd956-9f88-442e-8fe1-acb58414ff9e: Sackin index -0.1201; 1.0 s; peak memory 1254 MiB.
2026-10-07T07:17:21Z INFO [300/750] 5c7bd956-9f88-442e-8fe1-acb58414ff9e: checkpointed 91636 records.
2026-10-07T07:17:23Z INFO [301/750] 5c7db84f-e9c1-45d9-8e30-db3433d4e36c: Sackin index -0.1345; 1.5 s; peak memory 1254 MiB.
2026-10-07T07:17:24Z INFO [302/750] 5c7e229f-d26a-42db-98ef-2584bdb25aac: Sackin index -0.1273; 1.4 s; peak memory 1254 MiB.
2026-10-07T07:17:47Z INFO [303/750] 5c7ec5da-c0a3-414d-ba60-59cacdd8038c: Sackin index -0.1367; 23.2 s; peak memory 1254 MiB.
2026-10-07T07:17:48Z INFO [304/750] 5c7fbd13-0dab-437f-830e-c7f3f70a705a: Sackin index -0.1938; 0.8 s; peak memory 1254 MiB.
2026-10-07T07:17:52Z INFO [305/750] 5c7fbe80-b9a0-442e-a646-1c92489268d4: Sackin index -0.0378; 4.2 s; peak memory 1254 MiB.
2026-10-07T07:17:53Z INFO [306/750] 5c8255b7-2021-4c0c-9156-c2e7a9a2acc6: Sackin index -0.0376; 1.2 s; peak memory 1254 MiB.
2026-10-07T07:17:54Z INFO [307/750] 5c82dec7-7f2d-44cd-b4a2-5a36d4290f3f: Sackin index -0.1248; 0.9 s; peak memory 1254 MiB.
2026-10-07T07:17:55Z INFO [308/750] 5c84e6cc-c301-4605-98f0-1fdc44695f23: Sackin index -0.1459; 0.7 s; peak memory 1254 MiB.
2026-10-07T07:17:56Z INFO [309/750] 5c84ed0f-cfe0-4047-b59e-c2f8f4b8b095: Sackin index -0.1325; 1.2 s; peak memory 1254 MiB.
2026-10-07T07:17:57Z INFO [310/750] 5c85437a-ce89-414f-9782-f5a4e9d6ff93: Sackin index -0.1178; 0.7 s; peak memory 1254 MiB.
2026-10-07T07:17:58Z INFO [311/750] 5c8548b0-9fdd-4ed8-960b-5c3a32589da6: Sackin index -0.1191; 1.2 s; peak memory 1254 MiB.
2026-10-07T07:17:59Z INFO [312/750] 5c87fc7d-fcd7-429f-8c49-d0c07663e5cd: Sackin index -0.1191; 0.6 s; peak memory 1254 MiB.
2026-10-07T07:18:01Z INFO [313/750] 5c88042e-daa0-452e-ac04-1675aeea65a2: Sackin index -0.0693; 1.9 s; peak memory 1254 MiB.
2026-10-07T07:18:01Z INFO [314/750] 5c884092-8747-48f3-8187-85671a3f7a87: Sackin index -0.0702; 0.9 s; peak memory 1254 MiB.
2026-10-07T07:18:12Z INFO [315/750] 5c88de76-6e3c-4fb2-b5b6-133cc846373e: Sackin index -0.0235; 10.6 s; peak memory 1254 MiB.
2026-10-07T07:18:13Z INFO [316/750] 5c899dca-fe10-4346-8474-416ee35c1f9d: Sackin index -0.0881; 0.7 s; peak memory 1254 MiB.
2026-10-07T07:18:36Z INFO [317/750] 5c8a2395-9615-4290-aedb-2734d05c0bde: Sackin index -0.1367; 22.8 s; peak memory 1254 MiB.
2026-10-07T07:18:36Z INFO [318/750] 5c8ca457-3483-4b83-a279-6980f191e35c: Sackin index -0.1349; 0.8 s; peak memory 1254 MiB.
2026-10-07T07:18:38Z INFO [319/750] 5c8e56b9-a1a3-426b-b12d-396d856a0e0b: Sackin index -0.0728; 1.4 s; peak memory 1254 MiB.
2026-10-07T07:18:42Z INFO [320/750] 5c8e71d6-9217-404e-a410-ab5cb19ddaf6: Sackin index -0.0411; 3.9 s; peak memory 1254 MiB.
2026-10-07T07:18:43Z INFO [321/750] 5c8fdd95-9d67-42e8-bc70-84d35b6d650f: Sackin index -0.0967; 1.0 s; peak memory 1254 MiB.
2026-10-07T07:19:33Z INFO [322/750] 5c8ffb3a-7793-4f46-947a-be9efb07d0eb: Sackin index -0.1274; 49.9 s; peak memory 1254 MiB.
2026-10-07T07:19:34Z INFO [323/750] 5c930c39-72f5-4b3e-a833-b1e0984d0724: Sackin index -0.0822; 1.0 s; peak memory 1254 MiB.
2026-10-07T07:19:34Z INFO [324/750] 5c9396ed-3ff7-4c56-b2ca-d21170b27daa: Sackin index -0.1161; 0.7 s; peak memory 1254 MiB.
2026-10-07T07:19:35Z INFO [325/750] 5c93c16f-f219-4e40-a747-8bf88fb8936c: Sackin index -0.1349; 0.9 s; peak memory 1254 MiB.
2026-10-07T07:19:36Z INFO [326/750] 5c9499c0-96c9-420a-9416-847a88551a08: Sackin index -0.0702; 0.8 s; peak memory 1254 MiB.
2026-10-07T07:19:38Z INFO [327/750] 5c95b624-5955-4d4c-add7-94fd5cf46de1: Sackin index -0.0699; 2.3 s; peak memory 1254 MiB.
2026-10-07T07:19:39Z INFO [328/750] 5c966d51-ed2b-4224-977e-d6a21c8b9ce9: Sackin index -0.0376; 1.1 s; peak memory 1254 MiB.
2026-10-07T07:19:40Z INFO [329/750] 5c96c809-aec2-478b-a32c-950e2954af09: Sackin index -0.1349; 0.8 s; peak memory 1254 MiB.
2026-10-07T07:19:41Z INFO [330/750] 5c96f41c-35b9-4a0a-97e3-4cc0c9bae40d: Sackin index -0.1349; 0.8 s; peak memory 1254 MiB.
2026-10-07T07:19:45Z INFO [331/750] 5c978d22-98df-4e73-a3cd-e02ede40b6ec: Sackin index -0.0403; 3.7 s; peak memory 1254 MiB.
2026-10-07T07:19:46Z INFO [332/750] 5c982077-aad7-47b1-884e-dcaf19510de6: Sackin index -0.0539; 1.0 s; peak memory 1254 MiB.
2026-10-07T07:20:27Z INFO [333/750] 5c986a2d-3f1d-4e6d-b71d-e5329b94d4de: Sackin index -0.1144; 41.3 s; peak memory 1254 MiB.
2026-10-07T07:21:06Z INFO [334/750] 5c993631-3d44-44bd-8859-9dfb257d15e3: Sackin index -0.0083; 38.8 s; peak memory 1254 MiB.
2026-10-07T07:21:07Z INFO [335/750] 5c9a963a-0c13-42dd-9660-3073216635cf: Sackin index -0.1349; 0.8 s; peak memory 1254 MiB.
2026-10-07T07:21:12Z INFO [336/750] 5c9bc5f9-a90e-4022-932b-9e9996cbb582: Sackin index -0.0341; 5.6 s; peak memory 1254 MiB.
2026-10-07T07:21:14Z INFO [337/750] 5c9c68a1-9d26-4c4b-bd17-91ab291776ce: Sackin index -0.0728; 1.2 s; peak memory 1254 MiB.
2026-10-07T07:21:15Z INFO [338/750] 5c9c7de5-2730-413e-b601-ecab8b097fb5: Sackin index -0.0579; 1.6 s; peak memory 1254 MiB.
2026-10-07T07:21:17Z INFO [339/750] 5c9d7abc-629c-40a5-9414-be998dcaca50: Sackin index -0.0374; 1.6 s; peak memory 1254 MiB.
2026-10-07T07:21:18Z INFO [340/750] 5c9ea9ce-25c6-4ac7-a27b-f47e310bd511: Sackin index -0.0696; 1.0 s; peak memory 1254 MiB.
2026-10-07T07:21:19Z INFO [341/750] 5c9ee706-4413-4813-a8dd-44ab41326730: Sackin index -0.0696; 0.9 s; peak memory 1254 MiB.
2026-10-07T07:21:24Z INFO [342/750] 5c9f0c7b-a3f6-4134-a229-86c33cbe122e: Sackin index -0.0214; 4.8 s; peak memory 1254 MiB.
2026-10-07T07:21:27Z INFO [343/750] 5c9f884d-048a-4ba7-9f32-11e1c731e65d: Sackin index -0.0251; 3.3 s; peak memory 1254 MiB.
2026-10-07T07:21:28Z INFO [344/750] 5ca06820-981c-4b41-81a8-ebec24d95d74: Sackin index -0.0369; 1.3 s; peak memory 1254 MiB.
2026-10-07T07:21:29Z INFO [345/750] 5ca0e93c-441f-4353-9b78-a5129ad5d533: Sackin index -0.0702; 1.0 s; peak memory 1254 MiB.
2026-10-07T07:21:30Z INFO [346/750] 5ca11564-9553-40b1-a6ed-aade4f140632: Sackin index -0.0275; 1.3 s; peak memory 1254 MiB.
2026-10-07T07:21:32Z INFO [347/750] 5ca1e81f-c193-435d-81b1-40f595a80cf0: Sackin index -0.1248; 1.2 s; peak memory 1254 MiB.
2026-10-07T07:21:33Z INFO [348/750] 5ca2da33-109e-46c3-bd5c-57326eaa5af7: Sackin index -0.0369; 1.4 s; peak memory 1254 MiB.
2026-10-07T07:21:34Z INFO [349/750] 5ca3237f-b76f-4f3c-854b-f7c96fc9221a: Sackin index -0.1349; 1.0 s; peak memory 1254 MiB.
2026-10-07T07:21:36Z INFO [350/750] 5ca5c440-fd12-42d3-81fb-f5edd7c4ccba: Sackin index -0.1938; 1.9 s; peak memory 1254 MiB.
2026-10-07T07:21:36Z INFO [350/750] 5ca5c440-fd12-42d3-81fb-f5edd7c4ccba: checkpointed 91686 records.
2026-10-07T07:21:37Z INFO [351/750] 5ca60c98-2225-45f4-95ee-94dc2424382b: Sackin index -0.1025; 1.0 s; peak memory 1254 MiB.
2026-10-07T07:21:38Z INFO [352/750] 5ca6ef32-6b7b-44ce-8518-5761d3038815: Sackin index -0.1349; 0.9 s; peak memory 1254 MiB.
2026-10-07T07:21:39Z INFO [353/750] 5ca77780-2d6d-49ad-8343-f6ce7c8f7ed6: Sackin index -0.0702; 0.8 s; peak memory 1254 MiB.
2026-10-07T07:21:40Z INFO [354/750] 5ca7e84d-7a5b-4f33-9f39-481dc4b83b16: Sackin index -0.0376; 1.2 s; peak memory 1254 MiB.
2026-10-07T07:21:41Z INFO [355/750] 5ca7ee00-a619-4549-8fe6-12445003c32a: Sackin index -0.0702; 0.9 s; peak memory 1254 MiB.
2026-10-07T07:24:00Z INFO [356/750] 5ca8568f-97f8-4bcf-b1e8-b77d632734c3: Sackin index -0.0573; 139.0 s; peak memory 1254 MiB.
2026-10-07T07:24:01Z INFO [357/750] 5ca89605-c05a-4e9e-95e4-90a65f4f18fb: Sackin index -0.1349; 0.9 s; peak memory 1254 MiB.
2026-10-07T07:24:05Z INFO [358/750] 5ca96aa7-891b-4650-bcfb-752dd2709856: Sackin index -0.0403; 3.9 s; peak memory 1254 MiB.
2026-10-07T07:24:06Z INFO [359/750] 5ca97bcf-e047-4314-bbc5-70cf74aa3a5f: Sackin index -0.0369; 1.5 s; peak memory 1254 MiB.
2026-10-07T07:24:07Z INFO [360/750] 5cab2950-a3f9-49bb-8a8d-8fe3e2160169: Sackin index -0.1239; 0.6 s; peak memory 1254 MiB.
2026-10-07T07:24:08Z INFO [361/750] 5cab642f-5130-4b5c-bd5f-ce11e8267e85: Sackin index -0.1046; 1.0 s; peak memory 1254 MiB.
2026-10-07T07:24:09Z INFO [362/750] 5cab6451-cc21-4b79-912b-46a8c569cd3a: Sackin index -0.1349; 1.0 s; peak memory 1254 MiB.
2026-10-07T07:24:32Z INFO [363/750] 5cac1bc4-094c-4589-9348-189e68ccf19f: Sackin index -0.1367; 23.7 s; peak memory 1254 MiB.
2026-10-07T07:24:38Z INFO [364/750] 5cac4c1d-d55e-45ca-b099-1a0bf83f92df: Sackin index -0.0251; 5.3 s; peak memory 1254 MiB.
2026-10-07T07:24:39Z INFO [365/750] 5caceb47-ea2d-4873-9d5a-7c64d6fe3ed4: Sackin index -0.0991; 0.9 s; peak memory 1254 MiB.
2026-10-07T07:24:39Z INFO [366/750] 5cacfcc2-04b0-47fa-afe4-f5d8e4a95741: Sackin index -0.1349; 0.7 s; peak memory 1254 MiB.
2026-10-07T07:24:40Z INFO [367/750] 5cad0bd6-e5b7-425e-a9c8-ac2f990368bf: Sackin index -0.0728; 1.0 s; peak memory 1254 MiB.
2026-10-07T07:24:41Z INFO [368/750] 5cad367e-8046-4d94-b56e-f8b7fed8e150: Sackin index -0.1349; 1.0 s; peak memory 1254 MiB.
2026-10-07T07:24:46Z INFO [369/750] 5cad79b7-5d33-4e48-b287-4b67d261585c: Sackin index -0.0403; 4.8 s; peak memory 1254 MiB.
2026-10-07T07:24:47Z INFO [370/750] 5cad9a78-53fa-4a21-acb2-785f8b2e99b7: Sackin index -0.1349; 0.7 s; peak memory 1254 MiB.
2026-10-07T07:24:48Z INFO [371/750] 5cadcd34-b499-4bea-afce-6612d9fa7cf5: Sackin index -0.0436; 1.1 s; peak memory 1254 MiB.
2026-10-07T07:24:49Z INFO [372/750] 5caf3edb-12e4-485d-9920-a5861b4c3fb3: Sackin index -0.1349; 0.9 s; peak memory 1254 MiB.
2026-10-07T07:24:50Z INFO [373/750] 5cb00816-274a-4db9-a892-8d83e2d51e07: Sackin index -0.3646; 0.8 s; peak memory 1254 MiB.
2026-10-07T07:24:50Z INFO [374/750] 5cb00ed3-f9be-490c-821f-13a6cb8fdcde: Sackin index -0.1349; 0.8 s; peak memory 1254 MiB.
2026-10-07T07:24:54Z INFO [375/750] 5cb036b6-3d17-406e-be5c-e9fa11bcd626: Sackin index -0.0403; 3.9 s; peak memory 1254 MiB.
2026-10-07T07:24:58Z INFO [376/750] 5cb1228b-6fef-46d1-9c21-1db4e13712e5: Sackin index -0.0354; 3.2 s; peak memory 1254 MiB.
2026-10-07T07:26:58Z INFO [377/750] 5cb158e5-fad2-4cea-8aee-30ff6eddaaa4: Sackin index -0.0014; 120.4 s; peak memory 1254 MiB.
2026-10-07T07:26:59Z INFO [378/750] 5cb1913f-2d07-475c-b9aa-84685ee0fe0c: Sackin index -0.0728; 1.0 s; peak memory 1254 MiB.
2026-10-07T07:27:00Z INFO [379/750] 5cb1b33e-fd73-40f8-898d-33065b897382: Sackin index -0.1938; 1.0 s; peak memory 1254 MiB.
2026-10-07T07:27:25Z INFO [380/750] 5cb1e73b-a522-4da7-b36d-c2c7158ce353: Sackin index -0.1367; 25.0 s; peak memory 1254 MiB.
2026-10-07T07:27:37Z INFO [381/750] 5cb24a89-1c48-42fb-b74b-628ec9ec7fbd: Sackin index -0.1462; 11.9 s; peak memory 1254 MiB.
2026-10-07T07:27:38Z INFO [382/750] 5cb3169c-5481-4d9d-bfc1-c0f972edd566: Sackin index -0.0728; 1.2 s; peak memory 1254 MiB.
2026-10-07T07:27:51Z INFO [383/750] 5cb3d983-5ed8-4006-8629-f3fde42a6c99: Sackin index -0.0117; 12.7 s; peak memory 1254 MiB.
2026-10-07T07:27:52Z INFO [384/750] 5cb3f4ef-ca5e-45a5-a76a-f3bee2ce80ef: Sackin index -0.2168; 0.7 s; peak memory 1254 MiB.
2026-10-07T07:27:52Z INFO [385/750] 5cb48fbd-34ba-4ddf-8ff7-25ad194f239f: Sackin index -0.2147; 0.6 s; peak memory 1254 MiB.
2026-10-07T07:27:53Z INFO [386/750] 5cb54e29-02eb-446e-98a2-5433da9e5833: Sackin index -0.1331; 0.8 s; peak memory 1254 MiB.
2026-10-07T07:27:54Z INFO [387/750] 5cb5b36b-8cbc-4c6b-9902-c7cc6475949c: Sackin index -0.0376; 1.2 s; peak memory 1254 MiB.
2026-10-07T07:27:55Z INFO [388/750] 5cb62044-dc86-4939-a228-38c6260dcbd2: Sackin index -0.1349; 0.9 s; peak memory 1254 MiB.
2026-10-07T07:28:15Z INFO [389/750] 5cb63b11-3470-4c67-acff-0cfafc11823e: Sackin index -0.0239; 19.5 s; peak memory 1254 MiB.
2026-10-07T07:28:17Z INFO [390/750] 5cb672c5-c59a-4b58-8ce3-7f79640dee4c: Sackin index -0.0660; 2.7 s; peak memory 1254 MiB.
2026-10-07T07:28:18Z INFO [391/750] 5cb68bb0-1673-428f-8cd1-f4cf68000da3: Sackin index -0.0702; 0.9 s; peak memory 1254 MiB.
2026-10-07T07:28:19Z INFO [392/750] 5cb6f7cb-ef5d-44d5-9dea-4be1a53d9b57: Sackin index -0.0383; 1.2 s; peak memory 1254 MiB.
2026-10-07T07:28:20Z INFO [393/750] 5cb8719f-0c0f-424f-a092-fd7d909bfe9b: Sackin index -0.1658; 0.6 s; peak memory 1254 MiB.
2026-10-07T07:28:21Z INFO [394/750] 5cb8e99d-8b76-40e0-8b3c-91860b4ed85d: Sackin index -0.0702; 1.1 s; peak memory 1254 MiB.
2026-10-07T07:28:22Z INFO [395/750] 5cb96fac-a3c2-4a27-9d19-2d2f6b449286: Sackin index -0.1349; 0.9 s; peak memory 1254 MiB.
2026-10-07T07:28:23Z INFO [396/750] 5cb9e8e8-52f1-40c5-b263-82181b6436e4: Sackin index -0.0547; 1.1 s; peak memory 1254 MiB.
2026-10-07T07:28:24Z INFO [397/750] 5cba91a0-0bd8-4c98-98bf-843b7ae3875d: Sackin index -0.0702; 1.0 s; peak memory 1254 MiB.
2026-10-07T07:28:28Z INFO [398/750] 5cbaa6a9-e5b7-4427-a48d-1f8178965162: Sackin index -0.0435; 3.6 s; peak memory 1254 MiB.
2026-10-07T07:28:30Z INFO [399/750] 5cbaaf2d-316f-45d1-b8ac-45ba2b79adca: Sackin index -0.0515; 2.0 s; peak memory 1254 MiB.
2026-10-07T07:28:30Z INFO [400/750] 5cbc652e-0d9f-4e32-a570-c9374c1a0b70: Sackin index -0.1349; 0.8 s; peak memory 1254 MiB.
2026-10-07T07:28:31Z INFO [400/750] 5cbc652e-0d9f-4e32-a570-c9374c1a0b70: checkpointed 91736 records.
2026-10-07T07:28:31Z INFO [401/750] 5cbd81df-a4cc-4a11-8c5b-26a64755965c: Sackin index -0.0702; 0.8 s; peak memory 1254 MiB.
2026-10-07T07:28:33Z INFO [402/750] 5cbe7704-7d60-4891-8a4f-7a0c522b6ad2: Sackin index -0.0375; 1.4 s; peak memory 1254 MiB.
2026-10-07T07:28:46Z INFO [403/750] 5cbe9079-698e-4adf-8520-4c65e3919608: Sackin index -0.0176; 12.8 s; peak memory 1254 MiB.
2026-10-07T07:28:47Z INFO [404/750] 5cbf3fff-6ee7-4da2-b722-35eadb40b853: Sackin index -0.1349; 1.0 s; peak memory 1254 MiB.
2026-10-07T07:28:48Z INFO [405/750] 5cc01311-b0ee-4e7c-bec1-f2ea010b2cb6: Sackin index -0.0375; 1.2 s; peak memory 1254 MiB.
2026-10-07T07:28:49Z INFO [406/750] 5cc04292-b4fc-4e84-87f5-0fdd4b1d4ce8: Sackin index -0.1938; 0.8 s; peak memory 1254 MiB.
2026-10-07T07:28:57Z INFO [407/750] 5cc04e53-8a19-4321-b787-50b0f3fa5d53: Sackin index -0.0037; 8.5 s; peak memory 1254 MiB.
2026-10-07T07:28:58Z INFO [408/750] 5cc0b5ff-aad5-4a38-b30d-efe4365c75ea: Sackin index -0.0728; 1.1 s; peak memory 1254 MiB.
2026-10-07T07:29:00Z INFO [409/750] 5cc2a538-3bfc-42ff-a1a9-4f89c3b300cf: Sackin index -0.0382; 1.4 s; peak memory 1254 MiB.
2026-10-07T07:29:13Z INFO [410/750] 5cc35f04-be05-47ee-9310-c1aaee1f4866: Sackin index -0.0024; 13.6 s; peak memory 1254 MiB.
2026-10-07T07:29:21Z INFO [411/750] 5cc396a6-0537-4483-b3cc-c70aef9b83f6: Sackin index -0.0140; 8.3 s; peak memory 1254 MiB.
2026-10-07T07:29:22Z INFO [412/750] 5cc3f70f-2850-4d4e-8dbf-1891a7df2220: Sackin index -0.1254; 0.8 s; peak memory 1254 MiB.
2026-10-07T07:30:07Z INFO [413/750] 5cc582a7-84c2-479f-a7ec-adb58ae279b2: Sackin index -0.0021; 44.8 s; peak memory 1254 MiB.
2026-10-07T07:30:08Z INFO [414/750] 5cc85e76-81ba-4461-a48f-023d541fde52: Sackin index -0.1356; 0.7 s; peak memory 1254 MiB.
2026-10-07T07:30:10Z INFO [415/750] 5cc8d863-8071-48ad-ae41-6b7fbfbad515: Sackin index -0.0704; 2.1 s; peak memory 1254 MiB.
2026-10-07T07:30:13Z INFO [416/750] 5cc9fa4c-549e-41a3-b975-1f0577bd1cee: Sackin index -0.0564; 2.8 s; peak memory 1254 MiB.
2026-10-07T07:30:15Z INFO [417/750] 5cca867a-cf79-402b-bf6c-4465f87d85e6: Sackin index -0.0106; 2.4 s; peak memory 1254 MiB.
2026-10-07T07:30:25Z INFO [418/750] 5ccb47cd-0c25-4c6f-a0b9-572e9dc664e4: Sackin index -0.0137; 10.1 s; peak memory 1254 MiB.
2026-10-07T07:30:26Z INFO [419/750] 5ccbbadf-b346-4d9e-a1ee-1fb10ea374f7: Sackin index -0.1349; 1.1 s; peak memory 1254 MiB.
2026-10-07T07:30:27Z INFO [420/750] 5ccbcb7b-24db-4586-82bb-52568aef0e18: Sackin index -0.0728; 0.8 s; peak memory 1254 MiB.
2026-10-07T07:30:28Z INFO [421/750] 5cccfdcc-c19f-40cb-a050-78d98994450e: Sackin index -0.1349; 0.9 s; peak memory 1254 MiB.
2026-10-07T07:30:29Z INFO [422/750] 5ccd1fbf-46b7-4ff1-9669-06bec3843bff: Sackin index -0.1349; 0.9 s; peak memory 1254 MiB.
2026-10-07T07:30:29Z INFO [423/750] 5ccd3051-7e8f-4064-8e0b-07a0d7f31744: Sackin index -0.1161; 0.7 s; peak memory 1254 MiB.
2026-10-07T07:30:32Z INFO [424/750] 5ccd6b65-99d4-4dcf-89d2-433390ab1698: Sackin index -0.0693; 2.1 s; peak memory 1254 MiB.
2026-10-07T07:30:33Z INFO [425/750] 5ccd83d3-9f45-4c97-8bcf-e6917a1881bc: Sackin index -0.0702; 0.9 s; peak memory 1254 MiB.
2026-10-07T07:30:35Z INFO [426/750] 5ccd9576-b5b1-4ff4-8ce0-b0212b221711: Sackin index -0.0677; 2.4 s; peak memory 1254 MiB.
2026-10-07T07:30:36Z INFO [427/750] 5cce3d86-cf43-44b3-9c5c-2ff5490abc4c: Sackin index -0.1349; 0.8 s; peak memory 1254 MiB.
2026-10-07T07:30:37Z INFO [428/750] 5cce3ea5-2e19-4fe0-80e5-3a9d312a3aa0: Sackin index -0.1349; 1.0 s; peak memory 1254 MiB.
2026-10-07T07:30:38Z INFO [429/750] 5ccfa47a-662b-4253-980f-e65f4143b05d: Sackin index -0.0728; 1.2 s; peak memory 1254 MiB.
2026-10-07T07:30:39Z INFO [430/750] 5ccfa8d2-bfbb-46a8-9093-cfe0e542eafe: Sackin index -0.1658; 0.7 s; peak memory 1254 MiB.
2026-10-07T07:30:40Z INFO [431/750] 5ccfe63f-eaea-4800-a5c7-fd3f007421a6: Sackin index -0.0369; 1.6 s; peak memory 1254 MiB.
2026-10-07T07:30:41Z INFO [432/750] 5ccff235-30b1-41ef-95e4-c775b9d867f8: Sackin index -0.1658; 0.6 s; peak memory 1254 MiB.
2026-10-07T07:30:41Z INFO [433/750] 5cd11c1b-2c7a-4d03-b2eb-8ac2bc55f5d9: Sackin index -0.1303; 0.7 s; peak memory 1254 MiB.
2026-10-07T07:30:42Z INFO [434/750] 5cd1e5e3-2dc7-4c6e-9375-1adac03249b9: Sackin index -0.1349; 0.8 s; peak memory 1254 MiB.
2026-10-07T07:30:45Z INFO [435/750] 5cd20fba-694a-4b94-a13f-c6c9c5b9f4eb: Sackin index -0.0383; 3.2 s; peak memory 1254 MiB.
2026-10-07T07:30:47Z INFO [436/750] 5cd2bdbd-4ff1-40e5-9ae1-8a2ef2b485ca: Sackin index -0.1938; 1.9 s; peak memory 1254 MiB.
2026-10-07T07:30:49Z INFO [437/750] 5cd33d14-85c0-4aae-96d0-702cfa2e782c: Sackin index -0.0375; 1.4 s; peak memory 1254 MiB.
2026-10-07T07:30:50Z INFO [438/750] 5cd3822a-70a2-48ba-a287-09bfac62c203: Sackin index -0.1349; 0.8 s; peak memory 1254 MiB.
2026-10-07T07:30:50Z INFO [439/750] 5cd3c63d-e0e0-496b-bfbf-4ad37f561d0e: Sackin index -0.1527; 0.9 s; peak memory 1254 MiB.
2026-10-07T07:32:15Z INFO [440/750] 5cd42eb9-c0bb-4c16-a4c5-01660f232e10: Sackin index -0.1341; 84.3 s; peak memory 1254 MiB.
2026-10-07T07:32:19Z INFO [441/750] 5cd4b7e5-070e-4976-94b9-df97db620785: Sackin index -0.0476; 4.8 s; peak memory 1254 MiB.
2026-10-07T07:32:20Z INFO [442/750] 5cd5135a-e45d-4400-9a89-b962be598049: Sackin index -0.0385; 0.9 s; peak memory 1254 MiB.
2026-10-07T07:32:22Z INFO [443/750] 5cd7772f-09dc-4535-9856-c5b9e74935d9: Sackin index -0.0369; 1.5 s; peak memory 1254 MiB.
2026-10-07T07:32:23Z INFO [444/750] 5cd7bae8-edf5-417b-bdf5-0859a8f9d9ab: Sackin index -0.1319; 0.9 s; peak memory 1254 MiB.
2026-10-07T07:32:24Z INFO [445/750] 5cd837ba-7330-4772-9a94-96c2e87fb8bd: Sackin index -0.0696; 0.9 s; peak memory 1254 MiB.
2026-10-07T07:32:25Z INFO [446/750] 5cd8423c-081b-48df-acde-d321e55cadf0: Sackin index -0.0676; 1.7 s; peak memory 1254 MiB.
2026-10-07T07:32:30Z INFO [447/750] 5cd94434-9884-45bc-bce5-adf90092aed3: Sackin index -0.0411; 4.5 s; peak memory 1254 MiB.
2026-10-07T07:32:31Z INFO [448/750] 5cd97132-c728-4cb9-869b-d25a01401a5e: Sackin index -0.0702; 0.9 s; peak memory 1254 MiB.
2026-10-07T07:32:32Z INFO [449/750] 5cd9a5c5-2b8d-401c-bc70-e958249be9dc: Sackin index -0.0275; 1.2 s; peak memory 1254 MiB.
2026-10-07T07:32:33Z INFO [450/750] 5cd9b4b8-e896-4344-aca1-c611bd9afe11: Sackin index -0.1191; 0.7 s; peak memory 1254 MiB.
2026-10-07T07:32:33Z INFO [450/750] 5cd9b4b8-e896-4344-aca1-c611bd9afe11: checkpointed 91786 records.
2026-10-07T07:32:34Z INFO [451/750] 5cd9d698-2b85-4e6c-9cfb-3bbc5d87c6b4: Sackin index -0.1349; 0.9 s; peak memory 1254 MiB.
2026-10-07T07:32:35Z INFO [452/750] 5cda2c3e-d766-4728-b7bc-5f1cf7911ab5: Sackin index -0.0376; 1.2 s; peak memory 1254 MiB.
2026-10-07T07:32:36Z INFO [453/750] 5cda3231-4610-4177-a38f-97c081d51e9c: Sackin index -0.1349; 0.8 s; peak memory 1254 MiB.
2026-10-07T07:32:36Z INFO [454/750] 5cda37d4-e2ff-4335-85e2-aea55c609ab2: Sackin index -0.1658; 0.7 s; peak memory 1254 MiB.
2026-10-07T07:32:38Z INFO [455/750] 5cdb5389-571d-42f8-a4f7-ba4eab51e30f: Sackin index -0.0702; 1.3 s; peak memory 1254 MiB.
2026-10-07T07:32:38Z INFO [456/750] 5cdbba40-330f-4559-bedf-348de9976c5e: Sackin index -0.1658; 0.6 s; peak memory 1254 MiB.
2026-10-07T07:32:39Z INFO [457/750] 5cdc8c58-5dc8-4c44-9eca-24dc9c507efb: Sackin index -0.1349; 1.0 s; peak memory 1254 MiB.
2026-10-07T07:34:07Z INFO [458/750] 5cdcf07c-5260-40e1-bbde-f0f585f3c4be: Sackin index -0.0016; 87.7 s; peak memory 1254 MiB.
2026-10-07T07:35:48Z INFO [459/750] 5cddc33c-bf64-409f-95d4-e62e58251f0c: Sackin index -0.1076; 100.5 s; peak memory 1254 MiB.
2026-10-07T07:36:02Z INFO [460/750] 5cddca6b-a520-4139-af94-8088fabe46f8: Sackin index -0.2073; 14.4 s; peak memory 1254 MiB.
2026-10-07T07:36:03Z INFO [461/750] 5cde3c73-a1ec-4e7f-853d-d258e3109e25: Sackin index -0.1349; 0.8 s; peak memory 1254 MiB.
2026-10-07T07:36:04Z INFO [462/750] 5cde3dcf-17e5-4495-a0be-32fe04b0bacc: Sackin index -0.1658; 0.7 s; peak memory 1254 MiB.
2026-10-07T07:36:04Z INFO [463/750] 5cdf2a59-1e4a-4029-9ea1-90b405f9fa6e: Sackin index -0.1068; 0.9 s; peak memory 1254 MiB.
2026-10-07T07:39:14Z INFO [464/750] 5cdf7300-1cbf-44d5-8dc2-67459ac729fd: Sackin index -0.1201; 189.5 s; peak memory 1254 MiB.
2026-10-07T07:39:15Z INFO [465/750] 5cdfb2bc-964f-441f-8031-581b67453aa5: Sackin index -0.0696; 1.2 s; peak memory 1254 MiB.
2026-10-07T07:39:31Z INFO [466/750] 5ce041d4-d386-4f27-aab7-0d3aa1abf585: Sackin index -0.0235; 15.7 s; peak memory 1254 MiB.
2026-10-07T07:39:32Z INFO [467/750] 5ce08f81-4a90-4095-adba-5f8774cc066c: Sackin index -0.1349; 0.8 s; peak memory 1254 MiB.
2026-10-07T07:39:33Z INFO [468/750] 5ce0fe5e-40d4-4688-92db-23c8068ce660: Sackin index -0.0371; 1.1 s; peak memory 1254 MiB.
2026-10-07T07:39:34Z INFO [469/750] 5ce131c3-79fa-45ec-b71c-fdda85481a17: Sackin index -0.1349; 0.9 s; peak memory 1254 MiB.
2026-10-07T07:39:35Z INFO [470/750] 5ce1342a-58bc-408e-b42d-a5bd6c7a45f7: Sackin index -0.0728; 1.1 s; peak memory 1254 MiB.
2026-10-07T07:39:37Z INFO [471/750] 5ce170d7-9a7c-428d-9aa7-757f36b7b9c6: Sackin index -0.0699; 2.1 s; peak memory 1254 MiB.
2026-10-07T07:39:38Z INFO [472/750] 5ce205f1-0f17-41dc-b075-c81d5c00617b: Sackin index -0.0375; 1.2 s; peak memory 1254 MiB.
2026-10-07T07:39:39Z INFO [473/750] 5ce239cc-fc17-4cd7-8fef-4287f8e5e6c9: Sackin index -0.0728; 1.1 s; peak memory 1254 MiB.
2026-10-07T07:39:40Z INFO [474/750] 5ce3975d-5677-4c73-81f6-3a4e1001121f: Sackin index -0.1349; 0.9 s; peak memory 1254 MiB.
2026-10-07T07:39:41Z INFO [475/750] 5ce3e460-5ced-4641-9d10-b58f9f37b72a: Sackin index -0.0745; 1.1 s; peak memory 1254 MiB.
2026-10-07T07:39:47Z INFO [476/750] 5ce517bf-6670-4e50-8335-463b1e45375a: Sackin index -0.0403; 6.1 s; peak memory 1254 MiB.
2026-10-07T07:39:54Z INFO [477/750] 5ce5a128-1489-4728-8972-cd7fa6fe0b1a: Sackin index -0.0341; 7.0 s; peak memory 1254 MiB.
2026-10-07T07:41:36Z INFO [478/750] 5ce5e8f3-db29-4463-a10b-607d686a42d5: Sackin index -0.1076; 102.0 s; peak memory 1254 MiB.
2026-10-07T07:41:37Z INFO [479/750] 5ce6a396-e652-4849-9bd1-b99cfed3b681: Sackin index -0.1658; 0.6 s; peak memory 1254 MiB.
2026-10-07T07:41:38Z INFO [480/750] 5ce704f2-c930-4d6f-97ca-67ba25cc6a67: Sackin index -0.0387; 0.8 s; peak memory 1254 MiB.
2026-10-07T07:41:39Z INFO [481/750] 5ce778de-6b0a-4925-838e-485c6a2890cf: Sackin index -0.0702; 0.9 s; peak memory 1254 MiB.
2026-10-07T07:41:39Z INFO [482/750] 5ce7fa7c-beb0-41e4-b783-e265b0800593: Sackin index -0.1349; 0.8 s; peak memory 1254 MiB.
2026-10-07T07:42:03Z INFO [483/750] 5ce89b86-4be3-4514-9322-d737a1f9349f: Sackin index -0.2073; 23.3 s; peak memory 1254 MiB.
2026-10-07T07:42:04Z INFO [484/750] 5ce8a32a-3ec8-4658-ac7d-8fbe7a6f4914: Sackin index -0.1248; 1.1 s; peak memory 1254 MiB.
2026-10-07T07:42:09Z INFO [485/750] 5ce8ecd7-5729-4471-bd57-20d09a6ada46: Sackin index -0.0476; 5.0 s; peak memory 1254 MiB.
2026-10-07T07:42:10Z INFO [486/750] 5cea9c65-648f-4135-9f8d-777a0e738ac9: Sackin index -0.0688; 1.6 s; peak memory 1254 MiB.
2026-10-07T07:42:13Z INFO [487/750] 5cec7949-75c0-4384-b5a3-da83b5cfab3c: Sackin index -0.0699; 2.2 s; peak memory 1254 MiB.
2026-10-07T07:42:22Z INFO [488/750] 5ced06fa-a951-42eb-95a0-848fb4255297: Sackin index -0.0783; 9.6 s; peak memory 1254 MiB.
2026-10-07T07:42:24Z INFO [489/750] 5ceeebaf-68d1-4124-9b2e-28ad10e621fe: Sackin index -0.0276; 1.4 s; peak memory 1254 MiB.
2026-10-07T07:42:25Z INFO [490/750] 5cef7bce-cd4e-42ac-a32e-7cb525579a6c: Sackin index -0.0702; 0.9 s; peak memory 1254 MiB.
2026-10-07T07:44:38Z INFO [491/750] 5cef82ba-f63d-4880-b419-6f8ef7833a9d: Sackin index -0.0456; 133.7 s; peak memory 1254 MiB.
2026-10-07T07:46:39Z INFO [492/750] 5cef8d72-dc14-4bac-b1ed-17c17c70d0ed: Sackin index -0.0410; 121.2 s; peak memory 1254 MiB.
2026-10-07T07:46:41Z INFO [493/750] 5cf094e8-eadd-4c82-b2ff-0175a8c5d1bd: Sackin index -0.0377; 1.4 s; peak memory 1254 MiB.
2026-10-07T07:46:42Z INFO [494/750] 5cf0e2db-b076-43a0-848f-4b1169e95bd8: Sackin index -0.0728; 1.2 s; peak memory 1254 MiB.
2026-10-07T07:46:43Z INFO [495/750] 5cf22a3d-6adb-4b26-90d0-78434d850f45: Sackin index -0.1349; 1.0 s; peak memory 1254 MiB.
2026-10-07T07:46:44Z INFO [496/750] 5cf260ed-1110-4164-a179-6ab887dc6ae6: Sackin index -0.0702; 1.0 s; peak memory 1254 MiB.
2026-10-07T07:46:45Z INFO [497/750] 5cf2f329-12fe-4530-83bf-7cc6c5c5ecd7: Sackin index -0.0748; 1.2 s; peak memory 1254 MiB.
2026-10-07T07:46:46Z INFO [498/750] 5cf36754-9d5a-4338-aba4-748a71ad7aa2: Sackin index -0.1349; 0.9 s; peak memory 1254 MiB.
2026-10-07T07:46:47Z INFO [499/750] 5cf4295c-7222-49d5-bee3-c2625462fc23: Sackin index -0.1234; 1.1 s; peak memory 1254 MiB.
2026-10-07T07:46:49Z INFO [500/750] 5cf4a75c-0978-4fb5-864d-cac4558f09f0: Sackin index -0.1938; 1.8 s; peak memory 1254 MiB.
2026-10-07T07:46:49Z INFO [500/750] 5cf4a75c-0978-4fb5-864d-cac4558f09f0: checkpointed 91836 records.
2026-10-07T07:46:50Z INFO [501/750] 5cf4f75d-8c62-4f33-93e0-3a986c31003c: Sackin index -0.0702; 0.9 s; peak memory 1254 MiB.
2026-10-07T07:46:51Z INFO [502/750] 5cf60502-75a6-4b0f-b1da-4081d9e95cdb: Sackin index -0.0375; 1.3 s; peak memory 1254 MiB.
2026-10-07T07:46:52Z INFO [503/750] 5cf66aa4-0cf4-4d34-8cea-f83fe1aca550: Sackin index -0.0369; 1.0 s; peak memory 1254 MiB.
2026-10-07T07:46:53Z INFO [504/750] 5cf67dd9-74b7-49c8-a3ae-9c7b9797598c: Sackin index -0.1349; 0.9 s; peak memory 1254 MiB.
2026-10-07T07:46:54Z INFO [505/750] 5cf76c04-009a-4f30-8e71-2de8bafc19c1: Sackin index -0.0702; 1.1 s; peak memory 1254 MiB.
2026-10-07T07:46:59Z INFO [506/750] 5cf7f1e6-178c-4575-8638-995d791c7747: Sackin index -0.0258; 4.4 s; peak memory 1254 MiB.
2026-10-07T07:47:00Z INFO [507/750] 5cf83e2c-d460-4577-938e-d1e4d10de7f5: Sackin index -0.1408; 0.9 s; peak memory 1254 MiB.
2026-10-07T07:47:00Z INFO [508/750] 5cf86e4c-3f80-4a21-a6bb-a4aa90c6611c: Sackin index -0.1349; 0.8 s; peak memory 1254 MiB.
2026-10-07T07:47:01Z INFO [509/750] 5cfa9492-f3b5-4490-9f49-834603770a81: Sackin index -0.1067; 1.1 s; peak memory 1254 MiB.
2026-10-07T07:47:02Z INFO [510/750] 5cfb9697-077c-458f-8778-66b58bba81e6: Sackin index -0.1303; 0.8 s; peak memory 1254 MiB.
2026-10-07T07:47:03Z INFO [511/750] 5cfbe72d-263a-4a78-b487-ec5b540c2d85: Sackin index -0.0709; 1.1 s; peak memory 1254 MiB.
2026-10-07T07:47:04Z INFO [512/750] 5cfc73e0-5916-4b65-ac61-dbf83b8bf1f9: Sackin index -0.1658; 0.5 s; peak memory 1254 MiB.
2026-10-07T07:47:05Z INFO [513/750] 5cfc920d-b599-495b-b48f-9772cf3f3456: Sackin index -0.0745; 1.0 s; peak memory 1254 MiB.
2026-10-07T07:47:06Z INFO [514/750] 5cfc9d03-b803-47ad-bbf2-703aa10e8144: Sackin index -0.0702; 1.0 s; peak memory 1254 MiB.
2026-10-07T07:47:07Z INFO [515/750] 5cfd7c67-4c66-434b-a317-8f2b5c66b8d7: Sackin index -0.1349; 0.8 s; peak memory 1254 MiB.
2026-10-07T07:47:08Z INFO [516/750] 5cfda4e5-766e-4bd9-9446-f24dd5ea35f3: Sackin index -0.0702; 1.0 s; peak memory 1254 MiB.
2026-10-07T07:47:11Z INFO [517/750] 5cfea87c-57ba-4002-b74d-e65ac4d2f23d: Sackin index -0.0254; 3.4 s; peak memory 1254 MiB.
2026-10-07T07:47:12Z INFO [518/750] 5cff0304-8122-4f48-85f9-f7195b24fc4b: Sackin index -0.1349; 0.8 s; peak memory 1254 MiB.
2026-10-07T07:47:13Z INFO [519/750] 5cff206e-b3fb-4e4b-a5a0-ac7fcbf03c8b: Sackin index -0.1239; 0.7 s; peak memory 1254 MiB.
2026-10-07T07:47:14Z INFO [520/750] 5cff410a-1fea-4f06-8919-61037d9c13f0: Sackin index -0.1349; 0.9 s; peak memory 1254 MiB.
2026-10-07T07:47:14Z INFO [521/750] 5cff46d0-9457-40bc-a113-dc8ab65c949b: Sackin index -0.1349; 0.8 s; peak memory 1254 MiB.
2026-10-07T07:47:17Z INFO [522/750] 5cffc792-236e-4bff-a7bb-98aa9db82de2: Sackin index -0.1938; 2.1 s; peak memory 1254 MiB.
2026-10-07T07:47:17Z INFO [523/750] 5cffd9c4-1e5d-4e80-8c2d-e8c1760e3f8e: Sackin index -0.1349; 0.7 s; peak memory 1254 MiB.
2026-10-07T07:49:32Z INFO [524/750] 5d002f17-4822-40e2-8ec3-a8c87a6b9cf6: Sackin index -0.0493; 134.7 s; peak memory 1254 MiB.
2026-10-07T07:49:34Z INFO [525/750] 5d003534-49b3-4cd4-bcfa-fea41f699cbd: Sackin index -0.0699; 1.9 s; peak memory 1254 MiB.
2026-10-07T07:49:35Z INFO [526/750] 5d00c0b7-8615-4188-8033-7fb97167283f: Sackin index -0.1349; 0.8 s; peak memory 1254 MiB.
2026-10-07T07:49:35Z INFO [527/750] 5d017cd0-09fa-4919-8762-b22f909eeb39: Sackin index -0.0386; 0.8 s; peak memory 1254 MiB.
2026-10-07T07:49:36Z INFO [528/750] 5d01c0a9-8e62-4c88-bda3-248747efc2c9: Sackin index -0.0728; 0.9 s; peak memory 1254 MiB.
2026-10-07T07:49:37Z INFO [529/750] 5d02a140-8a9f-4668-b82b-1077a4830e44: Sackin index -0.1234; 0.8 s; peak memory 1254 MiB.
2026-10-07T07:49:38Z INFO [530/750] 5d03b7c8-3838-45b0-b780-1501f233bab1: Sackin index -0.0457; 0.9 s; peak memory 1254 MiB.
2026-10-07T07:49:39Z INFO [531/750] 5d03bfb1-49e0-4f71-976e-800fef9cbda5: Sackin index -0.0808; 0.8 s; peak memory 1254 MiB.
2026-10-07T07:49:43Z INFO [532/750] 5d04d9e1-cc82-4bba-b693-d47e64991ef1: Sackin index -0.0251; 3.7 s; peak memory 1254 MiB.
2026-10-07T07:49:50Z INFO [533/750] 5d055789-39eb-4679-8033-bff07790cffb: Sackin index -0.0141; 7.9 s; peak memory 1254 MiB.
2026-10-07T07:52:01Z INFO [534/750] 5d058356-1bd3-49b3-9d15-92989743c8f0: Sackin index -0.0010; 130.4 s; peak memory 1254 MiB.
2026-10-07T07:52:02Z INFO [535/750] 5d05e78d-250f-4942-be74-6f676fd794af: Sackin index -0.1658; 0.8 s; peak memory 1254 MiB.
2026-10-07T07:52:03Z INFO [536/750] 5d061774-b780-48c0-9812-41f5808fa98b: Sackin index -0.1349; 1.0 s; peak memory 1254 MiB.
2026-10-07T07:52:04Z INFO [537/750] 5d082be4-6c1e-4ae2-a31a-383eac99af2f: Sackin index -0.1248; 0.9 s; peak memory 1254 MiB.
2026-10-07T07:52:04Z INFO [538/750] 5d0867db-fc02-4fa4-8611-e566dec7e30f: Sackin index -0.1349; 0.8 s; peak memory 1254 MiB.
2026-10-07T07:52:05Z INFO [539/750] 5d09356a-4d96-4310-b568-9eff3779033d: Sackin index -0.1349; 0.8 s; peak memory 1254 MiB.
2026-10-07T07:52:06Z INFO [540/750] 5d099ba5-1072-476f-b084-93e32c6fba65: Sackin index -0.0748; 0.9 s; peak memory 1254 MiB.
2026-10-07T07:52:33Z INFO [541/750] 5d09e551-c12c-4428-89a3-221aeb2258e6: Sackin index -0.1367; 27.2 s; peak memory 1254 MiB.
2026-10-07T07:52:35Z INFO [542/750] 5d0a270d-3d56-4258-93d3-7c166b29d79d: Sackin index -0.0377; 1.7 s; peak memory 1254 MiB.
2026-10-07T07:52:36Z INFO [543/750] 5d0a5e08-bd3a-4c41-994c-8c49abda5616: Sackin index -0.0696; 0.9 s; peak memory 1254 MiB.
2026-10-07T07:52:37Z INFO [544/750] 5d0ae078-cea4-4be0-bd20-5115b4c5973f: Sackin index -0.1365; 1.1 s; peak memory 1254 MiB.
2026-10-07T07:52:38Z INFO [545/750] 5d0b1735-9dd5-4e67-aea9-aeb8bb45cce8: Sackin index -0.0991; 1.1 s; peak memory 1254 MiB.
2026-10-07T07:52:39Z INFO [546/750] 5d0b66ab-7ed2-4eb7-b054-5b742d5e0e52: Sackin index -0.0728; 0.9 s; peak memory 1254 MiB.
2026-10-07T07:52:40Z INFO [547/750] 5d0ccf26-83fb-4543-b127-0624e076de9f: Sackin index -0.0986; 1.2 s; peak memory 1254 MiB.
2026-10-07T07:52:41Z INFO [548/750] 5d0f7123-3373-499e-a481-082ded241432: Sackin index -0.0728; 1.2 s; peak memory 1254 MiB.
2026-10-07T07:52:42Z INFO [549/750] 5d1002e9-1e74-4382-9db5-d8a029559179: Sackin index -0.0702; 0.7 s; peak memory 1254 MiB.
2026-10-07T07:52:43Z INFO [550/750] 5d1131b0-cf18-4cc0-8f70-bbd9317c3138: Sackin index -0.1658; 0.7 s; peak memory 1254 MiB.
2026-10-07T07:52:43Z INFO [550/750] 5d1131b0-cf18-4cc0-8f70-bbd9317c3138: checkpointed 91886 records.
2026-10-07T07:52:58Z INFO [551/750] 5d11462b-c00f-45d1-b32b-4659c6fbd2f3: Sackin index -0.0151; 14.8 s; peak memory 1254 MiB.
2026-10-07T07:52:59Z INFO [552/750] 5d12514f-eba3-42da-bede-b6f3ca9ef6da: Sackin index -0.0702; 1.0 s; peak memory 1254 MiB.
2026-10-07T07:53:00Z INFO [553/750] 5d13392d-587d-4f08-9676-2cffe5c3b4f7: Sackin index -0.1349; 0.9 s; peak memory 1254 MiB.
2026-10-07T07:53:00Z INFO [554/750] 5d13b9de-6c39-4e9d-a308-439240496fd3: Sackin index -0.1349; 0.9 s; peak memory 1254 MiB.
2026-10-07T07:53:01Z INFO [555/750] 5d1480aa-80bb-4ce6-ac9f-f8f7c735e29d: Sackin index -0.0702; 0.8 s; peak memory 1254 MiB.
2026-10-07T07:53:02Z INFO [556/750] 5d14e644-d59a-4429-9c94-3a45ffad286f: Sackin index -0.0732; 1.2 s; peak memory 1254 MiB.
2026-10-07T07:53:09Z INFO [557/750] 5d15e301-c507-4fdc-8876-2cab4fef428c: Sackin index -0.0017; 6.9 s; peak memory 1254 MiB.
2026-10-07T07:53:10Z INFO [558/750] 5d1651ef-4868-421a-bb96-056aca2f6a55: Sackin index -0.2411; 0.6 s; peak memory 1254 MiB.
2026-10-07T07:53:11Z INFO [559/750] 5d165228-ca62-40f6-9bd1-cefbfacb8345: Sackin index -0.1349; 1.0 s; peak memory 1254 MiB.
2026-10-07T07:53:12Z INFO [560/750] 5d16ab69-1ef7-45a5-9ec7-7213d8b692df: Sackin index -0.0375; 0.8 s; peak memory 1254 MiB.
2026-10-07T07:53:19Z INFO [561/750] 5d16e91d-d470-40eb-894c-7cbbed7ed6c5: Sackin index -0.1330; 7.5 s; peak memory 1254 MiB.
2026-10-07T07:53:20Z INFO [562/750] 5d173a63-e065-4e59-a45c-ed105a3096fe: Sackin index -0.1349; 0.9 s; peak memory 1254 MiB.
2026-10-07T07:53:21Z INFO [563/750] 5d177b85-9af2-4056-8835-44218941a75f: Sackin index -0.1349; 0.9 s; peak memory 1254 MiB.
2026-10-07T07:53:22Z INFO [564/750] 5d179590-3d8b-4fe8-b88d-d27b89b2b9c0: Sackin index -0.1303; 0.6 s; peak memory 1254 MiB.
2026-10-07T07:53:22Z INFO [565/750] 5d179e4e-1815-4bdf-ac69-8deb1e92c9a7: Sackin index -0.1349; 0.8 s; peak memory 1254 MiB.
2026-10-07T07:53:28Z INFO [566/750] 5d17b64b-096a-4ae9-996f-68969a0c76f2: Sackin index -0.0216; 6.0 s; peak memory 1254 MiB.
2026-10-07T07:53:30Z INFO [567/750] 5d18513c-7f59-45e4-8a65-bcd7898bd292: Sackin index -0.1383; 1.2 s; peak memory 1254 MiB.
2026-10-07T07:53:33Z INFO [568/750] 5d188597-49c5-42dc-86d0-3498540b0c73: Sackin index -0.1062; 3.2 s; peak memory 1254 MiB.
2026-10-07T07:53:35Z INFO [569/750] 5d18f850-4354-4aef-901b-383ef7c42230: Sackin index -0.1938; 1.9 s; peak memory 1254 MiB.
2026-10-07T07:53:36Z INFO [570/750] 5d1934da-6a92-4e4e-9014-29193324c593: Sackin index -0.0728; 1.2 s; peak memory 1254 MiB.
2026-10-07T07:53:38Z INFO [571/750] 5d195ea4-aef2-4f28-97e7-4155c7697b31: Sackin index -0.0533; 2.2 s; peak memory 1254 MiB.
2026-10-07T07:53:41Z INFO [572/750] 5d19846a-a528-4856-a5aa-991d638eac46: Sackin index -0.1761; 3.2 s; peak memory 1254 MiB.
2026-10-07T07:53:43Z INFO [573/750] 5d1a525b-9101-4eff-a157-48ea64e94726: Sackin index -0.0660; 2.2 s; peak memory 1254 MiB.
2026-10-07T07:53:46Z INFO [574/750] 5d1aa069-5a90-44e1-9dc0-6c59c70e0acf: Sackin index -0.0797; 2.7 s; peak memory 1254 MiB.
2026-10-07T07:53:48Z INFO [575/750] 5d1adcac-631d-45cb-8b3b-39ed68fdcbb5: Sackin index -0.0693; 1.9 s; peak memory 1254 MiB.
2026-10-07T07:53:49Z INFO [576/750] 5d1b470e-d71a-4258-bb4a-424194afe783: Sackin index -0.0745; 1.3 s; peak memory 1254 MiB.
2026-10-07T07:53:50Z INFO [577/750] 5d1b589e-9a92-4c6f-b718-33ef69cfbcd0: Sackin index -0.1349; 1.0 s; peak memory 1254 MiB.
2026-10-07T07:53:51Z INFO [578/750] 5d1b7c4c-00fc-42b1-9d0c-df99fc656f19: Sackin index -0.1331; 0.9 s; peak memory 1254 MiB.
2026-10-07T07:53:52Z INFO [579/750] 5d1bbdee-b26e-402a-99dc-cd6259d4c0b6: Sackin index -0.1602; 0.9 s; peak memory 1254 MiB.
2026-10-07T07:53:53Z INFO [580/750] 5d1bd0b3-5d8f-4e5e-9a8d-1ae4a574b44d: Sackin index -0.0696; 0.9 s; peak memory 1254 MiB.
2026-10-07T07:53:54Z INFO [581/750] 5d1be3eb-d3cc-4ce8-8460-29c35c16c9a6: Sackin index -0.0702; 0.7 s; peak memory 1254 MiB.
2026-10-07T07:53:55Z INFO [582/750] 5d1cbfc1-8a26-4e25-bbf1-86328668ac12: Sackin index -0.1448; 0.7 s; peak memory 1254 MiB.
2026-10-07T07:54:04Z INFO [583/750] 5d1ce15c-776f-4e62-a0c5-8590a82c56b8: Sackin index -0.0017; 9.0 s; peak memory 1254 MiB.
2026-10-07T07:54:08Z INFO [584/750] 5d1e6e26-3580-49ea-9142-c5ada206f50e: Sackin index -0.0403; 4.1 s; peak memory 1254 MiB.
2026-10-07T07:56:14Z INFO [585/750] 5d1e88f4-1a03-4cd4-b55f-898b757ea3a3: Sackin index -0.0414; 126.4 s; peak memory 1254 MiB.
2026-10-07T07:56:15Z INFO [586/750] 5d1e9729-45ed-4e3f-a989-9c12253788f2: Sackin index -0.1658; 0.9 s; peak memory 1254 MiB.
2026-10-07T07:56:17Z INFO [587/750] 5d1eabdc-4105-420f-af47-b4e0b61cc08e: Sackin index -0.1938; 2.1 s; peak memory 1254 MiB.
2026-10-07T07:56:18Z INFO [588/750] 5d1f4ded-88e3-411d-9951-84ac652076bd: Sackin index -0.1349; 0.9 s; peak memory 1254 MiB.
2026-10-07T07:56:19Z INFO [589/750] 5d202cf4-b6bd-409f-ab44-e36d0c381a39: Sackin index -0.1178; 0.8 s; peak memory 1254 MiB.
2026-10-07T07:56:20Z INFO [590/750] 5d215234-730c-44cd-a205-4ed14252310e: Sackin index -0.1349; 0.9 s; peak memory 1254 MiB.
2026-10-07T07:56:20Z INFO [591/750] 5d21eb80-7f23-4ab8-ac4a-79d90baa9060: Sackin index -0.1239; 0.8 s; peak memory 1254 MiB.
2026-10-07T07:56:21Z INFO [592/750] 5d229456-276f-443d-b389-ea791a6941ec: Sackin index -0.1349; 0.7 s; peak memory 1254 MiB.
2026-10-07T07:56:28Z INFO [593/750] 5d22fa37-3d7d-4d67-899b-30ef8ad91e73: Sackin index -0.0153; 7.2 s; peak memory 1254 MiB.
2026-10-07T07:56:29Z INFO [594/750] 5d23fd44-1c58-4ca5-b20d-9d15f1c92300: Sackin index -0.1349; 0.9 s; peak memory 1254 MiB.
2026-10-07T07:56:30Z INFO [595/750] 5d2446fc-211b-40d7-bbc6-e5a89db23573: Sackin index -0.0728; 1.1 s; peak memory 1254 MiB.
2026-10-07T07:56:31Z INFO [596/750] 5d2525fd-ded1-444b-9733-91e558b5b7cb: Sackin index -0.0728; 1.0 s; peak memory 1254 MiB.
2026-10-07T07:56:36Z INFO [597/750] 5d258cec-2953-4187-8d5c-221b622871cf: Sackin index -0.0403; 4.4 s; peak memory 1254 MiB.
2026-10-07T07:56:37Z INFO [598/750] 5d2622c6-8365-480e-8c22-2a4cfaabdfb7: Sackin index -0.1349; 0.9 s; peak memory 1254 MiB.
2026-10-07T07:56:38Z INFO [599/750] 5d27067d-21b2-4d23-a1f0-4f7e047871c7: Sackin index -0.0728; 1.1 s; peak memory 1254 MiB.
2026-10-07T07:56:39Z INFO [600/750] 5d273762-4614-4a97-88c9-293fd3d80238: Sackin index -0.0696; 1.0 s; peak memory 1254 MiB.
2026-10-07T07:56:39Z INFO [600/750] 5d273762-4614-4a97-88c9-293fd3d80238: checkpointed 91936 records.
2026-10-07T07:56:41Z INFO [601/750] 5d27fa33-cb0d-4d2d-ac9c-b9d4dcf97b79: Sackin index -0.1938; 1.8 s; peak memory 1254 MiB.
2026-10-07T07:56:52Z INFO [602/750] 5d28b2f6-37cd-44df-a2e9-6c2488201648: Sackin index -0.1462; 11.7 s; peak memory 1254 MiB.
2026-10-07T07:56:54Z INFO [603/750] 5d28c7a0-b033-4680-8db3-e26ca98ed5c3: Sackin index -0.0745; 1.2 s; peak memory 1254 MiB.
2026-10-07T07:56:55Z INFO [604/750] 5d28f77b-71e6-4a78-a36b-be32f03c1ecd: Sackin index -0.1380; 1.0 s; peak memory 1254 MiB.
2026-10-07T07:56:57Z INFO [605/750] 5d2996d4-9ac5-40c9-80d4-657e846715b6: Sackin index -0.0350; 2.3 s; peak memory 1254 MiB.
2026-10-07T07:57:04Z INFO [606/750] 5d2a0b0c-afb8-41c1-b375-bac4655ccd10: Sackin index -0.0366; 6.8 s; peak memory 1254 MiB.
2026-10-07T07:57:08Z INFO [607/750] 5d2a3732-7193-48e6-ac85-6c2051ee6ae9: Sackin index -0.1657; 4.3 s; peak memory 1254 MiB.
2026-10-07T07:57:09Z INFO [608/750] 5d2a6e2b-b331-402c-aa0c-d1b558267b64: Sackin index -0.0732; 1.4 s; peak memory 1254 MiB.
2026-10-07T07:57:33Z INFO [609/750] 5d2b00b3-3a64-4a3e-850e-8c5606bdd163: Sackin index -0.1367; 23.4 s; peak memory 1254 MiB.
2026-10-07T07:57:34Z INFO [610/750] 5d2b1f1b-5d1c-4ce3-9868-2dd002042cbd: Sackin index -0.1349; 0.9 s; peak memory 1254 MiB.
2026-10-07T07:57:35Z INFO [611/750] 5d2b7002-4bc9-4ddd-9811-c86d11a78961: Sackin index -0.0272; 1.0 s; peak memory 1254 MiB.
2026-10-07T07:57:35Z INFO [612/750] 5d2c34f8-91be-4157-a1fa-de82e17a95b9: Sackin index -0.1349; 0.8 s; peak memory 1254 MiB.
2026-10-07T07:57:36Z INFO [613/750] 5d2cff0c-c9cc-4534-8d32-10280d66111b: Sackin index -0.1254; 0.8 s; peak memory 1254 MiB.
2026-10-07T07:57:38Z INFO [614/750] 5d2e1cd2-fbff-453b-ba75-8211ed9b8343: Sackin index -0.1013; 1.3 s; peak memory 1254 MiB.
2026-10-07T07:57:38Z INFO [615/750] 5d2e96ce-c64b-4b74-b9c4-528c882b631e: Sackin index -0.1248; 0.8 s; peak memory 1254 MiB.
2026-10-07T07:57:48Z INFO [616/750] 5d2efd7e-466a-4deb-908a-6fc67e96c659: Sackin index -0.0425; 9.8 s; peak memory 1254 MiB.
2026-10-07T07:57:49Z INFO [617/750] 5d2f5db1-e2bc-4be6-8927-892fc41519b2: Sackin index -0.1349; 0.8 s; peak memory 1254 MiB.
2026-10-07T07:57:50Z INFO [618/750] 5d2faaa2-4ac1-42fc-a856-26381b1dda31: Sackin index -0.1331; 0.6 s; peak memory 1254 MiB.
2026-10-07T07:57:50Z INFO [619/750] 5d306904-af7e-4ee0-991f-ceaa438a7157: Sackin index -0.1349; 0.9 s; peak memory 1254 MiB.
2026-10-07T07:57:52Z INFO [620/750] 5d30ccfc-32be-45b1-b42b-e17ca853ec47: Sackin index -0.1273; 1.2 s; peak memory 1254 MiB.
2026-10-07T07:57:53Z INFO [621/750] 5d31802a-4e92-4dc3-a068-4de97c298d83: Sackin index -0.0696; 0.9 s; peak memory 1254 MiB.
2026-10-07T07:57:55Z INFO [622/750] 5d31b89a-b774-4a3b-91ec-6b903d13e355: Sackin index -0.1938; 2.0 s; peak memory 1254 MiB.
2026-10-07T07:57:56Z INFO [623/750] 5d32050b-0e95-4f3a-bd0a-df1e7cad607c: Sackin index -0.1006; 1.2 s; peak memory 1254 MiB.
2026-10-07T07:57:56Z INFO [624/750] 5d32d2af-2d69-4c11-aece-ae3780f78200: Sackin index -0.1349; 0.7 s; peak memory 1254 MiB.
2026-10-07T07:57:58Z INFO [625/750] 5d336263-fd2b-4b0a-8450-4e3c4c05e6d9: Sackin index -0.1224; 1.6 s; peak memory 1254 MiB.
2026-10-07T07:58:01Z INFO [626/750] 5d339143-ec73-40f8-adde-addfd7ddebbc: Sackin index -0.0233; 2.9 s; peak memory 1254 MiB.
2026-10-07T07:58:02Z INFO [627/750] 5d33aa9c-d15e-4d63-a4db-c8971830ec64: Sackin index -0.1602; 0.8 s; peak memory 1254 MiB.
2026-10-07T07:58:03Z INFO [628/750] 5d33eb45-b97c-4eae-bdc4-cc0be4abac21: Sackin index -0.0709; 0.9 s; peak memory 1254 MiB.
2026-10-07T07:58:06Z INFO [629/750] 5d33ef78-fd60-492e-b0de-0c1317abe871: Sackin index -0.0564; 2.7 s; peak memory 1254 MiB.
2026-10-07T07:58:06Z INFO [630/750] 5d341c6e-4ff0-4de9-add3-cb9a3ef3c8cf: Sackin index -0.1658; 0.8 s; peak memory 1254 MiB.
2026-10-07T07:58:07Z INFO [631/750] 5d347b78-80d9-4a77-8a90-4897169c13ab: Sackin index -0.0696; 0.9 s; peak memory 1254 MiB.
2026-10-07T07:58:08Z INFO [632/750] 5d349b68-4d94-4502-8554-4405447f54ad: Sackin index -0.1658; 0.7 s; peak memory 1254 MiB.
2026-10-07T07:58:09Z INFO [633/750] 5d34cfac-b0df-44fe-963d-8a4d33ab7d26: Sackin index -0.1349; 1.0 s; peak memory 1254 MiB.
2026-10-07T07:58:10Z INFO [634/750] 5d3521b5-1014-47e5-8eca-e6ad231bb735: Sackin index -0.0702; 0.9 s; peak memory 1254 MiB.
2026-10-07T07:58:11Z INFO [635/750] 5d35750f-eb9c-4508-b060-9e56a3dec4bb: Sackin index -0.0728; 1.2 s; peak memory 1254 MiB.
2026-10-07T07:58:17Z INFO [636/750] 5d3596bd-4cc7-40c5-991e-96ae57cd1f45: Sackin index -0.0178; 5.9 s; peak memory 1254 MiB.
2026-10-07T07:58:18Z INFO [637/750] 5d37173e-526c-4f1a-b4b0-8d1bd2b72724: Sackin index -0.0745; 1.2 s; peak memory 1254 MiB.
2026-10-07T07:58:19Z INFO [638/750] 5d38e428-72d6-4a7f-92e9-a6b2341d9d16: Sackin index -0.0696; 0.9 s; peak memory 1254 MiB.
2026-10-07T07:58:20Z INFO [639/750] 5d39b361-937b-43d6-a7ec-1e0de4f805b8: Sackin index -0.1349; 1.0 s; peak memory 1254 MiB.
2026-10-07T07:58:21Z INFO [640/750] 5d39b92a-069e-44d6-92e0-8a5e8606b138: Sackin index -0.0709; 1.3 s; peak memory 1254 MiB.
2026-10-07T07:58:22Z INFO [641/750] 5d39fede-9df2-4a06-922b-1a0a30a8b30a: Sackin index -0.0696; 0.8 s; peak memory 1254 MiB.
2026-10-07T07:58:23Z INFO [642/750] 5d3a5408-cff8-4626-b597-8d0f1b4df17b: Sackin index -0.0745; 1.2 s; peak memory 1254 MiB.
2026-10-07T07:58:25Z INFO [643/750] 5d3a84af-29d3-418e-9f53-0447edd8f931: Sackin index -0.0842; 2.2 s; peak memory 1254 MiB.
2026-10-07T07:58:30Z INFO [644/750] 5d3b66ef-117d-46cc-a221-d4b05fc85ed4: Sackin index -0.0189; 4.3 s; peak memory 1254 MiB.
2026-10-07T07:58:30Z INFO [645/750] 5d3b7120-da5b-4afd-8ef4-d58e9047774d: Sackin index -0.3646; 0.6 s; peak memory 1254 MiB.
2026-10-07T07:58:32Z INFO [646/750] 5d3be74a-0284-444d-80e3-d8d616013060: Sackin index -0.0693; 2.2 s; peak memory 1254 MiB.
2026-10-07T07:58:34Z INFO [647/750] 5d3d9e61-f0e3-4535-aef8-d028af14e471: Sackin index -0.0375; 1.1 s; peak memory 1254 MiB.
2026-10-07T07:58:35Z INFO [648/750] 5d3db6c0-b660-4086-b3d6-69704cd7aa19: Sackin index -0.0656; 1.1 s; peak memory 1254 MiB.
2026-10-07T07:59:00Z INFO [649/750] 5d3e384a-bd04-420e-b822-4130e9bf597d: Sackin index -0.1367; 25.8 s; peak memory 1254 MiB.
2026-10-07T07:59:01Z INFO [650/750] 5d3ed4b3-8378-4eae-a1cb-e3796e8c811b: Sackin index -0.0709; 1.0 s; peak memory 1254 MiB.
2026-10-07T07:59:02Z INFO [650/750] 5d3ed4b3-8378-4eae-a1cb-e3796e8c811b: checkpointed 91986 records.
2026-10-07T07:59:02Z INFO [651/750] 5d3fbde0-9329-43a3-a284-9f847acf9386: Sackin index -0.1658; 0.6 s; peak memory 1254 MiB.
2026-10-07T07:59:03Z INFO [652/750] 5d403600-7d98-4ac7-a119-d07a99cf8340: Sackin index -0.1349; 0.7 s; peak memory 1254 MiB.
2026-10-07T07:59:04Z INFO [653/750] 5d404df9-c7b7-4185-8bb9-e6e513aa69ef: Sackin index -0.1257; 1.4 s; peak memory 1254 MiB.
2026-10-07T07:59:05Z INFO [654/750] 5d408c9c-ce77-4f4d-a726-dfbc21735619: Sackin index -0.1658; 0.5 s; peak memory 1254 MiB.
2026-10-07T07:59:06Z INFO [655/750] 5d40f22e-6094-423a-b821-176c3c52a102: Sackin index -0.0728; 1.5 s; peak memory 1254 MiB.
2026-10-07T07:59:07Z INFO [656/750] 5d41ae8f-c8cf-43a9-9d7a-d3578a60092a: Sackin index -0.1602; 0.7 s; peak memory 1254 MiB.
2026-10-07T07:59:20Z INFO [657/750] 5d41dc8a-c19e-4309-ad36-188931a3e8b1: Sackin index -0.0159; 12.8 s; peak memory 1254 MiB.
2026-10-07T07:59:20Z INFO [658/750] 5d421b79-29b5-4a16-beeb-3466a4f944d7: Sackin index -0.1938; 0.6 s; peak memory 1254 MiB.
2026-10-07T07:59:21Z INFO [659/750] 5d4323e9-54e7-461c-b173-db9b8598e7e8: Sackin index -0.0413; 1.1 s; peak memory 1254 MiB.
2026-10-07T07:59:22Z INFO [660/750] 5d43879b-5543-4698-87f1-cb06c21bb048: Sackin index -0.0377; 0.9 s; peak memory 1254 MiB.
2026-10-07T07:59:24Z INFO [661/750] 5d43a537-abba-4405-a6fc-b9db01cc3364: Sackin index -0.0350; 2.1 s; peak memory 1254 MiB.
2026-10-07T07:59:26Z INFO [662/750] 5d44dd9e-53b4-4895-b749-ae33b3c55b27: Sackin index -0.0350; 2.1 s; peak memory 1254 MiB.
2026-10-07T07:59:27Z INFO [663/750] 5d44e4aa-c299-4ea7-8204-2caf9ece9de8: Sackin index -0.0702; 1.0 s; peak memory 1254 MiB.
2026-10-07T07:59:28Z INFO [664/750] 5d4510cb-d717-4cd7-9bd8-487f99c6b961: Sackin index -0.0881; 0.8 s; peak memory 1254 MiB.
2026-10-07T07:59:30Z INFO [665/750] 5d455f37-a26b-4fa2-8ae0-746d1a6ae59d: Sackin index -0.1356; 1.3 s; peak memory 1254 MiB.
2026-10-07T07:59:31Z INFO [666/750] 5d4562ee-f691-4eb6-a18b-53444026b8c4: Sackin index -0.0728; 1.2 s; peak memory 1254 MiB.
2026-10-07T07:59:32Z INFO [667/750] 5d456de7-b9e8-4c44-bdd4-2bb029063222: Sackin index -0.1349; 0.8 s; peak memory 1254 MiB.
2026-10-07T07:59:33Z INFO [668/750] 5d4598af-8567-4dac-b3ec-0d9ab4af966c: Sackin index -0.0702; 1.0 s; peak memory 1254 MiB.
2026-10-07T07:59:35Z INFO [669/750] 5d46527a-f17c-4d27-8d63-d0e96f3a7f9e: Sackin index -0.0699; 2.2 s; peak memory 1254 MiB.
2026-10-07T07:59:36Z INFO [670/750] 5d46b542-3ef2-448c-9b41-94064de78fef: Sackin index -0.0728; 1.2 s; peak memory 1254 MiB.
2026-10-07T07:59:37Z INFO [671/750] 5d46f9d1-2804-4f80-8453-2e343e001eea: Sackin index -0.1178; 0.7 s; peak memory 1254 MiB.
2026-10-07T07:59:38Z INFO [672/750] 5d477534-e431-4423-ab0d-ed3bce06a601: Sackin index -0.0375; 1.2 s; peak memory 1254 MiB.
2026-10-07T07:59:40Z INFO [673/750] 5d479b7a-e5cd-4df2-b770-d4e0fb9e8b83: Sackin index -0.0276; 1.5 s; peak memory 1254 MiB.
2026-10-07T07:59:40Z INFO [674/750] 5d483c94-9711-493c-aa4c-c71ad220b137: Sackin index -0.1303; 0.6 s; peak memory 1254 MiB.
2026-10-07T07:59:41Z INFO [675/750] 5d4922b3-1a18-4d28-a2d8-e7c01fc5ede3: Sackin index -0.1026; 1.3 s; peak memory 1254 MiB.
2026-10-07T07:59:42Z INFO [676/750] 5d49e878-7d17-4fc2-95f7-97c8a49e9ee2: Sackin index -0.1461; 0.8 s; peak memory 1254 MiB.
2026-10-07T07:59:43Z INFO [677/750] 5d49f6ae-6a47-4c7a-b667-9c9356aa7c1c: Sackin index -0.1288; 0.8 s; peak memory 1254 MiB.
2026-10-07T07:59:44Z INFO [678/750] 5d4a06ab-487d-496d-a105-4d6b4ecc1218: Sackin index -0.1429; 1.2 s; peak memory 1254 MiB.
2026-10-07T07:59:51Z INFO [679/750] 5d4a737a-2601-483b-a94d-f136b4b732a1: Sackin index -0.0304; 7.1 s; peak memory 1254 MiB.
2026-10-07T07:59:54Z INFO [680/750] 5d4b0703-15e0-46df-8eaa-d27113e96dca: Sackin index -0.0695; 2.2 s; peak memory 1254 MiB.
2026-10-07T07:59:55Z INFO [681/750] 5d4c0f83-d712-4762-b01e-3bd5d5397a63: Sackin index -0.0728; 1.2 s; peak memory 1254 MiB.
2026-10-07T07:59:55Z INFO [682/750] 5d4e381f-82c4-481f-87f4-c8cd19ec6707: Sackin index -0.1938; 0.6 s; peak memory 1254 MiB.
2026-10-07T07:59:56Z INFO [683/750] 5d4ec889-7e9c-4813-b4ab-23aaaaa02731: Sackin index -0.1349; 0.8 s; peak memory 1254 MiB.
2026-10-07T07:59:57Z INFO [684/750] 5d50931c-c147-4877-8708-21fe18c5497c: Sackin index -0.0696; 0.7 s; peak memory 1254 MiB.
2026-10-07T07:59:58Z INFO [685/750] 5d50a5d9-7026-447d-b22c-f5716f349907: Sackin index -0.1349; 0.7 s; peak memory 1254 MiB.
2026-10-07T07:59:59Z INFO [686/750] 5d50dacd-13a8-476f-8386-1a5aa886d61f: Sackin index -0.0809; 1.8 s; peak memory 1254 MiB.
2026-10-07T08:00:02Z INFO [687/750] 5d513f37-67d5-499c-9bad-45bf01a3dc86: Sackin index -0.0693; 2.1 s; peak memory 1254 MiB.
2026-10-07T08:00:02Z INFO [688/750] 5d51fc2d-502e-42dc-a0fa-3f49522fe570: Sackin index -0.0696; 0.7 s; peak memory 1254 MiB.
2026-10-07T08:00:03Z INFO [689/750] 5d5371c1-e7ba-44f4-828f-6ab03c7047b3: Sackin index -0.1349; 1.0 s; peak memory 1254 MiB.
2026-10-07T08:00:10Z INFO [690/750] 5d539aba-3b3f-4f2b-9d35-870d483df71e: Sackin index -0.0413; 6.3 s; peak memory 1254 MiB.
2026-10-07T08:00:10Z INFO [691/750] 5d53e988-17dd-47f2-83b6-30e9a52aab84: Sackin index -0.1349; 0.8 s; peak memory 1254 MiB.
2026-10-07T08:00:11Z INFO [692/750] 5d54654d-34d2-48a5-bf1f-bb941a472f70: Sackin index -0.0745; 1.0 s; peak memory 1254 MiB.
2026-10-07T08:00:12Z INFO [693/750] 5d547b1b-ded8-41e8-85e1-563740028621: Sackin index -0.0709; 1.0 s; peak memory 1254 MiB.
2026-10-07T08:00:13Z INFO [694/750] 5d555c0d-9e3b-4033-a68d-2b42b51ae295: Sackin index -0.0811; 0.8 s; peak memory 1254 MiB.
2026-10-07T08:00:20Z INFO [695/750] 5d557fc0-1e9b-47ff-9f1b-fc7ecec79fc7: Sackin index -0.0133; 6.5 s; peak memory 1254 MiB.
2026-10-07T08:00:21Z INFO [696/750] 5d567b7e-691f-41ae-afd7-663e134bf466: Sackin index -0.1248; 0.8 s; peak memory 1254 MiB.
2026-10-07T08:00:22Z INFO [697/750] 5d579422-1f0e-4f45-8e8e-80de9080d882: Sackin index -0.0457; 1.2 s; peak memory 1254 MiB.
2026-10-07T08:00:23Z INFO [698/750] 5d589bdb-938e-4eb0-a4a0-1bbaea4dda33: Sackin index -0.3066; 1.2 s; peak memory 1254 MiB.
2026-10-07T08:00:25Z INFO [699/750] 5d59015e-d941-47b8-8235-b9c946ac10c0: Sackin index -0.1938; 1.9 s; peak memory 1254 MiB.
2026-10-07T08:00:26Z INFO [700/750] 5d592974-083f-44df-8c8c-56f23d51e00f: Sackin index -0.1704; 0.8 s; peak memory 1254 MiB.
2026-10-07T08:00:26Z INFO [700/750] 5d592974-083f-44df-8c8c-56f23d51e00f: checkpointed 92036 records.
2026-10-07T08:00:26Z INFO [701/750] 5d594e9c-6feb-4c01-aff3-41b1f9ed0703: Sackin index -0.0702; 0.7 s; peak memory 1254 MiB.
2026-10-07T08:00:27Z INFO [702/750] 5d5a16db-7b36-46fb-9d1b-f59525529fdf: Sackin index -0.1349; 0.8 s; peak memory 1254 MiB.
2026-10-07T08:00:29Z INFO [703/750] 5d5ab874-81eb-48ef-b70a-bc90cbc99fc4: Sackin index -0.0369; 2.0 s; peak memory 1254 MiB.
2026-10-07T08:00:30Z INFO [704/750] 5d5afb35-38b6-4e06-9974-42ebf47677c2: Sackin index -0.1349; 0.8 s; peak memory 1254 MiB.
2026-10-07T08:00:35Z INFO [705/750] 5d5bce4d-ad3b-4b3a-b06b-a22b1d9d0b34: Sackin index -0.0231; 5.4 s; peak memory 1254 MiB.
2026-10-07T08:00:37Z INFO [706/750] 5d5bd301-503b-47a1-89fe-404e03bd936a: Sackin index -0.0434; 1.2 s; peak memory 1254 MiB.
2026-10-07T08:01:28Z INFO [707/750] 5d5d2bbc-a7b0-4200-921b-f271c84c0ddb: Sackin index -0.0010; 51.6 s; peak memory 1254 MiB.
2026-10-07T08:01:30Z INFO [708/750] 5d5d2f94-4bae-42bc-8f2a-361d37f7f96b: Sackin index -0.0699; 2.0 s; peak memory 1254 MiB.
2026-10-07T08:01:31Z INFO [709/750] 5d5d4a05-0e3c-4933-84a8-47274e21ed07: Sackin index -0.1349; 0.9 s; peak memory 1254 MiB.
2026-10-07T08:01:32Z INFO [710/750] 5d5e0ed7-b143-4052-8e47-ee84b912b355: Sackin index -0.1938; 1.3 s; peak memory 1254 MiB.
2026-10-07T08:01:33Z INFO [711/750] 5d5e4f38-e2d6-4d89-a069-98a4361c368c: Sackin index -0.1349; 0.9 s; peak memory 1254 MiB.
2026-10-07T08:01:34Z INFO [712/750] 5d5eebfe-3961-44d5-ba3c-a069f8dedb11: Sackin index -0.3646; 0.7 s; peak memory 1254 MiB.
2026-10-07T08:01:36Z INFO [713/750] 5d5f13b7-756b-4bfc-ac54-3013687f1a67: Sackin index -0.0369; 1.5 s; peak memory 1254 MiB.
2026-10-07T08:01:36Z INFO [714/750] 5d5f764c-698e-42b0-acf7-eca194437cfb: Sackin index -0.0702; 0.8 s; peak memory 1254 MiB.
2026-10-07T08:01:38Z INFO [715/750] 5d602af1-48cc-4b17-b83c-852105f806ec: Sackin index -0.0375; 1.4 s; peak memory 1254 MiB.
2026-10-07T08:01:39Z INFO [716/750] 5d605f86-b4d4-4c2a-8f92-aa4388b1380d: Sackin index -0.2147; 0.8 s; peak memory 1254 MiB.
2026-10-07T08:01:40Z INFO [717/750] 5d60940c-6548-4503-bbea-179a36a72145: Sackin index -0.0369; 1.2 s; peak memory 1254 MiB.
2026-10-07T08:01:41Z INFO [718/750] 5d60f6f0-bd8a-44c7-9ff5-88f4976364a8: Sackin index -0.1239; 0.7 s; peak memory 1254 MiB.
2026-10-07T08:01:46Z INFO [719/750] 5d6119e6-c30a-43a6-ae97-3a4b23011755: Sackin index -0.0239; 5.3 s; peak memory 1254 MiB.
2026-10-07T08:01:47Z INFO [720/750] 5d611e78-3d33-41c0-ba10-590dea24b2aa: Sackin index -0.0728; 1.4 s; peak memory 1254 MiB.
2026-10-07T08:01:48Z INFO [721/750] 5d61bb5e-4170-4eed-bccf-865ea84d88c7: Sackin index -0.1191; 0.8 s; peak memory 1254 MiB.
2026-10-07T08:01:49Z INFO [722/750] 5d61e53b-75af-465c-af9b-cc441f5e3d74: Sackin index -0.0738; 1.3 s; peak memory 1254 MiB.
2026-10-07T08:01:50Z INFO [723/750] 5d61f5c0-4dde-482a-9612-98a01b2318ff: Sackin index -0.0696; 1.0 s; peak memory 1254 MiB.
2026-10-07T08:01:52Z INFO [724/750] 5d624bc8-e340-42ac-b486-53306de356a0: Sackin index -0.0376; 1.3 s; peak memory 1254 MiB.
2026-10-07T08:01:52Z INFO [725/750] 5d6334a4-a151-4821-b9a1-877536c4a4ba: Sackin index -0.1331; 0.7 s; peak memory 1254 MiB.
2026-10-07T08:01:54Z INFO [726/750] 5d647077-89cf-4de5-bcf3-ff9541d42b2d: Sackin index -0.0379; 1.2 s; peak memory 1254 MiB.
2026-10-07T08:02:05Z INFO [727/750] 5d64e203-b2ea-4092-8b6a-5cedf307e6f9: Sackin index -0.0157; 11.7 s; peak memory 1254 MiB.
2026-10-07T08:02:06Z INFO [728/750] 5d65e5e6-a1a1-4988-92e5-f3a5f2593aa5: Sackin index -0.0702; 0.8 s; peak memory 1254 MiB.
2026-10-07T08:02:07Z INFO [729/750] 5d65e8ad-e1fb-4d0b-b119-513b0af21ab1: Sackin index -0.0720; 1.1 s; peak memory 1254 MiB.
2026-10-07T08:02:08Z INFO [730/750] 5d668963-348d-422c-a614-c2d4b8969699: Sackin index -0.0702; 0.8 s; peak memory 1254 MiB.
2026-10-07T08:02:09Z INFO [731/750] 5d675950-230f-42c8-8165-7acd72468918: Sackin index -0.1349; 0.9 s; peak memory 1254 MiB.
2026-10-07T08:02:09Z INFO [732/750] 5d6848d0-0856-4208-b2f3-8084877d511d: Sackin index -0.1178; 0.5 s; peak memory 1254 MiB.
2026-10-07T08:02:10Z INFO [733/750] 5d689959-8aac-4e7d-a138-ee4b6baec347: Sackin index -0.1349; 0.9 s; peak memory 1254 MiB.
2026-10-07T08:02:12Z INFO [734/750] 5d6923bc-9768-4b21-8bb5-ca962cecb005: Sackin index -0.0745; 1.1 s; peak memory 1254 MiB.
2026-10-07T08:02:12Z INFO [735/750] 5d699046-aff0-4b8a-8540-f05172a81232: Sackin index -0.1303; 0.8 s; peak memory 1254 MiB.
2026-10-07T08:02:13Z INFO [736/750] 5d6b8651-e112-48e8-a9d5-02263a66eea4: Sackin index -0.1349; 0.8 s; peak memory 1254 MiB.
2026-10-07T08:02:14Z INFO [737/750] 5d6bc4e8-ca21-4f87-8480-f1b2ff86842d: Sackin index -0.0702; 0.8 s; peak memory 1254 MiB.
2026-10-07T08:02:17Z INFO [738/750] 5d6bd2b8-8ed2-4e6c-a5db-7972c99d5e30: Sackin index -0.1266; 3.1 s; peak memory 1254 MiB.
2026-10-07T08:02:18Z INFO [739/750] 5d6bd71f-86a8-44d2-a150-49708ca85a67: Sackin index -0.0728; 1.1 s; peak memory 1254 MiB.
2026-10-07T08:02:20Z INFO [740/750] 5d6cce6e-dcff-4c2e-8f68-9f8476436851: Sackin index -0.0676; 1.9 s; peak memory 1254 MiB.
2026-10-07T08:02:25Z INFO [741/750] 5d6d0199-03fa-4846-b913-925fa8e55c35: Sackin index -0.1495; 4.6 s; peak memory 1254 MiB.
2026-10-07T08:02:25Z INFO [742/750] 5d6da9dd-733a-4618-9423-cc00d7ab5fb7: Sackin index -0.1461; 0.7 s; peak memory 1254 MiB.
2026-10-07T08:02:26Z INFO [743/750] 5d6dba67-e21d-4983-8abd-fd6ee6f9573f: Sackin index -0.1658; 0.5 s; peak memory 1254 MiB.
2026-10-07T08:02:31Z INFO [744/750] 5d6df412-f1f1-4445-ae73-37c156e91c56: Sackin index -0.0251; 5.4 s; peak memory 1254 MiB.
2026-10-07T08:02:32Z INFO [745/750] 5d6e41d7-820c-4b3b-8c3b-dbea39890a72: Sackin index -0.0709; 0.9 s; peak memory 1254 MiB.
2026-10-07T08:02:43Z INFO [746/750] 5d6e43c5-facc-43d1-ba02-0dfd24cf08df: Sackin index -0.0188; 11.1 s; peak memory 1254 MiB.
2026-10-07T08:02:44Z INFO [747/750] 5d6fcb70-fab5-4917-a5b2-c2c05ea04e57: Sackin index -0.0702; 1.2 s; peak memory 1254 MiB.
2026-10-07T08:02:45Z INFO [748/750] 5d6fecbb-d945-4704-a78e-42dc84d4617b: Sackin index -0.0709; 1.1 s; peak memory 1254 MiB.
2026-10-07T08:02:49Z INFO [749/750] 5d713833-0784-4d7a-a438-a875954b1d8a: Sackin index -0.0378; 3.8 s; peak memory 1254 MiB.
2026-10-07T08:02:50Z INFO [750/750] 5d71649a-896d-40cb-b0cd-44203889deff: Sackin index -0.1349; 1.0 s; peak memory 1254 MiB.
2026-10-07T08:02:50Z INFO [750/750] 5d71649a-896d-40cb-b0cd-44203889deff: checkpointed 92086 records.
2026-10-07T08:02:51Z INFO Wrote 92086 records to /tmp/derivatives/valid_nwb_file_to_sackin_index.jsonl (750 new, 0 failed) in 101.4 min (peak memory 1254 MiB).
