2026-10-03T21:39:12Z INFO Logging to /tmp/logs/update_2026-10-03T21-39-12Z.log.
2026-10-03T21:39:12Z INFO Update valid-nwb-file-to-sackin-index (base directory /tmp).
2026-10-03T21:39:12Z INFO Processing 750 items (68836 already recorded).
2026-10-03T21:39:13Z INFO [1/750] 2d5b78aa-3036-4aef-998d-fd6be941363d: Sackin index -0.1322; 1.1 s; peak memory 104 MiB.
2026-10-03T21:39:14Z INFO [2/750] 2d5bbb15-a728-46f5-9166-b38d9a872c88: Sackin index -0.0375; 0.9 s; peak memory 106 MiB.
2026-10-03T21:39:19Z INFO [3/750] 2d5be0db-6482-4c3f-9107-49d7d4e41fe1: Sackin index -0.0435; 4.2 s; peak memory 114 MiB.
2026-10-03T21:39:19Z INFO [4/750] 2d5be3c5-5dd4-4336-87e2-ecca3b245f70: Sackin index -0.1349; 0.8 s; peak memory 114 MiB.
2026-10-03T21:39:20Z INFO [5/750] 2d5bec55-d5cb-4cb7-bf93-ecbc5cb0b079: Sackin index -0.1273; 1.1 s; peak memory 115 MiB.
2026-10-03T21:39:21Z INFO [6/750] 2d5c9474-7b18-484d-a2d2-eba4bc7fe9a2: Sackin index -0.1248; 0.5 s; peak memory 115 MiB.
2026-10-03T21:39:22Z INFO [7/750] 2d5cbf19-f41c-4bb5-a1f7-7d78e5a821a2: Sackin index -0.0702; 0.9 s; peak memory 115 MiB.
2026-10-03T21:39:22Z INFO [8/750] 2d5d05ad-223c-4d62-a40e-28920f3ef800: Sackin index -0.1178; 0.4 s; peak memory 115 MiB.
2026-10-03T21:39:23Z INFO [9/750] 2d5d70b2-4068-423e-a260-ded338b73f5f: Sackin index -0.0275; 1.1 s; peak memory 115 MiB.
2026-10-03T21:39:24Z INFO [10/750] 2d5d7a3d-48d7-4671-bf72-a4f4895ca92d: Sackin index -0.0375; 0.9 s; peak memory 115 MiB.
2026-10-03T21:39:25Z INFO [11/750] 2d5dc2e7-fc72-49da-9e09-51541d389c4f: Sackin index -0.1046; 0.8 s; peak memory 115 MiB.
2026-10-03T21:39:27Z INFO [12/750] 2d5dea5c-d9ce-4f10-990b-8b5b6bec5b46: Sackin index -0.0660; 2.1 s; peak memory 115 MiB.
2026-10-03T21:39:28Z INFO [13/750] 2d5e248c-bdf0-40e8-9a19-143e7bd89c0b: Sackin index -0.0748; 0.9 s; peak memory 115 MiB.
2026-10-03T21:39:29Z INFO [14/750] 2d5ef1f9-66fd-4ba4-a8de-b7dec514b45f: Sackin index -0.1710; 0.6 s; peak memory 116 MiB.
2026-10-03T21:39:29Z INFO [15/750] 2d5f6044-fa38-4800-b1ca-c49b1a81b5b6: Sackin index -0.1349; 0.7 s; peak memory 116 MiB.
2026-10-03T21:39:31Z INFO [16/750] 2d5fa894-8b00-4607-9623-60e05ed0980a: Sackin index -0.0693; 1.7 s; peak memory 116 MiB.
2026-10-03T21:39:40Z INFO [17/750] 2d5fec56-acf7-42b2-b6c6-76e3c196791f: Sackin index -0.0099; 8.7 s; peak memory 149 MiB.
2026-10-03T21:39:41Z INFO [18/750] 2d5ffddf-6596-4111-ae47-2b3d6fb5c61e: Sackin index -0.0728; 1.0 s; peak memory 149 MiB.
2026-10-03T21:39:42Z INFO [19/750] 2d601214-d5ca-4f7e-8c31-aca0288c6d98: Sackin index -0.0702; 0.9 s; peak memory 149 MiB.
2026-10-03T21:39:43Z INFO [20/750] 2d609599-6cfa-4dd1-b323-443aa14a65bd: Sackin index -0.0702; 0.8 s; peak memory 150 MiB.
2026-10-03T21:39:43Z INFO [21/750] 2d63beee-689c-4528-8b4c-4ca7a7db6bf4: Sackin index -0.0745; 0.7 s; peak memory 150 MiB.
2026-10-03T21:39:50Z INFO [22/750] 2d64531b-b6fb-46c5-973f-f371468a5c87: Sackin index -0.0218; 6.2 s; peak memory 154 MiB.
2026-10-03T21:39:50Z INFO [23/750] 2d645d00-0cd3-4161-be9c-ea20e66c4858: Sackin index -0.1082; 0.6 s; peak memory 154 MiB.
2026-10-03T21:39:52Z INFO [24/750] 2d659dae-e8bf-4175-adba-d2367da0727f: Sackin index -0.0677; 1.9 s; peak memory 154 MiB.
2026-10-03T21:39:58Z INFO [25/750] 2d65f764-7601-4655-94e0-171fde0cc244: Sackin index -0.0170; 6.0 s; peak memory 154 MiB.
2026-10-03T21:39:59Z INFO [26/750] 2d664dce-daa5-4f44-98ff-a2b096796e1d: Sackin index -0.0384; 0.8 s; peak memory 154 MiB.
2026-10-03T21:40:00Z INFO [27/750] 2d66d572-258c-4d16-8572-c200975a6dda: Sackin index -0.0728; 1.0 s; peak memory 154 MiB.
2026-10-03T21:40:02Z INFO [28/750] 2d66ece4-424a-4979-af62-6e595e19b2a0: Sackin index -0.0261; 2.6 s; peak memory 154 MiB.
2026-10-03T21:40:07Z INFO [29/750] 2d6766ab-bcec-4bdd-8e09-106c07d4b3cd: Sackin index -0.0476; 4.3 s; peak memory 154 MiB.
2026-10-03T21:40:08Z INFO [30/750] 2d68059c-a30f-4b9c-9cd9-13e079517430: Sackin index -0.0434; 0.8 s; peak memory 154 MiB.
2026-10-03T21:40:09Z INFO [31/750] 2d6839cf-d00f-497a-9663-b695a50ab524: Sackin index -0.1233; 1.1 s; peak memory 154 MiB.
2026-10-03T21:40:09Z INFO [32/750] 2d688875-e51d-49cb-bfb1-106247700df8: Sackin index -0.1349; 0.6 s; peak memory 154 MiB.
2026-10-03T21:40:10Z INFO [33/750] 2d688e7f-e930-4b85-a31e-b978c1843193: Sackin index -0.1349; 0.7 s; peak memory 154 MiB.
2026-10-03T21:40:11Z INFO [34/750] 2d6940ef-a4a3-473d-9ca7-b12a2a8e24bc: Sackin index -0.1938; 1.4 s; peak memory 154 MiB.
2026-10-03T21:40:12Z INFO [35/750] 2d69a65d-2d3d-4d6c-85f6-5dcf18a9f4e1: Sackin index -0.0709; 0.8 s; peak memory 154 MiB.
2026-10-03T21:40:13Z INFO [36/750] 2d69ee7e-ecca-41b9-a49c-691c5a4bbcde: Sackin index -0.0377; 0.8 s; peak memory 154 MiB.
2026-10-03T21:40:14Z INFO [37/750] 2d6a37be-b386-4d5f-86c3-5c79223d9a30: Sackin index -0.1239; 0.7 s; peak memory 154 MiB.
2026-10-03T21:40:14Z INFO [38/750] 2d6ac79d-9f28-480b-a316-fe2a95c6110b: Sackin index -0.1349; 0.6 s; peak memory 154 MiB.
2026-10-03T21:40:18Z INFO [39/750] 2d6b384a-ecaa-4fd6-addd-300a10b2e471: Sackin index -0.0251; 3.5 s; peak memory 154 MiB.
2026-10-03T21:40:18Z INFO [40/750] 2d6b8b17-1c51-4fc9-80b5-8ce8d18347e0: Sackin index -0.1349; 0.7 s; peak memory 154 MiB.
2026-10-03T21:40:19Z INFO [41/750] 2d6bb749-355f-4db1-99fa-30dfc641aede: Sackin index -0.0702; 0.6 s; peak memory 154 MiB.
2026-10-03T21:40:20Z INFO [42/750] 2d6c4d52-d602-4164-a0e5-b435b19d2739: Sackin index -0.1349; 0.6 s; peak memory 154 MiB.
2026-10-03T21:40:21Z INFO [43/750] 2d6d3e0b-0de1-4195-8ce3-6c69714cfe07: Sackin index -0.0376; 1.0 s; peak memory 154 MiB.
2026-10-03T21:40:21Z INFO [44/750] 2d6d8ea7-016f-41cb-9705-794db91a8628: Sackin index -0.1349; 0.7 s; peak memory 154 MiB.
2026-10-03T21:40:22Z INFO [45/750] 2d6edabf-27b2-4dbe-99c8-8a41ab6398ca: Sackin index -0.1349; 0.8 s; peak memory 154 MiB.
2026-10-03T21:40:23Z INFO [46/750] 2d6edf30-f66a-4676-aa6e-ef0dc2c6491d: Sackin index -0.1938; 0.7 s; peak memory 154 MiB.
2026-10-03T21:40:24Z INFO [47/750] 2d6f8934-1a02-4025-8d6c-b8168b6ff4b4: Sackin index -0.1545; 0.7 s; peak memory 154 MiB.
2026-10-03T21:40:24Z INFO [48/750] 2d703e03-0290-4f0c-b280-c1f9a7e0a5b8: Sackin index -0.1349; 0.7 s; peak memory 154 MiB.
2026-10-03T21:40:25Z INFO [49/750] 2d70ddd1-d328-4057-a0c7-e8ab7560003c: Sackin index -0.1349; 0.8 s; peak memory 154 MiB.
2026-10-03T21:40:26Z INFO [50/750] 2d71126a-07bb-4201-9a9a-8cb5e0c743a3: Sackin index -0.1349; 0.9 s; peak memory 154 MiB.
2026-10-03T21:40:26Z INFO [50/750] 2d71126a-07bb-4201-9a9a-8cb5e0c743a3: checkpointed 68886 records.
2026-10-03T21:40:27Z INFO [51/750] 2d711d79-eed1-404b-8399-073a2e997404: Sackin index -0.0881; 0.6 s; peak memory 154 MiB.
2026-10-03T21:40:27Z INFO [52/750] 2d71f9e1-3476-4947-895a-851fb8b75555: Sackin index -0.1658; 0.4 s; peak memory 154 MiB.
2026-10-03T21:40:28Z INFO [53/750] 2d720e80-f091-463b-afd8-7c68e5bc7d16: Sackin index -0.1349; 0.7 s; peak memory 154 MiB.
2026-10-03T21:40:31Z INFO [54/750] 2d7219cc-5dcc-4e0b-9b2a-ae370e377816: Sackin index -0.0383; 3.6 s; peak memory 154 MiB.
2026-10-03T21:40:32Z INFO [55/750] 2d72712d-9150-4c88-9824-3dcca387961b: Sackin index -0.1349; 0.6 s; peak memory 155 MiB.
2026-10-03T21:40:33Z INFO [56/750] 2d72cdd8-9759-49da-9784-c832ce4aec03: Sackin index -0.1938; 1.3 s; peak memory 155 MiB.
2026-10-03T21:40:34Z INFO [57/750] 2d73cdb0-b963-4e08-b9f6-006f06e5fde1: Sackin index -0.1191; 0.7 s; peak memory 155 MiB.
2026-10-03T21:40:35Z INFO [58/750] 2d73ecc1-ff7a-4dd7-b3f8-47575d33fe0d: Sackin index -0.1461; 0.7 s; peak memory 155 MiB.
2026-10-03T21:40:36Z INFO [59/750] 2d745019-235a-41b7-a8f4-bedc9054a0ff: Sackin index -0.0369; 1.2 s; peak memory 155 MiB.
2026-10-03T21:40:37Z INFO [60/750] 2d7656b8-247f-4baf-83f3-8bffa14b2be8: Sackin index -0.0275; 1.2 s; peak memory 155 MiB.
2026-10-03T21:40:38Z INFO [61/750] 2d76c9ca-8940-4c3d-986f-fa6e783525c6: Sackin index -0.0709; 0.7 s; peak memory 155 MiB.
2026-10-03T21:40:38Z INFO [62/750] 2d77211d-d936-4b93-8273-7ba6d9f6fe65: Sackin index -0.1349; 0.7 s; peak memory 155 MiB.
2026-10-03T21:40:39Z INFO [63/750] 2d7761d1-430c-4676-92cc-7b696330f26b: Sackin index -0.1349; 0.7 s; peak memory 155 MiB.
2026-10-03T21:40:40Z INFO [64/750] 2d776de4-e068-4a98-a209-5a8dfcfb3c5a: Sackin index -0.1349; 0.8 s; peak memory 155 MiB.
2026-10-03T21:40:41Z INFO [65/750] 2d77b3a7-7183-4b1e-a7ba-6c8d24c6ffcd: Sackin index -0.0677; 1.2 s; peak memory 155 MiB.
2026-10-03T21:40:44Z INFO [66/750] 2d786e57-d959-4ffd-8a9f-504302092a23: Sackin index -0.0415; 3.3 s; peak memory 155 MiB.
2026-10-03T21:40:45Z INFO [67/750] 2d787bbb-6a7d-4c43-97b4-047bf501c732: Sackin index -0.1349; 0.8 s; peak memory 155 MiB.
2026-10-03T21:40:46Z INFO [68/750] 2d79f9e7-a060-4da0-80f2-950b5673f974: Sackin index -0.1383; 1.1 s; peak memory 155 MiB.
2026-10-03T21:40:47Z INFO [69/750] 2d7b1450-8795-437d-9f52-350b308d0c5d: Sackin index -0.1448; 0.6 s; peak memory 155 MiB.
2026-10-03T21:40:48Z INFO [70/750] 2d7b7dd4-7cc1-4dc0-8840-49ffc2bd5dc6: Sackin index -0.0696; 0.9 s; peak memory 155 MiB.
2026-10-03T21:40:48Z INFO [71/750] 2d7cdf59-7b1c-4164-b929-a2543338dc29: Sackin index -0.1349; 0.7 s; peak memory 155 MiB.
2026-10-03T21:40:49Z INFO [72/750] 2d7d76e8-6a3e-4dc6-9626-8b3bc6b87784: Sackin index -0.1349; 0.5 s; peak memory 155 MiB.
2026-10-03T21:40:50Z INFO [73/750] 2d7d9eb2-cd84-4830-956e-790edfca9149: Sackin index -0.1349; 0.7 s; peak memory 155 MiB.
2026-10-03T21:40:51Z INFO [74/750] 2d7e5001-8040-47a7-b3ef-f781a5e87987: Sackin index -0.1013; 1.0 s; peak memory 155 MiB.
2026-10-03T21:40:53Z INFO [75/750] 2d7ead8c-a47a-4e9b-b5d7-fe251b13249f: Sackin index -0.0280; 2.2 s; peak memory 155 MiB.
2026-10-03T21:40:55Z INFO [76/750] 2d7f7d48-cf9c-43a8-ad4c-9b871d4966c1: Sackin index -0.0660; 2.0 s; peak memory 155 MiB.
2026-10-03T21:40:55Z INFO [77/750] 2d7fcf45-6b8e-4af5-823a-2e43a962795c: Sackin index -0.1658; 0.5 s; peak memory 155 MiB.
2026-10-03T21:40:56Z INFO [78/750] 2d801315-5bca-4af2-9c61-b879b9de34d4: Sackin index -0.0702; 0.9 s; peak memory 155 MiB.
2026-10-03T21:40:57Z INFO [79/750] 2d801bd6-dd45-4928-be1c-014238afaef7: Sackin index -0.1273; 0.8 s; peak memory 155 MiB.
2026-10-03T21:40:58Z INFO [80/750] 2d803bfc-2308-43f6-a2f2-28551e27b75b: Sackin index -0.0709; 0.8 s; peak memory 155 MiB.
2026-10-03T21:40:59Z INFO [81/750] 2d812477-4ed6-4927-b4a8-bacf4bd2da27: Sackin index -0.0745; 1.1 s; peak memory 155 MiB.
2026-10-03T21:41:00Z INFO [82/750] 2d8124c7-9b4a-458c-8d1e-4077fffea7a3: Sackin index -0.1165; 0.6 s; peak memory 155 MiB.
2026-10-03T21:41:00Z INFO [83/750] 2d81289d-9fe5-4f10-bfa3-872e1733cdae: Sackin index -0.0886; 1.0 s; peak memory 155 MiB.
2026-10-03T21:41:01Z INFO [84/750] 2d81296d-6ca2-4148-be87-de9d5853db22: Sackin index -0.1349; 0.7 s; peak memory 155 MiB.
2026-10-03T21:41:02Z INFO [85/750] 2d819acd-eb0f-447b-826b-6715d1238a15: Sackin index -0.0728; 0.8 s; peak memory 155 MiB.
2026-10-03T21:41:03Z INFO [86/750] 2d821d2e-38b7-405a-af54-d880013b6278: Sackin index -0.1358; 0.6 s; peak memory 155 MiB.
2026-10-03T21:41:03Z INFO [87/750] 2d821f46-b9ad-4bad-a4d2-bc6946518651: Sackin index -0.0696; 0.8 s; peak memory 155 MiB.
2026-10-03T21:41:04Z INFO [88/750] 2d82398d-33c6-442b-a93b-c09d1f106a42: Sackin index -0.0709; 0.7 s; peak memory 155 MiB.
2026-10-03T21:41:05Z INFO [89/750] 2d825e43-b4c3-43a9-9cdb-8eb877170ef6: Sackin index -0.1349; 0.7 s; peak memory 155 MiB.
2026-10-03T21:41:06Z INFO [90/750] 2d8307dc-40ea-46cf-8bf6-5d1294cf9db5: Sackin index -0.0728; 0.9 s; peak memory 155 MiB.
2026-10-03T21:41:06Z INFO [91/750] 2d835ddd-52a9-4f9c-ac18-f85452fff2e0: Sackin index -0.1658; 0.4 s; peak memory 155 MiB.
2026-10-03T21:41:07Z INFO [92/750] 2d83629c-2713-4687-9eed-eff4a719b876: Sackin index -0.0696; 0.8 s; peak memory 155 MiB.
2026-10-03T21:41:09Z INFO [93/750] 2d84c2f9-d6ef-4041-9367-57fc18d3b2f6: Sackin index -0.0718; 1.8 s; peak memory 155 MiB.
2026-10-03T21:41:10Z INFO [94/750] 2d851eae-fe05-42b0-a0f0-459e8988b07d: Sackin index -0.0376; 0.9 s; peak memory 155 MiB.
2026-10-03T21:41:10Z INFO [95/750] 2d858195-78de-4fb4-9a8b-b6eaacf87220: Sackin index -0.1349; 0.8 s; peak memory 155 MiB.
2026-10-03T21:41:11Z INFO [96/750] 2d86138b-4da6-40b1-921a-cc9e5f95470a: Sackin index -0.1602; 0.5 s; peak memory 155 MiB.
2026-10-03T21:41:12Z INFO [97/750] 2d862663-9b68-4d4c-97f7-25944e363fbf: Sackin index -0.0732; 0.9 s; peak memory 155 MiB.
2026-10-03T21:41:13Z INFO [98/750] 2d864cde-05c5-4417-92b7-5b8d611aa174: Sackin index -0.0728; 0.8 s; peak memory 155 MiB.
2026-10-03T21:41:13Z INFO [99/750] 2d866c1d-6905-4214-ab82-81cda409a79d: Sackin index -0.1358; 0.5 s; peak memory 155 MiB.
2026-10-03T21:41:19Z INFO [100/750] 2d86c2d0-48d5-4cb9-9f6e-2eb4260bd450: Sackin index -0.0145; 5.6 s; peak memory 155 MiB.
2026-10-03T21:41:19Z INFO [100/750] 2d86c2d0-48d5-4cb9-9f6e-2eb4260bd450: checkpointed 68936 records.
2026-10-03T21:41:25Z INFO [101/750] 2d86e08b-d81f-432d-9b0e-67e5e0452d3f: Sackin index -0.0133; 6.6 s; peak memory 155 MiB.
2026-10-03T21:41:26Z INFO [102/750] 2d880099-a3db-41a6-9795-2b1f1e33799e: Sackin index -0.0384; 0.6 s; peak memory 155 MiB.
2026-10-03T21:41:34Z INFO [103/750] 2d8868d9-9412-430f-819a-cd0ba513aa5b: Sackin index -0.1938; 8.3 s; peak memory 156 MiB.
2026-10-03T21:41:52Z INFO [104/750] 2d89720b-f51a-4b42-a19e-686596ed4d4c: Sackin index -0.0096; 17.1 s; peak memory 189 MiB.
2026-10-03T21:41:52Z INFO [105/750] 2d899c3d-20c8-4972-84be-e4d62ea3ab57: Sackin index -0.0702; 0.7 s; peak memory 189 MiB.
2026-10-03T21:41:57Z INFO [106/750] 2d8b0de0-d977-4c47-9e78-d98ac012a05e: Sackin index -0.0191; 4.8 s; peak memory 189 MiB.
2026-10-03T21:41:58Z INFO [107/750] 2d8b33d1-beff-4c91-9bca-ab02a3e3747d: Sackin index -0.0702; 0.8 s; peak memory 189 MiB.
2026-10-03T21:41:58Z INFO [108/750] 2d8be6f0-996f-431a-83f2-bdd22267803d: Sackin index -0.1239; 0.6 s; peak memory 189 MiB.
2026-10-03T21:42:03Z INFO [109/750] 2d8c3fbe-9158-4e64-b2e4-6c2c3c5e8271: Sackin index -0.0338; 4.4 s; peak memory 189 MiB.
2026-10-03T21:42:04Z INFO [110/750] 2d8cb2e6-ec89-483b-bf8e-92a3003f8e66: Sackin index -0.1187; 1.3 s; peak memory 189 MiB.
2026-10-03T21:42:05Z INFO [111/750] 2d8ccc0c-8ae8-45b0-bec7-7606f97c04dc: Sackin index -0.1349; 0.7 s; peak memory 189 MiB.
2026-10-03T21:42:05Z INFO [112/750] 2d8d6cec-b7b7-4efc-ac1c-124b7222e511: Sackin index -0.1349; 0.6 s; peak memory 189 MiB.
2026-10-03T21:42:06Z INFO [113/750] 2d8dda09-bc2d-4be7-b544-84796128b4f7: Sackin index -0.1349; 0.8 s; peak memory 189 MiB.
2026-10-03T21:42:07Z INFO [114/750] 2d8e8445-6728-4773-9611-c3c495deeb00: Sackin index -0.1349; 0.7 s; peak memory 189 MiB.
2026-10-03T21:42:08Z INFO [115/750] 2d8ed670-a809-4aa4-a231-acc2ed11226b: Sackin index -0.1383; 0.8 s; peak memory 189 MiB.
2026-10-03T21:42:09Z INFO [116/750] 2d8f43ba-c5f0-4ec8-8cb9-2e8efe04d03a: Sackin index -0.0350; 1.6 s; peak memory 189 MiB.
2026-10-03T21:42:15Z INFO [117/750] 2d8fab9b-e5ac-460a-bc4b-ea69f8ec7394: Sackin index -0.0439; 5.8 s; peak memory 189 MiB.
2026-10-03T21:42:16Z INFO [118/750] 2d900eed-733d-49a2-850f-e0d865f903d9: Sackin index -0.0702; 0.7 s; peak memory 189 MiB.
2026-10-03T21:42:19Z INFO [119/750] 2d903ebf-062f-45c0-81d8-a28b493262e6: Sackin index -0.0259; 3.3 s; peak memory 189 MiB.
2026-10-03T21:42:20Z INFO [120/750] 2d904e3b-773c-4f4e-bce7-b6ba7cc87a06: Sackin index -0.0728; 0.7 s; peak memory 189 MiB.
2026-10-03T21:42:20Z INFO [121/750] 2d90706c-8723-41b5-b094-2a65b3d653ba: Sackin index -0.1349; 0.5 s; peak memory 189 MiB.
2026-10-03T21:42:21Z INFO [122/750] 2d907e7a-a52d-499a-8342-df134b5570bd: Sackin index -0.1349; 0.7 s; peak memory 189 MiB.
2026-10-03T21:42:22Z INFO [123/750] 2d908c8c-2ddf-4216-be1d-0d73ce2d4de2: Sackin index -0.0728; 0.8 s; peak memory 189 MiB.
2026-10-03T21:42:23Z INFO [124/750] 2d90f423-41a0-4e8d-8bf9-56056fbe97bf: Sackin index -0.0702; 0.9 s; peak memory 189 MiB.
2026-10-03T21:42:24Z INFO [125/750] 2d92257c-80f8-45fc-96ac-798d79f5e530: Sackin index -0.0728; 0.8 s; peak memory 189 MiB.
2026-10-03T21:42:25Z INFO [126/750] 2d94ae97-5b9b-437a-a5fa-5ae18e69bad9: Sackin index -0.0693; 1.4 s; peak memory 189 MiB.
2026-10-03T21:42:26Z INFO [127/750] 2d95c506-14a1-4c27-a046-66d87fe1ecca: Sackin index -0.0702; 0.7 s; peak memory 189 MiB.
2026-10-03T21:42:26Z INFO [128/750] 2d95e45f-4bd7-4d34-9634-a2c8c393bbf3: Sackin index -0.0376; 0.7 s; peak memory 189 MiB.
2026-10-03T21:42:28Z INFO [129/750] 2d966913-dbd0-49b4-aa22-b781cd055974: Sackin index -0.0704; 1.9 s; peak memory 189 MiB.
2026-10-03T21:42:32Z INFO [130/750] 2d968ac8-477d-4e9d-9a56-f539304553b2: Sackin index -0.0251; 3.8 s; peak memory 189 MiB.
2026-10-03T21:42:33Z INFO [131/750] 2d97b37b-ed3c-4284-ae2a-9f47f09f3778: Sackin index -0.1223; 0.5 s; peak memory 189 MiB.
2026-10-03T21:42:34Z INFO [132/750] 2d99636d-6d7d-4d5a-a5ab-099cc1af4896: Sackin index -0.0702; 0.9 s; peak memory 189 MiB.
2026-10-03T21:42:34Z INFO [133/750] 2d998d06-8809-4a40-9561-e63bc3153a5e: Sackin index -0.0702; 0.6 s; peak memory 189 MiB.
2026-10-03T21:42:35Z INFO [134/750] 2d99f1f6-cf9c-49a1-ae05-14ae8d90cd54: Sackin index -0.1349; 0.6 s; peak memory 189 MiB.
2026-10-03T21:42:36Z INFO [135/750] 2d9a71eb-88b2-40f7-a749-0979cc516d22: Sackin index -0.0660; 1.7 s; peak memory 189 MiB.
2026-10-03T21:42:37Z INFO [136/750] 2d9ab11a-7360-4ebe-8867-2a83fc79785a: Sackin index -0.0376; 0.8 s; peak memory 189 MiB.
2026-10-03T21:42:38Z INFO [137/750] 2d9b20f7-5b0e-44f4-b039-be7a8dc5ace7: Sackin index -0.0699; 1.3 s; peak memory 189 MiB.
2026-10-03T21:42:39Z INFO [138/750] 2d9b43a0-4724-40ef-aa93-e2e361db4820: Sackin index -0.1461; 0.5 s; peak memory 189 MiB.
2026-10-03T21:42:40Z INFO [139/750] 2d9c516b-f7f2-4c9c-94fa-c7be388198d6: Sackin index -0.1349; 0.7 s; peak memory 189 MiB.
2026-10-03T21:42:40Z INFO [140/750] 2d9d1e07-e36e-42ac-9e33-7d79b144f90f: Sackin index -0.0709; 0.8 s; peak memory 189 MiB.
2026-10-03T21:42:57Z INFO [141/750] 2d9f7585-247d-449f-9098-f58526b68bd3: Sackin index -0.1367; 16.2 s; peak memory 189 MiB.
2026-10-03T21:42:58Z INFO [142/750] 2d9fe19d-438f-4faf-aa96-99d7593568fc: Sackin index -0.0728; 0.9 s; peak memory 189 MiB.
2026-10-03T21:42:58Z INFO [143/750] 2da0a687-008e-44ae-8038-bd9ed81b8556: Sackin index -0.1349; 0.6 s; peak memory 189 MiB.
2026-10-03T21:43:25Z INFO [144/750] 2da0c6f5-ab27-413a-ab14-20f5fbe7a014: Sackin index -0.0014; 26.4 s; peak memory 346 MiB.
2026-10-03T21:43:28Z INFO [145/750] 2da0e9ac-845b-44f0-bc4b-b4a51669586f: Sackin index -0.0455; 3.7 s; peak memory 346 MiB.
2026-10-03T21:43:29Z INFO [146/750] 2da200df-a879-4220-9a64-b95c2164d4b0: Sackin index -0.0375; 1.1 s; peak memory 346 MiB.
2026-10-03T21:44:10Z INFO [147/750] 2da22a9c-f6b1-430c-a4d4-bfa7d3c643a6: Sackin index -0.1076; 40.6 s; peak memory 346 MiB.
2026-10-03T21:44:11Z INFO [148/750] 2da28bcf-aad8-47a9-ad91-547d6f590a5d: Sackin index -0.1349; 0.5 s; peak memory 346 MiB.
2026-10-03T22:10:55Z INFO [149/750] 2da2bc28-f73f-4eb9-bf9b-b8ddcf7b41af: Sackin index -0.0110; 1604.5 s; peak memory 1156 MiB.
2026-10-03T22:10:56Z INFO [150/750] 2da31023-c60a-49af-bd79-90d56a26aa00: Sackin index -0.1562; 0.7 s; peak memory 1156 MiB.
2026-10-03T22:10:56Z INFO [150/750] 2da31023-c60a-49af-bd79-90d56a26aa00: checkpointed 68986 records.
2026-10-03T22:10:57Z INFO [151/750] 2da364cd-e4fb-4065-acd5-dd5a5a876209: Sackin index -0.1349; 0.7 s; peak memory 1156 MiB.
2026-10-03T22:10:58Z INFO [152/750] 2da3c07f-5fe5-4814-ad98-6ca00f99ad44: Sackin index -0.0709; 1.0 s; peak memory 1156 MiB.
2026-10-03T22:10:59Z INFO [153/750] 2da3c3f2-a095-4d2e-ad83-69313ddca13f: Sackin index -0.0718; 1.4 s; peak memory 1156 MiB.
2026-10-03T22:11:01Z INFO [154/750] 2da3ca71-7099-4725-a20d-47ba3155d39a: Sackin index -0.0797; 1.8 s; peak memory 1156 MiB.
2026-10-03T22:11:02Z INFO [155/750] 2da3e092-52d5-40f3-83d2-5d3891e86b9e: Sackin index -0.0728; 1.1 s; peak memory 1156 MiB.
2026-10-03T22:11:03Z INFO [156/750] 2da435f6-9399-41de-ab58-482808dd4bc7: Sackin index -0.0371; 0.8 s; peak memory 1156 MiB.
2026-10-03T22:11:27Z INFO [157/750] 2da4b342-e815-4ab5-94de-2301714cf0c9: Sackin index -0.0055; 24.3 s; peak memory 1156 MiB.
2026-10-03T22:11:40Z INFO [158/750] 2da55030-711c-4951-8081-fab3a79d8288: Sackin index -0.0163; 12.6 s; peak memory 1156 MiB.
2026-10-03T22:11:57Z INFO [159/750] 2da6d3f9-4a66-42c3-91a8-f4f0a739b554: Sackin index -0.1367; 17.1 s; peak memory 1156 MiB.
2026-10-03T22:11:57Z INFO [160/750] 2da79ec7-5559-403a-86c8-ab395ca7f755: Sackin index -0.1135; 0.4 s; peak memory 1156 MiB.
2026-10-03T22:11:58Z INFO [161/750] 2da7bfbd-8d9d-4be9-be88-280b1411cd59: Sackin index -0.1636; 0.5 s; peak memory 1156 MiB.
2026-10-03T22:11:58Z INFO [162/750] 2daa620c-49b0-4431-a722-060b829ada1c: Sackin index -0.1135; 0.5 s; peak memory 1156 MiB.
2026-10-03T22:11:59Z INFO [163/750] 2daaf56d-023b-41a6-8ae2-c7e8bdc7734a: Sackin index -0.1248; 0.9 s; peak memory 1156 MiB.
2026-10-03T22:12:00Z INFO [164/750] 2dab033a-32e5-492f-b66d-32e2c8c61756: Sackin index -0.1938; 0.6 s; peak memory 1156 MiB.
2026-10-03T22:12:00Z INFO [165/750] 2dab515d-c42e-4208-b622-13d2ff73e277: Sackin index -0.1349; 0.6 s; peak memory 1156 MiB.
2026-10-03T22:12:01Z INFO [166/750] 2dab8829-9af9-457e-84c2-c76c288420f6: Sackin index -0.1349; 0.6 s; peak memory 1156 MiB.
2026-10-03T22:12:13Z INFO [167/750] 2dabbc3e-fbf3-4bc3-a858-b9447c698cbf: Sackin index -0.0235; 12.0 s; peak memory 1156 MiB.
2026-10-03T22:12:19Z INFO [168/750] 2dac1615-eed1-4847-a69a-c6bb7b38985c: Sackin index -0.0776; 6.2 s; peak memory 1156 MiB.
2026-10-03T22:12:20Z INFO [169/750] 2dac4c4e-5791-4eb4-b6a9-372541e892e6: Sackin index -0.0380; 0.7 s; peak memory 1156 MiB.
2026-10-03T22:12:21Z INFO [170/750] 2dacc3b2-7dd4-4693-be96-b21a9ad61491: Sackin index -0.1349; 0.6 s; peak memory 1156 MiB.
2026-10-03T22:12:21Z INFO [171/750] 2dace050-ccc2-4e2e-bc18-c57feead7a4f: Sackin index -0.1349; 0.7 s; peak memory 1156 MiB.
2026-10-03T22:12:22Z INFO [172/750] 2dade966-133f-47b0-949a-835bac239578: Sackin index -0.1349; 0.6 s; peak memory 1156 MiB.
2026-10-03T22:12:31Z INFO [173/750] 2dadf05a-6499-4aef-948f-88f265619071: Sackin index -0.0105; 8.9 s; peak memory 1156 MiB.
2026-10-03T22:12:31Z INFO [174/750] 2dae577c-f938-4641-a644-fb0b085fa674: Sackin index -0.1575; 0.6 s; peak memory 1156 MiB.
2026-10-03T22:12:32Z INFO [175/750] 2daf0627-a174-4222-99ff-22b4f7473572: Sackin index -0.0728; 1.0 s; peak memory 1156 MiB.
2026-10-03T22:12:47Z INFO [176/750] 2daf16aa-bdc9-4f7a-8fed-d0825029e37b: Sackin index -0.0170; 14.6 s; peak memory 1156 MiB.
2026-10-03T22:12:49Z INFO [177/750] 2db043c7-64fb-47ca-8c6f-f4c18eaf9b3a: Sackin index -0.0388; 1.9 s; peak memory 1156 MiB.
2026-10-03T22:12:50Z INFO [178/750] 2db0f509-24eb-408f-9104-28df2cec67ff: Sackin index -0.1399; 1.1 s; peak memory 1156 MiB.
2026-10-03T22:13:00Z INFO [179/750] 2db15ad2-9dd3-4a53-b5b5-adedebbbc860: Sackin index -0.0035; 10.6 s; peak memory 1156 MiB.
2026-10-03T22:13:01Z INFO [180/750] 2db1ecb6-6c22-43a3-989a-464f34c310c5: Sackin index -0.1239; 0.7 s; peak memory 1156 MiB.
2026-10-03T22:13:02Z INFO [181/750] 2db2f006-a622-44a4-9043-2921e146ef48: Sackin index -0.1180; 1.2 s; peak memory 1156 MiB.
2026-10-03T22:13:03Z INFO [182/750] 2db3a2c0-59f0-491c-9ab2-5a2a8ca5b96c: Sackin index -0.1349; 0.7 s; peak memory 1156 MiB.
2026-10-03T22:13:04Z INFO [183/750] 2db3a733-fbba-4787-91a0-85d7b7962d22: Sackin index -0.1349; 0.8 s; peak memory 1156 MiB.
2026-10-03T22:13:09Z INFO [184/750] 2db45377-3231-4f5d-818c-3b29f8956db3: Sackin index -0.0170; 4.7 s; peak memory 1156 MiB.
2026-10-03T22:13:12Z INFO [185/750] 2db45da6-0d3f-4784-810b-afd56bbaf2c6: Sackin index -0.0745; 3.2 s; peak memory 1156 MiB.
2026-10-03T22:13:12Z INFO [186/750] 2db46a65-157d-4bc7-9179-9b3bf8d7a5c6: Sackin index -0.0991; 0.7 s; peak memory 1156 MiB.
2026-10-03T22:13:13Z INFO [187/750] 2db51501-9606-4e3b-a975-ebecc5bf992d: Sackin index -0.1380; 0.8 s; peak memory 1156 MiB.
2026-10-03T22:13:14Z INFO [188/750] 2db54bbe-457d-4e8c-ba21-6cb9ca73ef30: Sackin index -0.1658; 0.4 s; peak memory 1156 MiB.
2026-10-03T22:13:14Z INFO [189/750] 2db5bfc0-2865-400b-abca-6280178c3d38: Sackin index -0.0457; 0.8 s; peak memory 1156 MiB.
2026-10-03T22:13:16Z INFO [190/750] 2db5c0f0-32e8-4284-acc4-f9c0614f813f: Sackin index -0.0660; 1.6 s; peak memory 1156 MiB.
2026-10-03T22:13:17Z INFO [191/750] 2db6cccf-d3d4-41e8-8372-b777ddcbf318: Sackin index -0.1349; 0.7 s; peak memory 1156 MiB.
2026-10-03T22:13:18Z INFO [192/750] 2db6eef4-62f5-43d9-98bd-a92ca88877c3: Sackin index -0.0722; 0.8 s; peak memory 1156 MiB.
2026-10-03T22:13:18Z INFO [193/750] 2db74fa3-01c5-466a-ad7e-5c5308282c45: Sackin index -0.2000; 0.4 s; peak memory 1156 MiB.
2026-10-03T22:13:19Z INFO [194/750] 2db7d399-77fb-4760-bfb7-9c763aee2be6: Sackin index -0.0728; 0.7 s; peak memory 1156 MiB.
2026-10-03T22:13:19Z INFO [195/750] 2db8ac0e-050e-4e64-9a65-5d1a0d8a66b6: Sackin index -0.1349; 0.7 s; peak memory 1156 MiB.
2026-10-03T22:13:20Z INFO [196/750] 2db9d0af-8972-48a3-ae85-6dc6cf6e7424: Sackin index -0.0383; 0.7 s; peak memory 1156 MiB.
2026-10-03T22:13:21Z INFO [197/750] 2dba1be1-efea-41c6-86c7-171b898bccba: Sackin index -0.0745; 1.0 s; peak memory 1156 MiB.
2026-10-03T22:13:22Z INFO [198/750] 2dbbc577-3a04-4448-b911-14221d45bc33: Sackin index -0.1349; 0.7 s; peak memory 1156 MiB.
2026-10-03T22:13:23Z INFO [199/750] 2dbbec5a-41bb-4bb6-8b2a-33f9cafabb0c: Sackin index -0.0423; 1.0 s; peak memory 1156 MiB.
2026-10-03T22:13:24Z INFO [200/750] 2dbbfd55-f58d-4fef-8cab-ccdbcafaec3b: Sackin index -0.0728; 0.9 s; peak memory 1156 MiB.
2026-10-03T22:13:24Z INFO [200/750] 2dbbfd55-f58d-4fef-8cab-ccdbcafaec3b: checkpointed 69036 records.
2026-10-03T22:13:26Z INFO [201/750] 2dbc4a42-f0ca-42e1-8bdf-162025e665df: Sackin index -0.0350; 1.7 s; peak memory 1156 MiB.
2026-10-03T22:13:26Z INFO [202/750] 2dbe0d10-1b1f-467f-a623-ac41f74d945d: Sackin index -0.1307; 0.6 s; peak memory 1156 MiB.
2026-10-03T22:13:30Z INFO [203/750] 2dbe17dc-33e0-4e5c-a801-4393b4c95bee: Sackin index -0.0411; 4.0 s; peak memory 1156 MiB.
2026-10-03T22:13:31Z INFO [204/750] 2dbeddc8-9b09-4767-b273-a2719b881d19: Sackin index -0.1349; 0.8 s; peak memory 1156 MiB.
2026-10-03T22:13:32Z INFO [205/750] 2dbf26cb-446d-48c5-b0e6-fa7f9b113785: Sackin index -0.1349; 0.7 s; peak memory 1156 MiB.
2026-10-03T22:13:32Z INFO [206/750] 2dc01ab7-1cf8-4f9a-923d-671742050c2d: Sackin index -0.0702; 0.7 s; peak memory 1156 MiB.
2026-10-03T22:13:33Z INFO [207/750] 2dc02af9-29e3-4876-b3cb-6a8db10dac63: Sackin index -0.1349; 0.9 s; peak memory 1156 MiB.
2026-10-03T22:13:34Z INFO [208/750] 2dc0c194-e613-4387-8982-04c86eb97364: Sackin index -0.1349; 0.7 s; peak memory 1156 MiB.
2026-10-03T22:13:34Z INFO [209/750] 2dc0fa3d-0aae-440a-8cc7-c562d71329ad: Sackin index -0.1716; 0.5 s; peak memory 1156 MiB.
2026-10-03T22:13:36Z INFO [210/750] 2dc131c4-5f14-48e1-ad4f-40a038d29726: Sackin index -0.0728; 1.1 s; peak memory 1156 MiB.
2026-10-03T22:13:36Z INFO [211/750] 2dc15ad2-1761-4289-b493-94f271a78e68: Sackin index -0.0696; 0.6 s; peak memory 1156 MiB.
2026-10-03T22:13:37Z INFO [212/750] 2dc15cb8-df55-4edb-9042-e7669d12aceb: Sackin index -0.0696; 0.8 s; peak memory 1156 MiB.
2026-10-03T22:13:37Z INFO [213/750] 2dc18fcf-8814-4661-8c3a-3d47d328711d: Sackin index -0.1658; 0.5 s; peak memory 1156 MiB.
2026-10-03T22:13:38Z INFO [214/750] 2dc314ba-00ca-4a5f-a394-2e7551576a16: Sackin index -0.0384; 0.7 s; peak memory 1156 MiB.
2026-10-03T22:13:39Z INFO [215/750] 2dc35968-890e-4a83-98b2-18e67dcbb411: Sackin index -0.1658; 0.4 s; peak memory 1156 MiB.
2026-10-03T22:13:39Z INFO [216/750] 2dc3b51d-108a-402f-86cb-f59c785f18a9: Sackin index -0.1349; 0.7 s; peak memory 1156 MiB.
2026-10-03T22:13:51Z INFO [217/750] 2dc569b4-9756-44b9-a333-1cdc3c7a17bd: Sackin index -0.0228; 11.5 s; peak memory 1156 MiB.
2026-10-03T22:13:51Z INFO [218/750] 2dc5713a-947c-49bf-aa04-149d28e60430: Sackin index -0.0702; 0.6 s; peak memory 1156 MiB.
2026-10-03T22:13:53Z INFO [219/750] 2dc57ca5-cfe2-4217-a752-ba36e789807d: Sackin index -0.0643; 1.1 s; peak memory 1156 MiB.
2026-10-03T22:13:53Z INFO [220/750] 2dc6031e-83d8-410e-a020-fc74bd86a895: Sackin index -0.0369; 0.8 s; peak memory 1156 MiB.
2026-10-03T22:13:59Z INFO [221/750] 2dc60966-af06-4755-8ab9-654fe9f85097: Sackin index -0.0017; 6.1 s; peak memory 1156 MiB.
2026-10-03T22:14:00Z INFO [222/750] 2dc62090-9f71-493b-9ad2-bcb4e545ceb6: Sackin index -0.0702; 0.7 s; peak memory 1156 MiB.
2026-10-03T22:14:01Z INFO [223/750] 2dc6ca58-2936-4043-91e7-c4a15f58f20a: Sackin index -0.1248; 0.8 s; peak memory 1156 MiB.
2026-10-03T22:14:02Z INFO [224/750] 2dc7a10a-bd80-4c83-b1c8-a4dc59fae5cd: Sackin index -0.1349; 0.8 s; peak memory 1156 MiB.
2026-10-03T22:14:02Z INFO [225/750] 2dc96e97-1d9a-499e-9496-d313ae175779: Sackin index -0.1349; 0.8 s; peak memory 1156 MiB.
2026-10-03T22:14:03Z INFO [226/750] 2dca0a1a-f2a4-4fc7-836b-130884a9260c: Sackin index -0.0745; 0.8 s; peak memory 1156 MiB.
2026-10-03T22:14:04Z INFO [227/750] 2dca44d6-b5d9-4af3-9be3-fe3c71b75db4: Sackin index -0.1349; 0.7 s; peak memory 1156 MiB.
2026-10-03T22:14:05Z INFO [228/750] 2dca53fd-81a1-49a3-9978-2148cfb3c207: Sackin index -0.0702; 0.8 s; peak memory 1156 MiB.
2026-10-03T22:14:05Z INFO [229/750] 2dcb57a4-cbbf-4773-8285-74600cbd45ef: Sackin index -0.1349; 0.6 s; peak memory 1156 MiB.
2026-10-03T22:14:06Z INFO [230/750] 2dcc18ff-6b69-4022-8368-f0a20d58fa75: Sackin index -0.1938; 0.6 s; peak memory 1156 MiB.
2026-10-03T22:14:07Z INFO [231/750] 2dcc7097-130d-4079-a98d-5be344e56f37: Sackin index -0.0702; 0.7 s; peak memory 1156 MiB.
2026-10-03T22:14:07Z INFO [232/750] 2dcd4fcc-1a05-476d-8565-f98ef230a5b1: Sackin index -0.1349; 0.7 s; peak memory 1156 MiB.
2026-10-03T22:14:08Z INFO [233/750] 2dce38a5-d072-474b-bb99-263b3fb53321: Sackin index -0.0696; 0.5 s; peak memory 1156 MiB.
2026-10-03T22:14:08Z INFO [234/750] 2dcfaa32-204a-43da-b1a7-b13b959592c0: Sackin index -0.1658; 0.5 s; peak memory 1156 MiB.
2026-10-03T22:14:09Z INFO [235/750] 2dd06c9e-2523-4e0a-92b6-a3c37ca8671e: Sackin index -0.1321; 0.4 s; peak memory 1156 MiB.
2026-10-03T22:14:32Z INFO [236/750] 2dd0c971-1dac-4992-959c-2eb681240b21: Sackin index -0.0035; 23.7 s; peak memory 1156 MiB.
2026-10-03T22:14:33Z INFO [237/750] 2dd38b35-bd2b-4494-a1af-0176710ad914: Sackin index -0.0369; 0.9 s; peak memory 1156 MiB.
2026-10-03T22:14:37Z INFO [238/750] 2dd3f198-bf3a-4aad-9c30-e5b9c3369380: Sackin index -0.0251; 3.5 s; peak memory 1156 MiB.
2026-10-03T22:14:38Z INFO [239/750] 2dd58899-a670-4068-b594-584be94f8e82: Sackin index -0.0169; 1.4 s; peak memory 1156 MiB.
2026-10-03T22:14:39Z INFO [240/750] 2dd5a227-2679-4b7b-bb8b-7b6e95485285: Sackin index -0.1349; 0.6 s; peak memory 1156 MiB.
2026-10-03T22:14:40Z INFO [241/750] 2dd611a3-cf79-4325-b289-2b159de42982: Sackin index -0.1224; 1.4 s; peak memory 1156 MiB.
2026-10-03T22:14:48Z INFO [242/750] 2dd6c625-7d38-44a8-b254-74b029f05019: Sackin index -0.0125; 8.2 s; peak memory 1156 MiB.
2026-10-03T22:15:05Z INFO [243/750] 2dd6e229-9621-4203-b759-150a237725b0: Sackin index -0.1367; 16.1 s; peak memory 1156 MiB.
2026-10-03T22:15:06Z INFO [244/750] 2dd6f83f-62f4-4bc2-bc1d-f3968f5354e4: Sackin index -0.1349; 0.9 s; peak memory 1156 MiB.
2026-10-03T22:15:07Z INFO [245/750] 2dd7249f-89b5-455c-be11-6c777d91cf29: Sackin index -0.0173; 1.1 s; peak memory 1156 MiB.
2026-10-03T22:15:16Z INFO [246/750] 2dd75f9a-d0b1-4aa0-a50e-2417d3cca23b: Sackin index -0.0106; 8.9 s; peak memory 1156 MiB.
2026-10-03T22:15:16Z INFO [247/750] 2dd76583-8867-4a0c-a806-8dc251cc7061: Sackin index -0.1658; 0.4 s; peak memory 1156 MiB.
2026-10-03T22:15:17Z INFO [248/750] 2dd76c3c-47f9-4080-bfbc-d30904bd310b: Sackin index -0.1938; 1.2 s; peak memory 1156 MiB.
2026-10-03T22:15:18Z INFO [249/750] 2dd77ca6-d78c-4407-8236-337f12f1b5ad: Sackin index -0.0379; 1.0 s; peak memory 1156 MiB.
2026-10-03T22:15:19Z INFO [250/750] 2dd7e595-2b1f-4b58-a84e-fdab596049b5: Sackin index -0.1938; 1.4 s; peak memory 1156 MiB.
2026-10-03T22:15:20Z INFO [250/750] 2dd7e595-2b1f-4b58-a84e-fdab596049b5: checkpointed 69086 records.
2026-10-03T22:15:20Z INFO [251/750] 2dd9441f-f834-4b77-8458-d289f8af3389: Sackin index -0.0696; 0.9 s; peak memory 1156 MiB.
2026-10-03T22:15:21Z INFO [252/750] 2dd9e92a-cdcb-485f-91df-027319a55779: Sackin index -0.1349; 0.7 s; peak memory 1156 MiB.
2026-10-03T22:15:22Z INFO [253/750] 2dda5590-0f49-4e2b-9305-9c451ca711da: Sackin index -0.0457; 0.9 s; peak memory 1156 MiB.
2026-10-03T22:15:29Z INFO [254/750] 2ddac752-807c-4fa0-8953-fa958b7e48aa: Sackin index -0.0145; 7.2 s; peak memory 1156 MiB.
2026-10-03T22:15:34Z INFO [255/750] 2ddacbc4-4578-4618-b0b2-42dc24f10f43: Sackin index -0.1344; 4.3 s; peak memory 1156 MiB.
2026-10-03T22:15:35Z INFO [256/750] 2ddb3cc7-6c4a-4fa3-93fe-babbb52c3f77: Sackin index -0.0423; 0.9 s; peak memory 1156 MiB.
2026-10-03T22:15:35Z INFO [257/750] 2ddc46cb-2172-4408-beb8-79e4d3680c19: Sackin index -0.0709; 0.6 s; peak memory 1156 MiB.
2026-10-03T22:15:36Z INFO [258/750] 2ddd19df-7f5d-4fcd-bc2a-cbb4c06e2621: Sackin index -0.0696; 0.6 s; peak memory 1156 MiB.
2026-10-03T22:15:37Z INFO [259/750] 2dddfe3c-5b46-46b6-af60-4c006100bef1: Sackin index -0.1273; 0.9 s; peak memory 1156 MiB.
2026-10-03T22:15:37Z INFO [260/750] 2dde18e7-513c-4427-add2-2a63de7d6502: Sackin index -0.0728; 0.7 s; peak memory 1156 MiB.
2026-10-03T22:15:38Z INFO [261/750] 2dde5526-e2c8-4374-a51a-ac263297bdd6: Sackin index -0.0709; 0.7 s; peak memory 1156 MiB.
2026-10-03T22:15:40Z INFO [262/750] 2dde6aa3-c5ac-47bc-b2ac-b0744bb8030f: Sackin index -0.1266; 1.9 s; peak memory 1156 MiB.
2026-10-03T22:15:41Z INFO [263/750] 2ddf1982-b5a9-409f-931d-e55ad555c5d3: Sackin index -0.1068; 0.8 s; peak memory 1156 MiB.
2026-10-03T22:15:42Z INFO [264/750] 2ddf9bbf-0cf2-4c71-8411-61877428b882: Sackin index -0.0655; 1.8 s; peak memory 1156 MiB.
2026-10-03T22:15:43Z INFO [265/750] 2ddffdf7-7c46-4e2f-a997-b46a5def081f: Sackin index -0.1239; 0.5 s; peak memory 1156 MiB.
2026-10-03T22:15:44Z INFO [266/750] 2de0b125-3c6c-42d6-b090-af70e1d235f5: Sackin index -0.0728; 0.7 s; peak memory 1156 MiB.
2026-10-03T22:15:44Z INFO [267/750] 2de0e6d5-4059-44d8-8ff7-fd43ac6995e9: Sackin index -0.0728; 0.7 s; peak memory 1156 MiB.
2026-10-03T22:15:45Z INFO [268/750] 2de1ebcb-0b0f-4a40-ac38-4b23d4d2a399: Sackin index -0.0376; 0.9 s; peak memory 1156 MiB.
2026-10-03T22:15:46Z INFO [269/750] 2de1ef31-c03a-4f5c-b575-275851e421bd: Sackin index -0.0728; 0.6 s; peak memory 1156 MiB.
2026-10-03T22:15:46Z INFO [270/750] 2de3f7a6-708e-4c56-b1a9-d48b0f97feb2: Sackin index -0.1349; 0.6 s; peak memory 1156 MiB.
2026-10-03T22:16:24Z INFO [271/750] 2de44f77-8855-434a-b5a3-8d1ed04edf85: Sackin index -0.1076; 37.7 s; peak memory 1156 MiB.
2026-10-03T22:16:25Z INFO [272/750] 2de45a94-d306-48da-a7e4-892461a52227: Sackin index -0.1298; 0.5 s; peak memory 1156 MiB.
2026-10-03T22:16:26Z INFO [273/750] 2de47296-7bdd-4cd6-83c7-dedd1e9a0002: Sackin index -0.0699; 1.4 s; peak memory 1156 MiB.
2026-10-03T22:16:31Z INFO [274/750] 2de4f212-8538-4040-b68d-245e8d3bb784: Sackin index -0.0435; 4.6 s; peak memory 1156 MiB.
2026-10-03T22:16:32Z INFO [275/750] 2de5acaa-dfa4-4262-b352-a3a89677ad15: Sackin index -0.1269; 0.9 s; peak memory 1156 MiB.
2026-10-03T22:16:36Z INFO [276/750] 2de5ba74-7611-4c2b-9835-aca6d0280baa: Sackin index -0.0435; 4.1 s; peak memory 1156 MiB.
2026-10-03T22:16:38Z INFO [277/750] 2de600c5-4cad-4802-8220-153920c6a5c9: Sackin index -0.0388; 1.9 s; peak memory 1156 MiB.
2026-10-03T22:16:38Z INFO [278/750] 2de6269e-7769-48b0-a0a6-e989fb7d2073: Sackin index -0.0896; 0.6 s; peak memory 1156 MiB.
2026-10-03T22:16:39Z INFO [279/750] 2de805bb-f412-4708-bba4-7aa7c1643ae7: Sackin index -0.1938; 0.6 s; peak memory 1156 MiB.
2026-10-03T22:16:40Z INFO [280/750] 2de89c01-15f7-4697-ba9c-87f9bf4adf78: Sackin index -0.1370; 1.2 s; peak memory 1156 MiB.
2026-10-03T22:16:41Z INFO [281/750] 2de95263-383b-4518-bc4c-41d187af84b0: Sackin index -0.0728; 0.7 s; peak memory 1156 MiB.
2026-10-03T22:16:41Z INFO [282/750] 2de955e7-e6ca-45bb-924a-e6de0a813830: Sackin index -0.1331; 0.7 s; peak memory 1156 MiB.
2026-10-03T22:16:46Z INFO [283/750] 2de9aacf-58c4-456e-84f1-94c8dc3ca810: Sackin index -0.0257; 4.9 s; peak memory 1156 MiB.
2026-10-03T22:16:47Z INFO [284/750] 2de9d421-619e-47d3-8296-12679febcd97: Sackin index -0.0696; 0.8 s; peak memory 1156 MiB.
2026-10-03T22:16:50Z INFO [285/750] 2dea3cba-d973-4005-a374-867988b35768: Sackin index -0.0416; 2.7 s; peak memory 1156 MiB.
2026-10-03T22:16:58Z INFO [286/750] 2dea6670-dc25-4125-9133-7a00e4cb82ff: Sackin index -0.0205; 8.6 s; peak memory 1156 MiB.
2026-10-03T22:16:59Z INFO [287/750] 2debc9f0-fddc-4361-8245-4c6fae917b00: Sackin index -0.1349; 0.6 s; peak memory 1156 MiB.
2026-10-03T22:16:59Z INFO [288/750] 2dee6c46-06a4-4872-b620-ef5edf4d7e93: Sackin index -0.1658; 0.4 s; peak memory 1156 MiB.
2026-10-03T22:17:00Z INFO [289/750] 2dee8bec-d7e6-4f63-9039-4faf4d2d01da: Sackin index -0.1349; 0.5 s; peak memory 1156 MiB.
2026-10-03T22:17:01Z INFO [290/750] 2deed165-0066-4c7d-8d63-b43429774eff: Sackin index -0.0376; 1.1 s; peak memory 1156 MiB.
2026-10-03T22:17:05Z INFO [291/750] 2deedea2-45b8-493a-afca-858e03659c32: Sackin index -0.0251; 4.1 s; peak memory 1156 MiB.
2026-10-03T22:17:06Z INFO [292/750] 2def788d-b835-4015-a346-1508ea438a0d: Sackin index -0.1248; 0.8 s; peak memory 1156 MiB.
2026-10-03T22:17:07Z INFO [293/750] 2defb8ce-0561-4a83-a4d6-0f39a489b275: Sackin index -0.1349; 0.8 s; peak memory 1156 MiB.
2026-10-03T22:17:07Z INFO [294/750] 2defc912-dde2-4f93-8d14-25c127e58701: Sackin index -0.0702; 0.6 s; peak memory 1156 MiB.
2026-10-03T22:17:09Z INFO [295/750] 2df0c517-e3ee-400e-a077-260e90eb8438: Sackin index -0.0275; 1.2 s; peak memory 1156 MiB.
2026-10-03T22:17:09Z INFO [296/750] 2df10db4-75c9-46ab-aa52-3783f98ecb42: Sackin index -0.0375; 0.9 s; peak memory 1156 MiB.
2026-10-03T22:17:11Z INFO [297/750] 2df25fa8-e3fb-49c0-a0a2-912e37108310: Sackin index -0.0824; 1.6 s; peak memory 1156 MiB.
2026-10-03T22:17:12Z INFO [298/750] 2df29dd5-854a-469b-b636-3782c5b44287: Sackin index -0.0434; 0.9 s; peak memory 1156 MiB.
2026-10-03T22:17:14Z INFO [299/750] 2df39f87-f9b8-40e5-8de8-0fe2b8a3c2b1: Sackin index -0.0643; 2.1 s; peak memory 1156 MiB.
2026-10-03T22:17:15Z INFO [300/750] 2df45f18-cda0-48f9-a118-7b05c30f8249: Sackin index -0.0702; 0.8 s; peak memory 1156 MiB.
2026-10-03T22:17:15Z INFO [300/750] 2df45f18-cda0-48f9-a118-7b05c30f8249: checkpointed 69136 records.
2026-10-03T22:17:16Z INFO [301/750] 2df4682c-0719-4bc2-913b-aeed15b21e18: Sackin index -0.0709; 0.7 s; peak memory 1156 MiB.
2026-10-03T22:17:23Z INFO [302/750] 2df47082-e673-46fc-88d1-e5ae8d674270: Sackin index -0.0192; 7.4 s; peak memory 1156 MiB.
2026-10-03T22:17:27Z INFO [303/750] 2df48652-6c04-4972-8f39-c945708cf671: Sackin index -0.0476; 4.0 s; peak memory 1156 MiB.
2026-10-03T22:17:28Z INFO [304/750] 2df4ceb0-48ae-49a6-8edf-5e33c9b7a9ea: Sackin index -0.0745; 0.8 s; peak memory 1156 MiB.
2026-10-03T22:17:29Z INFO [305/750] 2df74844-10f8-4537-b224-947b9751ed32: Sackin index -0.1349; 0.6 s; peak memory 1156 MiB.
2026-10-03T22:17:30Z INFO [306/750] 2df85cc8-a4d2-43a8-9f29-d9364b214d89: Sackin index -0.1160; 1.1 s; peak memory 1156 MiB.
2026-10-03T22:17:34Z INFO [307/750] 2df910df-929a-4bb3-8982-03d3bedf05e5: Sackin index -0.0476; 4.8 s; peak memory 1156 MiB.
2026-10-03T22:17:43Z INFO [308/750] 2df92f84-b78f-4448-bbcf-530219eb8f9a: Sackin index -0.0293; 8.3 s; peak memory 1156 MiB.
2026-10-03T22:17:44Z INFO [309/750] 2df93e94-0d72-4eb9-8e3e-f271a018b0e7: Sackin index -0.1349; 0.8 s; peak memory 1156 MiB.
2026-10-03T22:17:44Z INFO [310/750] 2df9774a-944d-4212-821b-95c5d428abca: Sackin index -0.1349; 0.8 s; peak memory 1156 MiB.
2026-10-03T22:17:45Z INFO [311/750] 2df9972c-b16b-41e1-9a14-89c994072cf7: Sackin index -0.1273; 1.0 s; peak memory 1156 MiB.
2026-10-03T22:17:48Z INFO [312/750] 2dfa1607-d19d-4b76-8635-285e4329a015: Sackin index -0.0514; 2.8 s; peak memory 1156 MiB.
2026-10-03T22:17:49Z INFO [313/750] 2dfbca23-e524-40c7-8fec-094cb7deb8a7: Sackin index -0.0375; 1.1 s; peak memory 1156 MiB.
2026-10-03T22:17:50Z INFO [314/750] 2dfbe920-e96a-4521-b66f-9b91a0128f19: Sackin index -0.0728; 0.8 s; peak memory 1156 MiB.
2026-10-03T22:18:03Z INFO [315/750] 2dfbeeea-e910-408e-b36e-5c67c3d630fa: Sackin index -0.0157; 13.3 s; peak memory 1156 MiB.
2026-10-03T22:18:04Z INFO [316/750] 2dfc2e18-1f9d-4c0f-9b30-ae202a8d0c52: Sackin index -0.1228; 1.1 s; peak memory 1156 MiB.
2026-10-03T22:18:05Z INFO [317/750] 2dfce66a-27b8-4162-81b4-4d7670d7baf2: Sackin index -0.0859; 0.6 s; peak memory 1156 MiB.
2026-10-03T22:18:08Z INFO [318/750] 2dfd0550-792d-4766-9b50-cf878ed37a37: Sackin index -0.0435; 3.5 s; peak memory 1156 MiB.
2026-10-03T22:18:09Z INFO [319/750] 2dfd16e2-3dcb-4134-a6ea-53412e0da955: Sackin index -0.0728; 0.9 s; peak memory 1156 MiB.
2026-10-03T22:18:12Z INFO [320/750] 2dfd849c-88aa-46eb-9d11-61f97701d41a: Sackin index -0.0403; 2.8 s; peak memory 1156 MiB.
2026-10-03T22:18:17Z INFO [321/750] 2dfd86c7-744b-4a6e-8ad6-b8442fa01862: Sackin index -0.0215; 4.7 s; peak memory 1156 MiB.
2026-10-03T22:18:17Z INFO [322/750] 2dfe2812-2b24-4cd7-91da-42ac5d2a9b9b: Sackin index -0.1575; 0.5 s; peak memory 1156 MiB.
2026-10-03T22:18:18Z INFO [323/750] 2dfec1ce-aa6a-4b6b-8ba9-e4b6219f2fba: Sackin index -0.0747; 1.0 s; peak memory 1156 MiB.
2026-10-03T22:18:22Z INFO [324/750] 2dfec93e-afc1-49f0-b936-2c42122dfbd2: Sackin index -0.0457; 4.2 s; peak memory 1156 MiB.
2026-10-03T22:18:23Z INFO [325/750] 2dff0d13-2e8f-4ab8-81c2-28ac743acb6a: Sackin index -0.1658; 0.4 s; peak memory 1156 MiB.
2026-10-03T22:18:23Z INFO [326/750] 2dff6802-4f7d-4dc5-9c81-82e44ff8e0f0: Sackin index -0.1658; 0.4 s; peak memory 1156 MiB.
2026-10-03T22:18:32Z INFO [327/750] 2e0078c8-8e3b-4ea2-a43b-65c5a39093e4: Sackin index -0.0235; 8.6 s; peak memory 1156 MiB.
2026-10-03T22:18:32Z INFO [328/750] 2e01cb21-1d6a-4a9c-90c0-95aec3252b4d: Sackin index -0.1349; 0.6 s; peak memory 1156 MiB.
2026-10-03T22:18:33Z INFO [329/750] 2e02333d-ba65-4b97-b0bd-1965601eacc8: Sackin index -0.1349; 0.7 s; peak memory 1156 MiB.
2026-10-03T22:18:34Z INFO [330/750] 2e02e7e3-6a32-461f-b89d-0af83b6dd2b5: Sackin index -0.1349; 0.6 s; peak memory 1156 MiB.
2026-10-03T22:18:34Z INFO [331/750] 2e030e3f-dfd0-4558-bc15-651c25cee431: Sackin index -0.1349; 0.7 s; peak memory 1156 MiB.
2026-10-03T22:18:40Z INFO [332/750] 2e03f6dd-eb6f-4792-987f-7ef51b2616f3: Sackin index -0.0147; 5.6 s; peak memory 1156 MiB.
2026-10-03T22:19:16Z INFO [333/750] 2e040bac-baa9-4604-a844-fd44361be07a: Sackin index -0.1076; 35.7 s; peak memory 1156 MiB.
2026-10-03T22:19:16Z INFO [334/750] 2e04cdf5-63c8-405b-a57e-4907b588b632: Sackin index -0.0709; 0.5 s; peak memory 1156 MiB.
2026-10-03T22:19:17Z INFO [335/750] 2e054d31-56cb-4f7b-9972-22f877521c3c: Sackin index -0.1331; 0.5 s; peak memory 1156 MiB.
2026-10-03T22:19:18Z INFO [336/750] 2e059246-0d9a-499f-8bca-1e68ed789ad2: Sackin index -0.0728; 0.9 s; peak memory 1156 MiB.
2026-10-03T22:19:25Z INFO [337/750] 2e05da34-46d8-461f-9226-1406dd9fad5c: Sackin index -0.0179; 7.1 s; peak memory 1156 MiB.
2026-10-03T22:19:33Z INFO [338/750] 2e06bcfb-04e6-4383-bd70-8ae534f1419c: Sackin index -0.0105; 7.8 s; peak memory 1156 MiB.
2026-10-03T22:19:38Z INFO [339/750] 2e06db81-29a2-43ab-91e8-eeb32309d183: Sackin index -0.0160; 5.8 s; peak memory 1156 MiB.
2026-10-03T22:19:39Z INFO [340/750] 2e070306-fa0a-402a-bcfc-88b0fcab7a8a: Sackin index -0.0369; 0.8 s; peak memory 1156 MiB.
2026-10-03T22:19:40Z INFO [341/750] 2e072f21-68de-40af-a8da-0cc30d4eadc9: Sackin index -0.0728; 0.7 s; peak memory 1156 MiB.
2026-10-03T22:19:41Z INFO [342/750] 2e076ed6-15db-4ca1-9c12-ea3a448a5e1e: Sackin index -0.0702; 0.7 s; peak memory 1156 MiB.
2026-10-03T22:19:41Z INFO [343/750] 2e07b5fc-3973-49ba-a5f0-992922405d63: Sackin index -0.1938; 0.4 s; peak memory 1156 MiB.
2026-10-03T22:22:29Z INFO [344/750] 2e07bb2e-683b-46f9-99ea-8d9fd7d42baf: Sackin index -0.1290; 168.4 s; peak memory 1156 MiB.
2026-10-03T22:22:32Z INFO [345/750] 2e07ed4b-5f94-4f6e-9266-209ab153bd82: Sackin index -0.0244; 3.0 s; peak memory 1156 MiB.
2026-10-03T22:22:38Z INFO [346/750] 2e0866c9-e7ca-4e3b-8a9b-2a6cfca9065a: Sackin index -0.0182; 5.8 s; peak memory 1156 MiB.
2026-10-03T22:22:39Z INFO [347/750] 2e08d15a-bab4-40eb-86b7-a5cfa16c2e70: Sackin index -0.0656; 0.6 s; peak memory 1156 MiB.
2026-10-03T22:22:40Z INFO [348/750] 2e0908be-dc65-46ad-9037-54621c06ee81: Sackin index -0.1349; 0.8 s; peak memory 1156 MiB.
2026-10-03T22:22:41Z INFO [349/750] 2e09258f-0ce8-43b9-b997-b0d20abf04db: Sackin index -0.0376; 1.1 s; peak memory 1156 MiB.
2026-10-03T22:25:03Z INFO [350/750] 2e09805a-b16e-4b0a-8e64-1297d5dee006: Sackin index -0.0741; 141.9 s; peak memory 1156 MiB.
2026-10-03T22:25:03Z INFO [350/750] 2e09805a-b16e-4b0a-8e64-1297d5dee006: checkpointed 69186 records.
2026-10-03T22:25:04Z INFO [351/750] 2e099510-d818-4645-9809-f1e2ca0aab4d: Sackin index -0.0376; 0.9 s; peak memory 1156 MiB.
2026-10-03T22:25:05Z INFO [352/750] 2e0a3b62-9ad4-4893-91f6-4c4525e6dca2: Sackin index -0.1349; 0.8 s; peak memory 1156 MiB.
2026-10-03T22:25:05Z INFO [353/750] 2e0a6bf1-f90c-40eb-8222-6320f58ffb72: Sackin index -0.1658; 0.4 s; peak memory 1156 MiB.
2026-10-03T22:25:13Z INFO [354/750] 2e0aca9e-c502-4763-a1ac-cff33903e476: Sackin index -0.1310; 7.7 s; peak memory 1156 MiB.
2026-10-03T22:25:13Z INFO [355/750] 2e0c4369-c5dd-4977-bada-dfa2b1528563: Sackin index -0.0956; 0.6 s; peak memory 1156 MiB.
2026-10-03T22:25:14Z INFO [356/750] 2e0c5b6a-d670-4e15-b491-cff7bfb939c1: Sackin index -0.1349; 0.7 s; peak memory 1156 MiB.
2026-10-03T22:25:15Z INFO [357/750] 2e0c8eaa-f081-4489-84d7-15cd07263e09: Sackin index -0.0569; 0.9 s; peak memory 1156 MiB.
2026-10-03T22:25:17Z INFO [358/750] 2e0d546b-494d-47c4-87dc-b6fdb8adc566: Sackin index -0.0660; 2.3 s; peak memory 1156 MiB.
2026-10-03T22:25:19Z INFO [359/750] 2e0d8047-d8a8-4cbd-8686-2130aa03e991: Sackin index -0.1938; 1.6 s; peak memory 1156 MiB.
2026-10-03T22:27:33Z INFO [360/750] 2e0d95e9-4325-4779-b087-88bde72e6799: Sackin index -0.0935; 133.7 s; peak memory 1156 MiB.
2026-10-03T22:27:38Z INFO [361/750] 2e0ec76c-5c76-406b-bd34-6cd307b0629f: Sackin index -0.0940; 5.0 s; peak memory 1156 MiB.
2026-10-03T22:27:38Z INFO [362/750] 2e0fab25-6b4d-4755-adcd-451c2f3d87b7: Sackin index -0.0696; 0.7 s; peak memory 1156 MiB.
2026-10-03T22:27:39Z INFO [363/750] 2e0fc50e-40de-4f69-8171-022d801faf66: Sackin index -0.0844; 0.4 s; peak memory 1156 MiB.
2026-10-03T22:27:40Z INFO [364/750] 2e0fcf64-a65c-4510-b514-e4b40e2729da: Sackin index -0.0709; 0.8 s; peak memory 1156 MiB.
2026-10-03T22:27:40Z INFO [365/750] 2e0fdac4-0b99-4b67-8370-b22e8b1f8fd4: Sackin index -0.0702; 0.7 s; peak memory 1156 MiB.
2026-10-03T22:27:41Z INFO [366/750] 2e100b05-ffd3-4609-ba10-d1cd03280ce1: Sackin index -0.1408; 0.6 s; peak memory 1156 MiB.
2026-10-03T22:27:42Z INFO [367/750] 2e10349e-018b-47a6-85db-31498586d0cf: Sackin index -0.0702; 0.7 s; peak memory 1156 MiB.
2026-10-03T22:27:53Z INFO [368/750] 2e104c09-1f62-4af1-993e-71797a4803ba: Sackin index -0.0088; 11.4 s; peak memory 1156 MiB.
2026-10-03T22:27:54Z INFO [369/750] 2e111f45-7523-4b90-9849-cde45b78ae9a: Sackin index -0.0728; 0.9 s; peak memory 1156 MiB.
2026-10-03T22:27:54Z INFO [370/750] 2e115bb5-9f15-40cd-8580-de1509d29034: Sackin index -0.1349; 0.6 s; peak memory 1156 MiB.
2026-10-03T22:27:55Z INFO [371/750] 2e11d926-7ea3-4331-9f02-d5b6378d769a: Sackin index -0.2000; 0.5 s; peak memory 1156 MiB.
2026-10-03T22:27:56Z INFO [372/750] 2e1369c9-250c-4d68-b46f-7728e08a3ba3: Sackin index -0.1349; 0.8 s; peak memory 1156 MiB.
2026-10-03T22:27:56Z INFO [373/750] 2e1387e8-b8b4-4da7-9bbf-27ec098bc136: Sackin index -0.2073; 0.6 s; peak memory 1156 MiB.
2026-10-03T22:27:57Z INFO [374/750] 2e13991c-0bab-473e-91eb-eaf52679d784: Sackin index -0.1349; 0.7 s; peak memory 1156 MiB.
2026-10-03T22:27:58Z INFO [375/750] 2e13a06e-5441-4bd8-b63e-afcf9f9bc90f: Sackin index -0.0745; 1.0 s; peak memory 1156 MiB.
2026-10-03T22:27:59Z INFO [376/750] 2e1455c2-f456-416f-a4ed-65f3414170cf: Sackin index -0.1272; 0.5 s; peak memory 1156 MiB.
2026-10-03T22:28:00Z INFO [377/750] 2e1497b7-4113-4813-afde-efa4c8dd8a87: Sackin index -0.0728; 0.9 s; peak memory 1156 MiB.
2026-10-03T22:28:00Z INFO [378/750] 2e14faaa-ac89-460c-95e8-26d9ea67c780: Sackin index -0.1349; 0.7 s; peak memory 1156 MiB.
2026-10-03T22:28:01Z INFO [379/750] 2e156863-e1c1-4fe9-9268-cef50213649d: Sackin index -0.0728; 0.9 s; peak memory 1156 MiB.
2026-10-03T22:28:02Z INFO [380/750] 2e16a2ef-46e8-4a1d-b7b3-83b53a3799bb: Sackin index -0.0382; 0.7 s; peak memory 1156 MiB.
2026-10-03T22:28:02Z INFO [381/750] 2e1729ad-b013-4138-bf34-c69e10e7cdad: Sackin index -0.1461; 0.5 s; peak memory 1156 MiB.
2026-10-03T22:28:04Z INFO [382/750] 2e178b05-a1ed-4bdb-9de5-a83054e7453f: Sackin index -0.1761; 1.8 s; peak memory 1156 MiB.
2026-10-03T22:28:05Z INFO [383/750] 2e17ab7b-489c-44d4-bbfc-2ae594b72b0e: Sackin index -0.0702; 0.9 s; peak memory 1156 MiB.
2026-10-03T22:28:06Z INFO [384/750] 2e17c051-3edf-44cd-aaf0-d59e08abe11f: Sackin index -0.1349; 0.6 s; peak memory 1156 MiB.
2026-10-03T22:28:08Z INFO [385/750] 2e18344b-bdb6-472c-ad2f-842e57fb9e12: Sackin index -0.0665; 2.2 s; peak memory 1156 MiB.
2026-10-03T22:28:09Z INFO [386/750] 2e18f026-7612-458d-a4b3-1761dcd59f93: Sackin index -0.0745; 0.9 s; peak memory 1156 MiB.
2026-10-03T22:28:09Z INFO [387/750] 2e1a80d2-63c0-49d3-84f7-76afd6f70b44: Sackin index -0.1199; 0.5 s; peak memory 1156 MiB.
2026-10-03T22:28:10Z INFO [388/750] 2e1a8359-fc5a-4826-b757-2a29f4c78221: Sackin index -0.0720; 0.6 s; peak memory 1156 MiB.
2026-10-03T22:28:11Z INFO [389/750] 2e1ac357-7656-4229-a525-80f7fb5e9bf2: Sackin index -0.0579; 1.5 s; peak memory 1156 MiB.
2026-10-03T22:28:12Z INFO [390/750] 2e1b3a37-3654-454d-9430-8d0eb0c302cd: Sackin index -0.1248; 0.6 s; peak memory 1156 MiB.
2026-10-03T22:28:13Z INFO [391/750] 2e1bfb78-a104-4836-8abe-3a9372555c67: Sackin index -0.1349; 0.7 s; peak memory 1156 MiB.
2026-10-03T22:28:18Z INFO [392/750] 2e1c4617-8850-434b-a92d-58bf7fbe7159: Sackin index -0.0209; 5.6 s; peak memory 1156 MiB.
2026-10-03T22:28:19Z INFO [393/750] 2e1ca66f-475b-47ee-bcdc-a20e69208a9f: Sackin index -0.1349; 0.8 s; peak memory 1156 MiB.
2026-10-03T22:28:20Z INFO [394/750] 2e1cca30-0abe-4afd-90b7-4f53daaa5088: Sackin index -0.1349; 0.7 s; peak memory 1156 MiB.
2026-10-03T22:28:20Z INFO [395/750] 2e1d5451-cfe6-4f13-b1f0-29c1e8fcebb9: Sackin index -0.0696; 0.8 s; peak memory 1156 MiB.
2026-10-03T22:28:21Z INFO [396/750] 2e1d9734-75f0-4540-8d03-69471dc44c9e: Sackin index -0.0728; 0.9 s; peak memory 1156 MiB.
2026-10-03T22:28:27Z INFO [397/750] 2e1dc6e6-f2e2-4676-b207-1aad85c28d76: Sackin index -0.0165; 5.8 s; peak memory 1156 MiB.
2026-10-03T22:28:31Z INFO [398/750] 2e1e36bd-b570-42e1-b907-fbe047e84da7: Sackin index -0.0383; 3.5 s; peak memory 1156 MiB.
2026-10-03T22:28:31Z INFO [399/750] 2e1e95e0-f41e-4361-8ac9-9f5a866ac53e: Sackin index -0.0696; 0.9 s; peak memory 1156 MiB.
2026-10-03T22:28:32Z INFO [400/750] 2e231d70-c8f5-47f3-968c-43ec5a02fe07: Sackin index -0.1741; 0.6 s; peak memory 1156 MiB.
2026-10-03T22:28:32Z INFO [400/750] 2e231d70-c8f5-47f3-968c-43ec5a02fe07: checkpointed 69236 records.
2026-10-03T22:28:33Z INFO [401/750] 2e232431-5298-4220-b8f4-ab62b928aab7: Sackin index -0.0702; 0.8 s; peak memory 1156 MiB.
2026-10-03T22:28:34Z INFO [402/750] 2e23c9f6-077c-4af6-a6f2-991cc7cefcbc: Sackin index -0.0702; 0.8 s; peak memory 1156 MiB.
2026-10-03T22:28:35Z INFO [403/750] 2e240147-1e30-415d-bb02-cbbefc8eb012: Sackin index -0.1248; 1.0 s; peak memory 1156 MiB.
2026-10-03T22:28:36Z INFO [404/750] 2e24fb4b-e38c-4516-abff-7d7ab995e1eb: Sackin index -0.0728; 1.2 s; peak memory 1156 MiB.
2026-10-03T22:28:37Z INFO [405/750] 2e26188e-bc02-4df3-bf98-4e0039e9da35: Sackin index -0.1349; 0.6 s; peak memory 1156 MiB.
2026-10-03T22:28:37Z INFO [406/750] 2e2753ed-5006-4aeb-a3b5-2b0424a62b7e: Sackin index -0.0384; 0.7 s; peak memory 1156 MiB.
2026-10-03T22:28:43Z INFO [407/750] 2e275ff7-db88-474b-9d76-57984d7144f1: Sackin index -0.0140; 5.4 s; peak memory 1156 MiB.
2026-10-03T22:28:43Z INFO [408/750] 2e27d8b0-4ac4-4d55-b1ef-f90235de7bf0: Sackin index -0.1178; 0.5 s; peak memory 1156 MiB.
2026-10-03T22:28:44Z INFO [409/750] 2e299633-9047-4453-a5f8-bb2fe8442af9: Sackin index -0.0387; 0.8 s; peak memory 1156 MiB.
2026-10-03T22:28:45Z INFO [410/750] 2e2a71ac-d80f-42b6-8438-b37e0e70acb8: Sackin index -0.0696; 0.8 s; peak memory 1156 MiB.
2026-10-03T22:28:45Z INFO [411/750] 2e2a7365-463d-40e8-a96e-ca6425615c58: Sackin index -0.1201; 0.6 s; peak memory 1156 MiB.
2026-10-03T22:28:46Z INFO [412/750] 2e2ad275-c90c-4d55-96b8-10558e5e126d: Sackin index -0.1349; 0.6 s; peak memory 1156 MiB.
2026-10-03T22:28:48Z INFO [413/750] 2e2b0b74-c71f-4cff-b78b-5adf5c0d761d: Sackin index -0.0869; 2.2 s; peak memory 1156 MiB.
2026-10-03T22:28:49Z INFO [414/750] 2e2b2948-dbf4-4925-85b5-40e3e53b9783: Sackin index -0.0728; 1.0 s; peak memory 1156 MiB.
2026-10-03T22:28:51Z INFO [415/750] 2e2bc681-c1ee-4280-a063-1495d14c0ead: Sackin index -0.0660; 1.6 s; peak memory 1156 MiB.
2026-10-03T22:28:52Z INFO [416/750] 2e2bc987-2f57-4568-820a-e2ffd00c6d35: Sackin index -0.0376; 1.0 s; peak memory 1156 MiB.
2026-10-03T22:28:53Z INFO [417/750] 2e2c0579-2836-4b9c-a64d-d5a6656b59a9: Sackin index -0.0702; 0.8 s; peak memory 1156 MiB.
2026-10-03T22:28:55Z INFO [418/750] 2e2cd824-39a4-4c4b-858a-79cbbd60c17c: Sackin index -0.0660; 2.0 s; peak memory 1156 MiB.
2026-10-03T22:28:55Z INFO [419/750] 2e2d1e7c-e5e3-45a7-95c1-7abbba010664: Sackin index -0.1448; 0.5 s; peak memory 1156 MiB.
2026-10-03T22:28:56Z INFO [420/750] 2e2e0357-44ce-46c8-aee3-c2d3301fef55: Sackin index -0.0722; 0.8 s; peak memory 1156 MiB.
2026-10-03T22:30:42Z INFO [421/750] 2e2e2b2e-a960-4931-bc83-5aeaaaa9f980: Sackin index -0.0573; 106.3 s; peak memory 1156 MiB.
2026-10-03T22:30:43Z INFO [422/750] 2e2e3e49-c503-46c4-ae21-10cebe98509d: Sackin index -0.1349; 0.8 s; peak memory 1156 MiB.
2026-10-03T22:30:44Z INFO [423/750] 2e2edc26-c9e0-46ff-89b3-cfda43dc15c8: Sackin index -0.2168; 0.6 s; peak memory 1156 MiB.
2026-10-03T22:30:45Z INFO [424/750] 2e2ee20f-6cab-421c-a202-e5949c4d97e4: Sackin index -0.0380; 0.9 s; peak memory 1156 MiB.
2026-10-03T22:30:48Z INFO [425/750] 2e2f3690-7590-470d-847e-fb3296441755: Sackin index -0.0251; 3.7 s; peak memory 1156 MiB.
2026-10-03T22:30:58Z INFO [426/750] 2e2fb8e5-d9c4-4173-a43a-92d321003af0: Sackin index -0.0027; 10.1 s; peak memory 1156 MiB.
2026-10-03T22:30:59Z INFO [427/750] 2e3043aa-68d7-4d6c-9f92-7c4bd26681c3: Sackin index -0.1160; 0.7 s; peak memory 1156 MiB.
2026-10-03T22:31:00Z INFO [428/750] 2e3159f4-ed05-4dd1-8ee3-0bb6673aa8d7: Sackin index -0.0991; 0.8 s; peak memory 1156 MiB.
2026-10-03T22:31:01Z INFO [429/750] 2e3214a8-810c-4351-a960-128d2c5cd3e5: Sackin index -0.0275; 1.1 s; peak memory 1156 MiB.
2026-10-03T22:31:03Z INFO [430/750] 2e326e40-7b40-47d1-ada5-8c4d03360065: Sackin index -0.0648; 1.6 s; peak memory 1156 MiB.
2026-10-03T22:31:03Z INFO [431/750] 2e3286bb-f18d-4c71-a5c1-4724393730d5: Sackin index -0.1602; 0.5 s; peak memory 1156 MiB.
2026-10-03T22:31:04Z INFO [432/750] 2e328caa-a0c2-4878-84cb-a069c5e7642d: Sackin index -0.1658; 0.4 s; peak memory 1156 MiB.
2026-10-03T22:31:04Z INFO [433/750] 2e32e3bc-138c-4ec8-badb-ca3ee2d7247b: Sackin index -0.0371; 0.8 s; peak memory 1156 MiB.
2026-10-03T22:31:07Z INFO [434/750] 2e3331ce-8b5d-4bd9-a4aa-d33e56ded4d4: Sackin index -0.1266; 2.3 s; peak memory 1156 MiB.
2026-10-03T22:31:08Z INFO [435/750] 2e336128-2672-45e1-93d8-19e4928d9d78: Sackin index -0.0709; 0.9 s; peak memory 1156 MiB.
2026-10-03T22:31:10Z INFO [436/750] 2e33d6be-78cc-4cc0-ac46-083d5174bc5e: Sackin index -0.0634; 2.1 s; peak memory 1156 MiB.
2026-10-03T22:31:17Z INFO [437/750] 2e351c9f-6237-425e-aed8-ed8899c474eb: Sackin index -0.0178; 6.8 s; peak memory 1156 MiB.
2026-10-03T22:31:17Z INFO [438/750] 2e356abc-f0fb-4dc0-b361-f2a4ce4dd3e5: Sackin index -0.0702; 0.8 s; peak memory 1156 MiB.
2026-10-03T22:31:18Z INFO [439/750] 2e35cf74-cd0a-455a-b5df-8290d7353ad6: Sackin index -0.1349; 0.7 s; peak memory 1156 MiB.
2026-10-03T22:31:21Z INFO [440/750] 2e367311-f735-429b-bdb5-7c464b789305: Sackin index -0.1761; 3.1 s; peak memory 1156 MiB.
2026-10-03T22:31:22Z INFO [441/750] 2e368520-8ef4-4136-a303-083caea21e0c: Sackin index -0.0994; 1.0 s; peak memory 1156 MiB.
2026-10-03T22:31:23Z INFO [442/750] 2e36d41f-4f8e-49dc-888d-019e9fc31b12: Sackin index -0.1248; 0.6 s; peak memory 1156 MiB.
2026-10-03T22:31:24Z INFO [443/750] 2e3786eb-9adb-4e93-a687-0f7f1ada0cbb: Sackin index -0.0382; 0.8 s; peak memory 1156 MiB.
2026-10-03T22:31:27Z INFO [444/750] 2e379e03-8677-4165-b4bd-a2267e719171: Sackin index -0.1761; 3.0 s; peak memory 1156 MiB.
2026-10-03T22:31:27Z INFO [445/750] 2e37edaa-d7a4-404d-bdad-b6a6e5015ecb: Sackin index -0.1658; 0.6 s; peak memory 1156 MiB.
2026-10-03T22:31:33Z INFO [446/750] 2e389f8b-6b54-4ebb-9b8b-f65a2bb88143: Sackin index -0.0123; 6.0 s; peak memory 1156 MiB.
2026-10-03T22:31:34Z INFO [447/750] 2e38a2a4-52d1-4436-b046-32b23286090c: Sackin index -0.0728; 1.0 s; peak memory 1156 MiB.
2026-10-03T22:31:36Z INFO [448/750] 2e38af32-2720-4791-8cd6-224ff9137a2a: Sackin index -0.0869; 2.2 s; peak memory 1156 MiB.
2026-10-03T22:31:38Z INFO [449/750] 2e39478d-9c18-4b84-b30f-a81054f3a5dd: Sackin index -0.0695; 1.5 s; peak memory 1156 MiB.
2026-10-03T22:31:39Z INFO [450/750] 2e39b510-4669-4cbf-b42b-7d563edd30e1: Sackin index -0.0275; 1.0 s; peak memory 1156 MiB.
2026-10-03T22:31:39Z INFO [450/750] 2e39b510-4669-4cbf-b42b-7d563edd30e1: checkpointed 69286 records.
2026-10-03T22:31:40Z INFO [451/750] 2e3a036e-e1ea-41b2-aedb-624979809367: Sackin index -0.0696; 0.8 s; peak memory 1156 MiB.
2026-10-03T22:31:43Z INFO [452/750] 2e3a8283-aa85-4caf-8e58-846f0bc209e3: Sackin index -0.0240; 3.4 s; peak memory 1156 MiB.
2026-10-03T22:31:45Z INFO [453/750] 2e3acb2a-4996-4a81-8bae-4ec7fdca29f7: Sackin index -0.0854; 1.8 s; peak memory 1156 MiB.
2026-10-03T22:31:47Z INFO [454/750] 2e3afd14-9b1f-42d3-b7e0-257daabd3689: Sackin index -0.0677; 1.9 s; peak memory 1156 MiB.
2026-10-03T22:31:48Z INFO [455/750] 2e3b3d34-93a9-47fd-bef0-b6fb3647561e: Sackin index -0.0681; 1.1 s; peak memory 1156 MiB.
2026-10-03T22:31:48Z INFO [456/750] 2e3b7adc-a532-4c69-a24c-9cd9ad933fbb: Sackin index -0.1345; 0.4 s; peak memory 1156 MiB.
2026-10-03T22:31:49Z INFO [457/750] 2e3ba004-c720-484b-87f6-15721fb370c3: Sackin index -0.0369; 0.9 s; peak memory 1156 MiB.
2026-10-03T22:31:56Z INFO [458/750] 2e3bffae-b214-4dde-acb8-d95a3ead1b8b: Sackin index -0.0271; 7.1 s; peak memory 1156 MiB.
2026-10-03T22:32:02Z INFO [459/750] 2e3caa19-1c9a-4075-95b1-872edc65eb21: Sackin index -0.0147; 5.7 s; peak memory 1156 MiB.
2026-10-03T22:32:03Z INFO [460/750] 2e3d222b-af53-4234-a682-0d8981a1b109: Sackin index -0.1101; 0.7 s; peak memory 1156 MiB.
2026-10-03T22:32:04Z INFO [461/750] 2e3d6ce8-bafc-4b9a-85f6-05bbd92ac0ed: Sackin index -0.0380; 0.7 s; peak memory 1156 MiB.
2026-10-03T22:32:33Z INFO [462/750] 2e3dd82f-46d6-4b3c-b4b3-b3b70dfea1ad: Sackin index -0.0104; 29.8 s; peak memory 1156 MiB.
2026-10-03T22:32:34Z INFO [463/750] 2e3dde68-f0ea-4bba-b4f3-efd3ab7a497c: Sackin index -0.1319; 0.7 s; peak memory 1156 MiB.
2026-10-03T22:32:44Z INFO [464/750] 2e3e1d01-3b7e-44a2-8026-5d3fe1a01694: Sackin index -0.0131; 9.4 s; peak memory 1156 MiB.
2026-10-03T22:32:50Z INFO [465/750] 2e3e3f41-ca58-458e-a4ae-7fbd5a51864c: Sackin index -0.1938; 6.2 s; peak memory 1156 MiB.
2026-10-03T22:32:52Z INFO [466/750] 2e40b448-5712-46ba-b94d-5e8a17441083: Sackin index -0.0638; 2.0 s; peak memory 1156 MiB.
2026-10-03T22:32:53Z INFO [467/750] 2e41c5b2-1ab9-452e-9961-3053f059670f: Sackin index -0.0728; 1.1 s; peak memory 1156 MiB.
2026-10-03T22:33:13Z INFO [468/750] 2e42bcdd-22ff-4014-8247-d9dd60d76952: Sackin index -0.0638; 20.1 s; peak memory 1156 MiB.
2026-10-03T22:33:14Z INFO [469/750] 2e42fea1-c4be-418a-9c44-53416419ed49: Sackin index -0.1461; 0.6 s; peak memory 1156 MiB.
2026-10-03T22:33:14Z INFO [470/750] 2e430666-fedc-413e-9f86-6abf3240d48a: Sackin index -0.0702; 0.6 s; peak memory 1156 MiB.
2026-10-03T22:33:15Z INFO [471/750] 2e4361dc-ca2d-42e9-9b89-dd90c2c49a0d: Sackin index -0.1349; 0.7 s; peak memory 1156 MiB.
2026-10-03T22:33:15Z INFO [472/750] 2e4368b4-2481-455f-8777-d34268cac1b1: Sackin index -0.1331; 0.4 s; peak memory 1156 MiB.
2026-10-03T22:33:16Z INFO [473/750] 2e4425b3-518b-460a-a049-b09321321da7: Sackin index -0.1303; 0.3 s; peak memory 1156 MiB.
2026-10-03T22:33:17Z INFO [474/750] 2e44dbbb-5f9c-40ac-87e9-a9c1da073c7b: Sackin index -0.0699; 1.4 s; peak memory 1156 MiB.
2026-10-03T22:33:18Z INFO [475/750] 2e452d66-f7ee-4320-855a-16f3f1b1d8b9: Sackin index -0.1210; 1.1 s; peak memory 1156 MiB.
2026-10-03T22:33:19Z INFO [476/750] 2e45840d-87e6-4df2-a1c9-3adfc6c6b83b: Sackin index -0.1349; 0.8 s; peak memory 1156 MiB.
2026-10-03T22:33:19Z INFO [477/750] 2e46065c-a321-404e-aa2a-378501fca630: Sackin index -0.2147; 0.5 s; peak memory 1156 MiB.
2026-10-03T22:33:21Z INFO [478/750] 2e462b8f-5e7d-441b-be44-da6bc91299d5: Sackin index -0.0369; 1.3 s; peak memory 1156 MiB.
2026-10-03T22:33:22Z INFO [479/750] 2e472577-d60e-4e6b-990f-48febb160d93: Sackin index -0.0709; 0.8 s; peak memory 1156 MiB.
2026-10-03T22:33:30Z INFO [480/750] 2e4749b0-1f1f-4229-bda5-834a337a3438: Sackin index -0.0192; 8.0 s; peak memory 1156 MiB.
2026-10-03T22:33:30Z INFO [481/750] 2e4813aa-5ddd-4aa0-9a44-6320212bc182: Sackin index -0.1349; 0.7 s; peak memory 1156 MiB.
2026-10-03T22:33:40Z INFO [482/750] 2e485b43-8907-4577-be66-e1a0bc5ca06e: Sackin index -0.0190; 10.2 s; peak memory 1156 MiB.
2026-10-03T22:33:41Z INFO [483/750] 2e486f35-e657-42e8-8f3c-2d4265cff6e5: Sackin index -0.1191; 0.7 s; peak memory 1156 MiB.
2026-10-03T22:33:42Z INFO [484/750] 2e48f0e5-eed4-4a02-a2c1-67afb63e6ac9: Sackin index -0.1380; 1.1 s; peak memory 1156 MiB.
2026-10-03T22:33:44Z INFO [485/750] 2e49bb31-6a24-4898-b933-7dabcf444ea3: Sackin index -0.0797; 2.2 s; peak memory 1156 MiB.
2026-10-03T22:33:45Z INFO [486/750] 2e4a8b3d-c80c-45f2-9367-41d82777d4f1: Sackin index -0.1349; 0.6 s; peak memory 1156 MiB.
2026-10-03T22:33:46Z INFO [487/750] 2e4b3afa-5e04-488f-93a1-336561dc5b04: Sackin index -0.0745; 1.3 s; peak memory 1156 MiB.
2026-10-03T22:33:48Z INFO [488/750] 2e4c2cae-76a7-4052-8d97-a53f695d5a7d: Sackin index -0.0699; 1.7 s; peak memory 1156 MiB.
2026-10-03T22:33:48Z INFO [489/750] 2e4c30bb-7113-4b3c-a385-1b3428f457a0: Sackin index -0.1254; 0.6 s; peak memory 1156 MiB.
2026-10-03T22:33:50Z INFO [490/750] 2e4d49b7-37f4-4769-bb4f-43b5f0a850ac: Sackin index -0.0728; 1.1 s; peak memory 1156 MiB.
2026-10-03T22:33:50Z INFO [491/750] 2e4d5052-3512-4584-8fe5-981c8679af6a: Sackin index -0.0702; 0.8 s; peak memory 1156 MiB.
2026-10-03T22:33:54Z INFO [492/750] 2e4d56a7-3d33-4666-90ac-6006780e3f7c: Sackin index -0.0267; 3.4 s; peak memory 1156 MiB.
2026-10-03T22:33:55Z INFO [493/750] 2e4dbde3-efb4-45ba-a95f-a42f9827236b: Sackin index -0.0369; 1.1 s; peak memory 1156 MiB.
2026-10-03T22:33:56Z INFO [494/750] 2e4e4b63-1668-457c-baaf-2e8e0877e7b2: Sackin index -0.0375; 0.7 s; peak memory 1156 MiB.
2026-10-03T22:33:56Z INFO [495/750] 2e4e630f-a4b8-42d5-8bf0-74c9a5522f14: Sackin index -0.0728; 0.9 s; peak memory 1156 MiB.
2026-10-03T22:34:02Z INFO [496/750] 2e4ecb7b-1285-4ed5-8ba3-d63614443383: Sackin index -0.0149; 5.9 s; peak memory 1156 MiB.
2026-10-03T22:34:11Z INFO [497/750] 2e4ef71f-7ee0-496f-aebd-9d0349f25773: Sackin index -0.0141; 9.0 s; peak memory 1156 MiB.
2026-10-03T22:34:13Z INFO [498/750] 2e4f3e2b-b8cd-47b8-8a01-2ab9be4a82b4: Sackin index -0.1761; 2.0 s; peak memory 1156 MiB.
2026-10-03T22:34:14Z INFO [499/750] 2e4fd5de-052e-4915-b848-b247828e5235: Sackin index -0.1349; 0.8 s; peak memory 1156 MiB.
2026-10-03T22:34:15Z INFO [500/750] 2e5125a2-68f7-45a7-b726-1ce4e9820125: Sackin index -0.1349; 0.8 s; peak memory 1156 MiB.
2026-10-03T22:34:15Z INFO [500/750] 2e5125a2-68f7-45a7-b726-1ce4e9820125: checkpointed 69336 records.
2026-10-03T22:34:19Z INFO [501/750] 2e51ffa0-dcff-49b5-a1fb-670bffaabd38: Sackin index -0.0614; 3.9 s; peak memory 1156 MiB.
2026-10-03T22:34:20Z INFO [502/750] 2e52af8b-2ac4-4e91-b0f9-045c7e600d9a: Sackin index -0.0728; 0.9 s; peak memory 1156 MiB.
2026-10-03T22:34:21Z INFO [503/750] 2e530650-b5da-4a22-b002-dca68f625e03: Sackin index -0.0702; 0.8 s; peak memory 1156 MiB.
2026-10-03T22:34:21Z INFO [504/750] 2e53f018-6392-4770-8d42-819eebc7465b: Sackin index -0.1349; 0.6 s; peak memory 1156 MiB.
2026-10-03T22:34:22Z INFO [505/750] 2e540e30-44cc-4b7a-8fd4-16f94e9e7095: Sackin index -0.1239; 0.6 s; peak memory 1156 MiB.
2026-10-03T22:34:23Z INFO [506/750] 2e550cd3-430e-4dea-968a-656db1615d9b: Sackin index -0.0709; 0.8 s; peak memory 1156 MiB.
2026-10-03T22:34:23Z INFO [507/750] 2e556b53-65f9-45e5-9ac7-2f6a97792a54: Sackin index -0.0696; 0.9 s; peak memory 1156 MiB.
2026-10-03T22:34:28Z INFO [508/750] 2e55aa77-fca6-4688-b4a4-611dd7517663: Sackin index -0.0614; 4.2 s; peak memory 1156 MiB.
2026-10-03T22:34:28Z INFO [509/750] 2e56aeeb-5391-4215-ac83-6b91dca6635b: Sackin index -0.0702; 0.7 s; peak memory 1156 MiB.
2026-10-03T22:34:29Z INFO [510/750] 2e56d6ef-4a14-4ce0-9fb2-b80d457d8a63: Sackin index -0.1349; 0.7 s; peak memory 1156 MiB.
2026-10-03T22:34:30Z INFO [511/750] 2e57262e-3a94-43a9-ab0a-cb191c834199: Sackin index -0.0375; 0.9 s; peak memory 1156 MiB.
2026-10-03T22:34:39Z INFO [512/750] 2e575160-d97f-45c9-a818-b20282304c75: Sackin index -0.0277; 8.7 s; peak memory 1156 MiB.
2026-10-03T22:34:40Z INFO [513/750] 2e578935-c6d3-43ac-b44c-e92c6153a8fd: Sackin index -0.0369; 0.9 s; peak memory 1156 MiB.
2026-10-03T22:34:40Z INFO [514/750] 2e57d241-972d-4d2a-b604-b0f3e4be1c63: Sackin index -0.1349; 0.6 s; peak memory 1156 MiB.
2026-10-03T22:34:43Z INFO [515/750] 2e57df75-dd57-4e71-8cc7-4c52c951d3c8: Sackin index -0.0547; 2.8 s; peak memory 1156 MiB.
2026-10-03T22:34:44Z INFO [516/750] 2e584aff-fd05-45ad-b064-24f5c28a2e2d: Sackin index -0.1938; 0.5 s; peak memory 1156 MiB.
2026-10-03T22:34:47Z INFO [517/750] 2e585a84-a685-493c-8b67-0b9630b8b7fe: Sackin index -0.0251; 3.5 s; peak memory 1156 MiB.
2026-10-03T22:34:47Z INFO [518/750] 2e5868e0-2db6-4d30-8ec2-926dbc7a41e3: Sackin index -0.2000; 0.4 s; peak memory 1156 MiB.
2026-10-03T22:34:48Z INFO [519/750] 2e59064a-b8de-4f7e-8af6-6e8710deda08: Sackin index -0.0702; 1.0 s; peak memory 1156 MiB.
2026-10-03T22:34:49Z INFO [520/750] 2e593463-581d-418e-a90b-266ca129b917: Sackin index -0.0728; 0.8 s; peak memory 1156 MiB.
2026-10-03T22:34:51Z INFO [521/750] 2e5a7355-29f3-4dbb-80e2-231ce2546f12: Sackin index -0.0677; 1.8 s; peak memory 1156 MiB.
2026-10-03T22:34:52Z INFO [522/750] 2e5aaab5-96e4-4732-8cca-32cf4dc4728c: Sackin index -0.1349; 0.6 s; peak memory 1156 MiB.
2026-10-03T22:34:52Z INFO [523/750] 2e5bd84c-5577-4ca1-8043-a1048b08a70b: Sackin index -0.1161; 0.4 s; peak memory 1156 MiB.
2026-10-03T22:34:53Z INFO [524/750] 2e5ce688-05f6-4af3-8cd6-2ed5728968e7: Sackin index -0.1349; 0.7 s; peak memory 1156 MiB.
2026-10-03T22:34:53Z INFO [525/750] 2e5d0cbc-80ec-4fd0-88d8-e5f36bedadd2: Sackin index -0.1349; 0.7 s; peak memory 1156 MiB.
2026-10-03T22:34:56Z INFO [526/750] 2e5e07f2-c498-4243-bb40-ceb9aded5135: Sackin index -0.0403; 2.9 s; peak memory 1156 MiB.
2026-10-03T22:34:57Z INFO [527/750] 2e5e521a-aaf2-475c-ac4d-ec550d70079c: Sackin index -0.1269; 0.8 s; peak memory 1156 MiB.
2026-10-03T22:34:58Z INFO [528/750] 2e5e7058-4880-46d3-90c4-23be7328ac94: Sackin index -0.0696; 0.6 s; peak memory 1156 MiB.
2026-10-03T22:34:59Z INFO [529/750] 2e5f2613-ac72-4ce2-8d51-12622c8b36c5: Sackin index -0.0728; 1.0 s; peak memory 1156 MiB.
2026-10-03T22:34:59Z INFO [530/750] 2e60dc16-9c3b-4a2b-951e-b1d5ec7f0c92: Sackin index -0.0731; 0.8 s; peak memory 1156 MiB.
2026-10-03T22:35:00Z INFO [531/750] 2e60f720-ba3a-45dc-a501-757f167a8539: Sackin index -0.0369; 0.9 s; peak memory 1156 MiB.
2026-10-03T22:35:01Z INFO [532/750] 2e61b278-bf88-42ed-98b0-d95102b0a0bb: Sackin index -0.1349; 0.5 s; peak memory 1156 MiB.
2026-10-03T22:36:01Z INFO [533/750] 2e61e89e-1cf5-4c4d-a917-32a96292b97b: Sackin index -0.0276; 60.4 s; peak memory 1156 MiB.
2026-10-03T22:36:02Z INFO [534/750] 2e62640a-0092-4dd6-844e-a3abaedd692c: Sackin index -0.0702; 0.7 s; peak memory 1156 MiB.
2026-10-03T22:36:03Z INFO [535/750] 2e62c8cc-10b7-40e2-82c5-e6ce26083664: Sackin index -0.1349; 0.8 s; peak memory 1156 MiB.
2026-10-03T22:36:04Z INFO [536/750] 2e63ddca-31ef-42c0-b3d6-0f1a0a023f18: Sackin index -0.0272; 1.4 s; peak memory 1156 MiB.
2026-10-03T22:36:05Z INFO [537/750] 2e63ecf7-bf0b-407d-bffd-e0d2146d73d4: Sackin index -0.0696; 0.7 s; peak memory 1156 MiB.
2026-10-03T22:36:06Z INFO [538/750] 2e65e938-ed36-48c6-90f6-c069396aa742: Sackin index -0.1057; 1.6 s; peak memory 1156 MiB.
2026-10-03T22:36:07Z INFO [539/750] 2e65fffa-2770-4108-8662-1a883544dcb5: Sackin index -0.1248; 0.7 s; peak memory 1156 MiB.
2026-10-03T22:36:08Z INFO [540/750] 2e66b7e3-5311-45cf-ae36-b349ca7f9510: Sackin index -0.1291; 0.9 s; peak memory 1156 MiB.
2026-10-03T22:36:09Z INFO [541/750] 2e671e82-52af-4960-8df7-5bd4c64676e0: Sackin index -0.1349; 0.7 s; peak memory 1156 MiB.
2026-10-03T22:36:12Z INFO [542/750] 2e672612-01dd-46db-a045-31fcc3ee7106: Sackin index -0.0415; 2.7 s; peak memory 1156 MiB.
2026-10-03T22:36:12Z INFO [543/750] 2e67831a-7897-4fab-a143-8c8ab9b6caec: Sackin index -0.1349; 0.7 s; peak memory 1156 MiB.
2026-10-03T22:36:13Z INFO [544/750] 2e6788f2-9670-490d-ba97-ff856192a3a9: Sackin index -0.1241; 0.5 s; peak memory 1156 MiB.
2026-10-03T22:36:18Z INFO [545/750] 2e67afd0-b0a7-4678-90dc-2fbf1f10db96: Sackin index -0.0288; 4.9 s; peak memory 1156 MiB.
2026-10-03T22:36:19Z INFO [546/750] 2e67bc77-f265-4a44-957d-41684d7f0bf8: Sackin index -0.0272; 0.9 s; peak memory 1156 MiB.
2026-10-03T22:36:19Z INFO [547/750] 2e680bbc-1827-4389-8385-090b6cc5b5e7: Sackin index -0.1349; 0.8 s; peak memory 1156 MiB.
2026-10-03T22:36:26Z INFO [548/750] 2e68295f-c1d7-4932-8077-3e7fc461c130: Sackin index -0.1462; 6.2 s; peak memory 1156 MiB.
2026-10-03T22:36:26Z INFO [549/750] 2e68b0ca-22a6-47c7-b6b8-3d512365e256: Sackin index -0.1191; 0.7 s; peak memory 1156 MiB.
2026-10-03T22:36:29Z INFO [550/750] 2e68c1c0-c117-4f77-86b6-e9e0026b73ba: Sackin index -0.1938; 2.4 s; peak memory 1156 MiB.
2026-10-03T22:36:29Z INFO [550/750] 2e68c1c0-c117-4f77-86b6-e9e0026b73ba: checkpointed 69386 records.
2026-10-03T22:36:29Z INFO [551/750] 2e6a4ac9-8ae5-4543-bbb1-5d445da7d515: Sackin index -0.0702; 0.6 s; peak memory 1156 MiB.
2026-10-03T22:37:54Z INFO [552/750] 2e6ac94a-3144-44c1-a1b8-c6799f39bf16: Sackin index -0.0668; 84.4 s; peak memory 1156 MiB.
2026-10-03T22:37:55Z INFO [553/750] 2e6cd9c2-ec7e-4d95-95be-bedb242b9377: Sackin index -0.1349; 0.7 s; peak memory 1156 MiB.
2026-10-03T22:37:55Z INFO [554/750] 2e6d250e-b1dc-4ac9-90a0-6a5e96efe96d: Sackin index -0.1349; 0.7 s; peak memory 1156 MiB.
2026-10-03T22:37:56Z INFO [555/750] 2e6d541b-225d-4c4c-b9cf-72eec742f893: Sackin index -0.2000; 0.6 s; peak memory 1156 MiB.
2026-10-03T22:37:57Z INFO [556/750] 2e6d6177-42ff-48de-b973-67f2eb335ef4: Sackin index -0.1349; 0.7 s; peak memory 1156 MiB.
2026-10-03T22:37:58Z INFO [557/750] 2e6d6a3e-fba7-4c4b-8497-cbc5299f6742: Sackin index -0.1356; 1.1 s; peak memory 1156 MiB.
2026-10-03T22:39:19Z INFO [558/750] 2e6d92f8-6572-41e2-bd8f-263fd970945a: Sackin index -0.0305; 81.2 s; peak memory 1156 MiB.
2026-10-03T22:39:20Z INFO [559/750] 2e6df8fb-25c8-4b14-aad3-49974e6b5f59: Sackin index -0.1009; 1.0 s; peak memory 1156 MiB.
2026-10-03T22:39:21Z INFO [560/750] 2e6f46e5-1b53-4245-992c-4e94f0412ceb: Sackin index -0.1194; 0.9 s; peak memory 1156 MiB.
2026-10-03T22:39:24Z INFO [561/750] 2e6fb19a-51ab-4df4-81d2-64a44ebbd14e: Sackin index -0.0251; 3.3 s; peak memory 1156 MiB.
2026-10-03T22:39:25Z INFO [562/750] 2e70b656-d448-4048-851f-a9b74bc681b6: Sackin index -0.1349; 0.8 s; peak memory 1156 MiB.
2026-10-03T22:39:29Z INFO [563/750] 2e737762-ceef-4c1c-ae60-08232eea14de: Sackin index -0.0476; 3.7 s; peak memory 1156 MiB.
2026-10-03T22:39:29Z INFO [564/750] 2e743e50-984e-4207-b7d4-38c4df92697c: Sackin index -0.1248; 0.7 s; peak memory 1156 MiB.
2026-10-03T22:39:30Z INFO [565/750] 2e748eca-2b4c-4a79-b5e8-15ededebbca7: Sackin index -0.1448; 0.4 s; peak memory 1156 MiB.
2026-10-03T22:39:31Z INFO [566/750] 2e7495cf-d92c-45b1-8461-f1afd9abc6c1: Sackin index -0.0376; 1.1 s; peak memory 1156 MiB.
2026-10-03T22:39:32Z INFO [567/750] 2e75146b-4b6b-44df-8ce5-97aeb8a353bc: Sackin index -0.0728; 0.8 s; peak memory 1156 MiB.
2026-10-03T22:39:32Z INFO [568/750] 2e75842e-dc12-44cc-8306-637d5d7ecdae: Sackin index -0.1082; 0.6 s; peak memory 1156 MiB.
2026-10-03T22:39:36Z INFO [569/750] 2e75c58e-7cf9-4a82-8a19-e0ffd2d69a32: Sackin index -0.0251; 3.8 s; peak memory 1156 MiB.
2026-10-03T22:39:38Z INFO [570/750] 2e7631aa-5ba6-43fd-9cdd-2278cd577bbf: Sackin index -0.1938; 1.8 s; peak memory 1156 MiB.
2026-10-03T22:39:39Z INFO [571/750] 2e763db7-8aee-47b0-aea8-029383ecdc8c: Sackin index -0.1349; 0.7 s; peak memory 1156 MiB.
2026-10-03T22:39:42Z INFO [572/750] 2e769656-f1ab-4247-b7ef-d6ee9adbea29: Sackin index -0.0611; 3.5 s; peak memory 1156 MiB.
2026-10-03T22:39:43Z INFO [573/750] 2e786842-1400-407b-ad5f-3f02cc9de480: Sackin index -0.0676; 1.4 s; peak memory 1156 MiB.
2026-10-03T22:39:44Z INFO [574/750] 2e787832-ca0d-4c56-a9a9-ae102a1e847e: Sackin index -0.1349; 0.6 s; peak memory 1156 MiB.
2026-10-03T22:39:45Z INFO [575/750] 2e789f68-f799-49fd-af33-480e8a400872: Sackin index -0.1349; 0.7 s; peak memory 1156 MiB.
2026-10-03T22:40:00Z INFO [576/750] 2e78a8bc-0bec-4e9e-ae40-a27bc9ec1a87: Sackin index -0.0136; 15.7 s; peak memory 1156 MiB.
2026-10-03T22:40:01Z INFO [577/750] 2e794671-0cac-4c86-a459-de6ecefbbc99: Sackin index -0.0728; 0.9 s; peak memory 1156 MiB.
2026-10-03T22:40:05Z INFO [578/750] 2e79db74-ea3f-426d-a55c-acda3b2b9b83: Sackin index -0.0162; 3.9 s; peak memory 1156 MiB.
2026-10-03T22:40:06Z INFO [579/750] 2e7a520e-7656-4147-b5f5-8658b9380317: Sackin index -0.0702; 0.9 s; peak memory 1156 MiB.
2026-10-03T22:40:07Z INFO [580/750] 2e7a87ff-b81f-45d3-a176-3f6bbc69fcf2: Sackin index -0.1349; 0.7 s; peak memory 1156 MiB.
2026-10-03T22:40:09Z INFO [581/750] 2e7c39f6-77eb-4ac1-9a11-21e24d77ebb0: Sackin index -0.0253; 2.2 s; peak memory 1156 MiB.
2026-10-03T22:40:10Z INFO [582/750] 2e7ceb05-26e3-4c22-a090-87b758598fcd: Sackin index -0.1448; 0.5 s; peak memory 1156 MiB.
2026-10-03T22:40:10Z INFO [583/750] 2e7d10e3-7068-4a0c-b367-49376711c94e: Sackin index -0.1349; 0.6 s; peak memory 1156 MiB.
2026-10-03T22:40:13Z INFO [584/750] 2e7d2e7b-8cc9-479c-8116-2a125177f9a3: Sackin index -0.0383; 2.9 s; peak memory 1156 MiB.
2026-10-03T22:40:14Z INFO [585/750] 2e7d84de-1bf0-4ed3-ac15-19ac4151185c: Sackin index -0.0702; 0.9 s; peak memory 1156 MiB.
2026-10-03T22:40:15Z INFO [586/750] 2e7e2b8a-fea3-40e9-b956-e8450b31716c: Sackin index -0.1349; 0.6 s; peak memory 1156 MiB.
2026-10-03T22:40:15Z INFO [587/750] 2e7e6419-ba3d-46cc-ab61-4b827aca3e89: Sackin index -0.1201; 0.9 s; peak memory 1156 MiB.
2026-10-03T23:03:11Z INFO [588/750] 2e7ea814-6c42-4fb9-b4e5-b280ec80958d: Sackin index -0.0451; 1375.5 s; peak memory 1217 MiB.
2026-10-03T23:03:12Z INFO [589/750] 2e7ef0c9-2973-4b01-9e4f-dc0d46b26d06: Sackin index -0.1349; 0.7 s; peak memory 1217 MiB.
2026-10-03T23:03:12Z INFO [590/750] 2e802496-fa3c-495d-a5e0-debff46c8c01: Sackin index -0.1349; 0.6 s; peak memory 1217 MiB.
2026-10-03T23:03:13Z INFO [591/750] 2e8080b0-3ba3-4a98-b17c-5c8e5674f4e9: Sackin index -0.0696; 0.8 s; peak memory 1217 MiB.
2026-10-03T23:05:10Z INFO [592/750] 2e81091d-38cc-43fa-9470-8e5889968c11: Sackin index -0.0450; 117.2 s; peak memory 1217 MiB.
2026-10-03T23:05:12Z INFO [593/750] 2e816774-0eac-4a58-8eb9-efede45f97c6: Sackin index -0.0369; 1.3 s; peak memory 1217 MiB.
2026-10-03T23:05:13Z INFO [594/750] 2e8266d1-c340-4cd9-8dc4-5882abc46fcc: Sackin index -0.0693; 1.9 s; peak memory 1217 MiB.
2026-10-03T23:05:18Z INFO [595/750] 2e8268c3-a03c-468c-941c-dd3ca5703fbb: Sackin index -0.0169; 5.0 s; peak memory 1217 MiB.
2026-10-03T23:05:19Z INFO [596/750] 2e850d48-18f3-4471-aeac-5d9b9d89017e: Sackin index -0.1349; 0.7 s; peak memory 1217 MiB.
2026-10-03T23:05:20Z INFO [597/750] 2e851380-8679-44c2-810e-e5cc79f68741: Sackin index -0.0702; 0.7 s; peak memory 1217 MiB.
2026-10-03T23:05:21Z INFO [598/750] 2e85ceb1-50b7-409d-8ec0-71994d23468e: Sackin index -0.0702; 0.8 s; peak memory 1217 MiB.
2026-10-03T23:05:21Z INFO [599/750] 2e85fb6b-3571-4fd6-abb9-d505f36825f0: Sackin index -0.1349; 0.9 s; peak memory 1217 MiB.
2026-10-03T23:05:22Z INFO [600/750] 2e86c494-953f-4b40-88bd-473d58f1bd4a: Sackin index -0.1448; 0.6 s; peak memory 1217 MiB.
2026-10-03T23:05:22Z INFO [600/750] 2e86c494-953f-4b40-88bd-473d58f1bd4a: checkpointed 69436 records.
2026-10-03T23:05:23Z INFO [601/750] 2e86e9e2-111e-4fc7-b0fc-7dadf844b61d: Sackin index -0.0379; 0.7 s; peak memory 1217 MiB.
2026-10-03T23:05:24Z INFO [602/750] 2e8975bf-6b2b-4f42-90c9-9fcae4d63316: Sackin index -0.0842; 1.6 s; peak memory 1217 MiB.
2026-10-03T23:05:27Z INFO [603/750] 2e8a0ed9-8c78-47e2-afaf-4fa8057783f3: Sackin index -0.0660; 2.2 s; peak memory 1217 MiB.
2026-10-03T23:05:27Z INFO [604/750] 2e8a937d-b303-4da9-9c8e-2873206de443: Sackin index -0.1349; 0.6 s; peak memory 1217 MiB.
2026-10-03T23:05:28Z INFO [605/750] 2e8b142c-b96b-4e0b-9e43-b7cb016d4b75: Sackin index -0.1658; 0.4 s; peak memory 1217 MiB.
2026-10-03T23:05:29Z INFO [606/750] 2e8c02d3-10aa-4664-b820-d5ef6366c6ab: Sackin index -0.0369; 1.3 s; peak memory 1217 MiB.
2026-10-03T23:06:20Z INFO [607/750] 2e8c2e17-434b-4b20-8e59-081982c59681: Sackin index -0.0935; 50.9 s; peak memory 1217 MiB.
2026-10-03T23:06:20Z INFO [608/750] 2e8d0432-c85c-4c2d-9d1e-2440604af5b0: Sackin index -0.1472; 0.4 s; peak memory 1217 MiB.
2026-10-03T23:06:24Z INFO [609/750] 2e8f4a28-d720-4445-bc2a-cfe5ede375e7: Sackin index -0.0403; 3.9 s; peak memory 1217 MiB.
2026-10-03T23:06:25Z INFO [610/750] 2e8f915c-33e4-4359-8673-d39f19fa55f4: Sackin index -0.1356; 0.9 s; peak memory 1217 MiB.
2026-10-03T23:06:26Z INFO [611/750] 2e8fe785-2e3b-4bf9-8308-dd61a40792f8: Sackin index -0.1349; 0.7 s; peak memory 1217 MiB.
2026-10-03T23:06:29Z INFO [612/750] 2e901c79-48cb-4987-bbef-50057ff774be: Sackin index -0.0167; 3.5 s; peak memory 1217 MiB.
2026-10-03T23:06:31Z INFO [613/750] 2e906c76-ebe4-4b9d-83e5-00baf1647aaa: Sackin index -0.0676; 1.5 s; peak memory 1217 MiB.
2026-10-03T23:06:32Z INFO [614/750] 2e90ac13-60ee-49b0-b3ee-ca184891537a: Sackin index -0.1349; 0.6 s; peak memory 1217 MiB.
2026-10-03T23:06:33Z INFO [615/750] 2e90bc80-3511-44aa-a51f-f21824cf50ff: Sackin index -0.0728; 1.0 s; peak memory 1217 MiB.
2026-10-03T23:06:39Z INFO [616/750] 2e90e6d1-7b53-4490-a83d-065868ef813a: Sackin index -0.0017; 6.8 s; peak memory 1217 MiB.
2026-10-03T23:06:40Z INFO [617/750] 2e9163ee-8598-4513-8e6d-44176bec7dd5: Sackin index -0.1349; 0.7 s; peak memory 1217 MiB.
2026-10-03T23:06:41Z INFO [618/750] 2e91fab9-6541-476c-b6b0-b6da407a54e8: Sackin index -0.0709; 0.8 s; peak memory 1217 MiB.
2026-10-03T23:06:43Z INFO [619/750] 2e922c24-e676-432a-bead-3b9c87204a06: Sackin index -0.0350; 1.7 s; peak memory 1217 MiB.
2026-10-03T23:06:48Z INFO [620/750] 2e922ee3-3e31-4889-8bae-c187410fba1d: Sackin index -0.0762; 5.6 s; peak memory 1217 MiB.
2026-10-03T23:06:51Z INFO [621/750] 2e92bf93-9696-4645-8ace-b6eb2e6d6718: Sackin index -0.0367; 2.4 s; peak memory 1217 MiB.
2026-10-03T23:06:52Z INFO [622/750] 2e94a6b2-b676-4b5d-891a-0d30f17b5978: Sackin index -0.0696; 1.0 s; peak memory 1217 MiB.
2026-10-03T23:06:53Z INFO [623/750] 2e95acdf-4fde-42d8-9d64-ea92f29e36ff: Sackin index -0.0728; 1.0 s; peak memory 1217 MiB.
2026-10-03T23:06:56Z INFO [624/750] 2e96746e-b803-4a3e-8aff-05a520da443c: Sackin index -0.0403; 3.3 s; peak memory 1217 MiB.
2026-10-03T23:06:57Z INFO [625/750] 2e96d3c8-6fc4-492a-9a5c-e3c0fb8b7d1b: Sackin index -0.0386; 0.6 s; peak memory 1217 MiB.
2026-10-03T23:06:57Z INFO [626/750] 2e9903f5-9dd0-4820-b29a-dafe3f95d3c2: Sackin index -0.1273; 0.8 s; peak memory 1217 MiB.
2026-10-03T23:06:58Z INFO [627/750] 2e99c279-b5e5-4c6b-b93c-c56ce30202a9: Sackin index -0.1349; 0.7 s; peak memory 1217 MiB.
2026-10-03T23:07:04Z INFO [628/750] 2e9aad8a-aa68-4478-a3c5-d4d6e47b1780: Sackin index -0.0017; 5.7 s; peak memory 1217 MiB.
2026-10-03T23:07:04Z INFO [629/750] 2e9b5f0e-8a1b-4205-b4ea-f688175f62d9: Sackin index -0.1459; 0.5 s; peak memory 1217 MiB.
2026-10-03T23:07:05Z INFO [630/750] 2e9bf43e-20c5-4342-a0f9-2f620d6ed02c: Sackin index -0.1349; 0.7 s; peak memory 1217 MiB.
2026-10-03T23:07:06Z INFO [631/750] 2e9d7646-df3e-44fe-a776-5ccb7ae01bd0: Sackin index -0.1000; 1.1 s; peak memory 1217 MiB.
2026-10-03T23:07:07Z INFO [632/750] 2e9dd198-55d0-4b0a-9a59-088648660cdc: Sackin index -0.0375; 0.9 s; peak memory 1217 MiB.
2026-10-03T23:07:07Z INFO [633/750] 2e9dd254-6575-4fe3-a0d7-45e9b89ff6d5: Sackin index -0.1135; 0.5 s; peak memory 1217 MiB.
2026-10-03T23:07:09Z INFO [634/750] 2e9ddea6-b8d0-4cea-a180-40de57076366: Sackin index -0.0694; 1.9 s; peak memory 1217 MiB.
2026-10-03T23:07:11Z INFO [635/750] 2e9eead4-7e78-4c61-84b3-ff501eb92ebc: Sackin index -0.1033; 1.3 s; peak memory 1217 MiB.
2026-10-03T23:07:12Z INFO [636/750] 2e9fd3d6-688f-4c30-b321-7abb7bf18c2b: Sackin index -0.0824; 1.6 s; peak memory 1217 MiB.
2026-10-03T23:07:14Z INFO [637/750] 2e9fec99-925f-4343-b742-8560b9eb5aeb: Sackin index -0.0681; 1.3 s; peak memory 1217 MiB.
2026-10-03T23:07:14Z INFO [638/750] 2ea03fab-87ab-4695-8d91-69858c6b64e3: Sackin index -0.1658; 0.4 s; peak memory 1217 MiB.
2026-10-03T23:07:16Z INFO [639/750] 2ea07369-dee9-4627-a79d-8d6470676d41: Sackin index -0.1243; 1.7 s; peak memory 1217 MiB.
2026-10-03T23:07:16Z INFO [640/750] 2ea0cf47-1211-4e62-a64a-027fe9d0bf4b: Sackin index -0.0376; 0.7 s; peak memory 1217 MiB.
2026-10-03T23:07:17Z INFO [641/750] 2ea181c3-c560-469a-b679-235ca52131b0: Sackin index -0.0702; 0.8 s; peak memory 1217 MiB.
2026-10-03T23:07:18Z INFO [642/750] 2ea2224c-2cfc-462f-804e-5f4f79775e45: Sackin index -0.0656; 0.5 s; peak memory 1217 MiB.
2026-10-03T23:07:26Z INFO [643/750] 2ea25daf-de2a-4ce4-96cd-43220b31409f: Sackin index -0.0273; 8.0 s; peak memory 1217 MiB.
2026-10-03T23:07:26Z INFO [644/750] 2ea26252-2997-4707-9a4c-8203f1aa14f5: Sackin index -0.1349; 0.7 s; peak memory 1217 MiB.
2026-10-03T23:07:27Z INFO [645/750] 2ea2c3d2-6c18-41b5-9b8a-841855dd9b8a: Sackin index -0.1248; 0.8 s; peak memory 1217 MiB.
2026-10-03T23:07:29Z INFO [646/750] 2ea37cd3-96a0-46db-ba39-91128694b359: Sackin index -0.1761; 1.3 s; peak memory 1217 MiB.
2026-10-03T23:07:29Z INFO [647/750] 2ea3eaab-be69-495a-9f09-9b5ec260633a: Sackin index -0.1331; 0.6 s; peak memory 1217 MiB.
2026-10-03T23:07:33Z INFO [648/750] 2ea571ae-1bfc-4790-afe8-275b3ae401f8: Sackin index -0.0385; 4.2 s; peak memory 1217 MiB.
2026-10-03T23:09:09Z INFO [649/750] 2ea67021-7dfb-4b26-8adf-4a9a6c2b2682: Sackin index -0.0260; 96.1 s; peak memory 1217 MiB.
2026-10-03T23:09:16Z INFO [650/750] 2ea6f5b6-e724-42f6-9677-30f6cac155df: Sackin index -0.0308; 6.1 s; peak memory 1217 MiB.
2026-10-03T23:09:16Z INFO [650/750] 2ea6f5b6-e724-42f6-9677-30f6cac155df: checkpointed 69486 records.
2026-10-03T23:09:17Z INFO [651/750] 2ea6fd18-2218-46e0-9259-e43d6edd4cea: Sackin index -0.0434; 0.9 s; peak memory 1217 MiB.
2026-10-03T23:09:21Z INFO [652/750] 2ea771b0-dc65-4269-8dd1-9c52c8823d7e: Sackin index -0.0435; 4.0 s; peak memory 1217 MiB.
2026-10-03T23:09:21Z INFO [653/750] 2ea804a2-33bc-4e41-83a7-9c0710fc0ddf: Sackin index -0.0368; 0.7 s; peak memory 1217 MiB.
2026-10-03T23:09:22Z INFO [654/750] 2ea8b013-6a36-4921-bbd4-86fa2d511036: Sackin index -0.0369; 1.0 s; peak memory 1217 MiB.
2026-10-03T23:09:23Z INFO [655/750] 2ea8f65f-ebff-44e6-a94d-ec905092b21d: Sackin index -0.1349; 0.5 s; peak memory 1217 MiB.
2026-10-03T23:09:24Z INFO [656/750] 2ea94c9c-8012-47ad-a7bf-b268984b658c: Sackin index -0.0752; 0.7 s; peak memory 1217 MiB.
2026-10-03T23:09:25Z INFO [657/750] 2ea9b8a4-7148-4674-9ffc-d605b0ad423b: Sackin index -0.0738; 1.1 s; peak memory 1217 MiB.
2026-10-03T23:09:26Z INFO [658/750] 2eaa696e-204c-48bb-9d41-815f1a0559a2: Sackin index -0.0728; 0.9 s; peak memory 1217 MiB.
2026-10-03T23:09:26Z INFO [659/750] 2eaa75b0-d01a-4770-94e2-d939f6ac548c: Sackin index -0.0384; 0.9 s; peak memory 1217 MiB.
2026-10-03T23:09:28Z INFO [660/750] 2eaa8478-acf2-4644-b3ad-7eb509dba44f: Sackin index -0.0369; 1.1 s; peak memory 1217 MiB.
2026-10-03T23:09:29Z INFO [661/750] 2eab4860-f591-47b1-abfd-54630a481b97: Sackin index -0.0745; 1.0 s; peak memory 1217 MiB.
2026-10-03T23:09:29Z INFO [662/750] 2eac2228-2ed9-4193-9f11-4aa76786b6c3: Sackin index -0.1349; 0.7 s; peak memory 1217 MiB.
2026-10-03T23:09:30Z INFO [663/750] 2ead4642-2918-4c2d-83a3-bd3bc33bfa1b: Sackin index -0.0696; 0.7 s; peak memory 1217 MiB.
2026-10-03T23:09:31Z INFO [664/750] 2eae9dc2-599e-438b-964c-7ae7f24aea9e: Sackin index -0.1349; 0.7 s; peak memory 1217 MiB.
2026-10-03T23:09:31Z INFO [665/750] 2eaec42c-5eb8-476d-8365-12b0901d4e57: Sackin index -0.1448; 0.5 s; peak memory 1217 MiB.
2026-10-03T23:09:32Z INFO [666/750] 2eaf2058-9ec6-4f95-96b1-00aee5649440: Sackin index -0.1658; 0.4 s; peak memory 1217 MiB.
2026-10-03T23:09:32Z INFO [667/750] 2eb00d42-1c3e-4f58-81ad-5d7e8b09efaa: Sackin index -0.0383; 0.7 s; peak memory 1217 MiB.
2026-10-03T23:09:34Z INFO [668/750] 2eb05a6b-73b6-4689-a824-fc6f3d916719: Sackin index -0.0699; 1.3 s; peak memory 1217 MiB.
2026-10-03T23:09:39Z INFO [669/750] 2eb11d36-532f-4aad-b2c5-145a3009f32e: Sackin index -0.0036; 5.0 s; peak memory 1217 MiB.
2026-10-03T23:09:39Z INFO [670/750] 2eb1942f-d3c1-4f38-8bcc-d58d270d23c7: Sackin index -0.1658; 0.5 s; peak memory 1217 MiB.
2026-10-03T23:09:56Z INFO [671/750] 2eb211e8-b5a7-4ea8-9245-3321c7993ce1: Sackin index -0.1367; 17.3 s; peak memory 1217 MiB.
2026-10-03T23:09:57Z INFO [672/750] 2eb2301b-699b-46c7-a5fa-67d54d0206a7: Sackin index -0.0811; 0.5 s; peak memory 1217 MiB.
2026-10-03T23:09:58Z INFO [673/750] 2eb30919-9ce4-41cf-bf83-cb26695e6020: Sackin index -0.0382; 0.8 s; peak memory 1217 MiB.
2026-10-03T23:09:59Z INFO [674/750] 2eb30ea5-8cc5-4f51-be76-023013118617: Sackin index -0.0676; 1.1 s; peak memory 1217 MiB.
2026-10-03T23:09:59Z INFO [675/750] 2eb395bd-2528-45ef-a2e7-92ca7db61dc0: Sackin index -0.0709; 0.5 s; peak memory 1217 MiB.
2026-10-03T23:11:23Z INFO [676/750] 2eb3fc4b-df12-4e8d-b745-44d6ffd73675: Sackin index -0.0668; 84.0 s; peak memory 1217 MiB.
2026-10-03T23:11:28Z INFO [677/750] 2eb40a77-3c81-4ac2-896a-abf560dfcd5a: Sackin index -0.0476; 4.5 s; peak memory 1217 MiB.
2026-10-03T23:11:29Z INFO [678/750] 2eb46225-13f0-48d5-86ff-434bffc66005: Sackin index -0.0234; 1.5 s; peak memory 1217 MiB.
2026-10-03T23:11:35Z INFO [679/750] 2eb59def-5f29-4380-83a3-70e4085b0eaf: Sackin index -0.0173; 5.2 s; peak memory 1217 MiB.
2026-10-03T23:11:35Z INFO [680/750] 2eb7e965-3ab5-4ed6-8293-0095d88db98b: Sackin index -0.1349; 0.7 s; peak memory 1217 MiB.
2026-10-03T23:11:36Z INFO [681/750] 2eb94bbe-4f9b-4962-8f2e-60eb227b64f4: Sackin index -0.0369; 0.9 s; peak memory 1217 MiB.
2026-10-03T23:11:37Z INFO [682/750] 2eb98413-4050-40a6-ae93-b4970f925d39: Sackin index -0.0728; 0.8 s; peak memory 1217 MiB.
2026-10-03T23:11:41Z INFO [683/750] 2eb98789-3f3a-4579-9737-c528aed9e323: Sackin index -0.0198; 4.2 s; peak memory 1217 MiB.
2026-10-03T23:11:43Z INFO [684/750] 2eba6bd5-52ee-42af-8777-1d165b736518: Sackin index -0.1938; 1.4 s; peak memory 1217 MiB.
2026-10-03T23:11:43Z INFO [685/750] 2ebad590-0556-4c8f-88ec-3226f489239c: Sackin index -0.1046; 0.8 s; peak memory 1217 MiB.
2026-10-03T23:11:47Z INFO [686/750] 2ebaf47f-3287-40fe-9613-46eb75ff0837: Sackin index -0.0435; 3.7 s; peak memory 1217 MiB.
2026-10-03T23:11:48Z INFO [687/750] 2ebb03f7-2994-4f6c-b70d-9c8d53f711c2: Sackin index -0.1239; 0.5 s; peak memory 1217 MiB.
2026-10-03T23:11:48Z INFO [688/750] 2ebb054a-52fb-4139-b148-ba5264595b36: Sackin index -0.1331; 0.5 s; peak memory 1217 MiB.
2026-10-03T23:11:49Z INFO [689/750] 2ebc6efa-0eba-4e0a-a9b6-c91f5ddcae20: Sackin index -0.0702; 0.7 s; peak memory 1217 MiB.
2026-10-03T23:11:50Z INFO [690/750] 2ebc825a-a723-4f23-96b8-d6bbe7844e32: Sackin index -0.0696; 0.7 s; peak memory 1217 MiB.
2026-10-03T23:11:55Z INFO [691/750] 2ebd7006-dcbd-4cce-ae7c-05686cbe35dd: Sackin index -0.0132; 5.4 s; peak memory 1217 MiB.
2026-10-03T23:11:59Z INFO [692/750] 2ebd9aab-247b-4e9b-b971-f275549792b1: Sackin index -0.0251; 4.0 s; peak memory 1217 MiB.
2026-10-03T23:12:00Z INFO [693/750] 2ebe05b6-80f9-44b4-9692-0d8f3adeaa95: Sackin index -0.1349; 0.8 s; peak memory 1217 MiB.
2026-10-03T23:12:01Z INFO [694/750] 2ebe19fa-0e9b-451e-8e21-5006c08bd040: Sackin index -0.1418; 0.9 s; peak memory 1217 MiB.
2026-10-03T23:12:01Z INFO [695/750] 2ebee549-44f5-4df3-abfc-f483df8e69fd: Sackin index -0.1349; 0.7 s; peak memory 1217 MiB.
2026-10-03T23:12:04Z INFO [696/750] 2ebee7dd-5b25-48d9-a1d1-5bb954cbb11a: Sackin index -0.0403; 2.8 s; peak memory 1217 MiB.
2026-10-03T23:12:05Z INFO [697/750] 2ebf481c-0e5b-420e-af69-e53c1285b239: Sackin index -0.0702; 0.8 s; peak memory 1217 MiB.
2026-10-03T23:12:06Z INFO [698/750] 2ec0d019-0a1f-4570-908b-f709775e1ac9: Sackin index -0.1000; 0.8 s; peak memory 1217 MiB.
2026-10-03T23:12:07Z INFO [699/750] 2ec0ec38-f026-4b07-9d0a-7496c35da831: Sackin index -0.1224; 1.3 s; peak memory 1217 MiB.
2026-10-03T23:12:08Z INFO [700/750] 2ec0fcfe-0e7b-49cf-987e-362d16d9b0bc: Sackin index -0.0696; 0.7 s; peak memory 1217 MiB.
2026-10-03T23:12:08Z INFO [700/750] 2ec0fcfe-0e7b-49cf-987e-362d16d9b0bc: checkpointed 69536 records.
2026-10-03T23:12:09Z INFO [701/750] 2ec20fb3-dbe3-4d2d-b1d9-4e351bb37890: Sackin index -0.0663; 1.5 s; peak memory 1217 MiB.
2026-10-03T23:12:11Z INFO [702/750] 2ec4449c-3371-4bc7-8399-6f19f426c59a: Sackin index -0.0699; 1.6 s; peak memory 1217 MiB.
2026-10-03T23:12:13Z INFO [703/750] 2ec66f44-db65-4a98-bf42-217c483f147b: Sackin index -0.0484; 2.3 s; peak memory 1217 MiB.
2026-10-03T23:12:14Z INFO [704/750] 2ec742af-e8b0-4137-a592-2a1cc1e7f1c6: Sackin index -0.1349; 0.6 s; peak memory 1217 MiB.
2026-10-03T23:12:15Z INFO [705/750] 2ec7f135-cde7-423c-986c-5a9fe746e985: Sackin index -0.0375; 0.8 s; peak memory 1217 MiB.
2026-10-03T23:12:15Z INFO [706/750] 2ec85010-c08e-4388-bb90-1bed9b88ade6: Sackin index -0.1938; 0.6 s; peak memory 1217 MiB.
2026-10-03T23:12:19Z INFO [707/750] 2ec85658-b25c-4eeb-96de-c9af8330822a: Sackin index -0.0611; 3.4 s; peak memory 1217 MiB.
2026-10-03T23:12:20Z INFO [708/750] 2ec8c26b-fcd8-4a1b-9b5a-7a399850bb62: Sackin index -0.0434; 1.0 s; peak memory 1217 MiB.
2026-10-03T23:12:21Z INFO [709/750] 2ec8f592-9a1f-43ab-ae04-d6737570a80a: Sackin index -0.1067; 0.7 s; peak memory 1217 MiB.
2026-10-03T23:12:27Z INFO [710/750] 2ec989d3-b6a0-41a5-bce1-f7ca9e1a23c8: Sackin index -0.0132; 6.8 s; peak memory 1217 MiB.
2026-10-03T23:12:28Z INFO [711/750] 2ec9c020-3e6d-433a-9120-8749101be3cf: Sackin index -0.0696; 0.6 s; peak memory 1217 MiB.
2026-10-03T23:12:29Z INFO [712/750] 2eca04b6-f056-4aea-a310-b3b07f313566: Sackin index -0.0696; 0.8 s; peak memory 1217 MiB.
2026-10-03T23:12:29Z INFO [713/750] 2ecac856-697e-463b-b5da-8c8b061104eb: Sackin index -0.1361; 0.6 s; peak memory 1217 MiB.
2026-10-03T23:12:33Z INFO [714/750] 2ecaec3c-5333-42ef-a383-81c9719ce586: Sackin index -0.0455; 4.0 s; peak memory 1217 MiB.
2026-10-03T23:12:34Z INFO [715/750] 2eccc862-dfe9-4b16-ac47-49039bfa7888: Sackin index -0.0738; 0.8 s; peak memory 1217 MiB.
2026-10-03T23:12:35Z INFO [716/750] 2ece73cd-d2b5-4e3d-a285-2796635f4714: Sackin index -0.0702; 0.7 s; peak memory 1217 MiB.
2026-10-03T23:12:35Z INFO [717/750] 2ece8e62-b83d-4dae-b637-707367e6c320: Sackin index -0.1349; 0.5 s; peak memory 1217 MiB.
2026-10-03T23:12:46Z INFO [718/750] 2ed06f36-517a-4847-975c-281b4ec97671: Sackin index -0.0049; 10.7 s; peak memory 1217 MiB.
2026-10-03T23:12:47Z INFO [719/750] 2ed0ee8e-2011-4646-9d01-fa165ef97c83: Sackin index -0.0728; 0.9 s; peak memory 1217 MiB.
2026-10-03T23:12:48Z INFO [720/750] 2ed13956-fc78-4409-b123-d9f561e1a2cd: Sackin index -0.1349; 0.6 s; peak memory 1217 MiB.
2026-10-03T23:12:58Z INFO [721/750] 2ed14e18-fc15-472f-a8bf-3cd7c69db8ad: Sackin index -0.0614; 10.2 s; peak memory 1217 MiB.
2026-10-03T23:13:02Z INFO [722/750] 2ed2b1ca-5547-4cb3-b4f3-17434a71f90a: Sackin index -0.0940; 4.3 s; peak memory 1217 MiB.
2026-10-03T23:13:03Z INFO [723/750] 2ed2e554-a350-448a-baeb-2a2fd2f0983f: Sackin index -0.0365; 0.9 s; peak memory 1217 MiB.
2026-10-03T23:13:03Z INFO [724/750] 2ed37b79-f2b7-4e2b-aeeb-48856df4934c: Sackin index -0.2000; 0.5 s; peak memory 1217 MiB.
2026-10-03T23:13:04Z INFO [725/750] 2ed3ed60-b07b-4f9d-8153-16963cec172d: Sackin index -0.0728; 0.9 s; peak memory 1217 MiB.
2026-10-03T23:13:05Z INFO [726/750] 2ed53bc7-245d-4e25-a016-4598c17630f1: Sackin index -0.1448; 0.4 s; peak memory 1217 MiB.
2026-10-03T23:13:23Z INFO [727/750] 2ed5c456-2614-4ca8-b091-68aaae4b9da6: Sackin index -0.1367; 17.8 s; peak memory 1217 MiB.
2026-10-03T23:13:23Z INFO [728/750] 2ed5f227-cb1a-41b2-bc0b-6591f4758cc9: Sackin index -0.1938; 0.4 s; peak memory 1217 MiB.
2026-10-03T23:13:24Z INFO [729/750] 2ed63fa0-0e1e-410d-b96d-eeac8ddf513a: Sackin index -0.1349; 0.6 s; peak memory 1217 MiB.
2026-10-03T23:13:26Z INFO [730/750] 2ed64b20-dcbd-4179-a6f4-ed804a831e83: Sackin index -0.0405; 2.7 s; peak memory 1217 MiB.
2026-10-03T23:13:29Z INFO [731/750] 2ed6938e-b7f0-4741-82ff-e24db9407138: Sackin index -0.0660; 2.2 s; peak memory 1217 MiB.
2026-10-03T23:13:29Z INFO [732/750] 2ed6db19-fadd-4262-a1a4-c6398c0fca08: Sackin index -0.0732; 0.8 s; peak memory 1217 MiB.
2026-10-03T23:13:30Z INFO [733/750] 2ed6e6bd-6020-4bfb-b786-bc8b6e39f742: Sackin index -0.1448; 0.5 s; peak memory 1217 MiB.
2026-10-03T23:13:31Z INFO [734/750] 2ed76e4a-59b2-4183-b636-e490e3dc3f21: Sackin index -0.0745; 1.0 s; peak memory 1217 MiB.
2026-10-03T23:13:32Z INFO [735/750] 2ed80fa9-06d0-47ae-be0d-834ba1124369: Sackin index -0.1096; 1.0 s; peak memory 1217 MiB.
2026-10-03T23:13:33Z INFO [736/750] 2ed84c75-1921-484c-bea9-90637ca35632: Sackin index -0.1349; 0.8 s; peak memory 1217 MiB.
2026-10-03T23:13:44Z INFO [737/750] 2ed9ca5e-f95c-4caa-8db8-26183e5e7971: Sackin index -0.0124; 10.8 s; peak memory 1217 MiB.
2026-10-03T23:13:46Z INFO [738/750] 2ed9cf2d-626d-4248-bf1b-70e2f1610c8a: Sackin index -0.0660; 2.1 s; peak memory 1217 MiB.
2026-10-03T23:13:47Z INFO [739/750] 2edaa27c-2ede-4f7e-a2b2-c2d5ac7e5040: Sackin index -0.0676; 1.1 s; peak memory 1217 MiB.
2026-10-03T23:13:51Z INFO [740/750] 2edabbe6-2ab7-4122-8be3-4c481a5e0a6d: Sackin index -0.0192; 4.3 s; peak memory 1217 MiB.
2026-10-03T23:13:53Z INFO [741/750] 2edae55b-2505-4288-b9bd-aab705c06978: Sackin index -0.0676; 1.4 s; peak memory 1217 MiB.
2026-10-03T23:13:53Z INFO [742/750] 2edb257c-7405-403f-894e-ace9397bce95: Sackin index -0.2168; 0.4 s; peak memory 1217 MiB.
2026-10-03T23:13:54Z INFO [743/750] 2edb8306-0e0a-48f6-94d7-21df4dbb89ba: Sackin index -0.0369; 1.3 s; peak memory 1217 MiB.
2026-10-03T23:13:55Z INFO [744/750] 2edd4604-d521-48c7-bd26-fa7a51707ca6: Sackin index -0.0728; 0.8 s; peak memory 1217 MiB.
2026-10-03T23:13:56Z INFO [745/750] 2edf5ed2-f43c-4513-9eab-2430ceb82f99: Sackin index -0.0377; 0.9 s; peak memory 1217 MiB.
2026-10-03T23:13:57Z INFO [746/750] 2ee09467-dfcf-43f6-be4b-dc888a298a52: Sackin index -0.0369; 1.0 s; peak memory 1217 MiB.
2026-10-03T23:13:58Z INFO [747/750] 2ee120e9-f09d-4bd7-b749-f9c10ab1d191: Sackin index -0.0702; 0.7 s; peak memory 1217 MiB.
2026-10-03T23:13:58Z INFO [748/750] 2ee1932f-9fe8-48cc-8565-da6da232576c: Sackin index -0.1248; 0.7 s; peak memory 1217 MiB.
2026-10-03T23:14:00Z INFO [749/750] 2ee24369-1e20-495f-a6e4-fe5887e963d1: Sackin index -0.0622; 1.9 s; peak memory 1217 MiB.
2026-10-03T23:14:01Z INFO [750/750] 2ee2d759-1a2c-45fc-97be-686a60595818: Sackin index -0.1658; 0.5 s; peak memory 1217 MiB.
2026-10-03T23:14:01Z INFO [750/750] 2ee2d759-1a2c-45fc-97be-686a60595818: checkpointed 69586 records.
2026-10-03T23:14:01Z INFO Wrote 69586 records to /tmp/derivatives/valid_nwb_file_to_sackin_index.jsonl (750 new, 0 failed) in 94.8 min (peak memory 1217 MiB).
