2026-09-29T19:07:54Z INFO Logging to /tmp/logs/update_2026-09-29T19-07-54Z.log.
2026-09-29T19:07:54Z INFO Update valid-nwb-file-to-sackin-index (base directory /tmp).
2026-09-29T19:07:55Z INFO Processing 500 items (60990 already recorded).
2026-09-29T19:08:07Z INFO [1/500] 1d44a3ae-479b-4e13-b434-9489fbae9f35: Sackin index -0.0176; 12.6 s; peak memory 133 MiB.
2026-09-29T19:08:19Z INFO [2/500] 1d44fa15-0395-4ad7-97ad-13986f2aa8ef: Sackin index -0.0288; 11.9 s; peak memory 134 MiB.
2026-09-29T19:08:21Z INFO [3/500] 1d453077-bb37-4f8f-a7a8-61e53e1564f9: Sackin index -0.1273; 1.9 s; peak memory 134 MiB.
2026-09-29T19:08:23Z INFO [4/500] 1d454e59-2964-4acf-9d84-c1d1b66923d3: Sackin index -0.0702; 1.7 s; peak memory 135 MiB.
2026-09-29T19:08:37Z INFO [5/500] 1d456034-4aff-4345-9946-71c6f99830bf: Sackin index -0.0151; 14.0 s; peak memory 141 MiB.
2026-09-29T19:08:38Z INFO [6/500] 1d4617e9-adc4-48e5-ae5e-f7f174c041f3: Sackin index -0.0702; 1.6 s; peak memory 142 MiB.
2026-09-29T19:08:42Z INFO [7/500] 1d476db8-8e11-452c-a5ef-2850ed06c707: Sackin index -0.0710; 4.1 s; peak memory 142 MiB.
2026-09-29T19:08:44Z INFO [8/500] 1d478925-3cb8-4ff4-9a10-6f802c0f4f8d: Sackin index -0.0702; 1.8 s; peak memory 142 MiB.
2026-09-29T19:08:58Z INFO [9/500] 1d47d22e-e5f4-475d-b746-da92bed98827: Sackin index -0.0182; 14.0 s; peak memory 142 MiB.
2026-09-29T19:09:00Z INFO [10/500] 1d48634e-988b-4d28-8534-ac36e42565ac: Sackin index -0.1349; 1.5 s; peak memory 142 MiB.
2026-09-29T19:09:01Z INFO [11/500] 1d48874d-84b7-4237-844e-126fb9b4122f: Sackin index -0.1349; 1.3 s; peak memory 142 MiB.
2026-09-29T19:09:03Z INFO [12/500] 1d498940-4565-411f-aa2e-c86414777a66: Sackin index -0.0728; 1.9 s; peak memory 142 MiB.
2026-09-29T19:09:04Z INFO [13/500] 1d49f01a-23ba-49ba-bfda-31883025b36a: Sackin index -0.1201; 1.5 s; peak memory 142 MiB.
2026-09-29T19:09:25Z INFO [14/500] 1d4a0329-c297-4991-b349-28fb9687ac17: Sackin index -0.0237; 20.6 s; peak memory 142 MiB.
2026-09-29T19:09:26Z INFO [15/500] 1d4a1fcd-b71d-4bcc-ad11-dfbd27d513e4: Sackin index -0.1658; 1.1 s; peak memory 142 MiB.
2026-09-29T19:09:27Z INFO [16/500] 1d4c50ae-a428-4b17-a66a-0785b081b942: Sackin index -0.1349; 1.4 s; peak memory 143 MiB.
2026-09-29T19:09:31Z INFO [17/500] 1d4c9793-e5e3-442f-8d84-3775d4805963: Sackin index -0.0842; 3.4 s; peak memory 143 MiB.
2026-09-29T19:09:32Z INFO [18/500] 1d4d119a-5229-4cc9-966f-0b7a5302550f: Sackin index -0.0728; 1.7 s; peak memory 143 MiB.
2026-09-29T19:09:35Z INFO [19/500] 1d4d62e5-fe10-4b73-b17e-0bf47be44f55: Sackin index -0.0369; 2.3 s; peak memory 143 MiB.
2026-09-29T19:09:40Z INFO [20/500] 1d4da3bb-34bf-4ec7-b052-c1420add6a55: Sackin index -0.0914; 5.2 s; peak memory 144 MiB.
2026-09-29T19:09:46Z INFO [21/500] 1d4e888e-af95-4f16-b92f-41d5834d9652: Sackin index -0.0251; 6.0 s; peak memory 144 MiB.
2026-09-29T19:09:48Z INFO [22/500] 1d4eeef9-bb18-44ef-920b-4dce85a44248: Sackin index -0.1356; 1.9 s; peak memory 144 MiB.
2026-09-29T19:09:49Z INFO [23/500] 1d4f9153-9f20-4ebe-bfa3-ae4b8b30552e: Sackin index -0.0696; 1.6 s; peak memory 144 MiB.
2026-09-29T19:09:52Z INFO [24/500] 1d503377-533b-43da-8710-e2b7458fe0c2: Sackin index -0.0728; 2.2 s; peak memory 144 MiB.
2026-09-29T19:09:53Z INFO [25/500] 1d50b4f2-a50e-4573-be6e-bbb40ed62064: Sackin index -0.1716; 1.3 s; peak memory 144 MiB.
2026-09-29T19:09:55Z INFO [26/500] 1d50ba69-99ca-414f-83e2-0d30f0606463: Sackin index -0.0728; 2.0 s; peak memory 144 MiB.
2026-09-29T19:09:57Z INFO [27/500] 1d50e425-9df2-478f-b431-526d7275c551: Sackin index -0.0702; 1.8 s; peak memory 144 MiB.
2026-09-29T19:10:03Z INFO [28/500] 1d515f8c-344a-492d-86dd-600f06b03eca: Sackin index -0.0252; 6.6 s; peak memory 144 MiB.
2026-09-29T19:10:05Z INFO [29/500] 1d5183b7-69e9-4adc-b2b6-47288535cb7a: Sackin index -0.0379; 1.8 s; peak memory 144 MiB.
2026-09-29T19:25:04Z INFO [30/500] 1d518d67-4c86-4e2f-8955-6e2c44407f86: Sackin index -0.0259; 898.6 s; peak memory 1084 MiB.
2026-09-29T19:25:05Z INFO [31/500] 1d51a60a-2213-444c-a7c9-bb30dde9344f: Sackin index -0.1349; 1.4 s; peak memory 1084 MiB.
2026-09-29T19:25:07Z INFO [32/500] 1d525b39-05e9-4738-9cea-f2dd2449df23: Sackin index -0.0881; 1.8 s; peak memory 1084 MiB.
2026-09-29T19:25:08Z INFO [33/500] 1d526fd7-558a-4658-a059-bd4672bda0c5: Sackin index -0.1938; 1.3 s; peak memory 1084 MiB.
2026-09-29T19:25:10Z INFO [34/500] 1d52d4e1-e0d8-4daa-90f3-d2c1013668e4: Sackin index -0.1194; 1.8 s; peak memory 1084 MiB.
2026-09-29T19:25:11Z INFO [35/500] 1d53324e-3bc2-47f5-91f2-3af51f4179e3: Sackin index -0.0702; 1.4 s; peak memory 1084 MiB.
2026-09-29T19:25:12Z INFO [36/500] 1d53a1d9-cc90-46a7-bfd7-0c92362ffe2c: Sackin index -0.1567; 1.1 s; peak memory 1084 MiB.
2026-09-29T19:25:14Z INFO [37/500] 1d54360b-1b7f-41a9-8465-0d126836641f: Sackin index -0.1248; 1.5 s; peak memory 1084 MiB.
2026-09-29T19:25:15Z INFO [38/500] 1d54b24d-5e5b-4e99-bd46-b80fc64b6cf4: Sackin index -0.1349; 1.4 s; peak memory 1084 MiB.
2026-09-29T19:25:17Z INFO [39/500] 1d54b7c3-c774-4e44-87de-8e3ba1cb1f98: Sackin index -0.1349; 1.5 s; peak memory 1084 MiB.
2026-09-29T19:25:19Z INFO [40/500] 1d5597b7-03ad-404e-833e-f33315c6bdf7: Sackin index -0.1026; 1.8 s; peak memory 1084 MiB.
2026-09-29T19:25:20Z INFO [41/500] 1d55ac2f-9fa9-4234-9d3d-56b4a8d7b319: Sackin index -0.0709; 1.6 s; peak memory 1084 MiB.
2026-09-29T19:25:22Z INFO [42/500] 1d55f9e4-f2a5-4870-88da-666cc14bc447: Sackin index -0.1349; 1.4 s; peak memory 1084 MiB.
2026-09-29T19:25:24Z INFO [43/500] 1d573d6a-d9ac-4c72-885d-0cfba135999a: Sackin index -0.0375; 2.0 s; peak memory 1084 MiB.
2026-09-29T19:25:42Z INFO [44/500] 1d57b654-76ac-4b77-8132-72d3568cde39: Sackin index -0.0081; 18.1 s; peak memory 1084 MiB.
2026-09-29T19:25:50Z INFO [45/500] 1d57be3d-0f67-4df0-8608-673de9d3651a: Sackin index -0.0940; 8.2 s; peak memory 1084 MiB.
2026-09-29T19:25:53Z INFO [46/500] 1d582b01-0c9e-4348-aaa1-d11cb8738b21: Sackin index -0.0693; 3.5 s; peak memory 1084 MiB.
2026-09-29T19:25:55Z INFO [47/500] 1d58387d-ad61-47a7-9628-49e77e8f9999: Sackin index -0.0728; 1.9 s; peak memory 1084 MiB.
2026-09-29T19:25:56Z INFO [48/500] 1d589199-d5ce-4363-8935-5a28fc206651: Sackin index -0.1303; 1.1 s; peak memory 1084 MiB.
2026-09-29T19:25:58Z INFO [49/500] 1d59ff0e-12af-4c06-8483-d36b2fde10fb: Sackin index -0.0702; 1.7 s; peak memory 1084 MiB.
2026-09-29T19:25:59Z INFO [50/500] 1d5a96fd-3a83-43e7-b4a9-b937df250744: Sackin index -0.1191; 1.3 s; peak memory 1084 MiB.
2026-09-29T19:26:00Z INFO [50/500] 1d5a96fd-3a83-43e7-b4a9-b937df250744: checkpointed 61040 records.
2026-09-29T19:26:01Z INFO [51/500] 1d5aa35e-672b-4c42-b9ce-b964fbbf98fb: Sackin index -0.1349; 1.3 s; peak memory 1084 MiB.
2026-09-29T19:26:03Z INFO [52/500] 1d5abe7b-ed61-47f6-84a4-9ebb5fb3cc74: Sackin index -0.1273; 1.8 s; peak memory 1084 MiB.
2026-09-29T19:26:04Z INFO [53/500] 1d5be81a-20c2-44ef-85f2-53c2c9454bd2: Sackin index -0.1398; 1.5 s; peak memory 1084 MiB.
2026-09-29T19:26:05Z INFO [54/500] 1d5cfe53-3ca5-4b82-8150-07ee1228d79b: Sackin index -0.1658; 1.0 s; peak memory 1084 MiB.
2026-09-29T19:26:08Z INFO [55/500] 1d5d07fa-2060-4962-970c-8f8dd80255fe: Sackin index -0.0676; 3.0 s; peak memory 1084 MiB.
2026-09-29T19:26:11Z INFO [56/500] 1d5d5054-c764-46dc-b7ca-a6ad5b8de16c: Sackin index -0.0673; 2.9 s; peak memory 1084 MiB.
2026-09-29T19:26:13Z INFO [57/500] 1d5d6811-565c-4e85-8144-166ad80df624: Sackin index -0.0956; 1.7 s; peak memory 1084 MiB.
2026-09-29T19:26:15Z INFO [58/500] 1d5eaaec-3dd9-427b-8dd7-ae0a10167bdf: Sackin index -0.1224; 1.9 s; peak memory 1084 MiB.
2026-09-29T19:26:16Z INFO [59/500] 1d5ec7ea-301a-49b1-a68e-5f3dcda1ca96: Sackin index -0.1658; 1.0 s; peak memory 1084 MiB.
2026-09-29T19:26:18Z INFO [60/500] 1d5ed6c0-2523-45ef-b1a9-8e20e3bbd6ec: Sackin index -0.0702; 1.7 s; peak memory 1084 MiB.
2026-09-29T19:26:19Z INFO [61/500] 1d5f8e7f-4c56-4b21-aa2e-1c89e78beaa4: Sackin index -0.1349; 1.4 s; peak memory 1084 MiB.
2026-09-29T19:26:20Z INFO [62/500] 1d5fb413-f8a4-4f1a-bd07-420c8fbe85d3: Sackin index -0.1349; 1.2 s; peak memory 1084 MiB.
2026-09-29T19:26:22Z INFO [63/500] 1d613cf1-8fb7-4caa-bf93-73f06c2085eb: Sackin index -0.0728; 1.8 s; peak memory 1084 MiB.
2026-09-29T19:26:23Z INFO [64/500] 1d62399a-415d-457b-9b1d-60660973584a: Sackin index -0.1358; 1.4 s; peak memory 1084 MiB.
2026-09-29T19:26:31Z INFO [65/500] 1d62ddea-b5fd-4bba-8a82-1aec2dd8feee: Sackin index -0.0265; 7.2 s; peak memory 1084 MiB.
2026-09-29T19:26:33Z INFO [66/500] 1d633ead-e611-483a-9062-98085250f740: Sackin index -0.0728; 1.9 s; peak memory 1084 MiB.
2026-09-29T19:26:40Z INFO [67/500] 1d635f26-413f-48cb-baa9-7c43a9b23390: Sackin index -0.0403; 7.2 s; peak memory 1084 MiB.
2026-09-29T19:26:42Z INFO [68/500] 1d63f825-ec5e-4c41-a1e0-5e09e6eba7fe: Sackin index -0.0728; 2.1 s; peak memory 1084 MiB.
2026-09-29T19:26:54Z INFO [69/500] 1d6454fa-e661-4c04-98f1-2f9a4749afe3: Sackin index -0.0186; 12.7 s; peak memory 1084 MiB.
2026-09-29T19:26:56Z INFO [70/500] 1d649f55-5c71-4292-84cd-1fb4614b0807: Sackin index -0.0696; 1.8 s; peak memory 1084 MiB.
2026-09-29T19:26:58Z INFO [71/500] 1d64e925-162b-442e-9f18-808c0bd99b86: Sackin index -0.0709; 1.6 s; peak memory 1084 MiB.
2026-09-29T19:27:20Z INFO [72/500] 1d6521e5-3a7d-4459-8693-65511343ef12: Sackin index -0.1367; 21.9 s; peak memory 1084 MiB.
2026-09-29T19:27:21Z INFO [73/500] 1d673d62-f186-4e45-9c08-85ee5a4ce2cb: Sackin index -0.1938; 1.3 s; peak memory 1084 MiB.
2026-09-29T19:27:24Z INFO [74/500] 1d6808b8-36b2-4b63-94c1-0404eeb82a91: Sackin index -0.0231; 2.6 s; peak memory 1084 MiB.
2026-09-29T19:27:26Z INFO [75/500] 1d688865-bffe-41db-8e72-0430a00aa6ca: Sackin index -0.0676; 2.3 s; peak memory 1084 MiB.
2026-09-29T19:27:27Z INFO [76/500] 1d68a9b4-effd-4fff-8993-25aef963692b: Sackin index -0.1331; 1.3 s; peak memory 1084 MiB.
2026-09-29T19:27:29Z INFO [77/500] 1d68bcbf-30c7-42bc-b1cb-b909a0974213: Sackin index -0.1349; 1.3 s; peak memory 1084 MiB.
2026-09-29T19:27:31Z INFO [78/500] 1d68f6e6-f25a-4927-8156-d420bcb20340: Sackin index -0.0358; 2.5 s; peak memory 1084 MiB.
2026-09-29T19:27:34Z INFO [79/500] 1d69f860-3cd4-4e53-a521-f9ba4b2e5a77: Sackin index -0.0515; 3.4 s; peak memory 1084 MiB.
2026-09-29T19:27:45Z INFO [80/500] 1d6a05ce-8c45-45af-af5d-425c2eb7e1ce: Sackin index -0.0341; 10.8 s; peak memory 1084 MiB.
2026-09-29T19:27:47Z INFO [81/500] 1d6a6751-e7e5-416d-a077-82ba6cd0feb6: Sackin index -0.0413; 1.6 s; peak memory 1084 MiB.
2026-09-29T19:27:48Z INFO [82/500] 1d6b1aac-87e2-4c9c-88a9-1b3e2a2b65b7: Sackin index -0.1430; 1.2 s; peak memory 1084 MiB.
2026-09-29T19:27:50Z INFO [83/500] 1d6b2d1b-e5ff-4ec0-a7a0-b930cbda61f4: Sackin index -0.0702; 1.7 s; peak memory 1084 MiB.
2026-09-29T19:28:12Z INFO [84/500] 1d6b46c3-4536-4075-9e6b-542953d615d4: Sackin index -0.1367; 21.8 s; peak memory 1084 MiB.
2026-09-29T19:30:40Z INFO [85/500] 1d6ba10e-2a82-4c7d-8e52-0f58f48fde45: Sackin index -0.0450; 148.7 s; peak memory 1084 MiB.
2026-09-29T19:30:50Z INFO [86/500] 1d6be3eb-9563-494b-bff8-272e81e5fdd8: Sackin index -0.0366; 9.9 s; peak memory 1084 MiB.
2026-09-29T19:30:52Z INFO [87/500] 1d6c511a-c333-431d-95af-9d761a3b3500: Sackin index -0.0728; 2.0 s; peak memory 1084 MiB.
2026-09-29T19:30:54Z INFO [88/500] 1d6c6e84-0d2f-4f30-9f61-87cc73616120: Sackin index -0.0748; 1.6 s; peak memory 1084 MiB.
2026-09-29T19:31:05Z INFO [89/500] 1d6cac8d-ca41-4927-a2fc-7c73303f580b: Sackin index -0.0180; 11.3 s; peak memory 1084 MiB.
2026-09-29T19:31:12Z INFO [90/500] 1d6d925d-24f5-48f2-aaf9-6d7f02aa047b: Sackin index -0.0476; 7.1 s; peak memory 1084 MiB.
2026-09-29T19:31:14Z INFO [91/500] 1d6e8847-ba26-44a3-be5c-140dfb41762f: Sackin index -0.0376; 1.9 s; peak memory 1084 MiB.
2026-09-29T19:31:16Z INFO [92/500] 1d6eaa52-34cb-49fe-ad33-54753b54c6a9: Sackin index -0.0676; 2.5 s; peak memory 1084 MiB.
2026-09-29T19:31:18Z INFO [93/500] 1d70c231-a433-4648-8b66-61cde326a7f6: Sackin index -0.0728; 1.6 s; peak memory 1084 MiB.
2026-09-29T19:31:29Z INFO [94/500] 1d710ca9-ef93-41fb-adf3-4aa2b274da03: Sackin index -0.0341; 10.6 s; peak memory 1084 MiB.
2026-09-29T19:31:30Z INFO [95/500] 1d718573-2b50-43b2-a559-27783ab81deb: Sackin index -0.1349; 1.4 s; peak memory 1084 MiB.
2026-09-29T19:31:32Z INFO [96/500] 1d72dd64-4218-413a-a922-79ff847f9e2b: Sackin index -0.1000; 1.6 s; peak memory 1084 MiB.
2026-09-29T19:31:38Z INFO [97/500] 1d734781-d93d-4e77-aaf8-9a2127f0be7b: Sackin index -0.0411; 6.2 s; peak memory 1084 MiB.
2026-09-29T19:31:39Z INFO [98/500] 1d7358cb-c5c1-4f46-bb69-d50606c6d880: Sackin index -0.1349; 1.3 s; peak memory 1084 MiB.
2026-09-29T19:31:41Z INFO [99/500] 1d73ae6f-0546-44a3-a79e-09e5b0a2c3c3: Sackin index -0.0702; 1.8 s; peak memory 1084 MiB.
2026-09-29T19:31:43Z INFO [100/500] 1d73f19f-060f-4c67-a764-e2e6ceeb6b48: Sackin index -0.1191; 1.4 s; peak memory 1084 MiB.
2026-09-29T19:31:43Z INFO [100/500] 1d73f19f-060f-4c67-a764-e2e6ceeb6b48: checkpointed 61090 records.
2026-09-29T19:31:49Z INFO [101/500] 1d7427ef-c71b-4525-ac37-400653099061: Sackin index -0.0250; 6.4 s; peak memory 1084 MiB.
2026-09-29T19:31:51Z INFO [102/500] 1d750540-a536-470c-9575-b7a49dd8ade8: Sackin index -0.1128; 1.5 s; peak memory 1084 MiB.
2026-09-29T19:31:52Z INFO [103/500] 1d7508e8-9fa6-485c-92c3-ced520d94e70: Sackin index -0.3646; 1.1 s; peak memory 1084 MiB.
2026-09-29T19:31:53Z INFO [104/500] 1d753699-cd5b-4de3-a919-0c087b2da245: Sackin index -0.1349; 1.3 s; peak memory 1084 MiB.
2026-09-29T19:31:55Z INFO [105/500] 1d756f1c-edc2-4a8c-920c-b7abb0ebea9e: Sackin index -0.0728; 2.0 s; peak memory 1084 MiB.
2026-09-29T19:31:56Z INFO [106/500] 1d7576d3-a947-4784-aa96-8f90df09ffa1: Sackin index -0.1331; 1.2 s; peak memory 1084 MiB.
2026-09-29T19:31:58Z INFO [107/500] 1d75a502-223e-45db-b46c-e37a350028f6: Sackin index -0.1248; 1.5 s; peak memory 1084 MiB.
2026-09-29T19:31:59Z INFO [108/500] 1d76f3df-aab6-4f04-9e58-f509fcf6d77d: Sackin index -0.1349; 1.4 s; peak memory 1084 MiB.
2026-09-29T19:32:00Z INFO [109/500] 1d77ac9a-804c-4035-8e87-6ee78cd5108b: Sackin index -0.1161; 1.0 s; peak memory 1084 MiB.
2026-09-29T19:32:02Z INFO [110/500] 1d784572-d1e1-41cf-b6ea-fbd60982c115: Sackin index -0.0709; 1.7 s; peak memory 1084 MiB.
2026-09-29T19:32:04Z INFO [111/500] 1d78aa67-90f3-4e8d-a10d-bcf8e75d221a: Sackin index -0.0369; 2.3 s; peak memory 1084 MiB.
2026-09-29T19:32:08Z INFO [112/500] 1d790c5e-8270-4575-b921-13c12ee5f5d3: Sackin index -0.0643; 3.4 s; peak memory 1084 MiB.
2026-09-29T19:32:14Z INFO [113/500] 1d7a21d6-2013-4628-a9a1-86454cef8172: Sackin index -0.0253; 5.9 s; peak memory 1084 MiB.
2026-09-29T19:32:24Z INFO [114/500] 1d7b8279-14b8-409b-90e4-6f4bb5c93e49: Sackin index -0.0181; 9.9 s; peak memory 1084 MiB.
2026-09-29T19:32:41Z INFO [115/500] 1d7bc871-fc6f-421c-9bc2-92ef2b5d6b27: Sackin index -0.1938; 17.1 s; peak memory 1084 MiB.
2026-09-29T19:32:42Z INFO [116/500] 1d7c5296-d093-4d98-85a4-6883f1702b21: Sackin index -0.1331; 1.2 s; peak memory 1084 MiB.
2026-09-29T19:32:43Z INFO [117/500] 1d7c8be6-eae1-4f51-a3d8-a241f8cd0289: Sackin index -0.1234; 1.3 s; peak memory 1084 MiB.
2026-09-29T19:32:51Z INFO [118/500] 1d7ce8c9-b150-43a5-9a9e-8c9251bdfef9: Sackin index -0.0203; 7.9 s; peak memory 1084 MiB.
2026-09-29T19:32:54Z INFO [119/500] 1d7dc8bf-c7cd-46fe-9c16-eb76a1228680: Sackin index -0.0722; 2.8 s; peak memory 1084 MiB.
2026-09-29T19:33:03Z INFO [120/500] 1d7e8344-7099-47f0-932e-f4c7621152c0: Sackin index -0.0243; 9.1 s; peak memory 1084 MiB.
2026-09-29T19:33:10Z INFO [121/500] 1d7f318a-9d8f-4416-b44f-c54f5747176c: Sackin index -0.0251; 7.3 s; peak memory 1084 MiB.
2026-09-29T19:33:12Z INFO [122/500] 1d7f4c7e-4395-494c-b7b4-b25090992267: Sackin index -0.0728; 2.0 s; peak memory 1084 MiB.
2026-09-29T19:33:14Z INFO [123/500] 1d7fc91b-a00c-4050-8570-e37b2aea8d5a: Sackin index -0.0702; 1.6 s; peak memory 1084 MiB.
2026-09-29T19:33:15Z INFO [124/500] 1d7fdf30-2284-4329-ac16-59307d54401b: Sackin index -0.1349; 1.4 s; peak memory 1084 MiB.
2026-09-29T19:33:17Z INFO [125/500] 1d819d78-4596-41ec-8f1f-951d8b852c4c: Sackin index -0.1349; 1.5 s; peak memory 1084 MiB.
2026-09-29T19:33:22Z INFO [126/500] 1d81de90-bb86-4ce8-a400-98591f8707a4: Sackin index -0.0287; 5.3 s; peak memory 1084 MiB.
2026-09-29T19:33:28Z INFO [127/500] 1d81e01f-a073-4bf5-8553-677acac0af01: Sackin index -0.0403; 5.9 s; peak memory 1084 MiB.
2026-09-29T19:33:29Z INFO [128/500] 1d81ea64-9404-465c-98ce-12708cb97a0e: Sackin index -0.1349; 1.3 s; peak memory 1084 MiB.
2026-09-29T19:33:31Z INFO [129/500] 1d81f79f-fb05-436f-ae97-ace540520119: Sackin index -0.0434; 1.9 s; peak memory 1084 MiB.
2026-09-29T19:33:33Z INFO [130/500] 1d823e46-f223-491b-ae52-d65b867a0ec8: Sackin index -0.0702; 1.9 s; peak memory 1084 MiB.
2026-09-29T19:33:35Z INFO [131/500] 1d82aba8-f176-4b47-a2d4-36910693b048: Sackin index -0.1345; 1.5 s; peak memory 1084 MiB.
2026-09-29T19:33:36Z INFO [132/500] 1d83799b-0815-4e35-9ec1-dd5f20ffe031: Sackin index -0.1658; 1.1 s; peak memory 1084 MiB.
2026-09-29T19:33:37Z INFO [133/500] 1d85a177-5b31-45a0-9feb-5372c32e75d3: Sackin index -0.0752; 1.6 s; peak memory 1084 MiB.
2026-09-29T19:33:50Z INFO [134/500] 1d86df76-3bb3-421c-9d95-02f6db042fc2: Sackin index -0.0119; 12.7 s; peak memory 1084 MiB.
2026-09-29T19:34:27Z INFO [135/500] 1d87237c-2ee0-4212-9731-c27125634745: Sackin index -0.0024; 37.2 s; peak memory 1084 MiB.
2026-09-29T19:34:29Z INFO [136/500] 1d87bd32-315a-4f1e-9e74-24f3fcdeb4e1: Sackin index -0.1269; 1.8 s; peak memory 1084 MiB.
2026-09-29T19:34:32Z INFO [137/500] 1d889599-abfa-4f1a-865f-b499c9c695d1: Sackin index -0.0681; 3.2 s; peak memory 1084 MiB.
2026-09-29T19:34:39Z INFO [138/500] 1d88a99f-53be-4b78-963b-c308836ef1bb: Sackin index -0.0403; 6.9 s; peak memory 1084 MiB.
2026-09-29T19:34:41Z INFO [139/500] 1d892e63-8c7a-4aad-997b-f197d88dfc33: Sackin index -0.0702; 1.6 s; peak memory 1084 MiB.
2026-09-29T19:34:42Z INFO [140/500] 1d898af5-0699-414b-a3ed-f3f85b52093b: Sackin index -0.0702; 1.5 s; peak memory 1084 MiB.
2026-09-29T19:34:45Z INFO [141/500] 1d89953a-09a8-4fe8-b454-224d06bc6454: Sackin index -0.0699; 2.9 s; peak memory 1084 MiB.
2026-09-29T19:34:46Z INFO [142/500] 1d89bdbe-4576-470c-96a2-43d3e05e1214: Sackin index -0.1349; 1.4 s; peak memory 1084 MiB.
2026-09-29T19:34:53Z INFO [143/500] 1d8a6b60-df0b-4d89-8f81-d5279d9b9ebe: Sackin index -0.0403; 6.5 s; peak memory 1084 MiB.
2026-09-29T19:35:04Z INFO [144/500] 1d8aafbf-7db6-4c50-ac40-c6a4033fca39: Sackin index -0.0346; 11.1 s; peak memory 1084 MiB.
2026-09-29T19:35:06Z INFO [145/500] 1d8b3392-c817-48f3-b58f-8901b2398599: Sackin index -0.0386; 1.8 s; peak memory 1084 MiB.
2026-09-29T19:35:09Z INFO [146/500] 1d8c46cd-a534-47fb-ac14-4292b0621026: Sackin index -0.1938; 3.0 s; peak memory 1084 MiB.
2026-09-29T19:35:10Z INFO [147/500] 1d8d788d-09ae-4613-ac06-303d771f51f7: Sackin index -0.1120; 1.2 s; peak memory 1084 MiB.
2026-09-29T19:35:11Z INFO [148/500] 1d8d98bd-ff4e-47e8-98f0-4347af4fe947: Sackin index -0.0696; 1.6 s; peak memory 1084 MiB.
2026-09-29T19:35:25Z INFO [149/500] 1d8e1cdd-d996-4f9c-82c7-7ca9fa521f40: Sackin index -0.0783; 13.7 s; peak memory 1084 MiB.
2026-09-29T19:35:28Z INFO [150/500] 1d902be6-6e3b-4d38-aca0-a4c72da61d12: Sackin index -0.0699; 2.9 s; peak memory 1084 MiB.
2026-09-29T19:35:28Z INFO [150/500] 1d902be6-6e3b-4d38-aca0-a4c72da61d12: checkpointed 61140 records.
2026-09-29T19:35:30Z INFO [151/500] 1d91d1d9-aa2d-48bc-ab77-154150399974: Sackin index -0.0702; 1.6 s; peak memory 1084 MiB.
2026-09-29T19:35:31Z INFO [152/500] 1d91f15a-ce18-498d-9ab8-15b054035454: Sackin index -0.1658; 1.0 s; peak memory 1084 MiB.
2026-09-29T19:35:33Z INFO [153/500] 1d92799d-a045-40df-917b-9db4a38c1e19: Sackin index -0.0728; 1.9 s; peak memory 1084 MiB.
2026-09-29T19:35:34Z INFO [154/500] 1d92b611-877e-471a-9698-fa22ddcd7c99: Sackin index -0.0656; 1.3 s; peak memory 1084 MiB.
2026-09-29T19:35:36Z INFO [155/500] 1d933906-c5cb-47db-9e14-0ed0c37e90b5: Sackin index -0.1248; 1.4 s; peak memory 1084 MiB.
2026-09-29T19:35:37Z INFO [156/500] 1d935650-db01-4edc-804c-1cd17d008d1e: Sackin index -0.0696; 1.6 s; peak memory 1084 MiB.
2026-09-29T19:35:39Z INFO [157/500] 1d93dcfd-a984-4260-b382-c31455397f26: Sackin index -0.0375; 2.1 s; peak memory 1084 MiB.
2026-09-29T19:35:41Z INFO [158/500] 1d94126b-f500-4111-bc6c-ed29c8de16b4: Sackin index -0.0728; 1.8 s; peak memory 1084 MiB.
2026-09-29T19:35:43Z INFO [159/500] 1d94c5c0-36a6-459e-a7cb-8292142ea45d: Sackin index -0.0745; 2.3 s; peak memory 1084 MiB.
2026-09-29T19:35:44Z INFO [160/500] 1d94f1aa-3a08-425e-b52a-71977babf1b3: Sackin index -0.1658; 1.0 s; peak memory 1084 MiB.
2026-09-29T19:35:46Z INFO [161/500] 1d94f728-3a5b-420c-8da3-9c147c728986: Sackin index -0.0702; 1.8 s; peak memory 1084 MiB.
2026-09-29T19:37:55Z INFO [162/500] 1d956344-61d2-44fe-8384-5cf6c42c88ff: Sackin index -0.0434; 129.3 s; peak memory 1084 MiB.
2026-09-29T19:37:57Z INFO [163/500] 1d95f47a-90be-4b87-bf0a-84f674179b21: Sackin index -0.1015; 1.8 s; peak memory 1084 MiB.
2026-09-29T19:37:59Z INFO [164/500] 1d96506f-15a1-4a25-be47-fa72c7f12846: Sackin index -0.1349; 1.3 s; peak memory 1084 MiB.
2026-09-29T19:38:00Z INFO [165/500] 1d9790f4-3ead-403e-a871-47412101d81d: Sackin index -0.1380; 1.7 s; peak memory 1084 MiB.
2026-09-29T19:38:03Z INFO [166/500] 1d97efd3-152b-471d-9033-2e08589b8fe3: Sackin index -0.0369; 2.1 s; peak memory 1084 MiB.
2026-09-29T19:38:05Z INFO [167/500] 1d98b9ba-16d7-48d0-8ed1-37c0f03b68c7: Sackin index -0.1291; 2.2 s; peak memory 1084 MiB.
2026-09-29T19:38:06Z INFO [168/500] 1d9908f5-fbb6-4bfe-8a47-5c57a4be4a64: Sackin index -0.0702; 1.8 s; peak memory 1084 MiB.
2026-09-29T19:38:08Z INFO [169/500] 1d996bc2-de44-43f9-baf6-3277d5a6e05c: Sackin index -0.1349; 1.4 s; peak memory 1084 MiB.
2026-09-29T19:38:22Z INFO [170/500] 1d9ad242-b3ba-4538-9e03-1a1b3359f9b7: Sackin index -0.0117; 14.1 s; peak memory 1084 MiB.
2026-09-29T19:38:42Z INFO [171/500] 1d9b02df-c3df-4e6e-b12d-71972b1e973a: Sackin index -0.0141; 20.4 s; peak memory 1084 MiB.
2026-09-29T19:38:44Z INFO [172/500] 1d9b96fd-631d-4949-9ca7-89345836eb37: Sackin index -0.1361; 1.4 s; peak memory 1084 MiB.
2026-09-29T19:38:45Z INFO [173/500] 1d9befb5-79e1-4aff-b99e-f799ea31b19c: Sackin index -0.0702; 1.7 s; peak memory 1084 MiB.
2026-09-29T19:38:53Z INFO [174/500] 1d9c6081-9f6c-404d-a5b2-d6847dc473e1: Sackin index -0.0251; 7.8 s; peak memory 1084 MiB.
2026-09-29T19:38:55Z INFO [175/500] 1d9c6a09-ede2-4f3f-bb90-ff77e6555b23: Sackin index -0.1273; 1.8 s; peak memory 1084 MiB.
2026-09-29T19:38:58Z INFO [176/500] 1d9cd60a-2d9f-47dc-8a3a-8c29006120c8: Sackin index -0.0728; 2.4 s; peak memory 1084 MiB.
2026-09-29T19:39:18Z INFO [177/500] 1d9ce6c5-6b74-4ea3-84d0-bef08402f465: Sackin index -0.0197; 20.4 s; peak memory 1084 MiB.
2026-09-29T19:39:19Z INFO [178/500] 1d9d1445-1930-4860-80ef-cf9ef614e3c5: Sackin index -0.1349; 1.4 s; peak memory 1084 MiB.
2026-09-29T19:39:21Z INFO [179/500] 1d9d6405-d307-4dad-8cbb-68536afee9e6: Sackin index -0.0728; 1.5 s; peak memory 1084 MiB.
2026-09-29T19:39:22Z INFO [180/500] 1d9e8652-b927-44dc-82d3-26b3e911ecb6: Sackin index -0.1349; 1.4 s; peak memory 1084 MiB.
2026-09-29T19:41:38Z INFO [181/500] 1d9e970b-8c15-471e-bf25-9d39bcad9cf4: Sackin index -0.0573; 135.8 s; peak memory 1084 MiB.
2026-09-29T19:41:57Z INFO [182/500] 1d9f7668-c1d8-4203-8ae6-77548994a2a6: Sackin index -0.0195; 19.0 s; peak memory 1084 MiB.
2026-09-29T19:41:58Z INFO [183/500] 1da02dbb-09d5-45d9-bd29-0b48fcb70480: Sackin index -0.1349; 1.4 s; peak memory 1084 MiB.
2026-09-29T19:42:00Z INFO [184/500] 1da089ed-ea48-417c-b7ed-48853073a0b0: Sackin index -0.1349; 1.4 s; peak memory 1084 MiB.
2026-09-29T19:42:02Z INFO [185/500] 1da0ab11-0640-44cf-bc1d-7eb871de8577: Sackin index -0.0375; 1.9 s; peak memory 1084 MiB.
2026-09-29T19:42:03Z INFO [186/500] 1da0cf91-e2cd-4e63-88a1-a0cb8875517a: Sackin index -0.0728; 1.7 s; peak memory 1084 MiB.
2026-09-29T19:42:11Z INFO [187/500] 1da25bc1-a39a-4c4d-a4c5-452a00d416c2: Sackin index -0.0251; 7.2 s; peak memory 1084 MiB.
2026-09-29T19:42:22Z INFO [188/500] 1da279fe-62a5-46ff-b88b-7c880466ad9a: Sackin index -0.0155; 11.8 s; peak memory 1084 MiB.
2026-09-29T19:42:35Z INFO [189/500] 1da2ddec-0bd6-4a74-b981-90d3504b4e62: Sackin index -0.0174; 12.8 s; peak memory 1084 MiB.
2026-09-29T19:42:36Z INFO [190/500] 1da33e6a-f58e-4f5a-80be-f623fc707a8d: Sackin index -0.1658; 1.1 s; peak memory 1084 MiB.
2026-09-29T19:42:38Z INFO [191/500] 1da4db93-bf2e-4724-90f8-13a5e8ea1012: Sackin index -0.1349; 1.3 s; peak memory 1084 MiB.
2026-09-29T19:45:10Z INFO [192/500] 1da5be43-6c13-4a71-b322-21bbd672b67c: Sackin index -0.1201; 151.9 s; peak memory 1084 MiB.
2026-09-29T19:45:11Z INFO [193/500] 1da68a17-aded-4de8-ac46-dbbd484ebcde: Sackin index -0.0709; 1.7 s; peak memory 1084 MiB.
2026-09-29T19:45:14Z INFO [194/500] 1da7766e-d2a2-4cb7-9e3c-6f1f5e8c59d8: Sackin index -0.0699; 3.2 s; peak memory 1084 MiB.
2026-09-29T19:45:16Z INFO [195/500] 1da7cc59-7346-45c8-a48d-3998570e7e9e: Sackin index -0.0696; 1.5 s; peak memory 1084 MiB.
2026-09-29T19:45:20Z INFO [196/500] 1da7e589-8987-46cb-96dc-19ee6916b975: Sackin index -0.0660; 3.5 s; peak memory 1084 MiB.
2026-09-29T19:45:27Z INFO [197/500] 1da7ed1d-1800-4066-b03d-194ce509a9d9: Sackin index -0.0236; 7.7 s; peak memory 1084 MiB.
2026-09-29T19:45:29Z INFO [198/500] 1da81064-c71c-4d01-be78-723e0074b1c2: Sackin index -0.0702; 1.7 s; peak memory 1084 MiB.
2026-09-29T19:45:30Z INFO [199/500] 1da868d1-2622-49ec-91ec-80e2096fc04d: Sackin index -0.1349; 1.4 s; peak memory 1084 MiB.
2026-09-29T19:45:46Z INFO [200/500] 1da8b38b-5d41-4dfe-9525-61f85bb39c89: Sackin index -0.0022; 15.9 s; peak memory 1084 MiB.
2026-09-29T19:45:46Z INFO [200/500] 1da8b38b-5d41-4dfe-9525-61f85bb39c89: checkpointed 61190 records.
2026-09-29T19:45:49Z INFO [201/500] 1da9a708-d0f6-44bf-aab8-6dd09170777e: Sackin index -0.0699; 2.8 s; peak memory 1084 MiB.
2026-09-29T19:45:51Z INFO [202/500] 1da9f0d1-9994-4892-b416-b06ca8afb321: Sackin index -0.1349; 1.3 s; peak memory 1084 MiB.
2026-09-29T19:45:52Z INFO [203/500] 1daa4d84-d052-4e8f-a481-aa515f8714a1: Sackin index -0.0696; 1.9 s; peak memory 1084 MiB.
2026-09-29T19:55:52Z INFO [204/500] 1daa510b-af8a-4fbe-bd8e-32dc5f0b944f: Sackin index -0.0691; 600.0 s; peak memory 1147 MiB.
2026-09-29T19:55:54Z INFO [205/500] 1dab5281-63bf-4955-b4db-3541076e9628: Sackin index -0.1349; 1.3 s; peak memory 1147 MiB.
2026-09-29T19:55:55Z INFO [206/500] 1dab7faa-0f50-4a48-b290-e5224331ced3: Sackin index -0.1658; 1.1 s; peak memory 1147 MiB.
2026-09-29T19:55:56Z INFO [207/500] 1dac599f-471e-4975-9343-31004e41ec25: Sackin index -0.1349; 1.4 s; peak memory 1147 MiB.
2026-09-29T19:56:02Z INFO [208/500] 1dad1f81-34b9-4d72-9905-5e4d695b8faa: Sackin index -0.0261; 6.1 s; peak memory 1147 MiB.
2026-09-29T20:15:14Z INFO [209/500] 1dad4e80-3660-4017-a079-40aff450866f: Sackin index -0.1290; 1151.2 s; peak memory 1147 MiB.
2026-09-29T20:15:15Z INFO [210/500] 1dad5899-f742-4f37-818a-f1a571c5c7a5: Sackin index -0.1349; 1.3 s; peak memory 1147 MiB.
2026-09-29T20:15:16Z INFO [211/500] 1dadb1a5-4e3b-42b5-99ab-d048305da156: Sackin index -0.1498; 1.4 s; peak memory 1147 MiB.
2026-09-29T20:15:18Z INFO [212/500] 1dadc056-6e41-40e2-a000-f8fba6a23ee6: Sackin index -0.0745; 1.8 s; peak memory 1147 MiB.
2026-09-29T20:15:20Z INFO [213/500] 1dadfc09-3571-466a-903d-8967a67f4262: Sackin index -0.0696; 1.5 s; peak memory 1147 MiB.
2026-09-29T20:15:21Z INFO [214/500] 1daec292-d9bb-4aed-b851-78d7af34e7d6: Sackin index -0.1349; 1.3 s; peak memory 1147 MiB.
2026-09-29T20:15:22Z INFO [215/500] 1dafe7db-1f6b-4c8d-aabc-23c92f3acb72: Sackin index -0.0702; 1.6 s; peak memory 1147 MiB.
2026-09-29T20:15:24Z INFO [216/500] 1db00230-eeaf-48b1-872e-17589f693e5a: Sackin index -0.0376; 2.0 s; peak memory 1147 MiB.
2026-09-29T20:15:26Z INFO [217/500] 1db0293e-ebd7-4f03-998f-727f1dde3501: Sackin index -0.0696; 1.6 s; peak memory 1147 MiB.
2026-09-29T20:15:28Z INFO [218/500] 1db104b5-f819-4537-981e-3e27cfd89282: Sackin index -0.0702; 1.6 s; peak memory 1147 MiB.
2026-09-29T20:15:29Z INFO [219/500] 1db180d6-095f-442b-8329-ec7748e31ee4: Sackin index -0.1349; 1.4 s; peak memory 1147 MiB.
2026-09-29T20:15:35Z INFO [220/500] 1db38ba7-77fb-4747-b60c-75d11305f65f: Sackin index -0.0441; 6.2 s; peak memory 1147 MiB.
2026-09-29T20:15:37Z INFO [221/500] 1db3be7c-04ef-4d5f-922a-1c31c3657006: Sackin index -0.0702; 1.5 s; peak memory 1147 MiB.
2026-09-29T20:15:39Z INFO [222/500] 1db68184-d2e1-46c8-8bb2-48483bf6e391: Sackin index -0.1273; 2.0 s; peak memory 1147 MiB.
2026-09-29T20:15:40Z INFO [223/500] 1db6f60c-61be-4beb-a472-ed49816a2d3d: Sackin index -0.1153; 1.4 s; peak memory 1147 MiB.
2026-09-29T20:15:41Z INFO [224/500] 1db757be-5a74-42a2-9aae-01d27b83832f: Sackin index -0.1349; 1.3 s; peak memory 1147 MiB.
2026-09-29T20:15:44Z INFO [225/500] 1db84ccb-657e-4174-9b26-157044f25645: Sackin index -0.0699; 2.9 s; peak memory 1147 MiB.
2026-09-29T20:15:46Z INFO [226/500] 1db8a8f7-4691-4cb8-997f-086bd0664e37: Sackin index -0.1349; 1.3 s; peak memory 1147 MiB.
2026-09-29T20:15:47Z INFO [227/500] 1db8de94-0672-4ab5-b084-33df3274d60f: Sackin index -0.0709; 1.6 s; peak memory 1147 MiB.
2026-09-29T20:15:50Z INFO [228/500] 1dba8211-3af1-4c97-b672-bd868102e7e6: Sackin index -0.1072; 2.5 s; peak memory 1147 MiB.
2026-09-29T20:15:54Z INFO [229/500] 1dbaa11a-73b8-4184-900a-686cf560fe28: Sackin index -0.0660; 4.1 s; peak memory 1147 MiB.
2026-09-29T20:15:57Z INFO [230/500] 1dbb0207-31d5-4549-bb19-eae1b57c7494: Sackin index -0.0797; 3.6 s; peak memory 1147 MiB.
2026-09-29T20:17:09Z INFO [231/500] 1dbb24ef-8e74-48d4-a07a-dee8090f9fb5: Sackin index -0.0035; 71.4 s; peak memory 1147 MiB.
2026-09-29T20:17:11Z INFO [232/500] 1dbcc9aa-baa9-4ffb-b34a-3d845ecc801a: Sackin index -0.0709; 1.8 s; peak memory 1147 MiB.
2026-09-29T20:17:14Z INFO [233/500] 1dbe1169-c952-4fc9-914d-8e1a6cd02687: Sackin index -0.0686; 3.3 s; peak memory 1147 MiB.
2026-09-29T20:17:15Z INFO [234/500] 1dbe7250-2e1c-46ae-84c2-7a42e26e176a: Sackin index -0.1349; 1.5 s; peak memory 1147 MiB.
2026-09-29T20:17:21Z INFO [235/500] 1dbf074d-1a00-4c86-b5df-2ac4710ed7ba: Sackin index -0.0324; 5.3 s; peak memory 1147 MiB.
2026-09-29T20:17:22Z INFO [236/500] 1dbf96de-8f98-46d5-ba1b-082cd535324f: Sackin index -0.0745; 1.8 s; peak memory 1147 MiB.
2026-09-29T20:17:24Z INFO [237/500] 1dbf98da-8d10-4894-a412-f820b59ac1f7: Sackin index -0.0375; 1.9 s; peak memory 1147 MiB.
2026-09-29T20:17:27Z INFO [238/500] 1dc18584-95d6-46a8-9e3b-ac56230c97b7: Sackin index -0.1938; 2.8 s; peak memory 1147 MiB.
2026-09-29T20:17:29Z INFO [239/500] 1dc186c1-8ff9-4801-9e77-1a8e8cd91416: Sackin index -0.0457; 1.9 s; peak memory 1147 MiB.
2026-09-29T20:17:30Z INFO [240/500] 1dc1a23b-df98-4597-8ade-705c829a1ecb: Sackin index -0.1602; 1.4 s; peak memory 1147 MiB.
2026-09-29T20:17:38Z INFO [241/500] 1dc1dad9-3d72-4343-9bf8-0d2a007d34c0: Sackin index -0.0263; 7.6 s; peak memory 1147 MiB.
2026-09-29T20:17:40Z INFO [242/500] 1dc1eb3c-e4f0-417c-b88f-de6cd3d34e48: Sackin index -0.0702; 1.8 s; peak memory 1147 MiB.
2026-09-29T20:17:41Z INFO [243/500] 1dc22adb-39d4-4e28-9dcc-a03df621ef08: Sackin index -0.1349; 1.4 s; peak memory 1147 MiB.
2026-09-29T20:17:43Z INFO [244/500] 1dc24d72-0d0f-43c8-8b24-8bae85931528: Sackin index -0.1398; 1.3 s; peak memory 1147 MiB.
2026-09-29T20:17:44Z INFO [245/500] 1dc2e9a9-ae6d-471e-b7b7-4b684731b3de: Sackin index -0.1461; 1.4 s; peak memory 1147 MiB.
2026-09-29T20:17:48Z INFO [246/500] 1dc357df-f832-4bb7-98f9-047807f980bc: Sackin index -0.0675; 3.5 s; peak memory 1147 MiB.
2026-09-29T20:18:06Z INFO [247/500] 1dc372e0-ee9d-4cc6-9f58-1089e6dbf2ed: Sackin index -0.1388; 18.6 s; peak memory 1147 MiB.
2026-09-29T20:18:22Z INFO [248/500] 1dc389f7-c2ef-43b6-935a-ba75dcee8b6e: Sackin index -0.0180; 15.6 s; peak memory 1147 MiB.
2026-09-29T20:18:24Z INFO [249/500] 1dc45975-bae1-4c65-919b-714fdf606de2: Sackin index -0.0728; 2.0 s; peak memory 1147 MiB.
2026-09-29T20:18:25Z INFO [250/500] 1dc48393-fa5d-4ba0-b5b2-c731e754a7d7: Sackin index -0.0702; 1.4 s; peak memory 1147 MiB.
2026-09-29T20:18:25Z INFO [250/500] 1dc48393-fa5d-4ba0-b5b2-c731e754a7d7: checkpointed 61240 records.
2026-09-29T20:18:35Z INFO [251/500] 1dc4c9fd-62e8-47d9-9fb0-ffb6ccee6c82: Sackin index -0.0285; 9.9 s; peak memory 1147 MiB.
2026-09-29T20:18:39Z INFO [252/500] 1dc4e6cf-cc9d-46e1-92b5-eb659429682a: Sackin index -0.0699; 3.7 s; peak memory 1147 MiB.
2026-09-29T20:18:40Z INFO [253/500] 1dc5c5d8-16a0-41f1-bc89-08fd22640bc3: Sackin index -0.1319; 1.3 s; peak memory 1147 MiB.
2026-09-29T20:18:42Z INFO [254/500] 1dc5e9cc-9ba5-4b90-ae9a-1553a5c8b7cc: Sackin index -0.0702; 1.6 s; peak memory 1147 MiB.
2026-09-29T20:18:44Z INFO [255/500] 1dc6e51f-b75d-47fb-85d5-3a92b25dc2c2: Sackin index -0.0369; 2.0 s; peak memory 1147 MiB.
2026-09-29T20:18:46Z INFO [256/500] 1dc6fa63-b60c-4f5c-a8c5-198e898243d8: Sackin index -0.0709; 1.8 s; peak memory 1147 MiB.
2026-09-29T20:20:56Z INFO [257/500] 1dc70f18-fb71-4bd0-9214-d7564c11619d: Sackin index -0.0022; 129.9 s; peak memory 1147 MiB.
2026-09-29T20:21:01Z INFO [258/500] 1dc7342e-a57b-431a-8452-99eede7e142d: Sackin index -0.0403; 5.7 s; peak memory 1147 MiB.
2026-09-29T20:21:03Z INFO [259/500] 1dc7caf1-875b-43a3-b507-8dbd6cb78a26: Sackin index -0.1349; 1.3 s; peak memory 1147 MiB.
2026-09-29T20:21:04Z INFO [260/500] 1dc8151f-89fe-426b-928e-e8c7e036f037: Sackin index -0.0702; 1.7 s; peak memory 1147 MiB.
2026-09-29T20:21:06Z INFO [261/500] 1dc982a8-e200-44e2-9761-a48f67ce3cce: Sackin index -0.1429; 1.4 s; peak memory 1147 MiB.
2026-09-29T20:21:07Z INFO [262/500] 1dc989b1-af97-45b2-a42d-d36345e41227: Sackin index -0.0702; 1.6 s; peak memory 1147 MiB.
2026-09-29T20:25:01Z INFO [263/500] 1dc9c469-60ac-44ac-a078-35c245b135f1: Sackin index -0.0668; 233.9 s; peak memory 1147 MiB.
2026-09-29T20:25:02Z INFO [264/500] 1dca1073-fdae-41e7-aae9-6854e4e2d202: Sackin index -0.2000; 1.0 s; peak memory 1147 MiB.
2026-09-29T20:25:05Z INFO [265/500] 1dcb4083-0308-4a14-b7cb-5ffd02b024b9: Sackin index -0.0665; 2.9 s; peak memory 1147 MiB.
2026-09-29T20:25:11Z INFO [266/500] 1dcc97f7-d376-4382-8f2d-74639eb18400: Sackin index -0.0251; 6.4 s; peak memory 1147 MiB.
2026-09-29T20:25:15Z INFO [267/500] 1dcc9d00-8d64-4acd-843f-34988cef12b5: Sackin index -0.0516; 3.7 s; peak memory 1147 MiB.
2026-09-29T20:25:19Z INFO [268/500] 1dcc9d95-4fc4-4e3f-b332-24d8cedf2cb9: Sackin index -0.0797; 3.8 s; peak memory 1147 MiB.
2026-09-29T20:25:26Z INFO [269/500] 1dcd89c6-bc8c-4473-8e24-0a09d7261170: Sackin index -0.0138; 6.8 s; peak memory 1147 MiB.
2026-09-29T20:25:27Z INFO [270/500] 1dceb257-5b25-47ee-a26c-7c005c9edac4: Sackin index -0.0696; 1.5 s; peak memory 1147 MiB.
2026-09-29T20:25:29Z INFO [271/500] 1dceba6a-1772-45e5-b5cc-76ed4ee1f72d: Sackin index -0.1349; 1.5 s; peak memory 1147 MiB.
2026-09-29T20:25:30Z INFO [272/500] 1dcf4f9b-98dd-461c-aa6c-8c05b46193d7: Sackin index -0.1248; 1.4 s; peak memory 1147 MiB.
2026-09-29T20:25:31Z INFO [273/500] 1dcf5961-4d48-4044-87ab-f682216ca46d: Sackin index -0.1321; 1.4 s; peak memory 1147 MiB.
2026-09-29T20:25:33Z INFO [274/500] 1dcf59c8-f74b-419a-b455-9e55016e7755: Sackin index -0.0376; 1.8 s; peak memory 1147 MiB.
2026-09-29T20:25:53Z INFO [275/500] 1dcf8bd2-0a79-4046-9523-0740794bf6e1: Sackin index -0.1367; 19.8 s; peak memory 1147 MiB.
2026-09-29T20:26:08Z INFO [276/500] 1dcf8d9e-d746-473e-bde8-bc277cfa0f3b: Sackin index -0.0198; 15.5 s; peak memory 1147 MiB.
2026-09-29T20:26:22Z INFO [277/500] 1dd1a439-db4b-47ab-bb03-126642380907: Sackin index -0.0259; 13.2 s; peak memory 1147 MiB.
2026-09-29T20:26:28Z INFO [278/500] 1dd1b867-baaa-4fec-ac58-67e13e5b224b: Sackin index -0.0614; 5.8 s; peak memory 1147 MiB.
2026-09-29T20:26:29Z INFO [279/500] 1dd22b19-ca7e-42ae-8a1e-480b6ff4baab: Sackin index -0.1349; 1.3 s; peak memory 1147 MiB.
2026-09-29T20:26:30Z INFO [280/500] 1dd240c1-5a78-4a70-b656-93428d8ead19: Sackin index -0.1658; 1.1 s; peak memory 1147 MiB.
2026-09-29T20:26:33Z INFO [281/500] 1dd3b9ed-f002-4a45-8096-e9d187769108: Sackin index -0.0704; 3.4 s; peak memory 1147 MiB.
2026-09-29T20:26:36Z INFO [282/500] 1dd561af-0d9b-421c-81f4-dcb54ec87a2c: Sackin index -0.0702; 2.2 s; peak memory 1147 MiB.
2026-09-29T20:26:37Z INFO [283/500] 1dd56bf1-c687-4dc8-a69a-e0f652b1b9c4: Sackin index -0.0728; 1.9 s; peak memory 1147 MiB.
2026-09-29T20:26:39Z INFO [284/500] 1dd57812-1967-407c-a371-6c15b963eca8: Sackin index -0.0722; 1.9 s; peak memory 1147 MiB.
2026-09-29T20:26:41Z INFO [285/500] 1dd60ac8-16c1-4194-bcf9-e2482d971429: Sackin index -0.0696; 1.6 s; peak memory 1147 MiB.
2026-09-29T20:27:04Z INFO [286/500] 1dd84b50-4393-495f-a1cc-ccbe6de354da: Sackin index -0.0140; 23.0 s; peak memory 1147 MiB.
2026-09-29T20:27:05Z INFO [287/500] 1dd8cd25-636d-4043-bcb0-790efee6aa32: Sackin index -0.1658; 1.1 s; peak memory 1147 MiB.
2026-09-29T20:27:08Z INFO [288/500] 1dd9cdfa-769e-4915-b2bc-fd500c4dc596: Sackin index -0.0842; 3.2 s; peak memory 1147 MiB.
2026-09-29T20:27:10Z INFO [289/500] 1dda8ab2-f97b-4053-8f8e-d83b2400823f: Sackin index -0.1248; 1.5 s; peak memory 1147 MiB.
2026-09-29T20:27:12Z INFO [290/500] 1ddaaa7a-c34a-4680-8496-0c63cbd077b4: Sackin index -0.0369; 2.0 s; peak memory 1147 MiB.
2026-09-29T20:27:13Z INFO [291/500] 1ddac4f9-9a62-4373-9813-6e92fb50afd0: Sackin index -0.0696; 1.6 s; peak memory 1147 MiB.
2026-09-29T20:27:24Z INFO [292/500] 1ddae124-56e9-438e-825a-b6247f9cdfc9: Sackin index -0.0139; 10.4 s; peak memory 1147 MiB.
2026-09-29T20:27:26Z INFO [293/500] 1ddafc25-b3da-4fd4-89ef-6a7ce23dd617: Sackin index -0.0369; 2.5 s; peak memory 1147 MiB.
2026-09-29T20:27:28Z INFO [294/500] 1ddc4dcf-b92c-4d4c-b3b2-ccedbcd8df7b: Sackin index -0.1349; 1.4 s; peak memory 1147 MiB.
2026-09-29T20:27:30Z INFO [295/500] 1ddcd323-eda3-4075-bf86-de19c987d029: Sackin index -0.0747; 2.4 s; peak memory 1147 MiB.
2026-09-29T20:27:32Z INFO [296/500] 1dddbc1f-4d82-4c47-8520-0249f370b03b: Sackin index -0.1194; 2.0 s; peak memory 1147 MiB.
2026-09-29T20:27:33Z INFO [297/500] 1dde0497-cc44-49e9-b550-e187e171d961: Sackin index -0.1349; 1.3 s; peak memory 1147 MiB.
2026-09-29T20:27:35Z INFO [298/500] 1dde2260-fbfa-4675-a101-4a7703473d88: Sackin index -0.2073; 1.2 s; peak memory 1147 MiB.
2026-09-29T20:28:10Z INFO [299/500] 1dde658c-382f-4302-9df6-816c871815c6: Sackin index -0.0125; 35.8 s; peak memory 1147 MiB.
2026-09-29T20:28:14Z INFO [300/500] 1ddf412f-83b5-49d4-8f2e-b280c8897197: Sackin index -0.0797; 3.8 s; peak memory 1147 MiB.
2026-09-29T20:28:14Z INFO [300/500] 1ddf412f-83b5-49d4-8f2e-b280c8897197: checkpointed 61290 records.
2026-09-29T20:28:25Z INFO [301/500] 1ddf4ab0-d990-4d77-ae84-9def4c852722: Sackin index -0.0249; 10.7 s; peak memory 1147 MiB.
2026-09-29T20:28:33Z INFO [302/500] 1ddfd9fa-a83f-411b-8dfc-6654eef85f56: Sackin index -0.0940; 8.4 s; peak memory 1147 MiB.
2026-09-29T20:28:48Z INFO [303/500] 1ddfe9dc-c09e-439e-a47d-de05dcd317c8: Sackin index -0.0250; 14.7 s; peak memory 1147 MiB.
2026-09-29T20:28:49Z INFO [304/500] 1de0ef30-5dcf-4e26-b423-7b348464e5ac: Sackin index -0.1120; 1.1 s; peak memory 1147 MiB.
2026-09-29T20:28:50Z INFO [305/500] 1de15a59-4601-4878-9f72-da064402a080: Sackin index -0.1349; 1.4 s; peak memory 1147 MiB.
2026-09-29T20:28:52Z INFO [306/500] 1de1befa-a40a-4e11-b293-73f285dacd3b: Sackin index -0.1349; 1.3 s; peak memory 1147 MiB.
2026-09-29T20:29:02Z INFO [307/500] 1de1c19c-8bfa-48d8-9bd6-aa7d770b7cea: Sackin index -0.0017; 10.1 s; peak memory 1147 MiB.
2026-09-29T20:29:04Z INFO [308/500] 1de1ee20-fd3b-410f-9e10-7ab5b3d8ef23: Sackin index -0.0891; 1.8 s; peak memory 1147 MiB.
2026-09-29T20:29:06Z INFO [309/500] 1de2a8fd-c7d1-4045-b9bb-3750a447f765: Sackin index -0.0275; 1.9 s; peak memory 1147 MiB.
2026-09-29T20:29:07Z INFO [310/500] 1de2eb69-97ea-444c-8e29-5e70b4b20e2a: Sackin index -0.0702; 1.5 s; peak memory 1147 MiB.
2026-09-29T20:29:09Z INFO [311/500] 1de31f8d-d9ba-4109-b3f5-5902b32bab3c: Sackin index -0.0656; 1.5 s; peak memory 1147 MiB.
2026-09-29T20:29:10Z INFO [312/500] 1de3da57-41d3-4cc5-92fd-03e4b841fe28: Sackin index -0.0382; 1.6 s; peak memory 1147 MiB.
2026-09-29T20:29:28Z INFO [313/500] 1de4488c-b72c-4eb3-b148-70d85a8dc8e7: Sackin index -0.0149; 18.0 s; peak memory 1147 MiB.
2026-09-29T20:33:50Z INFO [314/500] 1de4692f-c260-4e09-bb1b-48ec5ffdb261: Sackin index -0.0396; 262.3 s; peak memory 1147 MiB.
2026-09-29T20:33:57Z INFO [315/500] 1de4cc25-2609-4fa9-ae36-be251c09a03a: Sackin index -0.0383; 6.5 s; peak memory 1147 MiB.
2026-09-29T20:33:59Z INFO [316/500] 1de4cdcb-2574-4cef-8ca5-d6f3d3724481: Sackin index -0.0275; 2.3 s; peak memory 1147 MiB.
2026-09-29T20:34:03Z INFO [317/500] 1de4de4f-a483-48c8-a599-a52127c7119c: Sackin index -0.0661; 3.5 s; peak memory 1147 MiB.
2026-09-29T20:34:04Z INFO [318/500] 1de4eb28-fd98-4252-8e46-3f184983ca05: Sackin index -0.1345; 1.4 s; peak memory 1147 MiB.
2026-09-29T20:36:49Z INFO [319/500] 1de52f8c-84f0-4f6c-9e7f-913b146e2c57: Sackin index -0.0996; 164.9 s; peak memory 1147 MiB.
2026-09-29T20:36:50Z INFO [320/500] 1de52fca-94ad-497b-b040-c5d50d2b5ddf: Sackin index -0.1349; 1.4 s; peak memory 1147 MiB.
2026-09-29T20:36:54Z INFO [321/500] 1de59614-bf2c-4c14-8d35-4dbf4e6666eb: Sackin index -0.0720; 3.6 s; peak memory 1147 MiB.
2026-09-29T20:36:56Z INFO [322/500] 1de5cd23-f92b-4f0e-be96-eddec7c11f2a: Sackin index -0.1194; 1.9 s; peak memory 1147 MiB.
2026-09-29T20:36:58Z INFO [323/500] 1de65eef-f198-4d06-8da5-d4de3b8c9c7b: Sackin index -0.0702; 1.5 s; peak memory 1147 MiB.
2026-09-29T20:37:07Z INFO [324/500] 1de696d2-1685-4ce6-83aa-79aa44ed999e: Sackin index -0.0233; 9.0 s; peak memory 1147 MiB.
2026-09-29T20:37:08Z INFO [325/500] 1de6a973-830b-4b3c-9d78-820c5d7d14bb: Sackin index -0.1380; 1.6 s; peak memory 1147 MiB.
2026-09-29T20:37:10Z INFO [326/500] 1de78b63-27f1-4fbd-b25f-73745cfd1df9: Sackin index -0.1349; 1.5 s; peak memory 1147 MiB.
2026-09-29T20:38:27Z INFO [327/500] 1de7a298-0e83-49f3-9c54-f01dbd905902: Sackin index -0.1078; 77.6 s; peak memory 1147 MiB.
2026-09-29T20:38:29Z INFO [328/500] 1de85b31-09cf-42db-873a-1d74f7409b56: Sackin index -0.0728; 2.0 s; peak memory 1147 MiB.
2026-09-29T20:39:28Z INFO [329/500] 1de897d7-698f-43f9-b740-b2df8909a4f1: Sackin index -0.1144; 58.7 s; peak memory 1147 MiB.
2026-09-29T20:39:29Z INFO [330/500] 1de9f3d0-50e2-41d1-a7ae-efed2cb5ddd3: Sackin index -0.1349; 1.4 s; peak memory 1147 MiB.
2026-09-29T20:39:31Z INFO [331/500] 1dea9d9a-b1a0-4a50-93fc-d1363b9aa4b5: Sackin index -0.1461; 1.4 s; peak memory 1147 MiB.
2026-09-29T20:39:32Z INFO [332/500] 1deb7667-7e53-436a-bb28-5cc1594f577c: Sackin index -0.0702; 1.5 s; peak memory 1147 MiB.
2026-09-29T20:39:37Z INFO [333/500] 1decaf6d-4955-47c7-9c3b-bc11f2bdf8e7: Sackin index -0.1062; 4.8 s; peak memory 1147 MiB.
2026-09-29T20:39:39Z INFO [334/500] 1ded849b-0015-4649-b9c4-74e918da6d0b: Sackin index -0.0702; 1.6 s; peak memory 1147 MiB.
2026-09-29T20:39:41Z INFO [335/500] 1ded84a8-3625-4f6e-8ef4-932a085096b0: Sackin index -0.1194; 2.2 s; peak memory 1147 MiB.
2026-09-29T20:39:44Z INFO [336/500] 1df06060-5dfd-40ab-8e0e-b820b483a27f: Sackin index -0.0704; 3.7 s; peak memory 1147 MiB.
2026-09-29T20:39:46Z INFO [337/500] 1df0de7a-b1dc-433b-9a07-78abb2451c14: Sackin index -0.1273; 1.8 s; peak memory 1147 MiB.
2026-09-29T20:39:48Z INFO [338/500] 1df1b164-80da-4b4d-8041-1ad2011369bf: Sackin index -0.0748; 1.6 s; peak memory 1147 MiB.
2026-09-29T20:39:49Z INFO [339/500] 1df2832e-ede5-43a3-9461-e1e8be5397f8: Sackin index -0.1248; 1.5 s; peak memory 1147 MiB.
2026-09-29T20:39:56Z INFO [340/500] 1df2baf3-692b-41cd-a469-b6d218adeca5: Sackin index -0.0277; 6.3 s; peak memory 1147 MiB.
2026-09-29T20:39:57Z INFO [341/500] 1df30151-791b-4d5e-894c-25955cb38d46: Sackin index -0.0709; 1.6 s; peak memory 1147 MiB.
2026-09-29T20:39:58Z INFO [342/500] 1df33b65-943a-4c09-841f-9305f5fbaa12: Sackin index -0.1319; 1.3 s; peak memory 1147 MiB.
2026-09-29T20:40:00Z INFO [343/500] 1df4c501-204a-4da0-8e8c-370617134d44: Sackin index -0.1349; 1.3 s; peak memory 1147 MiB.
2026-09-29T20:40:02Z INFO [344/500] 1df5ba14-2678-4268-af4d-56ddf2eae9c4: Sackin index -0.1273; 2.0 s; peak memory 1147 MiB.
2026-09-29T20:40:04Z INFO [345/500] 1df5f154-b893-4a94-aee0-c0c07b91267d: Sackin index -0.0745; 2.4 s; peak memory 1147 MiB.
2026-09-29T20:40:06Z INFO [346/500] 1df64e60-6e83-4bfd-b910-14fda906464a: Sackin index -0.0728; 2.0 s; peak memory 1147 MiB.
2026-09-29T20:40:08Z INFO [347/500] 1df6ae16-7cef-4747-b0bc-8177698693dc: Sackin index -0.0380; 1.9 s; peak memory 1147 MiB.
2026-09-29T20:40:18Z INFO [348/500] 1df961e3-5a8e-4287-8678-bc96c47d5c1f: Sackin index -0.0022; 10.1 s; peak memory 1147 MiB.
2026-09-29T20:40:30Z INFO [349/500] 1df9ac5f-4839-4b2d-b3e1-211db6832404: Sackin index -0.0179; 11.7 s; peak memory 1147 MiB.
2026-09-29T20:40:31Z INFO [350/500] 1dfa1144-24bb-4e8c-8d12-4d156cce8c2e: Sackin index -0.1349; 1.3 s; peak memory 1147 MiB.
2026-09-29T20:40:31Z INFO [350/500] 1dfa1144-24bb-4e8c-8d12-4d156cce8c2e: checkpointed 61340 records.
2026-09-29T20:40:34Z INFO [351/500] 1dfae295-4f4b-4cd3-8f7f-7f5097655b2e: Sackin index -0.1224; 2.8 s; peak memory 1147 MiB.
2026-09-29T20:40:36Z INFO [352/500] 1dfc4e61-a5fd-46cb-8e86-817a1d19ef89: Sackin index -0.1082; 1.5 s; peak memory 1147 MiB.
2026-09-29T20:40:37Z INFO [353/500] 1dfd661a-1571-446f-b7d4-3d75079050da: Sackin index -0.1349; 1.2 s; peak memory 1147 MiB.
2026-09-29T20:40:38Z INFO [354/500] 1dfe2c21-6518-438f-ab02-5394a32ad797: Sackin index -0.1239; 1.2 s; peak memory 1147 MiB.
2026-09-29T20:40:39Z INFO [355/500] 1dfe90ff-50f2-40d7-b52a-6da95f550fb8: Sackin index -0.1658; 1.0 s; peak memory 1147 MiB.
2026-09-29T20:40:41Z INFO [356/500] 1dfee4d9-0a7a-4265-97e6-3074997bc5ff: Sackin index -0.1349; 1.6 s; peak memory 1147 MiB.
2026-09-29T20:40:44Z INFO [357/500] 1dff7cc3-2dcf-4ba1-a603-c7c911b69b58: Sackin index -0.0660; 3.9 s; peak memory 1147 MiB.
2026-09-29T20:40:49Z INFO [358/500] 1dff7fdb-1206-4e5f-ae77-d75f68e6f6d0: Sackin index -0.0395; 4.6 s; peak memory 1147 MiB.
2026-09-29T20:40:51Z INFO [359/500] 1e005f20-2caf-48ff-8a62-1b3d99176fb6: Sackin index -0.0375; 2.0 s; peak memory 1147 MiB.
2026-09-29T20:40:53Z INFO [360/500] 1e0068a8-e463-4361-8117-46021336ee02: Sackin index -0.0728; 2.0 s; peak memory 1147 MiB.
2026-09-29T20:40:58Z INFO [361/500] 1e0082be-043c-4b62-a58e-8ad405365f3b: Sackin index -0.0484; 5.2 s; peak memory 1147 MiB.
2026-09-29T20:40:59Z INFO [362/500] 1e018c19-f223-4cec-b9a2-462056e52588: Sackin index -0.1349; 1.3 s; peak memory 1147 MiB.
2026-09-29T20:41:02Z INFO [363/500] 1e01dab4-7705-4b13-8db3-0a9f20d4dc10: Sackin index -0.0728; 2.2 s; peak memory 1147 MiB.
2026-09-29T20:41:04Z INFO [364/500] 1e028e7a-ccca-454c-9e6c-9e9e73ec5baf: Sackin index -0.0676; 2.6 s; peak memory 1147 MiB.
2026-09-29T20:41:07Z INFO [365/500] 1e0309fe-ae6f-421d-acb1-06fe7f1be15e: Sackin index -0.0676; 2.5 s; peak memory 1147 MiB.
2026-09-29T20:41:08Z INFO [366/500] 1e0358df-afcc-4dcc-b724-fb1e3cddf537: Sackin index -0.1349; 1.5 s; peak memory 1147 MiB.
2026-09-29T20:41:11Z INFO [367/500] 1e03f127-7796-4312-acb8-b61ae5bb8c20: Sackin index -0.0681; 2.5 s; peak memory 1147 MiB.
2026-09-29T20:41:12Z INFO [368/500] 1e057bc6-090d-4679-9e15-82fff5d08662: Sackin index -0.1938; 1.2 s; peak memory 1147 MiB.
2026-09-29T20:41:31Z INFO [369/500] 1e05f77e-a420-4bf1-aa89-f5076e431755: Sackin index -0.1462; 18.9 s; peak memory 1147 MiB.
2026-09-29T20:41:32Z INFO [370/500] 1e073306-1753-4c26-9958-18569e3fd2a6: Sackin index -0.0728; 1.8 s; peak memory 1147 MiB.
2026-09-29T20:41:34Z INFO [371/500] 1e07e26c-470d-43bb-87a9-08a0ab511450: Sackin index -0.0376; 1.8 s; peak memory 1147 MiB.
2026-09-29T20:41:36Z INFO [372/500] 1e0801d2-dad6-46ef-a2ee-cb6f3863f8b8: Sackin index -0.1349; 1.3 s; peak memory 1147 MiB.
2026-09-29T20:41:40Z INFO [373/500] 1e08172d-1110-4492-8d5c-7d6e416023d4: Sackin index -0.0660; 4.3 s; peak memory 1147 MiB.
2026-09-29T20:41:42Z INFO [374/500] 1e086a42-8857-4a8c-af30-7907a0a0320e: Sackin index -0.0745; 1.9 s; peak memory 1147 MiB.
2026-09-29T20:41:43Z INFO [375/500] 1e08a14a-3b85-49c7-a40d-9dada025a610: Sackin index -0.1349; 1.3 s; peak memory 1147 MiB.
2026-09-29T20:41:45Z INFO [376/500] 1e093b21-c479-47fb-8656-e059813c448e: Sackin index -0.0728; 2.1 s; peak memory 1147 MiB.
2026-09-29T20:41:47Z INFO [377/500] 1e0a9ec6-bf63-40c7-b13a-557ad0328397: Sackin index -0.0816; 1.4 s; peak memory 1147 MiB.
2026-09-29T20:41:49Z INFO [378/500] 1e0abbd4-bfe3-4d5e-a4d1-8902ec3ad842: Sackin index -0.0728; 1.9 s; peak memory 1147 MiB.
2026-09-29T20:41:50Z INFO [379/500] 1e0b7be5-8d76-4577-a01d-3cbb39f2744c: Sackin index -0.0702; 1.5 s; peak memory 1147 MiB.
2026-09-29T20:41:52Z INFO [380/500] 1e0c0329-72a4-45b4-9b48-5681032c226a: Sackin index -0.0413; 1.8 s; peak memory 1147 MiB.
2026-09-29T20:41:53Z INFO [381/500] 1e0c68d5-45cc-4232-93fe-2e1a9fa7b2fb: Sackin index -0.0388; 1.4 s; peak memory 1147 MiB.
2026-09-29T20:41:55Z INFO [382/500] 1e0c6abc-37e6-4c04-b38f-4b070ec7c9c9: Sackin index -0.1239; 1.2 s; peak memory 1147 MiB.
2026-09-29T20:41:56Z INFO [383/500] 1e0d1816-7435-4a76-8a9a-5bbeba83c2c5: Sackin index -0.0728; 1.9 s; peak memory 1147 MiB.
2026-09-29T20:41:59Z INFO [384/500] 1e0d8f23-0580-4956-bab1-6b2793988f96: Sackin index -0.0752; 2.1 s; peak memory 1147 MiB.
2026-09-29T20:42:00Z INFO [385/500] 1e0e29c2-c72c-4dca-9872-7faf21d1b69d: Sackin index -0.1349; 1.3 s; peak memory 1147 MiB.
2026-09-29T20:42:01Z INFO [386/500] 1e0e3b1e-0293-4025-9fb7-a563450e9a40: Sackin index -0.1349; 1.4 s; peak memory 1147 MiB.
2026-09-29T20:42:03Z INFO [387/500] 1e0f46aa-0a8e-430a-b1be-4f38c59c4f18: Sackin index -0.0696; 1.8 s; peak memory 1147 MiB.
2026-09-29T20:42:05Z INFO [388/500] 1e0fb6f3-6cbe-4984-8b5c-a1b1f8c9cfc1: Sackin index -0.0728; 2.1 s; peak memory 1147 MiB.
2026-09-29T20:42:22Z INFO [389/500] 1e10c127-d510-4de6-bead-84b57ee0e381: Sackin index -0.0126; 17.1 s; peak memory 1147 MiB.
2026-09-29T20:42:24Z INFO [390/500] 1e1128fb-df62-4a27-ab8a-9d9500b095bc: Sackin index -0.0745; 2.3 s; peak memory 1147 MiB.
2026-09-29T20:44:43Z INFO [391/500] 1e127b84-aad4-4348-a258-e831ce1087a7: Sackin index -0.0573; 138.1 s; peak memory 1147 MiB.
2026-09-29T20:45:25Z INFO [392/500] 1e13c09e-a93b-4abb-950a-823f6968beb0: Sackin index -0.0046; 42.1 s; peak memory 1147 MiB.
2026-09-29T20:45:26Z INFO [393/500] 1e13c8d7-c0ae-4cd6-be9a-bd65284a95bb: Sackin index -0.1349; 1.2 s; peak memory 1147 MiB.
2026-09-29T20:45:27Z INFO [394/500] 1e147146-a591-4223-8ed6-69abfdc65c30: Sackin index -0.1178; 1.2 s; peak memory 1147 MiB.
2026-09-29T20:45:51Z INFO [395/500] 1e14ad34-d2d1-4e46-b25c-dfd18062610c: Sackin index -0.1367; 23.9 s; peak memory 1147 MiB.
2026-09-29T20:45:53Z INFO [396/500] 1e174913-06b3-4d39-b72a-f8385b23f837: Sackin index -0.0709; 1.5 s; peak memory 1147 MiB.
2026-09-29T20:46:00Z INFO [397/500] 1e17606d-982d-4bcf-a4b8-8ee1c6b1a150: Sackin index -0.0075; 7.8 s; peak memory 1147 MiB.
2026-09-29T20:46:02Z INFO [398/500] 1e177b3e-f161-4d7a-b832-b8cdd7a58ffc: Sackin index -0.1349; 1.3 s; peak memory 1147 MiB.
2026-09-29T20:46:03Z INFO [399/500] 1e186077-83f8-4ecb-89b2-521a128e471a: Sackin index -0.0816; 1.4 s; peak memory 1147 MiB.
2026-09-29T20:46:05Z INFO [400/500] 1e19186e-5408-4e67-977f-496c37e4f693: Sackin index -0.1349; 1.4 s; peak memory 1147 MiB.
2026-09-29T20:46:05Z INFO [400/500] 1e19186e-5408-4e67-977f-496c37e4f693: checkpointed 61390 records.
2026-09-29T20:46:06Z INFO [401/500] 1e192fc6-74cd-4fef-a1a2-3d27b9c680d7: Sackin index -0.1349; 1.4 s; peak memory 1147 MiB.
2026-09-29T20:46:08Z INFO [402/500] 1e194299-ae1f-4c1f-bb6a-590792f047b8: Sackin index -0.0702; 1.6 s; peak memory 1147 MiB.
2026-09-29T20:46:21Z INFO [403/500] 1e195fe5-2280-4f97-a1cd-33e343e90f92: Sackin index -0.0691; 13.7 s; peak memory 1147 MiB.
2026-09-29T20:46:37Z INFO [404/500] 1e19c4f0-df8a-41be-a3d2-a7d11e090a1b: Sackin index -0.0150; 15.7 s; peak memory 1147 MiB.
2026-09-29T20:47:20Z INFO [405/500] 1e19f300-9188-411d-bf8e-f63d406c08f0: Sackin index -0.1274; 43.4 s; peak memory 1147 MiB.
2026-09-29T20:47:22Z INFO [406/500] 1e1a5f81-6f7f-4b51-8166-0cfaef684ce9: Sackin index -0.1349; 1.5 s; peak memory 1147 MiB.
2026-09-29T20:47:30Z INFO [407/500] 1e1aea52-80f6-4dca-8235-09f5366134b2: Sackin index -0.0455; 7.9 s; peak memory 1147 MiB.
2026-09-29T20:47:36Z INFO [408/500] 1e1ba423-3598-4685-a1b7-d06fa0686a03: Sackin index -0.0415; 6.1 s; peak memory 1147 MiB.
2026-09-29T20:47:38Z INFO [409/500] 1e1bac21-5041-44e3-b2ae-0c4e2383546f: Sackin index -0.0709; 1.8 s; peak memory 1147 MiB.
2026-09-29T20:47:59Z INFO [410/500] 1e1baeb6-1de6-436b-918f-e6c5921508a3: Sackin index -0.1367; 21.6 s; peak memory 1147 MiB.
2026-09-29T20:48:02Z INFO [411/500] 1e1c0690-7f7d-41f5-833d-ff96674ff803: Sackin index -0.0999; 2.5 s; peak memory 1147 MiB.
2026-09-29T20:48:03Z INFO [412/500] 1e1ca36b-b7e8-4bb5-8ade-55090c0cf4da: Sackin index -0.1349; 1.3 s; peak memory 1147 MiB.
2026-09-29T20:48:05Z INFO [413/500] 1e1ce87f-5641-40b9-9329-2cccce41122b: Sackin index -0.1526; 1.6 s; peak memory 1147 MiB.
2026-09-29T20:48:08Z INFO [414/500] 1e1d284b-4473-4e04-ad36-a9c554449eb0: Sackin index -0.0660; 3.2 s; peak memory 1147 MiB.
2026-09-29T20:52:13Z INFO [415/500] 1e1d2d46-b28a-422f-b9e7-1f5255903ee4: Sackin index -0.0667; 244.7 s; peak memory 1367 MiB.
2026-09-29T20:54:35Z INFO [416/500] 1e1d4a3d-3ae8-4193-8eae-34587e5134ed: Sackin index -0.0573; 141.8 s; peak memory 1367 MiB.
2026-09-29T20:54:36Z INFO [417/500] 1e1dd4a3-66f6-4f3f-8d58-36c2eeb2e561: Sackin index -0.0380; 1.6 s; peak memory 1367 MiB.
2026-09-29T20:54:53Z INFO [418/500] 1e1df2e7-1a74-443e-b664-035f2befa5a2: Sackin index -0.0134; 16.4 s; peak memory 1367 MiB.
2026-09-29T20:54:54Z INFO [419/500] 1e1e6a49-c92f-4261-8551-8d367af522c0: Sackin index -0.0917; 1.7 s; peak memory 1367 MiB.
2026-09-29T20:55:19Z INFO [420/500] 1e1e6f19-09e6-45fd-a077-99dedd631e6f: Sackin index -0.1367; 24.9 s; peak memory 1367 MiB.
2026-09-29T20:55:21Z INFO [421/500] 1e1f76f8-fc8b-436a-ad52-86799aa0d33a: Sackin index -0.1349; 1.5 s; peak memory 1367 MiB.
2026-09-29T20:55:22Z INFO [422/500] 1e204adb-0911-4898-a32e-4b3402abe86c: Sackin index -0.1349; 1.5 s; peak memory 1367 MiB.
2026-09-29T20:55:24Z INFO [423/500] 1e210a7b-c9d5-496a-941b-da8dfa4c2c8a: Sackin index -0.0702; 1.6 s; peak memory 1367 MiB.
2026-09-29T20:55:26Z INFO [424/500] 1e211710-3d7c-4bd1-8aca-a7380fa194cd: Sackin index -0.0369; 2.6 s; peak memory 1367 MiB.
2026-09-29T20:55:30Z INFO [425/500] 1e215518-a646-403f-8c4d-c531696d3d71: Sackin index -0.0693; 3.4 s; peak memory 1367 MiB.
2026-09-29T20:55:31Z INFO [426/500] 1e228482-94cb-4967-a477-0c139cc06d5c: Sackin index -0.1658; 1.2 s; peak memory 1367 MiB.
2026-09-29T20:55:46Z INFO [427/500] 1e22e711-29b2-4a7c-a196-eed02276bf73: Sackin index -0.0138; 15.0 s; peak memory 1367 MiB.
2026-09-29T20:55:47Z INFO [428/500] 1e23b9b5-6855-49f5-b2be-6026886cfbec: Sackin index -0.1272; 1.2 s; peak memory 1367 MiB.
2026-09-29T20:55:55Z INFO [429/500] 1e23ee79-b8a5-4661-a05e-1d2c8ad3f1a1: Sackin index -0.0455; 7.2 s; peak memory 1367 MiB.
2026-09-29T20:55:57Z INFO [430/500] 1e23f939-1c0b-4fe0-b9ed-22f7ce9f2e12: Sackin index -0.0369; 2.1 s; peak memory 1367 MiB.
2026-09-29T20:55:59Z INFO [431/500] 1e247d3f-1688-429a-a50f-6a5347f3846e: Sackin index -0.0375; 2.1 s; peak memory 1367 MiB.
2026-09-29T20:56:17Z INFO [432/500] 1e24eb2b-7c3f-4a31-9e9e-d61f039b37a6: Sackin index -0.0139; 18.8 s; peak memory 1367 MiB.
2026-09-29T20:56:19Z INFO [433/500] 1e2541f8-6ac4-4178-951f-00620fcc1cea: Sackin index -0.0376; 1.9 s; peak memory 1367 MiB.
2026-09-29T20:56:21Z INFO [434/500] 1e255c23-72e9-41dc-b1b9-ccc70efc6625: Sackin index -0.1349; 1.3 s; peak memory 1367 MiB.
2026-09-29T20:56:35Z INFO [435/500] 1e2649bf-2567-460f-8d18-8f6f040b84f5: Sackin index -0.0201; 14.3 s; peak memory 1367 MiB.
2026-09-29T20:56:42Z INFO [436/500] 1e26edcf-cebf-4e14-80ea-ddee49de41aa: Sackin index -0.0403; 6.7 s; peak memory 1367 MiB.
2026-09-29T20:56:44Z INFO [437/500] 1e271096-a8bc-4b93-a3f0-547fb452e000: Sackin index -0.0350; 2.8 s; peak memory 1367 MiB.
2026-09-29T20:56:48Z INFO [438/500] 1e271596-681c-4921-8bd0-94c6ac5b7c9e: Sackin index -0.0660; 3.6 s; peak memory 1367 MiB.
2026-09-29T20:56:49Z INFO [439/500] 1e27b33c-e72a-4a42-a901-18b5e56b6a36: Sackin index -0.1248; 1.5 s; peak memory 1367 MiB.
2026-09-29T20:56:51Z INFO [440/500] 1e27e58d-b132-4dbe-be99-c822f039458b: Sackin index -0.1349; 1.5 s; peak memory 1367 MiB.
2026-09-29T20:56:53Z INFO [441/500] 1e284f27-8708-4c10-8562-163e8bcd0a69: Sackin index -0.1273; 1.8 s; peak memory 1367 MiB.
2026-09-29T20:56:54Z INFO [442/500] 1e29f453-7794-4e38-936e-562bff26756e: Sackin index -0.1349; 1.2 s; peak memory 1367 MiB.
2026-09-29T20:56:55Z INFO [443/500] 1e2a4ba3-01ed-4e54-9dbd-a00ae3a20fe9: Sackin index -0.1349; 1.3 s; peak memory 1367 MiB.
2026-09-29T21:01:11Z INFO [444/500] 1e2aaca5-1e9d-482f-8995-54f23bc59105: Sackin index -0.0260; 255.5 s; peak memory 1367 MiB.
2026-09-29T21:01:12Z INFO [445/500] 1e2c24ea-8a71-4e87-8742-0225f67ab3a5: Sackin index -0.1349; 1.3 s; peak memory 1367 MiB.
2026-09-29T21:01:13Z INFO [446/500] 1e2cbacf-67c8-491d-be26-e7ac8e3a1d36: Sackin index -0.1349; 1.3 s; peak memory 1367 MiB.
2026-09-29T21:01:16Z INFO [447/500] 1e2d693c-fd2e-4901-821b-4b5e2c95e8b3: Sackin index -0.0652; 3.0 s; peak memory 1367 MiB.
2026-09-29T21:01:27Z INFO [448/500] 1e2e93a8-f5f1-4480-bd04-c65433fff35d: Sackin index -0.0017; 10.5 s; peak memory 1367 MiB.
2026-09-29T21:01:30Z INFO [449/500] 1e2f7be3-a628-456e-ab9a-22f2f4cfc418: Sackin index -0.0272; 2.6 s; peak memory 1367 MiB.
2026-09-29T21:01:44Z INFO [450/500] 1e3025a2-517d-4286-84a7-c508f62e0691: Sackin index -0.0153; 14.9 s; peak memory 1367 MiB.
2026-09-29T21:01:45Z INFO [450/500] 1e3025a2-517d-4286-84a7-c508f62e0691: checkpointed 61440 records.
2026-09-29T21:01:48Z INFO [451/500] 1e304ef0-7898-48d5-b991-7f22e8a484eb: Sackin index -0.0614; 3.8 s; peak memory 1367 MiB.
2026-09-29T21:01:51Z INFO [452/500] 1e31786b-8526-4ca0-83d7-ed93578eb826: Sackin index -0.0584; 2.8 s; peak memory 1367 MiB.
2026-09-29T21:01:53Z INFO [453/500] 1e32d012-64bf-42ea-b49b-5a10a34c5c9a: Sackin index -0.1248; 1.6 s; peak memory 1367 MiB.
2026-09-29T21:04:24Z INFO [454/500] 1e3322d3-fde2-41de-bff1-171e671267bf: Sackin index -0.0305; 151.3 s; peak memory 1367 MiB.
2026-09-29T21:04:26Z INFO [455/500] 1e339e54-38a2-4fa8-84a0-ff289b67c345: Sackin index -0.0702; 1.8 s; peak memory 1367 MiB.
2026-09-29T21:04:27Z INFO [456/500] 1e339f86-1456-463c-a5fe-b2450719cbe6: Sackin index -0.1349; 1.2 s; peak memory 1367 MiB.
2026-09-29T21:04:28Z INFO [457/500] 1e356f67-7804-4522-a404-6fb0ccb3e2cb: Sackin index -0.1484; 1.1 s; peak memory 1367 MiB.
2026-09-29T21:04:30Z INFO [458/500] 1e366974-5f23-4af5-bffc-16856b9be818: Sackin index -0.1349; 1.4 s; peak memory 1367 MiB.
2026-09-29T21:04:31Z INFO [459/500] 1e38fbf1-825f-4d06-94ba-0476f505d655: Sackin index -0.0709; 1.7 s; peak memory 1367 MiB.
2026-09-29T21:04:33Z INFO [460/500] 1e3917d3-cc83-44f6-b062-e44ebeebb948: Sackin index -0.0728; 1.9 s; peak memory 1367 MiB.
2026-09-29T21:04:39Z INFO [461/500] 1e3a46b3-e389-4e00-9c07-e4c90cdc8de9: Sackin index -0.1538; 6.1 s; peak memory 1367 MiB.
2026-09-29T21:04:48Z INFO [462/500] 1e3a619b-9623-406d-9825-e8d29e4a1e43: Sackin index -0.0420; 8.6 s; peak memory 1367 MiB.
2026-09-29T21:04:59Z INFO [463/500] 1e3b3bef-b821-49b0-9d56-d85b5366257d: Sackin index -0.0153; 10.9 s; peak memory 1367 MiB.
2026-09-29T21:05:02Z INFO [464/500] 1e3c355b-8569-4f85-98e3-d7d4cad253ef: Sackin index -0.1938; 3.0 s; peak memory 1367 MiB.
2026-09-29T21:05:04Z INFO [465/500] 1e3c6947-305d-4b7c-8be3-d1fa6edc7b17: Sackin index -0.0276; 2.1 s; peak memory 1367 MiB.
2026-09-29T21:05:08Z INFO [466/500] 1e3cd55a-0b7c-442a-bae7-10686af0c4aa: Sackin index -0.0660; 4.1 s; peak memory 1367 MiB.
2026-09-29T21:05:19Z INFO [467/500] 1e3d2ec3-780a-419e-be89-f7ae7b034f30: Sackin index -0.0263; 11.2 s; peak memory 1367 MiB.
2026-09-29T21:05:22Z INFO [468/500] 1e3e5d53-4075-4c47-a7f5-1582e64c0f03: Sackin index -0.0699; 2.9 s; peak memory 1367 MiB.
2026-09-29T21:05:36Z INFO [469/500] 1e3e918d-0cf0-4cd7-b962-a365052fdb20: Sackin index -0.0783; 14.4 s; peak memory 1367 MiB.
2026-09-29T21:05:38Z INFO [470/500] 1e3f3e9a-e28a-4e13-91a2-0fddbbc2c243: Sackin index -0.1273; 1.8 s; peak memory 1367 MiB.
2026-09-29T21:05:40Z INFO [471/500] 1e3fec36-73d8-443d-ae23-a0d72a5f7102: Sackin index -0.0709; 1.5 s; peak memory 1367 MiB.
2026-09-29T21:05:44Z INFO [472/500] 1e400bdd-c947-48b9-a7c4-3ba57551bc21: Sackin index -0.0869; 4.4 s; peak memory 1367 MiB.
2026-09-29T21:05:46Z INFO [473/500] 1e402798-f5bf-456e-8e32-1f011fff3909: Sackin index -0.0702; 1.6 s; peak memory 1367 MiB.
2026-09-29T21:05:47Z INFO [474/500] 1e40484b-0ac6-4a2d-895e-8162bb1156cc: Sackin index -0.1658; 1.1 s; peak memory 1367 MiB.
2026-09-29T21:05:48Z INFO [475/500] 1e4089e1-36c2-4c8f-8ff2-249a1b9b3130: Sackin index -0.1322; 1.3 s; peak memory 1367 MiB.
2026-09-29T21:05:50Z INFO [476/500] 1e40a079-6fcf-4274-982a-9210b65beb1b: Sackin index -0.0728; 1.9 s; peak memory 1367 MiB.
2026-09-29T21:05:52Z INFO [477/500] 1e40cf43-d1bf-47f2-9727-86f847467635: Sackin index -0.1716; 1.6 s; peak memory 1367 MiB.
2026-09-29T21:05:53Z INFO [478/500] 1e40f6f2-6569-41b0-9c3f-2f0f36447dd4: Sackin index -0.1191; 1.3 s; peak memory 1367 MiB.
2026-09-29T21:05:54Z INFO [479/500] 1e414afc-32e4-4d8d-86e8-cd3ae077db23: Sackin index -0.1408; 1.3 s; peak memory 1367 MiB.
2026-09-29T21:05:56Z INFO [480/500] 1e41fa62-8169-4a1e-87c0-ba9bd41b112d: Sackin index -0.0702; 1.5 s; peak memory 1367 MiB.
2026-09-29T21:08:31Z INFO [481/500] 1e4262f4-6676-4002-8a1b-80c04421b59b: Sackin index -0.0414; 155.4 s; peak memory 1367 MiB.
2026-09-29T21:08:33Z INFO [482/500] 1e43912e-a575-4855-b588-6c3da0739f87: Sackin index -0.0696; 1.7 s; peak memory 1367 MiB.
2026-09-29T21:08:49Z INFO [483/500] 1e43d96a-80e3-4819-ba16-6d8e62d9b7b3: Sackin index -0.0211; 16.0 s; peak memory 1367 MiB.
2026-09-29T21:08:51Z INFO [484/500] 1e43dc32-16fe-4005-b0e4-62fc7f25f79d: Sackin index -0.0702; 1.9 s; peak memory 1367 MiB.
2026-09-29T21:08:52Z INFO [485/500] 1e44823a-9941-4eb9-846b-6144b66468ba: Sackin index -0.1319; 1.2 s; peak memory 1367 MiB.
2026-09-29T21:08:58Z INFO [486/500] 1e4530b5-223d-40f5-a1a6-963f5b380225: Sackin index -0.0415; 6.0 s; peak memory 1367 MiB.
2026-09-29T21:09:00Z INFO [487/500] 1e4545ae-64da-413b-901a-26783890f1ff: Sackin index -0.0702; 1.6 s; peak memory 1367 MiB.
2026-09-29T21:09:01Z INFO [488/500] 1e45500f-f86e-4b8e-a010-f407f24c97ac: Sackin index -0.0709; 1.5 s; peak memory 1367 MiB.
2026-09-29T21:09:09Z INFO [489/500] 1e45847e-da40-44a8-9eaa-0a72695f74ac: Sackin index -0.0251; 7.9 s; peak memory 1367 MiB.
2026-09-29T21:09:16Z INFO [490/500] 1e45ff05-3222-452f-b464-ed06541a0105: Sackin index -0.0245; 6.4 s; peak memory 1367 MiB.
2026-09-29T21:09:17Z INFO [491/500] 1e4641d9-576b-4569-b934-9c2bc5a0a2d1: Sackin index -0.1349; 1.3 s; peak memory 1367 MiB.
2026-09-29T21:09:18Z INFO [492/500] 1e464acd-3930-4eeb-a1ac-66ce72809306: Sackin index -0.1349; 1.4 s; peak memory 1367 MiB.
2026-09-29T21:09:20Z INFO [493/500] 1e466f94-b85d-4dfd-82bf-b5d264430bd2: Sackin index -0.0369; 1.7 s; peak memory 1367 MiB.
2026-09-29T21:09:21Z INFO [494/500] 1e471860-37c3-4d57-92f9-aa030ac075e2: Sackin index -0.1658; 1.0 s; peak memory 1367 MiB.
2026-09-29T21:09:22Z INFO [495/500] 1e483306-c597-4433-9b89-8933bc7e4964: Sackin index -0.1938; 1.3 s; peak memory 1367 MiB.
2026-09-29T21:09:23Z INFO [496/500] 1e488bf4-8a04-4278-b91b-98b21cd7cc7e: Sackin index -0.2168; 1.1 s; peak memory 1367 MiB.
2026-09-29T21:09:25Z INFO [497/500] 1e48a4f7-b028-4b5c-8dbc-ef2fb1727fc4: Sackin index -0.1191; 1.7 s; peak memory 1367 MiB.
2026-09-29T21:09:26Z INFO [498/500] 1e48d3c9-09e0-4d5b-8009-4d63bc8d528c: Sackin index -0.2073; 1.2 s; peak memory 1367 MiB.
2026-09-29T21:09:31Z INFO [499/500] 1e49806c-efe7-46db-ad1f-4c041f2e5181: Sackin index -0.1761; 4.3 s; peak memory 1367 MiB.
2026-09-29T21:09:32Z INFO [500/500] 1e4a5c88-d748-407e-b2a9-ad245a661657: Sackin index -0.0696; 1.8 s; peak memory 1367 MiB.
2026-09-29T21:09:33Z INFO [500/500] 1e4a5c88-d748-407e-b2a9-ad245a661657: checkpointed 61490 records.
2026-09-29T21:09:33Z INFO Wrote 61490 records to /tmp/derivatives/valid_nwb_file_to_sackin_index.jsonl (500 new, 0 failed) in 121.6 min (peak memory 1367 MiB).
