2026-10-05T08:30:10Z INFO Logging to /tmp/logs/update_2026-10-05T08-30-10Z.log.
2026-10-05T08:30:10Z INFO Update valid-nwb-file-to-sackin-index (base directory /tmp).
2026-10-05T08:30:10Z INFO Processing 750 items (75586 already recorded).
2026-10-05T08:30:11Z INFO [1/750] 3b61853f-f88c-4f3e-a106-80f108fd557a: Sackin index -0.1349; 1.6 s; peak memory 106 MiB.
2026-10-05T08:30:13Z INFO [2/750] 3b624fd2-4373-49cd-9e2e-f06065fb97c9: Sackin index -0.0379; 1.9 s; peak memory 109 MiB.
2026-10-05T08:30:15Z INFO [3/750] 3b62a536-d868-4861-8d6c-8d8158751a6f: Sackin index -0.0709; 1.7 s; peak memory 112 MiB.
2026-10-05T08:30:16Z INFO [4/750] 3b63522f-3ad4-4ab0-b83a-73b77c5dcdde: Sackin index -0.1658; 0.9 s; peak memory 112 MiB.
2026-10-05T08:30:17Z INFO [5/750] 3b6374e5-a25f-4a2b-9027-ca4fd7b6ef49: Sackin index -0.1248; 1.5 s; peak memory 112 MiB.
2026-10-05T08:30:19Z INFO [6/750] 3b63a2e0-a574-4435-9166-5e56f31e344d: Sackin index -0.0696; 1.7 s; peak memory 113 MiB.
2026-10-05T08:30:23Z INFO [7/750] 3b64176f-336b-4302-b964-bad2adba57da: Sackin index -0.0304; 4.3 s; peak memory 120 MiB.
2026-10-05T08:30:26Z INFO [8/750] 3b647da4-f1b1-43f1-a1ff-367984d319f9: Sackin index -0.0388; 2.3 s; peak memory 120 MiB.
2026-10-05T08:30:27Z INFO [9/750] 3b64b27f-7e31-4df5-846a-69582c106c25: Sackin index -0.0728; 1.7 s; peak memory 120 MiB.
2026-10-05T08:30:29Z INFO [10/750] 3b656a05-bd5b-42f9-821b-e141260c7295: Sackin index -0.1349; 1.5 s; peak memory 120 MiB.
2026-10-05T08:30:33Z INFO [11/750] 3b658856-79ac-49ca-b4d6-112caaafe1f1: Sackin index -0.0869; 4.1 s; peak memory 120 MiB.
2026-10-05T08:30:34Z INFO [12/750] 3b663394-7344-487a-a0e5-7f9ede862e0b: Sackin index -0.1349; 1.3 s; peak memory 120 MiB.
2026-10-05T08:30:36Z INFO [13/750] 3b665787-25f1-438d-a01c-38be8beb88d3: Sackin index -0.0752; 1.8 s; peak memory 120 MiB.
2026-10-05T08:30:38Z INFO [14/750] 3b687069-bf09-499a-9857-19334b890444: Sackin index -0.1234; 1.5 s; peak memory 120 MiB.
2026-10-05T08:30:39Z INFO [15/750] 3b6933fc-e25e-4e21-ba35-a3af3aefc664: Sackin index -0.0991; 1.5 s; peak memory 120 MiB.
2026-10-05T08:30:41Z INFO [16/750] 3b695e88-5139-445f-aa4f-838f8628d47a: Sackin index -0.0728; 1.7 s; peak memory 121 MiB.
2026-10-05T08:30:42Z INFO [17/750] 3b696d5b-9b05-4d0f-ae3c-f55cc09b3a3e: Sackin index -0.1349; 1.3 s; peak memory 121 MiB.
2026-10-05T08:30:44Z INFO [18/750] 3b6beea2-c5cb-4242-b108-7667d45ac36a: Sackin index -0.1307; 1.4 s; peak memory 121 MiB.
2026-10-05T08:30:45Z INFO [19/750] 3b6c1d9d-286c-4a1b-a4ab-96f5d26f86b6: Sackin index -0.0386; 1.5 s; peak memory 121 MiB.
2026-10-05T08:30:46Z INFO [20/750] 3b6cae92-e509-415d-b816-d8ddbb60c54f: Sackin index -0.1349; 1.3 s; peak memory 121 MiB.
2026-10-05T08:30:49Z INFO [21/750] 3b6d2315-d0d1-4acc-b7ec-4539ac05c0f7: Sackin index -0.1243; 2.6 s; peak memory 121 MiB.
2026-10-05T08:35:14Z INFO [22/750] 3b6dc57d-782d-467c-ba86-ea740b0ec275: Sackin index -0.0435; 265.2 s; peak memory 389 MiB.
2026-10-05T08:35:17Z INFO [23/750] 3b6e4dd7-4de3-4eae-b0ac-10fe6e6111ea: Sackin index -0.0694; 2.8 s; peak memory 389 MiB.
2026-10-05T08:35:21Z INFO [24/750] 3b6eab21-ffdd-4ee8-965e-5f6327decccf: Sackin index -0.0869; 3.8 s; peak memory 389 MiB.
2026-10-05T08:35:22Z INFO [25/750] 3b6f9a48-6e4f-4a09-bf19-a62f666594d7: Sackin index -0.1349; 1.3 s; peak memory 389 MiB.
2026-10-05T08:35:42Z INFO [26/750] 3b6fc955-62cb-4567-bddc-2accbfc4f17b: Sackin index -0.1367; 20.3 s; peak memory 389 MiB.
2026-10-05T08:35:44Z INFO [27/750] 3b7024a1-e78c-42b9-9c15-91dddd5ca3d6: Sackin index -0.1273; 1.5 s; peak memory 389 MiB.
2026-10-05T08:36:05Z INFO [28/750] 3b703132-846f-45e9-bf0b-42a4f240a835: Sackin index -0.1367; 21.1 s; peak memory 389 MiB.
2026-10-05T08:36:07Z INFO [29/750] 3b70b9b2-12c6-43ef-bd1b-d97bf1984c93: Sackin index -0.0738; 2.1 s; peak memory 389 MiB.
2026-10-05T08:36:09Z INFO [30/750] 3b70f4e4-fe68-4368-bdbf-2202a8bbc7c2: Sackin index -0.0901; 2.3 s; peak memory 389 MiB.
2026-10-05T08:36:11Z INFO [31/750] 3b711e32-1e85-4893-be62-93c86e25ac81: Sackin index -0.0886; 1.8 s; peak memory 389 MiB.
2026-10-05T08:36:15Z INFO [32/750] 3b71c07f-b237-4675-80dd-70cd857c5283: Sackin index -0.0890; 3.4 s; peak memory 389 MiB.
2026-10-05T08:36:17Z INFO [33/750] 3b7216f4-3bee-40e0-bd15-6ca83993e138: Sackin index -0.1026; 2.0 s; peak memory 389 MiB.
2026-10-05T08:36:18Z INFO [34/750] 3b7242fe-b037-4852-bde3-28e39d37e826: Sackin index -0.1408; 1.7 s; peak memory 389 MiB.
2026-10-05T08:36:20Z INFO [35/750] 3b7253a1-3552-4261-95f2-d7c841480e89: Sackin index -0.0696; 1.7 s; peak memory 389 MiB.
2026-10-05T08:36:22Z INFO [36/750] 3b7280d0-821e-4d87-9095-a19f56910ac0: Sackin index -0.1408; 1.4 s; peak memory 389 MiB.
2026-10-05T08:36:24Z INFO [37/750] 3b72e107-5cec-49cc-a6ac-a42a03e4b63c: Sackin index -0.0370; 2.2 s; peak memory 389 MiB.
2026-10-05T08:36:25Z INFO [38/750] 3b739084-7313-4e4a-bfff-feb025470f7a: Sackin index -0.1383; 1.7 s; peak memory 389 MiB.
2026-10-05T08:36:27Z INFO [39/750] 3b740046-b6a2-4f7e-b3a2-27c2238c8c0c: Sackin index -0.0702; 1.6 s; peak memory 389 MiB.
2026-10-05T08:36:29Z INFO [40/750] 3b754727-a168-4795-9cbc-b1d07a5b1617: Sackin index -0.1408; 1.5 s; peak memory 389 MiB.
2026-10-05T08:36:30Z INFO [41/750] 3b766037-a6bf-4d60-92be-25b91ca3b714: Sackin index -0.0722; 1.5 s; peak memory 389 MiB.
2026-10-05T08:36:32Z INFO [42/750] 3b76c451-1764-415d-beb7-831284b0b1eb: Sackin index -0.0369; 2.0 s; peak memory 389 MiB.
2026-10-05T08:36:33Z INFO [43/750] 3b778c2f-69df-4167-9f40-97af1fff46ef: Sackin index -0.1349; 1.3 s; peak memory 389 MiB.
2026-10-05T08:36:51Z INFO [44/750] 3b7993e7-081d-4bbd-9ce2-96fb856772b5: Sackin index -0.0103; 17.6 s; peak memory 389 MiB.
2026-10-05T08:36:54Z INFO [45/750] 3b7a0594-44f8-42ce-bf38-4968cc8af3f3: Sackin index -0.0699; 2.7 s; peak memory 389 MiB.
2026-10-05T08:36:57Z INFO [46/750] 3b7ac9c3-1ce1-4e14-bae4-883d40d7ec26: Sackin index -0.0516; 3.0 s; peak memory 389 MiB.
2026-10-05T08:36:58Z INFO [47/750] 3b7b1f79-a525-4cb2-9100-28761d6804f7: Sackin index -0.0728; 1.7 s; peak memory 389 MiB.
2026-10-05T08:37:00Z INFO [48/750] 3b7b3d06-aef6-41c8-8b38-bba5dad3019a: Sackin index -0.1349; 1.3 s; peak memory 389 MiB.
2026-10-05T08:37:01Z INFO [49/750] 3b7b5fda-39ed-4167-90fd-95372ae0c994: Sackin index -0.0709; 1.5 s; peak memory 389 MiB.
2026-10-05T08:37:03Z INFO [50/750] 3b7bd276-8da4-44aa-99c1-a1ef9e4854a2: Sackin index -0.1349; 1.3 s; peak memory 389 MiB.
2026-10-05T08:37:03Z INFO [50/750] 3b7bd276-8da4-44aa-99c1-a1ef9e4854a2: checkpointed 75636 records.
2026-10-05T08:37:04Z INFO [51/750] 3b7bd2be-1a35-4dbc-9bc1-e85c82fba43d: Sackin index -0.1248; 1.4 s; peak memory 389 MiB.
2026-10-05T08:37:11Z INFO [52/750] 3b7be587-7ef3-45e8-a741-4dbf64201977: Sackin index -0.0244; 6.6 s; peak memory 389 MiB.
2026-10-05T08:37:12Z INFO [53/750] 3b7beae4-c322-4ff8-9d70-eb1ad65ba6fe: Sackin index -0.1938; 1.2 s; peak memory 389 MiB.
2026-10-05T08:37:13Z INFO [54/750] 3b7c344b-0295-43c5-9d9d-9360f5f84747: Sackin index -0.1349; 1.4 s; peak memory 389 MiB.
2026-10-05T08:37:14Z INFO [55/750] 3b7d7337-08d4-4225-8e85-2f01531c3390: Sackin index -0.3646; 1.0 s; peak memory 389 MiB.
2026-10-05T08:37:17Z INFO [56/750] 3b7d80b8-ce41-4ca8-8094-9ebdd1669ad8: Sackin index -0.1938; 2.6 s; peak memory 389 MiB.
2026-10-05T08:37:21Z INFO [57/750] 3b7e7513-63f4-46ed-9dc5-8ecffa61cf2a: Sackin index -0.0660; 3.6 s; peak memory 389 MiB.
2026-10-05T08:37:22Z INFO [58/750] 3b7f80ee-4bb8-426f-bd80-8485914c5d32: Sackin index -0.0732; 1.4 s; peak memory 389 MiB.
2026-10-05T08:37:23Z INFO [59/750] 3b810fc3-8092-4bb6-8e41-d38b6cd40df3: Sackin index -0.1349; 1.3 s; peak memory 389 MiB.
2026-10-05T08:37:27Z INFO [60/750] 3b811a3a-8037-427f-9528-d2fcb9e7f66f: Sackin index -0.0660; 3.4 s; peak memory 389 MiB.
2026-10-05T08:37:28Z INFO [61/750] 3b8127d9-4c48-4264-bdf3-1475bc8f82a2: Sackin index -0.1349; 1.5 s; peak memory 389 MiB.
2026-10-05T08:37:30Z INFO [62/750] 3b8176c8-b2c5-4b93-ac2a-dcd143eaa70d: Sackin index -0.1349; 1.4 s; peak memory 389 MiB.
2026-10-05T08:37:31Z INFO [63/750] 3b81b3b7-83df-4029-985c-29372b01d632: Sackin index -0.1349; 1.3 s; peak memory 389 MiB.
2026-10-05T08:37:32Z INFO [64/750] 3b81c730-9441-4f11-a205-86b733804396: Sackin index -0.1658; 0.9 s; peak memory 389 MiB.
2026-10-05T08:37:35Z INFO [65/750] 3b81db6e-1f1c-4824-9d9f-3c4003902c82: Sackin index -0.1938; 2.9 s; peak memory 389 MiB.
2026-10-05T08:37:36Z INFO [66/750] 3b829416-1cd5-4eed-8d66-73477f62f4ae: Sackin index -0.1349; 1.3 s; peak memory 389 MiB.
2026-10-05T08:37:38Z INFO [67/750] 3b82f4a6-214f-4e66-933e-de6737f4b0f2: Sackin index -0.0728; 2.0 s; peak memory 389 MiB.
2026-10-05T08:37:39Z INFO [68/750] 3b841939-ff7e-4543-94fd-0da4c6159460: Sackin index -0.1349; 1.2 s; peak memory 389 MiB.
2026-10-05T08:37:49Z INFO [69/750] 3b85a865-2bc0-4062-bb52-5ab5f2fa80f5: Sackin index -0.0072; 10.1 s; peak memory 389 MiB.
2026-10-05T08:37:52Z INFO [70/750] 3b861711-defa-4d49-b3b5-a191fd1f180f: Sackin index -0.0272; 2.3 s; peak memory 389 MiB.
2026-10-05T08:37:53Z INFO [71/750] 3b86c28a-fcff-42eb-bbb3-edf65bc2fb19: Sackin index -0.0728; 1.6 s; peak memory 389 MiB.
2026-10-05T08:37:55Z INFO [72/750] 3b8726aa-75ff-4c20-a5d3-b44a2c48fa0a: Sackin index -0.0728; 1.6 s; peak memory 389 MiB.
2026-10-05T08:37:56Z INFO [73/750] 3b880bde-dbed-4466-8f47-3654725c57d8: Sackin index -0.0728; 1.7 s; peak memory 389 MiB.
2026-10-05T08:37:58Z INFO [74/750] 3b88175f-1ad5-4c0e-920e-5db8b1124b80: Sackin index -0.0696; 1.4 s; peak memory 389 MiB.
2026-10-05T08:38:08Z INFO [75/750] 3b884607-fb79-486e-b14a-2d6854d37496: Sackin index -0.0366; 10.3 s; peak memory 389 MiB.
2026-10-05T08:38:09Z INFO [76/750] 3b8886ac-562e-41f4-b273-2750b34322e3: Sackin index -0.1658; 1.3 s; peak memory 389 MiB.
2026-10-05T08:38:11Z INFO [77/750] 3b88c50a-1cfa-47a8-b784-6a81a4267906: Sackin index -0.1349; 1.3 s; peak memory 389 MiB.
2026-10-05T08:38:13Z INFO [78/750] 3b88fbd4-f4de-474a-b09c-9e1aa84fea01: Sackin index -0.0824; 2.7 s; peak memory 389 MiB.
2026-10-05T08:38:53Z INFO [79/750] 3b894e82-70db-4e2f-af8b-a3d09a050708: Sackin index -0.0013; 39.8 s; peak memory 389 MiB.
2026-10-05T08:38:55Z INFO [80/750] 3b895c6a-c3eb-4788-8df5-67543189a642: Sackin index -0.0709; 1.8 s; peak memory 389 MiB.
2026-10-05T08:38:56Z INFO [81/750] 3b89d6e4-59d6-4d24-955d-7dc8f40c3a8a: Sackin index -0.1279; 1.2 s; peak memory 389 MiB.
2026-10-05T08:38:58Z INFO [82/750] 3b8bb993-a54e-43b7-85e5-fbe54e7bf366: Sackin index -0.0379; 1.7 s; peak memory 389 MiB.
2026-10-05T08:38:59Z INFO [83/750] 3b8cef18-0508-4cce-a677-540b08545984: Sackin index -0.1349; 1.2 s; peak memory 389 MiB.
2026-10-05T08:39:07Z INFO [84/750] 3b8d4530-1136-434c-baac-09d41643e5ac: Sackin index -0.0244; 8.2 s; peak memory 389 MiB.
2026-10-05T08:39:09Z INFO [85/750] 3b8d5d9d-aed0-475a-8f15-937af05c8bd3: Sackin index -0.0375; 1.6 s; peak memory 389 MiB.
2026-10-05T08:39:21Z INFO [86/750] 3b8eb562-c622-40b5-9f91-74c4a4b5033d: Sackin index -0.0192; 11.9 s; peak memory 389 MiB.
2026-10-05T08:39:24Z INFO [87/750] 3b8ecfef-484b-49d7-90c0-631676544764: Sackin index -0.0655; 3.2 s; peak memory 389 MiB.
2026-10-05T08:39:25Z INFO [88/750] 3b8ee649-d9a5-47ca-8d50-3bbe419c34cd: Sackin index -0.1349; 1.2 s; peak memory 389 MiB.
2026-10-05T08:39:28Z INFO [89/750] 3b8f37cc-f1a5-4ccf-bf27-b541e7a12e44: Sackin index -0.1938; 3.2 s; peak memory 389 MiB.
2026-10-05T08:39:30Z INFO [90/750] 3b8f8a75-8ff5-4056-9b54-547774e2b018: Sackin index -0.0746; 1.6 s; peak memory 389 MiB.
2026-10-05T08:39:33Z INFO [91/750] 3b8fc315-0645-4764-857d-b9f1b1af9af4: Sackin index -0.0693; 3.2 s; peak memory 389 MiB.
2026-10-05T08:39:35Z INFO [92/750] 3b8fed66-6c82-4952-9c51-a48d6ab32eb4: Sackin index -0.0370; 1.7 s; peak memory 389 MiB.
2026-10-05T08:39:40Z INFO [93/750] 3b90132d-a9fd-415f-9a44-891417d52450: Sackin index -0.1938; 4.8 s; peak memory 389 MiB.
2026-10-05T08:39:45Z INFO [94/750] 3b904398-3a01-4f3c-88e0-0f6e7aa7c401: Sackin index -0.0252; 5.6 s; peak memory 389 MiB.
2026-10-05T08:39:47Z INFO [95/750] 3b904beb-f340-4f08-8795-c7307b18c2a5: Sackin index -0.1319; 1.2 s; peak memory 389 MiB.
2026-10-05T08:39:48Z INFO [96/750] 3b91067d-28f6-42c0-97a5-cd33945f625f: Sackin index -0.0696; 1.6 s; peak memory 389 MiB.
2026-10-05T08:39:50Z INFO [97/750] 3b91464f-7506-452a-b3fc-f2fd00bcaf52: Sackin index -0.0413; 2.0 s; peak memory 389 MiB.
2026-10-05T08:39:51Z INFO [98/750] 3b9365ca-8d5c-4026-8b98-76c74387a498: Sackin index -0.1658; 0.9 s; peak memory 389 MiB.
2026-10-05T08:39:52Z INFO [99/750] 3b93a4a1-75cb-4b15-99eb-50b57c94cb5c: Sackin index -0.1349; 1.3 s; peak memory 389 MiB.
2026-10-05T08:39:54Z INFO [100/750] 3b948487-4c1e-415a-a1fd-06dc2e24d48e: Sackin index -0.0702; 1.6 s; peak memory 389 MiB.
2026-10-05T08:39:54Z INFO [100/750] 3b948487-4c1e-415a-a1fd-06dc2e24d48e: checkpointed 75686 records.
2026-10-05T08:39:56Z INFO [101/750] 3b95077d-44bc-4a85-9b17-99dffddec3fb: Sackin index -0.1248; 1.6 s; peak memory 389 MiB.
2026-10-05T08:40:01Z INFO [102/750] 3b95080c-ec66-4970-9bfa-31eb01a8b447: Sackin index -0.0411; 5.1 s; peak memory 389 MiB.
2026-10-05T08:40:03Z INFO [103/750] 3b951700-8219-4af8-92a0-a0426ac1a75f: Sackin index -0.0745; 1.6 s; peak memory 389 MiB.
2026-10-05T08:40:05Z INFO [104/750] 3b95967b-659e-4397-a9a9-7ff483718114: Sackin index -0.0515; 2.8 s; peak memory 389 MiB.
2026-10-05T08:40:07Z INFO [105/750] 3b96143e-275f-4822-8b52-47c0c34e7df0: Sackin index -0.0933; 1.9 s; peak memory 389 MiB.
2026-10-05T08:40:09Z INFO [106/750] 3b9621db-206d-41c0-90b7-c7d774315d38: Sackin index -0.0963; 1.7 s; peak memory 389 MiB.
2026-10-05T08:40:11Z INFO [107/750] 3b9754cd-ec8c-40bf-b645-935a3909e281: Sackin index -0.0702; 1.6 s; peak memory 389 MiB.
2026-10-05T08:40:12Z INFO [108/750] 3b9758fd-2881-4221-8e6b-697c5594f7be: Sackin index -0.0745; 1.5 s; peak memory 389 MiB.
2026-10-05T08:40:13Z INFO [109/750] 3b9778f0-d4b9-4abf-8927-43148c1a3d68: Sackin index -0.1349; 1.4 s; peak memory 389 MiB.
2026-10-05T08:40:15Z INFO [110/750] 3b97a8f3-9c22-4399-9492-c092b5e2e31e: Sackin index -0.1000; 1.8 s; peak memory 389 MiB.
2026-10-05T08:40:17Z INFO [111/750] 3b97efb1-7ab8-433e-a98b-ca2c229c1405: Sackin index -0.0376; 1.7 s; peak memory 389 MiB.
2026-10-05T08:40:23Z INFO [112/750] 3b984346-cd37-4a3e-a9a2-98b5d166968e: Sackin index -0.0415; 5.7 s; peak memory 389 MiB.
2026-10-05T08:40:24Z INFO [113/750] 3b985e57-5a91-4704-82b3-16ad2b84cf3f: Sackin index -0.0696; 1.8 s; peak memory 389 MiB.
2026-10-05T08:40:26Z INFO [114/750] 3b986f3e-81a3-4b52-abe1-eacd297e062b: Sackin index -0.0881; 1.6 s; peak memory 389 MiB.
2026-10-05T08:40:27Z INFO [115/750] 3b98b15b-a6c1-4ccd-880d-034f29dd1f85: Sackin index -0.0709; 1.4 s; peak memory 389 MiB.
2026-10-05T08:40:29Z INFO [116/750] 3b996034-4929-4d6f-809b-3740949fbe4c: Sackin index -0.0728; 1.7 s; peak memory 389 MiB.
2026-10-05T08:40:30Z INFO [117/750] 3b9973c3-497b-4726-8518-4dd168759c27: Sackin index -0.1349; 1.2 s; peak memory 389 MiB.
2026-10-05T08:40:32Z INFO [118/750] 3b9976c6-a94a-4cc8-a96b-8d730d6ef1cd: Sackin index -0.2073; 1.2 s; peak memory 389 MiB.
2026-10-05T08:40:33Z INFO [119/750] 3b99ff8a-b7bb-4e04-9e18-9debe66ba7b0: Sackin index -0.1148; 1.0 s; peak memory 389 MiB.
2026-10-05T08:40:34Z INFO [120/750] 3b9b602b-ba70-4a8b-97d0-2d2ce9c21b9e: Sackin index -0.1349; 1.3 s; peak memory 389 MiB.
2026-10-05T08:40:35Z INFO [121/750] 3b9baf21-51da-456e-a1aa-21ba8df864c4: Sackin index -0.0728; 1.7 s; peak memory 389 MiB.
2026-10-05T08:40:36Z INFO [122/750] 3b9cb5fd-0e6d-4cd3-92ff-0b6811253821: Sackin index -0.1448; 1.0 s; peak memory 389 MiB.
2026-10-05T08:40:38Z INFO [123/750] 3b9cb932-948d-4932-80b9-0eee1b1d9c00: Sackin index -0.1291; 1.7 s; peak memory 389 MiB.
2026-10-05T08:40:40Z INFO [124/750] 3b9d699b-60f3-435c-8fd4-0c6ed7c2a874: Sackin index -0.0369; 2.3 s; peak memory 389 MiB.
2026-10-05T08:40:48Z INFO [125/750] 3b9e554f-7df1-41dd-8f07-d95ff52af811: Sackin index -0.0251; 7.1 s; peak memory 389 MiB.
2026-10-05T08:40:49Z INFO [126/750] 3b9e6177-9661-47d9-b150-734d33f5facc: Sackin index -0.0375; 1.6 s; peak memory 389 MiB.
2026-10-05T08:42:55Z INFO [127/750] 3b9e681d-115c-4e2d-9a66-dd1c6b0cc859: Sackin index -0.0305; 125.6 s; peak memory 389 MiB.
2026-10-05T08:42:58Z INFO [128/750] 3b9ee466-0586-4fe5-9f30-516304ff79b0: Sackin index -0.0660; 3.3 s; peak memory 389 MiB.
2026-10-05T08:43:18Z INFO [129/750] 3b9f031f-3c97-47b1-994e-0f1d6da8c669: Sackin index -0.1367; 19.5 s; peak memory 389 MiB.
2026-10-05T08:43:22Z INFO [130/750] 3b9f157c-b14f-40e8-9b3a-30f82c90d571: Sackin index -0.0202; 4.3 s; peak memory 389 MiB.
2026-10-05T08:43:25Z INFO [131/750] 3b9f4fd9-9875-4ef8-8c9d-5894561841b1: Sackin index -0.0704; 3.3 s; peak memory 389 MiB.
2026-10-05T08:43:28Z INFO [132/750] 3ba01b21-ebc8-46ea-b7f7-41c1d2ab493d: Sackin index -0.0728; 2.3 s; peak memory 389 MiB.
2026-10-05T08:43:30Z INFO [133/750] 3ba044a0-c6b9-4ad4-8456-81de1acc2013: Sackin index -0.0365; 2.4 s; peak memory 389 MiB.
2026-10-05T08:43:31Z INFO [134/750] 3ba0c5ec-d9aa-4011-9780-71fe2d5f3fa3: Sackin index -0.0702; 1.4 s; peak memory 389 MiB.
2026-10-05T08:43:33Z INFO [135/750] 3ba0f577-9bd9-43eb-98f5-79010d073e3f: Sackin index -0.0881; 1.3 s; peak memory 389 MiB.
2026-10-05T08:43:34Z INFO [136/750] 3ba2c168-af36-465f-b38c-b854432192a4: Sackin index -0.0709; 1.4 s; peak memory 389 MiB.
2026-10-05T08:43:36Z INFO [137/750] 3ba3235e-f782-4285-b9f5-3c027246290b: Sackin index -0.1210; 1.8 s; peak memory 389 MiB.
2026-10-05T08:44:00Z INFO [138/750] 3ba37333-7b76-45de-836f-efd35278a155: Sackin index -0.0268; 23.6 s; peak memory 389 MiB.
2026-10-05T08:44:01Z INFO [139/750] 3ba38dfa-2870-494a-a7f7-8ce00c2f1ae1: Sackin index -0.0379; 1.8 s; peak memory 389 MiB.
2026-10-05T08:44:03Z INFO [140/750] 3ba38e35-abdd-49d8-b1d0-775244f88737: Sackin index -0.1349; 1.1 s; peak memory 389 MiB.
2026-10-05T08:44:04Z INFO [141/750] 3ba3bbbb-1de9-4f46-9bae-a0dbbd799c20: Sackin index -0.0702; 1.5 s; peak memory 389 MiB.
2026-10-05T08:44:06Z INFO [142/750] 3ba3fd16-ad1f-4b43-93f9-a4cd848ac605: Sackin index -0.1273; 1.5 s; peak memory 389 MiB.
2026-10-05T08:44:07Z INFO [143/750] 3ba43d61-c013-4070-a9e4-eb7db8144812: Sackin index -0.1658; 0.9 s; peak memory 389 MiB.
2026-10-05T08:44:08Z INFO [144/750] 3ba46817-4114-46f5-a025-dd36b6c6863c: Sackin index -0.0709; 1.7 s; peak memory 389 MiB.
2026-10-05T08:44:18Z INFO [145/750] 3ba55341-1553-4178-9c80-f4c16c2bb8ff: Sackin index -0.0365; 9.5 s; peak memory 389 MiB.
2026-10-05T08:44:41Z INFO [146/750] 3ba63aad-6b5f-4eb4-96bb-45144b28165e: Sackin index -0.0112; 23.1 s; peak memory 389 MiB.
2026-10-05T08:44:44Z INFO [147/750] 3ba76000-ffa2-4670-a5b8-4a0b4321ddf2: Sackin index -0.0660; 3.5 s; peak memory 389 MiB.
2026-10-05T08:44:45Z INFO [148/750] 3ba8a823-8f53-48eb-a2a8-919d62f4e3d6: Sackin index -0.1178; 1.0 s; peak memory 389 MiB.
2026-10-05T08:44:47Z INFO [149/750] 3ba8ab54-bb1f-4eeb-bde5-29f11d93620b: Sackin index -0.0375; 1.7 s; peak memory 389 MiB.
2026-10-05T08:44:49Z INFO [150/750] 3ba8e0bf-63af-405c-8cc3-28792b87a028: Sackin index -0.0376; 1.9 s; peak memory 389 MiB.
2026-10-05T08:44:49Z INFO [150/750] 3ba8e0bf-63af-405c-8cc3-28792b87a028: checkpointed 75736 records.
2026-10-05T08:44:52Z INFO [151/750] 3baa2b36-9704-4bb1-97fb-c93180303e52: Sackin index -0.0369; 2.6 s; peak memory 389 MiB.
2026-10-05T08:44:54Z INFO [152/750] 3baa5f75-220f-462b-9c64-716cc404c42f: Sackin index -0.0728; 2.1 s; peak memory 389 MiB.
2026-10-05T08:44:55Z INFO [153/750] 3baab10f-7a2a-4f2d-9eb7-239b5026c9f8: Sackin index -0.1331; 1.2 s; peak memory 389 MiB.
2026-10-05T08:44:56Z INFO [154/750] 3baaddaf-5961-409c-bb8f-9f69041671f5: Sackin index -0.1429; 1.4 s; peak memory 389 MiB.
2026-10-05T08:45:01Z INFO [155/750] 3bab0dd0-de4f-4020-ad00-f5f6a02df871: Sackin index -0.1021; 4.9 s; peak memory 389 MiB.
2026-10-05T08:45:03Z INFO [156/750] 3bab489c-d146-4a69-b1a3-94087ca9f9f3: Sackin index -0.1602; 1.3 s; peak memory 389 MiB.
2026-10-05T08:45:04Z INFO [157/750] 3bac235e-a593-4c69-bb56-ec6cef30ac4d: Sackin index -0.1349; 1.2 s; peak memory 389 MiB.
2026-10-05T08:45:05Z INFO [158/750] 3bac4d8e-a09b-4924-b49b-a49fdbb27867: Sackin index -0.0696; 1.6 s; peak memory 389 MiB.
2026-10-05T08:46:16Z INFO [159/750] 3bac7387-94de-470f-9f42-c33923b0a7ac: Sackin index -0.0817; 70.9 s; peak memory 389 MiB.
2026-10-05T08:46:18Z INFO [160/750] 3bacd7cf-11ed-4090-874c-7b4c92ba5d79: Sackin index -0.0722; 1.5 s; peak memory 389 MiB.
2026-10-05T08:46:35Z INFO [161/750] 3bade986-a71b-4581-8092-b56f1c9f4ffc: Sackin index -0.1938; 17.0 s; peak memory 389 MiB.
2026-10-05T08:46:37Z INFO [162/750] 3baf58d3-6bd8-4d51-b301-5ebbbc4d4628: Sackin index -0.0376; 1.9 s; peak memory 389 MiB.
2026-10-05T08:46:40Z INFO [163/750] 3baff867-3860-4d95-bef6-fbe1ffe1b530: Sackin index -0.1938; 2.9 s; peak memory 389 MiB.
2026-10-05T08:46:41Z INFO [164/750] 3bb0c570-b3b7-4214-aba0-edb1375ffbce: Sackin index -0.1349; 1.2 s; peak memory 389 MiB.
2026-10-05T08:46:42Z INFO [165/750] 3bb12a9c-7aa3-4698-aa90-a3038eac5f8f: Sackin index -0.0696; 1.5 s; peak memory 389 MiB.
2026-10-05T08:46:47Z INFO [166/750] 3bb15e06-fc29-4adb-8781-18cb7477e92d: Sackin index -0.1938; 4.9 s; peak memory 389 MiB.
2026-10-05T08:46:49Z INFO [167/750] 3bb1e04f-bca3-4585-a410-a8f0c7efe0e6: Sackin index -0.0369; 2.4 s; peak memory 389 MiB.
2026-10-05T08:46:51Z INFO [168/750] 3bb1ee6f-570e-46c4-a13e-d15464729a19: Sackin index -0.0626; 1.7 s; peak memory 389 MiB.
2026-10-05T08:46:55Z INFO [169/750] 3bb41a6e-171d-4470-86da-156e72697849: Sackin index -0.0660; 3.3 s; peak memory 389 MiB.
2026-10-05T08:46:56Z INFO [170/750] 3bb41b3b-28f2-45c0-8efb-b082e59f3874: Sackin index -0.1461; 1.3 s; peak memory 389 MiB.
2026-10-05T08:46:57Z INFO [171/750] 3bb4d5f4-89c2-417b-90de-c9f72e75d711: Sackin index -0.1135; 1.1 s; peak memory 389 MiB.
2026-10-05T08:46:58Z INFO [172/750] 3bb4e9b7-d0b4-492e-a25b-f185cdcb4def: Sackin index -0.0702; 1.4 s; peak memory 389 MiB.
2026-10-05T08:47:05Z INFO [173/750] 3bb61669-c817-4ce6-be81-e3ecfb829151: Sackin index -0.0238; 6.2 s; peak memory 389 MiB.
2026-10-05T08:47:06Z INFO [174/750] 3bb62049-ddc0-48bd-a634-bf16742d18c3: Sackin index -0.0728; 1.6 s; peak memory 389 MiB.
2026-10-05T08:47:08Z INFO [175/750] 3bb679c5-ab50-4ea0-bf79-389b00cd506c: Sackin index -0.1349; 1.3 s; peak memory 389 MiB.
2026-10-05T08:47:09Z INFO [176/750] 3bb6c078-8d69-4bfe-a52a-7c47094a460a: Sackin index -0.1044; 1.9 s; peak memory 389 MiB.
2026-10-05T08:47:11Z INFO [177/750] 3bb7ffa1-8753-45cb-9619-ee987db37a75: Sackin index -0.0696; 1.5 s; peak memory 389 MiB.
2026-10-05T08:47:13Z INFO [178/750] 3bb8c0a3-0b70-41c7-be05-6e60c57faf36: Sackin index -0.0369; 2.1 s; peak memory 389 MiB.
2026-10-05T08:47:15Z INFO [179/750] 3bb93f41-b990-4e2e-9c0a-cfb3a3a18096: Sackin index -0.0702; 1.6 s; peak memory 389 MiB.
2026-10-05T08:47:16Z INFO [180/750] 3bbaa169-a005-48b3-9f4e-fee305f4c59a: Sackin index -0.0702; 1.4 s; peak memory 389 MiB.
2026-10-05T08:47:17Z INFO [181/750] 3bbad840-9b41-4c59-8590-362fff0dfcb2: Sackin index -0.1349; 1.1 s; peak memory 389 MiB.
2026-10-05T08:47:20Z INFO [182/750] 3bbb2f7c-50dd-4819-97d2-da65e71eeee6: Sackin index -0.0699; 3.0 s; peak memory 389 MiB.
2026-10-05T08:47:22Z INFO [183/750] 3bbb7f62-160d-47a6-8f47-100abc6b71e7: Sackin index -0.0728; 1.9 s; peak memory 389 MiB.
2026-10-05T08:47:24Z INFO [184/750] 3bbc1b0e-0dfd-415d-bed5-0ffd963b49be: Sackin index -0.0376; 1.8 s; peak memory 389 MiB.
2026-10-05T08:47:26Z INFO [185/750] 3bbc2d12-66e4-491d-be1d-16af106d3ad7: Sackin index -0.0369; 2.5 s; peak memory 389 MiB.
2026-10-05T08:47:28Z INFO [186/750] 3bbda189-6699-47f5-9561-2d6edb1eee81: Sackin index -0.1248; 1.5 s; peak memory 389 MiB.
2026-10-05T08:47:29Z INFO [187/750] 3bbe0526-426d-44d7-a62f-d2d2bcded68c: Sackin index -0.1349; 1.3 s; peak memory 389 MiB.
2026-10-05T08:47:31Z INFO [188/750] 3bbf3787-36f1-4df7-a547-319abd4b32f8: Sackin index -0.0702; 1.4 s; peak memory 389 MiB.
2026-10-05T08:47:32Z INFO [189/750] 3bc15274-0c37-4c1d-8d4a-06ba7630599b: Sackin index -0.2000; 1.0 s; peak memory 389 MiB.
2026-10-05T08:47:33Z INFO [190/750] 3bc197ee-b334-48cc-938d-1dcf81aeec63: Sackin index -0.1592; 1.2 s; peak memory 389 MiB.
2026-10-05T08:47:34Z INFO [191/750] 3bc22753-acbb-4349-bab1-bd7e5283d844: Sackin index -0.1349; 1.2 s; peak memory 389 MiB.
2026-10-05T08:47:36Z INFO [192/750] 3bc24022-c1ea-4606-831e-114418bdf6b8: Sackin index -0.0728; 1.9 s; peak memory 389 MiB.
2026-10-05T08:47:38Z INFO [193/750] 3bc26b4d-680c-4944-b3b5-4fbcdd86d721: Sackin index -0.0728; 1.8 s; peak memory 389 MiB.
2026-10-05T08:47:39Z INFO [194/750] 3bc29bb9-3fe4-49fd-b4b3-272827c8a3c9: Sackin index -0.1319; 1.1 s; peak memory 389 MiB.
2026-10-05T08:47:52Z INFO [195/750] 3bc33952-596c-428b-b5fa-a5d26fae2abe: Sackin index -0.0213; 13.5 s; peak memory 389 MiB.
2026-10-05T08:47:54Z INFO [196/750] 3bc3bfa7-a723-43d0-84c8-576b165cf4d4: Sackin index -0.0696; 1.5 s; peak memory 389 MiB.
2026-10-05T08:47:57Z INFO [197/750] 3bc52dcb-ff3f-4083-9e27-36cc15c872b2: Sackin index -0.0699; 2.8 s; peak memory 389 MiB.
2026-10-05T08:47:58Z INFO [198/750] 3bc53df7-be38-4fc6-a7ff-520bf5c3bfae: Sackin index -0.1349; 1.3 s; peak memory 389 MiB.
2026-10-05T08:48:00Z INFO [199/750] 3bc80941-3578-4d45-a6b5-f737a43a2070: Sackin index -0.0696; 1.9 s; peak memory 389 MiB.
2026-10-05T08:48:02Z INFO [200/750] 3bc8d0fe-da7a-4932-ae65-b8f87c5542b1: Sackin index -0.0457; 1.8 s; peak memory 389 MiB.
2026-10-05T08:48:02Z INFO [200/750] 3bc8d0fe-da7a-4932-ae65-b8f87c5542b1: checkpointed 75786 records.
2026-10-05T08:48:03Z INFO [201/750] 3bca6f7e-5f03-43e5-8714-470029fb9a3d: Sackin index -0.1331; 1.2 s; peak memory 389 MiB.
2026-10-05T08:48:04Z INFO [202/750] 3bcb9a16-5ef0-46bd-a81b-1bfa734c3fed: Sackin index -0.1191; 1.1 s; peak memory 389 MiB.
2026-10-05T08:48:06Z INFO [203/750] 3bcbd62c-1552-451e-bab1-481cae9677e7: Sackin index -0.0702; 1.6 s; peak memory 389 MiB.
2026-10-05T08:49:34Z INFO [204/750] 3bcdbe60-33fb-4f82-9d8b-158816a0e72c: Sackin index -0.0935; 88.9 s; peak memory 389 MiB.
2026-10-05T08:49:36Z INFO [205/750] 3bcdf5b6-365d-4f86-ac72-1da648201458: Sackin index -0.1658; 1.1 s; peak memory 389 MiB.
2026-10-05T08:49:44Z INFO [206/750] 3bcf6727-92c3-4987-925a-99bf757f10e1: Sackin index -0.0184; 8.8 s; peak memory 389 MiB.
2026-10-05T08:49:46Z INFO [207/750] 3bcf8112-3509-41c4-bc12-f8ccf0f18cdf: Sackin index -0.0728; 2.1 s; peak memory 389 MiB.
2026-10-05T08:49:48Z INFO [208/750] 3bd07847-462d-4b09-b1c5-62c914369068: Sackin index -0.0702; 1.5 s; peak memory 389 MiB.
2026-10-05T08:52:00Z INFO [209/750] 3bd1179c-a3a5-4c17-8ba3-b5185d67e68f: Sackin index -0.0286; 132.4 s; peak memory 389 MiB.
2026-10-05T08:52:06Z INFO [210/750] 3bd18618-0157-4f1b-a2e1-94cef6e20453: Sackin index -0.1599; 6.0 s; peak memory 389 MiB.
2026-10-05T08:52:08Z INFO [211/750] 3bd29589-d3b1-4b0a-8f6d-d6ae76d7e2bd: Sackin index -0.1349; 1.2 s; peak memory 389 MiB.
2026-10-05T08:52:09Z INFO [212/750] 3bd2e521-c939-4547-9625-492ed059c3d4: Sackin index -0.1349; 1.3 s; peak memory 389 MiB.
2026-10-05T08:52:10Z INFO [213/750] 3bd30d37-a4d3-4202-8f8e-92fdd958502b: Sackin index -0.1248; 1.4 s; peak memory 389 MiB.
2026-10-05T08:52:12Z INFO [214/750] 3bd4ddaa-d703-4477-99c2-20a6c1d32331: Sackin index -0.1380; 1.5 s; peak memory 389 MiB.
2026-10-05T08:52:15Z INFO [215/750] 3bd57593-24e0-4d4c-8ee3-eb68fc6bcec4: Sackin index -0.0842; 3.2 s; peak memory 389 MiB.
2026-10-05T08:52:33Z INFO [216/750] 3bd60cf2-e982-448c-8c15-54311165ed5e: Sackin index -0.0237; 18.5 s; peak memory 389 MiB.
2026-10-05T08:52:36Z INFO [217/750] 3bd647a6-e424-48bf-8d92-dd2d35954002: Sackin index -0.0272; 2.2 s; peak memory 389 MiB.
2026-10-05T08:52:37Z INFO [218/750] 3bd6a08a-40bb-4f86-bca3-c73128de32a8: Sackin index -0.1349; 1.3 s; peak memory 389 MiB.
2026-10-05T08:52:39Z INFO [219/750] 3bd6b77e-d7fa-4f47-95e2-b22c69bf1e95: Sackin index -0.1938; 2.6 s; peak memory 389 MiB.
2026-10-05T08:52:41Z INFO [220/750] 3bd7757f-91be-4ac0-8198-c5794de5be96: Sackin index -0.0709; 1.3 s; peak memory 389 MiB.
2026-10-05T08:52:43Z INFO [221/750] 3bd79284-1445-4127-bc54-0dffdffeefb0: Sackin index -0.0379; 1.8 s; peak memory 389 MiB.
2026-10-05T08:52:44Z INFO [222/750] 3bd7b038-ec2e-4f92-97c7-57bbd1945f22: Sackin index -0.1349; 1.4 s; peak memory 389 MiB.
2026-10-05T08:52:47Z INFO [223/750] 3bd7c317-7e0d-4808-b618-50baa8dcf0e7: Sackin index -0.0699; 2.7 s; peak memory 389 MiB.
2026-10-05T08:52:48Z INFO [224/750] 3bd84308-3bd9-49c7-a51c-bf5c03d2cc0b: Sackin index -0.0709; 1.6 s; peak memory 389 MiB.
2026-10-05T08:52:50Z INFO [225/750] 3bdaea73-635b-4680-94ad-3b5f1348c2be: Sackin index -0.0728; 2.2 s; peak memory 389 MiB.
2026-10-05T08:52:52Z INFO [226/750] 3bdb5ed5-6d57-4873-81fe-b0798e95e775: Sackin index -0.1191; 1.3 s; peak memory 389 MiB.
2026-10-05T08:52:53Z INFO [227/750] 3bdc67a3-b19b-47e7-991d-793fb022dfe5: Sackin index -0.0881; 1.5 s; peak memory 389 MiB.
2026-10-05T08:52:55Z INFO [228/750] 3bdccfc6-6ab0-41d2-8e82-22319f63f4fc: Sackin index -0.0702; 1.6 s; peak memory 389 MiB.
2026-10-05T08:52:56Z INFO [229/750] 3bdd1549-6dde-4bab-a74d-551b987aa421: Sackin index -0.1349; 1.2 s; peak memory 389 MiB.
2026-10-05T08:53:05Z INFO [230/750] 3bdd7b0a-2fc5-44dc-8328-40291af81a6d: Sackin index -0.0206; 8.9 s; peak memory 389 MiB.
2026-10-05T08:53:06Z INFO [231/750] 3bdeb0ea-75a8-423e-afb1-8c946a28417f: Sackin index -0.0727; 1.2 s; peak memory 389 MiB.
2026-10-05T08:53:08Z INFO [232/750] 3bded149-18eb-4733-a7f2-b925f28dbec0: Sackin index -0.0696; 1.5 s; peak memory 389 MiB.
2026-10-05T08:53:10Z INFO [233/750] 3bdf409a-55f5-45f4-8925-dbefe02231e0: Sackin index -0.1291; 1.9 s; peak memory 389 MiB.
2026-10-05T08:53:11Z INFO [234/750] 3bdfa1c4-96c9-45d7-a5fb-73dc45382f13: Sackin index -0.0702; 1.7 s; peak memory 389 MiB.
2026-10-05T08:53:14Z INFO [235/750] 3be1468f-4ed7-4468-8a57-6590d57343d9: Sackin index -0.0699; 3.0 s; peak memory 389 MiB.
2026-10-05T08:53:16Z INFO [236/750] 3be172db-42b8-4669-9355-dfc5575a4946: Sackin index -0.1273; 1.6 s; peak memory 389 MiB.
2026-10-05T08:53:17Z INFO [237/750] 3be1b135-8c6f-42a7-a106-cea800f7ae67: Sackin index -0.1362; 1.3 s; peak memory 389 MiB.
2026-10-05T08:53:19Z INFO [238/750] 3be2c99c-5421-49d4-9bbd-a81c00c675da: Sackin index -0.0728; 1.7 s; peak memory 389 MiB.
2026-10-05T09:16:20Z INFO [239/750] 3be2d6bf-e270-4792-ae43-7c0d17780b09: Sackin index -0.0532; 1381.5 s; peak memory 1115 MiB.
2026-10-05T09:16:22Z INFO [240/750] 3be324f1-28d0-4de1-ba05-e417342341cf: Sackin index -0.0696; 1.7 s; peak memory 1115 MiB.
2026-10-05T09:16:24Z INFO [241/750] 3be36e6b-8adf-4163-896c-6b4006d606d9: Sackin index -0.0728; 1.7 s; peak memory 1115 MiB.
2026-10-05T09:16:28Z INFO [242/750] 3be40f80-3653-4f07-b4cf-0000bb6b4209: Sackin index -0.0660; 3.7 s; peak memory 1115 MiB.
2026-10-05T09:16:29Z INFO [243/750] 3be46ae6-e9d0-498d-ac1f-eb49114cac35: Sackin index -0.1349; 1.2 s; peak memory 1115 MiB.
2026-10-05T09:16:30Z INFO [244/750] 3be5106a-30b8-4b93-9bdc-8a5c14d40d82: Sackin index -0.1082; 1.4 s; peak memory 1115 MiB.
2026-10-05T09:16:32Z INFO [245/750] 3be515d6-d2d1-49aa-ae2a-1b9585c19732: Sackin index -0.0398; 1.7 s; peak memory 1115 MiB.
2026-10-05T09:16:35Z INFO [246/750] 3be51eb9-9680-4ac5-8eb7-305139056aa1: Sackin index -0.0660; 3.4 s; peak memory 1115 MiB.
2026-10-05T09:16:36Z INFO [247/750] 3be56602-4086-4b4a-a458-8d8271f0ac09: Sackin index -0.1658; 0.9 s; peak memory 1115 MiB.
2026-10-05T09:21:34Z INFO [248/750] 3be567c2-d916-4cbd-9919-09f63efefe2f: Sackin index -0.0409; 297.3 s; peak memory 1115 MiB.
2026-10-05T09:21:36Z INFO [249/750] 3be5ea09-734f-4ad3-8e54-c5f5601d6aea: Sackin index -0.1000; 1.9 s; peak memory 1115 MiB.
2026-10-05T09:21:41Z INFO [250/750] 3be62b54-d45c-4121-a31c-c9ebaac8829d: Sackin index -0.0882; 5.5 s; peak memory 1115 MiB.
2026-10-05T09:21:41Z INFO [250/750] 3be62b54-d45c-4121-a31c-c9ebaac8829d: checkpointed 75836 records.
2026-10-05T09:21:44Z INFO [251/750] 3be672d7-42d1-41dc-9ef5-5aa47f36c306: Sackin index -0.0704; 3.0 s; peak memory 1115 MiB.
2026-10-05T09:21:48Z INFO [252/750] 3be8012b-cebb-482a-8b8b-580748ab4a8c: Sackin index -0.0383; 4.1 s; peak memory 1115 MiB.
2026-10-05T09:22:04Z INFO [253/750] 3be90cde-0e4e-405c-9ada-42031b6fdbb9: Sackin index -0.0170; 15.4 s; peak memory 1115 MiB.
2026-10-05T09:22:05Z INFO [254/750] 3be9358d-9086-4bdb-9000-1310138ada63: Sackin index -0.1349; 1.3 s; peak memory 1115 MiB.
2026-10-05T09:22:06Z INFO [255/750] 3be975b2-f586-4075-8a4f-897ef7e969b8: Sackin index -0.1349; 1.3 s; peak memory 1115 MiB.
2026-10-05T09:22:08Z INFO [256/750] 3bea3bf4-15f6-494c-a018-586ecaed3ea5: Sackin index -0.0728; 1.8 s; peak memory 1115 MiB.
2026-10-05T09:22:09Z INFO [257/750] 3beae598-f3ab-4d02-b850-5f897dc531be: Sackin index -0.1349; 1.3 s; peak memory 1115 MiB.
2026-10-05T09:22:11Z INFO [258/750] 3bebae7d-0714-4b40-bcfa-810cc96fa762: Sackin index -0.1248; 1.6 s; peak memory 1115 MiB.
2026-10-05T09:22:12Z INFO [259/750] 3bebf1fa-15c5-45c6-aea6-85618fda84e0: Sackin index -0.0385; 1.4 s; peak memory 1115 MiB.
2026-10-05T09:22:13Z INFO [260/750] 3bec704c-ceea-4d04-8c82-b81668e9b6ff: Sackin index -0.1349; 1.2 s; peak memory 1115 MiB.
2026-10-05T09:22:15Z INFO [261/750] 3becb47e-4c9b-4443-b77c-caf56d0ddb5b: Sackin index -0.0702; 1.6 s; peak memory 1115 MiB.
2026-10-05T09:22:19Z INFO [262/750] 3bed5045-233e-4502-bfba-f5ecf3917477: Sackin index -0.0660; 3.5 s; peak memory 1115 MiB.
2026-10-05T09:22:20Z INFO [263/750] 3bed5e5a-acfc-423d-ba90-30c8b9e2be2f: Sackin index -0.1349; 1.3 s; peak memory 1115 MiB.
2026-10-05T09:22:21Z INFO [264/750] 3bed772d-0476-455b-8af8-c0e5b19625a9: Sackin index -0.0917; 1.2 s; peak memory 1115 MiB.
2026-10-05T09:22:22Z INFO [265/750] 3bed9e31-574e-45ff-a6eb-67cabccbf12c: Sackin index -0.1461; 1.2 s; peak memory 1115 MiB.
2026-10-05T09:22:23Z INFO [266/750] 3bedf5a2-eb40-4fbf-be80-f71da68dfd73: Sackin index -0.1349; 1.3 s; peak memory 1115 MiB.
2026-10-05T09:22:25Z INFO [267/750] 3bee2521-d803-4b23-a96c-c1ec43e6fb4a: Sackin index -0.1349; 1.3 s; peak memory 1115 MiB.
2026-10-05T09:22:26Z INFO [268/750] 3bef2535-71d2-4cee-b90d-53ab452cccb9: Sackin index -0.1349; 1.4 s; peak memory 1115 MiB.
2026-10-05T09:22:28Z INFO [269/750] 3bef86ac-cc32-4f25-8d3f-724e06d7cfa5: Sackin index -0.0696; 1.5 s; peak memory 1115 MiB.
2026-10-05T09:22:29Z INFO [270/750] 3bf101f6-be80-4340-8a12-ac36d7668390: Sackin index -0.1248; 1.4 s; peak memory 1115 MiB.
2026-10-05T09:22:43Z INFO [271/750] 3bf1d184-32a7-4b87-a709-9d0661514890: Sackin index -0.0197; 14.0 s; peak memory 1115 MiB.
2026-10-05T09:22:52Z INFO [272/750] 3bf23ff3-f795-4a19-8b9f-ad1b4f5dc7f0: Sackin index -0.1284; 8.9 s; peak memory 1115 MiB.
2026-10-05T09:22:54Z INFO [273/750] 3bf27d5d-54c3-4323-ba90-762c7c0b9bbc: Sackin index -0.0728; 1.9 s; peak memory 1115 MiB.
2026-10-05T09:22:55Z INFO [274/750] 3bf2bfe0-cd94-4e22-ad48-f7e2feef1da7: Sackin index -0.0696; 1.6 s; peak memory 1115 MiB.
2026-10-05T09:22:57Z INFO [275/750] 3bf2efe7-a36c-4cc2-af87-df106e627028: Sackin index -0.1349; 1.3 s; peak memory 1115 MiB.
2026-10-05T09:23:00Z INFO [276/750] 3bf4d394-ae94-4780-bb2d-500f4d5bed9c: Sackin index -0.0699; 3.2 s; peak memory 1115 MiB.
2026-10-05T09:23:02Z INFO [277/750] 3bf507b0-fabf-40c0-b6b6-caff96c1924b: Sackin index -0.0745; 2.1 s; peak memory 1115 MiB.
2026-10-05T09:23:06Z INFO [278/750] 3bf53def-7a7e-48e0-a495-c0104f83bbbe: Sackin index -0.0797; 3.5 s; peak memory 1115 MiB.
2026-10-05T09:23:07Z INFO [279/750] 3bf59078-d69e-4cbf-ae93-95e5983aaed5: Sackin index -0.1349; 1.3 s; peak memory 1115 MiB.
2026-10-05T09:23:08Z INFO [280/750] 3bf59e5d-7ffe-4600-9bb0-6f3ce637ca12: Sackin index -0.0696; 1.7 s; peak memory 1115 MiB.
2026-10-05T09:23:10Z INFO [281/750] 3bf5ad60-d8f3-4074-baaf-6d5a3f834a3d: Sackin index -0.1248; 1.3 s; peak memory 1115 MiB.
2026-10-05T09:23:13Z INFO [282/750] 3bf65178-0c97-4cfa-91d4-fa29cda0b517: Sackin index -0.0699; 2.9 s; peak memory 1115 MiB.
2026-10-05T09:23:14Z INFO [283/750] 3bf692e9-3c43-47e3-8e8f-e5a03b7cf716: Sackin index -0.0390; 1.4 s; peak memory 1115 MiB.
2026-10-05T09:23:15Z INFO [284/750] 3bf75d35-8fb2-429e-99db-a55cb599830e: Sackin index -0.1658; 1.0 s; peak memory 1115 MiB.
2026-10-05T09:23:17Z INFO [285/750] 3bf80307-3791-4f63-9994-e07bf56dc77d: Sackin index -0.0369; 1.7 s; peak memory 1115 MiB.
2026-10-05T09:23:19Z INFO [286/750] 3bf94b7a-82b4-4f85-abe8-cc6fd4886546: Sackin index -0.0681; 2.6 s; peak memory 1115 MiB.
2026-10-05T09:23:38Z INFO [287/750] 3bf95fc9-9bf8-456e-ba05-32c76f15fcaf: Sackin index -0.0101; 18.4 s; peak memory 1115 MiB.
2026-10-05T09:23:45Z INFO [288/750] 3bf991db-a577-4ffc-b760-c3f06a287c8b: Sackin index -0.0476; 6.9 s; peak memory 1115 MiB.
2026-10-05T09:23:48Z INFO [289/750] 3bfa378e-bced-47c7-8588-ec5fd3950769: Sackin index -0.1938; 2.8 s; peak memory 1115 MiB.
2026-10-05T09:23:51Z INFO [290/750] 3bfa61af-2297-4966-9578-a50ab6ba0dd9: Sackin index -0.0660; 3.6 s; peak memory 1115 MiB.
2026-10-05T09:23:53Z INFO [291/750] 3bfa8d39-1786-4ce1-842a-920c2f3aa850: Sackin index -0.0702; 1.7 s; peak memory 1115 MiB.
2026-10-05T09:23:56Z INFO [292/750] 3bfb7ad6-70a6-4931-b1eb-3f6967096765: Sackin index -0.0842; 3.0 s; peak memory 1115 MiB.
2026-10-05T09:24:12Z INFO [293/750] 3bfd5b0d-6df3-4ef8-81fe-9b9082d1529e: Sackin index -0.0147; 16.3 s; peak memory 1115 MiB.
2026-10-05T09:24:24Z INFO [294/750] 3bfe112a-a5bb-45a2-9cfc-7cdd41789a97: Sackin index -0.0697; 11.6 s; peak memory 1115 MiB.
2026-10-05T09:24:25Z INFO [295/750] 3bfe6476-9d0b-4105-a4b0-2d850d8939c3: Sackin index -0.1421; 1.0 s; peak memory 1115 MiB.
2026-10-05T09:24:26Z INFO [296/750] 3bff7b0c-08b6-48ef-a0ba-99cfc57cd6e4: Sackin index -0.1633; 1.5 s; peak memory 1115 MiB.
2026-10-05T09:24:27Z INFO [297/750] 3bffbf58-1a73-467f-8d10-2651e657306e: Sackin index -0.2229; 1.3 s; peak memory 1115 MiB.
2026-10-05T09:24:36Z INFO [298/750] 3c002489-5f45-45a1-a3c4-20b0f5e405a0: Sackin index -0.0067; 8.7 s; peak memory 1115 MiB.
2026-10-05T09:24:38Z INFO [299/750] 3c00c222-f174-41df-a75e-63789232e4cc: Sackin index -0.0702; 1.7 s; peak memory 1115 MiB.
2026-10-05T09:24:40Z INFO [300/750] 3c00c9cf-0e9b-4046-9170-963fd8ae1b54: Sackin index -0.0901; 2.3 s; peak memory 1115 MiB.
2026-10-05T09:24:40Z INFO [300/750] 3c00c9cf-0e9b-4046-9170-963fd8ae1b54: checkpointed 75886 records.
2026-10-05T09:24:41Z INFO [301/750] 3c012abc-b414-4f5a-8613-0c5599cf7466: Sackin index -0.1349; 1.3 s; peak memory 1115 MiB.
2026-10-05T09:24:43Z INFO [302/750] 3c01afa8-33a2-465a-8d11-3bfe0d0d17e4: Sackin index -0.1349; 1.4 s; peak memory 1115 MiB.
2026-10-05T09:24:44Z INFO [303/750] 3c01dc2d-c28f-441c-aa34-704a5a4edb61: Sackin index -0.1658; 1.0 s; peak memory 1115 MiB.
2026-10-05T09:24:46Z INFO [304/750] 3c032115-edad-4ff4-be37-38a2aaefe5ea: Sackin index -0.0745; 2.3 s; peak memory 1115 MiB.
2026-10-05T09:24:47Z INFO [305/750] 3c05d716-c50d-4314-90fa-c4279ba25ec5: Sackin index -0.0811; 1.3 s; peak memory 1115 MiB.
2026-10-05T09:24:49Z INFO [306/750] 3c06ebf1-a6a6-407e-bce7-96d3ad460290: Sackin index -0.0375; 1.8 s; peak memory 1115 MiB.
2026-10-05T09:24:51Z INFO [307/750] 3c07797c-f5a4-42c4-a224-4e7d43544a1c: Sackin index -0.0735; 1.4 s; peak memory 1115 MiB.
2026-10-05T09:24:52Z INFO [308/750] 3c07fb88-2675-4cc4-9f62-e246f7f88a1c: Sackin index -0.2168; 1.0 s; peak memory 1115 MiB.
2026-10-05T09:24:53Z INFO [309/750] 3c080778-35cd-4cc6-be68-8296885b505f: Sackin index -0.1448; 1.1 s; peak memory 1115 MiB.
2026-10-05T09:24:54Z INFO [310/750] 3c08f666-ff56-427c-befa-f1da27dd17f3: Sackin index -0.1191; 1.4 s; peak memory 1115 MiB.
2026-10-05T09:24:56Z INFO [311/750] 3c095623-b2ac-4f64-89bd-b8b6f40bbae5: Sackin index -0.0702; 1.7 s; peak memory 1115 MiB.
2026-10-05T09:27:03Z INFO [312/750] 3c0a0986-5934-4210-bd71-299a05903d6b: Sackin index -0.0434; 127.1 s; peak memory 1115 MiB.
2026-10-05T09:27:05Z INFO [313/750] 3c0a2e09-5b31-49da-9f76-83b30a99e3ae: Sackin index -0.0702; 1.7 s; peak memory 1115 MiB.
2026-10-05T09:27:06Z INFO [314/750] 3c0b15f6-afc0-410e-a75b-d362599bc245: Sackin index -0.0728; 1.8 s; peak memory 1115 MiB.
2026-10-05T09:27:08Z INFO [315/750] 3c0b7b7c-2c11-4caf-a7a1-c61c011c1951: Sackin index -0.0709; 1.7 s; peak memory 1115 MiB.
2026-10-05T09:27:10Z INFO [316/750] 3c0ba448-84a3-496e-91f2-54bdce48c427: Sackin index -0.0375; 1.8 s; peak memory 1115 MiB.
2026-10-05T09:27:11Z INFO [317/750] 3c0ba94f-ad62-4370-bdb2-126a20472cfb: Sackin index -0.1072; 1.2 s; peak memory 1115 MiB.
2026-10-05T09:27:13Z INFO [318/750] 3c0c2cb9-5fc1-4c5a-b500-b8b472bebe55: Sackin index -0.1273; 1.8 s; peak memory 1115 MiB.
2026-10-05T09:27:18Z INFO [319/750] 3c0c70ab-e11c-4e1b-8e3a-2fcbd6c2719c: Sackin index -0.0230; 5.4 s; peak memory 1115 MiB.
2026-10-05T09:29:24Z INFO [320/750] 3c0cc2cf-75c8-4fce-990d-e1034e8bd12f: Sackin index -0.0305; 125.2 s; peak memory 1115 MiB.
2026-10-05T09:29:25Z INFO [321/750] 3c0d00ab-5a29-4117-8fc7-84ad4a0e8299: Sackin index -0.0696; 1.6 s; peak memory 1115 MiB.
2026-10-05T09:29:27Z INFO [322/750] 3c0d3eb3-b245-447a-8efa-a3d4bcc8cdc6: Sackin index -0.0728; 1.8 s; peak memory 1115 MiB.
2026-10-05T09:29:28Z INFO [323/750] 3c0da625-8158-4ce8-b67e-e59fcbbbe2bf: Sackin index -0.1492; 1.3 s; peak memory 1115 MiB.
2026-10-05T09:29:30Z INFO [324/750] 3c0daae6-f895-43fc-a14a-8d8817de4ef2: Sackin index -0.1248; 1.4 s; peak memory 1115 MiB.
2026-10-05T09:29:31Z INFO [325/750] 3c0e1323-e2f7-4cdd-9c18-3ab387109006: Sackin index -0.0382; 1.5 s; peak memory 1115 MiB.
2026-10-05T09:29:33Z INFO [326/750] 3c0e6abf-bfa5-453c-86c4-0e94e11712bf: Sackin index -0.1461; 1.2 s; peak memory 1115 MiB.
2026-10-05T09:29:34Z INFO [327/750] 3c0eae57-8271-4f98-a219-dd8b8b7bcc64: Sackin index -0.0881; 1.6 s; peak memory 1115 MiB.
2026-10-05T09:29:35Z INFO [328/750] 3c0f5f91-58e4-468e-bb9c-733c72928558: Sackin index -0.0816; 1.3 s; peak memory 1115 MiB.
2026-10-05T09:29:37Z INFO [329/750] 3c107e33-6b93-4521-a7ab-7cd83b94f78e: Sackin index -0.1349; 1.3 s; peak memory 1115 MiB.
2026-10-05T09:29:38Z INFO [330/750] 3c10c854-c8ed-4ba9-8a63-0136891ddc28: Sackin index -0.0376; 1.6 s; peak memory 1115 MiB.
2026-10-05T09:29:40Z INFO [331/750] 3c1170d3-abf5-4f10-b22a-e9bda5be8f4f: Sackin index -0.0956; 1.5 s; peak memory 1115 MiB.
2026-10-05T09:29:41Z INFO [332/750] 3c11b478-50fd-47b5-ab0e-28dede26d5f6: Sackin index -0.1349; 1.3 s; peak memory 1115 MiB.
2026-10-05T09:29:45Z INFO [333/750] 3c12b3ef-909e-49e8-a0ec-c53c78ee4994: Sackin index -0.0552; 3.9 s; peak memory 1115 MiB.
2026-10-05T09:29:46Z INFO [334/750] 3c135b66-c9b9-4e72-b719-baed480526d5: Sackin index -0.1248; 1.4 s; peak memory 1115 MiB.
2026-10-05T09:29:53Z INFO [335/750] 3c135c7f-b2b7-4a33-aa9d-4ffc237f3b34: Sackin index -0.0237; 6.6 s; peak memory 1115 MiB.
2026-10-05T09:29:56Z INFO [336/750] 3c151ad4-d30b-426e-a3a7-e32edfbc9bfd: Sackin index -0.0362; 2.7 s; peak memory 1115 MiB.
2026-10-05T09:30:01Z INFO [337/750] 3c15307d-75fd-48c6-9d13-3b6c1d8a15b5: Sackin index -0.0245; 5.2 s; peak memory 1115 MiB.
2026-10-05T09:30:02Z INFO [338/750] 3c159988-efe9-4b67-8127-135fca6464a2: Sackin index -0.1658; 1.2 s; peak memory 1115 MiB.
2026-10-05T09:30:03Z INFO [339/750] 3c159a2d-cef7-4a91-b934-284c72726c99: Sackin index -0.1135; 1.1 s; peak memory 1115 MiB.
2026-10-05T09:30:05Z INFO [340/750] 3c162c87-41f8-42b5-9d4b-e45cf5b0bf10: Sackin index -0.1349; 1.3 s; peak memory 1115 MiB.
2026-10-05T09:30:06Z INFO [341/750] 3c164fc4-b6bc-421c-baa3-d120f5b1082b: Sackin index -0.1062; 1.7 s; peak memory 1115 MiB.
2026-10-05T09:30:08Z INFO [342/750] 3c171234-4055-4e89-b93b-76623331a519: Sackin index -0.0702; 1.4 s; peak memory 1115 MiB.
2026-10-05T09:30:09Z INFO [343/750] 3c172a84-6ce8-4e89-892b-1857f2164007: Sackin index -0.1349; 1.2 s; peak memory 1115 MiB.
2026-10-05T09:30:17Z INFO [344/750] 3c1787b5-d14e-4c3f-b971-ee092e6f1eb2: Sackin index -0.1938; 8.2 s; peak memory 1115 MiB.
2026-10-05T09:30:41Z INFO [345/750] 3c17b9a5-7092-4a71-914a-8c8b0ac03a9e: Sackin index -0.0041; 23.9 s; peak memory 1115 MiB.
2026-10-05T09:30:44Z INFO [346/750] 3c190f07-92a5-4141-b553-52f21d4c0e03: Sackin index -0.0358; 2.4 s; peak memory 1115 MiB.
2026-10-05T09:30:46Z INFO [347/750] 3c1967e7-9fc7-4ea2-b78f-c8e45645fa2a: Sackin index -0.0377; 2.2 s; peak memory 1115 MiB.
2026-10-05T09:30:48Z INFO [348/750] 3c19b490-c281-4a2e-8682-2a75015ac9c3: Sackin index -0.0728; 2.3 s; peak memory 1115 MiB.
2026-10-05T09:31:01Z INFO [349/750] 3c19ebdd-8da5-4bd3-a627-e706a1278164: Sackin index -0.0185; 12.9 s; peak memory 1115 MiB.
2026-10-05T09:31:03Z INFO [350/750] 3c19f8ef-0d31-4551-a39d-bea08d9a17b0: Sackin index -0.1224; 2.5 s; peak memory 1115 MiB.
2026-10-05T09:31:03Z INFO [350/750] 3c19f8ef-0d31-4551-a39d-bea08d9a17b0: checkpointed 75936 records.
2026-10-05T09:31:05Z INFO [351/750] 3c1a5ede-50ed-4226-9606-0b2e2d3f01e2: Sackin index -0.1273; 1.9 s; peak memory 1115 MiB.
2026-10-05T09:31:07Z INFO [352/750] 3c1a5fcb-f242-4971-a373-381534755dd2: Sackin index -0.0745; 2.0 s; peak memory 1115 MiB.
2026-10-05T09:31:09Z INFO [353/750] 3c1ac1cf-3563-4703-8598-6d1b839cd823: Sackin index -0.1349; 1.2 s; peak memory 1115 MiB.
2026-10-05T09:31:10Z INFO [354/750] 3c1addd7-2291-47ce-8001-4e6897b8a5d5: Sackin index -0.0387; 1.5 s; peak memory 1115 MiB.
2026-10-05T09:33:09Z INFO [355/750] 3c1af873-7d44-40b1-9a4b-044a4724b7fa: Sackin index -0.0410; 119.3 s; peak memory 1115 MiB.
2026-10-05T09:33:11Z INFO [356/750] 3c1b0b64-78e9-43f9-91ad-9afd0a0fc483: Sackin index -0.1349; 1.2 s; peak memory 1115 MiB.
2026-10-05T09:33:12Z INFO [357/750] 3c1b6679-b0c5-47b3-ad68-693aaea56b02: Sackin index -0.0696; 1.5 s; peak memory 1115 MiB.
2026-10-05T09:33:15Z INFO [358/750] 3c1b8b37-dea0-4a19-bb4a-5cc7e2385647: Sackin index -0.0699; 2.9 s; peak memory 1115 MiB.
2026-10-05T09:33:18Z INFO [359/750] 3c1bf7c8-ad26-435f-9b8c-77ddab09133c: Sackin index -0.0681; 2.5 s; peak memory 1115 MiB.
2026-10-05T09:33:19Z INFO [360/750] 3c1c2d6e-3a60-4f47-891f-db018111ebb7: Sackin index -0.1349; 1.2 s; peak memory 1115 MiB.
2026-10-05T09:33:20Z INFO [361/750] 3c1c8faf-df78-4606-bf14-c40a411acb75: Sackin index -0.0702; 1.6 s; peak memory 1115 MiB.
2026-10-05T09:33:35Z INFO [362/750] 3c1d256e-e5a0-45f2-9cdc-1f5c44579021: Sackin index -0.0211; 15.0 s; peak memory 1115 MiB.
2026-10-05T09:33:37Z INFO [363/750] 3c1d267e-6032-4f78-b870-ac8a2dd2ca15: Sackin index -0.0702; 1.8 s; peak memory 1115 MiB.
2026-10-05T09:33:38Z INFO [364/750] 3c1d3e98-622c-44fe-a409-61f32c393fb5: Sackin index -0.1658; 0.9 s; peak memory 1115 MiB.
2026-10-05T09:33:39Z INFO [365/750] 3c1dbf85-bfbf-45d5-a6f3-0f26933a545d: Sackin index -0.0702; 1.4 s; peak memory 1115 MiB.
2026-10-05T09:33:41Z INFO [366/750] 3c1dc1b7-a8ee-4e69-90f2-5de368b2c1e9: Sackin index -0.0702; 1.6 s; peak memory 1115 MiB.
2026-10-05T09:33:42Z INFO [367/750] 3c1de184-d787-401e-9d91-48032650f5d8: Sackin index -0.1349; 1.3 s; peak memory 1115 MiB.
2026-10-05T09:33:44Z INFO [368/750] 3c1e119e-b00b-42e1-a208-735171227549: Sackin index -0.0369; 1.7 s; peak memory 1115 MiB.
2026-10-05T09:33:52Z INFO [369/750] 3c1ea2c5-8e96-4798-b30d-2a5a70adcdc2: Sackin index -0.0251; 7.7 s; peak memory 1115 MiB.
2026-10-05T09:33:53Z INFO [370/750] 3c2067f1-6ce3-42e4-b1ae-a7c3902b8235: Sackin index -0.1013; 1.6 s; peak memory 1115 MiB.
2026-10-05T09:34:10Z INFO [371/750] 3c20c6d8-f3f7-480c-a23e-c5418e6b12a8: Sackin index -0.1462; 16.6 s; peak memory 1115 MiB.
2026-10-05T09:34:13Z INFO [372/750] 3c20c740-f151-4a84-b8e6-e7993355d5ec: Sackin index -0.0842; 2.9 s; peak memory 1115 MiB.
2026-10-05T09:34:14Z INFO [373/750] 3c20fa01-6f63-4551-a602-1e13640e7929: Sackin index -0.1349; 1.2 s; peak memory 1115 MiB.
2026-10-05T09:34:16Z INFO [374/750] 3c2130d8-8b82-458b-8d35-abb224552a14: Sackin index -0.0696; 1.5 s; peak memory 1115 MiB.
2026-10-05T09:34:24Z INFO [375/750] 3c221eb3-84a3-40f0-a377-69212ec9c581: Sackin index -0.0940; 7.9 s; peak memory 1115 MiB.
2026-10-05T09:34:26Z INFO [376/750] 3c223f51-5939-47f6-86f8-69ea32ae45cd: Sackin index -0.0745; 2.2 s; peak memory 1115 MiB.
2026-10-05T09:34:28Z INFO [377/750] 3c229c05-8b33-454f-a6c3-912c3ef04cc9: Sackin index -0.1291; 2.0 s; peak memory 1115 MiB.
2026-10-05T09:34:29Z INFO [378/750] 3c237608-a670-480b-ac6a-cb0890e3973a: Sackin index -0.1658; 1.2 s; peak memory 1115 MiB.
2026-10-05T09:34:37Z INFO [379/750] 3c23873e-5e8f-4277-8e21-efdea6925aa2: Sackin index -0.1408; 7.7 s; peak memory 1115 MiB.
2026-10-05T09:34:45Z INFO [380/750] 3c243528-0153-4391-b4b6-a5ca158eda10: Sackin index -0.0940; 7.8 s; peak memory 1115 MiB.
2026-10-05T09:34:46Z INFO [381/750] 3c2498da-f7e5-4e09-b0ec-f8c44ad5cd4b: Sackin index -0.1658; 1.0 s; peak memory 1115 MiB.
2026-10-05T09:34:52Z INFO [382/750] 3c24b3b1-c66c-4bfa-b7c5-eeeab54af013: Sackin index -0.0244; 6.4 s; peak memory 1115 MiB.
2026-10-05T09:34:53Z INFO [383/750] 3c251346-db78-4482-95dc-8b938b00a1ae: Sackin index -0.1349; 1.3 s; peak memory 1115 MiB.
2026-10-05T09:35:06Z INFO [384/750] 3c25360a-e5f5-4849-9f82-b6d162c88afb: Sackin index -0.0391; 12.5 s; peak memory 1115 MiB.
2026-10-05T09:35:08Z INFO [385/750] 3c2545c0-95c6-4584-8907-e94da33775da: Sackin index -0.0275; 2.2 s; peak memory 1115 MiB.
2026-10-05T09:35:12Z INFO [386/750] 3c25ba95-abf6-4589-ad55-b3944d035114: Sackin index -0.1062; 4.2 s; peak memory 1115 MiB.
2026-10-05T09:35:14Z INFO [387/750] 3c26b2c4-4ae1-4a20-ab70-81329c44d97f: Sackin index -0.0702; 1.5 s; peak memory 1115 MiB.
2026-10-05T09:35:15Z INFO [388/750] 3c282627-e448-46e0-b706-d8820eebd010: Sackin index -0.0702; 1.5 s; peak memory 1115 MiB.
2026-10-05T09:35:17Z INFO [389/750] 3c28705a-a3a7-430c-88b6-c11517b9be15: Sackin index -0.1408; 1.7 s; peak memory 1115 MiB.
2026-10-05T09:35:22Z INFO [390/750] 3c28c6b0-c960-4445-9427-8f3e7e713609: Sackin index -0.0635; 5.5 s; peak memory 1115 MiB.
2026-10-05T09:35:24Z INFO [391/750] 3c28dd8e-0440-47a5-acaf-9da2731348c8: Sackin index -0.1013; 1.8 s; peak memory 1115 MiB.
2026-10-05T09:35:37Z INFO [392/750] 3c28f479-1e51-4154-9a66-28ec3fba8f3e: Sackin index -0.0159; 12.6 s; peak memory 1115 MiB.
2026-10-05T09:35:38Z INFO [393/750] 3c29cc5d-dffa-4442-b7eb-9d109c2361e6: Sackin index -0.1349; 1.3 s; peak memory 1115 MiB.
2026-10-05T09:35:40Z INFO [394/750] 3c2ac844-6a4d-4ac3-920f-3f169bace674: Sackin index -0.1000; 1.6 s; peak memory 1115 MiB.
2026-10-05T09:35:41Z INFO [395/750] 3c2ae0e2-2a04-4066-ac64-14ed7c1c3e1b: Sackin index -0.1349; 1.3 s; peak memory 1115 MiB.
2026-10-05T09:35:43Z INFO [396/750] 3c2b5b68-0b70-4239-946f-9d3132fa8f40: Sackin index -0.0745; 1.8 s; peak memory 1115 MiB.
2026-10-05T09:35:44Z INFO [397/750] 3c2c1b6d-5a36-4364-a2e0-8a22dccdb73a: Sackin index -0.0886; 1.5 s; peak memory 1115 MiB.
2026-10-05T09:35:46Z INFO [398/750] 3c2c7521-f889-48e0-89b1-9bea9280ee8c: Sackin index -0.1254; 1.5 s; peak memory 1115 MiB.
2026-10-05T09:35:47Z INFO [399/750] 3c2cd4e9-6609-483e-818e-f790773e4859: Sackin index -0.0728; 1.8 s; peak memory 1115 MiB.
2026-10-05T09:35:50Z INFO [400/750] 3c2db911-61ea-4fb0-88ea-27a4af3d098d: Sackin index -0.0648; 3.0 s; peak memory 1115 MiB.
2026-10-05T09:35:51Z INFO [400/750] 3c2db911-61ea-4fb0-88ea-27a4af3d098d: checkpointed 75986 records.
2026-10-05T09:35:52Z INFO [401/750] 3c2dc5b7-6f87-45f2-9cb0-7aac344c1a8b: Sackin index -0.1349; 1.3 s; peak memory 1115 MiB.
2026-10-05T09:35:59Z INFO [402/750] 3c2e4136-376f-497e-87bb-ab6b374b3ffc: Sackin index -0.0260; 7.2 s; peak memory 1115 MiB.
2026-10-05T09:36:01Z INFO [403/750] 3c2e97ee-be70-4030-8fa3-4a0c97590cda: Sackin index -0.0756; 1.9 s; peak memory 1115 MiB.
2026-10-05T09:37:01Z INFO [404/750] 3c2f22d3-5c7d-4e6d-bed0-0abb3b89833a: Sackin index -0.1144; 60.4 s; peak memory 1115 MiB.
2026-10-05T09:37:08Z INFO [405/750] 3c2fb448-c789-4622-9261-7e95037ec76f: Sackin index -0.0232; 6.1 s; peak memory 1115 MiB.
2026-10-05T09:37:09Z INFO [406/750] 3c2ffb95-ee6c-4ca2-bfd1-ac2fd770cc05: Sackin index -0.0709; 1.5 s; peak memory 1115 MiB.
2026-10-05T09:37:10Z INFO [407/750] 3c3035d7-93fd-4c2a-95cd-bdc690e62355: Sackin index -0.1658; 1.3 s; peak memory 1115 MiB.
2026-10-05T09:37:12Z INFO [408/750] 3c3157bc-0f99-4c85-b1d4-64ee99b79a2a: Sackin index -0.0656; 1.3 s; peak memory 1115 MiB.
2026-10-05T09:37:14Z INFO [409/750] 3c31aceb-a73c-4f95-b9d6-1bbd0640c8b0: Sackin index -0.0276; 2.0 s; peak memory 1115 MiB.
2026-10-05T09:37:20Z INFO [410/750] 3c31f4f6-1347-4792-9b89-403a9f7ff718: Sackin index -0.0383; 6.5 s; peak memory 1115 MiB.
2026-10-05T09:37:21Z INFO [411/750] 3c323553-053c-4ad6-bf43-6073bedc68e9: Sackin index -0.1349; 1.2 s; peak memory 1115 MiB.
2026-10-05T09:37:23Z INFO [412/750] 3c326df3-641d-45a1-9702-04a7c8174503: Sackin index -0.1248; 1.3 s; peak memory 1115 MiB.
2026-10-05T09:37:24Z INFO [413/750] 3c336dbb-77cb-4f27-b080-3e34c9ef36f0: Sackin index -0.0376; 1.6 s; peak memory 1115 MiB.
2026-10-05T09:37:26Z INFO [414/750] 3c33a4ec-0c1d-4787-9cfd-0ab13190db00: Sackin index -0.1349; 1.4 s; peak memory 1115 MiB.
2026-10-05T09:37:28Z INFO [415/750] 3c343ce5-1022-4698-8a8e-0ced75641170: Sackin index -0.0728; 2.3 s; peak memory 1115 MiB.
2026-10-05T09:37:30Z INFO [416/750] 3c347ccb-cb7a-4a24-a4e7-acb949f8a84b: Sackin index -0.0376; 1.7 s; peak memory 1115 MiB.
2026-10-05T09:37:32Z INFO [417/750] 3c34e2b8-3d2f-40fb-918b-aeb395b29ac7: Sackin index -0.0728; 1.9 s; peak memory 1115 MiB.
2026-10-05T09:37:33Z INFO [418/750] 3c351f73-7ff7-4543-9c8f-d37e8f5b994e: Sackin index -0.1349; 1.2 s; peak memory 1115 MiB.
2026-10-05T09:37:37Z INFO [419/750] 3c364ef9-8cba-4920-a412-1ecbb434e33d: Sackin index -0.1599; 3.8 s; peak memory 1115 MiB.
2026-10-05T09:37:38Z INFO [420/750] 3c36e015-a3e9-4a54-8984-8e2288c3728e: Sackin index -0.1349; 1.4 s; peak memory 1115 MiB.
2026-10-05T09:37:39Z INFO [421/750] 3c372c03-20be-4976-a15f-3ab9322b72e8: Sackin index -0.1349; 1.3 s; peak memory 1115 MiB.
2026-10-05T09:37:41Z INFO [422/750] 3c37c060-ca60-45ef-9ce3-1950bc701fdb: Sackin index -0.0752; 1.9 s; peak memory 1115 MiB.
2026-10-05T09:37:42Z INFO [423/750] 3c37ed35-0a33-4179-b3a6-2a1b3aacc2fa: Sackin index -0.0702; 1.5 s; peak memory 1115 MiB.
2026-10-05T09:37:44Z INFO [424/750] 3c3933ba-c0be-4d90-882a-562238685ab4: Sackin index -0.1165; 1.2 s; peak memory 1115 MiB.
2026-10-05T09:37:45Z INFO [425/750] 3c39b6b7-d761-47e6-a0d8-99ea97245424: Sackin index -0.1658; 1.0 s; peak memory 1115 MiB.
2026-10-05T09:37:46Z INFO [426/750] 3c39c7d9-e5bb-4fa0-8047-defa3e67404b: Sackin index -0.0702; 1.8 s; peak memory 1115 MiB.
2026-10-05T09:37:48Z INFO [427/750] 3c39dea3-a17f-463e-8f92-adf506cf58aa: Sackin index -0.1178; 1.0 s; peak memory 1115 MiB.
2026-10-05T09:37:49Z INFO [428/750] 3c3a062d-eba2-4bae-99b9-f399ccbb6640: Sackin index -0.1448; 1.0 s; peak memory 1115 MiB.
2026-10-05T09:37:50Z INFO [429/750] 3c3a5245-98f8-42b6-a82f-e2848ba753dd: Sackin index -0.1248; 1.4 s; peak memory 1115 MiB.
2026-10-05T09:37:54Z INFO [430/750] 3c3a78ca-6527-480b-967e-a8fee287afc0: Sackin index -0.0462; 4.6 s; peak memory 1115 MiB.
2026-10-05T09:37:57Z INFO [431/750] 3c3ab0f9-833a-4991-9b35-c5957ce7d178: Sackin index -0.1938; 2.7 s; peak memory 1115 MiB.
2026-10-05T09:37:58Z INFO [432/750] 3c3d2ec5-8ee5-4219-ae90-33efc195f8b7: Sackin index -0.1135; 1.0 s; peak memory 1115 MiB.
2026-10-05T09:40:18Z INFO [433/750] 3c3ed927-9145-470d-b171-35f1a873b67e: Sackin index -0.0573; 139.3 s; peak memory 1115 MiB.
2026-10-05T09:40:20Z INFO [434/750] 3c3edc1a-6909-459d-bf5f-fb97324b0fb9: Sackin index -0.0728; 2.1 s; peak memory 1115 MiB.
2026-10-05T09:40:21Z INFO [435/750] 3c3f1599-a7cc-4257-8a59-0e8894f3fe79: Sackin index -0.1349; 1.2 s; peak memory 1115 MiB.
2026-10-05T09:40:23Z INFO [436/750] 3c3f3fe0-8531-4673-8e2d-d41da2e5bcdb: Sackin index -0.0728; 1.9 s; peak memory 1115 MiB.
2026-10-05T09:40:24Z INFO [437/750] 3c3feedf-b2e2-413c-9337-df8b6e7e26f4: Sackin index -0.0728; 1.8 s; peak memory 1115 MiB.
2026-10-05T09:40:28Z INFO [438/750] 3c409ebe-e24a-4d33-9e4e-10a9334d449b: Sackin index -0.0660; 3.6 s; peak memory 1115 MiB.
2026-10-05T09:40:30Z INFO [439/750] 3c417b6d-1763-461a-9fad-92dcb4c3b896: Sackin index -0.0457; 1.9 s; peak memory 1115 MiB.
2026-10-05T09:40:52Z INFO [440/750] 3c42055a-d30a-4310-b664-13d42386bac6: Sackin index -0.1367; 21.7 s; peak memory 1115 MiB.
2026-10-05T09:40:55Z INFO [441/750] 3c435bfa-235e-4736-8ae4-6a7906cc94b8: Sackin index -0.0704; 2.9 s; peak memory 1115 MiB.
2026-10-05T09:40:56Z INFO [442/750] 3c449be7-c481-4a88-94b4-80b5e6f0e801: Sackin index -0.1448; 1.0 s; peak memory 1115 MiB.
2026-10-05T09:40:57Z INFO [443/750] 3c44aece-4038-4d55-aafb-cd3e5123570b: Sackin index -0.1349; 1.2 s; peak memory 1115 MiB.
2026-10-05T09:40:58Z INFO [444/750] 3c4549e0-9c51-4ec5-a33c-edcb2eaea3de: Sackin index -0.1349; 1.3 s; peak memory 1115 MiB.
2026-10-05T09:41:00Z INFO [445/750] 3c455908-7a21-4302-8011-adcd87e0b87a: Sackin index -0.0275; 2.0 s; peak memory 1115 MiB.
2026-10-05T09:41:05Z INFO [446/750] 3c456fb2-8d4e-4f99-b82f-fb73c83d061b: Sackin index -0.0328; 4.6 s; peak memory 1115 MiB.
2026-10-05T09:41:07Z INFO [447/750] 3c45b613-08dd-4c0a-825e-613ed38e3b75: Sackin index -0.0272; 2.6 s; peak memory 1115 MiB.
2026-10-05T09:41:08Z INFO [448/750] 3c473c4f-770b-4cc8-bcdd-a6a9ee1a5648: Sackin index -0.1349; 1.2 s; peak memory 1115 MiB.
2026-10-05T09:41:10Z INFO [449/750] 3c4771be-20fa-47c7-b298-fd20ff9355d0: Sackin index -0.1349; 1.2 s; peak memory 1115 MiB.
2026-10-05T09:41:11Z INFO [450/750] 3c48361e-e400-430d-8267-84428652ddc1: Sackin index -0.1658; 1.0 s; peak memory 1115 MiB.
2026-10-05T09:41:11Z INFO [450/750] 3c48361e-e400-430d-8267-84428652ddc1: checkpointed 76036 records.
2026-10-05T09:41:12Z INFO [451/750] 3c49b95f-3214-464b-996f-1095c0519740: Sackin index -0.0745; 1.6 s; peak memory 1115 MiB.
2026-10-05T09:41:18Z INFO [452/750] 3c4ae524-4f29-4f0e-96ab-24a77194a98d: Sackin index -0.0635; 5.5 s; peak memory 1115 MiB.
2026-10-05T09:41:19Z INFO [453/750] 3c4aeb27-b11e-41a2-a7bb-98d946f3aa44: Sackin index -0.0735; 1.6 s; peak memory 1115 MiB.
2026-10-05T09:41:21Z INFO [454/750] 3c4bc077-9cac-45cb-aba0-167533a8f2b7: Sackin index -0.1349; 1.2 s; peak memory 1115 MiB.
2026-10-05T09:41:22Z INFO [455/750] 3c4cf0d5-bfcd-4565-abd9-75d4a40c914f: Sackin index -0.1938; 1.1 s; peak memory 1115 MiB.
2026-10-05T09:41:25Z INFO [456/750] 3c4dd309-c5ea-4da3-8d5c-28e8f2aa9d61: Sackin index -0.0699; 3.0 s; peak memory 1115 MiB.
2026-10-05T09:41:26Z INFO [457/750] 3c4e2152-649b-4ce4-b992-62a09df3c982: Sackin index -0.0748; 1.4 s; peak memory 1115 MiB.
2026-10-05T09:41:28Z INFO [458/750] 3c4e2da2-88d5-4eb8-abba-ce63c6c63066: Sackin index -0.1248; 1.4 s; peak memory 1115 MiB.
2026-10-05T09:41:29Z INFO [459/750] 3c4eb7e1-2fc7-4a99-9707-20d67d278a61: Sackin index -0.1191; 1.5 s; peak memory 1115 MiB.
2026-10-05T09:41:31Z INFO [460/750] 3c4ee6e4-c0c5-4fc7-a1c6-c6e8e43bce1b: Sackin index -0.1273; 1.8 s; peak memory 1115 MiB.
2026-10-05T09:41:33Z INFO [461/750] 3c4f3d27-b442-44b2-8a23-2081d063b358: Sackin index -0.0696; 1.7 s; peak memory 1115 MiB.
2026-10-05T09:41:34Z INFO [462/750] 3c4fec10-7a5d-4cdc-881f-3298457e0d63: Sackin index -0.1349; 1.2 s; peak memory 1115 MiB.
2026-10-05T09:41:35Z INFO [463/750] 3c5016fd-5275-4b0e-8f17-da8cb6aa7555: Sackin index -0.0811; 1.4 s; peak memory 1115 MiB.
2026-10-05T09:41:37Z INFO [464/750] 3c503696-dade-4fb5-833c-1f5758322127: Sackin index -0.0728; 1.7 s; peak memory 1115 MiB.
2026-10-05T09:41:40Z INFO [465/750] 3c50b029-db9d-406c-b01e-dbced248dad0: Sackin index -0.0660; 3.4 s; peak memory 1115 MiB.
2026-10-05T09:41:42Z INFO [466/750] 3c50fe86-d7a2-4bd9-93ee-8a3727b1d96f: Sackin index -0.1349; 1.2 s; peak memory 1115 MiB.
2026-10-05T09:41:43Z INFO [467/750] 3c51722a-3e4b-4ee0-bfa5-0a287af990ab: Sackin index -0.1448; 1.1 s; peak memory 1115 MiB.
2026-10-05T09:41:44Z INFO [468/750] 3c51f492-0b9b-4db6-8782-280967191e18: Sackin index -0.0709; 1.6 s; peak memory 1115 MiB.
2026-10-05T09:41:46Z INFO [469/750] 3c5246f1-9709-4ce4-835e-f94515b4b4bb: Sackin index -0.0881; 1.7 s; peak memory 1115 MiB.
2026-10-05T09:41:47Z INFO [470/750] 3c529d2e-5f80-445d-9409-6d5eb68b07b7: Sackin index -0.1349; 1.3 s; peak memory 1115 MiB.
2026-10-05T09:41:48Z INFO [471/750] 3c5380be-2b16-44e6-a839-fc453313c1a0: Sackin index -0.2168; 1.0 s; peak memory 1115 MiB.
2026-10-05T09:41:53Z INFO [472/750] 3c53f70e-1789-41d7-8c01-15188995e301: Sackin index -0.0539; 4.5 s; peak memory 1115 MiB.
2026-10-05T09:41:54Z INFO [473/750] 3c545d00-178b-4eaa-b84b-69f4a2230db0: Sackin index -0.1000; 1.4 s; peak memory 1115 MiB.
2026-10-05T09:41:56Z INFO [474/750] 3c571f09-674a-41a5-8fc7-3673d728d2a9: Sackin index -0.1349; 1.3 s; peak memory 1115 MiB.
2026-10-05T09:41:57Z INFO [475/750] 3c57678f-564d-4856-a56b-d3c53561d06a: Sackin index -0.0702; 1.5 s; peak memory 1115 MiB.
2026-10-05T09:41:59Z INFO [476/750] 3c57ac3f-b30e-4e5b-859a-09e25b16d1b8: Sackin index -0.0696; 1.7 s; peak memory 1115 MiB.
2026-10-05T09:42:09Z INFO [477/750] 3c57ce19-f241-49f5-a8a6-c2dda6e64fd6: Sackin index -0.0341; 10.1 s; peak memory 1115 MiB.
2026-10-05T09:42:16Z INFO [478/750] 3c57ee64-c587-4587-b11c-c255236e1e19: Sackin index -0.0221; 6.8 s; peak memory 1115 MiB.
2026-10-05T09:42:32Z INFO [479/750] 3c57f49c-1e6b-407b-baff-07ccaad8e554: Sackin index -0.0150; 15.8 s; peak memory 1115 MiB.
2026-10-05T09:42:33Z INFO [480/750] 3c587d4e-f378-45b5-8c42-1afa5e5485ab: Sackin index -0.0696; 1.5 s; peak memory 1115 MiB.
2026-10-05T09:42:35Z INFO [481/750] 3c58887a-301d-4f85-83cb-4ceb0a19a4b8: Sackin index -0.1033; 1.5 s; peak memory 1115 MiB.
2026-10-05T09:42:36Z INFO [482/750] 3c5a730f-41f5-40d9-91d8-ba99adf8837b: Sackin index -0.1046; 1.5 s; peak memory 1115 MiB.
2026-10-05T09:42:38Z INFO [483/750] 3c5a8f82-8084-4b0d-a0fa-cbdc0f4ce8ce: Sackin index -0.0728; 1.9 s; peak memory 1115 MiB.
2026-10-05T09:42:40Z INFO [484/750] 3c5acfb5-8979-4110-92b7-25e35c1ed6da: Sackin index -0.0376; 1.6 s; peak memory 1115 MiB.
2026-10-05T09:42:42Z INFO [485/750] 3c5aeee9-431d-4d2c-9156-8540e9567c82: Sackin index -0.0886; 2.2 s; peak memory 1115 MiB.
2026-10-05T09:42:49Z INFO [486/750] 3c5bce48-2427-4920-b107-1d0ff6cccc98: Sackin index -0.0265; 7.3 s; peak memory 1115 MiB.
2026-10-05T09:42:51Z INFO [487/750] 3c5d280a-6926-4fc5-97d2-24a787503eaa: Sackin index -0.0709; 1.7 s; peak memory 1115 MiB.
2026-10-05T09:42:59Z INFO [488/750] 3c5e9cb4-c7e8-4ee8-8c14-3e8cae35979a: Sackin index -0.0251; 7.7 s; peak memory 1115 MiB.
2026-10-05T09:43:01Z INFO [489/750] 3c5ee405-3aa3-4586-9d97-0aac4e03c271: Sackin index -0.0676; 2.8 s; peak memory 1115 MiB.
2026-10-05T09:43:03Z INFO [490/750] 3c5f0e8d-9f81-4748-aac5-b4fd5d0eb9cb: Sackin index -0.0696; 1.7 s; peak memory 1115 MiB.
2026-10-05T09:43:04Z INFO [491/750] 3c5fd317-b06f-4f2f-b02d-9925232179bf: Sackin index -0.0702; 1.4 s; peak memory 1115 MiB.
2026-10-05T09:43:06Z INFO [492/750] 3c5ffe62-722e-4f13-8118-d1f3850c4a2f: Sackin index -0.1248; 1.4 s; peak memory 1115 MiB.
2026-10-05T09:43:07Z INFO [493/750] 3c6041aa-72f0-4ca7-9896-e01c016a30c5: Sackin index -0.1349; 1.3 s; peak memory 1115 MiB.
2026-10-05T09:43:09Z INFO [494/750] 3c607761-32a7-42e1-b3a4-1f9d9b0989c0: Sackin index -0.0735; 1.6 s; peak memory 1115 MiB.
2026-10-05T09:43:10Z INFO [495/750] 3c60c73d-ae6e-4811-9234-35e36a69af2e: Sackin index -0.1349; 1.4 s; peak memory 1115 MiB.
2026-10-05T09:50:44Z INFO [496/750] 3c626b0e-6db5-42a2-9213-7c89d6883f81: Sackin index -0.0100; 454.3 s; peak memory 1115 MiB.
2026-10-05T09:50:51Z INFO [497/750] 3c627317-5ba4-400b-a184-147130a2c48a: Sackin index -0.0251; 6.5 s; peak memory 1115 MiB.
2026-10-05T09:50:52Z INFO [498/750] 3c62c84e-d27e-44cf-86f2-e01cba210eda: Sackin index -0.1349; 1.3 s; peak memory 1115 MiB.
2026-10-05T09:50:59Z INFO [499/750] 3c63c708-427a-4dab-9589-2928940e356c: Sackin index -0.1562; 6.8 s; peak memory 1115 MiB.
2026-10-05T09:51:01Z INFO [500/750] 3c659196-ca3f-45ce-a015-aaa2dcdb88a8: Sackin index -0.0702; 1.6 s; peak memory 1115 MiB.
2026-10-05T09:51:01Z INFO [500/750] 3c659196-ca3f-45ce-a015-aaa2dcdb88a8: checkpointed 76086 records.
2026-10-05T09:51:03Z INFO [501/750] 3c66d099-eae7-4c73-a7fe-b97d37daf258: Sackin index -0.0569; 1.7 s; peak memory 1115 MiB.
2026-10-05T09:51:10Z INFO [502/750] 3c675607-75f7-48c2-bd50-347b95c4182b: Sackin index -0.0234; 7.7 s; peak memory 1115 MiB.
2026-10-05T09:51:13Z INFO [503/750] 3c67f2dc-19ca-4372-8c39-f804b0b0a8ab: Sackin index -0.0676; 3.1 s; peak memory 1115 MiB.
2026-10-05T09:51:15Z INFO [504/750] 3c68852a-9e39-4a16-9744-97835e966925: Sackin index -0.1233; 2.0 s; peak memory 1115 MiB.
2026-10-05T09:51:16Z INFO [505/750] 3c698627-42ff-470e-9fe6-08e37a251d72: Sackin index -0.1303; 1.0 s; peak memory 1115 MiB.
2026-10-05T09:51:19Z INFO [506/750] 3c69d4bf-7339-415d-86d2-9af70f2d52ad: Sackin index -0.0231; 2.7 s; peak memory 1115 MiB.
2026-10-05T09:51:21Z INFO [507/750] 3c6a0f88-a547-4432-8c89-cd3236d98cbe: Sackin index -0.0696; 1.7 s; peak memory 1115 MiB.
2026-10-05T09:51:23Z INFO [508/750] 3c6b8266-4161-48d1-9750-52c36770a781: Sackin index -0.0434; 1.9 s; peak memory 1115 MiB.
2026-10-05T09:51:24Z INFO [509/750] 3c6bbbd8-46a8-41de-b012-33f8dcb08286: Sackin index -0.0696; 1.8 s; peak memory 1115 MiB.
2026-10-05T09:51:33Z INFO [510/750] 3c6bc4a4-68cb-4cc9-acfd-94517036c26e: Sackin index -0.0940; 8.1 s; peak memory 1115 MiB.
2026-10-05T09:51:34Z INFO [511/750] 3c6bcdb7-6da1-4d4d-ab16-4b4f35fa84e0: Sackin index -0.1429; 1.2 s; peak memory 1115 MiB.
2026-10-05T09:51:35Z INFO [512/750] 3c6d881e-b667-48f3-8c9e-50203ac06e90: Sackin index -0.0991; 1.5 s; peak memory 1115 MiB.
2026-10-05T09:51:37Z INFO [513/750] 3c6e0528-2347-41d0-a53e-b7d2281de59e: Sackin index -0.1269; 1.8 s; peak memory 1115 MiB.
2026-10-05T09:51:39Z INFO [514/750] 3c6e8a6f-d5df-416c-b361-8caa0a23275f: Sackin index -0.1000; 1.6 s; peak memory 1115 MiB.
2026-10-05T09:51:42Z INFO [515/750] 3c7009c5-0c3f-458a-9ffd-6e75a07e1ca8: Sackin index -0.0494; 3.3 s; peak memory 1115 MiB.
2026-10-05T09:51:43Z INFO [516/750] 3c700af3-0167-42dc-8229-6a3f2f964bfa: Sackin index -0.1267; 1.1 s; peak memory 1115 MiB.
2026-10-05T09:51:44Z INFO [517/750] 3c70ea24-06d4-4a6f-a50b-6f029dc4e36b: Sackin index -0.1349; 1.1 s; peak memory 1115 MiB.
2026-10-05T09:51:50Z INFO [518/750] 3c70f765-612d-46e3-8e58-219e7dbf5856: Sackin index -0.1599; 6.2 s; peak memory 1115 MiB.
2026-10-05T09:51:54Z INFO [519/750] 3c7118fc-2512-4d17-b1a3-57d64f98fdb1: Sackin index -0.1938; 3.1 s; peak memory 1115 MiB.
2026-10-05T09:51:55Z INFO [520/750] 3c7131cd-b4e8-41d9-9070-300c53763718: Sackin index -0.1135; 1.1 s; peak memory 1115 MiB.
2026-10-05T09:52:00Z INFO [521/750] 3c713728-c2c3-46f3-a7c8-b957397265af: Sackin index -0.0403; 5.5 s; peak memory 1115 MiB.
2026-10-05T09:52:03Z INFO [522/750] 3c7172c8-f532-443b-bb2f-051484099c44: Sackin index -0.0576; 2.5 s; peak memory 1115 MiB.
2026-10-05T09:52:04Z INFO [523/750] 3c71e924-3284-4388-a508-5c40a20c140f: Sackin index -0.0696; 1.4 s; peak memory 1115 MiB.
2026-10-05T09:52:44Z INFO [524/750] 3c724502-fa7f-4376-9ad3-e92bf43b56d7: Sackin index -0.0023; 39.9 s; peak memory 1115 MiB.
2026-10-05T09:52:45Z INFO [525/750] 3c7307c4-2c0f-4265-96e3-b565e06546c5: Sackin index -0.1248; 1.4 s; peak memory 1115 MiB.
2026-10-05T09:52:47Z INFO [526/750] 3c73b364-ca8e-407a-998a-55f1e85e948e: Sackin index -0.0709; 1.5 s; peak memory 1115 MiB.
2026-10-05T09:52:48Z INFO [527/750] 3c748f77-2136-480a-9e96-d55b57c50dfd: Sackin index -0.1349; 1.3 s; peak memory 1115 MiB.
2026-10-05T09:53:05Z INFO [528/750] 3c749b96-2ca5-4aeb-8c52-267f5fb23baf: Sackin index -0.0235; 17.2 s; peak memory 1115 MiB.
2026-10-05T09:53:07Z INFO [529/750] 3c74a822-9c26-4066-b716-b779ebceca8e: Sackin index -0.0745; 1.8 s; peak memory 1115 MiB.
2026-10-05T09:53:09Z INFO [530/750] 3c74caff-9262-4382-a10b-9e75b126518d: Sackin index -0.0375; 2.0 s; peak memory 1115 MiB.
2026-10-05T09:53:10Z INFO [531/750] 3c74cdda-7072-4f82-b95e-6d97e7c0fca5: Sackin index -0.1349; 1.3 s; peak memory 1115 MiB.
2026-10-05T09:54:28Z INFO [532/750] 3c762672-5f5c-4dff-93d4-a918386f6aa9: Sackin index -0.0744; 77.4 s; peak memory 1115 MiB.
2026-10-05T09:54:29Z INFO [533/750] 3c767816-678c-4344-a4c9-c32a104084e9: Sackin index -0.1658; 1.0 s; peak memory 1115 MiB.
2026-10-05T09:54:30Z INFO [534/750] 3c76cc62-182e-4c5d-8e37-b749d48a201d: Sackin index -0.1331; 1.2 s; peak memory 1115 MiB.
2026-10-05T09:54:32Z INFO [535/750] 3c7701b3-10ec-4677-be94-a28bae1aa94d: Sackin index -0.0728; 1.7 s; peak memory 1115 MiB.
2026-10-05T09:54:33Z INFO [536/750] 3c772a1d-30d1-40f3-89ef-fe36c9c9e2e2: Sackin index -0.1349; 1.3 s; peak memory 1115 MiB.
2026-10-05T09:54:35Z INFO [537/750] 3c777061-be23-4da6-8def-a8c097fcb354: Sackin index -0.0369; 2.1 s; peak memory 1115 MiB.
2026-10-05T09:54:37Z INFO [538/750] 3c77a379-f16f-4b27-838a-264abf47cc45: Sackin index -0.0376; 1.9 s; peak memory 1115 MiB.
2026-10-05T09:54:39Z INFO [539/750] 3c78d453-2de4-425a-ae60-bb1aacc4fb8b: Sackin index -0.0732; 1.9 s; peak memory 1115 MiB.
2026-10-05T09:54:40Z INFO [540/750] 3c78fe0c-9fb9-4347-9c22-6146581ef744: Sackin index -0.0702; 1.6 s; peak memory 1115 MiB.
2026-10-05T09:54:42Z INFO [541/750] 3c794018-6983-427f-ae56-c689085f9c62: Sackin index -0.0702; 1.6 s; peak memory 1115 MiB.
2026-10-05T09:54:45Z INFO [542/750] 3c7a7658-919a-46b9-98f0-f6667a12a4aa: Sackin index -0.0699; 2.8 s; peak memory 1115 MiB.
2026-10-05T09:54:46Z INFO [543/750] 3c7ae0fb-fcb2-4b32-9f28-68ae361d8f54: Sackin index -0.1448; 1.0 s; peak memory 1115 MiB.
2026-10-05T09:54:48Z INFO [544/750] 3c7b8c78-1a84-4e0e-b27a-cb17c6e165a4: Sackin index -0.0735; 2.3 s; peak memory 1115 MiB.
2026-10-05T09:54:49Z INFO [545/750] 3c7c41fe-7538-4ad6-838d-bd8dc1d11fe2: Sackin index -0.1658; 1.1 s; peak memory 1115 MiB.
2026-10-05T09:54:54Z INFO [546/750] 3c7cd0c2-d292-4c32-8197-da44f5dc69ed: Sackin index -0.1062; 4.8 s; peak memory 1115 MiB.
2026-10-05T09:54:55Z INFO [547/750] 3c7d25f1-a833-4761-ae90-728f3df97219: Sackin index -0.1349; 1.3 s; peak memory 1115 MiB.
2026-10-05T09:54:57Z INFO [548/750] 3c7d453e-ff66-4edb-b671-fe2d07d75e15: Sackin index -0.1349; 1.2 s; peak memory 1115 MiB.
2026-10-05T09:54:58Z INFO [549/750] 3c7d5fcf-fb2a-4a6a-bc3d-c323903c494e: Sackin index -0.0696; 1.4 s; peak memory 1115 MiB.
2026-10-05T09:55:08Z INFO [550/750] 3c8141d8-5589-484e-a382-6c565745c18a: Sackin index -0.0222; 10.1 s; peak memory 1115 MiB.
2026-10-05T09:55:08Z INFO [550/750] 3c8141d8-5589-484e-a382-6c565745c18a: checkpointed 76136 records.
2026-10-05T09:55:11Z INFO [551/750] 3c8153c0-4910-4407-a404-364181a02ebf: Sackin index -0.0728; 2.8 s; peak memory 1115 MiB.
2026-10-05T09:55:17Z INFO [552/750] 3c82a29c-27c7-4ca8-a4b1-ff8083b74cc8: Sackin index -0.0251; 6.3 s; peak memory 1115 MiB.
2026-10-05T09:55:21Z INFO [553/750] 3c83a530-8a6c-45b8-90f2-3147ce6ee1ce: Sackin index -0.0704; 3.3 s; peak memory 1115 MiB.
2026-10-05T09:55:22Z INFO [554/750] 3c84b25b-0737-4a75-81d6-89c2b9f3bb0e: Sackin index -0.1658; 1.0 s; peak memory 1115 MiB.
2026-10-05T09:55:23Z INFO [555/750] 3c85211f-90c3-465a-8d18-4eb261da4ed8: Sackin index -0.2000; 1.1 s; peak memory 1115 MiB.
2026-10-05T09:55:24Z INFO [556/750] 3c855715-a171-4afe-98bd-a0ac85390266: Sackin index -0.0390; 1.4 s; peak memory 1115 MiB.
2026-10-05T09:55:25Z INFO [557/750] 3c859628-9465-414b-bfbb-3e0f95d002af: Sackin index -0.1349; 1.3 s; peak memory 1115 MiB.
2026-10-05T09:55:32Z INFO [558/750] 3c85a696-defc-41ac-a573-8efcbdca50e3: Sackin index -0.0251; 6.7 s; peak memory 1115 MiB.
2026-10-05T09:55:35Z INFO [559/750] 3c85d2e9-4d90-41bd-8612-8ddca7e910eb: Sackin index -0.0908; 2.8 s; peak memory 1115 MiB.
2026-10-05T09:55:36Z INFO [560/750] 3c866661-ce84-48de-9913-b07085b1e29b: Sackin index -0.1349; 1.2 s; peak memory 1115 MiB.
2026-10-05T09:57:38Z INFO [561/750] 3c86ce95-35ec-43f9-b607-fd1efff360f8: Sackin index -0.0456; 121.8 s; peak memory 1115 MiB.
2026-10-05T09:57:40Z INFO [562/750] 3c86d59b-802f-471a-8a06-5fdfd19f6544: Sackin index -0.0702; 1.6 s; peak memory 1115 MiB.
2026-10-05T09:57:40Z INFO [563/750] 3c870a41-b6b9-4a09-9124-97d1048f973f: Sackin index -0.1658; 1.0 s; peak memory 1115 MiB.
2026-10-05T09:57:47Z INFO [564/750] 3c87b851-4011-4cfa-a670-38f72fbb5fe9: Sackin index -0.0438; 6.7 s; peak memory 1115 MiB.
2026-10-05T09:57:49Z INFO [565/750] 3c87c23e-bbd5-4141-907d-33d2859e721c: Sackin index -0.0728; 1.7 s; peak memory 1115 MiB.
2026-10-05T09:57:50Z INFO [566/750] 3c87c29f-a907-456c-ac2c-17ea6c3a8dc6: Sackin index -0.1349; 1.3 s; peak memory 1115 MiB.
2026-10-05T09:57:51Z INFO [567/750] 3c88140b-2ac4-4b6e-bc3b-df3a287edc64: Sackin index -0.1349; 1.2 s; peak memory 1115 MiB.
2026-10-05T10:00:00Z INFO [568/750] 3c886963-8ef1-45b1-87cb-0305e17e6e6b: Sackin index -0.0260; 128.8 s; peak memory 1115 MiB.
2026-10-05T10:00:01Z INFO [569/750] 3c89d596-fe20-4aa8-af99-f590b38bec9b: Sackin index -0.1161; 1.1 s; peak memory 1115 MiB.
2026-10-05T10:00:24Z INFO [570/750] 3c8a22a8-16d3-4bd8-bb40-02a9dc48badc: Sackin index -0.1367; 22.7 s; peak memory 1115 MiB.
2026-10-05T10:01:14Z INFO [571/750] 3c8a3f7b-97b6-401e-b9a9-9a44013098bf: Sackin index -0.1144; 50.3 s; peak memory 1115 MiB.
2026-10-05T10:01:23Z INFO [572/750] 3c8be292-6c50-4124-b877-0ac539f6541d: Sackin index -0.0243; 8.6 s; peak memory 1115 MiB.
2026-10-05T10:01:24Z INFO [573/750] 3c8be7a3-9f39-4fa5-8737-711d3a62b135: Sackin index -0.1602; 1.2 s; peak memory 1115 MiB.
2026-10-05T10:01:25Z INFO [574/750] 3c8c368c-2ad7-4ad9-b686-0d639211f38c: Sackin index -0.1349; 1.3 s; peak memory 1115 MiB.
2026-10-05T10:01:27Z INFO [575/750] 3c8ce03d-b3b2-48a4-9157-d2e2cf614af4: Sackin index -0.0379; 1.7 s; peak memory 1115 MiB.
2026-10-05T10:01:28Z INFO [576/750] 3c8d0a37-ca63-4b5b-a209-0f5e80411bbf: Sackin index -0.1349; 1.3 s; peak memory 1115 MiB.
2026-10-05T10:01:32Z INFO [577/750] 3c8d4f04-b6eb-44f1-8729-2a3d58ab4224: Sackin index -0.0507; 3.6 s; peak memory 1115 MiB.
2026-10-05T10:01:34Z INFO [578/750] 3c8d75a7-551e-47ce-ae84-34e07529a94e: Sackin index -0.0376; 1.7 s; peak memory 1115 MiB.
2026-10-05T10:01:35Z INFO [579/750] 3c8dcfed-b34a-4f38-9831-ab25be6f8755: Sackin index -0.1349; 1.2 s; peak memory 1115 MiB.
2026-10-05T10:01:36Z INFO [580/750] 3c8e522c-37b6-4e64-b79d-32a932f5a5d4: Sackin index -0.1349; 1.2 s; peak memory 1115 MiB.
2026-10-05T10:01:38Z INFO [581/750] 3c8ec189-e76d-4219-a620-c61e930322f5: Sackin index -0.1349; 1.4 s; peak memory 1115 MiB.
2026-10-05T10:01:40Z INFO [582/750] 3c8ed390-5fff-4eda-8179-e1fd33706d41: Sackin index -0.1160; 2.3 s; peak memory 1115 MiB.
2026-10-05T10:01:46Z INFO [583/750] 3c8f6aff-519e-403d-b4ac-02a2c0fd2703: Sackin index -0.0403; 6.3 s; peak memory 1115 MiB.
2026-10-05T10:01:48Z INFO [584/750] 3c8f9aff-ab7d-414d-a7ca-abeda52a4d62: Sackin index -0.0702; 1.5 s; peak memory 1115 MiB.
2026-10-05T10:01:51Z INFO [585/750] 3c8fc748-da70-4a53-a792-ca5467cd48d6: Sackin index -0.0681; 3.2 s; peak memory 1115 MiB.
2026-10-05T10:01:52Z INFO [586/750] 3c902cb3-a51d-4cfd-9616-56455d338094: Sackin index -0.1349; 1.2 s; peak memory 1115 MiB.
2026-10-05T10:01:55Z INFO [587/750] 3c90e3f4-11a1-48a9-b56f-d479864379ec: Sackin index -0.0824; 2.6 s; peak memory 1115 MiB.
2026-10-05T10:01:57Z INFO [588/750] 3c912e9c-7fdd-4bbb-a073-227c1378de26: Sackin index -0.0728; 2.6 s; peak memory 1115 MiB.
2026-10-05T10:02:03Z INFO [589/750] 3c91818a-7a75-4e98-9f0a-6bd4eb5c256d: Sackin index -0.0403; 5.9 s; peak memory 1115 MiB.
2026-10-05T10:02:05Z INFO [590/750] 3c924987-09d4-4c00-86c3-4b629761a3a3: Sackin index -0.1349; 1.3 s; peak memory 1115 MiB.
2026-10-05T10:02:06Z INFO [591/750] 3c92c5b5-a0ca-488e-8770-cbff6e2b5d1b: Sackin index -0.0728; 1.3 s; peak memory 1115 MiB.
2026-10-05T10:02:07Z INFO [592/750] 3c9334f2-ec92-4461-9b21-c7caaf5e19fb: Sackin index -0.1349; 1.3 s; peak memory 1115 MiB.
2026-10-05T10:02:08Z INFO [593/750] 3c93e19b-bf4e-4905-a81b-faeb04e6089e: Sackin index -0.1175; 1.1 s; peak memory 1115 MiB.
2026-10-05T10:02:13Z INFO [594/750] 3c948e82-bffb-4d30-bcd5-df24cc9f3f84: Sackin index -0.2073; 4.7 s; peak memory 1115 MiB.
2026-10-05T10:02:14Z INFO [595/750] 3c95ee03-4b9f-4fea-981c-cf9073f1b8df: Sackin index -0.1349; 1.4 s; peak memory 1115 MiB.
2026-10-05T10:02:15Z INFO [596/750] 3c961021-1c59-468d-bbe0-6e848b238d1e: Sackin index -0.2168; 1.0 s; peak memory 1115 MiB.
2026-10-05T10:02:17Z INFO [597/750] 3c9621a4-bb9d-4dd0-80ff-38f054f0365b: Sackin index -0.1349; 1.3 s; peak memory 1115 MiB.
2026-10-05T10:02:18Z INFO [598/750] 3c962847-486f-4a4a-b6aa-d0de988a2030: Sackin index -0.0715; 1.5 s; peak memory 1115 MiB.
2026-10-05T10:02:42Z INFO [599/750] 3c971245-0bd5-4499-a917-3453c8538f4a: Sackin index -0.0118; 24.1 s; peak memory 1115 MiB.
2026-10-05T10:02:44Z INFO [600/750] 3c9aefe3-c86c-4d15-a195-de75836eed76: Sackin index -0.1349; 1.5 s; peak memory 1115 MiB.
2026-10-05T10:02:44Z INFO [600/750] 3c9aefe3-c86c-4d15-a195-de75836eed76: checkpointed 76186 records.
2026-10-05T10:02:50Z INFO [601/750] 3c9b7676-e926-4b7d-b9dc-70182a96e973: Sackin index -0.0403; 6.1 s; peak memory 1115 MiB.
2026-10-05T10:02:52Z INFO [602/750] 3c9b9469-05eb-4ab8-9838-5c68cc43cf90: Sackin index -0.1349; 1.3 s; peak memory 1115 MiB.
2026-10-05T10:02:53Z INFO [603/750] 3c9cc5c9-5d0e-49db-99cf-95b0987c9886: Sackin index -0.1349; 1.5 s; peak memory 1115 MiB.
2026-10-05T10:02:55Z INFO [604/750] 3c9d28d0-b33b-4e5d-80bb-aea51823e4ad: Sackin index -0.0376; 1.8 s; peak memory 1115 MiB.
2026-10-05T10:02:56Z INFO [605/750] 3c9e51a0-858a-4ecd-89c6-a5b75904413c: Sackin index -0.0384; 1.6 s; peak memory 1115 MiB.
2026-10-05T10:02:58Z INFO [606/750] 3c9e6da6-c1da-4fda-8d93-090ea24091ad: Sackin index -0.1288; 1.3 s; peak memory 1115 MiB.
2026-10-05T10:02:59Z INFO [607/750] 3c9f1757-b92e-4eb0-9bf6-fd9e799c4ba4: Sackin index -0.1349; 1.3 s; peak memory 1115 MiB.
2026-10-05T10:03:00Z INFO [608/750] 3c9f8fa5-772f-407f-965b-4baf8b529767: Sackin index -0.1349; 1.3 s; peak memory 1115 MiB.
2026-10-05T10:03:15Z INFO [609/750] 3c9fdeeb-b1a9-4e8b-bed1-de66cacd2825: Sackin index -0.0105; 14.9 s; peak memory 1115 MiB.
2026-10-05T10:03:16Z INFO [610/750] 3c9fe07c-51a1-49fd-a915-2289842e1c34: Sackin index -0.1349; 1.3 s; peak memory 1115 MiB.
2026-10-05T10:03:19Z INFO [611/750] 3ca0f654-1f2c-450b-b306-9c51ea85e183: Sackin index -0.0275; 2.2 s; peak memory 1115 MiB.
2026-10-05T10:03:21Z INFO [612/750] 3ca22601-f995-47f1-adcd-0873e06328c8: Sackin index -0.0369; 2.0 s; peak memory 1115 MiB.
2026-10-05T10:03:34Z INFO [613/750] 3ca24a96-e0b8-4b2c-9350-4560f4ea1b25: Sackin index -0.1495; 13.8 s; peak memory 1115 MiB.
2026-10-05T10:03:36Z INFO [614/750] 3ca27734-18ad-47ef-ad1f-3fb127a55676: Sackin index -0.0696; 1.5 s; peak memory 1115 MiB.
2026-10-05T10:03:38Z INFO [615/750] 3ca2edb8-1045-4f91-80b9-67e8ebbd28e8: Sackin index -0.0413; 1.8 s; peak memory 1115 MiB.
2026-10-05T10:03:39Z INFO [616/750] 3ca433e1-341b-4356-9a42-95298c964eb8: Sackin index -0.0748; 1.4 s; peak memory 1115 MiB.
2026-10-05T10:03:40Z INFO [617/750] 3ca43bc0-2aab-4d96-aa8e-98f6f65c0e75: Sackin index -0.0709; 1.4 s; peak memory 1115 MiB.
2026-10-05T10:03:42Z INFO [618/750] 3ca4673c-0460-4864-992d-808bba676156: Sackin index -0.1938; 1.2 s; peak memory 1115 MiB.
2026-10-05T10:03:52Z INFO [619/750] 3ca66059-647e-4957-977b-f29055d26bc0: Sackin index -0.0341; 10.3 s; peak memory 1115 MiB.
2026-10-05T10:03:53Z INFO [620/750] 3ca6aa15-8117-444e-85de-715ef32347a3: Sackin index -0.0709; 1.6 s; peak memory 1115 MiB.
2026-10-05T10:03:55Z INFO [621/750] 3ca6c9f6-61cf-417b-b1b4-bc4b1a034bca: Sackin index -0.1349; 1.5 s; peak memory 1115 MiB.
2026-10-05T10:03:57Z INFO [622/750] 3ca6fd9a-c40a-4f63-a9fd-8592e8d51f91: Sackin index -0.0369; 2.1 s; peak memory 1115 MiB.
2026-10-05T10:03:59Z INFO [623/750] 3ca747cc-2ece-48cc-b9b5-7f56f5a1d7cf: Sackin index -0.0702; 1.4 s; peak memory 1115 MiB.
2026-10-05T10:04:00Z INFO [624/750] 3ca778d9-f6f6-4011-b2dc-bd17bc9bc755: Sackin index -0.0379; 1.8 s; peak memory 1115 MiB.
2026-10-05T10:04:54Z INFO [625/750] 3ca7f126-22a1-4d8a-ad29-87d8e904aca6: Sackin index -0.1076; 53.4 s; peak memory 1115 MiB.
2026-10-05T10:05:09Z INFO [626/750] 3ca856c6-329c-41b3-b563-1aec1dd634b1: Sackin index -0.0056; 15.2 s; peak memory 1115 MiB.
2026-10-05T10:05:10Z INFO [627/750] 3ca8c514-4d2c-4083-88b9-e5c3649f341f: Sackin index -0.2147; 1.0 s; peak memory 1115 MiB.
2026-10-05T10:05:55Z INFO [628/750] 3ca9413e-64c3-48a5-ba74-89afc06d123f: Sackin index -0.0037; 45.2 s; peak memory 1115 MiB.
2026-10-05T10:06:06Z INFO [629/750] 3ca9e94a-6cb1-49dc-b33d-47577bdc6e1a: Sackin index -0.0169; 10.7 s; peak memory 1115 MiB.
2026-10-05T10:06:07Z INFO [630/750] 3caa65e6-fa82-413f-bf6c-2e6740316d8f: Sackin index -0.0702; 1.4 s; peak memory 1115 MiB.
2026-10-05T10:06:09Z INFO [631/750] 3caa67b3-7567-47bf-ad72-1509f86e528b: Sackin index -0.0881; 1.8 s; peak memory 1115 MiB.
2026-10-05T10:06:11Z INFO [632/750] 3cabc1d9-e3dd-4e54-a35b-938926488e02: Sackin index -0.1273; 2.0 s; peak memory 1115 MiB.
2026-10-05T10:06:14Z INFO [633/750] 3cabe9ec-33b9-46f3-aea3-61f280b9c4b2: Sackin index -0.0978; 2.7 s; peak memory 1115 MiB.
2026-10-05T10:06:15Z INFO [634/750] 3cac6532-b8fe-4401-ac37-dc39ecc73a27: Sackin index -0.1349; 1.3 s; peak memory 1115 MiB.
2026-10-05T10:06:18Z INFO [635/750] 3cac9a86-e6ea-4acb-b3bf-5779ad179e9e: Sackin index -0.0169; 2.9 s; peak memory 1115 MiB.
2026-10-05T10:06:20Z INFO [636/750] 3cad3ddd-395c-447b-b87f-bb75756082a2: Sackin index -0.0696; 1.6 s; peak memory 1115 MiB.
2026-10-05T10:06:21Z INFO [637/750] 3cadba3a-a4f1-4c9f-a051-38ca0c8b6476: Sackin index -0.0702; 1.6 s; peak memory 1115 MiB.
2026-10-05T10:06:22Z INFO [638/750] 3cadc499-609c-4caf-aef6-0a481a3dc34a: Sackin index -0.1349; 1.2 s; peak memory 1115 MiB.
2026-10-05T10:06:24Z INFO [639/750] 3cae0440-7970-4c52-a1c2-1b80f7d87ee6: Sackin index -0.0375; 1.6 s; peak memory 1115 MiB.
2026-10-05T10:06:26Z INFO [640/750] 3cae0630-8296-47fa-83fc-731cf6bb4a71: Sackin index -0.0702; 1.7 s; peak memory 1115 MiB.
2026-10-05T10:06:32Z INFO [641/750] 3caf1287-c86a-4822-a233-33f3cb8525b8: Sackin index -0.0438; 6.5 s; peak memory 1115 MiB.
2026-10-05T10:06:34Z INFO [642/750] 3cafe8b5-9d7a-4088-8c77-91cae4532692: Sackin index -0.1349; 1.4 s; peak memory 1115 MiB.
2026-10-05T10:06:39Z INFO [643/750] 3cb161da-1c4f-4a05-b0d0-14f05389bd2c: Sackin index -0.0295; 5.0 s; peak memory 1115 MiB.
2026-10-05T10:06:40Z INFO [644/750] 3cb16c4d-48e4-4eeb-bee1-32e3c585abc0: Sackin index -0.0728; 1.6 s; peak memory 1115 MiB.
2026-10-05T10:06:42Z INFO [645/750] 3cb28c86-652d-4fab-b1f5-e886a8154480: Sackin index -0.0379; 1.8 s; peak memory 1115 MiB.
2026-10-05T10:06:44Z INFO [646/750] 3cb32e21-769b-4938-95cf-4b5c5532bb53: Sackin index -0.0732; 1.7 s; peak memory 1115 MiB.
2026-10-05T10:06:45Z INFO [647/750] 3cb4a906-91a0-47d7-8ec7-9873f96342db: Sackin index -0.0702; 1.5 s; peak memory 1115 MiB.
2026-10-05T10:06:47Z INFO [648/750] 3cb52e87-af6d-4540-ac76-c683eeb2db00: Sackin index -0.1349; 1.3 s; peak memory 1115 MiB.
2026-10-05T10:06:48Z INFO [649/750] 3cb64760-d3b6-4359-b4fe-edcad92814fd: Sackin index -0.1938; 1.4 s; peak memory 1115 MiB.
2026-10-05T10:06:50Z INFO [650/750] 3cb64bf6-db9d-4a6d-a778-3a20fffc53ae: Sackin index -0.0728; 2.2 s; peak memory 1115 MiB.
2026-10-05T10:06:50Z INFO [650/750] 3cb64bf6-db9d-4a6d-a778-3a20fffc53ae: checkpointed 76236 records.
2026-10-05T10:06:52Z INFO [651/750] 3cb766b0-5701-4789-a801-d31914f1ef8e: Sackin index -0.0275; 1.9 s; peak memory 1115 MiB.
2026-10-05T10:06:54Z INFO [652/750] 3cb7e0e4-bc4d-4326-baa1-86d5f1dc8c90: Sackin index -0.0569; 1.9 s; peak memory 1115 MiB.
2026-10-05T10:06:56Z INFO [653/750] 3cb8464f-ecdf-4c65-beaf-3b05421f512e: Sackin index -0.0379; 1.9 s; peak memory 1115 MiB.
2026-10-05T10:06:58Z INFO [654/750] 3cb879f9-66df-4b27-8348-5b44d87f2434: Sackin index -0.1349; 1.4 s; peak memory 1115 MiB.
2026-10-05T10:06:59Z INFO [655/750] 3cb8f700-e0ac-4f3b-9462-a4181be67fd5: Sackin index -0.0702; 1.6 s; peak memory 1115 MiB.
2026-10-05T10:07:41Z INFO [656/750] 3cb97a76-a8cb-4287-9b25-77f6c9c9ecb6: Sackin index -0.0024; 41.5 s; peak memory 1115 MiB.
2026-10-05T10:07:44Z INFO [657/750] 3cba042b-62e5-49c4-8b42-912b35859f49: Sackin index -0.0699; 3.0 s; peak memory 1115 MiB.
2026-10-05T10:07:46Z INFO [658/750] 3cba3906-55e0-4edc-8883-1e6bb8a73565: Sackin index -0.0369; 2.3 s; peak memory 1115 MiB.
2026-10-05T10:07:49Z INFO [659/750] 3cba6bd2-8eae-43b6-8783-b7d35956cceb: Sackin index -0.0693; 3.2 s; peak memory 1115 MiB.
2026-10-05T10:07:50Z INFO [660/750] 3cbbec98-b042-4142-9381-42667eb84721: Sackin index -0.1349; 1.4 s; peak memory 1115 MiB.
2026-10-05T10:08:03Z INFO [661/750] 3cbcddf1-93bc-4d63-a00f-022e6c055cc7: Sackin index -0.0614; 12.2 s; peak memory 1115 MiB.
2026-10-05T10:08:04Z INFO [662/750] 3cbd49d7-ee42-4e6e-b238-fc1b5640eb54: Sackin index -0.1349; 1.4 s; peak memory 1115 MiB.
2026-10-05T10:08:22Z INFO [663/750] 3cbd6149-748d-41ff-9520-fe9b9187e656: Sackin index -0.0143; 18.0 s; peak memory 1115 MiB.
2026-10-05T10:08:27Z INFO [664/750] 3cbe6086-0e07-48f2-8bb3-29397fdbb925: Sackin index -0.0284; 5.3 s; peak memory 1115 MiB.
2026-10-05T10:08:29Z INFO [665/750] 3cc04885-91b9-4ed5-a0d3-86e17a27d3cf: Sackin index -0.1349; 1.5 s; peak memory 1115 MiB.
2026-10-05T10:08:30Z INFO [666/750] 3cc0cb97-4abc-4207-940f-e6ac30a9be82: Sackin index -0.1331; 1.2 s; peak memory 1115 MiB.
2026-10-05T10:08:32Z INFO [667/750] 3cc15290-7a29-4336-bb20-a8abc3b7c935: Sackin index -0.0696; 1.7 s; peak memory 1115 MiB.
2026-10-05T10:08:37Z INFO [668/750] 3cc1a6cb-cd4b-4c55-871d-8cb800057433: Sackin index -0.0290; 5.1 s; peak memory 1115 MiB.
2026-10-05T10:08:38Z INFO [669/750] 3cc30870-6874-4b8e-bfcb-f3c49d40008b: Sackin index -0.0728; 1.7 s; peak memory 1115 MiB.
2026-10-05T10:08:40Z INFO [670/750] 3cc443fc-9cb6-4af8-98b6-d24c5a5ef64d: Sackin index -0.1349; 1.5 s; peak memory 1115 MiB.
2026-10-05T10:08:42Z INFO [671/750] 3cc46a22-7d19-485b-a838-a7375136e4da: Sackin index -0.1293; 1.7 s; peak memory 1115 MiB.
2026-10-05T10:08:43Z INFO [672/750] 3cc4b70f-e480-4d9f-ab1c-a1f2729f0554: Sackin index -0.1349; 1.2 s; peak memory 1115 MiB.
2026-10-05T10:08:45Z INFO [673/750] 3cc6b902-319f-4608-8e76-9f1810e53325: Sackin index -0.0275; 2.2 s; peak memory 1115 MiB.
2026-10-05T10:08:47Z INFO [674/750] 3cc72bfc-8865-4d96-911e-e95bd04b4b33: Sackin index -0.0386; 1.6 s; peak memory 1115 MiB.
2026-10-05T10:08:48Z INFO [675/750] 3cc76243-5776-4c46-b6d2-0371776d58b4: Sackin index -0.1658; 1.0 s; peak memory 1115 MiB.
2026-10-05T10:09:06Z INFO [676/750] 3cc76b68-ef02-41ac-8023-554d67f5c212: Sackin index -0.1330; 18.6 s; peak memory 1115 MiB.
2026-10-05T10:09:10Z INFO [677/750] 3cc76bb6-102b-4da0-b663-fd1074df7b93: Sackin index -0.0660; 3.5 s; peak memory 1115 MiB.
2026-10-05T10:09:11Z INFO [678/750] 3cc79a81-8c57-4043-b3f0-7addeb88e5fe: Sackin index -0.1248; 1.6 s; peak memory 1115 MiB.
2026-10-05T10:09:13Z INFO [679/750] 3cc7b7ef-b770-4331-b5d3-273c4363f375: Sackin index -0.0709; 1.6 s; peak memory 1115 MiB.
2026-10-05T10:09:14Z INFO [680/750] 3cc7d9bf-5993-43bd-bb51-0058c50e1ec8: Sackin index -0.1658; 0.9 s; peak memory 1115 MiB.
2026-10-05T10:09:15Z INFO [681/750] 3cc81b13-77f7-473c-8725-b60692ae026e: Sackin index -0.0384; 1.5 s; peak memory 1115 MiB.
2026-10-05T10:09:16Z INFO [682/750] 3cc82c6f-6914-48e9-be52-07307db311f2: Sackin index -0.1658; 1.0 s; peak memory 1115 MiB.
2026-10-05T10:09:19Z INFO [683/750] 3cc98c89-1d52-4671-8c7c-ed47dd1848f7: Sackin index -0.0365; 2.5 s; peak memory 1115 MiB.
2026-10-05T10:09:25Z INFO [684/750] 3ccc2b73-6d6e-497c-8a6a-122fa69dedd3: Sackin index -0.0435; 6.5 s; peak memory 1115 MiB.
2026-10-05T10:09:33Z INFO [685/750] 3ccc4ce9-d242-4496-bf98-eadfb98c0b01: Sackin index -0.0251; 7.7 s; peak memory 1115 MiB.
2026-10-05T10:30:23Z INFO [686/750] 3ccc9ebb-bdb5-4d6c-9b15-bf11b90d38b1: Sackin index -0.0686; 1250.2 s; peak memory 1124 MiB.
2026-10-05T10:30:26Z INFO [687/750] 3ccc9f49-ce48-44f1-8e53-41b73e9bf078: Sackin index -0.0840; 2.5 s; peak memory 1124 MiB.
2026-10-05T10:30:52Z INFO [688/750] 3ccd0068-8ed9-4e53-8f9e-8c7e559f1746: Sackin index -0.1367; 25.7 s; peak memory 1124 MiB.
2026-10-05T10:30:53Z INFO [689/750] 3ccd15f1-4f34-4747-b43f-c61ac47b879e: Sackin index -0.0702; 1.6 s; peak memory 1124 MiB.
2026-10-05T10:30:54Z INFO [690/750] 3cce418a-f8fb-4018-b150-3d69d51a0b7e: Sackin index -0.1349; 1.4 s; peak memory 1124 MiB.
2026-10-05T10:30:56Z INFO [691/750] 3cced9e5-cbcb-479c-af9a-14126d3054b7: Sackin index -0.1298; 1.3 s; peak memory 1124 MiB.
2026-10-05T10:30:58Z INFO [692/750] 3ccf7093-88bf-460b-997c-7e086a51b94c: Sackin index -0.0375; 1.9 s; peak memory 1124 MiB.
2026-10-05T10:30:59Z INFO [693/750] 3ccfa468-e478-46f3-9e40-f8ede400c0bf: Sackin index -0.0696; 1.8 s; peak memory 1124 MiB.
2026-10-05T10:31:01Z INFO [694/750] 3ccfad2a-ab6b-4a00-9731-8225fcff96fd: Sackin index -0.1052; 1.6 s; peak memory 1124 MiB.
2026-10-05T10:31:04Z INFO [695/750] 3ccffa04-5a4b-4508-acb3-a2dd647874fa: Sackin index -0.0699; 3.1 s; peak memory 1124 MiB.
2026-10-05T10:31:06Z INFO [696/750] 3cd2c01d-ecf3-4231-9639-da88f6642852: Sackin index -0.0377; 1.7 s; peak memory 1124 MiB.
2026-10-05T10:31:07Z INFO [697/750] 3cd4e013-5ccb-4628-9312-85c686654474: Sackin index -0.1349; 1.3 s; peak memory 1124 MiB.
2026-10-05T10:31:10Z INFO [698/750] 3cd50129-05d7-4aa4-83d4-2827c1c0a34d: Sackin index -0.0350; 3.0 s; peak memory 1124 MiB.
2026-10-05T10:31:15Z INFO [699/750] 3cd5116e-bb98-46c1-9c6e-c597d1020150: Sackin index -0.0473; 5.3 s; peak memory 1124 MiB.
2026-10-05T10:31:17Z INFO [700/750] 3cd51268-07ec-4dfb-b2cd-13c54386641d: Sackin index -0.0702; 1.4 s; peak memory 1124 MiB.
2026-10-05T10:31:17Z INFO [700/750] 3cd51268-07ec-4dfb-b2cd-13c54386641d: checkpointed 76286 records.
2026-10-05T10:31:18Z INFO [701/750] 3cd579a3-1dcf-4071-b221-66f906cb78f6: Sackin index -0.1658; 1.0 s; peak memory 1124 MiB.
2026-10-05T10:31:19Z INFO [702/750] 3cd6b318-14cc-45e9-86d7-5f07de88bc51: Sackin index -0.1349; 1.4 s; peak memory 1124 MiB.
2026-10-05T10:31:36Z INFO [703/750] 3cd841cd-6ded-4a02-bda7-9fddb88d2bb6: Sackin index -0.0132; 16.5 s; peak memory 1124 MiB.
2026-10-05T10:31:38Z INFO [704/750] 3cd8f104-1476-4023-a631-7eda24f8e70d: Sackin index -0.1183; 2.1 s; peak memory 1124 MiB.
2026-10-05T10:31:45Z INFO [705/750] 3cd92492-ac70-4fc0-95b5-1ee98b8120ec: Sackin index -0.0251; 7.0 s; peak memory 1124 MiB.
2026-10-05T10:31:47Z INFO [706/750] 3cd959ff-b4b3-424c-a8f1-524c13510c3c: Sackin index -0.0728; 1.5 s; peak memory 1124 MiB.
2026-10-05T10:31:49Z INFO [707/750] 3cd9d4df-c2a9-4684-86f6-db2c32ffccc6: Sackin index -0.0369; 2.2 s; peak memory 1124 MiB.
2026-10-05T10:31:50Z INFO [708/750] 3cda6a26-c00b-4662-9dbc-43dfd858ee6b: Sackin index -0.0702; 1.7 s; peak memory 1124 MiB.
2026-10-05T10:32:05Z INFO [709/750] 3cda7912-45b0-4633-8124-fa8bfde907b1: Sackin index -0.0134; 15.0 s; peak memory 1124 MiB.
2026-10-05T10:32:20Z INFO [710/750] 3cdac30a-97f9-4234-bfe6-afab4377dc2c: Sackin index -0.0158; 15.1 s; peak memory 1124 MiB.
2026-10-05T10:32:22Z INFO [711/750] 3cdadc11-7220-4831-8dfd-f074cbd8f9fb: Sackin index -0.1178; 1.0 s; peak memory 1124 MiB.
2026-10-05T10:32:23Z INFO [712/750] 3cdb474b-a425-453c-9b34-465ba13dc347: Sackin index -0.1000; 1.6 s; peak memory 1124 MiB.
2026-10-05T10:32:52Z INFO [713/750] 3cdbaea5-879b-4e1a-a274-e4d538331365: Sackin index -0.0028; 29.2 s; peak memory 1124 MiB.
2026-10-05T10:32:53Z INFO [714/750] 3cdc14c8-8a48-4c72-8046-545bec8a592d: Sackin index -0.1658; 1.2 s; peak memory 1124 MiB.
2026-10-05T10:32:55Z INFO [715/750] 3cdc4a63-5b23-47a7-80cc-5ce49e478fbb: Sackin index -0.1331; 1.1 s; peak memory 1124 MiB.
2026-10-05T10:35:06Z INFO [716/750] 3cdc4efa-c800-4a85-9e4a-672b3f5fcbed: Sackin index -0.0434; 131.2 s; peak memory 1124 MiB.
2026-10-05T10:35:07Z INFO [717/750] 3cdc72f3-2eef-4605-ab44-384ccbd370f3: Sackin index -0.1658; 1.0 s; peak memory 1124 MiB.
2026-10-05T10:35:21Z INFO [718/750] 3cdd02a7-7bd9-44f2-9ed4-92d7effb737c: Sackin index -0.0137; 14.3 s; peak memory 1124 MiB.
2026-10-05T10:35:23Z INFO [719/750] 3cdd6153-2a95-489c-8db9-838fb9d24ba7: Sackin index -0.0702; 1.5 s; peak memory 1124 MiB.
2026-10-05T10:35:25Z INFO [720/750] 3cdd7b5a-37e4-416e-87c8-73fc9c83f560: Sackin index -0.1072; 2.3 s; peak memory 1124 MiB.
2026-10-05T10:35:27Z INFO [721/750] 3cdd8c1e-9b78-46f6-b229-5ae4628d33d9: Sackin index -0.1273; 1.7 s; peak memory 1124 MiB.
2026-10-05T10:35:28Z INFO [722/750] 3cddf2fa-f998-4906-9260-d72880bef277: Sackin index -0.1000; 1.7 s; peak memory 1124 MiB.
2026-10-05T10:35:31Z INFO [723/750] 3cde0684-a04b-46a9-9568-a0082d4f04b0: Sackin index -0.0658; 3.0 s; peak memory 1124 MiB.
2026-10-05T10:35:33Z INFO [724/750] 3cdea0b5-b38e-466a-8226-b871f95be74f: Sackin index -0.0732; 2.0 s; peak memory 1124 MiB.
2026-10-05T10:35:34Z INFO [725/750] 3cdeceed-3352-4bf1-a0ab-94909fb3cce1: Sackin index -0.1135; 1.0 s; peak memory 1124 MiB.
2026-10-05T10:35:36Z INFO [726/750] 3cdeda6f-d724-4ee6-a7a7-9668c4c83fc9: Sackin index -0.1349; 1.3 s; peak memory 1124 MiB.
2026-10-05T10:35:37Z INFO [727/750] 3cdf3657-8ca2-457a-a2da-17a1ee872ef0: Sackin index -0.1349; 1.3 s; peak memory 1124 MiB.
2026-10-05T10:35:40Z INFO [728/750] 3cdf7f86-4c3a-47c1-89c8-5f6e5b76ceb7: Sackin index -0.0636; 3.5 s; peak memory 1124 MiB.
2026-10-05T10:35:45Z INFO [729/750] 3cdfb147-8809-4309-8fb1-df15f3d2e442: Sackin index -0.0772; 4.4 s; peak memory 1124 MiB.
2026-10-05T10:36:10Z INFO [730/750] 3ce01b75-d8b0-44ac-be50-e31f8e1735b3: Sackin index -0.1367; 24.9 s; peak memory 1124 MiB.
2026-10-05T10:36:11Z INFO [731/750] 3ce02783-6ba2-4775-9c21-a54b719b87bc: Sackin index -0.1349; 1.3 s; peak memory 1124 MiB.
2026-10-05T10:36:12Z INFO [732/750] 3ce13126-39da-4682-a1de-8dd4460acb9b: Sackin index -0.1349; 1.3 s; peak memory 1124 MiB.
2026-10-05T10:36:14Z INFO [733/750] 3ce16f1c-ea47-491e-9583-86e9043366c9: Sackin index -0.1349; 1.2 s; peak memory 1124 MiB.
2026-10-05T10:36:21Z INFO [734/750] 3ce1ce0c-ae34-4d6e-a2b2-ca6eb7295a63: Sackin index -0.0476; 7.2 s; peak memory 1124 MiB.
2026-10-05T10:36:30Z INFO [735/750] 3ce25b6c-ee51-4ca8-81a1-adbd532b7f1f: Sackin index -0.0250; 9.3 s; peak memory 1124 MiB.
2026-10-05T10:36:31Z INFO [736/750] 3ce28da5-e089-49c5-a4c5-54b9e4cabec0: Sackin index -0.1349; 1.2 s; peak memory 1124 MiB.
2026-10-05T10:36:33Z INFO [737/750] 3ce3387d-d6c3-45a1-9866-b9ec0d19fdfa: Sackin index -0.1349; 1.2 s; peak memory 1124 MiB.
2026-10-05T10:36:34Z INFO [738/750] 3ce34dd0-fa57-487a-9f96-69461f012ad2: Sackin index -0.1658; 1.0 s; peak memory 1124 MiB.
2026-10-05T10:36:35Z INFO [739/750] 3ce3ffd9-51c4-4f3a-85c6-2f4a47a93428: Sackin index -0.1349; 1.3 s; peak memory 1124 MiB.
2026-10-05T10:36:36Z INFO [740/750] 3ce459c7-0c46-47d1-ad9c-64a86eb87d70: Sackin index -0.1658; 1.1 s; peak memory 1124 MiB.
2026-10-05T10:36:37Z INFO [741/750] 3ce54a53-5545-4baa-81db-bb1eb7c5768c: Sackin index -0.1349; 1.4 s; peak memory 1124 MiB.
2026-10-05T10:36:39Z INFO [742/750] 3ce83ca5-be9e-48d1-9112-7f90c835399a: Sackin index -0.0371; 1.7 s; peak memory 1124 MiB.
2026-10-05T10:36:55Z INFO [743/750] 3ce846a0-b051-4433-8a3d-90668959336a: Sackin index -0.0169; 15.4 s; peak memory 1124 MiB.
2026-10-05T10:37:51Z INFO [744/750] 3cea9385-345e-4c4f-a727-cfa8973e0846: Sackin index -0.1076; 56.5 s; peak memory 1124 MiB.
2026-10-05T10:37:53Z INFO [745/750] 3ceae1e6-047c-425d-bc98-b0fec1939324: Sackin index -0.0370; 2.0 s; peak memory 1124 MiB.
2026-10-05T10:37:55Z INFO [746/750] 3ceafba5-6bdb-4ef8-a729-217e4d8d1814: Sackin index -0.1291; 1.9 s; peak memory 1124 MiB.
2026-10-05T10:38:48Z INFO [747/750] 3ceb7112-7789-4821-babf-9085d2352da9: Sackin index -0.1076; 52.8 s; peak memory 1124 MiB.
2026-10-05T10:41:30Z INFO [748/750] 3ceb822e-ddf2-494d-a392-5786dc7e5513: Sackin index -0.0286; 162.5 s; peak memory 1124 MiB.
2026-10-05T10:41:32Z INFO [749/750] 3cec266c-d618-45c4-af90-9a82de2cc1bc: Sackin index -0.0702; 1.6 s; peak memory 1124 MiB.
2026-10-05T10:41:34Z INFO [750/750] 3ceca974-8a1d-4427-95fb-41c3117a29f9: Sackin index -0.0275; 2.0 s; peak memory 1124 MiB.
2026-10-05T10:41:34Z INFO [750/750] 3ceca974-8a1d-4427-95fb-41c3117a29f9: checkpointed 76336 records.
2026-10-05T10:41:34Z INFO Wrote 76336 records to /tmp/derivatives/valid_nwb_file_to_sackin_index.jsonl (750 new, 0 failed) in 131.4 min (peak memory 1124 MiB).
