2026-09-26T10:52:16Z INFO Logging to /tmp/logs/update_2026-09-26T10-52-16Z.log.
2026-09-26T10:52:16Z INFO Update valid-nwb-file-to-sackin-index (base directory /tmp).
2026-09-26T10:52:16Z INFO Processing 384 items (58022 already recorded).
2026-09-26T10:52:19Z INFO [1/384] 025b79c5-2030-4c64-b448-8c97a46d6890: Sackin index -0.1345; 2.6 s; peak memory 101 MiB.
2026-09-26T10:52:21Z INFO [2/384] 03a433fb-90ab-44be-b496-6589c2d06bb4: Sackin index -0.1345; 1.8 s; peak memory 101 MiB.
2026-09-26T10:52:23Z INFO [3/384] 0a6d3a29-492b-4845-9d91-92aa709d81ca: Sackin index -0.1345; 1.9 s; peak memory 102 MiB.
2026-09-26T10:52:25Z INFO [4/384] 0c766987-47c7-4791-9c3e-6ee635ac2b64: Sackin index -0.1345; 2.2 s; peak memory 102 MiB.
2026-09-26T10:52:26Z INFO [5/384] 0cf7de31-672c-4366-9f42-c97681945f40: Sackin index -0.1345; 1.5 s; peak memory 102 MiB.
2026-09-26T10:52:28Z INFO [6/384] 0d285226-e12f-4c67-ab41-848c06fbc7b8: Sackin index -0.1345; 2.0 s; peak memory 103 MiB.
2026-09-26T10:52:30Z INFO [7/384] 0f2b3e97-3fd5-4cca-b9d7-8f988c342e8a: Sackin index -0.1345; 2.0 s; peak memory 103 MiB.
2026-09-26T10:52:32Z INFO [8/384] 17265442-a5a0-4193-9ae4-f3e025656626: Sackin index -0.1429; 1.2 s; peak memory 103 MiB.
2026-09-26T10:52:33Z INFO [9/384] 1726df88-4747-4fd0-b075-3f7c784f6401: Sackin index -0.0952; 1.9 s; peak memory 103 MiB.
2026-09-26T10:52:35Z INFO [10/384] 1726f7ce-09c4-4d39-b4d3-634bee7f5f60: Sackin index -0.0369; 2.0 s; peak memory 104 MiB.
2026-09-26T10:52:37Z INFO [11/384] 1727fc6d-75da-4398-99a1-ad240946640d: Sackin index -0.1349; 1.2 s; peak memory 104 MiB.
2026-09-26T10:52:38Z INFO [12/384] 17286f8a-8fdd-4fb2-acce-c2c451ddadc2: Sackin index -0.1349; 1.2 s; peak memory 104 MiB.
2026-09-26T10:52:39Z INFO [13/384] 17290a20-3e67-4c1d-bc25-0b45e4bd338a: Sackin index -0.1349; 1.2 s; peak memory 104 MiB.
2026-09-26T10:52:41Z INFO [14/384] 1729deff-f342-437d-afb7-28d9ed874aac: Sackin index -0.0709; 1.5 s; peak memory 106 MiB.
2026-09-26T10:52:43Z INFO [15/384] 1729e202-d0d3-49e0-ab7a-58cac6943046: Sackin index -0.0952; 2.0 s; peak memory 106 MiB.
2026-09-26T10:52:44Z INFO [16/384] 172a6c39-bd1d-4c89-ab81-609b69b3e025: Sackin index -0.1178; 1.0 s; peak memory 106 MiB.
2026-09-26T10:52:45Z INFO [17/384] 172ac043-753a-43c8-a17d-f7488c7829f2: Sackin index -0.1349; 1.3 s; peak memory 106 MiB.
2026-09-26T10:52:46Z INFO [18/384] 172acc37-a58d-4465-8a23-1f6656965b3a: Sackin index -0.1331; 1.1 s; peak memory 107 MiB.
2026-09-26T10:53:44Z INFO [19/384] 172ba2f3-da01-4ba2-a5bd-f21b3aceb99a: Sackin index -0.0015; 58.1 s; peak memory 273 MiB.
2026-09-26T10:53:46Z INFO [20/384] 172c4d66-27b6-4f5a-bef9-8dad968a65c7: Sackin index -0.0702; 1.5 s; peak memory 273 MiB.
2026-09-26T10:54:36Z INFO [21/384] 172c9a2a-ee35-4d29-9077-ead7501f47ca: Sackin index -0.1076; 50.6 s; peak memory 274 MiB.
2026-09-26T10:54:38Z INFO [22/384] 172ccb81-748c-4bfd-bba6-ce21d9eb42d4: Sackin index -0.0369; 2.3 s; peak memory 274 MiB.
2026-09-26T10:54:40Z INFO [23/384] 172ce6f1-6e72-4e15-932a-c0e3a5648971: Sackin index -0.0376; 1.7 s; peak memory 274 MiB.
2026-09-26T10:55:00Z INFO [24/384] 172ceecd-3a5f-46b1-bd77-fe478accb087: Sackin index -0.0152; 19.6 s; peak memory 274 MiB.
2026-09-26T10:55:01Z INFO [25/384] 172de3c7-0d94-4e5d-952c-de3b0178ac84: Sackin index -0.0702; 1.6 s; peak memory 274 MiB.
2026-09-26T10:55:17Z INFO [26/384] 172e369f-8474-4e16-8c96-c4326354f587: Sackin index -0.0235; 15.5 s; peak memory 274 MiB.
2026-09-26T10:55:18Z INFO [27/384] 172e600e-c068-4fb3-bcab-4e757d027d29: Sackin index -0.1030; 1.7 s; peak memory 274 MiB.
2026-09-26T10:55:20Z INFO [28/384] 172ee144-ce7b-4a02-865c-b596b457f99f: Sackin index -0.0369; 2.0 s; peak memory 274 MiB.
2026-09-26T10:55:22Z INFO [29/384] 172f2506-1805-4eeb-94ae-4681eedd4de9: Sackin index -0.0745; 2.0 s; peak memory 274 MiB.
2026-09-26T10:55:25Z INFO [30/384] 172fcfc5-7055-4044-b8a8-7943e6edeff6: Sackin index -0.0933; 3.0 s; peak memory 274 MiB.
2026-09-26T10:55:27Z INFO [31/384] 172fda0b-bcc2-4f71-a62c-5a0f248f4e07: Sackin index -0.1349; 1.2 s; peak memory 274 MiB.
2026-09-26T10:55:28Z INFO [32/384] 172ffc57-8992-4013-b10b-fff16f654c02: Sackin index -0.0386; 1.6 s; peak memory 274 MiB.
2026-09-26T10:55:29Z INFO [33/384] 173096b7-ae08-4a18-b239-376fe9f50b27: Sackin index -0.1397; 1.0 s; peak memory 274 MiB.
2026-09-26T10:55:31Z INFO [34/384] 17317ef3-195f-4ad5-9944-9376571019f2: Sackin index -0.0728; 1.8 s; peak memory 274 MiB.
2026-09-26T10:56:53Z INFO [35/384] 1731d9eb-a003-411f-9d49-bb4fe3efc290: Sackin index -0.0935; 81.8 s; peak memory 274 MiB.
2026-09-26T10:56:54Z INFO [36/384] 1731db14-c2cf-4f46-b2ec-b96f89aaf992: Sackin index -0.1248; 1.4 s; peak memory 274 MiB.
2026-09-26T10:56:56Z INFO [37/384] 17324745-9786-4f63-92e4-50e77ab9d5c8: Sackin index -0.0702; 1.6 s; peak memory 274 MiB.
2026-09-26T10:56:58Z INFO [38/384] 1733411d-95fc-48e2-ad3c-c88c4a616fdf: Sackin index -0.0369; 2.3 s; peak memory 274 MiB.
2026-09-26T10:57:04Z INFO [39/384] 17339942-54df-4bbe-b8b1-414961634e4d: Sackin index -0.0445; 5.8 s; peak memory 274 MiB.
2026-09-26T10:57:06Z INFO [40/384] 17344193-29ce-49ae-9394-bacbe8e9a369: Sackin index -0.0398; 1.9 s; peak memory 274 MiB.
2026-09-26T10:57:16Z INFO [41/384] 173444cb-2ed5-4183-b1fe-0f27619b2eac: Sackin index -0.0341; 10.4 s; peak memory 274 MiB.
2026-09-26T10:57:18Z INFO [42/384] 1734d3dd-c6e7-4ae2-86b6-d5abb5b1a770: Sackin index -0.0702; 1.5 s; peak memory 274 MiB.
2026-09-26T10:57:20Z INFO [43/384] 1734e4fd-5ff7-46ef-9425-e5e4204ab250: Sackin index -0.0707; 1.6 s; peak memory 274 MiB.
2026-09-26T10:57:21Z INFO [44/384] 17353a21-fd0b-498a-844e-7ab8b2c9e9c7: Sackin index -0.1349; 1.2 s; peak memory 274 MiB.
2026-09-26T10:58:03Z INFO [45/384] 173584ec-0dac-40e2-a40d-e4ea9ea05dc2: Sackin index -0.1144; 42.7 s; peak memory 274 MiB.
2026-09-26T10:58:05Z INFO [46/384] 17358a6f-54f1-4c86-b6bf-489ea491804e: Sackin index -0.0375; 1.8 s; peak memory 274 MiB.
2026-09-26T10:58:06Z INFO [47/384] 17358f1d-c00a-4664-83c0-734fc21023ad: Sackin index -0.1345; 1.3 s; peak memory 274 MiB.
2026-09-26T10:58:08Z INFO [48/384] 1735ab16-6d27-43c2-b53a-735f64a85a00: Sackin index -0.1361; 1.2 s; peak memory 274 MiB.
2026-09-26T10:58:10Z INFO [49/384] 1735ff13-b985-4c7c-b1f8-a96bd32c1c4a: Sackin index -0.0941; 2.0 s; peak memory 274 MiB.
2026-09-26T10:58:11Z INFO [50/384] 173635a7-89c4-418a-a457-53241f9f1be7: Sackin index -0.0702; 1.7 s; peak memory 274 MiB.
2026-09-26T10:58:11Z INFO [50/384] 173635a7-89c4-418a-a457-53241f9f1be7: checkpointed 58072 records.
2026-09-26T10:58:15Z INFO [51/384] 173738bc-35c8-451c-b9c4-ef15df1937f6: Sackin index -0.0507; 4.1 s; peak memory 274 MiB.
2026-09-26T10:58:17Z INFO [52/384] 1737adef-5dbd-49ff-ad02-683a730ae4ea: Sackin index -0.0702; 1.5 s; peak memory 274 MiB.
2026-09-26T10:58:19Z INFO [53/384] 1737ae8f-c394-4d73-a87d-2407b5d9b906: Sackin index -0.0369; 1.7 s; peak memory 274 MiB.
2026-09-26T10:58:20Z INFO [54/384] 1737f622-2fb7-4705-a373-3858055c24fa: Sackin index -0.1349; 1.1 s; peak memory 274 MiB.
2026-09-26T10:58:22Z INFO [55/384] 17385c2e-dded-424f-bc26-885c1ba1804d: Sackin index -0.0702; 1.7 s; peak memory 274 MiB.
2026-09-26T10:58:23Z INFO [56/384] 1738d236-1f53-4cc7-a087-3f3601b367c2: Sackin index -0.0702; 1.5 s; peak memory 274 MiB.
2026-09-26T10:58:24Z INFO [57/384] 173924d7-69fe-47e3-a2a8-cb74d48f1689: Sackin index -0.1349; 1.3 s; peak memory 274 MiB.
2026-09-26T10:58:26Z INFO [58/384] 1739c7c0-7795-44ad-ab52-c4b8f3dcb7d1: Sackin index -0.1248; 1.4 s; peak memory 274 MiB.
2026-09-26T10:58:28Z INFO [59/384] 1739fdcf-0dc0-4abd-9a42-95e2ae549a9b: Sackin index -0.0702; 1.8 s; peak memory 274 MiB.
2026-09-26T10:58:29Z INFO [60/384] 173b4a0d-2edd-425c-baba-6bcd5278e8cf: Sackin index -0.1248; 1.3 s; peak memory 274 MiB.
2026-09-26T10:58:30Z INFO [61/384] 173b8857-7f73-4282-9b33-26a7d54d3030: Sackin index -0.1349; 1.1 s; peak memory 274 MiB.
2026-09-26T10:58:32Z INFO [62/384] 173c6f93-9e8c-4d84-a484-239f3dfc2870: Sackin index -0.0626; 1.8 s; peak memory 274 MiB.
2026-09-26T10:58:39Z INFO [63/384] 173d8b10-e1e7-4e17-b102-6b0cf4d35052: Sackin index -0.0403; 6.8 s; peak memory 274 MiB.
2026-09-26T10:58:40Z INFO [64/384] 173e45ec-d063-4525-bc28-eec98b0a3ea6: Sackin index -0.0696; 1.5 s; peak memory 274 MiB.
2026-09-26T10:58:42Z INFO [65/384] 173f09e8-371f-4c6e-a7a5-788de1cdf61a: Sackin index -0.0369; 2.3 s; peak memory 274 MiB.
2026-09-26T10:58:44Z INFO [66/384] 17411fc8-c79d-475c-b9a8-7d27a616617b: Sackin index -0.0709; 1.6 s; peak memory 274 MiB.
2026-09-26T10:58:45Z INFO [67/384] 17413abc-f7c6-4e71-aee0-becf82d43dd0: Sackin index -0.1349; 1.1 s; peak memory 274 MiB.
2026-09-26T10:58:47Z INFO [68/384] 17418c6f-d854-4f97-8694-25cbb176ed40: Sackin index -0.0745; 2.3 s; peak memory 274 MiB.
2026-09-26T10:58:49Z INFO [69/384] 1742111c-6734-4b94-a7f2-cce609ff91c2: Sackin index -0.0728; 1.7 s; peak memory 274 MiB.
2026-09-26T10:58:52Z INFO [70/384] 1742374d-394b-40c6-a670-e69860488c5e: Sackin index -0.0660; 3.3 s; peak memory 274 MiB.
2026-09-26T10:58:54Z INFO [71/384] 174245c9-1910-4ddc-9d03-0808efd2781f: Sackin index -0.1349; 1.2 s; peak memory 274 MiB.
2026-09-26T10:58:55Z INFO [72/384] 17426d2a-2cfb-4765-ab65-0ede727896dd: Sackin index -0.1349; 1.2 s; peak memory 274 MiB.
2026-09-26T10:58:56Z INFO [73/384] 17429a7a-c505-4781-9443-d9ef7ec9d4d8: Sackin index -0.1349; 1.2 s; peak memory 274 MiB.
2026-09-26T10:59:21Z INFO [74/384] 1742c1bb-c394-4018-a0f2-69402235074d: Sackin index -0.0044; 24.9 s; peak memory 274 MiB.
2026-09-26T10:59:24Z INFO [75/384] 1743330d-5443-44fe-b46b-dedba702dc26: Sackin index -0.0699; 3.0 s; peak memory 274 MiB.
2026-09-26T10:59:25Z INFO [76/384] 1743a0a0-4c99-464c-b711-f79eafa0472f: Sackin index -0.1658; 1.2 s; peak memory 274 MiB.
2026-09-26T10:59:34Z INFO [77/384] 1743ee28-007e-4d51-8dae-4430019bca44: Sackin index -0.1462; 8.7 s; peak memory 274 MiB.
2026-09-26T10:59:36Z INFO [78/384] 17448ffd-481a-4380-a415-2abf7e8f0590: Sackin index -0.0276; 2.0 s; peak memory 274 MiB.
2026-09-26T10:59:38Z INFO [79/384] 1744a051-3428-41a7-a24a-199dccc44a70: Sackin index -0.0369; 2.0 s; peak memory 274 MiB.
2026-09-26T10:59:39Z INFO [80/384] 174506ab-a9c4-4854-b3b4-4592959178f7: Sackin index -0.1562; 1.3 s; peak memory 274 MiB.
2026-09-26T10:59:40Z INFO [81/384] 17456f5f-8db0-45e7-94fa-bae54aef1347: Sackin index -0.1349; 1.2 s; peak memory 274 MiB.
2026-09-26T10:59:42Z INFO [82/384] 17469923-9946-4879-a32d-8c87c38571d9: Sackin index -0.0696; 1.5 s; peak memory 274 MiB.
2026-09-26T10:59:43Z INFO [83/384] 1746d035-05a3-4c26-a971-31afe742204d: Sackin index -0.0702; 1.5 s; peak memory 274 MiB.
2026-09-26T10:59:45Z INFO [84/384] 174735ac-7ef8-49f8-9506-9fcc36015940: Sackin index -0.0702; 1.4 s; peak memory 274 MiB.
2026-09-26T10:59:46Z INFO [85/384] 17475810-a23a-4864-8c44-aad2a71d1e8d: Sackin index -0.1349; 1.2 s; peak memory 274 MiB.
2026-09-26T10:59:47Z INFO [86/384] 1747a2e1-b2f8-479a-8c4f-9464a2b22cb7: Sackin index -0.1349; 1.2 s; peak memory 274 MiB.
2026-09-26T10:59:49Z INFO [87/384] 17490736-6323-4153-90a1-268711a68d2b: Sackin index -0.0884; 2.1 s; peak memory 274 MiB.
2026-09-26T10:59:52Z INFO [88/384] 17491cf2-0326-4a39-ab3f-3cd5099a2cc0: Sackin index -0.0699; 3.0 s; peak memory 274 MiB.
2026-09-26T11:00:00Z INFO [89/384] 174957c6-0923-467c-b37e-9670e33f0694: Sackin index -0.0940; 8.1 s; peak memory 274 MiB.
2026-09-26T11:00:02Z INFO [90/384] 174a76b1-d5ac-45f5-a83b-69fce9dc5302: Sackin index -0.0375; 1.8 s; peak memory 274 MiB.
2026-09-26T11:00:03Z INFO [91/384] 174a8088-9edb-46df-a2de-2c5d2597e367: Sackin index -0.1273; 1.5 s; peak memory 274 MiB.
2026-09-26T11:00:05Z INFO [92/384] 174abd3b-f56a-426e-841c-0bdb3bd6b002: Sackin index -0.0728; 1.5 s; peak memory 274 MiB.
2026-09-26T11:00:06Z INFO [93/384] 174afe4b-0c89-4df4-9975-2a4ffbb8344a: Sackin index -0.1658; 1.1 s; peak memory 274 MiB.
2026-09-26T11:00:07Z INFO [94/384] 174aff1d-173f-460a-9a48-480c5c9190b3: Sackin index -0.1349; 1.3 s; peak memory 274 MiB.
2026-09-26T11:00:09Z INFO [95/384] 174c0234-b406-47ea-a257-076d1585ff25: Sackin index -0.0379; 1.8 s; peak memory 274 MiB.
2026-09-26T11:00:10Z INFO [96/384] 174cccef-0cd8-4a7a-b90a-c28e893e188a: Sackin index -0.1164; 1.0 s; peak memory 274 MiB.
2026-09-26T11:00:11Z INFO [97/384] 174d4867-d96f-4328-9c56-a232ea02ca7b: Sackin index -0.1303; 1.0 s; peak memory 274 MiB.
2026-09-26T11:00:25Z INFO [98/384] 174dd84e-039e-4196-bcad-b514f3047a7f: Sackin index -0.1234; 14.0 s; peak memory 274 MiB.
2026-09-26T11:00:27Z INFO [99/384] 174e2644-0526-4721-a092-d5eb00467300: Sackin index -0.1349; 1.3 s; peak memory 274 MiB.
2026-09-26T11:00:28Z INFO [100/384] 174e4ab8-5843-40a0-af04-8d94c3d1b1a1: Sackin index -0.0702; 1.7 s; peak memory 274 MiB.
2026-09-26T11:00:28Z INFO [100/384] 174e4ab8-5843-40a0-af04-8d94c3d1b1a1: checkpointed 58122 records.
2026-09-26T11:00:29Z INFO [101/384] 174e9c78-5c13-435b-b801-fb70528703bf: Sackin index -0.1120; 1.1 s; peak memory 274 MiB.
2026-09-26T11:00:31Z INFO [102/384] 174ebe82-20c3-4818-ba61-5c8f69c5336a: Sackin index -0.0702; 1.6 s; peak memory 274 MiB.
2026-09-26T11:00:32Z INFO [103/384] 174f63a5-c5f0-4b08-afa3-81fc4c96187e: Sackin index -0.0702; 1.5 s; peak memory 274 MiB.
2026-09-26T11:00:35Z INFO [104/384] 174f7808-425e-4d21-a3ae-55016da10f55: Sackin index -0.0699; 2.9 s; peak memory 274 MiB.
2026-09-26T11:00:38Z INFO [105/384] 174fe02d-7691-4d9c-bcb9-72eec206077d: Sackin index -0.0704; 2.9 s; peak memory 274 MiB.
2026-09-26T11:00:40Z INFO [106/384] 17519afe-ada3-40ca-b7d6-b77a0e87b4d1: Sackin index -0.1191; 1.3 s; peak memory 274 MiB.
2026-09-26T11:00:41Z INFO [107/384] 1751e552-d913-4758-b068-46fc3e022084: Sackin index -0.0956; 1.5 s; peak memory 274 MiB.
2026-09-26T11:00:42Z INFO [108/384] 17527cd0-256a-408c-8d26-1bd9f4258e02: Sackin index -0.1448; 1.0 s; peak memory 274 MiB.
2026-09-26T11:00:52Z INFO [109/384] 1752a113-1aea-467a-883e-360d1534637e: Sackin index -0.0167; 10.1 s; peak memory 274 MiB.
2026-09-26T11:00:54Z INFO [110/384] 17531c8b-e09f-4c14-9538-6e7836e774e2: Sackin index -0.0811; 1.4 s; peak memory 274 MiB.
2026-09-26T11:00:55Z INFO [111/384] 17541a02-d7cc-424d-92e1-35944db9f35f: Sackin index -0.1356; 1.0 s; peak memory 274 MiB.
2026-09-26T11:00:56Z INFO [112/384] 175465b1-32ef-43ee-89e8-95a6e251dd8b: Sackin index -0.1013; 1.8 s; peak memory 274 MiB.
2026-09-26T11:00:58Z INFO [113/384] 1754b3b7-5a2d-44df-8abb-7b6705f21e65: Sackin index -0.1191; 1.3 s; peak memory 274 MiB.
2026-09-26T11:03:31Z INFO [114/384] 1754b917-b57a-4954-b9d9-4d45675c2565: Sackin index -0.0271; 153.5 s; peak memory 310 MiB.
2026-09-26T11:03:35Z INFO [115/384] 1754c04b-393e-4c1f-8fdf-8468edf0d471: Sackin index -0.1017; 4.0 s; peak memory 310 MiB.
2026-09-26T11:03:45Z INFO [116/384] 1755329d-ad0d-4fa2-9d2e-befddcef5878: Sackin index -0.0017; 10.0 s; peak memory 310 MiB.
2026-09-26T11:03:47Z INFO [117/384] 17554888-9dee-4858-a8d6-e8e20385909e: Sackin index -0.1349; 1.3 s; peak memory 310 MiB.
2026-09-26T11:03:49Z INFO [118/384] 17555eb3-a487-4925-8212-afd1a785c1be: Sackin index -0.0728; 2.0 s; peak memory 310 MiB.
2026-09-26T11:03:51Z INFO [119/384] 17562f12-864d-4098-a42b-fbd02d405607: Sackin index -0.0369; 2.2 s; peak memory 310 MiB.
2026-09-26T11:03:52Z INFO [120/384] 17564ab3-fc55-4c9a-9eca-1cfe412fef06: Sackin index -0.0709; 1.5 s; peak memory 310 MiB.
2026-09-26T11:03:54Z INFO [121/384] 1757b058-dd1b-49e0-a40a-87e29c95798c: Sackin index -0.0715; 1.8 s; peak memory 310 MiB.
2026-09-26T11:03:56Z INFO [122/384] 1757d268-13f6-419d-aaec-c7aab7d3c46c: Sackin index -0.0375; 1.8 s; peak memory 310 MiB.
2026-09-26T11:03:59Z INFO [123/384] 1757fcd7-ccc7-46d4-a2df-a7de1c841bb5: Sackin index -0.0699; 3.1 s; peak memory 310 MiB.
2026-09-26T11:04:01Z INFO [124/384] 1758e77c-d612-422c-a799-f35ac518ef6f: Sackin index -0.0376; 1.8 s; peak memory 310 MiB.
2026-09-26T11:04:15Z INFO [125/384] 175982f5-2112-4367-b36b-0c75e961dbee: Sackin index -0.0178; 14.7 s; peak memory 310 MiB.
2026-09-26T11:04:16Z INFO [126/384] 1759a385-a27f-41dd-b142-caec0e4d6853: Sackin index -0.1938; 1.1 s; peak memory 310 MiB.
2026-09-26T11:06:38Z INFO [127/384] 1759aac4-6cce-4c76-9ace-fe0d6263ae14: Sackin index -0.0410; 141.3 s; peak memory 386 MiB.
2026-09-26T11:15:51Z INFO [128/384] 1759b6ca-7f21-4f35-822f-ebbfa84f5810: Sackin index -0.0691; 552.9 s; peak memory 1225 MiB.
2026-09-26T11:15:52Z INFO [129/384] 175a8c75-4dc4-4d5d-8b3b-91e39fee896b: Sackin index -0.0709; 1.5 s; peak memory 1225 MiB.
2026-09-26T11:15:54Z INFO [130/384] 175b2dad-be0a-4f0a-a132-b246e7685aad: Sackin index -0.0728; 1.8 s; peak memory 1225 MiB.
2026-09-26T11:15:56Z INFO [131/384] 175b3df1-c3ce-4927-97cc-a3c638123b72: Sackin index -0.0376; 1.9 s; peak memory 1225 MiB.
2026-09-26T11:15:58Z INFO [132/384] 175b924a-1ba3-4b79-b5ec-7819929bc346: Sackin index -0.0375; 1.7 s; peak memory 1225 MiB.
2026-09-26T11:15:59Z INFO [133/384] 175c8695-cfb8-4267-991d-3a20b0f9b0c9: Sackin index -0.1380; 1.4 s; peak memory 1225 MiB.
2026-09-26T11:17:16Z INFO [134/384] 175ca259-439b-438e-a4de-dbd176ac2ad5: Sackin index -0.1003; 76.7 s; peak memory 1225 MiB.
2026-09-26T11:17:17Z INFO [135/384] 175caf5f-be42-4086-bc8e-b188ab601097: Sackin index -0.1349; 1.2 s; peak memory 1225 MiB.
2026-09-26T11:17:18Z INFO [136/384] 175d049a-b523-4ee8-b653-e6cf0465153f: Sackin index -0.1349; 1.4 s; peak memory 1225 MiB.
2026-09-26T11:17:20Z INFO [137/384] 175df589-1ea4-4aa5-9180-b0df305fe7bb: Sackin index -0.0756; 1.8 s; peak memory 1225 MiB.
2026-09-26T11:17:21Z INFO [138/384] 175e7e2c-f6e2-4618-bcf3-c68581b5b13d: Sackin index -0.1174; 1.2 s; peak memory 1225 MiB.
2026-09-26T11:17:28Z INFO [139/384] 175e8731-2543-45df-b6a9-97e77feda718: Sackin index -0.0251; 6.9 s; peak memory 1225 MiB.
2026-09-26T11:17:29Z INFO [140/384] 175ed717-e5e5-470b-9b59-e969d2d84335: Sackin index -0.3646; 1.0 s; peak memory 1225 MiB.
2026-09-26T11:17:36Z INFO [141/384] 175f0876-7c47-4cd2-bd5c-9e6cd4e2ca2a: Sackin index -0.0435; 6.5 s; peak memory 1225 MiB.
2026-09-26T11:17:39Z INFO [142/384] 175f22db-c219-4667-8c26-bded68d5c13d: Sackin index -0.0622; 3.4 s; peak memory 1225 MiB.
2026-09-26T11:17:40Z INFO [143/384] 175f374d-ea9e-4e03-8bdf-4a84d17181ca: Sackin index -0.1658; 1.0 s; peak memory 1225 MiB.
2026-09-26T11:17:47Z INFO [144/384] 175f8208-4482-4910-9e3c-6ef1e6aca07b: Sackin index -0.0476; 6.5 s; peak memory 1225 MiB.
2026-09-26T11:17:48Z INFO [145/384] 1761636c-1b99-4d27-8a03-57351bff3cef: Sackin index -0.1349; 1.2 s; peak memory 1225 MiB.
2026-09-26T11:17:49Z INFO [146/384] 1761e0de-2194-4982-a1c2-ff1a3f678224: Sackin index -0.1349; 1.2 s; peak memory 1225 MiB.
2026-09-26T11:17:54Z INFO [147/384] 17622f60-43b3-4255-b374-9a33cd33bbb3: Sackin index -0.0272; 5.2 s; peak memory 1225 MiB.
2026-09-26T11:17:56Z INFO [148/384] 1762a692-9277-4fb0-b579-9f8dab3899e3: Sackin index -0.0707; 1.4 s; peak memory 1225 MiB.
2026-09-26T11:18:02Z INFO [149/384] 176324a3-6a79-44f0-a069-059aa9df9aa3: Sackin index -0.0415; 5.9 s; peak memory 1225 MiB.
2026-09-26T11:18:04Z INFO [150/384] 1763d30e-1b3a-45d3-a0fc-15d83b03c242: Sackin index -0.0246; 2.4 s; peak memory 1225 MiB.
2026-09-26T11:18:04Z INFO [150/384] 1763d30e-1b3a-45d3-a0fc-15d83b03c242: checkpointed 58172 records.
2026-09-26T11:18:10Z INFO [151/384] 176487cd-2202-40c0-a792-77155657088c: Sackin index -0.0403; 5.4 s; peak memory 1225 MiB.
2026-09-26T11:18:11Z INFO [152/384] 1765021c-6035-4154-b448-8e9d64aab579: Sackin index -0.1658; 1.0 s; peak memory 1225 MiB.
2026-09-26T11:18:12Z INFO [153/384] 17652a82-f9f8-4523-b0a1-dac27b494d01: Sackin index -0.1349; 1.2 s; peak memory 1225 MiB.
2026-09-26T11:18:15Z INFO [154/384] 17654cec-4dc5-4e81-975d-304f1a8ff7e2: Sackin index -0.0693; 3.0 s; peak memory 1225 MiB.
2026-09-26T11:18:17Z INFO [155/384] 17657de4-da99-4816-b2ad-a3e763b0a0d9: Sackin index -0.0371; 1.7 s; peak memory 1225 MiB.
2026-09-26T11:18:18Z INFO [156/384] 17663eef-3cff-43e8-ac5a-ad2a010f6569: Sackin index -0.0696; 1.5 s; peak memory 1225 MiB.
2026-09-26T11:18:19Z INFO [157/384] 176678bd-da74-4357-9d5a-f2310a6e169d: Sackin index -0.1349; 1.1 s; peak memory 1225 MiB.
2026-09-26T11:18:32Z INFO [158/384] 17671def-c778-4d5a-be06-2b29871a4c98: Sackin index -0.0149; 13.0 s; peak memory 1225 MiB.
2026-09-26T11:18:34Z INFO [159/384] 1768952a-5a89-4975-9513-14fef4d32e5b: Sackin index -0.1273; 1.7 s; peak memory 1225 MiB.
2026-09-26T11:18:35Z INFO [160/384] 1768e430-8c7d-4994-98a7-09bb72819ac6: Sackin index -0.0696; 1.5 s; peak memory 1225 MiB.
2026-09-26T11:18:37Z INFO [161/384] 17690fb6-89df-4eaf-9c8d-a6412aa6267c: Sackin index -0.0752; 1.9 s; peak memory 1225 MiB.
2026-09-26T11:18:38Z INFO [162/384] 176969f1-3efa-4127-accb-adeca12d6165: Sackin index -0.1239; 1.1 s; peak memory 1225 MiB.
2026-09-26T11:18:48Z INFO [163/384] 17699963-e94f-4134-b867-15b516a7aff4: Sackin index -0.0240; 10.0 s; peak memory 1225 MiB.
2026-09-26T11:18:50Z INFO [164/384] 176a4169-3f41-4c64-a801-f6ce090c6940: Sackin index -0.1349; 1.2 s; peak memory 1225 MiB.
2026-09-26T11:18:52Z INFO [165/384] 176ac97f-71c0-43de-9f4b-a64c3c66c658: Sackin index -0.0728; 1.9 s; peak memory 1225 MiB.
2026-09-26T11:18:53Z INFO [166/384] 176b13e6-37ac-4bc2-9035-64531e8e8aef: Sackin index -0.0728; 1.8 s; peak memory 1225 MiB.
2026-09-26T11:18:55Z INFO [167/384] 176b5466-5310-4ade-81c8-d4cb72852b6b: Sackin index -0.1349; 1.3 s; peak memory 1225 MiB.
2026-09-26T11:18:56Z INFO [168/384] 176b584c-be42-4ce2-98e9-89830806f3e1: Sackin index -0.0376; 1.7 s; peak memory 1225 MiB.
2026-09-26T11:18:57Z INFO [169/384] 176bbbf4-f5c5-4c84-8fd0-d7cd108faa72: Sackin index -0.1349; 1.2 s; peak memory 1225 MiB.
2026-09-26T11:18:59Z INFO [170/384] 176bc9ca-876b-44e7-b6fa-f083f07c1058: Sackin index -0.1349; 1.2 s; peak memory 1225 MiB.
2026-09-26T11:19:01Z INFO [171/384] 176c0b52-d34f-4545-badc-9c4db071a32f: Sackin index -0.0237; 2.6 s; peak memory 1225 MiB.
2026-09-26T11:19:12Z INFO [172/384] 176c4111-9a62-4de3-9003-0303080072d6: Sackin index -0.0017; 10.2 s; peak memory 1225 MiB.
2026-09-26T11:19:36Z INFO [173/384] 176c5877-bfb4-457d-bedb-6a14c4fd6af3: Sackin index -0.1367; 24.2 s; peak memory 1225 MiB.
2026-09-26T11:19:37Z INFO [174/384] 176d25f3-2117-4ebf-8729-bd9135e7a45a: Sackin index -0.1319; 1.2 s; peak memory 1225 MiB.
2026-09-26T11:19:38Z INFO [175/384] 176d671a-7263-4cca-a802-107469f1cb3f: Sackin index -0.0702; 1.6 s; peak memory 1225 MiB.
2026-09-26T11:19:40Z INFO [176/384] 176e4780-b9e8-4ba8-b8a1-dd5ab82cbc69: Sackin index -0.0702; 1.4 s; peak memory 1225 MiB.
2026-09-26T11:19:41Z INFO [177/384] 176edfbc-a791-47ea-bd37-d19560d02423: Sackin index -0.1349; 1.3 s; peak memory 1225 MiB.
2026-09-26T11:19:43Z INFO [178/384] 176ef890-88f0-41d1-85ff-a51252fc1e71: Sackin index -0.0696; 1.4 s; peak memory 1225 MiB.
2026-09-26T11:19:46Z INFO [179/384] 17702ecd-a722-4639-a672-1a7d66ff564a: Sackin index -0.0676; 3.0 s; peak memory 1225 MiB.
2026-09-26T11:19:49Z INFO [180/384] 17702f42-0b01-4971-a0d7-51eadb7681c7: Sackin index -0.0704; 3.3 s; peak memory 1225 MiB.
2026-09-26T11:19:59Z INFO [181/384] 17703948-c2de-4133-a16d-78fc88e167ec: Sackin index -0.1433; 9.9 s; peak memory 1225 MiB.
2026-09-26T11:20:01Z INFO [182/384] 17703a6f-05cd-4db3-a229-106098459c58: Sackin index -0.0709; 1.7 s; peak memory 1225 MiB.
2026-09-26T11:23:03Z INFO [183/384] 17703f76-1989-4643-8011-ce50dbf5bca4: Sackin index -0.0375; 182.1 s; peak memory 1225 MiB.
2026-09-26T11:23:04Z INFO [184/384] 17704cfd-e58d-4570-bf94-11f828b6ecfc: Sackin index -0.0702; 1.5 s; peak memory 1225 MiB.
2026-09-26T11:23:07Z INFO [185/384] 17718ef7-4bd2-4384-ad2d-2d3bdb72f88b: Sackin index -0.1243; 2.5 s; peak memory 1225 MiB.
2026-09-26T11:23:08Z INFO [186/384] 1771ff2f-777a-4694-97b5-26dda565f771: Sackin index -0.0709; 1.5 s; peak memory 1225 MiB.
2026-09-26T11:23:09Z INFO [187/384] 17722154-f63d-4a35-a4db-4d49e2bda26a: Sackin index -0.1349; 1.3 s; peak memory 1225 MiB.
2026-09-26T11:23:11Z INFO [188/384] 1772968a-03b7-4c9e-9bd2-61c0e4235c64: Sackin index -0.1349; 1.3 s; peak memory 1225 MiB.
2026-09-26T11:23:14Z INFO [189/384] 1773b210-6336-4c96-a985-a0fd762ea209: Sackin index -0.0699; 2.8 s; peak memory 1225 MiB.
2026-09-26T11:23:15Z INFO [190/384] 17747a4a-1b67-48fd-919f-983c0f98fa96: Sackin index -0.0707; 1.4 s; peak memory 1225 MiB.
2026-09-26T11:23:16Z INFO [191/384] 1774998a-9a88-4050-bb27-3c7ad2bb12fa: Sackin index -0.1349; 1.2 s; peak memory 1225 MiB.
2026-09-26T11:23:17Z INFO [192/384] 17750d2c-914d-450b-84ba-28989d0f134b: Sackin index -0.1349; 1.2 s; peak memory 1225 MiB.
2026-09-26T11:23:29Z INFO [193/384] 1775445e-c121-4eac-b54b-16de1af42003: Sackin index -0.0170; 11.6 s; peak memory 1225 MiB.
2026-09-26T11:23:32Z INFO [194/384] 1776188c-42ae-498f-823b-18691ef0cd30: Sackin index -0.0246; 2.5 s; peak memory 1225 MiB.
2026-09-26T11:23:56Z INFO [195/384] 17763943-6084-4187-8fb8-17adeb832764: Sackin index -0.0115; 24.3 s; peak memory 1225 MiB.
2026-09-26T11:24:00Z INFO [196/384] 1776513a-faed-4f4f-88ad-565bcc03c7c4: Sackin index -0.0594; 4.1 s; peak memory 1225 MiB.
2026-09-26T11:24:01Z INFO [197/384] 1776f4f9-d480-4ee0-9eda-95d0bce514f9: Sackin index -0.1349; 1.2 s; peak memory 1225 MiB.
2026-09-26T11:24:03Z INFO [198/384] 1777b6c7-cb44-4ac1-97ad-655e6e10d22f: Sackin index -0.0702; 1.5 s; peak memory 1225 MiB.
2026-09-26T11:24:06Z INFO [199/384] 17782de7-8455-4fcb-9420-5dbc4ea7d2b2: Sackin index -0.0660; 3.5 s; peak memory 1225 MiB.
2026-09-26T11:24:08Z INFO [200/384] 17785d3e-8ed7-4db2-9f28-588364e65a2b: Sackin index -0.1026; 2.0 s; peak memory 1225 MiB.
2026-09-26T11:24:08Z INFO [200/384] 17785d3e-8ed7-4db2-9f28-588364e65a2b: checkpointed 58222 records.
2026-09-26T11:24:10Z INFO [201/384] 17788298-b53f-46ae-a7a2-5cb06820f528: Sackin index -0.1370; 2.1 s; peak memory 1225 MiB.
2026-09-26T11:24:12Z INFO [202/384] 177894b3-95d7-4394-8fe5-dc88ac2c54fd: Sackin index -0.0728; 1.9 s; peak memory 1225 MiB.
2026-09-26T11:24:14Z INFO [203/384] 1778c79e-d7e5-4391-98f0-b563a49f0a86: Sackin index -0.1349; 1.2 s; peak memory 1225 MiB.
2026-09-26T11:24:15Z INFO [204/384] 1778e498-44f5-405b-9118-c8e42ab3b075: Sackin index -0.0728; 1.6 s; peak memory 1225 MiB.
2026-09-26T11:24:16Z INFO [205/384] 17791f3f-c0e6-4f33-8d7b-1c9ac0a60f77: Sackin index -0.1349; 1.2 s; peak memory 1225 MiB.
2026-09-26T11:24:18Z INFO [206/384] 17796791-96e0-4ba1-a137-1eeb0a58933a: Sackin index -0.0715; 1.3 s; peak memory 1225 MiB.
2026-09-26T11:24:33Z INFO [207/384] 177aa4f3-0e46-40f8-9d0e-db1872edd7c3: Sackin index -0.1892; 15.2 s; peak memory 1225 MiB.
2026-09-26T11:24:34Z INFO [208/384] 177b1bb7-4182-41a3-88a7-96cd968f5b2f: Sackin index -0.1383; 1.5 s; peak memory 1225 MiB.
2026-09-26T11:24:36Z INFO [209/384] 177bda24-065b-41bb-afca-d4684d651a23: Sackin index -0.0656; 1.7 s; peak memory 1225 MiB.
2026-09-26T11:24:37Z INFO [210/384] 177c3cbd-b746-4083-b918-282683c4615c: Sackin index -0.1349; 1.3 s; peak memory 1225 MiB.
2026-09-26T11:24:46Z INFO [211/384] 177c5855-9243-4768-b10d-7fe8873faf42: Sackin index -0.0157; 8.9 s; peak memory 1225 MiB.
2026-09-26T11:24:48Z INFO [212/384] 177c6d96-23b9-49af-8fa8-db704aecc95d: Sackin index -0.1349; 1.3 s; peak memory 1225 MiB.
2026-09-26T11:24:54Z INFO [213/384] 177d4947-e4d2-4847-9d83-285b36fff615: Sackin index -0.0076; 6.0 s; peak memory 1225 MiB.
2026-09-26T11:24:55Z INFO [214/384] 177d874c-a242-4348-913e-430651d86329: Sackin index -0.0728; 1.7 s; peak memory 1225 MiB.
2026-09-26T11:24:57Z INFO [215/384] 177deb08-17b6-4850-bcd2-6f8c57edd74d: Sackin index -0.0728; 1.8 s; peak memory 1225 MiB.
2026-09-26T11:28:52Z INFO [216/384] 177debb8-c0f1-408b-a4ab-f8f24a5173ba: Sackin index -0.0451; 234.5 s; peak memory 1225 MiB.
2026-09-26T11:28:53Z INFO [217/384] 177e0dee-d5f7-4741-98e9-e8b039684098: Sackin index -0.1254; 1.1 s; peak memory 1225 MiB.
2026-09-26T11:28:55Z INFO [218/384] 177f2bea-1c5b-488a-ad05-8cca8560d1c6: Sackin index -0.0728; 1.9 s; peak memory 1225 MiB.
2026-09-26T11:28:59Z INFO [219/384] 177f7b74-5962-4e5e-9da7-d1eb85768bc0: Sackin index -0.0366; 4.1 s; peak memory 1225 MiB.
2026-09-26T11:30:36Z INFO [220/384] 177fc3a1-4676-452e-84c2-631c2c670cf0: Sackin index -0.0972; 96.8 s; peak memory 1225 MiB.
2026-09-26T11:30:37Z INFO [221/384] 177fff86-b327-470b-8891-fb72067db502: Sackin index -0.0702; 1.6 s; peak memory 1225 MiB.
2026-09-26T11:30:39Z INFO [222/384] 17806a2e-ffa3-46a9-b019-e25ca0e90a46: Sackin index -0.0728; 1.8 s; peak memory 1225 MiB.
2026-09-26T11:30:40Z INFO [223/384] 17808437-15f2-40ce-ac68-219336eb3c30: Sackin index -0.1349; 1.2 s; peak memory 1225 MiB.
2026-09-26T11:30:41Z INFO [224/384] 1780b6a3-f6dd-4055-923c-de7e1dfd878a: Sackin index -0.1349; 1.2 s; peak memory 1225 MiB.
2026-09-26T11:30:45Z INFO [225/384] 178120f2-35ce-44e5-af31-ada54664257b: Sackin index -0.0492; 3.3 s; peak memory 1225 MiB.
2026-09-26T11:30:46Z INFO [226/384] 178123bb-57f6-47f3-961d-e7db7c3b41b3: Sackin index -0.1349; 1.3 s; peak memory 1225 MiB.
2026-09-26T11:30:47Z INFO [227/384] 178161e0-161c-4f1d-ae8b-8d171fd0d51f: Sackin index -0.1349; 1.2 s; peak memory 1225 MiB.
2026-09-26T11:30:48Z INFO [228/384] 1781a24c-316c-44ba-a6fe-a7cb3f303a62: Sackin index -0.1349; 1.3 s; peak memory 1225 MiB.
2026-09-26T11:30:50Z INFO [229/384] 1782281c-507e-4f1d-a376-c805f9157276: Sackin index -0.1273; 1.6 s; peak memory 1225 MiB.
2026-09-26T11:30:52Z INFO [230/384] 17822e59-af8e-4939-aa7c-5bb1398d7e7f: Sackin index -0.0728; 2.0 s; peak memory 1225 MiB.
2026-09-26T11:30:54Z INFO [231/384] 17834fdc-e3c7-4fc4-9b9a-1f591a91ddd3: Sackin index -0.0369; 2.4 s; peak memory 1225 MiB.
2026-09-26T11:30:56Z INFO [232/384] 17836602-d780-4bb4-96f8-9ec830de2c07: Sackin index -0.1322; 1.2 s; peak memory 1225 MiB.
2026-09-26T11:30:57Z INFO [233/384] 1783a291-2378-4f4f-9425-9dd80aca1e70: Sackin index -0.1239; 1.1 s; peak memory 1225 MiB.
2026-09-26T11:30:58Z INFO [234/384] 1783bbca-89a1-47b5-be5b-ddf464685b08: Sackin index -0.1349; 1.2 s; peak memory 1225 MiB.
2026-09-26T11:31:06Z INFO [235/384] 1786396f-010b-4693-9064-58c35cac8dd1: Sackin index -0.0251; 7.6 s; peak memory 1225 MiB.
2026-09-26T11:31:07Z INFO [236/384] 1786f16c-f6f3-4bc6-9ff1-6efe70ebadca: Sackin index -0.0702; 1.4 s; peak memory 1225 MiB.
2026-09-26T11:31:09Z INFO [237/384] 17875b5f-0738-4179-924f-a9b593135f8f: Sackin index -0.0696; 1.5 s; peak memory 1225 MiB.
2026-09-26T11:31:11Z INFO [238/384] 1787907b-a0f8-4760-a0d4-2726b0145620: Sackin index -0.0745; 2.1 s; peak memory 1225 MiB.
2026-09-26T11:31:13Z INFO [239/384] 178795ac-dfba-4cba-988a-17d10c07704c: Sackin index -0.0728; 2.2 s; peak memory 1225 MiB.
2026-09-26T11:31:15Z INFO [240/384] 17880911-057a-4208-a4f1-746247146b73: Sackin index -0.1408; 1.6 s; peak memory 1225 MiB.
2026-09-26T11:31:16Z INFO [241/384] 17885915-15c9-4d23-99df-9f62b37fd078: Sackin index -0.1365; 1.3 s; peak memory 1225 MiB.
2026-09-26T11:31:17Z INFO [242/384] 1788c538-b37c-4fc9-a421-757949296e7c: Sackin index -0.0380; 1.4 s; peak memory 1225 MiB.
2026-09-26T11:31:19Z INFO [243/384] 1788d6ba-bc3d-46f7-88e5-62dbe1e66949: Sackin index -0.0376; 1.8 s; peak memory 1225 MiB.
2026-09-26T11:31:20Z INFO [244/384] 178972e6-94c2-44f9-b024-5dc867225775: Sackin index -0.1658; 0.9 s; peak memory 1225 MiB.
2026-09-26T11:31:21Z INFO [245/384] 1789f489-db7e-4de7-8fb7-a0f2ef37729f: Sackin index -0.0387; 1.5 s; peak memory 1225 MiB.
2026-09-26T11:31:23Z INFO [246/384] 178a0eb5-b6e7-4143-910f-f1ed034ecc57: Sackin index -0.1349; 1.3 s; peak memory 1225 MiB.
2026-09-26T11:31:25Z INFO [247/384] 178c00d5-4dfe-461f-8cd1-d44daeb26f43: Sackin index -0.0728; 2.0 s; peak memory 1225 MiB.
2026-09-26T11:31:26Z INFO [248/384] 178c0f52-1401-4232-9b4a-75ad6748eb78: Sackin index -0.0702; 1.5 s; peak memory 1225 MiB.
2026-09-26T11:31:28Z INFO [249/384] 178c5b33-6e7d-47b4-bc20-82e514f6c1a3: Sackin index -0.0377; 1.5 s; peak memory 1225 MiB.
2026-09-26T11:31:29Z INFO [250/384] 178d3723-2471-40f3-9ccb-c07c8b321f29: Sackin index -0.1741; 1.2 s; peak memory 1225 MiB.
2026-09-26T11:31:29Z INFO [250/384] 178d3723-2471-40f3-9ccb-c07c8b321f29: checkpointed 58272 records.
2026-09-26T11:31:31Z INFO [251/384] 178dc2d0-0c0c-40eb-aa6a-d44231aa16a3: Sackin index -0.1356; 1.8 s; peak memory 1225 MiB.
2026-09-26T11:31:32Z INFO [252/384] 178dce3e-7caa-49d1-9fde-85f0306abe83: Sackin index -0.0702; 1.5 s; peak memory 1225 MiB.
2026-09-26T11:31:33Z INFO [253/384] 178e2765-4aa3-4aa8-a948-569cab4473bb: Sackin index -0.1349; 1.2 s; peak memory 1225 MiB.
2026-09-26T11:31:44Z INFO [254/384] 178eb95e-683b-4f6c-ae86-ba8d997ef134: Sackin index -0.0366; 10.1 s; peak memory 1225 MiB.
2026-09-26T11:31:49Z INFO [255/384] 17910083-79e3-4518-a8e6-78ac4e906598: Sackin index -0.0403; 5.8 s; peak memory 1225 MiB.
2026-09-26T11:31:51Z INFO [256/384] 17910ec5-0a38-44f0-84f4-6b86b19eaa62: Sackin index -0.0745; 1.9 s; peak memory 1225 MiB.
2026-09-26T11:31:52Z INFO [257/384] 1791d689-9db1-4d75-af5b-95a18de7d0ea: Sackin index -0.1658; 1.0 s; peak memory 1225 MiB.
2026-09-26T11:31:55Z INFO [258/384] 1792ef81-4e05-4fcb-bd24-a7f4384c233b: Sackin index -0.0681; 3.0 s; peak memory 1225 MiB.
2026-09-26T11:31:57Z INFO [259/384] 1793174e-338e-4bcb-891e-e511f7c668dc: Sackin index -0.1349; 1.2 s; peak memory 1225 MiB.
2026-09-26T11:32:08Z INFO [260/384] 1793ec42-923e-4404-9141-55d54664d53d: Sackin index -0.0697; 11.7 s; peak memory 1225 MiB.
2026-09-26T11:32:10Z INFO [261/384] 17956f7d-4f7e-4a37-8c64-cc7392f67051: Sackin index -0.1272; 1.9 s; peak memory 1225 MiB.
2026-09-26T11:32:11Z INFO [262/384] 179642e9-4030-413f-bfeb-418c14a04df7: Sackin index -0.1658; 0.9 s; peak memory 1225 MiB.
2026-09-26T11:32:13Z INFO [263/384] 17969f89-0075-4ca2-873b-55c34e108ffe: Sackin index -0.0379; 1.7 s; peak memory 1225 MiB.
2026-09-26T11:32:14Z INFO [264/384] 17977283-7e1a-4e42-b590-15706726047f: Sackin index -0.1349; 1.2 s; peak memory 1225 MiB.
2026-09-26T11:32:17Z INFO [265/384] 17979c97-2875-4e70-a775-7a370ead3184: Sackin index -0.0704; 2.8 s; peak memory 1225 MiB.
2026-09-26T11:32:18Z INFO [266/384] 1797cda5-8a20-4cb4-8a14-2db734aa6f5b: Sackin index -0.1120; 1.0 s; peak memory 1225 MiB.
2026-09-26T11:32:20Z INFO [267/384] 1797e2f3-b19c-4d87-b672-d9b72d94be6c: Sackin index -0.0375; 1.7 s; peak memory 1225 MiB.
2026-09-26T11:32:21Z INFO [268/384] 17980157-75e1-40e6-94d1-fed01e59442d: Sackin index -0.1349; 1.3 s; peak memory 1225 MiB.
2026-09-26T11:32:22Z INFO [269/384] 17991ad0-d93a-4da6-ab3a-7f1ac9f10566: Sackin index -0.1239; 1.1 s; peak memory 1225 MiB.
2026-09-26T11:32:23Z INFO [270/384] 17993bd5-13e9-4d9c-ab7e-54165935ad7a: Sackin index -0.0707; 1.2 s; peak memory 1225 MiB.
2026-09-26T11:32:25Z INFO [271/384] 179954eb-71e0-4d1a-8601-a0480149600f: Sackin index -0.0702; 1.5 s; peak memory 1225 MiB.
2026-09-26T11:32:26Z INFO [272/384] 179a9749-f5fa-488a-b679-2dbe74731657: Sackin index -0.1191; 1.6 s; peak memory 1225 MiB.
2026-09-26T11:32:28Z INFO [273/384] 179aa07d-33af-4f7d-a53a-b948d24a8595: Sackin index -0.1248; 1.4 s; peak memory 1225 MiB.
2026-09-26T11:32:30Z INFO [274/384] 179ae96b-a10c-4336-a546-c0b3508b6a9e: Sackin index -0.1243; 2.3 s; peak memory 1225 MiB.
2026-09-26T11:32:32Z INFO [275/384] 179b6eb4-a194-4713-9593-cacc99c6cffa: Sackin index -0.0379; 1.5 s; peak memory 1225 MiB.
2026-09-26T11:32:33Z INFO [276/384] 179b92f6-291a-4bff-87cb-cff73e5fd44b: Sackin index -0.1349; 1.2 s; peak memory 1225 MiB.
2026-09-26T11:32:36Z INFO [277/384] 179b9986-69f6-4b4a-9c02-181cf240d029: Sackin index -0.0722; 3.3 s; peak memory 1225 MiB.
2026-09-26T11:32:37Z INFO [278/384] 179baa0e-7a4f-4166-9a0d-41dd792d89d4: Sackin index -0.1120; 1.0 s; peak memory 1225 MiB.
2026-09-26T11:32:39Z INFO [279/384] 179bdd7d-99b5-4a5b-946f-9a174b56d361: Sackin index -0.1273; 1.5 s; peak memory 1225 MiB.
2026-09-26T11:32:45Z INFO [280/384] 179c0a92-a999-414a-bfc0-7a4a3138ba05: Sackin index -0.0403; 5.9 s; peak memory 1225 MiB.
2026-09-26T11:32:46Z INFO [281/384] 179d1208-e00b-45ad-a947-896d4eb71958: Sackin index -0.0728; 1.5 s; peak memory 1225 MiB.
2026-09-26T11:32:48Z INFO [282/384] 179e1a9d-176f-488b-9d1a-cbe0e49f695b: Sackin index -0.0728; 1.9 s; peak memory 1225 MiB.
2026-09-26T11:32:58Z INFO [283/384] 179ec1d9-7aef-4689-b03e-eb6bb35e65dd: Sackin index -0.0339; 9.6 s; peak memory 1225 MiB.
2026-09-26T11:32:59Z INFO [284/384] 179f3342-342b-4ccc-ae9c-c90c4f94f951: Sackin index -0.1349; 1.2 s; peak memory 1225 MiB.
2026-09-26T11:33:00Z INFO [285/384] 179f4cfb-f778-447b-9ac7-b495fb37ccd1: Sackin index -0.0709; 1.5 s; peak memory 1225 MiB.
2026-09-26T11:33:02Z INFO [286/384] 179f5856-491f-472a-8604-c2845bc28406: Sackin index -0.0702; 1.4 s; peak memory 1225 MiB.
2026-09-26T11:33:04Z INFO [287/384] 179f7cfb-a161-4df8-8296-134be749b68b: Sackin index -0.0370; 2.0 s; peak memory 1225 MiB.
2026-09-26T11:33:05Z INFO [288/384] 179fdea8-cb81-45e3-8da4-cb53242fc8f6: Sackin index -0.1349; 1.3 s; peak memory 1225 MiB.
2026-09-26T11:33:07Z INFO [289/384] 17a0d516-dd4e-4be3-a4de-36879e7ab0a3: Sackin index -0.0702; 1.6 s; peak memory 1225 MiB.
2026-09-26T11:33:09Z INFO [290/384] 17a0d71d-5e29-4564-899f-9b3883ac9690: Sackin index -0.1938; 2.7 s; peak memory 1225 MiB.
2026-09-26T11:33:21Z INFO [291/384] 17a202b7-229f-4d39-9025-1cd37707bdaf: Sackin index -0.0776; 11.4 s; peak memory 1225 MiB.
2026-09-26T11:33:22Z INFO [292/384] 17a413fa-529a-4f69-b202-9359bb3d8820: Sackin index -0.1448; 1.1 s; peak memory 1225 MiB.
2026-09-26T11:33:29Z INFO [293/384] 17a4bca4-dcb4-4d02-ac1a-9b09cef3503a: Sackin index -0.0413; 6.9 s; peak memory 1225 MiB.
2026-09-26T11:33:31Z INFO [294/384] 17a546c4-6425-4c56-a43e-9f9f272d299c: Sackin index -0.0172; 2.3 s; peak memory 1225 MiB.
2026-09-26T11:33:43Z INFO [295/384] 17a602dd-595a-42fa-9c9a-58e022af6ba1: Sackin index -0.0691; 12.2 s; peak memory 1225 MiB.
2026-09-26T11:33:45Z INFO [296/384] 17a665cd-0f01-48a7-8748-cb4d63101527: Sackin index -0.1370; 1.8 s; peak memory 1225 MiB.
2026-09-26T11:33:46Z INFO [297/384] 17a66611-1534-44c6-9146-820c94cd44b7: Sackin index -0.1349; 1.2 s; peak memory 1225 MiB.
2026-09-26T11:33:48Z INFO [298/384] 17a7bb41-0e40-4305-abcd-d866d42385ec: Sackin index -0.0881; 1.6 s; peak memory 1225 MiB.
2026-09-26T11:33:49Z INFO [299/384] 17a7d574-a6d4-4459-a175-49600039710f: Sackin index -0.0702; 1.5 s; peak memory 1225 MiB.
2026-09-26T11:33:51Z INFO [300/384] 17a99124-b43c-4763-bafe-39d148fc37d1: Sackin index -0.0702; 1.5 s; peak memory 1225 MiB.
2026-09-26T11:33:51Z INFO [300/384] 17a99124-b43c-4763-bafe-39d148fc37d1: checkpointed 58322 records.
2026-09-26T11:33:56Z INFO [301/384] 17a9cc60-df4a-4174-a564-ba5ee9aad021: Sackin index -0.0277; 5.4 s; peak memory 1225 MiB.
2026-09-26T11:34:00Z INFO [302/384] 17a9daba-c276-4a0b-810e-35639e4cf333: Sackin index -0.0660; 3.4 s; peak memory 1225 MiB.
2026-09-26T11:34:01Z INFO [303/384] 17aaa6ba-143b-4625-b7bd-280c7211a216: Sackin index -0.0702; 1.5 s; peak memory 1225 MiB.
2026-09-26T11:34:03Z INFO [304/384] 17ac3a1d-5651-427c-9af9-bc17a071c528: Sackin index -0.1273; 1.7 s; peak memory 1225 MiB.
2026-09-26T11:34:04Z INFO [305/384] 17ac42bc-fa89-4bd2-a32c-05a9e68ddb9c: Sackin index -0.1349; 1.2 s; peak memory 1225 MiB.
2026-09-26T11:34:06Z INFO [306/384] 17ac8192-5d29-4934-8dbf-f6a90c34cdea: Sackin index -0.0728; 1.8 s; peak memory 1225 MiB.
2026-09-26T11:34:07Z INFO [307/384] 17ac83e1-900a-43d1-8d63-5b8c5c733000: Sackin index -0.1349; 1.1 s; peak memory 1225 MiB.
2026-09-26T11:34:13Z INFO [308/384] 17ad5467-d085-40d2-94d5-2218410a8785: Sackin index -0.0403; 5.6 s; peak memory 1225 MiB.
2026-09-26T11:34:22Z INFO [309/384] 17ad9637-6596-4b1b-bd19-653d10f5f1d0: Sackin index -0.0169; 9.5 s; peak memory 1225 MiB.
2026-09-26T11:34:24Z INFO [310/384] 17adad4c-74ea-4099-b71e-c5b06510ab26: Sackin index -0.0702; 1.6 s; peak memory 1225 MiB.
2026-09-26T11:34:25Z INFO [311/384] 17ae0a63-7bc5-47ec-8ca5-c3814e1d3ec0: Sackin index -0.1248; 1.4 s; peak memory 1225 MiB.
2026-09-26T11:34:26Z INFO [312/384] 17ae7d88-d045-4244-875d-a3dfdd2ca9da: Sackin index -0.1135; 1.0 s; peak memory 1225 MiB.
2026-09-26T11:34:33Z INFO [313/384] 17af22ef-709b-43d1-b46d-b23f7c0b0214: Sackin index -0.0251; 6.5 s; peak memory 1225 MiB.
2026-09-26T11:34:34Z INFO [314/384] 17af7031-2339-447b-9b30-ec62e1a0e3ca: Sackin index -0.1349; 1.3 s; peak memory 1225 MiB.
2026-09-26T11:34:35Z INFO [315/384] 17b1d1a9-5b06-4417-a51b-434d2fafeead: Sackin index -0.1349; 1.2 s; peak memory 1225 MiB.
2026-09-26T11:34:36Z INFO [316/384] 17b28337-d0f7-412b-b9ba-74555a8c7ad7: Sackin index -0.1349; 1.3 s; peak memory 1225 MiB.
2026-09-26T11:34:55Z INFO [317/384] 17b304b0-7b81-4a5c-8794-3e3df673c7c4: Sackin index -0.0196; 18.4 s; peak memory 1225 MiB.
2026-09-26T11:34:56Z INFO [318/384] 17b3a395-0648-4e1e-9fff-9e7c55a77f22: Sackin index -0.0728; 1.8 s; peak memory 1225 MiB.
2026-09-26T11:34:58Z INFO [319/384] 17b3adde-0d0f-4fad-a6a8-a502fc318737: Sackin index -0.0369; 1.9 s; peak memory 1225 MiB.
2026-09-26T11:35:01Z INFO [320/384] 17b3b76b-3dfa-4912-8c4b-ee939cfe77b5: Sackin index -0.0716; 2.5 s; peak memory 1225 MiB.
2026-09-26T11:35:02Z INFO [321/384] 17b44218-171a-4790-9871-c1965aea5829: Sackin index -0.1349; 1.2 s; peak memory 1225 MiB.
2026-09-26T11:35:15Z INFO [322/384] 17b4807f-5cb4-4437-9da3-84f6110a1b67: Sackin index -0.0131; 13.2 s; peak memory 1225 MiB.
2026-09-26T11:35:18Z INFO [323/384] 17b4f509-a83e-4982-b318-426ea608c3cc: Sackin index -0.0693; 3.1 s; peak memory 1225 MiB.
2026-09-26T11:35:20Z INFO [324/384] 17b4fe75-7c43-497b-b5dc-18784e3c9ae7: Sackin index -0.0702; 1.4 s; peak memory 1225 MiB.
2026-09-26T11:35:21Z INFO [325/384] 17b564e2-9529-4abb-b7f6-11f8892101a3: Sackin index -0.0384; 1.5 s; peak memory 1225 MiB.
2026-09-26T11:35:22Z INFO [326/384] 17b61141-dd78-441c-8ea7-09ea181b7a68: Sackin index -0.1349; 1.2 s; peak memory 1225 MiB.
2026-09-26T11:35:24Z INFO [327/384] 17b6bdd1-50a8-4066-82a6-b67335d8e240: Sackin index -0.1349; 1.2 s; peak memory 1225 MiB.
2026-09-26T11:35:25Z INFO [328/384] 17b71ed0-9aa6-49df-a9ab-4d99483c6926: Sackin index -0.1658; 1.2 s; peak memory 1225 MiB.
2026-09-26T11:35:26Z INFO [329/384] 17b7261b-2ed4-42e4-ba73-928da3dded2e: Sackin index -0.1349; 1.2 s; peak memory 1225 MiB.
2026-09-26T11:35:27Z INFO [330/384] 17b72691-a47b-4ffb-b82c-0ff7ef52ea59: Sackin index -0.1349; 1.3 s; peak memory 1225 MiB.
2026-09-26T11:35:29Z INFO [331/384] 17b7ba05-8170-4d99-be0f-4e2631be377d: Sackin index -0.1461; 1.2 s; peak memory 1225 MiB.
2026-09-26T11:35:47Z INFO [332/384] 17b842a0-0492-40d0-ae02-bfa4bccf9aa7: Sackin index -0.0205; 18.0 s; peak memory 1225 MiB.
2026-09-26T11:35:48Z INFO [333/384] 17b8dbee-2a24-4297-8c69-8885b83669ff: Sackin index -0.1349; 1.2 s; peak memory 1225 MiB.
2026-09-26T11:35:49Z INFO [334/384] 17b938f7-df9f-4a8c-87c2-0cc7c1ecdf00: Sackin index -0.1349; 1.2 s; peak memory 1225 MiB.
2026-09-26T11:35:52Z INFO [335/384] 17b9858a-a123-4adb-a4e4-ab4e2e163cb8: Sackin index -0.1938; 2.6 s; peak memory 1225 MiB.
2026-09-26T11:35:53Z INFO [336/384] 17b98734-de00-4129-b709-42a1e72b3ce3: Sackin index -0.0702; 1.5 s; peak memory 1225 MiB.
2026-09-26T11:36:09Z INFO [337/384] 17bb3b1a-ce96-40c2-8939-c489d379e0b4: Sackin index -0.0150; 15.6 s; peak memory 1225 MiB.
2026-09-26T11:36:10Z INFO [338/384] 17bdb66c-f195-4c38-90ed-0dd255c8308e: Sackin index -0.1349; 1.3 s; peak memory 1225 MiB.
2026-09-26T11:36:12Z INFO [339/384] 17befbb2-a423-4e66-96a2-37b19d5ad580: Sackin index -0.0715; 1.5 s; peak memory 1225 MiB.
2026-09-26T11:36:19Z INFO [340/384] 17bfc3a4-feff-464f-aad7-1becc40a42c4: Sackin index -0.0193; 7.4 s; peak memory 1225 MiB.
2026-09-26T11:36:20Z INFO [341/384] 17c06e72-94f0-47f4-a56b-a4f0d1393f6e: Sackin index -0.1161; 1.1 s; peak memory 1225 MiB.
2026-09-26T11:36:21Z INFO [342/384] 17c07646-5350-45c5-8242-49b4b88fbf7e: Sackin index -0.1349; 1.3 s; peak memory 1225 MiB.
2026-09-26T11:36:32Z INFO [343/384] 17c37e6b-aadc-4eec-8846-26c13cdf720d: Sackin index -0.0148; 10.3 s; peak memory 1225 MiB.
2026-09-26T11:40:31Z INFO [344/384] 17c52716-2b62-44c5-ac4a-b8510df3a1bf: Sackin index -0.0891; 239.7 s; peak memory 1225 MiB.
2026-09-26T11:40:34Z INFO [345/384] 17c5a306-e22e-4b66-bef6-0bfd72e57c27: Sackin index -0.0272; 2.3 s; peak memory 1225 MiB.
2026-09-26T11:40:36Z INFO [346/384] 17c5ab4c-5efe-4728-8860-69588b8be7fd: Sackin index -0.1269; 1.9 s; peak memory 1225 MiB.
2026-09-26T11:40:45Z INFO [347/384] 17c6c0d1-91b8-4a0a-893b-0355150eaa9a: Sackin index -0.0369; 9.0 s; peak memory 1225 MiB.
2026-09-26T11:41:08Z INFO [348/384] 17c6d78a-a99e-4406-a8cd-ff5bb89439a3: Sackin index -0.1367; 23.5 s; peak memory 1225 MiB.
2026-09-26T11:41:23Z INFO [349/384] 17c7a836-64d7-4679-8eda-4db61a6bbb0c: Sackin index -0.0284; 14.8 s; peak memory 1225 MiB.
2026-09-26T11:41:24Z INFO [350/384] 17c7a904-5dd6-4e39-81c6-66902a922e6d: Sackin index -0.0387; 1.5 s; peak memory 1225 MiB.
2026-09-26T11:41:25Z INFO [350/384] 17c7a904-5dd6-4e39-81c6-66902a922e6d: checkpointed 58372 records.
2026-09-26T11:41:26Z INFO [351/384] 17ca4ae5-f6b5-4cdf-bdfe-bda7476df3a5: Sackin index -0.1429; 1.6 s; peak memory 1225 MiB.
2026-09-26T11:41:29Z INFO [352/384] 17cbaf43-0b2e-48ae-b1ac-037408f5714d: Sackin index -0.0699; 3.0 s; peak memory 1225 MiB.
2026-09-26T11:41:31Z INFO [353/384] 17cc754b-0a6e-4cf3-b3d5-ffd4d79f7bad: Sackin index -0.0382; 1.7 s; peak memory 1225 MiB.
2026-09-26T11:41:36Z INFO [354/384] 17cd3cf5-4640-498b-b2ef-7f91afcb2c79: Sackin index -0.0249; 5.5 s; peak memory 1225 MiB.
2026-09-26T11:41:37Z INFO [355/384] 17cd7925-ad49-4774-9ec6-555b027f8937: Sackin index -0.1331; 1.1 s; peak memory 1225 MiB.
2026-09-26T11:41:39Z INFO [356/384] 17ce1f3c-df6a-4d46-bf28-48debca42d2e: Sackin index -0.1273; 1.6 s; peak memory 1225 MiB.
2026-09-26T11:41:44Z INFO [357/384] 17ce8da0-1bae-4346-9bd4-e73f6b85f492: Sackin index -0.0338; 4.6 s; peak memory 1225 MiB.
2026-09-26T11:41:45Z INFO [358/384] 17cef42d-632b-4b4c-8757-c52def6a3f28: Sackin index -0.0702; 1.5 s; peak memory 1225 MiB.
2026-09-26T11:41:47Z INFO [359/384] 17cef94f-4937-45a2-a151-3a0c561884c8: Sackin index -0.0379; 1.7 s; peak memory 1225 MiB.
2026-09-26T11:41:48Z INFO [360/384] 17cf4dba-eb70-429b-b4d9-2cf511e1aba2: Sackin index -0.1658; 1.0 s; peak memory 1225 MiB.
2026-09-26T11:41:50Z INFO [361/384] 17cfeca5-fc7f-474e-bb60-e77a82f456e0: Sackin index -0.0752; 2.0 s; peak memory 1225 MiB.
2026-09-26T11:41:51Z INFO [362/384] 17d0bff2-34f9-4af0-b723-00c8c87a3b51: Sackin index -0.1062; 1.5 s; peak memory 1225 MiB.
2026-09-26T11:41:52Z INFO [363/384] 17d0cc4c-7fc3-4a0f-848f-c80f7014f0b1: Sackin index -0.1349; 1.2 s; peak memory 1225 MiB.
2026-09-26T11:41:54Z INFO [364/384] 17d17850-047f-4bd0-a9e1-d7769cb88f6d: Sackin index -0.1349; 1.2 s; peak memory 1225 MiB.
2026-09-26T11:41:56Z INFO [365/384] 17d26973-4beb-41bb-873b-f80d6b999ff4: Sackin index -0.0676; 2.6 s; peak memory 1225 MiB.
2026-09-26T11:41:57Z INFO [366/384] 17d45264-e389-466f-8138-3b98bc973598: Sackin index -0.1191; 1.3 s; peak memory 1225 MiB.
2026-09-26T11:42:00Z INFO [367/384] 17d6ccd1-08ee-4810-b7b6-690d4440f766: Sackin index -0.0804; 2.6 s; peak memory 1225 MiB.
2026-09-26T11:42:08Z INFO [368/384] 17d74085-5baf-4693-b064-6a33ec3fabf5: Sackin index -0.0254; 8.0 s; peak memory 1225 MiB.
2026-09-26T11:42:09Z INFO [369/384] 17d7c7bd-e513-467a-aa2a-624451c2f655: Sackin index -0.1331; 1.2 s; peak memory 1225 MiB.
2026-09-26T11:42:11Z INFO [370/384] 17d86bb2-3772-4455-8b42-75787acbba5d: Sackin index -0.1345; 2.1 s; peak memory 1225 MiB.
2026-09-26T11:42:13Z INFO [371/384] 17d9434b-348e-4ae1-9201-53ac521c9b95: Sackin index -0.1349; 1.2 s; peak memory 1225 MiB.
2026-09-26T11:42:14Z INFO [372/384] 17d9680d-6569-495a-bdb5-7292237fa978: Sackin index -0.0689; 1.5 s; peak memory 1225 MiB.
2026-09-26T11:42:15Z INFO [373/384] 17d96ad0-15f8-4697-84f5-9e6e49592034: Sackin index -0.1135; 1.0 s; peak memory 1225 MiB.
2026-09-26T11:42:16Z INFO [374/384] 17d9c558-31f2-4855-bfbf-87c987bc63bd: Sackin index -0.0656; 1.2 s; peak memory 1225 MiB.
2026-09-26T11:42:19Z INFO [375/384] 17da07da-cfd8-4db0-96b5-26e6f1648a39: Sackin index -0.0641; 2.6 s; peak memory 1225 MiB.
2026-09-26T11:42:21Z INFO [376/384] 17daa063-07c7-47c2-851e-07743f6e909a: Sackin index -0.0547; 1.8 s; peak memory 1225 MiB.
2026-09-26T11:42:22Z INFO [377/384] 17dbe7cf-0de1-4f32-8489-ecb17a43b653: Sackin index -0.0702; 1.7 s; peak memory 1225 MiB.
2026-09-26T11:51:21Z INFO [378/384] 17dd7f40-ac89-4814-b742-2f318332bb23: Sackin index -0.0691; 538.3 s; peak memory 1225 MiB.
2026-09-26T11:51:22Z INFO [379/384] 17decbfa-40fb-40f1-8e60-5c65b91399df: Sackin index -0.1273; 1.5 s; peak memory 1225 MiB.
2026-09-26T11:51:23Z INFO [380/384] 17e0a5b5-e32d-43ef-b0c9-2260071af65f: Sackin index -0.1938; 1.0 s; peak memory 1225 MiB.
2026-09-26T11:51:25Z INFO [381/384] 17e0bd35-3ca6-4e26-824f-d6b1299f42d5: Sackin index -0.1248; 1.4 s; peak memory 1225 MiB.
2026-09-26T11:51:26Z INFO [382/384] 17e156b3-a764-41ca-acea-6902738b2743: Sackin index -0.0369; 1.7 s; peak memory 1225 MiB.
2026-09-26T11:51:28Z INFO [383/384] 17e1b3f7-f661-4a90-97ce-94acc1a545db: Sackin index -0.1349; 1.2 s; peak memory 1225 MiB.
2026-09-26T11:51:39Z INFO [384/384] 17e22c51-112f-44d6-b4aa-1f50c743f0b5: Sackin index -0.0153; 11.4 s; peak memory 1225 MiB.
2026-09-26T11:51:39Z INFO Wrote 58406 records to /tmp/derivatives/valid_nwb_file_to_sackin_index.jsonl (384 new, 0 failed) in 59.4 min (peak memory 1225 MiB).
