2026-10-03T00:37:27Z INFO Logging to /tmp/logs/update_2026-10-03T00-37-27Z.log.
2026-10-03T00:37:27Z INFO Update valid-nwb-file-to-sackin-index (base directory /tmp).
2026-10-03T00:37:27Z INFO Processing 750 items (65836 already recorded).
2026-10-03T00:37:31Z INFO [1/750] 272dcb87-9e70-493a-b2c3-4d4db8189957: Sackin index -0.0699; 3.4 s; peak memory 106 MiB.
2026-10-03T00:37:32Z INFO [2/750] 272ea356-f278-49e5-97f5-8bac947f38da: Sackin index -0.1349; 1.2 s; peak memory 107 MiB.
2026-10-03T00:37:33Z INFO [3/750] 272ee21d-131e-4a63-850f-132af90dbf05: Sackin index -0.1113; 1.7 s; peak memory 107 MiB.
2026-10-03T00:37:42Z INFO [4/750] 272eec3d-e8a2-43b3-b31e-7dab1d8ba51e: Sackin index -0.0211; 8.5 s; peak memory 135 MiB.
2026-10-03T00:37:44Z INFO [5/750] 272f0d49-4981-4fe2-8935-768bb46884b6: Sackin index -0.0728; 1.7 s; peak memory 136 MiB.
2026-10-03T00:38:04Z INFO [6/750] 272f3cd0-bf18-4e17-8fe7-32cdad261dfe: Sackin index -0.0093; 20.7 s; peak memory 162 MiB.
2026-10-03T00:38:06Z INFO [7/750] 273312d0-4abf-428c-a456-f02ff748739a: Sackin index -0.0728; 1.8 s; peak memory 162 MiB.
2026-10-03T00:38:08Z INFO [8/750] 27335381-9109-4f00-8dfb-279bb078c2ee: Sackin index -0.1349; 1.4 s; peak memory 162 MiB.
2026-10-03T00:38:09Z INFO [9/750] 2734ac25-dec9-436f-8eed-144edcf8c04c: Sackin index -0.0728; 1.9 s; peak memory 162 MiB.
2026-10-03T00:38:35Z INFO [10/750] 2734ee3b-2b3b-428b-a03c-6e12cc20794e: Sackin index -0.0239; 25.2 s; peak memory 162 MiB.
2026-10-03T00:38:36Z INFO [11/750] 27359f2c-269c-42e1-ab5c-da9cab74f61d: Sackin index -0.0944; 1.8 s; peak memory 162 MiB.
2026-10-03T00:38:38Z INFO [12/750] 2735a86c-61cf-45fe-afdc-8ddd4f51d488: Sackin index -0.1658; 1.3 s; peak memory 162 MiB.
2026-10-03T00:40:41Z INFO [13/750] 273683e0-cd6b-4549-9cd8-d56d965ea754: Sackin index -0.0032; 122.8 s; peak memory 414 MiB.
2026-10-03T00:40:42Z INFO [14/750] 2736d5a9-52c3-45be-b1f4-6cb0e2eadabe: Sackin index -0.1349; 1.2 s; peak memory 414 MiB.
2026-10-03T00:40:45Z INFO [15/750] 27370186-1ff8-4e68-b8ad-f369586a4e5d: Sackin index -0.0704; 3.1 s; peak memory 414 MiB.
2026-10-03T00:40:59Z INFO [16/750] 27380997-9b9c-4331-8725-90b4615d3a65: Sackin index -0.0195; 14.0 s; peak memory 414 MiB.
2026-10-03T00:41:00Z INFO [17/750] 2738ae11-039f-4f0c-b2f8-3ba780b5c154: Sackin index -0.1658; 1.0 s; peak memory 414 MiB.
2026-10-03T00:41:02Z INFO [18/750] 2738fcf7-2da4-406f-bf4f-efd140d47365: Sackin index -0.1228; 1.9 s; peak memory 414 MiB.
2026-10-03T00:41:04Z INFO [19/750] 273993de-fa0d-4752-96c7-6b5e8b01aed4: Sackin index -0.1380; 1.7 s; peak memory 414 MiB.
2026-10-03T00:41:25Z INFO [20/750] 273a7751-b72b-4551-910c-f676c741e40d: Sackin index -0.0703; 21.3 s; peak memory 414 MiB.
2026-10-03T00:41:37Z INFO [21/750] 273b097e-4a9b-4d2c-90ef-7d5cfb6838c3: Sackin index -0.0197; 12.4 s; peak memory 414 MiB.
2026-10-03T00:41:39Z INFO [22/750] 273b58b9-76d3-4c43-9a9c-2fde570bde21: Sackin index -0.0702; 1.6 s; peak memory 414 MiB.
2026-10-03T00:41:40Z INFO [23/750] 273c5a23-2ce2-4bf0-aab7-1c59e682cc52: Sackin index -0.2147; 1.0 s; peak memory 414 MiB.
2026-10-03T00:41:41Z INFO [24/750] 273ceba9-e94c-49c1-bfb3-a08288be9d72: Sackin index -0.3646; 1.1 s; peak memory 414 MiB.
2026-10-03T00:41:44Z INFO [25/750] 273d0572-db71-4633-89df-2284994881b4: Sackin index -0.0681; 3.1 s; peak memory 414 MiB.
2026-10-03T00:41:46Z INFO [26/750] 273dfd54-583e-4b4c-b0e1-747261f87b8c: Sackin index -0.0745; 1.5 s; peak memory 414 MiB.
2026-10-03T00:41:48Z INFO [27/750] 273e3c82-8cff-453e-a1e2-3e71704e11d6: Sackin index -0.1013; 2.1 s; peak memory 414 MiB.
2026-10-03T00:41:49Z INFO [28/750] 273e4b10-707f-410d-9eb5-095ec1d0b058: Sackin index -0.1191; 1.1 s; peak memory 414 MiB.
2026-10-03T00:41:50Z INFO [29/750] 273e6571-4c2e-4ad8-890d-47fe35d9a693: Sackin index -0.1349; 1.2 s; peak memory 414 MiB.
2026-10-03T00:41:53Z INFO [30/750] 273e85f9-954c-4eeb-bbb9-b019c86d36a8: Sackin index -0.1938; 2.7 s; peak memory 414 MiB.
2026-10-03T00:41:54Z INFO [31/750] 273e890d-fae8-472f-80d9-e4950d60804b: Sackin index -0.0702; 1.7 s; peak memory 414 MiB.
2026-10-03T00:42:11Z INFO [32/750] 273e913d-ed64-4df4-987e-3d9d4394de60: Sackin index -0.0237; 16.3 s; peak memory 414 MiB.
2026-10-03T00:42:13Z INFO [33/750] 273edb1c-399e-414c-a11d-06cca1954eaa: Sackin index -0.0647; 2.6 s; peak memory 414 MiB.
2026-10-03T00:42:15Z INFO [34/750] 273f54f1-9d4d-49a9-a399-4ea5612ab782: Sackin index -0.1510; 1.6 s; peak memory 414 MiB.
2026-10-03T00:42:16Z INFO [35/750] 273f9bfd-3d75-4487-8b0e-e450186019b5: Sackin index -0.1484; 0.9 s; peak memory 414 MiB.
2026-10-03T00:42:30Z INFO [36/750] 2741fca2-430f-4b2d-9559-fbf01800b2b4: Sackin index -0.0273; 14.5 s; peak memory 414 MiB.
2026-10-03T00:42:32Z INFO [37/750] 2742fb2e-e660-4576-9d51-1fd5bf4d3218: Sackin index -0.1248; 1.4 s; peak memory 414 MiB.
2026-10-03T00:42:33Z INFO [38/750] 2743f57e-738a-40de-ab45-ca5f5a85802e: Sackin index -0.0728; 1.7 s; peak memory 414 MiB.
2026-10-03T00:42:35Z INFO [39/750] 2744625a-5dd5-40ea-a1d3-760e977f9a41: Sackin index -0.1349; 1.3 s; peak memory 414 MiB.
2026-10-03T00:42:36Z INFO [40/750] 274467bc-f064-48ea-9658-85eb2e865031: Sackin index -0.2000; 1.0 s; peak memory 414 MiB.
2026-10-03T00:43:00Z INFO [41/750] 2744f758-1416-424a-a9e8-b7f5cf69e201: Sackin index -0.1367; 23.9 s; peak memory 414 MiB.
2026-10-03T00:43:01Z INFO [42/750] 27463c0c-52f3-4d40-989b-7f1d850121c5: Sackin index -0.1349; 1.3 s; peak memory 414 MiB.
2026-10-03T00:43:03Z INFO [43/750] 27467967-cba5-4754-bb54-1a75740e2cff: Sackin index -0.0728; 1.8 s; peak memory 414 MiB.
2026-10-03T00:43:04Z INFO [44/750] 27468882-3013-4e82-9f4a-ce0adb0e7f95: Sackin index -0.1349; 1.3 s; peak memory 414 MiB.
2026-10-03T00:43:06Z INFO [45/750] 27472988-3112-4c1c-b29a-5a1bd2809695: Sackin index -0.0728; 1.7 s; peak memory 414 MiB.
2026-10-03T00:43:24Z INFO [46/750] 27476baf-0ffc-479f-a5e3-896d445c224c: Sackin index -0.0118; 18.8 s; peak memory 414 MiB.
2026-10-03T00:43:26Z INFO [47/750] 274777d3-7a32-4a47-bfef-a29a5628efb6: Sackin index -0.0728; 1.7 s; peak memory 414 MiB.
2026-10-03T00:43:32Z INFO [48/750] 2747f9cb-6a6b-40df-8cb2-9bbdb1633d9e: Sackin index -0.0251; 6.2 s; peak memory 415 MiB.
2026-10-03T00:43:34Z INFO [49/750] 27485da7-670d-4d06-b0db-1410809c3ba9: Sackin index -0.1191; 1.5 s; peak memory 415 MiB.
2026-10-03T00:43:35Z INFO [50/750] 2748874a-6083-4709-b88d-3e6884045917: Sackin index -0.1174; 1.2 s; peak memory 415 MiB.
2026-10-03T00:43:35Z INFO [50/750] 2748874a-6083-4709-b88d-3e6884045917: checkpointed 65886 records.
2026-10-03T00:43:37Z INFO [51/750] 2748ad2c-721d-457c-a17e-3cc73f8049ea: Sackin index -0.0702; 1.7 s; peak memory 415 MiB.
2026-10-03T00:43:38Z INFO [52/750] 2748f40a-5cd9-486d-aca0-1eeef514e61e: Sackin index -0.0702; 1.5 s; peak memory 415 MiB.
2026-10-03T00:43:40Z INFO [53/750] 27493543-2ef8-48d8-ba72-7705b10525df: Sackin index -0.0728; 1.7 s; peak memory 415 MiB.
2026-10-03T00:43:42Z INFO [54/750] 2749a0a4-0b48-4af1-8f0d-9bbc78e7b263: Sackin index -0.0626; 1.8 s; peak memory 415 MiB.
2026-10-03T00:43:49Z INFO [55/750] 2749eca2-8270-4ca2-9d4f-64b90d7f5373: Sackin index -0.0476; 6.7 s; peak memory 415 MiB.
2026-10-03T00:43:55Z INFO [56/750] 274a2392-d81f-46c0-933f-4730986bead3: Sackin index -0.0250; 6.4 s; peak memory 415 MiB.
2026-10-03T00:43:56Z INFO [57/750] 274a557d-4962-4cdf-99e4-c4a4cc1368d4: Sackin index -0.1349; 1.2 s; peak memory 415 MiB.
2026-10-03T00:44:51Z INFO [58/750] 274b4569-5721-45e3-af17-45b17a8a5a9a: Sackin index -0.1076; 54.6 s; peak memory 415 MiB.
2026-10-03T00:44:52Z INFO [59/750] 274bc987-30e5-4e81-8324-cc607c33a6b4: Sackin index -0.1303; 1.0 s; peak memory 415 MiB.
2026-10-03T00:44:54Z INFO [60/750] 274bcc9d-4e5e-4830-b22a-9bc5d7cc7146: Sackin index -0.0702; 1.8 s; peak memory 415 MiB.
2026-10-03T00:44:55Z INFO [61/750] 274c8802-ee49-4766-bfb4-cd0f9e8e6889: Sackin index -0.1349; 1.2 s; peak memory 415 MiB.
2026-10-03T00:45:11Z INFO [62/750] 274d6eba-b527-4fb3-a1bc-3b73d64ee008: Sackin index -0.0284; 15.8 s; peak memory 415 MiB.
2026-10-03T00:45:13Z INFO [63/750] 274dcd55-c986-4427-a62b-376ef07b15f5: Sackin index -0.0728; 2.0 s; peak memory 415 MiB.
2026-10-03T00:45:15Z INFO [64/750] 274e6717-bc40-4d1f-886b-0ec8a404332c: Sackin index -0.1210; 1.8 s; peak memory 415 MiB.
2026-10-03T00:45:17Z INFO [65/750] 274efb37-3071-41a1-a82c-ebf9c255734e: Sackin index -0.1013; 2.1 s; peak memory 416 MiB.
2026-10-03T00:45:19Z INFO [66/750] 274f610c-d8b2-4b5a-81c5-dda7a85ff80c: Sackin index -0.0745; 2.0 s; peak memory 416 MiB.
2026-10-03T00:45:22Z INFO [67/750] 274f65e0-3da8-4fc4-8df4-d351a0de4f66: Sackin index -0.1938; 2.9 s; peak memory 416 MiB.
2026-10-03T00:45:29Z INFO [68/750] 274f82e9-99ae-4953-97a9-73a3e1d1454a: Sackin index -0.0251; 7.4 s; peak memory 416 MiB.
2026-10-03T00:45:31Z INFO [69/750] 2750094c-cc02-4525-a80f-22dda794f6c8: Sackin index -0.0728; 1.9 s; peak memory 416 MiB.
2026-10-03T00:45:32Z INFO [70/750] 27501cd4-c781-49f8-81b3-a3640b24a32b: Sackin index -0.0385; 1.4 s; peak memory 416 MiB.
2026-10-03T00:45:33Z INFO [71/750] 27501d4d-4664-4986-b9c7-5fdfbb7eb2a2: Sackin index -0.1272; 1.2 s; peak memory 416 MiB.
2026-10-03T00:45:35Z INFO [72/750] 275071f9-fbd0-4348-8dd4-b9d37f83af6f: Sackin index -0.1349; 1.4 s; peak memory 416 MiB.
2026-10-03T00:45:36Z INFO [73/750] 2751dc4b-1f62-4527-b3cd-ba612a072204: Sackin index -0.1248; 1.4 s; peak memory 416 MiB.
2026-10-03T00:45:37Z INFO [74/750] 2752436c-8533-417d-af26-cc990d085605: Sackin index -0.1658; 1.0 s; peak memory 416 MiB.
2026-10-03T00:45:40Z INFO [75/750] 2752fed3-d42d-43f9-a4e9-03588ba5c60b: Sackin index -0.0369; 2.4 s; peak memory 416 MiB.
2026-10-03T00:45:41Z INFO [76/750] 2753b871-b49a-4acc-9ab2-7bbbc44ccb84: Sackin index -0.1349; 1.3 s; peak memory 416 MiB.
2026-10-03T00:45:42Z INFO [77/750] 27546a53-542b-46d2-ada6-e60c21e6da4d: Sackin index -0.1000; 1.4 s; peak memory 416 MiB.
2026-10-03T00:45:43Z INFO [78/750] 2754e658-4c8b-454b-bdaa-5ad70a134f28: Sackin index -0.2168; 0.9 s; peak memory 416 MiB.
2026-10-03T00:45:45Z INFO [79/750] 275546b3-e8dc-4159-84dd-b7a61e54f112: Sackin index -0.1349; 1.4 s; peak memory 416 MiB.
2026-10-03T00:45:46Z INFO [80/750] 275562c5-a0f5-488b-a16b-2b8d9b7254bc: Sackin index -0.1349; 1.2 s; peak memory 416 MiB.
2026-10-03T00:45:48Z INFO [81/750] 2755f8eb-f7fa-40d6-a000-f1bd0ab75faa: Sackin index -0.0728; 1.8 s; peak memory 416 MiB.
2026-10-03T00:45:49Z INFO [82/750] 2755f946-5ad6-4561-8c22-b7d2979a19ff: Sackin index -0.0379; 1.8 s; peak memory 416 MiB.
2026-10-03T00:45:51Z INFO [83/750] 275663db-9504-464e-be81-8fce5ae46dde: Sackin index -0.1349; 1.3 s; peak memory 416 MiB.
2026-10-03T00:45:52Z INFO [84/750] 27567c63-5d3d-438a-bf07-ec743fb40a64: Sackin index -0.1349; 1.2 s; peak memory 416 MiB.
2026-10-03T00:46:07Z INFO [85/750] 2756e03a-4227-4fbc-86be-7faade24da6d: Sackin index -0.0035; 14.8 s; peak memory 416 MiB.
2026-10-03T00:46:08Z INFO [86/750] 275714e4-fd2f-40bd-83f4-6a95a7a0b33a: Sackin index -0.0709; 1.5 s; peak memory 416 MiB.
2026-10-03T00:46:15Z INFO [87/750] 27576cfb-4ac8-487c-ab6f-fcb9983bef3e: Sackin index -0.0249; 6.9 s; peak memory 416 MiB.
2026-10-03T00:46:16Z INFO [88/750] 2757e10a-5f57-488e-b966-2c18f3672f4c: Sackin index -0.1349; 1.3 s; peak memory 416 MiB.
2026-10-03T00:46:18Z INFO [89/750] 2757ed13-3f40-4ace-94b6-1b52f1a24232: Sackin index -0.1046; 1.8 s; peak memory 416 MiB.
2026-10-03T00:46:35Z INFO [90/750] 27588408-b597-4135-975b-9d428db00239: Sackin index -0.0197; 16.4 s; peak memory 416 MiB.
2026-10-03T00:46:36Z INFO [91/750] 2758b777-2340-4ffd-8a69-099202282053: Sackin index -0.1191; 1.7 s; peak memory 416 MiB.
2026-10-03T00:46:38Z INFO [92/750] 27595c99-b452-4445-a829-4621c297d598: Sackin index -0.1349; 1.3 s; peak memory 416 MiB.
2026-10-03T00:46:39Z INFO [93/750] 275a77f5-3ad5-4c6f-9f97-37baa711113d: Sackin index -0.1349; 1.3 s; peak memory 416 MiB.
2026-10-03T00:51:02Z INFO [94/750] 275af013-3c6e-4a38-b0c3-680294671ea2: Sackin index -0.0246; 263.0 s; peak memory 462 MiB.
2026-10-03T00:51:03Z INFO [95/750] 275b01e7-1391-4d2a-bfde-2dbcf3e9886c: Sackin index -0.1191; 1.3 s; peak memory 462 MiB.
2026-10-03T00:51:25Z INFO [96/750] 275b6bf0-db11-4dc4-9869-26c5c0ed6ab5: Sackin index -0.1367; 21.6 s; peak memory 462 MiB.
2026-10-03T00:51:26Z INFO [97/750] 275c4012-cdd1-416e-a64c-e6aaa343d10c: Sackin index -0.1938; 1.2 s; peak memory 462 MiB.
2026-10-03T00:51:27Z INFO [98/750] 275c5911-e627-4de9-9de7-25ce817a64a6: Sackin index -0.1349; 1.3 s; peak memory 462 MiB.
2026-10-03T00:51:31Z INFO [99/750] 275c9156-a652-4a01-866c-12d3b58cbcce: Sackin index -0.0660; 3.6 s; peak memory 462 MiB.
2026-10-03T00:51:33Z INFO [100/750] 275ca6d0-9fff-488b-9583-6e3339367967: Sackin index -0.0702; 1.6 s; peak memory 462 MiB.
2026-10-03T00:51:33Z INFO [100/750] 275ca6d0-9fff-488b-9583-6e3339367967: checkpointed 65936 records.
2026-10-03T00:51:34Z INFO [101/750] 275cf69d-9729-4d9d-b513-c63a0aee0777: Sackin index -0.1349; 1.3 s; peak memory 462 MiB.
2026-10-03T00:51:38Z INFO [102/750] 275e0aae-5c90-4637-afff-3944f319762c: Sackin index -0.0555; 4.2 s; peak memory 462 MiB.
2026-10-03T00:51:39Z INFO [103/750] 275e6272-a573-4729-bec3-c7b419856a3e: Sackin index -0.1658; 1.0 s; peak memory 462 MiB.
2026-10-03T00:51:40Z INFO [104/750] 275ea8cb-093c-471c-8e8c-2192e8ea71c2: Sackin index -0.1349; 1.3 s; peak memory 462 MiB.
2026-10-03T00:51:42Z INFO [105/750] 275eba8a-071d-4407-b061-f3ec371995d3: Sackin index -0.1349; 1.2 s; peak memory 462 MiB.
2026-10-03T00:51:49Z INFO [106/750] 275f521d-4863-4e7a-a523-291ecf8f0457: Sackin index -0.0255; 6.8 s; peak memory 462 MiB.
2026-10-03T00:51:50Z INFO [107/750] 275fe2f2-6d0c-4c86-aa42-75a724d5e03f: Sackin index -0.1120; 1.0 s; peak memory 462 MiB.
2026-10-03T00:51:52Z INFO [108/750] 27603a55-a5a8-44e5-8b72-f59e3fce66aa: Sackin index -0.0722; 2.9 s; peak memory 462 MiB.
2026-10-03T00:51:59Z INFO [109/750] 27604021-7b0b-4cca-9c61-de3fb473bae3: Sackin index -0.0435; 6.8 s; peak memory 462 MiB.
2026-10-03T00:52:00Z INFO [110/750] 2760958a-92e6-43ae-8626-68ac4814744c: Sackin index -0.1658; 1.0 s; peak memory 462 MiB.
2026-10-03T00:52:02Z INFO [111/750] 2760b3f8-e89f-46af-8243-f584bb27ae3a: Sackin index -0.0702; 1.6 s; peak memory 462 MiB.
2026-10-03T00:52:04Z INFO [112/750] 27614a45-83aa-4066-9118-e2d80db4d73c: Sackin index -0.0676; 2.6 s; peak memory 462 MiB.
2026-10-03T00:52:06Z INFO [113/750] 2761b29b-b53b-4d61-a24f-b4012183b7d6: Sackin index -0.0702; 1.6 s; peak memory 462 MiB.
2026-10-03T00:52:07Z INFO [114/750] 27624ce6-4759-4c64-98f6-f6c6f57761fa: Sackin index -0.1349; 1.2 s; peak memory 462 MiB.
2026-10-03T00:52:09Z INFO [115/750] 27628af1-11b9-4169-84c6-a4d93cb7360a: Sackin index -0.0702; 1.5 s; peak memory 462 MiB.
2026-10-03T00:52:12Z INFO [116/750] 2763c8e4-fbe5-4f8d-8d7f-d7af782c8771: Sackin index -0.0157; 3.7 s; peak memory 462 MiB.
2026-10-03T00:52:14Z INFO [117/750] 2764c177-58df-42b3-8781-964551765d8f: Sackin index -0.1331; 1.2 s; peak memory 462 MiB.
2026-10-03T00:52:15Z INFO [118/750] 2765600b-9d6d-41bc-aec1-548d676d6ba8: Sackin index -0.0760; 1.7 s; peak memory 462 MiB.
2026-10-03T00:52:17Z INFO [119/750] 2765f2eb-6209-4cc9-a7a3-eec683d22ce1: Sackin index -0.0728; 1.8 s; peak memory 462 MiB.
2026-10-03T00:53:12Z INFO [120/750] 2766523f-629b-43b6-8f43-fb0e337cd5aa: Sackin index -0.1076; 55.3 s; peak memory 462 MiB.
2026-10-03T00:53:14Z INFO [121/750] 27666537-eef7-4e7e-bd5c-d05803ea9fc3: Sackin index -0.1046; 1.5 s; peak memory 462 MiB.
2026-10-03T00:53:21Z INFO [122/750] 27683831-47f0-46e6-8a48-df2a2807d43a: Sackin index -0.0383; 6.6 s; peak memory 462 MiB.
2026-10-03T00:53:23Z INFO [123/750] 276870bd-f057-4d5b-8fe4-b107419e4776: Sackin index -0.0169; 2.7 s; peak memory 462 MiB.
2026-10-03T00:53:24Z INFO [124/750] 2768c2b5-7307-42d4-a140-a4a456e63133: Sackin index -0.1567; 1.0 s; peak memory 462 MiB.
2026-10-03T00:53:26Z INFO [125/750] 276928c8-d033-42aa-be25-4aa5834d3502: Sackin index -0.1349; 1.4 s; peak memory 462 MiB.
2026-10-03T00:53:27Z INFO [126/750] 276975ce-9995-4625-bd86-71c770fbeb3c: Sackin index -0.1349; 1.1 s; peak memory 462 MiB.
2026-10-03T00:53:28Z INFO [127/750] 276a57e2-dee9-41c3-8075-e942f37f2823: Sackin index -0.1331; 1.1 s; peak memory 462 MiB.
2026-10-03T00:53:30Z INFO [128/750] 276a731a-043c-4caf-8154-9f69a40ddd04: Sackin index -0.1269; 1.9 s; peak memory 462 MiB.
2026-10-03T00:53:32Z INFO [129/750] 276ada99-9d02-46e3-866f-78368e4dd402: Sackin index -0.0877; 2.5 s; peak memory 462 MiB.
2026-10-03T00:53:45Z INFO [130/750] 276b6e0d-2a77-4111-89b2-2e05e6af959c: Sackin index -0.0205; 12.9 s; peak memory 462 MiB.
2026-10-03T00:53:47Z INFO [131/750] 276b9858-0105-42ab-afa6-13693f2003a0: Sackin index -0.1349; 1.3 s; peak memory 462 MiB.
2026-10-03T00:53:48Z INFO [132/750] 276bac96-d6a7-4214-b8be-25aa8d0a0f27: Sackin index -0.0702; 1.7 s; peak memory 462 MiB.
2026-10-03T00:54:02Z INFO [133/750] 276c98c7-2ff8-44a4-b9f5-221d50fd97eb: Sackin index -0.0165; 14.0 s; peak memory 462 MiB.
2026-10-03T00:54:03Z INFO [134/750] 276d1f2e-74f0-43b9-88be-97af8c381e87: Sackin index -0.1349; 1.2 s; peak memory 462 MiB.
2026-10-03T00:54:05Z INFO [135/750] 276d54d5-fc5e-4583-a665-379517baba4d: Sackin index -0.0702; 1.4 s; peak memory 462 MiB.
2026-10-03T00:54:07Z INFO [136/750] 276d94dd-6608-4195-b5e4-d5e8477265c8: Sackin index -0.0728; 2.2 s; peak memory 462 MiB.
2026-10-03T00:54:13Z INFO [137/750] 276dc59f-8b5c-4038-a54d-78b67f68fd3a: Sackin index -0.0251; 5.6 s; peak memory 462 MiB.
2026-10-03T00:54:14Z INFO [138/750] 276df5ec-13e4-4b66-ad0b-c6ef6a9596f8: Sackin index -0.1658; 1.0 s; peak memory 462 MiB.
2026-10-03T00:54:16Z INFO [139/750] 276e757b-5b27-45d1-9103-1d976cc3801d: Sackin index -0.0272; 2.4 s; peak memory 462 MiB.
2026-10-03T00:54:19Z INFO [140/750] 276eff21-f1be-4f44-946e-8a2816e19414: Sackin index -0.1370; 2.4 s; peak memory 462 MiB.
2026-10-03T00:54:20Z INFO [141/750] 276f0bfb-3909-4d01-9aa0-c5bd1fe05dec: Sackin index -0.1349; 1.3 s; peak memory 462 MiB.
2026-10-03T00:54:21Z INFO [142/750] 276f3ad2-4342-4815-b8af-95b96155bb85: Sackin index -0.1349; 1.4 s; peak memory 462 MiB.
2026-10-03T00:54:22Z INFO [143/750] 276fa5e8-6b3b-4798-918e-4fd4eebac252: Sackin index -0.1349; 1.3 s; peak memory 462 MiB.
2026-10-03T00:54:24Z INFO [144/750] 27715edd-ee35-453c-b32e-452846d007ae: Sackin index -0.1370; 2.0 s; peak memory 462 MiB.
2026-10-03T00:54:26Z INFO [145/750] 27717980-b73f-473b-abc4-73536345259d: Sackin index -0.1349; 1.1 s; peak memory 462 MiB.
2026-10-03T00:54:27Z INFO [146/750] 2771a63d-172f-4606-8e0c-cc0795c21dfd: Sackin index -0.1349; 1.2 s; peak memory 462 MiB.
2026-10-03T00:54:28Z INFO [147/750] 2771beaa-a08e-419c-9ddb-20b8add88068: Sackin index -0.1349; 1.4 s; peak memory 462 MiB.
2026-10-03T00:54:30Z INFO [148/750] 27725078-6ef9-4769-80b8-66244ba7e0e4: Sackin index -0.0696; 1.8 s; peak memory 462 MiB.
2026-10-03T00:54:31Z INFO [149/750] 2772dfd0-ccab-4aee-9040-0e4c41674e8c: Sackin index -0.1349; 1.3 s; peak memory 462 MiB.
2026-10-03T00:54:33Z INFO [150/750] 27731211-698f-4c29-9b70-31423ce2317e: Sackin index -0.1349; 1.4 s; peak memory 462 MiB.
2026-10-03T00:54:33Z INFO [150/750] 27731211-698f-4c29-9b70-31423ce2317e: checkpointed 65986 records.
2026-10-03T00:54:34Z INFO [151/750] 2773b6c7-b38c-4843-ba27-d81b0eddb087: Sackin index -0.2073; 1.2 s; peak memory 462 MiB.
2026-10-03T00:54:35Z INFO [152/750] 27741e82-f912-4d0a-a167-d95749792b19: Sackin index -0.1349; 1.3 s; peak memory 462 MiB.
2026-10-03T00:54:36Z INFO [153/750] 27744974-920c-46fb-8326-e9c05f0fc8b3: Sackin index -0.1658; 0.9 s; peak memory 462 MiB.
2026-10-03T00:54:37Z INFO [154/750] 2774fc46-7439-4dfe-9e55-0aa13f33e715: Sackin index -0.2000; 1.0 s; peak memory 462 MiB.
2026-10-03T00:54:39Z INFO [155/750] 2776508b-89ca-4e15-b3ec-9b9058986b99: Sackin index -0.0434; 1.8 s; peak memory 462 MiB.
2026-10-03T00:54:40Z INFO [156/750] 27775686-d4c2-486a-8d78-f094492e3167: Sackin index -0.1349; 1.4 s; peak memory 462 MiB.
2026-10-03T00:54:42Z INFO [157/750] 2777fbb3-e608-4483-b3ec-1ab8ca1ef900: Sackin index -0.0709; 1.4 s; peak memory 462 MiB.
2026-10-03T00:54:52Z INFO [158/750] 27780321-56b1-4808-ac65-968dcdf78f22: Sackin index -0.0158; 10.5 s; peak memory 462 MiB.
2026-10-03T00:54:54Z INFO [159/750] 2778b29e-a7c5-4ee7-bc3a-6c4bba45e9fb: Sackin index -0.1349; 1.4 s; peak memory 462 MiB.
2026-10-03T00:55:01Z INFO [160/750] 2778b7c4-8717-4cda-a364-82c8a6a9ded0: Sackin index -0.0246; 7.5 s; peak memory 462 MiB.
2026-10-03T00:55:12Z INFO [161/750] 2778d2de-24b9-4e55-b25c-df93f6e5ffce: Sackin index -0.0614; 11.2 s; peak memory 462 MiB.
2026-10-03T00:55:14Z INFO [162/750] 2779970d-f814-45c8-89e8-fbc6f9daf40b: Sackin index -0.1349; 1.3 s; peak memory 462 MiB.
2026-10-03T00:55:15Z INFO [163/750] 2779b127-1382-4a15-b4ed-31e4a68d0af8: Sackin index -0.1633; 1.3 s; peak memory 462 MiB.
2026-10-03T00:55:16Z INFO [164/750] 277a2dbd-be8a-4b49-b0ef-e054a7d961cc: Sackin index -0.1658; 1.0 s; peak memory 462 MiB.
2026-10-03T00:55:18Z INFO [165/750] 277a56f4-8e13-4d0a-aa66-430d02685694: Sackin index -0.1291; 1.9 s; peak memory 462 MiB.
2026-10-03T00:56:11Z INFO [166/750] 277a7151-aa77-4d21-9a95-632c0bdbdc19: Sackin index -0.1144; 53.5 s; peak memory 462 MiB.
2026-10-03T00:56:18Z INFO [167/750] 277ae2fe-730a-4a9c-95c6-6687cd633fff: Sackin index -0.0236; 6.5 s; peak memory 462 MiB.
2026-10-03T00:56:19Z INFO [168/750] 277affc4-2401-4746-81dd-30c3ffad63c8: Sackin index -0.0702; 1.4 s; peak memory 462 MiB.
2026-10-03T00:56:20Z INFO [169/750] 277b3acc-3fd7-49c7-bcc9-dc22fad0aacb: Sackin index -0.1349; 1.3 s; peak memory 462 MiB.
2026-10-03T00:56:27Z INFO [170/750] 277b3ba9-c7ae-4b75-bffe-d6bc2cf65ff6: Sackin index -0.1562; 6.9 s; peak memory 462 MiB.
2026-10-03T00:56:29Z INFO [171/750] 277bc936-dbec-4051-8d0a-8aa8425dfc41: Sackin index -0.1349; 1.3 s; peak memory 462 MiB.
2026-10-03T00:56:45Z INFO [172/750] 277bf207-2536-4f47-9cf3-434d879ac467: Sackin index -0.1054; 16.5 s; peak memory 462 MiB.
2026-10-03T00:56:47Z INFO [173/750] 277cc526-568b-4d56-8e2e-da65da5fd6b6: Sackin index -0.0745; 2.2 s; peak memory 462 MiB.
2026-10-03T00:56:49Z INFO [174/750] 277ddcd9-5280-4465-8b5b-d7900ee38487: Sackin index -0.1349; 1.3 s; peak memory 462 MiB.
2026-10-03T00:57:01Z INFO [175/750] 277deb65-36e7-468e-954f-2b8575232842: Sackin index -0.0160; 12.7 s; peak memory 462 MiB.
2026-10-03T00:57:03Z INFO [176/750] 277e16f2-1231-4f22-8761-3e2e57cb6011: Sackin index -0.1349; 1.3 s; peak memory 462 MiB.
2026-10-03T00:57:04Z INFO [177/750] 277e1c13-8e44-4c60-8287-d6f82f30cf39: Sackin index -0.1704; 1.8 s; peak memory 462 MiB.
2026-10-03T00:57:13Z INFO [178/750] 277e97d6-3152-4b14-996d-2b310d8827bb: Sackin index -0.0779; 9.0 s; peak memory 462 MiB.
2026-10-03T00:57:15Z INFO [179/750] 277edee6-3beb-4f90-aa9b-aa50b6165e0d: Sackin index -0.0376; 1.7 s; peak memory 462 MiB.
2026-10-03T00:57:17Z INFO [180/750] 277f52ad-67e1-43d8-82e9-c0a568905f30: Sackin index -0.1194; 1.8 s; peak memory 462 MiB.
2026-10-03T00:57:18Z INFO [181/750] 277f76ff-832d-452d-8a03-513417702949: Sackin index -0.1430; 1.3 s; peak memory 462 MiB.
2026-10-03T00:57:19Z INFO [182/750] 277fac3b-30fb-4612-ae6b-4a42ab628fb6: Sackin index -0.1349; 1.2 s; peak memory 462 MiB.
2026-10-03T00:57:22Z INFO [183/750] 277fc9dd-7b56-4f9e-972e-e22c034f3152: Sackin index -0.0738; 2.1 s; peak memory 462 MiB.
2026-10-03T00:57:45Z INFO [184/750] 277fcc02-6ebd-4001-9654-a736474ee4a6: Sackin index -0.1367; 23.3 s; peak memory 462 MiB.
2026-10-03T01:00:05Z INFO [185/750] 278025c3-00bd-445e-83c3-2e99f09eecac: Sackin index -0.0286; 140.3 s; peak memory 462 MiB.
2026-10-03T01:00:29Z INFO [186/750] 278089f2-260c-433e-9b47-9f37cf00f878: Sackin index -0.1367; 24.4 s; peak memory 462 MiB.
2026-10-03T01:00:31Z INFO [187/750] 278200de-ef28-4781-abdd-fdc0ebb5a41b: Sackin index -0.0702; 1.7 s; peak memory 462 MiB.
2026-10-03T01:00:39Z INFO [188/750] 27822ea1-6ecc-45d4-87e9-ffa1485746aa: Sackin index -0.0425; 8.2 s; peak memory 462 MiB.
2026-10-03T01:00:42Z INFO [189/750] 27849ac3-40cf-4fd5-9bbf-5c1d44878700: Sackin index -0.0272; 2.2 s; peak memory 462 MiB.
2026-10-03T01:00:53Z INFO [190/750] 2784ea4d-e024-4a82-b7c4-117d9d70fb0c: Sackin index -0.0163; 11.7 s; peak memory 462 MiB.
2026-10-03T01:00:55Z INFO [191/750] 27850b52-4439-491d-b13a-cf311401a9d5: Sackin index -0.1349; 1.3 s; peak memory 462 MiB.
2026-10-03T01:00:56Z INFO [192/750] 2785a6a7-a9dc-4b3d-bb3b-4d429a2196d6: Sackin index -0.1349; 1.4 s; peak memory 462 MiB.
2026-10-03T01:00:57Z INFO [193/750] 27870c65-b7c3-4da8-8bf9-0c5946ee8ffc: Sackin index -0.1248; 1.4 s; peak memory 462 MiB.
2026-10-03T01:01:00Z INFO [194/750] 27872e69-7497-49a6-b782-151c540037cc: Sackin index -0.0752; 2.3 s; peak memory 462 MiB.
2026-10-03T01:01:10Z INFO [195/750] 2788748c-b2da-4d09-b25c-0a2fd0a4f32e: Sackin index -0.0237; 10.4 s; peak memory 462 MiB.
2026-10-03T01:01:12Z INFO [196/750] 27896f5c-7a72-4926-9c07-af899735cd3b: Sackin index -0.1349; 1.6 s; peak memory 462 MiB.
2026-10-03T01:01:21Z INFO [197/750] 278ae5bb-e4b7-4763-a615-a29ef48c9244: Sackin index -0.0397; 9.4 s; peak memory 462 MiB.
2026-10-03T01:01:22Z INFO [198/750] 278b68e2-2c0a-48f1-9cfd-a911e890a8d0: Sackin index -0.1349; 1.5 s; peak memory 462 MiB.
2026-10-03T01:01:24Z INFO [199/750] 278bfa42-647d-438d-8988-5ee8ccce9473: Sackin index -0.1349; 1.4 s; peak memory 462 MiB.
2026-10-03T01:01:27Z INFO [200/750] 278c9319-6e65-43db-a4b4-589d416c9df9: Sackin index -0.0350; 2.9 s; peak memory 462 MiB.
2026-10-03T01:01:27Z INFO [200/750] 278c9319-6e65-43db-a4b4-589d416c9df9: checkpointed 66036 records.
2026-10-03T01:01:30Z INFO [201/750] 278c9c31-5ac9-48cd-88b4-d840896ca701: Sackin index -0.0704; 3.4 s; peak memory 462 MiB.
2026-10-03T01:01:47Z INFO [202/750] 278ccd7a-a447-4b1e-987a-17b77ce46db3: Sackin index -0.0144; 16.7 s; peak memory 462 MiB.
2026-10-03T01:01:49Z INFO [203/750] 278d1d2b-6ea8-4ae1-989e-b80087d89a2b: Sackin index -0.0728; 2.1 s; peak memory 462 MiB.
2026-10-03T01:01:52Z INFO [204/750] 278d81ed-872f-40b1-9584-c82cf201904f: Sackin index -0.0699; 3.1 s; peak memory 462 MiB.
2026-10-03T01:01:54Z INFO [205/750] 278d8731-e305-4dca-90d9-1b0a97db9a92: Sackin index -0.0369; 2.0 s; peak memory 462 MiB.
2026-10-03T01:03:36Z INFO [206/750] 278d8846-5fcf-4ac0-89c8-378dcff6d578: Sackin index -0.0935; 101.7 s; peak memory 462 MiB.
2026-10-03T01:03:37Z INFO [207/750] 278da514-6d55-4b21-8e0d-e49186961907: Sackin index -0.1239; 1.1 s; peak memory 462 MiB.
2026-10-03T01:03:38Z INFO [208/750] 278e07c5-79ad-4d54-846d-02d191d36066: Sackin index -0.1349; 1.2 s; peak memory 462 MiB.
2026-10-03T01:03:41Z INFO [209/750] 278e18dc-468d-4f75-8c9a-58c55ddb4a1d: Sackin index -0.0720; 3.2 s; peak memory 462 MiB.
2026-10-03T01:03:48Z INFO [210/750] 278e48d3-66e4-4ffd-a386-4a3cff862f27: Sackin index -0.0244; 6.7 s; peak memory 462 MiB.
2026-10-03T01:03:49Z INFO [211/750] 278e6f26-d5bd-47a6-a110-10596e2eee3e: Sackin index -0.1349; 1.4 s; peak memory 462 MiB.
2026-10-03T01:03:51Z INFO [212/750] 278ff131-0b0f-42fd-8e35-6e1cc09c180d: Sackin index -0.1521; 1.3 s; peak memory 462 MiB.
2026-10-03T01:03:52Z INFO [213/750] 27901f86-84a5-4d04-8696-52f1244c491f: Sackin index -0.1349; 1.3 s; peak memory 462 MiB.
2026-10-03T01:03:54Z INFO [214/750] 2790591c-67b4-46f1-bb57-4c415a9b668f: Sackin index -0.0702; 1.6 s; peak memory 462 MiB.
2026-10-03T01:03:55Z INFO [215/750] 2791b4ab-3545-445b-b8f6-35075051a0b1: Sackin index -0.1575; 1.2 s; peak memory 462 MiB.
2026-10-03T01:03:56Z INFO [216/750] 2792bacd-214d-4da6-84c7-5ffcfc4d1088: Sackin index -0.1349; 1.3 s; peak memory 462 MiB.
2026-10-03T01:04:02Z INFO [217/750] 2792bb24-b7ef-4929-a219-088d4239fa50: Sackin index -0.0403; 5.4 s; peak memory 462 MiB.
2026-10-03T01:04:03Z INFO [218/750] 279397c9-61af-463d-ab3a-1e3884ec5175: Sackin index -0.0702; 1.5 s; peak memory 462 MiB.
2026-10-03T01:04:05Z INFO [219/750] 2793a6e1-44e9-401f-a8d8-290921f03e1b: Sackin index -0.0956; 1.6 s; peak memory 462 MiB.
2026-10-03T01:04:06Z INFO [220/750] 2793b2b5-1cdb-474f-ad8d-8f3508af43dd: Sackin index -0.0728; 1.7 s; peak memory 462 MiB.
2026-10-03T01:04:08Z INFO [221/750] 27942b2f-78a3-4322-909f-3fad53140c89: Sackin index -0.1383; 1.5 s; peak memory 462 MiB.
2026-10-03T01:04:10Z INFO [222/750] 2794c96b-bcbf-494e-b8db-734f28b2fcff: Sackin index -0.1233; 1.9 s; peak memory 462 MiB.
2026-10-03T01:04:11Z INFO [223/750] 2794fe28-684a-48e9-82a8-402e53a1147f: Sackin index -0.0702; 1.5 s; peak memory 462 MiB.
2026-10-03T01:04:19Z INFO [224/750] 27953a0f-4ce0-485d-9953-8e2eb42a343c: Sackin index -0.0251; 7.9 s; peak memory 462 MiB.
2026-10-03T01:04:20Z INFO [225/750] 279704c6-7677-43a9-804f-e188ff34d530: Sackin index -0.1658; 1.1 s; peak memory 462 MiB.
2026-10-03T01:04:22Z INFO [226/750] 27971dcc-0477-4934-84b3-9133a6e25289: Sackin index -0.1220; 2.2 s; peak memory 462 MiB.
2026-10-03T01:04:28Z INFO [227/750] 279759d7-f902-4a53-b7d0-11267ee81c01: Sackin index -0.0256; 6.0 s; peak memory 462 MiB.
2026-10-03T01:04:31Z INFO [228/750] 2797c532-0a5d-4b13-b5d3-8b230ea1226a: Sackin index -0.0374; 2.3 s; peak memory 462 MiB.
2026-10-03T01:04:32Z INFO [229/750] 27987635-3eea-4bf0-be12-af427926bc1f: Sackin index -0.1349; 1.3 s; peak memory 462 MiB.
2026-10-03T01:04:49Z INFO [230/750] 2798cfe3-1933-40ac-850f-a91735bfda01: Sackin index -0.0097; 16.9 s; peak memory 462 MiB.
2026-10-03T01:04:50Z INFO [231/750] 27992834-14c5-49bf-9801-04420caca8f7: Sackin index -0.0696; 1.4 s; peak memory 462 MiB.
2026-10-03T01:04:51Z INFO [232/750] 279943cd-b437-4c76-9891-e1d06820e1d0: Sackin index -0.1272; 1.0 s; peak memory 462 MiB.
2026-10-03T01:04:53Z INFO [233/750] 2799f556-b282-4f64-9151-bdfe739f326b: Sackin index -0.1349; 1.4 s; peak memory 462 MiB.
2026-10-03T01:04:59Z INFO [234/750] 279a01b6-4810-43ee-b6f9-e155732c064b: Sackin index -0.0415; 6.2 s; peak memory 462 MiB.
2026-10-03T01:05:00Z INFO [235/750] 279a55a4-446c-4ebb-a28f-64ec7a403b0c: Sackin index -0.0702; 1.5 s; peak memory 462 MiB.
2026-10-03T01:07:34Z INFO [236/750] 279afdfb-21cc-494c-9e9f-ee4e60fe98df: Sackin index -0.0573; 153.9 s; peak memory 462 MiB.
2026-10-03T01:07:36Z INFO [237/750] 279b1762-dc71-4437-9bc2-e67f98e0c5bc: Sackin index -0.0728; 1.9 s; peak memory 462 MiB.
2026-10-03T01:07:38Z INFO [238/750] 279b3dd6-28b9-4656-8567-2dbe0b6f4b6b: Sackin index -0.1349; 1.4 s; peak memory 462 MiB.
2026-10-03T01:07:39Z INFO [239/750] 279c3385-c841-4d10-a538-d6cf6b467cc0: Sackin index -0.1349; 1.3 s; peak memory 462 MiB.
2026-10-03T01:07:51Z INFO [240/750] 279d6dfc-b96a-45dc-9f27-a82caea4197a: Sackin index -0.0139; 12.3 s; peak memory 462 MiB.
2026-10-03T01:07:53Z INFO [241/750] 279de470-d71c-48d7-bb45-a198e39a6f0a: Sackin index -0.1349; 1.4 s; peak memory 462 MiB.
2026-10-03T01:07:54Z INFO [242/750] 279e06f3-54b7-4585-a277-13bce11a0cf3: Sackin index -0.1349; 1.4 s; peak memory 462 MiB.
2026-10-03T01:08:12Z INFO [243/750] 279fd047-73e6-4861-b664-6a3b3de4a93d: Sackin index -0.0113; 17.6 s; peak memory 462 MiB.
2026-10-03T01:08:13Z INFO [244/750] 279ff3eb-1ece-4b82-84c7-191e190deb56: Sackin index -0.1349; 1.2 s; peak memory 462 MiB.
2026-10-03T01:10:55Z INFO [245/750] 27a02b6a-9493-4bb5-8e41-c6dd6bc47ed6: Sackin index -0.0414; 162.5 s; peak memory 462 MiB.
2026-10-03T01:10:58Z INFO [246/750] 27a0680b-17ab-41b2-b53f-58a0ddd0e53b: Sackin index -0.0699; 2.9 s; peak memory 462 MiB.
2026-10-03T01:11:00Z INFO [247/750] 27a152d6-c2cc-4e2a-bccd-d8a7c1e98aea: Sackin index -0.0702; 1.7 s; peak memory 462 MiB.
2026-10-03T01:11:02Z INFO [248/750] 27a1aef8-b746-4270-9460-04c19d8d3454: Sackin index -0.0398; 1.9 s; peak memory 462 MiB.
2026-10-03T01:11:03Z INFO [249/750] 27a1ff16-7c22-43b4-bfab-1d337b548229: Sackin index -0.1658; 1.1 s; peak memory 462 MiB.
2026-10-03T01:11:04Z INFO [250/750] 27a242f3-4832-478a-a1c6-582d50d9ff08: Sackin index -0.1349; 1.2 s; peak memory 462 MiB.
2026-10-03T01:11:04Z INFO [250/750] 27a242f3-4832-478a-a1c6-582d50d9ff08: checkpointed 66086 records.
2026-10-03T01:11:07Z INFO [251/750] 27a392ca-631c-4c65-b85c-1eb770a13dfc: Sackin index -0.0365; 2.2 s; peak memory 462 MiB.
2026-10-03T01:11:08Z INFO [252/750] 27a3e40f-0ee8-465f-9890-ef318c3bd0dd: Sackin index -0.1349; 1.3 s; peak memory 462 MiB.
2026-10-03T01:11:10Z INFO [253/750] 27a53683-c4fb-446f-9ba4-52496b1bbe16: Sackin index -0.0626; 1.8 s; peak memory 462 MiB.
2026-10-03T01:11:11Z INFO [254/750] 27a5e194-3a97-46ca-ada8-b37f6fbeb89c: Sackin index -0.0728; 1.6 s; peak memory 462 MiB.
2026-10-03T01:11:13Z INFO [255/750] 27a6a875-de16-4511-9a50-c1643d58857d: Sackin index -0.1349; 1.3 s; peak memory 462 MiB.
2026-10-03T01:11:15Z INFO [256/750] 27a74e32-1931-472d-895f-53cf0d1d6d80: Sackin index -0.0369; 2.3 s; peak memory 462 MiB.
2026-10-03T01:11:17Z INFO [257/750] 27a7a687-e34f-46f6-bf56-ef8a9ef2069d: Sackin index -0.0745; 2.1 s; peak memory 462 MiB.
2026-10-03T01:11:20Z INFO [258/750] 27a89893-3018-4cea-a5bb-7ecdda6d7a64: Sackin index -0.0541; 2.8 s; peak memory 462 MiB.
2026-10-03T01:11:22Z INFO [259/750] 27a8f9af-c6fa-4cb0-af23-339fbc6a9134: Sackin index -0.1938; 2.5 s; peak memory 462 MiB.
2026-10-03T01:11:24Z INFO [260/750] 27aa1611-b7a7-402a-bdad-0680e94e194c: Sackin index -0.0385; 1.7 s; peak memory 462 MiB.
2026-10-03T01:11:25Z INFO [261/750] 27aa3cb0-e695-450b-be8c-c79bd501ca47: Sackin index -0.1349; 1.2 s; peak memory 462 MiB.
2026-10-03T01:11:28Z INFO [262/750] 27aae3ff-caca-455c-b914-a18c2ba0d219: Sackin index -0.0699; 3.0 s; peak memory 462 MiB.
2026-10-03T01:11:30Z INFO [263/750] 27abc424-6600-469a-8093-c22ab4d3013c: Sackin index -0.1380; 1.6 s; peak memory 462 MiB.
2026-10-03T01:11:31Z INFO [264/750] 27abf7a7-d763-4a3f-acfe-1993cdbed12b: Sackin index -0.1349; 1.3 s; peak memory 462 MiB.
2026-10-03T01:11:37Z INFO [265/750] 27ac887c-05c8-46b7-bc0a-f6c1e8f796af: Sackin index -0.0403; 5.6 s; peak memory 462 MiB.
2026-10-03T01:11:38Z INFO [266/750] 27ac9ee4-f2fe-4079-b4f4-f7209a314e35: Sackin index -0.1349; 1.3 s; peak memory 462 MiB.
2026-10-03T01:11:40Z INFO [267/750] 27adb13d-b157-4567-bc08-52a9bf16a2cd: Sackin index -0.1349; 1.4 s; peak memory 462 MiB.
2026-10-03T01:11:41Z INFO [268/750] 27adea4d-f998-4f4b-b08c-ec86d58ac9e6: Sackin index -0.0728; 1.6 s; peak memory 462 MiB.
2026-10-03T01:11:42Z INFO [269/750] 27aeba56-b3ab-40ca-a8ed-8d36c496420a: Sackin index -0.1349; 1.2 s; peak memory 462 MiB.
2026-10-03T01:11:53Z INFO [270/750] 27b09724-0abe-4f69-a27d-29262ce5e67f: Sackin index -0.0366; 10.2 s; peak memory 462 MiB.
2026-10-03T01:11:54Z INFO [271/750] 27b188a2-0f36-47c0-bb9e-db09ef9660f1: Sackin index -0.1349; 1.4 s; peak memory 462 MiB.
2026-10-03T01:11:55Z INFO [272/750] 27b2403d-6c8b-40ac-a55a-64952f927218: Sackin index -0.1349; 1.2 s; peak memory 462 MiB.
2026-10-03T01:11:56Z INFO [273/750] 27b2fec1-68d4-4f46-ab02-9a981c198344: Sackin index -0.1397; 1.1 s; peak memory 462 MiB.
2026-10-03T01:11:59Z INFO [274/750] 27b389d3-0966-46b1-9a5b-9d1dbbd16e9a: Sackin index -0.0699; 3.2 s; peak memory 462 MiB.
2026-10-03T01:12:01Z INFO [275/750] 27b424dd-a842-4502-bc16-86810c2601bb: Sackin index -0.1303; 1.1 s; peak memory 462 MiB.
2026-10-03T01:12:02Z INFO [276/750] 27b47707-2d52-4179-aad7-af91d3bb0b52: Sackin index -0.0434; 1.9 s; peak memory 462 MiB.
2026-10-03T01:12:04Z INFO [277/750] 27b4fbb9-d68e-46fc-9626-7b2455879cb3: Sackin index -0.0944; 1.9 s; peak memory 462 MiB.
2026-10-03T01:12:06Z INFO [278/750] 27b550ba-4620-473f-a229-e5940e1ed13e: Sackin index -0.1273; 1.8 s; peak memory 462 MiB.
2026-10-03T01:12:09Z INFO [279/750] 27b5bf1d-7bbc-4424-8cf6-130447f17d65: Sackin index -0.0369; 2.3 s; peak memory 462 MiB.
2026-10-03T01:12:10Z INFO [280/750] 27b5f5ed-b44e-4066-8cbe-199aa820fb83: Sackin index -0.1272; 1.3 s; peak memory 462 MiB.
2026-10-03T01:12:12Z INFO [281/750] 27b6bba3-8806-4f48-a517-d376c6d61292: Sackin index -0.0728; 2.0 s; peak memory 462 MiB.
2026-10-03T01:12:13Z INFO [282/750] 27b6d100-c065-4cd9-b675-1e16bdb0f474: Sackin index -0.1349; 1.2 s; peak memory 462 MiB.
2026-10-03T01:12:14Z INFO [283/750] 27b7860e-0a94-4359-867a-8a66ad65b4c0: Sackin index -0.1484; 1.0 s; peak memory 462 MiB.
2026-10-03T01:12:16Z INFO [284/750] 27b8d2c8-943e-4e52-b693-1335574a3989: Sackin index -0.0375; 1.9 s; peak memory 462 MiB.
2026-10-03T01:12:18Z INFO [285/750] 27b92729-1247-4f67-9a8b-28c89b422047: Sackin index -0.1370; 2.0 s; peak memory 462 MiB.
2026-10-03T01:12:20Z INFO [286/750] 27b938c9-ced2-43e4-b418-4ccaf2c412f7: Sackin index -0.0728; 1.7 s; peak memory 462 MiB.
2026-10-03T01:12:21Z INFO [287/750] 27b98bf9-bff5-48c0-beef-af0d23d19e57: Sackin index -0.1257; 1.6 s; peak memory 462 MiB.
2026-10-03T01:12:23Z INFO [288/750] 27ba7d60-75dc-4693-8146-c0d47c6decd9: Sackin index -0.1117; 1.9 s; peak memory 462 MiB.
2026-10-03T01:12:24Z INFO [289/750] 27bb2be6-05ca-4adc-8694-60106f3e79ae: Sackin index -0.1319; 1.2 s; peak memory 462 MiB.
2026-10-03T01:12:28Z INFO [290/750] 27bb50c0-4562-4585-84f4-081c5e629c13: Sackin index -0.0686; 3.2 s; peak memory 462 MiB.
2026-10-03T01:12:29Z INFO [291/750] 27bc2763-1b50-4401-b88c-c9003938e019: Sackin index -0.1380; 1.5 s; peak memory 462 MiB.
2026-10-03T01:12:30Z INFO [292/750] 27bdf7ac-7239-43c3-a8d6-89b285344b93: Sackin index -0.1349; 1.4 s; peak memory 462 MiB.
2026-10-03T01:12:36Z INFO [293/750] 27be2e48-35dc-403e-ad5a-3ec05e337dad: Sackin index -0.0403; 5.3 s; peak memory 462 MiB.
2026-10-03T01:12:38Z INFO [294/750] 27c19111-0dc7-499e-a256-775b3ce878a5: Sackin index -0.0699; 2.7 s; peak memory 462 MiB.
2026-10-03T01:12:56Z INFO [295/750] 27c23595-63d8-4078-ab0f-e54d74a87e53: Sackin index -0.0391; 17.7 s; peak memory 462 MiB.
2026-10-03T01:13:50Z INFO [296/750] 27c24104-db23-4046-8bea-8085bf36b575: Sackin index -0.1076; 54.3 s; peak memory 462 MiB.
2026-10-03T01:13:52Z INFO [297/750] 27c27567-8115-498e-90b0-2e2b0459d5d3: Sackin index -0.1349; 1.2 s; peak memory 462 MiB.
2026-10-03T01:13:53Z INFO [298/750] 27c3b0b2-2f38-4d26-a42e-b1737655d0a5: Sackin index -0.0709; 1.3 s; peak memory 462 MiB.
2026-10-03T01:13:54Z INFO [299/750] 27c420bb-dd19-4fa4-8d2f-0277906e4da4: Sackin index -0.1331; 1.2 s; peak memory 462 MiB.
2026-10-03T01:13:56Z INFO [300/750] 27c459d2-48e5-4ddc-a5c8-d32c39b9a4f3: Sackin index -0.1248; 1.4 s; peak memory 462 MiB.
2026-10-03T01:13:56Z INFO [300/750] 27c459d2-48e5-4ddc-a5c8-d32c39b9a4f3: checkpointed 66136 records.
2026-10-03T01:13:57Z INFO [301/750] 27c47174-67f7-4669-8306-c001ae04ded9: Sackin index -0.1319; 1.2 s; peak memory 462 MiB.
2026-10-03T01:13:59Z INFO [302/750] 27c56e3e-9ea7-4049-bc65-d0d4e2ba982c: Sackin index -0.0369; 2.4 s; peak memory 462 MiB.
2026-10-03T01:14:01Z INFO [303/750] 27c5f524-f562-4ee8-bb74-230cbdeff61f: Sackin index -0.0376; 1.8 s; peak memory 462 MiB.
2026-10-03T01:14:03Z INFO [304/750] 27c627c0-9a77-4fc1-932e-d68a6d695d4b: Sackin index -0.1349; 1.5 s; peak memory 462 MiB.
2026-10-03T01:14:05Z INFO [305/750] 27c71f30-3972-40f6-aa6f-72fe81564ade: Sackin index -0.0728; 1.9 s; peak memory 462 MiB.
2026-10-03T01:14:07Z INFO [306/750] 27c76fbc-f6a7-43fc-9736-34d9395bb56b: Sackin index -0.0681; 2.7 s; peak memory 462 MiB.
2026-10-03T01:14:10Z INFO [307/750] 27c7b331-84c4-478e-8ffa-c01c43a5b037: Sackin index -0.0515; 2.8 s; peak memory 462 MiB.
2026-10-03T01:14:12Z INFO [308/750] 27c7cf9d-173e-419f-be0d-612aa92d298c: Sackin index -0.1349; 1.4 s; peak memory 462 MiB.
2026-10-03T01:14:15Z INFO [309/750] 27c82e49-d539-4afc-99d7-56f5c5b7adfa: Sackin index -0.0704; 3.2 s; peak memory 462 MiB.
2026-10-03T01:14:16Z INFO [310/750] 27c83705-5b37-4fec-8ce8-94dfb4be11a0: Sackin index -0.0667; 1.2 s; peak memory 462 MiB.
2026-10-03T01:14:18Z INFO [311/750] 27c870f0-6734-4b6d-8349-d61d8f1c0ef1: Sackin index -0.0696; 1.7 s; peak memory 462 MiB.
2026-10-03T01:14:34Z INFO [312/750] 27caeed0-ba71-4cbb-9682-99a6c9cff345: Sackin index -0.0115; 16.3 s; peak memory 462 MiB.
2026-10-03T01:14:50Z INFO [313/750] 27cb3641-80fd-4708-b279-260ab7049a94: Sackin index -0.0373; 16.5 s; peak memory 462 MiB.
2026-10-03T01:14:54Z INFO [314/750] 27cbb4a8-1bce-4296-b29f-2da167ea3050: Sackin index -0.0699; 3.2 s; peak memory 462 MiB.
2026-10-03T01:14:55Z INFO [315/750] 27cc1895-31fa-4c5c-8070-1684730e1d37: Sackin index -0.1349; 1.4 s; peak memory 462 MiB.
2026-10-03T01:14:57Z INFO [316/750] 27cd687b-8afd-4e48-bc66-3a950fbbb0c1: Sackin index -0.0379; 1.8 s; peak memory 462 MiB.
2026-10-03T01:14:58Z INFO [317/750] 27cdaedb-cc0c-4bce-99aa-c131d266a44b: Sackin index -0.1604; 1.3 s; peak memory 462 MiB.
2026-10-03T01:14:59Z INFO [318/750] 27ce263c-027b-4711-ab93-30cbfff93e05: Sackin index -0.1349; 1.3 s; peak memory 462 MiB.
2026-10-03T01:15:01Z INFO [319/750] 27cef310-34da-440a-ad01-bcc4153e59de: Sackin index -0.1938; 1.2 s; peak memory 462 MiB.
2026-10-03T01:15:02Z INFO [320/750] 27cf4787-d6a3-4748-81a3-20e747f594e2: Sackin index -0.1938; 1.1 s; peak memory 462 MiB.
2026-10-03T01:15:03Z INFO [321/750] 27d0481b-3ab1-474f-8564-403ba94b5090: Sackin index -0.1408; 1.3 s; peak memory 462 MiB.
2026-10-03T01:15:05Z INFO [322/750] 27d0767e-4f03-45d3-8969-39d8ba8e023a: Sackin index -0.0702; 1.8 s; peak memory 462 MiB.
2026-10-03T01:15:06Z INFO [323/750] 27d0c521-c311-47d2-ae8b-0e3001d748f2: Sackin index -0.1349; 1.3 s; peak memory 462 MiB.
2026-10-03T01:15:07Z INFO [324/750] 27d1c99b-c48b-40ca-b31a-f2ad2f70abf6: Sackin index -0.1178; 1.0 s; peak memory 462 MiB.
2026-10-03T01:15:08Z INFO [325/750] 27d20d96-d567-46d7-befe-2cac48161d04: Sackin index -0.1349; 1.2 s; peak memory 462 MiB.
2026-10-03T01:15:10Z INFO [326/750] 27d3c489-9a44-469b-aba7-8aa3e3546e1c: Sackin index -0.0728; 1.9 s; peak memory 462 MiB.
2026-10-03T01:15:11Z INFO [327/750] 27d3c9ea-d357-48fd-85bc-de4952cdb8a0: Sackin index -0.1331; 1.2 s; peak memory 462 MiB.
2026-10-03T01:15:13Z INFO [328/750] 27d4409e-58d8-4ee4-98bc-978a66ea4f23: Sackin index -0.1349; 1.4 s; peak memory 462 MiB.
2026-10-03T01:15:28Z INFO [329/750] 27d46b2c-0bf2-4474-bf40-ca05d15b488f: Sackin index -0.0214; 15.7 s; peak memory 462 MiB.
2026-10-03T01:15:30Z INFO [330/750] 27d4cb30-779e-4cf1-a7de-4eb8723e13de: Sackin index -0.1349; 1.3 s; peak memory 462 MiB.
2026-10-03T01:15:32Z INFO [331/750] 27d5c406-1140-4709-9949-7807f4de540c: Sackin index -0.1183; 2.5 s; peak memory 462 MiB.
2026-10-03T01:15:40Z INFO [332/750] 27d5d5a8-c303-4a71-9bba-3c8a831b2bc3: Sackin index -0.0321; 7.4 s; peak memory 462 MiB.
2026-10-03T01:15:41Z INFO [333/750] 27d5e98c-8cbb-4859-ae75-9cacc3b6e307: Sackin index -0.0728; 1.4 s; peak memory 462 MiB.
2026-10-03T01:15:43Z INFO [334/750] 27d6d303-d174-4957-a411-388d0bb201b2: Sackin index -0.1427; 1.6 s; peak memory 462 MiB.
2026-10-03T01:15:44Z INFO [335/750] 27d739f2-ea5b-4992-8de8-6b2d4c5f3ede: Sackin index -0.1658; 1.1 s; peak memory 462 MiB.
2026-10-03T01:15:45Z INFO [336/750] 27d76582-6e8d-4ab8-9c91-4f1b58d346bd: Sackin index -0.0702; 1.4 s; peak memory 462 MiB.
2026-10-03T01:15:47Z INFO [337/750] 27d7dfe5-d1e3-450c-b86a-7709d27c1be2: Sackin index -0.1349; 1.4 s; peak memory 462 MiB.
2026-10-03T01:15:48Z INFO [338/750] 27d82acd-b76d-4f25-a9dd-1289be542431: Sackin index -0.3646; 1.2 s; peak memory 462 MiB.
2026-10-03T01:15:50Z INFO [339/750] 27d83c6d-462f-446d-9740-5940d410e787: Sackin index -0.1269; 1.9 s; peak memory 462 MiB.
2026-10-03T01:15:51Z INFO [340/750] 27d845b2-55ed-40df-aab1-7a430957a509: Sackin index -0.1658; 1.1 s; peak memory 462 MiB.
2026-10-03T01:15:52Z INFO [341/750] 27d90244-72e8-4940-92de-e6df46f65266: Sackin index -0.0391; 1.3 s; peak memory 462 MiB.
2026-10-03T01:16:01Z INFO [342/750] 27d90704-b817-481d-b4d3-63b608808618: Sackin index -0.0133; 8.9 s; peak memory 462 MiB.
2026-10-03T01:16:07Z INFO [343/750] 27d96e78-ed4a-4e7b-bf4f-157907f12e6d: Sackin index -0.0227; 5.7 s; peak memory 462 MiB.
2026-10-03T01:16:08Z INFO [344/750] 27dae353-63b0-4ac4-9041-dfc58835e96f: Sackin index -0.0569; 1.5 s; peak memory 462 MiB.
2026-10-03T01:16:10Z INFO [345/750] 27daeccd-14c0-434e-ad9e-3d3d021dbba9: Sackin index -0.1239; 1.2 s; peak memory 462 MiB.
2026-10-03T01:16:12Z INFO [346/750] 27db767f-85f2-4f72-82f7-e8e30a14d6af: Sackin index -0.1160; 2.2 s; peak memory 462 MiB.
2026-10-03T01:16:13Z INFO [347/750] 27dbacba-28f7-46f0-a1da-3de6374e8435: Sackin index -0.1239; 1.2 s; peak memory 462 MiB.
2026-10-03T01:16:25Z INFO [348/750] 27dca6f4-413d-40f0-bc3f-61177bd04ea9: Sackin index -0.0017; 11.6 s; peak memory 462 MiB.
2026-10-03T01:16:26Z INFO [349/750] 27dd1a68-5a69-49a7-aab6-c9ca7271cdfc: Sackin index -0.1349; 1.2 s; peak memory 462 MiB.
2026-10-03T01:16:28Z INFO [350/750] 27dd320e-823b-4825-a106-c3fc3e76c915: Sackin index -0.0369; 2.1 s; peak memory 462 MiB.
2026-10-03T01:16:28Z INFO [350/750] 27dd320e-823b-4825-a106-c3fc3e76c915: checkpointed 66186 records.
2026-10-03T01:16:37Z INFO [351/750] 27dd9ef6-2c21-4c1b-bc04-9d119affc7f3: Sackin index -0.0420; 8.5 s; peak memory 462 MiB.
2026-10-03T01:16:38Z INFO [352/750] 27ddeb5f-1aa4-4eb5-96cd-c2da5d798d82: Sackin index -0.1178; 1.1 s; peak memory 462 MiB.
2026-10-03T01:16:39Z INFO [353/750] 27de224f-b73c-431f-8e40-7ec81c7140a7: Sackin index -0.0702; 1.5 s; peak memory 462 MiB.
2026-10-03T01:16:41Z INFO [354/750] 27ded58f-6c7f-44fe-b363-8b0cc0fa68ee: Sackin index -0.0728; 1.6 s; peak memory 462 MiB.
2026-10-03T01:16:43Z INFO [355/750] 27e0208e-6d65-41ef-a331-02727ad2bda3: Sackin index -0.0246; 2.3 s; peak memory 462 MiB.
2026-10-03T01:16:56Z INFO [356/750] 27e094ce-77ab-4bb3-b5a6-3811ac91eaf2: Sackin index -0.0173; 12.9 s; peak memory 462 MiB.
2026-10-03T01:16:58Z INFO [357/750] 27e1e7ae-bcc2-4cd1-b8c8-fad7028f53e6: Sackin index -0.1362; 2.3 s; peak memory 462 MiB.
2026-10-03T01:17:00Z INFO [358/750] 27e1eaf1-6c73-4775-bc73-9d76f87d1331: Sackin index -0.1461; 1.2 s; peak memory 462 MiB.
2026-10-03T01:17:19Z INFO [359/750] 27e205f7-64c2-4552-a75a-899a042a3417: Sackin index -0.1128; 19.3 s; peak memory 462 MiB.
2026-10-03T01:17:20Z INFO [360/750] 27e32067-1320-4d41-bcc8-0367e2096f06: Sackin index -0.0702; 1.4 s; peak memory 462 MiB.
2026-10-03T01:17:22Z INFO [361/750] 27e32c5f-2407-4367-b79b-12310d3154b6: Sackin index -0.0696; 1.5 s; peak memory 462 MiB.
2026-10-03T01:17:35Z INFO [362/750] 27e3b847-c767-42ca-b961-03ca0bf955eb: Sackin index -0.0140; 13.3 s; peak memory 462 MiB.
2026-10-03T01:17:36Z INFO [363/750] 27e3eef0-c674-48f8-b93d-962ef8e2f94b: Sackin index -0.1361; 1.2 s; peak memory 462 MiB.
2026-10-03T01:17:39Z INFO [364/750] 27e432b7-5142-4a90-a55e-d19bf50a2a70: Sackin index -0.1761; 2.2 s; peak memory 462 MiB.
2026-10-03T01:17:41Z INFO [365/750] 27e50663-7a52-41ce-bb80-474665fdf55f: Sackin index -0.0728; 2.1 s; peak memory 462 MiB.
2026-10-03T01:17:42Z INFO [366/750] 27e52856-e59b-40a3-838e-e83586f65b59: Sackin index -0.0702; 1.5 s; peak memory 462 MiB.
2026-10-03T01:17:44Z INFO [367/750] 27e60063-11b9-4ae6-991e-c138ee7ae4cb: Sackin index -0.1349; 1.4 s; peak memory 462 MiB.
2026-10-03T01:17:45Z INFO [368/750] 27e61386-6db8-48fe-a684-43e5148eb6bc: Sackin index -0.1349; 1.3 s; peak memory 462 MiB.
2026-10-03T01:20:23Z INFO [369/750] 27e72b49-849b-4eb3-8efa-0e7883a4795c: Sackin index -0.0288; 158.0 s; peak memory 462 MiB.
2026-10-03T01:20:24Z INFO [370/750] 27e744c7-f6a5-49db-99fb-1f0340900f3a: Sackin index -0.0702; 1.5 s; peak memory 462 MiB.
2026-10-03T01:20:25Z INFO [371/750] 27e82a67-68cd-49a1-848a-26ab1e30f760: Sackin index -0.1272; 1.0 s; peak memory 462 MiB.
2026-10-03T01:20:27Z INFO [372/750] 27e83e57-16b2-4d9f-98fc-2703c6d284f5: Sackin index -0.1542; 1.7 s; peak memory 462 MiB.
2026-10-03T01:20:29Z INFO [373/750] 27eb1a00-208f-4bdc-9f58-a3a393531787: Sackin index -0.0702; 1.5 s; peak memory 462 MiB.
2026-10-03T01:20:30Z INFO [374/750] 27eb2112-7ae6-4dde-8717-f8fedadd3d49: Sackin index -0.0752; 1.6 s; peak memory 462 MiB.
2026-10-03T01:20:32Z INFO [375/750] 27ec565b-614e-4bcd-9cf8-705b9e51e396: Sackin index -0.0702; 1.6 s; peak memory 462 MiB.
2026-10-03T01:20:33Z INFO [376/750] 27ed66c3-be34-4ee4-b271-26ae1a0ca58c: Sackin index -0.0702; 1.5 s; peak memory 462 MiB.
2026-10-03T01:20:41Z INFO [377/750] 27edad2e-87be-4b20-b11a-c02abba61829: Sackin index -0.0251; 7.3 s; peak memory 462 MiB.
2026-10-03T01:20:45Z INFO [378/750] 27ee1499-dba5-4d18-a01a-92274d8025e2: Sackin index -0.0383; 3.9 s; peak memory 462 MiB.
2026-10-03T01:20:45Z INFO [379/750] 27ef4011-99a4-4d28-bfd7-9be92688fe6f: Sackin index -0.2168; 0.9 s; peak memory 462 MiB.
2026-10-03T01:20:51Z INFO [380/750] 27ef9dde-abb2-417d-82ec-c4dc586b4ac4: Sackin index -0.0403; 5.4 s; peak memory 462 MiB.
2026-10-03T01:20:53Z INFO [381/750] 27f02abb-a340-4d5d-a6a4-000bd66c4fed: Sackin index -0.0752; 1.7 s; peak memory 462 MiB.
2026-10-03T01:20:54Z INFO [382/750] 27f06592-ba9f-46dc-873e-f00fc1da9ce8: Sackin index -0.1356; 1.0 s; peak memory 462 MiB.
2026-10-03T01:20:55Z INFO [383/750] 27f06c44-9105-479b-ba48-8a1f7567f05a: Sackin index -0.1349; 1.4 s; peak memory 462 MiB.
2026-10-03T01:20:56Z INFO [384/750] 27f0dd75-6e49-4a0f-adc8-22868dc0a994: Sackin index -0.1658; 1.0 s; peak memory 462 MiB.
2026-10-03T01:20:57Z INFO [385/750] 27f15490-8e67-41f9-af0f-b77cc3ebe832: Sackin index -0.0702; 1.4 s; peak memory 462 MiB.
2026-10-03T01:21:11Z INFO [386/750] 27f17ae5-c2a5-4d9c-a07a-f3dde515520b: Sackin index -0.0102; 13.1 s; peak memory 462 MiB.
2026-10-03T01:21:12Z INFO [387/750] 27f1be2a-368f-4c55-a98d-85792a48777d: Sackin index -0.1658; 1.3 s; peak memory 462 MiB.
2026-10-03T01:21:14Z INFO [388/750] 27f1e595-fcfd-4e6b-8942-f90eb1258847: Sackin index -0.0728; 1.9 s; peak memory 462 MiB.
2026-10-03T01:21:15Z INFO [389/750] 27f25c0f-34b1-44d8-b166-70b79c58236a: Sackin index -0.0988; 1.2 s; peak memory 462 MiB.
2026-10-03T01:21:18Z INFO [390/750] 27f38244-7968-4b18-bbb8-497ecb32baf7: Sackin index -0.0660; 3.2 s; peak memory 462 MiB.
2026-10-03T01:21:20Z INFO [391/750] 27f3dc23-d131-4df6-bec7-6f2187564064: Sackin index -0.0728; 2.1 s; peak memory 462 MiB.
2026-10-03T01:21:22Z INFO [392/750] 27f4a64d-998a-4855-bd1c-34077c61eb2c: Sackin index -0.1349; 1.3 s; peak memory 462 MiB.
2026-10-03T01:21:23Z INFO [393/750] 27f4abbd-5797-4210-8a10-bccd29cb5c46: Sackin index -0.0386; 1.6 s; peak memory 462 MiB.
2026-10-03T01:21:26Z INFO [394/750] 27f561c7-9322-4edb-81f5-46f4e6539c52: Sackin index -0.0515; 3.1 s; peak memory 462 MiB.
2026-10-03T01:21:30Z INFO [395/750] 27f57af8-c192-499f-896f-1cf2ab5a8cc4: Sackin index -0.0660; 3.3 s; peak memory 462 MiB.
2026-10-03T01:21:31Z INFO [396/750] 27f667ce-1c31-43bd-9a40-c1a250341607: Sackin index -0.0709; 1.5 s; peak memory 462 MiB.
2026-10-03T01:21:33Z INFO [397/750] 27f7a71f-1b70-4f4e-8716-28013d50b0f7: Sackin index -0.0702; 1.6 s; peak memory 462 MiB.
2026-10-03T01:21:40Z INFO [398/750] 27f83e98-be42-45d6-8655-6f752e240db3: Sackin index -0.0238; 7.8 s; peak memory 462 MiB.
2026-10-03T01:21:42Z INFO [399/750] 27f8c521-ad4e-40ff-b1b9-1d2653772a2b: Sackin index -0.0728; 2.0 s; peak memory 462 MiB.
2026-10-03T01:21:44Z INFO [400/750] 27f8e23c-7167-495c-8a5e-ef1a4616732d: Sackin index -0.0728; 1.6 s; peak memory 462 MiB.
2026-10-03T01:21:44Z INFO [400/750] 27f8e23c-7167-495c-8a5e-ef1a4616732d: checkpointed 66236 records.
2026-10-03T01:21:50Z INFO [401/750] 27f917bc-9e6f-4ca6-956c-41216a7b0c38: Sackin index -0.0514; 5.7 s; peak memory 462 MiB.
2026-10-03T01:21:51Z INFO [402/750] 27f98646-abe1-44d3-84c8-4d79bcde7aa3: Sackin index -0.1349; 1.2 s; peak memory 462 MiB.
2026-10-03T01:21:59Z INFO [403/750] 27f9c8ca-7f0f-4e8c-8de9-bde2869e3037: Sackin index -0.0242; 8.0 s; peak memory 462 MiB.
2026-10-03T01:22:00Z INFO [404/750] 27fadf51-1903-4524-b7d5-020aa1aa0325: Sackin index -0.1267; 1.0 s; peak memory 462 MiB.
2026-10-03T01:22:10Z INFO [405/750] 27fb78d5-297c-43f9-9e83-670ac59d3bf0: Sackin index -0.0892; 9.9 s; peak memory 462 MiB.
2026-10-03T01:22:12Z INFO [406/750] 27fbc3d3-5892-4619-8967-61aafa38c7bb: Sackin index -0.0377; 1.4 s; peak memory 462 MiB.
2026-10-03T01:22:13Z INFO [407/750] 27fbca78-caa2-4d16-8522-9cf67e0d7d36: Sackin index -0.1248; 1.6 s; peak memory 462 MiB.
2026-10-03T01:22:15Z INFO [408/750] 27fc0d86-a477-40f7-95a4-7b63f6a83a0d: Sackin index -0.0728; 2.0 s; peak memory 462 MiB.
2026-10-03T01:22:16Z INFO [409/750] 27fe45a2-be1b-4d84-9a62-0ffb55c2895a: Sackin index -0.1658; 0.9 s; peak memory 462 MiB.
2026-10-03T01:22:17Z INFO [410/750] 27fe49ba-6015-44ac-9a77-19d46c77820e: Sackin index -0.1349; 1.3 s; peak memory 462 MiB.
2026-10-03T01:22:19Z INFO [411/750] 27ff34a5-0423-4388-83f7-7dbc9c083115: Sackin index -0.1063; 1.1 s; peak memory 462 MiB.
2026-10-03T01:22:33Z INFO [412/750] 2800b8c3-9e75-47e6-aef1-0adf5dff13cd: Sackin index -0.0168; 14.9 s; peak memory 462 MiB.
2026-10-03T01:22:35Z INFO [413/750] 2801a344-4fc0-4aa6-90a5-f8ee58b9ae78: Sackin index -0.0944; 2.0 s; peak memory 462 MiB.
2026-10-03T01:22:39Z INFO [414/750] 2802135f-108f-4008-a2fd-30dbda73e829: Sackin index -0.0699; 3.0 s; peak memory 462 MiB.
2026-10-03T01:22:39Z INFO [415/750] 2802147b-c44c-463f-bcd0-b57243143006: Sackin index -0.2168; 0.9 s; peak memory 462 MiB.
2026-10-03T01:22:41Z INFO [416/750] 280282be-35d9-42a3-a157-69816f3000d8: Sackin index -0.1199; 1.7 s; peak memory 462 MiB.
2026-10-03T01:22:43Z INFO [417/750] 280286b9-348d-4dee-8d77-0dd41351305a: Sackin index -0.0275; 2.0 s; peak memory 462 MiB.
2026-10-03T01:22:44Z INFO [418/750] 28041547-96f2-4703-9426-44af1a192632: Sackin index -0.1303; 1.0 s; peak memory 462 MiB.
2026-10-03T01:22:46Z INFO [419/750] 2804705f-8445-48b0-a88f-d9f8e884e134: Sackin index -0.1349; 1.4 s; peak memory 462 MiB.
2026-10-03T01:22:49Z INFO [420/750] 2804b37c-f480-4617-aea3-757bd766d1b0: Sackin index -0.0676; 3.0 s; peak memory 462 MiB.
2026-10-03T01:26:37Z INFO [421/750] 2804f6c9-411c-4600-af69-8ac867116ecb: Sackin index -0.0667; 228.4 s; peak memory 1356 MiB.
2026-10-03T01:26:38Z INFO [422/750] 2806887b-9ef8-4206-adf4-f8c76ac09fb9: Sackin index -0.0881; 1.5 s; peak memory 1356 MiB.
2026-10-03T01:26:40Z INFO [423/750] 28072664-1032-4a48-845a-e0fc8301b014: Sackin index -0.1349; 1.3 s; peak memory 1356 MiB.
2026-10-03T01:27:26Z INFO [424/750] 28078f4d-4a56-4bc3-9a51-e3daf35c37c0: Sackin index -0.0055; 45.8 s; peak memory 1356 MiB.
2026-10-03T01:27:27Z INFO [425/750] 280792cb-ae81-45c7-9b30-89611396b2f5: Sackin index -0.0667; 1.1 s; peak memory 1356 MiB.
2026-10-03T01:27:29Z INFO [426/750] 2807f821-e5d3-412b-bcc2-efd609b474ab: Sackin index -0.0663; 2.7 s; peak memory 1356 MiB.
2026-10-03T01:27:31Z INFO [427/750] 2808a6e4-f9fb-456a-8ec7-05efbd67acf6: Sackin index -0.0728; 1.9 s; peak memory 1356 MiB.
2026-10-03T01:27:33Z INFO [428/750] 2808e06c-b9b0-4067-a374-5da4ca082ae9: Sackin index -0.1349; 1.3 s; peak memory 1356 MiB.
2026-10-03T01:27:34Z INFO [429/750] 28091cf8-0d74-4080-89fa-6d0430fb46f3: Sackin index -0.0369; 1.8 s; peak memory 1356 MiB.
2026-10-03T01:27:39Z INFO [430/750] 2809b31e-0868-416b-945e-bd3035e2ba3f: Sackin index -0.1938; 5.0 s; peak memory 1356 MiB.
2026-10-03T01:27:41Z INFO [431/750] 2809fdc0-685e-46c6-bcb9-cfde14e042cb: Sackin index -0.0383; 1.5 s; peak memory 1356 MiB.
2026-10-03T01:27:42Z INFO [432/750] 280b0f29-ee70-49ba-971a-1a1a814430f6: Sackin index -0.1288; 1.2 s; peak memory 1356 MiB.
2026-10-03T01:27:44Z INFO [433/750] 280b37cd-cda6-4048-862d-93ec163ae958: Sackin index -0.0709; 1.6 s; peak memory 1356 MiB.
2026-10-03T01:27:45Z INFO [434/750] 280b648c-1e03-4e83-868a-1996168ab69f: Sackin index -0.1273; 1.8 s; peak memory 1356 MiB.
2026-10-03T01:27:55Z INFO [435/750] 280cf86b-3a39-4b61-a289-d230d2d7ce50: Sackin index -0.0190; 9.2 s; peak memory 1356 MiB.
2026-10-03T01:27:56Z INFO [436/750] 280d5e25-a6d7-4caa-948d-82ca1c44822e: Sackin index -0.0696; 1.6 s; peak memory 1356 MiB.
2026-10-03T01:27:58Z INFO [437/750] 280d8f74-1ef4-4fc2-8013-5029915aa947: Sackin index -0.0728; 1.8 s; peak memory 1356 MiB.
2026-10-03T01:27:59Z INFO [438/750] 280dc469-8bba-42b8-af7b-a64997cd1db9: Sackin index -0.1349; 1.2 s; peak memory 1356 MiB.
2026-10-03T01:28:00Z INFO [439/750] 280e58d1-69a1-4e8b-9175-c3aab494f25a: Sackin index -0.0988; 1.4 s; peak memory 1356 MiB.
2026-10-03T01:28:11Z INFO [440/750] 280eccf8-aba5-4900-90b0-d1644e98ee23: Sackin index -0.0219; 10.5 s; peak memory 1356 MiB.
2026-10-03T01:28:14Z INFO [441/750] 280f4b1a-0565-40b9-9ac8-d4c40f6e797f: Sackin index -0.0515; 2.8 s; peak memory 1356 MiB.
2026-10-03T01:28:17Z INFO [442/750] 280f5efe-5135-4998-9082-8e60455e3bab: Sackin index -0.1938; 2.8 s; peak memory 1356 MiB.
2026-10-03T01:28:18Z INFO [443/750] 2810346a-9b56-4c93-97a0-41e986e815b9: Sackin index -0.1349; 1.3 s; peak memory 1356 MiB.
2026-10-03T01:28:20Z INFO [444/750] 2810c20c-a0e0-47e0-afeb-58b1c7833bfe: Sackin index -0.0728; 1.9 s; peak memory 1356 MiB.
2026-10-03T01:28:22Z INFO [445/750] 28111444-5550-402a-bfac-2c408aa1bff7: Sackin index -0.0369; 2.1 s; peak memory 1356 MiB.
2026-10-03T01:28:24Z INFO [446/750] 2811c57b-0f21-417e-97cd-86660029cfbf: Sackin index -0.0728; 2.0 s; peak memory 1356 MiB.
2026-10-03T01:28:26Z INFO [447/750] 2813b461-4371-4caa-a32f-ae44e070e860: Sackin index -0.1072; 2.4 s; peak memory 1356 MiB.
2026-10-03T01:28:28Z INFO [448/750] 2813e8bc-426a-4b11-875b-de4662d7ad11: Sackin index -0.1349; 1.3 s; peak memory 1356 MiB.
2026-10-03T01:28:29Z INFO [449/750] 2814b0b8-1b6b-4ac9-8a6a-eb3835b93b42: Sackin index -0.0709; 1.6 s; peak memory 1356 MiB.
2026-10-03T01:28:32Z INFO [450/750] 28157b6e-e49a-470a-8ec0-0beaa08f3494: Sackin index -0.0745; 2.4 s; peak memory 1356 MiB.
2026-10-03T01:28:32Z INFO [450/750] 28157b6e-e49a-470a-8ec0-0beaa08f3494: checkpointed 66286 records.
2026-10-03T01:28:33Z INFO [451/750] 2815b9bb-2c5e-48a9-9c0f-8a23f769109a: Sackin index -0.1349; 1.3 s; peak memory 1356 MiB.
2026-10-03T01:28:35Z INFO [452/750] 2816bd96-2488-451c-bdd0-cf97c4d2a40a: Sackin index -0.0728; 1.9 s; peak memory 1356 MiB.
2026-10-03T01:28:36Z INFO [453/750] 2816db31-185e-4cc6-b178-fa300ac61171: Sackin index -0.1349; 1.3 s; peak memory 1356 MiB.
2026-10-03T01:28:51Z INFO [454/750] 281714ad-9e64-4ecf-b43e-053f71f14def: Sackin index -0.0156; 14.7 s; peak memory 1356 MiB.
2026-10-03T01:28:52Z INFO [455/750] 2817ef8a-7716-4532-b9b7-06bf09cde191: Sackin index -0.1658; 1.0 s; peak memory 1356 MiB.
2026-10-03T01:28:53Z INFO [456/750] 28180605-6467-43af-8029-41753c5e40fd: Sackin index -0.0709; 1.5 s; peak memory 1356 MiB.
2026-10-03T01:28:55Z INFO [457/750] 2818d2fa-8f62-4165-ab48-f8a825e5cae2: Sackin index -0.0752; 2.0 s; peak memory 1356 MiB.
2026-10-03T01:28:57Z INFO [458/750] 2818dd00-27ae-49b4-a58f-91705ac798b5: Sackin index -0.1349; 1.2 s; peak memory 1356 MiB.
2026-10-03T01:28:58Z INFO [459/750] 2818df43-cac9-43f4-9c9a-1bedacb4473f: Sackin index -0.1349; 1.2 s; peak memory 1356 MiB.
2026-10-03T01:29:00Z INFO [460/750] 281921a8-0f25-4199-8b5b-5ad3296f1d29: Sackin index -0.1273; 1.7 s; peak memory 1356 MiB.
2026-10-03T01:29:01Z INFO [461/750] 28195a1f-7a74-4de9-b203-1e51dc6f5077: Sackin index -0.1135; 1.0 s; peak memory 1356 MiB.
2026-10-03T01:29:02Z INFO [462/750] 28196eb8-ddee-4aa7-bf83-389cc0dd11be: Sackin index -0.1349; 1.2 s; peak memory 1356 MiB.
2026-10-03T01:29:03Z INFO [463/750] 281a70e3-5d02-4bf7-bc68-a4024a838513: Sackin index -0.1273; 1.6 s; peak memory 1356 MiB.
2026-10-03T01:29:05Z INFO [464/750] 281a933c-274b-4e1e-8ca4-afc7043e3e96: Sackin index -0.1349; 1.2 s; peak memory 1356 MiB.
2026-10-03T01:29:06Z INFO [465/750] 281b4f32-a3a6-42c3-ad09-923cfd8cdb81: Sackin index -0.1349; 1.3 s; peak memory 1356 MiB.
2026-10-03T01:29:09Z INFO [466/750] 281b8464-44f7-4f05-bf4d-d4dcc4af6f3a: Sackin index -0.0579; 3.3 s; peak memory 1356 MiB.
2026-10-03T01:29:11Z INFO [467/750] 281bbe7d-cfa1-4d4e-b875-0c0adc66e782: Sackin index -0.0709; 1.4 s; peak memory 1356 MiB.
2026-10-03T01:29:12Z INFO [468/750] 281cb3fc-f181-4ed2-9834-4d43089debde: Sackin index -0.1349; 1.2 s; peak memory 1356 MiB.
2026-10-03T01:29:14Z INFO [469/750] 281db61b-374e-4452-96d4-a12127765033: Sackin index -0.1283; 2.1 s; peak memory 1356 MiB.
2026-10-03T01:29:16Z INFO [470/750] 281e7120-dab5-4a2e-90e6-ae86b14a5b0b: Sackin index -0.1142; 2.4 s; peak memory 1356 MiB.
2026-10-03T01:29:18Z INFO [471/750] 281e7b34-9abb-45bc-a60c-7984f3bd51b9: Sackin index -0.1239; 1.1 s; peak memory 1356 MiB.
2026-10-03T01:29:23Z INFO [472/750] 281e8a27-9c49-4599-bf04-437a97be36f2: Sackin index -0.0403; 5.5 s; peak memory 1356 MiB.
2026-10-03T01:29:27Z INFO [473/750] 281f1ae8-e751-455c-9f22-a415a2268372: Sackin index -0.0539; 4.5 s; peak memory 1356 MiB.
2026-10-03T01:29:29Z INFO [474/750] 281f43c5-2d03-41a9-be47-9685efc68837: Sackin index -0.0745; 1.5 s; peak memory 1356 MiB.
2026-10-03T01:29:31Z INFO [475/750] 281f80eb-2733-411d-b28a-087d498481cb: Sackin index -0.0369; 2.2 s; peak memory 1356 MiB.
2026-10-03T01:29:32Z INFO [476/750] 2820c4d2-b7c7-47ed-82ec-f5c5ffdea1bf: Sackin index -0.1178; 1.1 s; peak memory 1356 MiB.
2026-10-03T01:29:34Z INFO [477/750] 28219a79-2bf7-44b0-86b4-7ac7f856f2c1: Sackin index -0.0369; 1.8 s; peak memory 1356 MiB.
2026-10-03T01:29:35Z INFO [478/750] 2821e229-3494-4f62-990d-5907aae5a4c3: Sackin index -0.1658; 1.0 s; peak memory 1356 MiB.
2026-10-03T01:29:42Z INFO [479/750] 28220875-1d10-40ae-875f-bd39941cd92b: Sackin index -0.1562; 7.3 s; peak memory 1356 MiB.
2026-10-03T01:29:44Z INFO [480/750] 282443ff-7cbb-4df8-aaae-24e9c8b370d1: Sackin index -0.0738; 2.1 s; peak memory 1356 MiB.
2026-10-03T01:29:46Z INFO [481/750] 28249180-190b-40b7-86cf-6553ae7d5608: Sackin index -0.0702; 1.7 s; peak memory 1356 MiB.
2026-10-03T01:34:22Z INFO [482/750] 2824aca9-5824-4486-93ff-48ade6fdb426: Sackin index -0.0409; 276.1 s; peak memory 1356 MiB.
2026-10-03T01:34:24Z INFO [483/750] 2825317d-024c-402d-a1ad-13af66c80110: Sackin index -0.1349; 1.4 s; peak memory 1356 MiB.
2026-10-03T01:34:25Z INFO [484/750] 28257c23-fe25-4423-8b5d-da615752786a: Sackin index -0.0745; 1.8 s; peak memory 1356 MiB.
2026-10-03T01:34:27Z INFO [485/750] 28266a94-0ffb-4609-939a-e93a76bc7ad5: Sackin index -0.0881; 1.5 s; peak memory 1356 MiB.
2026-10-03T01:34:28Z INFO [486/750] 28268af7-74fd-40ce-8a02-dddb4c2ecd7d: Sackin index -0.0702; 1.5 s; peak memory 1356 MiB.
2026-10-03T01:34:31Z INFO [487/750] 28276135-bc5e-491a-8a53-c862836f970c: Sackin index -0.0728; 2.2 s; peak memory 1356 MiB.
2026-10-03T01:34:32Z INFO [488/750] 28282eb2-d116-4529-a350-88f75351f438: Sackin index -0.0709; 1.6 s; peak memory 1356 MiB.
2026-10-03T01:34:55Z INFO [489/750] 28296fb9-eb9f-47a4-859a-ae54382566ca: Sackin index -0.0660; 23.0 s; peak memory 1356 MiB.
2026-10-03T01:34:57Z INFO [490/750] 28298723-87b7-4f1f-9631-9d7d5de586c9: Sackin index -0.1191; 1.4 s; peak memory 1356 MiB.
2026-10-03T01:34:58Z INFO [491/750] 282a7e19-4793-43d5-95e4-2a01277c8940: Sackin index -0.1051; 1.2 s; peak memory 1356 MiB.
2026-10-03T01:34:59Z INFO [492/750] 282b2f26-9c49-4872-bf8d-c881e492a4fb: Sackin index -0.1349; 1.2 s; peak memory 1356 MiB.
2026-10-03T01:35:00Z INFO [493/750] 282c0cdc-75d4-4a5f-94a2-e22c8b53feb0: Sackin index -0.1731; 1.2 s; peak memory 1356 MiB.
2026-10-03T01:35:02Z INFO [494/750] 282d2086-9525-4018-b8bd-5ba961b09af2: Sackin index -0.0702; 1.4 s; peak memory 1356 MiB.
2026-10-03T01:35:03Z INFO [495/750] 282d6c8d-b836-4c74-a9d2-7f3e46141406: Sackin index -0.0380; 1.5 s; peak memory 1356 MiB.
2026-10-03T01:35:05Z INFO [496/750] 282dccd6-f5d7-4e8e-bfa3-b08ab8a0c631: Sackin index -0.0369; 1.9 s; peak memory 1356 MiB.
2026-10-03T01:35:18Z INFO [497/750] 282e73fc-a1c9-4676-843c-c3d89396d592: Sackin index -0.0614; 12.8 s; peak memory 1356 MiB.
2026-10-03T01:35:20Z INFO [498/750] 282ee4f1-db8a-42ab-94bc-6a8b16a37de9: Sackin index -0.1383; 1.7 s; peak memory 1356 MiB.
2026-10-03T01:35:21Z INFO [499/750] 28313ca1-b363-41cb-a32f-80e2fc84abcc: Sackin index -0.1349; 1.2 s; peak memory 1356 MiB.
2026-10-03T01:35:24Z INFO [500/750] 28314108-1bfa-4cdb-89bf-cca3cda6a771: Sackin index -0.0699; 3.0 s; peak memory 1356 MiB.
2026-10-03T01:35:24Z INFO [500/750] 28314108-1bfa-4cdb-89bf-cca3cda6a771: checkpointed 66336 records.
2026-10-03T01:35:33Z INFO [501/750] 2831e9b7-68ab-4007-a45d-8f8497d6d724: Sackin index -0.0153; 9.5 s; peak memory 1356 MiB.
2026-10-03T01:35:35Z INFO [502/750] 28325705-2c7b-4349-b279-bea65017fbb0: Sackin index -0.0728; 1.7 s; peak memory 1356 MiB.
2026-10-03T01:35:38Z INFO [503/750] 2832727c-fcc9-41e6-9954-122c5be05558: Sackin index -0.0699; 3.0 s; peak memory 1356 MiB.
2026-10-03T01:35:41Z INFO [504/750] 2832777b-d580-4bdc-a2f8-ef3cbe8800b4: Sackin index -0.0676; 3.0 s; peak memory 1356 MiB.
2026-10-03T01:35:42Z INFO [505/750] 2832fc71-e8fb-413d-9b63-e13e3c255efb: Sackin index -0.1658; 0.9 s; peak memory 1356 MiB.
2026-10-03T01:35:44Z INFO [506/750] 28343437-8ec2-4c5f-9eb3-09cbb6b0c253: Sackin index -0.0702; 1.4 s; peak memory 1356 MiB.
2026-10-03T01:35:54Z INFO [507/750] 283463b2-f424-416b-b0c1-236ff77ffb94: Sackin index -0.0315; 10.3 s; peak memory 1356 MiB.
2026-10-03T01:38:21Z INFO [508/750] 2834e3bc-aecc-4705-a7d3-e46656920ab9: Sackin index -0.0573; 146.9 s; peak memory 1356 MiB.
2026-10-03T01:38:22Z INFO [509/750] 2834f1c8-040b-4a20-ad20-46bc0815541d: Sackin index -0.1658; 1.3 s; peak memory 1356 MiB.
2026-10-03T01:38:23Z INFO [510/750] 28359fbd-6fa5-41d6-80f5-73b6b452b77c: Sackin index -0.1239; 1.1 s; peak memory 1356 MiB.
2026-10-03T01:38:25Z INFO [511/750] 2836736c-1a9d-4118-8818-35f4108c2a83: Sackin index -0.1187; 2.3 s; peak memory 1356 MiB.
2026-10-03T01:38:28Z INFO [512/750] 2836972b-91d7-4bb5-ac2e-d25c45057d94: Sackin index -0.0369; 2.4 s; peak memory 1356 MiB.
2026-10-03T01:38:29Z INFO [513/750] 28377cac-6916-4397-9cf2-4a63e9595498: Sackin index -0.1349; 1.2 s; peak memory 1356 MiB.
2026-10-03T01:38:46Z INFO [514/750] 28382318-242a-44db-b0b5-28eebfd21ace: Sackin index -0.0123; 16.8 s; peak memory 1356 MiB.
2026-10-03T01:38:47Z INFO [515/750] 283898fd-3eca-44c5-984e-858be2254d25: Sackin index -0.0881; 1.4 s; peak memory 1356 MiB.
2026-10-03T01:38:50Z INFO [516/750] 2838fd86-b3ec-482d-af24-4ee2cea2ec7a: Sackin index -0.0869; 2.8 s; peak memory 1356 MiB.
2026-10-03T01:38:51Z INFO [517/750] 283a2a07-0d0a-4fb7-89ec-0886888bc1d7: Sackin index -0.1248; 1.5 s; peak memory 1356 MiB.
2026-10-03T01:38:52Z INFO [518/750] 283a454f-ca2a-4da2-a7da-2df972564069: Sackin index -0.1239; 1.0 s; peak memory 1356 MiB.
2026-10-03T01:38:54Z INFO [519/750] 283a4eb2-5686-4217-8048-33721f55eedc: Sackin index -0.1349; 1.4 s; peak memory 1356 MiB.
2026-10-03T01:38:55Z INFO [520/750] 283beb75-298c-4e7e-8321-4d330453d936: Sackin index -0.1349; 1.4 s; peak memory 1356 MiB.
2026-10-03T01:38:57Z INFO [521/750] 283bfc9a-ab01-498a-850d-f518e168cb1d: Sackin index -0.1349; 1.4 s; peak memory 1356 MiB.
2026-10-03T01:38:58Z INFO [522/750] 283cf479-8cb7-4570-8674-6274a6ba8eb9: Sackin index -0.1273; 1.8 s; peak memory 1356 MiB.
2026-10-03T01:39:00Z INFO [523/750] 283d70f9-98b5-46be-9ebf-0d69c67ee633: Sackin index -0.1461; 1.2 s; peak memory 1356 MiB.
2026-10-03T01:39:01Z INFO [524/750] 283dc9b2-8b6a-4c4e-a75a-eca33957a352: Sackin index -0.0709; 1.6 s; peak memory 1356 MiB.
2026-10-03T01:40:36Z INFO [525/750] 283e84e1-8f72-40b7-900c-7841f57eeca8: Sackin index -0.0935; 94.8 s; peak memory 1356 MiB.
2026-10-03T01:40:48Z INFO [526/750] 283f334d-5dcb-42c6-aa03-f6fd5d400c87: Sackin index -0.0133; 12.3 s; peak memory 1356 MiB.
2026-10-03T01:40:50Z INFO [527/750] 283f9f83-25a9-465d-9c81-9efaccd6a921: Sackin index -0.1349; 1.3 s; peak memory 1356 MiB.
2026-10-03T01:40:51Z INFO [528/750] 283fc9d3-82b0-4a2a-aaef-d60cea5f092b: Sackin index -0.1349; 1.4 s; peak memory 1356 MiB.
2026-10-03T01:40:53Z INFO [529/750] 283ff007-a681-4928-91a8-a2dca9686acc: Sackin index -0.0696; 1.5 s; peak memory 1356 MiB.
2026-10-03T01:40:54Z INFO [530/750] 2840f4ac-f293-4739-ae49-3d2704e66dd1: Sackin index -0.1602; 1.3 s; peak memory 1356 MiB.
2026-10-03T01:40:55Z INFO [531/750] 2842ce81-7664-4fb4-8faa-b3715d2b1700: Sackin index -0.0696; 1.6 s; peak memory 1356 MiB.
2026-10-03T01:40:56Z INFO [532/750] 2842f4a5-7f6e-4002-82da-47664a16cda8: Sackin index -0.1658; 1.0 s; peak memory 1356 MiB.
2026-10-03T01:40:58Z INFO [533/750] 2842f805-f29f-4e11-8b1e-b6c11acff6cc: Sackin index -0.1938; 1.1 s; peak memory 1356 MiB.
2026-10-03T01:40:59Z INFO [534/750] 28449e7e-79a0-49c6-8471-8e0315d39606: Sackin index -0.1448; 1.0 s; peak memory 1356 MiB.
2026-10-03T01:41:02Z INFO [535/750] 2844d72b-1bf7-4d58-94ee-e297ef16141c: Sackin index -0.0665; 3.2 s; peak memory 1356 MiB.
2026-10-03T01:41:04Z INFO [536/750] 28451138-cec6-422f-aa0a-8d2e16d5c120: Sackin index -0.0728; 1.7 s; peak memory 1356 MiB.
2026-10-03T01:41:05Z INFO [537/750] 284584e7-58c1-4f74-bd0d-db09280d8790: Sackin index -0.1658; 1.0 s; peak memory 1356 MiB.
2026-10-03T01:41:06Z INFO [538/750] 2845908b-c0f8-4a75-b9da-1940450b8b33: Sackin index -0.0369; 1.9 s; peak memory 1356 MiB.
2026-10-03T01:41:08Z INFO [539/750] 28463d77-7bb3-42ac-b977-93ea134662a0: Sackin index -0.0728; 1.7 s; peak memory 1356 MiB.
2026-10-03T01:41:10Z INFO [540/750] 2846b81b-4bdb-427a-9391-dedde6afdf54: Sackin index -0.1248; 1.3 s; peak memory 1356 MiB.
2026-10-03T01:41:11Z INFO [541/750] 28479d60-aa5b-4d9c-b54a-e9c0d5879508: Sackin index -0.1178; 1.1 s; peak memory 1356 MiB.
2026-10-03T01:41:12Z INFO [542/750] 28487976-8e20-48c8-b887-f43b2b24c469: Sackin index -0.1349; 1.3 s; peak memory 1356 MiB.
2026-10-03T01:41:13Z INFO [543/750] 28490346-1a37-490f-8f7e-319d8845bd08: Sackin index -0.0745; 1.6 s; peak memory 1356 MiB.
2026-10-03T01:41:14Z INFO [544/750] 2849e325-c8cf-4299-8167-bf94a5fb31be: Sackin index -0.1178; 1.0 s; peak memory 1356 MiB.
2026-10-03T01:41:16Z INFO [545/750] 284a1877-52f0-4a3c-999d-82b54fb9105a: Sackin index -0.0696; 1.7 s; peak memory 1356 MiB.
2026-10-03T01:41:22Z INFO [546/750] 284b0657-9798-4704-988d-5e70156cb2e9: Sackin index -0.0445; 5.5 s; peak memory 1356 MiB.
2026-10-03T01:41:24Z INFO [547/750] 284ba07e-4023-4bf9-b6b4-977d81c0201d: Sackin index -0.0369; 2.5 s; peak memory 1356 MiB.
2026-10-03T01:41:25Z INFO [548/750] 284be5cb-4638-44ca-a6e9-eb01c6150519: Sackin index -0.1448; 1.0 s; peak memory 1356 MiB.
2026-10-03T01:41:27Z INFO [549/750] 284bf6eb-ca60-41cd-9095-815f0432bbb2: Sackin index -0.0276; 2.0 s; peak memory 1356 MiB.
2026-10-03T01:41:28Z INFO [550/750] 284bf855-56e8-4b1e-a05b-a7b23b2ceadc: Sackin index -0.1178; 1.0 s; peak memory 1356 MiB.
2026-10-03T01:41:28Z INFO [550/750] 284bf855-56e8-4b1e-a05b-a7b23b2ceadc: checkpointed 66386 records.
2026-10-03T01:41:30Z INFO [551/750] 284c7c14-ed03-4fd9-ae28-4b38a6dd6b36: Sackin index -0.0728; 1.8 s; peak memory 1356 MiB.
2026-10-03T01:41:32Z INFO [552/750] 284d8022-3834-4cff-bf4c-60db0d18016e: Sackin index -0.0375; 1.9 s; peak memory 1356 MiB.
2026-10-03T01:41:34Z INFO [553/750] 284db1c7-c773-4087-8ba7-458c05657720: Sackin index -0.0898; 2.0 s; peak memory 1356 MiB.
2026-10-03T01:41:35Z INFO [554/750] 284e9e26-1c3a-419c-a09f-95be6f9bd624: Sackin index -0.1248; 1.4 s; peak memory 1356 MiB.
2026-10-03T01:41:37Z INFO [555/750] 284eaf0e-9ccc-4d54-add4-68b81d95c34c: Sackin index -0.0745; 1.7 s; peak memory 1356 MiB.
2026-10-03T01:41:38Z INFO [556/750] 284ef615-c744-4dd0-acdc-c893be097d4f: Sackin index -0.1349; 1.3 s; peak memory 1356 MiB.
2026-10-03T01:41:40Z INFO [557/750] 284f2eb7-7150-4648-98c8-a129f7f7e2fc: Sackin index -0.1349; 1.2 s; peak memory 1356 MiB.
2026-10-03T01:41:42Z INFO [558/750] 284f4454-b9ab-4c43-9630-65e6cc4500a5: Sackin index -0.0728; 1.9 s; peak memory 1356 MiB.
2026-10-03T01:41:56Z INFO [559/750] 284f874a-e379-48a9-b3f5-9e75822884c8: Sackin index -0.0246; 14.4 s; peak memory 1356 MiB.
2026-10-03T01:41:58Z INFO [560/750] 284fbc23-5af6-4647-974b-063efb5ec21e: Sackin index -0.0728; 1.8 s; peak memory 1356 MiB.
2026-10-03T01:42:20Z INFO [561/750] 28505d97-f876-4d4e-a27b-8bef653433bb: Sackin index -0.0220; 22.3 s; peak memory 1356 MiB.
2026-10-03T01:42:21Z INFO [562/750] 2851a37c-9408-4eb8-9731-a4b9d9d7de26: Sackin index -0.1658; 1.0 s; peak memory 1356 MiB.
2026-10-03T01:42:23Z INFO [563/750] 2852003f-3ef4-488f-9015-1e1c72cff45c: Sackin index -0.0728; 2.0 s; peak memory 1356 MiB.
2026-10-03T01:42:24Z INFO [564/750] 28533926-ec28-4945-b7b1-4a655edb5c42: Sackin index -0.1349; 1.3 s; peak memory 1356 MiB.
2026-10-03T01:42:25Z INFO [565/750] 28536ba8-cd75-4c51-a165-8677a95996c6: Sackin index -0.1349; 1.2 s; peak memory 1356 MiB.
2026-10-03T01:42:27Z INFO [566/750] 28538d5a-16d4-4c4f-a0c1-653fefc0a0e4: Sackin index -0.1349; 1.4 s; peak memory 1356 MiB.
2026-10-03T01:42:30Z INFO [567/750] 28550d05-fb7b-442b-8b89-5400c27b1fa1: Sackin index -0.0699; 3.0 s; peak memory 1356 MiB.
2026-10-03T01:42:31Z INFO [568/750] 2855203a-eba9-4d22-8d3e-5e098876211b: Sackin index -0.1273; 1.7 s; peak memory 1356 MiB.
2026-10-03T01:42:33Z INFO [569/750] 2855a5f2-ee80-4bd1-bf3b-39b9c333d80a: Sackin index -0.0728; 1.8 s; peak memory 1356 MiB.
2026-10-03T01:42:50Z INFO [570/750] 2855ab3a-f606-436b-9b64-4cff3f8b5d41: Sackin index -0.0037; 17.3 s; peak memory 1356 MiB.
2026-10-03T01:42:53Z INFO [571/750] 28560cff-4d2a-474c-b296-612d0a4dcb9a: Sackin index -0.0702; 2.1 s; peak memory 1356 MiB.
2026-10-03T01:42:54Z INFO [572/750] 28563122-357c-46e7-972c-fc07a1ddd070: Sackin index -0.0696; 1.6 s; peak memory 1356 MiB.
2026-10-03T01:43:07Z INFO [573/750] 28568bf8-db2f-4bc6-8b7b-81c70b7d0349: Sackin index -0.0288; 12.7 s; peak memory 1356 MiB.
2026-10-03T01:43:09Z INFO [574/750] 2856a362-7455-4dd6-9eb9-79383b2d301d: Sackin index -0.0388; 2.5 s; peak memory 1356 MiB.
2026-10-03T01:43:27Z INFO [575/750] 285719b3-5c4d-4dd1-95d8-c134901a9408: Sackin index -0.0168; 17.2 s; peak memory 1356 MiB.
2026-10-03T01:43:37Z INFO [576/750] 28590596-752a-4463-992c-18fea6f55dc7: Sackin index -0.0892; 10.1 s; peak memory 1356 MiB.
2026-10-03T01:45:09Z INFO [577/750] 2859bcd1-3358-4607-bc7e-de6eee701dc3: Sackin index -0.0935; 92.6 s; peak memory 1356 MiB.
2026-10-03T01:45:16Z INFO [578/750] 285b62f7-5fcf-468a-b665-790ee04439c3: Sackin index -0.0476; 7.2 s; peak memory 1356 MiB.
2026-10-03T01:45:18Z INFO [579/750] 285ba845-acf7-4afa-8ebe-ee83b3a1e2bf: Sackin index -0.0702; 1.5 s; peak memory 1356 MiB.
2026-10-03T01:45:19Z INFO [580/750] 285d2672-bc6a-46fe-9043-7407db729578: Sackin index -0.1349; 1.2 s; peak memory 1356 MiB.
2026-10-03T01:45:21Z INFO [581/750] 285e0ce6-bc7b-4780-8184-eeef58a9a384: Sackin index -0.0709; 1.6 s; peak memory 1356 MiB.
2026-10-03T01:45:27Z INFO [582/750] 285e47ba-9905-4379-be24-30c43898ffae: Sackin index -0.0403; 6.2 s; peak memory 1356 MiB.
2026-10-03T01:45:29Z INFO [583/750] 285f382b-fdeb-450b-9753-a0a379c07d9d: Sackin index -0.0375; 1.9 s; peak memory 1356 MiB.
2026-10-03T01:45:30Z INFO [584/750] 285f610c-18a3-4228-9fe6-8442230a6d4a: Sackin index -0.1658; 1.0 s; peak memory 1356 MiB.
2026-10-03T01:45:31Z INFO [585/750] 285f83bd-c8f4-452b-9890-1776aec6840d: Sackin index -0.1349; 1.2 s; peak memory 1356 MiB.
2026-10-03T01:45:33Z INFO [586/750] 285f9062-c39d-48ca-835c-a28829eae04d: Sackin index -0.0380; 1.7 s; peak memory 1356 MiB.
2026-10-03T01:45:34Z INFO [587/750] 28607b8d-48a9-4c6b-b533-e9f4e6de8cc7: Sackin index -0.0745; 1.7 s; peak memory 1356 MiB.
2026-10-03T01:45:41Z INFO [588/750] 286083e9-8d69-4feb-802d-8b09793b9592: Sackin index -0.0466; 6.8 s; peak memory 1356 MiB.
2026-10-03T01:45:44Z INFO [589/750] 2860cddd-8893-4d0e-af84-b9a43c6c40a4: Sackin index -0.0718; 3.0 s; peak memory 1356 MiB.
2026-10-03T01:45:45Z INFO [590/750] 28615ba7-fc87-4dfe-a761-9f6c55e8b056: Sackin index -0.1356; 1.1 s; peak memory 1356 MiB.
2026-10-03T01:45:47Z INFO [591/750] 28631657-a806-4eea-b254-536c8fe55050: Sackin index -0.0375; 1.9 s; peak memory 1356 MiB.
2026-10-03T01:45:51Z INFO [592/750] 28642db4-7586-4af7-a78c-b7155dd22312: Sackin index -0.0773; 4.0 s; peak memory 1356 MiB.
2026-10-03T01:45:54Z INFO [593/750] 28659edc-a641-4272-9034-b9f84ab61182: Sackin index -0.0699; 2.8 s; peak memory 1356 MiB.
2026-10-03T01:48:14Z INFO [594/750] 286743e1-b3bf-442b-9546-5ea2dadc72b2: Sackin index -0.0276; 140.1 s; peak memory 1356 MiB.
2026-10-03T01:48:16Z INFO [595/750] 28677135-cc7e-4231-8ea1-53e66f56d6e8: Sackin index -0.0702; 1.5 s; peak memory 1356 MiB.
2026-10-03T01:48:17Z INFO [596/750] 286822cd-7c08-4947-bed5-1141e0ee8628: Sackin index -0.1349; 1.3 s; peak memory 1356 MiB.
2026-10-03T01:48:19Z INFO [597/750] 2868760f-b544-4594-b2e6-b089224e6ad7: Sackin index -0.1248; 1.5 s; peak memory 1356 MiB.
2026-10-03T01:48:25Z INFO [598/750] 2869d480-fdba-4978-8337-e58b9f76ed5d: Sackin index -0.0263; 6.7 s; peak memory 1356 MiB.
2026-10-03T01:48:26Z INFO [599/750] 286a7c0b-ba92-4df7-8e45-cafb2c8febff: Sackin index -0.1484; 1.0 s; peak memory 1356 MiB.
2026-10-03T01:48:40Z INFO [600/750] 286c0b7e-ebbb-4393-a147-7540e7db08f2: Sackin index -0.0368; 14.0 s; peak memory 1356 MiB.
2026-10-03T01:48:40Z INFO [600/750] 286c0b7e-ebbb-4393-a147-7540e7db08f2: checkpointed 66436 records.
2026-10-03T01:48:43Z INFO [601/750] 286d074a-6b7a-4d0a-8c0f-6b5409a65383: Sackin index -0.0745; 2.3 s; peak memory 1356 MiB.
2026-10-03T01:48:44Z INFO [602/750] 286d7b93-33ed-401a-80dc-040f5fef00ae: Sackin index -0.1658; 0.9 s; peak memory 1356 MiB.
2026-10-03T01:48:45Z INFO [603/750] 286d8dbb-0e48-48e7-a4ee-aeceb6330d5f: Sackin index -0.1575; 1.3 s; peak memory 1356 MiB.
2026-10-03T01:48:53Z INFO [604/750] 286df512-b2bb-4abd-9b81-5127f208684e: Sackin index -0.1938; 8.1 s; peak memory 1356 MiB.
2026-10-03T01:48:55Z INFO [605/750] 286e09fd-3d7d-40ab-8302-eddcb9fd14d4: Sackin index -0.1356; 1.8 s; peak memory 1356 MiB.
2026-10-03T01:48:57Z INFO [606/750] 287029e1-1e43-4c5e-a738-9075769dd0c5: Sackin index -0.0745; 1.6 s; peak memory 1356 MiB.
2026-10-03T01:48:58Z INFO [607/750] 28706830-7bc9-4b5a-af05-a6b9926be004: Sackin index -0.0944; 1.9 s; peak memory 1356 MiB.
2026-10-03T01:49:00Z INFO [608/750] 28709d05-f374-43b7-8d85-9f50580a2d36: Sackin index -0.0728; 1.6 s; peak memory 1356 MiB.
2026-10-03T01:49:02Z INFO [609/750] 28714c97-bb92-40e9-bf3c-09c9bbf2a673: Sackin index -0.0676; 2.3 s; peak memory 1356 MiB.
2026-10-03T01:49:04Z INFO [610/750] 2871d667-e5c5-4c3d-b389-5d1345a54e1c: Sackin index -0.1987; 1.5 s; peak memory 1356 MiB.
2026-10-03T01:49:06Z INFO [611/750] 287220fa-edc2-4fea-b70a-dc242ffbeec1: Sackin index -0.0375; 1.8 s; peak memory 1356 MiB.
2026-10-03T01:49:08Z INFO [612/750] 2872273f-ede9-48f9-a885-3262f620ff3d: Sackin index -0.0376; 1.8 s; peak memory 1356 MiB.
2026-10-03T01:49:09Z INFO [613/750] 28725224-33bd-46be-a2bd-2a67dd2b5c7f: Sackin index -0.0728; 1.5 s; peak memory 1356 MiB.
2026-10-03T01:49:11Z INFO [614/750] 28737fdb-86b3-49c1-bcd1-a4735055193b: Sackin index -0.0709; 1.4 s; peak memory 1356 MiB.
2026-10-03T01:49:13Z INFO [615/750] 2873c96a-3007-4ccf-8487-4532e11c5905: Sackin index -0.0699; 2.8 s; peak memory 1356 MiB.
2026-10-03T01:49:15Z INFO [616/750] 2873caa8-c3f8-4558-adf9-fc9bc4724840: Sackin index -0.1356; 1.6 s; peak memory 1356 MiB.
2026-10-03T01:49:16Z INFO [617/750] 28755075-cebd-4f51-bb4a-30a099e9c232: Sackin index -0.2147; 1.0 s; peak memory 1356 MiB.
2026-10-03T01:49:18Z INFO [618/750] 28755875-7d02-4752-bf34-a01352e6f653: Sackin index -0.1362; 1.9 s; peak memory 1356 MiB.
2026-10-03T01:49:21Z INFO [619/750] 28767f68-1bc4-48ba-b7e6-3674852a7698: Sackin index -0.0699; 2.8 s; peak memory 1356 MiB.
2026-10-03T01:49:22Z INFO [620/750] 2876e458-6fbc-48eb-be7e-d39fcf9f38ce: Sackin index -0.0673; 1.3 s; peak memory 1356 MiB.
2026-10-03T01:49:23Z INFO [621/750] 2876eb7a-b3c0-4df4-ac5a-1f44c42483c7: Sackin index -0.1349; 1.3 s; peak memory 1356 MiB.
2026-10-03T01:49:25Z INFO [622/750] 287842b5-6946-4606-a79a-10caf2936e5b: Sackin index -0.0369; 2.0 s; peak memory 1356 MiB.
2026-10-03T01:49:26Z INFO [623/750] 2878cdbc-b32a-4418-8ee0-c73d8d0c0a02: Sackin index -0.1448; 1.1 s; peak memory 1356 MiB.
2026-10-03T01:49:28Z INFO [624/750] 2878ec68-93d7-4706-bb82-73fa61f3ab31: Sackin index -0.0369; 1.8 s; peak memory 1356 MiB.
2026-10-03T01:49:29Z INFO [625/750] 28797ced-ee86-4c9e-ac29-9c1488c85ba6: Sackin index -0.1658; 1.2 s; peak memory 1356 MiB.
2026-10-03T01:49:52Z INFO [626/750] 287a9472-7a51-4a47-aea3-57756b586744: Sackin index -0.0095; 22.3 s; peak memory 1356 MiB.
2026-10-03T01:49:53Z INFO [627/750] 287b2e52-9a1b-4fcc-a511-d2127e1d8944: Sackin index -0.1349; 1.6 s; peak memory 1356 MiB.
2026-10-03T01:49:55Z INFO [628/750] 287bed90-bfc7-4feb-bb30-01cadd34ebd5: Sackin index -0.1283; 2.2 s; peak memory 1356 MiB.
2026-10-03T01:49:58Z INFO [629/750] 287d1f97-2749-416c-8b94-388cdca0685c: Sackin index -0.0350; 2.7 s; peak memory 1356 MiB.
2026-10-03T01:50:00Z INFO [630/750] 287e6710-0e9b-4d31-bae8-37a54c92a5b3: Sackin index -0.1000; 1.6 s; peak memory 1356 MiB.
2026-10-03T01:50:03Z INFO [631/750] 287f3a7c-cb1b-4cfb-9f36-068a96371eb6: Sackin index -0.0704; 3.2 s; peak memory 1356 MiB.
2026-10-03T01:50:05Z INFO [632/750] 287f5d14-3ff0-41a7-8396-ae535f627d15: Sackin index -0.0275; 1.8 s; peak memory 1356 MiB.
2026-10-03T01:50:08Z INFO [633/750] 288037a6-4982-4cc9-8cb0-c8f08c4c4f95: Sackin index -0.0699; 2.8 s; peak memory 1356 MiB.
2026-10-03T01:50:09Z INFO [634/750] 2881ab7d-7624-4d10-985b-d6b2340b1fb1: Sackin index -0.0745; 1.8 s; peak memory 1356 MiB.
2026-10-03T01:50:11Z INFO [635/750] 288243ee-e118-4045-8128-131c8e5c95cc: Sackin index -0.0709; 1.4 s; peak memory 1356 MiB.
2026-10-03T01:50:12Z INFO [636/750] 2882a87b-3fdd-4282-83e6-835d82436022: Sackin index -0.0728; 1.6 s; peak memory 1356 MiB.
2026-10-03T01:50:14Z INFO [637/750] 28837229-b026-414e-bb92-ee698b0329d7: Sackin index -0.1349; 1.4 s; peak memory 1356 MiB.
2026-10-03T01:50:15Z INFO [638/750] 28838330-899b-4160-8560-7a535fe3f300: Sackin index -0.0728; 1.4 s; peak memory 1356 MiB.
2026-10-03T01:50:17Z INFO [639/750] 2883a4e5-f0e1-4d51-aba8-4a887827bd0f: Sackin index -0.0696; 1.6 s; peak memory 1356 MiB.
2026-10-03T01:50:20Z INFO [640/750] 2883a5fa-967c-4fa5-adf9-e636276c8b7d: Sackin index -0.0350; 2.7 s; peak memory 1356 MiB.
2026-10-03T01:50:21Z INFO [641/750] 288429ac-038d-40b5-bb43-0841380a2491: Sackin index -0.1349; 1.2 s; peak memory 1356 MiB.
2026-10-03T01:50:22Z INFO [642/750] 288467da-1f51-4186-89e7-1b26d2ecdcbe: Sackin index -0.1248; 1.6 s; peak memory 1356 MiB.
2026-10-03T01:50:27Z INFO [643/750] 28848708-442f-4fa7-a010-b883e0431262: Sackin index -0.0720; 4.5 s; peak memory 1356 MiB.
2026-10-03T01:50:28Z INFO [644/750] 2884f731-50d6-4f6a-b4d8-043588698ebc: Sackin index -0.0696; 1.4 s; peak memory 1356 MiB.
2026-10-03T01:50:30Z INFO [645/750] 2887a934-c7e4-4f2c-a6e6-5cf04f715984: Sackin index -0.0379; 1.7 s; peak memory 1356 MiB.
2026-10-03T01:50:41Z INFO [646/750] 28882d17-881d-431f-b168-a21058e8de6a: Sackin index -0.0245; 11.1 s; peak memory 1356 MiB.
2026-10-03T01:50:42Z INFO [647/750] 2888b22b-d6d6-4943-8750-ecbf57bd8a09: Sackin index -0.1349; 1.2 s; peak memory 1356 MiB.
2026-10-03T01:50:45Z INFO [648/750] 288907e6-7d00-4092-b8fd-278a29d3cfd5: Sackin index -0.0586; 3.0 s; peak memory 1356 MiB.
2026-10-03T01:50:49Z INFO [649/750] 28890c28-0458-449f-b5f7-bf1aa28b01ba: Sackin index -0.0869; 3.6 s; peak memory 1356 MiB.
2026-10-03T01:50:51Z INFO [650/750] 2889a218-1467-4010-b57b-9b7a0cab4072: Sackin index -0.0728; 1.6 s; peak memory 1356 MiB.
2026-10-03T01:50:51Z INFO [650/750] 2889a218-1467-4010-b57b-9b7a0cab4072: checkpointed 66486 records.
2026-10-03T01:50:52Z INFO [651/750] 288a2b2c-7995-4a4f-a798-137a41a54dcf: Sackin index -0.0735; 1.6 s; peak memory 1356 MiB.
2026-10-03T01:50:54Z INFO [652/750] 288a7734-d27e-4355-8083-172555b5be65: Sackin index -0.0709; 1.5 s; peak memory 1356 MiB.
2026-10-03T01:50:55Z INFO [653/750] 288aa3e3-8b5c-405c-b4b4-9b1b501caa57: Sackin index -0.0702; 1.5 s; peak memory 1356 MiB.
2026-10-03T01:50:58Z INFO [654/750] 288c5cf2-25ba-4f5c-b637-7d10f5ea4311: Sackin index -0.0745; 2.2 s; peak memory 1356 MiB.
2026-10-03T01:50:59Z INFO [655/750] 288d4a59-4518-4a7d-add6-8281a1241897: Sackin index -0.1349; 1.5 s; peak memory 1356 MiB.
2026-10-03T01:51:00Z INFO [656/750] 288d533f-2a6a-457c-afae-e6c1a5b6b3f8: Sackin index -0.1633; 1.2 s; peak memory 1356 MiB.
2026-10-03T01:51:02Z INFO [657/750] 288d89e2-09f6-46b7-be8c-3baa8e9b0a60: Sackin index -0.0881; 1.5 s; peak memory 1356 MiB.
2026-10-03T01:51:03Z INFO [658/750] 288eda6a-7d0f-45cb-a29a-c78713d4eac0: Sackin index -0.1658; 0.9 s; peak memory 1356 MiB.
2026-10-03T01:51:04Z INFO [659/750] 288f560c-1bbb-4691-93cc-11ca9ee4ee56: Sackin index -0.1448; 1.0 s; peak memory 1356 MiB.
2026-10-03T01:51:11Z INFO [660/750] 288f58f9-e084-4e56-9840-2db0920b0206: Sackin index -0.0251; 7.5 s; peak memory 1356 MiB.
2026-10-03T01:51:12Z INFO [661/750] 288f998a-87d5-4ade-91fc-e1461b7b60e8: Sackin index -0.1178; 1.1 s; peak memory 1356 MiB.
2026-10-03T01:51:13Z INFO [662/750] 289028b4-b1a6-4a3c-b2ed-6e74cbba4f24: Sackin index -0.1349; 1.2 s; peak memory 1356 MiB.
2026-10-03T01:53:29Z INFO [663/750] 2891312b-3473-42db-9881-b5940f12c63d: Sackin index -0.0271; 135.3 s; peak memory 1356 MiB.
2026-10-03T01:53:30Z INFO [664/750] 28913abd-374f-41e0-888f-e9b2958079d1: Sackin index -0.0707; 1.3 s; peak memory 1356 MiB.
2026-10-03T01:53:31Z INFO [665/750] 2891b1e6-0162-44f2-ac85-0984d1b51ed7: Sackin index -0.1349; 1.3 s; peak memory 1356 MiB.
2026-10-03T01:53:32Z INFO [666/750] 2891bfb3-d69e-4f75-a626-da8b3da729df: Sackin index -0.1716; 1.1 s; peak memory 1356 MiB.
2026-10-03T01:53:40Z INFO [667/750] 2891ece0-2bc0-44ab-b31c-ecb5acc7f0dd: Sackin index -0.0251; 7.5 s; peak memory 1356 MiB.
2026-10-03T01:53:42Z INFO [668/750] 28924366-c91a-495f-a919-07cf00554847: Sackin index -0.1408; 1.6 s; peak memory 1356 MiB.
2026-10-03T01:54:05Z INFO [669/750] 2892bc76-c675-4622-ac8b-c224dde0e9cc: Sackin index -0.1367; 23.4 s; peak memory 1356 MiB.
2026-10-03T01:54:06Z INFO [670/750] 289491b3-1756-497c-a2e2-4c7b05fd3b05: Sackin index -0.1349; 1.3 s; peak memory 1356 MiB.
2026-10-03T01:54:08Z INFO [671/750] 289583b7-069e-4e0e-af74-c9b8daedc59d: Sackin index -0.1349; 1.3 s; peak memory 1356 MiB.
2026-10-03T01:54:09Z INFO [672/750] 289584a7-dee8-4942-8ee7-27a2df458bbb: Sackin index -0.1248; 1.3 s; peak memory 1356 MiB.
2026-10-03T01:54:19Z INFO [673/750] 2896034d-5052-4cd0-8a50-75b6d417c7ac: Sackin index -0.0166; 9.6 s; peak memory 1356 MiB.
2026-10-03T01:54:24Z INFO [674/750] 2896569f-0b3d-43e2-b044-2c77b4761f9b: Sackin index -0.0269; 5.5 s; peak memory 1356 MiB.
2026-10-03T01:54:36Z INFO [675/750] 28967255-981a-4851-91d2-21e813fc6ac5: Sackin index -0.0138; 11.6 s; peak memory 1356 MiB.
2026-10-03T01:54:39Z INFO [676/750] 2896b0f0-74b3-4a7e-9e1e-b6a7ee836366: Sackin index -0.0842; 3.0 s; peak memory 1356 MiB.
2026-10-03T01:54:40Z INFO [677/750] 2896c393-58ca-4d25-b9eb-7a3354257589: Sackin index -0.0696; 1.6 s; peak memory 1356 MiB.
2026-10-03T01:54:42Z INFO [678/750] 28978e7a-9a6a-4ebe-88ee-35112fd9a38f: Sackin index -0.0702; 1.6 s; peak memory 1356 MiB.
2026-10-03T01:54:43Z INFO [679/750] 28985514-7dd8-42a2-a840-c0de3c163d03: Sackin index -0.0380; 1.6 s; peak memory 1356 MiB.
2026-10-03T01:54:45Z INFO [680/750] 289911e7-cf15-4fde-9916-d8da04ee1380: Sackin index -0.1349; 1.3 s; peak memory 1356 MiB.
2026-10-03T01:54:46Z INFO [681/750] 2899a4ba-ed12-4e06-b77b-001f786f5fc3: Sackin index -0.1349; 1.2 s; peak memory 1356 MiB.
2026-10-03T01:54:48Z INFO [682/750] 289aab49-e77e-42aa-92f0-daac33007397: Sackin index -0.0365; 2.3 s; peak memory 1356 MiB.
2026-10-03T01:54:50Z INFO [683/750] 289bd8d3-5d6b-4b7a-b931-25a848ffe397: Sackin index -0.0728; 1.7 s; peak memory 1356 MiB.
2026-10-03T01:54:52Z INFO [684/750] 289e44fc-c3c6-4ca5-89c8-6763ca939e41: Sackin index -0.0369; 2.0 s; peak memory 1356 MiB.
2026-10-03T01:54:53Z INFO [685/750] 289e7f00-9ba4-4105-a465-edf63d1c9fca: Sackin index -0.1658; 0.9 s; peak memory 1356 MiB.
2026-10-03T01:54:54Z INFO [686/750] 289eae8c-1a6a-4c64-ab4d-a1c496ca30bf: Sackin index -0.1602; 1.3 s; peak memory 1356 MiB.
2026-10-03T01:54:55Z INFO [687/750] 289ed3ec-8583-4175-bc9e-7b5e010cbe86: Sackin index -0.1658; 1.0 s; peak memory 1356 MiB.
2026-10-03T01:54:57Z INFO [688/750] 289efa0c-731d-43be-be19-a4a0650ec94d: Sackin index -0.0728; 1.9 s; peak memory 1356 MiB.
2026-10-03T01:54:59Z INFO [689/750] 289f589a-5127-45d8-b039-fe178a1aea6a: Sackin index -0.1244; 1.9 s; peak memory 1356 MiB.
2026-10-03T01:55:00Z INFO [690/750] 289fbef3-7d57-431d-8b8e-13c85201ec21: Sackin index -0.1349; 1.2 s; peak memory 1356 MiB.
2026-10-03T01:55:01Z INFO [691/750] 28a00af1-245b-4bf5-9437-77b9ad39f904: Sackin index -0.1349; 1.4 s; peak memory 1356 MiB.
2026-10-03T01:55:03Z INFO [692/750] 28a0ac68-6658-477a-9bc4-09e29c897c22: Sackin index -0.0709; 1.7 s; peak memory 1356 MiB.
2026-10-03T01:55:05Z INFO [693/750] 28a0f592-fcb2-4681-b110-d63ab016e0e0: Sackin index -0.0370; 2.2 s; peak memory 1356 MiB.
2026-10-03T01:55:12Z INFO [694/750] 28a1db35-2ef4-4fe0-9f18-1c756dac7975: Sackin index -0.0251; 7.1 s; peak memory 1356 MiB.
2026-10-03T01:55:14Z INFO [695/750] 28a21646-874a-4c78-a786-b354568fb815: Sackin index -0.0434; 1.9 s; peak memory 1356 MiB.
2026-10-03T01:55:16Z INFO [696/750] 28a23ffc-fa5e-48f1-9495-35df24608107: Sackin index -0.0728; 1.8 s; peak memory 1356 MiB.
2026-10-03T01:55:18Z INFO [697/750] 28a2a424-5e0a-4863-81d5-ddf7061f843c: Sackin index -0.0696; 1.6 s; peak memory 1356 MiB.
2026-10-03T01:55:29Z INFO [698/750] 28a2a95d-228e-45e5-8225-8e31ebde398d: Sackin index -0.0221; 11.7 s; peak memory 1356 MiB.
2026-10-03T01:55:31Z INFO [699/750] 28a2e0f1-8784-4e94-9f48-22a3d2f2f8d5: Sackin index -0.1349; 1.3 s; peak memory 1356 MiB.
2026-10-03T01:55:33Z INFO [700/750] 28a2ff3f-7c83-42a4-ba9e-07a4733be077: Sackin index -0.0728; 2.2 s; peak memory 1356 MiB.
2026-10-03T01:55:33Z INFO [700/750] 28a2ff3f-7c83-42a4-ba9e-07a4733be077: checkpointed 66536 records.
2026-10-03T01:55:36Z INFO [701/750] 28a34898-2eec-49c0-93c7-f288fa2bd815: Sackin index -0.1938; 2.7 s; peak memory 1356 MiB.
2026-10-03T01:55:38Z INFO [702/750] 28a3a3b6-030b-4bd7-bb52-17333e9ace2d: Sackin index -0.1160; 2.3 s; peak memory 1356 MiB.
2026-10-03T01:56:05Z INFO [703/750] 28a3cbd6-80c9-4afc-b5f8-bc274d1bdcf4: Sackin index -0.0162; 26.8 s; peak memory 1356 MiB.
2026-10-03T01:56:06Z INFO [704/750] 28a58862-6899-4583-97cf-e08c468cf2ec: Sackin index -0.0709; 1.6 s; peak memory 1356 MiB.
2026-10-03T01:56:08Z INFO [705/750] 28a5ba5d-6d08-475f-ae43-450da59ffd70: Sackin index -0.1096; 1.7 s; peak memory 1356 MiB.
2026-10-03T01:56:09Z INFO [706/750] 28a612d7-a325-4d76-a16e-dd6421f89a91: Sackin index -0.1461; 1.2 s; peak memory 1356 MiB.
2026-10-03T01:56:11Z INFO [707/750] 28a764ba-fde4-4c61-ba78-730253c1d201: Sackin index -0.0376; 1.6 s; peak memory 1356 MiB.
2026-10-03T01:56:12Z INFO [708/750] 28a7f73c-1065-4219-9778-48442536e795: Sackin index -0.0702; 1.6 s; peak memory 1356 MiB.
2026-10-03T01:56:15Z INFO [709/750] 28a85b30-018d-4f94-9354-822933b5fec1: Sackin index -0.1938; 2.7 s; peak memory 1356 MiB.
2026-10-03T01:56:16Z INFO [710/750] 28a89479-15b2-4ee5-8b06-e4cc73311ed7: Sackin index -0.1178; 1.0 s; peak memory 1356 MiB.
2026-10-03T01:56:17Z INFO [711/750] 28a9214e-cd8e-4b3a-bf60-4861be89647d: Sackin index -0.1658; 1.1 s; peak memory 1356 MiB.
2026-10-03T01:56:19Z INFO [712/750] 28a9a283-1b59-45a5-8b01-fcae904a2917: Sackin index -0.1349; 1.4 s; peak memory 1356 MiB.
2026-10-03T01:56:20Z INFO [713/750] 28a9d983-fb96-4b78-ab9b-c469e4b779f8: Sackin index -0.1349; 1.3 s; peak memory 1356 MiB.
2026-10-03T01:56:21Z INFO [714/750] 28a9e881-1977-4726-bb18-ec6a2d48c956: Sackin index -0.1349; 1.2 s; peak memory 1356 MiB.
2026-10-03T01:56:22Z INFO [715/750] 28a9ecbe-1548-4237-a86f-822f8d722da1: Sackin index -0.1239; 1.2 s; peak memory 1356 MiB.
2026-10-03T01:56:24Z INFO [716/750] 28aa9512-70de-4a37-8b08-2a37936f3668: Sackin index -0.0748; 1.5 s; peak memory 1356 MiB.
2026-10-03T01:56:30Z INFO [717/750] 28aa9c9d-e853-4231-933d-c11818b73694: Sackin index -0.0438; 6.8 s; peak memory 1356 MiB.
2026-10-03T01:56:32Z INFO [718/750] 28acca8d-ee43-4d54-af09-18cc5c618f05: Sackin index -0.0728; 1.9 s; peak memory 1356 MiB.
2026-10-03T01:56:34Z INFO [719/750] 28acccf9-4317-41c7-8d90-f41cd2973747: Sackin index -0.0376; 1.9 s; peak memory 1356 MiB.
2026-10-03T01:57:33Z INFO [720/750] 28ace4e2-e6af-4ff4-aea4-b0e6218ae0db: Sackin index -0.1144; 58.9 s; peak memory 1356 MiB.
2026-10-03T01:57:39Z INFO [721/750] 28acedac-7679-47c2-aeca-bf09bb42c519: Sackin index -0.0403; 6.0 s; peak memory 1356 MiB.
2026-10-03T01:57:41Z INFO [722/750] 28ad64a9-65e7-42d1-9d89-6964abc1d765: Sackin index -0.1044; 2.0 s; peak memory 1356 MiB.
2026-10-03T01:57:43Z INFO [723/750] 28adb798-df7d-477c-a860-b63d13ef2a4e: Sackin index -0.0696; 1.8 s; peak memory 1356 MiB.
2026-10-03T01:57:45Z INFO [724/750] 28ae7b66-d689-45ee-977f-d895ebb6d14d: Sackin index -0.0728; 1.7 s; peak memory 1356 MiB.
2026-10-03T01:57:46Z INFO [725/750] 28afa746-0a3d-4873-a5ce-0c8221bb602d: Sackin index -0.1009; 1.6 s; peak memory 1356 MiB.
2026-10-03T01:57:53Z INFO [726/750] 28b0df9e-35a1-4e4d-9a32-c30fd408f6c3: Sackin index -0.0455; 6.8 s; peak memory 1356 MiB.
2026-10-03T01:57:55Z INFO [727/750] 28b10eb2-9417-44d5-af4f-9f09a1da6789: Sackin index -0.0276; 2.4 s; peak memory 1356 MiB.
2026-10-03T01:57:57Z INFO [728/750] 28b10fea-f6c4-46ee-9bb6-dc2dcf430db5: Sackin index -0.1349; 1.2 s; peak memory 1356 MiB.
2026-10-03T01:58:08Z INFO [729/750] 28b1263e-9560-4b06-a9d6-b587fd696d3a: Sackin index -0.0140; 10.9 s; peak memory 1356 MiB.
2026-10-03T01:58:10Z INFO [730/750] 28b21838-0156-43c9-9414-612dbedb44ab: Sackin index -0.0728; 2.0 s; peak memory 1356 MiB.
2026-10-03T01:58:12Z INFO [731/750] 28b25a86-71c3-4e3c-b697-37a661086d86: Sackin index -0.0728; 2.1 s; peak memory 1356 MiB.
2026-10-03T01:58:13Z INFO [732/750] 28b2f33c-de05-4592-b910-f58740f8b0c4: Sackin index -0.1349; 1.2 s; peak memory 1356 MiB.
2026-10-03T01:58:15Z INFO [733/750] 28b348ce-89d2-4a7b-bcaf-d0d084c725c0: Sackin index -0.0702; 1.6 s; peak memory 1356 MiB.
2026-10-03T01:58:19Z INFO [734/750] 28b4a942-566c-421c-8f0e-c765a769539a: Sackin index -0.0761; 4.3 s; peak memory 1356 MiB.
2026-10-03T01:58:21Z INFO [735/750] 28b5a864-8c4f-402e-aeda-1628450cace7: Sackin index -0.1194; 1.8 s; peak memory 1356 MiB.
2026-10-03T01:58:22Z INFO [736/750] 28b5b02e-288d-4944-b464-03d4ce495ff2: Sackin index -0.1349; 1.1 s; peak memory 1356 MiB.
2026-10-03T01:58:24Z INFO [737/750] 28b63c7b-b632-49f5-87cf-ceb3c64f2578: Sackin index -0.0643; 2.5 s; peak memory 1356 MiB.
2026-10-03T01:58:26Z INFO [738/750] 28b65697-7293-4a17-9769-5e556afabfb6: Sackin index -0.1402; 1.4 s; peak memory 1356 MiB.
2026-10-03T01:58:27Z INFO [739/750] 28b73bdb-534a-4a43-ae0e-da56ba3f3625: Sackin index -0.0728; 1.7 s; peak memory 1356 MiB.
2026-10-03T01:58:29Z INFO [740/750] 28b7ce7c-b836-4acd-a3ce-ef023e9f4689: Sackin index -0.0709; 1.7 s; peak memory 1356 MiB.
2026-10-03T01:58:30Z INFO [741/750] 28b81992-63ff-4ad1-a6c2-1129cc5c0542: Sackin index -0.0702; 1.5 s; peak memory 1356 MiB.
2026-10-03T01:58:33Z INFO [742/750] 28b88c5b-377f-4245-9f9b-c8ec8e76802f: Sackin index -0.0728; 2.1 s; peak memory 1356 MiB.
2026-10-03T01:58:34Z INFO [743/750] 28b8f82f-21d3-492b-b071-568928d85dcb: Sackin index -0.1448; 1.1 s; peak memory 1356 MiB.
2026-10-03T01:58:36Z INFO [744/750] 28b93bac-d28f-42a2-aa78-66378eb3067f: Sackin index -0.0365; 2.0 s; peak memory 1356 MiB.
2026-10-03T01:58:37Z INFO [745/750] 28b95a62-8762-40d7-aa7e-7b924ecd2191: Sackin index -0.0728; 1.4 s; peak memory 1356 MiB.
2026-10-03T01:58:39Z INFO [746/750] 28bac315-7206-4ee4-9dbb-2a435289fd7e: Sackin index -0.1273; 1.7 s; peak memory 1356 MiB.
2026-10-03T01:58:41Z INFO [747/750] 28bae883-0980-49c3-95a0-a755a36eb0a7: Sackin index -0.0326; 2.1 s; peak memory 1356 MiB.
2026-10-03T01:58:42Z INFO [748/750] 28bb3c4e-2dfd-4414-82f4-e52b943a145f: Sackin index -0.1135; 1.1 s; peak memory 1356 MiB.
2026-10-03T01:58:43Z INFO [749/750] 28bb578c-2189-4031-be42-e9d59e4aeefc: Sackin index -0.0391; 1.3 s; peak memory 1356 MiB.
2026-10-03T01:58:45Z INFO [750/750] 28bbb17b-1e16-4a25-b6d2-4f6c50c570d9: Sackin index -0.0738; 1.9 s; peak memory 1356 MiB.
2026-10-03T01:58:45Z INFO [750/750] 28bbb17b-1e16-4a25-b6d2-4f6c50c570d9: checkpointed 66586 records.
2026-10-03T01:58:45Z INFO Wrote 66586 records to /tmp/derivatives/valid_nwb_file_to_sackin_index.jsonl (750 new, 0 failed) in 81.3 min (peak memory 1356 MiB).
