2026-10-10T00:28:53Z INFO Logging to /tmp/logs/update_2026-10-10T00-28-53Z.log.
2026-10-10T00:28:53Z INFO Update valid-nwb-file-to-sackin-index (base directory /tmp).
2026-10-10T00:28:54Z INFO Processing 750 items (113836 already recorded).
2026-10-10T00:28:56Z INFO [1/750] 8a9ae969-f738-4ad4-b263-ec951dbcc5fe: Sackin index -0.1248; 1.6 s; peak memory 124 MiB.
2026-10-10T00:29:01Z INFO [2/750] 8a9af15d-b565-4a1b-bb65-fcd605cfff74: Sackin index -0.0292; 5.2 s; peak memory 135 MiB.
2026-10-10T00:29:02Z INFO [3/750] 8a9af624-459f-4be4-8b33-09c5fa8f2427: Sackin index -0.0728; 1.8 s; peak memory 135 MiB.
2026-10-10T00:29:04Z INFO [4/750] 8a9b2e08-f05f-41f4-970d-4389ca225eba: Sackin index -0.1239; 1.1 s; peak memory 135 MiB.
2026-10-10T00:29:06Z INFO [5/750] 8a9c5339-29dc-4c3e-bf33-d73c695298a0: Sackin index -0.1243; 2.3 s; peak memory 135 MiB.
2026-10-10T00:29:07Z INFO [6/750] 8a9c803c-9b0f-48ad-ab7d-dbc59064be3b: Sackin index -0.1331; 1.2 s; peak memory 136 MiB.
2026-10-10T00:29:10Z INFO [7/750] 8a9cc1d8-e4cc-4af0-b1e9-828421d9eaad: Sackin index -0.0661; 2.8 s; peak memory 136 MiB.
2026-10-10T00:29:11Z INFO [8/750] 8a9cc62f-04ca-491c-82c1-4c319d406245: Sackin index -0.0702; 1.6 s; peak memory 136 MiB.
2026-10-10T00:29:13Z INFO [9/750] 8a9d481b-9881-4799-b4db-74f83f80b3d7: Sackin index -0.1349; 1.2 s; peak memory 136 MiB.
2026-10-10T00:29:19Z INFO [10/750] 8a9d7557-0ae6-4bd0-9c99-d33bb6b0d7c4: Sackin index -0.0206; 6.3 s; peak memory 144 MiB.
2026-10-10T00:29:21Z INFO [11/750] 8a9de50e-9e20-411e-96fe-52b4051810b4: Sackin index -0.1248; 1.5 s; peak memory 144 MiB.
2026-10-10T00:29:21Z INFO [12/750] 8a9ec11a-e449-4d90-8800-4562c0bd5dee: Sackin index -0.1658; 0.9 s; peak memory 144 MiB.
2026-10-10T00:29:31Z INFO [13/750] 8a9fbe1b-3fe1-4c00-a26e-c72fb4588f53: Sackin index -0.1310; 9.4 s; peak memory 144 MiB.
2026-10-10T00:29:33Z INFO [14/750] 8a9fd38a-f11b-41f9-954f-1c78db49a26a: Sackin index -0.1206; 2.3 s; peak memory 144 MiB.
2026-10-10T00:29:35Z INFO [15/750] 8a9fdb76-2a28-473b-bfb6-1c1932eb5009: Sackin index -0.0883; 1.4 s; peak memory 144 MiB.
2026-10-10T00:29:36Z INFO [16/750] 8aa090ee-d67a-4d07-948c-625494676b2d: Sackin index -0.0709; 1.4 s; peak memory 145 MiB.
2026-10-10T00:33:09Z INFO [17/750] 8aa0f4bb-d24b-4d6d-b6ce-058e7d49dd6f: Sackin index -0.0684; 213.3 s; peak memory 582 MiB.
2026-10-10T00:33:11Z INFO [18/750] 8aa1a9b3-acc5-44c6-8174-e2add111726b: Sackin index -0.1602; 1.5 s; peak memory 582 MiB.
2026-10-10T00:33:12Z INFO [19/750] 8aa1dc35-4ccd-4cce-ad99-bc4fa71bc81e: Sackin index -0.1349; 1.3 s; peak memory 582 MiB.
2026-10-10T00:33:36Z INFO [20/750] 8aa35ab1-4e1e-48a2-b564-1b698847613d: Sackin index -0.1367; 24.1 s; peak memory 582 MiB.
2026-10-10T00:33:39Z INFO [21/750] 8aa45932-78e2-41b7-8fc6-b40c4ca9ba35: Sackin index -0.1072; 2.4 s; peak memory 582 MiB.
2026-10-10T00:33:40Z INFO [22/750] 8aa4b3e2-a540-4419-a760-941ba3263478: Sackin index -0.0326; 1.7 s; peak memory 582 MiB.
2026-10-10T00:33:42Z INFO [23/750] 8aa7c536-7b67-4d13-81d8-736b2446d61e: Sackin index -0.0702; 1.5 s; peak memory 582 MiB.
2026-10-10T00:33:45Z INFO [24/750] 8aa7e8a6-4e68-4fd7-9ecf-6f812f62982c: Sackin index -0.0660; 3.4 s; peak memory 582 MiB.
2026-10-10T00:34:04Z INFO [25/750] 8aa81b80-3884-46c6-8c13-68f0604de9ff: Sackin index -0.0175; 18.8 s; peak memory 582 MiB.
2026-10-10T00:34:05Z INFO [26/750] 8aa8d2c7-a1e4-4500-9e54-ab55c7052d77: Sackin index -0.0656; 1.1 s; peak memory 582 MiB.
2026-10-10T00:34:07Z INFO [27/750] 8aaa8b70-e1f7-49ee-b775-addc059954ed: Sackin index -0.1349; 1.4 s; peak memory 582 MiB.
2026-10-10T00:34:08Z INFO [28/750] 8aab17f1-665c-4679-97e9-19f151360f1b: Sackin index -0.0709; 1.4 s; peak memory 582 MiB.
2026-10-10T00:34:09Z INFO [29/750] 8aab75bd-6c43-4c04-858f-e6ad7c1b3cda: Sackin index -0.0709; 1.4 s; peak memory 582 MiB.
2026-10-10T00:34:11Z INFO [30/750] 8aaba92f-52f9-426b-b43f-145181859f33: Sackin index -0.1273; 1.6 s; peak memory 582 MiB.
2026-10-10T00:34:14Z INFO [31/750] 8aac3709-f8b2-4cf5-a696-4c7297d3c754: Sackin index -0.0693; 3.5 s; peak memory 582 MiB.
2026-10-10T00:34:27Z INFO [32/750] 8aaf101d-b7bf-4364-ae29-ec510093c81b: Sackin index -0.0614; 12.3 s; peak memory 582 MiB.
2026-10-10T00:34:28Z INFO [33/750] 8ab0213d-2c07-44b2-bbc3-270f0a7e425d: Sackin index -0.2168; 0.9 s; peak memory 582 MiB.
2026-10-10T00:34:29Z INFO [34/750] 8ab098ca-1275-4a7c-bcc8-708d795b25e4: Sackin index -0.1448; 0.9 s; peak memory 582 MiB.
2026-10-10T00:34:30Z INFO [35/750] 8ab0d3f5-ae39-47f7-aeb6-daf175d399ce: Sackin index -0.1248; 1.4 s; peak memory 582 MiB.
2026-10-10T00:34:31Z INFO [36/750] 8ab0ecfd-68d5-4e18-b95b-6470457fe809: Sackin index -0.0702; 1.4 s; peak memory 582 MiB.
2026-10-10T00:34:33Z INFO [37/750] 8ab2c42d-a843-40d7-bec6-d56af623ed40: Sackin index -0.1658; 1.2 s; peak memory 582 MiB.
2026-10-10T00:34:34Z INFO [38/750] 8ab33b5b-7984-4a27-ae0d-b62dcfc5a37e: Sackin index -0.0702; 1.3 s; peak memory 582 MiB.
2026-10-10T00:34:36Z INFO [39/750] 8ab52f23-9318-45b6-8505-20bc65565ea3: Sackin index -0.1183; 2.1 s; peak memory 582 MiB.
2026-10-10T00:34:38Z INFO [40/750] 8ab5f601-61ed-49c3-8898-f1137674744a: Sackin index -0.0696; 1.5 s; peak memory 582 MiB.
2026-10-10T00:34:51Z INFO [41/750] 8ab78755-9ea2-41bc-ac36-a77b33cce624: Sackin index -0.0191; 13.0 s; peak memory 582 MiB.
2026-10-10T00:34:52Z INFO [42/750] 8ab89c11-cc86-4293-a712-c08943c56b86: Sackin index -0.1174; 1.4 s; peak memory 582 MiB.
2026-10-10T00:34:53Z INFO [43/750] 8ab91c3c-4b85-4b22-b7b3-a888cbba56ac: Sackin index -0.1828; 1.3 s; peak memory 582 MiB.
2026-10-10T00:34:55Z INFO [44/750] 8ab96f11-ffcf-47bf-8ef2-41657e83a786: Sackin index -0.1349; 1.4 s; peak memory 582 MiB.
2026-10-10T00:34:58Z INFO [45/750] 8aba0975-ee9b-4c46-8285-c8ed7105510c: Sackin index -0.0686; 3.1 s; peak memory 582 MiB.
2026-10-10T00:34:59Z INFO [46/750] 8aba7e20-85d1-4cf3-a3f8-346f56c504f3: Sackin index -0.0702; 1.4 s; peak memory 582 MiB.
2026-10-10T00:35:01Z INFO [47/750] 8abb27fa-228d-4325-a53e-6a2a539cea7f: Sackin index -0.0369; 2.0 s; peak memory 582 MiB.
2026-10-10T00:35:03Z INFO [48/750] 8abc4632-f969-4019-869c-a9ca3d9a465f: Sackin index -0.0696; 1.6 s; peak memory 582 MiB.
2026-10-10T00:35:04Z INFO [49/750] 8abcfb6c-4405-42f5-bf06-711998b2a286: Sackin index -0.0702; 1.4 s; peak memory 582 MiB.
2026-10-10T00:35:05Z INFO [50/750] 8abdccff-6a39-459f-9b28-f8f71fa708d8: Sackin index -0.1658; 1.0 s; peak memory 582 MiB.
2026-10-10T00:35:05Z INFO [50/750] 8abdccff-6a39-459f-9b28-f8f71fa708d8: checkpointed 113886 new records.
2026-10-10T00:35:07Z INFO [51/750] 8abe4719-bbd5-4ff1-8208-86a79deca086: Sackin index -0.0728; 1.5 s; peak memory 582 MiB.
2026-10-10T00:35:08Z INFO [52/750] 8abf01a8-1ddb-4322-aec1-bf40d1fe8115: Sackin index -0.0696; 1.4 s; peak memory 582 MiB.
2026-10-10T00:35:11Z INFO [53/750] 8abfba77-543b-432d-927d-bbc810a67def: Sackin index -0.0369; 2.3 s; peak memory 582 MiB.
2026-10-10T00:35:17Z INFO [54/750] 8abfca97-dbb1-44e8-b61c-c93bdea31090: Sackin index -0.0403; 6.1 s; peak memory 582 MiB.
2026-10-10T00:35:18Z INFO [55/750] 8abffa39-5222-470d-ad0d-ef51903f1f6e: Sackin index -0.1658; 1.0 s; peak memory 582 MiB.
2026-10-10T00:35:19Z INFO [56/750] 8ac225ab-43b6-42e6-9e8a-e59e5404fcc3: Sackin index -0.0811; 1.3 s; peak memory 582 MiB.
2026-10-10T00:35:36Z INFO [57/750] 8ac26484-5d6a-47f9-96d6-d5de43714abc: Sackin index -0.0175; 17.4 s; peak memory 582 MiB.
2026-10-10T00:35:38Z INFO [58/750] 8ac311bd-6cd2-4273-9a82-5f39c2fbcd2f: Sackin index -0.1349; 1.3 s; peak memory 582 MiB.
2026-10-10T00:35:48Z INFO [59/750] 8ac36f59-7980-4125-b352-77fe312a35d2: Sackin index -0.0366; 10.0 s; peak memory 582 MiB.
2026-10-10T00:35:49Z INFO [60/750] 8ac372d4-ba2c-47bb-a09d-de334011ab6b: Sackin index -0.1000; 1.4 s; peak memory 582 MiB.
2026-10-10T00:35:51Z INFO [61/750] 8ac41c13-ee5a-4d1a-9327-36df658fdb18: Sackin index -0.0728; 1.7 s; peak memory 582 MiB.
2026-10-10T00:35:54Z INFO [62/750] 8ac4bfae-e918-4961-bde6-707ff7b89e8e: Sackin index -0.0648; 2.7 s; peak memory 582 MiB.
2026-10-10T00:35:55Z INFO [63/750] 8ac6921f-bd22-4368-aac3-77790de0092a: Sackin index -0.0702; 1.4 s; peak memory 582 MiB.
2026-10-10T00:35:59Z INFO [64/750] 8ac6f400-b790-461e-945a-7fa6896af236: Sackin index -0.0660; 3.6 s; peak memory 582 MiB.
2026-10-10T00:36:00Z INFO [65/750] 8ac7d69a-b688-4c8a-9eca-5d35087cdfc7: Sackin index -0.1349; 1.3 s; peak memory 582 MiB.
2026-10-10T00:36:11Z INFO [66/750] 8ac80896-d7f3-4cd3-b204-41c04e71e2b0: Sackin index -0.0142; 11.1 s; peak memory 582 MiB.
2026-10-10T00:36:12Z INFO [67/750] 8ac829d2-7267-4e80-ac14-db6f95a21194: Sackin index -0.1288; 1.2 s; peak memory 582 MiB.
2026-10-10T00:36:14Z INFO [68/750] 8ac85e6b-9795-4663-b773-6571bf7a916f: Sackin index -0.0728; 1.8 s; peak memory 582 MiB.
2026-10-10T00:36:15Z INFO [69/750] 8ac8eb5b-8010-4ab7-b4f0-2049f2417485: Sackin index -0.1068; 1.4 s; peak memory 582 MiB.
2026-10-10T00:36:16Z INFO [70/750] 8ac92681-76c7-4670-9076-5d5980a67031: Sackin index -0.1658; 0.9 s; peak memory 582 MiB.
2026-10-10T00:36:18Z INFO [71/750] 8ac9930a-f498-4029-82fe-de8a0566ab11: Sackin index -0.1349; 1.4 s; peak memory 582 MiB.
2026-10-10T00:36:19Z INFO [72/750] 8ac9cf34-2fd0-4d6d-9388-f6f43ba14918: Sackin index -0.0944; 1.8 s; peak memory 582 MiB.
2026-10-10T00:36:21Z INFO [73/750] 8ac9fbf9-5803-4197-ac39-d84f3c8e2ddb: Sackin index -0.0702; 1.5 s; peak memory 582 MiB.
2026-10-10T00:36:24Z INFO [74/750] 8acac87c-3f38-47c6-b126-d4386a578c0c: Sackin index -0.0693; 3.2 s; peak memory 582 MiB.
2026-10-10T00:36:25Z INFO [75/750] 8accf348-a00d-44ef-9602-e96063e5daab: Sackin index -0.1349; 1.3 s; peak memory 582 MiB.
2026-10-10T00:36:28Z INFO [76/750] 8acd476e-cc76-4d67-a025-c0cfca175825: Sackin index -0.1709; 2.7 s; peak memory 582 MiB.
2026-10-10T00:36:30Z INFO [77/750] 8acd97d2-4338-4047-b32e-3ae6ae092a06: Sackin index -0.0728; 2.0 s; peak memory 582 MiB.
2026-10-10T00:36:31Z INFO [78/750] 8acefd35-3d7f-4b00-8b28-804ad8aae8ec: Sackin index -0.1178; 1.0 s; peak memory 582 MiB.
2026-10-10T00:36:32Z INFO [79/750] 8acf0e69-165d-46e2-ac21-d17dd3119199: Sackin index -0.0379; 1.4 s; peak memory 582 MiB.
2026-10-10T00:36:40Z INFO [80/750] 8acf4634-bf2c-42c6-9622-c94cca6c979e: Sackin index -0.0413; 7.5 s; peak memory 582 MiB.
2026-10-10T00:36:42Z INFO [81/750] 8ad13476-08ab-419e-a43b-91975f745718: Sackin index -0.1273; 1.8 s; peak memory 582 MiB.
2026-10-10T00:36:43Z INFO [82/750] 8ad171f1-a6b5-439f-9751-e8df5d2f94cd: Sackin index -0.0702; 1.4 s; peak memory 582 MiB.
2026-10-10T00:36:45Z INFO [83/750] 8ad26143-9f8f-4b91-8844-1261a7c8d098: Sackin index -0.0434; 1.9 s; peak memory 582 MiB.
2026-10-10T00:36:46Z INFO [84/750] 8ad38bd3-36a0-4029-87b3-0d47c0ec410c: Sackin index -0.0728; 1.5 s; peak memory 582 MiB.
2026-10-10T00:36:48Z INFO [85/750] 8ad4e771-5007-45a5-8c73-d1ead34aa32b: Sackin index -0.0728; 1.8 s; peak memory 582 MiB.
2026-10-10T00:36:50Z INFO [86/750] 8ad521f5-a805-4b19-a842-f0e96585875b: Sackin index -0.1349; 1.4 s; peak memory 582 MiB.
2026-10-10T00:36:52Z INFO [87/750] 8ad65638-17aa-4686-9fed-1dbfac29d66b: Sackin index -0.0747; 2.0 s; peak memory 582 MiB.
2026-10-10T00:36:53Z INFO [88/750] 8ad67eab-d72d-4f91-aba7-8609ba16484e: Sackin index -0.1349; 1.3 s; peak memory 582 MiB.
2026-10-10T00:36:54Z INFO [89/750] 8ad6ce63-ded6-4bec-94f7-a17287ad602c: Sackin index -0.0383; 1.6 s; peak memory 582 MiB.
2026-10-10T00:36:56Z INFO [90/750] 8ad70e94-ea4b-4518-a140-beeffb02becf: Sackin index -0.0369; 2.0 s; peak memory 582 MiB.
2026-10-10T00:39:30Z INFO [91/750] 8ad76792-4c8c-4a66-b2e3-7ac4dd476086: Sackin index -0.0573; 153.7 s; peak memory 582 MiB.
2026-10-10T00:39:31Z INFO [92/750] 8ad7ced1-af36-4d91-98e6-f633fc0dff71: Sackin index -0.1349; 1.3 s; peak memory 582 MiB.
2026-10-10T00:39:33Z INFO [93/750] 8ad89fe1-424e-41f9-8b89-31191e2798a6: Sackin index -0.1349; 1.4 s; peak memory 582 MiB.
2026-10-10T00:39:35Z INFO [94/750] 8ad8c527-03ee-44ed-a1ad-caae4eefc6a6: Sackin index -0.0775; 1.8 s; peak memory 582 MiB.
2026-10-10T00:39:36Z INFO [95/750] 8ad99f46-c526-4c38-acf4-0fb2047bf92b: Sackin index -0.1191; 1.4 s; peak memory 582 MiB.
2026-10-10T00:39:37Z INFO [96/750] 8ad9ff31-c1fd-4bf9-968b-bac49fa3d1d8: Sackin index -0.1178; 0.9 s; peak memory 582 MiB.
2026-10-10T00:39:38Z INFO [97/750] 8ada8149-a751-41e3-9f66-2629f7b13c34: Sackin index -0.0377; 1.7 s; peak memory 582 MiB.
2026-10-10T00:39:40Z INFO [98/750] 8adab221-4b89-4378-9dd2-92d6bc7f38df: Sackin index -0.0728; 1.7 s; peak memory 582 MiB.
2026-10-10T00:39:45Z INFO [99/750] 8adb0499-ddfc-4cd6-8dbd-ab025abe3bde: Sackin index -0.0415; 5.3 s; peak memory 582 MiB.
2026-10-10T00:39:46Z INFO [100/750] 8adc1916-60fd-4cda-b685-8d1294a254fe: Sackin index -0.1658; 1.0 s; peak memory 582 MiB.
2026-10-10T00:39:47Z INFO [100/750] 8adc1916-60fd-4cda-b685-8d1294a254fe: checkpointed 113936 new records.
2026-10-10T00:39:50Z INFO [101/750] 8adcb51c-23b8-4afc-98e9-a7bed63cb29a: Sackin index -0.0914; 3.4 s; peak memory 582 MiB.
2026-10-10T00:43:47Z INFO [102/750] 8add7d6b-7a2e-46ec-91c8-4b79f3a7d57d: Sackin index -0.0523; 237.1 s; peak memory 582 MiB.
2026-10-10T00:43:48Z INFO [103/750] 8ade45dd-1fe5-46cf-aac7-af247d975353: Sackin index -0.0732; 1.2 s; peak memory 582 MiB.
2026-10-10T00:43:49Z INFO [104/750] 8adf52e2-2c31-49b7-8e0f-e4b7a34ddb84: Sackin index -0.1178; 1.0 s; peak memory 582 MiB.
2026-10-10T00:43:50Z INFO [105/750] 8adf5347-3b3f-41fe-b6eb-b4f88ae54ce2: Sackin index -0.1658; 1.0 s; peak memory 582 MiB.
2026-10-10T00:43:51Z INFO [106/750] 8adfa87b-3277-4b6e-8a92-a7af7f435d51: Sackin index -0.1658; 0.9 s; peak memory 582 MiB.
2026-10-10T00:43:53Z INFO [107/750] 8adfc2f2-63fc-4a47-8fb6-04a74625b56a: Sackin index -0.1009; 1.3 s; peak memory 582 MiB.
2026-10-10T00:43:54Z INFO [108/750] 8ae07d79-1bf4-42d6-8474-63f9c910571d: Sackin index -0.1349; 1.3 s; peak memory 582 MiB.
2026-10-10T00:43:58Z INFO [109/750] 8ae104d8-5864-4f67-b2b3-279dd0798134: Sackin index -0.0660; 3.6 s; peak memory 582 MiB.
2026-10-10T00:43:58Z INFO [110/750] 8ae148a9-5849-4232-bec9-ff1692d4c2d2: Sackin index -0.1191; 0.9 s; peak memory 582 MiB.
2026-10-10T00:43:59Z INFO [111/750] 8ae16d3b-5039-410d-b52c-d36b4e795dcd: Sackin index -0.1567; 1.0 s; peak memory 582 MiB.
2026-10-10T00:44:01Z INFO [112/750] 8ae190ed-c77d-489c-94ef-d67c1be62b70: Sackin index -0.0728; 1.9 s; peak memory 582 MiB.
2026-10-10T00:44:03Z INFO [113/750] 8ae19579-438b-4ddd-aac6-97ba621f768e: Sackin index -0.1349; 1.2 s; peak memory 582 MiB.
2026-10-10T00:44:04Z INFO [114/750] 8ae1b301-ee31-45bf-8c67-305cd3866b36: Sackin index -0.0728; 1.5 s; peak memory 582 MiB.
2026-10-10T00:44:05Z INFO [115/750] 8ae1ff29-27d0-4410-a42c-692fa2544c4f: Sackin index -0.0709; 1.3 s; peak memory 582 MiB.
2026-10-10T00:44:08Z INFO [116/750] 8ae214f6-ec58-4169-b163-d452f2f35f91: Sackin index -0.0369; 2.2 s; peak memory 582 MiB.
2026-10-10T00:44:11Z INFO [117/750] 8ae390db-89cd-4794-abc3-3f4d025425f5: Sackin index -0.0869; 3.7 s; peak memory 582 MiB.
2026-10-10T00:46:10Z INFO [118/750] 8ae3cb7c-85c2-46ba-887a-a97a6db8a83e: Sackin index -0.1076; 118.7 s; peak memory 582 MiB.
2026-10-10T00:46:11Z INFO [119/750] 8ae595cb-078a-4b12-b5a9-d0d026c63c27: Sackin index -0.0702; 1.4 s; peak memory 582 MiB.
2026-10-10T00:46:15Z INFO [120/750] 8ae6b82a-d043-4c5e-aa01-ca1e2ad7aebb: Sackin index -0.0772; 3.9 s; peak memory 582 MiB.
2026-10-10T00:46:38Z INFO [121/750] 8ae6e777-ddef-4c7a-98fb-eb90840afdf6: Sackin index -0.0797; 22.2 s; peak memory 582 MiB.
2026-10-10T00:46:39Z INFO [122/750] 8ae72e5a-6434-4fe4-98de-11e1605b67b5: Sackin index -0.1273; 1.7 s; peak memory 582 MiB.
2026-10-10T00:46:41Z INFO [123/750] 8ae7660f-1c65-4c94-8858-583246be2839: Sackin index -0.0386; 1.5 s; peak memory 582 MiB.
2026-10-10T00:46:43Z INFO [124/750] 8ae77502-7de1-44a0-b369-810411726594: Sackin index -0.0749; 2.5 s; peak memory 582 MiB.
2026-10-10T00:46:46Z INFO [125/750] 8ae7819f-26f4-4695-ae1e-b413eee8b3dd: Sackin index -0.0648; 2.7 s; peak memory 582 MiB.
2026-10-10T00:46:47Z INFO [126/750] 8ae810e3-595a-4ef5-b3d0-7d1d84118f77: Sackin index -0.1683; 1.2 s; peak memory 582 MiB.
2026-10-10T00:50:58Z INFO [127/750] 8ae8e2f6-09b6-4a2a-bb44-231e68eea468: Sackin index -0.0260; 251.2 s; peak memory 582 MiB.
2026-10-10T00:51:00Z INFO [128/750] 8ae8e602-de7d-40a8-b86f-d8890ad05342: Sackin index -0.1248; 1.4 s; peak memory 582 MiB.
2026-10-10T00:51:02Z INFO [129/750] 8ae93c99-9ce5-409b-b5c0-b7e9c1c52d7d: Sackin index -0.0728; 2.0 s; peak memory 582 MiB.
2026-10-10T00:51:03Z INFO [130/750] 8aed4fcc-1db0-44e2-8d71-c30ef7138bef: Sackin index -0.1068; 1.5 s; peak memory 582 MiB.
2026-10-10T00:51:04Z INFO [131/750] 8aeda18e-8f88-425a-83d6-cea7c98586b6: Sackin index -0.1349; 1.2 s; peak memory 582 MiB.
2026-10-10T00:51:05Z INFO [132/750] 8aee81fc-92ed-4f68-94f7-979fd18542ec: Sackin index -0.1658; 0.9 s; peak memory 582 MiB.
2026-10-10T00:51:07Z INFO [133/750] 8aeffb27-16e6-4e02-8557-80f842a09ced: Sackin index -0.0702; 1.5 s; peak memory 582 MiB.
2026-10-10T00:51:08Z INFO [134/750] 8af12422-58d7-457b-a45d-2e2ab8474806: Sackin index -0.1072; 1.3 s; peak memory 582 MiB.
2026-10-10T00:51:14Z INFO [135/750] 8af157bd-5a5b-4b19-8cb6-7dee7d9ef0da: Sackin index -0.0248; 5.9 s; peak memory 582 MiB.
2026-10-10T00:51:16Z INFO [136/750] 8af1d43e-d923-4424-8877-104e6e5117e8: Sackin index -0.0745; 1.7 s; peak memory 582 MiB.
2026-10-10T00:51:19Z INFO [137/750] 8af2184b-afa1-4cb0-a5b6-51fcc52e46cd: Sackin index -0.0718; 3.3 s; peak memory 582 MiB.
2026-10-10T00:51:20Z INFO [138/750] 8af2af56-4c76-47ff-ac72-2c6710d0000a: Sackin index -0.1349; 1.4 s; peak memory 582 MiB.
2026-10-10T00:51:21Z INFO [139/750] 8af2ea6c-2966-4ac9-ac8a-ffc04a8109c3: Sackin index -0.1303; 1.0 s; peak memory 582 MiB.
2026-10-10T00:51:23Z INFO [140/750] 8af361df-e3b0-4c94-9a85-9d7e3e53f18a: Sackin index -0.1349; 1.2 s; peak memory 582 MiB.
2026-10-10T00:51:25Z INFO [141/750] 8af3fc5c-7746-4943-b7ba-7e78d6c2f562: Sackin index -0.0350; 2.9 s; peak memory 582 MiB.
2026-10-10T00:51:28Z INFO [142/750] 8af4bb97-c0a0-4012-a2fd-4c5835088180: Sackin index -0.0728; 2.1 s; peak memory 582 MiB.
2026-10-10T00:51:38Z INFO [143/750] 8af4fd1c-376f-4fd1-a4fb-1c956d20e11c: Sackin index -0.0156; 10.8 s; peak memory 582 MiB.
2026-10-10T00:51:40Z INFO [144/750] 8af5c892-5657-49c3-ac0e-d30f82be32e2: Sackin index -0.0702; 1.4 s; peak memory 582 MiB.
2026-10-10T00:51:43Z INFO [145/750] 8af68190-f86c-41f8-a6e5-b93fe069ec7e: Sackin index -0.0614; 3.6 s; peak memory 582 MiB.
2026-10-10T00:51:45Z INFO [146/750] 8af8346b-b6f5-4b92-addf-57cbb82d211a: Sackin index -0.0375; 1.8 s; peak memory 582 MiB.
2026-10-10T00:51:46Z INFO [147/750] 8af87dc6-8829-4de8-af41-92ca986b9b59: Sackin index -0.1349; 1.2 s; peak memory 582 MiB.
2026-10-10T00:51:50Z INFO [148/750] 8af8ff81-9195-43a8-8b27-3c5d4857b963: Sackin index -0.0660; 3.5 s; peak memory 582 MiB.
2026-10-10T00:51:51Z INFO [149/750] 8af91761-d4b0-43fd-8d72-05565cb45341: Sackin index -0.0702; 1.6 s; peak memory 582 MiB.
2026-10-10T00:51:54Z INFO [150/750] 8af9f88f-a733-4112-90af-defeedba4233: Sackin index -0.0275; 2.1 s; peak memory 582 MiB.
2026-10-10T00:51:54Z INFO [150/750] 8af9f88f-a733-4112-90af-defeedba4233: checkpointed 113986 new records.
2026-10-10T00:52:03Z INFO [151/750] 8afa8f11-c68f-4afe-a277-31eb70639a78: Sackin index -0.0021; 9.2 s; peak memory 582 MiB.
2026-10-10T00:52:05Z INFO [152/750] 8afc0926-745b-4258-8db3-35c360b22553: Sackin index -0.0728; 2.0 s; peak memory 582 MiB.
2026-10-10T00:52:08Z INFO [153/750] 8afcc7be-305a-4d5b-a13d-cd3302bf6888: Sackin index -0.0500; 3.5 s; peak memory 582 MiB.
2026-10-10T00:52:10Z INFO [154/750] 8afe72a7-d4c9-4c22-98a8-51ac401c8a26: Sackin index -0.1349; 1.3 s; peak memory 582 MiB.
2026-10-10T00:52:14Z INFO [155/750] 8aff7e46-08e4-4f21-ae49-e114aec9ad23: Sackin index -0.0728; 4.2 s; peak memory 582 MiB.
2026-10-10T00:52:16Z INFO [156/750] 8afff62e-82e0-4325-bf7e-0f426be9e6ba: Sackin index -0.0715; 1.8 s; peak memory 582 MiB.
2026-10-10T00:52:17Z INFO [157/750] 8b0092bf-bfdb-4c44-a69c-78357ed948ad: Sackin index -0.1461; 1.1 s; peak memory 582 MiB.
2026-10-10T00:52:20Z INFO [158/750] 8b00d193-79cd-41ba-87cc-0846a6321ec1: Sackin index -0.0660; 3.4 s; peak memory 582 MiB.
2026-10-10T00:52:22Z INFO [159/750] 8b01dea1-3eb2-4adf-a335-60ac48f1788a: Sackin index -0.0696; 1.7 s; peak memory 582 MiB.
2026-10-10T00:52:24Z INFO [160/750] 8b01f819-0830-45b8-9393-c8b6345a40d0: Sackin index -0.0728; 1.5 s; peak memory 582 MiB.
2026-10-10T00:52:25Z INFO [161/750] 8b037b8c-3f3d-4e50-aa7b-b38bcb09e7e2: Sackin index -0.1683; 1.2 s; peak memory 582 MiB.
2026-10-10T00:52:27Z INFO [162/750] 8b03973d-ce04-4c1b-8142-6807f98f8765: Sackin index -0.0272; 2.2 s; peak memory 582 MiB.
2026-10-10T00:52:29Z INFO [163/750] 8b03d488-3c8a-4c01-9c16-ff868f7a133e: Sackin index -0.1210; 1.9 s; peak memory 582 MiB.
2026-10-10T00:52:30Z INFO [164/750] 8b05943c-5bb8-4daf-8c90-522f505186fa: Sackin index -0.0696; 1.3 s; peak memory 582 MiB.
2026-10-10T00:52:32Z INFO [165/750] 8b06345e-3581-4dfc-ad3f-218938413dab: Sackin index -0.1349; 1.1 s; peak memory 582 MiB.
2026-10-10T00:52:35Z INFO [166/750] 8b06636e-a446-43e4-9f21-9bdc9c8239aa: Sackin index -0.0660; 3.6 s; peak memory 582 MiB.
2026-10-10T00:52:36Z INFO [167/750] 8b06ab4d-efdd-4a2f-be38-248572a260a1: Sackin index -0.1349; 1.3 s; peak memory 582 MiB.
2026-10-10T00:52:37Z INFO [168/750] 8b06b847-8916-4af4-ab48-b84a85ae24f1: Sackin index -0.1178; 0.9 s; peak memory 582 MiB.
2026-10-10T00:52:40Z INFO [169/750] 8b071dc1-cf33-4766-8bdd-2cd31121e6f4: Sackin index -0.0676; 2.5 s; peak memory 582 MiB.
2026-10-10T00:52:41Z INFO [170/750] 8b08d30a-599e-4dd1-8e7b-11aac1993572: Sackin index -0.1349; 1.3 s; peak memory 582 MiB.
2026-10-10T00:52:43Z INFO [171/750] 8b08daac-aa0d-41a2-af4b-ccc3dd3aac3b: Sackin index -0.1602; 1.5 s; peak memory 582 MiB.
2026-10-10T00:52:45Z INFO [172/750] 8b0b45fa-74cb-49fb-bd65-74c0c5d2c4b1: Sackin index -0.0728; 2.2 s; peak memory 582 MiB.
2026-10-10T00:52:47Z INFO [173/750] 8b0b4a56-43a9-48ab-9815-381f60de4acc: Sackin index -0.0369; 2.4 s; peak memory 582 MiB.
2026-10-10T00:52:50Z INFO [174/750] 8b0bcaf8-db3d-4d5a-937d-71cd19f66e64: Sackin index -0.0728; 2.3 s; peak memory 582 MiB.
2026-10-10T00:52:51Z INFO [175/750] 8b0be520-54ef-45f7-8e61-b369cf82ef44: Sackin index -0.0728; 1.7 s; peak memory 582 MiB.
2026-10-10T00:52:53Z INFO [176/750] 8b0c0dbd-a376-481d-a58e-fe0b1f2f10cc: Sackin index -0.0449; 1.9 s; peak memory 582 MiB.
2026-10-10T00:52:55Z INFO [177/750] 8b0c284c-4e8d-4f8e-9a93-8dbc73e6288d: Sackin index -0.0881; 1.4 s; peak memory 582 MiB.
2026-10-10T00:52:56Z INFO [178/750] 8b0c509f-9e1b-40bb-b370-c030abe9f132: Sackin index -0.0728; 1.6 s; peak memory 582 MiB.
2026-10-10T00:53:04Z INFO [179/750] 8b0cdda9-92ca-4e1f-9031-0aa0c06856d4: Sackin index -0.0299; 7.5 s; peak memory 582 MiB.
2026-10-10T00:53:06Z INFO [180/750] 8b0cfde3-a275-4383-ae7d-b9b3594129b6: Sackin index -0.1938; 2.7 s; peak memory 582 MiB.
2026-10-10T00:53:09Z INFO [181/750] 8b0d7553-743b-458e-8717-15658c9a74e4: Sackin index -0.0694; 2.9 s; peak memory 582 MiB.
2026-10-10T00:53:10Z INFO [182/750] 8b0dbc58-2a7e-4068-826c-1f1bcb6d9286: Sackin index -0.1349; 1.3 s; peak memory 582 MiB.
2026-10-10T00:53:12Z INFO [183/750] 8b0e53ee-0e82-43de-8976-24093870be87: Sackin index -0.1509; 1.3 s; peak memory 582 MiB.
2026-10-10T00:53:13Z INFO [184/750] 8b0ed737-9538-4dda-8a99-6f9c43638f6c: Sackin index -0.0702; 1.6 s; peak memory 582 MiB.
2026-10-10T00:53:15Z INFO [185/750] 8b0ef2d0-a00c-4afc-90c3-ec7d9bfa9625: Sackin index -0.0707; 1.2 s; peak memory 582 MiB.
2026-10-10T00:53:16Z INFO [186/750] 8b0f66fa-41b6-4bca-a2e4-c64a79eab77d: Sackin index -0.0383; 1.7 s; peak memory 582 MiB.
2026-10-10T00:53:18Z INFO [187/750] 8b0f7f76-7b43-484f-acf1-fdfd9ac1fa9c: Sackin index -0.1349; 1.2 s; peak memory 582 MiB.
2026-10-10T00:53:19Z INFO [188/750] 8b111bcb-ef11-4727-be05-37912e5e70ab: Sackin index -0.1248; 1.2 s; peak memory 582 MiB.
2026-10-10T00:53:22Z INFO [189/750] 8b115c50-e322-4a5f-a50d-87db7db9a4ff: Sackin index -0.0699; 3.0 s; peak memory 582 MiB.
2026-10-10T00:53:24Z INFO [190/750] 8b1196fd-850b-4d0d-8cf6-ff283f6368f7: Sackin index -0.0728; 2.0 s; peak memory 582 MiB.
2026-10-10T00:53:31Z INFO [191/750] 8b12352d-03cc-418e-b8ff-293eae9abe8a: Sackin index -0.0347; 7.0 s; peak memory 582 MiB.
2026-10-10T00:53:32Z INFO [192/750] 8b130cb1-77e6-441c-9b9c-18a407a3be33: Sackin index -0.2147; 0.9 s; peak memory 582 MiB.
2026-10-10T00:53:33Z INFO [193/750] 8b1408cc-6727-4813-b837-6a6abca37158: Sackin index -0.1349; 1.3 s; peak memory 582 MiB.
2026-10-10T00:53:34Z INFO [194/750] 8b14281c-a5f9-4ae2-9747-5a639c8a0e65: Sackin index -0.0811; 1.2 s; peak memory 582 MiB.
2026-10-10T00:53:40Z INFO [195/750] 8b14758e-04ad-4be8-b093-e9a173e4ee68: Sackin index -0.0403; 5.5 s; peak memory 582 MiB.
2026-10-10T00:53:42Z INFO [196/750] 8b147de6-0f1e-459b-8965-7d488169888c: Sackin index -0.0738; 2.1 s; peak memory 582 MiB.
2026-10-10T00:53:45Z INFO [197/750] 8b14b13d-3229-4c5a-b110-3e8c6963ec9d: Sackin index -0.0686; 3.3 s; peak memory 582 MiB.
2026-10-10T00:53:46Z INFO [198/750] 8b14bdf2-faa1-43f5-9d8f-883b75c3cf14: Sackin index -0.1161; 1.0 s; peak memory 582 MiB.
2026-10-10T00:53:48Z INFO [199/750] 8b157c50-75b7-4a86-8496-249cdebe5e1b: Sackin index -0.0384; 1.5 s; peak memory 582 MiB.
2026-10-10T00:53:49Z INFO [200/750] 8b15ff87-ee86-4394-a075-499fec274dd0: Sackin index -0.0696; 1.5 s; peak memory 582 MiB.
2026-10-10T00:53:49Z INFO [200/750] 8b15ff87-ee86-4394-a075-499fec274dd0: checkpointed 114036 new records.
2026-10-10T00:53:51Z INFO [201/750] 8b161e9e-7668-4f20-9151-4719d55b2fda: Sackin index -0.0745; 1.5 s; peak memory 582 MiB.
2026-10-10T00:53:52Z INFO [202/750] 8b1676fd-8e4f-4e0a-aea9-2b227293c83c: Sackin index -0.0702; 1.5 s; peak memory 582 MiB.
2026-10-10T00:53:54Z INFO [203/750] 8b168d51-98b7-40b6-8fbe-3c6da235bd44: Sackin index -0.1191; 1.3 s; peak memory 582 MiB.
2026-10-10T00:53:55Z INFO [204/750] 8b16e04a-313c-4d8b-a3a2-2d1239c17fa9: Sackin index -0.1383; 1.7 s; peak memory 582 MiB.
2026-10-10T00:53:57Z INFO [205/750] 8b1723e8-c669-4432-90cd-a0063f38bfb7: Sackin index -0.0728; 1.8 s; peak memory 582 MiB.
2026-10-10T00:56:00Z INFO [206/750] 8b181af2-a1da-4e70-b871-b977ad97eac4: Sackin index -0.0434; 123.1 s; peak memory 582 MiB.
2026-10-10T00:56:08Z INFO [207/750] 8b1848d5-8600-4ed9-bc44-1502568e3229: Sackin index -0.0257; 8.0 s; peak memory 582 MiB.
2026-10-10T00:56:10Z INFO [208/750] 8b18b0a3-30bd-4f36-95fa-70debd8debc6: Sackin index -0.0379; 2.0 s; peak memory 582 MiB.
2026-10-10T00:56:12Z INFO [209/750] 8b18b40b-ee8a-4f8c-bc7a-8b643214f553: Sackin index -0.0702; 1.5 s; peak memory 582 MiB.
2026-10-10T00:56:13Z INFO [210/750] 8b19b37f-7e3d-409f-9e84-917d3833fbfd: Sackin index -0.1349; 1.3 s; peak memory 582 MiB.
2026-10-10T00:56:15Z INFO [211/750] 8b19e3de-f264-4c17-9587-c2873d384a98: Sackin index -0.0702; 1.6 s; peak memory 582 MiB.
2026-10-10T00:56:16Z INFO [212/750] 8b1a0497-080e-481e-93de-883d4b336605: Sackin index -0.0816; 1.4 s; peak memory 582 MiB.
2026-10-10T00:56:19Z INFO [213/750] 8b1abdf4-0c05-4bf0-ace9-d0329c5395a8: Sackin index -0.0676; 2.7 s; peak memory 582 MiB.
2026-10-10T00:56:26Z INFO [214/750] 8b1b4bf7-4f0f-4160-8cc1-4c1c5bdc2827: Sackin index -0.0258; 7.8 s; peak memory 582 MiB.
2026-10-10T00:56:28Z INFO [215/750] 8b1d7383-0f35-4314-ae5b-0ef483fb4575: Sackin index -0.1349; 1.2 s; peak memory 582 MiB.
2026-10-10T00:56:31Z INFO [216/750] 8b1da91e-f6b4-4c19-9e85-d7a1525bf653: Sackin index -0.0681; 3.1 s; peak memory 582 MiB.
2026-10-10T00:56:34Z INFO [217/750] 8b1ddd6d-e8a0-43c9-adcb-cea4e6bb7b85: Sackin index -0.0693; 2.9 s; peak memory 582 MiB.
2026-10-10T00:56:42Z INFO [218/750] 8b1e6683-3a4a-4480-9350-f82967afb007: Sackin index -0.0192; 8.7 s; peak memory 582 MiB.
2026-10-10T00:56:44Z INFO [219/750] 8b1e6762-9268-4c0a-9748-a6a0a1c1c2ed: Sackin index -0.1349; 1.3 s; peak memory 582 MiB.
2026-10-10T00:56:59Z INFO [220/750] 8b1e724a-13f0-4978-919c-6d884d77749a: Sackin index -0.0171; 15.3 s; peak memory 582 MiB.
2026-10-10T00:57:00Z INFO [221/750] 8b1eccb0-13b3-4573-8f68-9983dcef0fb4: Sackin index -0.1509; 1.3 s; peak memory 582 MiB.
2026-10-10T00:57:02Z INFO [222/750] 8b1ed23d-2cad-413b-a09f-5512fc2d4c0e: Sackin index -0.1349; 1.3 s; peak memory 582 MiB.
2026-10-10T00:57:02Z INFO [223/750] 8b1fe3eb-e7ec-454b-b0fe-f071256f42d5: Sackin index -0.1191; 0.9 s; peak memory 582 MiB.
2026-10-10T00:57:03Z INFO [224/750] 8b20a1dc-9960-40b7-97a2-40957a4ad2c0: Sackin index -0.2147; 0.9 s; peak memory 582 MiB.
2026-10-10T00:57:05Z INFO [225/750] 8b21464a-549b-459e-b87f-8bc4ab91de2f: Sackin index -0.0728; 1.9 s; peak memory 582 MiB.
2026-10-10T00:57:08Z INFO [226/750] 8b223946-de7e-4124-9dba-e22bb7f8a37a: Sackin index -0.0699; 2.8 s; peak memory 582 MiB.
2026-10-10T00:57:11Z INFO [227/750] 8b249bec-6de7-49a3-98cc-c5ce1ec7ce4f: Sackin index -0.0231; 2.9 s; peak memory 582 MiB.
2026-10-10T00:57:15Z INFO [228/750] 8b24a0cc-3374-4973-b1c1-671d382f12f7: Sackin index -0.1266; 3.9 s; peak memory 582 MiB.
2026-10-10T00:57:16Z INFO [229/750] 8b24bdf4-427e-4648-80c3-79d4180daffc: Sackin index -0.0696; 1.5 s; peak memory 582 MiB.
2026-10-10T00:57:26Z INFO [230/750] 8b254675-1818-4edf-a9bb-cefa4e37325b: Sackin index -0.0362; 9.8 s; peak memory 582 MiB.
2026-10-10T00:58:40Z INFO [231/750] 8b255310-824e-41f9-a586-3e774da7b853: Sackin index -0.1003; 74.0 s; peak memory 582 MiB.
2026-10-10T00:58:43Z INFO [232/750] 8b26125e-a0e8-4673-990b-1b7bf190dea2: Sackin index -0.0699; 2.8 s; peak memory 582 MiB.
2026-10-10T00:58:44Z INFO [233/750] 8b26a6fe-a436-4951-98fd-97dfa29eb498: Sackin index -0.1161; 0.9 s; peak memory 582 MiB.
2026-10-10T00:58:45Z INFO [234/750] 8b26a83f-bd4b-42ff-9355-3afc1f82eeae: Sackin index -0.0702; 1.6 s; peak memory 582 MiB.
2026-10-10T00:58:47Z INFO [235/750] 8b284fbd-ee26-4a48-aee6-3d1221224acf: Sackin index -0.0732; 1.7 s; peak memory 582 MiB.
2026-10-10T00:58:49Z INFO [236/750] 8b28b17a-fc5b-4bc8-b682-5036fac9ef91: Sackin index -0.0815; 1.8 s; peak memory 582 MiB.
2026-10-10T00:58:50Z INFO [237/750] 8b291d34-7bed-4476-8278-175eb46d6f03: Sackin index -0.1602; 1.3 s; peak memory 582 MiB.
2026-10-10T00:59:53Z INFO [238/750] 8b294306-61f0-434d-af3a-58c85a71e543: Sackin index -0.0149; 63.2 s; peak memory 582 MiB.
2026-10-10T00:59:55Z INFO [239/750] 8b29bd38-46d1-4604-aa35-0bf61b1bdc4d: Sackin index -0.0748; 1.5 s; peak memory 582 MiB.
2026-10-10T01:00:02Z INFO [240/750] 8b29fc59-7807-4b3c-944a-4c4f7c235fad: Sackin index -0.0476; 7.1 s; peak memory 582 MiB.
2026-10-10T01:00:03Z INFO [241/750] 8b2a2286-418d-4f0e-ae51-79bcd7578f14: Sackin index -0.0702; 1.4 s; peak memory 582 MiB.
2026-10-10T01:00:06Z INFO [242/750] 8b2a6ca6-0065-4e3e-9e14-450f5bd39b01: Sackin index -0.0369; 2.3 s; peak memory 582 MiB.
2026-10-10T01:00:17Z INFO [243/750] 8b2aaf63-b2fa-4bda-bc02-fdd048669c8b: Sackin index -0.0178; 11.6 s; peak memory 582 MiB.
2026-10-10T01:00:19Z INFO [244/750] 8b2b13a5-5f2b-4d2b-8a9f-f1376d71217b: Sackin index -0.1349; 1.3 s; peak memory 582 MiB.
2026-10-10T01:00:20Z INFO [245/750] 8b2bcec3-36b6-41ff-a867-95a61b29f3dd: Sackin index -0.1303; 1.0 s; peak memory 582 MiB.
2026-10-10T01:00:23Z INFO [246/750] 8b2c17c7-f075-49e5-a66b-0add9d49bb77: Sackin index -0.0842; 3.1 s; peak memory 582 MiB.
2026-10-10T01:00:24Z INFO [247/750] 8b2c4484-3ce3-4e74-9b9c-c558905c538a: Sackin index -0.1248; 1.4 s; peak memory 582 MiB.
2026-10-10T01:00:26Z INFO [248/750] 8b2d060e-c0fc-494d-8259-3d1a5b394b47: Sackin index -0.1224; 2.2 s; peak memory 582 MiB.
2026-10-10T01:00:28Z INFO [249/750] 8b2d5ac9-1148-4f95-bf50-4c71e604bad5: Sackin index -0.1349; 1.4 s; peak memory 582 MiB.
2026-10-10T01:00:30Z INFO [250/750] 8b2d83ee-d10f-4c5f-badd-d4efe2ac77c2: Sackin index -0.0728; 1.6 s; peak memory 582 MiB.
2026-10-10T01:00:30Z INFO [250/750] 8b2d83ee-d10f-4c5f-badd-d4efe2ac77c2: checkpointed 114086 new records.
2026-10-10T01:00:32Z INFO [251/750] 8b2e4c5e-57f2-487c-a2fb-5364c67de1ff: Sackin index -0.0602; 1.8 s; peak memory 582 MiB.
2026-10-10T01:00:34Z INFO [252/750] 8b2e9453-9ca2-46a9-8f29-b756c12ed0a8: Sackin index -0.1187; 2.1 s; peak memory 582 MiB.
2026-10-10T01:00:35Z INFO [253/750] 8b305c5e-f8c5-4512-8cf4-77767c40826c: Sackin index -0.1349; 1.3 s; peak memory 582 MiB.
2026-10-10T01:00:45Z INFO [254/750] 8b311bff-5354-4d16-9bf1-100251767fa8: Sackin index -0.0017; 10.4 s; peak memory 582 MiB.
2026-10-10T01:00:46Z INFO [255/750] 8b3129dd-e50f-46d9-aab9-4ee41b54f6d5: Sackin index -0.1178; 1.0 s; peak memory 582 MiB.
2026-10-10T01:02:56Z INFO [256/750] 8b31db9b-d9e0-4e33-8676-e35b46eac305: Sackin index -0.0273; 130.0 s; peak memory 582 MiB.
2026-10-10T01:02:58Z INFO [257/750] 8b326147-caec-4017-98d9-a3cf3b76d0a7: Sackin index -0.0702; 1.6 s; peak memory 582 MiB.
2026-10-10T01:03:08Z INFO [258/750] 8b332dad-df20-43d2-a09d-9a3727671f70: Sackin index -0.0153; 10.0 s; peak memory 582 MiB.
2026-10-10T01:03:09Z INFO [259/750] 8b335786-33a4-4702-9a94-b4eaa6a9cb47: Sackin index -0.1349; 1.2 s; peak memory 582 MiB.
2026-10-10T01:03:11Z INFO [260/750] 8b349a8c-101c-46e6-8fb2-68b52f153b34: Sackin index -0.0379; 1.8 s; peak memory 582 MiB.
2026-10-10T01:05:09Z INFO [261/750] 8b34b65a-30f6-49aa-8583-a9bfa33209fd: Sackin index -0.1076; 117.6 s; peak memory 582 MiB.
2026-10-10T01:05:10Z INFO [262/750] 8b3694d1-9fcb-4ad4-a72b-1d3621711ca3: Sackin index -0.0702; 1.5 s; peak memory 582 MiB.
2026-10-10T01:05:12Z INFO [263/750] 8b376378-ab42-4f0d-80cd-e614c2f00b90: Sackin index -0.0702; 1.6 s; peak memory 582 MiB.
2026-10-10T01:05:13Z INFO [264/750] 8b381ee7-0372-4439-b2f3-30a5fcded0ee: Sackin index -0.1658; 1.0 s; peak memory 582 MiB.
2026-10-10T01:05:14Z INFO [265/750] 8b392332-d73b-4ce7-b4ce-c7c298d0c2de: Sackin index -0.0377; 1.6 s; peak memory 582 MiB.
2026-10-10T01:05:16Z INFO [266/750] 8b399256-e275-48b1-b915-54bb91839e40: Sackin index -0.1349; 1.3 s; peak memory 582 MiB.
2026-10-10T01:05:38Z INFO [267/750] 8b39dcee-085e-49df-833b-63e4ec7299b2: Sackin index -0.0763; 22.1 s; peak memory 582 MiB.
2026-10-10T01:05:39Z INFO [268/750] 8b3a95ff-333f-4f24-8ea5-5abc1d663bd9: Sackin index -0.1019; 1.6 s; peak memory 582 MiB.
2026-10-10T01:05:55Z INFO [269/750] 8b3ab1a4-099f-413e-9473-855e794e6fd9: Sackin index -0.0159; 15.1 s; peak memory 582 MiB.
2026-10-10T01:05:56Z INFO [270/750] 8b3abdd7-9814-4685-8ed6-12ac3c786d7c: Sackin index -0.1602; 1.3 s; peak memory 582 MiB.
2026-10-10T01:05:57Z INFO [271/750] 8b3b4145-7289-4070-a9ed-fa9ff9954b18: Sackin index -0.1658; 1.0 s; peak memory 582 MiB.
2026-10-10T01:05:58Z INFO [272/750] 8b3b9331-f1eb-497c-9c76-21f83771d759: Sackin index -0.1658; 1.1 s; peak memory 582 MiB.
2026-10-10T01:06:00Z INFO [273/750] 8b3bd90d-749a-4fd3-8ba5-caa7acb6e546: Sackin index -0.0547; 1.9 s; peak memory 582 MiB.
2026-10-10T01:06:01Z INFO [274/750] 8b3cdf3f-b262-4d14-bb2d-4d5931760c8c: Sackin index -0.1349; 1.3 s; peak memory 582 MiB.
2026-10-10T01:06:03Z INFO [275/750] 8b3d0447-af25-4960-aa4b-45fe2fcd9ea3: Sackin index -0.0379; 2.0 s; peak memory 582 MiB.
2026-10-10T01:06:06Z INFO [276/750] 8b3d0e53-7b46-4570-9141-aa7ac35bfc5e: Sackin index -0.0369; 2.5 s; peak memory 582 MiB.
2026-10-10T01:06:08Z INFO [277/750] 8b3e2051-a769-4258-8348-6a34a7a3702e: Sackin index -0.0365; 2.7 s; peak memory 582 MiB.
2026-10-10T01:07:02Z INFO [278/750] 8b3e6b2b-69bf-4c07-a0a1-5ef88152635c: Sackin index -0.1076; 53.9 s; peak memory 582 MiB.
2026-10-10T01:07:57Z INFO [279/750] 8b3ea202-e84b-45e1-bbf2-da0cda9f8a71: Sackin index -0.1144; 55.0 s; peak memory 582 MiB.
2026-10-10T01:07:59Z INFO [280/750] 8b3f6caf-eb2e-4f85-a486-631d256cd974: Sackin index -0.1349; 1.3 s; peak memory 582 MiB.
2026-10-10T01:08:00Z INFO [281/750] 8b4138d3-1984-4451-bb86-9c8e795e55c5: Sackin index -0.0702; 1.5 s; peak memory 582 MiB.
2026-10-10T01:08:01Z INFO [282/750] 8b4293e0-f682-4623-8bf7-1d7b511af1d7: Sackin index -0.1349; 1.3 s; peak memory 582 MiB.
2026-10-10T01:08:04Z INFO [283/750] 8b42f2d5-16e1-46e7-9b44-62e264e7dc12: Sackin index -0.0272; 2.7 s; peak memory 582 MiB.
2026-10-10T01:08:06Z INFO [284/750] 8b436cfe-fd40-4992-a6e4-6a585bf94a44: Sackin index -0.0745; 1.9 s; peak memory 582 MiB.
2026-10-10T01:08:08Z INFO [285/750] 8b43ded9-8993-40d2-944e-d77722362bce: Sackin index -0.0275; 2.0 s; peak memory 582 MiB.
2026-10-10T01:08:16Z INFO [286/750] 8b446b46-352e-4876-8da7-a8521348a8b0: Sackin index -0.0251; 7.7 s; peak memory 582 MiB.
2026-10-10T01:08:18Z INFO [287/750] 8b458c37-9d6a-498b-94a2-e6af78fdbf13: Sackin index -0.0746; 2.1 s; peak memory 582 MiB.
2026-10-10T01:08:20Z INFO [288/750] 8b460c98-aec5-4a05-9fc3-8679adb4030f: Sackin index -0.1194; 1.8 s; peak memory 582 MiB.
2026-10-10T01:08:21Z INFO [289/750] 8b465536-eca2-4aa5-904c-b84e37f135a7: Sackin index -0.1234; 1.4 s; peak memory 582 MiB.
2026-10-10T01:08:24Z INFO [290/750] 8b46799a-73b5-448a-9539-dd4680e9d87f: Sackin index -0.0516; 3.3 s; peak memory 582 MiB.
2026-10-10T01:08:31Z INFO [291/750] 8b469168-b6fd-4dbb-b920-6031b8ef2c89: Sackin index -0.0383; 6.8 s; peak memory 582 MiB.
2026-10-10T01:08:33Z INFO [292/750] 8b469f90-4582-4312-8e03-efcb2f692d15: Sackin index -0.1349; 1.4 s; peak memory 582 MiB.
2026-10-10T01:08:36Z INFO [293/750] 8b471b23-229e-4550-8bb6-8c24aeae5f68: Sackin index -0.0643; 3.3 s; peak memory 582 MiB.
2026-10-10T01:08:49Z INFO [294/750] 8b476859-4ddf-4728-8695-6e4954d9948f: Sackin index -0.0113; 13.4 s; peak memory 582 MiB.
2026-10-10T01:08:55Z INFO [295/750] 8b480176-b740-4838-afbd-92b7b7cb5734: Sackin index -0.1599; 5.9 s; peak memory 582 MiB.
2026-10-10T01:08:57Z INFO [296/750] 8b48082c-9367-4b63-b6be-16a4dbbff53b: Sackin index -0.1349; 1.4 s; peak memory 582 MiB.
2026-10-10T01:59:35Z INFO [297/750] 8b485d56-2730-4aae-b807-eda99e8d7b34: Sackin index -0.0082; 3038.1 s; peak memory 1231 MiB.
2026-10-10T01:59:37Z INFO [298/750] 8b488eba-7908-4287-9a79-5540ceb77265: Sackin index -0.1263; 1.8 s; peak memory 1231 MiB.
2026-10-10T01:59:38Z INFO [299/750] 8b490963-b6e8-40ee-ba24-838e7e2e9936: Sackin index -0.1349; 1.2 s; peak memory 1231 MiB.
2026-10-10T01:59:40Z INFO [300/750] 8b49cf7a-719f-459a-bf9d-c5aea1afc691: Sackin index -0.1046; 1.8 s; peak memory 1231 MiB.
2026-10-10T01:59:40Z INFO [300/750] 8b49cf7a-719f-459a-bf9d-c5aea1afc691: checkpointed 114136 new records.
2026-10-10T01:59:41Z INFO [301/750] 8b49d6e6-1647-4b60-9444-438096ddec9e: Sackin index -0.0702; 1.5 s; peak memory 1231 MiB.
2026-10-10T01:59:43Z INFO [302/750] 8b4a2f0e-41e2-43af-a1a3-0d40bbf54e92: Sackin index -0.0702; 1.3 s; peak memory 1231 MiB.
2026-10-10T01:59:44Z INFO [303/750] 8b4a637a-c98c-4e9b-873c-cc32d451b2b1: Sackin index -0.0702; 1.5 s; peak memory 1231 MiB.
2026-10-10T01:59:45Z INFO [304/750] 8b4a78ce-9d7c-48f7-856d-1eee9a66f788: Sackin index -0.1135; 1.0 s; peak memory 1231 MiB.
2026-10-10T01:59:47Z INFO [305/750] 8b4af11a-b2ef-43be-bbba-19928908e7f1: Sackin index -0.0891; 1.4 s; peak memory 1231 MiB.
2026-10-10T01:59:50Z INFO [306/750] 8b4b3b2f-7995-4b7a-9b26-2edccfd4cacc: Sackin index -0.0681; 3.1 s; peak memory 1231 MiB.
2026-10-10T01:59:51Z INFO [307/750] 8b4b3e9e-ab4f-4141-8934-25ca2a9157f5: Sackin index -0.1349; 1.3 s; peak memory 1231 MiB.
2026-10-10T01:59:54Z INFO [308/750] 8b4b5d46-c78f-4eab-bd43-791bf1a6b9c3: Sackin index -0.0648; 3.2 s; peak memory 1231 MiB.
2026-10-10T01:59:56Z INFO [309/750] 8b4bdf37-a923-4d16-a48f-013cf87a9d5f: Sackin index -0.0702; 1.5 s; peak memory 1231 MiB.
2026-10-10T01:59:58Z INFO [310/750] 8b4c08ca-bddd-413e-a35c-4e2c48f64e00: Sackin index -0.0413; 2.0 s; peak memory 1231 MiB.
2026-10-10T02:00:03Z INFO [311/750] 8b4c46ee-5a37-40da-ad16-4db641da48ef: Sackin index -0.0411; 5.7 s; peak memory 1231 MiB.
2026-10-10T02:00:04Z INFO [312/750] 8b4c7600-f6be-442a-be2b-8895d305a193: Sackin index -0.1161; 1.0 s; peak memory 1231 MiB.
2026-10-10T02:00:06Z INFO [313/750] 8b4c7643-e225-4c7a-9b52-a6cd2907a199: Sackin index -0.0702; 1.5 s; peak memory 1231 MiB.
2026-10-10T02:00:07Z INFO [314/750] 8b4cd2a1-9cfd-4f0d-aa8e-f522d06664f2: Sackin index -0.1349; 1.2 s; peak memory 1231 MiB.
2026-10-10T02:00:21Z INFO [315/750] 8b4d4723-1c29-4e54-b049-7ce0e0fd400f: Sackin index -0.0139; 13.8 s; peak memory 1231 MiB.
2026-10-10T02:00:22Z INFO [316/750] 8b4e233d-90b7-4217-8129-1cbe66250c33: Sackin index -0.0386; 1.5 s; peak memory 1231 MiB.
2026-10-10T02:00:36Z INFO [317/750] 8b4e2e2e-eaa5-4328-a2a9-dbf76744ff3f: Sackin index -0.0133; 14.0 s; peak memory 1231 MiB.
2026-10-10T02:00:38Z INFO [318/750] 8b4f6f34-d4a2-45a5-a2ec-7c652f726284: Sackin index -0.1319; 1.1 s; peak memory 1231 MiB.
2026-10-10T02:00:39Z INFO [319/750] 8b4fe3f2-e7e2-497f-a2bd-ab74847c554f: Sackin index -0.0434; 1.8 s; peak memory 1231 MiB.
2026-10-10T02:00:42Z INFO [320/750] 8b5006b9-b685-4120-beb5-e44b0cb6f882: Sackin index -0.0745; 2.4 s; peak memory 1231 MiB.
2026-10-10T02:00:43Z INFO [321/750] 8b508aa6-2fc0-4de3-a5b2-212552aecc9e: Sackin index -0.1349; 1.2 s; peak memory 1231 MiB.
2026-10-10T02:00:44Z INFO [322/750] 8b50e4f8-7af6-4823-9e14-d2dc4aa198d5: Sackin index -0.1349; 1.2 s; peak memory 1231 MiB.
2026-10-10T02:00:45Z INFO [323/750] 8b50eecd-eeb0-4215-bdc6-9d7905c884a9: Sackin index -0.1349; 1.3 s; peak memory 1231 MiB.
2026-10-10T02:00:47Z INFO [324/750] 8b515bc7-47d3-4174-8f5e-3e4e98b4f39b: Sackin index -0.1349; 1.3 s; peak memory 1231 MiB.
2026-10-10T02:00:48Z INFO [325/750] 8b517be3-b860-4a51-815d-a28106be99b9: Sackin index -0.0748; 1.5 s; peak memory 1231 MiB.
2026-10-10T02:00:51Z INFO [326/750] 8b51dca0-016e-4f76-9672-d8713de46bb8: Sackin index -0.0761; 3.0 s; peak memory 1231 MiB.
2026-10-10T02:00:53Z INFO [327/750] 8b5238d1-f941-4684-8230-d61c868cecaa: Sackin index -0.0745; 1.7 s; peak memory 1231 MiB.
2026-10-10T02:00:56Z INFO [328/750] 8b526845-7d34-43f7-bb54-f6d5ede56a03: Sackin index -0.0665; 3.3 s; peak memory 1231 MiB.
2026-10-10T02:00:59Z INFO [329/750] 8b544ae3-a961-491e-ac6f-acb8f1ed44f1: Sackin index -0.0699; 2.9 s; peak memory 1231 MiB.
2026-10-10T02:01:01Z INFO [330/750] 8b55eaed-6429-4c32-b2ed-76ea9972911f: Sackin index -0.0702; 1.6 s; peak memory 1231 MiB.
2026-10-10T02:01:06Z INFO [331/750] 8b56c7bc-09e6-4e7c-9fae-f12cfbfe45b4: Sackin index -0.0263; 5.3 s; peak memory 1231 MiB.
2026-10-10T02:01:08Z INFO [332/750] 8b57d797-1378-44e5-9be9-a054c83b1683: Sackin index -0.0702; 1.8 s; peak memory 1231 MiB.
2026-10-10T02:01:09Z INFO [333/750] 8b589081-0094-4856-8a2a-d8ca4a76bd1a: Sackin index -0.0745; 1.7 s; peak memory 1231 MiB.
2026-10-10T02:01:11Z INFO [334/750] 8b59af5f-7520-4baa-8061-4c99eb7f9702: Sackin index -0.1345; 1.5 s; peak memory 1231 MiB.
2026-10-10T02:01:12Z INFO [335/750] 8b59d4e2-83c5-4120-8396-1acb2b36aba3: Sackin index -0.1349; 1.4 s; peak memory 1231 MiB.
2026-10-10T02:01:14Z INFO [336/750] 8b59dc16-a29c-4309-91a7-11fde51a1ab4: Sackin index -0.1248; 1.5 s; peak memory 1231 MiB.
2026-10-10T02:01:15Z INFO [337/750] 8b5a261e-28dd-4884-abb2-8f744b34536a: Sackin index -0.0988; 1.4 s; peak memory 1231 MiB.
2026-10-10T02:01:17Z INFO [338/750] 8b5a64b9-6a79-45ab-af1f-e8a518e1bd8a: Sackin index -0.1244; 2.0 s; peak memory 1231 MiB.
2026-10-10T02:01:19Z INFO [339/750] 8b5b3e7d-f084-41bd-a274-c1532a10b37c: Sackin index -0.0728; 2.2 s; peak memory 1231 MiB.
2026-10-10T02:01:21Z INFO [340/750] 8b5b4426-8e90-42b4-b80e-8e874428f9f2: Sackin index -0.0891; 1.8 s; peak memory 1231 MiB.
2026-10-10T02:01:54Z INFO [341/750] 8b5b6db5-e6ce-4bb7-9f87-a3e8e8cd56bd: Sackin index -0.2073; 32.9 s; peak memory 1231 MiB.
2026-10-10T02:01:55Z INFO [342/750] 8b5bb6b5-252f-4c7b-9eba-ab1d38e3ba94: Sackin index -0.0881; 1.2 s; peak memory 1231 MiB.
2026-10-10T02:02:02Z INFO [343/750] 8b5d02fa-5186-458f-bf5b-7ce66c6809b0: Sackin index -0.0455; 7.0 s; peak memory 1231 MiB.
2026-10-10T02:02:04Z INFO [344/750] 8b5dee93-6943-4f0c-9474-79e039d78574: Sackin index -0.0728; 1.7 s; peak memory 1231 MiB.
2026-10-10T02:02:08Z INFO [345/750] 8b5df5c8-8ac0-4fa5-b76f-4cbf3981d4fe: Sackin index -0.1062; 4.4 s; peak memory 1231 MiB.
2026-10-10T02:02:10Z INFO [346/750] 8b5ea80c-45e8-4ecd-ba2b-c94e0f6ace54: Sackin index -0.0702; 1.4 s; peak memory 1231 MiB.
2026-10-10T02:03:04Z INFO [347/750] 8b5f4e9b-046c-4d5d-920c-eb4c2814c6ec: Sackin index -0.1076; 53.7 s; peak memory 1231 MiB.
2026-10-10T02:03:05Z INFO [348/750] 8b6028a5-8733-4c7e-960a-9ce771657913: Sackin index -0.0728; 1.8 s; peak memory 1231 MiB.
2026-10-10T02:03:07Z INFO [349/750] 8b60428a-fd40-4a96-a46c-cbda29e6b9ec: Sackin index -0.0569; 1.6 s; peak memory 1231 MiB.
2026-10-10T02:03:09Z INFO [350/750] 8b605a45-e00e-4039-b264-735bdaa84138: Sackin index -0.0709; 1.7 s; peak memory 1231 MiB.
2026-10-10T02:03:09Z INFO [350/750] 8b605a45-e00e-4039-b264-735bdaa84138: checkpointed 114186 new records.
2026-10-10T02:03:10Z INFO [351/750] 8b605fe6-d943-4080-aeb6-87908693a39d: Sackin index -0.0704; 1.4 s; peak memory 1231 MiB.
2026-10-10T02:03:11Z INFO [352/750] 8b60940c-667b-4733-b035-a9547e2871a5: Sackin index -0.2411; 1.1 s; peak memory 1231 MiB.
2026-10-10T02:03:13Z INFO [353/750] 8b61fcba-e8f6-4c3c-92d7-ccdc5e51ab49: Sackin index -0.1349; 1.4 s; peak memory 1231 MiB.
2026-10-10T02:03:15Z INFO [354/750] 8b62389d-0862-4fb6-8ce2-80772f04ea5e: Sackin index -0.1291; 2.0 s; peak memory 1231 MiB.
2026-10-10T02:03:30Z INFO [355/750] 8b62b3d9-c93d-487f-962b-eb2bfe6da596: Sackin index -0.0031; 15.3 s; peak memory 1231 MiB.
2026-10-10T02:03:41Z INFO [356/750] 8b62d7f3-cf5a-4eaa-a175-18fe1945a454: Sackin index -0.0177; 11.2 s; peak memory 1231 MiB.
2026-10-10T02:03:43Z INFO [357/750] 8b63385f-2d23-44f5-8d7c-ef853961cfe8: Sackin index -0.1349; 1.3 s; peak memory 1231 MiB.
2026-10-10T02:03:50Z INFO [358/750] 8b635eb2-ec30-4a9e-aed5-82d2de2a1d8b: Sackin index -0.0251; 7.4 s; peak memory 1231 MiB.
2026-10-10T02:03:52Z INFO [359/750] 8b640a85-d242-4b5f-9173-bb99d03c1041: Sackin index -0.0881; 1.7 s; peak memory 1231 MiB.
2026-10-10T02:03:53Z INFO [360/750] 8b64a76d-b6c0-43bc-88db-0c2030be833c: Sackin index -0.1349; 1.4 s; peak memory 1231 MiB.
2026-10-10T02:04:01Z INFO [361/750] 8b65948c-ac54-4718-b3ed-cab9c283129d: Sackin index -0.0189; 8.1 s; peak memory 1231 MiB.
2026-10-10T02:04:03Z INFO [362/750] 8b66c6b7-0735-4c2f-a63f-18316ea4283b: Sackin index -0.0745; 2.1 s; peak memory 1231 MiB.
2026-10-10T02:04:04Z INFO [363/750] 8b67015d-da03-41d9-92a2-6582b52e6425: Sackin index -0.1072; 1.2 s; peak memory 1231 MiB.
2026-10-10T02:04:05Z INFO [364/750] 8b671d34-facf-4473-b420-2bed6f8fea1d: Sackin index -0.2168; 0.9 s; peak memory 1231 MiB.
2026-10-10T02:04:06Z INFO [365/750] 8b67b197-89dd-4d5c-b536-b46eb7e97834: Sackin index -0.1349; 1.3 s; peak memory 1231 MiB.
2026-10-10T02:04:08Z INFO [366/750] 8b68278f-ba28-42a2-9ba8-433041fef6af: Sackin index -0.1349; 1.3 s; peak memory 1231 MiB.
2026-10-10T02:04:09Z INFO [367/750] 8b6851cd-06d2-4e3f-bcde-039e6b5f1d10: Sackin index -0.0748; 1.4 s; peak memory 1231 MiB.
2026-10-10T02:04:25Z INFO [368/750] 8b698832-9ee6-4d81-ae66-0c3e711aefb3: Sackin index -0.0175; 16.2 s; peak memory 1231 MiB.
2026-10-10T02:04:27Z INFO [369/750] 8b699a09-6623-4033-9d1e-630d33bc942b: Sackin index -0.0728; 2.0 s; peak memory 1231 MiB.
2026-10-10T02:04:30Z INFO [370/750] 8b69a52a-4ad3-4fcd-9f22-36aa699caa6b: Sackin index -0.1044; 2.3 s; peak memory 1231 MiB.
2026-10-10T02:04:31Z INFO [371/750] 8b6ab662-1c98-4415-b93b-dcdaa0e5dd1e: Sackin index -0.0702; 1.5 s; peak memory 1231 MiB.
2026-10-10T02:04:32Z INFO [372/750] 8b6b0091-45d1-4f87-8c1c-cb313ba9b6b6: Sackin index -0.1658; 1.1 s; peak memory 1231 MiB.
2026-10-10T02:04:34Z INFO [373/750] 8b6bb50a-5c55-4fb2-8f66-9944947123b1: Sackin index -0.0272; 2.2 s; peak memory 1231 MiB.
2026-10-10T02:04:49Z INFO [374/750] 8b6c0f6e-cd51-4b04-8f73-002ce88949cf: Sackin index -0.0783; 14.1 s; peak memory 1231 MiB.
2026-10-10T02:04:50Z INFO [375/750] 8b6c52da-f7c0-4b59-80d3-778e749f9365: Sackin index -0.0745; 1.7 s; peak memory 1231 MiB.
2026-10-10T02:04:52Z INFO [376/750] 8b6cfe0e-b3fd-414f-9080-195916bb917f: Sackin index -0.1349; 1.3 s; peak memory 1231 MiB.
2026-10-10T02:04:54Z INFO [377/750] 8b6d3eaf-a8b1-470c-8087-ed88397ddbbc: Sackin index -0.0728; 2.0 s; peak memory 1231 MiB.
2026-10-10T02:05:01Z INFO [378/750] 8b6d5d98-5f8e-4650-b44a-fe6f13bb7bf5: Sackin index -0.0438; 7.0 s; peak memory 1231 MiB.
2026-10-10T02:05:02Z INFO [379/750] 8b6e3267-6b19-4061-a68b-953279450135: Sackin index -0.0702; 1.5 s; peak memory 1231 MiB.
2026-10-10T02:05:22Z INFO [380/750] 8b6ead68-f1d6-44c3-8b66-98c80dd27f82: Sackin index -0.0098; 19.8 s; peak memory 1231 MiB.
2026-10-10T02:05:24Z INFO [381/750] 8b6ecbb3-2193-474d-a946-6a50300aec9b: Sackin index -0.0752; 1.8 s; peak memory 1231 MiB.
2026-10-10T02:05:26Z INFO [382/750] 8b7020d6-1b46-48e0-87e4-6e7c315643b3: Sackin index -0.0375; 1.9 s; peak memory 1231 MiB.
2026-10-10T02:05:27Z INFO [383/750] 8b70baab-c64a-4c30-afc2-304fea793e8a: Sackin index -0.0702; 1.6 s; peak memory 1231 MiB.
2026-10-10T02:05:28Z INFO [384/750] 8b718ddd-6797-4ad3-80d6-5e641511f0af: Sackin index -0.1938; 1.2 s; peak memory 1231 MiB.
2026-10-10T02:05:29Z INFO [385/750] 8b71ec17-c1b5-4bf1-9366-8b66daa802cc: Sackin index -0.1658; 1.1 s; peak memory 1231 MiB.
2026-10-10T02:05:31Z INFO [386/750] 8b728fa3-51a0-4164-9787-2d699df6417a: Sackin index -0.0735; 1.4 s; peak memory 1231 MiB.
2026-10-10T02:05:32Z INFO [387/750] 8b72951a-2148-41e5-a6cd-f9e5aedbb0c5: Sackin index -0.0702; 1.6 s; peak memory 1231 MiB.
2026-10-10T02:06:29Z INFO [388/750] 8b729a2f-385f-48e7-8022-a652b74cc946: Sackin index -0.0045; 56.2 s; peak memory 1231 MiB.
2026-10-10T02:06:30Z INFO [389/750] 8b72db61-8d95-4673-bd5b-5845fbfa5990: Sackin index -0.1349; 1.4 s; peak memory 1231 MiB.
2026-10-10T02:06:32Z INFO [390/750] 8b7335ba-8da6-4cc0-9c1c-a51dc43a910b: Sackin index -0.0369; 2.2 s; peak memory 1231 MiB.
2026-10-10T02:06:34Z INFO [391/750] 8b7344f1-4f58-4052-8fee-f0bd6cb622a3: Sackin index -0.0702; 1.4 s; peak memory 1231 MiB.
2026-10-10T02:06:51Z INFO [392/750] 8b735c34-2a29-4312-9e67-f2db9cf54b25: Sackin index -0.0240; 17.8 s; peak memory 1231 MiB.
2026-10-10T02:06:53Z INFO [393/750] 8b736db8-df18-4f61-9b3e-3c8f4fbdabc6: Sackin index -0.1349; 1.3 s; peak memory 1231 MiB.
2026-10-10T02:06:55Z INFO [394/750] 8b73c99f-46f0-4b8d-9c25-46f0f5ac046f: Sackin index -0.0728; 1.8 s; peak memory 1231 MiB.
2026-10-10T02:06:56Z INFO [395/750] 8b73d92c-adb2-4aa5-b802-85593a3ab17d: Sackin index -0.1349; 1.3 s; peak memory 1231 MiB.
2026-10-10T02:06:57Z INFO [396/750] 8b73db04-48b9-4e19-b4ea-7b17ba836149: Sackin index -0.1461; 1.2 s; peak memory 1231 MiB.
2026-10-10T02:06:58Z INFO [397/750] 8b7435f1-6ca8-4624-8c3c-5a5f113c4762: Sackin index -0.1349; 1.2 s; peak memory 1231 MiB.
2026-10-10T02:07:00Z INFO [398/750] 8b74990f-0e19-4195-a79e-1385027cac28: Sackin index -0.0709; 1.6 s; peak memory 1231 MiB.
2026-10-10T02:07:03Z INFO [399/750] 8b74bb55-f70c-460a-b9d9-56c7f52487a7: Sackin index -0.0718; 3.2 s; peak memory 1231 MiB.
2026-10-10T02:07:04Z INFO [400/750] 8b75c922-e11a-4ada-9dbe-fa8f65942c2f: Sackin index -0.1448; 1.0 s; peak memory 1231 MiB.
2026-10-10T02:07:04Z INFO [400/750] 8b75c922-e11a-4ada-9dbe-fa8f65942c2f: checkpointed 114236 new records.
2026-10-10T02:07:07Z INFO [401/750] 8b75d2c4-9308-471b-a59b-927f180c5113: Sackin index -0.0728; 2.3 s; peak memory 1231 MiB.
2026-10-10T02:07:09Z INFO [402/750] 8b76222d-5b58-45a1-952c-03b16a286955: Sackin index -0.1362; 2.0 s; peak memory 1231 MiB.
2026-10-10T02:07:10Z INFO [403/750] 8b7651f1-43a6-4c85-a81b-ecacc9fe34eb: Sackin index -0.1349; 1.3 s; peak memory 1231 MiB.
2026-10-10T02:07:13Z INFO [404/750] 8b76a23e-dc58-4e67-8f64-0e20a1e34c10: Sackin index -0.0676; 3.2 s; peak memory 1231 MiB.
2026-10-10T02:07:15Z INFO [405/750] 8b76b982-52f9-48a0-ba5e-702cfb5bf78c: Sackin index -0.1349; 1.3 s; peak memory 1231 MiB.
2026-10-10T02:07:17Z INFO [406/750] 8b771056-56c4-4650-9615-f84abfba4ddd: Sackin index -0.0369; 2.1 s; peak memory 1231 MiB.
2026-10-10T02:07:18Z INFO [407/750] 8b774c91-9b1f-47d6-9bfd-3d61c557a083: Sackin index -0.1191; 1.0 s; peak memory 1231 MiB.
2026-10-10T02:07:19Z INFO [408/750] 8b77c835-6b02-4de8-9888-9a87db791646: Sackin index -0.0696; 1.4 s; peak memory 1231 MiB.
2026-10-10T02:07:21Z INFO [409/750] 8b784a1a-7037-4b03-986f-b0bfcdb37595: Sackin index -0.0375; 1.7 s; peak memory 1231 MiB.
2026-10-10T02:07:23Z INFO [410/750] 8b78c2e7-925a-40b7-9968-11073f815ccd: Sackin index -0.0728; 1.7 s; peak memory 1231 MiB.
2026-10-10T02:07:24Z INFO [411/750] 8b791c2d-924b-4c1e-a1d3-ec4bfe09d09f: Sackin index -0.1658; 1.0 s; peak memory 1231 MiB.
2026-10-10T02:07:35Z INFO [412/750] 8b798566-4ad1-41a9-8d71-f9840f0169fd: Sackin index -0.0697; 11.7 s; peak memory 1231 MiB.
2026-10-10T02:07:37Z INFO [413/750] 8b7abfa7-9054-4d9f-9be6-736d4e12088a: Sackin index -0.0735; 1.7 s; peak memory 1231 MiB.
2026-10-10T02:07:38Z INFO [414/750] 8b7af615-27ea-4e35-940a-53079ea06f8b: Sackin index -0.1349; 1.3 s; peak memory 1231 MiB.
2026-10-10T02:07:40Z INFO [415/750] 8b7ba89d-9041-4277-9fce-f8efb40fedad: Sackin index -0.0696; 1.8 s; peak memory 1231 MiB.
2026-10-10T02:07:41Z INFO [416/750] 8b7be7d8-f630-4a1d-ad00-e181adf331ed: Sackin index -0.1521; 1.4 s; peak memory 1231 MiB.
2026-10-10T02:07:43Z INFO [417/750] 8b7bfa81-7e81-4833-b75a-3cdac9f4026a: Sackin index -0.1349; 1.2 s; peak memory 1231 MiB.
2026-10-10T02:07:44Z INFO [418/750] 8b7c1436-ef1c-4fad-a22d-1221f54526e4: Sackin index -0.1658; 0.9 s; peak memory 1231 MiB.
2026-10-10T02:09:17Z INFO [419/750] 8b7d0168-fb16-4702-8e98-d4d67adb8167: Sackin index -0.1341; 93.4 s; peak memory 1231 MiB.
2026-10-10T02:09:19Z INFO [420/750] 8b7d85f1-721a-4096-922f-b9c35193a2ea: Sackin index -0.1380; 1.5 s; peak memory 1231 MiB.
2026-10-10T02:09:20Z INFO [421/750] 8b7e0183-c765-4dbb-9908-0849f9773bb5: Sackin index -0.0656; 1.4 s; peak memory 1231 MiB.
2026-10-10T02:09:21Z INFO [422/750] 8b7fba94-791e-4b9f-9a22-787004758c12: Sackin index -0.0991; 1.4 s; peak memory 1231 MiB.
2026-10-10T02:09:25Z INFO [423/750] 8b7fd287-8dce-4dda-a9d2-d44e9c5cf9f4: Sackin index -0.0263; 3.1 s; peak memory 1231 MiB.
2026-10-10T02:09:26Z INFO [424/750] 8b7fea36-c3f6-4030-b824-735330b3414a: Sackin index -0.1135; 1.1 s; peak memory 1231 MiB.
2026-10-10T02:09:27Z INFO [425/750] 8b803ba6-28cc-4f49-acf5-cd91d9181192: Sackin index -0.0702; 1.6 s; peak memory 1231 MiB.
2026-10-10T02:09:32Z INFO [426/750] 8b80d0e6-4287-46d7-9263-f371a4f7d04e: Sackin index -0.1938; 4.9 s; peak memory 1231 MiB.
2026-10-10T02:09:34Z INFO [427/750] 8b81cb56-7d13-46d0-ac33-55b651126a7a: Sackin index -0.0375; 1.9 s; peak memory 1231 MiB.
2026-10-10T02:09:35Z INFO [428/750] 8b821282-3139-49a5-a9f4-28c998b849fe: Sackin index -0.1349; 1.4 s; peak memory 1231 MiB.
2026-10-10T02:09:37Z INFO [429/750] 8b821751-4ac1-4860-8ef3-ed62502ce523: Sackin index -0.0728; 1.6 s; peak memory 1231 MiB.
2026-10-10T02:09:38Z INFO [430/750] 8b823ee7-f98c-47ae-bfe1-541038914ae2: Sackin index -0.1254; 1.5 s; peak memory 1231 MiB.
2026-10-10T02:09:40Z INFO [431/750] 8b82aba0-448b-457b-a72c-7e63bfe92ee6: Sackin index -0.0656; 1.7 s; peak memory 1231 MiB.
2026-10-10T02:09:46Z INFO [432/750] 8b82d386-38d1-455f-b699-e56898666829: Sackin index -0.0255; 6.2 s; peak memory 1231 MiB.
2026-10-10T02:09:48Z INFO [433/750] 8b834dbf-5bcb-44cb-b58d-3124120fbab0: Sackin index -0.0728; 1.9 s; peak memory 1231 MiB.
2026-10-10T02:09:50Z INFO [434/750] 8b83adfb-26c0-443a-a639-e15a5879d1d9: Sackin index -0.0745; 1.9 s; peak memory 1231 MiB.
2026-10-10T02:09:57Z INFO [435/750] 8b83f027-dc53-4c25-8bfa-e261699113f2: Sackin index -0.0415; 6.8 s; peak memory 1231 MiB.
2026-10-10T02:09:58Z INFO [436/750] 8b842722-f359-4559-a303-0453dbc8a172: Sackin index -0.1273; 1.5 s; peak memory 1231 MiB.
2026-10-10T02:10:07Z INFO [437/750] 8b85d9bc-4f4e-4ac5-ad95-e69828c165c7: Sackin index -0.1147; 8.1 s; peak memory 1231 MiB.
2026-10-10T02:10:09Z INFO [438/750] 8b869094-999e-4bcd-9254-abe0ad8fa99b: Sackin index -0.1938; 2.6 s; peak memory 1231 MiB.
2026-10-10T02:10:10Z INFO [439/750] 8b869f2f-fb9d-4635-a74f-2858c15eccf5: Sackin index -0.1658; 1.0 s; peak memory 1231 MiB.
2026-10-10T02:10:12Z INFO [440/750] 8b86af0d-f585-4a6a-bc7d-0a851c90e127: Sackin index -0.0709; 1.5 s; peak memory 1231 MiB.
2026-10-10T02:10:13Z INFO [441/750] 8b86c66c-edea-44fd-8df1-1159b2ce03c7: Sackin index -0.1349; 1.3 s; peak memory 1231 MiB.
2026-10-10T02:10:14Z INFO [442/750] 8b874778-b5e9-4cef-89f0-4ce7d5298e2e: Sackin index -0.1331; 1.2 s; peak memory 1231 MiB.
2026-10-10T02:10:17Z INFO [443/750] 8b875b18-e43e-448e-b3bc-b88ac283f28a: Sackin index -0.0643; 2.7 s; peak memory 1231 MiB.
2026-10-10T02:10:18Z INFO [444/750] 8b87b83f-a504-4173-a817-47767c7eb07f: Sackin index -0.0696; 1.5 s; peak memory 1231 MiB.
2026-10-10T02:10:20Z INFO [445/750] 8b87f5bc-b86a-4c5e-9c25-1ff04c83961b: Sackin index -0.1658; 1.1 s; peak memory 1231 MiB.
2026-10-10T02:10:22Z INFO [446/750] 8b880362-3a74-4451-bc49-98219c8ffcf6: Sackin index -0.0728; 2.1 s; peak memory 1231 MiB.
2026-10-10T02:10:46Z INFO [447/750] 8b8878e5-051d-43b8-be72-0d235703d63c: Sackin index -0.0119; 24.8 s; peak memory 1231 MiB.
2026-10-10T02:10:49Z INFO [448/750] 8b889cac-f1d1-4a14-a99c-e37cae4fc2d5: Sackin index -0.0457; 2.1 s; peak memory 1231 MiB.
2026-10-10T02:10:50Z INFO [449/750] 8b899e90-eadf-437c-9489-c86a8464f1c6: Sackin index -0.1000; 1.6 s; peak memory 1231 MiB.
2026-10-10T02:10:54Z INFO [450/750] 8b89af8e-6811-4c6d-afde-7a09d15acfd3: Sackin index -0.0539; 4.2 s; peak memory 1231 MiB.
2026-10-10T02:10:55Z INFO [450/750] 8b89af8e-6811-4c6d-afde-7a09d15acfd3: checkpointed 114286 new records.
2026-10-10T02:11:52Z INFO [451/750] 8b89ccff-e8c0-4c85-b150-780832faa6c3: Sackin index -0.0085; 57.1 s; peak memory 1231 MiB.
2026-10-10T02:11:53Z INFO [452/750] 8b89f0cd-6d8d-48f0-8ba3-210ca6ebaf46: Sackin index -0.1331; 1.2 s; peak memory 1231 MiB.
2026-10-10T02:11:54Z INFO [453/750] 8b8a15df-2901-4d4c-84ad-9797a78c226c: Sackin index -0.1349; 1.2 s; peak memory 1231 MiB.
2026-10-10T02:11:56Z INFO [454/750] 8b8aaf4d-1ee9-4a09-87f7-95163a13718b: Sackin index -0.0728; 1.9 s; peak memory 1231 MiB.
2026-10-10T02:11:57Z INFO [455/750] 8b8bff9d-bd7e-4109-b967-64526c8ec980: Sackin index -0.1349; 1.2 s; peak memory 1231 MiB.
2026-10-10T02:12:03Z INFO [456/750] 8b8c2294-462b-4f19-9fcb-c420b39c6fb8: Sackin index -0.0403; 5.3 s; peak memory 1231 MiB.
2026-10-10T02:14:12Z INFO [457/750] 8b8c8d44-25e8-4daa-a5f9-4d056ea7e3ec: Sackin index -0.0273; 129.2 s; peak memory 1231 MiB.
2026-10-10T02:14:13Z INFO [458/750] 8b8d4988-c440-4df7-9e11-87e71cdd7c27: Sackin index -0.0702; 1.5 s; peak memory 1231 MiB.
2026-10-10T02:14:15Z INFO [459/750] 8b8d6ac0-4540-4fd3-a21f-6a0ea01c3686: Sackin index -0.1331; 1.2 s; peak memory 1231 MiB.
2026-10-10T02:14:17Z INFO [460/750] 8b8da7fc-5d15-433e-8b41-bed65481631b: Sackin index -0.1938; 2.8 s; peak memory 1231 MiB.
2026-10-10T02:14:22Z INFO [461/750] 8b8ddc84-4def-4ed3-8f69-38af2e4a7c3a: Sackin index -0.0321; 5.0 s; peak memory 1231 MiB.
2026-10-10T02:14:24Z INFO [462/750] 8b8df721-bc54-44de-b358-be1cd4e42f42: Sackin index -0.1658; 1.3 s; peak memory 1231 MiB.
2026-10-10T02:18:27Z INFO [463/750] 8b8df8ab-3161-4435-8b8c-9f08bb049bd5: Sackin index -0.0269; 243.2 s; peak memory 1231 MiB.
2026-10-10T02:18:28Z INFO [464/750] 8b8e8286-e4fb-4c6d-a30c-299cbfcfd646: Sackin index -0.1658; 1.0 s; peak memory 1231 MiB.
2026-10-10T02:18:29Z INFO [465/750] 8b8eda7f-e5ac-4b16-b996-bd721ca821a0: Sackin index -0.1349; 1.3 s; peak memory 1231 MiB.
2026-10-10T02:18:31Z INFO [466/750] 8b8f52c8-0ccf-431d-be81-f49cae49196f: Sackin index -0.1349; 1.3 s; peak memory 1231 MiB.
2026-10-10T02:18:32Z INFO [467/750] 8b8fe10f-2218-4d91-9a04-8e81a88cf9cd: Sackin index -0.0379; 1.9 s; peak memory 1231 MiB.
2026-10-10T02:18:40Z INFO [468/750] 8b9037ad-6a4e-4780-895d-7c7d7d5a9f13: Sackin index -0.0197; 7.2 s; peak memory 1231 MiB.
2026-10-10T02:18:42Z INFO [469/750] 8b9051f0-c81f-4d96-b718-c16a97efacf4: Sackin index -0.0728; 1.8 s; peak memory 1231 MiB.
2026-10-10T02:18:57Z INFO [470/750] 8b90ab96-b6c7-4a7b-b5a0-d03751514a29: Sackin index -0.0119; 15.4 s; peak memory 1231 MiB.
2026-10-10T02:19:04Z INFO [471/750] 8b91703c-3593-4cf1-a020-7d98dd437623: Sackin index -0.0258; 7.0 s; peak memory 1231 MiB.
2026-10-10T02:19:05Z INFO [472/750] 8b91805d-f813-4d35-b971-f700aea52dac: Sackin index -0.1349; 1.3 s; peak memory 1231 MiB.
2026-10-10T02:19:07Z INFO [473/750] 8b925fff-363d-47a3-973e-b7001b5b31fc: Sackin index -0.0728; 2.0 s; peak memory 1231 MiB.
2026-10-10T02:19:10Z INFO [474/750] 8b92bda5-462d-4ec2-8a79-ee469b99b911: Sackin index -0.0699; 2.9 s; peak memory 1231 MiB.
2026-10-10T02:19:11Z INFO [475/750] 8b94220f-157c-4bcf-ad83-ce132f5dd8be: Sackin index -0.1349; 1.2 s; peak memory 1231 MiB.
2026-10-10T02:19:29Z INFO [476/750] 8b947d74-3475-41b8-811b-fb1460cf5ce1: Sackin index -0.0391; 17.8 s; peak memory 1231 MiB.
2026-10-10T02:19:33Z INFO [477/750] 8b952d13-cb19-4670-93a3-256486bb5a43: Sackin index -0.0564; 3.9 s; peak memory 1231 MiB.
2026-10-10T02:19:35Z INFO [478/750] 8b95e50c-cf95-4e0d-8070-a24db550347f: Sackin index -0.0728; 1.8 s; peak memory 1231 MiB.
2026-10-10T02:19:36Z INFO [479/750] 8b9713d1-8ab6-499d-8102-c71c71afd62b: Sackin index -0.1349; 1.4 s; peak memory 1231 MiB.
2026-10-10T02:19:49Z INFO [480/750] 8b97ee26-72a9-45fb-a717-f7841ffe14b0: Sackin index -0.0188; 13.1 s; peak memory 1231 MiB.
2026-10-10T02:19:51Z INFO [481/750] 8b98576b-321f-400f-81ce-2881c1c95d13: Sackin index -0.0234; 1.9 s; peak memory 1231 MiB.
2026-10-10T02:19:52Z INFO [482/750] 8b9867d6-578e-488d-bec0-d27a22156b34: Sackin index -0.1390; 1.0 s; peak memory 1231 MiB.
2026-10-10T02:19:53Z INFO [483/750] 8b989aa5-1b11-437d-aadb-470a7be3d563: Sackin index -0.1178; 1.0 s; peak memory 1231 MiB.
2026-10-10T02:19:55Z INFO [484/750] 8b996c01-ba10-464a-b13b-3d0468eab336: Sackin index -0.0696; 1.5 s; peak memory 1231 MiB.
2026-10-10T02:19:56Z INFO [485/750] 8b998c00-983b-48a2-b518-2017c8611701: Sackin index -0.1191; 1.3 s; peak memory 1231 MiB.
2026-10-10T02:19:58Z INFO [486/750] 8b99bf7d-f803-4918-9369-76375acc64ec: Sackin index -0.0728; 1.8 s; peak memory 1231 MiB.
2026-10-10T02:20:01Z INFO [487/750] 8b99d5ce-9bc1-4a09-96c2-c5f87a6be63e: Sackin index -0.0699; 2.8 s; peak memory 1231 MiB.
2026-10-10T02:20:04Z INFO [488/750] 8b9a2015-261b-4422-9037-b5e18b330559: Sackin index -0.0514; 3.0 s; peak memory 1231 MiB.
2026-10-10T02:20:06Z INFO [489/750] 8b9bef8d-fcea-412b-a38c-1ab3fb06263c: Sackin index -0.1938; 2.9 s; peak memory 1231 MiB.
2026-10-10T02:20:10Z INFO [490/750] 8b9bf953-a506-4239-a928-1cee59e2de53: Sackin index -0.0494; 3.2 s; peak memory 1231 MiB.
2026-10-10T02:20:15Z INFO [491/750] 8b9cbc1c-4263-46d5-b4bf-6bede91cf1e3: Sackin index -0.0403; 5.5 s; peak memory 1231 MiB.
2026-10-10T02:20:18Z INFO [492/750] 8b9cefd6-6694-4703-9fc1-e3e51eb1bcd5: Sackin index -0.0693; 3.1 s; peak memory 1231 MiB.
2026-10-10T02:20:21Z INFO [493/750] 8b9df1e3-0fb3-4068-9c68-c827665b0155: Sackin index -0.0978; 2.4 s; peak memory 1231 MiB.
2026-10-10T02:22:01Z INFO [494/750] 8b9e6d23-b233-43d9-a00b-e7e022e39551: Sackin index -0.0691; 100.2 s; peak memory 1231 MiB.
2026-10-10T02:22:02Z INFO [495/750] 8b9fd2dc-9f53-4dda-ab78-63c10dfd05f3: Sackin index -0.0702; 1.4 s; peak memory 1231 MiB.
2026-10-10T02:22:04Z INFO [496/750] 8b9fe08f-43cd-4ed0-9384-861c2bf81be3: Sackin index -0.1398; 1.3 s; peak memory 1231 MiB.
2026-10-10T02:22:06Z INFO [497/750] 8ba17101-741f-4b81-89c0-c6869d92be5a: Sackin index -0.0699; 2.9 s; peak memory 1231 MiB.
2026-10-10T02:22:10Z INFO [498/750] 8ba1e927-ed25-4ffd-930a-da36a0478e71: Sackin index -0.0797; 3.6 s; peak memory 1231 MiB.
2026-10-10T02:22:17Z INFO [499/750] 8ba21a6e-7053-43ce-9d2f-fafc70bc7e69: Sackin index -0.0848; 6.9 s; peak memory 1231 MiB.
2026-10-10T02:22:18Z INFO [500/750] 8ba21b56-da91-4914-a219-02d53dad5620: Sackin index -0.1349; 1.2 s; peak memory 1231 MiB.
2026-10-10T02:22:19Z INFO [500/750] 8ba21b56-da91-4914-a219-02d53dad5620: checkpointed 114336 new records.
2026-10-10T02:22:21Z INFO [501/750] 8ba2b144-6b7b-4907-9d7f-a128926336d4: Sackin index -0.0369; 2.1 s; peak memory 1231 MiB.
2026-10-10T02:22:23Z INFO [502/750] 8ba32188-b515-4fd3-a50b-27e67a4be3cd: Sackin index -0.1263; 2.0 s; peak memory 1231 MiB.
2026-10-10T02:22:24Z INFO [503/750] 8ba32a01-b0bf-4ff8-b1e3-c62e891dfcb1: Sackin index -0.2168; 1.0 s; peak memory 1231 MiB.
2026-10-10T02:22:25Z INFO [504/750] 8ba48a29-9830-4f93-8aef-8439bdaa6e3f: Sackin index -0.0702; 1.7 s; peak memory 1231 MiB.
2026-10-10T02:22:28Z INFO [505/750] 8ba4a758-dec0-4a7f-b572-0810e4e25bc5: Sackin index -0.0745; 2.6 s; peak memory 1231 MiB.
2026-10-10T02:22:29Z INFO [506/750] 8ba4ad3c-fa2c-4c3f-902c-de1ccffd9ca7: Sackin index -0.0702; 1.5 s; peak memory 1231 MiB.
2026-10-10T02:22:32Z INFO [507/750] 8ba5c601-5b54-4fc4-8dd5-aa9680b42f05: Sackin index -0.1072; 2.7 s; peak memory 1231 MiB.
2026-10-10T02:22:40Z INFO [508/750] 8ba77957-871b-494f-b0d9-054f8a6defbe: Sackin index -0.0216; 7.3 s; peak memory 1231 MiB.
2026-10-10T02:22:41Z INFO [509/750] 8ba7d0b6-862d-4fb9-adde-bd3b51805d8f: Sackin index -0.0371; 1.6 s; peak memory 1231 MiB.
2026-10-10T02:22:42Z INFO [510/750] 8ba7f46c-bf3d-4dd8-a1e2-2a75c3477442: Sackin index -0.1683; 1.3 s; peak memory 1231 MiB.
2026-10-10T02:22:44Z INFO [511/750] 8ba9e9b7-4f9c-4913-a5a2-71508193e7a9: Sackin index -0.1349; 1.3 s; peak memory 1231 MiB.
2026-10-10T02:22:45Z INFO [512/750] 8baaae98-cdaf-45e8-82c4-ba63b0526e7a: Sackin index -0.0380; 1.6 s; peak memory 1231 MiB.
2026-10-10T02:23:19Z INFO [513/750] 8bab436f-0f84-4756-969e-59d165045d8d: Sackin index -0.0311; 33.2 s; peak memory 1231 MiB.
2026-10-10T02:23:40Z INFO [514/750] 8baba815-589d-4acc-b04f-46c3ecf4309a: Sackin index -0.0150; 21.8 s; peak memory 1231 MiB.
2026-10-10T02:23:42Z INFO [515/750] 8babbf7c-34e5-4b9f-a3d3-e6ab99f18a31: Sackin index -0.0386; 1.6 s; peak memory 1231 MiB.
2026-10-10T02:23:43Z INFO [516/750] 8bac7716-a33e-4038-b3d7-2fcea47d4435: Sackin index -0.1448; 1.0 s; peak memory 1231 MiB.
2026-10-10T02:23:44Z INFO [517/750] 8bacd9bf-4522-49c7-9046-4b227ca83e34: Sackin index -0.1349; 1.2 s; peak memory 1231 MiB.
2026-10-10T02:23:45Z INFO [518/750] 8bad3ce9-4bac-493c-beb5-744bbc229f25: Sackin index -0.1658; 0.9 s; peak memory 1231 MiB.
2026-10-10T02:23:46Z INFO [519/750] 8bae0874-fb2b-4ff9-b42f-98b48fe07f21: Sackin index -0.1349; 1.2 s; peak memory 1231 MiB.
2026-10-10T02:23:49Z INFO [520/750] 8bae35a3-7bbd-41b3-b28f-b5462da4d6ef: Sackin index -0.0694; 3.0 s; peak memory 1231 MiB.
2026-10-10T02:23:51Z INFO [521/750] 8baf1c53-9b28-4155-ae24-18596bb593e4: Sackin index -0.1349; 1.3 s; peak memory 1231 MiB.
2026-10-10T02:23:53Z INFO [522/750] 8bb14664-9575-4f80-948b-661598a912a5: Sackin index -0.0728; 2.1 s; peak memory 1231 MiB.
2026-10-10T02:23:54Z INFO [523/750] 8bb1575e-259e-490c-aca8-db0c1db3879a: Sackin index -0.0702; 1.4 s; peak memory 1231 MiB.
2026-10-10T02:23:56Z INFO [524/750] 8bb1f572-29cd-417f-ab79-57b969b180b7: Sackin index -0.0380; 1.8 s; peak memory 1231 MiB.
2026-10-10T02:23:57Z INFO [525/750] 8bb2c065-3630-4e38-991f-bd1c2e5429b3: Sackin index -0.1349; 1.3 s; peak memory 1231 MiB.
2026-10-10T02:23:59Z INFO [526/750] 8bb3568e-542e-4014-812a-2e4816794b21: Sackin index -0.0728; 1.9 s; peak memory 1231 MiB.
2026-10-10T02:24:00Z INFO [527/750] 8bb3ee65-e382-45ee-befb-aff62b31c99e: Sackin index -0.1448; 1.0 s; peak memory 1231 MiB.
2026-10-10T02:24:01Z INFO [528/750] 8bb40d8a-30aa-40c0-8e1b-fe093cd1b6d4: Sackin index -0.1349; 1.2 s; peak memory 1231 MiB.
2026-10-10T02:24:03Z INFO [529/750] 8bb48a6e-9767-4dd5-a5ec-1e2ff3cc61e3: Sackin index -0.0709; 1.6 s; peak memory 1231 MiB.
2026-10-10T03:04:37Z INFO [530/750] 8bb56f5d-6b2d-4bc0-a799-e37d3e1502a5: Sackin index -0.0451; 2433.9 s; peak memory 1237 MiB.
2026-10-10T03:04:38Z INFO [531/750] 8bb744ff-009b-4130-88a3-ad6559d9de16: Sackin index -0.0745; 1.4 s; peak memory 1237 MiB.
2026-10-10T03:04:51Z INFO [532/750] 8bb76930-c8af-4c15-b4e2-a7c758db994e: Sackin index -0.0697; 12.7 s; peak memory 1237 MiB.
2026-10-10T03:04:52Z INFO [533/750] 8bb7b751-67cb-4ec4-af38-d7abd9a59f72: Sackin index -0.1349; 1.3 s; peak memory 1237 MiB.
2026-10-10T03:04:55Z INFO [534/750] 8bb83c9c-85bd-4a53-afeb-882ac0f827b2: Sackin index -0.1072; 2.4 s; peak memory 1237 MiB.
2026-10-10T03:04:56Z INFO [535/750] 8bb93071-2e35-4c93-9686-ee52367599ee: Sackin index -0.1178; 1.0 s; peak memory 1237 MiB.
2026-10-10T03:04:57Z INFO [536/750] 8bb998ce-4126-442a-b260-7792719e5449: Sackin index -0.1461; 1.4 s; peak memory 1237 MiB.
2026-10-10T03:04:58Z INFO [537/750] 8bba73b6-8033-4617-be57-eb945269985a: Sackin index -0.1658; 0.9 s; peak memory 1237 MiB.
2026-10-10T03:05:00Z INFO [538/750] 8bba9dc3-1774-4971-8bdb-b2d2ff843c44: Sackin index -0.1273; 1.8 s; peak memory 1237 MiB.
2026-10-10T03:05:01Z INFO [539/750] 8bbacab0-8004-4b60-b8da-a36c0fa2dace: Sackin index -0.1349; 1.3 s; peak memory 1237 MiB.
2026-10-10T03:05:02Z INFO [540/750] 8bbc42e9-f0a0-43d8-91b1-ff76a4fdf333: Sackin index -0.1191; 1.3 s; peak memory 1237 MiB.
2026-10-10T03:05:04Z INFO [541/750] 8bbc4aa9-88ac-44a5-b647-cb69fb099bef: Sackin index -0.1349; 1.2 s; peak memory 1237 MiB.
2026-10-10T03:05:05Z INFO [542/750] 8bbc5285-938c-49f1-8ed1-c8f3b6a83050: Sackin index -0.0702; 1.5 s; peak memory 1237 MiB.
2026-10-10T03:05:06Z INFO [543/750] 8bbc608b-0818-4a57-aee3-d80027c72e7c: Sackin index -0.1356; 1.0 s; peak memory 1237 MiB.
2026-10-10T03:05:08Z INFO [544/750] 8bbcb089-145f-4151-81ea-2f4e6453086b: Sackin index -0.0702; 1.7 s; peak memory 1237 MiB.
2026-10-10T03:05:11Z INFO [545/750] 8bbced8c-2e81-469b-a55d-0691c1f66d88: Sackin index -0.0681; 3.2 s; peak memory 1237 MiB.
2026-10-10T03:05:14Z INFO [546/750] 8bbcfce6-2300-4665-98ba-8cf8d60d9587: Sackin index -0.0699; 2.9 s; peak memory 1237 MiB.
2026-10-10T03:05:15Z INFO [547/750] 8bbf1751-689a-459c-b6fb-e413c15ba796: Sackin index -0.1356; 1.0 s; peak memory 1237 MiB.
2026-10-10T03:05:16Z INFO [548/750] 8bbf3841-7d49-44f3-8a84-ff71e75c9334: Sackin index -0.1349; 1.2 s; peak memory 1237 MiB.
2026-10-10T03:05:20Z INFO [549/750] 8bbf4a57-d109-46f9-968d-0a23a564310d: Sackin index -0.0869; 3.4 s; peak memory 1237 MiB.
2026-10-10T03:05:21Z INFO [550/750] 8bbfb3b1-72d4-4617-b022-395fd5806993: Sackin index -0.1478; 1.0 s; peak memory 1237 MiB.
2026-10-10T03:05:21Z INFO [550/750] 8bbfb3b1-72d4-4617-b022-395fd5806993: checkpointed 114386 new records.
2026-10-10T03:05:29Z INFO [551/750] 8bc11ed8-1f7d-441f-a500-28149c614aaa: Sackin index -0.0251; 8.5 s; peak memory 1237 MiB.
2026-10-10T03:05:31Z INFO [552/750] 8bc3f2b2-859c-42d1-a668-8a7e49e78a25: Sackin index -0.0702; 1.4 s; peak memory 1237 MiB.
2026-10-10T03:05:32Z INFO [553/750] 8bc4d00c-b0f4-470f-98e9-621bd7215c44: Sackin index -0.1349; 1.3 s; peak memory 1237 MiB.
2026-10-10T03:05:33Z INFO [554/750] 8bc4d368-9644-4619-b59f-48e070061680: Sackin index -0.0371; 1.6 s; peak memory 1237 MiB.
2026-10-10T03:05:35Z INFO [555/750] 8bc52125-5f2c-4caf-87c2-646b86a29505: Sackin index -0.1356; 1.5 s; peak memory 1237 MiB.
2026-10-10T03:05:37Z INFO [556/750] 8bc53ccf-ff6e-4d5b-8972-6aac560c14f1: Sackin index -0.1044; 2.2 s; peak memory 1237 MiB.
2026-10-10T03:05:39Z INFO [557/750] 8bc7153c-82db-4d09-9694-3f698a82a8b1: Sackin index -0.1349; 1.3 s; peak memory 1237 MiB.
2026-10-10T03:05:40Z INFO [558/750] 8bc76517-7b0a-489e-91b4-e096c14e6929: Sackin index -0.1349; 1.3 s; peak memory 1237 MiB.
2026-10-10T03:06:13Z INFO [559/750] 8bc7d0c4-8eba-4234-87ee-54e7bba54e02: Sackin index -0.2073; 33.2 s; peak memory 1237 MiB.
2026-10-10T03:10:17Z INFO [560/750] 8bc8ae58-176a-4f65-8229-357a209fc0a5: Sackin index -0.0409; 244.2 s; peak memory 1237 MiB.
2026-10-10T03:10:19Z INFO [561/750] 8bc8e1bd-1627-4549-ad9e-2c70afca8416: Sackin index -0.0709; 1.7 s; peak memory 1237 MiB.
2026-10-10T03:10:20Z INFO [562/750] 8bc8f13d-2cc9-47f7-b0a0-4248beba2628: Sackin index -0.0702; 1.5 s; peak memory 1237 MiB.
2026-10-10T03:10:21Z INFO [563/750] 8bc9ec3a-aa7d-4b4e-b206-ee3cc8edbdd8: Sackin index -0.1356; 1.0 s; peak memory 1237 MiB.
2026-10-10T03:10:23Z INFO [564/750] 8bcaa68b-0281-406e-8050-c8bde8666bfb: Sackin index -0.1248; 1.4 s; peak memory 1237 MiB.
2026-10-10T03:10:24Z INFO [565/750] 8bcafbd6-24bd-4387-b7c1-35d6d1375137: Sackin index -0.1248; 1.4 s; peak memory 1237 MiB.
2026-10-10T03:10:26Z INFO [566/750] 8bcb0f78-4096-4799-ad55-0cc9f784c36d: Sackin index -0.0702; 1.4 s; peak memory 1237 MiB.
2026-10-10T03:10:27Z INFO [567/750] 8bcb9306-7ffe-4b0d-bee4-0dfc865cdf5d: Sackin index -0.0626; 1.7 s; peak memory 1237 MiB.
2026-10-10T03:10:49Z INFO [568/750] 8bcc0c94-6f98-4980-b747-c1a7bd52f23c: Sackin index -0.1367; 22.0 s; peak memory 1237 MiB.
2026-10-10T03:10:51Z INFO [569/750] 8bcc7621-01c9-43b2-8dde-50608313815d: Sackin index -0.1349; 1.3 s; peak memory 1237 MiB.
2026-10-10T03:10:53Z INFO [570/750] 8bcc77d1-c6d9-4bf4-8a89-76b34bf228bb: Sackin index -0.0709; 1.9 s; peak memory 1237 MiB.
2026-10-10T03:10:54Z INFO [571/750] 8bcc934b-b408-4aa3-85e8-03477cd33428: Sackin index -0.0881; 1.7 s; peak memory 1237 MiB.
2026-10-10T03:10:56Z INFO [572/750] 8bcc9c7d-f437-4070-b47f-616848d93164: Sackin index -0.0375; 1.8 s; peak memory 1237 MiB.
2026-10-10T03:10:57Z INFO [573/750] 8bcd0b40-0d5d-411c-abef-6385ab5f1dbb: Sackin index -0.1349; 1.3 s; peak memory 1237 MiB.
2026-10-10T03:10:58Z INFO [574/750] 8bcd5a6b-ebc9-4749-9781-9d9b325b06bc: Sackin index -0.1658; 1.0 s; peak memory 1237 MiB.
2026-10-10T03:11:00Z INFO [575/750] 8bcdb292-f911-4c6b-b48d-28bd1ca3c003: Sackin index -0.1248; 1.6 s; peak memory 1237 MiB.
2026-10-10T03:11:03Z INFO [576/750] 8bcdf3e9-80af-410a-89d9-c358744772aa: Sackin index -0.1938; 2.6 s; peak memory 1237 MiB.
2026-10-10T03:11:04Z INFO [577/750] 8bce0171-c49b-4baa-9eaa-78f471979e35: Sackin index -0.0457; 1.7 s; peak memory 1237 MiB.
2026-10-10T03:11:05Z INFO [578/750] 8bce3778-2c36-4d7d-a35d-8569e4d39b5a: Sackin index -0.2000; 0.9 s; peak memory 1237 MiB.
2026-10-10T03:11:07Z INFO [579/750] 8bcf08ec-56a4-4133-bfbe-89897bf0065f: Sackin index -0.0876; 1.5 s; peak memory 1237 MiB.
2026-10-10T03:11:08Z INFO [580/750] 8bcf8b80-a6ee-4250-924e-d663e434e295: Sackin index -0.0696; 1.6 s; peak memory 1237 MiB.
2026-10-10T03:11:40Z INFO [581/750] 8bd01ad9-98bf-4439-a5fe-9ccbaffaf03a: Sackin index -0.2073; 31.3 s; peak memory 1237 MiB.
2026-10-10T03:11:41Z INFO [582/750] 8bd0818f-0abc-4293-af7b-e5b7555e01d9: Sackin index -0.0709; 1.7 s; peak memory 1237 MiB.
2026-10-10T03:11:51Z INFO [583/750] 8bd08d4d-1fb8-4f66-87cd-4cb390d4530e: Sackin index -0.0176; 9.8 s; peak memory 1237 MiB.
2026-10-10T03:11:52Z INFO [584/750] 8bd099b2-ba75-49eb-8717-3598681f6562: Sackin index -0.1658; 1.0 s; peak memory 1237 MiB.
2026-10-10T03:12:01Z INFO [585/750] 8bd1f731-3f5d-40d0-8d66-38ba4a4ef332: Sackin index -0.0251; 8.4 s; peak memory 1237 MiB.
2026-10-10T03:12:02Z INFO [586/750] 8bd1fd20-4d54-4202-8f71-c86375d4c6b0: Sackin index -0.0434; 1.8 s; peak memory 1237 MiB.
2026-10-10T03:12:09Z INFO [587/750] 8bd27110-8fe9-42ec-8a10-c87d6acf44fd: Sackin index -0.0235; 6.5 s; peak memory 1237 MiB.
2026-10-10T03:12:18Z INFO [588/750] 8bd28d36-5f9e-4ec7-b614-45b97b5d9e47: Sackin index -0.0254; 9.5 s; peak memory 1237 MiB.
2026-10-10T03:12:20Z INFO [589/750] 8bd2bc18-a44f-47a8-b3cb-c202d11ce25f: Sackin index -0.0702; 1.6 s; peak memory 1237 MiB.
2026-10-10T03:12:36Z INFO [590/750] 8bd360de-38d4-46b1-b9c8-f1c2d7b85f67: Sackin index -0.0127; 15.6 s; peak memory 1237 MiB.
2026-10-10T03:12:37Z INFO [591/750] 8bd40cd7-1355-404c-9630-29b2faaf3e7a: Sackin index -0.1349; 1.3 s; peak memory 1237 MiB.
2026-10-10T03:12:48Z INFO [592/750] 8bd46686-bf0f-4bd3-a9c1-95473e0634e1: Sackin index -0.0184; 10.7 s; peak memory 1237 MiB.
2026-10-10T03:12:49Z INFO [593/750] 8bd46b03-b256-42bd-83d4-ae68eccae7f9: Sackin index -0.1349; 1.3 s; peak memory 1237 MiB.
2026-10-10T03:12:51Z INFO [594/750] 8bd4a481-646d-4f52-8bdf-3211f02863d5: Sackin index -0.0728; 1.8 s; peak memory 1237 MiB.
2026-10-10T03:12:52Z INFO [595/750] 8bd5a062-a92b-4137-9e50-86b2c44eab55: Sackin index -0.0702; 1.8 s; peak memory 1237 MiB.
2026-10-10T03:12:53Z INFO [596/750] 8bd62f4a-34cf-4732-b885-846238b12777: Sackin index -0.3646; 1.0 s; peak memory 1237 MiB.
2026-10-10T03:12:55Z INFO [597/750] 8bd66441-a48f-4f14-a948-471425d0799a: Sackin index -0.0434; 2.1 s; peak memory 1237 MiB.
2026-10-10T03:13:01Z INFO [598/750] 8bd6fcee-f431-4c8f-b529-67af1f47e046: Sackin index -0.0411; 5.8 s; peak memory 1237 MiB.
2026-10-10T03:13:03Z INFO [599/750] 8bd78c37-8193-4b3c-8a03-0cb3afb93d27: Sackin index -0.1349; 1.4 s; peak memory 1237 MiB.
2026-10-10T03:13:05Z INFO [600/750] 8bd87359-3bd8-468a-84d0-bcbfab85d988: Sackin index -0.1291; 2.0 s; peak memory 1237 MiB.
2026-10-10T03:13:05Z INFO [600/750] 8bd87359-3bd8-468a-84d0-bcbfab85d988: checkpointed 114436 new records.
2026-10-10T03:13:06Z INFO [601/750] 8bd8bdd3-85a6-4d71-a4fa-3afb01a3ea2a: Sackin index -0.0696; 1.5 s; peak memory 1237 MiB.
2026-10-10T03:13:10Z INFO [602/750] 8bd957ed-e5c0-456e-a3b7-16d46618a83d: Sackin index -0.0933; 3.8 s; peak memory 1237 MiB.
2026-10-10T03:13:13Z INFO [603/750] 8bd994c1-5ff9-4e77-b18e-dc2fd3001903: Sackin index -0.0263; 3.0 s; peak memory 1237 MiB.
2026-10-10T03:13:15Z INFO [604/750] 8bd9989d-4d61-486f-aedd-cfe09e80ffec: Sackin index -0.0891; 1.6 s; peak memory 1237 MiB.
2026-10-10T03:13:16Z INFO [605/750] 8bda03c0-8a6c-4550-9207-f9e6e7495814: Sackin index -0.3646; 1.1 s; peak memory 1237 MiB.
2026-10-10T03:13:25Z INFO [606/750] 8bda0452-4d6e-40c8-aea7-bb746cc137a3: Sackin index -0.1259; 9.2 s; peak memory 1237 MiB.
2026-10-10T03:15:35Z INFO [607/750] 8bda1398-cb32-4e46-a4e6-8e004dcd7e93: Sackin index -0.0573; 130.0 s; peak memory 1237 MiB.
2026-10-10T03:15:36Z INFO [608/750] 8bda2d35-fac3-4f07-a2fe-5dbda13562e5: Sackin index -0.1349; 1.3 s; peak memory 1237 MiB.
2026-10-10T03:15:38Z INFO [609/750] 8bdb2ef0-ff7d-4f5c-9c30-00cb50874f24: Sackin index -0.0747; 1.9 s; peak memory 1237 MiB.
2026-10-10T03:15:40Z INFO [610/750] 8bdb44a1-0b5c-4e41-bc44-a256fdd088b4: Sackin index -0.0728; 1.6 s; peak memory 1237 MiB.
2026-10-10T03:15:42Z INFO [611/750] 8bdb7cab-94f3-476b-83fd-8646e8106751: Sackin index -0.0369; 2.5 s; peak memory 1237 MiB.
2026-10-10T03:15:43Z INFO [612/750] 8bdc9c6e-c7e5-4802-947b-ffb1c780e930: Sackin index -0.1349; 1.2 s; peak memory 1237 MiB.
2026-10-10T03:15:45Z INFO [613/750] 8bdd3dae-6684-463d-a9fa-44943ffc6ad7: Sackin index -0.1349; 1.3 s; peak memory 1237 MiB.
2026-10-10T03:15:47Z INFO [614/750] 8bdde330-a9b0-4381-967a-1b8f00d2ee0a: Sackin index -0.1383; 1.8 s; peak memory 1237 MiB.
2026-10-10T03:19:03Z INFO [615/750] 8bde938d-3b92-4ad4-829f-5e15edbb26a7: Sackin index -0.0711; 196.1 s; peak memory 1247 MiB.
2026-10-10T03:19:20Z INFO [616/750] 8bdf1dc6-f84d-42a0-9366-754f37e5c81e: Sackin index -0.0425; 17.3 s; peak memory 1247 MiB.
2026-10-10T03:19:22Z INFO [617/750] 8be001ad-d3e6-464c-9014-8edf04d37e7c: Sackin index -0.0696; 1.5 s; peak memory 1247 MiB.
2026-10-10T03:19:23Z INFO [618/750] 8be00887-fbf3-418a-a5cd-406979b47181: Sackin index -0.1349; 1.2 s; peak memory 1247 MiB.
2026-10-10T03:19:29Z INFO [619/750] 8be09e7e-7237-443f-bce9-520a33aa3436: Sackin index -0.0611; 5.8 s; peak memory 1247 MiB.
2026-10-10T03:19:30Z INFO [620/750] 8be0c253-8173-4629-9a31-b6c4e2989e15: Sackin index -0.1349; 1.2 s; peak memory 1247 MiB.
2026-10-10T03:19:40Z INFO [621/750] 8be17aa8-6043-4c08-8390-a62000643c12: Sackin index -0.0017; 9.8 s; peak memory 1247 MiB.
2026-10-10T03:19:42Z INFO [622/750] 8be1b6df-6b93-4f51-ad49-08c5f5c6a1c1: Sackin index -0.1938; 2.6 s; peak memory 1247 MiB.
2026-10-10T03:19:46Z INFO [623/750] 8be2f9b7-08b6-4e67-954b-379b2fb3fcf0: Sackin index -0.0797; 3.3 s; peak memory 1247 MiB.
2026-10-10T03:19:47Z INFO [624/750] 8be36791-2e12-44ce-a9a4-599b9f77672f: Sackin index -0.0483; 1.8 s; peak memory 1247 MiB.
2026-10-10T03:19:49Z INFO [625/750] 8be37574-8d01-43bd-9d36-d5be3052200d: Sackin index -0.1248; 1.4 s; peak memory 1247 MiB.
2026-10-10T03:19:54Z INFO [626/750] 8be3cf1c-57bd-4cbe-b3da-ceb7bf8420b9: Sackin index -0.0411; 5.2 s; peak memory 1247 MiB.
2026-10-10T03:19:56Z INFO [627/750] 8be4144c-65d0-47e8-b930-8e33211769f9: Sackin index -0.0886; 1.6 s; peak memory 1247 MiB.
2026-10-10T03:19:57Z INFO [628/750] 8be5076f-c571-4521-af8c-2b073a8b7af1: Sackin index -0.0702; 1.5 s; peak memory 1247 MiB.
2026-10-10T03:19:58Z INFO [629/750] 8be572f8-9ef5-4162-b628-6cceb87fddbf: Sackin index -0.0709; 1.5 s; peak memory 1247 MiB.
2026-10-10T03:20:00Z INFO [630/750] 8be624d1-0227-4ff3-a5a5-66257ea7669d: Sackin index -0.1349; 1.2 s; peak memory 1247 MiB.
2026-10-10T03:20:11Z INFO [631/750] 8be6a50e-7f76-4a72-9a8e-c78430184c87: Sackin index -0.1495; 11.7 s; peak memory 1247 MiB.
2026-10-10T03:20:13Z INFO [632/750] 8be759ff-813b-4865-bb4c-4313c74ab8d3: Sackin index -0.0380; 1.5 s; peak memory 1247 MiB.
2026-10-10T03:20:15Z INFO [633/750] 8be878e1-a01d-4baa-b6bc-742d3e578d63: Sackin index -0.0794; 2.3 s; peak memory 1247 MiB.
2026-10-10T03:20:32Z INFO [634/750] 8bea536f-bef6-4bac-b68e-8198b29ae42c: Sackin index -0.0137; 16.6 s; peak memory 1247 MiB.
2026-10-10T03:20:34Z INFO [635/750] 8beaa383-224b-4fdd-94b8-6d3dbf45d412: Sackin index -0.0728; 1.8 s; peak memory 1247 MiB.
2026-10-10T03:20:35Z INFO [636/750] 8bebad2e-0bb0-4503-9a7f-bc6c30a753b5: Sackin index -0.0709; 1.7 s; peak memory 1247 MiB.
2026-10-10T03:20:37Z INFO [637/750] 8becdeb4-8a48-4101-b581-71c8dd18c4fd: Sackin index -0.1273; 1.7 s; peak memory 1247 MiB.
2026-10-10T03:20:38Z INFO [638/750] 8beddd74-e597-461c-b21c-173ac828eca1: Sackin index -0.1349; 1.2 s; peak memory 1247 MiB.
2026-10-10T03:20:40Z INFO [639/750] 8bedf1a6-b44c-43ae-98cb-5bb775517dd1: Sackin index -0.0696; 1.4 s; peak memory 1247 MiB.
2026-10-10T03:20:41Z INFO [640/750] 8bee04c1-978f-4f7d-a6be-9c383dd5333f: Sackin index -0.1349; 1.2 s; peak memory 1247 MiB.
2026-10-10T03:20:43Z INFO [641/750] 8beebbd6-55bb-4937-a31b-bf043d8f2068: Sackin index -0.0380; 1.7 s; peak memory 1247 MiB.
2026-10-10T03:20:45Z INFO [642/750] 8beec2fc-3086-430e-b9f2-345217f21f41: Sackin index -0.0693; 2.9 s; peak memory 1247 MiB.
2026-10-10T03:20:47Z INFO [643/750] 8bef48fb-b0de-442f-a14d-e4ca1a320332: Sackin index -0.1466; 1.2 s; peak memory 1247 MiB.
2026-10-10T03:20:49Z INFO [644/750] 8bef4c8f-7413-42c1-aec8-50abe15025b3: Sackin index -0.0376; 1.9 s; peak memory 1247 MiB.
2026-10-10T03:20:50Z INFO [645/750] 8bef6326-7352-4876-bcb7-9612f2d57674: Sackin index -0.0376; 1.7 s; peak memory 1247 MiB.
2026-10-10T03:21:01Z INFO [646/750] 8bf18a83-f015-4ac4-a2de-1a45f01b0f84: Sackin index -0.0185; 10.4 s; peak memory 1247 MiB.
2026-10-10T03:21:02Z INFO [647/750] 8bf1a162-9937-41b1-bce6-578f23fdcd0d: Sackin index -0.1349; 1.2 s; peak memory 1247 MiB.
2026-10-10T03:21:05Z INFO [648/750] 8bf1e8a6-2309-48b3-bdf2-882286a5b71b: Sackin index -0.0694; 3.0 s; peak memory 1247 MiB.
2026-10-10T03:21:20Z INFO [649/750] 8bf206dc-b3a2-455a-b215-c59f49c77424: Sackin index -0.0105; 14.7 s; peak memory 1247 MiB.
2026-10-10T03:21:21Z INFO [650/750] 8bf2f626-4944-48c6-b4c4-2d83b018d902: Sackin index -0.1191; 1.3 s; peak memory 1247 MiB.
2026-10-10T03:21:21Z INFO [650/750] 8bf2f626-4944-48c6-b4c4-2d83b018d902: checkpointed 114486 new records.
2026-10-10T03:21:22Z INFO [651/750] 8bf3ebba-78c3-48fb-bda4-d4404d08c464: Sackin index -0.1349; 1.3 s; peak memory 1247 MiB.
2026-10-10T03:21:24Z INFO [652/750] 8bf4ba0b-bcf4-4edd-a4e5-5b86c26e828e: Sackin index -0.1356; 1.7 s; peak memory 1247 MiB.
2026-10-10T03:21:39Z INFO [653/750] 8bf4cda0-a7de-420a-80ac-db922c0e6878: Sackin index -0.0408; 14.4 s; peak memory 1247 MiB.
2026-10-10T03:21:40Z INFO [654/750] 8bf583f0-a1fc-4952-b75b-0d1608dfbd5d: Sackin index -0.0369; 1.9 s; peak memory 1247 MiB.
2026-10-10T03:21:42Z INFO [655/750] 8bf5e31c-bd33-4480-a598-6229958f41e7: Sackin index -0.0369; 2.0 s; peak memory 1247 MiB.
2026-10-10T03:21:44Z INFO [656/750] 8bf5f249-f26b-4790-bafa-0d580f811a86: Sackin index -0.0702; 1.7 s; peak memory 1247 MiB.
2026-10-10T03:22:06Z INFO [657/750] 8bf640d1-c402-46af-b725-1e4ca20a0d98: Sackin index -0.1367; 22.3 s; peak memory 1247 MiB.
2026-10-10T03:22:08Z INFO [658/750] 8bf6663c-2f13-4233-aaf3-0eaeb4f34275: Sackin index -0.0667; 1.4 s; peak memory 1247 MiB.
2026-10-10T03:22:09Z INFO [659/750] 8bf67fb6-935e-4825-9ec9-30b554093507: Sackin index -0.1349; 1.3 s; peak memory 1247 MiB.
2026-10-10T03:22:11Z INFO [660/750] 8bf6887e-6ad4-41b7-be5d-4a34976d65ed: Sackin index -0.0728; 1.5 s; peak memory 1247 MiB.
2026-10-10T03:22:12Z INFO [661/750] 8bf70244-8ac1-4265-9a8a-860f990e6bbc: Sackin index -0.0376; 1.7 s; peak memory 1247 MiB.
2026-10-10T03:22:14Z INFO [662/750] 8bf71b9e-2d35-4eb7-aa31-73472e1d8d86: Sackin index -0.0434; 1.8 s; peak memory 1247 MiB.
2026-10-10T03:22:15Z INFO [663/750] 8bf7d044-5a82-4b75-b2d1-ae3f591b476e: Sackin index -0.1602; 1.3 s; peak memory 1247 MiB.
2026-10-10T03:22:17Z INFO [664/750] 8bf926b7-c9a0-4b77-84bb-842d01041f51: Sackin index -0.1349; 1.3 s; peak memory 1247 MiB.
2026-10-10T03:22:18Z INFO [665/750] 8bf95a2b-4712-44c0-a078-84bcaccfcc87: Sackin index -0.1349; 1.2 s; peak memory 1247 MiB.
2026-10-10T03:22:19Z INFO [666/750] 8bfa3a07-746b-41e1-be3e-8a09c6d1ad9e: Sackin index -0.1303; 1.0 s; peak memory 1247 MiB.
2026-10-10T03:22:20Z INFO [667/750] 8bfa5e8e-c2d4-4a4b-8c1a-154d66229a78: Sackin index -0.2168; 1.0 s; peak memory 1247 MiB.
2026-10-10T03:22:22Z INFO [668/750] 8bfaccb1-f969-4475-972f-44853b957815: Sackin index -0.0369; 1.7 s; peak memory 1247 MiB.
2026-10-10T03:22:22Z INFO [669/750] 8bfb008c-4298-4cac-b2c9-910ee72753cc: Sackin index -0.1658; 0.9 s; peak memory 1247 MiB.
2026-10-10T03:22:24Z INFO [670/750] 8bfb4026-1b0b-4889-bdaf-6600fe37cf0b: Sackin index -0.0709; 1.6 s; peak memory 1247 MiB.
2026-10-10T03:22:26Z INFO [671/750] 8bfc23b5-0cf1-46cf-833e-195bd0d3d29a: Sackin index -0.0728; 1.5 s; peak memory 1247 MiB.
2026-10-10T03:22:32Z INFO [672/750] 8bfc6e08-8f5e-4de4-908b-300a22f45bdd: Sackin index -0.0256; 5.9 s; peak memory 1247 MiB.
2026-10-10T03:22:33Z INFO [673/750] 8bfe3d85-886a-4045-8fba-e7156b335696: Sackin index -0.0696; 1.4 s; peak memory 1247 MiB.
2026-10-10T03:22:35Z INFO [674/750] 8bff1b08-1215-410b-9ce1-091066ad1400: Sackin index -0.0377; 1.8 s; peak memory 1247 MiB.
2026-10-10T03:22:37Z INFO [675/750] 8bffbc0f-b6f9-45a1-ad3e-bce329795740: Sackin index -0.0728; 1.8 s; peak memory 1247 MiB.
2026-10-10T03:22:38Z INFO [676/750] 8bffd8fc-aed0-45ea-9b83-1845fc8e70d5: Sackin index -0.1349; 1.2 s; peak memory 1247 MiB.
2026-10-10T03:22:39Z INFO [677/750] 8bfff96c-b962-47b3-83dc-4df55e9ab279: Sackin index -0.1349; 1.2 s; peak memory 1247 MiB.
2026-10-10T03:22:40Z INFO [678/750] 8bffff0d-5f2b-49aa-be9e-7d9497718782: Sackin index -0.1349; 1.3 s; peak memory 1247 MiB.
2026-10-10T03:22:42Z INFO [679/750] 8c003687-01b8-463b-bc92-8da68535eec1: Sackin index -0.1938; 1.2 s; peak memory 1247 MiB.
2026-10-10T03:22:57Z INFO [680/750] 8c00441e-0be7-4df0-b391-ed40cec887d8: Sackin index -0.0136; 15.4 s; peak memory 1247 MiB.
2026-10-10T03:23:03Z INFO [681/750] 8c00a157-20ec-4f3a-b64a-f877ec951e20: Sackin index -0.0437; 6.2 s; peak memory 1247 MiB.
2026-10-10T03:23:05Z INFO [682/750] 8c00adc2-9ad3-47f5-a959-1c273ebe4f80: Sackin index -0.0379; 1.7 s; peak memory 1247 MiB.
2026-10-10T03:25:12Z INFO [683/750] 8c00ed97-6d03-40fc-bdb7-3634668a7b8d: Sackin index -0.0573; 127.5 s; peak memory 1247 MiB.
2026-10-10T03:25:14Z INFO [684/750] 8c00fdc2-2e02-4f48-9961-21cd4678b817: Sackin index -0.1349; 1.2 s; peak memory 1247 MiB.
2026-10-10T03:25:15Z INFO [685/750] 8c014d20-6a3f-4f04-b778-88234057be46: Sackin index -0.1349; 1.2 s; peak memory 1247 MiB.
2026-10-10T03:25:17Z INFO [686/750] 8c017781-970d-4a6c-859b-41dff4e4873e: Sackin index -0.0275; 2.0 s; peak memory 1247 MiB.
2026-10-10T03:25:18Z INFO [687/750] 8c01bf7c-c80f-472c-b3a8-9d26616abf95: Sackin index -0.0728; 1.6 s; peak memory 1247 MiB.
2026-10-10T03:25:21Z INFO [688/750] 8c01e408-bf2c-446c-9581-d63c093c52d8: Sackin index -0.0699; 2.8 s; peak memory 1247 MiB.
2026-10-10T03:25:23Z INFO [689/750] 8c0207aa-83a7-4c41-b56f-e5eef0cd7659: Sackin index -0.0822; 1.6 s; peak memory 1247 MiB.
2026-10-10T03:25:24Z INFO [690/750] 8c050873-9e27-49db-b6d3-88b022131917: Sackin index -0.0696; 1.6 s; peak memory 1247 MiB.
2026-10-10T03:25:26Z INFO [691/750] 8c056a20-d959-4358-9da3-0ea67d6c35c8: Sackin index -0.1349; 1.3 s; peak memory 1247 MiB.
2026-10-10T03:25:32Z INFO [692/750] 8c05a459-2969-4268-a9db-d7fe0ce409b5: Sackin index -0.0234; 6.3 s; peak memory 1247 MiB.
2026-10-10T03:25:49Z INFO [693/750] 8c06c03d-144d-42bb-8619-ebc5a65a95f8: Sackin index -0.0137; 17.4 s; peak memory 1247 MiB.
2026-10-10T03:25:51Z INFO [694/750] 8c086215-ecdf-4114-9a36-c5df3fb54a28: Sackin index -0.1380; 1.4 s; peak memory 1247 MiB.
2026-10-10T03:25:52Z INFO [695/750] 8c0942fa-c83b-499a-bbde-512b67e4f7df: Sackin index -0.1349; 1.2 s; peak memory 1247 MiB.
2026-10-10T03:25:54Z INFO [696/750] 8c097dfe-a205-42bd-a0f5-13e3bec69a85: Sackin index -0.0728; 1.8 s; peak memory 1247 MiB.
2026-10-10T03:25:56Z INFO [697/750] 8c09d996-8d84-4d4a-9e87-a857c0cfba46: Sackin index -0.0728; 1.8 s; peak memory 1247 MiB.
2026-10-10T03:25:57Z INFO [698/750] 8c09de76-3214-4c24-8a15-862734184496: Sackin index -0.1273; 1.7 s; peak memory 1247 MiB.
2026-10-10T03:26:00Z INFO [699/750] 8c0c1a40-1ab8-4966-bf27-c2fc1f85c26c: Sackin index -0.0681; 2.8 s; peak memory 1247 MiB.
2026-10-10T03:26:02Z INFO [700/750] 8c0c3331-2150-4306-8299-2c73efbf5d25: Sackin index -0.1349; 1.3 s; peak memory 1247 MiB.
2026-10-10T03:26:02Z INFO [700/750] 8c0c3331-2150-4306-8299-2c73efbf5d25: checkpointed 114536 new records.
2026-10-10T03:26:03Z INFO [701/750] 8c0ca448-8bfe-4a40-927a-0baf9606ea4a: Sackin index -0.0702; 1.6 s; peak memory 1247 MiB.
2026-10-10T03:26:10Z INFO [702/750] 8c0ee02b-d25f-48b6-95cc-20c65d54e4aa: Sackin index -0.0438; 6.7 s; peak memory 1247 MiB.
2026-10-10T03:26:12Z INFO [703/750] 8c0f195c-3f3c-4ff0-9b0c-4ae1ff329a1e: Sackin index -0.0702; 1.5 s; peak memory 1247 MiB.
2026-10-10T03:26:13Z INFO [704/750] 8c0f60c0-ad9b-4362-8b89-836428c5a770: Sackin index -0.0728; 1.7 s; peak memory 1247 MiB.
2026-10-10T03:26:15Z INFO [705/750] 8c100e5d-b14c-4cd4-b11a-e2b80674a1ce: Sackin index -0.0728; 1.8 s; peak memory 1247 MiB.
2026-10-10T03:26:17Z INFO [706/750] 8c108c8a-8f96-44ee-952d-5409af957dd3: Sackin index -0.1408; 1.7 s; peak memory 1247 MiB.
2026-10-10T03:26:19Z INFO [707/750] 8c1125f4-9293-40bf-9529-a06c4ae23ea0: Sackin index -0.0702; 1.9 s; peak memory 1247 MiB.
2026-10-10T03:26:20Z INFO [708/750] 8c11407b-0cf6-415d-a34e-a04cda9e009e: Sackin index -0.1390; 1.6 s; peak memory 1247 MiB.
2026-10-10T03:26:28Z INFO [709/750] 8c117ce1-14c7-4bf4-97d1-85a79f285566: Sackin index -0.0176; 7.8 s; peak memory 1247 MiB.
2026-10-10T03:26:50Z INFO [710/750] 8c12289a-f64e-470c-9db4-c3e3d78223de: Sackin index -0.1367; 21.8 s; peak memory 1247 MiB.
2026-10-10T03:26:52Z INFO [711/750] 8c1249e8-649f-4bc8-9b5c-12d313a950dc: Sackin index -0.0272; 2.2 s; peak memory 1247 MiB.
2026-10-10T03:27:09Z INFO [712/750] 8c125816-51f3-450c-8e5a-0d3c89db7ff6: Sackin index -0.1330; 17.0 s; peak memory 1247 MiB.
2026-10-10T03:27:19Z INFO [713/750] 8c133e33-e63e-400e-89db-5ac8e2aa7cec: Sackin index -0.0299; 10.1 s; peak memory 1247 MiB.
2026-10-10T03:27:21Z INFO [714/750] 8c140ed3-999e-42fc-88ee-f893a9f746cd: Sackin index -0.0369; 1.9 s; peak memory 1247 MiB.
2026-10-10T03:27:22Z INFO [715/750] 8c14b141-2206-43cb-a217-4431404bf692: Sackin index -0.1349; 1.2 s; peak memory 1247 MiB.
2026-10-10T03:27:24Z INFO [716/750] 8c150d3a-4900-477b-bbb2-c0ca53a852cc: Sackin index -0.1234; 1.3 s; peak memory 1247 MiB.
2026-10-10T03:27:25Z INFO [717/750] 8c15af61-df9f-4304-9f0b-d2eb29d3902d: Sackin index -0.1938; 1.1 s; peak memory 1247 MiB.
2026-10-10T03:27:26Z INFO [718/750] 8c15f8b9-4945-4efa-aa30-240a56428723: Sackin index -0.1349; 1.3 s; peak memory 1247 MiB.
2026-10-10T03:27:27Z INFO [719/750] 8c164de5-9554-44cb-99e4-b15b7333322d: Sackin index -0.1658; 1.3 s; peak memory 1247 MiB.
2026-10-10T03:27:29Z INFO [720/750] 8c16c72d-6e3b-4ce9-bb99-bbc350e457ce: Sackin index -0.0709; 1.4 s; peak memory 1247 MiB.
2026-10-10T03:27:30Z INFO [721/750] 8c16e205-a7c3-4319-ae40-749e50f50c81: Sackin index -0.0702; 1.6 s; peak memory 1247 MiB.
2026-10-10T03:27:32Z INFO [722/750] 8c1737a3-c93d-4391-8271-4c55871d41cb: Sackin index -0.1349; 1.2 s; peak memory 1247 MiB.
2026-10-10T03:27:33Z INFO [723/750] 8c174c90-4e98-4751-b862-654a4fce801c: Sackin index -0.1331; 1.2 s; peak memory 1247 MiB.
2026-10-10T03:27:42Z INFO [724/750] 8c177c71-3cf4-4fa3-a8c5-1b9a4ca78836: Sackin index -0.0246; 8.8 s; peak memory 1247 MiB.
2026-10-10T03:27:43Z INFO [725/750] 8c17cf0b-69fe-4cb3-bd6f-799ad9af30ab: Sackin index -0.1658; 1.0 s; peak memory 1247 MiB.
2026-10-10T03:27:44Z INFO [726/750] 8c18214c-5591-411e-ac03-66afa86b2776: Sackin index -0.0384; 1.5 s; peak memory 1247 MiB.
2026-10-10T03:27:47Z INFO [727/750] 8c1962f5-5bad-4fc3-9560-23cefc253a30: Sackin index -0.0722; 2.5 s; peak memory 1247 MiB.
2026-10-10T03:28:39Z INFO [728/750] 8c19aa55-4b23-411c-8e5c-13b7041ece3a: Sackin index -0.1076; 52.0 s; peak memory 1247 MiB.
2026-10-10T03:28:40Z INFO [729/750] 8c19ef2a-86ab-4339-b47c-54d0edce1d08: Sackin index -0.1273; 1.7 s; peak memory 1247 MiB.
2026-10-10T03:28:42Z INFO [730/750] 8c1a389e-8e4e-4b14-b3da-9497aafef612: Sackin index -0.0881; 1.3 s; peak memory 1247 MiB.
2026-10-10T03:28:49Z INFO [731/750] 8c1ae8e4-c61f-444a-885e-b74a241ba6c1: Sackin index -0.0207; 7.7 s; peak memory 1247 MiB.
2026-10-10T03:28:51Z INFO [732/750] 8c1cd882-ce2e-4f29-aa13-cf1485a5af97: Sackin index -0.1013; 2.0 s; peak memory 1247 MiB.
2026-10-10T03:28:53Z INFO [733/750] 8c1d508c-481c-4e93-894b-60c9e1230211: Sackin index -0.0702; 1.5 s; peak memory 1247 MiB.
2026-10-10T03:28:55Z INFO [734/750] 8c1d7abe-d543-4d10-9a8d-2ea59e463994: Sackin index -0.0702; 1.8 s; peak memory 1247 MiB.
2026-10-10T03:28:56Z INFO [735/750] 8c1db026-a6d7-4183-ba76-da247fbffa52: Sackin index -0.0702; 1.6 s; peak memory 1247 MiB.
2026-10-10T03:28:58Z INFO [736/750] 8c1e1078-3d23-4215-b1b3-e0db0aec7683: Sackin index -0.0702; 1.6 s; peak memory 1247 MiB.
2026-10-10T03:29:00Z INFO [737/750] 8c1ebd93-2fb3-464f-831c-c75a2225551b: Sackin index -0.0369; 1.9 s; peak memory 1247 MiB.
2026-10-10T03:29:02Z INFO [738/750] 8c1ee6c5-e6db-4a5d-aee4-e9ef664e63bb: Sackin index -0.0728; 2.3 s; peak memory 1247 MiB.
2026-10-10T03:29:17Z INFO [739/750] 8c1f08b5-f3a4-4866-906e-7c75c85d27e2: Sackin index -0.0135; 15.2 s; peak memory 1247 MiB.
2026-10-10T03:29:20Z INFO [740/750] 8c228de9-3c70-4456-9feb-0eb4bfbfbe1d: Sackin index -0.1072; 2.6 s; peak memory 1247 MiB.
2026-10-10T03:29:21Z INFO [741/750] 8c22ea39-2961-42c5-a14b-e28d8d1cfc6f: Sackin index -0.1051; 1.1 s; peak memory 1247 MiB.
2026-10-10T03:29:22Z INFO [742/750] 8c24d0e7-b6ec-4ce9-9d57-7e23a6f6da96: Sackin index -0.1716; 1.2 s; peak memory 1247 MiB.
2026-10-10T03:29:23Z INFO [743/750] 8c25e327-e222-4058-b4a7-9c30db026491: Sackin index -0.1349; 1.2 s; peak memory 1247 MiB.
2026-10-10T03:29:25Z INFO [744/750] 8c26f813-4b71-441b-b891-e7322db896fb: Sackin index -0.0376; 1.5 s; peak memory 1247 MiB.
2026-10-10T03:29:26Z INFO [745/750] 8c27ac5b-b119-4616-83e0-7519740df7fc: Sackin index -0.1331; 1.2 s; peak memory 1247 MiB.
2026-10-10T03:29:43Z INFO [746/750] 8c27c8ae-85f8-4bf3-bb71-59106daabec5: Sackin index -0.0190; 17.2 s; peak memory 1247 MiB.
2026-10-10T03:29:56Z INFO [747/750] 8c27cf33-fa2f-42c1-bc80-3635a46a2eea: Sackin index -0.0120; 12.6 s; peak memory 1247 MiB.
2026-10-10T03:29:57Z INFO [748/750] 8c27d41c-dc61-4716-a858-db4b8195ad8a: Sackin index -0.1349; 1.3 s; peak memory 1247 MiB.
2026-10-10T03:29:58Z INFO [749/750] 8c285233-adcf-42a9-bf99-a5951e4bb278: Sackin index -0.1349; 1.2 s; peak memory 1247 MiB.
2026-10-10T03:30:00Z INFO [750/750] 8c2899ff-c775-4ae5-aac5-aac52ba8a851: Sackin index -0.0891; 1.4 s; peak memory 1247 MiB.
2026-10-10T03:30:00Z INFO [750/750] 8c2899ff-c775-4ae5-aac5-aac52ba8a851: checkpointed 114586 new records.
2026-10-10T03:30:00Z INFO Wrote 114586 records to /tmp/derivatives/valid_nwb_file_to_sackin_index.jsonl (750 new, 0 failed) in 181.1 min (peak memory 1247 MiB).
