2026-10-01T23:42:18Z INFO Logging to /tmp/logs/update_2026-10-01T23-42-18Z.log.
2026-10-01T23:42:18Z INFO Update valid-nwb-file-to-sackin-index (base directory /tmp).
2026-10-01T23:42:18Z INFO Processing 500 items (63715 already recorded).
2026-10-01T23:42:20Z INFO [1/500] 22c5d90a-0ad0-4924-8821-3abf03032c94: Sackin index -0.0676; 2.0 s; peak memory 106 MiB.
2026-10-01T23:42:21Z INFO [2/500] 22c5e9ee-f57b-4f28-bc3c-e55b214245f6: Sackin index -0.0728; 1.3 s; peak memory 109 MiB.
2026-10-01T23:42:23Z INFO [3/500] 22c8354c-b95f-453d-b5fb-1e4cab1497c7: Sackin index -0.0748; 1.3 s; peak memory 109 MiB.
2026-10-01T23:42:28Z INFO [4/500] 22c83a3c-2cce-4f88-9531-37697cc2185e: Sackin index -0.0201; 5.2 s; peak memory 133 MiB.
2026-10-02T00:12:11Z INFO [5/500] 22c96b2e-7b81-4e98-a408-63a2e3fd3ef6: Sackin index -0.0451; 1782.9 s; peak memory 1112 MiB.
2026-10-02T00:12:12Z INFO [6/500] 22c99f74-b65c-4080-982c-746a8e54018c: Sackin index -0.0702; 1.1 s; peak memory 1112 MiB.
2026-10-02T00:12:13Z INFO [7/500] 22c9f361-bc52-4391-b553-43f5a6579e14: Sackin index -0.0752; 1.1 s; peak memory 1112 MiB.
2026-10-02T00:12:14Z INFO [8/500] 22ca7631-cbb6-408a-96f0-2c9e5c60fe90: Sackin index -0.0709; 1.1 s; peak memory 1112 MiB.
2026-10-02T00:12:15Z INFO [9/500] 22cad197-7239-49a4-98eb-1edf7607feb7: Sackin index -0.0413; 1.0 s; peak memory 1112 MiB.
2026-10-02T00:12:16Z INFO [10/500] 22cb6285-6b57-4077-8ddd-30d9c94a5338: Sackin index -0.1191; 0.7 s; peak memory 1112 MiB.
2026-10-02T00:12:25Z INFO [11/500] 22cbdb27-f086-4c60-9423-c775fd109342: Sackin index -0.1310; 9.2 s; peak memory 1112 MiB.
2026-10-02T00:12:26Z INFO [12/500] 22ccd4f9-5399-4ca5-9194-e5268a471139: Sackin index -0.0728; 1.3 s; peak memory 1112 MiB.
2026-10-02T00:12:28Z INFO [13/500] 22cd4ee9-aa99-4cf7-8cbd-ba6e45f30277: Sackin index -0.1224; 1.9 s; peak memory 1112 MiB.
2026-10-02T00:12:36Z INFO [14/500] 22cd75cf-1148-4776-bf6e-4d2a5ac95dcd: Sackin index -0.0308; 7.7 s; peak memory 1112 MiB.
2026-10-02T00:12:40Z INFO [15/500] 22cda67d-1418-4cde-be2a-e5feda0b5bd6: Sackin index -0.1938; 3.9 s; peak memory 1112 MiB.
2026-10-02T00:12:41Z INFO [16/500] 22ce32c2-e32c-49f8-a2c3-3687ea45d363: Sackin index -0.0702; 0.9 s; peak memory 1112 MiB.
2026-10-02T00:12:42Z INFO [17/500] 22ce5bc5-0dc5-4c08-9738-b4c24cac8a9b: Sackin index -0.1349; 0.9 s; peak memory 1112 MiB.
2026-10-02T00:12:43Z INFO [18/500] 22cef7fe-89db-4f4d-b02b-68bffcdfea79: Sackin index -0.1224; 1.8 s; peak memory 1112 MiB.
2026-10-02T00:12:51Z INFO [19/500] 22cf7d97-3628-4622-9967-f8a9040481df: Sackin index -0.0783; 8.0 s; peak memory 1112 MiB.
2026-10-02T00:13:00Z INFO [20/500] 22d04cb2-432e-4654-a767-362cc33d2e9a: Sackin index -0.0147; 8.2 s; peak memory 1112 MiB.
2026-10-02T00:13:00Z INFO [21/500] 22d072ff-023d-434f-a74e-b7a8e5291fc8: Sackin index -0.1349; 0.8 s; peak memory 1112 MiB.
2026-10-02T00:13:01Z INFO [22/500] 22d19946-1c11-46e2-a503-7a97fcd2c03d: Sackin index -0.1658; 0.7 s; peak memory 1112 MiB.
2026-10-02T00:15:22Z INFO [23/500] 22d2e6a1-4dfa-4f22-af0f-9df8be9d68a8: Sackin index -0.0288; 140.5 s; peak memory 1112 MiB.
2026-10-02T00:16:52Z INFO [24/500] 22d450b0-9c81-455d-9ee9-6581500aa60f: Sackin index -0.0005; 90.6 s; peak memory 1112 MiB.
2026-10-02T00:16:54Z INFO [25/500] 22d518c7-188c-4570-bf0e-04c12db9386d: Sackin index -0.0788; 1.8 s; peak memory 1112 MiB.
2026-10-02T00:16:56Z INFO [26/500] 22d689b1-41ce-4f65-baa6-2d58c1d904f9: Sackin index -0.0804; 1.7 s; peak memory 1112 MiB.
2026-10-02T00:17:00Z INFO [27/500] 22d74cbb-9565-419d-9a98-df849354868c: Sackin index -0.0383; 3.9 s; peak memory 1112 MiB.
2026-10-02T00:17:01Z INFO [28/500] 22da0803-692e-4993-a020-45586bd94d11: Sackin index -0.1349; 1.1 s; peak memory 1112 MiB.
2026-10-02T00:17:02Z INFO [29/500] 22da7129-995f-4ad3-9b73-d39787d6de0e: Sackin index -0.0709; 0.9 s; peak memory 1112 MiB.
2026-10-02T00:17:03Z INFO [30/500] 22db8aed-5e02-42f3-86b9-182b843f7629: Sackin index -0.0676; 1.5 s; peak memory 1112 MiB.
2026-10-02T00:17:16Z INFO [31/500] 22db926b-3a52-44ef-9302-856abf32882a: Sackin index -0.0181; 13.2 s; peak memory 1112 MiB.
2026-10-02T00:17:26Z INFO [32/500] 22db9604-17ef-42be-ad18-f7187f340d5a: Sackin index -0.0157; 9.5 s; peak memory 1112 MiB.
2026-10-02T00:17:27Z INFO [33/500] 22dbbc39-e64e-487b-b819-6a5b0eb96f38: Sackin index -0.1349; 1.1 s; peak memory 1112 MiB.
2026-10-02T00:17:29Z INFO [34/500] 22dbde36-a6d5-446b-b22f-5ef114591c19: Sackin index -0.0665; 2.4 s; peak memory 1112 MiB.
2026-10-02T00:17:30Z INFO [35/500] 22dbf3c4-21f6-437d-92fc-754b42210dd3: Sackin index -0.0727; 0.9 s; peak memory 1112 MiB.
2026-10-02T00:17:31Z INFO [36/500] 22dc03e0-7556-4de1-bc42-dfc4f1e146e3: Sackin index -0.1383; 1.2 s; peak memory 1112 MiB.
2026-10-02T00:17:32Z INFO [37/500] 22dd9c8a-08da-4965-ad12-3da3fa2a1d0d: Sackin index -0.0728; 1.0 s; peak memory 1112 MiB.
2026-10-02T00:17:33Z INFO [38/500] 22e01c46-7ba0-4b47-a31d-ed757a80937f: Sackin index -0.1403; 0.7 s; peak memory 1112 MiB.
2026-10-02T00:19:38Z INFO [39/500] 22e0b57b-c6c0-47ca-a6e7-573728b6dfe2: Sackin index -0.0410; 125.3 s; peak memory 1112 MiB.
2026-10-02T00:19:39Z INFO [40/500] 22e35cdc-71bd-454f-b67e-63d0ceb51b67: Sackin index -0.0891; 1.0 s; peak memory 1112 MiB.
2026-10-02T00:19:45Z INFO [41/500] 22e3d155-f3ae-4049-80bc-22143c5d63de: Sackin index -0.0366; 5.9 s; peak memory 1112 MiB.
2026-10-02T00:19:46Z INFO [42/500] 22e3e500-1767-4616-b683-1fdbe95fdd67: Sackin index -0.1248; 0.8 s; peak memory 1112 MiB.
2026-10-02T00:19:47Z INFO [43/500] 22e3ece8-52b0-4ad4-9f3b-12b323f76296: Sackin index -0.1349; 1.0 s; peak memory 1112 MiB.
2026-10-02T00:19:48Z INFO [44/500] 22e43826-8c08-4e30-8d50-bf48ad53be7d: Sackin index -0.0752; 1.0 s; peak memory 1112 MiB.
2026-10-02T00:19:49Z INFO [45/500] 22e458a8-106a-42de-8a27-aa1797b79e95: Sackin index -0.0728; 1.0 s; peak memory 1112 MiB.
2026-10-02T00:19:50Z INFO [46/500] 22e46b7a-fbb3-40de-a996-cec4ee16d3e6: Sackin index -0.0745; 1.2 s; peak memory 1112 MiB.
2026-10-02T00:19:51Z INFO [47/500] 22e475f2-fb57-44f7-af36-57ecdfdf8a8e: Sackin index -0.1602; 0.8 s; peak memory 1112 MiB.
2026-10-02T00:21:50Z INFO [48/500] 22e4d4d0-c13e-466a-987b-63b19f16b352: Sackin index -0.0434; 119.4 s; peak memory 1112 MiB.
2026-10-02T00:21:52Z INFO [49/500] 22e659c0-172d-4d0b-85a5-f45fa5ce2727: Sackin index -0.0272; 1.5 s; peak memory 1112 MiB.
2026-10-02T00:21:53Z INFO [50/500] 22e7f9c0-7beb-4bac-837c-c3850da5fe9d: Sackin index -0.1291; 1.2 s; peak memory 1112 MiB.
2026-10-02T00:21:53Z INFO [50/500] 22e7f9c0-7beb-4bac-837c-c3850da5fe9d: checkpointed 63765 records.
2026-10-02T00:21:54Z INFO [51/500] 22e80f4d-84b1-47c9-9748-1023c226b233: Sackin index -0.0702; 0.9 s; peak memory 1112 MiB.
2026-10-02T00:21:55Z INFO [52/500] 22e84abf-7d22-4745-a311-c24627514436: Sackin index -0.1068; 0.8 s; peak memory 1112 MiB.
2026-10-02T00:21:57Z INFO [53/500] 22e9ddcf-db6a-475b-a9e0-2e651b3def33: Sackin index -0.1938; 1.5 s; peak memory 1112 MiB.
2026-10-02T00:22:02Z INFO [54/500] 22e9f574-dd53-4eb2-883c-75e4572d0ef3: Sackin index -0.0337; 5.0 s; peak memory 1112 MiB.
2026-10-02T00:22:05Z INFO [55/500] 22eb438e-d5c3-4fa1-a2bf-6a8b60990354: Sackin index -0.0382; 3.6 s; peak memory 1112 MiB.
2026-10-02T00:22:06Z INFO [56/500] 22eb6201-ee10-4c97-b0b0-81fdbaa40011: Sackin index -0.0728; 0.9 s; peak memory 1112 MiB.
2026-10-02T00:22:07Z INFO [57/500] 22ebcf26-73fa-4486-8660-4c4ac91da80d: Sackin index -0.0702; 1.1 s; peak memory 1112 MiB.
2026-10-02T00:22:08Z INFO [58/500] 22ec8c4a-065f-468f-8411-955fbadde1bf: Sackin index -0.1201; 1.1 s; peak memory 1112 MiB.
2026-10-02T00:22:10Z INFO [59/500] 22ed2371-5996-4dff-a76c-bbf606df7f29: Sackin index -0.0375; 1.4 s; peak memory 1112 MiB.
2026-10-02T00:22:11Z INFO [60/500] 22ed8d39-b42d-469d-9d05-74dcdb960f48: Sackin index -0.0696; 1.0 s; peak memory 1112 MiB.
2026-10-02T00:22:12Z INFO [61/500] 22edcd96-defd-456c-9800-dac932975530: Sackin index -0.1349; 0.9 s; peak memory 1112 MiB.
2026-10-02T00:22:13Z INFO [62/500] 22ede0c6-ea27-487f-9cc8-f59dffe9fc35: Sackin index -0.0376; 1.1 s; peak memory 1112 MiB.
2026-10-02T00:22:14Z INFO [63/500] 22edea07-eed9-4e4a-a671-3e1a7f8e3e2e: Sackin index -0.0702; 1.0 s; peak memory 1112 MiB.
2026-10-02T00:22:15Z INFO [64/500] 22ee560e-bc87-462a-b76d-447f5fba205d: Sackin index -0.0369; 1.7 s; peak memory 1112 MiB.
2026-10-02T00:22:16Z INFO [65/500] 22eeb061-992b-4089-94ee-e2539e1ea4e3: Sackin index -0.0709; 0.8 s; peak memory 1112 MiB.
2026-10-02T00:22:17Z INFO [66/500] 22eeeab5-aec8-43db-80f4-10a0e492c825: Sackin index -0.1096; 1.0 s; peak memory 1112 MiB.
2026-10-02T00:22:18Z INFO [67/500] 22ef3c79-ab7b-43a4-8ee1-2097574890d0: Sackin index -0.0728; 1.1 s; peak memory 1112 MiB.
2026-10-02T00:22:19Z INFO [68/500] 22efcf95-9cf1-49d9-8102-45fb164e6a95: Sackin index -0.1349; 0.8 s; peak memory 1112 MiB.
2026-10-02T00:22:20Z INFO [69/500] 22f061f9-10e7-47ef-bdbd-89e8a7ba4bed: Sackin index -0.1331; 0.7 s; peak memory 1112 MiB.
2026-10-02T00:22:21Z INFO [70/500] 22f07a97-2ab7-4cfa-9339-4b752e662085: Sackin index -0.1349; 0.8 s; peak memory 1112 MiB.
2026-10-02T00:22:21Z INFO [71/500] 22f09096-4756-4149-ac3a-e65664c430b1: Sackin index -0.0434; 0.9 s; peak memory 1112 MiB.
2026-10-02T00:22:23Z INFO [72/500] 22f10a92-bc12-4ddc-9014-d6e02c1b736b: Sackin index -0.0643; 1.5 s; peak memory 1112 MiB.
2026-10-02T00:22:25Z INFO [73/500] 22f1890c-cb57-4eed-af87-e9676e632c01: Sackin index -0.1266; 2.4 s; peak memory 1112 MiB.
2026-10-02T00:22:34Z INFO [74/500] 22f18cfe-a9ab-4561-bbcf-7e6b8f2b9fa6: Sackin index -0.0280; 9.1 s; peak memory 1112 MiB.
2026-10-02T00:22:37Z INFO [75/500] 22f24abe-b207-442e-a3e1-34caa6a81287: Sackin index -0.0676; 2.3 s; peak memory 1112 MiB.
2026-10-02T00:23:08Z INFO [76/500] 22f2ef69-93c1-4f72-9043-9aa3cddfe433: Sackin index -0.0055; 30.9 s; peak memory 1112 MiB.
2026-10-02T00:23:09Z INFO [77/500] 22f313c3-9aaa-4148-9396-42fc0f9598dd: Sackin index -0.1349; 0.9 s; peak memory 1112 MiB.
2026-10-02T00:23:18Z INFO [78/500] 22f362cc-e80c-4086-9ab4-9e4b599e599c: Sackin index -0.0197; 9.6 s; peak memory 1112 MiB.
2026-10-02T00:23:19Z INFO [79/500] 22f41d4a-9f27-43f8-9fb5-972ac11e0529: Sackin index -0.1248; 0.7 s; peak memory 1112 MiB.
2026-10-02T00:23:22Z INFO [80/500] 22f498d4-bda2-48e7-a699-b99835df78ac: Sackin index -0.0256; 2.7 s; peak memory 1112 MiB.
2026-10-02T00:23:24Z INFO [81/500] 22f623f9-30c8-4882-ae0e-db89bf58a0a8: Sackin index -0.0539; 2.7 s; peak memory 1112 MiB.
2026-10-02T00:23:31Z INFO [82/500] 22f686f1-dc76-47e7-9287-3214d145ae09: Sackin index -0.0697; 6.3 s; peak memory 1112 MiB.
2026-10-02T00:23:36Z INFO [83/500] 22f742ad-d29f-4d17-b741-00e900e9d689: Sackin index -0.0403; 5.3 s; peak memory 1112 MiB.
2026-10-02T00:23:37Z INFO [84/500] 22f78e47-5d0d-4ae4-bca0-f95e9810ed47: Sackin index -0.1248; 0.9 s; peak memory 1112 MiB.
2026-10-02T00:23:38Z INFO [85/500] 22f95711-7ce9-48b9-99c7-f333a7349c0a: Sackin index -0.0702; 0.8 s; peak memory 1112 MiB.
2026-10-02T00:23:38Z INFO [86/500] 22fa0c39-8cd0-40aa-95c2-c901b331eb95: Sackin index -0.1414; 0.6 s; peak memory 1112 MiB.
2026-10-02T00:23:39Z INFO [87/500] 22fa2867-ca24-41a9-a37d-0c8a6277d13f: Sackin index -0.1349; 0.7 s; peak memory 1112 MiB.
2026-10-02T00:23:40Z INFO [88/500] 22fa6567-ccce-4b89-a650-245b064b0848: Sackin index -0.1380; 0.9 s; peak memory 1112 MiB.
2026-10-02T00:23:41Z INFO [89/500] 22fad5a0-7c6b-4a9d-91e2-ca07f40d052f: Sackin index -0.0728; 1.5 s; peak memory 1112 MiB.
2026-10-02T00:23:42Z INFO [90/500] 22fc4d1d-24cd-4e81-a322-966eb4b5b849: Sackin index -0.0702; 0.7 s; peak memory 1112 MiB.
2026-10-02T00:23:43Z INFO [91/500] 22fc999e-18bc-4867-b45d-35147f8d729b: Sackin index -0.1291; 1.1 s; peak memory 1112 MiB.
2026-10-02T00:23:47Z INFO [92/500] 22fccbbe-d300-4b6d-8015-87e8ad55f625: Sackin index -0.0403; 4.0 s; peak memory 1112 MiB.
2026-10-02T00:23:48Z INFO [93/500] 22fd70bf-0dea-4ae9-8dee-42af10712ad3: Sackin index -0.1239; 0.6 s; peak memory 1112 MiB.
2026-10-02T00:23:49Z INFO [94/500] 22fdd71a-4dbb-45af-a428-22de2c62a780: Sackin index -0.0376; 0.9 s; peak memory 1112 MiB.
2026-10-02T00:23:50Z INFO [95/500] 22fddffa-cdc4-4315-bb44-4f324da0aa3e: Sackin index -0.0728; 1.1 s; peak memory 1112 MiB.
2026-10-02T00:23:50Z INFO [96/500] 22fe4b81-86ce-47de-b3a7-631549cbe679: Sackin index -0.0709; 0.9 s; peak memory 1112 MiB.
2026-10-02T00:56:41Z INFO [97/500] 22fe8408-406a-4f76-a30a-817294f27ea8: Sackin index -0.0100; 1970.5 s; peak memory 1130 MiB.
2026-10-02T00:56:48Z INFO [98/500] 22ff3e0b-65a9-4c91-83ad-3e15df795965: Sackin index -0.0150; 6.8 s; peak memory 1130 MiB.
2026-10-02T00:56:49Z INFO [99/500] 22ff9063-02f7-45f3-98e6-e435dbf3dfd8: Sackin index -0.0702; 0.9 s; peak memory 1130 MiB.
2026-10-02T00:57:14Z INFO [100/500] 22ffb653-9f50-4176-b74b-7bce0146a888: Sackin index -0.1367; 25.7 s; peak memory 1130 MiB.
2026-10-02T00:57:15Z INFO [100/500] 22ffb653-9f50-4176-b74b-7bce0146a888: checkpointed 63815 records.
2026-10-02T00:57:15Z INFO [101/500] 22fff86c-e9c1-4096-85d6-a11e14b0aed1: Sackin index -0.1164; 0.6 s; peak memory 1130 MiB.
2026-10-02T00:57:16Z INFO [102/500] 23002a2c-9b78-4678-be09-b28250de4a89: Sackin index -0.0384; 1.3 s; peak memory 1130 MiB.
2026-10-02T00:57:24Z INFO [103/500] 23004e3a-78d6-44c4-a272-8d4f42e88764: Sackin index -0.0017; 7.2 s; peak memory 1130 MiB.
2026-10-02T00:57:33Z INFO [104/500] 2300d3a4-9d8f-4268-a2dd-a30bbf039cb5: Sackin index -0.0027; 8.9 s; peak memory 1130 MiB.
2026-10-02T00:57:34Z INFO [105/500] 2301b25f-ee3e-44c6-9cd2-2f33420b3674: Sackin index -0.0275; 1.2 s; peak memory 1130 MiB.
2026-10-02T00:57:35Z INFO [106/500] 2301f71d-39f2-4eaa-960f-12cacd48c7af: Sackin index -0.0702; 0.8 s; peak memory 1130 MiB.
2026-10-02T00:57:36Z INFO [107/500] 23029953-6379-4c6a-afc3-52fa1d8e73b4: Sackin index -0.0728; 1.1 s; peak memory 1130 MiB.
2026-10-02T00:57:36Z INFO [108/500] 2303272d-ae7c-4f74-bfd8-65a3d8c6f494: Sackin index -0.0709; 0.8 s; peak memory 1130 MiB.
2026-10-02T00:57:37Z INFO [109/500] 2304d957-4967-40cd-93ec-57dbe8c1a649: Sackin index -0.0702; 0.9 s; peak memory 1130 MiB.
2026-10-02T00:57:38Z INFO [110/500] 2304f736-a322-43e6-a606-1f894765ad37: Sackin index -0.0732; 1.0 s; peak memory 1130 MiB.
2026-10-02T00:57:39Z INFO [111/500] 2305bc61-2b05-4a49-bd94-103595ee6f21: Sackin index -0.0702; 0.8 s; peak memory 1130 MiB.
2026-10-02T00:57:40Z INFO [112/500] 2305c477-8718-4410-8f1a-973e18b9c2eb: Sackin index -0.2147; 0.6 s; peak memory 1130 MiB.
2026-10-02T00:57:41Z INFO [113/500] 2305dd46-d765-41a7-b5a8-403b9bb3a79b: Sackin index -0.0891; 1.0 s; peak memory 1130 MiB.
2026-10-02T00:57:42Z INFO [114/500] 230648ca-3fc2-417e-bfb5-93bd66ed547d: Sackin index -0.0696; 0.9 s; peak memory 1130 MiB.
2026-10-02T00:57:42Z INFO [115/500] 23069a93-9a82-4534-a3d3-63e38ba43bd9: Sackin index -0.1349; 0.8 s; peak memory 1130 MiB.
2026-10-02T00:57:43Z INFO [116/500] 2306aae5-844f-4688-a0d9-c102f8a2bbbe: Sackin index -0.1361; 0.6 s; peak memory 1130 MiB.
2026-10-02T00:57:45Z INFO [117/500] 230753ea-2d9c-45e7-8fbd-5a0cd5544489: Sackin index -0.0660; 2.4 s; peak memory 1130 MiB.
2026-10-02T00:57:47Z INFO [118/500] 2307574d-fba9-4eb1-9cd6-6aa224c71edc: Sackin index -0.0881; 1.2 s; peak memory 1130 MiB.
2026-10-02T00:57:47Z INFO [119/500] 2307d37e-bce0-4181-b412-94446ffd0688: Sackin index -0.0375; 0.9 s; peak memory 1130 MiB.
2026-10-02T00:57:48Z INFO [120/500] 23080da2-9ae1-403e-81e0-c141a3e04eed: Sackin index -0.0702; 0.9 s; peak memory 1130 MiB.
2026-10-02T00:57:49Z INFO [121/500] 230871d9-8adc-49e0-999c-bb441e04f56b: Sackin index -0.1349; 0.8 s; peak memory 1130 MiB.
2026-10-02T00:57:54Z INFO [122/500] 2308cd05-2a9e-4735-9d76-69944edaee00: Sackin index -0.0435; 4.5 s; peak memory 1130 MiB.
2026-10-02T00:57:54Z INFO [123/500] 23099e53-4a15-4e85-81ee-f8788159a566: Sackin index -0.1349; 0.9 s; peak memory 1130 MiB.
2026-10-02T00:57:55Z INFO [124/500] 230a25d3-a866-4de2-9aea-a66cd8352f20: Sackin index -0.0376; 1.0 s; peak memory 1130 MiB.
2026-10-02T00:57:57Z INFO [125/500] 230abade-d259-4894-8497-03c6a7387a16: Sackin index -0.0376; 1.1 s; peak memory 1130 MiB.
2026-10-02T00:57:58Z INFO [126/500] 230b3e12-3f35-41f0-a516-7910ada9da3e: Sackin index -0.0728; 1.1 s; peak memory 1130 MiB.
2026-10-02T00:57:59Z INFO [127/500] 230c6434-f61b-423c-af43-2e1eddbafaee: Sackin index -0.0696; 0.9 s; peak memory 1130 MiB.
2026-10-02T00:57:59Z INFO [128/500] 230c916f-7fb7-49a1-a760-ab5c0148d4b0: Sackin index -0.1178; 0.6 s; peak memory 1130 MiB.
2026-10-02T00:58:00Z INFO [129/500] 230ce45f-67b0-4358-af6e-98d462b6ae97: Sackin index -0.0728; 1.3 s; peak memory 1130 MiB.
2026-10-02T00:58:01Z INFO [130/500] 230d79db-54dc-49ce-b20e-c88ae070c933: Sackin index -0.1349; 0.8 s; peak memory 1130 MiB.
2026-10-02T00:58:02Z INFO [131/500] 230e4e9d-7929-47b6-b68f-d928b616845f: Sackin index -0.1349; 0.7 s; peak memory 1130 MiB.
2026-10-02T00:58:03Z INFO [132/500] 230f11d1-7336-41c6-8a6f-1cd545d534b7: Sackin index -0.1938; 0.6 s; peak memory 1130 MiB.
2026-10-02T00:58:06Z INFO [133/500] 230f8a41-6afb-4acf-9693-ab6800b45b0e: Sackin index -0.0128; 3.8 s; peak memory 1130 MiB.
2026-10-02T01:29:51Z INFO [134/500] 2310125d-3596-445d-af64-583c7c236000: Sackin index -0.0710; 1904.5 s; peak memory 1193 MiB.
2026-10-02T01:29:52Z INFO [135/500] 23109dd8-c9aa-40f4-af88-d84defabf197: Sackin index -0.1000; 1.2 s; peak memory 1193 MiB.
2026-10-02T01:29:53Z INFO [136/500] 2310f563-b48e-4182-92b5-a495c6ee767f: Sackin index -0.1658; 0.7 s; peak memory 1193 MiB.
2026-10-02T01:29:54Z INFO [137/500] 23110a90-0d5b-47f4-b2dd-9a18f8c3ce5b: Sackin index -0.1349; 0.9 s; peak memory 1193 MiB.
2026-10-02T01:29:55Z INFO [138/500] 2311370b-eb6d-41da-ac55-9634c6fb8894: Sackin index -0.0375; 1.0 s; peak memory 1193 MiB.
2026-10-02T01:29:56Z INFO [139/500] 23119f71-1c61-4701-9922-3a0821412236: Sackin index -0.1009; 1.0 s; peak memory 1193 MiB.
2026-10-02T01:29:56Z INFO [140/500] 23128312-cc38-4b30-97ff-317751b781bb: Sackin index -0.1248; 0.8 s; peak memory 1193 MiB.
2026-10-02T01:29:57Z INFO [141/500] 23134728-0df0-4338-91f1-9c5c63e493da: Sackin index -0.0434; 1.0 s; peak memory 1193 MiB.
2026-10-02T01:29:58Z INFO [142/500] 23136e5c-5861-410c-a4cf-8f30071f84ba: Sackin index -0.1349; 0.8 s; peak memory 1193 MiB.
2026-10-02T01:29:59Z INFO [143/500] 2313ac7c-800c-473f-ba10-e466faa1861c: Sackin index -0.0656; 0.8 s; peak memory 1193 MiB.
2026-10-02T01:30:02Z INFO [144/500] 2313fa0f-75e5-415a-87d1-9f4a5492b159: Sackin index -0.0561; 2.5 s; peak memory 1193 MiB.
2026-10-02T01:30:02Z INFO [145/500] 231402bc-9f2e-4c9c-a8b3-607de0786c6f: Sackin index -0.1349; 0.8 s; peak memory 1193 MiB.
2026-10-02T01:30:14Z INFO [146/500] 23140e7c-8d24-4e26-963c-d9fece72b9f6: Sackin index -0.1462; 12.1 s; peak memory 1193 MiB.
2026-10-02T01:32:36Z INFO [147/500] 23147a80-58b6-4960-bab8-cf4daaa2f5c9: Sackin index -0.0450; 141.0 s; peak memory 1193 MiB.
2026-10-02T01:32:37Z INFO [148/500] 2314b183-dfa8-4b0b-85fe-9fcf1b3c6e43: Sackin index -0.0728; 1.4 s; peak memory 1193 MiB.
2026-10-02T01:32:38Z INFO [149/500] 23156109-95d5-4f24-b716-0e67d450ff38: Sackin index -0.0376; 1.3 s; peak memory 1193 MiB.
2026-10-02T01:32:43Z INFO [150/500] 2315b671-08b0-448b-a5aa-36578ef42c9b: Sackin index -0.0403; 4.4 s; peak memory 1193 MiB.
2026-10-02T01:32:43Z INFO [150/500] 2315b671-08b0-448b-a5aa-36578ef42c9b: checkpointed 63865 records.
2026-10-02T01:32:44Z INFO [151/500] 231605dc-cc63-45e6-9647-71968bde5e8f: Sackin index -0.1349; 1.0 s; peak memory 1193 MiB.
2026-10-02T01:32:44Z INFO [152/500] 2316ccf4-8d1c-487b-8a74-29d6115d1fe1: Sackin index -0.1161; 0.6 s; peak memory 1193 MiB.
2026-10-02T01:32:46Z INFO [153/500] 2317110e-a731-4738-91fa-25598022f8c2: Sackin index -0.1243; 1.7 s; peak memory 1193 MiB.
2026-10-02T01:32:47Z INFO [154/500] 23178ac0-2442-4933-8db9-f1620969a2c3: Sackin index -0.0696; 0.9 s; peak memory 1193 MiB.
2026-10-02T01:33:01Z INFO [155/500] 23179412-e99d-4591-a7a0-3db6a8ca1a2a: Sackin index -0.1462; 13.6 s; peak memory 1193 MiB.
2026-10-02T01:33:02Z INFO [156/500] 23194ec5-cca2-4251-81f3-db053e67d8b9: Sackin index -0.0944; 1.1 s; peak memory 1193 MiB.
2026-10-02T01:33:04Z INFO [157/500] 23199143-1be8-4d5e-9741-43594495bf02: Sackin index -0.0699; 1.9 s; peak memory 1193 MiB.
2026-10-02T01:33:05Z INFO [158/500] 231a48b9-2c77-4cb1-8982-07373a99bfad: Sackin index -0.0702; 0.9 s; peak memory 1193 MiB.
2026-10-02T01:33:06Z INFO [159/500] 231a74e4-80ed-48f5-a2bb-adf440ea6839: Sackin index -0.0375; 1.3 s; peak memory 1193 MiB.
2026-10-02T01:35:13Z INFO [160/500] 231af817-e732-40ec-842b-d872848c56b5: Sackin index -0.0288; 127.6 s; peak memory 1193 MiB.
2026-10-02T01:35:14Z INFO [161/500] 231b7d2e-02f2-4b6e-bfce-294214c6a0b1: Sackin index -0.1248; 0.8 s; peak memory 1193 MiB.
2026-10-02T01:35:15Z INFO [162/500] 231e8148-e434-42c7-9365-1f1ac0f26a92: Sackin index -0.1272; 0.6 s; peak memory 1193 MiB.
2026-10-02T01:35:16Z INFO [163/500] 231ed342-39af-456f-98b8-27dc86a3712f: Sackin index -0.0728; 1.1 s; peak memory 1193 MiB.
2026-10-02T01:35:17Z INFO [164/500] 2320642e-5d2a-40ec-a0d0-b89999c7c8c1: Sackin index -0.0379; 1.5 s; peak memory 1193 MiB.
2026-10-02T01:36:13Z INFO [165/500] 23207573-3039-40bb-a398-0b8fce1acb61: Sackin index -0.0008; 55.9 s; peak memory 1193 MiB.
2026-10-02T01:39:07Z INFO [166/500] 23215879-db3c-4ea9-8991-14e68a572562: Sackin index -0.0587; 173.4 s; peak memory 1193 MiB.
2026-10-02T01:39:07Z INFO [167/500] 23216090-9ae7-4f0c-bdee-5ac52e79bc0b: Sackin index -0.1658; 0.8 s; peak memory 1193 MiB.
2026-10-02T01:39:08Z INFO [168/500] 232185cc-313a-4edf-b3f6-11b2e804740b: Sackin index -0.1349; 0.9 s; peak memory 1193 MiB.
2026-10-02T01:39:18Z INFO [169/500] 23219884-1bc8-48dd-ab5f-03d210607f0a: Sackin index -0.0156; 9.6 s; peak memory 1193 MiB.
2026-10-02T01:39:19Z INFO [170/500] 23221cc2-717e-40f1-925a-e03aea91bb98: Sackin index -0.2411; 0.7 s; peak memory 1193 MiB.
2026-10-02T01:39:21Z INFO [171/500] 23240d2f-4300-494a-a648-ec7486630530: Sackin index -0.0676; 2.1 s; peak memory 1193 MiB.
2026-10-02T01:39:30Z INFO [172/500] 2324503c-e3cc-4f21-8bde-c4fef5c142a8: Sackin index -0.0111; 9.4 s; peak memory 1193 MiB.
2026-10-02T01:39:31Z INFO [173/500] 2324774a-48f0-449f-bb7f-d8ab440e3351: Sackin index -0.1349; 0.9 s; peak memory 1193 MiB.
2026-10-02T01:39:32Z INFO [174/500] 23249618-5881-4c8c-9eef-aa5fd7ecb53c: Sackin index -0.1658; 0.8 s; peak memory 1193 MiB.
2026-10-02T01:39:33Z INFO [175/500] 2324d5f3-e42b-4794-8b15-21f17cc92ef0: Sackin index -0.1658; 0.6 s; peak memory 1193 MiB.
2026-10-02T01:39:40Z INFO [176/500] 23250105-cc94-449f-aa28-e71f7137919c: Sackin index -0.0144; 7.4 s; peak memory 1193 MiB.
2026-10-02T01:39:42Z INFO [177/500] 2325c06a-28ed-400e-bdda-085a23828dd5: Sackin index -0.0369; 1.6 s; peak memory 1193 MiB.
2026-10-02T01:39:42Z INFO [178/500] 23272c8c-5a59-470c-9e13-f08dc1d546d1: Sackin index -0.1349; 0.9 s; peak memory 1193 MiB.
2026-10-02T01:39:43Z INFO [179/500] 23289e8c-5589-4234-9f44-6e447006f1bd: Sackin index -0.1062; 0.9 s; peak memory 1193 MiB.
2026-10-02T01:39:45Z INFO [180/500] 2329a60f-f4e3-4554-bb56-d20e5613afbd: Sackin index -0.1674; 1.8 s; peak memory 1193 MiB.
2026-10-02T01:39:46Z INFO [181/500] 232ac883-c0d7-4873-a735-3e29d88165d3: Sackin index -0.1051; 0.8 s; peak memory 1193 MiB.
2026-10-02T01:39:47Z INFO [182/500] 232c83a0-a1ba-4e04-9982-a408e46028ce: Sackin index -0.1349; 0.8 s; peak memory 1193 MiB.
2026-10-02T01:39:50Z INFO [183/500] 232c982c-fa06-49ac-815d-2d16f838503c: Sackin index -0.0285; 3.0 s; peak memory 1193 MiB.
2026-10-02T01:39:52Z INFO [184/500] 232d0f9f-727e-4bc3-a55a-c6ddfcd102b1: Sackin index -0.0694; 2.1 s; peak memory 1193 MiB.
2026-10-02T01:39:53Z INFO [185/500] 232df63d-9872-4037-a85f-7ce0d9962c5d: Sackin index -0.1349; 0.9 s; peak memory 1193 MiB.
2026-10-02T01:39:54Z INFO [186/500] 232fcbf9-86e8-4ed6-ab52-8a9f51475e2c: Sackin index -0.1273; 1.1 s; peak memory 1193 MiB.
2026-10-02T01:39:56Z INFO [187/500] 23304704-69ab-4df6-a71f-928a1ea2b0ef: Sackin index -0.0704; 2.2 s; peak memory 1193 MiB.
2026-10-02T01:39:57Z INFO [188/500] 23305db4-ad6b-42a7-a019-8d2389c456bd: Sackin index -0.1178; 0.7 s; peak memory 1193 MiB.
2026-10-02T01:39:58Z INFO [189/500] 23306e53-9271-4dee-8f9c-811eea31d28c: Sackin index -0.0702; 0.8 s; peak memory 1193 MiB.
2026-10-02T01:39:59Z INFO [190/500] 2330a601-d009-42b9-bba0-b6a702480596: Sackin index -0.1026; 1.0 s; peak memory 1193 MiB.
2026-10-02T01:40:00Z INFO [191/500] 233193de-14be-4d96-bbc4-00a8a01edbe7: Sackin index -0.1291; 0.9 s; peak memory 1193 MiB.
2026-10-02T01:40:03Z INFO [192/500] 2332e381-f8d3-47fb-abed-3331d6d94b50: Sackin index -0.0251; 3.1 s; peak memory 1193 MiB.
2026-10-02T01:40:06Z INFO [193/500] 2332e549-536e-474d-884c-f5ad590335e4: Sackin index -0.0403; 3.4 s; peak memory 1193 MiB.
2026-10-02T01:40:07Z INFO [194/500] 2332f223-fb38-4b01-b880-6781a139a072: Sackin index -0.2000; 0.6 s; peak memory 1193 MiB.
2026-10-02T01:40:08Z INFO [195/500] 2333354d-b5e7-42a7-a9b5-637e9e668d77: Sackin index -0.0745; 1.2 s; peak memory 1193 MiB.
2026-10-02T01:40:09Z INFO [196/500] 23340068-09c6-4b89-a794-87b1466d2bb0: Sackin index -0.1291; 1.0 s; peak memory 1193 MiB.
2026-10-02T01:43:56Z INFO [197/500] 2334983b-fbe8-4c40-934d-a47c8a31097e: Sackin index -0.0624; 227.0 s; peak memory 1193 MiB.
2026-10-02T01:45:51Z INFO [198/500] 233517e5-2199-4414-a775-302aa68cca16: Sackin index -0.0288; 114.7 s; peak memory 1193 MiB.
2026-10-02T01:45:51Z INFO [199/500] 23357f78-dab1-4642-bc1b-a5e4bf902d1f: Sackin index -0.0376; 0.9 s; peak memory 1193 MiB.
2026-10-02T01:45:52Z INFO [200/500] 23359d91-85ba-4bb3-9b65-9109223dca86: Sackin index -0.1349; 1.0 s; peak memory 1193 MiB.
2026-10-02T01:45:53Z INFO [200/500] 23359d91-85ba-4bb3-9b65-9109223dca86: checkpointed 63915 records.
2026-10-02T01:45:53Z INFO [201/500] 2335d6dc-7e5f-4071-8c74-854bc8eba258: Sackin index -0.1239; 0.7 s; peak memory 1193 MiB.
2026-10-02T01:45:54Z INFO [202/500] 233642a5-b522-4332-a76e-b842a25c9f1d: Sackin index -0.0752; 0.9 s; peak memory 1193 MiB.
2026-10-02T01:45:55Z INFO [203/500] 233653ac-58a8-4f11-9aa1-7d08bbb104df: Sackin index -0.0702; 0.9 s; peak memory 1193 MiB.
2026-10-02T01:46:14Z INFO [204/500] 23367ca6-5165-4f8f-91c0-c66f36c71691: Sackin index -0.1367; 18.7 s; peak memory 1193 MiB.
2026-10-02T01:46:21Z INFO [205/500] 23368180-d18a-478f-8915-df729fe989b8: Sackin index -0.0307; 7.1 s; peak memory 1193 MiB.
2026-10-02T01:46:23Z INFO [206/500] 23381042-32e3-43c0-a7a9-5f2bd13035d5: Sackin index -0.0797; 2.1 s; peak memory 1193 MiB.
2026-10-02T01:46:24Z INFO [207/500] 233842d0-d9ed-482c-857e-bbd0e9d383f4: Sackin index -0.0816; 0.7 s; peak memory 1193 MiB.
2026-10-02T01:46:25Z INFO [208/500] 23393911-4370-4084-9f9a-d565f8d7a33f: Sackin index -0.1248; 0.8 s; peak memory 1193 MiB.
2026-10-02T01:46:26Z INFO [209/500] 233959a0-bdf2-42ee-a79d-b4679a731cd8: Sackin index -0.0728; 1.0 s; peak memory 1193 MiB.
2026-10-02T01:46:26Z INFO [210/500] 23399f1b-a9ee-4b86-a43a-2f966ca45775: Sackin index -0.1303; 0.5 s; peak memory 1193 MiB.
2026-10-02T01:46:27Z INFO [211/500] 233a28fe-4e9a-4d3b-9ab0-51d6500199b6: Sackin index -0.1239; 0.6 s; peak memory 1193 MiB.
2026-10-02T01:46:28Z INFO [212/500] 233c4d05-b5e7-41f9-873e-209aba96966c: Sackin index -0.0699; 1.7 s; peak memory 1193 MiB.
2026-10-02T01:46:30Z INFO [213/500] 233cc1f0-02b5-4e55-88f0-2a6ce5a897e4: Sackin index -0.0818; 1.8 s; peak memory 1193 MiB.
2026-10-02T01:46:31Z INFO [214/500] 233cd170-3b75-4b26-a700-903683c74a3a: Sackin index -0.1194; 1.1 s; peak memory 1193 MiB.
2026-10-02T01:46:32Z INFO [215/500] 233cf459-a509-4acd-8f53-89cecab1d0ca: Sackin index -0.1575; 0.9 s; peak memory 1193 MiB.
2026-10-02T01:46:33Z INFO [216/500] 233d056e-bf6a-42e3-adec-30af31042af2: Sackin index -0.0728; 0.9 s; peak memory 1193 MiB.
2026-10-02T01:46:34Z INFO [217/500] 233e3bac-dcbf-4c5d-8c1e-d4b698de286f: Sackin index -0.1349; 0.9 s; peak memory 1193 MiB.
2026-10-02T01:46:35Z INFO [218/500] 233e4396-0d3c-451c-894c-67d0fc2e01d8: Sackin index -0.0702; 0.8 s; peak memory 1193 MiB.
2026-10-02T01:46:36Z INFO [219/500] 233e83d7-6e2a-49cc-9a4f-dc9231a04ba6: Sackin index -0.0373; 1.2 s; peak memory 1193 MiB.
2026-10-02T01:46:37Z INFO [220/500] 233fdfef-2c62-46f4-8ffe-45f4dcb56b63: Sackin index -0.1349; 0.8 s; peak memory 1193 MiB.
2026-10-02T01:46:37Z INFO [221/500] 234008dc-951b-44f4-8cd6-673d52afc689: Sackin index -0.1349; 0.7 s; peak memory 1193 MiB.
2026-10-02T01:46:38Z INFO [222/500] 23401e39-a51d-4d04-9c28-4cc599236d41: Sackin index -0.1575; 0.7 s; peak memory 1193 MiB.
2026-10-02T01:46:40Z INFO [223/500] 23407771-633c-42d0-8c71-996b67ca5190: Sackin index -0.0272; 1.7 s; peak memory 1193 MiB.
2026-10-02T01:46:45Z INFO [224/500] 23407e99-4b35-48b1-b6c0-91490a6ffdfa: Sackin index -0.0017; 5.6 s; peak memory 1193 MiB.
2026-10-02T01:46:46Z INFO [225/500] 23409a1b-6565-4ce7-9850-933e8a628b23: Sackin index -0.1349; 0.8 s; peak memory 1193 MiB.
2026-10-02T01:46:50Z INFO [226/500] 2340a694-588f-4ec2-83a4-f79ff0d0799b: Sackin index -0.0248; 3.2 s; peak memory 1193 MiB.
2026-10-02T01:46:50Z INFO [227/500] 2340bae2-2d60-4706-929e-242167694af0: Sackin index -0.1448; 0.6 s; peak memory 1193 MiB.
2026-10-02T01:46:51Z INFO [228/500] 23414e39-b7b0-4ab3-bcd0-e02afac44d61: Sackin index -0.0376; 1.0 s; peak memory 1193 MiB.
2026-10-02T01:46:52Z INFO [229/500] 2341ac7c-effb-4c87-a42c-0c56a0fe2118: Sackin index -0.0696; 1.0 s; peak memory 1193 MiB.
2026-10-02T01:46:58Z INFO [230/500] 234288c3-a4d8-4369-9e58-8a6d8d26a303: Sackin index -0.1371; 6.1 s; peak memory 1193 MiB.
2026-10-02T01:46:59Z INFO [231/500] 2342aa70-28a1-421a-9a22-051195df0dcf: Sackin index -0.1194; 1.1 s; peak memory 1193 MiB.
2026-10-02T01:47:01Z INFO [232/500] 23439a94-1b37-4cd1-83c1-aa6996652f9f: Sackin index -0.0728; 1.2 s; peak memory 1193 MiB.
2026-10-02T01:47:01Z INFO [233/500] 2343f89b-ae24-47ef-bb83-a96212f90bbb: Sackin index -0.1349; 0.7 s; peak memory 1193 MiB.
2026-10-02T01:47:02Z INFO [234/500] 234403a1-5a1c-4ae2-8339-f51d75401d51: Sackin index -0.0702; 0.8 s; peak memory 1193 MiB.
2026-10-02T01:47:04Z INFO [235/500] 2344224d-50bd-4b95-95f4-ba642fce9932: Sackin index -0.0714; 1.6 s; peak memory 1193 MiB.
2026-10-02T01:47:05Z INFO [236/500] 23442c39-ad5a-4623-bde2-7fb35eaead98: Sackin index -0.0702; 0.9 s; peak memory 1193 MiB.
2026-10-02T01:47:06Z INFO [237/500] 2344bc3f-2554-4023-b429-dc8d182e19cf: Sackin index -0.0369; 1.5 s; peak memory 1193 MiB.
2026-10-02T01:47:40Z INFO [238/500] 234571f4-e926-47ef-b3bc-8b712ad47c32: Sackin index -0.1144; 33.9 s; peak memory 1193 MiB.
2026-10-02T01:47:41Z INFO [239/500] 2345989b-3a61-4778-a0ee-6cdca78414a5: Sackin index -0.1349; 1.0 s; peak memory 1193 MiB.
2026-10-02T01:47:42Z INFO [240/500] 23459f25-670e-4206-838f-56e686054032: Sackin index -0.0702; 0.8 s; peak memory 1193 MiB.
2026-10-02T01:47:47Z INFO [241/500] 23465920-a4d4-48a3-944b-96e107da6a45: Sackin index -0.0438; 4.7 s; peak memory 1193 MiB.
2026-10-02T01:47:47Z INFO [242/500] 2346ed5e-256d-4b19-8a16-6785f4cba2ea: Sackin index -0.1349; 0.8 s; peak memory 1193 MiB.
2026-10-02T01:47:53Z INFO [243/500] 23481694-4c1f-4dc2-b718-485e9cda3f57: Sackin index -0.1938; 5.1 s; peak memory 1193 MiB.
2026-10-02T01:47:54Z INFO [244/500] 2348281c-408b-4fce-acfd-bd31619b1a0e: Sackin index -0.0699; 1.9 s; peak memory 1193 MiB.
2026-10-02T01:47:56Z INFO [245/500] 234a4a11-6340-4ee5-909c-e32c2230392b: Sackin index -0.0728; 1.1 s; peak memory 1193 MiB.
2026-10-02T01:47:59Z INFO [246/500] 234aa968-1ee4-452e-a519-3e0b8ab146a7: Sackin index -0.0251; 3.4 s; peak memory 1193 MiB.
2026-10-02T01:48:03Z INFO [247/500] 234bb4f8-b440-4352-9b16-d71004a812d9: Sackin index -0.0435; 3.8 s; peak memory 1193 MiB.
2026-10-02T01:48:04Z INFO [248/500] 234d40f9-a472-47fb-9170-13c27ac4e488: Sackin index -0.1273; 1.1 s; peak memory 1193 MiB.
2026-10-02T01:48:06Z INFO [249/500] 234e0be2-09e8-45de-876e-623064053e8c: Sackin index -0.0622; 2.3 s; peak memory 1193 MiB.
2026-10-02T01:48:07Z INFO [250/500] 234e96bb-9d36-4d81-8bb6-c44df8af3be7: Sackin index -0.0728; 1.0 s; peak memory 1193 MiB.
2026-10-02T01:48:07Z INFO [250/500] 234e96bb-9d36-4d81-8bb6-c44df8af3be7: checkpointed 63965 records.
2026-10-02T01:48:08Z INFO [251/500] 234e9b16-1496-4eda-a67d-7952e56f7786: Sackin index -0.1254; 0.7 s; peak memory 1193 MiB.
2026-10-02T01:48:18Z INFO [252/500] 234eca77-db15-4d4c-a3d2-fa66f54a0a5f: Sackin index -0.0104; 10.4 s; peak memory 1193 MiB.
2026-10-02T01:48:20Z INFO [253/500] 234f6c09-3bdb-41a7-9bbb-610369661c56: Sackin index -0.0745; 1.3 s; peak memory 1193 MiB.
2026-10-02T01:48:20Z INFO [254/500] 234fa0c6-2446-4a6f-8aa0-954c3f1e3f77: Sackin index -0.1349; 0.8 s; peak memory 1193 MiB.
2026-10-02T01:48:21Z INFO [255/500] 234fc700-8453-4235-ac00-1ad04640322e: Sackin index -0.1349; 0.7 s; peak memory 1193 MiB.
2026-10-02T01:48:22Z INFO [256/500] 2350f0ca-1417-4a18-9eb5-d722ede3a772: Sackin index -0.1349; 0.9 s; peak memory 1193 MiB.
2026-10-02T01:48:28Z INFO [257/500] 2351cad6-b959-4101-9fc4-e013445bd0d9: Sackin index -0.0413; 5.8 s; peak memory 1193 MiB.
2026-10-02T01:51:03Z INFO [258/500] 2351e5f9-0e79-412f-b718-5ab78041d0c1: Sackin index -0.0667; 155.4 s; peak memory 1412 MiB.
2026-10-02T01:51:07Z INFO [259/500] 2352ad08-5d43-455b-8dc4-002c0b087762: Sackin index -0.0257; 3.5 s; peak memory 1412 MiB.
2026-10-02T01:51:08Z INFO [260/500] 23540c51-4255-4a39-ae5e-cbecda59680d: Sackin index -0.0702; 1.0 s; peak memory 1412 MiB.
2026-10-02T01:51:36Z INFO [261/500] 235430d3-bde8-468c-8251-a53321d7323f: Sackin index -0.0169; 28.1 s; peak memory 1412 MiB.
2026-10-02T01:51:37Z INFO [262/500] 2354bf72-c7a1-4259-9b78-4a1d270d2603: Sackin index -0.0745; 1.2 s; peak memory 1412 MiB.
2026-10-02T01:51:38Z INFO [263/500] 2354edfa-5dad-49f9-a18b-b07a7c4c904a: Sackin index -0.0547; 1.2 s; peak memory 1412 MiB.
2026-10-02T01:51:40Z INFO [264/500] 2355099c-a625-403d-a2af-dff25d24b20a: Sackin index -0.0818; 1.4 s; peak memory 1412 MiB.
2026-10-02T01:51:41Z INFO [265/500] 2355ab91-4ae1-449f-8447-57ae6e7f6a03: Sackin index -0.1349; 0.9 s; peak memory 1412 MiB.
2026-10-02T01:53:43Z INFO [266/500] 2355ef4a-f3ff-4aba-91e9-92e2bca77f79: Sackin index -0.0286; 122.8 s; peak memory 1412 MiB.
2026-10-02T01:53:49Z INFO [267/500] 235602a3-2656-439a-8e49-ada19aff1eae: Sackin index -0.0221; 5.7 s; peak memory 1412 MiB.
2026-10-02T01:53:50Z INFO [268/500] 2356a6b2-08dd-41e2-9502-e6c0c48c9daf: Sackin index -0.1174; 0.8 s; peak memory 1412 MiB.
2026-10-02T01:53:51Z INFO [269/500] 2357e205-4d0d-4bc7-892d-c493208bc788: Sackin index -0.1201; 0.9 s; peak memory 1412 MiB.
2026-10-02T01:53:52Z INFO [270/500] 23582d3e-0797-473e-af6a-18018c8800e8: Sackin index -0.0748; 1.0 s; peak memory 1412 MiB.
2026-10-02T01:53:52Z INFO [271/500] 23588055-d983-4d47-9566-60b706002e7a: Sackin index -0.1349; 0.9 s; peak memory 1412 MiB.
2026-10-02T01:53:53Z INFO [272/500] 2358a834-b258-4934-b818-f836be345ab0: Sackin index -0.0715; 0.9 s; peak memory 1412 MiB.
2026-10-02T01:53:54Z INFO [273/500] 23590f00-1eaf-49ed-9eae-2413b6442034: Sackin index -0.0745; 0.9 s; peak memory 1412 MiB.
2026-10-02T01:53:55Z INFO [274/500] 23593783-f29a-4d3e-8355-733f203e1a28: Sackin index -0.1349; 0.8 s; peak memory 1412 MiB.
2026-10-02T01:53:56Z INFO [275/500] 2359429b-ec30-4faa-a785-7435f40667b1: Sackin index -0.0728; 1.2 s; peak memory 1412 MiB.
2026-10-02T01:54:04Z INFO [276/500] 2359faee-6c3d-4015-a0c4-ab4a91bb84b8: Sackin index -0.0170; 7.9 s; peak memory 1412 MiB.
2026-10-02T01:54:05Z INFO [277/500] 235a2a98-943a-4678-a62d-3a8703730777: Sackin index -0.0702; 1.0 s; peak memory 1412 MiB.
2026-10-02T01:54:06Z INFO [278/500] 235a5f0f-8876-4d25-b6c1-476ad6c8e19d: Sackin index -0.0696; 0.8 s; peak memory 1412 MiB.
2026-10-02T01:54:09Z INFO [279/500] 235c11ac-8523-40a7-984f-b390b066a3d4: Sackin index -0.0086; 3.4 s; peak memory 1412 MiB.
2026-10-02T01:54:11Z INFO [280/500] 235cde94-a4ab-47c1-ae17-fa0928d6731d: Sackin index -0.0752; 1.6 s; peak memory 1412 MiB.
2026-10-02T01:54:12Z INFO [281/500] 235d4131-3674-47a9-9a28-4de74e882de5: Sackin index -0.0728; 1.1 s; peak memory 1412 MiB.
2026-10-02T01:54:14Z INFO [282/500] 235d564a-3cd8-4044-9f39-164ee2c37f83: Sackin index -0.0272; 1.8 s; peak memory 1412 MiB.
2026-10-02T01:54:15Z INFO [283/500] 235d9d82-4a20-42bb-9d1f-eb4369265297: Sackin index -0.0369; 1.6 s; peak memory 1412 MiB.
2026-10-02T01:54:18Z INFO [284/500] 235eaeb9-cb21-470e-a13d-73defe0c428c: Sackin index -0.0283; 2.3 s; peak memory 1412 MiB.
2026-10-02T01:54:19Z INFO [285/500] 235fada6-0b81-424e-9505-16d56016eb70: Sackin index -0.0722; 1.2 s; peak memory 1412 MiB.
2026-10-02T01:54:24Z INFO [286/500] 2360785a-ae5c-408a-b259-3b0bd233f56a: Sackin index -0.0141; 5.7 s; peak memory 1412 MiB.
2026-10-02T01:54:25Z INFO [287/500] 2361551d-295d-498a-a186-d4c1a1a13695: Sackin index -0.0369; 1.0 s; peak memory 1412 MiB.
2026-10-02T01:54:26Z INFO [288/500] 23618ce6-3699-4bf6-8b39-9f59d16fac92: Sackin index -0.1349; 0.8 s; peak memory 1412 MiB.
2026-10-02T01:54:27Z INFO [289/500] 2361ad9e-8901-4c55-8792-689c531062c7: Sackin index -0.1658; 0.5 s; peak memory 1412 MiB.
2026-10-02T01:54:27Z INFO [290/500] 2361d71a-395f-4a27-ac96-e23c472a39f7: Sackin index -0.0696; 0.8 s; peak memory 1412 MiB.
2026-10-02T01:54:31Z INFO [291/500] 236358fb-b560-4582-8089-1b84d6cbc38d: Sackin index -0.0655; 3.2 s; peak memory 1412 MiB.
2026-10-02T01:54:31Z INFO [292/500] 2363bf29-5788-48ca-b5f5-5b3c6741d12d: Sackin index -0.1658; 0.5 s; peak memory 1412 MiB.
2026-10-02T01:54:32Z INFO [293/500] 2363d8ac-a3c3-4639-a0fb-50c6df8e42e7: Sackin index -0.0728; 1.0 s; peak memory 1412 MiB.
2026-10-02T01:54:33Z INFO [294/500] 236405a2-13eb-44ca-935f-bb8ba5f8b81f: Sackin index -0.0272; 1.1 s; peak memory 1412 MiB.
2026-10-02T01:54:35Z INFO [295/500] 23641a6c-eb67-438e-904c-8178d36cc45c: Sackin index -0.0728; 1.1 s; peak memory 1412 MiB.
2026-10-02T01:54:36Z INFO [296/500] 2365b448-27d3-4d7b-baf9-8c0a9c6e1638: Sackin index -0.1356; 1.1 s; peak memory 1412 MiB.
2026-10-02T01:54:37Z INFO [297/500] 2365d773-c3dc-4ed2-aa9c-276cba348ec1: Sackin index -0.1349; 1.0 s; peak memory 1412 MiB.
2026-10-02T01:54:37Z INFO [298/500] 23676155-5ac7-42d5-a651-9bc10e2affd1: Sackin index -0.0702; 0.8 s; peak memory 1412 MiB.
2026-10-02T01:54:38Z INFO [299/500] 23686402-dcae-47a6-a5ac-04f8dd9ca8fd: Sackin index -0.0728; 0.9 s; peak memory 1412 MiB.
2026-10-02T01:54:39Z INFO [300/500] 23688eba-ece4-41fe-b0fc-cdea53129654: Sackin index -0.1340; 0.6 s; peak memory 1412 MiB.
2026-10-02T01:54:39Z INFO [300/500] 23688eba-ece4-41fe-b0fc-cdea53129654: checkpointed 64015 records.
2026-10-02T01:54:40Z INFO [301/500] 2369a908-5131-462f-82d0-bb31516939c1: Sackin index -0.0728; 1.1 s; peak memory 1412 MiB.
2026-10-02T01:55:18Z INFO [302/500] 2369de48-af10-4fd9-9843-6878aeee2e59: Sackin index -0.1076; 37.8 s; peak memory 1412 MiB.
2026-10-02T01:55:29Z INFO [303/500] 2369ff22-7bdc-4ef3-b5fa-dab6502e5e77: Sackin index -0.0098; 10.8 s; peak memory 1412 MiB.
2026-10-02T01:55:30Z INFO [304/500] 236ad08b-1279-44fc-92f3-274f323d04c0: Sackin index -0.0732; 1.0 s; peak memory 1412 MiB.
2026-10-02T01:55:31Z INFO [305/500] 236b5e27-1e69-4cee-9c1e-f05dec6acd64: Sackin index -0.0728; 0.9 s; peak memory 1412 MiB.
2026-10-02T01:55:32Z INFO [306/500] 236b6da6-caae-48a1-a266-0324ab9491b3: Sackin index -0.0276; 1.2 s; peak memory 1412 MiB.
2026-10-02T01:55:33Z INFO [307/500] 236b9ef3-a171-42e3-b2fd-a70ceea12ad6: Sackin index -0.1349; 0.7 s; peak memory 1412 MiB.
2026-10-02T01:55:33Z INFO [308/500] 236c090a-50dc-4fd2-bd67-f312bd5bcbfa: Sackin index -0.0709; 0.8 s; peak memory 1412 MiB.
2026-10-02T01:55:42Z INFO [309/500] 236c1f29-8ddc-4ea4-97cc-d7e995295d6b: Sackin index -0.0666; 8.8 s; peak memory 1412 MiB.
2026-10-02T01:55:45Z INFO [310/500] 236c69a3-76d8-4171-894a-2858e90d5119: Sackin index -0.0661; 3.0 s; peak memory 1412 MiB.
2026-10-02T01:55:46Z INFO [311/500] 236ca6a3-d25b-48a5-ba5b-303db2350f9f: Sackin index -0.1233; 1.2 s; peak memory 1412 MiB.
2026-10-02T01:55:48Z INFO [312/500] 236d2477-8453-493d-9579-59c4aea9588e: Sackin index -0.0718; 1.7 s; peak memory 1412 MiB.
2026-10-02T01:55:55Z INFO [313/500] 236dd757-7c26-49ae-b843-1672b570671b: Sackin index -0.0175; 7.1 s; peak memory 1412 MiB.
2026-10-02T01:55:57Z INFO [314/500] 236df40e-d19e-481e-8301-87fc0292d18c: Sackin index -0.0728; 1.4 s; peak memory 1412 MiB.
2026-10-02T01:55:57Z INFO [315/500] 236e0826-1a53-4f21-ba5a-c905a16c4a8d: Sackin index -0.1658; 0.5 s; peak memory 1412 MiB.
2026-10-02T01:55:58Z INFO [316/500] 236e2aee-cd19-4943-a744-7ac0f9399b02: Sackin index -0.1272; 0.7 s; peak memory 1412 MiB.
2026-10-02T01:56:03Z INFO [317/500] 236f1d48-091b-477e-9df6-3759a808bdf1: Sackin index -0.0413; 5.0 s; peak memory 1412 MiB.
2026-10-02T01:56:04Z INFO [318/500] 236f418b-9244-4b1b-ab6a-cca2b59a3d7f: Sackin index -0.0457; 1.1 s; peak memory 1412 MiB.
2026-10-02T01:56:04Z INFO [319/500] 236f5f45-e123-4eac-b86d-7e543837a399: Sackin index -0.1658; 0.5 s; peak memory 1412 MiB.
2026-10-02T01:56:06Z INFO [320/500] 236f71d3-0a64-44c0-a584-843d5bcc72d4: Sackin index -0.0272; 1.7 s; peak memory 1412 MiB.
2026-10-02T01:56:07Z INFO [321/500] 236f75ff-8bbc-441d-966f-4a440ed3739a: Sackin index -0.1321; 0.7 s; peak memory 1412 MiB.
2026-10-02T01:56:08Z INFO [322/500] 236fb066-b049-4ec1-968b-841433963363: Sackin index -0.1349; 0.9 s; peak memory 1412 MiB.
2026-10-02T01:56:47Z INFO [323/500] 2370078c-10e5-45dc-830a-f0a4c285d224: Sackin index -0.1144; 38.7 s; peak memory 1412 MiB.
2026-10-02T01:56:55Z INFO [324/500] 2370ad05-0bc4-47dd-9a36-e84c67aac0fe: Sackin index -0.0105; 8.2 s; peak memory 1412 MiB.
2026-10-02T01:56:56Z INFO [325/500] 2370ce9f-3f18-4427-8ca9-803057b0e864: Sackin index -0.0728; 0.9 s; peak memory 1412 MiB.
2026-10-02T01:56:56Z INFO [326/500] 23721db0-3b7e-4b88-8c78-ba5a611a669a: Sackin index -0.1349; 0.7 s; peak memory 1412 MiB.
2026-10-02T01:56:57Z INFO [327/500] 2373a5f8-275c-4a82-9987-9d3fa81d5ee7: Sackin index -0.0379; 1.1 s; peak memory 1412 MiB.
2026-10-02T01:56:58Z INFO [328/500] 23764972-d9fb-4a6f-89b6-051e0591d63f: Sackin index -0.1658; 0.5 s; peak memory 1412 MiB.
2026-10-02T01:56:59Z INFO [329/500] 2376ee77-d828-4478-945c-b8c9228a4cf4: Sackin index -0.0728; 0.9 s; peak memory 1412 MiB.
2026-10-02T01:57:10Z INFO [330/500] 2378210a-4d46-4aa9-9f83-b796ffab6a79: Sackin index -0.0389; 11.1 s; peak memory 1412 MiB.
2026-10-02T01:57:11Z INFO [331/500] 237842ec-a12e-4c3d-b386-8fcbfb1ce585: Sackin index -0.0728; 0.8 s; peak memory 1412 MiB.
2026-10-02T01:57:12Z INFO [332/500] 2378a057-49a6-4482-bd1c-870c1dcdd378: Sackin index -0.0745; 1.0 s; peak memory 1412 MiB.
2026-10-02T01:57:13Z INFO [333/500] 2378f5c7-d182-46a5-ac73-2f32c76cb9b7: Sackin index -0.0376; 0.9 s; peak memory 1412 MiB.
2026-10-02T01:57:13Z INFO [334/500] 23790028-8cc4-4d15-8c56-dd01defdca87: Sackin index -0.1298; 0.9 s; peak memory 1412 MiB.
2026-10-02T01:57:14Z INFO [335/500] 23791715-5b6f-4b4a-b8a4-4667a351fbc9: Sackin index -0.0881; 0.9 s; peak memory 1412 MiB.
2026-10-02T01:59:09Z INFO [336/500] 2379383a-dc42-4da8-934d-3459c5833af2: Sackin index -0.0260; 114.3 s; peak memory 1412 MiB.
2026-10-02T01:59:11Z INFO [337/500] 2379f134-678a-491f-aa16-9744476c4f96: Sackin index -0.0699; 2.0 s; peak memory 1412 MiB.
2026-10-02T01:59:11Z INFO [338/500] 237a1171-b9d1-4ebf-a80c-7d2908ba6227: Sackin index -0.1658; 0.7 s; peak memory 1412 MiB.
2026-10-02T02:01:09Z INFO [339/500] 237a3780-2a8c-4c8a-ba06-98176a1c0bfc: Sackin index -0.0573; 117.6 s; peak memory 1412 MiB.
2026-10-02T02:01:10Z INFO [340/500] 237abe46-c3f8-4fe7-9402-85664b4b3d9e: Sackin index -0.2168; 0.8 s; peak memory 1412 MiB.
2026-10-02T02:01:11Z INFO [341/500] 237b2ddc-d7e7-4633-94df-5f9738f39006: Sackin index -0.1234; 1.1 s; peak memory 1412 MiB.
2026-10-02T02:01:18Z INFO [342/500] 237c3356-428d-4456-9a7f-25e4967a1b2e: Sackin index -0.0691; 6.9 s; peak memory 1412 MiB.
2026-10-02T02:01:18Z INFO [343/500] 237c5172-9129-4300-9388-826157ea8975: Sackin index -0.0702; 0.9 s; peak memory 1412 MiB.
2026-10-02T02:01:20Z INFO [344/500] 237c5685-ba47-4fdb-bfe3-bf1fd77eb4d5: Sackin index -0.0369; 1.5 s; peak memory 1412 MiB.
2026-10-02T02:01:21Z INFO [345/500] 237ccdb3-e596-4034-ace9-52d49f48852f: Sackin index -0.0702; 0.9 s; peak memory 1412 MiB.
2026-10-02T02:01:22Z INFO [346/500] 237dfacd-ae2b-4891-8b79-dfc4fed4a2fb: Sackin index -0.1191; 0.9 s; peak memory 1412 MiB.
2026-10-02T02:01:24Z INFO [347/500] 237e0487-0640-483c-b4c3-dffdff7a54f0: Sackin index -0.0516; 2.0 s; peak memory 1412 MiB.
2026-10-02T02:01:44Z INFO [348/500] 237e695b-f15c-40a3-b898-513f57ddf51b: Sackin index -0.1367; 20.4 s; peak memory 1412 MiB.
2026-10-02T02:01:45Z INFO [349/500] 237ec2fb-235f-4aeb-a21e-a3a9d24c82c5: Sackin index -0.1273; 1.3 s; peak memory 1412 MiB.
2026-10-02T02:01:47Z INFO [350/500] 237f025e-dda7-4635-a731-c87b970055e5: Sackin index -0.1938; 1.7 s; peak memory 1412 MiB.
2026-10-02T02:01:47Z INFO [350/500] 237f025e-dda7-4635-a731-c87b970055e5: checkpointed 64065 records.
2026-10-02T02:01:52Z INFO [351/500] 237f8362-9ff0-4ded-afa0-e33b78e6a703: Sackin index -0.0395; 4.2 s; peak memory 1412 MiB.
2026-10-02T02:01:52Z INFO [352/500] 237fb988-18c2-44a2-9426-790a350787c7: Sackin index -0.0732; 0.7 s; peak memory 1412 MiB.
2026-10-02T02:01:53Z INFO [353/500] 2380b7a8-b565-4959-a4c6-43008645f852: Sackin index -0.0696; 0.9 s; peak memory 1412 MiB.
2026-10-02T02:02:38Z INFO [354/500] 238163ff-d12f-4244-82e1-95264fde9c1c: Sackin index -0.1144; 44.7 s; peak memory 1412 MiB.
2026-10-02T02:02:39Z INFO [355/500] 2381a28d-a4f2-4ac7-a950-7dabc590371b: Sackin index -0.0702; 0.8 s; peak memory 1412 MiB.
2026-10-02T02:02:39Z INFO [356/500] 23826985-4182-4004-a294-aacde09e4b2f: Sackin index -0.0702; 0.9 s; peak memory 1412 MiB.
2026-10-02T02:02:40Z INFO [357/500] 238312dc-92ce-44f4-bb8b-940c7b98639d: Sackin index -0.0728; 1.0 s; peak memory 1412 MiB.
2026-10-02T02:02:41Z INFO [358/500] 23833b10-8ff0-44d3-a032-d6aae737d031: Sackin index -0.1349; 0.7 s; peak memory 1412 MiB.
2026-10-02T02:02:42Z INFO [359/500] 238466e5-f02e-4cb7-aa9e-8cf5194da645: Sackin index -0.0696; 0.9 s; peak memory 1412 MiB.
2026-10-02T02:02:43Z INFO [360/500] 2384d31f-bfa3-4637-9b16-750739f17cc7: Sackin index -0.1349; 0.9 s; peak memory 1412 MiB.
2026-10-02T02:02:44Z INFO [361/500] 23857e0f-57f6-40cd-b109-f43be08075a7: Sackin index -0.1602; 0.8 s; peak memory 1412 MiB.
2026-10-02T02:02:45Z INFO [362/500] 2385de83-21fc-4627-b0b6-2babb1ddf7c5: Sackin index -0.0702; 1.1 s; peak memory 1412 MiB.
2026-10-02T02:02:46Z INFO [363/500] 2385fbe4-6831-44b6-b7cf-9508ca06bdab: Sackin index -0.1938; 1.4 s; peak memory 1412 MiB.
2026-10-02T02:02:47Z INFO [364/500] 23865272-5e6a-4f08-814b-4f218b871b1c: Sackin index -0.0272; 1.2 s; peak memory 1412 MiB.
2026-10-02T02:02:51Z INFO [365/500] 2386f782-6f50-41da-b863-c2e2fa734c6a: Sackin index -0.0869; 3.2 s; peak memory 1412 MiB.
2026-10-02T02:02:51Z INFO [366/500] 238719ad-6f93-4953-ab33-5d865241a13c: Sackin index -0.1658; 0.5 s; peak memory 1412 MiB.
2026-10-02T02:02:52Z INFO [367/500] 23877e93-7b07-4ba3-9c8d-5e9980b66b53: Sackin index -0.1658; 0.5 s; peak memory 1412 MiB.
2026-10-02T02:02:53Z INFO [368/500] 23880f4e-17de-4532-801f-bfb8c1fa18d9: Sackin index -0.1044; 1.4 s; peak memory 1412 MiB.
2026-10-02T02:02:55Z INFO [369/500] 23885ce1-c635-4a4a-a0d2-3cf230287067: Sackin index -0.0681; 1.8 s; peak memory 1412 MiB.
2026-10-02T02:02:55Z INFO [370/500] 2388f1a9-b682-4430-9c95-60ebaf252cd3: Sackin index -0.1349; 0.8 s; peak memory 1412 MiB.
2026-10-02T02:02:56Z INFO [371/500] 238917bb-0f44-472e-a1a2-ae311b69a197: Sackin index -0.1349; 0.8 s; peak memory 1412 MiB.
2026-10-02T02:02:59Z INFO [372/500] 2389a1cb-213e-488d-ab2e-2a428f57bf28: Sackin index -0.0797; 2.2 s; peak memory 1412 MiB.
2026-10-02T02:02:59Z INFO [373/500] 238a8c19-dcb4-409d-91e9-0b05ccd276ac: Sackin index -0.0382; 0.9 s; peak memory 1412 MiB.
2026-10-02T02:03:00Z INFO [374/500] 238ad6f2-8096-4732-8cf2-66ccc5b7f373: Sackin index -0.1331; 0.7 s; peak memory 1412 MiB.
2026-10-02T02:03:02Z INFO [375/500] 238bc067-c73d-4aec-ab69-f18bb09399fa: Sackin index -0.0350; 1.9 s; peak memory 1412 MiB.
2026-10-02T02:03:03Z INFO [376/500] 238bc57c-24c3-43c4-b250-480e14e5a1c0: Sackin index -0.0702; 0.8 s; peak memory 1412 MiB.
2026-10-02T02:03:10Z INFO [377/500] 238bc975-7f22-42db-95b2-e38210de45d5: Sackin index -0.0288; 7.0 s; peak memory 1412 MiB.
2026-10-02T02:03:11Z INFO [378/500] 238c3bc6-3f69-4bbb-b882-f0d951a30614: Sackin index -0.0375; 1.0 s; peak memory 1412 MiB.
2026-10-02T02:03:12Z INFO [379/500] 238d8ee4-e597-4178-9ca6-075b9010294c: Sackin index -0.1224; 1.6 s; peak memory 1412 MiB.
2026-10-02T02:03:13Z INFO [380/500] 238db5ff-c49b-4561-864d-02ca98a0f53d: Sackin index -0.0702; 0.9 s; peak memory 1412 MiB.
2026-10-02T02:03:17Z INFO [381/500] 238deee9-52a3-4fd7-95a6-451fc3b813b1: Sackin index -0.0611; 3.4 s; peak memory 1412 MiB.
2026-10-02T02:03:17Z INFO [382/500] 238df124-b561-45a5-b4e1-2d85d7504b40: Sackin index -0.0702; 0.7 s; peak memory 1412 MiB.
2026-10-02T02:03:24Z INFO [383/500] 23903685-9c3b-40d6-9e34-5eaf09979552: Sackin index -0.0202; 7.1 s; peak memory 1412 MiB.
2026-10-02T02:03:25Z INFO [384/500] 2391cc9f-8c52-46c8-a523-3e03dc8b1327: Sackin index -0.0709; 0.8 s; peak memory 1412 MiB.
2026-10-02T02:03:28Z INFO [385/500] 23926427-95d9-45aa-b40f-e469a699334e: Sackin index -0.0648; 2.4 s; peak memory 1412 MiB.
2026-10-02T02:03:29Z INFO [386/500] 23926e62-af5a-485a-9c7d-c359251efe33: Sackin index -0.0272; 1.8 s; peak memory 1412 MiB.
2026-10-02T02:03:48Z INFO [387/500] 239392db-8488-4676-9266-fa7a3b2244c3: Sackin index -0.0106; 18.2 s; peak memory 1412 MiB.
2026-10-02T02:03:49Z INFO [388/500] 2393b1b1-d6d5-4551-9650-cecd8270fe4f: Sackin index -0.0696; 1.2 s; peak memory 1412 MiB.
2026-10-02T02:03:50Z INFO [389/500] 239439b9-e19e-4f9b-b2a4-82c44b4535f0: Sackin index -0.1349; 0.7 s; peak memory 1412 MiB.
2026-10-02T02:03:51Z INFO [390/500] 23961c4d-9ab3-4283-8c45-ba1667c683b1: Sackin index -0.0728; 1.0 s; peak memory 1412 MiB.
2026-10-02T02:03:51Z INFO [391/500] 239663a6-07ed-4d93-9f2c-c170727e4629: Sackin index -0.1239; 0.6 s; peak memory 1412 MiB.
2026-10-02T02:03:53Z INFO [392/500] 2396a861-29b0-4061-bead-b465461d036d: Sackin index -0.0276; 1.3 s; peak memory 1412 MiB.
2026-10-02T02:03:54Z INFO [393/500] 2399a4e6-49f2-4d1f-bf15-26e4d7e92435: Sackin index -0.0709; 0.9 s; peak memory 1412 MiB.
2026-10-02T02:03:55Z INFO [394/500] 2399a803-0d44-4205-95fc-f6027cda1fe2: Sackin index -0.0358; 1.4 s; peak memory 1412 MiB.
2026-10-02T02:03:58Z INFO [395/500] 239c70f2-d6cb-46eb-b402-23a57d3219d9: Sackin index -0.0403; 3.5 s; peak memory 1412 MiB.
2026-10-02T02:03:59Z INFO [396/500] 239cac79-da90-4be8-a30f-608628a0d6dc: Sackin index -0.1191; 0.9 s; peak memory 1412 MiB.
2026-10-02T02:04:00Z INFO [397/500] 239e513e-93e0-4e8d-97a3-49184e4fb04f: Sackin index -0.1349; 1.0 s; peak memory 1412 MiB.
2026-10-02T02:04:01Z INFO [398/500] 239f69f0-a8b5-4f20-b570-ae40138abaa2: Sackin index -0.1349; 1.1 s; peak memory 1412 MiB.
2026-10-02T02:04:02Z INFO [399/500] 239f916d-206c-42a0-a1f3-673c38f37787: Sackin index -0.0702; 0.9 s; peak memory 1412 MiB.
2026-10-02T02:04:04Z INFO [400/500] 239fa8c0-20f8-404b-ad44-23f18086fae2: Sackin index -0.1273; 1.4 s; peak memory 1412 MiB.
2026-10-02T02:04:04Z INFO [400/500] 239fa8c0-20f8-404b-ad44-23f18086fae2: checkpointed 64115 records.
2026-10-02T02:04:05Z INFO [401/500] 239fb32b-eb7d-45c9-b4e6-7ba84b39e28f: Sackin index -0.0702; 1.1 s; peak memory 1412 MiB.
2026-10-02T02:04:06Z INFO [402/500] 23a00614-5ac1-4e40-a806-300481e4d35b: Sackin index -0.0728; 1.1 s; peak memory 1412 MiB.
2026-10-02T02:04:07Z INFO [403/500] 23a0ff54-d38c-4aac-9c7a-56c9182b0815: Sackin index -0.1349; 1.2 s; peak memory 1412 MiB.
2026-10-02T02:04:09Z INFO [404/500] 23a11ddb-19d6-4e38-96fe-8c5acc6c3cee: Sackin index -0.0728; 1.4 s; peak memory 1412 MiB.
2026-10-02T02:04:10Z INFO [405/500] 23a187e1-ef3b-4223-ade2-2146f0039153: Sackin index -0.1349; 1.0 s; peak memory 1412 MiB.
2026-10-02T02:04:11Z INFO [406/500] 23a19fa3-c500-4907-9540-ca51cfc21095: Sackin index -0.0702; 0.9 s; peak memory 1412 MiB.
2026-10-02T02:04:11Z INFO [407/500] 23a1ee90-4702-4115-b266-09acf5a896e1: Sackin index -0.1349; 0.9 s; peak memory 1412 MiB.
2026-10-02T02:04:12Z INFO [408/500] 23a22985-7e2d-45c8-9790-ece41a94a6ef: Sackin index -0.0702; 0.8 s; peak memory 1412 MiB.
2026-10-02T02:04:13Z INFO [409/500] 23a23f59-7265-4ec8-bb51-5d65474a8cfb: Sackin index -0.1349; 0.7 s; peak memory 1412 MiB.
2026-10-02T02:04:21Z INFO [410/500] 23a2f6c7-a719-456f-b360-10d3b6095628: Sackin index -0.0159; 8.1 s; peak memory 1412 MiB.
2026-10-02T02:04:22Z INFO [411/500] 23a32b47-a114-44dd-924a-460ee7a25317: Sackin index -0.1349; 0.9 s; peak memory 1412 MiB.
2026-10-02T02:04:23Z INFO [412/500] 23a4118f-9183-45cc-9c22-4ecaa2ede0f9: Sackin index -0.1349; 0.8 s; peak memory 1412 MiB.
2026-10-02T02:04:23Z INFO [413/500] 23a44362-12a3-4251-8443-a770f0e16df9: Sackin index -0.0811; 0.7 s; peak memory 1412 MiB.
2026-10-02T02:04:25Z INFO [414/500] 23a452a1-6659-4b16-b230-5b801be25a40: Sackin index -0.1160; 1.8 s; peak memory 1412 MiB.
2026-10-02T02:04:32Z INFO [415/500] 23a45ef4-62b6-4e75-8c70-f4983881ae6b: Sackin index -0.0289; 6.6 s; peak memory 1412 MiB.
2026-10-02T02:04:33Z INFO [416/500] 23a547a6-164d-472c-977f-570a67dc3b87: Sackin index -0.0728; 1.3 s; peak memory 1412 MiB.
2026-10-02T02:04:34Z INFO [417/500] 23a56536-8d5d-4810-9ddf-2e91cfe1b55b: Sackin index -0.1208; 0.6 s; peak memory 1412 MiB.
2026-10-02T02:04:35Z INFO [418/500] 23a5fe9e-fca2-4565-8702-a04a96965e19: Sackin index -0.1390; 1.1 s; peak memory 1412 MiB.
2026-10-02T02:04:36Z INFO [419/500] 23a610f0-a73b-4f2f-9747-aa7f1c251f81: Sackin index -0.1000; 0.9 s; peak memory 1412 MiB.
2026-10-02T02:04:37Z INFO [420/500] 23a6393c-0d23-493b-808c-11dd18c6c599: Sackin index -0.0728; 1.3 s; peak memory 1412 MiB.
2026-10-02T02:04:38Z INFO [421/500] 23a70fec-f081-476b-9a13-2cb0cd3dbcc5: Sackin index -0.0702; 0.9 s; peak memory 1412 MiB.
2026-10-02T02:04:39Z INFO [422/500] 23a74d02-7b04-41f3-a291-0999e9928b9e: Sackin index -0.1349; 0.9 s; peak memory 1412 MiB.
2026-10-02T02:04:40Z INFO [423/500] 23a75ce8-c95a-4df7-9854-fd48186f47ba: Sackin index -0.1349; 0.9 s; peak memory 1412 MiB.
2026-10-02T02:04:41Z INFO [424/500] 23a7d03a-1f39-4e25-9571-a6dba57277ae: Sackin index -0.1390; 1.3 s; peak memory 1412 MiB.
2026-10-02T02:04:42Z INFO [425/500] 23a900ee-03ff-48b1-8872-f43cefafd37e: Sackin index -0.1161; 0.7 s; peak memory 1412 MiB.
2026-10-02T02:04:43Z INFO [426/500] 23a96c35-f0be-4ecd-b023-5831a148aa8e: Sackin index -0.1349; 1.0 s; peak memory 1412 MiB.
2026-10-02T02:04:44Z INFO [427/500] 23a97a3f-d8d4-4905-9d95-ddfb060be13e: Sackin index -0.0702; 0.9 s; peak memory 1412 MiB.
2026-10-02T02:06:40Z INFO [428/500] 23aa5917-9d1a-4b70-a314-2790b9218574: Sackin index -0.0434; 116.0 s; peak memory 1412 MiB.
2026-10-02T02:06:45Z INFO [429/500] 23aa8b73-7eaf-4cba-b0c7-6f90830b8823: Sackin index -0.0153; 5.0 s; peak memory 1412 MiB.
2026-10-02T02:06:48Z INFO [430/500] 23ab0b67-ab69-47d1-a8f3-3ab5e6f954be: Sackin index -0.0252; 3.2 s; peak memory 1412 MiB.
2026-10-02T02:06:48Z INFO [431/500] 23ab525a-b57e-4581-8fa3-10fd7936874b: Sackin index -0.0844; 0.6 s; peak memory 1412 MiB.
2026-10-02T02:06:49Z INFO [432/500] 23ab80ea-6448-4e84-9722-0475acb236d2: Sackin index -0.1349; 0.9 s; peak memory 1412 MiB.
2026-10-02T02:06:50Z INFO [433/500] 23ab90da-ee2d-4e64-8ac8-c3e99218e569: Sackin index -0.0702; 1.0 s; peak memory 1412 MiB.
2026-10-02T02:07:12Z INFO [434/500] 23abe3a8-854c-43bf-a11d-dec2d8a7acbe: Sackin index -0.0117; 21.5 s; peak memory 1412 MiB.
2026-10-02T02:07:13Z INFO [435/500] 23abf297-02d9-4504-bf00-d4185f800192: Sackin index -0.1243; 1.6 s; peak memory 1412 MiB.
2026-10-02T02:07:14Z INFO [436/500] 23ad8229-c45b-4074-a442-146289e249b2: Sackin index -0.1349; 0.8 s; peak memory 1412 MiB.
2026-10-02T02:07:15Z INFO [437/500] 23ada509-cd03-4285-b068-1cc6be794be9: Sackin index -0.0369; 1.3 s; peak memory 1412 MiB.
2026-10-02T02:07:16Z INFO [438/500] 23ae168e-ab18-4bd7-8d7c-d9348a64686f: Sackin index -0.0388; 0.8 s; peak memory 1412 MiB.
2026-10-02T02:07:37Z INFO [439/500] 23aef22a-e56b-4f8f-a133-2f30d1d26801: Sackin index -0.1367; 20.8 s; peak memory 1412 MiB.
2026-10-02T02:07:38Z INFO [440/500] 23af2c50-c66e-45cc-8178-7184c92d3825: Sackin index -0.1237; 0.6 s; peak memory 1412 MiB.
2026-10-02T02:07:39Z INFO [441/500] 23afc58d-b491-4280-8c7c-973d2464093d: Sackin index -0.0384; 1.1 s; peak memory 1412 MiB.
2026-10-02T02:08:09Z INFO [442/500] 23b0bf08-5f9a-4a1e-b7e0-41155eea6ba8: Sackin index -0.2073; 30.7 s; peak memory 1412 MiB.
2026-10-02T02:08:11Z INFO [443/500] 23b1f316-9fca-4ce9-9dac-7406da0b12ae: Sackin index -0.0728; 1.2 s; peak memory 1412 MiB.
2026-10-02T02:08:12Z INFO [444/500] 23b28cc4-cbfe-41df-8373-4f3ce8004add: Sackin index -0.0745; 1.0 s; peak memory 1412 MiB.
2026-10-02T02:08:33Z INFO [445/500] 23b30224-d42d-4d94-aae4-3b8ab2c4a1bb: Sackin index -0.1367; 21.8 s; peak memory 1412 MiB.
2026-10-02T02:08:44Z INFO [446/500] 23b398eb-a99b-43d1-b4b3-e42cace78992: Sackin index -0.0153; 10.0 s; peak memory 1412 MiB.
2026-10-02T02:08:45Z INFO [447/500] 23b3a4a2-0451-4144-a8ee-17253060a53e: Sackin index -0.1383; 1.0 s; peak memory 1412 MiB.
2026-10-02T02:08:45Z INFO [448/500] 23b449c0-89a2-4b55-becb-22e2834273df: Sackin index -0.1349; 0.9 s; peak memory 1412 MiB.
2026-10-02T02:08:51Z INFO [449/500] 23b4894a-9032-413a-800f-bfed362e6c4f: Sackin index -0.0121; 6.0 s; peak memory 1412 MiB.
2026-10-02T02:08:54Z INFO [450/500] 23b50840-7c80-47e7-a480-d4250056bfd7: Sackin index -0.0693; 2.3 s; peak memory 1412 MiB.
2026-10-02T02:08:54Z INFO [450/500] 23b50840-7c80-47e7-a480-d4250056bfd7: checkpointed 64165 records.
2026-10-02T02:08:55Z INFO [451/500] 23b56f10-4cb0-47c1-bd63-ae04e7d5e9c5: Sackin index -0.0728; 1.0 s; peak memory 1412 MiB.
2026-10-02T02:08:56Z INFO [452/500] 23b632c6-dbfc-40ea-9540-6dd02e7bbfc8: Sackin index -0.0728; 1.0 s; peak memory 1412 MiB.
2026-10-02T02:08:57Z INFO [453/500] 23b6973e-c247-4dbb-9f1b-930495e0b804: Sackin index -0.1938; 0.8 s; peak memory 1412 MiB.
2026-10-02T02:08:58Z INFO [454/500] 23b72ef4-e4eb-446f-8ee8-4616a684644f: Sackin index -0.1273; 1.1 s; peak memory 1412 MiB.
2026-10-02T02:08:59Z INFO [455/500] 23b84876-a6bd-4bd9-a2d0-b30f30fca9a4: Sackin index -0.1349; 0.9 s; peak memory 1412 MiB.
2026-10-02T02:09:09Z INFO [456/500] 23b86f18-cb7d-41e6-905f-ca04c34113b9: Sackin index -0.0614; 10.1 s; peak memory 1412 MiB.
2026-10-02T02:09:10Z INFO [457/500] 23b97b06-6208-4f93-8e00-c0c6b3fc0c16: Sackin index -0.0515; 1.6 s; peak memory 1412 MiB.
2026-10-02T02:09:15Z INFO [458/500] 23ba8671-985b-48d0-b7bd-34ce8332fa3a: Sackin index -0.0476; 4.9 s; peak memory 1412 MiB.
2026-10-02T02:09:17Z INFO [459/500] 23bb54f3-8046-4114-bec2-e20975b9fd0e: Sackin index -0.0362; 1.4 s; peak memory 1412 MiB.
2026-10-02T02:09:18Z INFO [460/500] 23bd136e-60b7-43aa-ac53-cd27b5bb7a40: Sackin index -0.0686; 1.9 s; peak memory 1412 MiB.
2026-10-02T02:09:19Z INFO [461/500] 23be4d7b-e034-4575-a3ea-f7138ba0a2cf: Sackin index -0.1349; 0.8 s; peak memory 1412 MiB.
2026-10-02T02:09:20Z INFO [462/500] 23be7366-cbee-4d66-bfd3-c8793e4e53b4: Sackin index -0.1349; 0.8 s; peak memory 1412 MiB.
2026-10-02T02:09:21Z INFO [463/500] 23becbfc-7a1f-4730-8ccf-d5ef071bae25: Sackin index -0.0702; 1.0 s; peak memory 1412 MiB.
2026-10-02T02:09:22Z INFO [464/500] 23c034f4-b026-4201-acf2-88dcd3b02771: Sackin index -0.0375; 0.9 s; peak memory 1412 MiB.
2026-10-02T02:09:24Z INFO [465/500] 23c066f1-5980-4592-877c-9b75f4ca8969: Sackin index -0.0699; 1.9 s; peak memory 1412 MiB.
2026-10-02T02:09:25Z INFO [466/500] 23c09725-909c-4fa7-9f5b-99cc72797eba: Sackin index -0.0728; 1.1 s; peak memory 1412 MiB.
2026-10-02T02:09:27Z INFO [467/500] 23c17501-cd29-4565-a4c0-d6f3b0e57dc7: Sackin index -0.0172; 1.9 s; peak memory 1412 MiB.
2026-10-02T02:09:28Z INFO [468/500] 23c177d3-7677-468c-aaf5-68092621d1f2: Sackin index -0.0702; 0.8 s; peak memory 1412 MiB.
2026-10-02T02:09:29Z INFO [469/500] 23c3405a-a5c5-4a3b-8bec-f15080596171: Sackin index -0.0709; 0.9 s; peak memory 1412 MiB.
2026-10-02T02:09:29Z INFO [470/500] 23c3beb5-c756-4253-9be4-9d36bd155ddd: Sackin index -0.1448; 0.7 s; peak memory 1412 MiB.
2026-10-02T02:09:30Z INFO [471/500] 23c42a0d-d85d-4962-8860-c9c85f2a4c18: Sackin index -0.0702; 0.8 s; peak memory 1412 MiB.
2026-10-02T02:09:35Z INFO [472/500] 23c4c5ac-34c1-4b59-a7bd-49ae0df7c18c: Sackin index -0.0439; 5.2 s; peak memory 1412 MiB.
2026-10-02T02:09:36Z INFO [473/500] 23c5328d-e959-433c-9cb7-c4e798011965: Sackin index -0.1331; 0.7 s; peak memory 1412 MiB.
2026-10-02T02:09:38Z INFO [474/500] 23c54c44-3d95-4d38-ad69-b9200db83f94: Sackin index -0.0660; 2.2 s; peak memory 1412 MiB.
2026-10-02T02:09:49Z INFO [475/500] 23c6110a-542c-43f8-a5d9-ba84846c76b7: Sackin index -0.0878; 10.7 s; peak memory 1412 MiB.
2026-10-02T02:09:50Z INFO [476/500] 23c68f1f-813c-4962-bf13-2f3a08454c80: Sackin index -0.0655; 1.6 s; peak memory 1412 MiB.
2026-10-02T02:09:51Z INFO [477/500] 23c83371-1469-4483-890a-e6366958b326: Sackin index -0.1248; 0.8 s; peak memory 1412 MiB.
2026-10-02T02:10:01Z INFO [478/500] 23c91679-a461-495c-b677-9f832e328492: Sackin index -0.0110; 9.5 s; peak memory 1412 MiB.
2026-10-02T02:10:04Z INFO [479/500] 23c99fe1-098d-49a4-841a-61933d0bf3ec: Sackin index -0.0062; 3.0 s; peak memory 1412 MiB.
2026-10-02T02:10:05Z INFO [480/500] 23c9f909-97b8-4394-9bdd-d2246430fe90: Sackin index -0.1349; 0.8 s; peak memory 1412 MiB.
2026-10-02T02:10:05Z INFO [481/500] 23ca21a7-12a4-47e1-bc48-5738e0e8fa6a: Sackin index -0.1349; 0.7 s; peak memory 1412 MiB.
2026-10-02T02:10:06Z INFO [482/500] 23cb696d-0a0d-47b1-846b-0b28c029fc74: Sackin index -0.0728; 1.1 s; peak memory 1412 MiB.
2026-10-02T02:10:08Z INFO [483/500] 23cb7f54-57d0-4d7a-b174-800061fffe1e: Sackin index -0.1187; 1.6 s; peak memory 1412 MiB.
2026-10-02T02:10:09Z INFO [484/500] 23cb83d5-39f6-4a31-b40f-353c07e0bab0: Sackin index -0.0375; 1.1 s; peak memory 1412 MiB.
2026-10-02T02:10:10Z INFO [485/500] 23cb9013-f04b-493b-90ec-d346fe9341e8: Sackin index -0.1239; 0.8 s; peak memory 1412 MiB.
2026-10-02T02:10:11Z INFO [486/500] 23cbace7-4d51-4eb4-8acc-ab882c0d1ec6: Sackin index -0.0745; 0.9 s; peak memory 1412 MiB.
2026-10-02T02:10:11Z INFO [487/500] 23cbcb10-5e56-40c4-a571-058e714bf183: Sackin index -0.0702; 0.7 s; peak memory 1412 MiB.
2026-10-02T02:10:12Z INFO [488/500] 23cbdff3-e3fe-4576-92e4-ef84af6861d4: Sackin index -0.1602; 0.8 s; peak memory 1412 MiB.
2026-10-02T02:10:13Z INFO [489/500] 23cc128e-286f-4a30-9d96-c1cf83b19f25: Sackin index -0.1658; 0.5 s; peak memory 1412 MiB.
2026-10-02T02:10:13Z INFO [490/500] 23cd6f44-8a68-46c4-b26a-4b05f29cfff4: Sackin index -0.1658; 0.6 s; peak memory 1412 MiB.
2026-10-02T02:10:14Z INFO [491/500] 23cd7989-4dd3-4ac4-a784-6672f85c231f: Sackin index -0.1349; 0.8 s; peak memory 1412 MiB.
2026-10-02T02:10:17Z INFO [492/500] 23cde396-7a65-4747-8235-d2234f651a10: Sackin index -0.0266; 3.5 s; peak memory 1412 MiB.
2026-10-02T02:10:35Z INFO [493/500] 23ce8bed-fdd7-483b-a834-c4ca83369bab: Sackin index -0.0239; 17.9 s; peak memory 1412 MiB.
2026-10-02T02:10:36Z INFO [494/500] 23cf33fb-1360-43cd-9e7f-a85d666ba156: Sackin index -0.1542; 0.9 s; peak memory 1412 MiB.
2026-10-02T02:10:37Z INFO [495/500] 23d0a32a-68e6-488a-968d-0b49ea0ffc46: Sackin index -0.0728; 1.1 s; peak memory 1412 MiB.
2026-10-02T02:10:38Z INFO [496/500] 23d0d724-7fb0-4ff3-9cfa-cf39cee3b587: Sackin index -0.1636; 0.7 s; peak memory 1412 MiB.
2026-10-02T02:10:40Z INFO [497/500] 23d210dd-3835-4b9b-954b-22a723c7639e: Sackin index -0.0515; 2.2 s; peak memory 1412 MiB.
2026-10-02T02:10:44Z INFO [498/500] 23d22c77-8626-46fe-b5e4-3bc529f28b77: Sackin index -0.0212; 4.2 s; peak memory 1412 MiB.
2026-10-02T02:10:45Z INFO [499/500] 23d257e2-efc1-4dba-8213-45655a053050: Sackin index -0.1349; 1.0 s; peak memory 1412 MiB.
2026-10-02T02:10:46Z INFO [500/500] 23d26fec-5ecb-4b21-b92e-a1cce864e80b: Sackin index -0.1349; 1.0 s; peak memory 1412 MiB.
2026-10-02T02:10:47Z INFO [500/500] 23d26fec-5ecb-4b21-b92e-a1cce864e80b: checkpointed 64215 records.
2026-10-02T02:10:47Z INFO Wrote 64215 records to /tmp/derivatives/valid_nwb_file_to_sackin_index.jsonl (500 new, 0 failed) in 148.5 min (peak memory 1412 MiB).
