2026-10-08T06:10:35Z INFO Logging to /tmp/logs/update_2026-10-08T06-10-35Z.log.
2026-10-08T06:10:35Z INFO Update valid-nwb-file-to-sackin-index (base directory /tmp).
2026-10-08T06:10:36Z INFO Processing 750 items (98836 already recorded).
2026-10-08T06:10:38Z INFO [1/750] 6bb86225-1620-4338-878f-ae66400eb494: Sackin index -0.0709; 1.7 s; peak memory 120 MiB.
2026-10-08T06:10:40Z INFO [2/750] 6bb8a07a-1928-498e-9a8d-28b64145156d: Sackin index -0.0514; 2.0 s; peak memory 122 MiB.
2026-10-08T06:10:42Z INFO [3/750] 6bb95f58-e9c6-448e-ad8b-290684ebbbfd: Sackin index -0.0728; 2.0 s; peak memory 122 MiB.
2026-10-08T06:10:45Z INFO [4/750] 6bb99b90-35a9-498b-8b1a-e9e56cf8ee8d: Sackin index -0.0660; 3.7 s; peak memory 124 MiB.
2026-10-08T06:10:46Z INFO [5/750] 6bb9d079-ff84-4797-9549-d36b2c21ccf8: Sackin index -0.1658; 1.0 s; peak memory 125 MiB.
2026-10-08T06:10:48Z INFO [6/750] 6bba248a-05f9-49f9-b487-5ced5ee075e6: Sackin index -0.0728; 1.8 s; peak memory 125 MiB.
2026-10-08T06:10:50Z INFO [7/750] 6bbb2a7b-1ed1-4cc3-8683-6efc946e1c3e: Sackin index -0.1044; 2.4 s; peak memory 125 MiB.
2026-10-08T06:10:52Z INFO [8/750] 6bbb74c5-1825-440d-a2f0-bd122ab290f4: Sackin index -0.0702; 1.6 s; peak memory 125 MiB.
2026-10-08T07:07:13Z INFO [9/750] 6bbc1017-97ce-4a82-abf6-b1625fbef736: Sackin index -0.0080; 3381.2 s; peak memory 1118 MiB.
2026-10-08T07:07:15Z INFO [10/750] 6bbcae98-c422-4088-87e1-c212fe640ac1: Sackin index -0.1273; 2.0 s; peak memory 1118 MiB.
2026-10-08T07:07:44Z INFO [11/750] 6bbcb043-0afe-421d-8f98-de99c40c880e: Sackin index -0.1367; 28.7 s; peak memory 1118 MiB.
2026-10-08T07:07:45Z INFO [12/750] 6bbdcb6f-6109-4de3-8a5c-e8ec033090b6: Sackin index -0.1658; 1.1 s; peak memory 1118 MiB.
2026-10-08T07:07:48Z INFO [13/750] 6bbe7f4f-feb7-45dc-bf54-bd05ef39cd49: Sackin index -0.0804; 2.6 s; peak memory 1118 MiB.
2026-10-08T07:07:49Z INFO [14/750] 6bbf9ac8-1fba-491c-87bf-4f54bf20ac3f: Sackin index -0.1248; 1.3 s; peak memory 1118 MiB.
2026-10-08T07:08:48Z INFO [15/750] 6bc08d74-14ed-49b7-9a3d-1ae37cb1a8ea: Sackin index -0.1144; 59.4 s; peak memory 1118 MiB.
2026-10-08T07:08:50Z INFO [16/750] 6bc09710-8eb0-4a01-90c8-19a5f378bf06: Sackin index -0.1349; 1.2 s; peak memory 1118 MiB.
2026-10-08T07:08:51Z INFO [17/750] 6bc15a67-5882-4643-9de4-fa63b659b177: Sackin index -0.0728; 1.7 s; peak memory 1118 MiB.
2026-10-08T07:08:53Z INFO [18/750] 6bc1b766-7ff1-4cab-b121-ff58ce46b12f: Sackin index -0.0376; 1.7 s; peak memory 1118 MiB.
2026-10-08T07:08:54Z INFO [19/750] 6bc249f5-76b4-440d-b695-fd88b581ac67: Sackin index -0.0696; 1.5 s; peak memory 1118 MiB.
2026-10-08T07:08:56Z INFO [20/750] 6bc28a48-fa07-484a-b9d4-1f75cac9df1b: Sackin index -0.0702; 1.5 s; peak memory 1118 MiB.
2026-10-08T07:09:13Z INFO [21/750] 6bc2e0a3-ba6e-4670-9d58-4e4af41b1fd4: Sackin index -0.0152; 17.2 s; peak memory 1118 MiB.
2026-10-08T07:09:19Z INFO [22/750] 6bc36aa7-64dd-45a5-a4bb-67195fc13ae0: Sackin index -0.0779; 5.7 s; peak memory 1118 MiB.
2026-10-08T07:09:20Z INFO [23/750] 6bc3f768-341a-49e8-a834-31f0e91674e4: Sackin index -0.3646; 1.0 s; peak memory 1118 MiB.
2026-10-08T07:09:21Z INFO [24/750] 6bc410b7-1125-49dc-ad45-f6e2441da111: Sackin index -0.1349; 1.4 s; peak memory 1118 MiB.
2026-10-08T07:09:24Z INFO [25/750] 6bc4d27a-96d0-45ca-8ad9-d69037ac13a3: Sackin index -0.1938; 2.7 s; peak memory 1118 MiB.
2026-10-08T07:09:25Z INFO [26/750] 6bc5726e-9e24-4a65-bd2e-d6f289b4a895: Sackin index -0.1356; 1.2 s; peak memory 1118 MiB.
2026-10-08T07:09:30Z INFO [27/750] 6bc68651-4218-42bb-a779-19a04d58d266: Sackin index -0.0547; 4.8 s; peak memory 1118 MiB.
2026-10-08T07:09:32Z INFO [28/750] 6bc74c0d-d75c-4174-8d61-7bce5b47b6ae: Sackin index -0.0702; 1.8 s; peak memory 1118 MiB.
2026-10-08T07:09:45Z INFO [29/750] 6bc87301-7731-437a-ba27-66b7f4d1ea27: Sackin index -0.0408; 13.3 s; peak memory 1118 MiB.
2026-10-08T07:09:47Z INFO [30/750] 6bc95c24-a6c6-4be4-8297-f3bc32c8141f: Sackin index -0.0375; 1.8 s; peak memory 1118 MiB.
2026-10-08T07:09:49Z INFO [31/750] 6bc97691-871f-4f5b-85a3-d6363d2400b4: Sackin index -0.0696; 1.6 s; peak memory 1118 MiB.
2026-10-08T07:10:03Z INFO [32/750] 6bc9d39c-daff-4cfe-9399-35c9f33e4302: Sackin index -0.0149; 14.4 s; peak memory 1118 MiB.
2026-10-08T07:10:05Z INFO [33/750] 6bc9e01d-bfea-4268-83cc-d6059350e0f3: Sackin index -0.1000; 1.6 s; peak memory 1118 MiB.
2026-10-08T07:10:06Z INFO [34/750] 6bc9f75d-3a0e-49f6-860e-159adf4ec918: Sackin index -0.1658; 1.0 s; peak memory 1118 MiB.
2026-10-08T07:10:08Z INFO [35/750] 6bcabdd1-090d-4b1d-8e54-ad3ccad0975b: Sackin index -0.0369; 1.9 s; peak memory 1118 MiB.
2026-10-08T07:10:09Z INFO [36/750] 6bcb78b8-ac9d-4ac4-98e2-0a8d3a217b19: Sackin index -0.0709; 1.7 s; peak memory 1118 MiB.
2026-10-08T07:10:11Z INFO [37/750] 6bcba4fb-9899-43ec-8b72-f53f7dabb63c: Sackin index -0.0696; 1.6 s; peak memory 1118 MiB.
2026-10-08T07:10:13Z INFO [38/750] 6bcc9274-3ab6-4147-b762-67ff3cf7ff5a: Sackin index -0.0382; 1.6 s; peak memory 1118 MiB.
2026-10-08T07:10:14Z INFO [39/750] 6bcd5bf7-020b-47ab-bb7c-d0d6302e9213: Sackin index -0.1331; 1.2 s; peak memory 1118 MiB.
2026-10-08T07:10:16Z INFO [40/750] 6bcd7b81-f11b-4549-aa45-2ededb11e1b3: Sackin index -0.1160; 2.6 s; peak memory 1118 MiB.
2026-10-08T07:10:18Z INFO [41/750] 6bce3236-ba26-4af5-af04-ad0112adc92f: Sackin index -0.1349; 1.3 s; peak memory 1118 MiB.
2026-10-08T07:10:19Z INFO [42/750] 6bce4db4-44fc-4c7a-b508-c4fd8c583f68: Sackin index -0.1349; 1.2 s; peak memory 1118 MiB.
2026-10-08T07:10:21Z INFO [43/750] 6bceeb16-34b9-4ab5-ad86-c10a22ab0cb6: Sackin index -0.0738; 1.9 s; peak memory 1118 MiB.
2026-10-08T07:10:23Z INFO [44/750] 6bcf024b-f7b6-453b-8cff-a86bb4809775: Sackin index -0.0272; 2.1 s; peak memory 1118 MiB.
2026-10-08T07:10:49Z INFO [45/750] 6bcf4f82-d53f-4814-af86-6fd8ced3419d: Sackin index -0.0239; 25.9 s; peak memory 1118 MiB.
2026-10-08T07:10:50Z INFO [46/750] 6bcf69cd-64b0-4c0d-bc77-2d20e2772d39: Sackin index -0.1288; 1.3 s; peak memory 1118 MiB.
2026-10-08T07:11:17Z INFO [47/750] 6bcf736d-0e7d-4056-8585-d8675f8f652f: Sackin index -0.1367; 27.0 s; peak memory 1118 MiB.
2026-10-08T07:11:19Z INFO [48/750] 6bcf9b4b-1c96-436f-9534-5dc12e465248: Sackin index -0.0881; 1.7 s; peak memory 1118 MiB.
2026-10-08T07:11:20Z INFO [49/750] 6bd03a23-cc69-411b-9016-3dbab13f864d: Sackin index -0.1349; 1.3 s; peak memory 1118 MiB.
2026-10-08T07:11:22Z INFO [50/750] 6bd17ebb-7e10-443f-a7aa-50e3c3034e1a: Sackin index -0.0728; 1.9 s; peak memory 1118 MiB.
2026-10-08T07:11:22Z INFO [50/750] 6bd17ebb-7e10-443f-a7aa-50e3c3034e1a: checkpointed 98886 records.
2026-10-08T07:11:23Z INFO [51/750] 6bd1a457-eadb-40a3-804a-cb5c976be0b7: Sackin index -0.1349; 1.3 s; peak memory 1118 MiB.
2026-10-08T07:11:26Z INFO [52/750] 6bd26ca8-1edf-4a24-86e1-50a4911a0dfa: Sackin index -0.1210; 2.2 s; peak memory 1118 MiB.
2026-10-08T07:11:27Z INFO [53/750] 6bd33851-fa7b-447e-843d-d81429d921cc: Sackin index -0.1248; 1.6 s; peak memory 1118 MiB.
2026-10-08T07:11:31Z INFO [54/750] 6bd3994b-4471-4a3b-9268-8ea7ba614fc5: Sackin index -0.0660; 3.6 s; peak memory 1118 MiB.
2026-10-08T07:11:41Z INFO [55/750] 6bd4a24b-7386-4750-b234-acfa77c80aaf: Sackin index -0.0192; 10.4 s; peak memory 1118 MiB.
2026-10-08T07:11:42Z INFO [56/750] 6bd4c309-6c54-4b45-bf93-75816b158725: Sackin index -0.1349; 1.2 s; peak memory 1118 MiB.
2026-10-08T07:11:44Z INFO [57/750] 6bd4d41e-bc94-4a0d-a7c3-4d64961e2da7: Sackin index -0.0702; 1.5 s; peak memory 1118 MiB.
2026-10-08T07:11:46Z INFO [58/750] 6bd57257-7f1b-42cb-a942-04ed050bc999: Sackin index -0.0709; 1.7 s; peak memory 1118 MiB.
2026-10-08T07:11:47Z INFO [59/750] 6bd65f5b-bbeb-44a3-b523-d5237454751a: Sackin index -0.1349; 1.3 s; peak memory 1118 MiB.
2026-10-08T07:11:48Z INFO [60/750] 6bd6f364-85ef-46cb-aa00-24e68b582c4f: Sackin index -0.1397; 1.0 s; peak memory 1118 MiB.
2026-10-08T07:12:02Z INFO [61/750] 6bd6f570-8142-4baa-b2db-fecddf399a96: Sackin index -0.0155; 14.2 s; peak memory 1118 MiB.
2026-10-08T07:12:04Z INFO [62/750] 6bd83e47-0ef4-46dd-a0cc-dbd4b42200d9: Sackin index -0.0728; 2.0 s; peak memory 1118 MiB.
2026-10-08T07:12:05Z INFO [63/750] 6bd93426-d53f-44ad-8ff3-e81e0fa071b0: Sackin index -0.1161; 1.0 s; peak memory 1118 MiB.
2026-10-08T07:12:07Z INFO [64/750] 6bd93f71-5ad8-4182-90a4-d17160212e74: Sackin index -0.1349; 1.3 s; peak memory 1118 MiB.
2026-10-08T07:12:08Z INFO [65/750] 6bd9c34a-578c-4c1b-8391-7eeacc987579: Sackin index -0.1938; 1.1 s; peak memory 1118 MiB.
2026-10-08T07:12:10Z INFO [66/750] 6bd9d052-a83b-4fdb-a7ce-9112a9e0093f: Sackin index -0.0676; 2.5 s; peak memory 1118 MiB.
2026-10-08T07:12:34Z INFO [67/750] 6bd9eef8-0c35-4d61-8712-1975e61e7d85: Sackin index -0.1259; 23.4 s; peak memory 1118 MiB.
2026-10-08T07:12:35Z INFO [68/750] 6bd9f555-b4d8-443d-9a37-04f711b5bcba: Sackin index -0.1174; 1.3 s; peak memory 1118 MiB.
2026-10-08T07:12:37Z INFO [69/750] 6bdb8cbc-21c2-420a-8e41-546c231e64bb: Sackin index -0.1273; 1.6 s; peak memory 1118 MiB.
2026-10-08T07:12:38Z INFO [70/750] 6bdbf84f-df7d-4f0f-8098-79a0dd0e31fe: Sackin index -0.0696; 1.6 s; peak memory 1118 MiB.
2026-10-08T07:14:15Z INFO [71/750] 6bdc4ee6-0baf-4ecb-8b1c-a43f47ccb55b: Sackin index -0.0935; 97.2 s; peak memory 1118 MiB.
2026-10-08T07:14:17Z INFO [72/750] 6bdf154e-2f93-4dde-968d-aba59b3b5909: Sackin index -0.0376; 1.6 s; peak memory 1118 MiB.
2026-10-08T07:14:18Z INFO [73/750] 6bdf4d87-dbe2-489c-9bbb-ebfef8691ab8: Sackin index -0.1380; 1.5 s; peak memory 1118 MiB.
2026-10-08T07:14:20Z INFO [74/750] 6bdf6738-1d6f-4b40-b1e8-7effdec4b9c6: Sackin index -0.0702; 1.4 s; peak memory 1118 MiB.
2026-10-08T07:14:22Z INFO [75/750] 6bdfb82b-3411-4ed8-8aff-53d1b1927a7a: Sackin index -0.1273; 1.8 s; peak memory 1118 MiB.
2026-10-08T07:14:23Z INFO [76/750] 6bdfbdc8-85fb-4d0f-adc4-a4925ab5e587: Sackin index -0.0696; 1.6 s; peak memory 1118 MiB.
2026-10-08T07:14:25Z INFO [77/750] 6bdff057-4284-46a1-afff-dfcd07ffedb6: Sackin index -0.0728; 1.7 s; peak memory 1118 MiB.
2026-10-08T07:14:39Z INFO [78/750] 6bdff742-2091-4412-b478-983c6dfb9dd8: Sackin index -0.0284; 13.8 s; peak memory 1118 MiB.
2026-10-08T07:14:40Z INFO [79/750] 6bdffb44-d50f-4253-8016-05d183dc6946: Sackin index -0.1349; 1.3 s; peak memory 1118 MiB.
2026-10-08T07:14:41Z INFO [80/750] 6be1633c-838c-4aa8-83c5-c8be779333a7: Sackin index -0.1349; 1.2 s; peak memory 1118 MiB.
2026-10-08T07:14:43Z INFO [81/750] 6be19a99-6c6e-4a58-871a-b6fdb40182d6: Sackin index -0.1349; 1.3 s; peak memory 1118 MiB.
2026-10-08T07:14:47Z INFO [82/750] 6be1d6be-4343-4cf3-8bd4-c43afb4defc9: Sackin index -0.0263; 4.9 s; peak memory 1118 MiB.
2026-10-08T07:14:49Z INFO [83/750] 6be248d5-ec85-40ce-b55a-6c76e1239109: Sackin index -0.0380; 1.6 s; peak memory 1118 MiB.
2026-10-08T07:14:50Z INFO [84/750] 6be29164-c4f8-4cc6-a6ab-c3f1808eed60: Sackin index -0.1349; 1.3 s; peak memory 1118 MiB.
2026-10-08T07:14:52Z INFO [85/750] 6be339ab-ca70-42aa-b60d-7f1147dbc924: Sackin index -0.0956; 1.6 s; peak memory 1118 MiB.
2026-10-08T07:14:53Z INFO [86/750] 6be49809-3664-4280-865b-87a03e62d9a1: Sackin index -0.1349; 1.3 s; peak memory 1118 MiB.
2026-10-08T07:14:55Z INFO [87/750] 6be513cb-2cab-4644-86a9-d90b576de3eb: Sackin index -0.0728; 2.0 s; peak memory 1118 MiB.
2026-10-08T07:15:02Z INFO [88/750] 6be534fe-2bd0-443c-88db-8a3a07a316ef: Sackin index -0.0260; 6.9 s; peak memory 1118 MiB.
2026-10-08T07:15:04Z INFO [89/750] 6be59879-fffc-4187-b279-7897a64dc82c: Sackin index -0.1000; 1.6 s; peak memory 1118 MiB.
2026-10-08T07:15:05Z INFO [90/750] 6be5f668-e265-4f39-9438-d50a4a823549: Sackin index -0.0702; 1.5 s; peak memory 1118 MiB.
2026-10-08T07:15:06Z INFO [91/750] 6be67ec2-4762-4fa1-92d1-d1739896b3b6: Sackin index -0.1164; 1.0 s; peak memory 1118 MiB.
2026-10-08T07:15:08Z INFO [92/750] 6be68c6b-72ba-40ef-87a4-5af60d9606f5: Sackin index -0.0702; 1.5 s; peak memory 1118 MiB.
2026-10-08T07:15:09Z INFO [93/750] 6be6df0e-27d2-4ede-9cdd-61281f32f859: Sackin index -0.1349; 1.2 s; peak memory 1118 MiB.
2026-10-08T07:15:10Z INFO [94/750] 6be91a72-4b41-4fd0-8b56-8b12ce46b4f8: Sackin index -0.1349; 1.3 s; peak memory 1118 MiB.
2026-10-08T07:15:29Z INFO [95/750] 6be96433-e14a-42cb-8fd5-0dae29e17ccf: Sackin index -0.0079; 19.1 s; peak memory 1118 MiB.
2026-10-08T07:15:32Z INFO [96/750] 6bea1bf9-f7ee-4f3d-8a07-f8bce9860d8a: Sackin index -0.0699; 3.2 s; peak memory 1118 MiB.
2026-10-08T07:15:34Z INFO [97/750] 6beae538-faab-4e2f-8854-07842369eb09: Sackin index -0.0745; 1.7 s; peak memory 1118 MiB.
2026-10-08T07:15:35Z INFO [98/750] 6beb1637-2bf6-4baf-b8d1-cf83d80a33b3: Sackin index -0.1658; 1.1 s; peak memory 1118 MiB.
2026-10-08T07:15:37Z INFO [99/750] 6bed4bf7-9591-4eb9-93ca-cc972d63890c: Sackin index -0.0728; 2.0 s; peak memory 1118 MiB.
2026-10-08T07:15:39Z INFO [100/750] 6beda88c-48c5-4200-8024-8b0638fd7233: Sackin index -0.0728; 1.6 s; peak memory 1118 MiB.
2026-10-08T07:15:39Z INFO [100/750] 6beda88c-48c5-4200-8024-8b0638fd7233: checkpointed 98936 records.
2026-10-08T07:15:41Z INFO [101/750] 6bedadc8-a653-4558-952c-da3af7502c31: Sackin index -0.1248; 1.4 s; peak memory 1118 MiB.
2026-10-08T07:15:42Z INFO [102/750] 6bee1bd9-c652-4aa1-a51f-93d95df7e9e0: Sackin index -0.1658; 1.4 s; peak memory 1118 MiB.
2026-10-08T07:15:43Z INFO [103/750] 6beee11c-d18a-4f82-9c65-87f4aa8daae1: Sackin index -0.1331; 1.2 s; peak memory 1118 MiB.
2026-10-08T07:15:45Z INFO [104/750] 6beee930-9181-4321-a47d-ee2824fe4ec6: Sackin index -0.0369; 1.9 s; peak memory 1118 MiB.
2026-10-08T07:16:02Z INFO [105/750] 6bef7130-b18a-4841-a6ac-e04e50860600: Sackin index -0.1462; 16.9 s; peak memory 1118 MiB.
2026-10-08T07:16:04Z INFO [106/750] 6bf024a6-8809-492c-8d90-885e00231fd7: Sackin index -0.1291; 1.8 s; peak memory 1118 MiB.
2026-10-08T07:16:06Z INFO [107/750] 6bf23b39-2194-4868-b6b7-3aff7e23f1e3: Sackin index -0.1194; 1.8 s; peak memory 1118 MiB.
2026-10-08T07:16:07Z INFO [108/750] 6bf2f26e-d896-4f90-9306-904c3e904787: Sackin index -0.1349; 1.3 s; peak memory 1118 MiB.
2026-10-08T07:16:14Z INFO [109/750] 6bf4bfb4-7d3e-4f2f-846b-6f57f3b927c1: Sackin index -0.0403; 6.6 s; peak memory 1118 MiB.
2026-10-08T07:16:15Z INFO [110/750] 6bf560a0-9f85-4171-84ee-57dd85bf55de: Sackin index -0.0423; 1.8 s; peak memory 1118 MiB.
2026-10-08T07:16:29Z INFO [111/750] 6bf57f9d-85ee-403e-ad6a-3e4471193ff9: Sackin index -0.0173; 14.1 s; peak memory 1118 MiB.
2026-10-08T07:16:31Z INFO [112/750] 6bf62c73-ac1e-4f18-88be-2873909ee413: Sackin index -0.0728; 1.8 s; peak memory 1118 MiB.
2026-10-08T07:16:33Z INFO [113/750] 6bf6f409-4cea-4554-aeff-597c7ba5f375: Sackin index -0.1291; 1.6 s; peak memory 1118 MiB.
2026-10-08T07:16:34Z INFO [114/750] 6bf7c1af-bf47-45aa-ac31-f6fb07f309d6: Sackin index -0.0702; 1.6 s; peak memory 1118 MiB.
2026-10-08T07:16:56Z INFO [115/750] 6bf87925-beb0-4e26-9f79-72bad1834ef6: Sackin index -0.0153; 21.5 s; peak memory 1118 MiB.
2026-10-08T07:16:59Z INFO [116/750] 6bf8a45e-1ac2-4092-b0cb-6f4c1d70ad28: Sackin index -0.0693; 3.2 s; peak memory 1118 MiB.
2026-10-08T07:17:01Z INFO [117/750] 6bf8dced-d430-46a8-82b3-c3c785a8bf9b: Sackin index -0.1390; 1.7 s; peak memory 1118 MiB.
2026-10-08T07:17:02Z INFO [118/750] 6bf94511-35a0-49e7-9de9-a204ad304301: Sackin index -0.0702; 1.6 s; peak memory 1118 MiB.
2026-10-08T07:17:04Z INFO [119/750] 6bf99c9a-af3a-4436-b896-8e139933b4a1: Sackin index -0.1135; 1.1 s; peak memory 1118 MiB.
2026-10-08T07:17:15Z INFO [120/750] 6bfa0b57-3b5a-4683-ad75-e4f5ccf27369: Sackin index -0.0195; 11.1 s; peak memory 1118 MiB.
2026-10-08T07:17:17Z INFO [121/750] 6bfa81fe-752a-464b-9777-fe2e78c19efe: Sackin index -0.1938; 2.6 s; peak memory 1118 MiB.
2026-10-08T07:17:19Z INFO [122/750] 6bfa8de7-2265-47cd-a3a2-c01051f528c7: Sackin index -0.0702; 1.5 s; peak memory 1118 MiB.
2026-10-08T07:17:23Z INFO [123/750] 6bfab6ef-6a48-4c67-ae08-06c6a41dc687: Sackin index -0.0492; 4.0 s; peak memory 1118 MiB.
2026-10-08T07:17:24Z INFO [124/750] 6bfb10f6-eea8-4839-9d0a-0aa5a588d21b: Sackin index -0.0702; 1.6 s; peak memory 1118 MiB.
2026-10-08T07:17:26Z INFO [125/750] 6bfd17e9-a455-48e0-8b30-ca9297f51e05: Sackin index -0.0696; 1.8 s; peak memory 1118 MiB.
2026-10-08T07:24:43Z INFO [126/750] 6bfd3255-1373-4de8-afc7-5f03aafe0a54: Sackin index -0.0891; 436.8 s; peak memory 1118 MiB.
2026-10-08T07:24:44Z INFO [127/750] 6bfd6d23-c917-49a2-94aa-3a6c797f9865: Sackin index -0.1298; 1.1 s; peak memory 1118 MiB.
2026-10-08T07:24:45Z INFO [128/750] 6bfd7ba8-788e-4d61-b695-e63e4697e34c: Sackin index -0.0702; 1.5 s; peak memory 1118 MiB.
2026-10-08T07:24:47Z INFO [129/750] 6bfddb76-ea3a-447f-9d76-b3c812cdf2ec: Sackin index -0.0881; 1.7 s; peak memory 1118 MiB.
2026-10-08T07:24:48Z INFO [130/750] 6bfe58be-f2ed-42ef-b133-72b9859c485b: Sackin index -0.1658; 1.1 s; peak memory 1118 MiB.
2026-10-08T07:24:54Z INFO [131/750] 6bff14cb-f829-4295-9509-2648f6b6b417: Sackin index -0.0251; 5.8 s; peak memory 1118 MiB.
2026-10-08T07:25:20Z INFO [132/750] 6bff38e9-9ffa-4f06-9cd9-234a3f1d525a: Sackin index -0.1367; 26.3 s; peak memory 1118 MiB.
2026-10-08T07:25:22Z INFO [133/750] 6c0084c2-e2b7-4e88-8631-ee17d76fcc70: Sackin index -0.0707; 1.3 s; peak memory 1118 MiB.
2026-10-08T07:25:29Z INFO [134/750] 6c00c3a5-b495-4cfa-88c0-a56b180a743b: Sackin index -0.0476; 7.5 s; peak memory 1118 MiB.
2026-10-08T07:25:32Z INFO [135/750] 6c00d7b1-7f08-475f-ba0d-40083f1286f7: Sackin index -0.0933; 2.5 s; peak memory 1118 MiB.
2026-10-08T07:25:43Z INFO [136/750] 6c0130fb-5d67-437a-b027-fb4bc6086c72: Sackin index -0.0137; 11.6 s; peak memory 1118 MiB.
2026-10-08T07:25:44Z INFO [137/750] 6c01a9e8-9927-42ec-8927-e641c88da307: Sackin index -0.1349; 1.2 s; peak memory 1118 MiB.
2026-10-08T07:25:46Z INFO [138/750] 6c02a72f-6440-44b5-90cc-85bad6aae894: Sackin index -0.1349; 1.4 s; peak memory 1118 MiB.
2026-10-08T07:25:48Z INFO [139/750] 6c02cd5c-7911-46e7-8641-25396a50edf5: Sackin index -0.1269; 1.9 s; peak memory 1118 MiB.
2026-10-08T07:25:56Z INFO [140/750] 6c02f4e7-6a37-49a2-b25c-17c47f857b16: Sackin index -0.0251; 8.7 s; peak memory 1118 MiB.
2026-10-08T07:26:12Z INFO [141/750] 6c032261-6cef-4ce0-a2b8-1a3662535718: Sackin index -0.0368; 15.8 s; peak memory 1118 MiB.
2026-10-08T07:26:13Z INFO [142/750] 6c0394d9-072b-4f2e-9b89-3ff502aeebf5: Sackin index -0.1349; 1.3 s; peak memory 1118 MiB.
2026-10-08T07:26:15Z INFO [143/750] 6c03c6fe-9c7a-4a3b-8d2f-46edf8239387: Sackin index -0.1135; 1.1 s; peak memory 1118 MiB.
2026-10-08T07:26:20Z INFO [144/750] 6c043ee1-13ff-4f7a-8fa0-d77ab9520695: Sackin index -0.0311; 5.3 s; peak memory 1118 MiB.
2026-10-08T07:26:23Z INFO [145/750] 6c06d8d7-ba63-4e62-a333-51e1c4d879d0: Sackin index -0.0369; 2.7 s; peak memory 1118 MiB.
2026-10-08T07:26:24Z INFO [146/750] 6c0b0d22-d302-4aa2-a818-f27f12e2b0b5: Sackin index -0.1349; 1.2 s; peak memory 1118 MiB.
2026-10-08T07:26:25Z INFO [147/750] 6c0b2de9-b30b-4101-b070-a990e94f1b8f: Sackin index -0.1051; 1.3 s; peak memory 1118 MiB.
2026-10-08T07:26:27Z INFO [148/750] 6c0b4ac9-1dde-47c8-9b54-dbb033f474ff: Sackin index -0.0626; 1.6 s; peak memory 1118 MiB.
2026-10-08T07:26:28Z INFO [149/750] 6c0b4d68-4dae-48bc-ad13-77934c0a36ad: Sackin index -0.0381; 1.5 s; peak memory 1118 MiB.
2026-10-08T07:26:29Z INFO [150/750] 6c0b5216-6c00-4e45-a062-8d9e7da3b7fb: Sackin index -0.1658; 1.0 s; peak memory 1118 MiB.
2026-10-08T07:26:29Z INFO [150/750] 6c0b5216-6c00-4e45-a062-8d9e7da3b7fb: checkpointed 98986 records.
2026-10-08T07:26:31Z INFO [151/750] 6c0b61f2-0143-425e-ac22-2dac2428e929: Sackin index -0.1239; 1.2 s; peak memory 1118 MiB.
2026-10-08T07:26:32Z INFO [152/750] 6c0c7d05-f067-42d1-9bd9-d2b9197f6ff5: Sackin index -0.1349; 1.3 s; peak memory 1118 MiB.
2026-10-08T07:26:40Z INFO [153/750] 6c0c8528-1eb8-465e-942c-e4f46fe7def7: Sackin index -0.0252; 7.8 s; peak memory 1118 MiB.
2026-10-08T07:26:41Z INFO [154/750] 6c0e09d4-5b00-4803-a143-e01a3dc5d530: Sackin index -0.0702; 1.6 s; peak memory 1118 MiB.
2026-10-08T07:26:42Z INFO [155/750] 6c0eba01-6471-4c4b-a256-0be48d8e7d3b: Sackin index -0.1938; 1.1 s; peak memory 1118 MiB.
2026-10-08T07:26:44Z INFO [156/750] 6c0ed951-9b98-476e-9e7a-23dadb297870: Sackin index -0.1349; 1.2 s; peak memory 1118 MiB.
2026-10-08T07:26:45Z INFO [157/750] 6c0f3901-01c8-4314-82eb-d4de3f753688: Sackin index -0.0696; 1.6 s; peak memory 1118 MiB.
2026-10-08T07:26:47Z INFO [158/750] 6c0f4e64-d978-4141-8656-d3b132eb9d2c: Sackin index -0.1383; 1.7 s; peak memory 1118 MiB.
2026-10-08T07:26:48Z INFO [159/750] 6c0f81fe-e785-468a-b84b-6ad1c893851e: Sackin index -0.1349; 1.3 s; peak memory 1118 MiB.
2026-10-08T07:26:49Z INFO [160/750] 6c0fef0b-c9a1-4f2c-93b3-6f7d4262fe9b: Sackin index -0.1349; 1.2 s; peak memory 1118 MiB.
2026-10-08T07:26:57Z INFO [161/750] 6c10bdff-992f-44d7-abbc-5378a1f33f2b: Sackin index -0.0251; 7.8 s; peak memory 1118 MiB.
2026-10-08T07:26:59Z INFO [162/750] 6c10ec29-339a-4966-b02e-682864c95e12: Sackin index -0.0398; 1.7 s; peak memory 1118 MiB.
2026-10-08T07:27:00Z INFO [163/750] 6c113b16-061b-4b1e-a114-f18144cca839: Sackin index -0.1349; 1.3 s; peak memory 1118 MiB.
2026-10-08T07:27:01Z INFO [164/750] 6c11a5ed-d0c7-4ff4-b99a-9ba9644ed85c: Sackin index -0.1051; 1.3 s; peak memory 1118 MiB.
2026-10-08T07:27:03Z INFO [165/750] 6c121d9c-416c-4add-bf81-c012a6192407: Sackin index -0.1408; 1.5 s; peak memory 1118 MiB.
2026-10-08T07:27:04Z INFO [166/750] 6c130112-0625-498d-807a-992c1f857c5e: Sackin index -0.0656; 1.2 s; peak memory 1118 MiB.
2026-10-08T07:27:06Z INFO [167/750] 6c13afbd-3055-42bd-a984-89c7d5521570: Sackin index -0.0379; 1.8 s; peak memory 1118 MiB.
2026-10-08T07:29:45Z INFO [168/750] 6c13fe28-3510-4fe3-a9dc-b41e7d2812b5: Sackin index -0.0493; 159.1 s; peak memory 1118 MiB.
2026-10-08T07:29:46Z INFO [169/750] 6c140b74-8521-4a65-b91f-73be0cdcb135: Sackin index -0.1349; 1.3 s; peak memory 1118 MiB.
2026-10-08T07:29:48Z INFO [170/750] 6c1413c4-418b-423a-9625-6b59f9c81845: Sackin index -0.1349; 1.4 s; peak memory 1118 MiB.
2026-10-08T07:30:11Z INFO [171/750] 6c1425c4-0d47-41a2-be7f-8f9824d3f31c: Sackin index -0.0043; 23.8 s; peak memory 1118 MiB.
2026-10-08T07:30:13Z INFO [172/750] 6c144627-4bc8-4190-91e8-6fab97b364ff: Sackin index -0.1349; 1.4 s; peak memory 1118 MiB.
2026-10-08T07:30:15Z INFO [173/750] 6c14776e-a21a-4924-804b-df8dba1564e4: Sackin index -0.0728; 1.9 s; peak memory 1118 MiB.
2026-10-08T07:30:16Z INFO [174/750] 6c14b597-b940-4823-b3f4-a1e5d76bb7d1: Sackin index -0.1543; 1.2 s; peak memory 1118 MiB.
2026-10-08T07:30:27Z INFO [175/750] 6c153ee3-867a-40f1-97c7-2d8e9594995a: Sackin index -0.0315; 11.1 s; peak memory 1118 MiB.
2026-10-08T07:30:28Z INFO [176/750] 6c15894b-3d17-4e21-b36e-388f4f8bbbaf: Sackin index -0.0709; 1.5 s; peak memory 1118 MiB.
2026-10-08T07:30:30Z INFO [177/750] 6c15dccd-3073-48c7-8489-acc7114ac8fc: Sackin index -0.1349; 1.3 s; peak memory 1118 MiB.
2026-10-08T07:37:33Z INFO [178/750] 6c173ffa-79c9-4768-b977-aed0d6f515d4: Sackin index -0.0123; 423.7 s; peak memory 1153 MiB.
2026-10-08T07:37:38Z INFO [179/750] 6c1928ae-cc0d-4e92-a3a8-9313fb68b13f: Sackin index -0.0292; 4.5 s; peak memory 1153 MiB.
2026-10-08T07:37:39Z INFO [180/750] 6c19295e-c580-4004-ba37-7a85b2b4a8a8: Sackin index -0.1178; 1.3 s; peak memory 1153 MiB.
2026-10-08T07:37:41Z INFO [181/750] 6c195317-d55a-4888-a64d-08a345757b7b: Sackin index -0.0696; 1.6 s; peak memory 1153 MiB.
2026-10-08T07:37:42Z INFO [182/750] 6c196b39-59b1-4c2b-bdf7-995bf9128221: Sackin index -0.1349; 1.4 s; peak memory 1153 MiB.
2026-10-08T07:37:44Z INFO [183/750] 6c1a14a8-6e44-4ac0-8faa-4d112710fae7: Sackin index -0.1307; 1.4 s; peak memory 1153 MiB.
2026-10-08T07:37:45Z INFO [184/750] 6c1a285f-36cb-4bfa-baa4-c243e7eda415: Sackin index -0.0728; 1.6 s; peak memory 1153 MiB.
2026-10-08T07:37:48Z INFO [185/750] 6c1abd58-8965-4f42-927f-f1c804a5d162: Sackin index -0.0676; 2.7 s; peak memory 1153 MiB.
2026-10-08T07:37:50Z INFO [186/750] 6c1c5ad6-9e07-4d77-9ee1-037ffa2c002c: Sackin index -0.0745; 2.1 s; peak memory 1153 MiB.
2026-10-08T07:37:51Z INFO [187/750] 6c1c6fe3-c1c9-42d2-a15e-44b771ad10c0: Sackin index -0.1349; 1.4 s; peak memory 1153 MiB.
2026-10-08T07:37:53Z INFO [188/750] 6c1c8f32-2312-4662-be78-ff5671942e0a: Sackin index -0.1288; 1.3 s; peak memory 1153 MiB.
2026-10-08T07:37:59Z INFO [189/750] 6c1db4e9-3eb3-4002-a308-427cfe49bf97: Sackin index -0.0435; 6.3 s; peak memory 1153 MiB.
2026-10-08T07:38:01Z INFO [190/750] 6c1dd9e7-e62f-44cd-a954-9a7168ab26df: Sackin index -0.0728; 1.7 s; peak memory 1153 MiB.
2026-10-08T07:38:02Z INFO [191/750] 6c1e570b-5db6-46a2-850c-341fec71efe0: Sackin index -0.1349; 1.2 s; peak memory 1153 MiB.
2026-10-08T07:38:04Z INFO [192/750] 6c1ec14c-94ca-40f7-8584-d3f75f3653d7: Sackin index -0.1194; 1.9 s; peak memory 1153 MiB.
2026-10-08T07:38:07Z INFO [193/750] 6c1f6698-00c1-4d9f-a7b2-a434a21321f3: Sackin index -0.0704; 3.1 s; peak memory 1153 MiB.
2026-10-08T07:38:25Z INFO [194/750] 6c1f94d4-7eaf-41b2-a801-9fc924a1cc9b: Sackin index -0.0408; 18.3 s; peak memory 1153 MiB.
2026-10-08T07:38:27Z INFO [195/750] 6c1fee2d-bdf1-45a6-ac8a-ccecdce6cf1d: Sackin index -0.0709; 1.6 s; peak memory 1153 MiB.
2026-10-08T07:38:28Z INFO [196/750] 6c1ff262-1181-4606-a62f-ec8081f6e2ac: Sackin index -0.1191; 1.3 s; peak memory 1153 MiB.
2026-10-08T07:38:30Z INFO [197/750] 6c209c4c-d934-431f-8eeb-dc0cb44216d9: Sackin index -0.0745; 1.6 s; peak memory 1153 MiB.
2026-10-08T07:38:36Z INFO [198/750] 6c218c80-e32b-4c7e-b474-a39d0d5b542b: Sackin index -0.0411; 6.4 s; peak memory 1153 MiB.
2026-10-08T07:38:41Z INFO [199/750] 6c21a70b-9cf8-403b-8994-6bc415a7cb38: Sackin index -0.0260; 5.5 s; peak memory 1153 MiB.
2026-10-08T07:38:43Z INFO [200/750] 6c21b9dd-c39e-426d-a151-abaf8d546ea4: Sackin index -0.0413; 1.8 s; peak memory 1153 MiB.
2026-10-08T07:38:43Z INFO [200/750] 6c21b9dd-c39e-426d-a151-abaf8d546ea4: checkpointed 99036 records.
2026-10-08T07:38:45Z INFO [201/750] 6c2216a0-0470-43ac-bc5a-343fdd02ff6d: Sackin index -0.0376; 1.8 s; peak memory 1153 MiB.
2026-10-08T07:40:38Z INFO [202/750] 6c2335e2-5ffd-48f6-b5c3-af3849b2591b: Sackin index -0.0008; 112.4 s; peak memory 1153 MiB.
2026-10-08T07:40:39Z INFO [203/750] 6c23e641-34b3-461b-8b1f-2dce1a7511d0: Sackin index -0.1248; 1.4 s; peak memory 1153 MiB.
2026-10-08T07:40:42Z INFO [204/750] 6c244c7e-3e6f-47cb-b3be-1fed99be9112: Sackin index -0.0718; 3.3 s; peak memory 1153 MiB.
2026-10-08T07:45:31Z INFO [205/750] 6c244f03-a9d9-4b70-875c-870c21f530b4: Sackin index -0.0409; 288.7 s; peak memory 1153 MiB.
2026-10-08T07:45:33Z INFO [206/750] 6c245239-5476-4743-aada-53e25023b548: Sackin index -0.0376; 1.7 s; peak memory 1153 MiB.
2026-10-08T07:45:36Z INFO [207/750] 6c2457cf-6ebe-4849-8941-25b258848761: Sackin index -0.0695; 3.6 s; peak memory 1153 MiB.
2026-10-08T07:45:38Z INFO [208/750] 6c2490f9-410c-4057-acc2-7c3566562246: Sackin index -0.0696; 1.7 s; peak memory 1153 MiB.
2026-10-08T07:45:40Z INFO [209/750] 6c253b58-530f-443c-9f3e-87e2669c4066: Sackin index -0.0728; 1.7 s; peak memory 1153 MiB.
2026-10-08T07:45:42Z INFO [210/750] 6c2545b0-3d85-4d5c-9e32-8e5333e36b9f: Sackin index -0.0702; 1.8 s; peak memory 1153 MiB.
2026-10-08T07:45:43Z INFO [211/750] 6c25690c-0947-4751-bbc3-29a1b7d15f22: Sackin index -0.1349; 1.3 s; peak memory 1153 MiB.
2026-10-08T07:46:07Z INFO [212/750] 6c25d390-a3bb-431a-b641-0452510bd132: Sackin index -0.0163; 24.6 s; peak memory 1153 MiB.
2026-10-08T07:46:11Z INFO [213/750] 6c261c15-dc5d-4b8f-98dc-b4e3ce3825bd: Sackin index -0.0648; 3.7 s; peak memory 1153 MiB.
2026-10-08T07:46:17Z INFO [214/750] 6c268d5c-cd1c-4a90-88af-bce290a928d6: Sackin index -0.0251; 6.0 s; peak memory 1153 MiB.
2026-10-08T07:46:18Z INFO [215/750] 6c274a98-f51f-4a41-85ae-e9a1c13b8cf7: Sackin index -0.1272; 1.0 s; peak memory 1153 MiB.
2026-10-08T07:46:20Z INFO [216/750] 6c281b27-7f82-4388-965f-54d71eea3c02: Sackin index -0.1349; 1.4 s; peak memory 1153 MiB.
2026-10-08T07:46:21Z INFO [217/750] 6c28ca2d-7ad7-4a8d-8248-3af50a5ee8b7: Sackin index -0.0709; 1.4 s; peak memory 1153 MiB.
2026-10-08T07:46:28Z INFO [218/750] 6c2909ba-b15e-4c9d-ab5d-30155c56ed78: Sackin index -0.0437; 6.8 s; peak memory 1153 MiB.
2026-10-08T07:46:29Z INFO [219/750] 6c29112a-3a90-40cf-a33a-1485825999ea: Sackin index -0.1349; 1.1 s; peak memory 1153 MiB.
2026-10-08T07:46:30Z INFO [220/750] 6c29403f-7412-4103-8881-5a565197c979: Sackin index -0.0702; 1.5 s; peak memory 1153 MiB.
2026-10-08T07:46:32Z INFO [221/750] 6c2bf42b-ea41-4362-b12f-1445c545ea7d: Sackin index -0.1349; 1.3 s; peak memory 1153 MiB.
2026-10-08T07:46:41Z INFO [222/750] 6c2c9f9c-fc2a-4e71-9c1a-3917d8127594: Sackin index -0.0308; 9.3 s; peak memory 1153 MiB.
2026-10-08T07:46:49Z INFO [223/750] 6c2d21a5-1bfc-4c9c-8149-217cc61374d6: Sackin index -0.0455; 7.8 s; peak memory 1153 MiB.
2026-10-08T07:46:52Z INFO [224/750] 6c2d9ffa-4a6a-429a-846e-10856c32549e: Sackin index -0.0699; 3.2 s; peak memory 1153 MiB.
2026-10-08T07:46:53Z INFO [225/750] 6c2e1cda-5136-40f9-b7c5-f902b6d05709: Sackin index -0.0709; 1.4 s; peak memory 1153 MiB.
2026-10-08T07:47:00Z INFO [226/750] 6c2e8d7f-8e4a-4d09-8d76-8680daaefd68: Sackin index -0.1688; 6.4 s; peak memory 1153 MiB.
2026-10-08T07:47:01Z INFO [227/750] 6c2ef304-6dc8-424f-8ec8-15a9c752aa34: Sackin index -0.1658; 1.0 s; peak memory 1153 MiB.
2026-10-08T07:47:02Z INFO [228/750] 6c2f1dee-03e1-4f19-8f8e-338ffd6e1950: Sackin index -0.1349; 1.2 s; peak memory 1153 MiB.
2026-10-08T07:56:28Z INFO [229/750] 6c2f8547-c2b2-406e-a9ed-6f30de8fb9e5: Sackin index -0.1201; 565.9 s; peak memory 1153 MiB.
2026-10-08T07:56:31Z INFO [230/750] 6c2f8793-2922-464e-a218-00011a62f5dc: Sackin index -0.0369; 2.6 s; peak memory 1153 MiB.
2026-10-08T07:56:32Z INFO [231/750] 6c2fa7a1-18f1-4a2d-b844-5386271273dd: Sackin index -0.1349; 1.3 s; peak memory 1153 MiB.
2026-10-08T08:01:16Z INFO [232/750] 6c2fafe7-cc57-4d57-872f-63894d830e46: Sackin index -0.0396; 284.5 s; peak memory 1153 MiB.
2026-10-08T08:01:18Z INFO [233/750] 6c3095fa-44cb-4ba3-9e69-2b6000662a32: Sackin index -0.0702; 1.6 s; peak memory 1153 MiB.
2026-10-08T08:01:19Z INFO [234/750] 6c310162-6d67-4f65-bfa4-c28b9a1cb576: Sackin index -0.1349; 1.4 s; peak memory 1153 MiB.
2026-10-08T08:01:22Z INFO [235/750] 6c3144c3-b0ce-48e0-aad6-17b3d9ed47fb: Sackin index -0.0886; 2.6 s; peak memory 1153 MiB.
2026-10-08T08:02:54Z INFO [236/750] 6c31763e-fc07-43f8-ba87-ebd4ac738f7b: Sackin index -0.0027; 92.4 s; peak memory 1153 MiB.
2026-10-08T08:03:01Z INFO [237/750] 6c31cd0d-e731-43a8-9f25-18b013b395a6: Sackin index -0.0403; 6.3 s; peak memory 1153 MiB.
2026-10-08T08:03:18Z INFO [238/750] 6c32cc47-c6f5-4792-986d-ded49d2692e4: Sackin index -0.0112; 17.6 s; peak memory 1153 MiB.
2026-10-08T08:03:20Z INFO [239/750] 6c32d9d5-270b-4c25-a1c8-b667d6a9b401: Sackin index -0.0371; 1.6 s; peak memory 1153 MiB.
2026-10-08T08:03:25Z INFO [240/750] 6c32e1a0-6980-4fcf-8c9f-6c3ad6098ca6: Sackin index -0.1761; 5.0 s; peak memory 1153 MiB.
2026-10-08T08:03:26Z INFO [241/750] 6c332644-29a9-4c03-8bf2-29b1870258cb: Sackin index -0.1658; 1.0 s; peak memory 1153 MiB.
2026-10-08T08:03:28Z INFO [242/750] 6c33c765-22ed-4cb5-9acf-b7e11d49c00f: Sackin index -0.1273; 1.8 s; peak memory 1153 MiB.
2026-10-08T08:03:29Z INFO [243/750] 6c33df59-2233-4d68-ad71-ce06122d6061: Sackin index -0.1201; 1.4 s; peak memory 1153 MiB.
2026-10-08T08:03:31Z INFO [244/750] 6c340746-2a3f-49d4-a7e9-83b3f6ec61b4: Sackin index -0.1349; 1.4 s; peak memory 1153 MiB.
2026-10-08T08:03:32Z INFO [245/750] 6c342996-a8e3-46f7-8937-aba2705ddec4: Sackin index -0.1380; 1.7 s; peak memory 1153 MiB.
2026-10-08T08:03:34Z INFO [246/750] 6c342e05-9bcc-4d05-bd06-6d542b21a611: Sackin index -0.0434; 1.8 s; peak memory 1153 MiB.
2026-10-08T08:03:35Z INFO [247/750] 6c351369-7940-49ba-8a34-e2dcf5b99da8: Sackin index -0.1658; 1.0 s; peak memory 1153 MiB.
2026-10-08T08:03:43Z INFO [248/750] 6c352085-67ef-4eb9-b2ad-adef3824d1af: Sackin index -0.0251; 7.5 s; peak memory 1153 MiB.
2026-10-08T08:03:44Z INFO [249/750] 6c355d9f-1f06-4087-844b-e0bd5404ee8d: Sackin index -0.0702; 1.6 s; peak memory 1153 MiB.
2026-10-08T08:03:47Z INFO [250/750] 6c373fb5-bab8-4d04-bf2e-d1a8ce069561: Sackin index -0.0272; 2.8 s; peak memory 1153 MiB.
2026-10-08T08:03:47Z INFO [250/750] 6c373fb5-bab8-4d04-bf2e-d1a8ce069561: checkpointed 99086 records.
2026-10-08T08:03:58Z INFO [251/750] 6c376c71-4f6f-471c-aaca-49011e5ce1e8: Sackin index -0.0017; 10.8 s; peak memory 1153 MiB.
2026-10-08T08:04:00Z INFO [252/750] 6c37b24e-0a4f-45a1-92e3-0c7de48da5bb: Sackin index -0.0375; 1.8 s; peak memory 1153 MiB.
2026-10-08T08:04:07Z INFO [253/750] 6c386ada-825e-4118-9c03-c47380c07022: Sackin index -0.0259; 7.7 s; peak memory 1153 MiB.
2026-10-08T08:04:08Z INFO [254/750] 6c3a11f8-5042-4e1c-a2d1-5fb1e3db7728: Sackin index -0.1161; 1.1 s; peak memory 1153 MiB.
2026-10-08T08:04:22Z INFO [255/750] 6c3a1849-e3ee-46cb-a605-d5060b17a72b: Sackin index -0.0194; 13.7 s; peak memory 1153 MiB.
2026-10-08T08:04:23Z INFO [256/750] 6c3aff41-5680-4ebd-9e94-2956d4c02f7b: Sackin index -0.0656; 1.4 s; peak memory 1153 MiB.
2026-10-08T08:04:27Z INFO [257/750] 6c3b6cba-8eab-435e-a195-5c332a19ccc0: Sackin index -0.0660; 3.8 s; peak memory 1153 MiB.
2026-10-08T08:04:29Z INFO [258/750] 6c3b9e69-ea6c-44a4-8581-35e2cdad97ad: Sackin index -0.0696; 1.6 s; peak memory 1153 MiB.
2026-10-08T08:04:31Z INFO [259/750] 6c3c606d-7b43-46ed-be9a-b831df6e9dd8: Sackin index -0.0728; 1.8 s; peak memory 1153 MiB.
2026-10-08T08:04:33Z INFO [260/750] 6c3e175b-1b18-4a2d-ae97-9c788a8cbe8b: Sackin index -0.0272; 2.3 s; peak memory 1153 MiB.
2026-10-08T08:04:35Z INFO [261/750] 6c3e2d01-ff7e-4bf1-99af-7f66a228bc07: Sackin index -0.0891; 1.9 s; peak memory 1153 MiB.
2026-10-08T08:04:41Z INFO [262/750] 6c3e4384-0d9e-4de5-984d-c9cff5a12664: Sackin index -0.0403; 6.6 s; peak memory 1153 MiB.
2026-10-08T08:04:42Z INFO [263/750] 6c3e4537-003e-474b-bcaa-7df18ff32b8f: Sackin index -0.1658; 1.1 s; peak memory 1153 MiB.
2026-10-08T08:04:45Z INFO [264/750] 6c3ec8de-d7c0-4623-b62f-601fe146fc86: Sackin index -0.0272; 2.2 s; peak memory 1153 MiB.
2026-10-08T08:04:46Z INFO [265/750] 6c3ed090-cad4-42f5-b388-542c22bcdd00: Sackin index -0.1349; 1.3 s; peak memory 1153 MiB.
2026-10-08T08:04:54Z INFO [266/750] 6c3ed96c-f447-43a0-b0c3-f6784d6c6774: Sackin index -0.0251; 7.7 s; peak memory 1153 MiB.
2026-10-08T08:04:55Z INFO [267/750] 6c3f9dbc-dd7e-445f-adea-156272488733: Sackin index -0.1349; 1.3 s; peak memory 1153 MiB.
2026-10-08T08:04:57Z INFO [268/750] 6c3fd227-6a58-4901-83f3-7cf4dbee592c: Sackin index -0.0745; 1.7 s; peak memory 1153 MiB.
2026-10-08T08:04:58Z INFO [269/750] 6c40874e-1bbf-490d-94e7-32a2b8605928: Sackin index -0.1448; 1.1 s; peak memory 1153 MiB.
2026-10-08T08:05:00Z INFO [270/750] 6c409603-606f-4d43-ab5b-0c504fcdf045: Sackin index -0.0275; 2.0 s; peak memory 1153 MiB.
2026-10-08T08:05:01Z INFO [271/750] 6c40b047-e900-4bea-b74e-e671f373cd39: Sackin index -0.0696; 1.9 s; peak memory 1153 MiB.
2026-10-08T08:05:04Z INFO [272/750] 6c40c783-f206-47e8-b1a9-251ba79ed8a9: Sackin index -0.1210; 2.1 s; peak memory 1153 MiB.
2026-10-08T08:05:06Z INFO [273/750] 6c4219e8-2b3a-4c4e-bd40-c1a4ba92eeb3: Sackin index -0.0978; 2.9 s; peak memory 1153 MiB.
2026-10-08T08:05:08Z INFO [274/750] 6c424dba-ccb2-422d-8339-660ccd6538aa: Sackin index -0.0696; 1.5 s; peak memory 1153 MiB.
2026-10-08T08:05:09Z INFO [275/750] 6c42d0e0-d3ef-4462-8d56-34ed566bd9b6: Sackin index -0.0702; 1.5 s; peak memory 1153 MiB.
2026-10-08T08:05:11Z INFO [276/750] 6c433fac-dae6-4fa0-a9c7-0532730295ec: Sackin index -0.0702; 1.5 s; peak memory 1153 MiB.
2026-10-08T08:05:12Z INFO [277/750] 6c441b64-dfd4-4e55-ba38-ee9ad58fe980: Sackin index -0.1658; 1.0 s; peak memory 1153 MiB.
2026-10-08T08:05:13Z INFO [278/750] 6c44235f-9274-44b5-be1d-1772c5181302: Sackin index -0.1349; 1.3 s; peak memory 1153 MiB.
2026-10-08T08:05:14Z INFO [279/750] 6c448aae-2a50-4abd-9e00-2470cf96938f: Sackin index -0.1349; 1.2 s; peak memory 1153 MiB.
2026-10-08T08:05:16Z INFO [280/750] 6c450ab2-e023-4fd6-b562-070220af6263: Sackin index -0.1322; 1.4 s; peak memory 1153 MiB.
2026-10-08T08:05:17Z INFO [281/750] 6c45d0e9-5d02-4372-be4b-99802f671a37: Sackin index -0.0722; 1.4 s; peak memory 1153 MiB.
2026-10-08T08:05:19Z INFO [282/750] 6c45e167-e644-40fe-83f2-1cef45562711: Sackin index -0.0696; 1.5 s; peak memory 1153 MiB.
2026-10-08T08:05:21Z INFO [283/750] 6c461cea-ffd5-4e82-9ff0-89a0715abc9f: Sackin index -0.1938; 2.7 s; peak memory 1153 MiB.
2026-10-08T08:05:24Z INFO [284/750] 6c4712bc-a9f7-4ff3-9529-3f7678bc3ab5: Sackin index -0.1243; 2.5 s; peak memory 1153 MiB.
2026-10-08T08:05:25Z INFO [285/750] 6c47cf8b-60b6-4207-a166-2b0930f9338d: Sackin index -0.1349; 1.2 s; peak memory 1153 MiB.
2026-10-08T08:05:41Z INFO [286/750] 6c47cfaa-68f5-4ae4-85b6-af73b1a1eea9: Sackin index -0.0138; 15.4 s; peak memory 1153 MiB.
2026-10-08T08:08:26Z INFO [287/750] 6c47ecb6-e16f-4a0f-b595-875b7fdc2b3e: Sackin index -0.0573; 165.5 s; peak memory 1153 MiB.
2026-10-08T08:08:27Z INFO [288/750] 6c495b5e-36fd-4e9d-9b82-48a97c56cad9: Sackin index -0.1239; 1.2 s; peak memory 1153 MiB.
2026-10-08T08:08:29Z INFO [289/750] 6c49cd9f-8ef9-44d8-a937-883d79c78d37: Sackin index -0.0369; 2.0 s; peak memory 1153 MiB.
2026-10-08T08:08:59Z INFO [290/750] 6c49d4f4-b027-4800-99e2-1db73053fe3b: Sackin index -0.1367; 29.9 s; peak memory 1153 MiB.
2026-10-08T08:09:01Z INFO [291/750] 6c4a60b1-99b4-4181-975c-f9fb53777f7e: Sackin index -0.0728; 1.9 s; peak memory 1153 MiB.
2026-10-08T08:09:12Z INFO [292/750] 6c4b5cd1-d2b4-4628-ad4c-b61f1898ab45: Sackin index -0.0017; 10.6 s; peak memory 1153 MiB.
2026-10-08T08:09:13Z INFO [293/750] 6c4b8570-be71-470e-b2b7-770ebfceb440: Sackin index -0.1015; 1.6 s; peak memory 1153 MiB.
2026-10-08T08:09:15Z INFO [294/750] 6c4b97a9-40e1-42e1-87e1-3f5c4497941b: Sackin index -0.0702; 1.7 s; peak memory 1153 MiB.
2026-10-08T08:09:16Z INFO [295/750] 6c4cf650-94c5-4230-9d36-0b0516f5bb67: Sackin index -0.1349; 1.3 s; peak memory 1153 MiB.
2026-10-08T08:09:18Z INFO [296/750] 6c4d1996-a484-415e-8553-7be2e056431b: Sackin index -0.1602; 1.6 s; peak memory 1153 MiB.
2026-10-08T08:09:27Z INFO [297/750] 6c4d78df-7fa7-4b71-9de4-65b9a7842288: Sackin index -0.0217; 9.0 s; peak memory 1153 MiB.
2026-10-08T08:09:28Z INFO [298/750] 6c4d88e7-4f8a-48db-8d71-1e518c34cbb9: Sackin index -0.0382; 1.4 s; peak memory 1153 MiB.
2026-10-08T08:09:30Z INFO [299/750] 6c4e14c2-828a-4d7e-adc5-8c0ac5ecc125: Sackin index -0.1349; 1.3 s; peak memory 1153 MiB.
2026-10-08T08:09:36Z INFO [300/750] 6c4e7cf8-19f0-4f1b-aadd-4d2b8c068aec: Sackin index -0.0611; 6.1 s; peak memory 1153 MiB.
2026-10-08T08:09:36Z INFO [300/750] 6c4e7cf8-19f0-4f1b-aadd-4d2b8c068aec: checkpointed 99136 records.
2026-10-08T08:09:37Z INFO [301/750] 6c508ad6-2e13-4062-a586-d1f65d7e0493: Sackin index -0.1178; 1.1 s; peak memory 1153 MiB.
2026-10-08T08:09:39Z INFO [302/750] 6c51fc93-850a-4a00-bd33-4b3e9876f732: Sackin index -0.0702; 1.7 s; peak memory 1153 MiB.
2026-10-08T08:09:41Z INFO [303/750] 6c520348-a451-4160-8b9a-88b88477ad1b: Sackin index -0.0881; 1.7 s; peak memory 1153 MiB.
2026-10-08T08:09:42Z INFO [304/750] 6c5382b8-4b95-479f-b83d-857de2ca9ce8: Sackin index -0.1349; 1.3 s; peak memory 1153 MiB.
2026-10-08T08:09:43Z INFO [305/750] 6c53cdf4-4efc-45ae-be70-f7176aef9067: Sackin index -0.1349; 1.4 s; peak memory 1153 MiB.
2026-10-08T08:09:53Z INFO [306/750] 6c53d968-b5e3-4f93-bd52-231a73bd71e9: Sackin index -0.1147; 9.9 s; peak memory 1153 MiB.
2026-10-08T08:09:54Z INFO [307/750] 6c53ddf4-ff24-4a8e-83fb-e24b2ef9b8d5: Sackin index -0.1349; 1.2 s; peak memory 1153 MiB.
2026-10-08T08:10:02Z INFO [308/750] 6c550193-03c7-456e-830d-deaa224956c3: Sackin index -0.0438; 7.5 s; peak memory 1153 MiB.
2026-10-08T08:10:10Z INFO [309/750] 6c5572c3-102b-41e5-8a78-a6e673dd8bd3: Sackin index -0.1938; 7.9 s; peak memory 1153 MiB.
2026-10-08T08:10:11Z INFO [310/750] 6c55bdc3-7040-43ae-8c34-0a7776b0522b: Sackin index -0.1256; 1.1 s; peak memory 1153 MiB.
2026-10-08T08:10:13Z INFO [311/750] 6c563e90-dd08-4a96-8460-a0d5e676abb4: Sackin index -0.0728; 2.4 s; peak memory 1153 MiB.
2026-10-08T08:10:35Z INFO [312/750] 6c576649-b057-4e4d-9fb0-2de85f07bc9e: Sackin index -0.0088; 21.9 s; peak memory 1153 MiB.
2026-10-08T08:10:37Z INFO [313/750] 6c57bb25-f2fb-4647-9978-33291e2e4e9d: Sackin index -0.1187; 2.3 s; peak memory 1153 MiB.
2026-10-08T08:10:50Z INFO [314/750] 6c5893ea-f492-4f43-b8f9-ba4eaab7bbee: Sackin index -0.0253; 13.0 s; peak memory 1153 MiB.
2026-10-08T08:10:52Z INFO [315/750] 6c58e65e-520d-4e96-85e8-5cbb654b7550: Sackin index -0.0434; 1.8 s; peak memory 1153 MiB.
2026-10-08T08:10:54Z INFO [316/750] 6c5a7cdb-cf8c-4053-b2b9-71d1f35716bd: Sackin index -0.0728; 1.7 s; peak memory 1153 MiB.
2026-10-08T08:10:57Z INFO [317/750] 6c5b9646-64c7-4a16-b8a4-e29fd4c033e2: Sackin index -0.0704; 3.1 s; peak memory 1153 MiB.
2026-10-08T08:10:58Z INFO [318/750] 6c5cc044-ae9a-42cf-9076-5bb6cd0cb269: Sackin index -0.1658; 1.1 s; peak memory 1153 MiB.
2026-10-08T08:10:59Z INFO [319/750] 6c5d3f1f-40f0-46c9-a05b-119536c3546b: Sackin index -0.1615; 1.0 s; peak memory 1153 MiB.
2026-10-08T08:11:00Z INFO [320/750] 6c5daa07-f0a3-497d-81ca-56be1afdcab8: Sackin index -0.1349; 1.3 s; peak memory 1153 MiB.
2026-10-08T08:11:02Z INFO [321/750] 6c5dea8d-0d24-4dd4-9d7c-827d6ae56d4d: Sackin index -0.1349; 1.3 s; peak memory 1153 MiB.
2026-10-08T08:11:03Z INFO [322/750] 6c60e2b2-0bea-418c-a622-9711da4a9021: Sackin index -0.1082; 1.7 s; peak memory 1153 MiB.
2026-10-08T08:11:05Z INFO [323/750] 6c61d302-13c7-40cc-9d69-4500636e3095: Sackin index -0.0696; 1.7 s; peak memory 1153 MiB.
2026-10-08T08:11:09Z INFO [324/750] 6c624c8a-4800-4c47-ae3c-a7d741ec797e: Sackin index -0.0720; 4.3 s; peak memory 1153 MiB.
2026-10-08T08:11:11Z INFO [325/750] 6c62566a-6b4a-4537-80f3-a9785e5ccdf8: Sackin index -0.0702; 1.4 s; peak memory 1153 MiB.
2026-10-08T08:11:13Z INFO [326/750] 6c626f97-492a-4242-b560-0a3c3e1bb47a: Sackin index -0.1191; 1.8 s; peak memory 1153 MiB.
2026-10-08T08:11:14Z INFO [327/750] 6c628223-77a6-4719-a030-de24acaea77e: Sackin index -0.0379; 1.8 s; peak memory 1153 MiB.
2026-10-08T08:11:16Z INFO [328/750] 6c647d47-d2a1-4c4f-9cf5-470550118e6f: Sackin index -0.0380; 1.8 s; peak memory 1153 MiB.
2026-10-08T08:11:19Z INFO [329/750] 6c65596d-7a3f-4642-b56c-180a6f30e9f8: Sackin index -0.1100; 2.9 s; peak memory 1153 MiB.
2026-10-08T08:16:33Z INFO [330/750] 6c658106-d5d3-47f1-94ce-8c20bd2b68cf: Sackin index -0.0269; 314.5 s; peak memory 1153 MiB.
2026-10-08T08:16:35Z INFO [331/750] 6c67619d-2e48-4171-8b16-f34c1f7ae547: Sackin index -0.1349; 1.5 s; peak memory 1153 MiB.
2026-10-08T08:16:36Z INFO [332/750] 6c682132-d008-473e-b795-b961a4b825b2: Sackin index -0.1658; 1.1 s; peak memory 1153 MiB.
2026-10-08T08:16:38Z INFO [333/750] 6c692d1c-27a7-4fad-909e-4fffdb0d1c9d: Sackin index -0.0700; 1.5 s; peak memory 1153 MiB.
2026-10-08T08:16:42Z INFO [334/750] 6c6a2aa9-5326-456b-b4b6-2e665b9ed04b: Sackin index -0.0364; 4.7 s; peak memory 1153 MiB.
2026-10-08T08:16:43Z INFO [335/750] 6c6a32b2-0e2e-45e8-ae76-40ea9c69ab2f: Sackin index -0.1430; 1.2 s; peak memory 1153 MiB.
2026-10-08T08:16:46Z INFO [336/750] 6c6a8d45-2afa-41dd-83d2-a6ba2045d34c: Sackin index -0.0369; 2.1 s; peak memory 1153 MiB.
2026-10-08T08:16:47Z INFO [337/750] 6c6cef5c-6631-4885-8668-6e2092a4a0ea: Sackin index -0.1349; 1.4 s; peak memory 1153 MiB.
2026-10-08T08:16:48Z INFO [338/750] 6c6d2921-7b4e-4e52-8a37-659df3acd8da: Sackin index -0.1349; 1.2 s; peak memory 1153 MiB.
2026-10-08T08:16:50Z INFO [339/750] 6c6db1a4-3c4e-4dc4-a38f-27667cd148d0: Sackin index -0.0569; 1.8 s; peak memory 1153 MiB.
2026-10-08T08:17:09Z INFO [340/750] 6c6e94b0-2249-49b8-b660-4d086742805c: Sackin index -0.0165; 19.3 s; peak memory 1153 MiB.
2026-10-08T08:17:11Z INFO [341/750] 6c6ec1e2-8398-447e-b032-641ce008608b: Sackin index -0.0886; 1.7 s; peak memory 1153 MiB.
2026-10-08T08:17:12Z INFO [342/750] 6c6f38e2-90d5-4b4c-bac6-7b751acf4262: Sackin index -0.1349; 1.2 s; peak memory 1153 MiB.
2026-10-08T08:17:14Z INFO [343/750] 6c6ff775-3615-4190-8f67-00cb4183d2cb: Sackin index -0.1244; 1.9 s; peak memory 1153 MiB.
2026-10-08T08:17:20Z INFO [344/750] 6c70715e-0881-4301-b4a1-2654d6cc6403: Sackin index -0.0247; 6.2 s; peak memory 1153 MiB.
2026-10-08T08:17:21Z INFO [345/750] 6c70d10d-2938-4e54-9c05-8ca19612f22b: Sackin index -0.1178; 1.1 s; peak memory 1153 MiB.
2026-10-08T08:17:23Z INFO [346/750] 6c711398-206e-4c59-ae7d-304453b810a9: Sackin index -0.0696; 1.6 s; peak memory 1153 MiB.
2026-10-08T08:17:25Z INFO [347/750] 6c716b84-6f71-44cd-85ac-163790be1f83: Sackin index -0.0728; 1.8 s; peak memory 1153 MiB.
2026-10-08T08:17:29Z INFO [348/750] 6c718cbd-aea7-42ff-811d-cc232e702a3a: Sackin index -0.0484; 4.4 s; peak memory 1153 MiB.
2026-10-08T08:17:31Z INFO [349/750] 6c719daf-a99c-4c06-9921-2c014579211f: Sackin index -0.1293; 2.1 s; peak memory 1153 MiB.
2026-10-08T08:17:33Z INFO [350/750] 6c71f7d8-d4d5-442b-a911-ce67be9c7d79: Sackin index -0.0696; 1.6 s; peak memory 1153 MiB.
2026-10-08T08:17:33Z INFO [350/750] 6c71f7d8-d4d5-442b-a911-ce67be9c7d79: checkpointed 99186 records.
2026-10-08T08:17:34Z INFO [351/750] 6c73360d-871c-4a9b-bf71-d61ba6f56290: Sackin index -0.2168; 1.0 s; peak memory 1153 MiB.
2026-10-08T08:17:35Z INFO [352/750] 6c7353e3-b829-4f80-b637-adb49b589caf: Sackin index -0.1602; 1.4 s; peak memory 1153 MiB.
2026-10-08T08:17:37Z INFO [353/750] 6c73570e-14f1-469f-8c1a-1fe7040adf3f: Sackin index -0.0709; 1.7 s; peak memory 1153 MiB.
2026-10-08T08:17:43Z INFO [354/750] 6c73ce6e-b397-4dca-9b4c-339119cc7c47: Sackin index -0.0388; 6.0 s; peak memory 1153 MiB.
2026-10-08T08:17:48Z INFO [355/750] 6c744de6-3a58-478a-9feb-6bb5eb7653c7: Sackin index -0.0555; 4.4 s; peak memory 1153 MiB.
2026-10-08T08:17:49Z INFO [356/750] 6c74826a-111e-4610-a42a-dcec9cee4b40: Sackin index -0.0375; 1.9 s; peak memory 1153 MiB.
2026-10-08T08:17:53Z INFO [357/750] 6c74a7c3-d24e-4fc4-bb5a-eae48c856794: Sackin index -0.0718; 3.4 s; peak memory 1153 MiB.
2026-10-08T08:17:59Z INFO [358/750] 6c74fc95-c4df-4105-9f96-11d9bc17f30a: Sackin index -0.0403; 6.5 s; peak memory 1153 MiB.
2026-10-08T08:18:03Z INFO [359/750] 6c75266b-593a-48b6-8dc2-acb290e14070: Sackin index -0.0660; 3.9 s; peak memory 1153 MiB.
2026-10-08T08:18:05Z INFO [360/750] 6c755401-40b6-4892-9dd0-58b3f34c6fa0: Sackin index -0.0702; 1.5 s; peak memory 1153 MiB.
2026-10-08T08:18:06Z INFO [361/750] 6c7581d6-19d8-4663-935a-f4e913aac98b: Sackin index -0.1938; 1.1 s; peak memory 1153 MiB.
2026-10-08T08:18:07Z INFO [362/750] 6c75a0e6-d25c-4488-bcc8-ac03f0a5f7f9: Sackin index -0.0709; 1.5 s; peak memory 1153 MiB.
2026-10-08T08:18:08Z INFO [363/750] 6c76382d-f4ca-4d36-a841-ef5a20e6bdd9: Sackin index -0.2147; 1.1 s; peak memory 1153 MiB.
2026-10-08T08:18:11Z INFO [364/750] 6c764f9f-6f59-4456-8516-835e49beae5e: Sackin index -0.1224; 3.0 s; peak memory 1153 MiB.
2026-10-08T08:18:16Z INFO [365/750] 6c782318-5b07-4328-94ef-3ae36857e04e: Sackin index -0.0253; 4.9 s; peak memory 1153 MiB.
2026-10-08T08:18:18Z INFO [366/750] 6c792fb0-9020-45f5-a721-a05ea91a2211: Sackin index -0.0728; 1.9 s; peak memory 1153 MiB.
2026-10-08T08:18:20Z INFO [367/750] 6c794cbd-a1a8-4413-b119-44e2fec8cd58: Sackin index -0.0369; 2.2 s; peak memory 1153 MiB.
2026-10-08T08:18:23Z INFO [368/750] 6c79edca-3109-4fb8-ba60-77a5bc9ef3e3: Sackin index -0.1072; 2.5 s; peak memory 1153 MiB.
2026-10-08T08:18:29Z INFO [369/750] 6c7a2158-14ae-4ca2-a0f4-3cdd0bd4ff98: Sackin index -0.0435; 6.7 s; peak memory 1153 MiB.
2026-10-08T08:18:31Z INFO [370/750] 6c7ac000-5cf2-4ef0-9f07-d9cd8b25f3b8: Sackin index -0.0702; 1.5 s; peak memory 1153 MiB.
2026-10-08T08:18:32Z INFO [371/750] 6c7b42c5-122d-4ef9-917f-8217729e72ff: Sackin index -0.1349; 1.2 s; peak memory 1153 MiB.
2026-10-08T08:18:35Z INFO [372/750] 6c7b8503-3dff-4abf-b8ea-70fe6ad11a30: Sackin index -0.1243; 2.6 s; peak memory 1153 MiB.
2026-10-08T08:18:43Z INFO [373/750] 6c7c7467-c6b3-4df4-af25-64fb64f79dfa: Sackin index -0.0437; 8.1 s; peak memory 1153 MiB.
2026-10-08T08:18:44Z INFO [374/750] 6c7cedbe-36c0-4d1b-977d-c00a7f733516: Sackin index -0.0387; 1.6 s; peak memory 1153 MiB.
2026-10-08T08:18:52Z INFO [375/750] 6c7cffce-e967-4444-a84f-048541c018a5: Sackin index -0.0251; 7.5 s; peak memory 1153 MiB.
2026-10-08T08:18:54Z INFO [376/750] 6c7d16d2-3894-4005-af82-a849b865c5f2: Sackin index -0.1030; 1.8 s; peak memory 1153 MiB.
2026-10-08T08:18:57Z INFO [377/750] 6c7d45d9-7a13-4ee7-8757-9efef2e0ffd0: Sackin index -0.0579; 3.1 s; peak memory 1153 MiB.
2026-10-08T08:18:58Z INFO [378/750] 6c7e7467-b421-46bf-b11c-118cfaf414c4: Sackin index -0.1658; 1.0 s; peak memory 1153 MiB.
2026-10-08T08:18:59Z INFO [379/750] 6c7e93bb-5eec-4f49-bde2-0a1c092e56ac: Sackin index -0.1361; 1.2 s; peak memory 1153 MiB.
2026-10-08T08:19:00Z INFO [380/750] 6c7f276a-394d-4853-b306-f8b58b2fdeef: Sackin index -0.1349; 1.3 s; peak memory 1153 MiB.
2026-10-08T08:19:01Z INFO [381/750] 6c7f6cb0-5dcd-471d-b227-34c0f75e550a: Sackin index -0.1658; 1.0 s; peak memory 1153 MiB.
2026-10-08T08:19:03Z INFO [382/750] 6c807931-522b-4da4-9b62-c899e72bb400: Sackin index -0.1288; 1.3 s; peak memory 1153 MiB.
2026-10-08T08:19:04Z INFO [383/750] 6c80ba9d-a103-4e48-a155-d425d972328c: Sackin index -0.0702; 1.5 s; peak memory 1153 MiB.
2026-10-08T08:19:05Z INFO [384/750] 6c81d49c-a39f-438c-9d22-f8d284bf8fe7: Sackin index -0.1349; 1.3 s; peak memory 1153 MiB.
2026-10-08T08:19:08Z INFO [385/750] 6c81d6e9-3449-4be6-91b0-d5ac07b6f818: Sackin index -0.0699; 3.0 s; peak memory 1153 MiB.
2026-10-08T08:19:12Z INFO [386/750] 6c82afac-426c-4db1-bd41-72063af863c3: Sackin index -0.0869; 3.2 s; peak memory 1153 MiB.
2026-10-08T08:19:16Z INFO [387/750] 6c839a00-ee2a-4d53-a71a-e9b112077550: Sackin index -0.1062; 4.7 s; peak memory 1153 MiB.
2026-10-08T08:19:18Z INFO [388/750] 6c83bb73-40d3-4f18-b7e9-dbd9b82167ff: Sackin index -0.1331; 1.3 s; peak memory 1153 MiB.
2026-10-08T08:19:19Z INFO [389/750] 6c852787-83f4-4fb2-9af0-7537fbfd0449: Sackin index -0.1349; 1.4 s; peak memory 1153 MiB.
2026-10-08T08:19:21Z INFO [390/750] 6c852d81-bcd4-4c71-9f91-650b87767792: Sackin index -0.0696; 1.7 s; peak memory 1153 MiB.
2026-10-08T08:19:27Z INFO [391/750] 6c85a61c-2bbe-4fef-84cf-555e75c704bb: Sackin index -0.0411; 6.6 s; peak memory 1153 MiB.
2026-10-08T08:19:28Z INFO [392/750] 6c85c370-640b-4f96-be2e-a4664d3139dc: Sackin index -0.1349; 1.3 s; peak memory 1153 MiB.
2026-10-08T08:19:30Z INFO [393/750] 6c8676d2-1114-4a3b-8051-161412c47f8a: Sackin index -0.1349; 1.3 s; peak memory 1153 MiB.
2026-10-08T08:19:31Z INFO [394/750] 6c8693ec-79a9-4a1a-b63b-f9cbf39fec00: Sackin index -0.1349; 1.3 s; peak memory 1153 MiB.
2026-10-08T08:19:33Z INFO [395/750] 6c869bf9-b618-4396-bbea-e3ba11ea56c6: Sackin index -0.0369; 2.1 s; peak memory 1153 MiB.
2026-10-08T08:19:35Z INFO [396/750] 6c87a7af-fc89-4587-9935-7afc8d2837a1: Sackin index -0.1234; 1.6 s; peak memory 1153 MiB.
2026-10-08T08:19:40Z INFO [397/750] 6c8826a6-1752-49a3-b457-d59b79346f28: Sackin index -0.0251; 5.6 s; peak memory 1153 MiB.
2026-10-08T08:19:43Z INFO [398/750] 6c89af0c-fea5-483c-881a-f02af064a019: Sackin index -0.0738; 2.2 s; peak memory 1153 MiB.
2026-10-08T08:19:44Z INFO [399/750] 6c8a8281-5292-497b-ba0a-57e73ebe4dec: Sackin index -0.0375; 1.9 s; peak memory 1153 MiB.
2026-10-08T08:19:56Z INFO [400/750] 6c8ac2a6-8470-46c0-be37-f1b93caa28e1: Sackin index -0.0234; 12.0 s; peak memory 1153 MiB.
2026-10-08T08:19:57Z INFO [400/750] 6c8ac2a6-8470-46c0-be37-f1b93caa28e1: checkpointed 99236 records.
2026-10-08T08:20:01Z INFO [401/750] 6c8ac8ac-5b9f-43d2-95ae-6c04ffd36c7a: Sackin index -0.0761; 4.5 s; peak memory 1153 MiB.
2026-10-08T08:20:02Z INFO [402/750] 6c8c23a7-5822-4912-9b4c-8cd337a791a1: Sackin index -0.1349; 1.3 s; peak memory 1153 MiB.
2026-10-08T08:20:03Z INFO [403/750] 6c8c4b05-0267-46c1-b540-8e021ab68d32: Sackin index -0.1658; 1.0 s; peak memory 1153 MiB.
2026-10-08T08:20:06Z INFO [404/750] 6c8d168e-1eb7-4517-b400-409999719d4e: Sackin index -0.0369; 2.6 s; peak memory 1153 MiB.
2026-10-08T08:20:12Z INFO [405/750] 6c8d4008-1923-43d5-846c-1414cc94e84a: Sackin index -0.0237; 6.3 s; peak memory 1153 MiB.
2026-10-08T08:20:14Z INFO [406/750] 6c8dcbe9-8160-4c4a-9ef1-766a7b6b4286: Sackin index -0.0728; 2.1 s; peak memory 1153 MiB.
2026-10-08T08:20:19Z INFO [407/750] 6c8dd716-de3b-4d73-8d5a-82aa40dabb44: Sackin index -0.0336; 4.7 s; peak memory 1153 MiB.
2026-10-08T08:20:20Z INFO [408/750] 6c8ef482-add2-47aa-85aa-36d069bfe85a: Sackin index -0.1349; 1.3 s; peak memory 1153 MiB.
2026-10-08T08:20:38Z INFO [409/750] 6c8f272f-8932-44a2-8889-defb3c6fd343: Sackin index -0.0154; 18.1 s; peak memory 1153 MiB.
2026-10-08T08:20:40Z INFO [410/750] 6c90a27c-d01d-42f6-a5b3-01edb488bc1b: Sackin index -0.1349; 1.5 s; peak memory 1153 MiB.
2026-10-08T08:20:41Z INFO [411/750] 6c90a5a4-b928-44ed-9979-8c24c7d9f3c4: Sackin index -0.1319; 1.2 s; peak memory 1153 MiB.
2026-10-08T08:21:28Z INFO [412/750] 6c934e64-5133-4e4b-9513-93e46fd20c20: Sackin index -0.0169; 46.6 s; peak memory 1153 MiB.
2026-10-08T08:21:29Z INFO [413/750] 6c93918e-5014-40b0-95b3-47be8678763f: Sackin index -0.1239; 1.3 s; peak memory 1153 MiB.
2026-10-08T08:21:40Z INFO [414/750] 6c93ce2e-7afa-4d50-b742-6e2af2df2675: Sackin index -0.0288; 11.1 s; peak memory 1153 MiB.
2026-10-08T08:21:42Z INFO [415/750] 6c93f6bb-a5ae-4ee7-a363-10f9c28a0c7d: Sackin index -0.0728; 2.0 s; peak memory 1153 MiB.
2026-10-08T08:21:49Z INFO [416/750] 6c9556fc-0c11-4a16-a252-951646a412b4: Sackin index -0.0255; 6.7 s; peak memory 1153 MiB.
2026-10-08T08:21:52Z INFO [417/750] 6c95b5ed-550a-4373-b13b-34d276de81d2: Sackin index -0.0693; 3.0 s; peak memory 1153 MiB.
2026-10-08T08:21:53Z INFO [418/750] 6c95ed0f-bc70-486c-97e2-f9ac9f5f4d12: Sackin index -0.1349; 1.3 s; peak memory 1153 MiB.
2026-10-08T08:21:55Z INFO [419/750] 6c97924a-82c9-45e9-ac62-253e2a23c218: Sackin index -0.0709; 1.4 s; peak memory 1153 MiB.
2026-10-08T08:24:40Z INFO [420/750] 6c994c85-ec4d-4ab2-a12e-ddb61fc0ca53: Sackin index -0.0260; 165.5 s; peak memory 1153 MiB.
2026-10-08T08:24:42Z INFO [421/750] 6c995192-5084-44b4-8eab-36713916efbc: Sackin index -0.0728; 1.9 s; peak memory 1153 MiB.
2026-10-08T08:24:44Z INFO [422/750] 6c99b010-580f-4781-ad10-6e9a7694f272: Sackin index -0.0728; 1.8 s; peak memory 1153 MiB.
2026-10-08T08:24:46Z INFO [423/750] 6c99ba63-af25-460d-8dc2-5860fbc867c5: Sackin index -0.0728; 2.0 s; peak memory 1153 MiB.
2026-10-08T08:24:47Z INFO [424/750] 6c9a0f3d-52d6-4ec8-9412-893543e94448: Sackin index -0.1319; 1.1 s; peak memory 1153 MiB.
2026-10-08T08:24:51Z INFO [425/750] 6c9a18dc-e678-4de1-a163-691afb02a0b4: Sackin index -0.0660; 3.6 s; peak memory 1153 MiB.
2026-10-08T08:24:52Z INFO [426/750] 6c9b7ef6-ec72-4049-aad2-995e4cd304b9: Sackin index -0.0728; 1.8 s; peak memory 1153 MiB.
2026-10-08T08:24:53Z INFO [427/750] 6c9b8000-8632-4f93-b740-b3e92a3a83b3: Sackin index -0.1658; 1.0 s; peak memory 1153 MiB.
2026-10-08T08:24:55Z INFO [428/750] 6c9b982f-eff8-444f-955d-f6309f9729ab: Sackin index -0.0728; 2.1 s; peak memory 1153 MiB.
2026-10-08T08:24:57Z INFO [429/750] 6c9c2fab-7137-4f18-b605-94588bd78548: Sackin index -0.0702; 1.6 s; peak memory 1153 MiB.
2026-10-08T08:24:59Z INFO [430/750] 6c9ca6c5-8672-4d95-8c5e-7624d6063caa: Sackin index -0.0702; 1.6 s; peak memory 1153 MiB.
2026-10-08T08:25:00Z INFO [431/750] 6c9da112-8c0c-4766-b2e8-407183321c05: Sackin index -0.0709; 1.5 s; peak memory 1153 MiB.
2026-10-08T08:25:02Z INFO [432/750] 6c9e1561-f557-45e0-b630-517f6587c9a8: Sackin index -0.0375; 1.9 s; peak memory 1153 MiB.
2026-10-08T08:25:03Z INFO [433/750] 6c9e84b2-5fc3-42aa-a7d5-b335855b04d0: Sackin index -0.1349; 1.4 s; peak memory 1153 MiB.
2026-10-08T08:25:11Z INFO [434/750] 6c9ee7b4-1e19-4c26-8577-cb401ce64b1d: Sackin index -0.0251; 7.3 s; peak memory 1153 MiB.
2026-10-08T08:25:12Z INFO [435/750] 6c9f0e60-d561-4c77-b164-842b12bc5cf1: Sackin index -0.0728; 1.6 s; peak memory 1153 MiB.
2026-10-08T08:25:14Z INFO [436/750] 6c9f34aa-d879-4b36-8a42-dd161cd2c47f: Sackin index -0.0696; 1.5 s; peak memory 1153 MiB.
2026-10-08T08:25:41Z INFO [437/750] 6c9f49b0-f474-4fb1-a833-b78f159604c7: Sackin index -0.1367; 27.4 s; peak memory 1153 MiB.
2026-10-08T08:25:42Z INFO [438/750] 6ca056b8-5050-4629-989c-74a839d2aa9d: Sackin index -0.1658; 1.0 s; peak memory 1153 MiB.
2026-10-08T08:25:44Z INFO [439/750] 6ca0b4b4-29a6-471e-8e2a-081b5be3e856: Sackin index -0.1349; 1.3 s; peak memory 1153 MiB.
2026-10-08T08:25:45Z INFO [440/750] 6ca13701-e0af-4ebd-b911-9d63f26f2acf: Sackin index -0.0956; 1.4 s; peak memory 1153 MiB.
2026-10-08T08:25:46Z INFO [441/750] 6ca175d9-98a3-4f11-8b6b-1299c29c62f7: Sackin index -0.1349; 1.3 s; peak memory 1153 MiB.
2026-10-08T08:25:48Z INFO [442/750] 6ca2d542-0518-4b9a-a936-b0c50a7d749b: Sackin index -0.1429; 1.6 s; peak memory 1153 MiB.
2026-10-08T08:25:49Z INFO [443/750] 6ca36bd3-7e71-4465-83e5-d4dfffe78d33: Sackin index -0.1321; 1.5 s; peak memory 1153 MiB.
2026-10-08T08:25:56Z INFO [444/750] 6ca3d044-a1cf-4329-b984-bfccb79329e1: Sackin index -0.0403; 6.4 s; peak memory 1153 MiB.
2026-10-08T08:25:58Z INFO [445/750] 6ca4ce55-5c85-484a-b201-af093a31f762: Sackin index -0.0728; 1.9 s; peak memory 1153 MiB.
2026-10-08T08:26:05Z INFO [446/750] 6ca4e33f-f698-4861-a34f-e7f769d71b5b: Sackin index -0.0265; 7.1 s; peak memory 1153 MiB.
2026-10-08T08:26:08Z INFO [447/750] 6ca5985e-c4fc-4d92-a066-e6887af4304f: Sackin index -0.0660; 3.5 s; peak memory 1153 MiB.
2026-10-08T08:26:10Z INFO [448/750] 6ca5e31e-0df1-4e8b-bebe-b62f0eab9e1b: Sackin index -0.1349; 1.4 s; peak memory 1153 MiB.
2026-10-08T08:28:50Z INFO [449/750] 6ca698eb-f7df-4b4b-abf7-87719a95da61: Sackin index -0.0410; 160.6 s; peak memory 1153 MiB.
2026-10-08T08:28:53Z INFO [450/750] 6ca6dc45-a5dc-472d-87f3-1db5d6d976ff: Sackin index -0.0369; 2.4 s; peak memory 1153 MiB.
2026-10-08T08:28:53Z INFO [450/750] 6ca6dc45-a5dc-472d-87f3-1db5d6d976ff: checkpointed 99286 records.
2026-10-08T08:28:54Z INFO [451/750] 6ca71e82-11ce-4de8-8006-ad273a0bafc8: Sackin index -0.0702; 1.6 s; peak memory 1153 MiB.
2026-10-08T08:28:56Z INFO [452/750] 6ca76acc-7a72-412f-9f09-b56a85fe3443: Sackin index -0.0748; 1.6 s; peak memory 1153 MiB.
2026-10-08T08:28:59Z INFO [453/750] 6ca82700-a0d9-4cb4-b909-199c1cd56470: Sackin index -0.0699; 3.2 s; peak memory 1153 MiB.
2026-10-08T08:29:15Z INFO [454/750] 6ca82965-fc33-4e25-a6e8-feaeb9d6f329: Sackin index -0.0116; 16.0 s; peak memory 1153 MiB.
2026-10-08T08:29:17Z INFO [455/750] 6ca82a18-d592-485b-afc0-4bb32285f2c0: Sackin index -0.1349; 1.4 s; peak memory 1153 MiB.
2026-10-08T08:32:02Z INFO [456/750] 6ca83c06-7644-4e67-b1c8-aa12e7365be8: Sackin index -0.0286; 165.2 s; peak memory 1153 MiB.
2026-10-08T08:32:03Z INFO [457/750] 6ca84889-5cb3-4224-883f-c516b14e62b5: Sackin index -0.0702; 1.6 s; peak memory 1153 MiB.
2026-10-08T08:32:05Z INFO [458/750] 6ca853c2-c0c1-4483-a4b1-ba51d1814dca: Sackin index -0.0398; 2.0 s; peak memory 1153 MiB.
2026-10-08T08:32:07Z INFO [459/750] 6ca889ba-f8bd-4470-a7f8-48c649cd8a4b: Sackin index -0.0386; 1.7 s; peak memory 1153 MiB.
2026-10-08T08:32:08Z INFO [460/750] 6ca94dae-ebac-4d12-822a-32deab1e20a2: Sackin index -0.1349; 1.4 s; peak memory 1153 MiB.
2026-10-08T08:32:10Z INFO [461/750] 6caada87-a3a6-47dc-944a-89de3eaa262d: Sackin index -0.0944; 1.7 s; peak memory 1153 MiB.
2026-10-08T08:33:54Z INFO [462/750] 6cabb1f7-34f8-4183-ad92-07c02794ac24: Sackin index -0.0935; 103.9 s; peak memory 1153 MiB.
2026-10-08T08:33:56Z INFO [463/750] 6cae6985-a8ec-4930-b365-184bbe4b7e66: Sackin index -0.0379; 1.9 s; peak memory 1153 MiB.
2026-10-08T08:33:57Z INFO [464/750] 6caf5520-99db-4be9-9b6f-782d733689c7: Sackin index -0.0748; 1.5 s; peak memory 1153 MiB.
2026-10-08T08:33:58Z INFO [465/750] 6cb0735b-0def-4eb9-a47e-384592163d64: Sackin index -0.1658; 1.0 s; peak memory 1153 MiB.
2026-10-08T08:34:18Z INFO [466/750] 6cb09e11-75ea-4cbd-b260-cbccaab92eed: Sackin index -0.0134; 19.2 s; peak memory 1153 MiB.
2026-10-08T08:34:19Z INFO [467/750] 6cb0db7c-0df2-4bb2-921d-7e3b7498208b: Sackin index -0.1349; 1.3 s; peak memory 1153 MiB.
2026-10-08T08:34:21Z INFO [468/750] 6cb13fba-686d-452a-9dfa-b5642c9a3654: Sackin index -0.1273; 1.6 s; peak memory 1153 MiB.
2026-10-08T08:34:22Z INFO [469/750] 6cb152af-63e3-4b05-99ca-d9f104d4fb59: Sackin index -0.1349; 1.3 s; peak memory 1153 MiB.
2026-10-08T08:34:28Z INFO [470/750] 6cb29158-7c64-43a8-a380-e6b6b98e9346: Sackin index -0.0403; 6.0 s; peak memory 1153 MiB.
2026-10-08T08:34:39Z INFO [471/750] 6cb29b0b-71f0-42d2-a70f-e5e603e14f0b: Sackin index -0.0182; 11.6 s; peak memory 1153 MiB.
2026-10-08T08:34:41Z INFO [472/750] 6cb310a7-f0ce-43c2-9b08-b359f7f3bd17: Sackin index -0.0709; 1.5 s; peak memory 1153 MiB.
2026-10-08T08:34:48Z INFO [473/750] 6cb3b591-be6c-4b33-a614-d06dfaad8d2c: Sackin index -0.0246; 6.9 s; peak memory 1153 MiB.
2026-10-08T08:34:49Z INFO [474/750] 6cb3d7dc-7a0c-43d8-becc-75c2284dcf9b: Sackin index -0.0702; 1.5 s; peak memory 1153 MiB.
2026-10-08T08:35:20Z INFO [475/750] 6cb400c7-09bd-4357-99f3-a39eb7d45b83: Sackin index -0.1367; 30.3 s; peak memory 1153 MiB.
2026-10-08T08:35:21Z INFO [476/750] 6cb41e7d-cad9-4707-9a55-b53b874a4dee: Sackin index -0.1349; 1.4 s; peak memory 1153 MiB.
2026-10-08T08:35:23Z INFO [477/750] 6cb45a60-06ce-4cc6-bf3c-2a55ef7ee67b: Sackin index -0.0728; 1.9 s; peak memory 1153 MiB.
2026-10-08T08:35:38Z INFO [478/750] 6cb48330-7470-467d-bf3b-301e89674eec: Sackin index -0.0131; 14.9 s; peak memory 1153 MiB.
2026-10-08T08:35:40Z INFO [479/750] 6cb543c7-a0f2-4840-b2fe-ea68a24f0ccc: Sackin index -0.0972; 1.8 s; peak memory 1153 MiB.
2026-10-08T08:35:41Z INFO [480/750] 6cb5d860-e317-4fbe-a0fe-7af77d480bf7: Sackin index -0.1191; 1.4 s; peak memory 1153 MiB.
2026-10-08T08:35:42Z INFO [481/750] 6cb6a022-5fb5-42d8-9be6-8b0644e0101c: Sackin index -0.1349; 1.3 s; peak memory 1153 MiB.
2026-10-08T08:35:43Z INFO [482/750] 6cb705b6-56e8-4718-9a72-920bb10c863f: Sackin index -0.1349; 1.3 s; peak memory 1153 MiB.
2026-10-08T08:35:48Z INFO [483/750] 6cb78ba9-932e-48ba-8efe-2d670206bde8: Sackin index -0.1761; 4.7 s; peak memory 1153 MiB.
2026-10-08T08:35:55Z INFO [484/750] 6cb86a7e-ef09-4a94-ad29-15f3af6ebcb2: Sackin index -0.1310; 7.3 s; peak memory 1153 MiB.
2026-10-08T08:35:57Z INFO [485/750] 6cb95151-dc9b-47eb-a6ca-ecccb787ec36: Sackin index -0.1349; 1.5 s; peak memory 1153 MiB.
2026-10-08T08:36:04Z INFO [486/750] 6cb9a673-da56-4283-84ea-9771dfc3b181: Sackin index -0.0439; 7.1 s; peak memory 1153 MiB.
2026-10-08T08:36:05Z INFO [487/750] 6cb9bb92-e30e-465c-927b-68ddb3743269: Sackin index -0.1331; 1.2 s; peak memory 1153 MiB.
2026-10-08T08:36:08Z INFO [488/750] 6cba2fe2-a61d-472a-8857-384374c8e2ef: Sackin index -0.0699; 3.0 s; peak memory 1153 MiB.
2026-10-08T08:36:10Z INFO [489/750] 6cba5198-06c2-4b1e-b034-e11580afc851: Sackin index -0.0702; 1.6 s; peak memory 1153 MiB.
2026-10-08T08:36:11Z INFO [490/750] 6cbc18ed-4abf-43c3-bf97-d188459e8aa8: Sackin index -0.0728; 1.7 s; peak memory 1153 MiB.
2026-10-08T08:36:14Z INFO [491/750] 6cbc5728-0cf8-4f7f-8147-eb9ba04ecb1f: Sackin index -0.0676; 2.9 s; peak memory 1153 MiB.
2026-10-08T08:36:18Z INFO [492/750] 6cbd5bec-73ab-4426-8305-4ef6be2ba96b: Sackin index -0.0516; 3.3 s; peak memory 1153 MiB.
2026-10-08T08:36:30Z INFO [493/750] 6cbd5f01-8195-491c-a1a9-f517ee91ad4a: Sackin index -0.0297; 12.1 s; peak memory 1153 MiB.
2026-10-08T08:36:31Z INFO [494/750] 6cbd6533-72b4-4392-8e4a-4fb59cde5833: Sackin index -0.1303; 1.0 s; peak memory 1153 MiB.
2026-10-08T08:36:33Z INFO [495/750] 6cbef589-9558-4f92-a089-334a7818159d: Sackin index -0.0941; 2.4 s; peak memory 1153 MiB.
2026-10-08T08:36:41Z INFO [496/750] 6cbfbe58-73ac-4a51-b4d2-2c950d328ceb: Sackin index -0.0249; 8.1 s; peak memory 1153 MiB.
2026-10-08T08:36:43Z INFO [497/750] 6cbff0fc-fac0-4676-a296-36bc635ef3cb: Sackin index -0.0991; 1.6 s; peak memory 1153 MiB.
2026-10-08T08:36:45Z INFO [498/750] 6cc04e8f-00e9-41c5-84d5-6948f116f67f: Sackin index -0.0702; 1.7 s; peak memory 1153 MiB.
2026-10-08T08:36:47Z INFO [499/750] 6cc08054-9797-420d-94fa-cba42d02c486: Sackin index -0.1383; 1.9 s; peak memory 1153 MiB.
2026-10-08T08:36:52Z INFO [500/750] 6cc09cfb-2a46-4397-a580-28eeaa407c38: Sackin index -0.0403; 5.8 s; peak memory 1153 MiB.
2026-10-08T08:36:53Z INFO [500/750] 6cc09cfb-2a46-4397-a580-28eeaa407c38: checkpointed 99336 records.
2026-10-08T08:36:54Z INFO [501/750] 6cc0f65a-aed3-4ac8-9c22-1ce7ae2ec5a0: Sackin index -0.1062; 1.7 s; peak memory 1153 MiB.
2026-10-08T08:36:56Z INFO [502/750] 6cc10061-efc5-4489-9060-db91d27793d8: Sackin index -0.1578; 1.4 s; peak memory 1153 MiB.
2026-10-08T08:36:58Z INFO [503/750] 6cc1011b-ee98-4c94-a89e-02fc2fbbddd4: Sackin index -0.0752; 2.3 s; peak memory 1153 MiB.
2026-10-08T08:37:00Z INFO [504/750] 6cc1b2dc-0d2f-48d4-8008-a93454d1d975: Sackin index -0.0379; 1.9 s; peak memory 1153 MiB.
2026-10-08T08:37:01Z INFO [505/750] 6cc229d3-da88-4fea-87c6-4f4fc562e228: Sackin index -0.1248; 1.3 s; peak memory 1153 MiB.
2026-10-08T08:37:03Z INFO [506/750] 6cc25518-983b-4cb8-95f9-180c5154773a: Sackin index -0.0369; 2.0 s; peak memory 1153 MiB.
2026-10-08T08:37:04Z INFO [507/750] 6cc31808-d64b-4abd-9c1b-6eacb315524f: Sackin index -0.1349; 1.3 s; peak memory 1153 MiB.
2026-10-08T08:37:06Z INFO [508/750] 6cc36d6e-1556-45ee-9a14-0a8a8c18c2ae: Sackin index -0.1349; 1.3 s; peak memory 1153 MiB.
2026-10-08T08:37:08Z INFO [509/750] 6cc3fdec-d957-4669-82ff-0ee0ed81046e: Sackin index -0.0728; 2.2 s; peak memory 1153 MiB.
2026-10-08T08:37:10Z INFO [510/750] 6cc5ac30-dfbf-469e-8911-0995fc7c975b: Sackin index -0.0434; 1.9 s; peak memory 1153 MiB.
2026-10-08T08:37:11Z INFO [511/750] 6cc6e836-3d18-40b3-a7c5-9ee6e3c6d33b: Sackin index -0.1658; 1.0 s; peak memory 1153 MiB.
2026-10-08T08:37:16Z INFO [512/750] 6cc76a9c-cb81-4f85-83a6-59ce609574be: Sackin index -0.0611; 5.6 s; peak memory 1153 MiB.
2026-10-08T08:37:18Z INFO [513/750] 6cc786ce-e5ab-49a6-a018-07f74c879e58: Sackin index -0.1349; 1.3 s; peak memory 1153 MiB.
2026-10-08T08:37:19Z INFO [514/750] 6cc809a0-8ac9-4444-a37b-ff3420f4d8ef: Sackin index -0.0728; 1.9 s; peak memory 1153 MiB.
2026-10-08T08:37:43Z INFO [515/750] 6cc82103-2722-4ceb-81f9-047dc6d665e2: Sackin index -0.0090; 23.7 s; peak memory 1153 MiB.
2026-10-08T08:37:44Z INFO [516/750] 6cc8564c-c213-46b6-add8-32827c71af62: Sackin index -0.1349; 1.2 s; peak memory 1153 MiB.
2026-10-08T08:37:46Z INFO [517/750] 6cc972af-ddb4-4be8-9f04-bc4c15b8f616: Sackin index -0.1248; 1.4 s; peak memory 1153 MiB.
2026-10-08T08:37:52Z INFO [518/750] 6cca8a62-1baa-40e0-8a8b-8226d0c02433: Sackin index -0.0403; 6.3 s; peak memory 1153 MiB.
2026-10-08T08:37:54Z INFO [519/750] 6ccafac2-0b26-49a4-b564-e531be1d110c: Sackin index -0.0709; 1.6 s; peak memory 1153 MiB.
2026-10-08T08:37:55Z INFO [520/750] 6ccb2c19-0a16-42eb-a210-aa0327084c0c: Sackin index -0.0745; 1.7 s; peak memory 1153 MiB.
2026-10-08T08:37:56Z INFO [521/750] 6ccbe41f-81ea-4538-8deb-942cf3c65555: Sackin index -0.1658; 1.2 s; peak memory 1153 MiB.
2026-10-08T08:38:23Z INFO [522/750] 6ccd2634-83f8-45b0-a4e6-33ae89c60c62: Sackin index -0.1367; 27.0 s; peak memory 1153 MiB.
2026-10-08T08:38:26Z INFO [523/750] 6cce1e3e-5010-4cef-96c2-6ef608ca7dd9: Sackin index -0.1356; 2.1 s; peak memory 1153 MiB.
2026-10-08T08:38:27Z INFO [524/750] 6cce2be3-9ca8-4969-955d-2001c6288f7b: Sackin index -0.1358; 1.3 s; peak memory 1153 MiB.
2026-10-08T08:38:28Z INFO [525/750] 6ccfb1f7-40fc-44b5-8df1-3831d7659ce2: Sackin index -0.0673; 1.4 s; peak memory 1153 MiB.
2026-10-08T08:38:41Z INFO [526/750] 6cd051af-1113-4301-b2e5-4b3556f34318: Sackin index -0.0192; 12.9 s; peak memory 1153 MiB.
2026-10-08T08:38:43Z INFO [527/750] 6cd06980-4e27-4488-bddb-675e00003be4: Sackin index -0.0702; 1.6 s; peak memory 1153 MiB.
2026-10-08T08:38:44Z INFO [528/750] 6cd1229e-833e-4539-860d-e73c3b5a6d11: Sackin index -0.0702; 1.7 s; peak memory 1153 MiB.
2026-10-08T08:38:47Z INFO [529/750] 6cd16efc-a727-4917-b877-f52cb363c50f: Sackin index -0.0728; 2.2 s; peak memory 1153 MiB.
2026-10-08T08:39:17Z INFO [530/750] 6cd1c57a-04b6-4d12-b055-a5782f87d344: Sackin index -0.0121; 30.8 s; peak memory 1153 MiB.
2026-10-08T08:39:19Z INFO [531/750] 6cd2017a-ec16-4fc9-9fec-7c87107df389: Sackin index -0.1331; 1.2 s; peak memory 1153 MiB.
2026-10-08T08:39:21Z INFO [532/750] 6cd20d72-4817-46cf-a710-43895e3772f3: Sackin index -0.0387; 1.9 s; peak memory 1153 MiB.
2026-10-08T08:39:22Z INFO [533/750] 6cd27349-1f0c-4f37-8b3a-9825cb9db4af: Sackin index -0.0917; 1.3 s; peak memory 1153 MiB.
2026-10-08T08:39:23Z INFO [534/750] 6cd2c295-aa02-43d5-97ef-a2b42dfb0cbf: Sackin index -0.0745; 1.6 s; peak memory 1153 MiB.
2026-10-08T08:39:29Z INFO [535/750] 6cd2da31-af4d-4eaa-8250-e6e381b13d27: Sackin index -0.0403; 5.8 s; peak memory 1153 MiB.
2026-10-08T08:39:31Z INFO [536/750] 6cd32d78-7a21-4ac1-a250-d8eda9eef4c7: Sackin index -0.1349; 1.3 s; peak memory 1153 MiB.
2026-10-08T08:39:37Z INFO [537/750] 6cd39996-3f7d-40f1-8510-913ce00f8f02: Sackin index -0.0383; 6.3 s; peak memory 1153 MiB.
2026-10-08T08:39:38Z INFO [538/750] 6cd4237d-85f8-4058-9c39-f553e32a61c9: Sackin index -0.1191; 1.5 s; peak memory 1153 MiB.
2026-10-08T08:39:55Z INFO [539/750] 6cd48859-7206-4600-880d-8f6d284b0b8a: Sackin index -0.0113; 16.3 s; peak memory 1153 MiB.
2026-10-08T08:40:01Z INFO [540/750] 6cd5d517-d90a-4eae-8e73-33dbb54110d8: Sackin index -0.0251; 6.6 s; peak memory 1153 MiB.
2026-10-08T08:40:02Z INFO [541/750] 6cd5d7b0-e5ae-4da8-97c7-ae1c44ca7f37: Sackin index -0.1448; 1.1 s; peak memory 1153 MiB.
2026-10-08T08:40:09Z INFO [542/750] 6cd5feb5-24ba-4cca-89ec-dcafb9612124: Sackin index -0.0251; 6.9 s; peak memory 1153 MiB.
2026-10-08T08:40:11Z INFO [543/750] 6cd6db5d-1a8a-481f-bb48-6bc0314b4cf3: Sackin index -0.0656; 1.4 s; peak memory 1153 MiB.
2026-10-08T08:40:42Z INFO [544/750] 6cd7c6c2-9e72-4df3-82d1-5fd0743db43f: Sackin index -0.1367; 31.8 s; peak memory 1153 MiB.
2026-10-08T08:41:14Z INFO [545/750] 6cd81c1e-adcd-4844-a9b4-1fb7f095efec: Sackin index -0.1367; 31.7 s; peak memory 1153 MiB.
2026-10-08T08:41:15Z INFO [546/750] 6cd85948-baf2-47d1-a7c9-3d816282517b: Sackin index -0.1658; 1.0 s; peak memory 1153 MiB.
2026-10-08T08:41:23Z INFO [547/750] 6cd93d7c-d837-45f2-a15f-8db7fff69f96: Sackin index -0.0512; 7.6 s; peak memory 1153 MiB.
2026-10-08T08:41:26Z INFO [548/750] 6cd95eaa-34f9-4305-b462-f822c4c47dae: Sackin index -0.0699; 2.7 s; peak memory 1153 MiB.
2026-10-08T08:41:27Z INFO [549/750] 6cd960e2-3fa4-41c6-8488-4751424b88bf: Sackin index -0.0702; 1.5 s; peak memory 1153 MiB.
2026-10-08T08:41:29Z INFO [550/750] 6cda0bb1-1528-426a-8628-ea6ed330c9cc: Sackin index -0.1160; 2.4 s; peak memory 1153 MiB.
2026-10-08T08:41:30Z INFO [550/750] 6cda0bb1-1528-426a-8628-ea6ed330c9cc: checkpointed 99386 records.
2026-10-08T08:41:31Z INFO [551/750] 6cdb5a38-8d43-4bab-9db0-071bdc896569: Sackin index -0.1349; 1.4 s; peak memory 1153 MiB.
2026-10-08T08:41:34Z INFO [552/750] 6cdbedcd-0bda-4ad0-88d6-694c8cf2ad4d: Sackin index -0.1243; 2.7 s; peak memory 1153 MiB.
2026-10-08T08:41:35Z INFO [553/750] 6cdc5fda-4a73-47d9-965b-a4b914caea9e: Sackin index -0.1562; 1.4 s; peak memory 1153 MiB.
2026-10-08T08:41:46Z INFO [554/750] 6cdcbf8c-a6b0-4103-a325-736e3a038335: Sackin index -0.0341; 10.7 s; peak memory 1153 MiB.
2026-10-08T08:41:54Z INFO [555/750] 6cdcca97-fbf5-4dd4-9b4e-2623ca412e3c: Sackin index -0.0420; 8.6 s; peak memory 1153 MiB.
2026-10-08T08:42:00Z INFO [556/750] 6cdd1560-3fdd-4f1f-82f1-9399be2b5b00: Sackin index -0.0403; 5.8 s; peak memory 1153 MiB.
2026-10-08T08:42:02Z INFO [557/750] 6cdd7369-f402-456a-bc1a-0af6e1051d47: Sackin index -0.0746; 1.7 s; peak memory 1153 MiB.
2026-10-08T08:42:03Z INFO [558/750] 6cde33d3-a200-4230-8d34-66e4d9375b1a: Sackin index -0.0702; 1.4 s; peak memory 1153 MiB.
2026-10-08T08:42:05Z INFO [559/750] 6cdecfa3-c8e7-4473-89f2-d17b0ff5738e: Sackin index -0.0702; 1.6 s; peak memory 1153 MiB.
2026-10-08T08:42:07Z INFO [560/750] 6cdf7775-f558-4d85-a47b-ae529f1d4e5b: Sackin index -0.0369; 2.2 s; peak memory 1153 MiB.
2026-10-08T08:42:08Z INFO [561/750] 6ce13eaa-f20c-4671-a2db-55df228584bb: Sackin index -0.1349; 1.3 s; peak memory 1153 MiB.
2026-10-08T08:42:10Z INFO [562/750] 6ce1c2da-a77e-4559-9fc4-fdbf2e3364d4: Sackin index -0.1349; 1.3 s; peak memory 1153 MiB.
2026-10-08T08:42:11Z INFO [563/750] 6ce24b2a-dd8c-4ef6-b8ed-7b2ba27cc726: Sackin index -0.1254; 1.3 s; peak memory 1153 MiB.
2026-10-08T08:42:12Z INFO [564/750] 6ce31656-c347-46b0-90f0-a78564fbc809: Sackin index -0.0696; 1.6 s; peak memory 1153 MiB.
2026-10-08T08:42:14Z INFO [565/750] 6ce3b1ff-0606-4293-aea0-af5927cb5d82: Sackin index -0.1349; 1.3 s; peak memory 1153 MiB.
2026-10-08T08:42:16Z INFO [566/750] 6ce3be33-6441-49e6-b8df-b9769c954dc2: Sackin index -0.0369; 2.3 s; peak memory 1153 MiB.
2026-10-08T08:42:17Z INFO [567/750] 6ce44aea-1d97-4d56-95eb-360685ccd94a: Sackin index -0.1349; 1.3 s; peak memory 1153 MiB.
2026-10-08T08:42:19Z INFO [568/750] 6ce4992d-cedc-4cea-b1f5-e11e9d32236f: Sackin index -0.1349; 1.3 s; peak memory 1153 MiB.
2026-10-08T08:42:20Z INFO [569/750] 6ce4bd0e-c35f-4122-9e6c-183401049c3c: Sackin index -0.1349; 1.2 s; peak memory 1153 MiB.
2026-10-08T08:53:28Z INFO [570/750] 6ce4e342-b871-484d-9514-a04c11f727f2: Sackin index -0.0691; 668.5 s; peak memory 1248 MiB.
2026-10-08T08:53:42Z INFO [571/750] 6ce4ed85-d712-421d-8c42-7eda9009e063: Sackin index -0.0170; 13.7 s; peak memory 1248 MiB.
2026-10-08T08:53:43Z INFO [572/750] 6ce4f678-cfdb-46e2-84af-421516aca104: Sackin index -0.1349; 1.3 s; peak memory 1248 MiB.
2026-10-08T08:53:46Z INFO [573/750] 6ce68233-4e28-4001-9ea7-bad1beb4e0c3: Sackin index -0.1224; 2.5 s; peak memory 1248 MiB.
2026-10-08T08:53:53Z INFO [574/750] 6ce7ab65-9382-4aaa-8736-a8040ab345f7: Sackin index -0.0455; 7.4 s; peak memory 1248 MiB.
2026-10-08T08:53:55Z INFO [575/750] 6ce7fa80-ef80-4ecd-93b1-6fb44ac3c7d0: Sackin index -0.1199; 1.5 s; peak memory 1248 MiB.
2026-10-08T08:54:01Z INFO [576/750] 6ce8abcd-b4ca-4103-8534-67b82735c48f: Sackin index -0.0416; 5.7 s; peak memory 1248 MiB.
2026-10-08T08:54:02Z INFO [577/750] 6ce8b608-846d-4415-9463-4ce685680a73: Sackin index -0.0702; 1.4 s; peak memory 1248 MiB.
2026-10-08T08:54:03Z INFO [578/750] 6ce94adc-f926-4c09-bb0d-e25251d52120: Sackin index -0.1448; 1.1 s; peak memory 1248 MiB.
2026-10-08T08:54:05Z INFO [579/750] 6ce9afb1-afe3-4427-b80b-4a9240d58148: Sackin index -0.0728; 2.0 s; peak memory 1248 MiB.
2026-10-08T08:54:06Z INFO [580/750] 6ce9b21b-fe55-4c87-8225-56088f28d1e8: Sackin index -0.1349; 1.2 s; peak memory 1248 MiB.
2026-10-08T08:54:12Z INFO [581/750] 6cea597f-e4b1-4775-8929-00486a94feb5: Sackin index -0.0435; 6.1 s; peak memory 1248 MiB.
2026-10-08T08:54:14Z INFO [582/750] 6cea8db7-bcf2-4b50-a965-0f88ce03c2a3: Sackin index -0.0728; 1.7 s; peak memory 1248 MiB.
2026-10-08T08:54:16Z INFO [583/750] 6ceaddf9-0a5b-411e-86e8-3d211e853128: Sackin index -0.0728; 1.9 s; peak memory 1248 MiB.
2026-10-08T08:54:18Z INFO [584/750] 6ceb4891-1235-4f2b-9c5d-2e35f01cff12: Sackin index -0.0369; 2.2 s; peak memory 1248 MiB.
2026-10-08T08:54:21Z INFO [585/750] 6cebbc62-49cb-4cba-92c1-90b25640baae: Sackin index -0.1562; 3.3 s; peak memory 1248 MiB.
2026-10-08T08:54:23Z INFO [586/750] 6cec29bd-875d-468b-9b3e-e462a6c31b83: Sackin index -0.1349; 1.3 s; peak memory 1248 MiB.
2026-10-08T08:54:24Z INFO [587/750] 6cecad26-1325-43d1-b048-6b1ce1666bf9: Sackin index -0.1161; 1.0 s; peak memory 1248 MiB.
2026-10-08T08:54:25Z INFO [588/750] 6cece0a5-4893-46d8-89c7-6402b797e210: Sackin index -0.0696; 1.4 s; peak memory 1248 MiB.
2026-10-08T08:54:28Z INFO [589/750] 6ced9ab2-497b-4e75-99a7-52894221dcee: Sackin index -0.0699; 2.9 s; peak memory 1248 MiB.
2026-10-08T08:54:29Z INFO [590/750] 6cef9f40-06c5-4531-b648-8155a9e5afb0: Sackin index -0.1349; 1.3 s; peak memory 1248 MiB.
2026-10-08T08:54:31Z INFO [591/750] 6cefb374-ce39-4028-a7cd-8ad4bbbc9f38: Sackin index -0.1349; 1.3 s; peak memory 1248 MiB.
2026-10-08T08:54:33Z INFO [592/750] 6cf00f1b-4cf1-4321-8b83-2151e6482425: Sackin index -0.1283; 2.4 s; peak memory 1248 MiB.
2026-10-08T08:54:34Z INFO [593/750] 6cf045b7-680e-4bc7-bb7d-fab42a3473df: Sackin index -0.1349; 1.3 s; peak memory 1248 MiB.
2026-10-08T08:54:36Z INFO [594/750] 6cf11af7-3f6a-46cb-8b52-154375d1c398: Sackin index -0.1331; 1.3 s; peak memory 1248 MiB.
2026-10-08T08:54:37Z INFO [595/750] 6cf1667f-218d-4ca6-8a7a-2e6dc0ad1b7d: Sackin index -0.0728; 1.7 s; peak memory 1248 MiB.
2026-10-08T08:54:39Z INFO [596/750] 6cf21a67-1e02-4eee-977d-9c51c4cb49f5: Sackin index -0.1248; 1.3 s; peak memory 1248 MiB.
2026-10-08T08:54:40Z INFO [597/750] 6cf23b83-8b03-4786-8636-d072556e7da2: Sackin index -0.1349; 1.3 s; peak memory 1248 MiB.
2026-10-08T08:54:41Z INFO [598/750] 6cf242d9-1efa-40d8-bc05-b5e62ef4eb79: Sackin index -0.1461; 1.2 s; peak memory 1248 MiB.
2026-10-08T08:55:06Z INFO [599/750] 6cf41644-d8b4-4711-b9a3-62292250dc3c: Sackin index -0.0093; 25.3 s; peak memory 1248 MiB.
2026-10-08T08:55:08Z INFO [600/750] 6cf4dbe3-bca7-4451-95af-d48f15d8d601: Sackin index -0.0728; 2.0 s; peak memory 1248 MiB.
2026-10-08T08:55:09Z INFO [600/750] 6cf4dbe3-bca7-4451-95af-d48f15d8d601: checkpointed 99436 records.
2026-10-08T08:55:10Z INFO [601/750] 6cf65ce5-8820-4778-99c9-d59a84175baf: Sackin index -0.1174; 1.3 s; peak memory 1248 MiB.
2026-10-08T08:55:11Z INFO [602/750] 6cf6cdae-3701-4648-8a17-7e27ef32731e: Sackin index -0.1349; 1.2 s; peak memory 1248 MiB.
2026-10-08T08:55:13Z INFO [603/750] 6cf8fdee-f28f-42be-8fb0-f6ed49775bf5: Sackin index -0.0728; 2.3 s; peak memory 1248 MiB.
2026-10-08T08:55:15Z INFO [604/750] 6cf93f66-9b26-4051-b574-255ca93f6daa: Sackin index -0.1658; 1.3 s; peak memory 1248 MiB.
2026-10-08T08:55:16Z INFO [605/750] 6cf997f7-d7e3-492b-806b-094dd10fdc56: Sackin index -0.1658; 1.1 s; peak memory 1248 MiB.
2026-10-08T08:55:18Z INFO [606/750] 6cf9991a-f146-4ba6-8437-92f8572b4b94: Sackin index -0.0375; 1.8 s; peak memory 1248 MiB.
2026-10-08T08:55:30Z INFO [607/750] 6cfb3ed2-d17d-45b8-a8e1-4ac593e44540: Sackin index -0.0041; 11.9 s; peak memory 1248 MiB.
2026-10-08T08:55:37Z INFO [608/750] 6cfb3f54-65f9-44c8-997b-265b8f39cdcf: Sackin index -0.0252; 7.5 s; peak memory 1248 MiB.
2026-10-08T08:55:39Z INFO [609/750] 6cfb49d9-3015-4ce5-98b5-7d599d213c2f: Sackin index -0.1331; 1.8 s; peak memory 1248 MiB.
2026-10-08T08:55:40Z INFO [610/750] 6cfc4de1-ff8a-4da6-bf62-8d51512acffd: Sackin index -0.1178; 1.1 s; peak memory 1248 MiB.
2026-10-08T08:55:47Z INFO [611/750] 6cfcea5a-296d-4a39-9a69-ea16744c2e65: Sackin index -0.0251; 7.1 s; peak memory 1248 MiB.
2026-10-08T08:55:56Z INFO [612/750] 6cfe6914-8b5c-4f6e-921f-b90079a5e87d: Sackin index -0.0244; 8.7 s; peak memory 1248 MiB.
2026-10-08T08:55:58Z INFO [613/750] 6cff0bd0-8ebc-4607-b819-348eed1ce4cb: Sackin index -0.0728; 1.9 s; peak memory 1248 MiB.
2026-10-08T08:57:16Z INFO [614/750] 6cff1576-2914-4472-8e88-2ecfa089507d: Sackin index -0.0744; 78.0 s; peak memory 1248 MiB.
2026-10-08T08:57:17Z INFO [615/750] 6cff8216-47b2-4d2a-91a2-61d1d88e9b12: Sackin index -0.0702; 1.6 s; peak memory 1248 MiB.
2026-10-08T08:57:23Z INFO [616/750] 6d002c8e-3b7a-480c-98c8-32a8601659ae: Sackin index -0.1657; 6.1 s; peak memory 1248 MiB.
2026-10-08T09:07:12Z INFO [617/750] 6d01301d-ba19-45a3-aa16-2c3f8c25f13c: Sackin index -0.0276; 588.3 s; peak memory 1248 MiB.
2026-10-08T09:07:13Z INFO [618/750] 6d018577-3fa2-49ef-bb40-35cf4ab4c4a0: Sackin index -0.0376; 1.6 s; peak memory 1248 MiB.
2026-10-08T09:07:15Z INFO [619/750] 6d019436-68a8-49ca-a427-3f9b49cef4f5: Sackin index -0.0745; 1.7 s; peak memory 1248 MiB.
2026-10-08T09:07:17Z INFO [620/750] 6d01adb5-86a3-4922-afd8-badabb7bee89: Sackin index -0.0709; 1.6 s; peak memory 1248 MiB.
2026-10-08T09:07:20Z INFO [621/750] 6d01b610-daaf-442b-bbae-34c6fa7c3b8d: Sackin index -0.0660; 3.5 s; peak memory 1248 MiB.
2026-10-08T09:07:22Z INFO [622/750] 6d01c7ac-b4cb-411f-a138-199d13ff0561: Sackin index -0.1248; 1.5 s; peak memory 1248 MiB.
2026-10-08T09:07:23Z INFO [623/750] 6d01e239-0c12-477c-a48f-106c02f0d315: Sackin index -0.0483; 1.7 s; peak memory 1248 MiB.
2026-10-08T09:07:33Z INFO [624/750] 6d028f2f-369b-4ca1-a171-16db1218adc4: Sackin index -0.0017; 10.0 s; peak memory 1248 MiB.
2026-10-08T09:07:36Z INFO [625/750] 6d02cea5-a8e4-4533-89ac-d90c575ab836: Sackin index -0.0745; 2.1 s; peak memory 1248 MiB.
2026-10-08T09:07:42Z INFO [626/750] 6d040958-2e1a-454f-8acd-81650bb6eec1: Sackin index -0.0236; 6.5 s; peak memory 1248 MiB.
2026-10-08T09:07:45Z INFO [627/750] 6d041567-2e28-48f3-ba30-05623ba94b04: Sackin index -0.1144; 2.8 s; peak memory 1248 MiB.
2026-10-08T09:07:46Z INFO [628/750] 6d058565-d934-499b-827d-3bd48531f970: Sackin index -0.1349; 1.2 s; peak memory 1248 MiB.
2026-10-08T09:07:48Z INFO [629/750] 6d05e74d-e535-4f3a-b2d0-2b4985c36a48: Sackin index -0.0728; 1.8 s; peak memory 1248 MiB.
2026-10-08T09:08:01Z INFO [630/750] 6d06967c-50d5-4005-9f54-7f628cee1fde: Sackin index -0.0156; 12.9 s; peak memory 1248 MiB.
2026-10-08T09:08:03Z INFO [631/750] 6d069f28-ed16-4a7c-8991-667fb46c4412: Sackin index -0.0702; 1.7 s; peak memory 1248 MiB.
2026-10-08T09:08:04Z INFO [632/750] 6d06c8fd-b87d-456a-b3d9-abfb172abe8a: Sackin index -0.2168; 1.1 s; peak memory 1248 MiB.
2026-10-08T09:08:10Z INFO [633/750] 6d0729b6-75d9-4edb-8f4e-b3f57d48e55e: Sackin index -0.0234; 6.7 s; peak memory 1248 MiB.
2026-10-08T09:08:12Z INFO [634/750] 6d086b02-cad3-4c8d-acfa-cadae01acef9: Sackin index -0.0275; 2.0 s; peak memory 1248 MiB.
2026-10-08T09:08:14Z INFO [635/750] 6d091364-6ce0-4130-8845-06e75501e34e: Sackin index -0.1349; 1.4 s; peak memory 1248 MiB.
2026-10-08T09:08:15Z INFO [636/750] 6d09ae35-40c1-4197-9ac0-0ad6074276ea: Sackin index -0.1331; 1.3 s; peak memory 1248 MiB.
2026-10-08T09:08:17Z INFO [637/750] 6d0a325e-531a-45a2-9187-7b36aa63c896: Sackin index -0.0702; 1.6 s; peak memory 1248 MiB.
2026-10-08T09:08:19Z INFO [638/750] 6d0c57b7-621d-4e29-87df-30da27d2eb5b: Sackin index -0.0728; 2.0 s; peak memory 1248 MiB.
2026-10-08T09:08:21Z INFO [639/750] 6d0cca8b-8180-46f8-9bd5-ea24997e7908: Sackin index -0.0369; 2.7 s; peak memory 1248 MiB.
2026-10-08T09:08:23Z INFO [640/750] 6d0d2f42-a275-4b74-a659-ed69fd100b80: Sackin index -0.0272; 2.0 s; peak memory 1248 MiB.
2026-10-08T09:08:27Z INFO [641/750] 6d0d6d75-72af-448e-81bc-c8f0fb14dd2a: Sackin index -0.0660; 3.5 s; peak memory 1248 MiB.
2026-10-08T09:08:28Z INFO [642/750] 6d0dbdef-5010-465a-8cba-0613d3216c3a: Sackin index -0.1120; 1.2 s; peak memory 1248 MiB.
2026-10-08T09:08:29Z INFO [643/750] 6d0ecdc2-7d8e-4c60-b258-d4d692a8bf0f: Sackin index -0.1349; 1.3 s; peak memory 1248 MiB.
2026-10-08T09:08:31Z INFO [644/750] 6d0ef552-dd1f-4d8c-955a-befd1e3521db: Sackin index -0.0376; 1.7 s; peak memory 1248 MiB.
2026-10-08T09:08:35Z INFO [645/750] 6d0f9192-d4ae-4c39-a94a-3ab3fd32cd58: Sackin index -0.0766; 3.7 s; peak memory 1248 MiB.
2026-10-08T09:08:36Z INFO [646/750] 6d0fe415-d8bf-46c0-83c6-abdc375f955a: Sackin index -0.1383; 1.7 s; peak memory 1248 MiB.
2026-10-08T09:08:39Z INFO [647/750] 6d103323-b3b0-44b2-a4b4-c270aa593977: Sackin index -0.0237; 2.5 s; peak memory 1248 MiB.
2026-10-08T09:08:41Z INFO [648/750] 6d106098-dbba-42d7-90d5-8d4a0ab9a2ef: Sackin index -0.0369; 2.0 s; peak memory 1248 MiB.
2026-10-08T09:08:42Z INFO [649/750] 6d108a10-6989-42a5-bc9f-fbfae14a2279: Sackin index -0.1000; 1.4 s; peak memory 1248 MiB.
2026-10-08T09:08:45Z INFO [650/750] 6d10aa78-07c2-4e93-99ad-e40bdaaea300: Sackin index -0.0369; 2.3 s; peak memory 1248 MiB.
2026-10-08T09:08:45Z INFO [650/750] 6d10aa78-07c2-4e93-99ad-e40bdaaea300: checkpointed 99486 records.
2026-10-08T09:11:19Z INFO [651/750] 6d1252be-e119-4917-afd9-18d0e0367771: Sackin index -0.0434; 154.5 s; peak memory 1248 MiB.
2026-10-08T09:11:21Z INFO [652/750] 6d12bdd6-5b14-4259-946e-6597af121d71: Sackin index -0.0728; 2.0 s; peak memory 1248 MiB.
2026-10-08T09:11:23Z INFO [653/750] 6d1302f1-a4fa-4ad9-bef4-bff3a5a667eb: Sackin index -0.1349; 1.5 s; peak memory 1248 MiB.
2026-10-08T09:11:24Z INFO [654/750] 6d133dcb-39ba-4533-abf3-d12878946f00: Sackin index -0.1248; 1.5 s; peak memory 1248 MiB.
2026-10-08T09:11:26Z INFO [655/750] 6d13afb5-4233-4117-893b-45a9b280085e: Sackin index -0.0275; 2.1 s; peak memory 1248 MiB.
2026-10-08T09:11:28Z INFO [656/750] 6d145b23-2c2f-430e-b31f-efc85767bf18: Sackin index -0.0881; 1.7 s; peak memory 1248 MiB.
2026-10-08T09:11:29Z INFO [657/750] 6d146929-5097-44a8-9b43-4ebfcb729800: Sackin index -0.1452; 1.2 s; peak memory 1248 MiB.
2026-10-08T09:11:31Z INFO [658/750] 6d14774c-36eb-489b-a9db-882845887643: Sackin index -0.0728; 1.8 s; peak memory 1248 MiB.
2026-10-08T09:11:33Z INFO [659/750] 6d151332-9393-4051-94ff-0deb585c848d: Sackin index -0.0745; 2.1 s; peak memory 1248 MiB.
2026-10-08T09:11:35Z INFO [660/750] 6d15984b-878b-45fd-8766-0b8e766735b2: Sackin index -0.0702; 1.5 s; peak memory 1248 MiB.
2026-10-08T09:11:36Z INFO [661/750] 6d15f984-957b-4dd3-8fe1-0a26515d3500: Sackin index -0.1120; 1.1 s; peak memory 1248 MiB.
2026-10-08T09:11:40Z INFO [662/750] 6d161345-a82a-481e-92e5-f69dee46a2c1: Sackin index -0.0660; 3.8 s; peak memory 1248 MiB.
2026-10-08T09:11:43Z INFO [663/750] 6d164d80-1596-4a32-8333-f515f1a56002: Sackin index -0.0350; 2.9 s; peak memory 1248 MiB.
2026-10-08T09:11:44Z INFO [664/750] 6d164efd-7ee6-40cb-be2c-e5d08e698b69: Sackin index -0.0702; 1.9 s; peak memory 1248 MiB.
2026-10-08T09:11:47Z INFO [665/750] 6d175f4a-c93c-4c9d-a417-5e0950502115: Sackin index -0.0841; 2.2 s; peak memory 1248 MiB.
2026-10-08T09:11:48Z INFO [666/750] 6d189dc7-aa29-4e40-a190-08435a8e4aa3: Sackin index -0.0696; 1.7 s; peak memory 1248 MiB.
2026-10-08T09:11:50Z INFO [667/750] 6d18a420-7e1b-43f1-bb1a-3f790384fbef: Sackin index -0.0728; 1.6 s; peak memory 1248 MiB.
2026-10-08T09:11:51Z INFO [668/750] 6d18af04-a092-4e8f-b138-ffa979170041: Sackin index -0.1402; 1.4 s; peak memory 1248 MiB.
2026-10-08T09:11:55Z INFO [669/750] 6d19ed0d-86e5-4a6e-91c7-91cb40d60cff: Sackin index -0.0660; 3.3 s; peak memory 1248 MiB.
2026-10-08T09:14:22Z INFO [670/750] 6d1a0bd1-7145-4d10-a311-39327b40dce8: Sackin index -0.0410; 147.1 s; peak memory 1248 MiB.
2026-10-08T09:16:16Z INFO [671/750] 6d1a1c4e-9fc5-41bd-8f9a-c63911ed1c28: Sackin index -0.0691; 114.5 s; peak memory 1248 MiB.
2026-10-08T09:16:18Z INFO [672/750] 6d1acf50-edff-40d9-8d0d-6cb7c34760db: Sackin index -0.1349; 1.3 s; peak memory 1248 MiB.
2026-10-08T09:16:20Z INFO [673/750] 6d1b0ce8-4599-4b72-bf67-6eb66249a337: Sackin index -0.1210; 2.1 s; peak memory 1248 MiB.
2026-10-08T09:16:21Z INFO [674/750] 6d1b2dcd-c458-492b-8d76-8586434d5c49: Sackin index -0.1658; 1.3 s; peak memory 1248 MiB.
2026-10-08T09:16:22Z INFO [675/750] 6d1d1729-bc59-45a3-880b-29f6cf3bcf83: Sackin index -0.1658; 1.1 s; peak memory 1248 MiB.
2026-10-08T09:16:24Z INFO [676/750] 6d1d3d3e-475e-4938-8aa0-d08dc2b9b8bf: Sackin index -0.0715; 1.7 s; peak memory 1248 MiB.
2026-10-08T09:16:26Z INFO [677/750] 6d1d5b31-3961-414e-8f80-23a00ce7baff: Sackin index -0.1194; 1.8 s; peak memory 1248 MiB.
2026-10-08T09:16:27Z INFO [678/750] 6d1dacaa-acae-43c7-b69a-479b5de588b2: Sackin index -0.0728; 1.9 s; peak memory 1248 MiB.
2026-10-08T09:16:29Z INFO [679/750] 6d1dfec0-974f-4ffb-b288-2231a1bd9c2b: Sackin index -0.1248; 1.5 s; peak memory 1248 MiB.
2026-10-08T09:16:48Z INFO [680/750] 6d1f7abd-24a5-434d-a90a-71f606c49fb3: Sackin index -0.0111; 18.7 s; peak memory 1248 MiB.
2026-10-08T09:16:50Z INFO [681/750] 6d1f9fd1-bab3-45e1-b609-f6683cc75a47: Sackin index -0.0376; 1.9 s; peak memory 1248 MiB.
2026-10-08T09:16:51Z INFO [682/750] 6d210523-37fe-4147-9059-f04aa4bc1565: Sackin index -0.1349; 1.2 s; peak memory 1248 MiB.
2026-10-08T09:16:52Z INFO [683/750] 6d211a63-7f4c-4ee5-83ee-54fab84e25b9: Sackin index -0.1298; 1.4 s; peak memory 1248 MiB.
2026-10-08T09:16:54Z INFO [684/750] 6d2128fc-1e53-4966-ba4c-7d1689a0e83b: Sackin index -0.0375; 1.9 s; peak memory 1248 MiB.
2026-10-08T09:16:57Z INFO [685/750] 6d2276db-d0c2-4d27-8f8d-b2b91cbdfad8: Sackin index -0.0369; 2.5 s; peak memory 1248 MiB.
2026-10-08T09:52:14Z INFO [686/750] 6d233dd2-4655-4cdd-9646-f4a792c07926: Sackin index -0.0307; 2117.6 s; peak memory 1248 MiB.
2026-10-08T09:52:16Z INFO [687/750] 6d236d17-970c-42f1-a699-2cae2838532d: Sackin index -0.1349; 1.3 s; peak memory 1248 MiB.
2026-10-08T09:52:17Z INFO [688/750] 6d2421e0-2ecd-4fed-ab7b-80cf22f91583: Sackin index -0.0696; 1.5 s; peak memory 1248 MiB.
2026-10-08T09:52:19Z INFO [689/750] 6d2614f3-6e89-43b8-b7cc-3ad911ba47c5: Sackin index -0.0398; 2.2 s; peak memory 1248 MiB.
2026-10-08T09:52:21Z INFO [690/750] 6d263b98-6453-4029-a0a2-8d99f8e282f7: Sackin index -0.0709; 1.5 s; peak memory 1248 MiB.
2026-10-08T09:52:23Z INFO [691/750] 6d2658c1-6231-48fb-8c0e-2c992a5bfcb9: Sackin index -0.1291; 2.0 s; peak memory 1248 MiB.
2026-10-08T09:52:25Z INFO [692/750] 6d26d7bc-cc32-4122-b18b-33eaae4472e7: Sackin index -0.1224; 2.4 s; peak memory 1248 MiB.
2026-10-08T09:53:22Z INFO [693/750] 6d27141e-013c-4fe7-848d-b96b42e84d10: Sackin index -0.1144; 56.9 s; peak memory 1248 MiB.
2026-10-08T09:53:26Z INFO [694/750] 6d2743fc-5bb3-4cf7-a323-ca7b6cc6a008: Sackin index -0.0362; 3.7 s; peak memory 1248 MiB.
2026-10-08T09:53:28Z INFO [695/750] 6d275098-271d-45d4-af70-1c9dbc008baf: Sackin index -0.0728; 1.9 s; peak memory 1248 MiB.
2026-10-08T09:53:29Z INFO [696/750] 6d2750bb-ad82-4d27-b23a-25d0981c9c1b: Sackin index -0.1349; 1.4 s; peak memory 1248 MiB.
2026-10-08T09:53:31Z INFO [697/750] 6d27d1e8-8ade-422e-a596-86900459dc4f: Sackin index -0.0728; 1.9 s; peak memory 1248 MiB.
2026-10-08T09:53:36Z INFO [698/750] 6d2858e3-d6f0-4d37-9534-212f1a2d4597: Sackin index -0.0403; 5.5 s; peak memory 1248 MiB.
2026-10-08T09:56:03Z INFO [699/750] 6d29862c-6e66-43c6-90b3-79b4996ce2e5: Sackin index -0.0393; 146.7 s; peak memory 1248 MiB.
2026-10-08T09:56:04Z INFO [700/750] 6d29f155-085e-42e7-b769-4cab35f3a752: Sackin index -0.1349; 1.3 s; peak memory 1248 MiB.
2026-10-08T09:56:05Z INFO [700/750] 6d29f155-085e-42e7-b769-4cab35f3a752: checkpointed 99536 records.
2026-10-08T09:56:06Z INFO [701/750] 6d2a1816-3267-4f77-9925-47afbfbe3053: Sackin index -0.0844; 1.4 s; peak memory 1248 MiB.
2026-10-08T09:56:08Z INFO [702/750] 6d2a3ac9-c060-4a08-ae94-f6b444d04149: Sackin index -0.0752; 1.9 s; peak memory 1248 MiB.
2026-10-08T09:56:09Z INFO [703/750] 6d2a63d8-0ef4-42b4-94a7-5c27dbdda077: Sackin index -0.1349; 1.3 s; peak memory 1248 MiB.
2026-10-08T09:56:18Z INFO [704/750] 6d2ae9e2-071a-4d7d-ba24-bfaa2b5f31ea: Sackin index -0.0258; 9.1 s; peak memory 1248 MiB.
2026-10-08T09:56:20Z INFO [705/750] 6d2bfb77-d77f-4119-8416-ae4119ff4989: Sackin index -0.0728; 1.8 s; peak memory 1248 MiB.
2026-10-08T09:56:22Z INFO [706/750] 6d2d0d20-d423-4bc4-857a-5db32520fdd1: Sackin index -0.0275; 2.1 s; peak memory 1248 MiB.
2026-10-08T09:56:24Z INFO [707/750] 6d2d73d1-94f4-4d01-ba24-23977615da1b: Sackin index -0.1349; 1.3 s; peak memory 1248 MiB.
2026-10-08T09:56:37Z INFO [708/750] 6d2df180-5c88-46dd-ba7c-d31fcd5c35cf: Sackin index -0.0117; 13.2 s; peak memory 1248 MiB.
2026-10-08T09:56:43Z INFO [709/750] 6d2e14a9-1309-43ce-bb95-3f288283668b: Sackin index -0.0635; 6.1 s; peak memory 1248 MiB.
2026-10-08T09:56:45Z INFO [710/750] 6d2e8f07-b2c9-4dfa-b45a-1d4712fabf46: Sackin index -0.0745; 1.9 s; peak memory 1248 MiB.
2026-10-08T09:56:47Z INFO [711/750] 6d2f5cfc-86d7-4f73-a982-e21d83f42332: Sackin index -0.0379; 1.8 s; peak memory 1248 MiB.
2026-10-08T09:56:48Z INFO [712/750] 6d2f6754-fb99-439e-9715-087f5a1ea2ff: Sackin index -0.0709; 1.4 s; peak memory 1248 MiB.
2026-10-08T09:56:49Z INFO [713/750] 6d2fb54a-a85b-4f86-b0dd-79fb4913bcac: Sackin index -0.0702; 1.5 s; peak memory 1248 MiB.
2026-10-08T09:56:50Z INFO [714/750] 6d2fd2b6-4375-493b-a0d6-1885a592ab81: Sackin index -0.1272; 1.0 s; peak memory 1248 MiB.
2026-10-08T09:56:52Z INFO [715/750] 6d303be1-6650-4d88-9284-456c986ec11a: Sackin index -0.1349; 1.3 s; peak memory 1248 MiB.
2026-10-08T09:56:53Z INFO [716/750] 6d30ca6e-abe0-4695-a4e1-dfef9ee07a27: Sackin index -0.1273; 1.7 s; peak memory 1248 MiB.
2026-10-08T09:56:55Z INFO [717/750] 6d30cbd5-0a11-4dcc-bcfd-0acbc2a3c6e5: Sackin index -0.1349; 1.2 s; peak memory 1248 MiB.
2026-10-08T09:56:56Z INFO [718/750] 6d310ab8-2e00-4a7b-8832-c58e6e7d0b6f: Sackin index -0.1248; 1.4 s; peak memory 1248 MiB.
2026-10-08T09:57:08Z INFO [719/750] 6d317086-f986-4714-9d2f-a59f7319cb46: Sackin index -0.0162; 12.1 s; peak memory 1248 MiB.
2026-10-08T09:57:10Z INFO [720/750] 6d320cf6-e0a2-4906-94c4-a4b4dc64eb31: Sackin index -0.0745; 1.6 s; peak memory 1248 MiB.
2026-10-08T09:57:17Z INFO [721/750] 6d320e99-57c4-46d0-90c8-07cfa889e1c2: Sackin index -0.0086; 6.9 s; peak memory 1248 MiB.
2026-10-08T09:57:19Z INFO [722/750] 6d334085-0698-4501-a382-be254d3dfdee: Sackin index -0.0377; 1.9 s; peak memory 1248 MiB.
2026-10-08T09:57:20Z INFO [723/750] 6d36771d-9b3d-458e-abd6-ac1eb17b2334: Sackin index -0.1120; 1.0 s; peak memory 1248 MiB.
2026-10-08T09:57:22Z INFO [724/750] 6d36d733-c8c7-421f-89b7-ccd0779f4c4d: Sackin index -0.0276; 2.1 s; peak memory 1248 MiB.
2026-10-08T09:57:23Z INFO [725/750] 6d3806dd-c063-4d0a-9542-1dea3c09e4ef: Sackin index -0.0376; 1.8 s; peak memory 1248 MiB.
2026-10-08T09:57:36Z INFO [726/750] 6d38af12-f114-4d8d-8808-81183448c2a2: Sackin index -0.0176; 12.1 s; peak memory 1248 MiB.
2026-10-08T09:57:37Z INFO [727/750] 6d39a0db-4e7f-450e-808a-e26a2e0f0608: Sackin index -0.0569; 1.7 s; peak memory 1248 MiB.
2026-10-08T09:57:38Z INFO [728/750] 6d39be01-e73d-4f20-b2a6-2a931e74694e: Sackin index -0.1272; 1.1 s; peak memory 1248 MiB.
2026-10-08T09:57:45Z INFO [729/750] 6d3a3a19-f050-4ffa-a78c-dac3dcb8cf56: Sackin index -0.0403; 6.2 s; peak memory 1248 MiB.
2026-10-08T09:57:47Z INFO [730/750] 6d3aeccc-17d0-4899-b3e3-c1b006d42d86: Sackin index -0.0272; 2.2 s; peak memory 1248 MiB.
2026-10-08T09:57:48Z INFO [731/750] 6d3b0de8-06af-409f-8610-35825fd12bd9: Sackin index -0.1349; 1.3 s; peak memory 1248 MiB.
2026-10-08T09:58:11Z INFO [732/750] 6d3bfee8-7b41-4cd2-a39f-6a1be2ab6e6e: Sackin index -0.0351; 23.2 s; peak memory 1248 MiB.
2026-10-08T09:58:17Z INFO [733/750] 6d3c31da-981a-4e26-856b-3ed1747114d3: Sackin index -0.0228; 5.9 s; peak memory 1248 MiB.
2026-10-08T09:58:18Z INFO [734/750] 6d3c3568-f8d2-48c5-816c-5f47008dc79d: Sackin index -0.1191; 1.3 s; peak memory 1248 MiB.
2026-10-08T09:58:21Z INFO [735/750] 6d3c408c-f306-480f-a5b6-4e7bc00ba697: Sackin index -0.1044; 2.6 s; peak memory 1248 MiB.
2026-10-08T09:58:22Z INFO [736/750] 6d3e316e-15c3-4e00-a504-ef8d55c95478: Sackin index -0.0709; 1.6 s; peak memory 1248 MiB.
2026-10-08T09:58:24Z INFO [737/750] 6d3e8342-528a-4b61-ad60-7bd6c76a99aa: Sackin index -0.1349; 1.2 s; peak memory 1248 MiB.
2026-10-08T09:58:25Z INFO [738/750] 6d3ea48c-c21e-4acc-a496-622394d32c15: Sackin index -0.1408; 1.5 s; peak memory 1248 MiB.
2026-10-08T09:58:27Z INFO [739/750] 6d3f0879-3881-4173-8612-7c2289ddd8e0: Sackin index -0.1349; 1.3 s; peak memory 1248 MiB.
2026-10-08T09:58:28Z INFO [740/750] 6d3fb49d-fd1a-4c9b-997d-77d67fa60aa1: Sackin index -0.0702; 1.5 s; peak memory 1248 MiB.
2026-10-08T09:58:31Z INFO [741/750] 6d40945d-62d9-4589-8b44-c93528a66617: Sackin index -0.1938; 2.8 s; peak memory 1248 MiB.
2026-10-08T09:58:32Z INFO [742/750] 6d40b697-05c5-41b7-bd43-077a62e0d3be: Sackin index -0.2147; 1.1 s; peak memory 1248 MiB.
2026-10-08T09:58:33Z INFO [743/750] 6d415e21-6db7-47bc-959b-781a02edbcbd: Sackin index -0.1248; 1.5 s; peak memory 1248 MiB.
2026-10-08T09:58:34Z INFO [744/750] 6d417569-ab7e-454f-8f45-3beaef8c76be: Sackin index -0.1602; 1.1 s; peak memory 1248 MiB.
2026-10-08T09:58:36Z INFO [745/750] 6d41e2de-06a1-473e-a18e-2efd39f5310a: Sackin index -0.0728; 1.7 s; peak memory 1248 MiB.
2026-10-08T09:58:37Z INFO [746/750] 6d4209e2-43ec-47a8-97f4-58d76708e2db: Sackin index -0.1658; 1.0 s; peak memory 1248 MiB.
2026-10-08T09:58:40Z INFO [747/750] 6d423b55-67f8-42c9-9dee-caa73708d896: Sackin index -0.0172; 2.5 s; peak memory 1248 MiB.
2026-10-08T09:58:41Z INFO [748/750] 6d439714-c9cd-47cd-9f90-5ef4f507b485: Sackin index -0.1349; 1.4 s; peak memory 1248 MiB.
2026-10-08T09:58:42Z INFO [749/750] 6d43b7f0-92ea-48ff-bacc-0fe2ef848bf2: Sackin index -0.1349; 1.2 s; peak memory 1248 MiB.
2026-10-08T09:58:44Z INFO [750/750] 6d441a8e-f956-4f36-a685-cfe7301ad924: Sackin index -0.1191; 1.4 s; peak memory 1248 MiB.
2026-10-08T09:58:44Z INFO [750/750] 6d441a8e-f956-4f36-a685-cfe7301ad924: checkpointed 99586 records.
2026-10-08T09:58:44Z INFO Wrote 99586 records to /tmp/derivatives/valid_nwb_file_to_sackin_index.jsonl (750 new, 0 failed) in 228.1 min (peak memory 1248 MiB).
