2026-10-04T01:48:03Z INFO Logging to /tmp/logs/update_2026-10-04T01-48-03Z.log.
2026-10-04T01:48:03Z INFO Update valid-nwb-file-to-sackin-index (base directory /tmp).
2026-10-04T01:48:03Z INFO Processing 750 items (69586 already recorded).
2026-10-04T01:48:08Z INFO [1/750] 2ee30cd0-7f75-4909-8db4-78f4d42f73bd: Sackin index -0.0251; 4.7 s; peak memory 118 MiB.
2026-10-04T01:48:09Z INFO [2/750] 2ee38cf0-fcc4-4cda-9314-9bd1f77369b8: Sackin index -0.0709; 1.0 s; peak memory 119 MiB.
2026-10-04T01:48:10Z INFO [3/750] 2ee4903b-5d0b-45c2-9280-9e194341ac07: Sackin index -0.1191; 1.0 s; peak memory 119 MiB.
2026-10-04T01:48:11Z INFO [4/750] 2ee53456-51b7-4b9e-8b60-c8f0df35f20f: Sackin index -0.0696; 0.9 s; peak memory 120 MiB.
2026-10-04T01:48:12Z INFO [5/750] 2ee648bd-dfa4-425c-88c6-4a052a2fefad: Sackin index -0.0896; 0.9 s; peak memory 120 MiB.
2026-10-04T01:48:13Z INFO [6/750] 2ee6b8e6-71aa-443a-a83c-545809b7fcea: Sackin index -0.1362; 1.2 s; peak memory 120 MiB.
2026-10-04T01:48:14Z INFO [7/750] 2ee79991-e5a7-4970-9eac-1e13834330c1: Sackin index -0.0744; 0.9 s; peak memory 120 MiB.
2026-10-04T01:48:19Z INFO [8/750] 2ee8aa72-42e7-46bd-a42a-665de469b881: Sackin index -0.0171; 4.8 s; peak memory 134 MiB.
2026-10-04T01:48:19Z INFO [9/750] 2ee8e247-9d70-42a9-86d7-8a523dda3639: Sackin index -0.1658; 0.6 s; peak memory 134 MiB.
2026-10-04T01:48:20Z INFO [10/750] 2ee93e85-8ad3-4315-a906-3fb2743638b5: Sackin index -0.0709; 0.9 s; peak memory 134 MiB.
2026-10-04T01:48:21Z INFO [11/750] 2eea6576-a1d9-4de4-87c4-80546046049a: Sackin index -0.0368; 1.0 s; peak memory 134 MiB.
2026-10-04T01:48:22Z INFO [12/750] 2eea7a2e-2740-4f6f-9792-e2da8bde5e9d: Sackin index -0.1658; 0.6 s; peak memory 134 MiB.
2026-10-04T01:48:23Z INFO [13/750] 2eed09c1-a146-4839-bcc1-2fc7244f4ecc: Sackin index -0.0699; 1.6 s; peak memory 134 MiB.
2026-10-04T01:48:24Z INFO [14/750] 2eeda87a-279a-4420-a1e7-baba89adb9b9: Sackin index -0.1349; 0.8 s; peak memory 134 MiB.
2026-10-04T01:48:25Z INFO [15/750] 2eee6129-82df-4b27-83f8-886b2fddba9a: Sackin index -0.1248; 0.8 s; peak memory 135 MiB.
2026-10-04T01:48:26Z INFO [16/750] 2eee84d2-a95a-4b8c-b50f-5416ceb7d3d9: Sackin index -0.0728; 1.1 s; peak memory 135 MiB.
2026-10-04T01:48:31Z INFO [17/750] 2eeed210-de35-4060-b3e6-891d6c8bce9e: Sackin index -0.0210; 5.0 s; peak memory 136 MiB.
2026-10-04T01:49:06Z INFO [18/750] 2eef123f-44f1-445a-b24c-55ada0216da6: Sackin index -0.1076; 35.0 s; peak memory 211 MiB.
2026-10-04T01:49:07Z INFO [19/750] 2eefad35-7b19-44ab-b506-13f26d88f624: Sackin index -0.1349; 0.8 s; peak memory 211 MiB.
2026-10-04T01:49:08Z INFO [20/750] 2eeff729-66fd-4e2c-bf26-17de3ff47535: Sackin index -0.0702; 0.9 s; peak memory 211 MiB.
2026-10-04T01:49:09Z INFO [21/750] 2ef06b36-0eef-4f86-8b66-7ca08af6f27d: Sackin index -0.1253; 0.9 s; peak memory 211 MiB.
2026-10-04T01:49:11Z INFO [22/750] 2ef0eebe-a557-46d3-a2b7-2f94ba748322: Sackin index -0.0660; 2.0 s; peak memory 211 MiB.
2026-10-04T01:49:12Z INFO [23/750] 2ef125fa-e305-46ad-9c0b-797449ad5d70: Sackin index -0.0369; 1.6 s; peak memory 211 MiB.
2026-10-04T01:49:13Z INFO [24/750] 2ef15f0f-268f-4320-b056-bfe74fd725ea: Sackin index -0.1331; 0.7 s; peak memory 211 MiB.
2026-10-04T01:49:14Z INFO [25/750] 2ef1ab24-ab0b-4354-a35a-9c5495b48ac1: Sackin index -0.1448; 0.5 s; peak memory 211 MiB.
2026-10-04T01:49:16Z INFO [26/750] 2ef1d92b-ab96-46b9-b650-f156078d9020: Sackin index -0.0681; 2.0 s; peak memory 211 MiB.
2026-10-04T01:49:16Z INFO [27/750] 2ef1ff5c-fcf1-4fcc-99d3-d9d03a422a04: Sackin index -0.1448; 0.5 s; peak memory 211 MiB.
2026-10-04T01:49:17Z INFO [28/750] 2ef219bd-63f0-4b2f-b9fe-54ef375ccd3c: Sackin index -0.1658; 0.6 s; peak memory 211 MiB.
2026-10-04T01:49:17Z INFO [29/750] 2ef2a144-42d2-4ea3-b86b-bf58185c2d71: Sackin index -0.0702; 0.8 s; peak memory 211 MiB.
2026-10-04T01:49:26Z INFO [30/750] 2ef317c9-379c-4c8d-9006-b52c18fa5f3c: Sackin index -0.0041; 8.1 s; peak memory 211 MiB.
2026-10-04T01:49:26Z INFO [31/750] 2ef418b9-5817-43d7-b794-0e3513411c14: Sackin index -0.1349; 0.8 s; peak memory 211 MiB.
2026-10-04T01:49:28Z INFO [32/750] 2ef47d83-be07-43de-a057-18925447e9fd: Sackin index -0.0375; 1.2 s; peak memory 211 MiB.
2026-10-04T01:49:28Z INFO [33/750] 2ef4db1e-5f66-4281-a7b3-1a953544a502: Sackin index -0.1349; 0.8 s; peak memory 211 MiB.
2026-10-04T01:49:29Z INFO [34/750] 2ef4e170-4376-4a61-b1a7-b19fa14d5274: Sackin index -0.1194; 1.0 s; peak memory 211 MiB.
2026-10-04T01:49:30Z INFO [35/750] 2ef4e825-9a04-4e20-88e0-75cacd273bcf: Sackin index -0.1191; 0.8 s; peak memory 211 MiB.
2026-10-04T01:49:31Z INFO [36/750] 2ef5f290-6326-4194-82b9-5076e945e9e8: Sackin index -0.1521; 0.7 s; peak memory 211 MiB.
2026-10-04T01:49:36Z INFO [37/750] 2ef65201-d1c7-49bf-a4f9-63cb3e08b8d0: Sackin index -0.0435; 4.7 s; peak memory 211 MiB.
2026-10-04T01:49:36Z INFO [38/750] 2ef67774-c22c-4cc5-a0f6-d5b2bcdc45a3: Sackin index -0.1448; 0.7 s; peak memory 211 MiB.
2026-10-04T01:49:37Z INFO [39/750] 2ef71d23-9d5c-4b74-a3e8-18f57674e31d: Sackin index -0.1013; 1.1 s; peak memory 211 MiB.
2026-10-04T01:49:44Z INFO [40/750] 2ef807d6-c9da-4c51-ab7b-a90ff1215fb7: Sackin index -0.0299; 7.1 s; peak memory 211 MiB.
2026-10-04T01:49:45Z INFO [41/750] 2ef83cbc-e9a1-4092-81a7-49a8e0eebf18: Sackin index -0.0709; 0.9 s; peak memory 211 MiB.
2026-10-04T01:49:46Z INFO [42/750] 2ef8638d-0a0e-4cc8-83bb-e1b7664eff08: Sackin index -0.0384; 0.9 s; peak memory 211 MiB.
2026-10-04T01:49:47Z INFO [43/750] 2ef8a834-89f7-40e4-ade6-039454fe2a94: Sackin index -0.0696; 1.0 s; peak memory 211 MiB.
2026-10-04T01:49:51Z INFO [44/750] 2ef8acb3-9b6d-4b67-947d-44ee49be6c35: Sackin index -0.0437; 4.2 s; peak memory 211 MiB.
2026-10-04T01:49:52Z INFO [45/750] 2ef8c825-9a74-490c-ae98-04530afaa14b: Sackin index -0.1248; 0.8 s; peak memory 211 MiB.
2026-10-04T01:49:53Z INFO [46/750] 2ef9051c-60cb-467a-a315-211df286b14b: Sackin index -0.1349; 0.9 s; peak memory 211 MiB.
2026-10-04T01:49:54Z INFO [47/750] 2ef94fca-8c24-48fd-a616-8be858329f86: Sackin index -0.1243; 1.4 s; peak memory 211 MiB.
2026-10-04T01:49:55Z INFO [48/750] 2ef9a03a-465c-45b0-b87d-96d2574d1978: Sackin index -0.0382; 0.9 s; peak memory 211 MiB.
2026-10-04T01:49:57Z INFO [49/750] 2ef9ba17-b167-4f11-b512-9ab557c2e3f7: Sackin index -0.0644; 2.1 s; peak memory 211 MiB.
2026-10-04T01:49:58Z INFO [50/750] 2efb7453-e0ba-413e-a338-84b3b055fe87: Sackin index -0.1349; 0.8 s; peak memory 211 MiB.
2026-10-04T01:49:58Z INFO [50/750] 2efb7453-e0ba-413e-a338-84b3b055fe87: checkpointed 69636 records.
2026-10-04T01:50:01Z INFO [51/750] 2efc991e-9808-4351-b00d-cb6e24bd0414: Sackin index -0.0570; 2.7 s; peak memory 211 MiB.
2026-10-04T01:50:02Z INFO [52/750] 2efdc7e4-32c5-48bb-bff6-b836212b248a: Sackin index -0.1349; 0.8 s; peak memory 211 MiB.
2026-10-04T01:50:03Z INFO [53/750] 2efe14fb-67ab-411e-92dd-4d9ab550b380: Sackin index -0.1349; 0.9 s; peak memory 211 MiB.
2026-10-04T01:50:04Z INFO [54/750] 2efe6984-bc0d-49c2-817c-2b4c513e6c19: Sackin index -0.1938; 1.4 s; peak memory 211 MiB.
2026-10-04T01:50:05Z INFO [55/750] 2efe9ddb-e5c7-4878-9a98-2f4042021917: Sackin index -0.0728; 0.9 s; peak memory 211 MiB.
2026-10-04T01:50:11Z INFO [56/750] 2efedac7-6d78-47ec-8d8c-6a9b5a696b85: Sackin index -0.0162; 6.2 s; peak memory 211 MiB.
2026-10-04T01:50:12Z INFO [57/750] 2effbcab-c546-4d40-ac01-174ac1147a07: Sackin index -0.1658; 0.6 s; peak memory 211 MiB.
2026-10-04T01:50:13Z INFO [58/750] 2effce63-4d61-449b-92c7-b3e19543442c: Sackin index -0.0696; 0.9 s; peak memory 211 MiB.
2026-10-04T01:50:14Z INFO [59/750] 2f003714-d1a9-4de4-88da-4d437c79cc5c: Sackin index -0.0696; 1.0 s; peak memory 211 MiB.
2026-10-04T01:50:14Z INFO [60/750] 2f016891-10c6-45d3-ab4b-a1169dbbebf9: Sackin index -0.0702; 0.9 s; peak memory 211 MiB.
2026-10-04T01:50:16Z INFO [61/750] 2f01ac46-89d3-43f3-af9a-50fbd1145088: Sackin index -0.0275; 1.1 s; peak memory 211 MiB.
2026-10-04T01:50:48Z INFO [62/750] 2f031faa-b3d1-40f7-addd-b516e88be1e7: Sackin index -0.1076; 32.4 s; peak memory 220 MiB.
2026-10-04T01:50:58Z INFO [63/750] 2f0390f1-43e2-4acb-8152-696ca94b75d5: Sackin index -0.0035; 9.8 s; peak memory 220 MiB.
2026-10-04T01:50:59Z INFO [64/750] 2f03b127-dd59-4670-b76e-12565891c021: Sackin index -0.0696; 1.1 s; peak memory 220 MiB.
2026-10-04T01:51:05Z INFO [65/750] 2f04d4f6-58fa-4046-913d-baee9b69d4e5: Sackin index -0.0341; 6.2 s; peak memory 220 MiB.
2026-10-04T01:51:06Z INFO [66/750] 2f0515eb-8794-4d20-b49a-09b301864277: Sackin index -0.0696; 0.9 s; peak memory 220 MiB.
2026-10-04T01:51:11Z INFO [67/750] 2f06aa88-d5ba-48fa-a339-7a85eef304e8: Sackin index -0.0186; 4.8 s; peak memory 220 MiB.
2026-10-04T01:51:12Z INFO [68/750] 2f074d5d-05b2-41ff-bb33-1f1bd18525d8: Sackin index -0.1349; 0.8 s; peak memory 220 MiB.
2026-10-04T01:51:13Z INFO [69/750] 2f0803fc-18fe-4ed0-9193-6e589a6c71c4: Sackin index -0.0696; 0.9 s; peak memory 220 MiB.
2026-10-04T01:51:14Z INFO [70/750] 2f085c16-a050-438e-9736-ea9ec2a1e09a: Sackin index -0.0702; 0.9 s; peak memory 220 MiB.
2026-10-04T01:51:15Z INFO [71/750] 2f088ca8-deab-4a4f-81ff-e25d3f41c09c: Sackin index -0.0709; 1.1 s; peak memory 220 MiB.
2026-10-04T01:51:15Z INFO [72/750] 2f08f971-d9a0-4301-b2f4-6f9b04b57403: Sackin index -0.1349; 0.8 s; peak memory 220 MiB.
2026-10-04T01:51:17Z INFO [73/750] 2f0a19e1-f645-45ad-a966-a0af5c964944: Sackin index -0.1709; 1.6 s; peak memory 220 MiB.
2026-10-04T01:51:18Z INFO [74/750] 2f0ac10d-5db0-41e3-95ad-08eb5994511e: Sackin index -0.0365; 1.2 s; peak memory 220 MiB.
2026-10-04T01:51:19Z INFO [75/750] 2f0b38ba-3787-49cc-807f-b345d1e45652: Sackin index -0.0376; 1.1 s; peak memory 220 MiB.
2026-10-04T01:51:20Z INFO [76/750] 2f0bf0ee-50e9-4351-a436-66e0decaed0e: Sackin index -0.0745; 1.0 s; peak memory 220 MiB.
2026-10-04T01:51:21Z INFO [77/750] 2f0ca2df-2971-473f-9566-7af916a37335: Sackin index -0.1349; 0.8 s; peak memory 220 MiB.
2026-10-04T01:51:22Z INFO [78/750] 2f0d6163-fba5-4c65-a835-22bfcee7331d: Sackin index -0.0376; 0.9 s; peak memory 220 MiB.
2026-10-04T01:51:23Z INFO [79/750] 2f0eb560-be7d-4719-a6ca-17ecfdfbf7cf: Sackin index -0.1178; 0.6 s; peak memory 220 MiB.
2026-10-04T01:51:24Z INFO [80/750] 2f0ee4f5-5cfe-49d9-9ef1-f42ee86c422b: Sackin index -0.0702; 0.9 s; peak memory 220 MiB.
2026-10-04T01:51:24Z INFO [81/750] 2f0f097b-224f-49b0-b3d3-13c251bb47e2: Sackin index -0.0702; 0.8 s; peak memory 220 MiB.
2026-10-04T01:51:25Z INFO [82/750] 2f0fa340-ba3a-4aa0-97d3-2c2715733331: Sackin index -0.0702; 0.9 s; peak memory 220 MiB.
2026-10-04T01:51:27Z INFO [83/750] 2f0fc706-150e-4387-a353-8e550739b551: Sackin index -0.0699; 1.7 s; peak memory 220 MiB.
2026-10-04T01:51:28Z INFO [84/750] 2f10566b-01b4-43e3-b649-576a112372c8: Sackin index -0.1349; 0.7 s; peak memory 220 MiB.
2026-10-04T01:51:29Z INFO [85/750] 2f1232d1-53f5-463b-a3a4-591147af5bfb: Sackin index -0.0369; 1.3 s; peak memory 220 MiB.
2026-10-04T01:51:30Z INFO [86/750] 2f1268b0-c611-4b5f-abb1-fcd26c81d46b: Sackin index -0.1349; 0.7 s; peak memory 220 MiB.
2026-10-04T01:51:32Z INFO [87/750] 2f12acf6-cf49-4237-a46b-30734d645736: Sackin index -0.0699; 2.0 s; peak memory 220 MiB.
2026-10-04T01:51:33Z INFO [88/750] 2f13035d-3f7d-4bb5-b9bc-199911960753: Sackin index -0.0375; 0.9 s; peak memory 220 MiB.
2026-10-04T01:51:33Z INFO [89/750] 2f13520c-c278-4d8f-9f6c-65bbbcd31cb3: Sackin index -0.0696; 0.9 s; peak memory 220 MiB.
2026-10-04T01:51:35Z INFO [90/750] 2f136a20-6155-4017-9cdd-b57d1e8b712d: Sackin index -0.0376; 1.0 s; peak memory 220 MiB.
2026-10-04T01:51:35Z INFO [91/750] 2f13feb7-1453-4e56-9ad0-a2b0a073cc67: Sackin index -0.1349; 0.8 s; peak memory 220 MiB.
2026-10-04T01:51:36Z INFO [92/750] 2f14e82e-b3a8-496a-9966-46ff8c7cae4b: Sackin index -0.1349; 0.8 s; peak memory 220 MiB.
2026-10-04T01:51:37Z INFO [93/750] 2f158352-5324-4fca-859d-26422d2bd95c: Sackin index -0.0702; 0.8 s; peak memory 220 MiB.
2026-10-04T01:51:38Z INFO [94/750] 2f15a7c2-634f-4a24-bf1a-52ebbd51606f: Sackin index -0.0896; 0.8 s; peak memory 220 MiB.
2026-10-04T01:51:39Z INFO [95/750] 2f15e7db-face-4b0f-961d-61066f4b0db7: Sackin index -0.0728; 1.1 s; peak memory 220 MiB.
2026-10-04T01:51:47Z INFO [96/750] 2f1616db-d713-4e1b-be99-38af4f79e2af: Sackin index -0.0138; 8.1 s; peak memory 220 MiB.
2026-10-04T01:51:48Z INFO [97/750] 2f16189e-233d-4cb6-890f-ccc0d0780afa: Sackin index -0.1349; 0.9 s; peak memory 220 MiB.
2026-10-04T01:51:48Z INFO [98/750] 2f16301d-5731-440e-b34a-14fa75f370c5: Sackin index -0.0728; 0.8 s; peak memory 220 MiB.
2026-10-04T01:51:49Z INFO [99/750] 2f16672e-488b-42ea-99d1-2de71cdbb2e6: Sackin index -0.1658; 0.5 s; peak memory 220 MiB.
2026-10-04T01:51:57Z INFO [100/750] 2f16c3d0-8cd3-4813-aa62-1130f576226c: Sackin index -0.1330; 8.3 s; peak memory 220 MiB.
2026-10-04T01:51:57Z INFO [100/750] 2f16c3d0-8cd3-4813-aa62-1130f576226c: checkpointed 69686 records.
2026-10-04T01:51:59Z INFO [101/750] 2f16dc99-08a2-43e9-bd09-5db48e7827bf: Sackin index -0.0704; 1.9 s; peak memory 220 MiB.
2026-10-04T01:52:13Z INFO [102/750] 2f176441-6b66-4a7c-b96a-a0400b346eba: Sackin index -0.1287; 13.2 s; peak memory 220 MiB.
2026-10-04T01:52:17Z INFO [103/750] 2f179647-0796-4661-8b05-c2d81511643c: Sackin index -0.0246; 4.2 s; peak memory 220 MiB.
2026-10-04T01:52:18Z INFO [104/750] 2f18a413-ed23-4a6d-a0e8-63045c2e2b9f: Sackin index -0.0398; 1.3 s; peak memory 220 MiB.
2026-10-04T01:52:20Z INFO [105/750] 2f18dee6-6a39-43ee-b63c-3271528281f0: Sackin index -0.0263; 1.8 s; peak memory 220 MiB.
2026-10-04T01:52:21Z INFO [106/750] 2f190b69-44e3-477d-9f97-9f22d2f06607: Sackin index -0.1349; 0.8 s; peak memory 220 MiB.
2026-10-04T01:52:21Z INFO [107/750] 2f1936b9-1127-4f85-81d5-326fc5d788ff: Sackin index -0.1161; 0.6 s; peak memory 220 MiB.
2026-10-04T01:52:22Z INFO [108/750] 2f1953f5-728c-4339-900c-e13e56a36aa7: Sackin index -0.0709; 0.9 s; peak memory 220 MiB.
2026-10-04T01:52:23Z INFO [109/750] 2f1a51e2-8253-4f4b-a474-2e9699c9aa7b: Sackin index -0.1319; 0.7 s; peak memory 220 MiB.
2026-10-04T01:52:24Z INFO [110/750] 2f1b2424-37d3-48b7-a020-9860e9712e9b: Sackin index -0.1248; 0.9 s; peak memory 220 MiB.
2026-10-04T01:52:24Z INFO [111/750] 2f1b6026-9af7-4b57-a92f-83b7c0856285: Sackin index -0.1340; 0.6 s; peak memory 220 MiB.
2026-10-04T01:52:25Z INFO [112/750] 2f1ba3b3-275a-4d52-a4b6-c63e53ae4a9d: Sackin index -0.1349; 0.7 s; peak memory 220 MiB.
2026-10-04T01:52:29Z INFO [113/750] 2f1bcbee-fbec-4ec3-95f3-3683febe983e: Sackin index -0.0476; 4.2 s; peak memory 220 MiB.
2026-10-04T01:52:30Z INFO [114/750] 2f1d5218-c3eb-4480-ba99-0ed7ce918577: Sackin index -0.1349; 0.8 s; peak memory 220 MiB.
2026-10-04T01:52:31Z INFO [115/750] 2f1d77e3-a168-46ec-8e6f-8c01f49b151f: Sackin index -0.1349; 0.8 s; peak memory 220 MiB.
2026-10-04T01:52:32Z INFO [116/750] 2f1d7e9c-572b-495c-8ecb-07663e98fe75: Sackin index -0.0383; 1.0 s; peak memory 220 MiB.
2026-10-04T01:52:33Z INFO [117/750] 2f1e0058-f43f-4101-bad5-00f79b0509ed: Sackin index -0.1349; 0.7 s; peak memory 220 MiB.
2026-10-04T01:52:37Z INFO [118/750] 2f20467a-b2be-4153-880e-5b1f1655e1cb: Sackin index -0.0251; 4.3 s; peak memory 220 MiB.
2026-10-04T01:52:38Z INFO [119/750] 2f20742b-748a-40c3-9f2a-becc7d2e3667: Sackin index -0.1349; 0.7 s; peak memory 220 MiB.
2026-10-04T01:52:39Z INFO [120/750] 2f20c1d1-053d-4491-b5bd-d6d324793a21: Sackin index -0.0709; 0.9 s; peak memory 220 MiB.
2026-10-04T01:52:40Z INFO [121/750] 2f211eb8-c5eb-4727-9e1e-cb46772ee21c: Sackin index -0.0275; 1.1 s; peak memory 220 MiB.
2026-10-04T01:52:41Z INFO [122/750] 2f221172-73ef-4a3f-b20e-48ea541227e8: Sackin index -0.0728; 1.1 s; peak memory 220 MiB.
2026-10-04T01:52:42Z INFO [123/750] 2f22b11a-7d81-4f10-a64d-94b6cbe7b3d4: Sackin index -0.0728; 1.1 s; peak memory 220 MiB.
2026-10-04T01:52:43Z INFO [124/750] 2f23df11-1a36-4034-b78d-daddd956ab05: Sackin index -0.1349; 0.7 s; peak memory 220 MiB.
2026-10-04T01:52:44Z INFO [125/750] 2f23f470-b3d5-4c90-8212-3951c219a838: Sackin index -0.0387; 0.9 s; peak memory 220 MiB.
2026-10-04T01:52:44Z INFO [126/750] 2f244a7a-5906-4ad6-b4fc-e710a37d6151: Sackin index -0.1349; 0.7 s; peak memory 220 MiB.
2026-10-04T01:52:46Z INFO [127/750] 2f24d0c2-48c7-4f53-bb44-0797590cabd9: Sackin index -0.1072; 1.4 s; peak memory 220 MiB.
2026-10-04T01:52:46Z INFO [128/750] 2f25baa4-bbdf-4686-ad70-298d76321b23: Sackin index -0.1349; 0.7 s; peak memory 220 MiB.
2026-10-04T01:52:47Z INFO [129/750] 2f266b7d-99c9-404a-a82d-159fb2139fcd: Sackin index -0.1349; 0.8 s; peak memory 220 MiB.
2026-10-04T01:52:49Z INFO [130/750] 2f2676be-9d81-4cce-9894-978e96f39643: Sackin index -0.0676; 1.4 s; peak memory 220 MiB.
2026-10-04T01:52:50Z INFO [131/750] 2f26a526-f4bc-4e3d-a2c1-630557050cf7: Sackin index -0.0376; 1.0 s; peak memory 220 MiB.
2026-10-04T01:52:51Z INFO [132/750] 2f2786ed-583c-4b67-a516-2c89c6fb3b41: Sackin index -0.0376; 1.0 s; peak memory 220 MiB.
2026-10-04T01:52:51Z INFO [133/750] 2f27ef6e-b794-4955-8a19-677e8b9c35bd: Sackin index -0.1349; 0.7 s; peak memory 220 MiB.
2026-10-04T01:52:52Z INFO [134/750] 2f2805e1-3ad7-48f8-bc8b-dfd831bf0412: Sackin index -0.1101; 0.7 s; peak memory 220 MiB.
2026-10-04T01:52:53Z INFO [135/750] 2f2885d5-17e3-4d62-9fbd-e445554ec718: Sackin index -0.0728; 1.1 s; peak memory 220 MiB.
2026-10-04T01:52:54Z INFO [136/750] 2f2916dc-f965-4fad-8e6a-0b33166a1f8c: Sackin index -0.1161; 0.6 s; peak memory 220 MiB.
2026-10-04T01:52:54Z INFO [137/750] 2f292d59-b718-414e-9ffd-17e0e0a1aa56: Sackin index -0.1938; 0.7 s; peak memory 220 MiB.
2026-10-04T01:52:55Z INFO [138/750] 2f2943d4-ff93-45af-8431-d0a49b02d279: Sackin index -0.0891; 0.7 s; peak memory 220 MiB.
2026-10-04T01:52:56Z INFO [139/750] 2f294ba7-16d8-4816-98b5-f83787d49255: Sackin index -0.0702; 0.9 s; peak memory 220 MiB.
2026-10-04T01:52:58Z INFO [140/750] 2f2982da-72ce-4979-8bab-a7cf1c526c36: Sackin index -0.0797; 2.2 s; peak memory 220 MiB.
2026-10-04T01:52:59Z INFO [141/750] 2f2a60a6-52d3-4a7f-914d-708fba4ef31a: Sackin index -0.1349; 0.8 s; peak memory 220 MiB.
2026-10-04T01:53:00Z INFO [142/750] 2f2aa467-3bae-4460-8c43-b95507355343: Sackin index -0.0735; 1.2 s; peak memory 220 MiB.
2026-10-04T01:53:01Z INFO [143/750] 2f2b70ee-5e50-4528-9977-01a96449cb1c: Sackin index -0.0375; 1.0 s; peak memory 220 MiB.
2026-10-04T01:53:06Z INFO [144/750] 2f2c4bc1-8be2-4ffe-9dc8-8b6cbf8d0981: Sackin index -0.0251; 4.2 s; peak memory 220 MiB.
2026-10-04T01:53:07Z INFO [145/750] 2f2c4db9-614d-479f-bade-21152e1fa222: Sackin index -0.0686; 1.8 s; peak memory 220 MiB.
2026-10-04T01:53:08Z INFO [146/750] 2f2c7649-ad03-4191-9517-c2f865d51246: Sackin index -0.0696; 0.8 s; peak memory 220 MiB.
2026-10-04T01:53:09Z INFO [147/750] 2f2d971b-c8ae-4370-9525-a1c983f4e633: Sackin index -0.0728; 1.0 s; peak memory 220 MiB.
2026-10-04T01:53:10Z INFO [148/750] 2f2de172-cb8f-442d-865b-4aa49e586e40: Sackin index -0.0369; 1.2 s; peak memory 220 MiB.
2026-10-04T01:53:11Z INFO [149/750] 2f2deeb8-5988-45c2-a9a6-0230be3765e6: Sackin index -0.0881; 0.8 s; peak memory 220 MiB.
2026-10-04T01:53:12Z INFO [150/750] 2f2e30b0-d039-4328-9fdc-db06710a2435: Sackin index -0.1349; 0.7 s; peak memory 220 MiB.
2026-10-04T01:53:12Z INFO [150/750] 2f2e30b0-d039-4328-9fdc-db06710a2435: checkpointed 69736 records.
2026-10-04T01:53:13Z INFO [151/750] 2f2f2439-941f-4014-93f7-469fdfc4b9da: Sackin index -0.0702; 0.8 s; peak memory 220 MiB.
2026-10-04T01:53:14Z INFO [152/750] 2f2f3816-e613-4adc-be68-0f96f784d872: Sackin index -0.1602; 0.7 s; peak memory 220 MiB.
2026-10-04T01:53:15Z INFO [153/750] 2f2f4320-0483-4ef2-86c5-9a3ebc2c520d: Sackin index -0.0693; 1.9 s; peak memory 220 MiB.
2026-10-04T01:53:17Z INFO [154/750] 2f2f9a1c-b729-4233-b5e6-28be79ba0cf2: Sackin index -0.0369; 1.8 s; peak memory 220 MiB.
2026-10-04T01:53:21Z INFO [155/750] 2f2fce73-a53e-4b37-9d39-07656dc52785: Sackin index -0.0205; 4.2 s; peak memory 220 MiB.
2026-10-04T01:53:22Z INFO [156/750] 2f302ddd-7709-4cff-b4de-48bc083588a0: Sackin index -0.1349; 0.8 s; peak memory 220 MiB.
2026-10-04T01:53:34Z INFO [157/750] 2f30ffe6-1e5e-42b2-8587-41f303bc6748: Sackin index -0.0196; 11.6 s; peak memory 220 MiB.
2026-10-04T01:53:35Z INFO [158/750] 2f311ea6-7156-4412-bc59-38eaf02a36b5: Sackin index -0.0881; 0.9 s; peak memory 220 MiB.
2026-10-04T01:53:36Z INFO [159/750] 2f31707b-f5e2-4802-b844-ffbc723b0122: Sackin index -0.0702; 0.8 s; peak memory 220 MiB.
2026-10-04T01:53:37Z INFO [160/750] 2f31e928-bdfa-44d9-bcd6-7337c75c5021: Sackin index -0.0718; 1.8 s; peak memory 220 MiB.
2026-10-04T01:53:39Z INFO [161/750] 2f31ecff-6f8d-4de5-9da3-7bd3b9102938: Sackin index -0.1194; 1.0 s; peak memory 220 MiB.
2026-10-04T01:53:39Z INFO [162/750] 2f3223bb-b495-44e8-bb33-d904e01383b2: Sackin index -0.0667; 0.7 s; peak memory 220 MiB.
2026-10-04T01:53:42Z INFO [163/750] 2f324ab6-c03c-446b-8b4c-f72e11260b55: Sackin index -0.1938; 3.0 s; peak memory 220 MiB.
2026-10-04T01:53:43Z INFO [164/750] 2f329e56-abac-403b-9d89-baa7cdf87c67: Sackin index -0.1349; 0.7 s; peak memory 220 MiB.
2026-10-04T01:53:44Z INFO [165/750] 2f32f476-dab4-472b-869a-728a677034a6: Sackin index -0.1349; 0.8 s; peak memory 220 MiB.
2026-10-04T01:53:45Z INFO [166/750] 2f33edc7-66cf-4a80-9908-a26f180da285: Sackin index -0.1033; 1.1 s; peak memory 220 MiB.
2026-10-04T01:53:46Z INFO [167/750] 2f35501f-2b61-40a4-acd8-2e52b4f59daf: Sackin index -0.0747; 1.3 s; peak memory 220 MiB.
2026-10-04T01:53:54Z INFO [168/750] 2f35731e-0b41-461a-8515-68155997b2b0: Sackin index -0.0148; 8.4 s; peak memory 220 MiB.
2026-10-04T01:54:03Z INFO [169/750] 2f359ec0-df33-489b-bc58-3357f09b841d: Sackin index -0.1562; 8.7 s; peak memory 220 MiB.
2026-10-04T01:54:05Z INFO [170/750] 2f36565d-964d-4321-868f-c309f62172df: Sackin index -0.0275; 1.4 s; peak memory 220 MiB.
2026-10-04T01:54:05Z INFO [171/750] 2f3678c7-06e0-4910-a6d8-0f09d93dd58a: Sackin index -0.1349; 0.8 s; peak memory 220 MiB.
2026-10-04T01:54:07Z INFO [172/750] 2f380983-0971-47a7-ac0a-a0e477315934: Sackin index -0.0369; 1.6 s; peak memory 220 MiB.
2026-10-04T01:54:08Z INFO [173/750] 2f383eb8-a2e6-4cd6-a8bb-edd3f8efcc48: Sackin index -0.1349; 0.8 s; peak memory 220 MiB.
2026-10-04T01:54:09Z INFO [174/750] 2f39b413-b43d-4152-a6ee-a178e0700ea6: Sackin index -0.0752; 1.0 s; peak memory 220 MiB.
2026-10-04T01:54:10Z INFO [175/750] 2f3a47de-85f1-4b68-9247-c3a450fe59b8: Sackin index -0.0369; 1.3 s; peak memory 220 MiB.
2026-10-04T01:54:11Z INFO [176/750] 2f3ad8b5-c584-461d-be5d-73ba0b7bdabf: Sackin index -0.0709; 0.8 s; peak memory 220 MiB.
2026-10-04T01:54:12Z INFO [177/750] 2f3ad9b4-540e-4da0-bebb-1c454678ece2: Sackin index -0.0728; 1.1 s; peak memory 220 MiB.
2026-10-04T01:54:13Z INFO [178/750] 2f3b94bc-78fa-4039-94f5-14fc93aeb66b: Sackin index -0.0702; 0.8 s; peak memory 220 MiB.
2026-10-04T01:54:14Z INFO [179/750] 2f3bf754-7cf7-447a-811c-a579a17c6f5b: Sackin index -0.0728; 1.0 s; peak memory 220 MiB.
2026-10-04T01:54:16Z INFO [180/750] 2f3c7629-a283-4e42-ac3e-a36585c00fb3: Sackin index -0.0681; 1.9 s; peak memory 220 MiB.
2026-10-04T01:54:17Z INFO [181/750] 2f3cb872-9491-46e5-a2b6-c1547641f1f2: Sackin index -0.1349; 0.9 s; peak memory 220 MiB.
2026-10-04T01:54:18Z INFO [182/750] 2f3d5d19-defc-4d62-b927-0034efbd8baa: Sackin index -0.1938; 1.6 s; peak memory 220 MiB.
2026-10-04T01:54:19Z INFO [183/750] 2f3e16b0-394a-4535-bb3b-db3fe38376ed: Sackin index -0.0376; 1.0 s; peak memory 220 MiB.
2026-10-04T01:54:20Z INFO [184/750] 2f3e469b-5b31-47d6-b2be-8ff162affb1b: Sackin index -0.0696; 0.9 s; peak memory 220 MiB.
2026-10-04T01:54:24Z INFO [185/750] 2f3e630d-2a88-4aee-b900-60968ce94d84: Sackin index -0.0403; 3.7 s; peak memory 220 MiB.
2026-10-04T01:54:24Z INFO [186/750] 2f3e656c-d3ba-40ea-93fa-2b6308053323: Sackin index -0.1658; 0.6 s; peak memory 221 MiB.
2026-10-04T01:54:25Z INFO [187/750] 2f3edc58-b09e-4571-bb1c-1ffb2f768b57: Sackin index -0.1298; 0.8 s; peak memory 221 MiB.
2026-10-04T01:54:26Z INFO [188/750] 2f3f0436-ba08-4d4c-802d-1d4cebf6dd4d: Sackin index -0.1349; 0.7 s; peak memory 221 MiB.
2026-10-04T01:54:27Z INFO [189/750] 2f40523a-a115-4971-b790-65f5da538c5c: Sackin index -0.0702; 0.9 s; peak memory 221 MiB.
2026-10-04T01:54:27Z INFO [190/750] 2f407657-f57c-4399-b16a-f9bb5fc12a0a: Sackin index -0.1349; 0.7 s; peak memory 221 MiB.
2026-10-04T01:54:28Z INFO [191/750] 2f40b757-ba60-4c63-befc-ad15994531c2: Sackin index -0.1349; 0.9 s; peak memory 221 MiB.
2026-10-04T01:54:29Z INFO [192/750] 2f40f7ba-b960-4106-9ac8-6d364b4759d3: Sackin index -0.1731; 0.7 s; peak memory 221 MiB.
2026-10-04T01:56:20Z INFO [193/750] 2f41a04a-9ffe-49a2-8110-e966e1094e7e: Sackin index -0.0450; 111.3 s; peak memory 315 MiB.
2026-10-04T01:56:21Z INFO [194/750] 2f4234cf-8bae-4dee-9500-ecf366c39f3f: Sackin index -0.1349; 0.8 s; peak memory 315 MiB.
2026-10-04T01:56:22Z INFO [195/750] 2f4280da-01b9-4e02-ae78-825172a0a57a: Sackin index -0.1174; 0.7 s; peak memory 315 MiB.
2026-10-04T01:56:23Z INFO [196/750] 2f42ac2d-a024-4d37-a230-fd74bcf02942: Sackin index -0.1349; 0.9 s; peak memory 315 MiB.
2026-10-04T01:56:23Z INFO [197/750] 2f4308f1-a0ce-4479-8d1e-c2170fe841d7: Sackin index -0.1658; 0.7 s; peak memory 315 MiB.
2026-10-04T01:56:25Z INFO [198/750] 2f44728c-9c3f-4a3c-8700-9a27eacd0d01: Sackin index -0.1291; 1.4 s; peak memory 315 MiB.
2026-10-04T01:56:26Z INFO [199/750] 2f4563b7-bb1b-482d-bed1-ddb81e66eda9: Sackin index -0.0728; 1.2 s; peak memory 315 MiB.
2026-10-04T01:56:27Z INFO [200/750] 2f46689c-1ccc-4f44-b33a-8b14cf16366a: Sackin index -0.0748; 0.8 s; peak memory 315 MiB.
2026-10-04T01:56:27Z INFO [200/750] 2f46689c-1ccc-4f44-b33a-8b14cf16366a: checkpointed 69786 records.
2026-10-04T01:56:28Z INFO [201/750] 2f46eaff-dede-4e8d-927d-fc23505179fd: Sackin index -0.0709; 1.0 s; peak memory 315 MiB.
2026-10-04T01:56:29Z INFO [202/750] 2f471eee-918f-41cf-8772-d74ac3d34d4d: Sackin index -0.1397; 0.6 s; peak memory 315 MiB.
2026-10-04T01:56:33Z INFO [203/750] 2f47bc82-abec-4d3c-9f34-409540312ec9: Sackin index -0.0438; 4.7 s; peak memory 315 MiB.
2026-10-04T01:56:34Z INFO [204/750] 2f484be6-9818-4a27-b859-f68b6995e619: Sackin index -0.1448; 0.6 s; peak memory 315 MiB.
2026-10-04T01:56:35Z INFO [205/750] 2f4a6a12-fb68-45dc-b699-c3944c5446f8: Sackin index -0.0369; 1.1 s; peak memory 315 MiB.
2026-10-04T01:56:36Z INFO [206/750] 2f4ada86-2ada-427f-9e7d-c39e421d2ed7: Sackin index -0.0728; 1.3 s; peak memory 315 MiB.
2026-10-04T01:56:37Z INFO [207/750] 2f4ae043-37f5-4179-bf94-e0ec5c0a123c: Sackin index -0.0728; 1.1 s; peak memory 315 MiB.
2026-10-04T01:56:39Z INFO [208/750] 2f4b9350-f9e6-48d6-86a4-7057940949c3: Sackin index -0.0369; 1.4 s; peak memory 315 MiB.
2026-10-04T01:56:41Z INFO [209/750] 2f4db86c-6c5d-41ae-af6b-154ded83bdcd: Sackin index -0.1266; 2.4 s; peak memory 315 MiB.
2026-10-04T01:56:42Z INFO [210/750] 2f4f25f4-e41c-49fd-be50-8012893ec3c2: Sackin index -0.1273; 0.9 s; peak memory 315 MiB.
2026-10-04T01:56:43Z INFO [211/750] 2f506bdd-82f8-41c8-a1e4-3ebc69288de9: Sackin index -0.1194; 1.2 s; peak memory 315 MiB.
2026-10-04T01:56:44Z INFO [212/750] 2f508d4e-d3d2-4466-b6bc-61099fd6353c: Sackin index -0.0722; 1.1 s; peak memory 315 MiB.
2026-10-04T01:56:45Z INFO [213/750] 2f50ad5f-b0aa-40af-ad2f-3b634d6a9eda: Sackin index -0.0728; 0.9 s; peak memory 315 MiB.
2026-10-04T01:56:46Z INFO [214/750] 2f50b2a6-dca0-456f-97a7-37dd9cfd0050: Sackin index -0.0728; 1.0 s; peak memory 315 MiB.
2026-10-04T01:56:47Z INFO [215/750] 2f5145b0-2e1f-42b5-bf01-a17b1ee8ec7c: Sackin index -0.2073; 0.6 s; peak memory 315 MiB.
2026-10-04T01:56:48Z INFO [216/750] 2f517be1-e40b-4dde-a28e-a7c2fe200bad: Sackin index -0.0728; 1.1 s; peak memory 315 MiB.
2026-10-04T01:56:49Z INFO [217/750] 2f522ed8-6a29-4afd-a401-78b813164d75: Sackin index -0.1191; 0.8 s; peak memory 315 MiB.
2026-10-04T01:56:50Z INFO [218/750] 2f52302e-542a-43e1-967d-5fbdc4a50cba: Sackin index -0.0375; 1.1 s; peak memory 315 MiB.
2026-10-04T01:56:51Z INFO [219/750] 2f52747b-2875-4a83-bca2-6a24b4b07873: Sackin index -0.1349; 0.8 s; peak memory 315 MiB.
2026-10-04T01:56:54Z INFO [220/750] 2f52ec14-783f-4722-9460-88b4cc0dbbca: Sackin index -0.0410; 3.4 s; peak memory 315 MiB.
2026-10-04T01:56:55Z INFO [221/750] 2f53bcc7-cfab-4c11-a116-ba5b4fb38184: Sackin index -0.1349; 0.7 s; peak memory 315 MiB.
2026-10-04T01:56:55Z INFO [222/750] 2f546f45-43c1-4f23-9f1f-3713d1571d13: Sackin index -0.1448; 0.6 s; peak memory 315 MiB.
2026-10-04T01:56:56Z INFO [223/750] 2f54f291-7ce6-424f-bb3e-7b0edccfc8f6: Sackin index -0.0702; 0.8 s; peak memory 315 MiB.
2026-10-04T01:56:57Z INFO [224/750] 2f552b89-84da-4b7e-96e3-12730a55ac69: Sackin index -0.0991; 0.9 s; peak memory 315 MiB.
2026-10-04T01:56:58Z INFO [225/750] 2f56eea3-745d-46cb-9c65-51df6e0ec81e: Sackin index -0.1658; 0.6 s; peak memory 315 MiB.
2026-10-04T01:57:00Z INFO [226/750] 2f56fa3a-bceb-4b0b-9bc9-1fb415a08a43: Sackin index -0.0486; 2.2 s; peak memory 315 MiB.
2026-10-04T01:57:00Z INFO [227/750] 2f57d455-2cff-453f-9d31-ce8d427be8d3: Sackin index -0.1741; 0.6 s; peak memory 315 MiB.
2026-10-04T01:57:02Z INFO [228/750] 2f5888f3-20fc-496c-9821-dc7897584404: Sackin index -0.0732; 1.0 s; peak memory 315 MiB.
2026-10-04T01:57:03Z INFO [229/750] 2f58e290-05f3-41a5-8f22-ca83cf6c1d54: Sackin index -0.0745; 1.1 s; peak memory 315 MiB.
2026-10-04T01:57:03Z INFO [230/750] 2f5ac776-cada-43cf-9b27-8665fa497763: Sackin index -0.1349; 0.8 s; peak memory 315 MiB.
2026-10-04T01:57:05Z INFO [231/750] 2f5d6166-bc2a-4f0b-8306-2822e49ec3a0: Sackin index -0.0369; 1.3 s; peak memory 315 MiB.
2026-10-04T01:57:14Z INFO [232/750] 2f5dafc7-d22d-40db-8193-d3ed24f1ff33: Sackin index -0.0228; 9.5 s; peak memory 315 MiB.
2026-10-04T01:57:15Z INFO [233/750] 2f5dc5a3-31f4-4224-b742-3ba41b576803: Sackin index -0.0702; 0.9 s; peak memory 315 MiB.
2026-10-04T01:57:16Z INFO [234/750] 2f5dd9d7-4d06-4562-b283-db520cf6c353: Sackin index -0.1602; 0.8 s; peak memory 315 MiB.
2026-10-04T01:57:17Z INFO [235/750] 2f5ea876-3687-4908-b01c-815207b3e1a9: Sackin index -0.0676; 1.5 s; peak memory 315 MiB.
2026-10-04T01:57:18Z INFO [236/750] 2f5ead23-ed11-4481-8979-78af0e43b3d3: Sackin index -0.1349; 0.7 s; peak memory 315 MiB.
2026-10-04T01:57:19Z INFO [237/750] 2f5edc0e-8c59-4b01-a5f6-7b24e8309e0b: Sackin index -0.0702; 0.9 s; peak memory 315 MiB.
2026-10-04T01:57:20Z INFO [238/750] 2f5f03f8-9781-4ed5-8ffb-aba769c2f51b: Sackin index -0.0376; 1.0 s; peak memory 315 MiB.
2026-10-04T01:57:21Z INFO [239/750] 2f5f4714-bf20-409a-9244-c8b16a39dfaa: Sackin index -0.0376; 1.1 s; peak memory 315 MiB.
2026-10-04T01:57:22Z INFO [240/750] 2f604e8f-3cc0-498d-8421-d7161d4e45fa: Sackin index -0.1228; 1.0 s; peak memory 315 MiB.
2026-10-04T01:57:23Z INFO [241/750] 2f6080b0-2604-4ef9-b0ed-c0c964a03735: Sackin index -0.0702; 1.0 s; peak memory 315 MiB.
2026-10-04T01:57:24Z INFO [242/750] 2f60a392-097a-4150-8aaa-8a7d07f23734: Sackin index -0.1349; 0.8 s; peak memory 315 MiB.
2026-10-04T01:57:25Z INFO [243/750] 2f60b471-b26e-4464-84fc-75fd44d11794: Sackin index -0.0702; 0.9 s; peak memory 315 MiB.
2026-10-04T01:57:29Z INFO [244/750] 2f60b944-4fa3-4394-9d8c-c7bb1e9a3624: Sackin index -0.0435; 4.4 s; peak memory 315 MiB.
2026-10-04T01:57:32Z INFO [245/750] 2f60fb0e-7456-4186-8e05-3c5ef186f31f: Sackin index -0.0267; 3.3 s; peak memory 315 MiB.
2026-10-04T01:57:34Z INFO [246/750] 2f61c227-fafd-4bef-9ed9-b1d8041498c9: Sackin index -0.0745; 1.4 s; peak memory 315 MiB.
2026-10-04T01:57:35Z INFO [247/750] 2f626ce3-7e1b-4108-afc4-7c2773ca972b: Sackin index -0.1349; 0.8 s; peak memory 315 MiB.
2026-10-04T01:57:36Z INFO [248/750] 2f639bfe-ea94-4f33-9854-79d294a57cc3: Sackin index -0.0699; 1.8 s; peak memory 315 MiB.
2026-10-04T01:57:38Z INFO [249/750] 2f63c6fd-6f26-4b4c-8303-19491f5e46f3: Sackin index -0.0660; 2.0 s; peak memory 315 MiB.
2026-10-04T01:57:39Z INFO [250/750] 2f648507-c96c-4afc-993c-84fb9d730f97: Sackin index -0.1349; 0.8 s; peak memory 315 MiB.
2026-10-04T01:57:39Z INFO [250/750] 2f648507-c96c-4afc-993c-84fb9d730f97: checkpointed 69836 records.
2026-10-04T01:57:40Z INFO [251/750] 2f6507ec-7839-48c5-b6de-b5770fb04f8e: Sackin index -0.0702; 0.9 s; peak memory 315 MiB.
2026-10-04T01:57:41Z INFO [252/750] 2f65b0ed-f05c-48e3-b2e3-e73716e5a6da: Sackin index -0.0369; 1.1 s; peak memory 315 MiB.
2026-10-04T01:57:42Z INFO [253/750] 2f65d2d8-f87f-4f9f-a3da-1eddaa8ee689: Sackin index -0.1349; 0.7 s; peak memory 315 MiB.
2026-10-04T01:57:43Z INFO [254/750] 2f65e128-38f9-4e25-a3c8-05a3c14a2613: Sackin index -0.1383; 0.9 s; peak memory 315 MiB.
2026-10-04T01:57:44Z INFO [255/750] 2f65f371-9711-48b6-868a-48db55a94b83: Sackin index -0.1658; 0.6 s; peak memory 315 MiB.
2026-10-04T01:57:44Z INFO [256/750] 2f666b30-3d1e-4244-88e8-7bb22f8368d1: Sackin index -0.0702; 0.8 s; peak memory 315 MiB.
2026-10-04T01:57:45Z INFO [257/750] 2f66a25b-88ec-45e7-afdb-2394713b4184: Sackin index -0.1349; 0.8 s; peak memory 315 MiB.
2026-10-04T01:57:59Z INFO [258/750] 2f67bfcd-9a73-4743-9e53-ae099fd950cb: Sackin index -0.0124; 13.5 s; peak memory 315 MiB.
2026-10-04T01:58:00Z INFO [259/750] 2f67e413-47a7-42f0-983a-c14173f990f8: Sackin index -0.0728; 0.8 s; peak memory 315 MiB.
2026-10-04T01:58:00Z INFO [260/750] 2f680d03-d06c-42eb-a2ee-5ffa7b73df1d: Sackin index -0.1046; 0.8 s; peak memory 315 MiB.
2026-10-04T01:58:01Z INFO [261/750] 2f686d7e-5c95-4d30-b452-9ef1b0dd8f66: Sackin index -0.0816; 0.8 s; peak memory 315 MiB.
2026-10-04T01:58:11Z INFO [262/750] 2f68ae90-0afa-4959-b03b-f46e582ebe52: Sackin index -0.0139; 10.2 s; peak memory 315 MiB.
2026-10-04T01:58:12Z INFO [263/750] 2f68de4e-9790-4a79-a1b1-797677e0cb6c: Sackin index -0.1349; 0.8 s; peak memory 315 MiB.
2026-10-04T01:58:14Z INFO [264/750] 2f6961bc-8281-4a90-ba9c-a7fdb49f3f41: Sackin index -0.0694; 2.0 s; peak memory 315 MiB.
2026-10-04T01:58:16Z INFO [265/750] 2f698c2d-71ef-4773-b09e-56f6c26da48e: Sackin index -0.0842; 1.8 s; peak memory 315 MiB.
2026-10-04T01:58:17Z INFO [266/750] 2f6a0b81-64bc-4d99-a97d-f83efe0a6b87: Sackin index -0.1349; 0.8 s; peak memory 315 MiB.
2026-10-04T01:58:23Z INFO [267/750] 2f6a2388-0509-4380-886a-649dc45fb01a: Sackin index -0.0135; 6.7 s; peak memory 315 MiB.
2026-10-04T01:58:24Z INFO [268/750] 2f6a2ee7-dd13-4c79-b047-65ff385255b8: Sackin index -0.1349; 0.7 s; peak memory 315 MiB.
2026-10-04T01:58:25Z INFO [269/750] 2f6a76d5-6f39-4c68-8dfa-715d6d3945ef: Sackin index -0.1349; 0.8 s; peak memory 315 MiB.
2026-10-04T01:58:26Z INFO [270/750] 2f6a89f9-4389-40ae-89b9-f69d9e9ef373: Sackin index -0.0385; 1.0 s; peak memory 315 MiB.
2026-10-04T01:58:27Z INFO [271/750] 2f6ac43a-8536-433e-93e7-18174c29c571: Sackin index -0.0696; 0.8 s; peak memory 315 MiB.
2026-10-04T01:58:28Z INFO [272/750] 2f6ad8e1-f635-4343-bc35-6f2a3059cfa7: Sackin index -0.0374; 1.3 s; peak memory 315 MiB.
2026-10-04T01:59:06Z INFO [273/750] 2f6b7ef7-4f59-4b82-b040-d4d6f633a61e: Sackin index -0.0011; 37.8 s; peak memory 324 MiB.
2026-10-04T01:59:07Z INFO [274/750] 2f6bec2c-6758-468e-9624-07f2a6f24d95: Sackin index -0.1349; 0.8 s; peak memory 324 MiB.
2026-10-04T01:59:15Z INFO [275/750] 2f6c63bb-a725-4dde-bebd-a187878ac111: Sackin index -0.0100; 8.7 s; peak memory 324 MiB.
2026-10-04T01:59:16Z INFO [276/750] 2f6c9905-87d2-4a46-8852-49b2f0f75d0f: Sackin index -0.1303; 0.7 s; peak memory 324 MiB.
2026-10-04T01:59:20Z INFO [277/750] 2f6d8e13-4659-42d8-b0fd-dd62c531bdc2: Sackin index -0.0403; 3.6 s; peak memory 324 MiB.
2026-10-04T01:59:21Z INFO [278/750] 2f6dd27b-3bb7-4acd-9d3d-c8f2cc3ac2a8: Sackin index -0.0715; 1.0 s; peak memory 324 MiB.
2026-10-04T01:59:22Z INFO [279/750] 2f6dfc9f-9084-49e2-a7bf-de0ea6d90954: Sackin index -0.1349; 0.8 s; peak memory 324 MiB.
2026-10-04T01:59:22Z INFO [280/750] 2f6e2052-c69e-4b63-8671-eacb55670c30: Sackin index -0.1938; 0.7 s; peak memory 324 MiB.
2026-10-04T01:59:23Z INFO [281/750] 2f6e635a-1c6d-43af-b941-a0a31d59f29e: Sackin index -0.0702; 0.9 s; peak memory 324 MiB.
2026-10-04T01:59:24Z INFO [282/750] 2f6ec102-f4bf-4d47-b713-c9af4c142429: Sackin index -0.0696; 1.1 s; peak memory 324 MiB.
2026-10-04T01:59:25Z INFO [283/750] 2f70dc87-87f0-45b4-a744-05445ff54ca4: Sackin index -0.1575; 0.8 s; peak memory 324 MiB.
2026-10-04T01:59:26Z INFO [284/750] 2f714f61-80c0-4d8a-b6aa-fa397a15664a: Sackin index -0.1349; 0.8 s; peak memory 324 MiB.
2026-10-04T01:59:27Z INFO [285/750] 2f71a7cc-2e83-4727-bb21-d302ddfdf9c2: Sackin index -0.1349; 0.9 s; peak memory 324 MiB.
2026-10-04T01:59:28Z INFO [286/750] 2f7250fe-1fd2-465e-b5bf-f2aabccecfff: Sackin index -0.0745; 1.1 s; peak memory 324 MiB.
2026-10-04T01:59:29Z INFO [287/750] 2f728b44-038a-4251-aadb-4a75d580b614: Sackin index -0.1704; 1.0 s; peak memory 324 MiB.
2026-10-04T01:59:30Z INFO [288/750] 2f72fc05-08b1-4cb6-97ed-41ff12b86e78: Sackin index -0.1349; 0.8 s; peak memory 324 MiB.
2026-10-04T01:59:31Z INFO [289/750] 2f735588-1f18-4f01-982d-c8a632ca4244: Sackin index -0.0696; 0.9 s; peak memory 324 MiB.
2026-10-04T01:59:31Z INFO [290/750] 2f739173-c54d-46a7-a2a5-4b9871a21f7c: Sackin index -0.1161; 0.6 s; peak memory 324 MiB.
2026-10-04T01:59:32Z INFO [291/750] 2f749bc0-8103-4720-89d0-aa8cf3d9eab6: Sackin index -0.1349; 0.8 s; peak memory 324 MiB.
2026-10-04T01:59:43Z INFO [292/750] 2f74e972-6ab7-4ea9-b744-f8af52767210: Sackin index -0.0037; 11.4 s; peak memory 324 MiB.
2026-10-04T01:59:45Z INFO [293/750] 2f763288-ed47-4a0f-b56e-7b62d5a78db7: Sackin index -0.0728; 1.1 s; peak memory 324 MiB.
2026-10-04T01:59:45Z INFO [294/750] 2f766420-0167-41e7-b019-9cd5bacaef95: Sackin index -0.1349; 0.8 s; peak memory 324 MiB.
2026-10-04T01:59:46Z INFO [295/750] 2f775b9c-a40c-403b-b0f5-d901129d393a: Sackin index -0.1349; 0.9 s; peak memory 324 MiB.
2026-10-04T01:59:47Z INFO [296/750] 2f776771-36bb-4934-a5f8-0a48c62599c1: Sackin index -0.1567; 0.7 s; peak memory 324 MiB.
2026-10-04T01:59:53Z INFO [297/750] 2f779fa1-098b-49d4-a198-8b601d94cf7e: Sackin index -0.0308; 6.4 s; peak memory 324 MiB.
2026-10-04T01:59:54Z INFO [298/750] 2f77c022-4377-4f15-a127-c68e2ae0d10a: Sackin index -0.0702; 0.8 s; peak memory 324 MiB.
2026-10-04T02:00:00Z INFO [299/750] 2f79b51f-3e94-431c-a0ae-27c9aa2e4287: Sackin index -0.0308; 5.6 s; peak memory 324 MiB.
2026-10-04T02:00:05Z INFO [300/750] 2f79fdce-a1f4-4b7c-9c45-3335f5a2af85: Sackin index -0.0399; 5.7 s; peak memory 324 MiB.
2026-10-04T02:00:06Z INFO [300/750] 2f79fdce-a1f4-4b7c-9c45-3335f5a2af85: checkpointed 69886 records.
2026-10-04T02:00:11Z INFO [301/750] 2f7aaf88-0eb7-4a43-b346-7436bd7b63db: Sackin index -0.0163; 5.6 s; peak memory 324 MiB.
2026-10-04T02:00:15Z INFO [302/750] 2f7affbe-4d89-474a-8d48-40c082d90110: Sackin index -0.0445; 3.5 s; peak memory 324 MiB.
2026-10-04T02:00:15Z INFO [303/750] 2f7b690a-fab4-4f91-a866-9ae50e39214b: Sackin index -0.1448; 0.5 s; peak memory 324 MiB.
2026-10-04T02:00:17Z INFO [304/750] 2f7b788b-77f1-48a7-a71f-af0a0c4bec24: Sackin index -0.0718; 2.1 s; peak memory 324 MiB.
2026-10-04T02:00:18Z INFO [305/750] 2f7bab07-7c82-4ccc-ac2a-5765353ac243: Sackin index -0.1349; 1.0 s; peak memory 324 MiB.
2026-10-04T02:00:25Z INFO [306/750] 2f7c5524-deb5-4412-adbd-4dae87f81616: Sackin index -0.0166; 6.4 s; peak memory 324 MiB.
2026-10-04T02:00:25Z INFO [307/750] 2f7c6920-bb8f-45b4-97f6-244ad89e348c: Sackin index -0.1349; 0.8 s; peak memory 324 MiB.
2026-10-04T02:00:26Z INFO [308/750] 2f7ced24-6469-4e6d-a6f3-562708987d46: Sackin index -0.0696; 0.9 s; peak memory 324 MiB.
2026-10-04T02:02:07Z INFO [309/750] 2f7d9b01-1830-4964-84d9-9e22159ec015: Sackin index -0.0286; 100.8 s; peak memory 324 MiB.
2026-10-04T02:02:09Z INFO [310/750] 2f7feabf-d44e-4d01-9e43-814cbe3bc929: Sackin index -0.0660; 2.2 s; peak memory 324 MiB.
2026-10-04T02:02:10Z INFO [311/750] 2f806b20-aadf-4f81-b3e8-811fb028f137: Sackin index -0.1000; 1.1 s; peak memory 324 MiB.
2026-10-04T02:02:11Z INFO [312/750] 2f8105f7-ad14-4d77-a5c9-79759e21c17c: Sackin index -0.0709; 1.0 s; peak memory 324 MiB.
2026-10-04T02:02:12Z INFO [313/750] 2f817def-d0be-451a-b0b6-0e6a47ba44af: Sackin index -0.1349; 0.9 s; peak memory 324 MiB.
2026-10-04T02:02:13Z INFO [314/750] 2f819ab8-aa3d-4b79-91dd-fd7572ec910c: Sackin index -0.1356; 0.6 s; peak memory 324 MiB.
2026-10-04T02:02:14Z INFO [315/750] 2f82382d-be23-4d37-a70f-a9f4fadf53ce: Sackin index -0.1349; 0.8 s; peak memory 324 MiB.
2026-10-04T02:02:14Z INFO [316/750] 2f829c85-555b-449c-a715-79e61da5e062: Sackin index -0.1349; 0.7 s; peak memory 324 MiB.
2026-10-04T02:02:15Z INFO [317/750] 2f8405bb-e072-42e1-b447-6ce2e5a2c8db: Sackin index -0.0709; 1.0 s; peak memory 324 MiB.
2026-10-04T02:02:17Z INFO [318/750] 2f85d9e1-f59c-4536-834b-5185a8229501: Sackin index -0.0375; 1.1 s; peak memory 324 MiB.
2026-10-04T02:02:18Z INFO [319/750] 2f85fcb7-2313-4fc6-83a7-36d66544fc3e: Sackin index -0.1248; 1.0 s; peak memory 324 MiB.
2026-10-04T02:02:18Z INFO [320/750] 2f86302a-5664-4af3-8c4b-a3d04ccc7aff: Sackin index -0.1349; 0.8 s; peak memory 324 MiB.
2026-10-04T02:02:22Z INFO [321/750] 2f865c0a-baa6-4b29-b834-2fac69f5f701: Sackin index -0.0248; 4.0 s; peak memory 324 MiB.
2026-10-04T02:02:34Z INFO [322/750] 2f8675bb-b53c-4f36-a6aa-6d73dfbfd65a: Sackin index -0.0115; 11.9 s; peak memory 324 MiB.
2026-10-04T02:02:35Z INFO [323/750] 2f87361f-d1bd-4da5-9577-27f8b407fbfc: Sackin index -0.0369; 1.2 s; peak memory 324 MiB.
2026-10-04T02:02:52Z INFO [324/750] 2f875bee-48bf-4f0d-9205-7fa72e9377cf: Sackin index -0.0862; 16.9 s; peak memory 324 MiB.
2026-10-04T02:02:53Z INFO [325/750] 2f87949a-0ca7-4b62-b52d-53e86498149b: Sackin index -0.0728; 1.2 s; peak memory 324 MiB.
2026-10-04T02:02:56Z INFO [326/750] 2f87a6ca-fa41-4b1e-bceb-fc27c6821f36: Sackin index -0.0660; 2.1 s; peak memory 324 MiB.
2026-10-04T02:02:57Z INFO [327/750] 2f882cb0-1454-4432-9427-fe1ab1404409: Sackin index -0.0376; 1.2 s; peak memory 324 MiB.
2026-10-04T02:02:57Z INFO [328/750] 2f884d28-9070-420d-88b2-5c958f9c43c3: Sackin index -0.1349; 0.8 s; peak memory 324 MiB.
2026-10-04T02:02:58Z INFO [329/750] 2f88adc3-fa4d-4c48-8794-56920c81a7f2: Sackin index -0.1349; 0.8 s; peak memory 324 MiB.
2026-10-04T02:02:59Z INFO [330/750] 2f88c70e-35ae-47e5-b5a5-f28e3400105a: Sackin index -0.0728; 0.8 s; peak memory 324 MiB.
2026-10-04T02:03:00Z INFO [331/750] 2f88e21c-d476-4efd-af46-86416764f7bd: Sackin index -0.1349; 0.8 s; peak memory 324 MiB.
2026-10-04T02:03:01Z INFO [332/750] 2f88fc22-6059-47ea-87e2-df664bd07e50: Sackin index -0.1349; 0.8 s; peak memory 324 MiB.
2026-10-04T02:03:01Z INFO [333/750] 2f896f23-ea8e-4f8d-b8a1-0e28e6c95b57: Sackin index -0.1448; 0.7 s; peak memory 324 MiB.
2026-10-04T02:03:03Z INFO [334/750] 2f8a6cc6-5831-4667-8547-7ed2c915ddd4: Sackin index -0.0272; 1.3 s; peak memory 324 MiB.
2026-10-04T02:03:04Z INFO [335/750] 2f8accfe-97fa-4ca7-8643-f13d8bdddfc3: Sackin index -0.1194; 1.3 s; peak memory 324 MiB.
2026-10-04T02:03:05Z INFO [336/750] 2f8ae534-18cd-47f4-870d-2872735a6334: Sackin index -0.0702; 1.0 s; peak memory 324 MiB.
2026-10-04T02:03:06Z INFO [337/750] 2f8aef39-9b40-4ed0-9ea5-27b4b0dfc7bc: Sackin index -0.1349; 0.8 s; peak memory 324 MiB.
2026-10-04T02:03:06Z INFO [338/750] 2f8c60c7-737a-4747-a422-192ef3154261: Sackin index -0.1239; 0.6 s; peak memory 324 MiB.
2026-10-04T02:03:07Z INFO [339/750] 2f8cae71-439a-4e3f-b710-dcd880fa9fa9: Sackin index -0.0696; 0.9 s; peak memory 324 MiB.
2026-10-04T02:03:08Z INFO [340/750] 2f8cd2e6-4595-4b1b-8024-6cb141dd321c: Sackin index -0.1331; 0.6 s; peak memory 324 MiB.
2026-10-04T02:03:09Z INFO [341/750] 2f8d8b12-346d-4640-8050-7a80f238eaeb: Sackin index -0.0728; 1.3 s; peak memory 324 MiB.
2026-10-04T02:03:10Z INFO [342/750] 2f8e27ea-3fa9-4357-9146-8f4401daac6f: Sackin index -0.1349; 0.9 s; peak memory 324 MiB.
2026-10-04T02:03:11Z INFO [343/750] 2f8f74eb-4fd2-448e-b9b8-6d4ce4e3c2bd: Sackin index -0.1349; 0.8 s; peak memory 324 MiB.
2026-10-04T02:03:12Z INFO [344/750] 2f915891-1b0a-4d34-b9dc-613911875f61: Sackin index -0.1174; 0.8 s; peak memory 324 MiB.
2026-10-04T02:03:15Z INFO [345/750] 2f91a513-8cff-44e8-be01-eae12f2f99fc: Sackin index -0.0408; 2.8 s; peak memory 324 MiB.
2026-10-04T02:03:16Z INFO [346/750] 2f91bf7f-224c-4570-a21b-20902ab7777e: Sackin index -0.0376; 1.4 s; peak memory 324 MiB.
2026-10-04T02:03:17Z INFO [347/750] 2f9264fc-8b6e-4f60-979c-99ca3e3bc041: Sackin index -0.1349; 1.1 s; peak memory 324 MiB.
2026-10-04T02:03:18Z INFO [348/750] 2f92d6d8-ac9c-456f-bba7-3faee4f37954: Sackin index -0.0709; 1.0 s; peak memory 324 MiB.
2026-10-04T02:03:19Z INFO [349/750] 2f937054-4906-44c9-bdfa-7277f096406c: Sackin index -0.0745; 1.4 s; peak memory 324 MiB.
2026-10-04T02:03:20Z INFO [350/750] 2f93f3c2-e0ef-480e-8056-143737bddb8c: Sackin index -0.1349; 0.8 s; peak memory 324 MiB.
2026-10-04T02:03:20Z INFO [350/750] 2f93f3c2-e0ef-480e-8056-143737bddb8c: checkpointed 69936 records.
2026-10-04T02:03:21Z INFO [351/750] 2f945b44-1e5b-437e-979e-c364207843fc: Sackin index -0.2147; 0.5 s; peak memory 324 MiB.
2026-10-04T02:03:22Z INFO [352/750] 2f945fd0-9112-4318-ae4f-f7a96fe8c7fd: Sackin index -0.1349; 0.9 s; peak memory 324 MiB.
2026-10-04T02:03:23Z INFO [353/750] 2f95cfbc-c7cb-43e9-98e4-62a4428a0515: Sackin index -0.0702; 0.9 s; peak memory 324 MiB.
2026-10-04T02:03:24Z INFO [354/750] 2f96d035-2d48-4be5-af25-f4a9fc88d20e: Sackin index -0.1026; 1.1 s; peak memory 324 MiB.
2026-10-04T02:03:25Z INFO [355/750] 2f96ee89-a282-4480-a925-f69698c90edf: Sackin index -0.0696; 1.0 s; peak memory 324 MiB.
2026-10-04T02:05:13Z INFO [356/750] 2f9767c2-a253-491f-af89-7e45e677fe7b: Sackin index -0.0288; 107.7 s; peak memory 324 MiB.
2026-10-04T02:05:14Z INFO [357/750] 2f97bd19-5734-4596-a28b-85de67c9ddd9: Sackin index -0.0709; 1.0 s; peak memory 324 MiB.
2026-10-04T02:05:15Z INFO [358/750] 2f9880da-825d-4dc8-9cd9-64f0a9251ee1: Sackin index -0.0728; 1.4 s; peak memory 324 MiB.
2026-10-04T02:05:16Z INFO [359/750] 2f98ed52-c091-4f05-a7e7-9f3d32c66731: Sackin index -0.0728; 1.1 s; peak memory 324 MiB.
2026-10-04T02:05:17Z INFO [360/750] 2f994179-236b-44e0-b6ca-3073638330f3: Sackin index -0.1349; 0.8 s; peak memory 324 MiB.
2026-10-04T02:05:18Z INFO [361/750] 2f9ac4fa-a039-4c6c-8e69-383aac9b7d49: Sackin index -0.1349; 0.8 s; peak memory 324 MiB.
2026-10-04T02:05:19Z INFO [362/750] 2f9ada38-6d2b-4e10-8d10-7e2bd3fa6bb2: Sackin index -0.0702; 1.1 s; peak memory 324 MiB.
2026-10-04T02:05:23Z INFO [363/750] 2f9dbe35-ddfd-49fd-befb-05fe3d9974a5: Sackin index -0.0476; 4.7 s; peak memory 324 MiB.
2026-10-04T02:05:25Z INFO [364/750] 2f9debcc-bd7e-464f-9366-e9ce7360f2cd: Sackin index -0.0818; 1.6 s; peak memory 324 MiB.
2026-10-04T02:05:30Z INFO [365/750] 2f9e51a6-0c23-4477-8052-5b0397f8f403: Sackin index -0.0415; 4.5 s; peak memory 324 MiB.
2026-10-04T02:09:30Z INFO [366/750] 2f9e6b18-ce0d-4552-850a-d5205ceb76f1: Sackin index -0.0286; 240.1 s; peak memory 425 MiB.
2026-10-04T02:09:31Z INFO [367/750] 2f9eb9b0-e767-45dd-ab17-866c8f473b3b: Sackin index -0.1349; 1.0 s; peak memory 425 MiB.
2026-10-04T02:09:32Z INFO [368/750] 2f9f62d1-6134-45ee-a522-d75edd0a54fc: Sackin index -0.0728; 1.1 s; peak memory 425 MiB.
2026-10-04T02:09:33Z INFO [369/750] 2f9fd694-d3dc-4557-acb8-96b56e459055: Sackin index -0.0696; 1.1 s; peak memory 425 MiB.
2026-10-04T02:09:34Z INFO [370/750] 2fa139b6-9793-431f-93cc-dc633dcca215: Sackin index -0.0702; 0.9 s; peak memory 425 MiB.
2026-10-04T02:09:35Z INFO [371/750] 2fa13e24-7fc2-4873-9c1c-0bba641ef2e9: Sackin index -0.0702; 1.1 s; peak memory 425 MiB.
2026-10-04T02:09:36Z INFO [372/750] 2fa1c26a-cc92-4056-940c-9f22ba8e9e23: Sackin index -0.0709; 1.2 s; peak memory 425 MiB.
2026-10-04T02:09:41Z INFO [373/750] 2fa1e6d9-ffa2-4eb9-9bce-9112760ebcb1: Sackin index -0.0251; 4.7 s; peak memory 425 MiB.
2026-10-04T02:09:42Z INFO [374/750] 2fa2d637-5e97-4c9b-a9da-91b1937fffa3: Sackin index -0.1349; 0.8 s; peak memory 425 MiB.
2026-10-04T02:09:42Z INFO [375/750] 2fa30739-6339-44f4-96ba-78ed1617497e: Sackin index -0.1448; 0.7 s; peak memory 425 MiB.
2026-10-04T02:09:44Z INFO [376/750] 2fa442a8-8419-4a0d-8536-03620ba6c8c7: Sackin index -0.0702; 1.1 s; peak memory 425 MiB.
2026-10-04T02:09:44Z INFO [377/750] 2fa45f41-4d64-4b5d-98e3-3ea6ea238545: Sackin index -0.1349; 0.9 s; peak memory 425 MiB.
2026-10-04T02:09:45Z INFO [378/750] 2fa4c2ff-4dfa-42e7-a0bb-97f9b0a2be59: Sackin index -0.1349; 0.8 s; peak memory 425 MiB.
2026-10-04T02:09:46Z INFO [379/750] 2fa4d741-21e1-4f28-a721-34ae650edaff: Sackin index -0.1349; 0.9 s; peak memory 425 MiB.
2026-10-04T02:09:47Z INFO [380/750] 2fa51740-22e1-4a8e-99d6-699474dfca6a: Sackin index -0.0376; 1.2 s; peak memory 425 MiB.
2026-10-04T02:09:48Z INFO [381/750] 2fa5af64-e38f-480f-9782-dc27022d50fd: Sackin index -0.1349; 0.9 s; peak memory 425 MiB.
2026-10-04T02:09:49Z INFO [382/750] 2fa63182-259e-4fe4-8763-dea91fbb2d21: Sackin index -0.0696; 1.1 s; peak memory 425 MiB.
2026-10-04T02:09:50Z INFO [383/750] 2fa6985b-589a-432e-a119-2e61c2d0201c: Sackin index -0.1101; 0.8 s; peak memory 425 MiB.
2026-10-04T02:09:55Z INFO [384/750] 2fa69b36-2ea6-46d5-85e4-abef4930a640: Sackin index -0.0614; 4.6 s; peak memory 425 MiB.
2026-10-04T02:09:56Z INFO [385/750] 2fa6e82f-aa69-4c6a-8091-408782a2c56f: Sackin index -0.0941; 1.3 s; peak memory 425 MiB.
2026-10-04T02:09:57Z INFO [386/750] 2fa72dbd-74b4-4da7-a5a3-8591ba503fd2: Sackin index -0.0891; 1.0 s; peak memory 425 MiB.
2026-10-04T02:09:58Z INFO [387/750] 2fa91a78-a67f-4067-869b-ab840bd53b76: Sackin index -0.1408; 0.8 s; peak memory 425 MiB.
2026-10-04T02:09:59Z INFO [388/750] 2faa61f2-0025-479e-ae77-2817b89209bb: Sackin index -0.0738; 1.3 s; peak memory 425 MiB.
2026-10-04T02:10:00Z INFO [389/750] 2faa831c-26a9-4025-8871-2e7df2d879eb: Sackin index -0.2147; 0.7 s; peak memory 425 MiB.
2026-10-04T02:10:09Z INFO [390/750] 2fab892a-59ba-4de1-bd3b-3c03acba0293: Sackin index -0.0115; 8.7 s; peak memory 425 MiB.
2026-10-04T02:10:10Z INFO [391/750] 2facc963-9046-4fe3-baf3-228f3c23acf4: Sackin index -0.0434; 1.2 s; peak memory 425 MiB.
2026-10-04T02:10:12Z INFO [392/750] 2fad13da-3d4c-4e0c-83cc-e661a6ff4769: Sackin index -0.0660; 2.3 s; peak memory 425 MiB.
2026-10-04T02:10:13Z INFO [393/750] 2fae4752-cca6-47d9-834d-3447bd8777a7: Sackin index -0.0709; 1.0 s; peak memory 425 MiB.
2026-10-04T02:10:14Z INFO [394/750] 2faef46a-f8a2-41d1-be28-895f368996c7: Sackin index -0.1349; 1.0 s; peak memory 425 MiB.
2026-10-04T02:12:09Z INFO [395/750] 2faf397f-82dc-4110-8442-3d7489aa7c08: Sackin index -0.0701; 114.4 s; peak memory 1141 MiB.
2026-10-04T02:12:10Z INFO [396/750] 2faf53db-e788-42b0-be69-1e56d9954ab5: Sackin index -0.0379; 1.3 s; peak memory 1141 MiB.
2026-10-04T02:12:11Z INFO [397/750] 2faf8025-b3b3-4aa4-984f-f4426ef8ba48: Sackin index -0.1349; 0.9 s; peak memory 1141 MiB.
2026-10-04T02:12:12Z INFO [398/750] 2fafc11a-6646-4b87-97e7-1fdfb4e5c79e: Sackin index -0.1349; 0.9 s; peak memory 1141 MiB.
2026-10-04T02:13:58Z INFO [399/750] 2fafc4e1-27a7-4295-aac2-5cba4dbfb331: Sackin index -0.0286; 106.1 s; peak memory 1141 MiB.
2026-10-04T02:14:05Z INFO [400/750] 2faffe45-9e0f-4238-9756-c873fdd3c78b: Sackin index -0.0171; 7.2 s; peak memory 1141 MiB.
2026-10-04T02:14:05Z INFO [400/750] 2faffe45-9e0f-4238-9756-c873fdd3c78b: checkpointed 69986 records.
2026-10-04T02:14:06Z INFO [401/750] 2fb002b2-35cf-463d-b337-c1b22960c8ae: Sackin index -0.0728; 1.1 s; peak memory 1141 MiB.
2026-10-04T02:16:01Z INFO [402/750] 2fb04db5-40cc-4acc-89e5-5f85a66c1766: Sackin index -0.0288; 114.9 s; peak memory 1141 MiB.
2026-10-04T02:16:12Z INFO [403/750] 2fb1ab95-a70d-400a-beb0-c901924fe55e: Sackin index -0.1462; 11.3 s; peak memory 1141 MiB.
2026-10-04T02:16:15Z INFO [404/750] 2fb20dea-d85c-4bc8-a9ea-076cdfd7ab01: Sackin index -0.0235; 3.2 s; peak memory 1141 MiB.
2026-10-04T02:16:16Z INFO [405/750] 2fb21efc-07d4-40d0-bd6f-84332d1ac537: Sackin index -0.1472; 0.7 s; peak memory 1141 MiB.
2026-10-04T02:16:17Z INFO [406/750] 2fb24e8f-bb16-41fa-b2b2-04e8a130b247: Sackin index -0.0702; 0.9 s; peak memory 1141 MiB.
2026-10-04T02:16:18Z INFO [407/750] 2fb36f81-c913-4498-a0f1-55426ba80e72: Sackin index -0.1072; 1.4 s; peak memory 1141 MiB.
2026-10-04T02:16:20Z INFO [408/750] 2fb5418c-bc99-4278-a7cb-f2b9c1f00a34: Sackin index -0.1456; 1.5 s; peak memory 1141 MiB.
2026-10-04T02:16:22Z INFO [409/750] 2fb5502e-0df4-48b1-98a1-44d0cfb5e3e3: Sackin index -0.0272; 1.7 s; peak memory 1141 MiB.
2026-10-04T02:16:22Z INFO [410/750] 2fb76a44-9d34-461a-8356-b72106602ac8: Sackin index -0.1349; 0.9 s; peak memory 1141 MiB.
2026-10-04T02:16:23Z INFO [411/750] 2fb82b78-605c-40bb-a04d-d920da0e62d1: Sackin index -0.1248; 0.8 s; peak memory 1141 MiB.
2026-10-04T02:16:24Z INFO [412/750] 2fb910db-17ce-4baf-8d04-151f334c514b: Sackin index -0.1201; 0.8 s; peak memory 1141 MiB.
2026-10-04T02:16:25Z INFO [413/750] 2fba444a-edbf-4ae9-9c5c-43e6d0ae613a: Sackin index -0.1349; 0.8 s; peak memory 1141 MiB.
2026-10-04T02:16:26Z INFO [414/750] 2fbab916-1df0-40d9-a8d9-81f280e59aea: Sackin index -0.1349; 0.9 s; peak memory 1141 MiB.
2026-10-04T02:16:27Z INFO [415/750] 2fbb4c0f-ab3a-4344-ae8a-6500954cb02f: Sackin index -0.0696; 1.0 s; peak memory 1141 MiB.
2026-10-04T02:16:29Z INFO [416/750] 2fbb62ca-a5c0-419b-bab7-e016235a9162: Sackin index -0.0484; 2.4 s; peak memory 1141 MiB.
2026-10-04T02:16:33Z INFO [417/750] 2fbc1cb9-5793-45a2-87f8-d52593162de3: Sackin index -0.0403; 3.9 s; peak memory 1141 MiB.
2026-10-04T02:16:34Z INFO [418/750] 2fbc8d78-96fe-47b0-8c1c-41fe378b933a: Sackin index -0.1349; 1.0 s; peak memory 1141 MiB.
2026-10-04T02:16:36Z INFO [419/750] 2fbc9aeb-a338-4e37-a059-fcdb088f6253: Sackin index -0.0693; 2.0 s; peak memory 1141 MiB.
2026-10-04T02:16:37Z INFO [420/750] 2fbcc4a7-5ba1-4966-842b-27fbe8775f16: Sackin index -0.3646; 0.7 s; peak memory 1141 MiB.
2026-10-04T02:16:39Z INFO [421/750] 2fbce988-b46e-4067-b419-9c7664ea1feb: Sackin index -0.0704; 2.2 s; peak memory 1141 MiB.
2026-10-04T02:16:40Z INFO [422/750] 2fbd6e54-4bca-4749-a52c-bff4e11a6ce5: Sackin index -0.1349; 0.9 s; peak memory 1141 MiB.
2026-10-04T02:16:41Z INFO [423/750] 2fbe3a20-8d9d-4595-933f-77b9eaa2d123: Sackin index -0.1349; 0.8 s; peak memory 1141 MiB.
2026-10-04T02:16:42Z INFO [424/750] 2fbeea2d-72cc-498f-a3b4-74fb6723b6bd: Sackin index -0.0369; 1.4 s; peak memory 1141 MiB.
2026-10-04T02:16:43Z INFO [425/750] 2fbf01ba-6487-4420-b8bd-8706d80b6dc0: Sackin index -0.1248; 1.0 s; peak memory 1141 MiB.
2026-10-04T02:16:44Z INFO [426/750] 2fbf1e29-3cbc-42d4-bfa4-e17931dfc928: Sackin index -0.0709; 0.8 s; peak memory 1141 MiB.
2026-10-04T02:16:45Z INFO [427/750] 2fc00c01-3928-468e-8ce7-395b2e0d8d4c: Sackin index -0.0375; 1.2 s; peak memory 1141 MiB.
2026-10-04T02:16:46Z INFO [428/750] 2fc05f50-2626-4811-9c00-cfff30554260: Sackin index -0.0709; 0.9 s; peak memory 1141 MiB.
2026-10-04T02:16:47Z INFO [429/750] 2fc0e74a-c63e-4d63-b2b3-509a0f605308: Sackin index -0.0728; 1.0 s; peak memory 1141 MiB.
2026-10-04T02:16:48Z INFO [430/750] 2fc103b1-b693-46d5-8a29-f34365601398: Sackin index -0.0728; 1.2 s; peak memory 1141 MiB.
2026-10-04T02:16:50Z INFO [431/750] 2fc166ed-ac84-483d-9e18-880bd5eef2f2: Sackin index -0.1938; 1.7 s; peak memory 1141 MiB.
2026-10-04T02:16:51Z INFO [432/750] 2fc222f5-1617-4134-8c94-76065a57864f: Sackin index -0.1349; 0.9 s; peak memory 1141 MiB.
2026-10-04T02:16:59Z INFO [433/750] 2fc300d5-9670-4f4f-b925-b819b5467fde: Sackin index -0.0153; 8.5 s; peak memory 1141 MiB.
2026-10-04T02:17:00Z INFO [434/750] 2fc39e0b-0ba0-4af7-b2ca-626690153987: Sackin index -0.1349; 1.0 s; peak memory 1141 MiB.
2026-10-04T02:17:01Z INFO [435/750] 2fc470b7-d317-40c1-8b07-7591478bf09b: Sackin index -0.0709; 0.9 s; peak memory 1141 MiB.
2026-10-04T02:17:07Z INFO [436/750] 2fc48635-b6b2-4963-b06b-6a7bcd076291: Sackin index -0.0017; 6.2 s; peak memory 1141 MiB.
2026-10-04T02:17:09Z INFO [437/750] 2fc5ec89-ff99-4c8b-9e33-27082c448eda: Sackin index -0.0272; 1.5 s; peak memory 1141 MiB.
2026-10-04T02:17:10Z INFO [438/750] 2fc67db2-cd98-4574-9b37-8c077f8bc976: Sackin index -0.1349; 0.8 s; peak memory 1141 MiB.
2026-10-04T02:17:11Z INFO [439/750] 2fc68f7c-c0a7-49e1-88fc-138ae2bc4931: Sackin index -0.1349; 1.0 s; peak memory 1141 MiB.
2026-10-04T02:17:12Z INFO [440/750] 2fc7af82-6ca0-41cf-8ae0-b71d71cdeccf: Sackin index -0.1349; 0.9 s; peak memory 1141 MiB.
2026-10-04T02:17:13Z INFO [441/750] 2fc7d656-f7d0-4f24-8ddf-d77f3393520c: Sackin index -0.0702; 0.8 s; peak memory 1141 MiB.
2026-10-04T02:17:14Z INFO [442/750] 2fc85d7c-72a1-4e0b-832c-fbf72ac516ee: Sackin index -0.0728; 1.4 s; peak memory 1141 MiB.
2026-10-04T02:17:15Z INFO [443/750] 2fcc85f7-1a68-4613-a1f2-e21e91e57701: Sackin index -0.1349; 0.8 s; peak memory 1141 MiB.
2026-10-04T02:17:16Z INFO [444/750] 2fce20e8-1857-476d-95d7-c3f1f06c4f37: Sackin index -0.0375; 1.2 s; peak memory 1141 MiB.
2026-10-04T02:17:17Z INFO [445/750] 2fceabe8-908b-461a-b49d-9f4c9af88da5: Sackin index -0.1349; 1.0 s; peak memory 1141 MiB.
2026-10-04T02:17:18Z INFO [446/750] 2fcfa42c-ab82-4209-acbf-a6e1200039ae: Sackin index -0.1191; 0.9 s; peak memory 1141 MiB.
2026-10-04T02:17:19Z INFO [447/750] 2fcfacc0-4571-447b-a393-5612a8e85cb7: Sackin index -0.0886; 0.9 s; peak memory 1141 MiB.
2026-10-04T02:17:19Z INFO [448/750] 2fd0079b-fe11-48b4-a3e5-88be4aae37cb: Sackin index -0.1349; 0.7 s; peak memory 1141 MiB.
2026-10-04T02:17:20Z INFO [449/750] 2fd07044-726f-41b7-8632-dfa1829a2c62: Sackin index -0.1349; 0.9 s; peak memory 1141 MiB.
2026-10-04T02:17:26Z INFO [450/750] 2fd07e45-3329-4ffd-889d-da97793e5b47: Sackin index -0.0017; 6.2 s; peak memory 1141 MiB.
2026-10-04T02:17:27Z INFO [450/750] 2fd07e45-3329-4ffd-889d-da97793e5b47: checkpointed 70036 records.
2026-10-04T02:17:28Z INFO [451/750] 2fd082b3-3f50-4ab8-9e26-bbbce5957fc1: Sackin index -0.0382; 1.0 s; peak memory 1141 MiB.
2026-10-04T02:17:28Z INFO [452/750] 2fd0bd52-08da-4a70-b68f-afb05db8f212: Sackin index -0.1662; 0.7 s; peak memory 1141 MiB.
2026-10-04T02:17:35Z INFO [453/750] 2fd11725-1b38-4972-a89a-5421cd6dfed2: Sackin index -0.0341; 6.3 s; peak memory 1141 MiB.
2026-10-04T02:17:35Z INFO [454/750] 2fd25591-f725-4bec-9d4f-74d9432c1a7c: Sackin index -0.1331; 0.7 s; peak memory 1141 MiB.
2026-10-04T02:17:37Z INFO [455/750] 2fd28c06-b010-4efe-85f9-9156e0fbe833: Sackin index -0.0681; 1.9 s; peak memory 1141 MiB.
2026-10-04T02:17:39Z INFO [456/750] 2fd2b6c4-f24b-42bc-bb8a-bbd13f154e94: Sackin index -0.0728; 1.4 s; peak memory 1141 MiB.
2026-10-04T02:17:53Z INFO [457/750] 2fd482e3-a4da-4583-8b71-de2ddd6d169a: Sackin index -0.0152; 14.3 s; peak memory 1141 MiB.
2026-10-04T02:17:54Z INFO [458/750] 2fd6088a-6271-4c12-a964-03c4ba29794a: Sackin index -0.0728; 1.0 s; peak memory 1141 MiB.
2026-10-04T02:17:56Z INFO [459/750] 2fd80dfc-8783-4059-9f98-aee9d63fdd02: Sackin index -0.0570; 2.0 s; peak memory 1141 MiB.
2026-10-04T02:17:58Z INFO [460/750] 2fd851dd-5f8d-4a2a-9609-c58424db51da: Sackin index -0.0515; 1.9 s; peak memory 1141 MiB.
2026-10-04T02:19:48Z INFO [461/750] 2fd89b2b-72d3-48c3-9e6f-5afb84af18cf: Sackin index -0.0573; 110.5 s; peak memory 1141 MiB.
2026-10-04T02:19:49Z INFO [462/750] 2fd8a3db-999c-48eb-8c48-ca527008fd9b: Sackin index -0.0387; 1.0 s; peak memory 1141 MiB.
2026-10-04T02:19:51Z INFO [463/750] 2fd8a79b-cb1f-45e2-bdae-1059af436b74: Sackin index -0.0699; 2.0 s; peak memory 1141 MiB.
2026-10-04T02:19:56Z INFO [464/750] 2fd8fb12-3c21-4067-b8e8-44972b064b50: Sackin index -0.0512; 4.8 s; peak memory 1141 MiB.
2026-10-04T02:19:57Z INFO [465/750] 2fda9454-e0d4-4748-9671-e2dcaee8fbea: Sackin index -0.1072; 1.4 s; peak memory 1141 MiB.
2026-10-04T02:19:58Z INFO [466/750] 2fdafd7a-a966-45c2-b313-8fe4da10af1a: Sackin index -0.1349; 0.9 s; peak memory 1141 MiB.
2026-10-04T02:20:00Z INFO [467/750] 2fdb240e-bf77-42ce-9d5d-2fddc134c802: Sackin index -0.0728; 1.2 s; peak memory 1141 MiB.
2026-10-04T02:20:20Z INFO [468/750] 2fdbacdd-1e13-4f89-b49b-db9443a30dc0: Sackin index -0.1367; 20.7 s; peak memory 1141 MiB.
2026-10-04T02:20:21Z INFO [469/750] 2fdbb5c2-c3d7-4849-b481-af3b74ad7c37: Sackin index -0.0369; 1.1 s; peak memory 1141 MiB.
2026-10-04T02:20:22Z INFO [470/750] 2fdc4da7-a02f-41fe-b55a-84bb1e6324bd: Sackin index -0.1658; 0.6 s; peak memory 1141 MiB.
2026-10-04T02:20:23Z INFO [471/750] 2fdc860a-855f-4489-95e3-badb25c5105e: Sackin index -0.1349; 0.9 s; peak memory 1141 MiB.
2026-10-04T02:20:24Z INFO [472/750] 2fdd0468-b69a-421d-b4ce-931d29bff96a: Sackin index -0.1521; 0.7 s; peak memory 1141 MiB.
2026-10-04T02:21:43Z INFO [473/750] 2fdd6f75-8fa7-46d5-b291-346248c5cdc5: Sackin index -0.0032; 79.8 s; peak memory 1141 MiB.
2026-10-04T02:21:44Z INFO [474/750] 2fdf979a-b08e-41ed-8c8d-806960ba04fb: Sackin index -0.0702; 1.0 s; peak memory 1141 MiB.
2026-10-04T02:21:57Z INFO [475/750] 2fdffbd2-f158-4877-86dd-f456446f67c8: Sackin index -0.0142; 12.8 s; peak memory 1141 MiB.
2026-10-04T02:21:58Z INFO [476/750] 2fe06762-0ead-4f30-a0ab-3e38c3e356bf: Sackin index -0.0728; 1.2 s; peak memory 1141 MiB.
2026-10-04T02:21:59Z INFO [477/750] 2fe07e51-03c6-4b3f-88cf-628e43df3611: Sackin index -0.1658; 0.5 s; peak memory 1141 MiB.
2026-10-04T02:22:00Z INFO [478/750] 2fe0a851-aebb-43f9-a1ae-a6e335fe0ea6: Sackin index -0.1349; 0.8 s; peak memory 1141 MiB.
2026-10-04T02:22:01Z INFO [479/750] 2fe0aa06-4a80-42e7-913c-02a240694ed5: Sackin index -0.1015; 1.0 s; peak memory 1141 MiB.
2026-10-04T02:22:08Z INFO [480/750] 2fe0c247-bbc5-4d06-a134-55c1db9f1b76: Sackin index -0.0042; 7.1 s; peak memory 1141 MiB.
2026-10-04T02:22:09Z INFO [481/750] 2fe0dea8-1108-4aee-b7f0-3ae19c350117: Sackin index -0.1349; 0.8 s; peak memory 1141 MiB.
2026-10-04T02:23:44Z INFO [482/750] 2fe196d8-074e-40cd-8e9b-12c93fe38182: Sackin index -0.0288; 95.4 s; peak memory 1141 MiB.
2026-10-04T02:23:45Z INFO [483/750] 2fe1de67-2094-4c49-9bb3-30ae104c0827: Sackin index -0.0921; 0.7 s; peak memory 1141 MiB.
2026-10-04T02:23:45Z INFO [484/750] 2fe1f372-c36d-4f6e-b887-3b38231c33cd: Sackin index -0.1349; 0.7 s; peak memory 1141 MiB.
2026-10-04T02:23:46Z INFO [485/750] 2fe330e2-2e8b-4a6f-93db-7f25975e7f4e: Sackin index -0.1349; 0.8 s; peak memory 1141 MiB.
2026-10-04T02:23:47Z INFO [486/750] 2fe4d6dc-1dd0-4a04-ae49-3058d22bc8fa: Sackin index -0.1291; 1.2 s; peak memory 1141 MiB.
2026-10-04T02:23:48Z INFO [487/750] 2fe5446e-de35-47db-a452-4ed89e6ac20a: Sackin index -0.1349; 0.9 s; peak memory 1141 MiB.
2026-10-04T02:23:56Z INFO [488/750] 2fe55396-582e-402c-bf00-5ae485f088ef: Sackin index -0.0697; 7.3 s; peak memory 1141 MiB.
2026-10-04T02:23:56Z INFO [489/750] 2fe5b2b9-8538-410d-8064-f07a4a2b9e43: Sackin index -0.0702; 0.8 s; peak memory 1141 MiB.
2026-10-04T02:23:58Z INFO [490/750] 2fe62a03-4d1b-49b0-9306-8860ac0043ba: Sackin index -0.1273; 1.1 s; peak memory 1141 MiB.
2026-10-04T02:24:02Z INFO [491/750] 2fe6a73b-32e6-41c8-84db-0662a7126b12: Sackin index -0.0159; 4.4 s; peak memory 1141 MiB.
2026-10-04T02:24:04Z INFO [492/750] 2fe6c799-3257-4e19-8ab8-a2bc43b4fbd2: Sackin index -0.0272; 1.6 s; peak memory 1141 MiB.
2026-10-04T02:24:04Z INFO [493/750] 2fe6f64c-e185-4112-95ee-c754b645d8e6: Sackin index -0.1602; 0.7 s; peak memory 1141 MiB.
2026-10-04T02:24:05Z INFO [494/750] 2fe761ff-2692-4845-984e-0df4d80738dd: Sackin index -0.0728; 1.1 s; peak memory 1141 MiB.
2026-10-04T02:24:06Z INFO [495/750] 2fe7eb78-d99a-4db6-8bfb-8780591839da: Sackin index -0.0881; 0.8 s; peak memory 1141 MiB.
2026-10-04T02:24:07Z INFO [496/750] 2fe7f55b-e96f-44a2-a329-4d1a4ae9f7b5: Sackin index -0.1161; 0.6 s; peak memory 1141 MiB.
2026-10-04T02:24:08Z INFO [497/750] 2fe7f714-e4bb-4044-a9f9-3fdd8a91fe61: Sackin index -0.1349; 0.8 s; peak memory 1141 MiB.
2026-10-04T02:24:13Z INFO [498/750] 2fe8eef1-fc29-4d5d-a5af-3d796cb3910e: Sackin index -0.0308; 5.8 s; peak memory 1141 MiB.
2026-10-04T02:24:14Z INFO [499/750] 2fe90ca7-44b8-41b5-b274-61ba2041973a: Sackin index -0.0728; 1.0 s; peak memory 1141 MiB.
2026-10-04T02:24:16Z INFO [500/750] 2fe92278-632e-4a8d-b0fe-891f5a5d18ed: Sackin index -0.0728; 1.2 s; peak memory 1141 MiB.
2026-10-04T02:24:16Z INFO [500/750] 2fe92278-632e-4a8d-b0fe-891f5a5d18ed: checkpointed 70086 records.
2026-10-04T02:24:17Z INFO [501/750] 2fea5400-ea0a-4c5c-81a9-626cee780ed5: Sackin index -0.1349; 0.9 s; peak memory 1141 MiB.
2026-10-04T02:24:18Z INFO [502/750] 2feb567a-aff2-4d35-97f1-5392802fef2c: Sackin index -0.0728; 1.4 s; peak memory 1141 MiB.
2026-10-04T02:24:19Z INFO [503/750] 2feb6c4b-46d0-404d-b6d1-0016992f152f: Sackin index -0.0702; 0.8 s; peak memory 1141 MiB.
2026-10-04T02:24:20Z INFO [504/750] 2febda45-fcfd-45a8-adc8-f7d905e86f76: Sackin index -0.0728; 1.1 s; peak memory 1141 MiB.
2026-10-04T02:24:21Z INFO [505/750] 2febfe33-3470-42f6-8fbd-9da94ff0c3b0: Sackin index -0.0696; 0.8 s; peak memory 1141 MiB.
2026-10-04T02:24:24Z INFO [506/750] 2fec4726-eddb-4df5-a9eb-6ec0ccabbf18: Sackin index -0.0403; 3.3 s; peak memory 1141 MiB.
2026-10-04T02:24:25Z INFO [507/750] 2fec7c14-33de-4a7d-8783-e098a9d6b13d: Sackin index -0.0375; 1.2 s; peak memory 1141 MiB.
2026-10-04T02:24:26Z INFO [508/750] 2fed9856-cea3-4713-b7ff-4f1adea6c3c3: Sackin index -0.0728; 1.1 s; peak memory 1141 MiB.
2026-10-04T02:24:27Z INFO [509/750] 2fedf89e-5c22-4ea1-b860-eba17f8d70a8: Sackin index -0.0702; 0.9 s; peak memory 1141 MiB.
2026-10-04T02:24:32Z INFO [510/750] 2fedfab2-8fd4-49ac-952e-41c40ca717a1: Sackin index -0.0940; 5.3 s; peak memory 1141 MiB.
2026-10-04T02:24:34Z INFO [511/750] 2fee08ca-ab01-42b0-bf15-2423d1287a01: Sackin index -0.1674; 1.6 s; peak memory 1141 MiB.
2026-10-04T02:24:35Z INFO [512/750] 2fee2ba9-8fa0-4929-ad4a-769b0f81936a: Sackin index -0.0702; 0.8 s; peak memory 1141 MiB.
2026-10-04T02:24:36Z INFO [513/750] 2feebe94-a691-42ce-ba57-935a9e7d1640: Sackin index -0.1658; 0.6 s; peak memory 1141 MiB.
2026-10-04T02:24:36Z INFO [514/750] 2ff08cc0-d468-4601-94e9-e143c3add33e: Sackin index -0.1349; 0.8 s; peak memory 1141 MiB.
2026-10-04T02:24:37Z INFO [515/750] 2ff0c742-c514-4a86-b365-4dbbba312f46: Sackin index -0.1349; 0.8 s; peak memory 1141 MiB.
2026-10-04T02:24:38Z INFO [516/750] 2ff14f91-dfe8-4ad7-baf2-062161f16271: Sackin index -0.0728; 1.1 s; peak memory 1141 MiB.
2026-10-04T02:24:39Z INFO [517/750] 2ff1888b-1e2d-4b61-8f80-280ac2a15fa0: Sackin index -0.0752; 1.1 s; peak memory 1141 MiB.
2026-10-04T02:24:41Z INFO [518/750] 2ff23b53-7b74-4c7e-b549-0fb759805e6c: Sackin index -0.0699; 1.9 s; peak memory 1141 MiB.
2026-10-04T02:24:42Z INFO [519/750] 2ff2bc6c-dc3b-4b44-bad1-a19d1c8d133c: Sackin index -0.0275; 1.2 s; peak memory 1141 MiB.
2026-10-04T02:24:46Z INFO [520/750] 2ff65432-f9d4-4e25-8128-02e2df861049: Sackin index -0.0383; 3.7 s; peak memory 1141 MiB.
2026-10-04T02:24:47Z INFO [521/750] 2ff74983-db36-4ee0-8ab8-a469862a68a4: Sackin index -0.0275; 1.2 s; peak memory 1141 MiB.
2026-10-04T02:24:48Z INFO [522/750] 2ff78595-b562-4ae1-83a6-65410a25c8a1: Sackin index -0.1349; 0.7 s; peak memory 1141 MiB.
2026-10-04T02:24:59Z INFO [523/750] 2ff7b869-2cf4-4d42-9d03-1e9523f3dd27: Sackin index -0.0159; 11.3 s; peak memory 1141 MiB.
2026-10-04T02:25:01Z INFO [524/750] 2ff8789d-ac06-4f32-850e-94438562c1f9: Sackin index -0.0745; 1.5 s; peak memory 1141 MiB.
2026-10-04T02:25:02Z INFO [525/750] 2ff87d5b-3ca7-446c-8fd0-d511d743309d: Sackin index -0.1191; 0.8 s; peak memory 1141 MiB.
2026-10-04T02:25:02Z INFO [526/750] 2ff89045-4770-44f5-839b-df684698b209: Sackin index -0.1349; 0.7 s; peak memory 1141 MiB.
2026-10-04T02:25:04Z INFO [527/750] 2ff8d74c-72a2-4f25-ac47-fc703464dade: Sackin index -0.0722; 1.2 s; peak memory 1141 MiB.
2026-10-04T02:25:04Z INFO [528/750] 2ff93d66-0ead-4015-b735-5407e60d0f46: Sackin index -0.0762; 0.7 s; peak memory 1141 MiB.
2026-10-04T02:25:06Z INFO [529/750] 2ff95333-dfe9-4bb7-9282-ee55f12f5145: Sackin index -0.0914; 1.9 s; peak memory 1141 MiB.
2026-10-04T02:25:07Z INFO [530/750] 2ff9cfc3-d140-46d6-895d-4c58974556c5: Sackin index -0.0702; 0.9 s; peak memory 1141 MiB.
2026-10-04T02:25:08Z INFO [531/750] 2ffab574-e0a9-441e-a502-73a9cc0f2256: Sackin index -0.0728; 1.2 s; peak memory 1141 MiB.
2026-10-04T02:26:52Z INFO [532/750] 2ffb88cc-dce2-4295-bc54-cfd9870cf982: Sackin index -0.0573; 103.4 s; peak memory 1141 MiB.
2026-10-04T02:26:53Z INFO [533/750] 2ffc842b-9406-40c7-91b4-53c1a92e8ab2: Sackin index -0.0376; 1.1 s; peak memory 1141 MiB.
2026-10-04T02:27:40Z INFO [534/750] 2ffe2382-c5ee-4f37-a774-b3f8af0399f4: Sackin index -0.0029; 47.3 s; peak memory 1141 MiB.
2026-10-04T02:27:41Z INFO [535/750] 2ffe29f9-bbcd-45e1-ae77-d39e8c7b4444: Sackin index -0.1349; 0.8 s; peak memory 1141 MiB.
2026-10-04T02:27:42Z INFO [536/750] 2ffe2b1b-6c16-4e88-aa08-6406c41799b5: Sackin index -0.1120; 0.6 s; peak memory 1141 MiB.
2026-10-04T02:29:23Z INFO [537/750] 2ffe82e1-3f36-4a76-a120-8841b86cb581: Sackin index -0.0013; 100.9 s; peak memory 1141 MiB.
2026-10-04T02:29:24Z INFO [538/750] 2fff0a70-3393-4a3c-9b0c-54bc6668dc5b: Sackin index -0.0881; 1.0 s; peak memory 1141 MiB.
2026-10-04T02:29:26Z INFO [539/750] 2fff39c9-5a00-4e1d-95c0-2dc6aac62259: Sackin index -0.0252; 2.7 s; peak memory 1141 MiB.
2026-10-04T02:29:28Z INFO [540/750] 3002050b-75ad-4ac0-95f5-da83c9d0eca2: Sackin index -0.1938; 1.8 s; peak memory 1141 MiB.
2026-10-04T02:29:29Z INFO [541/750] 3002517f-6866-47c7-ac6a-4a9d54a6e464: Sackin index -0.1658; 0.6 s; peak memory 1141 MiB.
2026-10-04T02:29:30Z INFO [542/750] 3002fcc0-7c31-4dfe-8c6f-48193cbc7997: Sackin index -0.0676; 1.6 s; peak memory 1141 MiB.
2026-10-04T02:29:31Z INFO [543/750] 30037b42-19be-4a28-8c05-ba6a61ba4a92: Sackin index -0.1658; 0.6 s; peak memory 1141 MiB.
2026-10-04T02:29:32Z INFO [544/750] 300408fa-91df-408d-bfd1-d4e00790d8a1: Sackin index -0.0369; 1.3 s; peak memory 1141 MiB.
2026-10-04T02:29:33Z INFO [545/750] 30046e69-e6c1-42c1-b461-4e08c56401ec: Sackin index -0.0728; 1.1 s; peak memory 1141 MiB.
2026-10-04T02:29:34Z INFO [546/750] 3006018a-8ed1-470f-8ed1-4e2babb3198a: Sackin index -0.0702; 0.8 s; peak memory 1141 MiB.
2026-10-04T02:29:35Z INFO [547/750] 300634be-277b-411b-ba00-71c549f95ec2: Sackin index -0.0709; 1.0 s; peak memory 1141 MiB.
2026-10-04T02:29:45Z INFO [548/750] 3006a7ce-3807-453f-a640-4e1c31986884: Sackin index -0.0184; 9.2 s; peak memory 1141 MiB.
2026-10-04T02:29:46Z INFO [549/750] 30079bd7-e356-4bd6-b564-1ebe81f1c087: Sackin index -0.0746; 1.1 s; peak memory 1141 MiB.
2026-10-04T02:29:53Z INFO [550/750] 30080dd7-cac9-4718-85fc-59370b62aba8: Sackin index -0.0063; 7.8 s; peak memory 1141 MiB.
2026-10-04T02:29:54Z INFO [550/750] 30080dd7-cac9-4718-85fc-59370b62aba8: checkpointed 70136 records.
2026-10-04T02:30:03Z INFO [551/750] 30081900-2918-44bf-bddb-5788ad7fad05: Sackin index -0.0139; 9.0 s; peak memory 1141 MiB.
2026-10-04T02:30:03Z INFO [552/750] 3008731e-3411-4fef-9d15-4293fc5f8d05: Sackin index -0.0728; 0.8 s; peak memory 1141 MiB.
2026-10-04T02:30:09Z INFO [553/750] 300876ce-24ae-4027-be6e-bf013dbd2734: Sackin index -0.0366; 6.0 s; peak memory 1141 MiB.
2026-10-04T02:30:10Z INFO [554/750] 30091b1f-6498-4f84-9806-7080b0dac6e3: Sackin index -0.1272; 0.6 s; peak memory 1141 MiB.
2026-10-04T02:30:11Z INFO [555/750] 30099515-f46e-4a0a-9238-78979f61220a: Sackin index -0.0390; 0.8 s; peak memory 1141 MiB.
2026-10-04T02:30:15Z INFO [556/750] 3009b407-7bf5-4a53-91f8-89c1efa0ea36: Sackin index -0.0476; 4.6 s; peak memory 1141 MiB.
2026-10-04T02:30:16Z INFO [557/750] 300a5f13-697c-49cf-82e0-273e843db47f: Sackin index -0.1349; 0.7 s; peak memory 1141 MiB.
2026-10-04T02:30:17Z INFO [558/750] 300bf8fd-3657-400d-b179-a8d892512c15: Sackin index -0.1331; 0.7 s; peak memory 1141 MiB.
2026-10-04T02:30:18Z INFO [559/750] 300d9f03-1b8a-471a-b383-7a10f8c4ceb0: Sackin index -0.1319; 0.8 s; peak memory 1141 MiB.
2026-10-04T02:30:18Z INFO [560/750] 300e2fae-1018-4a3e-b7d4-14cbd071f70f: Sackin index -0.0728; 0.9 s; peak memory 1141 MiB.
2026-10-04T02:30:20Z INFO [561/750] 300e5806-3269-485b-bde4-f86f56069303: Sackin index -0.0375; 1.2 s; peak memory 1141 MiB.
2026-10-04T02:30:21Z INFO [562/750] 300e7372-896c-4a85-8e8d-25b02d789126: Sackin index -0.0374; 1.3 s; peak memory 1141 MiB.
2026-10-04T02:30:23Z INFO [563/750] 300ec169-67c5-462b-9e64-d5d73c12acef: Sackin index -0.0660; 2.0 s; peak memory 1141 MiB.
2026-10-04T02:30:24Z INFO [564/750] 3010280c-f399-4834-9587-adbacdfafdc2: Sackin index -0.1356; 0.6 s; peak memory 1141 MiB.
2026-10-04T02:30:24Z INFO [565/750] 30109668-6bac-47a6-b8fd-dbd60519f8d1: Sackin index -0.2073; 0.7 s; peak memory 1141 MiB.
2026-10-04T02:30:25Z INFO [566/750] 301188f1-66f5-4d02-8244-951e287da9f3: Sackin index -0.0702; 0.8 s; peak memory 1141 MiB.
2026-10-04T02:30:31Z INFO [567/750] 30121ee7-74c1-4829-9346-ab6b4e8ac43d: Sackin index -0.0308; 6.0 s; peak memory 1141 MiB.
2026-10-04T02:30:32Z INFO [568/750] 3012b631-4a84-425b-b67f-7bccca44dabe: Sackin index -0.0696; 1.0 s; peak memory 1141 MiB.
2026-10-04T02:30:33Z INFO [569/750] 30133e18-2ad8-4ff9-a1d0-6c196eb44b61: Sackin index -0.1658; 0.6 s; peak memory 1141 MiB.
2026-10-04T02:30:34Z INFO [570/750] 301393e4-2805-47e1-8274-3d1f2f6f34f8: Sackin index -0.0702; 1.0 s; peak memory 1141 MiB.
2026-10-04T02:30:34Z INFO [571/750] 3014132b-29df-4bab-84da-457eca6234a9: Sackin index -0.1731; 0.6 s; peak memory 1141 MiB.
2026-10-04T02:30:36Z INFO [572/750] 3015b4a7-5d9e-443a-8e20-ae3cc8fdc29c: Sackin index -0.0738; 1.2 s; peak memory 1141 MiB.
2026-10-04T02:30:40Z INFO [573/750] 30165233-8974-46f5-88e1-818e92561761: Sackin index -0.0057; 4.7 s; peak memory 1141 MiB.
2026-10-04T02:30:50Z INFO [574/750] 3016ac95-3b72-46b3-9424-9aefa38e50a5: Sackin index -0.0203; 10.1 s; peak memory 1141 MiB.
2026-10-04T02:30:51Z INFO [575/750] 3016c0ca-ca51-42d8-815c-59479965c762: Sackin index -0.1448; 0.7 s; peak memory 1141 MiB.
2026-10-04T02:30:52Z INFO [576/750] 3016db27-1afc-4859-b7b3-42bc70a1536c: Sackin index -0.0702; 0.8 s; peak memory 1141 MiB.
2026-10-04T02:30:53Z INFO [577/750] 30171521-dd47-42b9-b41a-f3b7018845d2: Sackin index -0.1349; 0.8 s; peak memory 1141 MiB.
2026-10-04T02:30:54Z INFO [578/750] 3017601c-d7a7-4416-b3bd-ddacce5779df: Sackin index -0.1349; 0.8 s; peak memory 1141 MiB.
2026-10-04T02:30:54Z INFO [579/750] 3017ce56-6db6-4f1b-9f43-daf710104617: Sackin index -0.1120; 0.6 s; peak memory 1141 MiB.
2026-10-04T02:30:58Z INFO [580/750] 30186cf2-8269-4ddd-8022-9e40da07b8e3: Sackin index -0.0403; 3.7 s; peak memory 1141 MiB.
2026-10-04T02:30:59Z INFO [581/750] 30193bdc-ec3d-41d1-b617-9a0dcca924d7: Sackin index -0.0434; 1.0 s; peak memory 1141 MiB.
2026-10-04T02:31:00Z INFO [582/750] 30194e62-ff02-4a5c-ac7f-5040b900a55f: Sackin index -0.0275; 1.1 s; peak memory 1141 MiB.
2026-10-04T02:31:01Z INFO [583/750] 3019e55b-d166-4666-b115-96b0c273c523: Sackin index -0.0709; 0.9 s; peak memory 1141 MiB.
2026-10-04T02:31:02Z INFO [584/750] 301a4d8e-7c98-4a78-9a8d-936a2105c85d: Sackin index -0.1349; 0.9 s; peak memory 1141 MiB.
2026-10-04T02:31:12Z INFO [585/750] 301ad94f-fa10-4152-8797-8ae9a2cc6264: Sackin index -0.0136; 10.3 s; peak memory 1141 MiB.
2026-10-04T02:31:13Z INFO [586/750] 301b2026-6d8b-4b8a-82a5-8890e2a2a190: Sackin index -0.0956; 1.1 s; peak memory 1141 MiB.
2026-10-04T02:31:14Z INFO [587/750] 301b9179-3e46-451f-80fd-f4222c88a64b: Sackin index -0.0709; 0.9 s; peak memory 1141 MiB.
2026-10-04T02:31:16Z INFO [588/750] 301bb1d5-846d-43b3-af62-ed479d2d6070: Sackin index -0.0694; 1.8 s; peak memory 1141 MiB.
2026-10-04T02:31:17Z INFO [589/750] 301d0b9b-196d-4e60-9d34-b0b06046d0e6: Sackin index -0.0375; 1.2 s; peak memory 1141 MiB.
2026-10-04T02:31:18Z INFO [590/750] 301dbfe5-0f36-4c3d-8764-16bf70644946: Sackin index -0.0386; 0.9 s; peak memory 1141 MiB.
2026-10-04T02:31:19Z INFO [591/750] 301e9f10-e9dc-4afe-ac8d-c2b0579f68c9: Sackin index -0.0702; 0.9 s; peak memory 1141 MiB.
2026-10-04T02:31:20Z INFO [592/750] 301ea335-7e01-4b2d-8c32-9daea047a4f2: Sackin index -0.0709; 0.9 s; peak memory 1141 MiB.
2026-10-04T02:31:28Z INFO [593/750] 301f0c06-c833-405e-99eb-a8b7da6a1165: Sackin index -0.0169; 8.6 s; peak memory 1141 MiB.
2026-10-04T02:31:29Z INFO [594/750] 301f9126-0bd9-41e5-8ec6-ceea578de836: Sackin index -0.0696; 0.9 s; peak memory 1141 MiB.
2026-10-04T02:31:30Z INFO [595/750] 301fdbaa-3919-4f1f-8089-92334f7c88d7: Sackin index -0.0696; 0.9 s; peak memory 1141 MiB.
2026-10-04T02:31:32Z INFO [596/750] 3020670d-8799-4efc-aab1-8385e7895a64: Sackin index -0.0944; 1.4 s; peak memory 1141 MiB.
2026-10-04T02:31:33Z INFO [597/750] 30208de7-7d6c-4626-95b1-44677848c843: Sackin index -0.0696; 0.9 s; peak memory 1141 MiB.
2026-10-04T02:31:33Z INFO [598/750] 302129dd-63e5-46d6-bed8-90b89b4063e5: Sackin index -0.0702; 0.9 s; peak memory 1141 MiB.
2026-10-04T02:31:35Z INFO [599/750] 30217a66-4eec-4216-816b-0ef5e2fc483f: Sackin index -0.0263; 1.9 s; peak memory 1141 MiB.
2026-10-04T02:31:37Z INFO [600/750] 3021efb0-383c-43d1-91b4-f2cc90c5e2e5: Sackin index -0.0728; 1.2 s; peak memory 1141 MiB.
2026-10-04T02:31:37Z INFO [600/750] 3021efb0-383c-43d1-91b4-f2cc90c5e2e5: checkpointed 70186 records.
2026-10-04T02:31:38Z INFO [601/750] 3024048c-489a-4041-8233-250e3addd0f5: Sackin index -0.0375; 1.0 s; peak memory 1141 MiB.
2026-10-04T02:31:39Z INFO [602/750] 30241f65-077a-4804-ae37-dd3e106c05c1: Sackin index -0.1349; 0.9 s; peak memory 1141 MiB.
2026-10-04T02:31:40Z INFO [603/750] 30243036-cdd4-4036-b060-161bff3ec84b: Sackin index -0.0728; 1.1 s; peak memory 1141 MiB.
2026-10-04T02:31:41Z INFO [604/750] 302440e9-c14f-41b0-acbe-7f2031aeaef7: Sackin index -0.0709; 1.0 s; peak memory 1141 MiB.
2026-10-04T02:31:48Z INFO [605/750] 3024adeb-1aa8-4aef-9847-f55cb29ebfa2: Sackin index -0.0691; 7.1 s; peak memory 1141 MiB.
2026-10-04T02:31:50Z INFO [606/750] 30255eb6-fb49-4326-83cf-bc69d839f90f: Sackin index -0.0693; 1.9 s; peak memory 1141 MiB.
2026-10-04T02:31:51Z INFO [607/750] 30270bc5-0ef3-44db-ab7b-a0085987fd63: Sackin index -0.0728; 1.2 s; peak memory 1141 MiB.
2026-10-04T02:31:52Z INFO [608/750] 302712c7-595b-446d-9dfb-0e71944eb67c: Sackin index -0.2073; 0.6 s; peak memory 1141 MiB.
2026-10-04T02:31:52Z INFO [609/750] 30279b8c-5387-4e47-a6e2-865c71805cea: Sackin index -0.1068; 0.8 s; peak memory 1141 MiB.
2026-10-04T02:31:53Z INFO [610/750] 30285dc8-ca04-4c66-bd41-41593848f150: Sackin index -0.0728; 1.0 s; peak memory 1141 MiB.
2026-10-04T02:31:54Z INFO [611/750] 3028df35-f0e6-48ea-81a1-4a076648922c: Sackin index -0.1135; 0.5 s; peak memory 1141 MiB.
2026-10-04T02:31:56Z INFO [612/750] 3028fbb4-e652-4c9e-9e94-c8235ffb41fb: Sackin index -0.0704; 1.8 s; peak memory 1141 MiB.
2026-10-04T02:31:57Z INFO [613/750] 30296886-06e9-4f42-b022-618b9573c0ff: Sackin index -0.0376; 1.1 s; peak memory 1141 MiB.
2026-10-04T02:31:58Z INFO [614/750] 302a6985-3d49-4438-a3ab-ec5b5a92b41d: Sackin index -0.1000; 1.0 s; peak memory 1141 MiB.
2026-10-04T02:31:59Z INFO [615/750] 302aaf85-66ce-4734-8183-77613f584f69: Sackin index -0.0371; 0.9 s; peak memory 1141 MiB.
2026-10-04T02:32:00Z INFO [616/750] 302b0249-1480-4c81-88ab-6c709c6f5ad3: Sackin index -0.1349; 0.7 s; peak memory 1141 MiB.
2026-10-04T02:32:00Z INFO [617/750] 302ba4f7-e7a5-425a-b48a-3f0c18228b64: Sackin index -0.1658; 0.5 s; peak memory 1141 MiB.
2026-10-04T02:32:01Z INFO [618/750] 302c270c-1665-4e5f-abbc-70303f0ec0b9: Sackin index -0.1658; 0.5 s; peak memory 1141 MiB.
2026-10-04T02:32:02Z INFO [619/750] 302c8334-0f9e-41ff-904d-2311193ad7f4: Sackin index -0.0746; 1.0 s; peak memory 1141 MiB.
2026-10-04T02:32:02Z INFO [620/750] 302cf91d-973c-44bc-b204-ebf908820d00: Sackin index -0.1349; 0.8 s; peak memory 1141 MiB.
2026-10-04T02:32:04Z INFO [621/750] 302d8698-f581-42c4-8060-a750936c9f75: Sackin index -0.0676; 1.9 s; peak memory 1141 MiB.
2026-10-04T02:32:05Z INFO [622/750] 302ddb65-91e2-4abc-ab7c-040a95d8e61c: Sackin index -0.0702; 0.9 s; peak memory 1141 MiB.
2026-10-04T02:32:06Z INFO [623/750] 302de564-bb86-4674-8233-830ca580e409: Sackin index -0.3646; 0.7 s; peak memory 1141 MiB.
2026-10-04T02:32:08Z INFO [624/750] 302ea13b-a680-42bb-88a8-b096888483c7: Sackin index -0.0750; 2.0 s; peak memory 1141 MiB.
2026-10-04T02:32:09Z INFO [625/750] 302ec7e9-ebc1-4ea9-a876-831b67013435: Sackin index -0.1349; 0.8 s; peak memory 1141 MiB.
2026-10-04T02:32:15Z INFO [626/750] 302f4f28-aab3-47d4-9a3e-3327ea90fccd: Sackin index -0.1462; 5.9 s; peak memory 1141 MiB.
2026-10-04T02:32:23Z INFO [627/750] 30309452-5f2b-47d0-9d18-d75ff154367f: Sackin index -0.0037; 8.0 s; peak memory 1141 MiB.
2026-10-04T02:32:24Z INFO [628/750] 3030e6cf-72da-47b2-9bc6-b7e7375a501f: Sackin index -0.1248; 0.9 s; peak memory 1141 MiB.
2026-10-04T02:32:32Z INFO [629/750] 3030eb5a-f27b-4f4f-bc34-5131aa1023ff: Sackin index -0.0149; 8.4 s; peak memory 1141 MiB.
2026-10-04T02:32:33Z INFO [630/750] 3031c416-3834-4895-b929-cc9e883ebd9a: Sackin index -0.1349; 0.7 s; peak memory 1141 MiB.
2026-10-04T02:32:33Z INFO [631/750] 3032cd62-b0e5-44a4-bf19-a8b8875bde3a: Sackin index -0.0696; 0.8 s; peak memory 1141 MiB.
2026-10-04T02:32:48Z INFO [632/750] 3032e9cc-dd87-426c-96aa-94fd5e9f729c: Sackin index -0.0197; 14.7 s; peak memory 1141 MiB.
2026-10-04T02:32:50Z INFO [633/750] 30336e38-d33f-4319-8d14-dab67b9e509c: Sackin index -0.0369; 1.5 s; peak memory 1141 MiB.
2026-10-04T02:32:52Z INFO [634/750] 303390b3-3e21-4ad6-bf0a-97d124b98271: Sackin index -0.0681; 1.9 s; peak memory 1141 MiB.
2026-10-04T02:32:52Z INFO [635/750] 30351c62-d94a-486b-9e0c-57671ff269bd: Sackin index -0.0382; 0.8 s; peak memory 1141 MiB.
2026-10-04T02:32:53Z INFO [636/750] 303599c0-8dae-445b-9c1e-ec0dddbf782d: Sackin index -0.1527; 0.9 s; peak memory 1141 MiB.
2026-10-04T02:32:54Z INFO [637/750] 30373a5f-2fa0-4d5e-98d4-7892cd30aee6: Sackin index -0.0702; 0.9 s; peak memory 1141 MiB.
2026-10-04T02:32:55Z INFO [638/750] 3037f608-2e9e-4fb2-b9b1-c68a027732d8: Sackin index -0.0702; 0.8 s; peak memory 1141 MiB.
2026-10-04T02:32:56Z INFO [639/750] 3038a616-eb0b-4534-9a07-280e8d997163: Sackin index -0.1349; 0.7 s; peak memory 1141 MiB.
2026-10-04T02:32:56Z INFO [640/750] 3038c2d8-8d58-4533-8d56-e38698882674: Sackin index -0.1575; 0.7 s; peak memory 1141 MiB.
2026-10-04T02:33:07Z INFO [641/750] 3038cb87-6708-49c1-9582-919c582c0703: Sackin index -0.1462; 10.9 s; peak memory 1141 MiB.
2026-10-04T02:33:09Z INFO [642/750] 3038fb4b-e2f3-480c-82b6-a06d7592c188: Sackin index -0.0693; 1.9 s; peak memory 1141 MiB.
2026-10-04T02:33:11Z INFO [643/750] 3039a6b2-8065-41e6-9f31-339a64f3d910: Sackin index -0.0660; 2.0 s; peak memory 1141 MiB.
2026-10-04T02:33:12Z INFO [644/750] 303b2958-7b13-4ead-b4d6-08c4f4311a84: Sackin index -0.1349; 0.8 s; peak memory 1141 MiB.
2026-10-04T02:33:13Z INFO [645/750] 303bc03f-c5bf-48bd-9e96-cf154595b39b: Sackin index -0.1273; 1.1 s; peak memory 1141 MiB.
2026-10-04T02:33:14Z INFO [646/750] 303bdde4-c220-4b03-9ba4-82be9113654c: Sackin index -0.0276; 1.3 s; peak memory 1141 MiB.
2026-10-04T02:33:15Z INFO [647/750] 303c1c25-618e-489f-a11e-61e6742c9edd: Sackin index -0.0702; 0.8 s; peak memory 1141 MiB.
2026-10-04T02:33:16Z INFO [648/750] 303c66a2-f7f5-4e8a-bbf9-6f8b1fb6e6ac: Sackin index -0.1658; 0.6 s; peak memory 1141 MiB.
2026-10-04T02:33:16Z INFO [649/750] 303ceb0c-3319-455a-89af-f173386d920b: Sackin index -0.1148; 0.6 s; peak memory 1141 MiB.
2026-10-04T02:33:20Z INFO [650/750] 303dbdb7-6c32-4945-b9a8-4633a555691d: Sackin index -0.0252; 3.5 s; peak memory 1141 MiB.
2026-10-04T02:33:20Z INFO [650/750] 303dbdb7-6c32-4945-b9a8-4633a555691d: checkpointed 70236 records.
2026-10-04T02:33:21Z INFO [651/750] 303ebaac-6365-4053-a7d4-3ab8b8ad1a45: Sackin index -0.1000; 0.7 s; peak memory 1141 MiB.
2026-10-04T02:33:22Z INFO [652/750] 303ec446-9e1a-4a01-a74b-a83cda91bf13: Sackin index -0.0709; 0.9 s; peak memory 1141 MiB.
2026-10-04T02:35:02Z INFO [653/750] 303fa28e-98f3-4169-9d89-66fb940226cb: Sackin index -0.0573; 100.7 s; peak memory 1141 MiB.
2026-10-04T02:35:03Z INFO [654/750] 304024f9-24e0-44b1-b62d-f89444519a9b: Sackin index -0.1349; 0.8 s; peak memory 1141 MiB.
2026-10-04T02:35:04Z INFO [655/750] 3040b46a-e3dd-4f28-85b0-cc275a64b3e8: Sackin index -0.1938; 0.7 s; peak memory 1141 MiB.
2026-10-04T02:35:05Z INFO [656/750] 3040dfc4-1b3c-4664-bd1b-2aed750c5bce: Sackin index -0.0728; 1.2 s; peak memory 1141 MiB.
2026-10-04T02:35:06Z INFO [657/750] 30412042-b5e8-43f8-a506-5946d5947860: Sackin index -0.1349; 0.8 s; peak memory 1141 MiB.
2026-10-04T02:35:07Z INFO [658/750] 30413e06-13d9-4aa2-9c7f-b8aa355e6076: Sackin index -0.0702; 0.8 s; peak memory 1141 MiB.
2026-10-04T02:35:08Z INFO [659/750] 304147c8-7c81-4a5f-97c4-510e3ed8076f: Sackin index -0.0728; 1.1 s; peak memory 1141 MiB.
2026-10-04T02:35:21Z INFO [660/750] 3041d5dc-53cf-4bec-b051-f92fafe05a2c: Sackin index -0.0122; 12.8 s; peak memory 1141 MiB.
2026-10-04T02:35:24Z INFO [661/750] 3041da37-d7d1-46ca-a2e2-bb7908379b51: Sackin index -0.0251; 3.4 s; peak memory 1141 MiB.
2026-10-04T02:35:26Z INFO [662/750] 30431e03-d813-4210-900c-35094a5b567b: Sackin index -0.0699; 1.8 s; peak memory 1141 MiB.
2026-10-04T02:35:27Z INFO [663/750] 30442f1d-2972-4fd3-8fbd-3935fcc3ed86: Sackin index -0.1349; 0.8 s; peak memory 1141 MiB.
2026-10-04T02:35:28Z INFO [664/750] 304459f9-1ba1-498a-827b-58d3abe6a15e: Sackin index -0.0728; 1.0 s; peak memory 1141 MiB.
2026-10-04T02:35:29Z INFO [665/750] 304464a3-c9a2-4f25-8270-c553557bbc24: Sackin index -0.0728; 1.0 s; peak memory 1141 MiB.
2026-10-04T02:35:30Z INFO [666/750] 3044b08c-e0f4-449b-8a7b-6f0b77930028: Sackin index -0.1013; 0.9 s; peak memory 1141 MiB.
2026-10-04T02:35:30Z INFO [667/750] 3044d27e-42ca-4981-89fa-3ccee23909a9: Sackin index -0.1461; 0.7 s; peak memory 1141 MiB.
2026-10-04T02:35:35Z INFO [668/750] 30461416-a690-45b3-9375-5d3fcbeb09b0: Sackin index -0.0169; 4.5 s; peak memory 1141 MiB.
2026-10-04T02:35:36Z INFO [669/750] 30474f92-76c8-4a2a-8f3c-4a33cca5f45a: Sackin index -0.0369; 1.0 s; peak memory 1141 MiB.
2026-10-04T02:35:36Z INFO [670/750] 30479a56-c787-4527-9277-702aa124b8ca: Sackin index -0.1349; 0.7 s; peak memory 1141 MiB.
2026-10-04T02:35:38Z INFO [671/750] 30486273-7706-452d-a588-061b693ee906: Sackin index -0.0745; 1.3 s; peak memory 1141 MiB.
2026-10-04T02:35:40Z INFO [672/750] 30492cb4-16e9-430d-a270-164b5deffa60: Sackin index -0.0693; 1.9 s; peak memory 1141 MiB.
2026-10-04T02:35:41Z INFO [673/750] 30495042-eb6a-4740-ad66-7dd09c33f282: Sackin index -0.1349; 0.8 s; peak memory 1141 MiB.
2026-10-04T02:35:42Z INFO [674/750] 30497f1e-c121-40dd-99a0-dab1ce80d1e7: Sackin index -0.0735; 1.0 s; peak memory 1141 MiB.
2026-10-04T02:35:42Z INFO [675/750] 3049cbe5-7751-422f-94cf-cbef7127d38b: Sackin index -0.1349; 0.8 s; peak memory 1141 MiB.
2026-10-04T02:35:43Z INFO [676/750] 3049faf1-c2c5-429b-87e7-7c9deb6a5cc3: Sackin index -0.1349; 0.7 s; peak memory 1141 MiB.
2026-10-04T02:35:44Z INFO [677/750] 304a6305-7d29-49fc-b7c5-fedd98247c9a: Sackin index -0.0745; 1.0 s; peak memory 1141 MiB.
2026-10-04T02:35:53Z INFO [678/750] 304aea29-e6fb-4b59-bc9e-89ab71c1805d: Sackin index -0.0262; 8.5 s; peak memory 1141 MiB.
2026-10-04T02:35:53Z INFO [679/750] 304b285e-1cce-47f3-85b3-4beba70a27a0: Sackin index -0.1349; 0.6 s; peak memory 1141 MiB.
2026-10-04T02:35:54Z INFO [680/750] 304c0cc1-280c-450c-b907-d84b5b315b87: Sackin index -0.1349; 0.7 s; peak memory 1141 MiB.
2026-10-04T02:35:55Z INFO [681/750] 304c8aae-3c0b-4caf-bc02-46d0607c801a: Sackin index -0.0276; 1.2 s; peak memory 1141 MiB.
2026-10-04T02:35:59Z INFO [682/750] 304d37bc-07e6-4c15-b442-a8516cad5345: Sackin index -0.0220; 4.0 s; peak memory 1141 MiB.
2026-10-04T02:36:00Z INFO [683/750] 304f2f0f-5cfd-44d3-b2ff-bf9f313e16d1: Sackin index -0.0275; 1.2 s; peak memory 1141 MiB.
2026-10-04T02:36:01Z INFO [684/750] 304f3c54-1af3-422c-9250-2f386ac0e34d: Sackin index -0.1239; 0.6 s; peak memory 1141 MiB.
2026-10-04T02:36:04Z INFO [685/750] 304f8def-f7d2-4e2f-a31d-e6853282b389: Sackin index -0.0241; 3.6 s; peak memory 1141 MiB.
2026-10-04T02:36:05Z INFO [686/750] 30510363-ab08-4998-b8f7-6632ae0b9f65: Sackin index -0.1349; 0.8 s; peak memory 1141 MiB.
2026-10-04T02:36:06Z INFO [687/750] 30512f63-0599-4366-8176-329e31619a56: Sackin index -0.0696; 0.9 s; peak memory 1141 MiB.
2026-10-04T02:36:08Z INFO [688/750] 30513c0b-a658-46e5-b835-2b7f4ebfaaeb: Sackin index -0.0728; 1.4 s; peak memory 1141 MiB.
2026-10-04T02:36:09Z INFO [689/750] 30513dec-d8b3-4d13-beef-015298b46d37: Sackin index -0.0702; 0.9 s; peak memory 1141 MiB.
2026-10-04T02:36:10Z INFO [690/750] 3051738f-7672-45aa-b0f3-247812e9bacb: Sackin index -0.1938; 1.8 s; peak memory 1141 MiB.
2026-10-04T02:36:12Z INFO [691/750] 30520da9-3aef-49c5-9e5c-15108e3db5ba: Sackin index -0.0457; 1.2 s; peak memory 1141 MiB.
2026-10-04T02:36:12Z INFO [692/750] 30523a6c-bd9b-4910-9e2c-cb002207eb47: Sackin index -0.1349; 0.7 s; peak memory 1141 MiB.
2026-10-04T02:36:13Z INFO [693/750] 3052c5a2-4e11-4d8d-a12c-6df526a9911d: Sackin index -0.0376; 1.1 s; peak memory 1141 MiB.
2026-10-04T02:36:15Z INFO [694/750] 3053d189-3c1d-4151-b30e-7effef40ac1c: Sackin index -0.0379; 1.2 s; peak memory 1141 MiB.
2026-10-04T02:36:16Z INFO [695/750] 3054c186-0008-4c26-bf65-ac107d4bece8: Sackin index -0.0881; 1.0 s; peak memory 1141 MiB.
2026-10-04T02:36:17Z INFO [696/750] 3055af49-3a47-4a2e-b04f-e4bee048d90d: Sackin index -0.0371; 1.0 s; peak memory 1141 MiB.
2026-10-04T02:36:18Z INFO [697/750] 3056093d-d371-4364-bb55-7a1fff8d926c: Sackin index -0.1090; 1.4 s; peak memory 1141 MiB.
2026-10-04T02:36:19Z INFO [698/750] 305632e4-ca42-4435-bfc5-fa014e69c1d9: Sackin index -0.1716; 0.7 s; peak memory 1141 MiB.
2026-10-04T02:36:20Z INFO [699/750] 30563e67-0938-4462-b222-077e75fb5ac0: Sackin index -0.0952; 1.2 s; peak memory 1141 MiB.
2026-10-04T02:36:21Z INFO [700/750] 305662d2-2152-4210-84e1-56e5aa821615: Sackin index -0.0728; 0.9 s; peak memory 1141 MiB.
2026-10-04T02:36:21Z INFO [700/750] 305662d2-2152-4210-84e1-56e5aa821615: checkpointed 70286 records.
2026-10-04T02:36:22Z INFO [701/750] 305665f3-de94-4e00-8f65-c03d60690903: Sackin index -0.0434; 1.1 s; peak memory 1141 MiB.
2026-10-04T02:36:58Z INFO [702/750] 305685fa-c7fe-49e6-bf91-68c67cab21ff: Sackin index -0.1076; 36.4 s; peak memory 1141 MiB.
2026-10-04T02:37:00Z INFO [703/750] 30574f93-0cbd-4d9a-84eb-6eca055855ea: Sackin index -0.0398; 1.3 s; peak memory 1141 MiB.
2026-10-04T02:37:01Z INFO [704/750] 3057a9c5-9629-4c31-9718-5484afe4cc1a: Sackin index -0.1356; 1.1 s; peak memory 1141 MiB.
2026-10-04T02:37:02Z INFO [705/750] 3057b791-d6e6-4db1-8801-fce60737a631: Sackin index -0.0369; 1.3 s; peak memory 1141 MiB.
2026-10-04T02:37:07Z INFO [706/750] 3057eb88-0190-4aef-9d96-9979fec39774: Sackin index -0.0476; 4.8 s; peak memory 1141 MiB.
2026-10-04T02:37:08Z INFO [707/750] 30580c88-96c6-438b-8fa5-4dbe0bffd482: Sackin index -0.0275; 1.3 s; peak memory 1141 MiB.
2026-10-04T02:37:09Z INFO [708/750] 3058f8a7-6a62-4ee3-9ff5-24ce0f6fe687: Sackin index -0.1602; 0.9 s; peak memory 1141 MiB.
2026-10-04T02:37:10Z INFO [709/750] 30596a2e-2b31-452d-8ffd-5e521b0f6110: Sackin index -0.1349; 0.7 s; peak memory 1141 MiB.
2026-10-04T02:37:11Z INFO [710/750] 305b2471-82a4-42fe-8c2d-6301c96252e4: Sackin index -0.0696; 0.9 s; peak memory 1141 MiB.
2026-10-04T02:37:12Z INFO [711/750] 305b8bfa-1ac9-45be-a95f-af11b5be7f6b: Sackin index -0.0728; 1.2 s; peak memory 1141 MiB.
2026-10-04T02:37:13Z INFO [712/750] 305c22f9-7b1a-4331-8e66-6b3e73eb59e0: Sackin index -0.0720; 0.7 s; peak memory 1141 MiB.
2026-10-04T02:37:16Z INFO [713/750] 305c8c2b-a31b-4200-827b-acae517d586b: Sackin index -0.1688; 3.0 s; peak memory 1141 MiB.
2026-10-04T02:37:17Z INFO [714/750] 305cdf66-c7d1-4f7b-8d00-7f3e1a92d4a3: Sackin index -0.0728; 1.5 s; peak memory 1141 MiB.
2026-10-04T02:37:18Z INFO [715/750] 305d633c-b6da-49e1-b538-5fafbfd4f893: Sackin index -0.0383; 0.8 s; peak memory 1141 MiB.
2026-10-04T02:37:19Z INFO [716/750] 305ddee0-4ec9-4b70-9197-73f7d684d27b: Sackin index -0.0709; 0.9 s; peak memory 1141 MiB.
2026-10-04T02:37:20Z INFO [717/750] 305e0e9c-e18b-426a-b312-5d116722482b: Sackin index -0.1210; 1.2 s; peak memory 1141 MiB.
2026-10-04T02:37:21Z INFO [718/750] 305e692f-fc01-4d5c-881b-5f24b26bcc48: Sackin index -0.0944; 1.1 s; peak memory 1141 MiB.
2026-10-04T02:37:26Z INFO [719/750] 305f9c17-c166-45c2-bcc4-e6c1008084ef: Sackin index -0.0940; 5.3 s; peak memory 1141 MiB.
2026-10-04T02:37:27Z INFO [720/750] 30606448-7ce3-4cc5-a015-5bd18d4a24b2: Sackin index -0.2147; 0.5 s; peak memory 1141 MiB.
2026-10-04T02:37:44Z INFO [721/750] 30608516-8422-434f-9728-4ed8c1adab72: Sackin index -0.1367; 17.5 s; peak memory 1141 MiB.
2026-10-04T02:37:45Z INFO [722/750] 30609203-8293-4cdf-95cb-fbc1372d25e5: Sackin index -0.1658; 0.7 s; peak memory 1141 MiB.
2026-10-04T02:37:55Z INFO [723/750] 3062572b-cc05-4df6-8bbe-9c49225ce92f: Sackin index -0.0142; 9.7 s; peak memory 1141 MiB.
2026-10-04T02:38:11Z INFO [724/750] 3062dad1-3377-4084-92aa-d1814b53675e: Sackin index -0.1367; 15.7 s; peak memory 1141 MiB.
2026-10-04T02:38:11Z INFO [725/750] 3062f091-6fe1-497e-8de1-851c8d7473b9: Sackin index -0.0696; 0.9 s; peak memory 1141 MiB.
2026-10-04T02:38:15Z INFO [726/750] 3062f1b3-1dd7-4e24-b10b-7e5b390bd4fc: Sackin index -0.0403; 3.5 s; peak memory 1141 MiB.
2026-10-04T02:38:17Z INFO [727/750] 30636b64-534f-40fa-99f8-b0a0375fe3f8: Sackin index -0.1243; 1.6 s; peak memory 1141 MiB.
2026-10-04T02:38:18Z INFO [728/750] 3063ac74-0bd9-458f-933b-8fa46f86dc3c: Sackin index -0.0702; 0.9 s; peak memory 1141 MiB.
2026-10-04T02:38:19Z INFO [729/750] 3063f80f-678b-4da2-81ce-5c980fe62b1a: Sackin index -0.0728; 1.0 s; peak memory 1141 MiB.
2026-10-04T02:38:19Z INFO [730/750] 30649013-f661-42b8-91bd-47edf62e4c94: Sackin index -0.0696; 0.9 s; peak memory 1141 MiB.
2026-10-04T02:38:20Z INFO [731/750] 3065c013-b3c9-4b70-8a94-9566b66225bf: Sackin index -0.1349; 0.8 s; peak memory 1141 MiB.
2026-10-04T02:38:22Z INFO [732/750] 3066559f-041c-462a-8f01-202427f78240: Sackin index -0.0699; 1.9 s; peak memory 1141 MiB.
2026-10-04T02:38:23Z INFO [733/750] 30666e10-a77d-4a9a-9c4b-7760c95c71ea: Sackin index -0.0728; 1.0 s; peak memory 1141 MiB.
2026-10-04T02:38:25Z INFO [734/750] 3066b2f5-11cd-438c-ac09-f10af85abd0a: Sackin index -0.0543; 2.3 s; peak memory 1141 MiB.
2026-10-04T02:38:27Z INFO [735/750] 3066e5d2-5c5d-4b6a-ba3a-2e0823b82d33: Sackin index -0.0728; 1.2 s; peak memory 1141 MiB.
2026-10-04T02:38:37Z INFO [736/750] 30671319-6da7-4032-a808-9868f61df856: Sackin index -0.0133; 10.3 s; peak memory 1141 MiB.
2026-10-04T02:38:38Z INFO [737/750] 306786e7-801f-4ef9-bc1a-8237c501ba2f: Sackin index -0.1349; 0.9 s; peak memory 1141 MiB.
2026-10-04T02:38:39Z INFO [738/750] 30683c0a-6116-44d8-9507-15c916e89419: Sackin index -0.0369; 1.1 s; peak memory 1141 MiB.
2026-10-04T02:38:43Z INFO [739/750] 30689b44-8054-4928-b2d9-8e255b2d3015: Sackin index -0.0403; 3.9 s; peak memory 1141 MiB.
2026-10-04T02:38:47Z INFO [740/750] 30697761-b0d7-4e04-95a0-67cf98fcd5ea: Sackin index -0.0403; 4.1 s; peak memory 1141 MiB.
2026-10-04T02:38:49Z INFO [741/750] 306a2bd9-0c9e-4fa3-ad6e-5f7d72f216f6: Sackin index -0.0681; 1.9 s; peak memory 1141 MiB.
2026-10-04T02:38:50Z INFO [742/750] 306aadb8-2e7a-456f-bf69-dd6db6837dcc: Sackin index -0.0702; 0.9 s; peak memory 1141 MiB.
2026-10-04T02:38:51Z INFO [743/750] 306af565-3e6f-48d0-b755-8bca5ca3404a: Sackin index -0.1602; 0.9 s; peak memory 1141 MiB.
2026-10-04T02:38:51Z INFO [744/750] 306b2d07-67d0-4e21-a15f-c3e24221fa8a: Sackin index -0.1349; 0.8 s; peak memory 1141 MiB.
2026-10-04T02:38:59Z INFO [745/750] 306bf4d7-e270-40f6-9f07-d67db5a82c4e: Sackin index -0.0142; 8.1 s; peak memory 1141 MiB.
2026-10-04T02:39:00Z INFO [746/750] 306c56f9-9bc5-45c1-8ae8-7ec084eed895: Sackin index -0.0709; 0.8 s; peak memory 1141 MiB.
2026-10-04T02:39:10Z INFO [747/750] 306d0419-1145-4566-a3bf-da3a5dda5ed4: Sackin index -0.1462; 10.1 s; peak memory 1141 MiB.
2026-10-04T02:39:11Z INFO [748/750] 306dc447-62ec-4870-9b69-e6e2c6b1dc99: Sackin index -0.1331; 0.6 s; peak memory 1141 MiB.
2026-10-04T02:39:12Z INFO [749/750] 306ddde6-ab7a-41dd-9ba7-8981afd0c924: Sackin index -0.1383; 1.1 s; peak memory 1141 MiB.
2026-10-04T02:39:13Z INFO [750/750] 306ee6c8-e909-4e63-b70d-a155e0480894: Sackin index -0.1658; 0.6 s; peak memory 1141 MiB.
2026-10-04T02:39:13Z INFO [750/750] 306ee6c8-e909-4e63-b70d-a155e0480894: checkpointed 70336 records.
2026-10-04T02:39:13Z INFO Wrote 70336 records to /tmp/derivatives/valid_nwb_file_to_sackin_index.jsonl (750 new, 0 failed) in 51.2 min (peak memory 1141 MiB).
