2026-10-05T23:36:13Z INFO Logging to /tmp/logs/update_2026-10-05T23-36-13Z.log.
2026-10-05T23:36:13Z INFO Update valid-nwb-file-to-sackin-index (base directory /tmp).
2026-10-05T23:36:14Z INFO Processing 750 items (81586 already recorded).
2026-10-05T23:36:15Z INFO [1/750] 47f68f31-e8a0-4def-9744-87b2725e7abe: Sackin index -0.0728; 1.4 s; peak memory 113 MiB.
2026-10-05T23:36:17Z INFO [2/750] 47f85bd0-e9a3-4614-b685-5e7f41fd40d7: Sackin index -0.0699; 1.8 s; peak memory 114 MiB.
2026-10-05T23:36:18Z INFO [3/750] 47f868ef-893d-4b6f-98d8-fb8934ca246e: Sackin index -0.1349; 0.8 s; peak memory 114 MiB.
2026-10-05T23:36:19Z INFO [4/750] 47f87e27-b732-4fff-8c23-6a9245b4b6e9: Sackin index -0.1349; 1.1 s; peak memory 115 MiB.
2026-10-05T23:36:20Z INFO [5/750] 47f8edae-9167-4886-b5fe-713f6b3fcfe6: Sackin index -0.1194; 1.1 s; peak memory 115 MiB.
2026-10-05T23:36:21Z INFO [6/750] 47f952f6-ae86-49dc-b485-1fa2c3b51113: Sackin index -0.1349; 0.8 s; peak memory 115 MiB.
2026-10-05T23:36:22Z INFO [7/750] 47f9dfec-d909-4eb6-bcf4-b8c7054e734d: Sackin index -0.0704; 1.7 s; peak memory 115 MiB.
2026-10-05T23:36:23Z INFO [8/750] 47fa2eb9-3f18-4fc5-93f7-fedf2adda39d: Sackin index -0.1658; 0.5 s; peak memory 115 MiB.
2026-10-05T23:36:24Z INFO [9/750] 47fa4d87-3ca8-4ffa-b51b-10f2e05ab383: Sackin index -0.1349; 0.7 s; peak memory 115 MiB.
2026-10-05T23:36:24Z INFO [10/750] 47fa57d2-bf48-4725-ae23-c5b4e66c0335: Sackin index -0.1248; 0.7 s; peak memory 115 MiB.
2026-10-05T23:36:30Z INFO [11/750] 47fa632a-57c6-4691-8b8d-41b2d462dd64: Sackin index -0.0184; 5.5 s; peak memory 133 MiB.
2026-10-05T23:36:31Z INFO [12/750] 47fb60ec-1563-43ca-9bb5-008797e4fdca: Sackin index -0.1349; 0.8 s; peak memory 133 MiB.
2026-10-05T23:36:31Z INFO [13/750] 47fbb0dc-a5db-4713-962e-4bc174ec53ba: Sackin index -0.1349; 0.7 s; peak memory 133 MiB.
2026-10-05T23:36:32Z INFO [14/750] 47fbf936-1eb1-423f-bac7-01455dc9c6bb: Sackin index -0.1349; 0.7 s; peak memory 134 MiB.
2026-10-05T23:36:33Z INFO [15/750] 47fc208f-bda0-4d7f-9c96-9f4ad0039eda: Sackin index -0.1349; 0.8 s; peak memory 134 MiB.
2026-10-05T23:36:34Z INFO [16/750] 47fc8f0a-5e5e-483d-b5b4-6c4041f5cbbd: Sackin index -0.0728; 0.8 s; peak memory 134 MiB.
2026-10-05T23:36:34Z INFO [17/750] 47fcdc80-bbe8-4840-bd21-6ddef46907bc: Sackin index -0.1248; 0.8 s; peak memory 134 MiB.
2026-10-05T23:36:35Z INFO [18/750] 47fedc0b-b9be-451b-95bc-e378c7613896: Sackin index -0.0702; 0.8 s; peak memory 134 MiB.
2026-10-05T23:36:36Z INFO [19/750] 47feead4-bf9a-4223-8707-7fadc9c5eeb6: Sackin index -0.0991; 1.0 s; peak memory 135 MiB.
2026-10-05T23:36:37Z INFO [20/750] 47ffb049-b545-4f63-84da-76dc4bfbb292: Sackin index -0.1349; 0.7 s; peak memory 135 MiB.
2026-10-05T23:36:38Z INFO [21/750] 4800ad1d-18b3-45f0-9abf-e0f0a72aeeb5: Sackin index -0.1349; 0.6 s; peak memory 135 MiB.
2026-10-05T23:36:38Z INFO [22/750] 4800c3ca-b177-4dd8-b907-4dac27f4c289: Sackin index -0.1273; 0.8 s; peak memory 135 MiB.
2026-10-05T23:36:39Z INFO [23/750] 48011fdb-820b-4c53-ba25-c22f0454c519: Sackin index -0.0728; 0.9 s; peak memory 135 MiB.
2026-10-05T23:36:40Z INFO [24/750] 480199b6-ec26-4de3-aa64-81256f87593b: Sackin index -0.0702; 0.7 s; peak memory 135 MiB.
2026-10-05T23:36:41Z INFO [25/750] 4801bf98-84f5-46e2-9d33-080c953f42da: Sackin index -0.0702; 0.9 s; peak memory 135 MiB.
2026-10-05T23:36:42Z INFO [26/750] 4801d416-f98a-4349-9cac-9e3266db1164: Sackin index -0.0383; 0.8 s; peak memory 135 MiB.
2026-10-05T23:36:42Z INFO [27/750] 48024d4a-3bb6-408e-a709-d1df9f27403e: Sackin index -0.2147; 0.5 s; peak memory 135 MiB.
2026-10-05T23:36:43Z INFO [28/750] 4802bc77-4cd7-406a-b488-ea8411be0913: Sackin index -0.0728; 0.8 s; peak memory 135 MiB.
2026-10-05T23:36:44Z INFO [29/750] 4802e92e-7350-480f-9d07-080aa4027506: Sackin index -0.0702; 0.8 s; peak memory 135 MiB.
2026-10-05T23:36:45Z INFO [30/750] 4804290f-1135-4248-83e8-2dd6c8c9a12a: Sackin index -0.0696; 0.9 s; peak memory 135 MiB.
2026-10-05T23:36:46Z INFO [31/750] 480537ab-3403-466c-bdbd-1522fb262d5b: Sackin index -0.0709; 0.8 s; peak memory 135 MiB.
2026-10-05T23:36:47Z INFO [32/750] 48054296-c53c-4b32-94c4-e026edc08874: Sackin index -0.0681; 1.5 s; peak memory 135 MiB.
2026-10-05T23:36:48Z INFO [33/750] 48062e82-fbcc-4722-9e59-304fd3666d5a: Sackin index -0.0728; 1.0 s; peak memory 135 MiB.
2026-10-05T23:36:50Z INFO [34/750] 4806b019-7ae1-4139-8049-ca4fb828b619: Sackin index -0.0579; 1.6 s; peak memory 135 MiB.
2026-10-05T23:36:50Z INFO [35/750] 4807037e-7a98-4380-8ec0-81b2dfd636c4: Sackin index -0.1135; 0.6 s; peak memory 135 MiB.
2026-10-05T23:36:51Z INFO [36/750] 48098329-6069-4fba-8092-f369ce49af7a: Sackin index -0.0373; 1.2 s; peak memory 135 MiB.
2026-10-05T23:36:52Z INFO [37/750] 4809a35a-4c12-41e0-8398-3916172681c1: Sackin index -0.0702; 0.8 s; peak memory 135 MiB.
2026-10-05T23:36:57Z INFO [38/750] 480aba96-4c2c-4c25-be5a-9b46cde8a26e: Sackin index -0.0455; 5.0 s; peak memory 135 MiB.
2026-10-05T23:37:09Z INFO [39/750] 480b1d8d-dbe3-44e5-a4a9-c81fa8ee10bd: Sackin index -0.0172; 12.0 s; peak memory 148 MiB.
2026-10-05T23:37:10Z INFO [40/750] 480b8897-1c3b-427f-9af0-728ecaf038a6: Sackin index -0.0728; 1.1 s; peak memory 148 MiB.
2026-10-05T23:37:12Z INFO [41/750] 480c065c-882c-4a72-bcba-642879e50d4f: Sackin index -0.1938; 1.3 s; peak memory 148 MiB.
2026-10-05T23:37:12Z INFO [42/750] 480c3c3f-aac4-44a1-b271-1a0e35ad67a7: Sackin index -0.1459; 0.6 s; peak memory 148 MiB.
2026-10-05T23:37:13Z INFO [43/750] 480cedef-877e-48a9-8b0d-b778d591934b: Sackin index -0.1120; 0.6 s; peak memory 148 MiB.
2026-10-05T23:37:14Z INFO [44/750] 480d26c0-e371-4e2a-aabf-7a6eec5bc494: Sackin index -0.0709; 0.8 s; peak memory 148 MiB.
2026-10-05T23:37:14Z INFO [45/750] 480d82fa-988a-4344-a81b-3d1604f90508: Sackin index -0.1349; 0.8 s; peak memory 148 MiB.
2026-10-05T23:37:15Z INFO [46/750] 480ddae8-f9c1-4b81-8dbd-5458fd4739d8: Sackin index -0.1349; 0.7 s; peak memory 148 MiB.
2026-10-05T23:37:16Z INFO [47/750] 480e48d4-9615-4028-a590-83ecb6c0777e: Sackin index -0.0745; 0.9 s; peak memory 148 MiB.
2026-10-05T23:37:17Z INFO [48/750] 480e764b-f164-42be-a6bb-546de5e3162f: Sackin index -0.0728; 1.0 s; peak memory 148 MiB.
2026-10-05T23:37:18Z INFO [49/750] 480ebc76-f530-4e10-8c47-1fe3a0bda755: Sackin index -0.1658; 0.4 s; peak memory 148 MiB.
2026-10-05T23:37:18Z INFO [50/750] 480fd26b-8d09-4b46-aa5d-4b6f02b63c59: Sackin index -0.1658; 0.4 s; peak memory 148 MiB.
2026-10-05T23:37:18Z INFO [50/750] 480fd26b-8d09-4b46-aa5d-4b6f02b63c59: checkpointed 81636 records.
2026-10-05T23:37:19Z INFO [51/750] 4810053e-5b34-4dd9-901c-d3be8ff55aa4: Sackin index -0.1349; 0.7 s; peak memory 148 MiB.
2026-10-05T23:37:27Z INFO [52/750] 48101bad-357f-40fe-be00-64ea3f035db8: Sackin index -0.0141; 8.6 s; peak memory 154 MiB.
2026-10-05T23:37:28Z INFO [53/750] 4810795a-66ef-4c14-adc5-b15fae0a4d1f: Sackin index -0.2168; 0.6 s; peak memory 154 MiB.
2026-10-05T23:37:29Z INFO [54/750] 4810fdf7-4877-430a-8781-1203a760f57c: Sackin index -0.0728; 0.9 s; peak memory 154 MiB.
2026-10-05T23:37:30Z INFO [55/750] 4811855c-a088-497e-ac78-38180e2d5354: Sackin index -0.0702; 0.8 s; peak memory 154 MiB.
2026-10-05T23:37:31Z INFO [56/750] 48118a67-910b-4b8f-ace8-49e18cd03ab6: Sackin index -0.0379; 0.8 s; peak memory 154 MiB.
2026-10-05T23:37:31Z INFO [57/750] 48124a56-1024-47da-b066-64e9c0104f5f: Sackin index -0.1704; 0.6 s; peak memory 154 MiB.
2026-10-05T23:37:32Z INFO [58/750] 48133d87-c742-4f86-b57a-f5e19a06bc50: Sackin index -0.1248; 0.7 s; peak memory 154 MiB.
2026-10-05T23:37:33Z INFO [59/750] 4813518f-73d9-4bf8-b9c6-c5d92c0dcb29: Sackin index -0.1349; 0.8 s; peak memory 154 MiB.
2026-10-05T23:39:42Z INFO [60/750] 48149282-39d4-41c1-87ee-a7d147a94757: Sackin index -0.0573; 129.6 s; peak memory 299 MiB.
2026-10-05T23:39:46Z INFO [61/750] 481528eb-4e40-4ba9-a233-6cbce5b2f095: Sackin index -0.0251; 3.4 s; peak memory 299 MiB.
2026-10-05T23:39:47Z INFO [62/750] 48155d0d-255a-4a13-863a-dc7873205b7f: Sackin index -0.1349; 0.9 s; peak memory 299 MiB.
2026-10-05T23:39:48Z INFO [63/750] 48155f87-0652-4176-98e0-96b1be9c568d: Sackin index -0.1349; 0.8 s; peak memory 299 MiB.
2026-10-05T23:39:49Z INFO [64/750] 4815c341-bb70-4c80-8f30-7aa8c9b43309: Sackin index -0.0276; 1.2 s; peak memory 299 MiB.
2026-10-05T23:39:49Z INFO [65/750] 4817227c-dc8e-46d2-93f6-659711c3cab5: Sackin index -0.0702; 0.8 s; peak memory 299 MiB.
2026-10-05T23:39:50Z INFO [66/750] 48173291-ce95-439b-9dc1-f1df88b553c1: Sackin index -0.0881; 1.0 s; peak memory 299 MiB.
2026-10-05T23:39:52Z INFO [67/750] 481989e4-f888-411c-8bf3-ba10d6cae0e0: Sackin index -0.0728; 1.2 s; peak memory 299 MiB.
2026-10-05T23:39:53Z INFO [68/750] 4819c26e-daac-44d7-ac83-ea43ce510c4c: Sackin index -0.0376; 1.1 s; peak memory 299 MiB.
2026-10-05T23:39:54Z INFO [69/750] 481a1147-7a4d-4268-a047-6b6a1b994933: Sackin index -0.0522; 1.5 s; peak memory 299 MiB.
2026-10-05T23:39:59Z INFO [70/750] 481a4c9f-34fd-4ab6-bedb-4be043881833: Sackin index -0.0047; 4.9 s; peak memory 299 MiB.
2026-10-05T23:40:06Z INFO [71/750] 481a7af9-5595-4bc2-a648-f40d743176e2: Sackin index -0.0691; 6.8 s; peak memory 299 MiB.
2026-10-05T23:40:07Z INFO [72/750] 481aa8b4-22b1-4991-a0cd-6712eceefa92: Sackin index -0.1349; 0.8 s; peak memory 299 MiB.
2026-10-05T23:40:07Z INFO [73/750] 481af612-a840-437a-817f-063388a63913: Sackin index -0.1658; 0.7 s; peak memory 299 MiB.
2026-10-05T23:40:11Z INFO [74/750] 481b352a-f315-47f3-837f-a55ed6d0b851: Sackin index -0.0403; 3.4 s; peak memory 299 MiB.
2026-10-05T23:40:12Z INFO [75/750] 481b3c28-13c7-4676-937d-79807af478e9: Sackin index -0.0376; 0.9 s; peak memory 299 MiB.
2026-10-05T23:40:13Z INFO [76/750] 481c10d5-9585-426e-b7ea-1bbfb5bddac1: Sackin index -0.0702; 0.9 s; peak memory 299 MiB.
2026-10-05T23:40:13Z INFO [77/750] 481d435b-dac6-419a-8d96-5c79bcf47628: Sackin index -0.1239; 0.6 s; peak memory 299 MiB.
2026-10-05T23:40:14Z INFO [78/750] 481ddaab-38a8-49e0-84fd-5506afca603f: Sackin index -0.1349; 0.8 s; peak memory 299 MiB.
2026-10-05T23:40:22Z INFO [79/750] 481e136c-6eb7-4743-9d83-346f7d1a445a: Sackin index -0.0117; 8.2 s; peak memory 299 MiB.
2026-10-05T23:40:28Z INFO [80/750] 481e58c4-3ed6-4e00-9275-791a2bb8b0e1: Sackin index -0.0171; 5.1 s; peak memory 299 MiB.
2026-10-05T23:40:28Z INFO [81/750] 481f1519-735f-44ac-96ea-0de1ada3374d: Sackin index -0.1349; 0.8 s; peak memory 299 MiB.
2026-10-05T23:40:30Z INFO [82/750] 481f5523-fd70-494f-b5d1-143cd596af74: Sackin index -0.1938; 1.5 s; peak memory 299 MiB.
2026-10-05T23:40:32Z INFO [83/750] 48208811-cf0d-4d48-9ea8-9d2377ca3973: Sackin index -0.0263; 2.5 s; peak memory 299 MiB.
2026-10-05T23:40:36Z INFO [84/750] 4821db61-2720-4d61-8556-182eba14b1fe: Sackin index -0.0383; 3.5 s; peak memory 299 MiB.
2026-10-05T23:40:37Z INFO [85/750] 48233332-db53-42c8-9592-4605e4a26ff9: Sackin index -0.0272; 1.3 s; peak memory 299 MiB.
2026-10-05T23:40:38Z INFO [86/750] 48246ca9-c7f7-4cfa-81e7-81ef272eb3b6: Sackin index -0.0690; 1.4 s; peak memory 299 MiB.
2026-10-05T23:40:40Z INFO [87/750] 4825bce4-ef80-4a89-abb1-fbb1e1b82e25: Sackin index -0.0699; 1.7 s; peak memory 299 MiB.
2026-10-05T23:40:53Z INFO [88/750] 4825cfd1-bc75-4dd2-b4b7-77995ab57e0a: Sackin index -0.1284; 12.8 s; peak memory 299 MiB.
2026-10-05T23:40:54Z INFO [89/750] 48271717-f698-425a-95c5-9a3990003a13: Sackin index -0.0365; 1.3 s; peak memory 299 MiB.
2026-10-05T23:40:55Z INFO [90/750] 482731d2-fdc8-4ca6-ad6b-e421c5847940: Sackin index -0.0745; 1.0 s; peak memory 299 MiB.
2026-10-05T23:40:56Z INFO [91/750] 48278361-1ed4-4faa-8989-65bac5d5e035: Sackin index -0.0745; 1.2 s; peak memory 299 MiB.
2026-10-05T23:40:59Z INFO [92/750] 48283f65-bb2e-4bcc-8234-a7ddce6b5dd3: Sackin index -0.0289; 2.6 s; peak memory 299 MiB.
2026-10-05T23:41:00Z INFO [93/750] 48284166-949c-46cf-ac19-1b7323cea941: Sackin index -0.1000; 0.9 s; peak memory 299 MiB.
2026-10-05T23:41:01Z INFO [94/750] 4829251f-f36a-449a-a65c-a6b24dc1d8c6: Sackin index -0.1349; 0.8 s; peak memory 299 MiB.
2026-10-05T23:41:01Z INFO [95/750] 482926d2-05b8-4a75-a9e8-37180a096a0c: Sackin index -0.1349; 0.7 s; peak memory 299 MiB.
2026-10-05T23:41:12Z INFO [96/750] 48297b1a-d72d-4c30-8988-0cb1444c9c20: Sackin index -0.0197; 11.1 s; peak memory 299 MiB.
2026-10-05T23:41:13Z INFO [97/750] 482a8ac2-38cf-4f1f-ad5f-93ac51afe1e7: Sackin index -0.0709; 0.9 s; peak memory 299 MiB.
2026-10-05T23:41:16Z INFO [98/750] 482b71ef-e556-4631-ba34-34257c553b31: Sackin index -0.1433; 2.7 s; peak memory 299 MiB.
2026-10-05T23:41:17Z INFO [99/750] 482b81c6-70c5-4e20-9827-85812a9ec6e6: Sackin index -0.0376; 1.2 s; peak memory 299 MiB.
2026-10-05T23:41:18Z INFO [100/750] 482c36dc-d83b-41ef-9636-d0863eeb5767: Sackin index -0.1331; 0.6 s; peak memory 299 MiB.
2026-10-05T23:41:18Z INFO [100/750] 482c36dc-d83b-41ef-9636-d0863eeb5767: checkpointed 81686 records.
2026-10-05T23:41:19Z INFO [101/750] 482cdafc-4f51-4e9c-8387-77e02b0515e9: Sackin index -0.1349; 0.8 s; peak memory 299 MiB.
2026-10-05T23:41:20Z INFO [102/750] 482e4b82-6853-48e0-b61c-bf8dd0ce84dc: Sackin index -0.1349; 0.7 s; peak memory 299 MiB.
2026-10-05T23:41:20Z INFO [103/750] 482e9752-da88-4b2f-926a-a2c43a347879: Sackin index -0.1716; 0.7 s; peak memory 299 MiB.
2026-10-05T23:41:29Z INFO [104/750] 482ea313-0fd1-43b5-8bdd-bebc46ad1f72: Sackin index -0.0213; 8.9 s; peak memory 299 MiB.
2026-10-05T23:41:30Z INFO [105/750] 482ecc17-8c6e-44e3-a9df-27703a809746: Sackin index -0.0696; 0.8 s; peak memory 299 MiB.
2026-10-05T23:41:31Z INFO [106/750] 482f4034-8ee5-44f5-97b9-7454886c4eb1: Sackin index -0.2168; 0.4 s; peak memory 299 MiB.
2026-10-05T23:42:04Z INFO [107/750] 483001f5-184a-45fb-8bd0-6ba51a846742: Sackin index -0.0149; 33.9 s; peak memory 299 MiB.
2026-10-05T23:42:06Z INFO [108/750] 48301c45-e502-4296-b2c0-a224a0c68d73: Sackin index -0.0693; 1.9 s; peak memory 299 MiB.
2026-10-05T23:42:07Z INFO [109/750] 48305aed-be31-43c7-ab25-894fa29b98a9: Sackin index -0.1349; 0.8 s; peak memory 299 MiB.
2026-10-05T23:42:08Z INFO [110/750] 4830e251-24cb-478b-bbb1-f6ae68a3a533: Sackin index -0.1636; 0.6 s; peak memory 299 MiB.
2026-10-05T23:42:08Z INFO [111/750] 48313b9c-63d3-443b-acd8-8b08c062fe2d: Sackin index -0.1340; 0.7 s; peak memory 299 MiB.
2026-10-05T23:42:10Z INFO [112/750] 48314297-a0b8-4642-93c6-11e465fb742b: Sackin index -0.0704; 1.8 s; peak memory 299 MiB.
2026-10-05T23:42:14Z INFO [113/750] 483149c2-bff8-456a-ad70-3b2516925899: Sackin index -0.0230; 4.0 s; peak memory 299 MiB.
2026-10-05T23:42:15Z INFO [114/750] 4832e79f-44d7-4833-9ecf-93d9b2f35352: Sackin index -0.1191; 0.7 s; peak memory 299 MiB.
2026-10-05T23:42:20Z INFO [115/750] 483320a2-4294-41d2-9821-986ea6964e6e: Sackin index -0.0196; 5.2 s; peak memory 299 MiB.
2026-10-05T23:42:30Z INFO [116/750] 483447ea-9dfc-4444-b921-81454dab3b9b: Sackin index -0.0614; 9.5 s; peak memory 299 MiB.
2026-10-05T23:42:30Z INFO [117/750] 483447f1-e204-4a8f-aa19-5d7ce3031d7c: Sackin index -0.0702; 0.8 s; peak memory 299 MiB.
2026-10-05T23:43:00Z INFO [118/750] 4835a0f8-96dd-49b7-9770-f0e3356e97b6: Sackin index -0.0129; 29.4 s; peak memory 299 MiB.
2026-10-05T23:43:01Z INFO [119/750] 4835ce67-601d-4fc3-be25-6ffca1483218: Sackin index -0.0745; 1.0 s; peak memory 299 MiB.
2026-10-05T23:43:02Z INFO [120/750] 483654df-b101-40d8-874b-c7132726c917: Sackin index -0.0369; 1.3 s; peak memory 299 MiB.
2026-10-05T23:43:03Z INFO [121/750] 48366d31-e5e7-4e52-aa26-aa916679effb: Sackin index -0.0728; 0.9 s; peak memory 299 MiB.
2026-10-05T23:43:04Z INFO [122/750] 4836e978-018c-4e45-8266-77c4a580119b: Sackin index -0.0371; 0.9 s; peak memory 299 MiB.
2026-10-05T23:43:05Z INFO [123/750] 4837bf2a-ef60-4088-abe1-04349ce64745: Sackin index -0.1658; 0.6 s; peak memory 299 MiB.
2026-10-05T23:43:05Z INFO [124/750] 483804ac-bc75-400b-89a3-ee9f10b3a5e3: Sackin index -0.1349; 0.8 s; peak memory 299 MiB.
2026-10-05T23:43:06Z INFO [125/750] 48381bc7-4080-4eb8-ae9c-a3338f2dd1ae: Sackin index -0.0379; 1.1 s; peak memory 299 MiB.
2026-10-05T23:43:07Z INFO [126/750] 48383bdd-a4a6-473e-89f6-672923c861bd: Sackin index -0.1383; 1.0 s; peak memory 299 MiB.
2026-10-05T23:43:09Z INFO [127/750] 48389b58-6195-4b3b-9ad2-8bc2e740f8d0: Sackin index -0.0686; 1.8 s; peak memory 299 MiB.
2026-10-05T23:43:15Z INFO [128/750] 4838a474-4b42-4a1e-b4be-e79a738fbd79: Sackin index -0.0022; 5.6 s; peak memory 299 MiB.
2026-10-05T23:43:16Z INFO [129/750] 483ad172-731b-4166-8a07-6052dec7d57a: Sackin index -0.1349; 0.8 s; peak memory 299 MiB.
2026-10-05T23:43:17Z INFO [130/750] 483dfa9c-deb0-41de-afeb-41ead83d0691: Sackin index -0.0818; 1.7 s; peak memory 299 MiB.
2026-10-05T23:43:18Z INFO [131/750] 483e3d31-3237-4d94-9e4b-de91211763c2: Sackin index -0.1349; 0.8 s; peak memory 299 MiB.
2026-10-05T23:43:20Z INFO [132/750] 483e61b9-7d03-4078-bf23-5fca860a976b: Sackin index -0.0693; 2.0 s; peak memory 299 MiB.
2026-10-05T23:43:27Z INFO [133/750] 48408e0d-4231-42e7-9571-e777891cef6f: Sackin index -0.0295; 7.4 s; peak memory 299 MiB.
2026-10-05T23:43:28Z INFO [134/750] 4840c964-f9f9-4e2a-945e-55368b9f389a: Sackin index -0.0702; 0.9 s; peak memory 299 MiB.
2026-10-05T23:43:29Z INFO [135/750] 484192b5-e650-4b21-ab82-b74dfc1b4b17: Sackin index -0.1349; 0.8 s; peak memory 299 MiB.
2026-10-05T23:43:30Z INFO [136/750] 48421a74-9083-4221-90c2-d0e2beae4483: Sackin index -0.1082; 0.8 s; peak memory 299 MiB.
2026-10-05T23:43:31Z INFO [137/750] 4842428c-8c0d-4ea0-b267-a96db291f0d7: Sackin index -0.0728; 1.1 s; peak memory 299 MiB.
2026-10-05T23:43:33Z INFO [138/750] 48439149-f611-47bf-b9f3-1f5dcc9bad3c: Sackin index -0.1938; 2.0 s; peak memory 299 MiB.
2026-10-05T23:43:38Z INFO [139/750] 4843a943-ccf8-48a1-8184-0ed00d217756: Sackin index -0.0420; 5.2 s; peak memory 299 MiB.
2026-10-05T23:43:41Z INFO [140/750] 4844156b-0757-4177-a5f5-68b64df474cf: Sackin index -0.2073; 2.9 s; peak memory 299 MiB.
2026-10-05T23:43:42Z INFO [141/750] 4844e68f-41b3-405e-b0bb-ebc72be706d4: Sackin index -0.1349; 0.7 s; peak memory 299 MiB.
2026-10-05T23:43:43Z INFO [142/750] 48450056-ba51-459e-9d3d-e4a8546f22cf: Sackin index -0.0728; 1.0 s; peak memory 299 MiB.
2026-10-05T23:43:44Z INFO [143/750] 4845531f-44ff-46db-8aa7-32ff8cbd487d: Sackin index -0.0702; 0.8 s; peak memory 299 MiB.
2026-10-05T23:43:45Z INFO [144/750] 4845768d-426a-4aa1-93d3-2bc37e3244ab: Sackin index -0.1026; 1.0 s; peak memory 299 MiB.
2026-10-05T23:43:46Z INFO [145/750] 484719e8-f59e-4a29-baf6-7e050b2fb730: Sackin index -0.1039; 1.3 s; peak memory 299 MiB.
2026-10-05T23:43:46Z INFO [146/750] 4847a9a0-456f-40df-8bc2-4c9500200498: Sackin index -0.1349; 0.7 s; peak memory 299 MiB.
2026-10-05T23:43:48Z INFO [147/750] 484891c9-7c8c-47e8-b6ec-b999204cd902: Sackin index -0.0369; 1.3 s; peak memory 299 MiB.
2026-10-05T23:43:48Z INFO [148/750] 48489643-cf60-4536-95e4-8a3750c2a9d7: Sackin index -0.0702; 0.7 s; peak memory 299 MiB.
2026-10-05T23:43:49Z INFO [149/750] 484a1467-2a5b-4538-ad95-98439745bd52: Sackin index -0.0745; 0.7 s; peak memory 299 MiB.
2026-10-05T23:43:50Z INFO [150/750] 484a3b83-477d-4078-ba0d-34754ad431fa: Sackin index -0.0728; 1.0 s; peak memory 299 MiB.
2026-10-05T23:43:50Z INFO [150/750] 484a3b83-477d-4078-ba0d-34754ad431fa: checkpointed 81736 records.
2026-10-05T23:43:51Z INFO [151/750] 484c4c7d-7a34-456b-83bc-7f7d8a44e7f0: Sackin index -0.0696; 0.9 s; peak memory 299 MiB.
2026-10-05T23:43:55Z INFO [152/750] 484dd744-b70c-4433-9a3e-562e84a8d7f7: Sackin index -0.0241; 3.4 s; peak memory 299 MiB.
2026-10-05T23:43:59Z INFO [153/750] 484e639c-c36f-4769-9019-0eb2d182d4d6: Sackin index -0.0234; 3.9 s; peak memory 299 MiB.
2026-10-05T23:44:11Z INFO [154/750] 484ea802-781b-4507-87ab-dc347ba2e5c5: Sackin index -0.0110; 12.7 s; peak memory 307 MiB.
2026-10-05T23:44:12Z INFO [155/750] 484ebd76-0206-4915-83b1-99a95cd55e5f: Sackin index -0.1731; 0.8 s; peak memory 307 MiB.
2026-10-05T23:44:20Z INFO [156/750] 484ee6e9-d6e3-4086-b734-7e23c912d36b: Sackin index -0.0150; 7.7 s; peak memory 307 MiB.
2026-10-05T23:44:20Z INFO [157/750] 484f0706-fdde-4eea-93d2-656c8e16c6c2: Sackin index -0.1161; 0.6 s; peak memory 307 MiB.
2026-10-05T23:44:22Z INFO [158/750] 484f3909-e642-4b59-b95d-d200a220b7b4: Sackin index -0.0749; 1.3 s; peak memory 307 MiB.
2026-10-05T23:44:22Z INFO [159/750] 48503176-5dc3-412a-b0cb-142bb408f520: Sackin index -0.0656; 0.8 s; peak memory 307 MiB.
2026-10-05T23:44:41Z INFO [160/750] 48504d56-cf67-4ba2-b48e-30693ec2860c: Sackin index -0.1367; 19.0 s; peak memory 307 MiB.
2026-10-05T23:44:42Z INFO [161/750] 4850a688-dddc-4621-acd8-1f71c62bb071: Sackin index -0.0738; 1.1 s; peak memory 307 MiB.
2026-10-05T23:44:43Z INFO [162/750] 4850ec2e-a666-4613-b8c0-fd3abc2fffe8: Sackin index -0.1658; 0.5 s; peak memory 307 MiB.
2026-10-05T23:44:44Z INFO [163/750] 48515cda-21d4-4fb8-b7e9-f4de6af66065: Sackin index -0.0702; 0.8 s; peak memory 307 MiB.
2026-10-05T23:44:45Z INFO [164/750] 48516d62-f131-47bf-b085-3b6130de0e0c: Sackin index -0.0376; 1.0 s; peak memory 307 MiB.
2026-10-05T23:44:46Z INFO [165/750] 48525a19-68f0-4708-964d-eecf8ae9eb44: Sackin index -0.0276; 1.2 s; peak memory 307 MiB.
2026-10-05T23:44:47Z INFO [166/750] 4852828d-cf6f-439a-8402-443274dd599f: Sackin index -0.0702; 0.8 s; peak memory 307 MiB.
2026-10-05T23:44:48Z INFO [167/750] 4852d74f-265a-474f-8daa-45826deb0910: Sackin index -0.0696; 0.8 s; peak memory 307 MiB.
2026-10-05T23:44:49Z INFO [168/750] 4854323b-ce94-48ff-af3e-48ae0e6791ce: Sackin index -0.0725; 1.6 s; peak memory 307 MiB.
2026-10-05T23:44:50Z INFO [169/750] 48548e08-fc90-4985-b54a-0804026fe8e1: Sackin index -0.1658; 0.6 s; peak memory 307 MiB.
2026-10-05T23:44:52Z INFO [170/750] 48561a2a-919d-40b9-8eab-ece2779b6706: Sackin index -0.0660; 2.0 s; peak memory 307 MiB.
2026-10-05T23:44:53Z INFO [171/750] 48561fa9-74a2-4dab-a421-ea7db75ec4ea: Sackin index -0.0728; 1.0 s; peak memory 307 MiB.
2026-10-05T23:44:55Z INFO [172/750] 48564205-f711-449a-848b-bb53b578d59b: Sackin index -0.0699; 1.7 s; peak memory 307 MiB.
2026-10-05T23:44:55Z INFO [173/750] 48566ed1-01c1-40ea-a241-479df53327a1: Sackin index -0.1349; 0.8 s; peak memory 307 MiB.
2026-10-05T23:44:56Z INFO [174/750] 4856b5d0-601b-4a5d-a748-ba918264ddc4: Sackin index -0.0709; 0.8 s; peak memory 307 MiB.
2026-10-05T23:44:59Z INFO [175/750] 4856eb98-57fd-4b1f-9358-e8dd463fb572: Sackin index -0.0445; 3.3 s; peak memory 307 MiB.
2026-10-05T23:45:00Z INFO [176/750] 48576136-2aed-47cb-bddf-f0a72c659b4e: Sackin index -0.0702; 0.8 s; peak memory 307 MiB.
2026-10-05T23:45:01Z INFO [177/750] 48579d85-51ee-45ee-80f6-b5a17e2a9b95: Sackin index -0.0722; 0.6 s; peak memory 307 MiB.
2026-10-05T23:45:02Z INFO [178/750] 4857a148-0e41-481a-902d-84104b84768a: Sackin index -0.1349; 0.7 s; peak memory 307 MiB.
2026-10-05T23:45:02Z INFO [179/750] 48582575-7824-4d58-b44a-6a0b7831eda8: Sackin index -0.0696; 0.8 s; peak memory 307 MiB.
2026-10-05T23:45:22Z INFO [180/750] 48593a2f-bc08-4e09-8861-13ee051b80a0: Sackin index -0.1367; 19.3 s; peak memory 307 MiB.
2026-10-05T23:45:22Z INFO [181/750] 4859d729-ff61-42a0-a37a-895e06d20ab3: Sackin index -0.1658; 0.5 s; peak memory 307 MiB.
2026-10-05T23:45:23Z INFO [182/750] 485ac78d-6f8d-4ff1-b419-3e810677c40a: Sackin index -0.0709; 0.8 s; peak memory 307 MiB.
2026-10-05T23:45:25Z INFO [183/750] 485b62b3-9d1f-49ed-8028-7c621c2f5a73: Sackin index -0.0681; 1.7 s; peak memory 307 MiB.
2026-10-05T23:45:41Z INFO [184/750] 485babce-3963-40e5-ab96-54e1e5b7f710: Sackin index -0.0016; 16.5 s; peak memory 353 MiB.
2026-10-05T23:45:57Z INFO [185/750] 485c47b6-f5ec-4266-8251-307b3d559e3c: Sackin index -0.0023; 16.0 s; peak memory 371 MiB.
2026-10-05T23:45:58Z INFO [186/750] 485cc178-4d78-489c-bb8a-fc4456bcb9a9: Sackin index -0.0379; 1.1 s; peak memory 371 MiB.
2026-10-05T23:45:59Z INFO [187/750] 485d2efe-2c8a-49ef-b07a-187928fe563e: Sackin index -0.1349; 0.8 s; peak memory 371 MiB.
2026-10-05T23:46:00Z INFO [188/750] 485d88bf-203c-4ec2-92a6-a6e2be2baed7: Sackin index -0.0369; 1.0 s; peak memory 371 MiB.
2026-10-05T23:46:01Z INFO [189/750] 485db5fe-fb68-4ad9-ba32-704b2fc6079c: Sackin index -0.1349; 0.7 s; peak memory 371 MiB.
2026-10-05T23:46:02Z INFO [190/750] 485dc9d3-5ea2-4fd6-ae4a-30fa49168881: Sackin index -0.0696; 0.8 s; peak memory 371 MiB.
2026-10-05T23:46:11Z INFO [191/750] 485e5c89-e2b6-4ad0-8b83-842c02e1c7eb: Sackin index -0.0149; 9.9 s; peak memory 371 MiB.
2026-10-05T23:46:13Z INFO [192/750] 485e62b1-7f71-4594-b00f-847f9edc2158: Sackin index -0.0728; 1.1 s; peak memory 371 MiB.
2026-10-05T23:46:13Z INFO [193/750] 485f3f17-c6c5-40d3-9746-69c30a73377c: Sackin index -0.1349; 0.8 s; peak memory 371 MiB.
2026-10-05T23:46:14Z INFO [194/750] 485fc3b4-9d00-4924-a0db-a7850889d192: Sackin index -0.0369; 1.0 s; peak memory 371 MiB.
2026-10-05T23:46:19Z INFO [195/750] 4860d74c-4acf-4a4e-b200-6f32cfe22759: Sackin index -0.0437; 4.6 s; peak memory 371 MiB.
2026-10-05T23:46:20Z INFO [196/750] 4860e964-897b-4f6f-a678-406acec6df61: Sackin index -0.1349; 0.8 s; peak memory 371 MiB.
2026-10-05T23:46:21Z INFO [197/750] 48615625-c827-48b7-b833-5f916b4ea541: Sackin index -0.1349; 0.8 s; peak memory 371 MiB.
2026-10-05T23:46:21Z INFO [198/750] 4862a574-bf86-44bd-aaef-f59035857ee6: Sackin index -0.1248; 0.7 s; peak memory 371 MiB.
2026-10-05T23:46:22Z INFO [199/750] 4862aad8-091c-4c3f-a758-90698b2bb540: Sackin index -0.0702; 0.9 s; peak memory 371 MiB.
2026-10-05T23:46:23Z INFO [200/750] 4862c0e6-2bb7-4111-a740-d66c96602869: Sackin index -0.0728; 0.8 s; peak memory 371 MiB.
2026-10-05T23:46:23Z INFO [200/750] 4862c0e6-2bb7-4111-a740-d66c96602869: checkpointed 81786 records.
2026-10-05T23:46:25Z INFO [201/750] 4862c346-c028-4519-94bb-416b0fbed2ee: Sackin index -0.0681; 2.0 s; peak memory 371 MiB.
2026-10-05T23:46:26Z INFO [202/750] 4863357c-7f0b-4dfb-acff-712249b816cb: Sackin index -0.0702; 0.9 s; peak memory 371 MiB.
2026-10-05T23:46:27Z INFO [203/750] 48635bb8-b8ae-4245-96fb-905057012e02: Sackin index -0.1349; 0.9 s; peak memory 371 MiB.
2026-10-05T23:46:28Z INFO [204/750] 48636984-0635-471b-b884-21d17c86320b: Sackin index -0.0702; 0.8 s; peak memory 371 MiB.
2026-10-05T23:46:28Z INFO [205/750] 48637765-bed6-4aef-9a4b-3b43d9c4ac03: Sackin index -0.1602; 0.6 s; peak memory 371 MiB.
2026-10-05T23:46:30Z INFO [206/750] 4864cb05-8133-4569-943e-01eb5705f149: Sackin index -0.0376; 1.2 s; peak memory 371 MiB.
2026-10-05T23:46:30Z INFO [207/750] 48650480-2d7b-4993-91d6-e07fe91e8ec2: Sackin index -0.1349; 0.8 s; peak memory 371 MiB.
2026-10-05T23:46:31Z INFO [208/750] 486527a2-02de-4b5f-bedf-9953c1b3fc1b: Sackin index -0.1349; 0.7 s; peak memory 371 MiB.
2026-10-05T23:46:32Z INFO [209/750] 4865299f-d70e-4d06-ab85-2654d69d2261: Sackin index -0.0860; 0.8 s; peak memory 371 MiB.
2026-10-05T23:46:33Z INFO [210/750] 48664385-470f-4e15-9f1e-b5920ad1de27: Sackin index -0.0702; 0.8 s; peak memory 371 MiB.
2026-10-05T23:46:33Z INFO [211/750] 48668463-180c-4e5e-b639-8c8499f36919: Sackin index -0.1349; 0.9 s; peak memory 371 MiB.
2026-10-05T23:46:53Z INFO [212/750] 486711fb-7572-494e-aee4-fe4de3b4d409: Sackin index -0.0862; 19.3 s; peak memory 371 MiB.
2026-10-05T23:46:53Z INFO [213/750] 4867f1ca-ab39-4326-a0cc-7852c48a1180: Sackin index -0.1349; 0.7 s; peak memory 371 MiB.
2026-10-05T23:46:54Z INFO [214/750] 48696c92-9ce1-4ff6-af55-08eb3f29bb24: Sackin index -0.1349; 0.7 s; peak memory 371 MiB.
2026-10-05T23:46:55Z INFO [215/750] 4869e0d0-f67f-4f5b-8926-2d5b2150a6aa: Sackin index -0.2073; 0.7 s; peak memory 371 MiB.
2026-10-05T23:46:56Z INFO [216/750] 486a4550-5421-44ef-ad5d-f26fc45598c2: Sackin index -0.0693; 1.7 s; peak memory 371 MiB.
2026-10-05T23:46:57Z INFO [217/750] 486b3a79-fcd5-46bb-b454-acc0b4046eaa: Sackin index -0.0702; 0.8 s; peak memory 371 MiB.
2026-10-05T23:46:59Z INFO [218/750] 486c5be4-8de3-4794-a0f3-c9821028d9e5: Sackin index -0.0681; 1.7 s; peak memory 371 MiB.
2026-10-05T23:47:00Z INFO [219/750] 486c75c0-0023-4839-8fb5-8947b2f601bf: Sackin index -0.0728; 0.9 s; peak memory 371 MiB.
2026-10-05T23:47:01Z INFO [220/750] 486c7a2f-98ff-41d0-b8ae-db53c04413c6: Sackin index -0.0702; 0.8 s; peak memory 371 MiB.
2026-10-05T23:47:08Z INFO [221/750] 486caf5e-6382-46cd-a5ab-6a4cd23c9510: Sackin index -0.0140; 7.1 s; peak memory 371 MiB.
2026-10-05T23:47:09Z INFO [222/750] 486cb5db-6dbc-4929-81d1-f1bf35e78729: Sackin index -0.0702; 0.8 s; peak memory 371 MiB.
2026-10-05T23:47:09Z INFO [223/750] 486cd2aa-83b7-477a-bbcf-24593edba326: Sackin index -0.0569; 0.7 s; peak memory 371 MiB.
2026-10-05T23:47:11Z INFO [224/750] 486d7fa1-b5d3-4501-afea-5f034dc6da1d: Sackin index -0.0276; 1.2 s; peak memory 371 MiB.
2026-10-05T23:47:12Z INFO [225/750] 486dcc32-a7e6-49d5-b410-db09ddd038fc: Sackin index -0.0702; 1.0 s; peak memory 371 MiB.
2026-10-05T23:47:12Z INFO [226/750] 486ddd30-7d6c-4b1c-a76c-7f694a872b46: Sackin index -0.1349; 0.8 s; peak memory 371 MiB.
2026-10-05T23:47:13Z INFO [227/750] 486e171b-7b37-464d-8429-b23c5abd117c: Sackin index -0.1349; 0.9 s; peak memory 371 MiB.
2026-10-05T23:47:15Z INFO [228/750] 486f3230-eac1-469f-a175-af32677f3ee8: Sackin index -0.0660; 2.2 s; peak memory 371 MiB.
2026-10-05T23:47:18Z INFO [229/750] 486f84b8-160a-409a-b89a-ed6683a065a5: Sackin index -0.1761; 2.4 s; peak memory 371 MiB.
2026-10-05T23:47:19Z INFO [230/750] 48709592-4d5b-48d0-809d-8a05c145cd08: Sackin index -0.0896; 0.8 s; peak memory 371 MiB.
2026-10-05T23:47:20Z INFO [231/750] 48709e4f-2025-4f2a-9ba4-3bf63d18ee51: Sackin index -0.1380; 0.9 s; peak memory 371 MiB.
2026-10-05T23:47:21Z INFO [232/750] 4870e10a-e369-40e1-9b64-7764232c7238: Sackin index -0.1191; 1.0 s; peak memory 371 MiB.
2026-10-05T23:47:21Z INFO [233/750] 48713f07-bebd-4448-8ac2-374ae9d0bb20: Sackin index -0.1161; 0.6 s; peak memory 371 MiB.
2026-10-05T23:47:22Z INFO [234/750] 48718438-0cba-4787-979e-b78d649c24dc: Sackin index -0.0696; 0.8 s; peak memory 371 MiB.
2026-10-05T23:47:23Z INFO [235/750] 4871e123-d8b4-4203-bce0-d06a6ce31cd4: Sackin index -0.0702; 0.8 s; peak memory 371 MiB.
2026-10-05T23:47:24Z INFO [236/750] 4872019c-6375-4049-95d2-31ca6e73eb68: Sackin index -0.0702; 0.9 s; peak memory 371 MiB.
2026-10-05T23:47:24Z INFO [237/750] 487231bf-09de-4e8c-a355-745c2525377b: Sackin index -0.1602; 0.7 s; peak memory 371 MiB.
2026-10-05T23:47:25Z INFO [238/750] 487296c0-b968-4993-bda6-6c7c8d30d97a: Sackin index -0.1658; 0.4 s; peak memory 371 MiB.
2026-10-05T23:47:26Z INFO [239/750] 4872f49e-4ac8-4db4-b1b6-d1637b6c7ddb: Sackin index -0.0728; 0.9 s; peak memory 371 MiB.
2026-10-05T23:51:03Z INFO [240/750] 48734b9b-ce7a-4c52-9d2c-1c618afaab4a: Sackin index -0.0624; 217.1 s; peak memory 675 MiB.
2026-10-05T23:51:06Z INFO [241/750] 48738472-61d1-4554-9fd4-715e205cbdd9: Sackin index -0.0581; 3.7 s; peak memory 675 MiB.
2026-10-05T23:51:08Z INFO [242/750] 487482a9-70aa-43c5-9f1a-06262c6774b0: Sackin index -0.0346; 2.1 s; peak memory 675 MiB.
2026-10-05T23:51:09Z INFO [243/750] 4877a0be-68d8-46a4-aecc-a0015c6b0510: Sackin index -0.0991; 1.0 s; peak memory 675 MiB.
2026-10-05T23:51:10Z INFO [244/750] 4877e17d-1ab4-4070-8ddd-456b690ae417: Sackin index -0.1349; 0.8 s; peak memory 675 MiB.
2026-10-05T23:51:11Z INFO [245/750] 48791d48-2e56-421a-a191-107dfa23b555: Sackin index -0.1303; 0.5 s; peak memory 675 MiB.
2026-10-05T23:51:12Z INFO [246/750] 487b9b37-6ea3-4c4d-9fe6-303f5ac562ec: Sackin index -0.0728; 0.9 s; peak memory 675 MiB.
2026-10-05T23:51:12Z INFO [247/750] 487c34b9-8647-47cf-8ed0-78b5ed7b0eda: Sackin index -0.1448; 0.6 s; peak memory 675 MiB.
2026-10-05T23:51:13Z INFO [248/750] 487c6f3e-47ff-4da5-a71a-6d9996c6c880: Sackin index -0.1499; 1.0 s; peak memory 675 MiB.
2026-10-05T23:51:14Z INFO [249/750] 487dd169-a8ce-40ca-bdcb-30acd97c8822: Sackin index -0.0384; 0.9 s; peak memory 675 MiB.
2026-10-05T23:51:18Z INFO [250/750] 487f2653-39b3-44c4-b5b7-f8d2f4b63eba: Sackin index -0.0465; 3.4 s; peak memory 675 MiB.
2026-10-05T23:51:18Z INFO [250/750] 487f2653-39b3-44c4-b5b7-f8d2f4b63eba: checkpointed 81836 records.
2026-10-05T23:51:28Z INFO [251/750] 4880fc98-cc3e-427c-a667-26a3d4ceedf7: Sackin index -0.0158; 10.1 s; peak memory 675 MiB.
2026-10-05T23:51:29Z INFO [252/750] 4881486d-3d1a-4097-ab66-950848032b8e: Sackin index -0.0881; 0.8 s; peak memory 675 MiB.
2026-10-05T23:51:29Z INFO [253/750] 4882a156-1e02-4b8d-bd38-6bdf8e61eef9: Sackin index -0.1938; 0.7 s; peak memory 675 MiB.
2026-10-05T23:51:31Z INFO [254/750] 4882c79a-2dc5-45ce-81ee-89552ebeedbf: Sackin index -0.1938; 1.7 s; peak memory 675 MiB.
2026-10-05T23:51:32Z INFO [255/750] 4882d0db-3659-4d04-804a-4f312752ba90: Sackin index -0.1051; 0.7 s; peak memory 675 MiB.
2026-10-05T23:51:33Z INFO [256/750] 48831421-d9fa-491f-8b09-ed75fd758313: Sackin index -0.0709; 0.8 s; peak memory 675 MiB.
2026-10-05T23:51:33Z INFO [257/750] 48846714-04e2-45d6-a68d-7f58e55d7aad: Sackin index -0.1239; 0.6 s; peak memory 675 MiB.
2026-10-05T23:51:36Z INFO [258/750] 4884749d-bfef-4a2e-8ae1-fe7acac092fd: Sackin index -0.0133; 2.9 s; peak memory 675 MiB.
2026-10-05T23:51:37Z INFO [259/750] 4884cbc8-2eb2-4597-8caa-bb66fab279b9: Sackin index -0.1592; 0.6 s; peak memory 675 MiB.
2026-10-05T23:51:40Z INFO [260/750] 48856f4f-cd5b-4e0e-83af-27025370eaff: Sackin index -0.0403; 3.5 s; peak memory 675 MiB.
2026-10-05T23:51:42Z INFO [261/750] 4885a7fc-1be5-4d38-bf3f-390bc98d36d2: Sackin index -0.0704; 1.8 s; peak memory 675 MiB.
2026-10-05T23:51:43Z INFO [262/750] 4885c135-1de5-4085-91a5-512ad31a7a30: Sackin index -0.1349; 0.8 s; peak memory 675 MiB.
2026-10-05T23:51:55Z INFO [263/750] 48868a88-e99b-4e76-9698-8070f5215532: Sackin index -0.0116; 11.8 s; peak memory 675 MiB.
2026-10-05T23:51:55Z INFO [264/750] 48869fee-1571-4e2a-a403-4b88d4120dca: Sackin index -0.1272; 0.6 s; peak memory 675 MiB.
2026-10-05T23:51:56Z INFO [265/750] 4886a114-35f7-49cb-9e7b-d9052e49ec48: Sackin index -0.1349; 0.7 s; peak memory 675 MiB.
2026-10-05T23:51:57Z INFO [266/750] 48875f20-2dc7-4958-baeb-b6f9d6336b90: Sackin index -0.1349; 0.8 s; peak memory 675 MiB.
2026-10-05T23:51:58Z INFO [267/750] 48881407-e14a-4130-a3f8-78a4d4eecefb: Sackin index -0.0702; 0.9 s; peak memory 675 MiB.
2026-10-05T23:51:58Z INFO [268/750] 4888373d-acc5-459c-9a25-b591236ce5f2: Sackin index -0.1658; 0.5 s; peak memory 675 MiB.
2026-10-05T23:51:59Z INFO [269/750] 488845cf-8750-47a9-a154-60a230c31a8d: Sackin index -0.0696; 1.0 s; peak memory 675 MiB.
2026-10-05T23:52:00Z INFO [270/750] 4888f1cb-bfbc-4b30-b5b9-eb76bcc8379a: Sackin index -0.0369; 1.1 s; peak memory 675 MiB.
2026-10-05T23:52:01Z INFO [271/750] 488a67c8-2345-45e2-a028-0ef09cd3b96d: Sackin index -0.0702; 0.8 s; peak memory 675 MiB.
2026-10-05T23:52:03Z INFO [272/750] 488ab60f-9a06-49d6-b95d-cda10adf3d0c: Sackin index -0.0676; 1.6 s; peak memory 675 MiB.
2026-10-05T23:52:04Z INFO [273/750] 488aef14-a33a-47ae-a40d-5e905235e4e0: Sackin index -0.1349; 0.7 s; peak memory 675 MiB.
2026-10-05T23:52:04Z INFO [274/750] 488b48bd-7a77-4bd0-86bf-50a67660c19b: Sackin index -0.1349; 0.8 s; peak memory 675 MiB.
2026-10-05T23:54:02Z INFO [275/750] 488ca38e-5f86-4b98-ac60-c191a1a2dd82: Sackin index -0.0456; 118.1 s; peak memory 675 MiB.
2026-10-05T23:54:08Z INFO [276/750] 488d4e6c-a307-4e21-9f22-0c3d78d65885: Sackin index -0.0420; 5.4 s; peak memory 675 MiB.
2026-10-05T23:54:08Z INFO [277/750] 488d94ca-6b98-4b24-9ad1-8c274e77497e: Sackin index -0.0707; 0.6 s; peak memory 675 MiB.
2026-10-05T23:54:09Z INFO [278/750] 488e2641-9762-4616-b19e-50c042a38c75: Sackin index -0.1349; 0.8 s; peak memory 675 MiB.
2026-10-05T23:54:11Z INFO [279/750] 488e538e-1da5-473d-a93d-58dfe64c2c19: Sackin index -0.0369; 1.4 s; peak memory 675 MiB.
2026-10-05T23:54:11Z INFO [280/750] 488ecb1d-93be-4c1c-a3c4-22b0db75e382: Sackin index -0.1267; 0.6 s; peak memory 675 MiB.
2026-10-05T23:54:12Z INFO [281/750] 488ffc8d-3e68-4385-ad45-6da74446cb5f: Sackin index -0.1349; 0.6 s; peak memory 675 MiB.
2026-10-05T23:54:13Z INFO [282/750] 4890c6b2-499f-4061-986f-4fd8817b8ac9: Sackin index -0.0709; 0.8 s; peak memory 675 MiB.
2026-10-05T23:54:14Z INFO [283/750] 4891bbce-8a7a-40e9-897b-47997922be99: Sackin index -0.0702; 1.0 s; peak memory 675 MiB.
2026-10-05T23:54:14Z INFO [284/750] 4892486b-b151-4cac-a10c-df684649ce88: Sackin index -0.0709; 0.8 s; peak memory 675 MiB.
2026-10-05T23:54:15Z INFO [285/750] 48926a0a-9454-4b5e-af74-6c6a4d497493: Sackin index -0.0702; 0.8 s; peak memory 675 MiB.
2026-10-05T23:54:16Z INFO [286/750] 48926df9-922f-46e2-9a92-3e654dd8ff47: Sackin index -0.0886; 0.9 s; peak memory 675 MiB.
2026-10-05T23:54:17Z INFO [287/750] 4892d4c8-02f2-4648-8b7e-15a4f7510ce2: Sackin index -0.1303; 0.6 s; peak memory 675 MiB.
2026-10-05T23:54:18Z INFO [288/750] 4893259f-c4dd-4804-8952-21561384e0f5: Sackin index -0.0275; 1.1 s; peak memory 675 MiB.
2026-10-05T23:54:18Z INFO [289/750] 48932c63-f330-4e85-9504-7c27f4582414: Sackin index -0.1349; 0.7 s; peak memory 675 MiB.
2026-10-05T23:54:20Z INFO [290/750] 489452c6-c4d2-48af-926e-3fe34dfe2f74: Sackin index -0.0695; 2.0 s; peak memory 675 MiB.
2026-10-05T23:54:28Z INFO [291/750] 48949510-c7f1-4b54-960c-500c37d131a3: Sackin index -0.0783; 7.2 s; peak memory 675 MiB.
2026-10-05T23:54:29Z INFO [292/750] 48950b28-3708-428b-ac51-0166dd313e85: Sackin index -0.1243; 1.5 s; peak memory 675 MiB.
2026-10-05T23:54:30Z INFO [293/750] 4895f2c7-2487-4d95-8257-558fab2c2227: Sackin index -0.1349; 0.7 s; peak memory 675 MiB.
2026-10-05T23:54:31Z INFO [294/750] 48960965-5073-48bc-8527-3cb65f66ef87: Sackin index -0.0369; 1.4 s; peak memory 675 MiB.
2026-10-05T23:54:33Z INFO [295/750] 489629e3-1d15-4dce-a82d-70d396de1e26: Sackin index -0.0694; 2.0 s; peak memory 675 MiB.
2026-10-05T23:54:34Z INFO [296/750] 48974aff-ef86-4a09-ab0d-156e795d997d: Sackin index -0.1349; 0.7 s; peak memory 675 MiB.
2026-10-05T23:54:35Z INFO [297/750] 4897bd18-04d1-4bc2-bfed-4a1beb0743d2: Sackin index -0.0383; 0.8 s; peak memory 675 MiB.
2026-10-05T23:54:35Z INFO [298/750] 48985891-ae4b-4527-ae11-dafea1fa2530: Sackin index -0.1349; 0.6 s; peak memory 675 MiB.
2026-10-05T23:54:36Z INFO [299/750] 4898eb82-4605-46a8-bd3b-0390c4b7c80f: Sackin index -0.0275; 1.0 s; peak memory 675 MiB.
2026-10-05T23:54:37Z INFO [300/750] 489935f8-a412-471c-83f7-a28d21b5777c: Sackin index -0.1349; 0.8 s; peak memory 675 MiB.
2026-10-05T23:54:37Z INFO [300/750] 489935f8-a412-471c-83f7-a28d21b5777c: checkpointed 81886 records.
2026-10-05T23:54:38Z INFO [301/750] 489a2365-3003-473b-808b-497b9877e8a6: Sackin index -0.1349; 0.7 s; peak memory 675 MiB.
2026-10-05T23:54:42Z INFO [302/750] 489ace25-8c9b-4470-b2e8-200936301b00: Sackin index -0.0231; 4.0 s; peak memory 675 MiB.
2026-10-05T23:54:42Z INFO [303/750] 489ae5ce-8120-4b14-ac23-34de5183a0f5: Sackin index -0.1658; 0.5 s; peak memory 675 MiB.
2026-10-05T23:54:49Z INFO [304/750] 489b1b87-088a-4701-9bcc-a85ed480e1b5: Sackin index -0.0196; 6.3 s; peak memory 675 MiB.
2026-10-05T23:54:52Z INFO [305/750] 489b7cac-7938-408f-b2e5-e6e64807ec33: Sackin index -0.0403; 3.7 s; peak memory 675 MiB.
2026-10-05T23:54:56Z INFO [306/750] 489bc610-fb0d-4d4d-8d62-9b3c4eec92ff: Sackin index -0.0251; 3.4 s; peak memory 675 MiB.
2026-10-05T23:54:57Z INFO [307/750] 489c0e85-01ad-4ddf-b9e1-239a082a5f42: Sackin index -0.0434; 1.0 s; peak memory 675 MiB.
2026-10-05T23:56:58Z INFO [308/750] 489c8d4f-db75-4dcd-a8ba-cad04ec7e342: Sackin index -0.0286; 121.0 s; peak memory 675 MiB.
2026-10-05T23:58:46Z INFO [309/750] 489e8f29-91d5-4d7b-b420-71100e265048: Sackin index -0.0573; 108.4 s; peak memory 675 MiB.
2026-10-05T23:58:47Z INFO [310/750] 489f57ed-666b-42d9-acf2-e6374393db8b: Sackin index -0.1009; 0.8 s; peak memory 675 MiB.
2026-10-05T23:58:57Z INFO [311/750] 489fb73d-c35a-4312-b9b3-c1f004d5c223: Sackin index -0.0306; 9.6 s; peak memory 675 MiB.
2026-10-05T23:58:57Z INFO [312/750] 48a0b985-24d5-4606-a874-6471b2f66013: Sackin index -0.0702; 0.8 s; peak memory 675 MiB.
2026-10-05T23:59:03Z INFO [313/750] 48a118b2-6106-4945-8d9e-5b590e18f7d5: Sackin index -0.0205; 5.7 s; peak memory 675 MiB.
2026-10-05T23:59:04Z INFO [314/750] 48a21d99-7643-4134-9bc6-d1b1b583e0d2: Sackin index -0.0745; 0.9 s; peak memory 675 MiB.
2026-10-05T23:59:11Z INFO [315/750] 48a251c7-4c10-4a66-9ca8-be421b27e390: Sackin index -0.0150; 7.3 s; peak memory 675 MiB.
2026-10-05T23:59:12Z INFO [316/750] 48a26679-9655-4ba8-9052-dc0539faddb3: Sackin index -0.1331; 0.7 s; peak memory 675 MiB.
2026-10-05T23:59:15Z INFO [317/750] 48a2e2dc-aba6-401c-bd5a-adb160089af5: Sackin index -0.0056; 3.2 s; peak memory 675 MiB.
2026-10-05T23:59:16Z INFO [318/750] 48a37a09-a136-4f3b-84ea-2de287c75a43: Sackin index -0.1349; 0.7 s; peak memory 675 MiB.
2026-10-05T23:59:17Z INFO [319/750] 48a44be5-3fe3-4a21-b5b4-adafee647e0a: Sackin index -0.1248; 0.8 s; peak memory 675 MiB.
2026-10-05T23:59:23Z INFO [320/750] 48a46681-dfd7-4e58-b779-e7ebaebbd105: Sackin index -0.0288; 6.6 s; peak memory 675 MiB.
2026-10-05T23:59:24Z INFO [321/750] 48a496fb-1cf6-4fb1-9e7d-1c4f18c9ca8d: Sackin index -0.0696; 0.8 s; peak memory 675 MiB.
2026-10-05T23:59:25Z INFO [322/750] 48a527f8-d8a6-4393-8b78-7e70b6865b3e: Sackin index -0.1349; 0.8 s; peak memory 675 MiB.
2026-10-05T23:59:26Z INFO [323/750] 48a52b26-7381-4961-8f42-0de80b8601da: Sackin index -0.1349; 1.0 s; peak memory 675 MiB.
2026-10-05T23:59:27Z INFO [324/750] 48a603a5-4a17-45c1-8a4a-0a9c8dc38496: Sackin index -0.1349; 0.7 s; peak memory 675 MiB.
2026-10-05T23:59:27Z INFO [325/750] 48a6c129-3146-4242-9b14-f886232a7b3b: Sackin index -0.1303; 0.6 s; peak memory 675 MiB.
2026-10-05T23:59:28Z INFO [326/750] 48a9486f-de91-44c6-8afe-a3d07e6ef23a: Sackin index -0.0702; 0.8 s; peak memory 675 MiB.
2026-10-05T23:59:29Z INFO [327/750] 48a9a8b4-f1d9-4c46-b697-c6680cda709f: Sackin index -0.0369; 1.2 s; peak memory 675 MiB.
2026-10-05T23:59:30Z INFO [328/750] 48aaade6-e4bb-4a6b-b97e-16a80ff1b86c: Sackin index -0.1731; 0.8 s; peak memory 675 MiB.
2026-10-05T23:59:31Z INFO [329/750] 48ab53e0-04a8-434f-af8c-57730e6b29d5: Sackin index -0.1349; 0.8 s; peak memory 675 MiB.
2026-10-05T23:59:33Z INFO [330/750] 48ac3674-c894-410a-be76-490eecad7311: Sackin index -0.0695; 2.0 s; peak memory 675 MiB.
2026-10-05T23:59:34Z INFO [331/750] 48ac3862-f425-4054-b28c-7d98504be8c0: Sackin index -0.1349; 0.8 s; peak memory 675 MiB.
2026-10-05T23:59:35Z INFO [332/750] 48ac4eae-51b0-4476-99b7-830a56069ae4: Sackin index -0.0728; 1.0 s; peak memory 675 MiB.
2026-10-05T23:59:52Z INFO [333/750] 48ad2d92-1135-44f0-baf8-fc4f6aea21bb: Sackin index -0.1367; 17.6 s; peak memory 675 MiB.
2026-10-05T23:59:53Z INFO [334/750] 48ad3bbf-edae-4344-8d01-39644f6d1409: Sackin index -0.0370; 1.2 s; peak memory 675 MiB.
2026-10-05T23:59:54Z INFO [335/750] 48adf6ad-43c5-4cf2-992e-7b6857f8fa63: Sackin index -0.1349; 0.9 s; peak memory 675 MiB.
2026-10-05T23:59:55Z INFO [336/750] 48ae5458-b6f4-44d3-ad87-90b09be8c19c: Sackin index -0.1349; 0.7 s; peak memory 675 MiB.
2026-10-05T23:59:57Z INFO [337/750] 48ae66d2-1278-4382-93ec-a70f5b21e111: Sackin index -0.0699; 1.8 s; peak memory 675 MiB.
2026-10-06T00:00:01Z INFO [338/750] 48aee5ef-95b5-4917-9946-c0cade04a5a6: Sackin index -0.1938; 4.0 s; peak memory 675 MiB.
2026-10-06T00:00:06Z INFO [339/750] 48afcbf5-df67-430e-8fc2-eb83e2fd0356: Sackin index -0.0207; 4.6 s; peak memory 675 MiB.
2026-10-06T00:00:06Z INFO [340/750] 48b05e23-8e5e-443b-b9f8-68129193a01d: Sackin index -0.0745; 0.9 s; peak memory 675 MiB.
2026-10-06T00:00:18Z INFO [341/750] 48b12712-5ab1-4544-a26b-3c02f8f58ac8: Sackin index -0.0109; 12.0 s; peak memory 675 MiB.
2026-10-06T00:00:19Z INFO [342/750] 48b1c580-d8f6-4200-9016-e0ee82f85167: Sackin index -0.1349; 0.9 s; peak memory 675 MiB.
2026-10-06T00:00:20Z INFO [343/750] 48b1f3ef-9dae-43ad-80fc-d60a7362ad03: Sackin index -0.1658; 0.5 s; peak memory 675 MiB.
2026-10-06T00:00:26Z INFO [344/750] 48b2041d-6ffd-41ca-89d2-b6eaf5778bd9: Sackin index -0.0206; 5.7 s; peak memory 675 MiB.
2026-10-06T00:00:27Z INFO [345/750] 48b24a2f-19c1-4ab1-a965-d60713b36758: Sackin index -0.0696; 1.0 s; peak memory 675 MiB.
2026-10-06T00:00:27Z INFO [346/750] 48b25762-7da6-4839-b604-429fd252228e: Sackin index -0.1349; 0.7 s; peak memory 675 MiB.
2026-10-06T00:00:28Z INFO [347/750] 48b3e578-a942-437a-be05-104669afaa81: Sackin index -0.1602; 0.6 s; peak memory 675 MiB.
2026-10-06T00:00:29Z INFO [348/750] 48b3e772-4151-4a43-8ec7-faa562484594: Sackin index -0.0369; 1.4 s; peak memory 675 MiB.
2026-10-06T00:00:30Z INFO [349/750] 48b40a76-6fe4-41d8-9c91-d4fe40c5c51f: Sackin index -0.0275; 1.2 s; peak memory 675 MiB.
2026-10-06T00:00:32Z INFO [350/750] 48b46719-f94b-4117-b62c-981c5ffbf2d5: Sackin index -0.0688; 1.8 s; peak memory 675 MiB.
2026-10-06T00:00:32Z INFO [350/750] 48b46719-f94b-4117-b62c-981c5ffbf2d5: checkpointed 81936 records.
2026-10-06T00:00:34Z INFO [351/750] 48b4f631-879a-43b0-94bf-49fe48e14d55: Sackin index -0.0379; 1.1 s; peak memory 675 MiB.
2026-10-06T00:00:35Z INFO [352/750] 48b575a6-acfa-46ee-b17d-2ed97fe26381: Sackin index -0.1408; 1.1 s; peak memory 675 MiB.
2026-10-06T00:00:35Z INFO [353/750] 48b6751c-59b9-454e-ac09-a8f986d94333: Sackin index -0.1331; 0.6 s; peak memory 675 MiB.
2026-10-06T00:00:36Z INFO [354/750] 48b691f9-e33c-49c3-bf0a-d562f1be37f7: Sackin index -0.0376; 0.9 s; peak memory 675 MiB.
2026-10-06T00:00:43Z INFO [355/750] 48b6f51c-fa7c-4c72-8f60-d70c1bd3b94b: Sackin index -0.0779; 6.5 s; peak memory 675 MiB.
2026-10-06T00:00:44Z INFO [356/750] 48b78461-623c-4f3b-bb8e-b79a65a583f8: Sackin index -0.0709; 0.9 s; peak memory 675 MiB.
2026-10-06T00:00:45Z INFO [357/750] 48b869b8-9171-4436-afc0-b79411ae0fa3: Sackin index -0.0671; 1.8 s; peak memory 675 MiB.
2026-10-06T00:00:52Z INFO [358/750] 48b90443-a685-4aa5-890d-b01291f40bdc: Sackin index -0.0017; 6.8 s; peak memory 675 MiB.
2026-10-06T00:00:53Z INFO [359/750] 48b9ae19-2b2d-45eb-9f9c-0688de6c5b75: Sackin index -0.1354; 0.8 s; peak memory 675 MiB.
2026-10-06T00:00:54Z INFO [360/750] 48ba4e5c-f88f-468d-8d3a-9f13674e6180: Sackin index -0.1349; 0.9 s; peak memory 675 MiB.
2026-10-06T00:00:55Z INFO [361/750] 48ba87ad-051e-41ad-af5b-98b650005ad3: Sackin index -0.1492; 0.9 s; peak memory 675 MiB.
2026-10-06T00:00:59Z INFO [362/750] 48ba92da-b401-497b-be1d-19d78cdfe865: Sackin index -0.0190; 4.7 s; peak memory 675 MiB.
2026-10-06T00:01:00Z INFO [363/750] 48ba9949-6a69-4e52-93e5-7929de2ad5ec: Sackin index -0.1340; 0.4 s; peak memory 675 MiB.
2026-10-06T00:01:01Z INFO [364/750] 48bad1de-ff55-453c-87b3-cc4a03964f7a: Sackin index -0.1938; 1.5 s; peak memory 675 MiB.
2026-10-06T00:01:02Z INFO [365/750] 48bb6143-c9be-4ccd-b629-543ec972d1cc: Sackin index -0.1201; 0.8 s; peak memory 675 MiB.
2026-10-06T00:01:03Z INFO [366/750] 48bbc4e9-d39e-4841-a3e0-3d282107866b: Sackin index -0.0376; 1.0 s; peak memory 675 MiB.
2026-10-06T00:01:04Z INFO [367/750] 48bbd58c-da01-4865-8a94-43a62ac282a4: Sackin index -0.0702; 0.9 s; peak memory 675 MiB.
2026-10-06T00:02:19Z INFO [368/750] 48bc44d3-6579-46e1-b19e-758617952f19: Sackin index -0.0032; 75.4 s; peak memory 675 MiB.
2026-10-06T00:02:21Z INFO [369/750] 48bd8642-2cc2-4ca8-8e3b-1c762c7c0de9: Sackin index -0.0579; 1.6 s; peak memory 675 MiB.
2026-10-06T00:02:22Z INFO [370/750] 48bdad65-17e9-4647-80bc-a3128dd99da7: Sackin index -0.1000; 1.2 s; peak memory 675 MiB.
2026-10-06T00:02:39Z INFO [371/750] 48beb139-623a-41f0-ad5d-5fd93c2d4cf8: Sackin index -0.0138; 16.6 s; peak memory 675 MiB.
2026-10-06T00:02:40Z INFO [372/750] 48becd30-fa0f-4b46-a27b-ba85f88080e6: Sackin index -0.1349; 0.7 s; peak memory 675 MiB.
2026-10-06T00:02:41Z INFO [373/750] 48bf3379-15d3-404c-8b38-be12cde36aed: Sackin index -0.0728; 1.2 s; peak memory 675 MiB.
2026-10-06T00:02:46Z INFO [374/750] 48c0a308-fb2d-4a89-b4e9-172358e7e140: Sackin index -0.0455; 4.9 s; peak memory 675 MiB.
2026-10-06T00:02:47Z INFO [375/750] 48c0c2d8-8048-4929-9e32-995bcb49c1cd: Sackin index -0.0728; 1.3 s; peak memory 675 MiB.
2026-10-06T00:02:48Z INFO [376/750] 48c0e32c-78d0-4b0c-b877-4cfc9c03c9cb: Sackin index -0.0728; 1.0 s; peak memory 675 MiB.
2026-10-06T00:02:49Z INFO [377/750] 48c0ea84-54f0-451b-a7cc-9251602c3727: Sackin index -0.0728; 1.0 s; peak memory 675 MiB.
2026-10-06T00:02:50Z INFO [378/750] 48c121f4-b3cd-42b0-bba2-a3d26acc8432: Sackin index -0.1178; 0.6 s; peak memory 675 MiB.
2026-10-06T00:02:50Z INFO [379/750] 48c1787d-e9aa-4779-b14b-5f762acf36a8: Sackin index -0.1349; 0.7 s; peak memory 675 MiB.
2026-10-06T00:02:52Z INFO [380/750] 48c1da81-51cd-494b-b66b-9547e60feccb: Sackin index -0.0699; 1.7 s; peak memory 675 MiB.
2026-10-06T00:02:52Z INFO [381/750] 48c26549-f467-4704-b2ed-c3d7bd44a0ff: Sackin index -0.1938; 0.6 s; peak memory 675 MiB.
2026-10-06T00:02:53Z INFO [382/750] 48c376f3-977f-45a6-a36d-11060ddcdb69: Sackin index -0.1704; 0.7 s; peak memory 675 MiB.
2026-10-06T00:02:54Z INFO [383/750] 48c391e3-a208-443f-9acb-183be42195d5: Sackin index -0.0709; 0.8 s; peak memory 675 MiB.
2026-10-06T00:02:55Z INFO [384/750] 48c3aaeb-4c18-487d-851a-ef3510fdbd25: Sackin index -0.1349; 0.8 s; peak memory 675 MiB.
2026-10-06T00:02:56Z INFO [385/750] 48c44bfa-df30-4406-8e57-74625a64f1ac: Sackin index -0.1349; 0.9 s; peak memory 675 MiB.
2026-10-06T00:02:57Z INFO [386/750] 48c50639-9e03-4ebc-bc7c-11df1c8ebe10: Sackin index -0.0735; 1.0 s; peak memory 675 MiB.
2026-10-06T00:02:57Z INFO [387/750] 48c53d8a-6d58-494b-a42f-f03b08c3e7f6: Sackin index -0.1303; 0.5 s; peak memory 675 MiB.
2026-10-06T00:02:58Z INFO [388/750] 48c56675-041f-476a-8d89-355ba5c15690: Sackin index -0.1349; 0.8 s; peak memory 675 MiB.
2026-10-06T00:06:29Z INFO [389/750] 48c5db07-c3e0-4c01-880d-d647a623e6b7: Sackin index -0.0246; 211.1 s; peak memory 675 MiB.
2026-10-06T00:06:37Z INFO [390/750] 48c67850-60b5-464c-978f-63b0410f9415: Sackin index -0.0153; 8.2 s; peak memory 675 MiB.
2026-10-06T00:06:39Z INFO [391/750] 48c6f2cc-4c42-44bd-970f-3078cb7cbd76: Sackin index -0.0676; 1.7 s; peak memory 675 MiB.
2026-10-06T00:06:40Z INFO [392/750] 48c7fce9-57b7-4eba-9691-c1ec35dd8721: Sackin index -0.0234; 1.5 s; peak memory 675 MiB.
2026-10-06T00:06:42Z INFO [393/750] 48c809ce-4709-440a-b934-39edd35411c7: Sackin index -0.0375; 1.6 s; peak memory 675 MiB.
2026-10-06T00:06:43Z INFO [394/750] 48c883be-edfd-40c1-8a0d-776ce0507b91: Sackin index -0.0728; 1.1 s; peak memory 675 MiB.
2026-10-06T00:06:44Z INFO [395/750] 48c88f8d-6b2c-4478-b5ad-6edb8480faba: Sackin index -0.1349; 0.8 s; peak memory 675 MiB.
2026-10-06T00:06:45Z INFO [396/750] 48c946c0-2df7-4b81-afcd-15ecf70b0d24: Sackin index -0.0702; 0.8 s; peak memory 675 MiB.
2026-10-06T00:06:51Z INFO [397/750] 48c988cb-0d04-4493-87c8-2d3a774e7696: Sackin index -0.0940; 6.3 s; peak memory 675 MiB.
2026-10-06T00:06:52Z INFO [398/750] 48c99f96-7389-4250-9c0c-736b3fe94202: Sackin index -0.1331; 0.7 s; peak memory 675 MiB.
2026-10-06T00:06:59Z INFO [399/750] 48cbe3e4-3973-40e8-865c-619c2c07adae: Sackin index -0.0158; 7.3 s; peak memory 675 MiB.
2026-10-06T00:07:05Z INFO [400/750] 48cbec55-b89c-41d9-a9a7-485f950dbd46: Sackin index -0.0341; 6.0 s; peak memory 675 MiB.
2026-10-06T00:07:05Z INFO [400/750] 48cbec55-b89c-41d9-a9a7-485f950dbd46: checkpointed 81986 records.
2026-10-06T00:07:06Z INFO [401/750] 48cc67f4-c64f-4976-b8ae-707f2ed01051: Sackin index -0.0728; 1.1 s; peak memory 675 MiB.
2026-10-06T00:07:07Z INFO [402/750] 48ccd02e-eb2a-4ae8-bccc-4fe6e5f08b4f: Sackin index -0.1201; 0.8 s; peak memory 675 MiB.
2026-10-06T00:07:08Z INFO [403/750] 48cced09-5338-418e-a681-8ea371438e16: Sackin index -0.1331; 0.7 s; peak memory 675 MiB.
2026-10-06T00:07:09Z INFO [404/750] 48cd3481-9147-4f42-a731-db6ed9155cdb: Sackin index -0.1026; 1.2 s; peak memory 675 MiB.
2026-10-06T00:07:10Z INFO [405/750] 48cd5706-baaa-4b46-8ecd-2cb4cf470bc6: Sackin index -0.0387; 1.2 s; peak memory 675 MiB.
2026-10-06T00:07:18Z INFO [406/750] 48ce6a0f-9429-4444-87e8-30cbd65f7547: Sackin index -0.0299; 7.8 s; peak memory 675 MiB.
2026-10-06T00:07:20Z INFO [407/750] 48cf756c-873b-4f75-ba71-365d545cff36: Sackin index -0.0648; 2.1 s; peak memory 675 MiB.
2026-10-06T00:07:21Z INFO [408/750] 48cf7612-c522-47b2-8969-f0edc36b5cc3: Sackin index -0.1248; 0.7 s; peak memory 675 MiB.
2026-10-06T00:07:22Z INFO [409/750] 48d05d7a-7949-4851-bbcd-5c22de9383e1: Sackin index -0.0686; 1.7 s; peak memory 675 MiB.
2026-10-06T00:07:23Z INFO [410/750] 48d08be1-6387-4cbd-8b92-952a7d63bb3a: Sackin index -0.1120; 0.6 s; peak memory 675 MiB.
2026-10-06T00:07:24Z INFO [411/750] 48d12e5b-a828-4a15-8caa-f7ea23128671: Sackin index -0.1273; 1.2 s; peak memory 675 MiB.
2026-10-06T00:07:25Z INFO [412/750] 48d14609-f425-4c25-a5fd-b4fdf9ea3319: Sackin index -0.1191; 0.7 s; peak memory 675 MiB.
2026-10-06T00:07:26Z INFO [413/750] 48d1ff93-b8a2-4cda-95be-9144446750d9: Sackin index -0.0696; 0.9 s; peak memory 675 MiB.
2026-10-06T00:07:27Z INFO [414/750] 48d27f17-7fb2-4d5f-ace5-d614228e7d08: Sackin index -0.0681; 1.6 s; peak memory 675 MiB.
2026-10-06T00:07:28Z INFO [415/750] 48d32972-b789-440a-8b63-f81f12da935a: Sackin index -0.0375; 1.0 s; peak memory 675 MiB.
2026-10-06T00:07:29Z INFO [416/750] 48d35172-f71c-4125-a899-7e9125266c45: Sackin index -0.1349; 0.8 s; peak memory 675 MiB.
2026-10-06T00:07:30Z INFO [417/750] 48d37f8c-3bd3-46aa-aa17-4d6d835b0cb5: Sackin index -0.0702; 0.8 s; peak memory 675 MiB.
2026-10-06T00:07:31Z INFO [418/750] 48d4ba97-e701-4531-baba-b21e4678f1e0: Sackin index -0.0702; 0.9 s; peak memory 675 MiB.
2026-10-06T00:07:32Z INFO [419/750] 48d52071-744b-4c0c-afe6-fd7494b4458d: Sackin index -0.0369; 1.4 s; peak memory 675 MiB.
2026-10-06T00:07:33Z INFO [420/750] 48d675a4-d985-47b8-a21f-330a3859e22f: Sackin index -0.0696; 0.7 s; peak memory 675 MiB.
2026-10-06T00:07:35Z INFO [421/750] 48d6eb1d-1cb0-49fb-8cae-abbf622dc6ec: Sackin index -0.0673; 2.3 s; peak memory 675 MiB.
2026-10-06T00:07:36Z INFO [422/750] 48d7b786-e291-46ca-8b56-871297dc365b: Sackin index -0.1349; 1.0 s; peak memory 675 MiB.
2026-10-06T00:07:37Z INFO [423/750] 48d81449-65c1-45da-82f2-66b7399442ac: Sackin index -0.1658; 0.5 s; peak memory 675 MiB.
2026-10-06T00:07:38Z INFO [424/750] 48d9637d-2a64-47cc-8e2e-37c4d974fe74: Sackin index -0.0745; 0.9 s; peak memory 675 MiB.
2026-10-06T00:07:38Z INFO [425/750] 48d967ea-392c-4129-8562-d19df304f62d: Sackin index -0.1658; 0.6 s; peak memory 675 MiB.
2026-10-06T00:07:39Z INFO [426/750] 48d968f8-2e08-426e-90fb-811ca11abf06: Sackin index -0.0377; 1.0 s; peak memory 675 MiB.
2026-10-06T00:07:49Z INFO [427/750] 48d9782a-1473-4b63-b9f6-b6a51cf84c30: Sackin index -0.1310; 9.3 s; peak memory 675 MiB.
2026-10-06T00:07:49Z INFO [428/750] 48d9dfcf-8aae-4f77-b70e-5e122717c4fa: Sackin index -0.0702; 0.7 s; peak memory 675 MiB.
2026-10-06T00:11:24Z INFO [429/750] 48da4e45-5708-4ab6-953e-111248693bf2: Sackin index -0.0394; 214.8 s; peak memory 675 MiB.
2026-10-06T00:11:25Z INFO [430/750] 48dafe71-1e6d-4482-a5bb-a0b0d89e1814: Sackin index -0.1000; 0.7 s; peak memory 675 MiB.
2026-10-06T00:11:25Z INFO [431/750] 48db96e6-2171-4b9b-ab86-270ee2b020c4: Sackin index -0.1303; 0.6 s; peak memory 675 MiB.
2026-10-06T00:11:27Z INFO [432/750] 48db9a5d-debf-4ebb-88e0-886ab218eeba: Sackin index -0.0471; 1.9 s; peak memory 675 MiB.
2026-10-06T00:11:28Z INFO [433/750] 48dc395a-55df-4382-9e08-f2ba646bfd65: Sackin index -0.0728; 1.1 s; peak memory 675 MiB.
2026-10-06T00:11:29Z INFO [434/750] 48dca33a-97c3-43b7-8f2c-d7dc24038746: Sackin index -0.1174; 0.7 s; peak memory 675 MiB.
2026-10-06T00:11:30Z INFO [435/750] 48dd6120-0cb1-471d-9cfa-20b86b78fa37: Sackin index -0.1383; 1.0 s; peak memory 675 MiB.
2026-10-06T00:11:33Z INFO [436/750] 48dda10d-0723-4ed6-a98b-8eb094cba59d: Sackin index -0.0240; 3.4 s; peak memory 675 MiB.
2026-10-06T00:11:34Z INFO [437/750] 48df5844-578a-45bd-940b-c36d2054f020: Sackin index -0.0728; 0.8 s; peak memory 675 MiB.
2026-10-06T00:11:35Z INFO [438/750] 48df8985-4891-4c95-93d6-1b68a4b1fb48: Sackin index -0.0728; 0.8 s; peak memory 675 MiB.
2026-10-06T00:11:40Z INFO [439/750] 48e01dac-2f91-4a82-84cc-2d1a174772ef: Sackin index -0.0476; 4.7 s; peak memory 675 MiB.
2026-10-06T00:11:41Z INFO [440/750] 48e07b32-49ed-4db8-8929-bdfe6864f186: Sackin index -0.1072; 1.4 s; peak memory 675 MiB.
2026-10-06T00:11:42Z INFO [441/750] 48e10ba3-64ba-4d26-9c56-7549fb97e2d0: Sackin index -0.0941; 1.4 s; peak memory 675 MiB.
2026-10-06T00:11:43Z INFO [442/750] 48e16028-fcee-45e9-9356-af9a0d876604: Sackin index -0.0709; 1.0 s; peak memory 675 MiB.
2026-10-06T00:11:44Z INFO [443/750] 48e22280-af90-4053-8b03-78aea639cb3b: Sackin index -0.1349; 0.9 s; peak memory 675 MiB.
2026-10-06T00:11:45Z INFO [444/750] 48e29546-67a5-4521-83b9-df79d572bd22: Sackin index -0.0709; 0.9 s; peak memory 675 MiB.
2026-10-06T00:11:46Z INFO [445/750] 48e297fb-84ae-4dfb-87f1-228371c14d8e: Sackin index -0.0728; 1.0 s; peak memory 675 MiB.
2026-10-06T00:11:52Z INFO [446/750] 48e34aa8-8171-43eb-aecd-7bede85e4e85: Sackin index -0.0308; 6.0 s; peak memory 675 MiB.
2026-10-06T00:11:53Z INFO [447/750] 48e39173-c402-464c-bb18-a9bb0a384dfd: Sackin index -0.1349; 0.8 s; peak memory 675 MiB.
2026-10-06T00:11:54Z INFO [448/750] 48e3c788-ff9a-4c54-9918-083f1523d457: Sackin index -0.1349; 0.9 s; peak memory 675 MiB.
2026-10-06T00:11:55Z INFO [449/750] 48e3fc8e-4fce-4c3d-9e9a-795b544b47e9: Sackin index -0.1349; 1.0 s; peak memory 675 MiB.
2026-10-06T00:12:02Z INFO [450/750] 48e40d2b-45e5-4949-9e8d-cc6866d4f861: Sackin index -0.0303; 6.6 s; peak memory 675 MiB.
2026-10-06T00:12:02Z INFO [450/750] 48e40d2b-45e5-4949-9e8d-cc6866d4f861: checkpointed 82036 records.
2026-10-06T00:12:03Z INFO [451/750] 48e458f6-e8ea-4053-b4f1-024ad1bfe152: Sackin index -0.0702; 0.9 s; peak memory 675 MiB.
2026-10-06T00:12:04Z INFO [452/750] 48e4e5a4-51d0-4901-acc7-0fcbf9c414c3: Sackin index -0.0728; 1.1 s; peak memory 675 MiB.
2026-10-06T00:12:04Z INFO [453/750] 48e6586f-d8e7-43ef-b6d3-b5dfe45ff658: Sackin index -0.1288; 0.7 s; peak memory 675 MiB.
2026-10-06T00:12:05Z INFO [454/750] 48e666b7-c119-4911-ac38-9a966d898196: Sackin index -0.0745; 0.7 s; peak memory 675 MiB.
2026-10-06T00:12:27Z INFO [455/750] 48e6faa6-c14e-4bb1-b61b-60ed725c75c2: Sackin index -0.1367; 21.8 s; peak memory 675 MiB.
2026-10-06T00:12:28Z INFO [456/750] 48e795af-37b4-4f68-8324-0dc221354edd: Sackin index -0.0702; 0.9 s; peak memory 675 MiB.
2026-10-06T00:12:28Z INFO [457/750] 48e79fa0-2ef1-4f6e-963f-87a1439ab735: Sackin index -0.1272; 0.5 s; peak memory 675 MiB.
2026-10-06T00:12:29Z INFO [458/750] 48e7a3ec-f39a-45a2-85ba-612d3df9243a: Sackin index -0.0702; 0.8 s; peak memory 675 MiB.
2026-10-06T00:12:30Z INFO [459/750] 48e7ac4c-b528-4d53-919f-cb0f2a78807d: Sackin index -0.0745; 1.3 s; peak memory 675 MiB.
2026-10-06T00:12:31Z INFO [460/750] 48e831ee-ef8b-4337-a050-13085bd08329: Sackin index -0.1448; 0.4 s; peak memory 675 MiB.
2026-10-06T00:12:34Z INFO [461/750] 48e91531-ace5-45df-84d7-45e82694da50: Sackin index -0.0914; 3.2 s; peak memory 675 MiB.
2026-10-06T00:12:35Z INFO [462/750] 48e94c72-868c-4a4f-ab2e-3049f7968c85: Sackin index -0.1349; 0.9 s; peak memory 675 MiB.
2026-10-06T00:12:38Z INFO [463/750] 48e9d80d-24cf-4267-964c-74659964b368: Sackin index -0.0251; 3.6 s; peak memory 675 MiB.
2026-10-06T00:12:39Z INFO [464/750] 48ea50e9-b525-450a-858e-787e8e7c8d4f: Sackin index -0.1349; 0.8 s; peak memory 675 MiB.
2026-10-06T00:12:43Z INFO [465/750] 48eaa6e1-9989-4e78-8031-fafade2e0d21: Sackin index -0.0431; 3.8 s; peak memory 675 MiB.
2026-10-06T00:12:44Z INFO [466/750] 48ec9402-15c8-416a-b00e-2c1ac7c06205: Sackin index -0.1349; 0.9 s; peak memory 675 MiB.
2026-10-06T00:12:45Z INFO [467/750] 48ed0db6-a54c-4ce1-a792-7f33ea4230f0: Sackin index -0.1658; 0.6 s; peak memory 675 MiB.
2026-10-06T00:12:46Z INFO [468/750] 48edb6fd-b3a7-4799-a63f-4490994c054f: Sackin index -0.0745; 1.1 s; peak memory 675 MiB.
2026-10-06T00:12:47Z INFO [469/750] 48edcb16-37ac-46c5-9bed-cf1a297ce3f4: Sackin index -0.1349; 0.8 s; peak memory 675 MiB.
2026-10-06T00:12:47Z INFO [470/750] 48ede4f8-10a2-4069-ab0e-57e43646c2f8: Sackin index -0.1349; 0.9 s; peak memory 675 MiB.
2026-10-06T00:12:49Z INFO [471/750] 48ef1db4-796f-45c2-9739-d46fa85c708b: Sackin index -0.0941; 1.3 s; peak memory 675 MiB.
2026-10-06T00:12:50Z INFO [472/750] 48ef7159-7469-4ca7-b377-338ae1074975: Sackin index -0.1291; 1.1 s; peak memory 675 MiB.
2026-10-06T00:12:51Z INFO [473/750] 48ef91e0-ff56-42e3-9b0a-75e4c1fda38e: Sackin index -0.0376; 1.1 s; peak memory 675 MiB.
2026-10-06T00:12:52Z INFO [474/750] 48f00182-925f-4834-9697-19775069aa58: Sackin index -0.1658; 0.5 s; peak memory 675 MiB.
2026-10-06T00:12:53Z INFO [475/750] 48f0bd76-8f54-417c-8e75-f50d1d1e5585: Sackin index -0.0745; 1.0 s; peak memory 675 MiB.
2026-10-06T00:12:54Z INFO [476/750] 48f16157-61df-4817-a3b6-bb204df766ac: Sackin index -0.0886; 1.0 s; peak memory 675 MiB.
2026-10-06T00:12:54Z INFO [477/750] 48f2c0aa-628e-4fdd-a6ee-8c3845e251b1: Sackin index -0.1604; 0.8 s; peak memory 675 MiB.
2026-10-06T00:12:55Z INFO [478/750] 48f332b6-f4e3-44d9-a04a-71bf6d933574: Sackin index -0.0696; 0.7 s; peak memory 675 MiB.
2026-10-06T00:12:56Z INFO [479/750] 48f33d1b-75b7-4845-abcc-dd5fc345e7bc: Sackin index -0.1349; 0.9 s; peak memory 675 MiB.
2026-10-06T00:12:57Z INFO [480/750] 48f3421c-bb7a-4d55-989d-7d83f5401e66: Sackin index -0.0696; 0.7 s; peak memory 675 MiB.
2026-10-06T00:12:57Z INFO [481/750] 48f37560-1294-4ed6-8869-8a512835f831: Sackin index -0.0886; 0.7 s; peak memory 675 MiB.
2026-10-06T00:13:01Z INFO [482/750] 48f3f465-b3ff-4e32-9568-64fd4c579bd1: Sackin index -0.0233; 4.2 s; peak memory 675 MiB.
2026-10-06T00:13:03Z INFO [483/750] 48f484cd-a3f8-4c0a-9c72-caedc89d42e8: Sackin index -0.0369; 1.7 s; peak memory 675 MiB.
2026-10-06T00:14:21Z INFO [484/750] 48f4c412-7c74-4456-8a14-73bd74540a56: Sackin index -0.0935; 77.7 s; peak memory 675 MiB.
2026-10-06T00:14:21Z INFO [485/750] 48f4f709-986f-452e-bf39-5442ddb26947: Sackin index -0.1448; 0.5 s; peak memory 675 MiB.
2026-10-06T00:14:22Z INFO [486/750] 48f51b76-7c94-431a-b819-a1ff1bd545fa: Sackin index -0.1938; 0.7 s; peak memory 675 MiB.
2026-10-06T00:15:54Z INFO [487/750] 48f5521e-4cfb-44b7-8a0c-157cc10940e8: Sackin index -0.0013; 91.6 s; peak memory 675 MiB.
2026-10-06T00:15:56Z INFO [488/750] 48f60c53-0d47-43b3-876f-12dd97856c64: Sackin index -0.1117; 2.1 s; peak memory 675 MiB.
2026-10-06T00:15:56Z INFO [489/750] 48f87086-51ca-4858-8f3c-8ef600786a0d: Sackin index -0.1178; 0.5 s; peak memory 675 MiB.
2026-10-06T00:15:57Z INFO [490/750] 48fa397c-8b04-4e2b-ad5e-fa2c193216ef: Sackin index -0.1248; 0.8 s; peak memory 675 MiB.
2026-10-06T00:15:58Z INFO [491/750] 48fa4fd2-9650-4332-b63b-9be0526d64af: Sackin index -0.1237; 0.6 s; peak memory 675 MiB.
2026-10-06T00:15:59Z INFO [492/750] 48fa94de-74b0-417e-95e6-ede24f7ed2f3: Sackin index -0.0728; 0.9 s; peak memory 675 MiB.
2026-10-06T00:16:02Z INFO [493/750] 48fd64fb-03b5-4a51-98e4-a174445a2f1e: Sackin index -0.1761; 3.9 s; peak memory 675 MiB.
2026-10-06T00:16:03Z INFO [494/750] 48fd6ed3-fff0-4eb1-9664-cfa8366bf35d: Sackin index -0.1303; 0.5 s; peak memory 675 MiB.
2026-10-06T00:16:08Z INFO [495/750] 48fdbcf9-9aea-4c97-8000-d082dd9c2ded: Sackin index -0.0163; 4.9 s; peak memory 675 MiB.
2026-10-06T00:16:09Z INFO [496/750] 48fde149-eec9-4620-9074-23594b4fd843: Sackin index -0.1408; 0.8 s; peak memory 675 MiB.
2026-10-06T00:18:02Z INFO [497/750] 48fe4ae2-5b35-42c1-b6ae-4826c790b710: Sackin index -0.0434; 113.1 s; peak memory 675 MiB.
2026-10-06T00:18:24Z INFO [498/750] 48feaa4b-eb51-4d07-9916-0aa24d74acff: Sackin index -0.0935; 22.1 s; peak memory 675 MiB.
2026-10-06T00:18:25Z INFO [499/750] 48ff1cac-4412-4c62-a8c9-444e3b456c51: Sackin index -0.0702; 1.0 s; peak memory 675 MiB.
2026-10-06T00:18:26Z INFO [500/750] 48ff4bc4-ef6a-46d2-9e4c-b64a8952c9c8: Sackin index -0.0728; 1.1 s; peak memory 675 MiB.
2026-10-06T00:18:26Z INFO [500/750] 48ff4bc4-ef6a-46d2-9e4c-b64a8952c9c8: checkpointed 82086 records.
2026-10-06T00:18:27Z INFO [501/750] 4900a11a-9bf1-4225-8624-c404074008bd: Sackin index -0.1349; 0.8 s; peak memory 675 MiB.
2026-10-06T00:18:29Z INFO [502/750] 4900d7aa-86ef-433e-bde3-933160eaabc5: Sackin index -0.0688; 2.0 s; peak memory 675 MiB.
2026-10-06T00:18:30Z INFO [503/750] 4901596e-b5ac-4dbb-a417-1a35d5d63c07: Sackin index -0.0728; 1.3 s; peak memory 675 MiB.
2026-10-06T00:18:36Z INFO [504/750] 4901a17e-82ea-47a9-a4e0-725347c13c70: Sackin index -0.0413; 5.6 s; peak memory 675 MiB.
2026-10-06T00:18:36Z INFO [505/750] 49020637-9e6f-4aa8-8c91-9a79428f437b: Sackin index -0.1658; 0.7 s; peak memory 675 MiB.
2026-10-06T00:18:37Z INFO [506/750] 4903147c-a5cf-48a7-b8c3-e46cb7e39ae4: Sackin index -0.1291; 0.9 s; peak memory 675 MiB.
2026-10-06T00:18:38Z INFO [507/750] 49034de3-418a-4e4a-a887-0f9f29f2917c: Sackin index -0.1349; 0.8 s; peak memory 675 MiB.
2026-10-06T00:18:42Z INFO [508/750] 4903552c-5a42-46e8-83d1-7e70b1bcf4c4: Sackin index -0.0390; 3.7 s; peak memory 675 MiB.
2026-10-06T00:18:43Z INFO [509/750] 49044ee0-ed6b-43a1-b2a6-7688bf58ff8e: Sackin index -0.1349; 0.8 s; peak memory 675 MiB.
2026-10-06T00:18:43Z INFO [510/750] 49055ce1-7d21-426c-9c48-de34a9b02ef0: Sackin index -0.3646; 0.6 s; peak memory 675 MiB.
2026-10-06T00:18:44Z INFO [511/750] 4905be07-0650-4227-be7c-8cda69e03391: Sackin index -0.1349; 0.8 s; peak memory 675 MiB.
2026-10-06T00:18:45Z INFO [512/750] 4905c1aa-5b9d-4f7f-8528-aa2ef195cd2e: Sackin index -0.0702; 0.8 s; peak memory 675 MiB.
2026-10-06T00:18:46Z INFO [513/750] 4905e0bb-54f3-4e01-8df1-5e3aa4baa455: Sackin index -0.1254; 0.6 s; peak memory 675 MiB.
2026-10-06T00:18:46Z INFO [514/750] 49061664-27cf-49fc-8950-548bfc0c085f: Sackin index -0.1658; 0.5 s; peak memory 675 MiB.
2026-10-06T00:18:47Z INFO [515/750] 49064af5-dde5-43b9-84ee-6044c83bc7ac: Sackin index -0.1349; 0.9 s; peak memory 675 MiB.
2026-10-06T00:18:49Z INFO [516/750] 49067f30-4493-4d09-bac6-c38074c3883e: Sackin index -0.0665; 2.3 s; peak memory 675 MiB.
2026-10-06T00:18:51Z INFO [517/750] 4906e510-7c8d-4814-acf4-870dc517d935: Sackin index -0.1224; 1.6 s; peak memory 675 MiB.
2026-10-06T00:18:52Z INFO [518/750] 49073be5-2542-48bb-9c03-0ae8e4a3ab5d: Sackin index -0.0728; 1.1 s; peak memory 675 MiB.
2026-10-06T00:18:53Z INFO [519/750] 4907d80c-c9e0-46ac-b0b9-1cf223ad358d: Sackin index -0.1239; 0.7 s; peak memory 675 MiB.
2026-10-06T00:18:54Z INFO [520/750] 490829b4-92bb-45bd-8799-94b74e307b4c: Sackin index -0.0676; 1.7 s; peak memory 675 MiB.
2026-10-06T00:19:00Z INFO [521/750] 4908abef-5a3c-464a-b061-92906666147c: Sackin index -0.0187; 5.8 s; peak memory 675 MiB.
2026-10-06T00:19:01Z INFO [522/750] 4908aee1-918e-438d-a6d5-cd9bf924e236: Sackin index -0.0275; 1.4 s; peak memory 675 MiB.
2026-10-06T00:19:05Z INFO [523/750] 4908fa09-d1ac-4a7c-88bb-f08316b469bd: Sackin index -0.0403; 3.4 s; peak memory 675 MiB.
2026-10-06T00:19:06Z INFO [524/750] 490a22ba-8f36-4cf1-a576-afdb84d09faf: Sackin index -0.0702; 0.9 s; peak memory 675 MiB.
2026-10-06T00:19:07Z INFO [525/750] 490a77fa-37c7-4080-85ca-06441a93071f: Sackin index -0.0728; 1.0 s; peak memory 675 MiB.
2026-10-06T00:19:08Z INFO [526/750] 490c5b8f-70a6-4b31-87a2-7828e029db0c: Sackin index -0.1293; 1.3 s; peak memory 675 MiB.
2026-10-06T00:19:09Z INFO [527/750] 490d78e3-db2d-40f9-9603-c5951e676f68: Sackin index -0.0696; 0.9 s; peak memory 675 MiB.
2026-10-06T00:19:10Z INFO [528/750] 490e3533-2b6c-4d65-b4a6-aa880c6afeea: Sackin index -0.2000; 0.6 s; peak memory 675 MiB.
2026-10-06T00:19:11Z INFO [529/750] 490e8788-859c-4eac-a204-5f12de34aa8f: Sackin index -0.1263; 1.2 s; peak memory 675 MiB.
2026-10-06T00:19:13Z INFO [530/750] 49102a84-b1a0-40cd-9079-3e98e75dea67: Sackin index -0.0704; 1.9 s; peak memory 675 MiB.
2026-10-06T00:19:13Z INFO [531/750] 49105eda-a5b5-41c5-abe5-ed4094737228: Sackin index -0.1239; 0.6 s; peak memory 675 MiB.
2026-10-06T00:19:17Z INFO [532/750] 49115005-400b-4a51-a46e-c5dc8c8e7c80: Sackin index -0.0247; 3.4 s; peak memory 675 MiB.
2026-10-06T00:19:24Z INFO [533/750] 49115ec5-4792-46e6-989f-51a3dd8c3f00: Sackin index -0.1462; 7.1 s; peak memory 675 MiB.
2026-10-06T00:19:24Z INFO [534/750] 4913361d-f1ad-41a4-9211-8b855a5e8095: Sackin index -0.1484; 0.7 s; peak memory 675 MiB.
2026-10-06T00:19:33Z INFO [535/750] 49133b28-4c3b-4537-a36c-486e2e32e680: Sackin index -0.0766; 8.4 s; peak memory 675 MiB.
2026-10-06T00:19:34Z INFO [536/750] 49135a5b-1f0b-4d52-9db5-29c24c4ab42c: Sackin index -0.1349; 0.8 s; peak memory 675 MiB.
2026-10-06T00:19:35Z INFO [537/750] 49146429-648b-4658-bd1e-59ccbe02d203: Sackin index -0.0376; 0.9 s; peak memory 675 MiB.
2026-10-06T00:20:35Z INFO [538/750] 491479ca-96d8-4fad-88e4-a02bb25281f2: Sackin index -0.0733; 60.3 s; peak memory 675 MiB.
2026-10-06T00:20:36Z INFO [539/750] 4914c0e4-d936-4764-999d-fef59943256d: Sackin index -0.0728; 1.2 s; peak memory 675 MiB.
2026-10-06T00:20:47Z INFO [540/750] 4914c166-191e-4352-bc2d-2a92b7d690ef: Sackin index -0.1388; 10.9 s; peak memory 675 MiB.
2026-10-06T00:20:48Z INFO [541/750] 49154b75-51b7-4a16-b84a-658761fd3b6c: Sackin index -0.0720; 0.6 s; peak memory 675 MiB.
2026-10-06T00:20:48Z INFO [542/750] 49167ddf-fd33-456a-9fde-26feccd44355: Sackin index -0.1521; 0.7 s; peak memory 675 MiB.
2026-10-06T00:20:49Z INFO [543/750] 4916d125-f4af-49fc-b8df-a76344275d77: Sackin index -0.0709; 1.0 s; peak memory 675 MiB.
2026-10-06T00:20:50Z INFO [544/750] 4916e98f-3edf-4af7-94d7-07252bb42a70: Sackin index -0.1345; 0.7 s; peak memory 675 MiB.
2026-10-06T00:20:51Z INFO [545/750] 49173b8c-360e-4ed2-9118-7b60ad91e731: Sackin index -0.1349; 1.0 s; peak memory 675 MiB.
2026-10-06T00:20:52Z INFO [546/750] 4917eb03-49e4-4ea6-a252-c85ed006d1fd: Sackin index -0.1349; 0.8 s; peak memory 675 MiB.
2026-10-06T00:20:54Z INFO [547/750] 491843d0-73c6-413e-bd53-dde2d158d0a8: Sackin index -0.0407; 1.8 s; peak memory 675 MiB.
2026-10-06T00:20:55Z INFO [548/750] 491864b0-3ac9-403b-8d2f-76bb195a5740: Sackin index -0.1349; 1.0 s; peak memory 675 MiB.
2026-10-06T00:20:55Z INFO [549/750] 49187fab-ed3c-4c30-a268-9e74edd9f62b: Sackin index -0.0656; 0.8 s; peak memory 675 MiB.
2026-10-06T00:20:57Z INFO [550/750] 49191b56-e552-43ed-993f-9a4d70f55ec1: Sackin index -0.1224; 1.6 s; peak memory 675 MiB.
2026-10-06T00:20:57Z INFO [550/750] 49191b56-e552-43ed-993f-9a4d70f55ec1: checkpointed 82136 records.
2026-10-06T00:20:58Z INFO [551/750] 4919a016-bb92-4601-828b-77b23f4ff0e6: Sackin index -0.0944; 1.0 s; peak memory 675 MiB.
2026-10-06T00:20:59Z INFO [552/750] 491b408d-41d6-462c-aac7-7535defd335f: Sackin index -0.0375; 0.9 s; peak memory 675 MiB.
2026-10-06T00:21:00Z INFO [553/750] 491b60c6-ab44-41b7-8a18-c6ff1959e4dd: Sackin index -0.0696; 0.8 s; peak memory 675 MiB.
2026-10-06T00:21:01Z INFO [554/750] 491ce7f0-450b-4c7f-b5fe-605d10d8861c: Sackin index -0.1349; 0.9 s; peak memory 675 MiB.
2026-10-06T00:21:02Z INFO [555/750] 491dd6c5-908d-45dc-b396-12183d4926ae: Sackin index -0.0369; 1.2 s; peak memory 675 MiB.
2026-10-06T00:25:16Z INFO [556/750] 491e4583-367c-4069-84ea-03371a0f4a9c: Sackin index -0.1201; 253.5 s; peak memory 675 MiB.
2026-10-06T00:25:17Z INFO [557/750] 491f055b-be41-4369-b619-300c518ad3e2: Sackin index -0.1349; 1.1 s; peak memory 675 MiB.
2026-10-06T00:25:18Z INFO [558/750] 49210a6b-5f5c-4f03-803e-d895fec54800: Sackin index -0.0380; 0.9 s; peak memory 675 MiB.
2026-10-06T00:25:19Z INFO [559/750] 49214376-8e60-4fad-b60e-1925526b378e: Sackin index -0.0728; 1.1 s; peak memory 675 MiB.
2026-10-06T00:25:20Z INFO [560/750] 49214d20-15bb-4350-8d5b-066647ee6e91: Sackin index -0.0272; 1.6 s; peak memory 675 MiB.
2026-10-06T00:25:24Z INFO [561/750] 49229fc5-96cb-42cc-a6df-224629105905: Sackin index -0.0819; 3.7 s; peak memory 675 MiB.
2026-10-06T00:25:25Z INFO [562/750] 49244483-c7ba-40cd-8c98-8c04500785c9: Sackin index -0.1349; 1.0 s; peak memory 675 MiB.
2026-10-06T00:25:26Z INFO [563/750] 49257421-29df-4391-b9de-14e394896be9: Sackin index -0.1349; 0.9 s; peak memory 675 MiB.
2026-10-06T00:25:26Z INFO [564/750] 4925a91c-43ac-4734-8d3a-e1f68ed4cb79: Sackin index -0.1239; 0.6 s; peak memory 675 MiB.
2026-10-06T00:25:27Z INFO [565/750] 49260f1d-dd8e-4c76-8059-29b9c131e980: Sackin index -0.1349; 0.8 s; peak memory 675 MiB.
2026-10-06T00:25:28Z INFO [566/750] 49286512-9182-4068-b3b3-e461e8e8f50b: Sackin index -0.1349; 1.0 s; peak memory 675 MiB.
2026-10-06T00:25:30Z INFO [567/750] 49287818-fd13-4241-a4c2-045b066c6c1e: Sackin index -0.0869; 2.0 s; peak memory 675 MiB.
2026-10-06T00:25:31Z INFO [568/750] 4928a465-13a3-42d8-83e0-366050359772: Sackin index -0.0728; 1.1 s; peak memory 675 MiB.
2026-10-06T00:25:32Z INFO [569/750] 4928ab31-bd08-453a-9914-b90469e7c652: Sackin index -0.1349; 0.8 s; peak memory 675 MiB.
2026-10-06T00:26:01Z INFO [570/750] 492937bc-a0b9-4c58-9513-dadb17702b3e: Sackin index -0.0019; 28.7 s; peak memory 675 MiB.
2026-10-06T00:26:02Z INFO [571/750] 492a7efc-feec-40ff-9591-2ee39d7a013b: Sackin index -0.1349; 0.8 s; peak memory 675 MiB.
2026-10-06T00:26:10Z INFO [572/750] 492b0998-b102-4000-9b52-e856ca4ac634: Sackin index -0.0031; 8.8 s; peak memory 675 MiB.
2026-10-06T00:26:11Z INFO [573/750] 492b2b7f-e991-41bb-8b46-e431c6708b1b: Sackin index -0.1349; 0.8 s; peak memory 675 MiB.
2026-10-06T00:26:15Z INFO [574/750] 492b60fe-db31-42f9-9414-0ebe6d7c08eb: Sackin index -0.0214; 3.6 s; peak memory 675 MiB.
2026-10-06T00:26:15Z INFO [575/750] 492c4e6c-fc4a-4ccb-9bda-17369dd6b7c5: Sackin index -0.1349; 0.8 s; peak memory 675 MiB.
2026-10-06T00:26:21Z INFO [576/750] 492c529c-88a7-4118-9e9d-75895d75aff0: Sackin index -0.0341; 5.5 s; peak memory 675 MiB.
2026-10-06T00:26:22Z INFO [577/750] 492c7fa1-d176-43bf-b4d9-cf6cfe010ad9: Sackin index -0.1201; 0.9 s; peak memory 675 MiB.
2026-10-06T00:26:49Z INFO [578/750] 492cba18-afd7-40d9-b755-4f128143a1db: Sackin index -0.0018; 27.0 s; peak memory 675 MiB.
2026-10-06T00:26:50Z INFO [579/750] 492d13f8-2866-4365-b2c7-e66cd9548df2: Sackin index -0.0702; 1.3 s; peak memory 675 MiB.
2026-10-06T00:26:51Z INFO [580/750] 492d7a07-7255-4b10-8c6f-7f92ec41134a: Sackin index -0.0702; 0.8 s; peak memory 675 MiB.
2026-10-06T00:26:52Z INFO [581/750] 49300c0d-8f67-4f47-86f9-2db75b26869b: Sackin index -0.1349; 0.7 s; peak memory 675 MiB.
2026-10-06T00:26:53Z INFO [582/750] 49302305-eb94-4fa2-a071-6a897357126b: Sackin index -0.1349; 0.8 s; peak memory 675 MiB.
2026-10-06T00:26:53Z INFO [583/750] 49309178-b117-41ef-b641-97e2539e0db1: Sackin index -0.1023; 0.9 s; peak memory 675 MiB.
2026-10-06T00:27:01Z INFO [584/750] 4930f403-c6fa-4710-af3f-21eba3dc5bfa: Sackin index -0.0124; 8.0 s; peak memory 675 MiB.
2026-10-06T00:27:02Z INFO [585/750] 49313b61-7e6e-48d3-82bf-110509acd3cb: Sackin index -0.1349; 0.8 s; peak memory 675 MiB.
2026-10-06T00:27:03Z INFO [586/750] 4931b9b4-48fd-4f83-9cc5-11f0261c07ab: Sackin index -0.1349; 0.7 s; peak memory 675 MiB.
2026-10-06T00:27:04Z INFO [587/750] 4932ba0b-85bb-4465-9aa4-b5d70f4af562: Sackin index -0.0722; 0.7 s; peak memory 675 MiB.
2026-10-06T00:27:05Z INFO [588/750] 49331679-c6d4-444a-9e60-84d03c30c74b: Sackin index -0.1349; 0.8 s; peak memory 675 MiB.
2026-10-06T00:27:05Z INFO [589/750] 4933aad7-0b7b-4b10-a2af-fc3046b92ea9: Sackin index -0.0696; 0.7 s; peak memory 675 MiB.
2026-10-06T00:27:06Z INFO [590/750] 4934b650-eb3a-44fb-898d-9f3f4732f58c: Sackin index -0.1000; 1.2 s; peak memory 675 MiB.
2026-10-06T00:27:53Z INFO [591/750] 493566ec-76fb-4beb-ae6b-0559170ab441: Sackin index -0.0135; 46.8 s; peak memory 675 MiB.
2026-10-06T00:27:54Z INFO [592/750] 4935b928-c953-434f-9f06-75b3c9a15348: Sackin index -0.1658; 0.7 s; peak memory 675 MiB.
2026-10-06T00:27:55Z INFO [593/750] 4935c96b-a9e6-485b-8b86-d118d2fcc7fa: Sackin index -0.0702; 0.9 s; peak memory 675 MiB.
2026-10-06T00:27:59Z INFO [594/750] 49365e14-9cb2-4c99-b8eb-a5b9ac5b4d48: Sackin index -0.0474; 3.9 s; peak memory 675 MiB.
2026-10-06T00:28:05Z INFO [595/750] 49377ac4-f43a-40d9-9e16-f7833019b4dd: Sackin index -0.0312; 5.6 s; peak memory 675 MiB.
2026-10-06T00:28:19Z INFO [596/750] 4939469c-7fa6-440f-88da-135f6afe12d2: Sackin index -0.0175; 14.3 s; peak memory 675 MiB.
2026-10-06T00:28:20Z INFO [597/750] 493a1fa2-aebe-42be-a655-a65d475a40fb: Sackin index -0.0513; 1.0 s; peak memory 675 MiB.
2026-10-06T00:28:25Z INFO [598/750] 493a3aca-bf97-498a-aef5-742460ce3207: Sackin index -0.0165; 4.7 s; peak memory 675 MiB.
2026-10-06T00:28:27Z INFO [599/750] 493a8f6d-889c-4620-9fbe-43bd89599d95: Sackin index -0.0660; 2.1 s; peak memory 675 MiB.
2026-10-06T00:28:33Z INFO [600/750] 493b7b29-1d28-4696-97a1-f92dadf416f3: Sackin index -0.0017; 6.2 s; peak memory 675 MiB.
2026-10-06T00:28:33Z INFO [600/750] 493b7b29-1d28-4696-97a1-f92dadf416f3: checkpointed 82186 records.
2026-10-06T00:28:35Z INFO [601/750] 493baedb-a1a6-4894-a9d3-2ffd911d4c0e: Sackin index -0.0824; 1.5 s; peak memory 675 MiB.
2026-10-06T00:28:42Z INFO [602/750] 493bb4d3-2e6f-4e0e-8f00-dfbe5598a9d2: Sackin index -0.0141; 7.2 s; peak memory 675 MiB.
2026-10-06T00:28:43Z INFO [603/750] 493cab46-86a9-44c3-8d1c-6981335824d1: Sackin index -0.0457; 1.1 s; peak memory 675 MiB.
2026-10-06T00:28:44Z INFO [604/750] 493dac91-1d40-40e4-97af-fc2c252b43bd: Sackin index -0.1349; 0.7 s; peak memory 675 MiB.
2026-10-06T00:28:52Z INFO [605/750] 493db69c-fee7-4af0-bdcd-784d1ff0f0a0: Sackin index -0.0132; 8.7 s; peak memory 675 MiB.
2026-10-06T00:28:53Z INFO [606/750] 493ea3d3-6e20-43c1-8367-e2bb62a25c1f: Sackin index -0.0702; 0.9 s; peak memory 675 MiB.
2026-10-06T00:28:54Z INFO [607/750] 4940011a-6017-4ed5-a701-ee6f3626d003: Sackin index -0.1191; 0.7 s; peak memory 675 MiB.
2026-10-06T00:28:59Z INFO [608/750] 49404e3c-0b4f-4074-a653-12b9992102ba: Sackin index -0.0234; 4.9 s; peak memory 675 MiB.
2026-10-06T00:28:59Z INFO [609/750] 49406a87-1c60-480c-bf38-446619836231: Sackin index -0.1178; 0.6 s; peak memory 675 MiB.
2026-10-06T00:29:01Z INFO [610/750] 4940ce92-f722-457c-938a-e383bebcc69e: Sackin index -0.2173; 1.8 s; peak memory 675 MiB.
2026-10-06T00:29:02Z INFO [611/750] 49424ee5-416d-499c-8076-e83cfc9e3c3e: Sackin index -0.0745; 1.0 s; peak memory 675 MiB.
2026-10-06T00:29:03Z INFO [612/750] 4942888f-0351-4cec-bedd-6e384f008975: Sackin index -0.0883; 0.9 s; peak memory 675 MiB.
2026-10-06T00:29:04Z INFO [613/750] 4943b9f3-2d3e-4728-8593-a5adad591dae: Sackin index -0.0696; 0.8 s; peak memory 675 MiB.
2026-10-06T00:29:05Z INFO [614/750] 4944698f-af63-4718-8700-c163f54a6a17: Sackin index -0.0369; 1.0 s; peak memory 675 MiB.
2026-10-06T00:29:06Z INFO [615/750] 49450b4c-a931-40a2-8bc3-1616eac154b9: Sackin index -0.0384; 0.9 s; peak memory 675 MiB.
2026-10-06T00:29:06Z INFO [616/750] 49457868-6121-4b96-b08e-6c52e55eb2d0: Sackin index -0.1331; 0.7 s; peak memory 675 MiB.
2026-10-06T00:29:07Z INFO [617/750] 49477462-60b0-41a2-8563-dd6a2f6b3f66: Sackin index -0.1349; 0.6 s; peak memory 675 MiB.
2026-10-06T00:29:08Z INFO [618/750] 4947dac3-42a6-4634-b30c-5d39fac2ba2d: Sackin index -0.1349; 0.6 s; peak memory 675 MiB.
2026-10-06T00:29:08Z INFO [619/750] 49480d4a-b506-4575-baac-d35d7fe4b09d: Sackin index -0.0702; 0.8 s; peak memory 675 MiB.
2026-10-06T00:29:14Z INFO [620/750] 494836a6-9660-43ec-80bc-dbc899457444: Sackin index -0.0162; 5.2 s; peak memory 675 MiB.
2026-10-06T00:29:14Z INFO [621/750] 49485ac2-2925-4810-8261-157f05e26d32: Sackin index -0.1349; 0.8 s; peak memory 675 MiB.
2026-10-06T00:29:17Z INFO [622/750] 49492f0c-be73-4d08-bc99-0a03d60c6b86: Sackin index -0.0694; 2.3 s; peak memory 675 MiB.
2026-10-06T00:29:17Z INFO [623/750] 49498aec-f009-4600-9f16-384a7aab1c7b: Sackin index -0.0702; 0.9 s; peak memory 675 MiB.
2026-10-06T01:02:46Z INFO [624/750] 4949907d-bbc9-494b-89fb-0f28b0ca4669: Sackin index -0.0487; 2008.5 s; peak memory 1236 MiB.
2026-10-06T01:02:47Z INFO [625/750] 4949bec7-8b9c-43d6-bbc3-a5f9581b6e9e: Sackin index -0.0728; 1.2 s; peak memory 1236 MiB.
2026-10-06T01:02:49Z INFO [626/750] 4949c6d6-1d48-4108-87e3-13b250f2a88e: Sackin index -0.1160; 1.4 s; peak memory 1236 MiB.
2026-10-06T01:02:49Z INFO [627/750] 494a80cd-3c26-4e84-a5ab-e5a89d4843d9: Sackin index -0.1201; 0.8 s; peak memory 1236 MiB.
2026-10-06T01:02:54Z INFO [628/750] 494a95d4-ccdf-4ac0-8deb-c3db5d8a39b3: Sackin index -0.0476; 4.8 s; peak memory 1236 MiB.
2026-10-06T01:02:57Z INFO [629/750] 494b2bab-b431-42e4-8e08-e1bb38033398: Sackin index -0.0253; 3.0 s; peak memory 1236 MiB.
2026-10-06T01:02:58Z INFO [630/750] 494bb140-6794-49d8-a01a-ff611d83b42e: Sackin index -0.0702; 0.7 s; peak memory 1236 MiB.
2026-10-06T01:02:59Z INFO [631/750] 494c9aae-bdd1-43d8-9495-3f5b7c9cefda: Sackin index -0.0702; 1.0 s; peak memory 1236 MiB.
2026-10-06T01:03:07Z INFO [632/750] 494dbd26-48c0-4fe8-b1be-7b306d3aeb68: Sackin index -0.0145; 8.6 s; peak memory 1236 MiB.
2026-10-06T01:03:08Z INFO [633/750] 494f43b6-1b40-4070-a489-b9a19be70d79: Sackin index -0.0696; 0.8 s; peak memory 1236 MiB.
2026-10-06T01:03:09Z INFO [634/750] 494f7cf7-714d-4ccd-896c-48c6a8fdd249: Sackin index -0.1349; 0.6 s; peak memory 1236 MiB.
2026-10-06T01:03:10Z INFO [635/750] 494f919c-bd6d-4615-97ed-3da91df70d86: Sackin index -0.1349; 0.8 s; peak memory 1236 MiB.
2026-10-06T01:03:10Z INFO [636/750] 4951463f-e426-444f-b1dd-1680eab12839: Sackin index -0.0702; 0.8 s; peak memory 1236 MiB.
2026-10-06T01:03:12Z INFO [637/750] 4951cb60-6bff-483e-900d-d6f9bc44bb20: Sackin index -0.0728; 1.3 s; peak memory 1236 MiB.
2026-10-06T01:03:14Z INFO [638/750] 495268c7-33ef-4169-862d-9fb8df78bb68: Sackin index -0.0693; 1.9 s; peak memory 1236 MiB.
2026-10-06T01:03:14Z INFO [639/750] 49530e38-51c6-4ee3-892f-d92b2bae5180: Sackin index -0.1658; 0.5 s; peak memory 1236 MiB.
2026-10-06T01:03:23Z INFO [640/750] 4953cf38-9791-46ae-b622-08590cd7aa6b: Sackin index -0.0123; 9.0 s; peak memory 1236 MiB.
2026-10-06T01:03:27Z INFO [641/750] 4953fdee-6bb9-4050-821e-1ee043943ef7: Sackin index -0.0233; 3.8 s; peak memory 1236 MiB.
2026-10-06T01:03:28Z INFO [642/750] 49557943-a3d7-4bf6-b04c-48a465bb85b7: Sackin index -0.1349; 0.7 s; peak memory 1236 MiB.
2026-10-06T01:03:34Z INFO [643/750] 49563a29-0f40-4ca6-8195-1bbe6310fba0: Sackin index -0.0022; 6.3 s; peak memory 1236 MiB.
2026-10-06T01:03:35Z INFO [644/750] 49572d66-fe34-49da-b9f2-7db0d9fed27e: Sackin index -0.0696; 0.9 s; peak memory 1236 MiB.
2026-10-06T01:03:37Z INFO [645/750] 4957b936-1777-4a5b-a44c-591c200b3b2c: Sackin index -0.0660; 2.2 s; peak memory 1236 MiB.
2026-10-06T01:03:38Z INFO [646/750] 4957ec3a-45b2-4ab5-8602-e991c6f940d0: Sackin index -0.1349; 1.0 s; peak memory 1236 MiB.
2026-10-06T01:03:39Z INFO [647/750] 4957ed4c-7ae2-4cde-8044-684c866ddcaa: Sackin index -0.1273; 1.1 s; peak memory 1236 MiB.
2026-10-06T01:03:40Z INFO [648/750] 4957faa4-e47c-4c27-8137-2880396c3091: Sackin index -0.0702; 0.8 s; peak memory 1236 MiB.
2026-10-06T01:03:41Z INFO [649/750] 4959e740-ce28-4de4-91c2-8c12cc3a9c0d: Sackin index -0.1349; 0.7 s; peak memory 1236 MiB.
2026-10-06T01:03:43Z INFO [650/750] 495ab4b2-3d50-4a71-917b-da75d37c1f3f: Sackin index -0.0695; 2.0 s; peak memory 1236 MiB.
2026-10-06T01:03:43Z INFO [650/750] 495ab4b2-3d50-4a71-917b-da75d37c1f3f: checkpointed 82236 records.
2026-10-06T01:03:44Z INFO [651/750] 495df6e1-ebc6-4638-aaa7-5d9468028c8f: Sackin index -0.0376; 1.0 s; peak memory 1236 MiB.
2026-10-06T01:03:45Z INFO [652/750] 495e1336-8456-4298-ae54-b331934a26b6: Sackin index -0.1408; 0.8 s; peak memory 1236 MiB.
2026-10-06T01:03:46Z INFO [653/750] 495e317f-5275-4f7a-97b0-ccaaf67a9ca1: Sackin index -0.1938; 1.5 s; peak memory 1236 MiB.
2026-10-06T01:03:47Z INFO [654/750] 495e4326-0f73-4d9b-a7d2-8cacd5bd524b: Sackin index -0.0696; 0.9 s; peak memory 1236 MiB.
2026-10-06T01:03:48Z INFO [655/750] 495e591f-19a5-4cf6-aeca-8d6439dde3e1: Sackin index -0.1349; 0.9 s; peak memory 1236 MiB.
2026-10-06T01:03:49Z INFO [656/750] 495f222d-4330-44f8-879c-06e0b389d1cd: Sackin index -0.0702; 0.9 s; peak memory 1236 MiB.
2026-10-06T01:03:50Z INFO [657/750] 495f2d4c-86ab-433b-b8e6-17e5dd42bc7a: Sackin index -0.0696; 1.0 s; peak memory 1236 MiB.
2026-10-06T01:03:54Z INFO [658/750] 49609a03-df45-4261-b6e0-65abf426bdf7: Sackin index -0.0466; 4.6 s; peak memory 1236 MiB.
2026-10-06T01:03:55Z INFO [659/750] 4960a2a0-5793-4895-bb01-93b648f8a351: Sackin index -0.0735; 1.0 s; peak memory 1236 MiB.
2026-10-06T01:03:57Z INFO [660/750] 4960ce38-a85e-496a-81ef-d81555da0179: Sackin index -0.1356; 1.3 s; peak memory 1236 MiB.
2026-10-06T01:03:59Z INFO [661/750] 49619179-78d3-4ba9-8d31-c3eddd44ea15: Sackin index -0.0818; 1.9 s; peak memory 1236 MiB.
2026-10-06T01:03:59Z INFO [662/750] 4963dbac-eaa7-4cb2-8755-6d9d014cd546: Sackin index -0.0728; 0.9 s; peak memory 1236 MiB.
2026-10-06T01:04:04Z INFO [663/750] 49647153-5b14-4c21-9243-01dfa9e80d11: Sackin index -0.0940; 4.9 s; peak memory 1236 MiB.
2026-10-06T01:04:05Z INFO [664/750] 49653ca9-6eba-414e-865b-bc661328498e: Sackin index -0.2229; 0.6 s; peak memory 1236 MiB.
2026-10-06T01:04:14Z INFO [665/750] 4965a1ba-4dba-410e-87fb-b03852a7cf20: Sackin index -0.0085; 9.3 s; peak memory 1236 MiB.
2026-10-06T01:04:15Z INFO [666/750] 4965bf57-b31a-4a26-8119-709a0b458fc7: Sackin index -0.1349; 0.7 s; peak memory 1236 MiB.
2026-10-06T01:04:16Z INFO [667/750] 4965db68-8042-4e69-b4d2-7fdfc0f87275: Sackin index -0.1239; 0.8 s; peak memory 1236 MiB.
2026-10-06T01:04:17Z INFO [668/750] 4965f497-2272-42a5-8e32-8df660e577a3: Sackin index -0.0369; 1.6 s; peak memory 1236 MiB.
2026-10-06T01:04:19Z INFO [669/750] 4966720e-2062-4dda-af44-54c9217abffc: Sackin index -0.0681; 1.6 s; peak memory 1236 MiB.
2026-10-06T01:04:27Z INFO [670/750] 49667903-188f-4d07-bc88-a80a0dcf939f: Sackin index -0.0133; 8.1 s; peak memory 1236 MiB.
2026-10-06T01:04:28Z INFO [671/750] 4966ce83-1a05-4cb7-a5f1-d64e8ba5ac35: Sackin index -0.1349; 0.7 s; peak memory 1236 MiB.
2026-10-06T01:04:29Z INFO [672/750] 4966d1cd-366b-493d-b933-2c2526ceb517: Sackin index -0.0702; 0.9 s; peak memory 1236 MiB.
2026-10-06T01:04:30Z INFO [673/750] 496768fa-53e1-4d71-b525-f8c0020afb22: Sackin index -0.0728; 1.1 s; peak memory 1236 MiB.
2026-10-06T01:04:34Z INFO [674/750] 4967ad51-e4bb-4023-8b3f-df8f3c5e51d2: Sackin index -0.0251; 3.9 s; peak memory 1236 MiB.
2026-10-06T01:04:34Z INFO [675/750] 49683470-e42a-4a57-82f8-41a5dbc9b13c: Sackin index -0.1349; 0.6 s; peak memory 1236 MiB.
2026-10-06T01:04:35Z INFO [676/750] 4968861e-549b-4a6e-aedb-360453d41cd0: Sackin index -0.1349; 0.7 s; peak memory 1236 MiB.
2026-10-06T01:04:36Z INFO [677/750] 4969e639-7934-4965-a131-6427438e94d2: Sackin index -0.0381; 0.9 s; peak memory 1236 MiB.
2026-10-06T01:04:37Z INFO [678/750] 496aa412-773c-4391-8c93-a1bf7be157b1: Sackin index -0.0702; 0.8 s; peak memory 1236 MiB.
2026-10-06T01:06:29Z INFO [679/750] 496acd2d-4a53-4c58-9b8c-b1a6ffa41908: Sackin index -0.0410; 111.9 s; peak memory 1236 MiB.
2026-10-06T01:06:29Z INFO [680/750] 496cd6cc-2e12-4388-bf58-30e18022c6eb: Sackin index -0.1658; 0.6 s; peak memory 1236 MiB.
2026-10-06T01:06:30Z INFO [681/750] 496d631d-4e79-4fc1-8acb-ffad91eb0cc8: Sackin index -0.1349; 0.8 s; peak memory 1236 MiB.
2026-10-06T01:06:31Z INFO [682/750] 496dd069-d657-4ca3-b17e-b3617d2e3102: Sackin index -0.0728; 1.1 s; peak memory 1236 MiB.
2026-10-06T01:06:35Z INFO [683/750] 496de790-fe05-47c6-9a87-028735c1157d: Sackin index -0.0383; 3.7 s; peak memory 1236 MiB.
2026-10-06T01:06:36Z INFO [684/750] 496e0526-919b-4dcd-801e-48075180bd86: Sackin index -0.0728; 1.2 s; peak memory 1236 MiB.
2026-10-06T01:06:42Z INFO [685/750] 496e2506-958c-407e-bafb-e338b09dca45: Sackin index -0.0177; 5.7 s; peak memory 1236 MiB.
2026-10-06T01:06:47Z INFO [686/750] 496ea5de-9c02-4f69-9ba1-1ea803172c0c: Sackin index -0.2073; 5.3 s; peak memory 1236 MiB.
2026-10-06T01:06:55Z INFO [687/750] 496efe0d-ad28-42b4-9660-64dfcf7de610: Sackin index -0.0179; 7.7 s; peak memory 1236 MiB.
2026-10-06T01:06:56Z INFO [688/750] 496f8fbf-583e-454e-9454-037d564ac5dc: Sackin index -0.0728; 1.2 s; peak memory 1236 MiB.
2026-10-06T01:06:57Z INFO [689/750] 49704b68-47da-4d4c-9af9-f935cc7b018e: Sackin index -0.1234; 1.0 s; peak memory 1236 MiB.
2026-10-06T01:06:58Z INFO [690/750] 49705177-b429-40dc-9c9d-95baac0e2b75: Sackin index -0.1521; 0.7 s; peak memory 1236 MiB.
2026-10-06T01:06:59Z INFO [691/750] 4970f7f6-0109-4402-bddc-e1212bc9facb: Sackin index -0.0702; 0.9 s; peak memory 1236 MiB.
2026-10-06T01:07:00Z INFO [692/750] 49722c4f-70b2-4cec-b44c-68bbcfe59294: Sackin index -0.0745; 1.0 s; peak memory 1236 MiB.
2026-10-06T01:07:00Z INFO [693/750] 4972c411-a5f7-4722-aabc-b9fb54832c54: Sackin index -0.1658; 0.5 s; peak memory 1236 MiB.
2026-10-06T01:07:02Z INFO [694/750] 4974d523-4ace-4a22-8d7e-b68280962881: Sackin index -0.0941; 1.5 s; peak memory 1236 MiB.
2026-10-06T01:07:03Z INFO [695/750] 49757438-325e-4225-a3a1-6c51c6ebb11e: Sackin index -0.0877; 1.7 s; peak memory 1236 MiB.
2026-10-06T01:07:04Z INFO [696/750] 49760915-9ae9-4674-b33f-904b154df23b: Sackin index -0.0696; 1.0 s; peak memory 1236 MiB.
2026-10-06T01:07:05Z INFO [697/750] 4976832c-c34f-47b5-a4b6-b0e5b74e343e: Sackin index -0.0702; 0.8 s; peak memory 1236 MiB.
2026-10-06T01:07:07Z INFO [698/750] 49769bc8-5f44-4ff3-8f29-7befd0b90293: Sackin index -0.0681; 1.9 s; peak memory 1236 MiB.
2026-10-06T01:07:08Z INFO [699/750] 4976b44e-003f-4f81-bc3c-9f7440b64048: Sackin index -0.0728; 0.9 s; peak memory 1236 MiB.
2026-10-06T01:07:08Z INFO [700/750] 4976f7a1-7d2b-4e43-bfba-07cb33148f0c: Sackin index -0.1938; 0.6 s; peak memory 1236 MiB.
2026-10-06T01:07:09Z INFO [700/750] 4976f7a1-7d2b-4e43-bfba-07cb33148f0c: checkpointed 82286 records.
2026-10-06T01:07:10Z INFO [701/750] 49772e39-f13a-40cd-9782-1784e6947a4c: Sackin index -0.0702; 0.9 s; peak memory 1236 MiB.
2026-10-06T01:09:21Z INFO [702/750] 497788b0-6fbd-42a9-9119-c314060b8c7c: Sackin index -0.0288; 131.9 s; peak memory 1236 MiB.
2026-10-06T01:09:23Z INFO [703/750] 4978c591-05a0-4280-aa1c-e752833fae79: Sackin index -0.1408; 1.6 s; peak memory 1236 MiB.
2026-10-06T01:11:32Z INFO [704/750] 4978c9d4-4bc9-4a56-99e7-fac658d7bc8d: Sackin index -0.1201; 129.4 s; peak memory 1236 MiB.
2026-10-06T01:11:35Z INFO [705/750] 4979b9e6-6f1b-4f8a-94bc-41dd7e6a8e18: Sackin index -0.0704; 2.1 s; peak memory 1236 MiB.
2026-10-06T01:11:35Z INFO [706/750] 4979fe3d-b92f-4bef-8d73-fd2517a721a3: Sackin index -0.1239; 0.8 s; peak memory 1236 MiB.
2026-10-06T01:11:43Z INFO [707/750] 497a11c4-b2cd-4e87-a173-fde39c3216f2: Sackin index -0.0194; 7.3 s; peak memory 1236 MiB.
2026-10-06T01:11:45Z INFO [708/750] 497a3c4d-6564-4568-8d78-5dc3a38d9546: Sackin index -0.1761; 2.6 s; peak memory 1236 MiB.
2026-10-06T01:11:46Z INFO [709/750] 497b6de6-6b5a-4179-9f51-0628f43831c0: Sackin index -0.1321; 0.7 s; peak memory 1236 MiB.
2026-10-06T01:11:47Z INFO [710/750] 497bcf12-cc3e-4bca-ae5f-e18089b94a06: Sackin index -0.1349; 0.7 s; peak memory 1236 MiB.
2026-10-06T01:12:11Z INFO [711/750] 497bf778-7918-4d29-83bd-5f8d5d334ddb: Sackin index -0.1367; 24.4 s; peak memory 1236 MiB.
2026-10-06T01:12:12Z INFO [712/750] 497c0f3e-53ff-4fd5-a157-d0acc5a4bead: Sackin index -0.0702; 1.1 s; peak memory 1236 MiB.
2026-10-06T01:14:28Z INFO [713/750] 497d00ec-c360-4e70-b1a4-d3bb0bca194d: Sackin index -0.0573; 135.9 s; peak memory 1236 MiB.
2026-10-06T01:14:41Z INFO [714/750] 497d8272-60c0-4bab-a935-e9f0581dedd7: Sackin index -0.0614; 13.4 s; peak memory 1236 MiB.
2026-10-06T01:56:39Z INFO [715/750] 497e68a0-01f7-4fce-8dec-b4bfd364db0b: Sackin index -0.0217; 2517.4 s; peak memory 1236 MiB.
2026-10-06T01:56:40Z INFO [716/750] 497f9e8e-d51b-4654-a309-0c45a9e426cd: Sackin index -0.1349; 1.0 s; peak memory 1236 MiB.
2026-10-06T01:56:42Z INFO [717/750] 49804ae8-f90a-4140-b1c7-51ba86bd565b: Sackin index -0.0658; 2.1 s; peak memory 1236 MiB.
2026-10-06T01:56:43Z INFO [718/750] 49804e6e-4dcf-4423-bb3f-64d70edf5414: Sackin index -0.1349; 0.9 s; peak memory 1236 MiB.
2026-10-06T01:56:43Z INFO [719/750] 49818a13-c736-47ac-8345-1483c2464b3b: Sackin index -0.3646; 0.6 s; peak memory 1236 MiB.
2026-10-06T01:56:44Z INFO [720/750] 49818b1a-bad7-440f-a83c-ba16fe6f5a26: Sackin index -0.1448; 0.6 s; peak memory 1236 MiB.
2026-10-06T02:31:20Z INFO [721/750] 49825cf6-8a2b-408d-8798-3c48205e0a81: Sackin index -0.0093; 2076.2 s; peak memory 1247 MiB.
2026-10-06T02:31:21Z INFO [722/750] 49839026-70dd-4e65-867d-5199b353902d: Sackin index -0.1349; 0.9 s; peak memory 1247 MiB.
2026-10-06T02:31:22Z INFO [723/750] 4983c02c-2f44-4478-8e36-0c348ef7a1d0: Sackin index -0.0702; 1.0 s; peak memory 1247 MiB.
2026-10-06T02:31:23Z INFO [724/750] 4983cae4-8a57-4eea-9e75-667bfb77aa14: Sackin index -0.1273; 1.3 s; peak memory 1247 MiB.
2026-10-06T02:31:28Z INFO [725/750] 4983cbc1-bff0-4ac5-a3a4-b35cc41e7ac9: Sackin index -0.0186; 4.7 s; peak memory 1247 MiB.
2026-10-06T02:31:29Z INFO [726/750] 4983e550-6600-413a-9be1-aebc0255c242: Sackin index -0.1291; 1.3 s; peak memory 1247 MiB.
2026-10-06T02:31:30Z INFO [727/750] 49851b62-b75e-48ac-a732-cba2991916d6: Sackin index -0.1349; 0.8 s; peak memory 1247 MiB.
2026-10-06T02:31:37Z INFO [728/750] 498555c3-5644-4c22-84b7-ee4e3e9f05f8: Sackin index -0.1362; 7.0 s; peak memory 1247 MiB.
2026-10-06T02:31:38Z INFO [729/750] 498580ec-532a-4b39-b834-452535d31680: Sackin index -0.1938; 0.6 s; peak memory 1247 MiB.
2026-10-06T02:31:47Z INFO [730/750] 49858a8d-ff5a-430a-880c-b0b5a5308d91: Sackin index -0.0160; 9.0 s; peak memory 1247 MiB.
2026-10-06T02:31:49Z INFO [731/750] 49863231-0828-49db-b5d1-ae1ba013fd69: Sackin index -0.0369; 1.8 s; peak memory 1247 MiB.
2026-10-06T02:31:50Z INFO [732/750] 4986c73f-55fd-4813-9c86-11886bb8bd4c: Sackin index -0.0944; 1.1 s; peak memory 1247 MiB.
2026-10-06T02:31:54Z INFO [733/750] 49873c4c-36bd-4c28-b652-c046e67d1017: Sackin index -0.0435; 4.7 s; peak memory 1247 MiB.
2026-10-06T02:32:23Z INFO [734/750] 4988917d-8182-4bd8-9e38-dd38c94c08fa: Sackin index -0.2073; 28.3 s; peak memory 1247 MiB.
2026-10-06T02:32:24Z INFO [735/750] 4988b6c4-a7ef-4d81-b465-f4cc83ff62fd: Sackin index -0.0944; 1.0 s; peak memory 1247 MiB.
2026-10-06T02:32:25Z INFO [736/750] 4988c86a-0d38-4d75-9244-6515f0cc0cab: Sackin index -0.0728; 0.9 s; peak memory 1247 MiB.
2026-10-06T02:32:26Z INFO [737/750] 4988f865-8ecd-4bd7-a211-8d5071f45e5a: Sackin index -0.0702; 1.1 s; peak memory 1247 MiB.
2026-10-06T02:32:27Z INFO [738/750] 498b2f6a-1027-4fcc-a82d-82fb405c4978: Sackin index -0.0379; 1.0 s; peak memory 1247 MiB.
2026-10-06T02:32:28Z INFO [739/750] 498be83f-e170-44da-96b9-73f7b872234b: Sackin index -0.1349; 1.0 s; peak memory 1247 MiB.
2026-10-06T02:32:29Z INFO [740/750] 498cc0fe-890f-4014-8da6-faa0c8dd4d25: Sackin index -0.1349; 0.8 s; peak memory 1247 MiB.
2026-10-06T02:32:29Z INFO [741/750] 498d279c-c11a-46c8-8e6e-d29f311195d0: Sackin index -0.0702; 0.8 s; peak memory 1247 MiB.
2026-10-06T02:32:30Z INFO [742/750] 498f65fc-a5dd-4450-a783-aac926493c8e: Sackin index -0.0844; 0.8 s; peak memory 1247 MiB.
2026-10-06T02:32:31Z INFO [743/750] 498f7502-a60b-4344-97e1-47396abaae9c: Sackin index -0.1349; 0.8 s; peak memory 1247 MiB.
2026-10-06T02:32:32Z INFO [744/750] 498f7f6a-84e7-4f8a-b849-3c0f2b8308ab: Sackin index -0.1328; 0.8 s; peak memory 1247 MiB.
2026-10-06T02:32:38Z INFO [745/750] 498f8c00-2b5e-4d5d-a3b5-79c97ae6f600: Sackin index -0.0246; 6.4 s; peak memory 1247 MiB.
2026-10-06T02:32:39Z INFO [746/750] 4990a74b-3855-439e-8df6-4a955edb38cd: Sackin index -0.0457; 1.0 s; peak memory 1247 MiB.
2026-10-06T02:32:40Z INFO [747/750] 49931cd3-617f-4ca1-a284-8532cd478620: Sackin index -0.0494; 0.9 s; peak memory 1247 MiB.
2026-10-06T02:32:47Z INFO [748/750] 4994123a-aada-45ed-a754-67ae7389b312: Sackin index -0.0156; 7.2 s; peak memory 1247 MiB.
2026-10-06T02:32:48Z INFO [749/750] 49941fcb-b9f3-4e49-aa2e-1424f4c17c63: Sackin index -0.1349; 0.8 s; peak memory 1247 MiB.
2026-10-06T02:32:49Z INFO [750/750] 49943cc4-5e98-4971-bb8e-0a8a42328059: Sackin index -0.1349; 0.8 s; peak memory 1247 MiB.
2026-10-06T02:32:49Z INFO [750/750] 49943cc4-5e98-4971-bb8e-0a8a42328059: checkpointed 82336 records.
2026-10-06T02:32:49Z INFO Wrote 82336 records to /tmp/derivatives/valid_nwb_file_to_sackin_index.jsonl (750 new, 0 failed) in 176.6 min (peak memory 1247 MiB).
