2026-10-05T00:06:05Z INFO Logging to /tmp/logs/update_2026-10-05T00-06-05Z.log.
2026-10-05T00:06:05Z INFO Update valid-nwb-file-to-sackin-index (base directory /tmp).
2026-10-05T00:06:05Z INFO Processing 750 items (72586 already recorded).
2026-10-05T00:06:23Z INFO [1/750] 34ec8309-0dd7-4ff0-a414-6956d3c2081a: Sackin index -0.0128; 17.9 s; peak memory 161 MiB.
2026-10-05T00:06:24Z INFO [2/750] 34ecc670-a175-405e-8ddd-9d727ab5540a: Sackin index -0.1349; 1.1 s; peak memory 162 MiB.
2026-10-05T00:06:25Z INFO [3/750] 34eda381-f22d-404c-8b01-67344a7d7439: Sackin index -0.1349; 1.1 s; peak memory 162 MiB.
2026-10-05T00:06:28Z INFO [4/750] 34eddcfa-22de-4f2b-aac1-684f96f1a24b: Sackin index -0.0699; 2.3 s; peak memory 162 MiB.
2026-10-05T00:06:29Z INFO [5/750] 34ee5268-cf59-4660-abe3-585a38e70397: Sackin index -0.0702; 1.1 s; peak memory 162 MiB.
2026-10-05T00:06:30Z INFO [6/750] 34ef8de4-d761-44c4-977e-57d818973ee6: Sackin index -0.1349; 0.9 s; peak memory 162 MiB.
2026-10-05T00:07:44Z INFO [7/750] 34f00c2c-054f-448c-a043-353e15800328: Sackin index -0.0935; 74.3 s; peak memory 238 MiB.
2026-10-05T00:07:45Z INFO [8/750] 34f02486-8169-4a85-8cb6-ab890d6bbbb7: Sackin index -0.1349; 1.1 s; peak memory 238 MiB.
2026-10-05T00:07:46Z INFO [9/750] 34f0dbf6-43c9-49f6-b71c-abb66a2ac9c8: Sackin index -0.0379; 1.4 s; peak memory 238 MiB.
2026-10-05T00:07:47Z INFO [10/750] 34f10ce5-9753-48f1-96c9-64b3b694aa22: Sackin index -0.1046; 1.0 s; peak memory 238 MiB.
2026-10-05T00:07:49Z INFO [11/750] 34f117d0-415d-4d46-93c7-0fc5d1f2eb90: Sackin index -0.0275; 1.5 s; peak memory 238 MiB.
2026-10-05T00:07:54Z INFO [12/750] 34f1508d-a309-43ca-9c57-10f4dcdfde84: Sackin index -0.0403; 4.6 s; peak memory 238 MiB.
2026-10-05T00:07:55Z INFO [13/750] 34f2d651-01b5-4e40-bb4b-a7858a12434c: Sackin index -0.0702; 1.3 s; peak memory 238 MiB.
2026-10-05T00:08:09Z INFO [14/750] 34f339a7-b9ec-4a0c-92ce-1c112891c041: Sackin index -0.0407; 13.7 s; peak memory 238 MiB.
2026-10-05T00:08:10Z INFO [15/750] 34f38f0f-3407-47c4-ad76-e697c8d60850: Sackin index -0.0702; 1.1 s; peak memory 238 MiB.
2026-10-05T00:08:11Z INFO [16/750] 34f437d8-5607-49a7-a01a-be5d10db165e: Sackin index -0.0656; 0.9 s; peak memory 238 MiB.
2026-10-05T00:08:12Z INFO [17/750] 34f51781-0801-49a3-bbed-895a94733792: Sackin index -0.1248; 1.0 s; peak memory 238 MiB.
2026-10-05T00:08:13Z INFO [18/750] 34f5ac58-3f35-4176-b944-b1b352169230: Sackin index -0.0385; 1.0 s; peak memory 238 MiB.
2026-10-05T00:08:23Z INFO [19/750] 34f754a2-3d02-48f2-87ff-d71372319529: Sackin index -0.0151; 10.2 s; peak memory 238 MiB.
2026-10-05T00:08:24Z INFO [20/750] 34f88510-fbf4-47ed-8d1e-8063b2bdc776: Sackin index -0.0709; 1.3 s; peak memory 238 MiB.
2026-10-05T00:08:25Z INFO [21/750] 34f88b3b-67e3-4703-8419-e28786997090: Sackin index -0.0728; 1.2 s; peak memory 238 MiB.
2026-10-05T00:08:27Z INFO [22/750] 34f90e8c-5e50-4db6-897e-0befbb33c8f7: Sackin index -0.0702; 1.3 s; peak memory 238 MiB.
2026-10-05T00:08:28Z INFO [23/750] 34f93e75-4869-45b8-8449-11de8a92e506: Sackin index -0.0728; 1.3 s; peak memory 238 MiB.
2026-10-05T00:08:29Z INFO [24/750] 34f94112-7365-48cd-9336-d8c8f3323180: Sackin index -0.1349; 1.1 s; peak memory 238 MiB.
2026-10-05T00:08:30Z INFO [25/750] 34f9e207-5c72-4206-9b1b-6b8f26524f1f: Sackin index -0.1303; 0.8 s; peak memory 238 MiB.
2026-10-05T00:08:50Z INFO [26/750] 34fa65be-59be-44fc-a2f2-83e0cc46ca65: Sackin index -0.1367; 19.9 s; peak memory 238 MiB.
2026-10-05T00:08:51Z INFO [27/750] 34fb7cb2-8c70-4196-a081-1079653ea700: Sackin index -0.0709; 1.1 s; peak memory 238 MiB.
2026-10-05T00:09:48Z INFO [28/750] 34fd6741-3de5-4efc-9d7b-36dcf2c5615c: Sackin index -0.0747; 56.7 s; peak memory 238 MiB.
2026-10-05T00:09:49Z INFO [29/750] 34fd6966-25dc-43c8-ae46-f36f5face7b2: Sackin index -0.1191; 1.0 s; peak memory 238 MiB.
2026-10-05T00:09:49Z INFO [30/750] 34fd87a7-359a-485e-80e8-1f49c9747d54: Sackin index -0.1658; 0.7 s; peak memory 238 MiB.
2026-10-05T00:09:51Z INFO [31/750] 34fd94c3-249e-4c90-9cfb-22e6173433bb: Sackin index -0.0376; 1.4 s; peak memory 238 MiB.
2026-10-05T00:09:52Z INFO [32/750] 34fdd31c-c180-4199-a4a0-3468eecc13f1: Sackin index -0.0702; 1.1 s; peak memory 238 MiB.
2026-10-05T00:09:53Z INFO [33/750] 34ff8ab1-b539-4be3-8628-a748ba272420: Sackin index -0.0383; 1.0 s; peak memory 238 MiB.
2026-10-05T00:09:54Z INFO [34/750] 35000cd5-680b-4125-b554-d3ea8b3af2ed: Sackin index -0.1349; 1.1 s; peak memory 238 MiB.
2026-10-05T00:09:55Z INFO [35/750] 3500d75f-388a-47fe-9527-4d0338a0f675: Sackin index -0.0709; 1.0 s; peak memory 238 MiB.
2026-10-05T00:10:01Z INFO [36/750] 35011a15-ec77-4fb7-ab23-ab7af118a5ee: Sackin index -0.0376; 6.2 s; peak memory 238 MiB.
2026-10-05T00:10:02Z INFO [37/750] 35015f87-71e7-45f1-b9ce-88d811837706: Sackin index -0.0388; 1.1 s; peak memory 238 MiB.
2026-10-05T00:10:04Z INFO [38/750] 35016c30-67be-4afc-9c23-891790d25649: Sackin index -0.1000; 1.5 s; peak memory 238 MiB.
2026-10-05T00:10:05Z INFO [39/750] 35019853-9608-4a9c-96cc-7f42b175e2d1: Sackin index -0.0745; 1.2 s; peak memory 238 MiB.
2026-10-05T00:10:06Z INFO [40/750] 35021487-977a-4bc4-9b93-5b52f4a4d774: Sackin index -0.0702; 1.1 s; peak memory 238 MiB.
2026-10-05T00:10:07Z INFO [41/750] 3502a7a8-bc28-4d66-b78a-89cfa27da937: Sackin index -0.0728; 1.4 s; peak memory 238 MiB.
2026-10-05T00:10:08Z INFO [42/750] 35037891-11a3-4259-9ef2-708c3b61a128: Sackin index -0.0709; 1.1 s; peak memory 238 MiB.
2026-10-05T00:10:10Z INFO [43/750] 35042d58-955c-4920-b2ef-81c2fb0bd48e: Sackin index -0.1349; 1.1 s; peak memory 238 MiB.
2026-10-05T00:10:11Z INFO [44/750] 350442d8-5099-4dbc-9834-c5706982f9dc: Sackin index -0.0457; 1.3 s; peak memory 238 MiB.
2026-10-05T00:10:12Z INFO [45/750] 35045018-82de-4c6b-a03f-189838764fab: Sackin index -0.1658; 0.9 s; peak memory 238 MiB.
2026-10-05T00:10:13Z INFO [46/750] 35049562-7a0f-4fc9-bfad-3486f6d5cdea: Sackin index -0.0702; 1.1 s; peak memory 238 MiB.
2026-10-05T00:10:15Z INFO [47/750] 35051366-6f44-4892-b898-eb8a290fbbb5: Sackin index -0.0379; 1.7 s; peak memory 238 MiB.
2026-10-05T00:10:16Z INFO [48/750] 35053c9b-6568-402e-808a-d5b6772f749c: Sackin index -0.0702; 1.1 s; peak memory 238 MiB.
2026-10-05T00:10:17Z INFO [49/750] 35058d70-c4b9-473e-9694-62c37ce7d7fb: Sackin index -0.1349; 1.0 s; peak memory 238 MiB.
2026-10-05T00:10:18Z INFO [50/750] 35068c55-dd42-4e01-b5cc-10b9f7c18511: Sackin index -0.0728; 1.4 s; peak memory 238 MiB.
2026-10-05T00:10:18Z INFO [50/750] 35068c55-dd42-4e01-b5cc-10b9f7c18511: checkpointed 72636 records.
2026-10-05T00:10:19Z INFO [51/750] 35068cd9-4348-4b88-88ce-3770723e003e: Sackin index -0.1349; 1.1 s; peak memory 238 MiB.
2026-10-05T00:10:21Z INFO [52/750] 3506ab87-9e7d-4ca9-b66b-adafc1436477: Sackin index -0.1044; 1.6 s; peak memory 238 MiB.
2026-10-05T00:10:23Z INFO [53/750] 3507d1b9-906c-4b4b-99d6-ee0a2fa1566d: Sackin index -0.0693; 2.4 s; peak memory 238 MiB.
2026-10-05T00:10:24Z INFO [54/750] 350a324a-7edb-4dd1-91f8-6c77e3a25582: Sackin index -0.0702; 1.1 s; peak memory 238 MiB.
2026-10-05T00:10:26Z INFO [55/750] 350a7360-2547-49c2-9a30-bdb4703fab48: Sackin index -0.0702; 1.2 s; peak memory 238 MiB.
2026-10-05T00:10:31Z INFO [56/750] 350c3d2f-facf-4f78-99a5-5b2a5fa6ab32: Sackin index -0.0242; 4.9 s; peak memory 238 MiB.
2026-10-05T00:10:32Z INFO [57/750] 350c52bc-361e-47ad-967f-d4e4156ffe04: Sackin index -0.0728; 1.3 s; peak memory 238 MiB.
2026-10-05T00:10:33Z INFO [58/750] 350cbd50-b69e-4a44-9a65-7dd151d53e1d: Sackin index -0.1263; 1.3 s; peak memory 238 MiB.
2026-10-05T00:10:34Z INFO [59/750] 350d89dd-1628-4965-9642-fbc334f1e447: Sackin index -0.1349; 1.0 s; peak memory 238 MiB.
2026-10-05T00:10:35Z INFO [60/750] 350e157a-0a56-47b4-ad5f-31bec9b7dfb1: Sackin index -0.0696; 1.3 s; peak memory 238 MiB.
2026-10-05T00:10:37Z INFO [61/750] 350f78b5-5065-4554-b2a4-1c58037f7bff: Sackin index -0.1273; 1.5 s; peak memory 238 MiB.
2026-10-05T00:10:38Z INFO [62/750] 351005cf-9988-4b23-b851-600bbe82f8fe: Sackin index -0.1349; 1.0 s; peak memory 238 MiB.
2026-10-05T00:10:39Z INFO [63/750] 35107280-c993-4ae4-81c0-800b740b1b6d: Sackin index -0.0715; 1.3 s; peak memory 238 MiB.
2026-10-05T00:10:40Z INFO [64/750] 3510aa1b-e54a-44aa-88d3-ec90ed7be5b8: Sackin index -0.0728; 1.1 s; peak memory 238 MiB.
2026-10-05T00:10:41Z INFO [65/750] 3510acd5-de6f-4a00-bee8-d4b2ac5831d4: Sackin index -0.1248; 1.1 s; peak memory 238 MiB.
2026-10-05T00:10:43Z INFO [66/750] 3511380c-c293-41ad-8bef-cb66e467ac61: Sackin index -0.0745; 1.7 s; peak memory 238 MiB.
2026-10-05T00:10:44Z INFO [67/750] 35119d14-81a1-471a-85f4-7af20b44aede: Sackin index -0.0702; 1.1 s; peak memory 238 MiB.
2026-10-05T00:10:45Z INFO [68/750] 351317b6-f0b4-42a0-891f-3694f0d21dcf: Sackin index -0.1356; 0.8 s; peak memory 238 MiB.
2026-10-05T00:10:47Z INFO [69/750] 35138a25-d766-419c-846d-b0748e05acdb: Sackin index -0.0681; 1.8 s; peak memory 238 MiB.
2026-10-05T00:10:48Z INFO [70/750] 35138e7a-9e23-4084-ae89-5eaa4c1424d7: Sackin index -0.1349; 1.0 s; peak memory 238 MiB.
2026-10-05T00:10:51Z INFO [71/750] 3513ede9-ce62-422a-a027-51a6237b8d25: Sackin index -0.0319; 3.3 s; peak memory 238 MiB.
2026-10-05T00:10:52Z INFO [72/750] 35143e75-a02b-4ddd-b642-1b1554c010f8: Sackin index -0.1349; 0.9 s; peak memory 238 MiB.
2026-10-05T00:10:53Z INFO [73/750] 35146485-9bc3-4930-9a8c-8acd9dc6ba45: Sackin index -0.1349; 1.1 s; peak memory 238 MiB.
2026-10-05T00:11:02Z INFO [74/750] 351494c3-a4e2-4002-8d95-5f41f0c90545: Sackin index -0.0288; 8.4 s; peak memory 238 MiB.
2026-10-05T00:11:04Z INFO [75/750] 3514c634-067c-4d2f-bb23-e9924711d925: Sackin index -0.0681; 2.7 s; peak memory 238 MiB.
2026-10-05T00:11:12Z INFO [76/750] 3514cbf4-37c3-4a71-be79-9edb70bbfed5: Sackin index -0.0230; 7.4 s; peak memory 238 MiB.
2026-10-05T00:11:13Z INFO [77/750] 351503e8-45b2-4831-84a9-149ba9eaf157: Sackin index -0.1349; 1.1 s; peak memory 238 MiB.
2026-10-05T00:11:15Z INFO [78/750] 3515e8d4-0228-46f6-af2b-9899ef0d3d6e: Sackin index -0.0870; 2.2 s; peak memory 238 MiB.
2026-10-05T00:11:17Z INFO [79/750] 35162154-815e-4702-b17b-2684aa77aa20: Sackin index -0.0704; 2.4 s; peak memory 238 MiB.
2026-10-05T00:11:28Z INFO [80/750] 35169d46-0c24-454b-9595-032c388286dc: Sackin index -0.0293; 10.5 s; peak memory 238 MiB.
2026-10-05T00:11:41Z INFO [81/750] 35175f17-fcbe-4932-8dcb-dde59f4e1ecb: Sackin index -0.0232; 13.1 s; peak memory 238 MiB.
2026-10-05T00:11:43Z INFO [82/750] 3517a82a-a2fd-4736-b6fc-18053a14773c: Sackin index -0.1938; 2.2 s; peak memory 238 MiB.
2026-10-05T00:11:46Z INFO [83/750] 35185469-b1a8-40c5-9149-88c608b71292: Sackin index -0.0695; 2.7 s; peak memory 238 MiB.
2026-10-05T00:11:55Z INFO [84/750] 35187c61-766c-443c-a117-9e454e64be08: Sackin index -0.0199; 9.1 s; peak memory 238 MiB.
2026-10-05T00:11:57Z INFO [85/750] 35188b8b-bf00-4cce-ab7e-e0ed5811923a: Sackin index -0.0676; 2.7 s; peak memory 238 MiB.
2026-10-05T00:12:05Z INFO [86/750] 35192b99-bbaa-4024-9a5a-0a83918ec7cf: Sackin index -0.0366; 7.7 s; peak memory 238 MiB.
2026-10-05T00:12:08Z INFO [87/750] 3519d9d6-b21e-454a-9596-dad05e964ae5: Sackin index -0.0692; 2.5 s; peak memory 238 MiB.
2026-10-05T00:12:13Z INFO [88/750] 3519e3bf-6480-41fd-97fa-ed619dd7ec84: Sackin index -0.0440; 5.3 s; peak memory 238 MiB.
2026-10-05T00:12:14Z INFO [89/750] 351bc888-e8a6-46f0-afb1-8f851453991f: Sackin index -0.0709; 1.3 s; peak memory 238 MiB.
2026-10-05T00:12:15Z INFO [90/750] 351befd2-f046-4281-81c5-5f7946f5bb86: Sackin index -0.1938; 0.9 s; peak memory 238 MiB.
2026-10-05T00:12:23Z INFO [91/750] 351c8145-1bee-4d71-a46c-639aca108ded: Sackin index -0.0017; 7.8 s; peak memory 242 MiB.
2026-10-05T00:12:33Z INFO [92/750] 351cf066-a304-4d31-8606-75d7f7142562: Sackin index -0.0183; 10.4 s; peak memory 255 MiB.
2026-10-05T00:13:22Z INFO [93/750] 351e4838-523d-4338-8582-8fdece60a297: Sackin index -0.1144; 49.1 s; peak memory 316 MiB.
2026-10-05T00:13:23Z INFO [94/750] 351e94c7-c21f-4d86-84eb-53eb60601e96: Sackin index -0.0702; 1.2 s; peak memory 316 MiB.
2026-10-05T00:13:25Z INFO [95/750] 351e9cd9-fded-4d87-979d-00faa08ebb17: Sackin index -0.0604; 1.2 s; peak memory 316 MiB.
2026-10-05T00:13:26Z INFO [96/750] 351ea919-3992-4ad3-83c6-b1ada9603adf: Sackin index -0.0702; 1.3 s; peak memory 316 MiB.
2026-10-05T00:13:39Z INFO [97/750] 351ecf6e-49f4-4136-be37-ca7dd25a89cd: Sackin index -0.0189; 13.1 s; peak memory 316 MiB.
2026-10-05T00:13:50Z INFO [98/750] 351f822b-5642-4c38-b155-a08a20d7b2fd: Sackin index -0.0176; 11.2 s; peak memory 316 MiB.
2026-10-05T00:13:52Z INFO [99/750] 351f9412-e0d9-4ce7-a01f-77348dfd6904: Sackin index -0.0886; 1.4 s; peak memory 316 MiB.
2026-10-05T00:13:53Z INFO [100/750] 35203812-b99a-408f-9b79-6faa3daef7e2: Sackin index -0.1319; 0.9 s; peak memory 316 MiB.
2026-10-05T00:13:53Z INFO [100/750] 35203812-b99a-408f-9b79-6faa3daef7e2: checkpointed 72686 records.
2026-10-05T00:13:54Z INFO [101/750] 35210ec3-88ba-4992-b982-dd4d91d7fba8: Sackin index -0.1224; 1.5 s; peak memory 316 MiB.
2026-10-05T00:13:56Z INFO [102/750] 35217f8c-fe3c-4a0d-be12-cf446c7ca7f0: Sackin index -0.1283; 1.8 s; peak memory 316 MiB.
2026-10-05T00:14:09Z INFO [103/750] 35221bba-4c02-4c6d-8db7-f64e9fa66b73: Sackin index -0.0183; 13.2 s; peak memory 316 MiB.
2026-10-05T00:14:10Z INFO [104/750] 35235074-9e7c-437d-92e9-9b5add375767: Sackin index -0.1349; 1.0 s; peak memory 316 MiB.
2026-10-05T00:14:11Z INFO [105/750] 3523f696-eaa5-4de5-ad0d-cb28dd562941: Sackin index -0.0709; 1.2 s; peak memory 316 MiB.
2026-10-05T00:14:12Z INFO [106/750] 35247042-12ef-44f6-a0ec-0d23372b5f7f: Sackin index -0.1349; 1.1 s; peak memory 316 MiB.
2026-10-05T00:14:14Z INFO [107/750] 3525377d-09da-4ed4-9422-75b3bf85093d: Sackin index -0.1273; 1.3 s; peak memory 316 MiB.
2026-10-05T00:14:14Z INFO [108/750] 3525a354-1ec9-480a-a0fb-dbb10880faa7: Sackin index -0.1658; 0.7 s; peak memory 316 MiB.
2026-10-05T00:14:18Z INFO [109/750] 3525b9ba-884c-4adc-9457-734f046ac051: Sackin index -0.0329; 3.4 s; peak memory 316 MiB.
2026-10-05T00:14:20Z INFO [110/750] 3527b59e-c48e-4145-ae7f-1188785c6bee: Sackin index -0.0728; 1.6 s; peak memory 316 MiB.
2026-10-05T00:14:21Z INFO [111/750] 3528a933-1102-4b9b-a3e8-64a36b6639f0: Sackin index -0.0696; 1.1 s; peak memory 316 MiB.
2026-10-05T00:14:22Z INFO [112/750] 3529213e-0bd6-40e7-a755-8a5c5646b7b9: Sackin index -0.0383; 1.1 s; peak memory 316 MiB.
2026-10-05T00:14:23Z INFO [113/750] 35293a70-6a87-49d3-8c6d-5e10cf380d13: Sackin index -0.1148; 0.7 s; peak memory 316 MiB.
2026-10-05T00:14:25Z INFO [114/750] 3529a0a7-e630-4c94-b5a0-8863210065f7: Sackin index -0.0718; 2.6 s; peak memory 316 MiB.
2026-10-05T00:14:26Z INFO [115/750] 3529b96c-8b46-49d3-a33a-e643c67ced7a: Sackin index -0.0745; 1.3 s; peak memory 316 MiB.
2026-10-05T00:14:28Z INFO [116/750] 352a0c7d-0cd3-4939-910e-e4d7931e33ae: Sackin index -0.0696; 1.1 s; peak memory 316 MiB.
2026-10-05T00:14:29Z INFO [117/750] 352a1359-5093-48c3-b66c-37963cd41ac7: Sackin index -0.0376; 1.3 s; peak memory 316 MiB.
2026-10-05T00:14:30Z INFO [118/750] 352a2a36-e0c8-4715-bef7-c4da54a6f70a: Sackin index -0.1349; 1.0 s; peak memory 316 MiB.
2026-10-05T00:14:31Z INFO [119/750] 352a2e13-79f4-48df-9d06-96be86a3f106: Sackin index -0.0375; 1.4 s; peak memory 316 MiB.
2026-10-05T00:14:38Z INFO [120/750] 352a76e6-7cfa-405d-8d8c-7e4e204a1b9e: Sackin index -0.0940; 6.3 s; peak memory 316 MiB.
2026-10-05T00:14:38Z INFO [121/750] 352b29e7-e350-4479-af6b-803a236824e4: Sackin index -0.1349; 0.9 s; peak memory 316 MiB.
2026-10-05T00:14:41Z INFO [122/750] 352b7d67-c455-4839-8e28-d0098baa5edd: Sackin index -0.0660; 2.7 s; peak memory 316 MiB.
2026-10-05T00:14:47Z INFO [123/750] 352bf565-cfbb-47a9-90f2-ec09f5a30e3c: Sackin index -0.0251; 5.7 s; peak memory 316 MiB.
2026-10-05T00:14:52Z INFO [124/750] 352c20f1-6dd9-41e2-85c0-71cad488cd5c: Sackin index -0.0226; 5.5 s; peak memory 316 MiB.
2026-10-05T00:14:54Z INFO [125/750] 352c34bb-8d60-46a6-a643-2c5c29df5fb0: Sackin index -0.0738; 1.5 s; peak memory 316 MiB.
2026-10-05T00:14:55Z INFO [126/750] 352c83e4-16a5-4efc-9e53-685cba0d252c: Sackin index -0.0696; 1.3 s; peak memory 316 MiB.
2026-10-05T00:15:03Z INFO [127/750] 352d24e5-a1ff-4653-b8d1-3261e44b3c02: Sackin index -0.0238; 7.9 s; peak memory 316 MiB.
2026-10-05T00:15:04Z INFO [128/750] 352d43da-f6ec-4cdc-af2d-1d34ae627741: Sackin index -0.1658; 0.7 s; peak memory 316 MiB.
2026-10-05T00:15:05Z INFO [129/750] 352f2da1-bb71-4eaf-b4da-a72a72f8c30d: Sackin index -0.1361; 1.0 s; peak memory 316 MiB.
2026-10-05T00:17:16Z INFO [130/750] 353071d0-b936-40a1-a262-621009d457ca: Sackin index -0.0305; 131.4 s; peak memory 393 MiB.
2026-10-05T00:17:17Z INFO [131/750] 353105e8-3d2e-4362-97e8-6277c8ee89ed: Sackin index -0.1239; 0.9 s; peak memory 393 MiB.
2026-10-05T00:17:31Z INFO [132/750] 353253e2-3346-4aed-8990-99e784766f46: Sackin index -0.0085; 13.6 s; peak memory 393 MiB.
2026-10-05T00:17:32Z INFO [133/750] 3532e2e6-0000-4e15-88e0-1f2a5a219c97: Sackin index -0.1349; 1.0 s; peak memory 393 MiB.
2026-10-05T00:17:33Z INFO [134/750] 35336d0a-0300-4101-b4fa-6273939cd2e1: Sackin index -0.1349; 1.0 s; peak memory 393 MiB.
2026-10-05T00:17:34Z INFO [135/750] 3534dd68-da26-4c43-a85e-5d26dbe00831: Sackin index -0.1658; 0.8 s; peak memory 393 MiB.
2026-10-05T00:17:52Z INFO [136/750] 3534fb08-57d3-47c3-99df-ddf3385b299f: Sackin index -0.0155; 18.2 s; peak memory 393 MiB.
2026-10-05T00:17:57Z INFO [137/750] 3535d0f6-c4b3-4849-8e0a-fdabf6cc554b: Sackin index -0.0403; 5.2 s; peak memory 393 MiB.
2026-10-05T00:17:59Z INFO [138/750] 35383b5a-38dc-4e61-8955-5a0d3b7c21f6: Sackin index -0.0728; 1.6 s; peak memory 393 MiB.
2026-10-05T00:18:00Z INFO [139/750] 3538bf96-a08f-4456-b297-f961d966ff82: Sackin index -0.0457; 1.5 s; peak memory 393 MiB.
2026-10-05T00:18:12Z INFO [140/750] 35392022-64c9-466d-a3c2-101ee49fcb5f: Sackin index -0.0146; 12.1 s; peak memory 393 MiB.
2026-10-05T00:18:14Z INFO [141/750] 3539d5f1-fb21-4577-bf42-bd97cbdb96ab: Sackin index -0.1273; 1.4 s; peak memory 393 MiB.
2026-10-05T00:18:15Z INFO [142/750] 353afcc6-b73c-41ef-aa61-6375c484e0a6: Sackin index -0.0376; 1.4 s; peak memory 393 MiB.
2026-10-05T00:19:38Z INFO [143/750] 353b910a-a000-4b3c-8de7-d0a51f124824: Sackin index -0.0982; 83.2 s; peak memory 393 MiB.
2026-10-05T00:19:41Z INFO [144/750] 353c0d95-6895-440a-add6-cc7d90dc5e57: Sackin index -0.0771; 2.3 s; peak memory 393 MiB.
2026-10-05T00:19:42Z INFO [145/750] 353da15e-e983-4075-81f2-e0cf8abc4dce: Sackin index -0.0728; 1.4 s; peak memory 393 MiB.
2026-10-05T00:19:43Z INFO [146/750] 353dc27e-4e71-46ce-ad93-27d9a0f6a97a: Sackin index -0.1194; 1.3 s; peak memory 393 MiB.
2026-10-05T00:19:45Z INFO [147/750] 353dc604-d197-4f9d-ba5f-9b25547d7857: Sackin index -0.0681; 1.8 s; peak memory 393 MiB.
2026-10-05T00:19:48Z INFO [148/750] 353e824f-9e90-4f56-98de-96376da20fc3: Sackin index -0.0518; 2.6 s; peak memory 393 MiB.
2026-10-05T00:19:49Z INFO [149/750] 353e87b8-5190-49ea-a6da-2c56ff9385c0: Sackin index -0.1731; 0.9 s; peak memory 393 MiB.
2026-10-05T00:19:50Z INFO [150/750] 353ecfad-532f-48b5-9e0d-dc76b07324d4: Sackin index -0.0752; 1.7 s; peak memory 393 MiB.
2026-10-05T00:19:51Z INFO [150/750] 353ecfad-532f-48b5-9e0d-dc76b07324d4: checkpointed 72736 records.
2026-10-05T00:19:58Z INFO [151/750] 353f1bef-93e7-47e7-b934-9b1bb9ec158b: Sackin index -0.0388; 7.3 s; peak memory 393 MiB.
2026-10-05T00:19:59Z INFO [152/750] 353fc679-ebe3-4bd6-aa87-569ae060a839: Sackin index -0.0709; 1.2 s; peak memory 393 MiB.
2026-10-05T00:20:00Z INFO [153/750] 353fc7e0-e6ac-4a1f-908b-6e75f9cf8dd5: Sackin index -0.0728; 1.2 s; peak memory 393 MiB.
2026-10-05T00:20:01Z INFO [154/750] 353fd1b7-3e7d-42a1-85b2-535d2166e531: Sackin index -0.2073; 0.9 s; peak memory 393 MiB.
2026-10-05T00:20:02Z INFO [155/750] 35400028-8cda-41a1-833d-98287a8084bf: Sackin index -0.1349; 1.0 s; peak memory 393 MiB.
2026-10-05T00:20:09Z INFO [156/750] 3540157f-5228-4393-a07d-6e81adc2f484: Sackin index -0.0940; 6.7 s; peak memory 393 MiB.
2026-10-05T00:20:19Z INFO [157/750] 354065a1-a6ec-4454-8dc7-058e098d81d9: Sackin index -0.0205; 10.0 s; peak memory 393 MiB.
2026-10-05T00:20:20Z INFO [158/750] 35449ef0-8176-4fc1-89bf-0e2b9414b274: Sackin index -0.1239; 0.9 s; peak memory 393 MiB.
2026-10-05T00:20:22Z INFO [159/750] 3544d156-0c15-4c9a-9e1c-c0d7faa7286f: Sackin index -0.0494; 2.5 s; peak memory 393 MiB.
2026-10-05T00:20:25Z INFO [160/750] 3544fe70-c6dd-4b02-a4d1-f1ea4c2a9ad8: Sackin index -0.0699; 2.4 s; peak memory 393 MiB.
2026-10-05T00:20:26Z INFO [161/750] 354525d1-95a0-445f-a15d-5878c33b5994: Sackin index -0.0696; 1.3 s; peak memory 393 MiB.
2026-10-05T00:20:27Z INFO [162/750] 35466f67-2d1f-4e31-8e21-49299dfa789c: Sackin index -0.1161; 0.9 s; peak memory 393 MiB.
2026-10-05T00:20:28Z INFO [163/750] 35469043-6aed-49b3-b9ee-ce240657eb70: Sackin index -0.0696; 1.1 s; peak memory 393 MiB.
2026-10-05T00:20:34Z INFO [164/750] 3547bb9c-311a-4699-acf2-2c59f76d71da: Sackin index -0.0476; 6.1 s; peak memory 393 MiB.
2026-10-05T00:20:36Z INFO [165/750] 35480cd9-0d50-460d-a811-6fa4af5bd01c: Sackin index -0.0369; 2.0 s; peak memory 393 MiB.
2026-10-05T00:20:37Z INFO [166/750] 3548373c-13dd-4ee0-b7b8-4db81dea6bb8: Sackin index -0.1349; 1.1 s; peak memory 393 MiB.
2026-10-05T00:20:40Z INFO [167/750] 3548934b-6111-415e-a7ba-74bfe3a2505c: Sackin index -0.0660; 3.0 s; peak memory 393 MiB.
2026-10-05T00:20:46Z INFO [168/750] 35492b1f-3332-4cf1-befc-19b8b5336e0f: Sackin index -0.0257; 6.1 s; peak memory 393 MiB.
2026-10-05T00:20:47Z INFO [169/750] 3549b731-91b4-4c97-a852-f07b436541f1: Sackin index -0.0376; 1.1 s; peak memory 393 MiB.
2026-10-05T00:20:49Z INFO [170/750] 3549cf79-5534-45e1-9318-fb5b68a3e364: Sackin index -0.0944; 1.6 s; peak memory 393 MiB.
2026-10-05T00:20:50Z INFO [171/750] 354a030c-becd-4c12-bf70-5f970ac24253: Sackin index -0.1340; 0.9 s; peak memory 393 MiB.
2026-10-05T00:20:51Z INFO [172/750] 354a11bf-2545-43cc-a3a7-497d87a2025e: Sackin index -0.1938; 0.8 s; peak memory 393 MiB.
2026-10-05T00:20:52Z INFO [173/750] 354a387e-67bb-4b03-ba6e-703ce8ecbf5f: Sackin index -0.1248; 1.2 s; peak memory 393 MiB.
2026-10-05T00:20:53Z INFO [174/750] 354aace1-bb25-48b3-8cf2-7282158ad597: Sackin index -0.1273; 1.4 s; peak memory 393 MiB.
2026-10-05T00:20:57Z INFO [175/750] 354aae15-0c83-4423-b734-8ff6a28bcf02: Sackin index -0.1062; 3.6 s; peak memory 393 MiB.
2026-10-05T00:20:58Z INFO [176/750] 354b2886-53c8-4863-8a0f-02c7cb03f931: Sackin index -0.1658; 0.8 s; peak memory 393 MiB.
2026-10-05T00:20:59Z INFO [177/750] 354b3658-e834-446d-9db6-2b810172cfc1: Sackin index -0.0376; 1.6 s; peak memory 393 MiB.
2026-10-05T00:21:02Z INFO [178/750] 354b850b-b2aa-4c32-9ec5-a2f328e02b89: Sackin index -0.0699; 2.5 s; peak memory 393 MiB.
2026-10-05T00:21:03Z INFO [179/750] 354bc985-901e-448e-a247-4b6d8bb668a1: Sackin index -0.1602; 1.1 s; peak memory 393 MiB.
2026-10-05T00:21:04Z INFO [180/750] 354c15fa-f942-45df-8572-abad0a23caed: Sackin index -0.0702; 1.1 s; peak memory 393 MiB.
2026-10-05T00:21:05Z INFO [181/750] 354c41ca-b825-46fd-bd60-c8a2f175be0c: Sackin index -0.0715; 1.2 s; peak memory 393 MiB.
2026-10-05T00:21:06Z INFO [182/750] 354c95d2-ee41-4730-a0ca-145220a12af7: Sackin index -0.1349; 1.1 s; peak memory 393 MiB.
2026-10-05T00:21:07Z INFO [183/750] 354d2229-4947-40ee-9c43-0286a4692111: Sackin index -0.1349; 1.0 s; peak memory 393 MiB.
2026-10-05T00:21:13Z INFO [184/750] 354d25e3-4d36-4024-b7d3-d09903b42e8d: Sackin index -0.0413; 5.8 s; peak memory 393 MiB.
2026-10-05T00:21:14Z INFO [185/750] 354d8681-32c9-4841-8797-ae16307c6136: Sackin index -0.1000; 1.3 s; peak memory 393 MiB.
2026-10-05T00:21:15Z INFO [186/750] 354dbf26-1da7-4816-8503-922616538c2a: Sackin index -0.0385; 1.1 s; peak memory 393 MiB.
2026-10-05T00:21:17Z INFO [187/750] 354eb9aa-4c50-47e0-a3ee-a227a473f273: Sackin index -0.0715; 1.1 s; peak memory 393 MiB.
2026-10-05T00:21:17Z INFO [188/750] 354ef80b-7eac-483e-86bf-a17291699831: Sackin index -0.1349; 0.9 s; peak memory 393 MiB.
2026-10-05T00:21:20Z INFO [189/750] 354f7972-0910-4507-a5af-64f94bbc80f9: Sackin index -0.0699; 2.3 s; peak memory 393 MiB.
2026-10-05T00:21:21Z INFO [190/750] 354fdc8e-6a33-4a8c-82ac-5a51aabf62ba: Sackin index -0.1349; 1.0 s; peak memory 393 MiB.
2026-10-05T00:21:26Z INFO [191/750] 3550504f-c3e9-41cc-b0bb-9101a876a9dd: Sackin index -0.0130; 5.5 s; peak memory 393 MiB.
2026-10-05T00:21:28Z INFO [192/750] 3550a686-378b-4bb3-8fcc-5e4bf14d2313: Sackin index -0.0696; 1.3 s; peak memory 393 MiB.
2026-10-05T00:21:32Z INFO [193/750] 35517c26-f7cb-4821-85ef-71e5b651815b: Sackin index -0.0251; 4.7 s; peak memory 393 MiB.
2026-10-05T00:21:33Z INFO [194/750] 3551e6d5-017b-4401-8fb9-d4f41e2566da: Sackin index -0.1349; 1.0 s; peak memory 393 MiB.
2026-10-05T00:21:36Z INFO [195/750] 35524646-3cc0-43fa-846d-8ebcba8f365b: Sackin index -0.0614; 3.2 s; peak memory 393 MiB.
2026-10-05T00:21:38Z INFO [196/750] 355324f1-f1d8-4beb-bd39-067bf50e91e1: Sackin index -0.0732; 1.2 s; peak memory 393 MiB.
2026-10-05T00:21:38Z INFO [197/750] 355348c5-0a4e-4bdf-8d1c-ee34225ca79e: Sackin index -0.1161; 0.7 s; peak memory 393 MiB.
2026-10-05T00:21:39Z INFO [198/750] 35536a02-7ffd-4ec3-85ce-60bd2b234acb: Sackin index -0.1349; 1.0 s; peak memory 393 MiB.
2026-10-05T00:21:44Z INFO [199/750] 3553f650-9c01-4da4-b7ce-d1d3cbf07e35: Sackin index -0.0222; 4.3 s; peak memory 393 MiB.
2026-10-05T00:21:45Z INFO [200/750] 35550037-113e-41b8-af67-985279933270: Sackin index -0.1349; 1.0 s; peak memory 393 MiB.
2026-10-05T00:21:45Z INFO [200/750] 35550037-113e-41b8-af67-985279933270: checkpointed 72786 records.
2026-10-05T00:21:46Z INFO [201/750] 355507e9-9299-4060-836f-1f1d388f23e7: Sackin index -0.1331; 0.9 s; peak memory 393 MiB.
2026-10-05T00:21:48Z INFO [202/750] 3555416f-f7e3-4083-940f-1495581a32c0: Sackin index -0.0369; 1.8 s; peak memory 393 MiB.
2026-10-05T00:21:49Z INFO [203/750] 355557c3-5344-40bb-9aad-1656c05c6817: Sackin index -0.0728; 1.5 s; peak memory 393 MiB.
2026-10-05T00:21:50Z INFO [204/750] 35559e6d-cd39-4122-9b5f-65d5a3278474: Sackin index -0.1349; 1.0 s; peak memory 393 MiB.
2026-10-05T00:21:51Z INFO [205/750] 355600d2-4396-4bb4-a283-8d80cf7a468b: Sackin index -0.0728; 1.4 s; peak memory 393 MiB.
2026-10-05T00:21:53Z INFO [206/750] 3556253b-a85e-49d6-a12f-b9d6244a655f: Sackin index -0.0709; 1.1 s; peak memory 393 MiB.
2026-10-05T00:22:01Z INFO [207/750] 3557eed6-bb36-4391-8a69-f21d6028ab1a: Sackin index -0.0215; 8.6 s; peak memory 393 MiB.
2026-10-05T00:22:03Z INFO [208/750] 35584511-786c-4c7c-90bf-3993c2d8a458: Sackin index -0.0376; 1.4 s; peak memory 393 MiB.
2026-10-05T00:22:04Z INFO [209/750] 3559519d-f1fa-40fe-9e0a-3320eddac3ca: Sackin index -0.1349; 1.1 s; peak memory 393 MiB.
2026-10-05T00:22:05Z INFO [210/750] 3559823d-d51b-4daa-b58f-bb31aa484ab2: Sackin index -0.1349; 1.0 s; peak memory 393 MiB.
2026-10-05T00:22:06Z INFO [211/750] 355984e1-1db3-43e9-acce-17009e96975d: Sackin index -0.0457; 1.3 s; peak memory 393 MiB.
2026-10-05T00:22:07Z INFO [212/750] 355a17ee-bcbb-4416-b151-d81b06684105: Sackin index -0.1349; 1.0 s; peak memory 393 MiB.
2026-10-05T00:22:19Z INFO [213/750] 355af168-287b-4d12-b463-c36d4bbd3d84: Sackin index -0.0293; 11.9 s; peak memory 393 MiB.
2026-10-05T00:22:20Z INFO [214/750] 355b0fe9-3eb5-41d4-8caf-6a881a3ff661: Sackin index -0.0746; 1.2 s; peak memory 393 MiB.
2026-10-05T00:22:22Z INFO [215/750] 355b8b7d-7b38-49cd-b44a-dc8a2fd5ce92: Sackin index -0.0369; 1.7 s; peak memory 393 MiB.
2026-10-05T00:22:23Z INFO [216/750] 355c0248-7e9a-4d15-8d51-bbba8fcd541a: Sackin index -0.0388; 1.0 s; peak memory 393 MiB.
2026-10-05T00:22:28Z INFO [217/750] 355c4149-0b38-4c8e-a5a5-09d2b0012575: Sackin index -0.0426; 4.8 s; peak memory 393 MiB.
2026-10-05T00:22:48Z INFO [218/750] 355d0edb-cc25-4e7e-83c1-554c0ae6c7aa: Sackin index -0.1367; 20.5 s; peak memory 393 MiB.
2026-10-05T00:22:51Z INFO [219/750] 355d6779-7bcf-4ae4-a228-e3323d7a3ba6: Sackin index -0.0797; 2.6 s; peak memory 393 MiB.
2026-10-05T00:22:52Z INFO [220/750] 355d73eb-f55d-4e20-9099-611a32e8a746: Sackin index -0.1356; 0.8 s; peak memory 393 MiB.
2026-10-05T00:22:53Z INFO [221/750] 355e0bb4-7069-4a62-921c-cb4e301118bd: Sackin index -0.0728; 1.4 s; peak memory 393 MiB.
2026-10-05T00:22:55Z INFO [222/750] 355ed259-1c5e-43e9-9c70-f007dd54a3cd: Sackin index -0.0722; 1.3 s; peak memory 393 MiB.
2026-10-05T00:22:56Z INFO [223/750] 355f2dae-d064-4ac3-8983-6452f44de53b: Sackin index -0.0944; 1.5 s; peak memory 393 MiB.
2026-10-05T00:22:57Z INFO [224/750] 355f930c-a859-43d4-b73b-a80aefe88b86: Sackin index -0.1331; 0.9 s; peak memory 393 MiB.
2026-10-05T00:22:58Z INFO [225/750] 355ff9a9-0629-45b6-9289-524cf20bddce: Sackin index -0.1349; 1.0 s; peak memory 393 MiB.
2026-10-05T00:22:59Z INFO [226/750] 35609529-66e7-41e8-8ff7-dedbe129afff: Sackin index -0.1356; 1.4 s; peak memory 393 MiB.
2026-10-05T00:23:00Z INFO [227/750] 3560af70-71b6-48eb-b839-2876b4319404: Sackin index -0.1349; 1.0 s; peak memory 393 MiB.
2026-10-05T00:23:01Z INFO [228/750] 3560d6a7-4cfa-4989-9729-2e5b7ef495db: Sackin index -0.1461; 0.8 s; peak memory 393 MiB.
2026-10-05T00:23:02Z INFO [229/750] 3560e432-099e-4a51-a5a2-a85c94f214d6: Sackin index -0.1349; 0.9 s; peak memory 393 MiB.
2026-10-05T00:23:03Z INFO [230/750] 3561400e-b342-47a8-9f75-0bcf9340636d: Sackin index -0.0377; 1.2 s; peak memory 393 MiB.
2026-10-05T00:23:09Z INFO [231/750] 3561ac5a-2647-4afd-b98f-1472f85cc8d8: Sackin index -0.0476; 6.1 s; peak memory 393 MiB.
2026-10-05T00:23:12Z INFO [232/750] 3562fe79-a7e8-4b24-a2c0-059135329485: Sackin index -0.0699; 2.6 s; peak memory 393 MiB.
2026-10-05T00:23:13Z INFO [233/750] 3563245d-d59a-4e4b-9031-bc16718eb6ad: Sackin index -0.1683; 1.1 s; peak memory 393 MiB.
2026-10-05T00:23:17Z INFO [234/750] 3564116f-5865-4d67-a7e9-79b29bba4658: Sackin index -0.0265; 4.3 s; peak memory 393 MiB.
2026-10-05T00:23:23Z INFO [235/750] 35644386-788d-4d56-8024-c73b711423e7: Sackin index -0.0756; 6.1 s; peak memory 393 MiB.
2026-10-05T00:23:24Z INFO [236/750] 356529f1-caaf-4757-84cd-3af4d0c0664c: Sackin index -0.1938; 0.9 s; peak memory 393 MiB.
2026-10-05T00:23:25Z INFO [237/750] 3565d0fc-bfb6-499e-88c0-fd05c48411df: Sackin index -0.0728; 1.3 s; peak memory 393 MiB.
2026-10-05T00:23:29Z INFO [238/750] 35674b98-e81e-4fe8-abbe-db5e51cc73f5: Sackin index -0.0835; 3.0 s; peak memory 393 MiB.
2026-10-05T00:23:30Z INFO [239/750] 35677348-8137-4dca-ad2c-f2ef9b0765ea: Sackin index -0.0748; 1.2 s; peak memory 393 MiB.
2026-10-05T00:23:31Z INFO [240/750] 356786c0-2a58-4b16-baee-06aa99ec74f8: Sackin index -0.0702; 1.2 s; peak memory 393 MiB.
2026-10-05T00:27:12Z INFO [241/750] 3567c8c3-b21d-443e-8515-9f2982cbb02e: Sackin index -0.0409; 220.7 s; peak memory 501 MiB.
2026-10-05T00:27:19Z INFO [242/750] 35682e98-4230-4a8c-a63e-400e98635124: Sackin index -0.0159; 7.5 s; peak memory 501 MiB.
2026-10-05T00:27:21Z INFO [243/750] 35686bde-de83-4c57-89ef-672ed62cd065: Sackin index -0.1214; 1.7 s; peak memory 501 MiB.
2026-10-05T00:27:22Z INFO [244/750] 35693c76-bc1c-4fe7-abc8-1cf90064ef9a: Sackin index -0.0569; 1.2 s; peak memory 501 MiB.
2026-10-05T00:27:24Z INFO [245/750] 3569bf3c-92c7-4d87-9e2f-be2c3c1aff7e: Sackin index -0.0693; 2.4 s; peak memory 501 MiB.
2026-10-05T00:27:25Z INFO [246/750] 356ae564-0da3-4207-8ba4-8e6e52982970: Sackin index -0.1397; 0.9 s; peak memory 501 MiB.
2026-10-05T00:27:27Z INFO [247/750] 356b34af-a95f-4f9a-9125-140934646a94: Sackin index -0.1602; 1.2 s; peak memory 501 MiB.
2026-10-05T00:27:28Z INFO [248/750] 356b4cf8-9c19-4aa8-8f17-5f91a6c51f28: Sackin index -0.0369; 1.7 s; peak memory 501 MiB.
2026-10-05T00:27:30Z INFO [249/750] 356b82b7-948b-4cdd-8cd5-e451b845dd0b: Sackin index -0.0728; 1.5 s; peak memory 501 MiB.
2026-10-05T00:29:35Z INFO [250/750] 356c7067-2ca6-4085-ba3a-822932efaf60: Sackin index -0.0456; 125.4 s; peak memory 501 MiB.
2026-10-05T00:29:35Z INFO [250/750] 356c7067-2ca6-4085-ba3a-822932efaf60: checkpointed 72836 records.
2026-10-05T00:29:36Z INFO [251/750] 356e0a2c-a1ce-42fb-983f-6a1cc8624e57: Sackin index -0.1349; 1.1 s; peak memory 501 MiB.
2026-10-05T00:29:37Z INFO [252/750] 356f937c-3ebb-4d6d-bdb2-04b733842eb1: Sackin index -0.1349; 1.1 s; peak memory 501 MiB.
2026-10-05T00:29:39Z INFO [253/750] 35706617-602d-49fc-8dff-def6c0a1a684: Sackin index -0.1248; 1.1 s; peak memory 501 MiB.
2026-10-05T00:29:49Z INFO [254/750] 35710c0c-6f9a-490c-acb9-897a711a0039: Sackin index -0.0262; 10.9 s; peak memory 501 MiB.
2026-10-05T00:29:50Z INFO [255/750] 3571384d-60e7-43e8-84c9-70e8619201d6: Sackin index -0.1658; 0.7 s; peak memory 501 MiB.
2026-10-05T00:29:51Z INFO [256/750] 35722863-3408-4f06-a14b-2c67526d51f8: Sackin index -0.0728; 0.9 s; peak memory 501 MiB.
2026-10-05T00:29:52Z INFO [257/750] 357278ce-cfcd-4bc5-b1e3-98114a8f560c: Sackin index -0.1658; 0.7 s; peak memory 501 MiB.
2026-10-05T00:30:05Z INFO [258/750] 3572b728-82a9-4a10-acb4-3e34189e12e9: Sackin index -0.0130; 13.1 s; peak memory 501 MiB.
2026-10-05T00:30:07Z INFO [259/750] 3572bd2c-fbfa-420a-8dec-3fbf984a544c: Sackin index -0.0978; 2.3 s; peak memory 501 MiB.
2026-10-05T00:30:08Z INFO [260/750] 35739452-1c08-442f-bb76-c121ca29750b: Sackin index -0.1349; 1.0 s; peak memory 501 MiB.
2026-10-05T00:30:09Z INFO [261/750] 357444be-9e37-4bc0-b291-8b01a2ca87ec: Sackin index -0.1161; 0.8 s; peak memory 501 MiB.
2026-10-05T00:30:10Z INFO [262/750] 3574b6c0-671d-48cd-bccc-086edd677e5d: Sackin index -0.1658; 1.0 s; peak memory 501 MiB.
2026-10-05T00:30:11Z INFO [263/750] 3574ce5f-de19-4dce-8bfb-eb60298b22dd: Sackin index -0.1658; 0.7 s; peak memory 501 MiB.
2026-10-05T00:30:12Z INFO [264/750] 35756725-aca9-4298-8391-65eeb1067e8c: Sackin index -0.0702; 1.3 s; peak memory 501 MiB.
2026-10-05T00:30:13Z INFO [265/750] 357634d0-ee60-4351-af1c-1f8ee7e52cdc: Sackin index -0.0702; 1.2 s; peak memory 501 MiB.
2026-10-05T00:30:15Z INFO [266/750] 35763d1b-ab80-4504-baa4-f1e8ca9fdd6c: Sackin index -0.1356; 1.4 s; peak memory 501 MiB.
2026-10-05T00:30:16Z INFO [267/750] 3576645d-ec2a-4b10-b6b2-7547c1f99678: Sackin index -0.0728; 1.9 s; peak memory 501 MiB.
2026-10-05T00:30:18Z INFO [268/750] 3576c7ab-4306-4763-9d99-430e42fbeb38: Sackin index -0.1349; 1.0 s; peak memory 501 MiB.
2026-10-05T00:30:21Z INFO [269/750] 357739f1-21fd-47c8-b323-83a23aca5aef: Sackin index -0.1062; 3.4 s; peak memory 501 MiB.
2026-10-05T00:30:23Z INFO [270/750] 357755c7-b56b-4080-835a-c04b2ea0028c: Sackin index -0.0676; 1.8 s; peak memory 501 MiB.
2026-10-05T00:30:24Z INFO [271/750] 35781736-2740-4a54-95a3-ac1a6ac45e55: Sackin index -0.1349; 0.9 s; peak memory 501 MiB.
2026-10-05T00:30:25Z INFO [272/750] 35781dff-6b3f-4ade-be01-a85ac38b8a6c: Sackin index -0.0696; 1.4 s; peak memory 501 MiB.
2026-10-05T00:30:26Z INFO [273/750] 357824dc-a4cb-4ae9-86a1-e132c331582f: Sackin index -0.1349; 1.1 s; peak memory 501 MiB.
2026-10-05T00:30:27Z INFO [274/750] 357b143b-8e55-4b8e-acb0-f0fb69f99e59: Sackin index -0.0728; 1.2 s; peak memory 501 MiB.
2026-10-05T00:30:28Z INFO [275/750] 357b7e8d-43a3-4e55-9fb4-7b9d6d14dd4e: Sackin index -0.1191; 1.0 s; peak memory 501 MiB.
2026-10-05T00:30:29Z INFO [276/750] 357c7d7d-45e4-405a-b79a-3b8e11aef319: Sackin index -0.1349; 1.0 s; peak memory 501 MiB.
2026-10-05T00:30:30Z INFO [277/750] 357ed06e-3a6e-4f68-97f5-d3bf9249f13c: Sackin index -0.1349; 1.0 s; peak memory 501 MiB.
2026-10-05T00:30:31Z INFO [278/750] 357ed94e-d42d-480a-bd51-0a49381c70b0: Sackin index -0.0702; 1.1 s; peak memory 501 MiB.
2026-10-05T00:30:53Z INFO [279/750] 357eeffe-7367-4e1b-82db-1af36c66ce59: Sackin index -0.0668; 21.3 s; peak memory 501 MiB.
2026-10-05T00:31:01Z INFO [280/750] 35808086-b118-4de4-bdf6-e05b5b2a0e7f: Sackin index -0.1310; 8.4 s; peak memory 501 MiB.
2026-10-05T00:31:02Z INFO [281/750] 35810ffa-f023-4063-ad99-4d547adaa520: Sackin index -0.1120; 0.8 s; peak memory 501 MiB.
2026-10-05T00:31:08Z INFO [282/750] 35829c8a-98c6-411b-aa33-ad12daa272b0: Sackin index -0.0435; 6.1 s; peak memory 501 MiB.
2026-10-05T00:31:09Z INFO [283/750] 3585ff1c-2d0f-45de-ba58-55c17cfd0fb5: Sackin index -0.0715; 1.2 s; peak memory 501 MiB.
2026-10-05T00:31:12Z INFO [284/750] 35861cd7-9607-418b-a106-94705e9c1681: Sackin index -0.0676; 2.5 s; peak memory 501 MiB.
2026-10-05T00:31:13Z INFO [285/750] 3586d2e9-6bd1-49eb-9d76-6ae85019e474: Sackin index -0.1349; 0.9 s; peak memory 501 MiB.
2026-10-05T00:31:14Z INFO [286/750] 3586fbfb-8f85-427f-ac32-a80477815f51: Sackin index -0.0728; 1.5 s; peak memory 501 MiB.
2026-10-05T00:31:15Z INFO [287/750] 3587207c-5f66-481c-b109-51bd136846dd: Sackin index -0.0886; 1.2 s; peak memory 501 MiB.
2026-10-05T00:31:16Z INFO [288/750] 3588ab2b-b008-4736-908b-d3b37be9bdc5: Sackin index -0.0881; 1.2 s; peak memory 501 MiB.
2026-10-05T00:31:17Z INFO [289/750] 3588ab66-72b9-4c23-8a15-c028c2a2033e: Sackin index -0.1349; 1.0 s; peak memory 501 MiB.
2026-10-05T00:31:25Z INFO [290/750] 35890ddd-33d9-4ed2-a55e-24cc5b2a85da: Sackin index -0.0271; 7.3 s; peak memory 501 MiB.
2026-10-05T00:31:26Z INFO [291/750] 35899ed1-092c-4d64-9bab-430370536148: Sackin index -0.1349; 1.0 s; peak memory 501 MiB.
2026-10-05T00:31:27Z INFO [292/750] 3589e630-7b93-4a39-8bf8-7bb1903cf738: Sackin index -0.1361; 1.0 s; peak memory 501 MiB.
2026-10-05T00:31:28Z INFO [293/750] 358a88e5-2524-4ed2-9db9-ad6b021c002f: Sackin index -0.1349; 1.0 s; peak memory 501 MiB.
2026-10-05T00:31:29Z INFO [294/750] 358ab55a-afc5-4389-a78a-b22fe98ee9e8: Sackin index -0.1248; 1.1 s; peak memory 501 MiB.
2026-10-05T00:31:30Z INFO [295/750] 358b95ab-595c-4f2a-a131-514bcf0eee0b: Sackin index -0.1349; 1.0 s; peak memory 501 MiB.
2026-10-05T00:31:31Z INFO [296/750] 358bbfee-f64e-490f-8ce9-cfa158a6c2fd: Sackin index -0.1349; 1.0 s; peak memory 501 MiB.
2026-10-05T00:31:43Z INFO [297/750] 358c9e70-5385-4a07-8a60-9ce7b6967987: Sackin index -0.0365; 12.2 s; peak memory 501 MiB.
2026-10-05T00:31:44Z INFO [298/750] 358cce49-8fb9-4f13-9a47-5bdf62adde2d: Sackin index -0.1448; 0.8 s; peak memory 501 MiB.
2026-10-05T00:31:45Z INFO [299/750] 358cf52e-b0b0-4261-bada-a949d9cd8303: Sackin index -0.1349; 0.9 s; peak memory 501 MiB.
2026-10-05T00:31:45Z INFO [300/750] 358dfde0-79bf-47bd-9de4-b85852d2a653: Sackin index -0.1448; 0.8 s; peak memory 501 MiB.
2026-10-05T00:31:46Z INFO [300/750] 358dfde0-79bf-47bd-9de4-b85852d2a653: checkpointed 72886 records.
2026-10-05T00:31:47Z INFO [301/750] 358ee411-3ec6-4c70-84ec-62aa3420894a: Sackin index -0.1938; 0.9 s; peak memory 501 MiB.
2026-10-05T00:31:48Z INFO [302/750] 358f8160-06ac-49fd-9df8-c3697fef4882: Sackin index -0.0728; 1.3 s; peak memory 501 MiB.
2026-10-05T00:31:49Z INFO [303/750] 359034f3-13b1-459c-9f15-4de4a05eba7b: Sackin index -0.0702; 1.2 s; peak memory 501 MiB.
2026-10-05T00:31:50Z INFO [304/750] 359088e3-9e67-4f10-9bcb-39f05d0140f3: Sackin index -0.1349; 1.0 s; peak memory 501 MiB.
2026-10-05T00:31:51Z INFO [305/750] 3590eee2-300d-4d5a-a31a-d7f3331fd9f6: Sackin index -0.1349; 1.1 s; peak memory 501 MiB.
2026-10-05T00:31:52Z INFO [306/750] 35913947-69b7-46a0-a728-26d8be7afb68: Sackin index -0.1272; 0.7 s; peak memory 501 MiB.
2026-10-05T00:31:53Z INFO [307/750] 3591a65d-25d8-42d6-818a-bf3189a6d845: Sackin index -0.0702; 1.2 s; peak memory 501 MiB.
2026-10-05T00:32:00Z INFO [308/750] 3591dc6b-3dbc-415f-b190-362f57dc6217: Sackin index -0.0940; 6.7 s; peak memory 501 MiB.
2026-10-05T00:32:01Z INFO [309/750] 3591f4e4-a5a7-4e1c-8832-8c2de61826a9: Sackin index -0.1349; 1.0 s; peak memory 501 MiB.
2026-10-05T00:32:12Z INFO [310/750] 35921d97-36f9-450c-9f22-cacd917c7fa5: Sackin index -0.0172; 11.6 s; peak memory 501 MiB.
2026-10-05T00:32:14Z INFO [311/750] 359233db-f2bf-4a1d-9dfa-4c15af1df854: Sackin index -0.0275; 1.6 s; peak memory 501 MiB.
2026-10-05T00:32:22Z INFO [312/750] 3592aa54-3412-4c66-8431-33152360e79e: Sackin index -0.0135; 8.2 s; peak memory 501 MiB.
2026-10-05T00:32:54Z INFO [313/750] 359328b2-1060-40ee-af34-e365ffc61a1e: Sackin index -0.0024; 31.6 s; peak memory 501 MiB.
2026-10-05T00:32:55Z INFO [314/750] 359330f9-165f-4ea4-a16b-83df726da343: Sackin index -0.0275; 1.7 s; peak memory 501 MiB.
2026-10-05T00:32:56Z INFO [315/750] 35937fb7-1622-48b8-a133-d1e8093fdacb: Sackin index -0.1349; 1.0 s; peak memory 501 MiB.
2026-10-05T00:32:57Z INFO [316/750] 3593e131-bcbe-4aed-b9c4-5c3dce26f424: Sackin index -0.1272; 0.9 s; peak memory 501 MiB.
2026-10-05T00:32:59Z INFO [317/750] 359438cf-6846-48b8-8490-72a22b4e507f: Sackin index -0.0748; 1.2 s; peak memory 501 MiB.
2026-10-05T00:33:00Z INFO [318/750] 359481fb-49f3-49a1-968c-972cc9ef8ddc: Sackin index -0.1191; 1.0 s; peak memory 501 MiB.
2026-10-05T00:33:00Z INFO [319/750] 3594dfbf-80c0-4b94-ade3-31e2c3795f7e: Sackin index -0.1349; 0.9 s; peak memory 501 MiB.
2026-10-05T00:33:02Z INFO [320/750] 3595279e-57dc-4a44-9cc7-2e5392d0f505: Sackin index -0.0728; 1.3 s; peak memory 501 MiB.
2026-10-05T00:33:04Z INFO [321/750] 35958852-208c-4923-99a5-cbe02337bca6: Sackin index -0.0658; 2.3 s; peak memory 501 MiB.
2026-10-05T00:33:05Z INFO [322/750] 3595de77-7bf4-4fa5-b512-8c495b8cf750: Sackin index -0.1273; 1.4 s; peak memory 501 MiB.
2026-10-05T00:33:07Z INFO [323/750] 3597d1ee-c05c-4b3b-b78c-7cc756d8f5a9: Sackin index -0.1349; 1.1 s; peak memory 501 MiB.
2026-10-05T00:33:08Z INFO [324/750] 3597fd7c-d16b-4295-85d5-e408f9557c4b: Sackin index -0.0375; 1.5 s; peak memory 501 MiB.
2026-10-05T00:33:09Z INFO [325/750] 3598111d-6664-4c36-afd7-bd13064cccaa: Sackin index -0.0386; 1.2 s; peak memory 501 MiB.
2026-10-05T00:33:11Z INFO [326/750] 35984572-6171-4233-a138-fbe054363394: Sackin index -0.0728; 1.4 s; peak memory 501 MiB.
2026-10-05T00:33:13Z INFO [327/750] 3598b6d6-b6ad-49c6-9515-f145a4481422: Sackin index -0.0699; 2.4 s; peak memory 501 MiB.
2026-10-05T00:33:20Z INFO [328/750] 3598e1a2-7e89-484e-8223-7e4dc1203765: Sackin index -0.1938; 6.7 s; peak memory 501 MiB.
2026-10-05T00:33:21Z INFO [329/750] 3599de83-0ba3-4784-8c8b-c687552a1f69: Sackin index -0.1349; 1.1 s; peak memory 501 MiB.
2026-10-05T00:33:43Z INFO [330/750] 359acf99-e7fd-44a3-ab99-3991ab605e12: Sackin index -0.0149; 22.4 s; peak memory 501 MiB.
2026-10-05T00:33:45Z INFO [331/750] 359ad6c9-f797-416a-a63f-fab29ea02924: Sackin index -0.0676; 1.7 s; peak memory 501 MiB.
2026-10-05T00:33:46Z INFO [332/750] 359be98b-10b2-4cb2-acef-f878c6377b41: Sackin index -0.1248; 1.0 s; peak memory 501 MiB.
2026-10-05T00:33:51Z INFO [333/750] 359c839b-ae13-48e6-8ab3-04daa2d7c98c: Sackin index -0.0233; 5.0 s; peak memory 501 MiB.
2026-10-05T00:33:52Z INFO [334/750] 359d48c0-3aa2-441a-a8f0-bf1b73ddffde: Sackin index -0.1349; 1.0 s; peak memory 501 MiB.
2026-10-05T00:33:53Z INFO [335/750] 359e5f85-f72f-48e1-8483-8b02d1898885: Sackin index -0.1215; 1.2 s; peak memory 501 MiB.
2026-10-05T00:33:55Z INFO [336/750] 359e78e7-a6cb-4f0f-a844-095fb449b045: Sackin index -0.1370; 1.7 s; peak memory 501 MiB.
2026-10-05T00:33:56Z INFO [337/750] 359f006d-2e42-4b4f-8aa2-22ddcf0230e9: Sackin index -0.0728; 1.2 s; peak memory 501 MiB.
2026-10-05T00:33:57Z INFO [338/750] 359f38e2-0654-4a16-b9b3-11b9461af2eb: Sackin index -0.1349; 1.0 s; peak memory 501 MiB.
2026-10-05T00:33:58Z INFO [339/750] 359f3eb1-63bc-4672-8b0d-083b00aa6922: Sackin index -0.1349; 0.9 s; peak memory 501 MiB.
2026-10-05T00:33:59Z INFO [340/750] 359f6560-f4aa-4cc5-add5-0aca035a6e03: Sackin index -0.1349; 1.0 s; peak memory 501 MiB.
2026-10-05T00:34:00Z INFO [341/750] 35a0460e-6d12-4965-b6f7-bec7597974b9: Sackin index -0.1402; 1.2 s; peak memory 501 MiB.
2026-10-05T00:34:01Z INFO [342/750] 35a19437-6526-4c96-99c8-d91df5257a61: Sackin index -0.2147; 0.8 s; peak memory 501 MiB.
2026-10-05T00:34:02Z INFO [343/750] 35a19896-c769-48a1-9f15-9896856d6bd2: Sackin index -0.0728; 1.3 s; peak memory 501 MiB.
2026-10-05T00:34:03Z INFO [344/750] 35a1a949-510b-45b3-a13b-87c372978712: Sackin index -0.0709; 1.2 s; peak memory 501 MiB.
2026-10-05T00:34:04Z INFO [345/750] 35a21e5f-824d-4bbf-b125-228fb37cb7e7: Sackin index -0.0883; 1.1 s; peak memory 501 MiB.
2026-10-05T00:34:05Z INFO [346/750] 35a23c5c-f386-45e1-8c9c-79ed9d12001a: Sackin index -0.1658; 0.8 s; peak memory 501 MiB.
2026-10-05T00:34:06Z INFO [347/750] 35a25052-49a8-469e-8d54-c0c17c9afbd4: Sackin index -0.1349; 0.9 s; peak memory 501 MiB.
2026-10-05T00:34:07Z INFO [348/750] 35a2b73a-e8a0-4dd5-8448-2c553590556f: Sackin index -0.0702; 1.1 s; peak memory 501 MiB.
2026-10-05T00:34:15Z INFO [349/750] 35a33b51-a14a-4bec-8029-aaf3c57334e1: Sackin index -0.0209; 7.9 s; peak memory 501 MiB.
2026-10-05T00:34:16Z INFO [350/750] 35a33ddc-1986-448b-ac8a-21215ae8614b: Sackin index -0.0379; 1.3 s; peak memory 501 MiB.
2026-10-05T00:34:17Z INFO [350/750] 35a33ddc-1986-448b-ac8a-21215ae8614b: checkpointed 72936 records.
2026-10-05T00:34:17Z INFO [351/750] 35a3cbf2-8932-4df8-80f9-262a6ff0605e: Sackin index -0.1658; 0.8 s; peak memory 501 MiB.
2026-10-05T00:34:18Z INFO [352/750] 35a47a23-2d21-401f-95c9-ca9f13f6ef8b: Sackin index -0.1349; 1.1 s; peak memory 501 MiB.
2026-10-05T00:34:20Z INFO [353/750] 35a4a78d-aba2-4b2c-a713-4614f5b370b2: Sackin index -0.0709; 1.4 s; peak memory 501 MiB.
2026-10-05T00:34:23Z INFO [354/750] 35a4e589-8844-4b82-9b21-1cadbabd1542: Sackin index -0.0779; 3.5 s; peak memory 501 MiB.
2026-10-05T00:34:24Z INFO [355/750] 35a4f01f-d728-4950-aa05-cb786319d78f: Sackin index -0.1658; 0.8 s; peak memory 501 MiB.
2026-10-05T00:34:26Z INFO [356/750] 35a5eebf-47ab-4aad-86a0-9f2256dd8514: Sackin index -0.0728; 1.4 s; peak memory 501 MiB.
2026-10-05T00:34:27Z INFO [357/750] 35a65664-b9bf-4d6b-be55-2aff354120d4: Sackin index -0.0702; 1.2 s; peak memory 501 MiB.
2026-10-05T00:34:28Z INFO [358/750] 35a86b3b-19dd-47a8-a10d-06dcd8534c54: Sackin index -0.0709; 1.2 s; peak memory 501 MiB.
2026-10-05T00:34:29Z INFO [359/750] 35a88d27-d449-49b7-b8d9-df0f75fbd122: Sackin index -0.0728; 1.5 s; peak memory 501 MiB.
2026-10-05T00:34:38Z INFO [360/750] 35a91348-10ef-435c-91db-8f975d4bf1b9: Sackin index -0.0039; 9.0 s; peak memory 501 MiB.
2026-10-05T00:34:41Z INFO [361/750] 35aa894a-158f-4bd8-bef0-8acf6c7fb50c: Sackin index -0.0833; 2.6 s; peak memory 501 MiB.
2026-10-05T00:36:11Z INFO [362/750] 35ab8cd0-0dad-4f5a-9d3c-20edf98214ae: Sackin index -0.0305; 90.2 s; peak memory 501 MiB.
2026-10-05T00:36:14Z INFO [363/750] 35abcbad-93f6-40cd-81bc-66b81d5415bb: Sackin index -0.0526; 3.1 s; peak memory 501 MiB.
2026-10-05T00:36:15Z INFO [364/750] 35ac1633-25dd-4b12-9eaa-cd7ec3bd048c: Sackin index -0.0667; 1.0 s; peak memory 501 MiB.
2026-10-05T00:36:17Z INFO [365/750] 35ac6206-116b-433c-b393-d50ba02b0ac8: Sackin index -0.1273; 1.3 s; peak memory 501 MiB.
2026-10-05T00:36:19Z INFO [366/750] 35ad2a2c-21ae-4618-95fe-bf28fbaba90d: Sackin index -0.1938; 1.9 s; peak memory 501 MiB.
2026-10-05T00:36:20Z INFO [367/750] 35ad8018-7235-4b17-8b67-f726c3dead58: Sackin index -0.1340; 1.3 s; peak memory 501 MiB.
2026-10-05T00:36:21Z INFO [368/750] 35adbe6e-f66f-4634-a488-6c08a0dcc0a6: Sackin index -0.1273; 1.5 s; peak memory 501 MiB.
2026-10-05T00:36:22Z INFO [369/750] 35af3c57-83ed-492f-afeb-d8bab84865cc: Sackin index -0.1731; 0.9 s; peak memory 501 MiB.
2026-10-05T00:36:37Z INFO [370/750] 35af63c7-83e1-4c2c-872a-2301f03d7ba6: Sackin index -0.1462; 14.9 s; peak memory 501 MiB.
2026-10-05T00:36:38Z INFO [371/750] 35af69d8-0d92-40a5-89a3-08742a43846b: Sackin index -0.1000; 1.2 s; peak memory 501 MiB.
2026-10-05T00:36:39Z INFO [372/750] 35b01326-6854-4ec8-b298-c8f1a8078531: Sackin index -0.1349; 1.0 s; peak memory 501 MiB.
2026-10-05T00:36:40Z INFO [373/750] 35b11bdc-5829-416d-b285-952fcc4de642: Sackin index -0.1349; 1.1 s; peak memory 501 MiB.
2026-10-05T00:36:42Z INFO [374/750] 35b14269-fcca-4e41-b171-fb206862b6ed: Sackin index -0.1233; 1.5 s; peak memory 501 MiB.
2026-10-05T00:37:01Z INFO [375/750] 35b1ab23-7b2f-4f3d-bebd-3ca75883ef6c: Sackin index -0.1367; 18.9 s; peak memory 501 MiB.
2026-10-05T00:37:11Z INFO [376/750] 35b1b2fc-a81a-4984-be56-6372167d644b: Sackin index -0.0143; 9.7 s; peak memory 501 MiB.
2026-10-05T00:37:12Z INFO [377/750] 35b1f571-78ce-4ccb-a04c-29c45ca2614c: Sackin index -0.0728; 1.4 s; peak memory 501 MiB.
2026-10-05T00:37:13Z INFO [378/750] 35b257e7-b02c-42f1-b407-613e6125bbd5: Sackin index -0.0702; 1.2 s; peak memory 501 MiB.
2026-10-05T00:37:14Z INFO [379/750] 35b37db9-2155-4fc4-a3a3-94b4246387ff: Sackin index -0.1397; 0.8 s; peak memory 501 MiB.
2026-10-05T00:37:15Z INFO [380/750] 35b3dec5-68f2-452c-8806-833fe461ad23: Sackin index -0.1349; 0.9 s; peak memory 501 MiB.
2026-10-05T00:37:17Z INFO [381/750] 35b43112-3069-41f1-9e74-73e9d944bb5b: Sackin index -0.0797; 2.6 s; peak memory 501 MiB.
2026-10-05T00:37:18Z INFO [382/750] 35b43c72-24af-4966-a787-b164de1f61c7: Sackin index -0.1349; 0.9 s; peak memory 501 MiB.
2026-10-05T00:37:29Z INFO [383/750] 35b45056-4aaf-4db8-b3b1-ef5914197f15: Sackin index -0.0262; 11.1 s; peak memory 501 MiB.
2026-10-05T00:37:44Z INFO [384/750] 35b48ebb-d79f-4ba6-b225-5fc7b0be1aad: Sackin index -0.0389; 14.2 s; peak memory 501 MiB.
2026-10-05T00:37:45Z INFO [385/750] 35b4c415-99d2-40d5-b383-bf14118ef522: Sackin index -0.0811; 1.0 s; peak memory 501 MiB.
2026-10-05T00:37:46Z INFO [386/750] 35b4e856-e61b-494d-9b26-7d35964269bd: Sackin index -0.0709; 1.3 s; peak memory 501 MiB.
2026-10-05T00:37:48Z INFO [387/750] 35b56aed-f63d-416c-a7b3-492fcd7c32df: Sackin index -0.0686; 2.3 s; peak memory 501 MiB.
2026-10-05T00:37:49Z INFO [388/750] 35b59e3a-c8b5-4b1f-b0d9-ba0fb244adf1: Sackin index -0.1248; 1.0 s; peak memory 501 MiB.
2026-10-05T00:37:51Z INFO [389/750] 35b5ebd5-914f-471b-8843-2b470e8b9e2e: Sackin index -0.0699; 2.0 s; peak memory 501 MiB.
2026-10-05T00:37:53Z INFO [390/750] 35b68ebc-7e06-48c4-8c1e-f11d45df3c74: Sackin index -0.0234; 2.1 s; peak memory 501 MiB.
2026-10-05T00:37:54Z INFO [391/750] 35b7128d-eb79-49af-8e3c-1440adb9af87: Sackin index -0.1349; 0.9 s; peak memory 501 MiB.
2026-10-05T00:37:55Z INFO [392/750] 35b74610-5e2e-412f-9f90-144fe3bcdbe6: Sackin index -0.0702; 1.2 s; peak memory 501 MiB.
2026-10-05T00:37:56Z INFO [393/750] 35b84ad3-aa8d-4f14-a6be-9040167df0b3: Sackin index -0.1000; 1.1 s; peak memory 501 MiB.
2026-10-05T00:38:03Z INFO [394/750] 35b9024c-911d-4dd9-89dc-977c3b242862: Sackin index -0.0940; 6.3 s; peak memory 501 MiB.
2026-10-05T00:43:42Z INFO [395/750] 35b960de-3b72-46b5-870b-0f5c9d4ba924: Sackin index -0.0123; 339.0 s; peak memory 1172 MiB.
2026-10-05T00:43:43Z INFO [396/750] 35b9a73f-8c55-42a9-8afd-ab6fe678ed60: Sackin index -0.1349; 1.1 s; peak memory 1172 MiB.
2026-10-05T00:43:46Z INFO [397/750] 35ba2b4f-ebd9-4540-8179-658efd8f70c1: Sackin index -0.0454; 3.1 s; peak memory 1172 MiB.
2026-10-05T00:43:48Z INFO [398/750] 35bba058-6c4a-4736-90c2-3d46b362dd01: Sackin index -0.1072; 1.7 s; peak memory 1172 MiB.
2026-10-05T00:43:49Z INFO [399/750] 35bbd90d-735f-4827-83b6-5b72b4aed3f8: Sackin index -0.0380; 1.1 s; peak memory 1172 MiB.
2026-10-05T00:43:50Z INFO [400/750] 35bc3721-3513-4dda-828d-ea91aa0ca802: Sackin index -0.1349; 1.1 s; peak memory 1172 MiB.
2026-10-05T00:43:50Z INFO [400/750] 35bc3721-3513-4dda-828d-ea91aa0ca802: checkpointed 72986 records.
2026-10-05T00:43:51Z INFO [401/750] 35bc54dd-2140-4e07-a6cd-fcc42f170c67: Sackin index -0.1349; 1.2 s; peak memory 1172 MiB.
2026-10-05T00:43:53Z INFO [402/750] 35bcec93-b7c7-436c-97b5-39b2d37e5666: Sackin index -0.0745; 1.4 s; peak memory 1172 MiB.
2026-10-05T00:43:56Z INFO [403/750] 35bd0d54-89d2-4069-b76f-f5eed5454578: Sackin index -0.0312; 3.4 s; peak memory 1172 MiB.
2026-10-05T00:43:57Z INFO [404/750] 35bd5b41-6656-4b32-967e-fd1844724a24: Sackin index -0.1349; 1.0 s; peak memory 1172 MiB.
2026-10-05T00:43:59Z INFO [405/750] 35be502b-866d-4644-b7f3-6a37e821c834: Sackin index -0.1291; 1.4 s; peak memory 1172 MiB.
2026-10-05T00:44:00Z INFO [406/750] 35c003e5-473d-4614-b107-f0982d77ab3c: Sackin index -0.0702; 1.2 s; peak memory 1172 MiB.
2026-10-05T00:44:01Z INFO [407/750] 35c02ada-7baf-428b-bde5-b9c6726faa64: Sackin index -0.1448; 0.8 s; peak memory 1172 MiB.
2026-10-05T00:44:02Z INFO [408/750] 35c1231a-8f3a-4e50-9d18-2ec63e7233b8: Sackin index -0.0702; 1.0 s; peak memory 1172 MiB.
2026-10-05T00:44:06Z INFO [409/750] 35c16b78-deb7-4db3-b607-4f5ce6414052: Sackin index -0.0271; 3.8 s; peak memory 1172 MiB.
2026-10-05T00:44:06Z INFO [410/750] 35c3b3ae-9594-48e9-9d78-6cad5d1810c6: Sackin index -0.1178; 0.7 s; peak memory 1172 MiB.
2026-10-05T00:44:07Z INFO [411/750] 35c3d5bd-9b02-423d-9af9-2bf966d146fd: Sackin index -0.1658; 0.8 s; peak memory 1172 MiB.
2026-10-05T00:44:08Z INFO [412/750] 35c41a0d-5c48-47e2-82d3-0d92e4344659: Sackin index -0.0696; 1.1 s; peak memory 1172 MiB.
2026-10-05T00:44:09Z INFO [413/750] 35c4380e-6def-4c17-ac31-3ea67cabe01f: Sackin index -0.0702; 1.2 s; peak memory 1172 MiB.
2026-10-05T00:44:11Z INFO [414/750] 35c458c4-e7e0-4926-8665-eaf108657266: Sackin index -0.0479; 1.5 s; peak memory 1172 MiB.
2026-10-05T00:51:25Z INFO [415/750] 35c4a4ca-36dd-42c7-8d39-f059e35c1c3b: Sackin index -0.0668; 434.4 s; peak memory 1202 MiB.
2026-10-05T00:51:27Z INFO [416/750] 35c52f74-c9e5-44e3-880a-124dd34adffe: Sackin index -0.1013; 1.4 s; peak memory 1202 MiB.
2026-10-05T00:51:30Z INFO [417/750] 35c6119f-bd4f-49f8-8952-9178a18a15bb: Sackin index -0.0466; 3.0 s; peak memory 1202 MiB.
2026-10-05T00:51:31Z INFO [418/750] 35c70ad9-0489-4655-ac4b-46d6836b8ac4: Sackin index -0.0728; 1.4 s; peak memory 1202 MiB.
2026-10-05T00:51:32Z INFO [419/750] 35c755cd-d627-4811-b069-6ff5a27ec7e6: Sackin index -0.1461; 0.9 s; peak memory 1202 MiB.
2026-10-05T00:51:33Z INFO [420/750] 35c76c90-53d5-4d59-9c3a-77cd211c5a32: Sackin index -0.0696; 1.1 s; peak memory 1202 MiB.
2026-10-05T00:51:35Z INFO [421/750] 35c873ae-b187-44c6-a4e8-083f7fe57d2e: Sackin index -0.0275; 1.5 s; peak memory 1202 MiB.
2026-10-05T00:51:36Z INFO [422/750] 35c8fb2c-6b10-4b8f-ad2e-00c6f6bb8d10: Sackin index -0.0709; 1.5 s; peak memory 1202 MiB.
2026-10-05T00:51:37Z INFO [423/750] 35c97111-8c36-4fcc-9058-435e2dd735c0: Sackin index -0.1658; 1.0 s; peak memory 1202 MiB.
2026-10-05T00:51:38Z INFO [424/750] 35c97a63-84ae-43b5-835d-49e73dbb4575: Sackin index -0.0696; 1.1 s; peak memory 1202 MiB.
2026-10-05T00:51:40Z INFO [425/750] 35c99425-8e18-4313-a8d4-07096fafd4f5: Sackin index -0.0745; 1.3 s; peak memory 1202 MiB.
2026-10-05T00:51:40Z INFO [426/750] 35c9d838-40b9-49c8-8df7-14b8ff829684: Sackin index -0.1349; 0.9 s; peak memory 1202 MiB.
2026-10-05T00:51:49Z INFO [427/750] 35c9f2ce-8a34-420d-9a48-ee986cc307c0: Sackin index -0.0022; 8.4 s; peak memory 1202 MiB.
2026-10-05T00:51:50Z INFO [428/750] 35ca8170-255a-47e9-9906-1394c75ca3c8: Sackin index -0.0702; 1.2 s; peak memory 1202 MiB.
2026-10-05T00:51:51Z INFO [429/750] 35cb6f56-e7f8-4d3f-8b9a-895fba53336b: Sackin index -0.1349; 1.0 s; peak memory 1202 MiB.
2026-10-05T00:51:52Z INFO [430/750] 35cc3479-9e07-470e-a9a9-0867f5674542: Sackin index -0.1349; 1.0 s; peak memory 1202 MiB.
2026-10-05T00:51:54Z INFO [431/750] 35cc76d1-32e5-4a38-a900-b5160828e4e2: Sackin index -0.0375; 1.4 s; peak memory 1202 MiB.
2026-10-05T00:51:56Z INFO [432/750] 35cedc79-0b52-4ecd-9a5d-0116242bcb05: Sackin index -0.1938; 1.9 s; peak memory 1202 MiB.
2026-10-05T00:51:58Z INFO [433/750] 35cf3431-390e-473d-af1c-955a21e061ac: Sackin index -0.0169; 2.0 s; peak memory 1202 MiB.
2026-10-05T00:51:59Z INFO [434/750] 35cf8ebc-0abb-4f2c-a8c5-3efff018db6c: Sackin index -0.1349; 1.0 s; peak memory 1202 MiB.
2026-10-05T00:52:00Z INFO [435/750] 35d0cc43-c366-49e4-b178-05787009569e: Sackin index -0.0709; 1.1 s; peak memory 1202 MiB.
2026-10-05T00:52:01Z INFO [436/750] 35d1b204-d95e-44a7-bb82-2490bd8aeae8: Sackin index -0.0696; 1.2 s; peak memory 1202 MiB.
2026-10-05T00:52:02Z INFO [437/750] 35d1c57a-1ab8-4095-988d-a047be83cba7: Sackin index -0.0370; 1.6 s; peak memory 1202 MiB.
2026-10-05T00:52:04Z INFO [438/750] 35d20f64-f75c-4efe-a969-5052bb085761: Sackin index -0.0709; 1.2 s; peak memory 1202 MiB.
2026-10-05T00:52:04Z INFO [439/750] 35d345ae-af4d-45f1-9331-d59c2d7cc99c: Sackin index -0.1178; 0.8 s; peak memory 1202 MiB.
2026-10-05T00:52:05Z INFO [440/750] 35d3bd0a-e106-4071-88c7-e50424b2f9ef: Sackin index -0.1349; 1.0 s; peak memory 1202 MiB.
2026-10-05T00:52:06Z INFO [441/750] 35d42cb2-e4dd-4bf3-a2e9-1a92f7a3af0a: Sackin index -0.1472; 0.8 s; peak memory 1202 MiB.
2026-10-05T00:52:07Z INFO [442/750] 35d4d468-546e-4e38-a371-ed36f0138d58: Sackin index -0.1248; 1.0 s; peak memory 1202 MiB.
2026-10-05T00:52:08Z INFO [443/750] 35d547e1-199f-412c-b3cf-e8c04e23baca: Sackin index -0.1938; 0.9 s; peak memory 1202 MiB.
2026-10-05T00:52:10Z INFO [444/750] 35d57ca4-39cc-4d8e-b397-4711b920d42b: Sackin index -0.0745; 1.6 s; peak memory 1202 MiB.
2026-10-05T00:52:11Z INFO [445/750] 35d6593a-1ddf-4a50-88b4-a295a5b127da: Sackin index -0.0702; 1.0 s; peak memory 1202 MiB.
2026-10-05T00:52:12Z INFO [446/750] 35d69d11-6786-4b56-a97b-41f0be1cd8e6: Sackin index -0.1000; 1.3 s; peak memory 1202 MiB.
2026-10-05T00:52:13Z INFO [447/750] 35d700be-3745-4279-9135-abae4d0d6b93: Sackin index -0.1349; 0.9 s; peak memory 1202 MiB.
2026-10-05T00:52:21Z INFO [448/750] 35d703c7-eae1-45a4-b43a-45370a3cce21: Sackin index -0.0265; 8.4 s; peak memory 1202 MiB.
2026-10-05T00:57:54Z INFO [449/750] 35d76edd-cd7b-431b-a5f8-3e3267f84d57: Sackin index -0.0123; 332.2 s; peak memory 1251 MiB.
2026-10-05T00:57:54Z INFO [450/750] 35d79ef8-1d99-41af-b84d-39542784463e: Sackin index -0.1303; 0.9 s; peak memory 1251 MiB.
2026-10-05T00:57:55Z INFO [450/750] 35d79ef8-1d99-41af-b84d-39542784463e: checkpointed 73036 records.
2026-10-05T00:57:56Z INFO [451/750] 35d8a148-df8f-449e-81b2-71f18cbe31ce: Sackin index -0.1349; 1.0 s; peak memory 1251 MiB.
2026-10-05T00:58:04Z INFO [452/750] 35d9b7c3-9722-4585-90c0-f31f8d06bfcb: Sackin index -0.0216; 8.5 s; peak memory 1251 MiB.
2026-10-05T00:58:17Z INFO [453/750] 35daec4d-6e28-4a79-a22e-2afd5193de44: Sackin index -0.1892; 13.3 s; peak memory 1251 MiB.
2026-10-05T00:58:19Z INFO [454/750] 35dafe53-5348-42af-92d6-2f37f5978397: Sackin index -0.0702; 1.2 s; peak memory 1251 MiB.
2026-10-05T00:58:20Z INFO [455/750] 35db438f-0fc0-4ef7-8049-dd445efd0d83: Sackin index -0.1102; 1.5 s; peak memory 1251 MiB.
2026-10-05T00:58:22Z INFO [456/750] 35db87fb-1827-4702-b2fe-9690d4f7b609: Sackin index -0.0516; 2.3 s; peak memory 1251 MiB.
2026-10-05T00:58:23Z INFO [457/750] 35dbac17-9d63-4179-86b3-c00d92d3b526: Sackin index -0.1658; 0.7 s; peak memory 1251 MiB.
2026-10-05T00:58:24Z INFO [458/750] 35dc5141-eb38-4634-842e-4b0738d71aa2: Sackin index -0.1349; 1.0 s; peak memory 1251 MiB.
2026-10-05T00:58:25Z INFO [459/750] 35dce0a3-9d72-4b89-87b9-9141d98f068d: Sackin index -0.0707; 1.1 s; peak memory 1251 MiB.
2026-10-05T00:58:27Z INFO [460/750] 35dd29ed-16f5-4516-b018-cde063abad8f: Sackin index -0.0944; 1.7 s; peak memory 1251 MiB.
2026-10-05T00:58:28Z INFO [461/750] 35ddce2f-9e72-47b7-977f-da3f070cb82d: Sackin index -0.1349; 0.9 s; peak memory 1251 MiB.
2026-10-05T00:58:29Z INFO [462/750] 35de05dd-82a2-4e99-9df9-526857452e5f: Sackin index -0.0702; 1.3 s; peak memory 1251 MiB.
2026-10-05T00:58:30Z INFO [463/750] 35de396c-43cb-41ec-ba02-87a7fef0a3ff: Sackin index -0.1349; 0.9 s; peak memory 1251 MiB.
2026-10-05T00:58:33Z INFO [464/750] 35dec510-0bef-4c78-af34-01022b250c69: Sackin index -0.0660; 2.6 s; peak memory 1251 MiB.
2026-10-05T00:58:33Z INFO [465/750] 35dee1ab-c84d-4041-a829-4e067f2f729e: Sackin index -0.1448; 0.8 s; peak memory 1251 MiB.
2026-10-05T00:58:35Z INFO [466/750] 35df3818-b6fe-4b6f-a0df-26a95f7bfca9: Sackin index -0.1273; 1.3 s; peak memory 1251 MiB.
2026-10-05T00:58:36Z INFO [467/750] 35df94b1-5ec9-45e7-aa0d-6f8d93bdb775: Sackin index -0.1349; 1.1 s; peak memory 1251 MiB.
2026-10-05T00:58:37Z INFO [468/750] 35e0dd42-c3fb-4dd7-ae35-4c6491ed3ade: Sackin index -0.0369; 1.7 s; peak memory 1251 MiB.
2026-10-05T00:58:38Z INFO [469/750] 35e1ca2c-8932-42e8-bbcd-361c6a09821d: Sackin index -0.1349; 1.0 s; peak memory 1251 MiB.
2026-10-05T00:58:47Z INFO [470/750] 35e21ee7-cebf-4a46-99f0-71e2e6733ec6: Sackin index -0.0017; 8.4 s; peak memory 1251 MiB.
2026-10-05T00:58:56Z INFO [471/750] 35e30918-a59e-4b61-82e8-8f79ba2aea6f: Sackin index -0.0017; 8.6 s; peak memory 1251 MiB.
2026-10-05T00:59:03Z INFO [472/750] 35e3e403-92f5-486c-858b-c332cfad2c90: Sackin index -0.0392; 7.2 s; peak memory 1251 MiB.
2026-10-05T00:59:05Z INFO [473/750] 35e6ed12-ade7-4fd9-a945-69a7a3d14386: Sackin index -0.0699; 2.4 s; peak memory 1251 MiB.
2026-10-05T00:59:07Z INFO [474/750] 35e719c7-87d7-40dd-8186-64fe01818672: Sackin index -0.0702; 1.5 s; peak memory 1251 MiB.
2026-10-05T00:59:13Z INFO [475/750] 35e756b0-99b3-4b76-a615-79ffc2f33810: Sackin index -0.0251; 6.1 s; peak memory 1251 MiB.
2026-10-05T00:59:15Z INFO [476/750] 35e7d3b4-036d-4863-8fcf-16705a2fb8c7: Sackin index -0.0515; 2.4 s; peak memory 1251 MiB.
2026-10-05T00:59:17Z INFO [477/750] 35e85c73-dad0-4a36-b679-4b2f9a537640: Sackin index -0.0379; 1.6 s; peak memory 1251 MiB.
2026-10-05T00:59:18Z INFO [478/750] 35e94995-f58a-4808-b23e-981ec49453cb: Sackin index -0.0376; 1.1 s; peak memory 1251 MiB.
2026-10-05T00:59:20Z INFO [479/750] 35ea0b67-0630-4e64-bf72-0bd139527a57: Sackin index -0.0941; 1.8 s; peak memory 1251 MiB.
2026-10-05T00:59:21Z INFO [480/750] 35ea3e43-91b6-40c1-b2b9-37d3f47e625e: Sackin index -0.0696; 1.2 s; peak memory 1251 MiB.
2026-10-05T00:59:27Z INFO [481/750] 35eaaa30-15b5-49f0-ba7a-d8234e70a800: Sackin index -0.0779; 6.3 s; peak memory 1251 MiB.
2026-10-05T00:59:28Z INFO [482/750] 35ec3bd9-d614-49ff-9db0-c88c8ce8ea0d: Sackin index -0.0748; 1.1 s; peak memory 1251 MiB.
2026-10-05T00:59:31Z INFO [483/750] 35ee896d-398a-46e0-b622-eda3f8fe780d: Sackin index -0.0660; 2.7 s; peak memory 1251 MiB.
2026-10-05T00:59:32Z INFO [484/750] 35ee9ab6-84a8-44c8-8bc8-bd037f9b008b: Sackin index -0.1223; 0.7 s; peak memory 1251 MiB.
2026-10-05T00:59:33Z INFO [485/750] 35ef1116-a447-4962-ad09-a23fb1aa9868: Sackin index -0.0728; 1.5 s; peak memory 1251 MiB.
2026-10-05T00:59:34Z INFO [486/750] 35ef4a14-5876-4ec9-9ba9-2826a4b68ef5: Sackin index -0.1191; 1.0 s; peak memory 1251 MiB.
2026-10-05T00:59:36Z INFO [487/750] 35f03f01-dda6-443d-b537-ba909e38d14c: Sackin index -0.0676; 2.1 s; peak memory 1251 MiB.
2026-10-05T00:59:37Z INFO [488/750] 35f04119-d31c-435a-a686-2e31f8364ec7: Sackin index -0.0702; 1.1 s; peak memory 1251 MiB.
2026-10-05T00:59:38Z INFO [489/750] 35f066b6-f95c-4458-a738-9df300728011: Sackin index -0.1448; 0.7 s; peak memory 1251 MiB.
2026-10-05T00:59:41Z INFO [490/750] 35f08bfd-edaa-4627-be33-71fb92c248d0: Sackin index -0.0648; 3.0 s; peak memory 1251 MiB.
2026-10-05T00:59:46Z INFO [491/750] 35f09566-f8a6-420e-9bcc-45d00fb0b5af: Sackin index -0.0247; 4.7 s; peak memory 1251 MiB.
2026-10-05T00:59:47Z INFO [492/750] 35f1aeda-f7a7-43db-ba66-dbcc5098c2d7: Sackin index -0.1349; 1.1 s; peak memory 1251 MiB.
2026-10-05T00:59:48Z INFO [493/750] 35f32821-11f4-4dc4-8875-4902ec18235b: Sackin index -0.0449; 1.5 s; peak memory 1251 MiB.
2026-10-05T00:59:51Z INFO [494/750] 35f3aa16-53ad-42ae-afd8-e94fdb0e7ef2: Sackin index -0.0699; 2.3 s; peak memory 1251 MiB.
2026-10-05T00:59:53Z INFO [495/750] 35f3ebad-0e26-47c4-a22a-f1cc79c6838c: Sackin index -0.0369; 2.0 s; peak memory 1251 MiB.
2026-10-05T00:59:54Z INFO [496/750] 35f456e5-ca8d-4db5-af8e-b97722dadc58: Sackin index -0.0728; 1.1 s; peak memory 1251 MiB.
2026-10-05T00:59:55Z INFO [497/750] 35f54c73-9b32-4b10-bed1-5845eb46a903: Sackin index -0.0702; 1.3 s; peak memory 1251 MiB.
2026-10-05T00:59:56Z INFO [498/750] 35f6bf47-b1d0-4c37-b305-61ebefe5726a: Sackin index -0.0728; 1.4 s; peak memory 1251 MiB.
2026-10-05T00:59:59Z INFO [499/750] 35f7db73-f0e4-414b-85b0-5b469f173ef1: Sackin index -0.0718; 2.4 s; peak memory 1251 MiB.
2026-10-05T01:00:03Z INFO [500/750] 35f80e78-11fe-4640-b61c-272c0cce8938: Sackin index -0.0251; 4.7 s; peak memory 1251 MiB.
2026-10-05T01:00:04Z INFO [500/750] 35f80e78-11fe-4640-b61c-272c0cce8938: checkpointed 73086 records.
2026-10-05T01:00:05Z INFO [501/750] 35f81d02-4d19-4ee8-91df-7aefcd703672: Sackin index -0.1349; 1.0 s; peak memory 1251 MiB.
2026-10-05T01:00:06Z INFO [502/750] 35f89e09-b93f-4b6a-9f68-14549a8762d7: Sackin index -0.1349; 1.0 s; peak memory 1251 MiB.
2026-10-05T01:00:07Z INFO [503/750] 35f8f90d-eabd-4560-b909-4b7888aa5d24: Sackin index -0.1402; 1.2 s; peak memory 1251 MiB.
2026-10-05T01:00:10Z INFO [504/750] 35f92b55-92bc-45b6-a658-8c1ede4af11d: Sackin index -0.0869; 2.8 s; peak memory 1251 MiB.
2026-10-05T01:00:11Z INFO [505/750] 35fa448f-bf4a-406c-8da3-555942143072: Sackin index -0.1349; 1.0 s; peak memory 1251 MiB.
2026-10-05T01:00:11Z INFO [506/750] 35fa8ba7-fb62-4274-a955-5fdd5cad3cda: Sackin index -0.1298; 0.9 s; peak memory 1251 MiB.
2026-10-05T01:00:15Z INFO [507/750] 35fae112-0981-4a26-9d44-8272cee8d94d: Sackin index -0.0300; 3.2 s; peak memory 1251 MiB.
2026-10-05T01:00:25Z INFO [508/750] 35fc1aba-f542-4e61-89ee-8a7e181ab91d: Sackin index -0.0776; 10.6 s; peak memory 1251 MiB.
2026-10-05T01:00:26Z INFO [509/750] 35fc40bb-ac52-48ed-b555-462b29532b74: Sackin index -0.1319; 0.9 s; peak memory 1251 MiB.
2026-10-05T01:00:27Z INFO [510/750] 35fc7689-c48c-498a-914f-6bf504b452e4: Sackin index -0.0702; 1.1 s; peak memory 1251 MiB.
2026-10-05T01:00:37Z INFO [511/750] 35fcd2c8-ca7a-4502-8802-a24ef6344ab3: Sackin index -0.0146; 10.2 s; peak memory 1251 MiB.
2026-10-05T01:00:40Z INFO [512/750] 35fd4c69-bee5-4c54-8b93-b2402e95a1da: Sackin index -0.1938; 2.2 s; peak memory 1251 MiB.
2026-10-05T01:00:55Z INFO [513/750] 35fd58bb-a2b0-4e3d-bd12-3517b0e569e1: Sackin index -0.1284; 15.4 s; peak memory 1251 MiB.
2026-10-05T01:00:56Z INFO [514/750] 35feb966-dd92-4350-bc8a-6bb59c84781a: Sackin index -0.0457; 1.4 s; peak memory 1251 MiB.
2026-10-05T01:00:58Z INFO [515/750] 3600dc2a-5650-464f-bb8b-202830b55fb1: Sackin index -0.0732; 1.7 s; peak memory 1251 MiB.
2026-10-05T01:00:59Z INFO [516/750] 3600fb1e-3fa1-4df2-a7ca-4d1519011c43: Sackin index -0.0728; 1.2 s; peak memory 1251 MiB.
2026-10-05T01:01:03Z INFO [517/750] 36012d50-a702-40a2-be50-1d4164292572: Sackin index -0.1657; 3.4 s; peak memory 1251 MiB.
2026-10-05T01:01:04Z INFO [518/750] 36013794-dd9c-4a48-9c0d-642129b50135: Sackin index -0.1349; 1.1 s; peak memory 1251 MiB.
2026-10-05T01:01:05Z INFO [519/750] 36021e12-a049-4e6b-85b6-04b5c21eea59: Sackin index -0.1349; 1.1 s; peak memory 1251 MiB.
2026-10-05T01:01:06Z INFO [520/750] 3602b2d3-e884-41e0-ab6e-fa27e402e511: Sackin index -0.0569; 1.5 s; peak memory 1251 MiB.
2026-10-05T01:01:08Z INFO [521/750] 36037898-167d-4eb2-99bc-d273e59b8cfa: Sackin index -0.0702; 1.2 s; peak memory 1251 MiB.
2026-10-05T01:01:10Z INFO [522/750] 36043d1a-b70f-4f06-a600-3a6bca6d07f2: Sackin index -0.0676; 2.4 s; peak memory 1251 MiB.
2026-10-05T01:01:12Z INFO [523/750] 36069c4d-9e21-4e59-ab8a-26d369d2e94d: Sackin index -0.0944; 1.5 s; peak memory 1251 MiB.
2026-10-05T01:01:13Z INFO [524/750] 3606eb0f-d58d-4d5b-9333-8561f1b34c7e: Sackin index -0.0728; 1.5 s; peak memory 1251 MiB.
2026-10-05T01:01:14Z INFO [525/750] 36073b3e-3a30-4ced-bf25-67311a26a338: Sackin index -0.0881; 0.9 s; peak memory 1251 MiB.
2026-10-05T01:01:15Z INFO [526/750] 36073d0d-5080-4f56-8f9e-1442b67ba657: Sackin index -0.1658; 0.7 s; peak memory 1251 MiB.
2026-10-05T01:01:16Z INFO [527/750] 3609f56c-43b1-438b-9d36-a58ae33b08da: Sackin index -0.1349; 1.1 s; peak memory 1251 MiB.
2026-10-05T01:01:25Z INFO [528/750] 360a4050-bf99-49d2-9a37-7e4131b44e46: Sackin index -0.0017; 8.8 s; peak memory 1251 MiB.
2026-10-05T01:01:31Z INFO [529/750] 360cf8fe-1dc3-4c2b-909d-396289367703: Sackin index -0.0476; 6.3 s; peak memory 1251 MiB.
2026-10-05T01:01:34Z INFO [530/750] 360d1b74-9546-4386-879a-d45e9e4e999c: Sackin index -0.0660; 2.7 s; peak memory 1251 MiB.
2026-10-05T01:01:37Z INFO [531/750] 360e0b84-6036-470f-b929-b6c73f3b44f3: Sackin index -0.0722; 3.0 s; peak memory 1251 MiB.
2026-10-05T01:01:40Z INFO [532/750] 360e642c-f2d1-4fa1-b61d-1cadddba37dd: Sackin index -0.0484; 3.2 s; peak memory 1251 MiB.
2026-10-05T01:01:41Z INFO [533/750] 360f2a33-f3f9-48ac-9509-0b0c79dbd0b4: Sackin index -0.1349; 1.1 s; peak memory 1251 MiB.
2026-10-05T01:01:42Z INFO [534/750] 360f49f9-5db5-4e5d-9886-400a67f19209: Sackin index -0.0825; 1.2 s; peak memory 1251 MiB.
2026-10-05T01:01:43Z INFO [535/750] 360fa2d8-d03c-4540-98df-2d73a0d761c7: Sackin index -0.1349; 1.0 s; peak memory 1251 MiB.
2026-10-05T01:01:51Z INFO [536/750] 360fc32a-cfe2-4e40-997b-52392d1fdb10: Sackin index -0.0217; 8.4 s; peak memory 1251 MiB.
2026-10-05T01:01:52Z INFO [537/750] 36105f4f-532a-4a24-ba1f-3f4eeef09456: Sackin index -0.0816; 1.0 s; peak memory 1251 MiB.
2026-10-05T01:01:54Z INFO [538/750] 36108daa-4265-408a-a9a1-7ab30a80931b: Sackin index -0.0369; 1.7 s; peak memory 1251 MiB.
2026-10-05T01:01:55Z INFO [539/750] 3610d358-bacd-4f2e-9f2b-c59035cb06a9: Sackin index -0.1349; 1.0 s; peak memory 1251 MiB.
2026-10-05T01:01:57Z INFO [540/750] 361165c8-358f-4f90-8836-fecc19f3d1d5: Sackin index -0.0681; 1.8 s; peak memory 1251 MiB.
2026-10-05T01:01:58Z INFO [541/750] 3611b5bd-1875-47e2-adf5-f27bd817c19b: Sackin index -0.0709; 1.0 s; peak memory 1251 MiB.
2026-10-05T01:02:18Z INFO [542/750] 3611bc86-f46f-4e6b-8ff8-04231b56fe97: Sackin index -0.1367; 20.6 s; peak memory 1251 MiB.
2026-10-05T01:02:23Z INFO [543/750] 3612ac31-5f02-4c01-b3a7-1ebc9b889e89: Sackin index -0.0611; 4.6 s; peak memory 1251 MiB.
2026-10-05T01:02:24Z INFO [544/750] 3612d4b8-1d7a-4217-bf49-05e157ef4f93: Sackin index -0.0376; 1.4 s; peak memory 1251 MiB.
2026-10-05T01:02:31Z INFO [545/750] 3612de2d-398c-41ac-a9b9-f58abbd60775: Sackin index -0.0455; 6.2 s; peak memory 1251 MiB.
2026-10-05T01:02:32Z INFO [546/750] 3613afef-7c63-43fa-a859-418987a50d08: Sackin index -0.0696; 1.1 s; peak memory 1251 MiB.
2026-10-05T01:04:26Z INFO [547/750] 3613b912-f547-4338-9c17-a51fdf4f1a54: Sackin index -0.0305; 114.3 s; peak memory 1251 MiB.
2026-10-05T01:04:27Z INFO [548/750] 3614a814-ac2b-4048-8269-6385e7ceb0b9: Sackin index -0.1408; 1.4 s; peak memory 1251 MiB.
2026-10-05T01:04:30Z INFO [549/750] 3615f0ab-5de6-43ef-a38b-5124872bcd86: Sackin index -0.0660; 2.5 s; peak memory 1251 MiB.
2026-10-05T01:04:35Z INFO [550/750] 36161080-6c9e-4335-80dc-6930158c1ce8: Sackin index -0.0214; 5.3 s; peak memory 1251 MiB.
2026-10-05T01:04:35Z INFO [550/750] 36161080-6c9e-4335-80dc-6930158c1ce8: checkpointed 73136 records.
2026-10-05T01:04:46Z INFO [551/750] 36181caf-14f7-418d-9db7-ea5de5ef6487: Sackin index -0.0172; 10.4 s; peak memory 1251 MiB.
2026-10-05T01:04:47Z INFO [552/750] 361838c6-f731-422a-8b58-563665e560e3: Sackin index -0.0746; 1.5 s; peak memory 1251 MiB.
2026-10-05T01:04:48Z INFO [553/750] 3618f385-c6c4-430b-aeeb-bc43e9c98283: Sackin index -0.1484; 0.7 s; peak memory 1251 MiB.
2026-10-05T01:04:49Z INFO [554/750] 3618f4cd-f1ab-42bf-8a4a-e324542d8c77: Sackin index -0.1439; 0.8 s; peak memory 1251 MiB.
2026-10-05T01:04:50Z INFO [555/750] 3619072b-3339-4bed-8e1c-315f67fd5b11: Sackin index -0.1349; 1.0 s; peak memory 1251 MiB.
2026-10-05T01:05:00Z INFO [556/750] 36192ea5-1bc0-4a86-8c9d-dee614e69f8a: Sackin index -0.0192; 9.8 s; peak memory 1251 MiB.
2026-10-05T01:05:01Z INFO [557/750] 361988e3-eb82-4716-ab2c-924922dfbef6: Sackin index -0.0702; 1.2 s; peak memory 1251 MiB.
2026-10-05T01:05:02Z INFO [558/750] 3619b963-98ae-4c9a-b064-f3050b312043: Sackin index -0.0728; 1.3 s; peak memory 1251 MiB.
2026-10-05T01:05:06Z INFO [559/750] 3619d44f-5f2e-4fad-b75c-94ed227b50ca: Sackin index -0.0389; 3.6 s; peak memory 1251 MiB.
2026-10-05T01:05:08Z INFO [560/750] 361a4e1a-1823-4aee-b196-f14bfbb277dc: Sackin index -0.0665; 2.2 s; peak memory 1251 MiB.
2026-10-05T01:05:23Z INFO [561/750] 361aac4f-2da5-49ac-8600-705d3a24cf08: Sackin index -0.1371; 15.2 s; peak memory 1251 MiB.
2026-10-05T01:05:24Z INFO [562/750] 361b7753-efd4-42b6-85ab-5f9df2a25538: Sackin index -0.1349; 1.2 s; peak memory 1251 MiB.
2026-10-05T01:05:29Z INFO [563/750] 361b78d1-5a11-448e-ad63-55b3a600f700: Sackin index -0.0799; 4.3 s; peak memory 1251 MiB.
2026-10-05T01:05:31Z INFO [564/750] 361b9d25-ca18-421e-b48d-3aa0bf705486: Sackin index -0.0350; 2.4 s; peak memory 1251 MiB.
2026-10-05T01:05:33Z INFO [565/750] 361bba05-8485-4b94-9b56-6d439fb63e5b: Sackin index -0.0728; 1.6 s; peak memory 1251 MiB.
2026-10-05T01:05:37Z INFO [566/750] 361bdf5f-f7f5-4f7d-b102-281bc766a405: Sackin index -0.1495; 4.5 s; peak memory 1251 MiB.
2026-10-05T01:05:40Z INFO [567/750] 361c326c-d660-4816-bda9-6a1d94280254: Sackin index -0.0660; 2.9 s; peak memory 1251 MiB.
2026-10-05T01:05:41Z INFO [568/750] 361c6ffd-255c-4b53-92ed-cb6bb14c6913: Sackin index -0.1331; 1.0 s; peak memory 1251 MiB.
2026-10-05T01:05:42Z INFO [569/750] 361d6479-644b-43ad-882d-82a98ab33d51: Sackin index -0.1658; 0.7 s; peak memory 1251 MiB.
2026-10-05T01:05:43Z INFO [570/750] 361d8f42-6003-4c0a-b05b-ba3634cc1064: Sackin index -0.1191; 1.3 s; peak memory 1251 MiB.
2026-10-05T01:05:46Z INFO [571/750] 361dcf3b-4951-455d-9b56-893a660f3c89: Sackin index -0.0660; 2.7 s; peak memory 1251 MiB.
2026-10-05T01:05:49Z INFO [572/750] 361dd3a2-5361-4576-8245-733fa655cc0a: Sackin index -0.0731; 2.8 s; peak memory 1251 MiB.
2026-10-05T01:05:50Z INFO [573/750] 361df05c-6a68-40ab-bbb9-d3e804065218: Sackin index -0.1361; 1.0 s; peak memory 1251 MiB.
2026-10-05T01:07:51Z INFO [574/750] 361e3ca6-827d-41cc-95da-8147451b6ecd: Sackin index -0.0573; 121.5 s; peak memory 1251 MiB.
2026-10-05T01:07:53Z INFO [575/750] 361ee1e6-5040-4792-bda1-c5026e2d99b6: Sackin index -0.1224; 1.9 s; peak memory 1251 MiB.
2026-10-05T01:07:55Z INFO [576/750] 361ef17b-c9ce-41c1-b254-35418e447c26: Sackin index -0.0369; 1.7 s; peak memory 1251 MiB.
2026-10-05T01:07:57Z INFO [577/750] 361f0076-c68c-4f63-8b81-0c9b564bfb81: Sackin index -0.1495; 2.0 s; peak memory 1251 MiB.
2026-10-05T01:07:58Z INFO [578/750] 361fefc8-9505-461e-91ac-13bc0f211e42: Sackin index -0.1349; 1.0 s; peak memory 1251 MiB.
2026-10-05T01:08:21Z INFO [579/750] 36212a12-7856-433f-b0fb-358b37bdeb34: Sackin index -0.1367; 23.3 s; peak memory 1251 MiB.
2026-10-05T01:08:23Z INFO [580/750] 36246a42-e56e-4517-b70c-00526602d97a: Sackin index -0.0728; 1.5 s; peak memory 1251 MiB.
2026-10-05T01:08:24Z INFO [581/750] 362540d4-77fc-4564-b475-d7cd4177168b: Sackin index -0.1349; 1.0 s; peak memory 1251 MiB.
2026-10-05T01:10:31Z INFO [582/750] 36263df5-0c18-41b7-8321-ae220445b02e: Sackin index -0.0288; 127.5 s; peak memory 1251 MiB.
2026-10-05T01:10:45Z INFO [583/750] 3626c558-ecd3-4a4e-96b9-f0903eb7c3ee: Sackin index -0.0035; 13.7 s; peak memory 1251 MiB.
2026-10-05T01:10:46Z INFO [584/750] 362721e4-ca05-4e97-9b5e-4a895b319128: Sackin index -0.0696; 1.1 s; peak memory 1251 MiB.
2026-10-05T01:10:47Z INFO [585/750] 36272452-b8ae-4356-8427-680666169281: Sackin index -0.1349; 1.1 s; peak memory 1251 MiB.
2026-10-05T01:10:48Z INFO [586/750] 3627525d-dfad-464c-9294-8c84a99ef575: Sackin index -0.2168; 0.8 s; peak memory 1251 MiB.
2026-10-05T01:10:52Z INFO [587/750] 362803eb-06ce-46c6-850c-0a13278d5782: Sackin index -0.0247; 4.3 s; peak memory 1251 MiB.
2026-10-05T01:12:51Z INFO [588/750] 3628ec9a-1890-4f99-a57c-2c981ca1a312: Sackin index -0.0456; 118.7 s; peak memory 1251 MiB.
2026-10-05T01:12:52Z INFO [589/750] 3629275a-eba1-4a95-8b4c-0ab1685e6f92: Sackin index -0.0728; 1.4 s; peak memory 1251 MiB.
2026-10-05T01:12:57Z INFO [590/750] 362938ce-1306-4171-841b-90321b71e028: Sackin index -0.0233; 4.5 s; peak memory 1251 MiB.
2026-10-05T01:12:57Z INFO [591/750] 3629fd57-8c53-4c7c-95b4-173bc1213f2b: Sackin index -0.1174; 0.9 s; peak memory 1251 MiB.
2026-10-05T01:12:59Z INFO [592/750] 362af1e1-cb32-4615-9f7f-a428d214f28a: Sackin index -0.0745; 1.3 s; peak memory 1251 MiB.
2026-10-05T01:13:05Z INFO [593/750] 362b7028-3cbb-41b6-b21a-ee8a105611e7: Sackin index -0.0238; 6.5 s; peak memory 1251 MiB.
2026-10-05T01:13:06Z INFO [594/750] 362c4d9b-682c-4c82-ba54-8e0b35ab07f5: Sackin index -0.1256; 0.8 s; peak memory 1251 MiB.
2026-10-05T01:13:07Z INFO [595/750] 362c629b-497f-486b-b7ce-3364c670354a: Sackin index -0.0881; 1.2 s; peak memory 1251 MiB.
2026-10-05T01:13:08Z INFO [596/750] 362c8296-943a-4c00-96a9-2d47a75f698d: Sackin index -0.1267; 0.8 s; peak memory 1251 MiB.
2026-10-05T01:13:09Z INFO [597/750] 362cfc7c-e0a1-4565-98fa-fb26805cf8fc: Sackin index -0.1009; 1.3 s; peak memory 1251 MiB.
2026-10-05T01:13:19Z INFO [598/750] 362d8fe3-f14f-4b9a-829c-c86a99721a78: Sackin index -0.0251; 9.2 s; peak memory 1251 MiB.
2026-10-05T01:13:20Z INFO [599/750] 362df45a-d1b6-42c0-97c8-8c67bbe97999: Sackin index -0.0696; 1.1 s; peak memory 1251 MiB.
2026-10-05T01:13:23Z INFO [600/750] 362e6338-e5f2-45a6-82f8-821caafc966a: Sackin index -0.0660; 2.9 s; peak memory 1251 MiB.
2026-10-05T01:13:23Z INFO [600/750] 362e6338-e5f2-45a6-82f8-821caafc966a: checkpointed 73186 records.
2026-10-05T01:13:24Z INFO [601/750] 362e8dc2-2652-4279-838f-b7551199e1e7: Sackin index -0.0379; 1.3 s; peak memory 1251 MiB.
2026-10-05T01:13:32Z INFO [602/750] 362ed974-5911-4d55-a2a3-9b5bea93c739: Sackin index -0.1147; 7.5 s; peak memory 1251 MiB.
2026-10-05T01:13:33Z INFO [603/750] 362fd6bb-48fd-4987-a4d9-06e3490b880e: Sackin index -0.0696; 1.2 s; peak memory 1251 MiB.
2026-10-05T01:13:35Z INFO [604/750] 36316e53-3ad7-41e7-93db-429d46b33927: Sackin index -0.0369; 2.0 s; peak memory 1251 MiB.
2026-10-05T01:13:37Z INFO [605/750] 3631ef80-278d-45ae-90ac-50990768a69b: Sackin index -0.0809; 2.1 s; peak memory 1251 MiB.
2026-10-05T01:13:38Z INFO [606/750] 3631f765-2ef2-48bf-b187-40233714bc0e: Sackin index -0.2073; 0.9 s; peak memory 1251 MiB.
2026-10-05T01:13:39Z INFO [607/750] 3633e8f9-ff17-4df2-ad37-a612373834e8: Sackin index -0.1380; 1.4 s; peak memory 1251 MiB.
2026-10-05T01:13:40Z INFO [608/750] 36340956-86a6-49f5-a39b-28aeb7060bc5: Sackin index -0.0702; 1.1 s; peak memory 1251 MiB.
2026-10-05T01:13:41Z INFO [609/750] 36358653-edac-4286-a853-4aa5f80a4b30: Sackin index -0.1248; 1.0 s; peak memory 1251 MiB.
2026-10-05T01:13:42Z INFO [610/750] 36362634-a061-4a43-b09d-5beba5330fbe: Sackin index -0.2000; 0.7 s; peak memory 1251 MiB.
2026-10-05T01:13:55Z INFO [611/750] 3636f854-b3f2-45ac-8e07-03ee7bd67f90: Sackin index -0.0263; 12.5 s; peak memory 1251 MiB.
2026-10-05T01:13:56Z INFO [612/750] 3637157c-516d-45a6-95fd-ff7fce031253: Sackin index -0.1498; 1.2 s; peak memory 1251 MiB.
2026-10-05T01:13:57Z INFO [613/750] 3637bd3d-6fcb-418d-9b23-67c2f1f383e6: Sackin index -0.0383; 1.3 s; peak memory 1251 MiB.
2026-10-05T01:13:58Z INFO [614/750] 36382eb4-43fd-4031-9ddb-59cab215bf49: Sackin index -0.1023; 1.3 s; peak memory 1251 MiB.
2026-10-05T01:14:04Z INFO [615/750] 363855da-bdc2-4e7c-a77f-5f15ad114647: Sackin index -0.0251; 5.7 s; peak memory 1251 MiB.
2026-10-05T01:14:05Z INFO [616/750] 3638573c-c750-4f62-8e99-f2094aa596cd: Sackin index -0.1658; 0.7 s; peak memory 1251 MiB.
2026-10-05T01:14:06Z INFO [617/750] 36387c9c-2a25-412d-86d7-f9ecdd75ebe3: Sackin index -0.0891; 1.3 s; peak memory 1251 MiB.
2026-10-05T01:14:07Z INFO [618/750] 3639c9c6-01dd-4e4a-bb45-d4371c79f88b: Sackin index -0.1239; 0.9 s; peak memory 1251 MiB.
2026-10-05T01:14:08Z INFO [619/750] 3639d26c-af90-486a-9678-539e07eaea59: Sackin index -0.0702; 1.1 s; peak memory 1251 MiB.
2026-10-05T01:14:09Z INFO [620/750] 363a9233-fca8-446c-b616-c588ecff6c53: Sackin index -0.1562; 0.9 s; peak memory 1251 MiB.
2026-10-05T01:14:10Z INFO [621/750] 363b7c63-03fc-451b-9a3b-85a3b6746264: Sackin index -0.0745; 1.1 s; peak memory 1251 MiB.
2026-10-05T01:14:11Z INFO [622/750] 363c16a3-b567-4f44-941a-2750205f3035: Sackin index -0.1349; 0.9 s; peak memory 1251 MiB.
2026-10-05T01:14:12Z INFO [623/750] 363c1c45-3468-4f17-a0ac-f3b5b23a4cd8: Sackin index -0.1349; 1.0 s; peak memory 1251 MiB.
2026-10-05T01:14:13Z INFO [624/750] 363cd667-dfc5-4353-bacc-7a8122b9d048: Sackin index -0.1349; 1.0 s; peak memory 1251 MiB.
2026-10-05T01:14:14Z INFO [625/750] 363d0b12-7a5c-482c-b039-e8036974f4f8: Sackin index -0.1349; 0.9 s; peak memory 1251 MiB.
2026-10-05T01:14:16Z INFO [626/750] 363dc8dc-7f52-4d40-a51f-f24a3213d91b: Sackin index -0.1938; 2.0 s; peak memory 1251 MiB.
2026-10-05T01:14:16Z INFO [627/750] 363ec17c-4477-43c9-bbc2-146e2bd3cf3e: Sackin index -0.2168; 0.8 s; peak memory 1251 MiB.
2026-10-05T01:14:21Z INFO [628/750] 363ee22c-ac17-461c-a0f1-465e16506caf: Sackin index -0.0631; 4.7 s; peak memory 1251 MiB.
2026-10-05T01:14:22Z INFO [629/750] 363f3bf4-d3bc-4ee5-8d70-4e6da8ee41ea: Sackin index -0.1349; 1.0 s; peak memory 1251 MiB.
2026-10-05T01:14:27Z INFO [630/750] 363fd4cb-d808-4f60-9245-585e2f6be24a: Sackin index -0.0403; 4.8 s; peak memory 1251 MiB.
2026-10-05T01:14:28Z INFO [631/750] 36402a2a-48d5-4080-96f5-f7d012240ad6: Sackin index -0.0728; 1.3 s; peak memory 1251 MiB.
2026-10-05T01:14:29Z INFO [632/750] 36404ed2-11fb-49b5-b541-375e2249e94b: Sackin index -0.0434; 1.3 s; peak memory 1251 MiB.
2026-10-05T01:14:31Z INFO [633/750] 3640ed1c-4571-4905-ba29-144810d61d8d: Sackin index -0.1000; 1.5 s; peak memory 1251 MiB.
2026-10-05T01:14:32Z INFO [634/750] 364315fd-eb4e-4594-a0f1-62cbcb038291: Sackin index -0.0728; 1.4 s; peak memory 1251 MiB.
2026-10-05T01:14:33Z INFO [635/750] 3643397d-9115-498d-88a6-e6f79dae6a1e: Sackin index -0.1484; 0.8 s; peak memory 1251 MiB.
2026-10-05T01:14:34Z INFO [636/750] 36437eef-a74e-4364-a871-e51df692400a: Sackin index -0.0386; 1.2 s; peak memory 1251 MiB.
2026-10-05T01:14:35Z INFO [637/750] 3643e030-d36b-4442-9515-ec58ad9bc5e8: Sackin index -0.1298; 0.8 s; peak memory 1251 MiB.
2026-10-05T01:14:54Z INFO [638/750] 364423ee-02e7-4ec4-bd39-0510516c375b: Sackin index -0.1367; 19.3 s; peak memory 1251 MiB.
2026-10-05T01:14:55Z INFO [639/750] 36445fcb-e75d-483d-a2b4-6ead435b4d84: Sackin index -0.1349; 1.0 s; peak memory 1251 MiB.
2026-10-05T01:14:57Z INFO [640/750] 364501d6-8f0f-4bb8-9338-ef4af8fc00bc: Sackin index -0.1273; 1.2 s; peak memory 1251 MiB.
2026-10-05T01:14:58Z INFO [641/750] 36452584-0a47-4231-b7a1-bacc1565b43b: Sackin index -0.1000; 1.2 s; peak memory 1251 MiB.
2026-10-05T01:14:59Z INFO [642/750] 36454ab0-bca4-425d-a545-d92911a43a52: Sackin index -0.1191; 0.9 s; peak memory 1251 MiB.
2026-10-05T01:15:00Z INFO [643/750] 3645a096-7929-471d-9c1f-4cc42487051f: Sackin index -0.0369; 1.3 s; peak memory 1251 MiB.
2026-10-05T01:15:01Z INFO [644/750] 3645cc69-804f-4081-aa85-aad49e5c5870: Sackin index -0.1239; 0.9 s; peak memory 1251 MiB.
2026-10-05T01:15:02Z INFO [645/750] 36462979-0478-43fd-8a09-7fb219212d41: Sackin index -0.1239; 0.9 s; peak memory 1251 MiB.
2026-10-05T01:15:03Z INFO [646/750] 3646b7ff-7a9c-4b0f-8684-08e8225291c2: Sackin index -0.1349; 1.0 s; peak memory 1251 MiB.
2026-10-05T01:15:04Z INFO [647/750] 3648febc-a8f9-4135-b51a-11c88a877b9f: Sackin index -0.0728; 1.4 s; peak memory 1251 MiB.
2026-10-05T01:15:05Z INFO [648/750] 36490451-6286-4f3a-bfa4-0b65a8574cf6: Sackin index -0.0696; 1.1 s; peak memory 1251 MiB.
2026-10-05T01:15:06Z INFO [649/750] 36490cf7-2ad9-4fbe-98d7-874a384dd717: Sackin index -0.1349; 1.0 s; peak memory 1251 MiB.
2026-10-05T01:15:07Z INFO [650/750] 364a8840-bf07-4251-95a6-d404d43ffb08: Sackin index -0.1349; 1.0 s; peak memory 1251 MiB.
2026-10-05T01:15:08Z INFO [650/750] 364a8840-bf07-4251-95a6-d404d43ffb08: checkpointed 73236 records.
2026-10-05T01:15:08Z INFO [651/750] 364ad183-260b-4547-bda4-d5bf76e450be: Sackin index -0.0728; 0.9 s; peak memory 1251 MiB.
2026-10-05T01:15:09Z INFO [652/750] 364b185f-2e92-45ec-870a-d41b466aef05: Sackin index -0.1349; 1.0 s; peak memory 1251 MiB.
2026-10-05T01:15:15Z INFO [653/750] 364b5c6d-f77b-47f5-919f-b20a2a920d92: Sackin index -0.0476; 5.7 s; peak memory 1251 MiB.
2026-10-05T01:15:16Z INFO [654/750] 364bbf5e-1772-44ea-bc66-0fafd795a0b4: Sackin index -0.0385; 1.3 s; peak memory 1251 MiB.
2026-10-05T01:15:18Z INFO [655/750] 364c6c0d-2677-4ab3-be13-71af8d3c1819: Sackin index -0.1383; 1.3 s; peak memory 1251 MiB.
2026-10-05T01:15:19Z INFO [656/750] 364c8deb-52e5-4304-99f6-da1367fdbcf5: Sackin index -0.0702; 1.2 s; peak memory 1251 MiB.
2026-10-05T01:15:26Z INFO [657/750] 364c8e39-9f6b-40d3-957c-87399145a4d7: Sackin index -0.0175; 7.3 s; peak memory 1251 MiB.
2026-10-05T01:15:32Z INFO [658/750] 364deaa3-46dd-4c50-82b2-20f9073ba090: Sackin index -0.0940; 5.7 s; peak memory 1251 MiB.
2026-10-05T01:15:33Z INFO [659/750] 364f4c7c-baa7-418e-a89b-06dd1cf1a941: Sackin index -0.0673; 1.0 s; peak memory 1251 MiB.
2026-10-05T01:15:34Z INFO [660/750] 364f7bcd-2c4c-45e4-bb53-5c755ea77d61: Sackin index -0.0728; 1.3 s; peak memory 1251 MiB.
2026-10-05T01:15:37Z INFO [661/750] 364f884c-024c-491c-8844-2946fb4ffd2d: Sackin index -0.0660; 2.7 s; peak memory 1251 MiB.
2026-10-05T01:15:38Z INFO [662/750] 36542975-7822-4ea6-bf8d-18a8eaeeb293: Sackin index -0.1349; 1.0 s; peak memory 1251 MiB.
2026-10-05T01:15:41Z INFO [663/750] 36555cc9-4f54-4d33-ba66-6c1191589659: Sackin index -0.0693; 2.7 s; peak memory 1251 MiB.
2026-10-05T01:15:42Z INFO [664/750] 3657402e-2d74-40e8-b149-3d1cf2439bf3: Sackin index -0.0944; 1.3 s; peak memory 1251 MiB.
2026-10-05T01:15:43Z INFO [665/750] 365830c3-2107-4e2a-bbe5-a0521106d99f: Sackin index -0.1291; 1.6 s; peak memory 1251 MiB.
2026-10-05T01:15:44Z INFO [666/750] 3658ee44-8c9c-4a6f-a3ef-25b50ed51970: Sackin index -0.1658; 0.9 s; peak memory 1251 MiB.
2026-10-05T01:15:45Z INFO [667/750] 3659128b-12c5-4dd9-9732-050bd4dfca07: Sackin index -0.1658; 0.7 s; peak memory 1251 MiB.
2026-10-05T01:15:53Z INFO [668/750] 36593683-3087-4504-b7e0-68b420bcb747: Sackin index -0.0017; 8.1 s; peak memory 1251 MiB.
2026-10-05T01:15:55Z INFO [669/750] 365ac68f-b82a-41a5-9fbb-ca17f54b814a: Sackin index -0.0891; 1.5 s; peak memory 1251 MiB.
2026-10-05T01:15:56Z INFO [670/750] 365ac8c1-730f-4741-b5e1-21b57b4f140e: Sackin index -0.1201; 1.0 s; peak memory 1251 MiB.
2026-10-05T01:16:00Z INFO [671/750] 365b4bb5-b41c-46e4-b1f7-177eb1367c7d: Sackin index -0.0411; 4.2 s; peak memory 1251 MiB.
2026-10-05T01:16:11Z INFO [672/750] 365c3573-6f92-4aa3-8432-c965f73c94a1: Sackin index -0.0407; 11.2 s; peak memory 1251 MiB.
2026-10-05T01:16:12Z INFO [673/750] 365cd301-b795-4e92-a263-c042656997e8: Sackin index -0.0722; 1.3 s; peak memory 1251 MiB.
2026-10-05T01:16:14Z INFO [674/750] 365d0127-f218-479c-a0f0-ad4b4c104b6f: Sackin index -0.0896; 1.2 s; peak memory 1251 MiB.
2026-10-05T01:16:15Z INFO [675/750] 365ec6f0-2fd8-4829-87b9-04bbdeecb54a: Sackin index -0.1174; 1.0 s; peak memory 1251 MiB.
2026-10-05T01:16:23Z INFO [676/750] 365f4df6-7033-4814-aed4-a5b9188b8c63: Sackin index -0.0158; 8.1 s; peak memory 1251 MiB.
2026-10-05T01:16:25Z INFO [677/750] 3660209f-f776-4d00-b9f4-edd454add12e: Sackin index -0.1938; 2.1 s; peak memory 1251 MiB.
2026-10-05T01:16:26Z INFO [678/750] 3660b260-9303-47a6-abbb-6c0e41ec15c8: Sackin index -0.0457; 1.4 s; peak memory 1251 MiB.
2026-10-05T01:16:28Z INFO [679/750] 3660ccb2-34a7-4324-a10e-6cf384ca3e63: Sackin index -0.0728; 1.6 s; peak memory 1251 MiB.
2026-10-05T01:16:29Z INFO [680/750] 36612202-c5cb-462c-9fd2-7013e5fcb3b0: Sackin index -0.0728; 1.3 s; peak memory 1251 MiB.
2026-10-05T01:16:35Z INFO [681/750] 36616823-6cdb-492f-bef9-193d92db04e3: Sackin index -0.0224; 5.9 s; peak memory 1251 MiB.
2026-10-05T01:16:38Z INFO [682/750] 36617678-3c6d-48ca-8e5d-d93013779817: Sackin index -0.0797; 2.6 s; peak memory 1251 MiB.
2026-10-05T01:16:39Z INFO [683/750] 3662162d-45f5-4cf5-b94c-76259286d209: Sackin index -0.0641; 1.4 s; peak memory 1251 MiB.
2026-10-05T01:16:40Z INFO [684/750] 36632e2b-735e-4b56-ae34-a37d346e67df: Sackin index -0.0728; 1.3 s; peak memory 1251 MiB.
2026-10-05T01:16:41Z INFO [685/750] 3663d6ef-d244-4d6c-b4f7-a7317de90dc0: Sackin index -0.1349; 1.0 s; peak memory 1251 MiB.
2026-10-05T01:17:02Z INFO [686/750] 36640aca-8494-4c38-b8b6-984710dd8fa7: Sackin index -0.1367; 20.5 s; peak memory 1251 MiB.
2026-10-05T01:17:03Z INFO [687/750] 3664bf9d-ac44-4a00-a853-e7105f67537b: Sackin index -0.1349; 1.1 s; peak memory 1251 MiB.
2026-10-05T01:17:04Z INFO [688/750] 3665330a-9cfa-4b60-8f83-78f74b921aab: Sackin index -0.2229; 1.0 s; peak memory 1251 MiB.
2026-10-05T01:17:05Z INFO [689/750] 36657011-7985-4f1e-b6dc-96818619fa67: Sackin index -0.1349; 1.0 s; peak memory 1251 MiB.
2026-10-05T01:17:06Z INFO [690/750] 36660978-9b08-45a3-af9d-a15162c58666: Sackin index -0.1349; 0.9 s; peak memory 1251 MiB.
2026-10-05T01:17:07Z INFO [691/750] 36661dff-2936-4001-a5e7-9a047efbd9e6: Sackin index -0.1349; 1.0 s; peak memory 1251 MiB.
2026-10-05T01:17:09Z INFO [692/750] 3666a9db-92e4-404c-a014-a7f1f9a39dfc: Sackin index -0.0699; 2.3 s; peak memory 1251 MiB.
2026-10-05T01:17:11Z INFO [693/750] 3667c66d-c1ff-4f81-b6e4-5023a75b505f: Sackin index -0.0275; 1.5 s; peak memory 1251 MiB.
2026-10-05T01:17:13Z INFO [694/750] 3667d208-a3e6-46db-98a1-2b763032ba45: Sackin index -0.0369; 2.1 s; peak memory 1251 MiB.
2026-10-05T01:17:18Z INFO [695/750] 366938ca-c62f-41aa-ba7d-13673751f641: Sackin index -0.0228; 5.6 s; peak memory 1251 MiB.
2026-10-05T01:17:20Z INFO [696/750] 366ac83d-ff02-43cf-a597-2639174a2b26: Sackin index -0.0702; 1.3 s; peak memory 1251 MiB.
2026-10-05T01:17:28Z INFO [697/750] 366bcf1a-1aa6-44e6-9e6a-defc18a7d527: Sackin index -0.0148; 8.2 s; peak memory 1251 MiB.
2026-10-05T01:17:29Z INFO [698/750] 366c1c78-263a-4be5-9896-bd3c88a1b1f4: Sackin index -0.1349; 1.0 s; peak memory 1251 MiB.
2026-10-05T01:17:30Z INFO [699/750] 366c6697-c6e7-43e7-bb29-217c144e30fc: Sackin index -0.0702; 1.1 s; peak memory 1251 MiB.
2026-10-05T01:17:32Z INFO [700/750] 366cafe4-c7a2-4074-8099-f607c43b4dcc: Sackin index -0.0693; 2.4 s; peak memory 1251 MiB.
2026-10-05T01:17:32Z INFO [700/750] 366cafe4-c7a2-4074-8099-f607c43b4dcc: checkpointed 73286 records.
2026-10-05T01:17:34Z INFO [701/750] 366de712-75a2-41d9-899e-0042bd32cdd6: Sackin index -0.0379; 1.5 s; peak memory 1251 MiB.
2026-10-05T01:17:35Z INFO [702/750] 366fd953-33ea-436b-bc51-3ce72d1aa58a: Sackin index -0.0728; 1.2 s; peak memory 1251 MiB.
2026-10-05T01:17:36Z INFO [703/750] 3670eb5f-0c47-452d-8808-7cca817e1bc3: Sackin index -0.0728; 1.4 s; peak memory 1251 MiB.
2026-10-05T01:17:37Z INFO [704/750] 36715fd2-3b26-45bb-a9d7-2f2611327ae5: Sackin index -0.1484; 1.0 s; peak memory 1251 MiB.
2026-10-05T01:17:38Z INFO [705/750] 3671660b-bde2-41be-b046-5f0d158c922d: Sackin index -0.1178; 0.9 s; peak memory 1251 MiB.
2026-10-05T01:17:40Z INFO [706/750] 36717a1b-0f21-41aa-bb7b-35a53e5bb7e4: Sackin index -0.0745; 1.3 s; peak memory 1251 MiB.
2026-10-05T01:17:41Z INFO [707/750] 3671c206-887e-4fb0-94f8-5d15f7693c44: Sackin index -0.1349; 1.0 s; peak memory 1251 MiB.
2026-10-05T01:17:43Z INFO [708/750] 367237df-4852-4e0a-b0d6-259edc921a2e: Sackin index -0.0676; 2.0 s; peak memory 1251 MiB.
2026-10-05T01:17:44Z INFO [709/750] 36724469-ab61-4421-8621-18d549235e52: Sackin index -0.1362; 1.4 s; peak memory 1251 MiB.
2026-10-05T01:17:45Z INFO [710/750] 3672951b-14ff-4bf3-8078-d9b501684ae4: Sackin index -0.1383; 1.1 s; peak memory 1251 MiB.
2026-10-05T01:17:56Z INFO [711/750] 3672dec7-048d-4c90-bc16-a1002d990f06: Sackin index -0.0783; 10.4 s; peak memory 1251 MiB.
2026-10-05T01:17:57Z INFO [712/750] 3672e67f-e734-41eb-acc6-8ab6f5844b66: Sackin index -0.0728; 1.3 s; peak memory 1251 MiB.
2026-10-05T01:17:58Z INFO [713/750] 36734717-032d-4abc-99ae-7e0cdf817603: Sackin index -0.0702; 1.3 s; peak memory 1251 MiB.
2026-10-05T01:17:59Z INFO [714/750] 3674743a-c5b5-4778-8329-975518e40cf3: Sackin index -0.1349; 1.0 s; peak memory 1251 MiB.
2026-10-05T01:18:00Z INFO [715/750] 3674ee49-b525-4533-9cba-7a53f4459f0a: Sackin index -0.1349; 1.0 s; peak memory 1251 MiB.
2026-10-05T01:18:04Z INFO [716/750] 3675292f-def6-4d4e-87b3-aad48c42721e: Sackin index -0.0170; 3.9 s; peak memory 1251 MiB.
2026-10-05T01:18:05Z INFO [717/750] 367615ca-9b88-4e60-9445-5477bca4127e: Sackin index -0.1349; 1.0 s; peak memory 1251 MiB.
2026-10-05T01:18:07Z INFO [718/750] 3676c5d9-4108-4126-9bcb-89127194284b: Sackin index -0.0728; 1.4 s; peak memory 1251 MiB.
2026-10-05T01:18:07Z INFO [719/750] 36778939-73b9-4d56-ad6e-a409b59756ee: Sackin index -0.1349; 1.0 s; peak memory 1251 MiB.
2026-10-05T01:18:08Z INFO [720/750] 3678070f-e2af-48dd-995f-93f3622606ac: Sackin index -0.1575; 0.9 s; peak memory 1251 MiB.
2026-10-05T01:18:09Z INFO [721/750] 36785b6e-d02e-4da9-aeb7-6ea393aa096a: Sackin index -0.1349; 1.0 s; peak memory 1251 MiB.
2026-10-05T01:18:11Z INFO [722/750] 3678ddaf-dd43-4e14-90cd-aed26ee54b4a: Sackin index -0.0275; 1.6 s; peak memory 1251 MiB.
2026-10-05T01:18:12Z INFO [723/750] 36790070-f45f-4b33-959f-ae0661ee554a: Sackin index -0.0702; 1.3 s; peak memory 1251 MiB.
2026-10-05T01:18:13Z INFO [724/750] 36792a8b-21e2-4ca7-87bf-36198ee960ed: Sackin index -0.0696; 1.2 s; peak memory 1251 MiB.
2026-10-05T01:18:16Z INFO [725/750] 36793216-8e90-4ce1-aac8-3a2b918800a9: Sackin index -0.0933; 2.7 s; peak memory 1251 MiB.
2026-10-05T01:18:17Z INFO [726/750] 3679cd96-66a4-4b51-8a1a-fac8d1211e38: Sackin index -0.1349; 0.9 s; peak memory 1251 MiB.
2026-10-05T01:18:18Z INFO [727/750] 3679ec39-7bb6-4ff5-9232-325725dea9ed: Sackin index -0.0709; 1.2 s; peak memory 1251 MiB.
2026-10-05T01:18:20Z INFO [728/750] 367a1a29-a608-4be9-a90b-74e15a23849e: Sackin index -0.0373; 1.3 s; peak memory 1251 MiB.
2026-10-05T01:18:26Z INFO [729/750] 367c7c38-c935-4838-9f37-d4cbb56c47db: Sackin index -0.0940; 6.2 s; peak memory 1251 MiB.
2026-10-05T01:18:27Z INFO [730/750] 367d06b4-f0bc-45c9-b8f8-590fedaacf1d: Sackin index -0.1349; 1.0 s; peak memory 1251 MiB.
2026-10-05T01:18:28Z INFO [731/750] 367df14c-0c5f-4df6-8bbd-c48290c1ec26: Sackin index -0.1279; 1.0 s; peak memory 1251 MiB.
2026-10-05T01:18:29Z INFO [732/750] 367e2587-9a64-44b3-94ed-0d0120b7d712: Sackin index -0.0702; 1.1 s; peak memory 1251 MiB.
2026-10-05T01:18:30Z INFO [733/750] 367f1601-5981-499c-a670-9e0e64d0dfe4: Sackin index -0.1349; 0.9 s; peak memory 1251 MiB.
2026-10-05T01:18:30Z INFO [734/750] 3680990e-9350-42cc-8ebc-28ca678f050e: Sackin index -0.1658; 0.7 s; peak memory 1251 MiB.
2026-10-05T01:18:34Z INFO [735/750] 3680ac6e-ff57-4380-8f94-07e61ecb1a87: Sackin index -0.0869; 3.1 s; peak memory 1251 MiB.
2026-10-05T01:18:35Z INFO [736/750] 36829b1f-6505-4744-81de-e9e7b6b2e8e2: Sackin index -0.0709; 1.2 s; peak memory 1251 MiB.
2026-10-05T01:18:36Z INFO [737/750] 3682f07b-028f-479b-9e5e-74b4275d96b5: Sackin index -0.0709; 1.3 s; peak memory 1251 MiB.
2026-10-05T01:18:37Z INFO [738/750] 3684bed5-b93e-4def-b305-c13868ed6813: Sackin index -0.0702; 1.0 s; peak memory 1251 MiB.
2026-10-05T01:18:38Z INFO [739/750] 3684ee94-3347-45e4-ba42-afbd16900f4e: Sackin index -0.0702; 1.1 s; peak memory 1251 MiB.
2026-10-05T01:18:40Z INFO [740/750] 3684f09c-26e5-4055-86ea-e98a64ba0c1e: Sackin index -0.0728; 1.4 s; peak memory 1251 MiB.
2026-10-05T01:18:41Z INFO [741/750] 368768db-528b-4f20-92a6-cfa59ba47b77: Sackin index -0.1349; 1.0 s; peak memory 1251 MiB.
2026-10-05T01:18:42Z INFO [742/750] 36884255-ba31-4ae9-aba6-d935978fcacb: Sackin index -0.0886; 1.8 s; peak memory 1251 MiB.
2026-10-05T01:18:43Z INFO [743/750] 368864ce-7edb-49d5-88d5-d0cad78236cc: Sackin index -0.1349; 0.9 s; peak memory 1251 MiB.
2026-10-05T01:18:49Z INFO [744/750] 36889981-dfa5-4447-ab6c-6cf153f06e69: Sackin index -0.0251; 5.4 s; peak memory 1251 MiB.
2026-10-05T01:18:50Z INFO [745/750] 3688a64c-4d52-4e33-9eba-11b041b9180d: Sackin index -0.1349; 1.0 s; peak memory 1251 MiB.
2026-10-05T01:18:51Z INFO [746/750] 3688f947-878e-4353-a386-6545c1b28654: Sackin index -0.0709; 1.0 s; peak memory 1251 MiB.
2026-10-05T01:18:52Z INFO [747/750] 3688ff38-fa1d-41da-8aca-f80558c621e8: Sackin index -0.0276; 1.5 s; peak memory 1251 MiB.
2026-10-05T01:18:55Z INFO [748/750] 36894033-04c8-4f06-8510-122e28021dd0: Sackin index -0.0514; 2.7 s; peak memory 1251 MiB.
2026-10-05T01:18:56Z INFO [749/750] 36897f93-768e-432b-b6a7-4a3a91d361ee: Sackin index -0.0376; 1.3 s; peak memory 1251 MiB.
2026-10-05T01:18:59Z INFO [750/750] 368ac443-34e0-43cf-9ad3-88789f1a144c: Sackin index -0.0691; 2.6 s; peak memory 1251 MiB.
2026-10-05T01:18:59Z INFO [750/750] 368ac443-34e0-43cf-9ad3-88789f1a144c: checkpointed 73336 records.
2026-10-05T01:18:59Z INFO Wrote 73336 records to /tmp/derivatives/valid_nwb_file_to_sackin_index.jsonl (750 new, 0 failed) in 72.9 min (peak memory 1251 MiB).
