2026-10-06T08:40:20Z INFO Logging to /tmp/logs/update_2026-10-06T08-40-20Z.log.
2026-10-06T08:40:20Z INFO Update valid-nwb-file-to-sackin-index (base directory /tmp).
2026-10-06T08:40:20Z INFO Processing 750 items (84586 already recorded).
2026-10-06T08:40:21Z INFO [1/750] 4e2c435b-7844-4810-8855-aeef4a428b68: Sackin index -0.1658; 0.9 s; peak memory 109 MiB.
2026-10-06T08:40:23Z INFO [2/750] 4e2c7bb4-68af-431d-b73e-b12c7199b35d: Sackin index -0.1273; 1.6 s; peak memory 110 MiB.
2026-10-06T08:40:24Z INFO [3/750] 4e2cf1b9-56e4-4294-96c2-ef96289fa061: Sackin index -0.1575; 0.9 s; peak memory 110 MiB.
2026-10-06T08:40:25Z INFO [4/750] 4e2d3e0a-ead9-423c-a131-3e335958a683: Sackin index -0.0745; 1.1 s; peak memory 114 MiB.
2026-10-06T08:40:26Z INFO [5/750] 4e2dc1ec-30bb-41af-a89e-0f78e6751152: Sackin index -0.0702; 0.9 s; peak memory 115 MiB.
2026-10-06T08:40:27Z INFO [6/750] 4e2decda-14cf-46ec-a3b1-a22642d4ea06: Sackin index -0.0681; 1.5 s; peak memory 116 MiB.
2026-10-06T08:40:31Z INFO [7/750] 4e3009f1-1474-466e-a375-289eb8dcf7e0: Sackin index -0.0243; 3.4 s; peak memory 130 MiB.
2026-10-06T08:40:32Z INFO [8/750] 4e30bf01-d64d-4ae4-a3aa-62a40ce97ff0: Sackin index -0.1349; 0.9 s; peak memory 130 MiB.
2026-10-06T08:40:33Z INFO [9/750] 4e30d936-50c0-45c8-9f54-7d98ec87500b: Sackin index -0.1177; 1.0 s; peak memory 130 MiB.
2026-10-06T08:42:35Z INFO [10/750] 4e312846-8733-4647-bb2e-f0d05fb9dfec: Sackin index -0.0573; 122.1 s; peak memory 268 MiB.
2026-10-06T08:42:41Z INFO [11/750] 4e312943-326b-4f1b-a03e-45e96e42afd0: Sackin index -0.0940; 6.3 s; peak memory 268 MiB.
2026-10-06T08:42:43Z INFO [12/750] 4e31a983-2bb5-477a-99a3-d07ab30388df: Sackin index -0.0379; 1.6 s; peak memory 268 MiB.
2026-10-06T08:42:43Z INFO [13/750] 4e31bdba-5e44-44de-b947-79fa93b146f3: Sackin index -0.1349; 0.9 s; peak memory 268 MiB.
2026-10-06T08:42:47Z INFO [14/750] 4e31be29-7611-4176-ae8d-08b9c6e5bd20: Sackin index -0.0416; 3.8 s; peak memory 268 MiB.
2026-10-06T08:42:49Z INFO [15/750] 4e326988-07e5-4a8e-8363-c24780bb9edf: Sackin index -0.0735; 1.3 s; peak memory 268 MiB.
2026-10-06T08:42:50Z INFO [16/750] 4e33390c-2cd1-4d8a-a2aa-da08e1c6c579: Sackin index -0.1194; 1.2 s; peak memory 268 MiB.
2026-10-06T08:42:51Z INFO [17/750] 4e33616b-d228-4723-96ef-9a22f321d4af: Sackin index -0.1349; 0.9 s; peak memory 268 MiB.
2026-10-06T08:42:51Z INFO [18/750] 4e34f4a0-bec6-4b65-a589-8c4937eb13d0: Sackin index -0.1148; 0.7 s; peak memory 268 MiB.
2026-10-06T08:42:53Z INFO [19/750] 4e350c44-55cc-49fa-b41a-4eb63f657d2a: Sackin index -0.1273; 1.4 s; peak memory 268 MiB.
2026-10-06T08:42:54Z INFO [20/750] 4e352afe-4245-47eb-a155-438bb022d480: Sackin index -0.0362; 1.4 s; peak memory 268 MiB.
2026-10-06T08:43:04Z INFO [21/750] 4e352b91-b8df-4ce1-a4d6-49ca44c01892: Sackin index -0.0177; 9.5 s; peak memory 268 MiB.
2026-10-06T08:43:04Z INFO [22/750] 4e35da79-b4d6-46fd-87ea-9feaaaacff24: Sackin index -0.3646; 0.7 s; peak memory 268 MiB.
2026-10-06T08:43:05Z INFO [23/750] 4e371eb1-fb8f-4bdf-b9c2-5135656f3410: Sackin index -0.1509; 0.8 s; peak memory 268 MiB.
2026-10-06T08:43:06Z INFO [24/750] 4e38f952-67cd-4325-b405-aca7ade3af9a: Sackin index -0.1349; 0.8 s; peak memory 268 MiB.
2026-10-06T08:43:07Z INFO [25/750] 4e38fe23-6b7d-4c73-8654-b817eb7cee99: Sackin index -0.1002; 1.4 s; peak memory 268 MiB.
2026-10-06T08:43:08Z INFO [26/750] 4e392bad-f1ff-465b-a8e9-abf8c984c2cf: Sackin index -0.0728; 1.1 s; peak memory 268 MiB.
2026-10-06T08:43:27Z INFO [27/750] 4e393fe7-44a8-40a5-a041-d4e8ba15bb5c: Sackin index -0.1367; 18.4 s; peak memory 268 MiB.
2026-10-06T08:43:28Z INFO [28/750] 4e3a1ede-9cbb-4f4a-a110-885f7ae5626c: Sackin index -0.1349; 0.9 s; peak memory 268 MiB.
2026-10-06T08:43:29Z INFO [29/750] 4e3a88c9-de81-44ed-bbe8-25eb4da0dd8a: Sackin index -0.0369; 1.5 s; peak memory 268 MiB.
2026-10-06T08:43:30Z INFO [30/750] 4e3bb2ef-fdc3-4164-892f-aecd5f61ef03: Sackin index -0.1349; 0.9 s; peak memory 268 MiB.
2026-10-06T08:43:31Z INFO [31/750] 4e3c265a-9c6c-4b96-9705-00d363bf8aca: Sackin index -0.0702; 0.8 s; peak memory 268 MiB.
2026-10-06T08:43:31Z INFO [32/750] 4e3d5e88-0645-49dc-a9cf-0340c87d74c7: Sackin index -0.1340; 0.6 s; peak memory 268 MiB.
2026-10-06T08:43:32Z INFO [33/750] 4e3da782-3aab-4937-afef-4b9576b74e45: Sackin index -0.0245; 0.9 s; peak memory 268 MiB.
2026-10-06T08:43:34Z INFO [34/750] 4e3e86b7-59b8-45de-b756-46eda6bed504: Sackin index -0.1120; 1.8 s; peak memory 268 MiB.
2026-10-06T08:43:35Z INFO [35/750] 4e41c0c7-19e4-406c-a6ca-147cd5fe270b: Sackin index -0.0376; 1.2 s; peak memory 268 MiB.
2026-10-06T08:43:36Z INFO [36/750] 4e42f211-0369-4cd7-926d-83a311c742e7: Sackin index -0.2229; 0.8 s; peak memory 268 MiB.
2026-10-06T08:43:37Z INFO [37/750] 4e42f7bf-bf2b-4dd1-b5bc-276ffa096a09: Sackin index -0.1013; 0.9 s; peak memory 268 MiB.
2026-10-06T08:43:38Z INFO [38/750] 4e43038f-872d-4e7b-8bc8-36a347bba9f9: Sackin index -0.1349; 1.0 s; peak memory 268 MiB.
2026-10-06T08:43:41Z INFO [39/750] 4e435798-847e-4e97-a4f5-be0931f40532: Sackin index -0.0471; 3.3 s; peak memory 268 MiB.
2026-10-06T08:43:43Z INFO [40/750] 4e439424-b0e9-4952-8519-4903719876a9: Sackin index -0.0375; 1.2 s; peak memory 268 MiB.
2026-10-06T08:43:44Z INFO [41/750] 4e43d001-decb-41cf-9fe1-28c515d5ad97: Sackin index -0.0728; 1.0 s; peak memory 268 MiB.
2026-10-06T08:43:45Z INFO [42/750] 4e441c8d-40cd-4ec7-aa00-4dbcb4e21651: Sackin index -0.1349; 0.8 s; peak memory 268 MiB.
2026-10-06T08:43:50Z INFO [43/750] 4e44b5fb-efa2-49fc-b154-0fb6d525a13e: Sackin index -0.0439; 5.5 s; peak memory 268 MiB.
2026-10-06T08:43:51Z INFO [44/750] 4e45461a-ccbf-409e-b802-67e4e2f3670e: Sackin index -0.1303; 0.8 s; peak memory 268 MiB.
2026-10-06T08:43:52Z INFO [45/750] 4e454a7a-b376-44fa-bc1f-bb26241a7804: Sackin index -0.1248; 1.0 s; peak memory 268 MiB.
2026-10-06T08:43:53Z INFO [46/750] 4e464b89-9689-4a99-9152-7143521a81b4: Sackin index -0.1349; 1.1 s; peak memory 268 MiB.
2026-10-06T08:43:54Z INFO [47/750] 4e471fc1-7f0e-4cc6-b52b-773bbc66f3c2: Sackin index -0.0379; 1.4 s; peak memory 268 MiB.
2026-10-06T08:43:55Z INFO [48/750] 4e477aae-8f13-4183-9714-07694d039e64: Sackin index -0.0375; 1.1 s; peak memory 268 MiB.
2026-10-06T08:43:57Z INFO [49/750] 4e4853e2-aac0-4090-b97a-aade7e0990e3: Sackin index -0.0702; 1.1 s; peak memory 268 MiB.
2026-10-06T08:43:57Z INFO [50/750] 4e4922ba-267c-4fd8-b52c-67d78399347b: Sackin index -0.1349; 0.9 s; peak memory 268 MiB.
2026-10-06T08:43:58Z INFO [50/750] 4e4922ba-267c-4fd8-b52c-67d78399347b: checkpointed 84636 records.
2026-10-06T08:44:00Z INFO [51/750] 4e4d2007-74f4-4869-b5a4-e7695f6994d0: Sackin index -0.1938; 2.3 s; peak memory 268 MiB.
2026-10-06T08:45:50Z INFO [52/750] 4e4eb77c-a032-419a-ab79-41afc1785c98: Sackin index -0.0450; 110.4 s; peak memory 274 MiB.
2026-10-06T08:45:52Z INFO [53/750] 4e4f0dc4-ace9-4260-8159-3837c6f934a6: Sackin index -0.0369; 1.8 s; peak memory 274 MiB.
2026-10-06T08:45:53Z INFO [54/750] 4e4f15c2-f554-44b4-9b44-a834f9fe18f7: Sackin index -0.0881; 1.2 s; peak memory 274 MiB.
2026-10-06T08:46:01Z INFO [55/750] 4e4f583c-b883-4ca9-a301-6f2ac85f4724: Sackin index -0.0125; 7.6 s; peak memory 274 MiB.
2026-10-06T08:46:02Z INFO [56/750] 4e4ffd80-5c20-4026-a186-e5551bd89ef4: Sackin index -0.1349; 0.8 s; peak memory 274 MiB.
2026-10-06T08:46:02Z INFO [57/750] 4e51c146-eae9-4e5a-842e-2e8f75d77b3d: Sackin index -0.1248; 0.8 s; peak memory 274 MiB.
2026-10-06T08:46:03Z INFO [58/750] 4e529bfd-36b5-48f4-879e-4a0c8d5b8a60: Sackin index -0.1349; 0.9 s; peak memory 274 MiB.
2026-10-06T08:46:05Z INFO [59/750] 4e52b094-8f76-4b4a-a6a9-6b2ee2981064: Sackin index -0.0709; 1.2 s; peak memory 274 MiB.
2026-10-06T08:46:10Z INFO [60/750] 4e5379d5-91d8-47dd-94e9-e7764d265eb5: Sackin index -0.0236; 5.9 s; peak memory 274 MiB.
2026-10-06T08:46:12Z INFO [61/750] 4e53cd36-d233-4f73-9c13-971e8969f0a6: Sackin index -0.1248; 1.2 s; peak memory 274 MiB.
2026-10-06T08:46:13Z INFO [62/750] 4e54d2ce-27eb-49b0-8ec3-51e8fd0f4016: Sackin index -0.0745; 1.3 s; peak memory 274 MiB.
2026-10-06T08:46:14Z INFO [63/750] 4e5556a6-9705-4766-aa96-664ab333d611: Sackin index -0.0728; 1.2 s; peak memory 274 MiB.
2026-10-06T08:46:15Z INFO [64/750] 4e558011-559b-449a-86d0-88f1ccc8c713: Sackin index -0.0818; 1.0 s; peak memory 274 MiB.
2026-10-06T08:46:16Z INFO [65/750] 4e558b11-c4b5-4855-9e6b-87d9d73868cc: Sackin index -0.1356; 1.3 s; peak memory 274 MiB.
2026-10-06T08:51:21Z INFO [66/750] 4e55c7e1-6e7f-4cf8-af4f-7251946811c4: Sackin index -0.0123; 304.5 s; peak memory 1085 MiB.
2026-10-06T08:51:22Z INFO [67/750] 4e562444-b055-4cc6-a1cd-b597adf8d47a: Sackin index -0.0881; 1.1 s; peak memory 1085 MiB.
2026-10-06T08:51:23Z INFO [68/750] 4e56b949-4400-4e89-bac5-37384b5ff1fe: Sackin index -0.1349; 0.9 s; peak memory 1085 MiB.
2026-10-06T08:51:25Z INFO [69/750] 4e5707bb-d9ce-4782-b86f-5cd9348e6d54: Sackin index -0.0704; 2.3 s; peak memory 1085 MiB.
2026-10-06T08:51:27Z INFO [70/750] 4e5710ef-00ca-4bd7-9a7f-17e24405aec0: Sackin index -0.0728; 1.3 s; peak memory 1085 MiB.
2026-10-06T08:51:28Z INFO [71/750] 4e57997a-82e8-402c-ae0f-d0fff9248d80: Sackin index -0.0745; 1.1 s; peak memory 1085 MiB.
2026-10-06T08:51:29Z INFO [72/750] 4e58c6f3-9ed4-42b6-ac99-b54afb9c0c5a: Sackin index -0.0728; 1.2 s; peak memory 1085 MiB.
2026-10-06T08:51:31Z INFO [73/750] 4e58d55c-8be5-4daa-ad01-65c3cb27ce2a: Sackin index -0.0925; 2.0 s; peak memory 1085 MiB.
2026-10-06T08:51:44Z INFO [74/750] 4e5998e0-ecef-4b94-90b9-9db02e455337: Sackin index -0.0373; 13.2 s; peak memory 1085 MiB.
2026-10-06T08:51:45Z INFO [75/750] 4e59d6e9-05b3-40e1-8ada-c92c7e45855e: Sackin index -0.1349; 1.0 s; peak memory 1085 MiB.
2026-10-06T08:51:54Z INFO [76/750] 4e5af904-0726-4feb-86eb-d9ff9d69a97d: Sackin index -0.0284; 9.1 s; peak memory 1085 MiB.
2026-10-06T08:51:56Z INFO [77/750] 4e5bb592-2343-4d6e-87e8-89818b734c83: Sackin index -0.0369; 1.9 s; peak memory 1085 MiB.
2026-10-06T08:51:57Z INFO [78/750] 4e5c0a5f-b7f3-46a4-a1e8-536ce13c57ed: Sackin index -0.0275; 1.4 s; peak memory 1085 MiB.
2026-10-06T08:51:58Z INFO [79/750] 4e5cde64-6a41-4534-93ac-2e452b0e6a7e: Sackin index -0.1248; 1.1 s; peak memory 1085 MiB.
2026-10-06T08:51:59Z INFO [80/750] 4e5cfbd7-c60f-4c22-8276-3f61dcf5a6da: Sackin index -0.1349; 0.9 s; peak memory 1085 MiB.
2026-10-06T08:52:00Z INFO [81/750] 4e5dd2bd-28fd-490b-8137-4544d5eb0e6e: Sackin index -0.0385; 0.9 s; peak memory 1085 MiB.
2026-10-06T08:52:01Z INFO [82/750] 4e5e9845-23de-4b0c-adf8-b326ccfbcf9e: Sackin index -0.0702; 1.3 s; peak memory 1085 MiB.
2026-10-06T08:52:08Z INFO [83/750] 4e5ef21f-8dfd-4a80-b06b-eeedc5f7742e: Sackin index -0.0277; 6.6 s; peak memory 1085 MiB.
2026-10-06T08:52:13Z INFO [84/750] 4e609e50-e81c-44dd-b5dd-3b17dda2c420: Sackin index -0.0438; 4.8 s; peak memory 1085 MiB.
2026-10-06T08:52:14Z INFO [85/750] 4e60d175-a9ef-4fb2-9fd1-8408f4b9798e: Sackin index -0.1183; 1.4 s; peak memory 1085 MiB.
2026-10-06T08:52:15Z INFO [86/750] 4e61711c-fbb7-47b6-8aba-6dc7211c7d0c: Sackin index -0.1349; 1.0 s; peak memory 1085 MiB.
2026-10-06T08:52:28Z INFO [87/750] 4e61a53d-b680-444b-8d6b-09764f8922e7: Sackin index -0.0458; 13.1 s; peak memory 1085 MiB.
2026-10-06T08:52:29Z INFO [88/750] 4e61af30-39ac-4eda-906d-08d601e6c390: Sackin index -0.0379; 1.2 s; peak memory 1085 MiB.
2026-10-06T08:52:33Z INFO [89/750] 4e61e9ac-54fe-4970-a66c-b8f7515f70b8: Sackin index -0.0320; 3.1 s; peak memory 1085 MiB.
2026-10-06T08:52:34Z INFO [90/750] 4e620087-994b-41aa-b8c2-63ffb1aa206e: Sackin index -0.0728; 1.1 s; peak memory 1085 MiB.
2026-10-06T08:52:37Z INFO [91/750] 4e628f15-68b9-4933-9134-7afa7465505e: Sackin index -0.0403; 3.5 s; peak memory 1085 MiB.
2026-10-06T08:52:38Z INFO [92/750] 4e63655b-9578-4643-9a39-05ad31fedf39: Sackin index -0.1349; 1.0 s; peak memory 1085 MiB.
2026-10-06T08:52:39Z INFO [93/750] 4e638c42-ff22-4a48-8a5f-8f0772897ad6: Sackin index -0.0696; 1.2 s; peak memory 1085 MiB.
2026-10-06T08:52:40Z INFO [94/750] 4e639ce7-117d-44de-b563-841181351850: Sackin index -0.0748; 1.1 s; peak memory 1085 MiB.
2026-10-06T08:52:41Z INFO [95/750] 4e63bd5f-bf1c-4b5f-8d9f-235a84e0e094: Sackin index -0.1349; 0.9 s; peak memory 1085 MiB.
2026-10-06T08:52:42Z INFO [96/750] 4e6488fd-9342-4259-a49b-f698cdea0e50: Sackin index -0.1349; 0.9 s; peak memory 1085 MiB.
2026-10-06T08:52:43Z INFO [97/750] 4e64c4d8-44d1-436f-a665-9f4c59aeda20: Sackin index -0.1484; 0.6 s; peak memory 1085 MiB.
2026-10-06T08:52:44Z INFO [98/750] 4e66e98e-f16e-4332-96be-908d4d8a06a2: Sackin index -0.1741; 0.9 s; peak memory 1085 MiB.
2026-10-06T08:52:45Z INFO [99/750] 4e66f5ea-992a-462f-a5b5-9b26c65b5327: Sackin index -0.1349; 0.9 s; peak memory 1085 MiB.
2026-10-06T08:52:55Z INFO [100/750] 4e68c5a5-88f8-41c0-9e5f-8fc6ba966a74: Sackin index -0.0160; 10.7 s; peak memory 1085 MiB.
2026-10-06T08:52:55Z INFO [100/750] 4e68c5a5-88f8-41c0-9e5f-8fc6ba966a74: checkpointed 84686 records.
2026-10-06T08:52:57Z INFO [101/750] 4e68cbc2-f72e-40bf-ada6-bb1e9d7bbb72: Sackin index -0.1273; 1.3 s; peak memory 1085 MiB.
2026-10-06T08:52:58Z INFO [102/750] 4e69544d-0f6b-4d69-8a80-2050342b519e: Sackin index -0.0702; 0.9 s; peak memory 1085 MiB.
2026-10-06T08:52:58Z INFO [103/750] 4e69fb38-6eb3-41e8-b178-de18b2ce6149: Sackin index -0.1349; 0.8 s; peak memory 1085 MiB.
2026-10-06T08:56:33Z INFO [104/750] 4e6aa8db-ae5a-47e2-8e52-7029be4d6185: Sackin index -0.0396; 214.3 s; peak memory 1085 MiB.
2026-10-06T08:56:35Z INFO [105/750] 4e6b030c-d2ff-4201-8709-dd82a653b645: Sackin index -0.0660; 2.5 s; peak memory 1085 MiB.
2026-10-06T08:56:36Z INFO [106/750] 4e6be209-1123-43a4-a8d7-8e4a001f1919: Sackin index -0.0720; 0.8 s; peak memory 1085 MiB.
2026-10-06T08:56:38Z INFO [107/750] 4e6c5cc2-2482-4689-b09c-4ac50d3d4da4: Sackin index -0.0745; 1.6 s; peak memory 1085 MiB.
2026-10-06T08:56:39Z INFO [108/750] 4e6c65b7-ad2b-498b-b938-9f2474bca7ff: Sackin index -0.0369; 1.2 s; peak memory 1085 MiB.
2026-10-06T09:03:38Z INFO [109/750] 4e6c84c7-351f-448a-ba77-af361c934c26: Sackin index -0.0667; 418.6 s; peak memory 1161 MiB.
2026-10-06T09:03:41Z INFO [110/750] 4e6c924a-a83f-4991-b6cf-15943caa166c: Sackin index -0.0236; 3.1 s; peak memory 1161 MiB.
2026-10-06T09:03:42Z INFO [111/750] 4e6ce86c-0b44-41c9-b960-f007fb85fcee: Sackin index -0.1349; 1.0 s; peak memory 1161 MiB.
2026-10-06T09:03:43Z INFO [112/750] 4e6d1b6d-4e56-4939-ae24-0177a478762d: Sackin index -0.0696; 1.1 s; peak memory 1161 MiB.
2026-10-06T09:03:44Z INFO [113/750] 4e6e6c5c-233b-4773-9c76-21b7263e5d33: Sackin index -0.1349; 0.9 s; peak memory 1161 MiB.
2026-10-06T09:03:45Z INFO [114/750] 4e6eac3c-44bb-4ea4-bde6-bf1bee246ff3: Sackin index -0.1349; 1.0 s; peak memory 1161 MiB.
2026-10-06T09:03:51Z INFO [115/750] 4e6f4451-71b0-4496-8625-cd432c89b748: Sackin index -0.0940; 6.1 s; peak memory 1161 MiB.
2026-10-06T09:03:52Z INFO [116/750] 4e70cd72-e0bc-413f-a098-2f6ab90dad16: Sackin index -0.0377; 1.2 s; peak memory 1161 MiB.
2026-10-06T09:03:53Z INFO [117/750] 4e712767-d4eb-4f9b-9536-d438f696b8d7: Sackin index -0.1448; 0.7 s; peak memory 1161 MiB.
2026-10-06T09:03:54Z INFO [118/750] 4e7129ec-c31d-4d58-85b5-db2d57ba8827: Sackin index -0.1349; 1.1 s; peak memory 1161 MiB.
2026-10-06T09:03:55Z INFO [119/750] 4e71f8ca-d9b3-4b7a-9036-05a8b67d8510: Sackin index -0.1349; 0.9 s; peak memory 1161 MiB.
2026-10-06T09:03:55Z INFO [120/750] 4e731e03-de01-4755-94cf-7e4203372b02: Sackin index -0.1349; 0.9 s; peak memory 1161 MiB.
2026-10-06T09:03:59Z INFO [121/750] 4e737e65-cc50-4b40-91c3-5ee371983aa9: Sackin index -0.1938; 3.9 s; peak memory 1161 MiB.
2026-10-06T09:04:01Z INFO [122/750] 4e742b1c-c655-4e2b-968f-181c261f8d04: Sackin index -0.0696; 1.3 s; peak memory 1161 MiB.
2026-10-06T09:04:10Z INFO [123/750] 4e749421-5f70-4bb0-9168-510a27a6e190: Sackin index -0.0136; 9.9 s; peak memory 1161 MiB.
2026-10-06T09:04:11Z INFO [124/750] 4e74d87b-cc74-4e17-94e6-3eca6bacad36: Sackin index -0.1349; 1.0 s; peak memory 1161 MiB.
2026-10-06T09:04:12Z INFO [125/750] 4e74ef08-d86c-4725-a105-a7d8bd204a4a: Sackin index -0.1349; 0.8 s; peak memory 1161 MiB.
2026-10-06T09:04:13Z INFO [126/750] 4e75201e-bace-4fc1-a16c-aa089c4f6c2b: Sackin index -0.1349; 1.0 s; peak memory 1161 MiB.
2026-10-06T09:04:14Z INFO [127/750] 4e75900a-f39c-4f1a-8c3d-f8f5b012a821: Sackin index -0.0702; 1.3 s; peak memory 1161 MiB.
2026-10-06T09:04:16Z INFO [128/750] 4e7609c2-76c3-4350-aed4-bbcd3835e8db: Sackin index -0.0728; 1.3 s; peak memory 1161 MiB.
2026-10-06T09:04:17Z INFO [129/750] 4e763380-eed8-4746-837d-4349e0bef68c: Sackin index -0.1349; 0.9 s; peak memory 1161 MiB.
2026-10-06T09:04:19Z INFO [130/750] 4e76726f-fcce-4ae9-b854-a73ba280f8b3: Sackin index -0.0660; 2.4 s; peak memory 1161 MiB.
2026-10-06T09:04:20Z INFO [131/750] 4e76901e-90c7-432b-ae5b-3deaa4dd3a46: Sackin index -0.0434; 1.3 s; peak memory 1161 MiB.
2026-10-06T09:04:21Z INFO [132/750] 4e775fd4-8059-4fb8-bb32-7185e1a28f78: Sackin index -0.0702; 0.8 s; peak memory 1161 MiB.
2026-10-06T09:04:23Z INFO [133/750] 4e77972a-b3d4-4798-8e51-bb95f432d465: Sackin index -0.0696; 1.4 s; peak memory 1161 MiB.
2026-10-06T09:04:27Z INFO [134/750] 4e78280e-4859-4bb0-a396-7c6ccf268de6: Sackin index -0.0040; 4.5 s; peak memory 1161 MiB.
2026-10-06T09:04:28Z INFO [135/750] 4e784525-e967-403f-85f1-0a09b4bb45dc: Sackin index -0.2168; 0.8 s; peak memory 1161 MiB.
2026-10-06T09:04:29Z INFO [136/750] 4e795cd1-ea3a-427d-8fa0-9139a1b5d2ad: Sackin index -0.1761; 1.6 s; peak memory 1161 MiB.
2026-10-06T09:04:30Z INFO [137/750] 4e79c326-9818-4180-be4d-54fbf35eb8c8: Sackin index -0.1331; 0.7 s; peak memory 1161 MiB.
2026-10-06T09:04:31Z INFO [138/750] 4e7a1080-a0e5-4990-ad20-b7ece9c77cb3: Sackin index -0.1161; 0.7 s; peak memory 1161 MiB.
2026-10-06T09:04:32Z INFO [139/750] 4e7a3b1f-acc6-4391-a45a-bce000ea0f09: Sackin index -0.0709; 1.0 s; peak memory 1161 MiB.
2026-10-06T09:04:33Z INFO [140/750] 4e7a4975-7728-41ea-a95d-d0f1a4a3184a: Sackin index -0.0738; 1.4 s; peak memory 1161 MiB.
2026-10-06T09:04:48Z INFO [141/750] 4e7b2542-001d-48cf-bec2-679da026196b: Sackin index -0.0155; 14.9 s; peak memory 1161 MiB.
2026-10-06T09:04:50Z INFO [142/750] 4e7c6c02-bac0-4b36-87ed-fdc17c9d6e2c: Sackin index -0.1224; 1.6 s; peak memory 1161 MiB.
2026-10-06T09:04:52Z INFO [143/750] 4e7c8cda-4736-4551-ad0b-2154cb159582: Sackin index -0.0681; 1.9 s; peak memory 1161 MiB.
2026-10-06T09:04:53Z INFO [144/750] 4e7cc0fb-2b0f-4fe3-a459-3510e27700ac: Sackin index -0.0728; 1.4 s; peak memory 1161 MiB.
2026-10-06T09:04:55Z INFO [145/750] 4e7cd0e5-beb9-46c0-8e08-b709241b2a46: Sackin index -0.0704; 2.3 s; peak memory 1161 MiB.
2026-10-06T09:04:56Z INFO [146/750] 4e7d3a26-dde7-489a-be26-c060a5ad5d4f: Sackin index -0.1349; 0.9 s; peak memory 1161 MiB.
2026-10-06T09:04:57Z INFO [147/750] 4e7d8b6a-3224-4c44-89ed-9d5b2d6ce620: Sackin index -0.0381; 0.9 s; peak memory 1161 MiB.
2026-10-06T09:04:58Z INFO [148/750] 4e7e35a7-63d0-4949-b58c-93cfe024df67: Sackin index -0.1349; 0.9 s; peak memory 1161 MiB.
2026-10-06T09:04:59Z INFO [149/750] 4e7edf92-db5a-48fd-8118-88aa59854aee: Sackin index -0.1349; 0.8 s; peak memory 1161 MiB.
2026-10-06T09:05:04Z INFO [150/750] 4e7f2d54-eb30-4956-85a6-2065d4208e7b: Sackin index -0.0222; 5.4 s; peak memory 1161 MiB.
2026-10-06T09:05:04Z INFO [150/750] 4e7f2d54-eb30-4956-85a6-2065d4208e7b: checkpointed 84736 records.
2026-10-06T09:09:01Z INFO [151/750] 4e7fd637-2f8e-416a-a3e7-57c90f796c48: Sackin index -0.0668; 236.9 s; peak memory 1161 MiB.
2026-10-06T09:09:02Z INFO [152/750] 4e81d481-61a0-4c7d-8f1b-676ad8831a38: Sackin index -0.2168; 0.7 s; peak memory 1161 MiB.
2026-10-06T09:09:04Z INFO [153/750] 4e8249f6-5b6a-4cec-8bc9-e219414022ca: Sackin index -0.1709; 2.3 s; peak memory 1161 MiB.
2026-10-06T09:09:05Z INFO [154/750] 4e828cef-8559-4b92-b3f6-b9bc0c30153b: Sackin index -0.0707; 1.1 s; peak memory 1161 MiB.
2026-10-06T09:09:07Z INFO [155/750] 4e83aa34-6a7f-43ff-ba08-8bf7a9657d20: Sackin index -0.0676; 1.4 s; peak memory 1161 MiB.
2026-10-06T09:09:13Z INFO [156/750] 4e83e466-df60-4c39-abe3-73ecfb0e4064: Sackin index -0.0153; 6.2 s; peak memory 1161 MiB.
2026-10-06T09:09:14Z INFO [157/750] 4e841532-bad5-4bce-8e51-7be7a81b27bf: Sackin index -0.1658; 0.8 s; peak memory 1161 MiB.
2026-10-06T09:09:15Z INFO [158/750] 4e847ec3-9bab-4397-b931-a295993f5144: Sackin index -0.1349; 1.0 s; peak memory 1161 MiB.
2026-10-06T09:09:16Z INFO [159/750] 4e84c3bf-0cf0-4e78-b24c-41c1e7d6824f: Sackin index -0.0896; 1.0 s; peak memory 1161 MiB.
2026-10-06T09:09:17Z INFO [160/750] 4e84ee4f-d054-49f1-b3fc-b33b36c81202: Sackin index -0.1133; 0.7 s; peak memory 1161 MiB.
2026-10-06T09:09:18Z INFO [161/750] 4e854eab-8321-441d-9527-1abf2b4a54b2: Sackin index -0.1273; 1.3 s; peak memory 1161 MiB.
2026-10-06T09:09:20Z INFO [162/750] 4e85e06c-5add-4bb4-8b30-9907fcc68456: Sackin index -0.0699; 2.4 s; peak memory 1161 MiB.
2026-10-06T09:09:26Z INFO [163/750] 4e85fb22-f5fb-40e7-9136-36b8f3e4b383: Sackin index -0.0252; 5.2 s; peak memory 1161 MiB.
2026-10-06T09:09:27Z INFO [164/750] 4e860911-7ae7-46f7-a7a2-baf3a434c6ee: Sackin index -0.0676; 1.6 s; peak memory 1161 MiB.
2026-10-06T09:09:28Z INFO [165/750] 4e863fc3-5822-4907-b20e-a070e375d237: Sackin index -0.0745; 1.2 s; peak memory 1161 MiB.
2026-10-06T09:09:30Z INFO [166/750] 4e865b9a-1a4c-4ba9-a7dc-ee84057679ab: Sackin index -0.0276; 1.5 s; peak memory 1161 MiB.
2026-10-06T09:09:30Z INFO [167/750] 4e87646f-dc8e-4330-91b3-c251091234d6: Sackin index -0.1448; 0.6 s; peak memory 1161 MiB.
2026-10-06T09:09:31Z INFO [168/750] 4e877481-15af-4c31-ab80-70e2772e455a: Sackin index -0.1349; 0.8 s; peak memory 1161 MiB.
2026-10-06T09:09:33Z INFO [169/750] 4e87afa4-d485-4155-8487-745c8b1c4b6c: Sackin index -0.0728; 1.5 s; peak memory 1161 MiB.
2026-10-06T09:09:34Z INFO [170/750] 4e884d9a-9d9b-49ac-bc2a-fe269f450fe8: Sackin index -0.1349; 1.0 s; peak memory 1161 MiB.
2026-10-06T09:09:34Z INFO [171/750] 4e88cb89-d5cb-42af-b343-e92f02c12399: Sackin index -0.0702; 0.8 s; peak memory 1161 MiB.
2026-10-06T09:09:35Z INFO [172/750] 4e898703-8c2d-46fa-8dd0-40577916cd99: Sackin index -0.1349; 0.8 s; peak memory 1161 MiB.
2026-10-06T09:09:36Z INFO [173/750] 4e89a890-e7ba-4ce1-9a42-f77cec0415d3: Sackin index -0.1349; 0.7 s; peak memory 1161 MiB.
2026-10-06T09:09:37Z INFO [174/750] 4e89f6fa-ca51-4b49-b3e6-813985d60ae3: Sackin index -0.1321; 0.9 s; peak memory 1161 MiB.
2026-10-06T09:09:38Z INFO [175/750] 4e8a78d1-1434-40b8-a1c2-7db3d29df3db: Sackin index -0.1321; 0.8 s; peak memory 1161 MiB.
2026-10-06T09:09:38Z INFO [176/750] 4e8acbb3-17ff-4490-9e2c-bd48a7987da4: Sackin index -0.2168; 0.6 s; peak memory 1161 MiB.
2026-10-06T09:09:40Z INFO [177/750] 4e8b375a-b1f9-4f4e-87cf-09dbbb3e0d85: Sackin index -0.0276; 1.4 s; peak memory 1161 MiB.
2026-10-06T09:09:41Z INFO [178/750] 4e8b7151-9556-44e9-8d41-680a259b326f: Sackin index -0.0377; 1.1 s; peak memory 1161 MiB.
2026-10-06T09:09:42Z INFO [179/750] 4e8e303f-08f0-4e39-a132-171fd03680af: Sackin index -0.1349; 0.8 s; peak memory 1161 MiB.
2026-10-06T09:09:44Z INFO [180/750] 4e8ea1fb-ca4a-49d9-8d3a-192896c2f9f2: Sackin index -0.0660; 2.5 s; peak memory 1161 MiB.
2026-10-06T09:09:45Z INFO [181/750] 4e8f2938-99fb-4fe8-aa9c-fbc532b21cae: Sackin index -0.1349; 0.8 s; peak memory 1161 MiB.
2026-10-06T09:11:28Z INFO [182/750] 4e8f5db7-d63e-4f6f-b6e6-f744fa5e96ba: Sackin index -0.0668; 102.7 s; peak memory 1161 MiB.
2026-10-06T09:11:29Z INFO [183/750] 4e8f8228-ddcd-43aa-ba76-49bca71933b1: Sackin index -0.0709; 1.0 s; peak memory 1161 MiB.
2026-10-06T09:11:30Z INFO [184/750] 4e8f8b46-dd62-474f-8958-025b00948f98: Sackin index -0.1383; 1.2 s; peak memory 1161 MiB.
2026-10-06T09:11:31Z INFO [185/750] 4e8fa99d-bd23-411e-8175-2160039b1175: Sackin index -0.0941; 1.2 s; peak memory 1161 MiB.
2026-10-06T09:11:37Z INFO [186/750] 4e8fb8c6-aafe-447a-a436-e3ecc31bfc80: Sackin index -0.0251; 5.6 s; peak memory 1161 MiB.
2026-10-06T09:13:42Z INFO [187/750] 4e90f68e-9168-4704-9a41-183459536ce2: Sackin index -0.0410; 125.1 s; peak memory 1161 MiB.
2026-10-06T09:13:42Z INFO [188/750] 4e916747-0bb5-4b2d-aaf8-b03a75ab3980: Sackin index -0.1356; 0.8 s; peak memory 1161 MiB.
2026-10-06T09:13:43Z INFO [189/750] 4e91b205-5227-4e09-b457-8c2efbe946c8: Sackin index -0.0702; 1.0 s; peak memory 1161 MiB.
2026-10-06T09:13:44Z INFO [190/750] 4e91ba51-7b59-4d2d-8ad9-d482e77979dd: Sackin index -0.1349; 1.0 s; peak memory 1161 MiB.
2026-10-06T09:13:48Z INFO [191/750] 4e923c47-6731-4c43-9b1b-7d11d5dbd0fa: Sackin index -0.0383; 3.6 s; peak memory 1161 MiB.
2026-10-06T09:13:49Z INFO [192/750] 4e927278-0e9f-4613-ba53-4c2f837217ce: Sackin index -0.0728; 1.2 s; peak memory 1161 MiB.
2026-10-06T09:13:53Z INFO [193/750] 4e93b3f9-185b-44a5-902d-0b4b017741b8: Sackin index -0.0539; 3.6 s; peak memory 1161 MiB.
2026-10-06T09:13:54Z INFO [194/750] 4e941ef2-416b-4a14-97d6-f8c3273dba65: Sackin index -0.0696; 0.9 s; peak memory 1161 MiB.
2026-10-06T09:13:55Z INFO [195/750] 4e9455da-a235-4a6b-8a5f-372966be0018: Sackin index -0.1210; 1.3 s; peak memory 1161 MiB.
2026-10-06T09:13:57Z INFO [196/750] 4e94742a-1b23-43f3-998f-455a039277c7: Sackin index -0.1938; 2.0 s; peak memory 1161 MiB.
2026-10-06T09:13:58Z INFO [197/750] 4e9498a2-cd0f-4409-9b2a-b1ee28632fb5: Sackin index -0.0702; 1.0 s; peak memory 1161 MiB.
2026-10-06T09:13:59Z INFO [198/750] 4e94f47e-f6ea-4e9a-a8af-141d1f0ec67d: Sackin index -0.0702; 1.1 s; peak memory 1161 MiB.
2026-10-06T09:14:01Z INFO [199/750] 4e951970-82e4-4445-9ca2-1652d3c9201b: Sackin index -0.0660; 2.0 s; peak memory 1161 MiB.
2026-10-06T09:14:02Z INFO [200/750] 4e958eb8-b86e-461e-88ed-c012db066b3c: Sackin index -0.1498; 0.9 s; peak memory 1161 MiB.
2026-10-06T09:14:02Z INFO [200/750] 4e958eb8-b86e-461e-88ed-c012db066b3c: checkpointed 84786 records.
2026-10-06T09:14:03Z INFO [201/750] 4e964d1b-985a-4f07-86c4-14fb58709502: Sackin index -0.1248; 0.9 s; peak memory 1161 MiB.
2026-10-06T09:14:04Z INFO [202/750] 4e97613a-3230-481c-bdeb-f03e0675e4f3: Sackin index -0.0702; 0.9 s; peak memory 1161 MiB.
2026-10-06T09:14:05Z INFO [203/750] 4e97d70a-30b5-4cd8-a38a-3cc0a9dfdd7a: Sackin index -0.0702; 1.2 s; peak memory 1161 MiB.
2026-10-06T09:14:06Z INFO [204/750] 4e97eeae-7c77-4d37-9ef2-e52ec3372d28: Sackin index -0.1349; 0.8 s; peak memory 1161 MiB.
2026-10-06T09:14:07Z INFO [205/750] 4e980c29-0d52-4db7-9e82-50ab6891a4ef: Sackin index -0.1201; 1.0 s; peak memory 1161 MiB.
2026-10-06T09:14:14Z INFO [206/750] 4e9829a3-ef0a-4f10-8f07-940bc361ce69: Sackin index -0.0143; 6.7 s; peak memory 1161 MiB.
2026-10-06T09:14:14Z INFO [207/750] 4e985a21-1a01-4bac-897c-c1c6bc4cfdfc: Sackin index -0.1161; 0.7 s; peak memory 1161 MiB.
2026-10-06T09:14:15Z INFO [208/750] 4e996238-9573-413a-8556-0297fbc68c9f: Sackin index -0.0707; 0.8 s; peak memory 1161 MiB.
2026-10-06T09:14:16Z INFO [209/750] 4e99e229-1ea4-4e14-b6bd-ae3ec466d350: Sackin index -0.1349; 0.8 s; peak memory 1161 MiB.
2026-10-06T09:14:17Z INFO [210/750] 4e9a484a-0593-4f25-bb24-57cc0cacfc0f: Sackin index -0.1349; 0.9 s; peak memory 1161 MiB.
2026-10-06T09:14:19Z INFO [211/750] 4e9ae544-34bc-4224-9c79-5c4122c1c4e2: Sackin index -0.0660; 2.5 s; peak memory 1161 MiB.
2026-10-06T09:14:21Z INFO [212/750] 4e9b2689-2a00-4ba0-90a2-ee69e3793563: Sackin index -0.0702; 1.3 s; peak memory 1161 MiB.
2026-10-06T09:14:22Z INFO [213/750] 4e9b9d70-0a72-4460-9968-6f61d4edd429: Sackin index -0.0709; 1.1 s; peak memory 1161 MiB.
2026-10-06T09:14:24Z INFO [214/750] 4e9cb87a-08ed-4cd6-b9dc-5a659e2e9248: Sackin index -0.1938; 2.2 s; peak memory 1161 MiB.
2026-10-06T09:14:25Z INFO [215/750] 4e9ce68a-d1fe-4d71-8606-244ee921ecb9: Sackin index -0.1349; 0.9 s; peak memory 1161 MiB.
2026-10-06T09:14:25Z INFO [216/750] 4e9d52ce-bc12-4cc4-a647-5c619dc0a0ae: Sackin index -0.2147; 0.6 s; peak memory 1161 MiB.
2026-10-06T09:14:27Z INFO [217/750] 4e9d8916-fce6-4a95-99da-2ca9c143aea0: Sackin index -0.0702; 1.2 s; peak memory 1161 MiB.
2026-10-06T09:14:28Z INFO [218/750] 4e9e13d3-e4c7-48a1-a95d-f82d57aef8cd: Sackin index -0.0362; 1.5 s; peak memory 1161 MiB.
2026-10-06T09:16:18Z INFO [219/750] 4e9e93b8-deb4-43c8-aa99-edb56f4ee3c2: Sackin index -0.0434; 110.0 s; peak memory 1161 MiB.
2026-10-06T09:16:20Z INFO [220/750] 4e9ebb65-acd8-422d-8e39-72e7071686e2: Sackin index -0.0369; 1.7 s; peak memory 1161 MiB.
2026-10-06T09:16:21Z INFO [221/750] 4e9fce49-4e14-4450-a654-8d1f753de46d: Sackin index -0.0379; 1.2 s; peak memory 1161 MiB.
2026-10-06T09:16:22Z INFO [222/750] 4ea039ab-7026-4cb6-b581-634f6231ad96: Sackin index -0.0702; 1.1 s; peak memory 1161 MiB.
2026-10-06T09:16:23Z INFO [223/750] 4ea05520-f207-4f59-a17c-1e523015f94d: Sackin index -0.1331; 0.9 s; peak memory 1161 MiB.
2026-10-06T09:16:24Z INFO [224/750] 4ea05ae8-088f-447d-849f-6735bdaae786: Sackin index -0.0369; 1.4 s; peak memory 1161 MiB.
2026-10-06T09:16:27Z INFO [225/750] 4ea07a34-4ba6-428f-97df-0769139d026e: Sackin index -0.0699; 2.4 s; peak memory 1161 MiB.
2026-10-06T09:16:28Z INFO [226/750] 4ea0ca56-a682-463b-9934-3949280bc81d: Sackin index -0.1349; 0.9 s; peak memory 1161 MiB.
2026-10-06T09:16:29Z INFO [227/750] 4ea1938a-ac99-4ed8-a4ee-78a7f6e5d484: Sackin index -0.1370; 1.6 s; peak memory 1161 MiB.
2026-10-06T09:19:40Z INFO [228/750] 4ea224c7-81a0-4b09-8edb-6fb388bbd619: Sackin index -0.1216; 190.8 s; peak memory 1161 MiB.
2026-10-06T09:19:42Z INFO [229/750] 4ea2a909-d1c1-46b0-91da-edd8f0454bff: Sackin index -0.0365; 1.6 s; peak memory 1161 MiB.
2026-10-06T09:19:42Z INFO [230/750] 4ea2bee0-59b9-43e3-b0d0-c8065089aa5a: Sackin index -0.0745; 0.9 s; peak memory 1161 MiB.
2026-10-06T09:19:43Z INFO [231/750] 4ea2d8f9-e43b-404e-a8bc-86ada65745fb: Sackin index -0.0745; 1.0 s; peak memory 1161 MiB.
2026-10-06T09:19:44Z INFO [232/750] 4ea380ba-1158-40ff-879a-357c3640edcb: Sackin index -0.1248; 0.9 s; peak memory 1161 MiB.
2026-10-06T09:19:45Z INFO [233/750] 4ea39c79-37d3-4334-b194-f702c5cd3cab: Sackin index -0.1349; 0.8 s; peak memory 1161 MiB.
2026-10-06T09:19:46Z INFO [234/750] 4ea3a7be-796a-47e1-998f-f2fc046d31df: Sackin index -0.2147; 0.7 s; peak memory 1161 MiB.
2026-10-06T09:19:47Z INFO [235/750] 4ea462f3-2fbd-4ff2-8330-e6785be2a2cd: Sackin index -0.0696; 1.0 s; peak memory 1161 MiB.
2026-10-06T09:19:53Z INFO [236/750] 4ea4fc81-96eb-4db8-87b1-d283ecaecfed: Sackin index -0.1938; 6.0 s; peak memory 1161 MiB.
2026-10-06T09:19:54Z INFO [237/750] 4ea50fc6-c299-44fb-8649-a0cd7a211d3f: Sackin index -0.0413; 0.9 s; peak memory 1161 MiB.
2026-10-06T09:19:55Z INFO [238/750] 4ea55790-21ed-4c9d-a12c-c5c9d61441c3: Sackin index -0.1658; 0.7 s; peak memory 1161 MiB.
2026-10-06T09:19:56Z INFO [239/750] 4ea5ed68-c8a9-4840-8300-ede0b8e3b014: Sackin index -0.0676; 1.8 s; peak memory 1161 MiB.
2026-10-06T09:19:57Z INFO [240/750] 4ea5fca3-a1d9-47b2-a457-a351f8518c18: Sackin index -0.0702; 0.8 s; peak memory 1161 MiB.
2026-10-06T09:19:58Z INFO [241/750] 4ea6697c-97be-44ca-9c5c-fa99aaed38af: Sackin index -0.0728; 1.2 s; peak memory 1161 MiB.
2026-10-06T09:20:00Z INFO [242/750] 4ea6b881-6d29-4937-9cde-d47c3e8d3909: Sackin index -0.1293; 1.3 s; peak memory 1161 MiB.
2026-10-06T09:20:01Z INFO [243/750] 4ea702f4-f291-4e15-9f37-d1e9e8ce97f3: Sackin index -0.1349; 1.0 s; peak memory 1161 MiB.
2026-10-06T09:20:01Z INFO [244/750] 4ea71caf-18d0-4dd7-b324-7f0af8c62e8b: Sackin index -0.1658; 0.7 s; peak memory 1161 MiB.
2026-10-06T09:20:02Z INFO [245/750] 4ea754f5-b0de-46d2-9013-b9cd956473fc: Sackin index -0.1938; 0.8 s; peak memory 1161 MiB.
2026-10-06T09:20:03Z INFO [246/750] 4ea7afaf-ff80-431d-af07-3343229d4641: Sackin index -0.0376; 1.1 s; peak memory 1161 MiB.
2026-10-06T09:20:04Z INFO [247/750] 4ea7dae3-dea1-4a9a-a4e3-e8a876720bc8: Sackin index -0.1349; 0.9 s; peak memory 1161 MiB.
2026-10-06T09:20:05Z INFO [248/750] 4ea88a51-afe5-453e-8641-eb58c514ed98: Sackin index -0.1248; 0.8 s; peak memory 1161 MiB.
2026-10-06T09:20:06Z INFO [249/750] 4ea88dcf-abdf-45c8-b780-195fd1bd9078: Sackin index -0.0728; 1.2 s; peak memory 1161 MiB.
2026-10-06T09:20:07Z INFO [250/750] 4ea8a0b9-223f-499c-bb81-30ed38e63bb1: Sackin index -0.0696; 0.9 s; peak memory 1161 MiB.
2026-10-06T09:20:07Z INFO [250/750] 4ea8a0b9-223f-499c-bb81-30ed38e63bb1: checkpointed 84836 records.
2026-10-06T09:20:11Z INFO [251/750] 4ea8f381-07ea-4786-913d-1a4d0efa9899: Sackin index -0.0265; 4.1 s; peak memory 1161 MiB.
2026-10-06T09:20:12Z INFO [252/750] 4ea95f0a-ef65-466a-8aa7-793bdf70662d: Sackin index -0.0702; 0.9 s; peak memory 1161 MiB.
2026-10-06T09:20:13Z INFO [253/750] 4ea970eb-1c6b-4cce-8619-f6c5bb087db3: Sackin index -0.1191; 0.9 s; peak memory 1161 MiB.
2026-10-06T09:20:14Z INFO [254/750] 4ea980da-72ee-449b-afec-d5aca14093e1: Sackin index -0.1349; 0.9 s; peak memory 1161 MiB.
2026-10-06T09:20:15Z INFO [255/750] 4ea9d9a0-bb22-4fbd-864e-8d40f104a334: Sackin index -0.0815; 1.5 s; peak memory 1161 MiB.
2026-10-06T09:20:21Z INFO [256/750] 4eac051d-568f-4504-9d64-85f648a4a120: Sackin index -0.0022; 5.5 s; peak memory 1161 MiB.
2026-10-06T09:20:22Z INFO [257/750] 4eace9f1-823b-43aa-bdbe-2dbaa97cd34f: Sackin index -0.0728; 1.2 s; peak memory 1161 MiB.
2026-10-06T09:20:23Z INFO [258/750] 4ead9dc1-e63a-48ac-8471-65adbeb4e542: Sackin index -0.3646; 0.7 s; peak memory 1161 MiB.
2026-10-06T09:20:24Z INFO [259/750] 4eae5ef5-3991-4949-95c8-5744573253f9: Sackin index -0.1416; 1.6 s; peak memory 1161 MiB.
2026-10-06T09:20:25Z INFO [260/750] 4eae74e8-7723-4843-8a61-49d6d9c47835: Sackin index -0.1349; 0.8 s; peak memory 1161 MiB.
2026-10-06T09:20:31Z INFO [261/750] 4eae7fe0-b84d-4c63-a915-66ba19be4499: Sackin index -0.0225; 5.5 s; peak memory 1161 MiB.
2026-10-06T09:20:32Z INFO [262/750] 4eaee765-6ec1-441f-8fc8-a1ded5594abc: Sackin index -0.1349; 0.9 s; peak memory 1161 MiB.
2026-10-06T09:20:33Z INFO [263/750] 4eaefb88-5217-493b-ab76-556b26a2b3ce: Sackin index -0.0379; 1.3 s; peak memory 1161 MiB.
2026-10-06T09:20:34Z INFO [264/750] 4eaf6dba-f6ef-4bf3-97c1-fa53c2320f67: Sackin index -0.0728; 1.1 s; peak memory 1161 MiB.
2026-10-06T09:20:35Z INFO [265/750] 4eb00f25-73c3-4823-b494-d54881cf503e: Sackin index -0.1009; 1.1 s; peak memory 1161 MiB.
2026-10-06T09:20:36Z INFO [266/750] 4eb030c8-857b-4b34-8f21-aa319fb7a66e: Sackin index -0.1349; 0.9 s; peak memory 1161 MiB.
2026-10-06T09:20:38Z INFO [267/750] 4eb0b690-b450-4c74-bd9a-869a1e236a67: Sackin index -0.0677; 1.9 s; peak memory 1161 MiB.
2026-10-06T09:20:40Z INFO [268/750] 4eb0ced3-a989-48d1-ad0d-b1a8c2e589a3: Sackin index -0.0579; 1.7 s; peak memory 1161 MiB.
2026-10-06T09:20:41Z INFO [269/750] 4eb1454f-36b3-488f-9577-70fe9cd309de: Sackin index -0.1233; 1.3 s; peak memory 1161 MiB.
2026-10-06T09:20:43Z INFO [270/750] 4eb28e08-26bb-4236-aac8-109287842cb4: Sackin index -0.0699; 1.8 s; peak memory 1161 MiB.
2026-10-06T09:20:44Z INFO [271/750] 4eb33ec6-f7a1-4f46-bf6f-76624a42029a: Sackin index -0.1191; 0.8 s; peak memory 1161 MiB.
2026-10-06T09:20:44Z INFO [272/750] 4eb3b34b-6c90-417e-846d-d13d0d6f2df0: Sackin index -0.0709; 1.0 s; peak memory 1161 MiB.
2026-10-06T09:20:45Z INFO [273/750] 4eb3d447-a387-42f8-8067-4af70ab9de5b: Sackin index -0.3646; 0.8 s; peak memory 1161 MiB.
2026-10-06T09:20:46Z INFO [274/750] 4eb499cc-ab16-44ab-a8af-d334fc63761d: Sackin index -0.0388; 0.7 s; peak memory 1161 MiB.
2026-10-06T09:20:47Z INFO [275/750] 4eb4c461-5d0e-43bf-9bfb-1b737611a086: Sackin index -0.0709; 1.2 s; peak memory 1161 MiB.
2026-10-06T09:20:49Z INFO [276/750] 4eb55e54-d220-40e9-a7aa-1d812524bdac: Sackin index -0.1243; 1.8 s; peak memory 1161 MiB.
2026-10-06T09:20:51Z INFO [277/750] 4eb59cce-235a-4c20-bc7c-f985f700fc7a: Sackin index -0.1938; 1.6 s; peak memory 1161 MiB.
2026-10-06T09:20:52Z INFO [278/750] 4eb5bdf3-b708-4e75-b0a8-b6ade8ec3aba: Sackin index -0.1349; 1.0 s; peak memory 1161 MiB.
2026-10-06T09:21:08Z INFO [279/750] 4eb6d403-e33d-4f74-987d-569910e8dab1: Sackin index -0.0114; 16.7 s; peak memory 1161 MiB.
2026-10-06T09:21:09Z INFO [280/750] 4eb7486f-bc46-4e5d-bc38-2db81c8841a5: Sackin index -0.0752; 1.1 s; peak memory 1161 MiB.
2026-10-06T09:21:11Z INFO [281/750] 4eb78df9-a90c-43ab-89da-67b3081e9a21: Sackin index -0.0728; 1.2 s; peak memory 1161 MiB.
2026-10-06T09:21:11Z INFO [282/750] 4eb81bf6-6ce6-43c3-9521-60a588804dcf: Sackin index -0.2147; 0.7 s; peak memory 1161 MiB.
2026-10-06T09:21:12Z INFO [283/750] 4eb822bd-8f83-4443-94bb-07149b971fda: Sackin index -0.1349; 0.8 s; peak memory 1161 MiB.
2026-10-06T09:21:13Z INFO [284/750] 4eb8929c-27d0-42ad-8e9d-01de15fc829b: Sackin index -0.1448; 0.6 s; peak memory 1161 MiB.
2026-10-06T09:21:13Z INFO [285/750] 4eb8c696-3eac-4765-aa43-1772e1e50837: Sackin index -0.2147; 0.6 s; peak memory 1161 MiB.
2026-10-06T09:21:16Z INFO [286/750] 4eb94d22-8a21-4fdd-bcda-f99ba471b1e9: Sackin index -0.0660; 2.6 s; peak memory 1161 MiB.
2026-10-06T09:24:55Z INFO [287/750] 4eba64ff-ff02-4247-9d1c-17926a6e8065: Sackin index -0.0435; 218.7 s; peak memory 1161 MiB.
2026-10-06T09:25:01Z INFO [288/750] 4ebb0961-f8bc-417f-b2e1-13265be70fe5: Sackin index -0.1362; 6.1 s; peak memory 1161 MiB.
2026-10-06T09:25:02Z INFO [289/750] 4ebb7e95-be71-4e0d-8ce7-5832b5f826c8: Sackin index -0.1349; 1.0 s; peak memory 1161 MiB.
2026-10-06T09:25:03Z INFO [290/750] 4ebbda1f-b459-485a-ba48-8f2f195f25cd: Sackin index -0.0384; 1.0 s; peak memory 1161 MiB.
2026-10-06T09:25:04Z INFO [291/750] 4ebc9339-b287-4067-85e6-7772f03c72a3: Sackin index -0.0745; 1.1 s; peak memory 1161 MiB.
2026-10-06T09:25:05Z INFO [292/750] 4ebd29ed-c63f-4817-bef7-88968f3374a7: Sackin index -0.1602; 1.0 s; peak memory 1161 MiB.
2026-10-06T09:25:06Z INFO [293/750] 4ebe1780-b84c-4f0a-8fed-12e0ab4134e3: Sackin index -0.0696; 0.9 s; peak memory 1161 MiB.
2026-10-06T09:25:07Z INFO [294/750] 4ebe3ab4-f0bb-4d5a-bba6-c06b975bbfa8: Sackin index -0.1023; 0.9 s; peak memory 1161 MiB.
2026-10-06T09:25:08Z INFO [295/750] 4ebe4402-94c3-4468-bc5a-14544fab0cb1: Sackin index -0.1380; 0.9 s; peak memory 1161 MiB.
2026-10-06T09:25:10Z INFO [296/750] 4ebed003-191c-43d6-ae37-0f099517ab19: Sackin index -0.0660; 2.7 s; peak memory 1161 MiB.
2026-10-06T09:25:11Z INFO [297/750] 4ebfd25e-1c69-48ca-97d2-cad86d09ea29: Sackin index -0.2000; 0.7 s; peak memory 1161 MiB.
2026-10-06T09:25:12Z INFO [298/750] 4ec01717-0952-48c6-83dc-099c7c1b891a: Sackin index -0.2147; 0.8 s; peak memory 1161 MiB.
2026-10-06T09:30:49Z INFO [299/750] 4ec09778-4617-45f1-b012-8059518f069a: Sackin index -0.0613; 337.0 s; peak memory 1161 MiB.
2026-10-06T09:30:50Z INFO [300/750] 4ec0d5ae-3c7b-4153-b7a6-48e98b12df5d: Sackin index -0.1349; 1.1 s; peak memory 1161 MiB.
2026-10-06T09:30:50Z INFO [300/750] 4ec0d5ae-3c7b-4153-b7a6-48e98b12df5d: checkpointed 84886 records.
2026-10-06T09:30:51Z INFO [301/750] 4ec184b8-ccc9-4ba7-bc38-b305f60c4b72: Sackin index -0.1349; 1.0 s; peak memory 1161 MiB.
2026-10-06T09:30:52Z INFO [302/750] 4ec20755-35d4-4d60-a398-80936e641c46: Sackin index -0.1349; 1.0 s; peak memory 1161 MiB.
2026-10-06T09:30:53Z INFO [303/750] 4ec262b4-99a6-4ce6-bf70-90241820b8d8: Sackin index -0.1191; 1.0 s; peak memory 1161 MiB.
2026-10-06T09:30:54Z INFO [304/750] 4ec378f6-f946-4e90-8ba6-9eb6ae6ab15c: Sackin index -0.1390; 1.1 s; peak memory 1161 MiB.
2026-10-06T09:30:56Z INFO [305/750] 4ec3d4a3-69b7-4dd1-a447-120d8c2ac932: Sackin index -0.0677; 2.5 s; peak memory 1161 MiB.
2026-10-06T09:31:01Z INFO [306/750] 4ec3e388-807c-4d4c-bd26-1c31ad41da3d: Sackin index -0.0136; 4.8 s; peak memory 1161 MiB.
2026-10-06T09:31:03Z INFO [307/750] 4ec42d89-53b6-4168-bbb2-3ab69886be8e: Sackin index -0.0275; 1.4 s; peak memory 1161 MiB.
2026-10-06T09:31:04Z INFO [308/750] 4ec4f565-c050-496c-868b-edc4bc1eb85f: Sackin index -0.1349; 1.0 s; peak memory 1161 MiB.
2026-10-06T09:31:04Z INFO [309/750] 4ec4facd-483c-46b5-b509-3dfc51f7625a: Sackin index -0.1239; 0.9 s; peak memory 1161 MiB.
2026-10-06T09:31:07Z INFO [310/750] 4ec5b08e-b6b4-428d-9df5-f87f4bc69a68: Sackin index -0.0246; 2.3 s; peak memory 1161 MiB.
2026-10-06T09:31:08Z INFO [311/750] 4ec60293-7d17-4f1b-8dbb-e19d820807e6: Sackin index -0.1273; 1.1 s; peak memory 1161 MiB.
2026-10-06T09:31:09Z INFO [312/750] 4ec613c6-c9f1-4707-8896-a5cd96711868: Sackin index -0.1349; 0.7 s; peak memory 1161 MiB.
2026-10-06T09:31:09Z INFO [313/750] 4ec619e7-e1c1-4a87-a9d0-cc3bd6335066: Sackin index -0.1303; 0.7 s; peak memory 1161 MiB.
2026-10-06T09:31:11Z INFO [314/750] 4ec62884-f556-441d-beaa-e4bab57f3fe0: Sackin index -0.1000; 1.4 s; peak memory 1161 MiB.
2026-10-06T09:31:12Z INFO [315/750] 4ec68ae9-8c58-4eba-9959-3e264b97d7eb: Sackin index -0.1461; 0.8 s; peak memory 1161 MiB.
2026-10-06T09:31:14Z INFO [316/750] 4ec86d5d-638f-4195-9f36-f37c3190b9b2: Sackin index -0.0660; 2.2 s; peak memory 1161 MiB.
2026-10-06T09:31:15Z INFO [317/750] 4ec9eb69-ba71-4350-8609-018db03a01d4: Sackin index -0.0676; 1.5 s; peak memory 1161 MiB.
2026-10-06T09:31:17Z INFO [318/750] 4eca11bb-b6f8-4480-b466-7493b79d312d: Sackin index -0.0728; 1.2 s; peak memory 1161 MiB.
2026-10-06T09:31:18Z INFO [319/750] 4ecad5ed-593a-4a2b-8e0e-5129b26724c9: Sackin index -0.0272; 1.5 s; peak memory 1161 MiB.
2026-10-06T09:31:25Z INFO [320/750] 4ecae97c-f310-4534-8658-8e1933e48c86: Sackin index -0.0779; 6.7 s; peak memory 1161 MiB.
2026-10-06T09:31:26Z INFO [321/750] 4ecaf063-6c76-4e95-8f00-960a0073052e: Sackin index -0.1349; 0.8 s; peak memory 1161 MiB.
2026-10-06T09:31:26Z INFO [322/750] 4ecb7510-287e-4a32-9159-9e43c8197c00: Sackin index -0.1349; 0.9 s; peak memory 1161 MiB.
2026-10-06T09:31:33Z INFO [323/750] 4ecc3ddc-c72b-4abf-a005-d2eb3f5bb14f: Sackin index -0.0435; 6.4 s; peak memory 1161 MiB.
2026-10-06T09:31:34Z INFO [324/750] 4ecc5f15-4b27-4a85-8976-d40a8910bf38: Sackin index -0.1658; 0.6 s; peak memory 1161 MiB.
2026-10-06T09:31:34Z INFO [325/750] 4eccc9d0-d903-4bb6-ad9a-e4e7b51ce9c3: Sackin index -0.1239; 0.8 s; peak memory 1161 MiB.
2026-10-06T09:32:53Z INFO [326/750] 4ecdc4ef-0ee6-4ba5-b104-99f80f3595b3: Sackin index -0.0006; 78.7 s; peak memory 1161 MiB.
2026-10-06T09:32:54Z INFO [327/750] 4eced0ff-7037-47f7-bf11-d926995c61e6: Sackin index -0.1191; 0.9 s; peak memory 1161 MiB.
2026-10-06T09:32:55Z INFO [328/750] 4ecef311-6cff-40e5-ae7f-ef7afa06d94b: Sackin index -0.1239; 0.9 s; peak memory 1161 MiB.
2026-10-06T09:32:56Z INFO [329/750] 4ecf0de6-6d76-4a53-9414-be3f65bc7d9d: Sackin index -0.0728; 1.5 s; peak memory 1161 MiB.
2026-10-06T09:32:57Z INFO [330/750] 4ecf5332-9ba5-44e9-aebb-55e7c15fe393: Sackin index -0.2000; 0.6 s; peak memory 1161 MiB.
2026-10-06T09:33:10Z INFO [331/750] 4ecfb0b8-e325-4c68-9af1-5678b6b01dd6: Sackin index -0.0119; 12.9 s; peak memory 1161 MiB.
2026-10-06T09:33:11Z INFO [332/750] 4ecfe2a4-39c2-4e8e-b4b3-97bfabb30bf8: Sackin index -0.1349; 1.0 s; peak memory 1161 MiB.
2026-10-06T09:33:12Z INFO [333/750] 4ecfe631-86e0-400c-9698-8b966d5bbbbb: Sackin index -0.0745; 0.9 s; peak memory 1161 MiB.
2026-10-06T09:33:15Z INFO [334/750] 4ed01e94-9a13-47b7-84b3-72c03ea6a26c: Sackin index -0.0233; 3.6 s; peak memory 1161 MiB.
2026-10-06T09:33:16Z INFO [335/750] 4ed072cd-76fc-4cfa-8630-5505bacd2b21: Sackin index -0.1349; 0.9 s; peak memory 1161 MiB.
2026-10-06T09:33:17Z INFO [336/750] 4ed15f90-1b97-44fc-bcab-3361ba377258: Sackin index -0.0709; 1.1 s; peak memory 1161 MiB.
2026-10-06T09:33:18Z INFO [337/750] 4ed2177d-fc1e-41db-8288-6393ca7280d5: Sackin index -0.0696; 1.1 s; peak memory 1161 MiB.
2026-10-06T09:33:30Z INFO [338/750] 4ed25e9b-f418-43d9-8362-eef58bb6598b: Sackin index -0.1892; 11.8 s; peak memory 1161 MiB.
2026-10-06T09:33:32Z INFO [339/750] 4ed2c260-8f20-4a4e-b7cd-1d7962ed248b: Sackin index -0.0681; 2.0 s; peak memory 1161 MiB.
2026-10-06T09:34:19Z INFO [340/750] 4ed2c639-aeb0-4f48-a497-e282cd243c1f: Sackin index -0.1430; 47.3 s; peak memory 1161 MiB.
2026-10-06T09:34:27Z INFO [341/750] 4ed3d71c-9e3d-42e8-ac22-4e6387843f9e: Sackin index -0.0137; 7.1 s; peak memory 1161 MiB.
2026-10-06T09:34:28Z INFO [342/750] 4ed3f204-d0c2-4af9-861d-20003541962a: Sackin index -0.1370; 1.5 s; peak memory 1161 MiB.
2026-10-06T09:34:30Z INFO [343/750] 4ed51721-6804-4736-99e3-e0544a34a331: Sackin index -0.0704; 1.8 s; peak memory 1161 MiB.
2026-10-06T09:34:31Z INFO [344/750] 4ed53bbc-1841-4148-9984-8e2e6683cd61: Sackin index -0.0702; 1.4 s; peak memory 1161 MiB.
2026-10-06T09:34:38Z INFO [345/750] 4ed5fd7d-cb6a-471b-867b-da1ca875f385: Sackin index -0.0288; 7.1 s; peak memory 1161 MiB.
2026-10-06T09:34:39Z INFO [346/750] 4ed70823-bc0b-468e-862d-b25bf88f3bb0: Sackin index -0.1716; 0.9 s; peak memory 1161 MiB.
2026-10-06T09:34:40Z INFO [347/750] 4ed77b72-74dd-4db1-9576-4b8c48fd3de9: Sackin index -0.0745; 1.2 s; peak memory 1161 MiB.
2026-10-06T09:34:41Z INFO [348/750] 4ed8a5a3-69ba-4096-95f4-3ee946f4af0c: Sackin index -0.1349; 1.0 s; peak memory 1161 MiB.
2026-10-06T09:34:42Z INFO [349/750] 4ed92c40-2c8b-403d-8a10-d0259eeb16ab: Sackin index -0.1349; 0.9 s; peak memory 1161 MiB.
2026-10-06T09:34:47Z INFO [350/750] 4ed9a096-caa8-4b8d-9be2-10447b840870: Sackin index -0.0251; 4.3 s; peak memory 1161 MiB.
2026-10-06T09:34:47Z INFO [350/750] 4ed9a096-caa8-4b8d-9be2-10447b840870: checkpointed 84936 records.
2026-10-06T09:34:48Z INFO [351/750] 4ed9dcac-76de-46d6-a6a4-faa1fa147237: Sackin index -0.1248; 0.9 s; peak memory 1161 MiB.
2026-10-06T09:34:49Z INFO [352/750] 4edba0db-80ef-41ac-9086-aaa78bb67479: Sackin index -0.0881; 1.0 s; peak memory 1161 MiB.
2026-10-06T09:34:50Z INFO [353/750] 4edbaa70-9e7b-4c7b-bea5-dd2c9d3423de: Sackin index -0.1248; 1.0 s; peak memory 1161 MiB.
2026-10-06T09:34:58Z INFO [354/750] 4edbd041-3f71-4e9d-b9d7-a41461c6294e: Sackin index -0.0149; 8.5 s; peak memory 1161 MiB.
2026-10-06T09:35:00Z INFO [355/750] 4edbdc94-13b9-4b74-b4d4-2d43abda66e9: Sackin index -0.0579; 1.9 s; peak memory 1161 MiB.
2026-10-06T09:35:01Z INFO [356/750] 4edd7a89-994b-476e-a0dd-9b4e751c2a25: Sackin index -0.1658; 0.8 s; peak memory 1161 MiB.
2026-10-06T09:35:10Z INFO [357/750] 4edec7f0-e095-4e5b-843b-61664b2dd533: Sackin index -0.0141; 9.5 s; peak memory 1161 MiB.
2026-10-06T09:35:11Z INFO [358/750] 4edeea5e-225f-4fd0-9da1-6f9f039d2e0c: Sackin index -0.1349; 0.8 s; peak memory 1161 MiB.
2026-10-06T09:35:12Z INFO [359/750] 4ee0812c-2b6d-467a-87a6-df5dd751c7f7: Sackin index -0.0369; 1.3 s; peak memory 1161 MiB.
2026-10-06T09:35:13Z INFO [360/750] 4ee11bcd-9577-46de-bc1f-41b15cac26de: Sackin index -0.1658; 0.8 s; peak memory 1161 MiB.
2026-10-06T09:35:14Z INFO [361/750] 4ee1731d-2158-49d4-9b75-9e8f40c843c0: Sackin index -0.1349; 0.9 s; peak memory 1161 MiB.
2026-10-06T09:35:15Z INFO [362/750] 4ee2828c-747d-4ef9-8407-a98a77b2ad56: Sackin index -0.1938; 0.7 s; peak memory 1161 MiB.
2026-10-06T09:35:16Z INFO [363/750] 4ee2daa3-e44e-449e-9960-4f4b363a83a0: Sackin index -0.0728; 0.9 s; peak memory 1161 MiB.
2026-10-06T09:35:17Z INFO [364/750] 4ee2f091-b9a9-41a5-94b7-95547df8af45: Sackin index -0.1461; 0.7 s; peak memory 1161 MiB.
2026-10-06T09:35:18Z INFO [365/750] 4ee311ef-96f7-4e13-a9ea-d372a775f903: Sackin index -0.0369; 1.2 s; peak memory 1161 MiB.
2026-10-06T09:35:19Z INFO [366/750] 4ee354ba-65af-4c15-9116-8fbb1cf84b16: Sackin index -0.0702; 0.9 s; peak memory 1161 MiB.
2026-10-06T09:35:19Z INFO [367/750] 4ee3b63a-87f3-4280-abc5-2b6275516f00: Sackin index -0.1658; 0.6 s; peak memory 1161 MiB.
2026-10-06T09:35:24Z INFO [368/750] 4ee3de0b-4f7a-466f-98f5-f4160921579e: Sackin index -0.1599; 5.0 s; peak memory 1161 MiB.
2026-10-06T09:35:26Z INFO [369/750] 4ee4e6a6-edfb-40bd-922c-46e15bcf67db: Sackin index -0.0586; 1.7 s; peak memory 1161 MiB.
2026-10-06T09:35:31Z INFO [370/750] 4ee5c719-1bf2-4319-a906-e24c85251d24: Sackin index -0.0892; 4.9 s; peak memory 1161 MiB.
2026-10-06T09:35:32Z INFO [371/750] 4ee5e5a0-dc29-4464-aab8-a9ab083246dd: Sackin index -0.1349; 0.8 s; peak memory 1161 MiB.
2026-10-06T09:35:33Z INFO [372/750] 4ee641b8-f669-4aeb-a2a8-bfb14074f996: Sackin index -0.1349; 0.9 s; peak memory 1161 MiB.
2026-10-06T09:35:35Z INFO [373/750] 4ee6b330-ed5b-485f-aa25-1ae25e4003f5: Sackin index -0.1938; 2.4 s; peak memory 1161 MiB.
2026-10-06T09:35:37Z INFO [374/750] 4ee71cb7-b865-4ae7-b65d-f7bde343c38e: Sackin index -0.0677; 2.0 s; peak memory 1161 MiB.
2026-10-06T09:35:38Z INFO [375/750] 4ee7b465-64f7-43cd-94de-189ac7f0dad2: Sackin index -0.0752; 1.3 s; peak memory 1161 MiB.
2026-10-06T09:35:41Z INFO [376/750] 4ee7bd0a-be12-47a4-941b-5b9cabd035b3: Sackin index -0.0693; 2.2 s; peak memory 1161 MiB.
2026-10-06T09:35:41Z INFO [377/750] 4ee92ee5-0329-4f40-9ce4-1b146bcae074: Sackin index -0.0696; 0.9 s; peak memory 1161 MiB.
2026-10-06T09:35:43Z INFO [378/750] 4ee96b6d-7c5b-463a-8f2f-e65e87c6036e: Sackin index -0.0728; 1.4 s; peak memory 1161 MiB.
2026-10-06T09:35:45Z INFO [379/750] 4ee98cb1-189f-4993-ba56-fcedfa76041d: Sackin index -0.0660; 2.4 s; peak memory 1161 MiB.
2026-10-06T09:35:58Z INFO [380/750] 4ee99fe1-ff0c-47dd-9e31-5ae14b3c8b01: Sackin index -0.0151; 12.6 s; peak memory 1161 MiB.
2026-10-06T09:35:59Z INFO [381/750] 4eea6db7-b105-418f-b706-9baac4c8b671: Sackin index -0.1349; 0.9 s; peak memory 1161 MiB.
2026-10-06T09:36:00Z INFO [382/750] 4eea90f9-1045-4ea0-a925-c953dd098d3b: Sackin index -0.0709; 1.0 s; peak memory 1161 MiB.
2026-10-06T09:36:01Z INFO [383/750] 4eeac1ba-659b-4733-aef3-e93c383c9a4f: Sackin index -0.0369; 1.6 s; peak memory 1161 MiB.
2026-10-06T09:36:09Z INFO [384/750] 4eead715-6e13-4fa7-bf20-64d130321bcb: Sackin index -0.0017; 7.6 s; peak memory 1161 MiB.
2026-10-06T09:36:10Z INFO [385/750] 4eeaf684-ca2a-484a-8b45-7c5d92c2ea9e: Sackin index -0.1248; 0.8 s; peak memory 1161 MiB.
2026-10-06T09:36:11Z INFO [386/750] 4eeb0ab6-6578-4062-b635-613893fcd2b1: Sackin index -0.2168; 0.8 s; peak memory 1161 MiB.
2026-10-06T09:36:11Z INFO [387/750] 4eebfd57-2671-4d98-ac5f-9935de93a192: Sackin index -0.1938; 0.8 s; peak memory 1161 MiB.
2026-10-06T09:36:13Z INFO [388/750] 4eec9e16-8944-41e3-8f2c-71b67027de82: Sackin index -0.0745; 1.2 s; peak memory 1161 MiB.
2026-10-06T09:36:13Z INFO [389/750] 4eec9e8b-291a-4b26-9c37-412804cace73: Sackin index -0.1349; 0.9 s; peak memory 1161 MiB.
2026-10-06T09:36:14Z INFO [390/750] 4eecd257-4624-4478-97aa-bd295546a674: Sackin index -0.1349; 0.9 s; peak memory 1161 MiB.
2026-10-06T09:36:15Z INFO [391/750] 4eecd706-b000-4af9-be72-abaa87aa3d82: Sackin index -0.1349; 0.7 s; peak memory 1161 MiB.
2026-10-06T09:36:40Z INFO [392/750] 4eed8bfc-1edb-40be-8d5b-66857129f26f: Sackin index -0.0024; 25.0 s; peak memory 1161 MiB.
2026-10-06T09:36:47Z INFO [393/750] 4eee2521-7dc0-47a1-aa9f-51ee2afb906d: Sackin index -0.1462; 7.3 s; peak memory 1161 MiB.
2026-10-06T09:36:52Z INFO [394/750] 4ef07502-b0ca-4b2d-83a8-6603dff31bf3: Sackin index -0.0431; 4.1 s; peak memory 1161 MiB.
2026-10-06T09:36:53Z INFO [395/750] 4ef0c5ff-97d1-452e-bbd1-61762823e761: Sackin index -0.0709; 1.2 s; peak memory 1161 MiB.
2026-10-06T09:36:58Z INFO [396/750] 4ef159e4-7079-47a2-a878-9779b900228e: Sackin index -0.0191; 5.8 s; peak memory 1161 MiB.
2026-10-06T09:36:59Z INFO [397/750] 4ef18bc9-5926-4512-8c34-dd1785f66bd0: Sackin index -0.1461; 0.9 s; peak memory 1161 MiB.
2026-10-06T09:37:00Z INFO [398/750] 4ef1b1c5-b024-4db6-89a7-8cb285d0f1db: Sackin index -0.0709; 1.0 s; peak memory 1161 MiB.
2026-10-06T09:37:02Z INFO [399/750] 4ef217d1-7b35-49bb-b4c2-b930a0369959: Sackin index -0.1000; 1.1 s; peak memory 1161 MiB.
2026-10-06T09:37:03Z INFO [400/750] 4ef2ca4f-327f-40f9-9945-def42f01bc17: Sackin index -0.1345; 1.3 s; peak memory 1161 MiB.
2026-10-06T09:37:03Z INFO [400/750] 4ef2ca4f-327f-40f9-9945-def42f01bc17: checkpointed 84986 records.
2026-10-06T09:37:04Z INFO [401/750] 4ef3687a-a2b2-4388-8527-110c399ee49d: Sackin index -0.1349; 0.9 s; peak memory 1161 MiB.
2026-10-06T09:37:05Z INFO [402/750] 4ef3e6d6-31bf-401b-82b1-dddaa05aa2b7: Sackin index -0.0728; 1.3 s; peak memory 1161 MiB.
2026-10-06T09:37:09Z INFO [403/750] 4ef5794c-a039-4bfe-9ffb-6862731b46c9: Sackin index -0.0403; 3.8 s; peak memory 1161 MiB.
2026-10-06T09:37:11Z INFO [404/750] 4ef5b20a-80ac-4985-8ad0-55e7151461ee: Sackin index -0.0369; 1.7 s; peak memory 1161 MiB.
2026-10-06T09:37:16Z INFO [405/750] 4ef5b9d0-8fd3-41cd-af11-ed19b60d2561: Sackin index -0.0220; 5.8 s; peak memory 1161 MiB.
2026-10-06T09:37:21Z INFO [406/750] 4ef64ed3-d11c-4df6-a0c2-75d7fddc86c9: Sackin index -0.0250; 4.3 s; peak memory 1161 MiB.
2026-10-06T09:37:22Z INFO [407/750] 4ef79fcc-07cc-4319-a869-21d5f496529d: Sackin index -0.1191; 0.9 s; peak memory 1161 MiB.
2026-10-06T09:37:23Z INFO [408/750] 4ef84c2a-74ae-4ec8-a014-35f5f0fb69ea: Sackin index -0.0379; 1.5 s; peak memory 1161 MiB.
2026-10-06T09:37:28Z INFO [409/750] 4ef8e600-6f5b-4ab3-8d42-199852911a00: Sackin index -0.0460; 5.0 s; peak memory 1161 MiB.
2026-10-06T09:37:29Z INFO [410/750] 4ef99d13-ae98-4098-86de-526479d5fad8: Sackin index -0.1291; 1.2 s; peak memory 1161 MiB.
2026-10-06T09:37:31Z INFO [411/750] 4efa8f64-2e56-4c9b-8256-754edbca5ff5: Sackin index -0.0952; 1.4 s; peak memory 1161 MiB.
2026-10-06T09:37:32Z INFO [412/750] 4efb2251-3fe4-4e67-8d93-b09b6a0835f4: Sackin index -0.0699; 1.6 s; peak memory 1161 MiB.
2026-10-06T09:37:33Z INFO [413/750] 4efb4555-0d0f-4b7e-aee7-a0b8a1a4720c: Sackin index -0.1349; 0.9 s; peak memory 1161 MiB.
2026-10-06T09:37:34Z INFO [414/750] 4efb4a08-17a4-411c-ad77-3cf694bf96ef: Sackin index -0.1349; 0.9 s; peak memory 1161 MiB.
2026-10-06T09:39:27Z INFO [415/750] 4efbb22d-93cd-4faa-a8e8-cedf1688a672: Sackin index -0.0305; 112.5 s; peak memory 1161 MiB.
2026-10-06T09:39:34Z INFO [416/750] 4efc1a54-77da-43b6-9ce3-452d17f4de7c: Sackin index -0.0288; 7.1 s; peak memory 1161 MiB.
2026-10-06T09:39:35Z INFO [417/750] 4efd9ba9-7bc5-431e-a6a6-4b2ce2569607: Sackin index -0.1000; 1.2 s; peak memory 1161 MiB.
2026-10-06T09:39:36Z INFO [418/750] 4efdc212-a081-40c6-a96b-0333ed67e139: Sackin index -0.1349; 0.8 s; peak memory 1161 MiB.
2026-10-06T09:39:43Z INFO [419/750] 4efddb48-f295-4409-8987-6234ebcf4c82: Sackin index -0.0017; 7.3 s; peak memory 1161 MiB.
2026-10-06T09:39:44Z INFO [420/750] 4efe1f3e-411d-46a0-86ac-9ed79aa5a40a: Sackin index -0.1349; 0.8 s; peak memory 1161 MiB.
2026-10-06T09:39:44Z INFO [421/750] 4efee409-1012-4493-8c50-375dc66d2f98: Sackin index -0.1178; 0.7 s; peak memory 1161 MiB.
2026-10-06T09:39:45Z INFO [422/750] 4eff97dc-d701-4738-91f9-37ec9ecd13ce: Sackin index -0.1704; 0.9 s; peak memory 1161 MiB.
2026-10-06T09:39:47Z INFO [423/750] 4f003358-c5c7-4550-aa1d-bd8f6479eb11: Sackin index -0.1224; 1.5 s; peak memory 1161 MiB.
2026-10-06T09:40:10Z INFO [424/750] 4f00889a-12bf-40a1-bb0c-5db403a77d45: Sackin index -0.0907; 23.2 s; peak memory 1161 MiB.
2026-10-06T09:40:11Z INFO [425/750] 4f00f824-9e1c-45c9-bdb5-2390b87160a9: Sackin index -0.0728; 1.2 s; peak memory 1161 MiB.
2026-10-06T09:40:12Z INFO [426/750] 4f015c1d-dc0e-4e8d-91c0-3cd352b71e35: Sackin index -0.1349; 1.1 s; peak memory 1161 MiB.
2026-10-06T09:40:13Z INFO [427/750] 4f015c28-76e1-44d8-a466-6a701057d24f: Sackin index -0.1349; 0.8 s; peak memory 1161 MiB.
2026-10-06T09:40:15Z INFO [428/750] 4f020491-90d8-45d3-bd55-2ca28317fc5c: Sackin index -0.0699; 1.8 s; peak memory 1161 MiB.
2026-10-06T09:40:16Z INFO [429/750] 4f028660-bc01-4f98-9b8c-fc5c0bb0cba8: Sackin index -0.1349; 0.9 s; peak memory 1161 MiB.
2026-10-06T09:40:17Z INFO [430/750] 4f02b6ae-9d90-48d9-afcc-b0289a53cae3: Sackin index -0.1938; 1.6 s; peak memory 1161 MiB.
2026-10-06T09:40:19Z INFO [431/750] 4f0440a5-a23b-466b-8264-07c24d223757: Sackin index -0.0457; 1.1 s; peak memory 1161 MiB.
2026-10-06T09:40:20Z INFO [432/750] 4f0467ba-cc26-47f0-872e-c4cfd950d58e: Sackin index -0.0369; 1.7 s; peak memory 1161 MiB.
2026-10-06T09:40:21Z INFO [433/750] 4f04d466-478c-473b-9a4d-df13a477a28c: Sackin index -0.1267; 0.9 s; peak memory 1161 MiB.
2026-10-06T09:40:27Z INFO [434/750] 4f053502-a623-46f9-ab7d-5a61919a0ba7: Sackin index -0.0197; 6.0 s; peak memory 1161 MiB.
2026-10-06T09:40:28Z INFO [435/750] 4f06413e-514a-4574-a778-154ed473f4e5: Sackin index -0.1349; 0.9 s; peak memory 1161 MiB.
2026-10-06T09:40:29Z INFO [436/750] 4f06bba0-e086-4faf-90a3-47c13aa10e79: Sackin index -0.0745; 1.1 s; peak memory 1161 MiB.
2026-10-06T09:40:31Z INFO [437/750] 4f07b77f-ac89-4bbe-8bee-f4d27b931f30: Sackin index -0.0661; 1.8 s; peak memory 1161 MiB.
2026-10-06T09:40:32Z INFO [438/750] 4f081f0b-3991-4ff5-a978-357c9c982c30: Sackin index -0.0376; 0.9 s; peak memory 1161 MiB.
2026-10-06T09:40:33Z INFO [439/750] 4f09f869-0e65-4634-bddd-746c9f69d391: Sackin index -0.1191; 0.8 s; peak memory 1161 MiB.
2026-10-06T09:40:38Z INFO [440/750] 4f0abf4a-9def-4d65-a503-587526be8d78: Sackin index -0.0251; 4.9 s; peak memory 1161 MiB.
2026-10-06T09:40:39Z INFO [441/750] 4f0ae85e-a475-49ae-9442-aeec010e1d03: Sackin index -0.0748; 0.9 s; peak memory 1161 MiB.
2026-10-06T09:40:39Z INFO [442/750] 4f0ba98b-8a05-4d9b-a355-feb6d08ce90a: Sackin index -0.1269; 0.9 s; peak memory 1161 MiB.
2026-10-06T09:40:41Z INFO [443/750] 4f0c0e94-8b42-4799-8c62-607fb4b2c8c3: Sackin index -0.1273; 1.3 s; peak memory 1161 MiB.
2026-10-06T09:40:44Z INFO [444/750] 4f0c17be-0a6b-4103-b1b8-3069920747b9: Sackin index -0.0403; 3.7 s; peak memory 1161 MiB.
2026-10-06T09:40:45Z INFO [445/750] 4f0cbbb2-4490-4af6-a84a-b9bc16765277: Sackin index -0.0702; 1.0 s; peak memory 1161 MiB.
2026-10-06T09:40:47Z INFO [446/750] 4f0da134-0a48-4a9a-9dc1-49618aeed625: Sackin index -0.0818; 1.1 s; peak memory 1161 MiB.
2026-10-06T09:40:47Z INFO [447/750] 4f0e986e-dee8-4720-8c22-aa98af614c6b: Sackin index -0.1349; 0.9 s; peak memory 1161 MiB.
2026-10-06T09:40:52Z INFO [448/750] 4f0fba63-7b35-413a-9242-cc3de8916c17: Sackin index -0.0251; 4.6 s; peak memory 1161 MiB.
2026-10-06T09:40:57Z INFO [449/750] 4f0febb1-c22d-47df-a703-622673b30c80: Sackin index -0.0248; 5.4 s; peak memory 1161 MiB.
2026-10-06T09:40:59Z INFO [450/750] 4f102c9d-1598-49f7-b984-10bb92bc429d: Sackin index -0.0738; 1.5 s; peak memory 1161 MiB.
2026-10-06T09:40:59Z INFO [450/750] 4f102c9d-1598-49f7-b984-10bb92bc429d: checkpointed 85036 records.
2026-10-06T09:41:12Z INFO [451/750] 4f10cc50-2181-44f4-8c67-ebbae92c4f29: Sackin index -0.0098; 12.8 s; peak memory 1161 MiB.
2026-10-06T09:41:13Z INFO [452/750] 4f1119d7-8fab-4052-94c9-07ab937341ef: Sackin index -0.1349; 0.8 s; peak memory 1161 MiB.
2026-10-06T09:41:14Z INFO [453/750] 4f115ddc-9f33-4e2e-813a-f5b7de2da3f2: Sackin index -0.0696; 1.0 s; peak memory 1161 MiB.
2026-10-06T09:41:15Z INFO [454/750] 4f11ba0c-54ee-48bc-b16c-7201d89528c8: Sackin index -0.0702; 1.0 s; peak memory 1161 MiB.
2026-10-06T09:41:16Z INFO [455/750] 4f126ae4-76b8-4c16-a56b-010cbabb8277: Sackin index -0.0369; 1.4 s; peak memory 1161 MiB.
2026-10-06T09:41:17Z INFO [456/750] 4f136388-53be-4c25-95ed-af0ee6a2fd8e: Sackin index -0.2000; 0.7 s; peak memory 1161 MiB.
2026-10-06T09:41:18Z INFO [457/750] 4f1370fb-d643-490c-9929-91f3b30fbd20: Sackin index -0.0709; 0.9 s; peak memory 1161 MiB.
2026-10-06T09:41:19Z INFO [458/750] 4f13847c-7ead-48d5-90e6-ed6367969d8e: Sackin index -0.1349; 1.0 s; peak memory 1161 MiB.
2026-10-06T09:41:19Z INFO [459/750] 4f13d0c9-4ac3-498c-be99-fd86d9277d63: Sackin index -0.1201; 0.8 s; peak memory 1161 MiB.
2026-10-06T09:41:20Z INFO [460/750] 4f140da5-20db-4a32-92f2-35d70478e7b3: Sackin index -0.1349; 0.8 s; peak memory 1161 MiB.
2026-10-06T09:41:28Z INFO [461/750] 4f14683b-a4cc-404f-8d2a-6aeaa8421f73: Sackin index -0.0223; 7.9 s; peak memory 1161 MiB.
2026-10-06T09:41:30Z INFO [462/750] 4f1590b3-56a0-484f-899a-617d834826cf: Sackin index -0.0699; 1.8 s; peak memory 1161 MiB.
2026-10-06T09:41:31Z INFO [463/750] 4f16e9c0-b70c-40ea-ad3d-ee37e7e6c061: Sackin index -0.1408; 0.8 s; peak memory 1161 MiB.
2026-10-06T09:41:32Z INFO [464/750] 4f1710fa-249b-41ee-867e-59eb5a6d257b: Sackin index -0.0272; 1.5 s; peak memory 1161 MiB.
2026-10-06T09:41:34Z INFO [465/750] 4f1744d7-5824-489f-a4dc-56770d82e499: Sackin index -0.0728; 1.4 s; peak memory 1161 MiB.
2026-10-06T09:41:35Z INFO [466/750] 4f17a37f-6ba8-470e-bab1-d13dfd2ef6d0: Sackin index -0.0728; 1.3 s; peak memory 1161 MiB.
2026-10-06T09:41:37Z INFO [467/750] 4f187fb4-3487-402f-ba22-d433d7663c52: Sackin index -0.1144; 1.5 s; peak memory 1161 MiB.
2026-10-06T09:41:38Z INFO [468/750] 4f18bbe4-6dcb-4e00-839e-8a4e7d6fbcc5: Sackin index -0.0728; 1.1 s; peak memory 1161 MiB.
2026-10-06T09:41:39Z INFO [469/750] 4f19ca9f-8848-4cad-be44-4e4d7d3bdb34: Sackin index -0.0702; 1.0 s; peak memory 1161 MiB.
2026-10-06T09:41:39Z INFO [470/750] 4f1a24fc-9958-4f21-81ac-d14211ff8be0: Sackin index -0.1349; 0.7 s; peak memory 1161 MiB.
2026-10-06T09:41:40Z INFO [471/750] 4f1a6f93-20c2-4ff6-af9c-c27154294d7d: Sackin index -0.1208; 0.7 s; peak memory 1161 MiB.
2026-10-06T09:41:41Z INFO [472/750] 4f1ac23a-10be-41e5-b03f-249c8a508520: Sackin index -0.0275; 1.2 s; peak memory 1161 MiB.
2026-10-06T09:41:45Z INFO [473/750] 4f1b71af-dfd3-4716-90f6-1b8162fdfbe3: Sackin index -0.0403; 3.6 s; peak memory 1161 MiB.
2026-10-06T09:41:46Z INFO [474/750] 4f1daba3-fb60-4540-8585-5c79079be5f9: Sackin index -0.0369; 1.5 s; peak memory 1161 MiB.
2026-10-06T09:41:47Z INFO [475/750] 4f1e5e7b-9a55-421b-803e-96515f39ce64: Sackin index -0.0702; 1.0 s; peak memory 1161 MiB.
2026-10-06T09:41:48Z INFO [476/750] 4f1ec0eb-ea54-4a24-bd3c-4fc6bf969f87: Sackin index -0.1331; 1.0 s; peak memory 1161 MiB.
2026-10-06T09:41:49Z INFO [477/750] 4f1f11a0-43c9-470a-9be6-637fcb0df1d1: Sackin index -0.1178; 0.7 s; peak memory 1161 MiB.
2026-10-06T09:41:50Z INFO [478/750] 4f1f136d-0d1f-4d7b-a409-5ed9d9c2dee4: Sackin index -0.0702; 0.9 s; peak memory 1161 MiB.
2026-10-06T09:43:37Z INFO [479/750] 4f1f82f2-93c2-4e28-b55c-a41b7094ff4a: Sackin index -0.0414; 107.3 s; peak memory 1161 MiB.
2026-10-06T09:43:39Z INFO [480/750] 4f202beb-b101-48d8-91c8-73eb298547b4: Sackin index -0.1273; 1.3 s; peak memory 1161 MiB.
2026-10-06T09:43:39Z INFO [481/750] 4f206762-d7d3-45c4-a312-8e0c7909f405: Sackin index -0.1201; 0.9 s; peak memory 1161 MiB.
2026-10-06T09:43:40Z INFO [482/750] 4f20abfc-e2a9-4d61-93d8-0620ee28c698: Sackin index -0.1938; 0.7 s; peak memory 1161 MiB.
2026-10-06T09:43:44Z INFO [483/750] 4f2107ef-6b2e-4bb9-b0d2-75909bedf908: Sackin index -0.0403; 3.4 s; peak memory 1161 MiB.
2026-10-06T09:45:34Z INFO [484/750] 4f21b37f-117e-4399-8ff4-086267983921: Sackin index -0.0286; 110.0 s; peak memory 1161 MiB.
2026-10-06T09:45:34Z INFO [485/750] 4f21ca74-3e5b-46da-a955-5b474fd76fec: Sackin index -0.1461; 0.9 s; peak memory 1161 MiB.
2026-10-06T09:45:35Z INFO [486/750] 4f239c04-b41f-41dd-95c3-d171035dbe85: Sackin index -0.1349; 0.9 s; peak memory 1161 MiB.
2026-10-06T09:45:36Z INFO [487/750] 4f247bf5-7569-4ac7-be6f-1c7fd563d4c7: Sackin index -0.1349; 0.9 s; peak memory 1161 MiB.
2026-10-06T09:45:37Z INFO [488/750] 4f24a190-4cce-4a17-9cda-0d6f4fbc3f46: Sackin index -0.0944; 1.1 s; peak memory 1161 MiB.
2026-10-06T09:45:38Z INFO [489/750] 4f2584e2-2e07-426b-8835-b79f8936ac1f: Sackin index -0.1448; 0.8 s; peak memory 1161 MiB.
2026-10-06T09:45:39Z INFO [490/750] 4f25a55a-c30f-488e-b2dd-831058e91aff: Sackin index -0.0434; 1.2 s; peak memory 1161 MiB.
2026-10-06T09:45:44Z INFO [491/750] 4f25b370-9767-4ef4-b9ba-2500ebd3b696: Sackin index -0.0329; 4.7 s; peak memory 1161 MiB.
2026-10-06T09:45:45Z INFO [492/750] 4f261818-1d57-4acc-897a-4fd5daf9fb96: Sackin index -0.0696; 1.0 s; peak memory 1161 MiB.
2026-10-06T09:45:46Z INFO [493/750] 4f26423e-6837-4c9c-8db3-803ccc54a87d: Sackin index -0.1349; 0.9 s; peak memory 1161 MiB.
2026-10-06T09:45:47Z INFO [494/750] 4f269c29-622f-4765-868f-0e2c3d4ea128: Sackin index -0.1543; 0.8 s; peak memory 1161 MiB.
2026-10-06T09:46:03Z INFO [495/750] 4f26d6da-690c-4d9a-b638-83978e9e688c: Sackin index -0.1462; 16.1 s; peak memory 1161 MiB.
2026-10-06T09:46:04Z INFO [496/750] 4f280ded-4735-448d-aa7f-f3f8a926d094: Sackin index -0.1349; 0.9 s; peak memory 1161 MiB.
2026-10-06T09:46:05Z INFO [497/750] 4f2866bb-b299-41d2-a35c-e2dd6b99e32d: Sackin index -0.0379; 1.3 s; peak memory 1161 MiB.
2026-10-06T09:46:06Z INFO [498/750] 4f293dfa-b24f-43ee-ab1c-d8cc08e46a36: Sackin index -0.1349; 0.9 s; peak memory 1161 MiB.
2026-10-06T09:46:07Z INFO [499/750] 4f298855-5f3b-4322-a90a-d03c30282d25: Sackin index -0.1349; 0.9 s; peak memory 1161 MiB.
2026-10-06T09:46:12Z INFO [500/750] 4f29b2bb-3b56-44b1-b725-9bfc49c85a48: Sackin index -0.0438; 5.0 s; peak memory 1161 MiB.
2026-10-06T09:46:12Z INFO [500/750] 4f29b2bb-3b56-44b1-b725-9bfc49c85a48: checkpointed 85086 records.
2026-10-06T09:46:13Z INFO [501/750] 4f29f564-1d08-4c5f-a4a9-ab24fcb17bdd: Sackin index -0.1938; 0.6 s; peak memory 1161 MiB.
2026-10-06T09:46:19Z INFO [502/750] 4f2a5cc2-7d4e-4238-9341-a5931b5dfc1d: Sackin index -0.0154; 6.7 s; peak memory 1161 MiB.
2026-10-06T09:46:20Z INFO [503/750] 4f2abddf-1f59-421f-a228-2aebef457a2e: Sackin index -0.2000; 0.8 s; peak memory 1161 MiB.
2026-10-06T09:46:21Z INFO [504/750] 4f2b0697-a6b6-446f-8761-723fb2fae9f0: Sackin index -0.1448; 0.7 s; peak memory 1161 MiB.
2026-10-06T09:46:22Z INFO [505/750] 4f2b6c8e-31c7-4315-904b-488c3b165dc1: Sackin index -0.0748; 1.0 s; peak memory 1161 MiB.
2026-10-06T09:46:30Z INFO [506/750] 4f2bcba6-50d5-4541-b4c7-3a1c0f787300: Sackin index -0.0146; 8.7 s; peak memory 1161 MiB.
2026-10-06T09:46:45Z INFO [507/750] 4f2cb5ee-72f7-432e-a1b7-92a26744f5c8: Sackin index -0.0235; 14.8 s; peak memory 1161 MiB.
2026-10-06T09:46:46Z INFO [508/750] 4f2cdb84-fcb4-4c6f-84da-353a7fb1c795: Sackin index -0.1178; 0.7 s; peak memory 1161 MiB.
2026-10-06T09:46:47Z INFO [509/750] 4f2cfc01-7896-4bcb-b8d7-e3fadd42c739: Sackin index -0.0728; 0.9 s; peak memory 1161 MiB.
2026-10-06T09:46:48Z INFO [510/750] 4f2df195-1b5a-42d4-8514-8c5206ac6465: Sackin index -0.0745; 0.8 s; peak memory 1161 MiB.
2026-10-06T09:57:53Z INFO [511/750] 4f2df256-c2e5-40eb-a252-c73bf125bb3c: Sackin index -0.0371; 665.1 s; peak memory 1229 MiB.
2026-10-06T09:57:54Z INFO [512/750] 4f2ea469-fecc-4a41-bb2c-b09cacf0b69c: Sackin index -0.1349; 1.0 s; peak memory 1229 MiB.
2026-10-06T09:57:55Z INFO [513/750] 4f2f0b83-6835-409f-965e-15c8065f3b55: Sackin index -0.2168; 0.7 s; peak memory 1229 MiB.
2026-10-06T09:57:56Z INFO [514/750] 4f2ff241-4e43-4cb9-9615-e7786f7d3ef5: Sackin index -0.0375; 1.2 s; peak memory 1229 MiB.
2026-10-06T09:57:57Z INFO [515/750] 4f2ffc3b-98be-4aa1-a5d7-6d34657cf1d4: Sackin index -0.1938; 1.5 s; peak memory 1229 MiB.
2026-10-06T09:57:59Z INFO [516/750] 4f30018a-67dd-4c09-be55-385ec29a209f: Sackin index -0.0516; 1.9 s; peak memory 1229 MiB.
2026-10-06T09:58:00Z INFO [517/750] 4f305c7e-f128-4aed-b827-c6d96f3f6a34: Sackin index -0.1349; 0.8 s; peak memory 1229 MiB.
2026-10-06T09:58:01Z INFO [518/750] 4f30780c-8297-4e7a-b932-18ad5e8ecf62: Sackin index -0.1273; 1.1 s; peak memory 1229 MiB.
2026-10-06T09:58:05Z INFO [519/750] 4f30af20-3d6e-4842-ad38-1c4e7185432e: Sackin index -0.0261; 4.3 s; peak memory 1229 MiB.
2026-10-06T09:58:06Z INFO [520/750] 4f3147db-d06e-458e-80a4-b890d2fb9862: Sackin index -0.0384; 1.0 s; peak memory 1229 MiB.
2026-10-06T09:58:31Z INFO [521/750] 4f3149da-4b31-425c-9a56-9dc11d12319a: Sackin index -0.0037; 24.2 s; peak memory 1229 MiB.
2026-10-06T09:58:39Z INFO [522/750] 4f327cc7-99b1-4a1c-9ef5-16362f765d6a: Sackin index -0.0373; 8.5 s; peak memory 1229 MiB.
2026-10-06T09:58:40Z INFO [523/750] 4f32a213-f36d-4917-a5de-0190d43c45b8: Sackin index -0.0745; 1.2 s; peak memory 1229 MiB.
2026-10-06T09:58:41Z INFO [524/750] 4f334814-b5e3-4056-a982-ab120b56c6b7: Sackin index -0.1239; 0.7 s; peak memory 1229 MiB.
2026-10-06T09:58:42Z INFO [525/750] 4f33b245-ef29-4ab8-9dc7-97ce8f21a8ae: Sackin index -0.0816; 1.2 s; peak memory 1229 MiB.
2026-10-06T09:58:43Z INFO [526/750] 4f3405d8-5e8b-4e03-89e4-46a3b82f1a02: Sackin index -0.1349; 0.9 s; peak memory 1229 MiB.
2026-10-06T09:58:44Z INFO [527/750] 4f3407ae-470c-4b1a-897e-724f4fb9b5b2: Sackin index -0.0728; 1.2 s; peak memory 1229 MiB.
2026-10-06T09:58:45Z INFO [528/750] 4f3411e2-3974-45d9-97c5-420da6ed161b: Sackin index -0.0375; 1.2 s; peak memory 1229 MiB.
2026-10-06T09:58:46Z INFO [529/750] 4f3464a0-8a25-4daa-bf75-010e6ec248df: Sackin index -0.1429; 1.0 s; peak memory 1229 MiB.
2026-10-06T09:58:47Z INFO [530/750] 4f34f9c7-1f3a-4ee1-aa80-5f319572e549: Sackin index -0.0702; 1.0 s; peak memory 1229 MiB.
2026-10-06T09:58:48Z INFO [531/750] 4f3704e5-d47e-4fdf-849a-f6fea0ef0a6b: Sackin index -0.1658; 0.6 s; peak memory 1229 MiB.
2026-10-06T09:58:50Z INFO [532/750] 4f372b91-34d1-4686-9aef-a1af13033d1e: Sackin index -0.0728; 1.5 s; peak memory 1229 MiB.
2026-10-06T09:58:50Z INFO [533/750] 4f374e66-dfaa-4e16-913f-6f395fdf9d71: Sackin index -0.1380; 0.9 s; peak memory 1229 MiB.
2026-10-06T09:58:52Z INFO [534/750] 4f393bc0-e7ec-4d70-ad3a-c9e7feeb0c41: Sackin index -0.0702; 1.2 s; peak memory 1229 MiB.
2026-10-06T09:58:53Z INFO [535/750] 4f39698b-c391-4d7e-a5b4-48d5cdcb8599: Sackin index -0.0696; 0.9 s; peak memory 1229 MiB.
2026-10-06T09:58:53Z INFO [536/750] 4f3a900b-8570-4857-9969-92bc8067f3b1: Sackin index -0.1349; 0.9 s; peak memory 1229 MiB.
2026-10-06T09:58:54Z INFO [537/750] 4f3b193f-b6a2-45eb-97ab-f3260f7e2425: Sackin index -0.0696; 0.8 s; peak memory 1229 MiB.
2026-10-06T09:58:55Z INFO [538/750] 4f3b7eed-2aa0-4de7-8c0b-f7466732e405: Sackin index -0.1063; 0.8 s; peak memory 1229 MiB.
2026-10-06T09:58:56Z INFO [539/750] 4f3c47a2-0820-4a17-b6dd-d2e91a9cec80: Sackin index -0.0728; 1.1 s; peak memory 1229 MiB.
2026-10-06T09:58:57Z INFO [540/750] 4f3d9511-bdf6-43a2-968e-08c03000c9f1: Sackin index -0.0376; 1.2 s; peak memory 1229 MiB.
2026-10-06T09:58:58Z INFO [541/750] 4f3ddfd9-2bf3-4e19-a719-3aee364f9d55: Sackin index -0.1349; 0.9 s; peak memory 1229 MiB.
2026-10-06T09:58:59Z INFO [542/750] 4f3e60a5-7e41-4d91-99f9-6a73052bb65c: Sackin index -0.0728; 1.1 s; peak memory 1229 MiB.
2026-10-06T09:59:02Z INFO [543/750] 4f3e9439-38cf-447b-8c9a-e9de1b5a777f: Sackin index -0.0518; 2.0 s; peak memory 1229 MiB.
2026-10-06T09:59:03Z INFO [544/750] 4f3ec893-14e1-498c-816e-47d7b5d7db57: Sackin index -0.0702; 1.1 s; peak memory 1229 MiB.
2026-10-06T09:59:09Z INFO [545/750] 4f3f0647-66d0-4c13-a430-ff5bebc558c6: Sackin index -0.0940; 6.4 s; peak memory 1229 MiB.
2026-10-06T09:59:10Z INFO [546/750] 4f3f22a5-462b-46ec-9c44-63ba669e7845: Sackin index -0.0988; 0.7 s; peak memory 1229 MiB.
2026-10-06T09:59:12Z INFO [547/750] 4f3f4e0d-57c4-4512-9390-167d3e0b09c2: Sackin index -0.0699; 2.2 s; peak memory 1229 MiB.
2026-10-06T09:59:13Z INFO [548/750] 4f3fc7ce-4534-40bb-b198-b89e8a175464: Sackin index -0.1291; 1.2 s; peak memory 1229 MiB.
2026-10-06T09:59:14Z INFO [549/750] 4f3fdf4e-5450-437c-866d-45674c347285: Sackin index -0.1349; 0.8 s; peak memory 1229 MiB.
2026-10-06T10:12:46Z INFO [550/750] 4f3fe586-aae1-42c6-93ee-a32c9f132d0c: Sackin index -0.0208; 811.9 s; peak memory 1229 MiB.
2026-10-06T10:12:46Z INFO [550/750] 4f3fe586-aae1-42c6-93ee-a32c9f132d0c: checkpointed 85136 records.
2026-10-06T10:12:48Z INFO [551/750] 4f40da4d-8f2d-456a-b701-f7bc46772ec4: Sackin index -0.1160; 1.7 s; peak memory 1229 MiB.
2026-10-06T10:12:49Z INFO [552/750] 4f41d001-41a8-4231-bd9e-e49ac3871034: Sackin index -0.0728; 1.0 s; peak memory 1229 MiB.
2026-10-06T10:12:49Z INFO [553/750] 4f4282f5-c37c-4f82-b3cb-18723cdf16ca: Sackin index -0.1303; 0.8 s; peak memory 1229 MiB.
2026-10-06T10:12:51Z INFO [554/750] 4f436394-5b6b-42b2-b312-366fe5db2c3d: Sackin index -0.0699; 1.9 s; peak memory 1229 MiB.
2026-10-06T10:12:53Z INFO [555/750] 4f442ad7-2a2a-441a-adf6-1eb8ab8f3e60: Sackin index -0.1370; 1.4 s; peak memory 1229 MiB.
2026-10-06T10:12:53Z INFO [556/750] 4f44d0fc-ce5b-49be-8e54-a44c005e2873: Sackin index -0.1120; 0.7 s; peak memory 1229 MiB.
2026-10-06T10:12:54Z INFO [557/750] 4f45156e-3802-44ae-83ae-ad347ee2ef07: Sackin index -0.1349; 1.0 s; peak memory 1229 MiB.
2026-10-06T10:12:56Z INFO [558/750] 4f4561fd-4e11-4775-8422-4a0db2b0542e: Sackin index -0.0728; 1.2 s; peak memory 1229 MiB.
2026-10-06T10:12:57Z INFO [559/750] 4f456baf-3a35-4b00-92df-04846184520e: Sackin index -0.1349; 0.9 s; peak memory 1229 MiB.
2026-10-06T10:12:58Z INFO [560/750] 4f458d61-f52b-4529-bb62-939faf45be31: Sackin index -0.1383; 1.0 s; peak memory 1229 MiB.
2026-10-06T10:12:59Z INFO [561/750] 4f45aff5-5f9c-494e-86e0-ab3ce9bd749f: Sackin index -0.0702; 1.1 s; peak memory 1229 MiB.
2026-10-06T10:13:00Z INFO [562/750] 4f45bfb2-b977-4245-8664-833683677fb0: Sackin index -0.1220; 1.4 s; peak memory 1229 MiB.
2026-10-06T10:13:02Z INFO [563/750] 4f468c39-d20c-4fd1-b98f-47dd9bccce0f: Sackin index -0.0745; 1.6 s; peak memory 1229 MiB.
2026-10-06T10:13:03Z INFO [564/750] 4f46ddd1-e868-432b-aa91-5db957345699: Sackin index -0.1349; 0.9 s; peak memory 1229 MiB.
2026-10-06T10:13:04Z INFO [565/750] 4f475a6b-07a4-4e41-9ce0-73716da63146: Sackin index -0.1349; 0.9 s; peak memory 1229 MiB.
2026-10-06T10:13:05Z INFO [566/750] 4f47b1f0-8a0f-44d4-9a53-74924fced1e4: Sackin index -0.0728; 1.4 s; peak memory 1229 MiB.
2026-10-06T10:13:10Z INFO [567/750] 4f47cbf7-3df1-40d2-b382-8cdbacea16a4: Sackin index -0.0940; 4.8 s; peak memory 1229 MiB.
2026-10-06T10:13:11Z INFO [568/750] 4f486551-42d9-436c-b830-baa822d6a8f8: Sackin index -0.0728; 1.4 s; peak memory 1229 MiB.
2026-10-06T10:13:16Z INFO [569/750] 4f49576b-adc4-4f8c-8326-46c0588c53c1: Sackin index -0.0251; 4.4 s; peak memory 1229 MiB.
2026-10-06T10:13:17Z INFO [570/750] 4f4a67a1-3ee7-4d85-9ff6-f3b738e12e60: Sackin index -0.0457; 1.5 s; peak memory 1229 MiB.
2026-10-06T10:13:24Z INFO [571/750] 4f4abf09-b0e7-4605-9926-e17a98f2f30c: Sackin index -0.0022; 6.7 s; peak memory 1229 MiB.
2026-10-06T10:13:26Z INFO [572/750] 4f4c4de0-5abf-40e4-ae1b-bdeb10edaa9d: Sackin index -0.1938; 2.0 s; peak memory 1229 MiB.
2026-10-06T10:13:27Z INFO [573/750] 4f4cb5bd-eb80-4f32-8f49-64845582e1d9: Sackin index -0.1349; 0.9 s; peak memory 1229 MiB.
2026-10-06T10:13:28Z INFO [574/750] 4f4d5ca6-6edc-426c-ab77-db91e1c4a5e1: Sackin index -0.0696; 1.2 s; peak memory 1229 MiB.
2026-10-06T10:13:33Z INFO [575/750] 4f4e6ceb-3813-4d5c-aa4e-2f42230c83b7: Sackin index -0.0410; 5.2 s; peak memory 1229 MiB.
2026-10-06T10:13:35Z INFO [576/750] 4f4f8136-c367-45b6-ba2b-0480bb8da3c5: Sackin index -0.0676; 1.5 s; peak memory 1229 MiB.
2026-10-06T10:13:36Z INFO [577/750] 4f4fa3ca-0afd-4b0f-b086-b74a17e26c56: Sackin index -0.0728; 1.1 s; peak memory 1229 MiB.
2026-10-06T10:13:38Z INFO [578/750] 4f4fc546-ba05-44f9-a415-4157410af0b6: Sackin index -0.1938; 2.1 s; peak memory 1229 MiB.
2026-10-06T10:13:42Z INFO [579/750] 4f501db6-a773-4756-a70a-bcb5c53e4e69: Sackin index -0.0377; 4.5 s; peak memory 1229 MiB.
2026-10-06T10:13:44Z INFO [580/750] 4f503c7b-00f1-45b7-8814-9d3345b70c8a: Sackin index -0.0745; 1.2 s; peak memory 1229 MiB.
2026-10-06T10:13:44Z INFO [581/750] 4f503e43-b599-41e8-8aaf-3b3b7e62f1ad: Sackin index -0.0732; 0.8 s; peak memory 1229 MiB.
2026-10-06T10:13:46Z INFO [582/750] 4f514948-dccc-4c67-887c-d9e9c912b9b5: Sackin index -0.0745; 1.2 s; peak memory 1229 MiB.
2026-10-06T10:13:53Z INFO [583/750] 4f514dbd-b24f-4c56-a75c-691483e4dfbe: Sackin index -0.0173; 7.7 s; peak memory 1229 MiB.
2026-10-06T10:13:54Z INFO [584/750] 4f519da3-90c2-48ca-ba8f-f212a209057e: Sackin index -0.1349; 0.9 s; peak memory 1229 MiB.
2026-10-06T10:13:55Z INFO [585/750] 4f52945e-51ba-4012-8eb4-b91c93c9dcb9: Sackin index -0.1248; 0.9 s; peak memory 1229 MiB.
2026-10-06T10:13:56Z INFO [586/750] 4f53d047-9bdd-40eb-ab34-fbd5fc05b34d: Sackin index -0.0728; 1.3 s; peak memory 1229 MiB.
2026-10-06T10:14:04Z INFO [587/750] 4f544495-3fce-4a66-a718-fe92efc6c7c3: Sackin index -0.0288; 7.4 s; peak memory 1229 MiB.
2026-10-06T10:14:05Z INFO [588/750] 4f54c2ab-cde7-4e4e-a34a-d0ab5f497bb8: Sackin index -0.0702; 1.0 s; peak memory 1229 MiB.
2026-10-06T10:14:07Z INFO [589/750] 4f55f905-d753-43fa-885b-95a3a7a85a2d: Sackin index -0.0365; 2.5 s; peak memory 1229 MiB.
2026-10-06T10:14:19Z INFO [590/750] 4f575e2d-69a8-4b9f-995f-157847ed4bdb: Sackin index -0.1938; 11.3 s; peak memory 1229 MiB.
2026-10-06T10:14:26Z INFO [591/750] 4f57a4f2-4db6-44e9-96ea-67a70cf8eb23: Sackin index -0.1462; 7.0 s; peak memory 1229 MiB.
2026-10-06T10:14:27Z INFO [592/750] 4f57ab9a-0f83-4239-8867-e0444e8e370b: Sackin index -0.0374; 1.5 s; peak memory 1229 MiB.
2026-10-06T10:14:28Z INFO [593/750] 4f582479-f338-49a0-92c0-a40d6b929bcf: Sackin index -0.1349; 0.8 s; peak memory 1229 MiB.
2026-10-06T10:14:48Z INFO [594/750] 4f58f8c8-0443-45e8-851a-237ffd7ceac3: Sackin index -0.1367; 19.7 s; peak memory 1229 MiB.
2026-10-06T10:14:48Z INFO [595/750] 4f59b445-ece0-408b-8874-d84503606212: Sackin index -0.1938; 0.7 s; peak memory 1229 MiB.
2026-10-06T10:14:59Z INFO [596/750] 4f59ff7a-0a9c-48a4-9bce-4189d6715653: Sackin index -0.0100; 10.6 s; peak memory 1229 MiB.
2026-10-06T10:15:00Z INFO [597/750] 4f5aa431-09fd-4d80-8d10-8836779ea1f5: Sackin index -0.1349; 0.9 s; peak memory 1229 MiB.
2026-10-06T10:15:01Z INFO [598/750] 4f5b536f-d896-425f-9289-6f8b5e52d677: Sackin index -0.0375; 1.0 s; peak memory 1229 MiB.
2026-10-06T10:15:03Z INFO [599/750] 4f5ba4ea-5895-4799-b520-793ce3d6b49b: Sackin index -0.0272; 1.9 s; peak memory 1229 MiB.
2026-10-06T10:15:04Z INFO [600/750] 4f5bfb94-7aca-4f1f-861b-089b892c1ace: Sackin index -0.0709; 1.0 s; peak memory 1229 MiB.
2026-10-06T10:15:04Z INFO [600/750] 4f5bfb94-7aca-4f1f-861b-089b892c1ace: checkpointed 85186 records.
2026-10-06T10:15:05Z INFO [601/750] 4f5c1025-40ec-4926-a308-e9977fcba2e9: Sackin index -0.0709; 1.0 s; peak memory 1229 MiB.
2026-10-06T10:15:06Z INFO [602/750] 4f5c1593-bc4a-4aa0-ab18-7540bfa7488e: Sackin index -0.0728; 1.3 s; peak memory 1229 MiB.
2026-10-06T10:15:18Z INFO [603/750] 4f5c7bff-fac6-4031-be86-30b0bab8e06e: Sackin index -0.0126; 12.1 s; peak memory 1229 MiB.
2026-10-06T10:15:19Z INFO [604/750] 4f5c881e-a43f-456d-905f-088358584b9c: Sackin index -0.1349; 0.8 s; peak memory 1229 MiB.
2026-10-06T10:15:21Z INFO [605/750] 4f5db8e8-7d03-4786-9ea9-655bfaf7ba81: Sackin index -0.0579; 1.8 s; peak memory 1229 MiB.
2026-10-06T10:15:35Z INFO [606/750] 4f5e2d13-72e6-4d06-a4a0-11df1fa83f31: Sackin index -0.0237; 13.7 s; peak memory 1229 MiB.
2026-10-06T10:15:36Z INFO [607/750] 4f5e7f5d-429b-4f9c-a157-c73b2b373b9b: Sackin index -0.1349; 0.9 s; peak memory 1229 MiB.
2026-10-06T10:15:36Z INFO [608/750] 4f5f0719-f9d5-4f2a-8ce3-6dfd923958ea: Sackin index -0.1349; 0.8 s; peak memory 1229 MiB.
2026-10-06T10:17:30Z INFO [609/750] 4f5f2041-ec1f-4347-8cc2-0f0553d6a970: Sackin index -0.0450; 113.3 s; peak memory 1229 MiB.
2026-10-06T10:17:30Z INFO [610/750] 4f5fea7b-5ffa-4ccb-84b4-d434019515a0: Sackin index -0.1303; 0.8 s; peak memory 1229 MiB.
2026-10-06T10:17:32Z INFO [611/750] 4f607e55-0513-4079-b2b2-26fef6ccc7b7: Sackin index -0.1380; 1.1 s; peak memory 1229 MiB.
2026-10-06T10:17:42Z INFO [612/750] 4f611cd9-85ce-4f71-95e5-096fdd697cfe: Sackin index -0.0251; 10.7 s; peak memory 1229 MiB.
2026-10-06T10:17:43Z INFO [613/750] 4f611e54-6ea2-4e03-a988-6acf68f238c3: Sackin index -0.1083; 1.1 s; peak memory 1229 MiB.
2026-10-06T10:17:45Z INFO [614/750] 4f61d1a0-c0ad-46c5-b21c-739d9e3b5e45: Sackin index -0.0709; 1.2 s; peak memory 1229 MiB.
2026-10-06T10:17:46Z INFO [615/750] 4f622954-d6c2-4102-9761-5236ddfdc9b3: Sackin index -0.0702; 1.1 s; peak memory 1229 MiB.
2026-10-06T10:17:47Z INFO [616/750] 4f62f8a9-4928-47d6-9734-11a014cac027: Sackin index -0.0881; 1.0 s; peak memory 1229 MiB.
2026-10-06T10:17:48Z INFO [617/750] 4f638106-063e-43ef-9cbe-a2a56df79962: Sackin index -0.1349; 1.0 s; peak memory 1229 MiB.
2026-10-06T10:17:48Z INFO [618/750] 4f63a4b5-09a9-4c9e-abd7-b633a67facc5: Sackin index -0.1191; 0.7 s; peak memory 1229 MiB.
2026-10-06T10:17:52Z INFO [619/750] 4f63e8e9-4f64-4fd1-940c-2c3357b6b09e: Sackin index -0.0359; 3.3 s; peak memory 1229 MiB.
2026-10-06T10:17:53Z INFO [620/750] 4f65b986-f37a-46f9-9cf0-5301a5ae29c8: Sackin index -0.0376; 1.1 s; peak memory 1229 MiB.
2026-10-06T10:18:12Z INFO [621/750] 4f661787-3f6f-4454-b2e8-d03f25f317d2: Sackin index -0.0907; 19.7 s; peak memory 1229 MiB.
2026-10-06T10:18:13Z INFO [622/750] 4f66906d-aad6-4151-87b5-7af17691158a: Sackin index -0.0696; 1.1 s; peak memory 1229 MiB.
2026-10-06T10:18:14Z INFO [623/750] 4f670a12-734b-48de-a954-19ff1e5fd07c: Sackin index -0.1120; 0.9 s; peak memory 1229 MiB.
2026-10-06T10:18:15Z INFO [624/750] 4f672e2f-8266-49b2-9b9b-b3a47dbca68a: Sackin index -0.1349; 0.8 s; peak memory 1229 MiB.
2026-10-06T10:18:22Z INFO [625/750] 4f676a28-051f-4b58-93d8-bc0b7f08140f: Sackin index -0.0200; 7.1 s; peak memory 1229 MiB.
2026-10-06T10:18:24Z INFO [626/750] 4f67d1f9-d9a5-4adc-acad-5ead49d74374: Sackin index -0.0693; 2.1 s; peak memory 1229 MiB.
2026-10-06T10:18:25Z INFO [627/750] 4f67f033-4919-4aad-926f-94ee133ff49d: Sackin index -0.0702; 1.1 s; peak memory 1229 MiB.
2026-10-06T10:18:27Z INFO [628/750] 4f684b9c-ca09-43d8-bca3-7a28f02e1655: Sackin index -0.0728; 1.1 s; peak memory 1229 MiB.
2026-10-06T10:18:28Z INFO [629/750] 4f68a8c5-72e6-42fb-b94b-beea8faa6a3e: Sackin index -0.1408; 1.0 s; peak memory 1229 MiB.
2026-10-06T10:18:29Z INFO [630/750] 4f68b5ea-fd54-465b-bfe3-c5bc1634c175: Sackin index -0.1291; 1.3 s; peak memory 1229 MiB.
2026-10-06T10:18:36Z INFO [631/750] 4f693dab-75b7-451c-86e5-225a53f6e8e4: Sackin index -0.0366; 6.8 s; peak memory 1229 MiB.
2026-10-06T10:23:59Z INFO [632/750] 4f6a54b0-a2d9-4913-a1c9-52e4de2d286f: Sackin index -0.0587; 323.2 s; peak memory 1229 MiB.
2026-10-06T10:24:05Z INFO [633/750] 4f6a943a-8d3f-42ee-bf27-4d83937f3321: Sackin index -0.0183; 6.4 s; peak memory 1229 MiB.
2026-10-06T10:24:06Z INFO [634/750] 4f6b3102-8c8c-4414-bc89-5819c1006866: Sackin index -0.1191; 0.6 s; peak memory 1229 MiB.
2026-10-06T10:24:07Z INFO [635/750] 4f6b4045-d71d-4335-874b-b560c13e1a38: Sackin index -0.0656; 0.9 s; peak memory 1229 MiB.
2026-10-06T10:24:09Z INFO [636/750] 4f6c9ff8-fa71-4b69-9402-3d634c99d10f: Sackin index -0.0369; 1.7 s; peak memory 1229 MiB.
2026-10-06T10:38:11Z INFO [637/750] 4f6d185a-c253-4e7b-941c-2bfdeef41516: Sackin index -0.0341; 842.9 s; peak memory 1229 MiB.
2026-10-06T10:41:03Z INFO [638/750] 4f6d7438-f01e-47cb-b560-6d6a7a24ca72: Sackin index -0.0667; 171.9 s; peak memory 1437 MiB.
2026-10-06T10:41:04Z INFO [639/750] 4f6f8499-a3ab-4fc1-86fe-f457eb9cadb9: Sackin index -0.0702; 1.0 s; peak memory 1437 MiB.
2026-10-06T10:41:05Z INFO [640/750] 4f701bcc-11af-4a65-8dc9-654c1e0d4e34: Sackin index -0.1349; 0.8 s; peak memory 1437 MiB.
2026-10-06T10:41:11Z INFO [641/750] 4f70876c-3992-4723-a188-6bad8a1ba358: Sackin index -0.0413; 6.0 s; peak memory 1437 MiB.
2026-10-06T10:41:12Z INFO [642/750] 4f709fe8-8b45-4ef6-aa5b-50f050d2f236: Sackin index -0.0702; 1.2 s; peak memory 1437 MiB.
2026-10-06T10:41:13Z INFO [643/750] 4f717382-afe5-41de-af0f-a49dff59b017: Sackin index -0.1349; 0.8 s; peak memory 1437 MiB.
2026-10-06T10:41:15Z INFO [644/750] 4f7198a3-9ffd-4174-b8e7-a9ed0001c8e8: Sackin index -0.0728; 1.3 s; peak memory 1437 MiB.
2026-10-06T10:41:16Z INFO [645/750] 4f729548-0b7e-43dc-8a4b-7d66f5041a84: Sackin index -0.0369; 1.7 s; peak memory 1437 MiB.
2026-10-06T10:41:18Z INFO [646/750] 4f7385c5-b603-4d28-b5dd-d6f9ec347645: Sackin index -0.0728; 1.2 s; peak memory 1437 MiB.
2026-10-06T10:41:21Z INFO [647/750] 4f73ae92-cdc7-4267-8130-f77cd131ad9e: Sackin index -0.0403; 3.3 s; peak memory 1437 MiB.
2026-10-06T10:41:22Z INFO [648/750] 4f73b21f-cc48-4100-bcf1-1a4bf3fa94b9: Sackin index -0.0275; 1.4 s; peak memory 1437 MiB.
2026-10-06T10:41:24Z INFO [649/750] 4f73c152-7439-4ccf-9ebd-326653b67531: Sackin index -0.0413; 1.3 s; peak memory 1437 MiB.
2026-10-06T10:41:25Z INFO [650/750] 4f73cb7b-d03a-4ebc-b297-46ba3877f193: Sackin index -0.0369; 1.0 s; peak memory 1437 MiB.
2026-10-06T10:41:25Z INFO [650/750] 4f73cb7b-d03a-4ebc-b297-46ba3877f193: checkpointed 85236 records.
2026-10-06T10:41:27Z INFO [651/750] 4f73fd83-82d5-4879-9c24-39d86a01404e: Sackin index -0.0339; 2.5 s; peak memory 1437 MiB.
2026-10-06T10:41:28Z INFO [652/750] 4f7406a8-17a1-4406-9327-b23ee0634182: Sackin index -0.1448; 0.8 s; peak memory 1437 MiB.
2026-10-06T10:41:53Z INFO [653/750] 4f7473e2-479e-4ed7-bbfb-6149c6211b62: Sackin index -0.0024; 25.3 s; peak memory 1437 MiB.
2026-10-06T10:41:56Z INFO [654/750] 4f750fb0-1065-47a7-894a-2710489cb9d9: Sackin index -0.0797; 2.4 s; peak memory 1437 MiB.
2026-10-06T10:41:57Z INFO [655/750] 4f758511-9aea-4b51-b91a-de356ef0bbb9: Sackin index -0.1658; 0.8 s; peak memory 1437 MiB.
2026-10-06T10:41:58Z INFO [656/750] 4f76379a-c5b5-4769-97c0-7b33c2fb961c: Sackin index -0.0728; 1.0 s; peak memory 1437 MiB.
2026-10-06T10:41:58Z INFO [657/750] 4f7665e0-ba09-41d5-ba82-4996787380d7: Sackin index -0.0702; 0.8 s; peak memory 1437 MiB.
2026-10-06T10:41:59Z INFO [658/750] 4f778f13-b64e-4fd0-9427-e1fdcdc3f398: Sackin index -0.0709; 0.9 s; peak memory 1437 MiB.
2026-10-06T10:42:00Z INFO [659/750] 4f77a906-4421-4aa9-a777-ae319540dbc6: Sackin index -0.0709; 1.0 s; peak memory 1437 MiB.
2026-10-06T10:42:02Z INFO [660/750] 4f77f598-fab1-4bf1-8851-a4a5e9c6b238: Sackin index -0.0369; 1.3 s; peak memory 1437 MiB.
2026-10-06T10:42:03Z INFO [661/750] 4f77faae-7f09-41ba-a9a6-993789e21247: Sackin index -0.0369; 1.6 s; peak memory 1437 MiB.
2026-10-06T10:42:04Z INFO [662/750] 4f7839c0-f970-446f-9b01-ec608d7080ae: Sackin index -0.1349; 0.9 s; peak memory 1437 MiB.
2026-10-06T10:42:05Z INFO [663/750] 4f784bd7-a494-4915-b318-0b56d04d2026: Sackin index -0.0375; 1.2 s; peak memory 1437 MiB.
2026-10-06T10:42:07Z INFO [664/750] 4f7876ee-3c53-4aa2-94cd-207454f964f5: Sackin index -0.0398; 1.3 s; peak memory 1437 MiB.
2026-10-06T10:42:08Z INFO [665/750] 4f7936ac-8bd5-4197-b04c-baeaf73aaef4: Sackin index -0.1096; 0.9 s; peak memory 1437 MiB.
2026-10-06T10:42:09Z INFO [666/750] 4f7af6c3-99d5-4af9-88aa-f77f3a90460b: Sackin index -0.0370; 1.3 s; peak memory 1437 MiB.
2026-10-06T10:42:10Z INFO [667/750] 4f7afae1-d2b7-41bb-8d9d-4e659db48445: Sackin index -0.1349; 0.9 s; peak memory 1437 MiB.
2026-10-06T10:42:11Z INFO [668/750] 4f7b1da0-2ba6-48fb-b4c5-999cb5c03347: Sackin index -0.0745; 1.4 s; peak memory 1437 MiB.
2026-10-06T10:42:12Z INFO [669/750] 4f7b3ec7-0a7f-449c-9740-78063d2e24c5: Sackin index -0.1248; 0.9 s; peak memory 1437 MiB.
2026-10-06T10:42:13Z INFO [670/750] 4f7b5203-921b-446b-a10d-6d0d2b83061d: Sackin index -0.0991; 1.2 s; peak memory 1437 MiB.
2026-10-06T10:42:14Z INFO [671/750] 4f7b8605-b4f3-43ae-a57d-fdfa268aafeb: Sackin index -0.0991; 1.1 s; peak memory 1437 MiB.
2026-10-06T10:42:15Z INFO [672/750] 4f7bd14f-92ce-47b5-89b4-cfcf7f2013dc: Sackin index -0.0728; 1.2 s; peak memory 1437 MiB.
2026-10-06T10:42:17Z INFO [673/750] 4f7c1c96-1ec0-4ef7-82c7-e6d043f9f712: Sackin index -0.0728; 1.4 s; peak memory 1437 MiB.
2026-10-06T10:42:31Z INFO [674/750] 4f7ceb62-3d2b-4fcf-b354-228eea1353f0: Sackin index -0.1274; 13.8 s; peak memory 1437 MiB.
2026-10-06T10:42:31Z INFO [675/750] 4f7e69c4-f72d-48ee-b3e1-5a34af0bd4f0: Sackin index -0.1349; 0.9 s; peak memory 1437 MiB.
2026-10-06T10:42:32Z INFO [676/750] 4f7ecc40-75c1-4233-940f-91cb9526fc7c: Sackin index -0.1658; 0.8 s; peak memory 1437 MiB.
2026-10-06T10:42:38Z INFO [677/750] 4f801e1b-347e-4ccc-baca-f84f6dacf6a7: Sackin index -0.0188; 5.7 s; peak memory 1437 MiB.
2026-10-06T10:42:39Z INFO [678/750] 4f8084a1-0cee-49d3-a2ff-df6dc715fe2b: Sackin index -0.0702; 0.9 s; peak memory 1437 MiB.
2026-10-06T10:42:40Z INFO [679/750] 4f80b7bd-3987-47d4-9e57-73f3e400fd42: Sackin index -0.1135; 0.7 s; peak memory 1437 MiB.
2026-10-06T10:42:40Z INFO [680/750] 4f81a8a7-ff7f-41db-bb9a-0490559aac31: Sackin index -0.1349; 0.9 s; peak memory 1437 MiB.
2026-10-06T10:42:42Z INFO [681/750] 4f81bc41-0cda-424e-9e2e-900b3d801325: Sackin index -0.0275; 1.3 s; peak memory 1437 MiB.
2026-10-06T10:42:42Z INFO [682/750] 4f823acf-541a-432e-baa4-b7ea7c47ccc8: Sackin index -0.1448; 0.6 s; peak memory 1437 MiB.
2026-10-06T10:42:43Z INFO [683/750] 4f827985-4e37-4417-9a5a-99c8082e08ab: Sackin index -0.0656; 0.8 s; peak memory 1437 MiB.
2026-10-06T10:42:44Z INFO [684/750] 4f8301c3-fccc-4a07-8825-5a1679887dbf: Sackin index -0.1448; 0.6 s; peak memory 1437 MiB.
2026-10-06T10:42:44Z INFO [685/750] 4f831b63-cedd-4885-a15e-3752b18434c9: Sackin index -0.1658; 0.6 s; peak memory 1437 MiB.
2026-10-06T10:42:45Z INFO [686/750] 4f83693e-1599-4c3f-9159-31b3c0eb5d11: Sackin index -0.0728; 1.1 s; peak memory 1437 MiB.
2026-10-06T10:42:50Z INFO [687/750] 4f83b54d-43db-4a53-8acd-837513c74c75: Sackin index -0.1599; 4.9 s; peak memory 1437 MiB.
2026-10-06T10:42:51Z INFO [688/750] 4f84f99e-993c-48bf-b32a-850cc075cd13: Sackin index -0.1349; 0.8 s; peak memory 1437 MiB.
2026-10-06T10:42:52Z INFO [689/750] 4f8509c9-1a26-4671-9ff4-d22b0bc75f64: Sackin index -0.0745; 1.1 s; peak memory 1437 MiB.
2026-10-06T10:42:58Z INFO [690/750] 4f856e36-b2f3-480b-893f-9e3866334487: Sackin index -0.0161; 5.8 s; peak memory 1437 MiB.
2026-10-06T10:43:16Z INFO [691/750] 4f856f66-a845-4634-83c7-d314f985a934: Sackin index -0.0033; 18.4 s; peak memory 1437 MiB.
2026-10-06T10:43:17Z INFO [692/750] 4f858d9f-b0ce-47cc-b54f-582987bd29ea: Sackin index -0.2147; 0.8 s; peak memory 1437 MiB.
2026-10-06T10:43:35Z INFO [693/750] 4f85cde4-c1df-4f27-b768-5285ca5dd5f7: Sackin index -0.1367; 17.5 s; peak memory 1437 MiB.
2026-10-06T10:43:36Z INFO [694/750] 4f85fda2-b3c0-418c-a388-ed923b45418d: Sackin index -0.0702; 1.2 s; peak memory 1437 MiB.
2026-10-06T10:43:38Z INFO [695/750] 4f867301-77ca-4d53-a058-6d086751d814: Sackin index -0.0614; 2.3 s; peak memory 1437 MiB.
2026-10-06T10:43:39Z INFO [696/750] 4f868e3e-dd13-4f42-b06b-2f04ed225145: Sackin index -0.0696; 1.0 s; peak memory 1437 MiB.
2026-10-06T10:43:48Z INFO [697/750] 4f86ea33-0351-440f-9318-1962671fe8f0: Sackin index -0.0158; 8.3 s; peak memory 1437 MiB.
2026-10-06T10:43:49Z INFO [698/750] 4f86ffb1-2822-4651-bf86-dad8f3c7cea6: Sackin index -0.0702; 1.1 s; peak memory 1437 MiB.
2026-10-06T10:43:56Z INFO [699/750] 4f87f1d6-fb7d-4bb7-bff8-9facb3ba46eb: Sackin index -0.0159; 7.5 s; peak memory 1437 MiB.
2026-10-06T10:43:59Z INFO [700/750] 4f88d80d-af75-45be-8e04-7f7c1fcaa592: Sackin index -0.0539; 2.9 s; peak memory 1437 MiB.
2026-10-06T10:43:59Z INFO [700/750] 4f88d80d-af75-45be-8e04-7f7c1fcaa592: checkpointed 85286 records.
2026-10-06T10:44:00Z INFO [701/750] 4f88fd52-9a6a-4a88-ae5e-4e42af62a6c6: Sackin index -0.1349; 0.8 s; peak memory 1437 MiB.
2026-10-06T10:44:01Z INFO [702/750] 4f89f1b0-4a8d-49fb-a3af-7a5ca2ee822c: Sackin index -0.1658; 0.6 s; peak memory 1437 MiB.
2026-10-06T10:44:02Z INFO [703/750] 4f89f277-4d31-495b-a803-dc1894dad20b: Sackin index -0.0387; 1.0 s; peak memory 1437 MiB.
2026-10-06T10:44:03Z INFO [704/750] 4f8af685-2029-4a4c-9338-f22603486145: Sackin index -0.0702; 0.9 s; peak memory 1437 MiB.
2026-10-06T10:44:03Z INFO [705/750] 4f8b8f6b-80f4-484c-9d9b-2bb2fd987824: Sackin index -0.1562; 0.9 s; peak memory 1437 MiB.
2026-10-06T10:44:04Z INFO [706/750] 4f8ba2db-231b-42a7-b56a-54cbf45e7eec: Sackin index -0.1592; 0.7 s; peak memory 1437 MiB.
2026-10-06T10:44:05Z INFO [707/750] 4f8bdb54-5bac-416a-bf55-49c1db07befb: Sackin index -0.0702; 1.1 s; peak memory 1437 MiB.
2026-10-06T10:44:06Z INFO [708/750] 4f8d15c6-8cdb-43ae-98a7-829721a68222: Sackin index -0.1052; 0.9 s; peak memory 1437 MiB.
2026-10-06T10:44:12Z INFO [709/750] 4f8d1f19-7387-49e7-82b5-23de61b3783a: Sackin index -0.0204; 6.0 s; peak memory 1437 MiB.
2026-10-06T10:44:18Z INFO [710/750] 4f8eb4c4-07e3-43f6-89ff-a5cb7fa6fa34: Sackin index -0.0185; 6.0 s; peak memory 1437 MiB.
2026-10-06T10:44:19Z INFO [711/750] 4f8ec017-11f9-48cf-a523-f328557db6d9: Sackin index -0.0696; 1.2 s; peak memory 1437 MiB.
2026-10-06T10:44:20Z INFO [712/750] 4f8f2e0a-39f2-4c03-b7fc-16d656ca75f0: Sackin index -0.0702; 1.0 s; peak memory 1437 MiB.
2026-10-06T10:44:22Z INFO [713/750] 4f8f59fa-6c4f-483f-b5a1-9b820b1894b3: Sackin index -0.0728; 1.2 s; peak memory 1437 MiB.
2026-10-06T10:44:23Z INFO [714/750] 4f8f5df6-dd2e-4449-9de7-dff6880504cd: Sackin index -0.0728; 1.5 s; peak memory 1437 MiB.
2026-10-06T10:44:24Z INFO [715/750] 4f8fbc83-5ebf-49ab-b9e2-4dddc98493ec: Sackin index -0.0398; 1.0 s; peak memory 1437 MiB.
2026-10-06T10:44:26Z INFO [716/750] 4f900b7e-02f8-4b09-b41c-3fbc705709b2: Sackin index -0.1938; 2.3 s; peak memory 1437 MiB.
2026-10-06T10:44:27Z INFO [717/750] 4f902566-521f-4fc3-ba81-aca505d168c3: Sackin index -0.1349; 0.8 s; peak memory 1437 MiB.
2026-10-06T10:44:34Z INFO [718/750] 4f90469d-ea32-4357-a75a-b67ac1407a89: Sackin index -0.0198; 6.7 s; peak memory 1437 MiB.
2026-10-06T10:44:35Z INFO [719/750] 4f909960-aa81-4c90-923c-50e7e0a28bfc: Sackin index -0.1349; 0.8 s; peak memory 1437 MiB.
2026-10-06T10:44:35Z INFO [720/750] 4f90a286-ae1a-40e3-b8a8-7edba46341d1: Sackin index -0.1658; 0.7 s; peak memory 1437 MiB.
2026-10-06T10:44:38Z INFO [721/750] 4f90e0b3-8fa4-4fb4-8b4c-483d6d4defa8: Sackin index -0.0660; 2.2 s; peak memory 1437 MiB.
2026-10-06T10:44:38Z INFO [722/750] 4f9248c5-0be5-4d1d-b455-b25ad31dff89: Sackin index -0.1658; 0.6 s; peak memory 1437 MiB.
2026-10-06T10:44:39Z INFO [723/750] 4f925a77-e2c4-4aa0-a19c-a065d225a170: Sackin index -0.1340; 0.7 s; peak memory 1437 MiB.
2026-10-06T10:44:40Z INFO [724/750] 4f92d0f5-a2c7-4da2-b739-9e5ec2c94615: Sackin index -0.1273; 1.1 s; peak memory 1437 MiB.
2026-10-06T10:44:41Z INFO [725/750] 4f9342fa-f80a-4581-96a7-5e365c0e50f4: Sackin index -0.1349; 0.8 s; peak memory 1437 MiB.
2026-10-06T10:44:42Z INFO [726/750] 4f93512a-0722-4a07-9824-2eb190ef3a49: Sackin index -0.0956; 1.1 s; peak memory 1437 MiB.
2026-10-06T10:44:43Z INFO [727/750] 4f945e1e-b2e0-4f6a-b1f2-187aac506995: Sackin index -0.0696; 1.1 s; peak memory 1437 MiB.
2026-10-06T10:44:44Z INFO [728/750] 4f9463e9-be94-4623-be7e-415af55b52b1: Sackin index -0.0696; 0.9 s; peak memory 1437 MiB.
2026-10-06T10:44:45Z INFO [729/750] 4f949766-6f85-41cf-96fe-60cc3505dd73: Sackin index -0.1248; 1.0 s; peak memory 1437 MiB.
2026-10-06T10:44:46Z INFO [730/750] 4f94cf9f-fb22-4906-836e-b909e650b65e: Sackin index -0.1331; 0.7 s; peak memory 1437 MiB.
2026-10-06T10:44:47Z INFO [731/750] 4f953aad-b7ac-4b8e-bb25-5197bb01d02b: Sackin index -0.0728; 1.2 s; peak memory 1437 MiB.
2026-10-06T10:44:48Z INFO [732/750] 4f957a4d-345c-4fca-9273-3de9038b0085: Sackin index -0.0709; 1.0 s; peak memory 1437 MiB.
2026-10-06T10:44:53Z INFO [733/750] 4f9610ad-83ed-4516-a2ee-96e30146d606: Sackin index -0.0186; 5.5 s; peak memory 1437 MiB.
2026-10-06T10:45:01Z INFO [734/750] 4f963793-7eb1-47ea-a1b2-98d1698e36bd: Sackin index -0.0242; 7.7 s; peak memory 1437 MiB.
2026-10-06T10:45:05Z INFO [735/750] 4f96595c-9714-4b09-b2df-fc7e3288ea12: Sackin index -0.0425; 4.5 s; peak memory 1437 MiB.
2026-10-06T10:45:06Z INFO [736/750] 4f96a8a7-edc0-419b-9118-f012dc1ebe97: Sackin index -0.1349; 0.8 s; peak memory 1437 MiB.
2026-10-06T10:45:07Z INFO [737/750] 4f97199f-fbbe-42d6-ae4f-e74e3058fed8: Sackin index -0.0275; 1.2 s; peak memory 1437 MiB.
2026-10-06T10:45:09Z INFO [738/750] 4f972c01-0743-49a1-a35c-de633f89f8ae: Sackin index -0.0375; 1.3 s; peak memory 1437 MiB.
2026-10-06T10:45:10Z INFO [739/750] 4f973840-d4d4-4980-b686-1964814c4192: Sackin index -0.0702; 0.9 s; peak memory 1437 MiB.
2026-10-06T10:45:10Z INFO [740/750] 4f97f3b1-ed3b-4e6e-9ba3-d9b0024a039b: Sackin index -0.1349; 0.8 s; peak memory 1437 MiB.
2026-10-06T10:45:11Z INFO [741/750] 4f985ec9-ce06-4d48-a378-d193cd931d51: Sackin index -0.0702; 0.9 s; peak memory 1437 MiB.
2026-10-06T10:45:12Z INFO [742/750] 4f992467-3f22-43c8-bec9-18f04938e74d: Sackin index -0.1349; 0.8 s; peak memory 1437 MiB.
2026-10-06T10:46:58Z INFO [743/750] 4f9977aa-0f40-43e2-b724-c4cf56658f00: Sackin index -0.0410; 106.0 s; peak memory 1437 MiB.
2026-10-06T10:46:59Z INFO [744/750] 4f999059-a179-4259-9a47-4b433a27a311: Sackin index -0.1349; 0.9 s; peak memory 1437 MiB.
2026-10-06T10:47:00Z INFO [745/750] 4f99a5ef-7cee-4c54-a6c5-e6339abfeaa1: Sackin index -0.1349; 0.9 s; peak memory 1437 MiB.
2026-10-06T10:47:01Z INFO [746/750] 4f99e604-3e61-4d87-8ff3-10817d17fcd9: Sackin index -0.0702; 1.0 s; peak memory 1437 MiB.
2026-10-06T10:47:02Z INFO [747/750] 4f99f22c-212c-4e12-9d08-3dd51136c42d: Sackin index -0.0944; 1.3 s; peak memory 1437 MiB.
2026-10-06T10:47:03Z INFO [748/750] 4f9a4db7-3bfe-4a98-a4f2-078a13799c3d: Sackin index -0.0696; 1.0 s; peak memory 1437 MiB.
2026-10-06T10:47:06Z INFO [749/750] 4f9af846-ae11-4878-9865-0cf8ff44f6e1: Sackin index -0.0462; 3.4 s; peak memory 1437 MiB.
2026-10-06T10:47:08Z INFO [750/750] 4f9b96e8-cfbd-4fa1-b7a8-c708d609b8b0: Sackin index -0.0369; 1.6 s; peak memory 1437 MiB.
2026-10-06T10:47:08Z INFO [750/750] 4f9b96e8-cfbd-4fa1-b7a8-c708d609b8b0: checkpointed 85336 records.
2026-10-06T10:47:09Z INFO Wrote 85336 records to /tmp/derivatives/valid_nwb_file_to_sackin_index.jsonl (750 new, 0 failed) in 126.8 min (peak memory 1437 MiB).
