2026-10-09T00:45:34Z INFO Logging to /tmp/logs/update_2026-10-09T00-45-34Z.log.
2026-10-09T00:45:34Z INFO Update valid-nwb-file-to-sackin-index (base directory /tmp).
2026-10-09T00:45:34Z INFO Processing 750 items (106336 already recorded).
2026-10-09T00:47:09Z INFO [1/750] 7632d81b-2819-473d-8946-34dc939e6028: Sackin index -0.1206; 94.8 s; peak memory 244 MiB.
2026-10-09T00:47:10Z INFO [2/750] 7b4dfc40-43a5-4162-8578-3595d5f6fce2: Sackin index -0.0745; 1.5 s; peak memory 244 MiB.
2026-10-09T00:47:16Z INFO [3/750] 7b4f787d-6387-49ce-89a8-5962245148db: Sackin index -0.0403; 5.4 s; peak memory 245 MiB.
2026-10-09T00:47:17Z INFO [4/750] 7b504b07-e42e-4fff-a10d-9106c1331f45: Sackin index -0.0745; 1.5 s; peak memory 245 MiB.
2026-10-09T00:47:20Z INFO [5/750] 7b5052d4-8e39-4ab7-b919-7c779ff1cd33: Sackin index -0.0579; 2.4 s; peak memory 245 MiB.
2026-10-09T00:47:22Z INFO [6/750] 7b507f38-3101-4f0a-a730-003f85bf0b76: Sackin index -0.0699; 2.3 s; peak memory 245 MiB.
2026-10-09T00:47:23Z INFO [7/750] 7b50b148-0a34-4594-b065-2338dcb96820: Sackin index -0.1178; 0.8 s; peak memory 246 MiB.
2026-10-09T00:47:24Z INFO [8/750] 7b50d205-fb9d-44e3-9c79-36f03bb622a2: Sackin index -0.0728; 1.5 s; peak memory 246 MiB.
2026-10-09T00:47:26Z INFO [9/750] 7b510875-5a18-4753-92ef-d788570cef2b: Sackin index -0.0373; 1.6 s; peak memory 246 MiB.
2026-10-09T00:47:27Z INFO [10/750] 7b511021-ab7b-40d5-a3a1-26052dcffdea: Sackin index -0.1349; 1.0 s; peak memory 246 MiB.
2026-10-09T00:47:29Z INFO [11/750] 7b51c30e-a032-45aa-a583-7434a26a72c1: Sackin index -0.0702; 1.7 s; peak memory 246 MiB.
2026-10-09T00:47:30Z INFO [12/750] 7b52474f-0fef-4592-9e1c-aa80d685c83e: Sackin index -0.0375; 1.5 s; peak memory 246 MiB.
2026-10-09T00:47:31Z INFO [13/750] 7b529b82-edde-4525-88f2-d98b1c6a4e62: Sackin index -0.0702; 1.2 s; peak memory 246 MiB.
2026-10-09T00:47:32Z INFO [14/750] 7b52b10d-3f2b-4e44-b168-339fe9e77e52: Sackin index -0.1191; 1.1 s; peak memory 246 MiB.
2026-10-09T00:47:34Z INFO [15/750] 7b52b303-ae06-42a0-b935-b5dc07dd327b: Sackin index -0.0709; 1.2 s; peak memory 246 MiB.
2026-10-09T00:47:35Z INFO [16/750] 7b53fb2f-09fc-451c-bf37-a5b666eba614: Sackin index -0.0728; 1.6 s; peak memory 246 MiB.
2026-10-09T00:47:37Z INFO [17/750] 7b542290-a8c1-4fe0-a33a-ffece39794a2: Sackin index -0.0375; 1.5 s; peak memory 247 MiB.
2026-10-09T00:47:38Z INFO [18/750] 7b54691b-7a8a-470b-bd99-3be25ca46a5b: Sackin index -0.0704; 1.2 s; peak memory 247 MiB.
2026-10-09T00:47:39Z INFO [19/750] 7b54bd93-d45f-4caf-9be3-a8d7053c3e13: Sackin index -0.3646; 0.9 s; peak memory 247 MiB.
2026-10-09T00:48:39Z INFO [20/750] 7b54fbf0-8ef0-4652-97ff-d1787b320ae9: Sackin index -0.0026; 60.0 s; peak memory 281 MiB.
2026-10-09T00:48:40Z INFO [21/750] 7b556d22-3215-472a-b584-4c51906f0b63: Sackin index -0.0382; 1.1 s; peak memory 281 MiB.
2026-10-09T00:48:42Z INFO [22/750] 7b55b903-0782-4599-8b9d-787d7c85333b: Sackin index -0.0376; 1.6 s; peak memory 281 MiB.
2026-10-09T00:48:43Z INFO [23/750] 7b563de8-cb39-4989-bb85-566c4094cf6a: Sackin index -0.1349; 1.0 s; peak memory 281 MiB.
2026-10-09T00:48:45Z INFO [24/750] 7b565b82-e7e3-40c7-a902-3686529e2583: Sackin index -0.1224; 2.2 s; peak memory 281 MiB.
2026-10-09T00:48:46Z INFO [25/750] 7b56af5a-382f-43ec-a332-2c19384914e6: Sackin index -0.0728; 1.6 s; peak memory 281 MiB.
2026-10-09T00:48:50Z INFO [26/750] 7b56d3ed-51f2-4fc3-b019-6610b221b7d8: Sackin index -0.1293; 3.2 s; peak memory 281 MiB.
2026-10-09T00:48:51Z INFO [27/750] 7b571413-614c-4092-8fe8-aa1d9a29cfed: Sackin index -0.0702; 1.2 s; peak memory 281 MiB.
2026-10-09T00:58:14Z INFO [28/750] 7b58508d-56ab-4eaa-8c46-3617bc399254: Sackin index -0.0701; 563.5 s; peak memory 1159 MiB.
2026-10-09T00:58:20Z INFO [29/750] 7b590585-69b1-4946-95fb-d1dcacb9c0a7: Sackin index -0.0940; 6.2 s; peak memory 1159 MiB.
2026-10-09T00:58:23Z INFO [30/750] 7b5909d2-0fcb-4d1b-8ce9-6c7805448fc6: Sackin index -0.0660; 2.8 s; peak memory 1159 MiB.
2026-10-09T00:58:25Z INFO [31/750] 7b597b9e-8415-4127-b0c0-e46559cbf1f8: Sackin index -0.1273; 1.6 s; peak memory 1159 MiB.
2026-10-09T00:58:26Z INFO [32/750] 7b59942d-27bf-41be-95b7-30f7fdce3e78: Sackin index -0.0811; 1.1 s; peak memory 1159 MiB.
2026-10-09T00:58:27Z INFO [33/750] 7b599e76-9b70-4048-83e2-ed2fc7e4a5a9: Sackin index -0.1349; 1.1 s; peak memory 1159 MiB.
2026-10-09T00:58:28Z INFO [34/750] 7b59a380-b7ec-46fc-b43e-592cba3be6c6: Sackin index -0.1191; 1.0 s; peak memory 1159 MiB.
2026-10-09T00:58:31Z INFO [35/750] 7b5a7052-afa1-4dcd-91e6-cd0d4a345bee: Sackin index -0.0660; 2.9 s; peak memory 1159 MiB.
2026-10-09T00:58:32Z INFO [36/750] 7b5a9c7e-2d33-43d5-a521-6987b6746258: Sackin index -0.1349; 1.0 s; peak memory 1159 MiB.
2026-10-09T00:58:33Z INFO [37/750] 7b5b849c-ad25-4c90-b0eb-e684ff004ff4: Sackin index -0.0732; 1.1 s; peak memory 1159 MiB.
2026-10-09T00:58:34Z INFO [38/750] 7b5b8758-ff4e-4ae4-991f-c9c294406c91: Sackin index -0.1349; 1.0 s; peak memory 1159 MiB.
2026-10-09T00:58:35Z INFO [39/750] 7b5b975f-7d9a-476e-a157-215d11df6f0d: Sackin index -0.0378; 1.1 s; peak memory 1159 MiB.
2026-10-09T00:58:36Z INFO [40/750] 7b5c1faa-8581-4c79-bdfb-a6d9c5f2d46e: Sackin index -0.1349; 1.0 s; peak memory 1159 MiB.
2026-10-09T00:58:42Z INFO [41/750] 7b5c6475-31b4-4043-93b0-01fe24130ff4: Sackin index -0.0438; 5.9 s; peak memory 1159 MiB.
2026-10-09T00:58:43Z INFO [42/750] 7b5cad00-4b36-455c-baba-9c0820fcc9da: Sackin index -0.1239; 1.0 s; peak memory 1159 MiB.
2026-10-09T00:58:44Z INFO [43/750] 7b5cc1b9-8102-4149-b425-a45093af971d: Sackin index -0.0373; 1.7 s; peak memory 1159 MiB.
2026-10-09T00:58:45Z INFO [44/750] 7b5d3247-2c97-4a9b-aafb-790f3b449690: Sackin index -0.1340; 0.8 s; peak memory 1159 MiB.
2026-10-09T00:58:46Z INFO [45/750] 7b5dc3a4-d580-413c-8152-859abecdb931: Sackin index -0.1349; 0.8 s; peak memory 1159 MiB.
2026-10-09T00:58:48Z INFO [46/750] 7b5df16b-76ee-409e-8cbe-4083eea8304d: Sackin index -0.0728; 1.6 s; peak memory 1159 MiB.
2026-10-09T00:58:49Z INFO [47/750] 7b5e0839-b513-4a60-84de-d95717121e53: Sackin index -0.0702; 1.3 s; peak memory 1159 MiB.
2026-10-09T00:58:50Z INFO [48/750] 7b5e2d65-1948-4f03-ba17-e51fa2354428: Sackin index -0.0702; 1.3 s; peak memory 1159 MiB.
2026-10-09T00:58:53Z INFO [49/750] 7b5edfed-f841-437b-b260-8d2362e3d540: Sackin index -0.0471; 2.5 s; peak memory 1159 MiB.
2026-10-09T00:58:54Z INFO [50/750] 7b5f1d76-d901-4743-b7b0-b48e77afdd13: Sackin index -0.0375; 1.2 s; peak memory 1159 MiB.
2026-10-09T00:58:54Z INFO [50/750] 7b5f1d76-d901-4743-b7b0-b48e77afdd13: checkpointed 106386 new records.
2026-10-09T00:58:55Z INFO [51/750] 7b5f83ff-ed4e-41c8-9152-b66aa1a9cf8c: Sackin index -0.0728; 1.0 s; peak memory 1159 MiB.
2026-10-09T00:58:56Z INFO [52/750] 7b5f85f4-f4ed-4a71-9fbb-4d4de6b12f3e: Sackin index -0.0696; 1.1 s; peak memory 1159 MiB.
2026-10-09T00:58:57Z INFO [53/750] 7b6064ea-7372-44c3-9921-cc06043f6f0d: Sackin index -0.0377; 1.2 s; peak memory 1159 MiB.
2026-10-09T00:58:58Z INFO [54/750] 7b60f0f1-3c25-4e57-ba04-bdff65e03fe4: Sackin index -0.0696; 1.1 s; peak memory 1159 MiB.
2026-10-09T00:58:59Z INFO [55/750] 7b614fba-c1ae-48a6-a701-a1d1f28f9229: Sackin index -0.1658; 0.8 s; peak memory 1159 MiB.
2026-10-09T00:59:00Z INFO [56/750] 7b61cfa2-599d-4f9c-b3c0-b2d35d12fd72: Sackin index -0.0702; 1.1 s; peak memory 1159 MiB.
2026-10-09T00:59:01Z INFO [57/750] 7b62e4e3-cb80-4f22-ae6b-4c15a26e502f: Sackin index -0.1120; 0.8 s; peak memory 1159 MiB.
2026-10-09T00:59:02Z INFO [58/750] 7b630b69-fec2-4677-9a99-9bb07d7cf5eb: Sackin index -0.1178; 0.8 s; peak memory 1159 MiB.
2026-10-09T00:59:03Z INFO [59/750] 7b6446f3-44f1-4a8b-9c3d-00869c0c4aac: Sackin index -0.1120; 0.8 s; peak memory 1159 MiB.
2026-10-09T00:59:08Z INFO [60/750] 7b64cf80-535b-4d3c-a4af-59a7f1cbb1b6: Sackin index -0.0208; 5.7 s; peak memory 1159 MiB.
2026-10-09T00:59:09Z INFO [61/750] 7b655d4b-0ed6-4f7a-9510-eee59308940d: Sackin index -0.1349; 1.0 s; peak memory 1159 MiB.
2026-10-09T00:59:30Z INFO [62/750] 7b657d2f-5088-4620-af9b-295b6f11ee84: Sackin index -0.1367; 20.9 s; peak memory 1159 MiB.
2026-10-09T00:59:31Z INFO [63/750] 7b65c660-3061-4154-885d-096dbd241b98: Sackin index -0.1658; 0.7 s; peak memory 1159 MiB.
2026-10-09T00:59:32Z INFO [64/750] 7b6601d9-17fc-4db0-8abe-d60a0c2c0b59: Sackin index -0.0881; 1.2 s; peak memory 1159 MiB.
2026-10-09T00:59:34Z INFO [65/750] 7b6706b0-7a8a-4d50-8167-cbacd069d864: Sackin index -0.1152; 1.5 s; peak memory 1159 MiB.
2026-10-09T00:59:35Z INFO [66/750] 7b677cb8-ff92-4b14-800b-8a6edceec017: Sackin index -0.1349; 1.0 s; peak memory 1159 MiB.
2026-10-09T00:59:36Z INFO [67/750] 7b67faab-7518-46f9-a9ca-9be1a023a3cf: Sackin index -0.1349; 1.1 s; peak memory 1159 MiB.
2026-10-09T00:59:37Z INFO [68/750] 7b68680b-00b0-4c3b-a86d-b0b997ac92c2: Sackin index -0.0702; 1.2 s; peak memory 1159 MiB.
2026-10-09T00:59:39Z INFO [69/750] 7b687ff2-9acc-4862-9aad-507855fd56ba: Sackin index -0.0704; 2.2 s; peak memory 1159 MiB.
2026-10-09T00:59:40Z INFO [70/750] 7b696511-3c7d-47c3-bf1b-bec327914e42: Sackin index -0.1349; 1.1 s; peak memory 1159 MiB.
2026-10-09T00:59:42Z INFO [71/750] 7b6a667c-aa2e-4f58-97d8-bdb72c60a2f5: Sackin index -0.1265; 1.5 s; peak memory 1159 MiB.
2026-10-09T00:59:43Z INFO [72/750] 7b6aeea7-296b-44ec-94c9-908b269c4827: Sackin index -0.0696; 1.2 s; peak memory 1159 MiB.
2026-10-09T00:59:44Z INFO [73/750] 7b6b1395-b4b0-4ce8-8b48-cf759eca64c2: Sackin index -0.1349; 1.0 s; peak memory 1159 MiB.
2026-10-09T00:59:52Z INFO [74/750] 7b6b7ec9-8a8e-4430-b63c-12be7ebb4b9b: Sackin index -0.0163; 7.9 s; peak memory 1159 MiB.
2026-10-09T00:59:56Z INFO [75/750] 7b6b9414-5db1-4850-8c9d-5d62df6a0885: Sackin index -0.0252; 4.3 s; peak memory 1159 MiB.
2026-10-09T00:59:57Z INFO [76/750] 7b6c232a-6b7e-489c-96e6-6529cbcb2187: Sackin index -0.1658; 0.8 s; peak memory 1159 MiB.
2026-10-09T00:59:58Z INFO [77/750] 7b6c2f08-5698-4a56-a327-d78fd38f1e1d: Sackin index -0.1267; 0.9 s; peak memory 1159 MiB.
2026-10-09T01:00:00Z INFO [78/750] 7b6d33e0-27dc-4feb-aaa2-72ea30f4b9d1: Sackin index -0.0272; 2.2 s; peak memory 1159 MiB.
2026-10-09T01:00:01Z INFO [79/750] 7b6d87e5-a1cb-4622-830b-46fc90effbf0: Sackin index -0.0375; 1.4 s; peak memory 1159 MiB.
2026-10-09T01:00:09Z INFO [80/750] 7b6d9d13-381f-44d1-8206-b926f346f47c: Sackin index -0.0178; 7.8 s; peak memory 1159 MiB.
2026-10-09T01:00:10Z INFO [81/750] 7b6db485-037f-4427-82cc-f935e28b3d36: Sackin index -0.1602; 1.3 s; peak memory 1159 MiB.
2026-10-09T01:00:13Z INFO [82/750] 7b6e4e1f-9de8-4e33-a284-2fbd8ac67c27: Sackin index -0.0695; 2.7 s; peak memory 1159 MiB.
2026-10-09T01:00:15Z INFO [83/750] 7b6e78a1-d724-40cd-bbdc-5aba1feb9623: Sackin index -0.0728; 1.4 s; peak memory 1159 MiB.
2026-10-09T01:00:16Z INFO [84/750] 7b701f97-9b79-4bba-b298-a1d65a406b64: Sackin index -0.0728; 1.4 s; peak memory 1159 MiB.
2026-10-09T01:00:20Z INFO [85/750] 7b7083b8-be6c-476f-ae36-7be9309e1a69: Sackin index -0.0253; 4.4 s; peak memory 1159 MiB.
2026-10-09T01:00:29Z INFO [86/750] 7b709e18-db33-4f6a-a185-1d51035da57e: Sackin index -0.0263; 8.8 s; peak memory 1159 MiB.
2026-10-09T01:00:30Z INFO [87/750] 7b712f03-ec8f-4186-b4f4-77e0f39afa94: Sackin index -0.1349; 1.1 s; peak memory 1159 MiB.
2026-10-09T01:00:32Z INFO [88/750] 7b7149c4-87a6-4075-a013-c61c5ff55d46: Sackin index -0.0704; 1.2 s; peak memory 1159 MiB.
2026-10-09T01:07:36Z INFO [89/750] 7b71dc6b-2284-45bd-b32c-516e0aed2ff0: Sackin index -0.0094; 424.1 s; peak memory 1159 MiB.
2026-10-09T01:07:37Z INFO [90/750] 7b72dcea-ad19-4717-b113-5fad432b433a: Sackin index -0.1448; 0.9 s; peak memory 1159 MiB.
2026-10-09T01:07:39Z INFO [91/750] 7b72f13d-ffb0-4a46-bac0-06a84d1676aa: Sackin index -0.1938; 2.5 s; peak memory 1159 MiB.
2026-10-09T01:07:41Z INFO [92/750] 7b731fb1-7ee3-4659-afe8-f1fa443376e6: Sackin index -0.0369; 1.9 s; peak memory 1159 MiB.
2026-10-09T01:07:42Z INFO [93/750] 7b741650-28d1-4a18-b9ea-28e1687fc079: Sackin index -0.1349; 1.0 s; peak memory 1159 MiB.
2026-10-09T01:07:43Z INFO [94/750] 7b74a79b-639b-4c0d-ac0b-6d3818bdb5e6: Sackin index -0.1349; 1.2 s; peak memory 1159 MiB.
2026-10-09T01:07:49Z INFO [95/750] 7b7573a3-efa9-4fce-95df-5f938a1e6a69: Sackin index -0.0415; 5.4 s; peak memory 1159 MiB.
2026-10-09T01:07:50Z INFO [96/750] 7b75ac5f-929b-407a-b805-87d3e50d3354: Sackin index -0.0423; 1.4 s; peak memory 1159 MiB.
2026-10-09T01:07:53Z INFO [97/750] 7b7673de-e9e6-4b99-a9f5-afff20632f85: Sackin index -0.0797; 3.1 s; peak memory 1159 MiB.
2026-10-09T01:07:54Z INFO [98/750] 7b772e97-a6fe-4624-9854-bd18cb099e2a: Sackin index -0.0696; 1.2 s; peak memory 1159 MiB.
2026-10-09T01:07:55Z INFO [99/750] 7b7790a6-f0d8-4803-a2c2-6434bd49c9e4: Sackin index -0.1120; 0.8 s; peak memory 1159 MiB.
2026-10-09T01:12:25Z INFO [100/750] 7b781e02-97d9-47cb-9aa3-9853808b5c4d: Sackin index -0.0260; 269.5 s; peak memory 1159 MiB.
2026-10-09T01:12:25Z INFO [100/750] 7b781e02-97d9-47cb-9aa3-9853808b5c4d: checkpointed 106436 new records.
2026-10-09T01:12:26Z INFO [101/750] 7b784ac1-d119-4420-88a9-6041ddef407e: Sackin index -0.0379; 1.5 s; peak memory 1159 MiB.
2026-10-09T01:12:28Z INFO [102/750] 7b79644f-fdd3-440b-86da-99d6d7a83ddd: Sackin index -0.1349; 1.2 s; peak memory 1159 MiB.
2026-10-09T01:12:29Z INFO [103/750] 7b7ac7e9-5d32-4d9c-bb8e-831bc9983311: Sackin index -0.1349; 1.3 s; peak memory 1159 MiB.
2026-10-09T01:12:30Z INFO [104/750] 7b7b4e58-20be-4708-a6d1-5186ce9fd073: Sackin index -0.0956; 1.2 s; peak memory 1159 MiB.
2026-10-09T01:12:31Z INFO [105/750] 7b7c9fd2-9abc-41e4-9aca-47380c1fa81b: Sackin index -0.1658; 0.8 s; peak memory 1159 MiB.
2026-10-09T01:12:32Z INFO [106/750] 7b7d5242-a287-4a90-85d8-24681171dbbd: Sackin index -0.1349; 1.0 s; peak memory 1159 MiB.
2026-10-09T01:12:33Z INFO [107/750] 7b7d6585-af05-4a56-b648-ae01734ab243: Sackin index -0.1349; 1.1 s; peak memory 1159 MiB.
2026-10-09T01:12:35Z INFO [108/750] 7b7e2e7c-17cf-4075-bdaa-815926925c20: Sackin index -0.1187; 1.8 s; peak memory 1159 MiB.
2026-10-09T01:12:42Z INFO [109/750] 7b7ec123-c78f-493d-8a29-bdcf5ca452c9: Sackin index -0.0022; 7.6 s; peak memory 1159 MiB.
2026-10-09T01:12:43Z INFO [110/750] 7b7ecbcd-0603-4eba-aa19-57b2f3f20790: Sackin index -0.0811; 1.1 s; peak memory 1159 MiB.
2026-10-09T01:12:45Z INFO [111/750] 7b7ef174-57e6-4836-b2b5-c077566a097c: Sackin index -0.1349; 1.0 s; peak memory 1159 MiB.
2026-10-09T01:12:46Z INFO [112/750] 7b7fb766-6617-4871-bdd3-4ac634b2f4e9: Sackin index -0.1248; 1.3 s; peak memory 1159 MiB.
2026-10-09T01:12:47Z INFO [113/750] 7b7fbdf2-67b7-45dd-9a30-02a5e637a891: Sackin index -0.1938; 0.9 s; peak memory 1159 MiB.
2026-10-09T01:12:48Z INFO [114/750] 7b7ffdd1-539b-44ad-8ef2-ba05f97e8239: Sackin index -0.1461; 0.8 s; peak memory 1159 MiB.
2026-10-09T01:12:54Z INFO [115/750] 7b8078c9-a3d0-4d96-9fd3-cf970a3ddc80: Sackin index -0.0067; 6.2 s; peak memory 1159 MiB.
2026-10-09T01:12:55Z INFO [116/750] 7b80b569-7bcb-41da-858e-36040b6f788e: Sackin index -0.0702; 1.4 s; peak memory 1159 MiB.
2026-10-09T01:13:20Z INFO [117/750] 7b81cb3d-8c59-4445-bb9a-9869307803e2: Sackin index -0.1367; 25.3 s; peak memory 1159 MiB.
2026-10-09T01:13:22Z INFO [118/750] 7b822b70-03db-48e3-a7e8-26dba3fe1572: Sackin index -0.0709; 1.4 s; peak memory 1159 MiB.
2026-10-09T01:13:23Z INFO [119/750] 7b826b8f-5989-427b-8470-b326bd306448: Sackin index -0.1319; 1.0 s; peak memory 1159 MiB.
2026-10-09T01:13:24Z INFO [120/750] 7b8295c7-5a42-482c-a756-ded910a8c83c: Sackin index -0.1248; 1.1 s; peak memory 1159 MiB.
2026-10-09T01:13:27Z INFO [121/750] 7b833889-bf76-44d2-b30b-be1ed655d64a: Sackin index -0.0797; 3.1 s; peak memory 1159 MiB.
2026-10-09T01:13:35Z INFO [122/750] 7b83727a-76a3-4611-970b-bae567100657: Sackin index -0.0155; 7.7 s; peak memory 1159 MiB.
2026-10-09T01:13:36Z INFO [123/750] 7b83ab46-3e10-4bba-886a-520192728f04: Sackin index -0.1349; 1.0 s; peak memory 1159 MiB.
2026-10-09T01:13:37Z INFO [124/750] 7b843f3a-4695-4fc9-97b5-953f9b562326: Sackin index -0.1349; 1.1 s; peak memory 1159 MiB.
2026-10-09T01:16:03Z INFO [125/750] 7b855730-eccd-43a4-b758-68e5454e35f7: Sackin index -0.0288; 145.7 s; peak memory 1159 MiB.
2026-10-09T01:16:04Z INFO [126/750] 7b856a1a-bf46-486b-9756-c0c8f3e4f382: Sackin index -0.1349; 1.1 s; peak memory 1159 MiB.
2026-10-09T01:16:15Z INFO [127/750] 7b85c05d-7810-4569-94fb-2a0b2d69c153: Sackin index -0.0253; 11.4 s; peak memory 1159 MiB.
2026-10-09T01:16:21Z INFO [128/750] 7b86cb95-8d23-4316-b095-f5a3f47139c1: Sackin index -0.0228; 5.6 s; peak memory 1159 MiB.
2026-10-09T01:16:23Z INFO [129/750] 7b8704a7-b77e-41e6-9ea1-00abef7cc4fc: Sackin index -0.0693; 2.5 s; peak memory 1159 MiB.
2026-10-09T01:16:24Z INFO [130/750] 7b87356f-51ca-4811-81b3-89bcdbaa4690: Sackin index -0.2073; 0.9 s; peak memory 1159 MiB.
2026-10-09T01:16:25Z INFO [131/750] 7b87420c-e50c-4843-8bb0-ac2a18aa3af7: Sackin index -0.1602; 1.1 s; peak memory 1159 MiB.
2026-10-09T01:16:26Z INFO [132/750] 7b8795e6-4a47-4751-b589-7c9aa2ff1a12: Sackin index -0.1349; 1.2 s; peak memory 1159 MiB.
2026-10-09T01:16:28Z INFO [133/750] 7b88bcd8-8c6a-4ac8-bd9f-ec9d32483752: Sackin index -0.1248; 1.0 s; peak memory 1159 MiB.
2026-10-09T01:16:31Z INFO [134/750] 7b8a24a4-b5e9-46fc-8e76-5cc2ef17b151: Sackin index -0.0660; 3.0 s; peak memory 1159 MiB.
2026-10-09T01:16:32Z INFO [135/750] 7b8a698d-1f54-4b8c-ac7f-cbcc444883bf: Sackin index -0.0702; 1.2 s; peak memory 1159 MiB.
2026-10-09T01:16:48Z INFO [136/750] 7b8bcb91-31db-4ba6-92c7-8105f1e00c73: Sackin index -0.0125; 16.5 s; peak memory 1159 MiB.
2026-10-09T01:16:49Z INFO [137/750] 7b8d7bb4-c22c-4fc1-82c9-ed1257d0b51e: Sackin index -0.0702; 1.2 s; peak memory 1159 MiB.
2026-10-09T01:16:51Z INFO [138/750] 7b8e50d4-6485-471e-9a15-95e2750775d6: Sackin index -0.0728; 1.3 s; peak memory 1159 MiB.
2026-10-09T01:16:52Z INFO [139/750] 7b8eb828-e8fb-4310-a45d-b6c512d87576: Sackin index -0.0380; 1.4 s; peak memory 1159 MiB.
2026-10-09T01:16:53Z INFO [140/750] 7b8f66aa-b9f3-4ed1-be1e-5f9ea18e15c7: Sackin index -0.1349; 1.0 s; peak memory 1159 MiB.
2026-10-09T01:16:55Z INFO [141/750] 7b8f6c86-f323-49e6-a086-c079494bf827: Sackin index -0.0376; 1.4 s; peak memory 1159 MiB.
2026-10-09T01:16:56Z INFO [142/750] 7b8faf38-1cea-45ed-942a-bf7ae91fd3de: Sackin index -0.1349; 1.0 s; peak memory 1159 MiB.
2026-10-09T01:16:57Z INFO [143/750] 7b8fbe0d-7d29-461f-8b4c-dacf41fd8f05: Sackin index -0.0728; 1.1 s; peak memory 1159 MiB.
2026-10-09T01:16:58Z INFO [144/750] 7b8fea6c-5095-425f-a0c2-dc712e2babb8: Sackin index -0.0728; 1.5 s; peak memory 1159 MiB.
2026-10-09T01:17:06Z INFO [145/750] 7b90168a-a65a-4752-aaba-9a7b0e4b85b3: Sackin index -0.0224; 7.6 s; peak memory 1159 MiB.
2026-10-09T01:17:13Z INFO [146/750] 7b919810-2d93-4bda-b9cb-02a2b647f887: Sackin index -0.0420; 6.9 s; peak memory 1159 MiB.
2026-10-09T01:17:14Z INFO [147/750] 7b92fbd2-0930-49e5-a7f0-50ff76da0cad: Sackin index -0.1349; 1.0 s; peak memory 1159 MiB.
2026-10-09T01:17:15Z INFO [148/750] 7b930cd7-cef0-40ec-bf34-8001e00e3312: Sackin index -0.0457; 1.5 s; peak memory 1159 MiB.
2026-10-09T01:19:26Z INFO [149/750] 7b9353a9-6d97-4b79-a978-099d7c8b4d74: Sackin index -0.0434; 131.0 s; peak memory 1159 MiB.
2026-10-09T01:19:45Z INFO [150/750] 7b935f4a-fbd2-438b-a377-960c982b91f6: Sackin index -0.0373; 18.8 s; peak memory 1159 MiB.
2026-10-09T01:19:45Z INFO [150/750] 7b935f4a-fbd2-438b-a377-960c982b91f6: checkpointed 106486 new records.
2026-10-09T01:19:46Z INFO [151/750] 7b937162-87c1-4e7b-aefd-b90ebfb79abb: Sackin index -0.0696; 1.1 s; peak memory 1159 MiB.
2026-10-09T01:20:08Z INFO [152/750] 7b939aa7-afbf-4b25-8311-b154ec5758ee: Sackin index -0.1367; 21.6 s; peak memory 1159 MiB.
2026-10-09T01:20:10Z INFO [153/750] 7b949699-c47f-4115-be55-680074db745b: Sackin index -0.1383; 1.7 s; peak memory 1159 MiB.
2026-10-09T01:20:11Z INFO [154/750] 7b94c90f-7a0a-4b81-a16a-4b5d22808e81: Sackin index -0.1704; 1.1 s; peak memory 1159 MiB.
2026-10-09T01:20:12Z INFO [155/750] 7b966e72-9b78-4204-a0cc-3eecdf25ee77: Sackin index -0.1349; 1.1 s; peak memory 1159 MiB.
2026-10-09T01:20:15Z INFO [156/750] 7b9678ec-031e-4949-96ba-4ef22a202cf3: Sackin index -0.1062; 3.7 s; peak memory 1159 MiB.
2026-10-09T01:20:16Z INFO [157/750] 7b96d345-2912-4730-8926-3fee982eb73c: Sackin index -0.1349; 0.9 s; peak memory 1159 MiB.
2026-10-09T01:20:17Z INFO [158/750] 7b972695-80c2-43e4-8551-ceae56f91f74: Sackin index -0.1658; 0.8 s; peak memory 1159 MiB.
2026-10-09T01:20:28Z INFO [159/750] 7b976979-ee42-4814-8c59-9f1515822578: Sackin index -0.0614; 10.5 s; peak memory 1159 MiB.
2026-10-09T01:20:29Z INFO [160/750] 7b978099-95a5-45fd-9530-3a50ca0a1308: Sackin index -0.0702; 1.0 s; peak memory 1159 MiB.
2026-10-09T01:20:30Z INFO [161/750] 7b990f70-1137-4465-a697-eddc12f4907d: Sackin index -0.0702; 1.3 s; peak memory 1159 MiB.
2026-10-09T01:22:45Z INFO [162/750] 7b997083-0cd8-474c-a1ca-cffd482b574a: Sackin index -0.0573; 134.8 s; peak memory 1159 MiB.
2026-10-09T01:22:47Z INFO [163/750] 7b9a2d6d-b924-44e1-af9c-24af23cde457: Sackin index -0.0172; 2.1 s; peak memory 1159 MiB.
2026-10-09T01:22:48Z INFO [164/750] 7b9aa12a-5de4-445b-87ab-91d3544dee50: Sackin index -0.0702; 1.4 s; peak memory 1159 MiB.
2026-10-09T01:22:50Z INFO [165/750] 7b9b46ba-1564-4e94-a68c-72763fc2e702: Sackin index -0.0728; 1.6 s; peak memory 1159 MiB.
2026-10-09T01:22:51Z INFO [166/750] 7b9b5b80-ff6b-4f36-82ef-dcee06493722: Sackin index -0.1448; 0.8 s; peak memory 1159 MiB.
2026-10-09T01:22:52Z INFO [167/750] 7b9c7fda-0341-418c-8ba0-ed614908da10: Sackin index -0.1349; 1.0 s; peak memory 1159 MiB.
2026-10-09T01:22:53Z INFO [168/750] 7b9ef97a-9b9c-4a91-9a13-64f509a557fb: Sackin index -0.0881; 1.5 s; peak memory 1159 MiB.
2026-10-09T01:22:55Z INFO [169/750] 7b9efd23-270c-45f7-b9bc-63dca6463d41: Sackin index -0.0702; 1.4 s; peak memory 1159 MiB.
2026-10-09T01:23:00Z INFO [170/750] 7b9f836f-fee5-4190-9fd9-d0662592ce97: Sackin index -0.0476; 5.9 s; peak memory 1159 MiB.
2026-10-09T01:23:01Z INFO [171/750] 7b9f8791-b8e9-4c6a-b01f-8f578ff802e9: Sackin index -0.1349; 1.0 s; peak memory 1159 MiB.
2026-10-09T01:23:02Z INFO [172/750] 7b9fd165-35cf-4158-9894-c653abbee71a: Sackin index -0.1349; 1.0 s; peak memory 1159 MiB.
2026-10-09T01:23:04Z INFO [173/750] 7ba0365b-3837-4ce4-bb22-f5adee34644d: Sackin index -0.0375; 1.4 s; peak memory 1159 MiB.
2026-10-09T01:23:06Z INFO [174/750] 7ba0d2f3-f772-4abb-b28a-9c4e4e86345a: Sackin index -0.1224; 2.1 s; peak memory 1159 MiB.
2026-10-09T01:23:07Z INFO [175/750] 7ba17e82-c4db-4a0d-bc5b-9560e24f11b1: Sackin index -0.0702; 1.4 s; peak memory 1159 MiB.
2026-10-09T01:23:08Z INFO [176/750] 7ba2923e-8c5a-4d3d-b7c1-a34c9fab8b9d: Sackin index -0.1349; 1.1 s; peak memory 1159 MiB.
2026-10-09T01:23:10Z INFO [177/750] 7ba382e6-76d0-4e82-af63-d9989689bbec: Sackin index -0.0385; 1.2 s; peak memory 1159 MiB.
2026-10-09T01:23:10Z INFO [178/750] 7ba50a5e-e208-4edd-9f44-864ff0f92fdf: Sackin index -0.1658; 0.8 s; peak memory 1159 MiB.
2026-10-09T01:23:12Z INFO [179/750] 7ba54ad4-b181-4c4e-9a3d-0ad9a7a8b5b6: Sackin index -0.0375; 1.6 s; peak memory 1159 MiB.
2026-10-09T01:23:13Z INFO [180/750] 7ba54c9b-df66-41e9-bcfe-60a2ed0432b9: Sackin index -0.1658; 0.9 s; peak memory 1159 MiB.
2026-10-09T01:23:14Z INFO [181/750] 7ba5af7e-f181-40f6-93f2-cfc0e6953067: Sackin index -0.2168; 0.8 s; peak memory 1159 MiB.
2026-10-09T01:23:15Z INFO [182/750] 7ba5d600-b9c7-42fd-ad02-8b1b483e606e: Sackin index -0.1602; 1.1 s; peak memory 1159 MiB.
2026-10-09T01:23:16Z INFO [183/750] 7ba672d2-1f97-4146-b85e-2498e70ddcd8: Sackin index -0.1938; 0.9 s; peak memory 1159 MiB.
2026-10-09T01:23:32Z INFO [184/750] 7ba6e58d-b424-4981-844f-94c305d1a02a: Sackin index -0.0172; 16.0 s; peak memory 1159 MiB.
2026-10-09T01:25:43Z INFO [185/750] 7ba72c0e-b48e-4969-b510-9c816ba1e4d8: Sackin index -0.1201; 131.4 s; peak memory 1159 MiB.
2026-10-09T01:25:44Z INFO [186/750] 7ba74bd3-0e74-4c15-9bf3-613727700f19: Sackin index -0.0696; 1.2 s; peak memory 1159 MiB.
2026-10-09T01:25:46Z INFO [187/750] 7ba7a36c-1625-4ac0-bc7a-aaf6256be453: Sackin index -0.0381; 1.4 s; peak memory 1159 MiB.
2026-10-09T01:25:47Z INFO [188/750] 7ba7b9c7-ddb2-4c77-9466-0b8fa4e5486c: Sackin index -0.1349; 1.1 s; peak memory 1159 MiB.
2026-10-09T01:25:48Z INFO [189/750] 7ba7cb5e-98cc-4e50-aad2-5b5be83e74fa: Sackin index -0.1349; 1.0 s; peak memory 1159 MiB.
2026-10-09T01:25:49Z INFO [190/750] 7ba967d2-16da-4e94-8694-d66948a62841: Sackin index -0.0728; 1.4 s; peak memory 1159 MiB.
2026-10-09T01:25:50Z INFO [191/750] 7ba992c1-a9ea-4728-95d0-f0652d226e57: Sackin index -0.0320; 1.1 s; peak memory 1159 MiB.
2026-10-09T01:28:07Z INFO [192/750] 7baa8728-a981-4d92-a33b-9d4ea1847324: Sackin index -0.0006; 136.4 s; peak memory 1159 MiB.
2026-10-09T01:28:08Z INFO [193/750] 7baac2e0-8afc-44c6-8e6b-be5e1245d102: Sackin index -0.1349; 1.1 s; peak memory 1159 MiB.
2026-10-09T01:28:09Z INFO [194/750] 7bab7ec7-fbbd-4d78-998a-9b1f1d4d5711: Sackin index -0.2168; 0.9 s; peak memory 1159 MiB.
2026-10-09T01:28:28Z INFO [195/750] 7babaaf6-779e-4be7-b8ba-f0f6bac86b76: Sackin index -0.0097; 19.3 s; peak memory 1159 MiB.
2026-10-09T01:28:44Z INFO [196/750] 7babb303-d6b1-411e-bce3-b7dc16a7c7bf: Sackin index -0.1892; 15.3 s; peak memory 1159 MiB.
2026-10-09T01:28:48Z INFO [197/750] 7babe7ba-c443-4615-809f-948c883e04af: Sackin index -0.0241; 4.4 s; peak memory 1159 MiB.
2026-10-09T01:28:49Z INFO [198/750] 7bac4186-8ab6-4631-bd03-f05914e634a1: Sackin index -0.0457; 1.5 s; peak memory 1159 MiB.
2026-10-09T01:28:50Z INFO [199/750] 7bace887-8794-4569-9100-34680831f7c7: Sackin index -0.1326; 0.9 s; peak memory 1159 MiB.
2026-10-09T01:28:52Z INFO [200/750] 7bae9502-da4a-4240-a25a-896e51199bb6: Sackin index -0.1273; 1.3 s; peak memory 1159 MiB.
2026-10-09T01:28:52Z INFO [200/750] 7bae9502-da4a-4240-a25a-896e51199bb6: checkpointed 106536 new records.
2026-10-09T01:28:59Z INFO [201/750] 7bafc8a8-ea37-4d66-94bf-782dea13bc97: Sackin index -0.0302; 7.2 s; peak memory 1159 MiB.
2026-10-09T01:29:05Z INFO [202/750] 7bb0039c-f4fe-46b3-97d0-8f82a9a390cd: Sackin index -0.0403; 5.5 s; peak memory 1159 MiB.
2026-10-09T01:29:06Z INFO [203/750] 7bb14f93-1546-4f49-901e-759e35ab3dfe: Sackin index -0.1349; 1.0 s; peak memory 1159 MiB.
2026-10-09T01:29:16Z INFO [204/750] 7bb26bf6-e972-40d9-bc22-551b435146c1: Sackin index -0.0614; 10.0 s; peak memory 1159 MiB.
2026-10-09T01:29:17Z INFO [205/750] 7bb41920-21ec-4e70-b7e2-7ad0965e7140: Sackin index -0.1658; 1.0 s; peak memory 1159 MiB.
2026-10-09T01:29:18Z INFO [206/750] 7bb4f516-6d43-4c94-a292-cf8709b5a516: Sackin index -0.0728; 1.4 s; peak memory 1159 MiB.
2026-10-09T01:29:19Z INFO [207/750] 7bb5eef1-552c-49bf-9549-928f4da5320e: Sackin index -0.0702; 1.2 s; peak memory 1159 MiB.
2026-10-09T01:29:20Z INFO [208/750] 7bb62fea-7cb6-485b-9ad7-803b18bcc6ce: Sackin index -0.0696; 1.3 s; peak memory 1159 MiB.
2026-10-09T01:29:23Z INFO [209/750] 7bb66500-f680-4204-8b4f-187afa5d23e2: Sackin index -0.0718; 2.6 s; peak memory 1159 MiB.
2026-10-09T01:29:26Z INFO [210/750] 7bb76e5a-cde4-48e0-b6c3-155389580414: Sackin index -0.0660; 3.0 s; peak memory 1159 MiB.
2026-10-09T01:29:28Z INFO [211/750] 7bb77bf1-a344-4944-8919-fb624629f610: Sackin index -0.0375; 1.4 s; peak memory 1159 MiB.
2026-10-09T01:29:29Z INFO [212/750] 7bb7adef-6dd8-45e7-82cd-fb3c3dbf6dc7: Sackin index -0.0728; 1.6 s; peak memory 1159 MiB.
2026-10-09T01:29:30Z INFO [213/750] 7bb8b3ef-6354-46d5-b82c-c68103ce4223: Sackin index -0.1349; 1.1 s; peak memory 1159 MiB.
2026-10-09T01:29:31Z INFO [214/750] 7bb913f6-e90a-4c8c-adca-8d3e17c2208c: Sackin index -0.1349; 1.1 s; peak memory 1159 MiB.
2026-10-09T01:29:33Z INFO [215/750] 7bb936bd-1bff-4277-998c-a727bbe1eda4: Sackin index -0.0991; 1.3 s; peak memory 1159 MiB.
2026-10-09T01:29:34Z INFO [216/750] 7bb94dc0-6544-4d19-8c8f-898ec817d3f3: Sackin index -0.0702; 1.2 s; peak memory 1159 MiB.
2026-10-09T01:29:39Z INFO [217/750] 7bb9d970-6e2f-47b2-9025-71d36dbf4d99: Sackin index -0.0251; 5.5 s; peak memory 1159 MiB.
2026-10-09T01:29:41Z INFO [218/750] 7bba7864-5a4b-4b36-aa1b-271d3d9d98e3: Sackin index -0.0457; 1.4 s; peak memory 1159 MiB.
2026-10-09T01:29:51Z INFO [219/750] 7bbae0a9-7c86-4d14-8114-265bcc19a336: Sackin index -0.0102; 9.8 s; peak memory 1159 MiB.
2026-10-09T01:29:52Z INFO [220/750] 7bbb52c4-e424-4878-a067-971988c91384: Sackin index -0.0709; 1.3 s; peak memory 1159 MiB.
2026-10-09T01:29:54Z INFO [221/750] 7bbbb7b6-9e06-45da-82e6-16ea3b6adcd8: Sackin index -0.0723; 2.3 s; peak memory 1159 MiB.
2026-10-09T01:29:55Z INFO [222/750] 7bbc5095-d790-44eb-b33a-d4bd63f7ca46: Sackin index -0.1658; 0.7 s; peak memory 1159 MiB.
2026-10-09T01:30:00Z INFO [223/750] 7bbc8b3a-46f6-4f39-98b5-e27cd8eaeb37: Sackin index -0.0230; 5.4 s; peak memory 1159 MiB.
2026-10-09T01:30:01Z INFO [224/750] 7bbca1a7-a7b7-486b-9c70-8790d55af830: Sackin index -0.0391; 1.0 s; peak memory 1159 MiB.
2026-10-09T01:30:03Z INFO [225/750] 7bbcdbf1-17ae-4509-a254-f713519af4cb: Sackin index -0.0457; 1.4 s; peak memory 1159 MiB.
2026-10-09T01:30:04Z INFO [226/750] 7bbd7b62-168d-4ad6-834f-051d9df39124: Sackin index -0.0728; 1.3 s; peak memory 1159 MiB.
2026-10-09T01:30:10Z INFO [227/750] 7bbd8201-fb19-41a6-8851-419b596c13dc: Sackin index -0.0228; 5.8 s; peak memory 1159 MiB.
2026-10-09T01:30:13Z INFO [228/750] 7bbdf0c7-f7ab-4cc9-aaf2-22d01e8824a9: Sackin index -0.0564; 3.0 s; peak memory 1159 MiB.
2026-10-09T01:30:14Z INFO [229/750] 7bbe11bf-6697-4ccb-9c78-7c733450a047: Sackin index -0.1416; 1.4 s; peak memory 1159 MiB.
2026-10-09T01:30:15Z INFO [230/750] 7bbef1fd-f84c-4748-837a-b3d69ada5523: Sackin index -0.0702; 1.2 s; peak memory 1159 MiB.
2026-10-09T01:30:17Z INFO [231/750] 7bbfbd11-ceae-4a9a-be87-9e41788b0124: Sackin index -0.0376; 1.2 s; peak memory 1159 MiB.
2026-10-09T01:30:18Z INFO [232/750] 7bc10997-706b-4f1f-9c9b-fa4381e09d07: Sackin index -0.0390; 1.1 s; peak memory 1159 MiB.
2026-10-09T01:30:19Z INFO [233/750] 7bc1f13d-affb-4ca5-a357-4f78ab604902: Sackin index -0.1658; 1.0 s; peak memory 1159 MiB.
2026-10-09T01:30:33Z INFO [234/750] 7bc22a52-16b4-44cf-bd81-fbff536fb00d: Sackin index -0.0035; 14.4 s; peak memory 1159 MiB.
2026-10-09T01:30:34Z INFO [235/750] 7bc2361a-9d95-401c-99ef-522c1b729bc1: Sackin index -0.0382; 1.2 s; peak memory 1159 MiB.
2026-10-09T01:31:04Z INFO [236/750] 7bc2d33a-7662-490f-a266-22762eb2fa31: Sackin index -0.0094; 29.3 s; peak memory 1159 MiB.
2026-10-09T01:31:05Z INFO [237/750] 7bc3389a-a48e-4e51-8f79-31299f6cd6f5: Sackin index -0.0881; 1.2 s; peak memory 1159 MiB.
2026-10-09T01:31:06Z INFO [238/750] 7bc36c27-6eb5-46a7-8484-efbcab75061e: Sackin index -0.0702; 1.2 s; peak memory 1159 MiB.
2026-10-09T01:31:07Z INFO [239/750] 7bc3a985-b31f-4f8f-87f2-4f0cf8694884: Sackin index -0.0702; 1.2 s; peak memory 1159 MiB.
2026-10-09T01:31:16Z INFO [240/750] 7bc3dcdd-5224-4b0e-b6ce-98e6e24db623: Sackin index -0.0159; 8.8 s; peak memory 1159 MiB.
2026-10-09T01:31:17Z INFO [241/750] 7bc48657-ca75-43b9-ae9c-2256484c9d48: Sackin index -0.0702; 1.2 s; peak memory 1159 MiB.
2026-10-09T01:31:22Z INFO [242/750] 7bc535ee-3b1e-4740-891c-88aa358249bd: Sackin index -0.0403; 4.5 s; peak memory 1159 MiB.
2026-10-09T01:31:24Z INFO [243/750] 7bc679dd-7e57-48af-8198-f28b9f0a1e03: Sackin index -0.0579; 2.3 s; peak memory 1159 MiB.
2026-10-09T01:31:25Z INFO [244/750] 7bc6a5d9-506c-4605-a636-080a3e44e640: Sackin index -0.0379; 1.4 s; peak memory 1159 MiB.
2026-10-09T01:31:39Z INFO [245/750] 7bc721ab-f7b0-454a-98fd-76f040a1a00f: Sackin index -0.0245; 13.7 s; peak memory 1159 MiB.
2026-10-09T01:31:40Z INFO [246/750] 7bc77d0c-41d9-4cd4-b4fb-0a03ab3d2d03: Sackin index -0.0811; 1.1 s; peak memory 1159 MiB.
2026-10-09T01:31:44Z INFO [247/750] 7bc79239-75f1-4fe6-8b19-f2130cb5136e: Sackin index -0.0824; 4.3 s; peak memory 1159 MiB.
2026-10-09T01:31:48Z INFO [248/750] 7bc85a47-9297-4858-be5e-da4e34c898fb: Sackin index -0.0376; 3.2 s; peak memory 1159 MiB.
2026-10-09T01:31:58Z INFO [249/750] 7bcad7e9-3167-4ed4-b4e5-4097c632ae63: Sackin index -0.0162; 9.9 s; peak memory 1159 MiB.
2026-10-09T01:32:03Z INFO [250/750] 7bcb6780-8c73-4198-a238-40270b50e8aa: Sackin index -0.0512; 5.6 s; peak memory 1159 MiB.
2026-10-09T01:32:03Z INFO [250/750] 7bcb6780-8c73-4198-a238-40270b50e8aa: checkpointed 106586 new records.
2026-10-09T01:32:05Z INFO [251/750] 7bcbfa74-dd48-450c-9b7d-42b162281c8f: Sackin index -0.1349; 1.1 s; peak memory 1159 MiB.
2026-10-09T01:32:05Z INFO [252/750] 7bcc5997-cde3-481f-aada-39f6b1096286: Sackin index -0.1448; 0.8 s; peak memory 1159 MiB.
2026-10-09T01:32:06Z INFO [253/750] 7bcc63fa-7937-439d-961d-de1f34bce014: Sackin index -0.1349; 1.1 s; peak memory 1159 MiB.
2026-10-09T01:32:08Z INFO [254/750] 7bcc8e1b-b005-45ca-8893-b19372650067: Sackin index -0.1349; 1.1 s; peak memory 1159 MiB.
2026-10-09T01:32:09Z INFO [255/750] 7bcd144f-c4c5-4188-ba02-b499080bd7f6: Sackin index -0.1349; 1.1 s; peak memory 1159 MiB.
2026-10-09T01:32:21Z INFO [256/750] 7bcd4107-a08d-40c1-bdb4-282bc9d0ce49: Sackin index -0.0055; 12.3 s; peak memory 1159 MiB.
2026-10-09T01:32:29Z INFO [257/750] 7bcd5621-edea-462f-9a79-d1082ec21fa1: Sackin index -0.0017; 7.8 s; peak memory 1159 MiB.
2026-10-09T01:32:30Z INFO [258/750] 7bcd5e83-be00-4569-a398-f9ee2147954c: Sackin index -0.0722; 1.3 s; peak memory 1159 MiB.
2026-10-09T01:32:31Z INFO [259/750] 7bce2284-57c4-4fb0-83bc-b3cc3faff66b: Sackin index -0.0741; 1.3 s; peak memory 1159 MiB.
2026-10-09T01:32:32Z INFO [260/750] 7bce23be-91f0-4a47-82bc-7ceae5c727e4: Sackin index -0.1349; 1.0 s; peak memory 1159 MiB.
2026-10-09T01:32:37Z INFO [261/750] 7bce4e20-b1a4-461d-84de-487f1be03f72: Sackin index -0.1657; 4.9 s; peak memory 1159 MiB.
2026-10-09T01:32:42Z INFO [262/750] 7bcfed24-2c72-4465-86d7-72dd820448cd: Sackin index -0.0411; 4.3 s; peak memory 1159 MiB.
2026-10-09T01:34:37Z INFO [263/750] 7bd03573-9327-4b7f-94da-7bdccd70f660: Sackin index -0.1076; 115.0 s; peak memory 1159 MiB.
2026-10-09T01:34:38Z INFO [264/750] 7bd06198-20e7-4617-a8f8-b18fb4c435e7: Sackin index -0.1408; 1.1 s; peak memory 1159 MiB.
2026-10-09T01:34:39Z INFO [265/750] 7bd0809c-ec68-4be5-8b46-1145ffa268d7: Sackin index -0.0728; 1.4 s; peak memory 1159 MiB.
2026-10-09T01:34:43Z INFO [266/750] 7bd0a95c-1f30-4a82-a71b-6ec28f7566ef: Sackin index -0.0328; 3.4 s; peak memory 1159 MiB.
2026-10-09T01:34:44Z INFO [267/750] 7bd16b89-0b42-4056-8962-1fbc82fb5e0b: Sackin index -0.0702; 1.4 s; peak memory 1159 MiB.
2026-10-09T01:34:45Z INFO [268/750] 7bd1e83f-3080-43ea-b72f-e7298ba5df67: Sackin index -0.0908; 1.3 s; peak memory 1159 MiB.
2026-10-09T01:34:47Z INFO [269/750] 7bd1fbac-c19c-4cbf-af0e-79fe1287d07e: Sackin index -0.0728; 1.6 s; peak memory 1159 MiB.
2026-10-09T01:34:49Z INFO [270/750] 7bd20082-5262-4252-ad11-652d8f77952f: Sackin index -0.0681; 2.0 s; peak memory 1159 MiB.
2026-10-09T01:34:51Z INFO [271/750] 7bd23d58-3f37-4c9b-9f6a-c68cddbe0535: Sackin index -0.0728; 1.6 s; peak memory 1159 MiB.
2026-10-09T01:34:52Z INFO [272/750] 7bd273d1-e95c-4db0-af14-65093f40332d: Sackin index -0.0702; 1.2 s; peak memory 1159 MiB.
2026-10-09T01:34:53Z INFO [273/750] 7bd2fd24-7ba7-4b38-ba43-9d2fbad24e16: Sackin index -0.0702; 1.3 s; peak memory 1159 MiB.
2026-10-09T01:34:55Z INFO [274/750] 7bd32839-e30b-4d10-a40b-5fd35da9f13b: Sackin index -0.0676; 2.4 s; peak memory 1159 MiB.
2026-10-09T01:34:56Z INFO [275/750] 7bd3601f-55df-4a59-8fee-33d46868f408: Sackin index -0.1272; 0.9 s; peak memory 1159 MiB.
2026-10-09T01:34:57Z INFO [276/750] 7bd3eeec-95e3-4433-8083-ce6ebdfd663d: Sackin index -0.1349; 1.1 s; peak memory 1159 MiB.
2026-10-09T01:34:58Z INFO [277/750] 7bd56992-9326-40df-91c2-949ee8b7af48: Sackin index -0.1319; 0.9 s; peak memory 1159 MiB.
2026-10-09T01:34:59Z INFO [278/750] 7bd60210-133e-43d4-a8bb-98edafd4e609: Sackin index -0.1349; 1.0 s; peak memory 1159 MiB.
2026-10-09T01:35:00Z INFO [279/750] 7bd60ec6-9f05-4b4c-a915-5dfcfaa4618c: Sackin index -0.1161; 0.9 s; peak memory 1159 MiB.
2026-10-09T01:35:02Z INFO [280/750] 7bd61d57-f1c8-42be-8d94-d8d27bf2ab5c: Sackin index -0.0728; 1.4 s; peak memory 1159 MiB.
2026-10-09T01:35:03Z INFO [281/750] 7bd821ff-a384-4f88-b279-34148334f92c: Sackin index -0.0376; 1.5 s; peak memory 1159 MiB.
2026-10-09T01:35:06Z INFO [282/750] 7bd897ae-5546-4c68-9c7d-2f7a0d4f5368: Sackin index -0.0539; 2.6 s; peak memory 1159 MiB.
2026-10-09T01:35:28Z INFO [283/750] 7bd8ab52-a555-4613-b4e3-7b4a1f55f480: Sackin index -0.1367; 21.8 s; peak memory 1159 MiB.
2026-10-09T01:35:29Z INFO [284/750] 7bd938ec-2ab3-4adf-9fc5-6892c7beabcd: Sackin index -0.0696; 1.1 s; peak memory 1159 MiB.
2026-10-09T01:35:35Z INFO [285/750] 7bd9736f-2eda-4eaf-986f-1ead0e46200f: Sackin index -0.0435; 6.1 s; peak memory 1159 MiB.
2026-10-09T01:35:36Z INFO [286/750] 7bd9c3ab-f7f2-446e-b1bd-6f30feae8927: Sackin index -0.2000; 0.8 s; peak memory 1159 MiB.
2026-10-09T01:35:37Z INFO [287/750] 7bda7c90-6ccb-4b57-81c9-b917592bec1e: Sackin index -0.1349; 1.0 s; peak memory 1159 MiB.
2026-10-09T01:35:38Z INFO [288/750] 7bdabec8-b5c7-489c-b3db-fa65701c2ba1: Sackin index -0.1349; 1.0 s; peak memory 1159 MiB.
2026-10-09T01:36:03Z INFO [289/750] 7bdadc51-eae6-424b-916f-21eb0e4c029f: Sackin index -0.0021; 25.2 s; peak memory 1159 MiB.
2026-10-09T01:36:04Z INFO [290/750] 7bdafcac-0c26-4998-b7ae-e49925baed08: Sackin index -0.0702; 1.3 s; peak memory 1159 MiB.
2026-10-09T01:36:06Z INFO [291/750] 7bdb7080-ae26-4099-bfa6-0b62ae4eaa74: Sackin index -0.0728; 1.6 s; peak memory 1159 MiB.
2026-10-09T01:36:07Z INFO [292/750] 7bdb9912-2104-48f2-810e-1eda04657ab0: Sackin index -0.0276; 1.6 s; peak memory 1159 MiB.
2026-10-09T01:36:08Z INFO [293/750] 7bdbb6a2-7443-4793-a3e6-fd813cf97ea0: Sackin index -0.1349; 1.0 s; peak memory 1159 MiB.
2026-10-09T01:36:09Z INFO [294/750] 7bdc64df-0adc-461d-add7-b57f47a83fa7: Sackin index -0.1398; 1.0 s; peak memory 1159 MiB.
2026-10-09T01:36:12Z INFO [295/750] 7bdcf5fd-4fe1-4fd4-a09a-24ec55c1dc01: Sackin index -0.0541; 2.3 s; peak memory 1159 MiB.
2026-10-09T01:36:13Z INFO [296/750] 7bdfbf48-5d6b-40a1-bf05-fe5f601a6a76: Sackin index -0.1938; 1.7 s; peak memory 1159 MiB.
2026-10-09T01:36:14Z INFO [297/750] 7be03572-d6f7-4604-899c-6a7ef4474f2e: Sackin index -0.1331; 0.8 s; peak memory 1159 MiB.
2026-10-09T01:36:20Z INFO [298/750] 7be07d0a-3620-4cb2-b349-8cd3436992d4: Sackin index -0.0251; 5.8 s; peak memory 1159 MiB.
2026-10-09T01:36:26Z INFO [299/750] 7be1b98b-6a23-4242-8dea-d4b519ecf9e5: Sackin index -0.0251; 6.3 s; peak memory 1159 MiB.
2026-10-09T01:36:28Z INFO [300/750] 7be2657d-c939-4188-815f-b8b923feae73: Sackin index -0.0709; 1.4 s; peak memory 1159 MiB.
2026-10-09T01:36:28Z INFO [300/750] 7be2657d-c939-4188-815f-b8b923feae73: checkpointed 106636 new records.
2026-10-09T01:36:29Z INFO [301/750] 7be28ce2-4e5d-4708-b671-69e4898f8f82: Sackin index -0.0778; 1.6 s; peak memory 1159 MiB.
2026-10-09T01:36:38Z INFO [302/750] 7be38b08-ce15-47be-979a-f5c875f78837: Sackin index -0.0166; 8.3 s; peak memory 1159 MiB.
2026-10-09T01:36:39Z INFO [303/750] 7be3fa97-bc29-40f3-8c1c-04675b58f925: Sackin index -0.1101; 1.0 s; peak memory 1159 MiB.
2026-10-09T01:36:42Z INFO [304/750] 7be61a1b-bf64-439d-b4ed-44ff3d2af891: Sackin index -0.0869; 3.3 s; peak memory 1159 MiB.
2026-10-09T01:36:44Z INFO [305/750] 7be802c6-edc3-4594-b351-dd717ff97699: Sackin index -0.0728; 1.5 s; peak memory 1159 MiB.
2026-10-09T01:36:55Z INFO [306/750] 7be9cd52-474d-40fc-86f0-8594f43a0164: Sackin index -0.0097; 11.4 s; peak memory 1159 MiB.
2026-10-09T01:36:58Z INFO [307/750] 7be9d931-e6ea-4a1a-ace1-c1208349ae36: Sackin index -0.0660; 3.3 s; peak memory 1159 MiB.
2026-10-09T01:37:05Z INFO [308/750] 7beae6f3-6e5a-4bdd-8f54-06576a7cdaf5: Sackin index -0.1362; 6.8 s; peak memory 1159 MiB.
2026-10-09T01:37:06Z INFO [309/750] 7beb10fe-b73f-406c-915e-e0b82ce0db60: Sackin index -0.1331; 0.9 s; peak memory 1159 MiB.
2026-10-09T01:37:07Z INFO [310/750] 7beba295-bd91-49c5-8010-da03b9ad4632: Sackin index -0.1938; 1.0 s; peak memory 1159 MiB.
2026-10-09T01:37:08Z INFO [311/750] 7bec726b-c55e-4ec0-8cd4-fd6cdc059bd0: Sackin index -0.0376; 1.5 s; peak memory 1159 MiB.
2026-10-09T01:37:11Z INFO [312/750] 7bec767f-dc0e-417e-9de5-fc7f62157bf6: Sackin index -0.0704; 2.5 s; peak memory 1159 MiB.
2026-10-09T01:37:13Z INFO [313/750] 7bec91a8-b0f6-443f-b4cd-7a623fbe0030: Sackin index -0.0818; 2.0 s; peak memory 1159 MiB.
2026-10-09T01:37:14Z INFO [314/750] 7bee3050-ac66-4e90-a2ff-3069616f0459: Sackin index -0.1178; 0.8 s; peak memory 1159 MiB.
2026-10-09T01:37:15Z INFO [315/750] 7bf003df-7bb5-4545-a860-eacf0ac37844: Sackin index -0.0379; 1.4 s; peak memory 1159 MiB.
2026-10-09T01:37:16Z INFO [316/750] 7bf05c9b-860d-4c51-8b41-daa157d23396: Sackin index -0.0745; 1.2 s; peak memory 1159 MiB.
2026-10-09T01:37:17Z INFO [317/750] 7bf1e651-178f-4c97-8cca-f03d7f07716d: Sackin index -0.1178; 0.8 s; peak memory 1159 MiB.
2026-10-09T01:37:18Z INFO [318/750] 7bf26dec-468d-468a-bfce-d140289a0721: Sackin index -0.1448; 0.7 s; peak memory 1159 MiB.
2026-10-09T01:37:22Z INFO [319/750] 7bf41c7c-369f-4cb0-b79d-ffb4a8f13402: Sackin index -0.0403; 4.6 s; peak memory 1159 MiB.
2026-10-09T01:37:24Z INFO [320/750] 7bf5609b-e89b-44e0-8ca6-2cc2654b2411: Sackin index -0.0728; 1.2 s; peak memory 1159 MiB.
2026-10-09T01:37:25Z INFO [321/750] 7bf5b04c-fba2-4968-9cc5-bc09df6cc85d: Sackin index -0.0728; 1.0 s; peak memory 1159 MiB.
2026-10-09T01:37:25Z INFO [322/750] 7bf6023c-ea32-44c9-b6be-e9b21542e6a6: Sackin index -0.1135; 0.8 s; peak memory 1159 MiB.
2026-10-09T01:37:27Z INFO [323/750] 7bf7239f-dab5-4b69-9fe6-2765e5dc7876: Sackin index -0.0369; 1.8 s; peak memory 1159 MiB.
2026-10-09T01:37:29Z INFO [324/750] 7bf74837-828a-41e4-9996-2eca03627056: Sackin index -0.0379; 1.4 s; peak memory 1159 MiB.
2026-10-09T01:37:30Z INFO [325/750] 7bf74f10-ecc4-4874-9c0b-41f9759035c5: Sackin index -0.1429; 1.1 s; peak memory 1159 MiB.
2026-10-09T01:37:31Z INFO [326/750] 7bfa532e-4b27-4cdd-a712-c3e2aa08b472: Sackin index -0.0896; 1.1 s; peak memory 1159 MiB.
2026-10-09T01:37:35Z INFO [327/750] 7bfb9a6d-828f-44e0-bd50-a66dfe504213: Sackin index -0.0259; 4.4 s; peak memory 1159 MiB.
2026-10-09T01:37:37Z INFO [328/750] 7bfbc5bf-6084-40df-b59e-c61e423a9412: Sackin index -0.0728; 1.4 s; peak memory 1159 MiB.
2026-10-09T01:37:38Z INFO [329/750] 7bfcf4ea-8fb5-4fb3-b811-805a3681bd00: Sackin index -0.1349; 1.1 s; peak memory 1159 MiB.
2026-10-09T01:38:27Z INFO [330/750] 7bfd4d61-e62c-406b-b9b4-9f1a2227b3c6: Sackin index -0.0722; 48.9 s; peak memory 1159 MiB.
2026-10-09T01:38:41Z INFO [331/750] 7bfec9c1-f509-4005-8ed5-4093758b21b2: Sackin index -0.0172; 14.9 s; peak memory 1159 MiB.
2026-10-09T01:39:20Z INFO [332/750] 7bff91af-e8c0-44f6-9173-695b98abb59e: Sackin index -0.1144; 39.1 s; peak memory 1159 MiB.
2026-10-09T01:39:24Z INFO [333/750] 7c00201c-b8d1-44e4-907d-b25b808234df: Sackin index -0.0456; 3.4 s; peak memory 1159 MiB.
2026-10-09T01:39:26Z INFO [334/750] 7c00e0dd-e73f-4d05-8528-9479d65326b0: Sackin index -0.0693; 2.4 s; peak memory 1159 MiB.
2026-10-09T01:39:27Z INFO [335/750] 7c0129d5-6a1d-4125-8b55-e1c39e09fa25: Sackin index -0.1191; 1.2 s; peak memory 1159 MiB.
2026-10-09T01:39:38Z INFO [336/750] 7c026a4b-c944-4b4f-9251-0ee17a78a79b: Sackin index -0.0153; 10.3 s; peak memory 1159 MiB.
2026-10-09T01:39:39Z INFO [337/750] 7c02dcf6-e65b-4265-b397-62ed5500146c: Sackin index -0.0696; 1.2 s; peak memory 1159 MiB.
2026-10-09T01:39:40Z INFO [338/750] 7c03317c-7349-410c-b59a-9960eea40ee7: Sackin index -0.1349; 0.9 s; peak memory 1159 MiB.
2026-10-09T01:39:45Z INFO [339/750] 7c0612ac-005a-4fef-9370-cc1f8107833a: Sackin index -0.0440; 5.5 s; peak memory 1159 MiB.
2026-10-09T01:39:47Z INFO [340/750] 7c062d42-d69e-44a7-b894-8b081fbebd5d: Sackin index -0.0696; 1.3 s; peak memory 1159 MiB.
2026-10-09T01:39:49Z INFO [341/750] 7c07a8b2-7761-4aa3-8ce3-902052d791b2: Sackin index -0.0676; 2.1 s; peak memory 1159 MiB.
2026-10-09T01:39:50Z INFO [342/750] 7c07b5f0-16e4-4402-87fd-5396a01b4418: Sackin index -0.1349; 1.0 s; peak memory 1159 MiB.
2026-10-09T01:39:51Z INFO [343/750] 7c084650-2aa2-4bfe-81f0-8dac3a84a7bf: Sackin index -0.0702; 1.2 s; peak memory 1159 MiB.
2026-10-09T01:39:52Z INFO [344/750] 7c088476-9294-4ee7-a8f9-d21edb20d393: Sackin index -0.1461; 0.9 s; peak memory 1159 MiB.
2026-10-09T01:39:53Z INFO [345/750] 7c08e504-19dd-4046-82b2-38830dff3206: Sackin index -0.0728; 1.3 s; peak memory 1159 MiB.
2026-10-09T01:39:55Z INFO [346/750] 7c090ac6-03bb-4b3a-9a4b-26eaba987794: Sackin index -0.0842; 2.2 s; peak memory 1159 MiB.
2026-10-09T01:39:56Z INFO [347/750] 7c09d388-1c73-4638-a6e6-b45462e07428: Sackin index -0.0386; 1.1 s; peak memory 1159 MiB.
2026-10-09T01:39:58Z INFO [348/750] 7c09e1b9-742c-4075-95da-1c8b60298d0a: Sackin index -0.0369; 1.9 s; peak memory 1159 MiB.
2026-10-09T01:40:00Z INFO [349/750] 7c0a0a18-47e3-404e-a71d-9d16552440ad: Sackin index -0.0696; 1.3 s; peak memory 1159 MiB.
2026-10-09T01:40:02Z INFO [350/750] 7c0a9729-2d0a-4b64-aecf-03f3b738215d: Sackin index -0.0718; 2.7 s; peak memory 1159 MiB.
2026-10-09T01:40:03Z INFO [350/750] 7c0a9729-2d0a-4b64-aecf-03f3b738215d: checkpointed 106686 new records.
2026-10-09T01:40:06Z INFO [351/750] 7c0acf55-86b3-404b-b9da-caef8765e864: Sackin index -0.0339; 3.8 s; peak memory 1159 MiB.
2026-10-09T01:40:08Z INFO [352/750] 7c0b80d0-7882-42e0-8635-46bd17539fcd: Sackin index -0.1026; 1.8 s; peak memory 1159 MiB.
2026-10-09T01:40:09Z INFO [353/750] 7c0d4d33-871a-4036-8ece-ae4d5f94bfc9: Sackin index -0.1267; 0.9 s; peak memory 1159 MiB.
2026-10-09T01:40:11Z INFO [354/750] 7c0d79fd-4e58-42d1-9420-8cb04dd5171c: Sackin index -0.0275; 1.9 s; peak memory 1159 MiB.
2026-10-09T01:40:12Z INFO [355/750] 7c0d8c5e-a1ad-4612-b5ec-abb8e23e6552: Sackin index -0.0696; 1.2 s; peak memory 1159 MiB.
2026-10-09T01:40:14Z INFO [356/750] 7c0daa81-2815-495a-a98c-73599cf3fe57: Sackin index -0.1291; 1.6 s; peak memory 1159 MiB.
2026-10-09T01:40:15Z INFO [357/750] 7c0dc1f6-1668-475f-823f-90502c691c8c: Sackin index -0.0684; 0.9 s; peak memory 1159 MiB.
2026-10-09T01:40:16Z INFO [358/750] 7c0dd340-db89-45ba-84ab-e1464b7ad59f: Sackin index -0.1272; 0.9 s; peak memory 1159 MiB.
2026-10-09T01:40:18Z INFO [359/750] 7c0e1ce8-31e8-4e20-a47a-baf62f453fb3: Sackin index -0.0797; 2.8 s; peak memory 1159 MiB.
2026-10-09T01:40:51Z INFO [360/750] 7c0e42bc-025f-45e1-b603-d17ed5b3fd0a: Sackin index -0.2073; 33.0 s; peak memory 1159 MiB.
2026-10-09T01:40:53Z INFO [361/750] 7c0fbe69-d6c8-4b35-8f93-a9597d6878e5: Sackin index -0.1273; 1.6 s; peak memory 1159 MiB.
2026-10-09T01:40:54Z INFO [362/750] 7c10073a-1bb8-4939-8c60-b5ae056bcad8: Sackin index -0.0696; 1.2 s; peak memory 1159 MiB.
2026-10-09T01:40:59Z INFO [363/750] 7c108aac-1d9f-4ec4-be15-4ae60de22c6d: Sackin index -0.0383; 5.1 s; peak memory 1159 MiB.
2026-10-09T01:41:02Z INFO [364/750] 7c111cd2-4fce-4c02-a154-86bdbe4432a5: Sackin index -0.0660; 2.8 s; peak memory 1159 MiB.
2026-10-09T01:41:03Z INFO [365/750] 7c1133a5-a640-4c8e-b8d6-57ff6ddbe348: Sackin index -0.0702; 1.1 s; peak memory 1159 MiB.
2026-10-09T01:41:06Z INFO [366/750] 7c11eb86-015f-4983-adc1-d98f8926156a: Sackin index -0.0350; 2.4 s; peak memory 1159 MiB.
2026-10-09T01:41:07Z INFO [367/750] 7c1264aa-31a6-45c3-9f57-46737de06c4a: Sackin index -0.0696; 1.1 s; peak memory 1159 MiB.
2026-10-09T01:41:08Z INFO [368/750] 7c12d87b-585c-47ca-8b47-8902e0e56ebc: Sackin index -0.0379; 1.5 s; peak memory 1159 MiB.
2026-10-09T01:41:09Z INFO [369/750] 7c1307d5-2972-469f-b369-fc805bef7cd2: Sackin index -0.1349; 1.1 s; peak memory 1159 MiB.
2026-10-09T01:41:10Z INFO [370/750] 7c13c9bd-58e2-46eb-883b-bccee1d282e4: Sackin index -0.1349; 1.0 s; peak memory 1159 MiB.
2026-10-09T01:41:12Z INFO [371/750] 7c1412d6-d7a2-4520-a32c-19ea11df1987: Sackin index -0.1183; 1.8 s; peak memory 1159 MiB.
2026-10-09T01:41:19Z INFO [372/750] 7c14b08c-4705-4955-abda-fa8645db2207: Sackin index -0.1147; 7.0 s; peak memory 1159 MiB.
2026-10-09T01:41:20Z INFO [373/750] 7c160be1-d51c-4b90-adf0-d1166e08d9f1: Sackin index -0.1349; 1.0 s; peak memory 1159 MiB.
2026-10-09T01:41:31Z INFO [374/750] 7c163a48-5665-4395-bffd-e2aab7819fb8: Sackin index -0.1330; 11.4 s; peak memory 1159 MiB.
2026-10-09T01:41:33Z INFO [375/750] 7c17581d-4803-4d2a-8ff7-25e9c07a8d23: Sackin index -0.0676; 2.0 s; peak memory 1159 MiB.
2026-10-09T01:41:35Z INFO [376/750] 7c176e11-7627-42fc-8317-4eb0c2b1dc3f: Sackin index -0.0728; 1.6 s; peak memory 1159 MiB.
2026-10-09T01:41:36Z INFO [377/750] 7c17bf73-1bdb-4513-9c02-2a6136dc1e8e: Sackin index -0.0702; 1.3 s; peak memory 1159 MiB.
2026-10-09T01:41:38Z INFO [378/750] 7c180d64-f99c-4ad1-8904-6d32616e16b8: Sackin index -0.0728; 1.5 s; peak memory 1159 MiB.
2026-10-09T01:41:39Z INFO [379/750] 7c184237-310c-435a-8302-42f74cd6c028: Sackin index -0.1349; 1.0 s; peak memory 1159 MiB.
2026-10-09T01:41:45Z INFO [380/750] 7c187a93-fb54-4b83-b87d-428c37c333d5: Sackin index -0.0403; 6.3 s; peak memory 1159 MiB.
2026-10-09T01:41:46Z INFO [381/750] 7c1922d1-d9fb-4534-ab97-efc2983d0156: Sackin index -0.0702; 1.3 s; peak memory 1159 MiB.
2026-10-09T01:41:50Z INFO [382/750] 7c193302-17a0-4c1b-bc96-50b618f7ba5b: Sackin index -0.0507; 3.4 s; peak memory 1159 MiB.
2026-10-09T01:41:51Z INFO [383/750] 7c1987f1-9f0d-431d-bb57-01cf30b488a1: Sackin index -0.1349; 1.0 s; peak memory 1159 MiB.
2026-10-09T01:41:52Z INFO [384/750] 7c198aed-2994-4310-8ce7-b4f2664078cd: Sackin index -0.1349; 1.0 s; peak memory 1159 MiB.
2026-10-09T01:41:53Z INFO [385/750] 7c1a38b7-f28d-43cd-9811-049c24983236: Sackin index -0.1658; 0.8 s; peak memory 1159 MiB.
2026-10-09T01:41:54Z INFO [386/750] 7c1a942b-ce9a-42aa-98c5-00d02e51006f: Sackin index -0.0656; 1.1 s; peak memory 1159 MiB.
2026-10-09T01:41:55Z INFO [387/750] 7c1bfb11-1ba3-4e9a-be40-ae602594e29f: Sackin index -0.0709; 1.3 s; peak memory 1159 MiB.
2026-10-09T01:41:56Z INFO [388/750] 7c1c76f1-92f3-408a-8db3-6ea7732ab102: Sackin index -0.0886; 1.4 s; peak memory 1159 MiB.
2026-10-09T01:41:58Z INFO [389/750] 7c1ce603-f16d-43ee-930d-0342acd6e8b8: Sackin index -0.0745; 1.7 s; peak memory 1159 MiB.
2026-10-09T01:42:00Z INFO [390/750] 7c1d2c95-56d7-4584-98ae-d7f383ddc62f: Sackin index -0.0745; 1.4 s; peak memory 1159 MiB.
2026-10-09T01:42:01Z INFO [391/750] 7c1d3ea3-32f2-428a-ba19-0313b68a0545: Sackin index -0.0944; 1.9 s; peak memory 1159 MiB.
2026-10-09T01:42:02Z INFO [392/750] 7c1dccf4-db8a-4788-8960-303f825c93cf: Sackin index -0.1349; 0.9 s; peak memory 1159 MiB.
2026-10-09T01:42:03Z INFO [393/750] 7c1f1ab2-eaa4-4a4b-9b87-e6c17ae7a322: Sackin index -0.1178; 0.8 s; peak memory 1159 MiB.
2026-10-09T01:42:04Z INFO [394/750] 7c209761-8753-479c-8bf9-d205fa762a6a: Sackin index -0.1349; 1.0 s; peak memory 1159 MiB.
2026-10-09T01:42:06Z INFO [395/750] 7c2098da-3a31-4175-8251-15f4460d4b48: Sackin index -0.0369; 1.7 s; peak memory 1159 MiB.
2026-10-09T01:42:07Z INFO [396/750] 7c20c0b6-63db-4e41-b4be-7cf53bf297ad: Sackin index -0.1658; 0.8 s; peak memory 1159 MiB.
2026-10-09T01:42:14Z INFO [397/750] 7c2238f8-b429-4fdf-ba61-238244a11cc2: Sackin index -0.1495; 7.2 s; peak memory 1159 MiB.
2026-10-09T01:42:27Z INFO [398/750] 7c224dcd-aa13-4330-b9ee-23cbc6ae5608: Sackin index -0.1892; 13.0 s; peak memory 1159 MiB.
2026-10-09T01:42:29Z INFO [399/750] 7c224e72-bba1-409c-b9f2-359252214240: Sackin index -0.1356; 1.6 s; peak memory 1159 MiB.
2026-10-09T01:42:30Z INFO [400/750] 7c22d51b-f32b-488c-937b-c0317fddb169: Sackin index -0.0371; 1.3 s; peak memory 1159 MiB.
2026-10-09T01:42:30Z INFO [400/750] 7c22d51b-f32b-488c-937b-c0317fddb169: checkpointed 106736 new records.
2026-10-09T01:43:24Z INFO [401/750] 7c239fbb-9c2b-4cd7-b5a4-94bb31cecfd3: Sackin index -0.0725; 54.1 s; peak memory 1159 MiB.
2026-10-09T01:43:25Z INFO [402/750] 7c2401fa-b328-4e24-a2c5-cd134f2decd4: Sackin index -0.0702; 1.1 s; peak memory 1159 MiB.
2026-10-09T01:43:26Z INFO [403/750] 7c24fe68-9ff7-4bae-9f9a-bcf2cfa204b1: Sackin index -0.0702; 1.2 s; peak memory 1159 MiB.
2026-10-09T01:43:31Z INFO [404/750] 7c25b64e-bfd0-44bd-bc8d-a879fa76861d: Sackin index -0.0611; 4.6 s; peak memory 1159 MiB.
2026-10-09T01:43:32Z INFO [405/750] 7c282218-ab49-4cdb-be9e-6d2022818999: Sackin index -0.0722; 1.5 s; peak memory 1159 MiB.
2026-10-09T01:43:34Z INFO [406/750] 7c28b549-fc07-4b6e-bfd0-1e247b0fba3b: Sackin index -0.0702; 1.1 s; peak memory 1159 MiB.
2026-10-09T01:43:35Z INFO [407/750] 7c297756-c482-4021-8c0f-e61d72eb51c6: Sackin index -0.0702; 1.2 s; peak memory 1159 MiB.
2026-10-09T01:43:36Z INFO [408/750] 7c29817c-8980-440f-a310-9ae0b156a2ff: Sackin index -0.1658; 0.7 s; peak memory 1159 MiB.
2026-10-09T01:43:37Z INFO [409/750] 7c29aafc-af96-4183-bc68-41ae16884f15: Sackin index -0.1349; 1.0 s; peak memory 1159 MiB.
2026-10-09T01:43:38Z INFO [410/750] 7c2a8081-e75b-4962-929e-09affd08c263: Sackin index -0.0375; 1.5 s; peak memory 1159 MiB.
2026-10-09T01:43:41Z INFO [411/750] 7c2a8e14-c7c5-402f-82ca-d420a3e808b4: Sackin index -0.0660; 2.8 s; peak memory 1159 MiB.
2026-10-09T01:43:42Z INFO [412/750] 7c2b2f19-f99e-4e3a-a518-a13597b08012: Sackin index -0.0702; 1.2 s; peak memory 1159 MiB.
2026-10-09T01:43:43Z INFO [413/750] 7c2c973b-3030-4a6a-9b7d-bba933979d54: Sackin index -0.1349; 1.1 s; peak memory 1159 MiB.
2026-10-09T01:43:46Z INFO [414/750] 7c2d73fc-6a17-46b7-a1fb-1fedf2186797: Sackin index -0.1761; 2.8 s; peak memory 1159 MiB.
2026-10-09T01:43:47Z INFO [415/750] 7c2f8add-137b-4f3b-a9c9-a44dd224bb81: Sackin index -0.0728; 1.4 s; peak memory 1159 MiB.
2026-10-09T01:43:49Z INFO [416/750] 7c3048b0-43ee-4797-8ff3-38f5136609b3: Sackin index -0.0728; 1.2 s; peak memory 1159 MiB.
2026-10-09T01:43:50Z INFO [417/750] 7c319d97-7129-4077-b7bd-aeef1f6dc42e: Sackin index -0.0376; 1.5 s; peak memory 1159 MiB.
2026-10-09T01:43:51Z INFO [418/750] 7c31eb8a-4c2a-4e8d-b613-8b06df5f392f: Sackin index -0.1658; 0.7 s; peak memory 1159 MiB.
2026-10-09T01:43:52Z INFO [419/750] 7c32888f-1095-4278-8848-e39c52997815: Sackin index -0.0696; 1.1 s; peak memory 1159 MiB.
2026-10-09T01:43:58Z INFO [420/750] 7c340e21-ac95-49a4-98e2-7b3ebdb5871a: Sackin index -0.0403; 5.6 s; peak memory 1159 MiB.
2026-10-09T01:43:59Z INFO [421/750] 7c3433d2-0364-40ca-9734-67065409a7f8: Sackin index -0.0702; 1.3 s; peak memory 1159 MiB.
2026-10-09T01:44:00Z INFO [422/750] 7c34400b-bc4e-420a-9aad-1f43747fdfeb: Sackin index -0.0696; 1.2 s; peak memory 1159 MiB.
2026-10-09T01:44:01Z INFO [423/750] 7c34452a-2191-424b-b664-f7ee88f666d9: Sackin index -0.0656; 1.1 s; peak memory 1159 MiB.
2026-10-09T01:44:02Z INFO [424/750] 7c348430-41ad-493a-a9d9-51259d0442e1: Sackin index -0.1248; 1.1 s; peak memory 1159 MiB.
2026-10-09T01:44:03Z INFO [425/750] 7c349d58-36d6-4d9e-8f7e-d2626e9ffb42: Sackin index -0.1349; 1.1 s; peak memory 1159 MiB.
2026-10-09T01:44:04Z INFO [426/750] 7c3500b2-3c92-4d53-8be1-ce264b927680: Sackin index -0.1349; 1.0 s; peak memory 1159 MiB.
2026-10-09T01:44:05Z INFO [427/750] 7c353b4d-a70d-4172-b549-7fc481c5ee98: Sackin index -0.1000; 1.2 s; peak memory 1159 MiB.
2026-10-09T01:44:07Z INFO [428/750] 7c35ec40-35ba-4306-a2f6-511e737995ab: Sackin index -0.0728; 1.3 s; peak memory 1159 MiB.
2026-10-09T01:44:08Z INFO [429/750] 7c3623fa-05a8-45a4-b1ef-9182ef7802d2: Sackin index -0.0728; 1.5 s; peak memory 1159 MiB.
2026-10-09T01:44:09Z INFO [430/750] 7c366e55-814a-49c3-80e0-2e5e8097030f: Sackin index -0.1658; 0.7 s; peak memory 1159 MiB.
2026-10-09T01:44:10Z INFO [431/750] 7c378b98-9b31-4d04-9876-0b6a1aa2ded0: Sackin index -0.1349; 0.9 s; peak memory 1159 MiB.
2026-10-09T01:44:11Z INFO [432/750] 7c3844ff-f6b2-47a5-9190-dffda3c640dc: Sackin index -0.1248; 1.1 s; peak memory 1159 MiB.
2026-10-09T01:44:12Z INFO [433/750] 7c38b2da-9b44-45c4-9286-7f55596b6d9b: Sackin index -0.0702; 1.1 s; peak memory 1159 MiB.
2026-10-09T01:44:55Z INFO [434/750] 7c394c85-acff-4114-9520-d01e539e3f57: Sackin index -0.0972; 42.9 s; peak memory 1159 MiB.
2026-10-09T01:44:56Z INFO [435/750] 7c3954eb-e3ee-4500-ae22-8a20096b9cf7: Sackin index -0.0728; 1.5 s; peak memory 1159 MiB.
2026-10-09T01:44:57Z INFO [436/750] 7c39af2a-3d0c-461c-850e-a3c723325b3c: Sackin index -0.1135; 0.8 s; peak memory 1159 MiB.
2026-10-09T01:45:02Z INFO [437/750] 7c3a5932-643b-4059-aa9d-0fdd4153ff2e: Sackin index -0.0581; 4.6 s; peak memory 1159 MiB.
2026-10-09T01:45:03Z INFO [438/750] 7c3b2466-3b46-47b5-8365-8ef651b913fc: Sackin index -0.1283; 1.6 s; peak memory 1159 MiB.
2026-10-09T01:45:04Z INFO [439/750] 7c3b8112-b9a2-48c1-8a0c-ddb8d5e3cab8: Sackin index -0.1267; 0.9 s; peak memory 1159 MiB.
2026-10-09T01:45:05Z INFO [440/750] 7c3c0319-102f-4e38-852e-ef620fd876f2: Sackin index -0.0702; 1.0 s; peak memory 1159 MiB.
2026-10-09T01:45:07Z INFO [441/750] 7c3c106a-6097-48e8-92bd-be7f2ecdb2c8: Sackin index -0.1142; 1.9 s; peak memory 1159 MiB.
2026-10-09T01:45:08Z INFO [442/750] 7c3c39b7-68c6-45ba-80dc-f8abfb11f8f3: Sackin index -0.0881; 1.1 s; peak memory 1159 MiB.
2026-10-09T01:45:36Z INFO [443/750] 7c3c91a3-d8cd-402e-a3e6-cb40281d52da: Sackin index -0.2073; 27.3 s; peak memory 1159 MiB.
2026-10-09T01:45:37Z INFO [444/750] 7c3cde90-eac5-43ec-b277-ca17e2550b00: Sackin index -0.1349; 1.2 s; peak memory 1159 MiB.
2026-10-09T01:45:38Z INFO [445/750] 7c3d4954-9ee7-45a7-bba2-6403602198cc: Sackin index -0.0702; 1.2 s; peak memory 1159 MiB.
2026-10-09T01:45:39Z INFO [446/750] 7c3e24f1-a3d1-4d0a-a9b2-04f8e9850d96: Sackin index -0.1161; 0.9 s; peak memory 1159 MiB.
2026-10-09T01:45:40Z INFO [447/750] 7c3e25ba-93ad-4b40-ab5d-3e81b06c7661: Sackin index -0.1349; 1.0 s; peak memory 1159 MiB.
2026-10-09T01:45:41Z INFO [448/750] 7c3e56d3-6c79-4e90-8cfe-deb3cf0fb7e5: Sackin index -0.0728; 1.4 s; peak memory 1159 MiB.
2026-10-09T01:45:43Z INFO [449/750] 7c3e7115-342e-47d8-a362-ea7cbe3c46eb: Sackin index -0.0944; 1.5 s; peak memory 1159 MiB.
2026-10-09T01:45:44Z INFO [450/750] 7c3e9892-3406-433a-8aca-8af8b8f50bfc: Sackin index -0.0728; 1.3 s; peak memory 1159 MiB.
2026-10-09T01:45:44Z INFO [450/750] 7c3e9892-3406-433a-8aca-8af8b8f50bfc: checkpointed 106786 new records.
2026-10-09T01:45:45Z INFO [451/750] 7c3f6869-09f6-45b4-8210-7c8cab00c95b: Sackin index -0.1349; 1.0 s; peak memory 1159 MiB.
2026-10-09T01:45:46Z INFO [452/750] 7c41f606-fde2-4e1a-84aa-0871c3337db3: Sackin index -0.1248; 1.1 s; peak memory 1159 MiB.
2026-10-09T01:45:48Z INFO [453/750] 7c4243c6-6d7e-4eed-8f8e-0cdae6e713bf: Sackin index -0.0728; 1.4 s; peak memory 1159 MiB.
2026-10-09T01:45:49Z INFO [454/750] 7c434937-698e-4959-965f-af38fa1008a3: Sackin index -0.2110; 0.9 s; peak memory 1159 MiB.
2026-10-09T01:46:00Z INFO [455/750] 7c438dad-aae3-48ad-b70a-d6dd2df997e4: Sackin index -0.0262; 11.0 s; peak memory 1159 MiB.
2026-10-09T01:46:01Z INFO [456/750] 7c44e4ee-1312-4fc3-bb8b-cc9224558d2b: Sackin index -0.1349; 1.1 s; peak memory 1159 MiB.
2026-10-09T01:46:02Z INFO [457/750] 7c456b9f-80b6-40b9-940e-64e23bbd652b: Sackin index -0.1288; 1.0 s; peak memory 1159 MiB.
2026-10-09T01:46:04Z INFO [458/750] 7c458bbe-a3f6-4566-88e4-9d7a9163de75: Sackin index -0.0704; 2.3 s; peak memory 1159 MiB.
2026-10-09T01:46:06Z INFO [459/750] 7c45e9fc-059d-47d2-b5af-8141c1fd2689: Sackin index -0.0275; 1.7 s; peak memory 1159 MiB.
2026-10-09T01:46:09Z INFO [460/750] 7c46728e-67c8-4743-8912-e797f4a5e526: Sackin index -0.0649; 2.8 s; peak memory 1159 MiB.
2026-10-09T01:46:10Z INFO [461/750] 7c46c34b-72c0-45c8-8adf-0cb72088d14d: Sackin index -0.1160; 1.8 s; peak memory 1159 MiB.
2026-10-09T01:46:23Z INFO [462/750] 7c488388-bcd5-4b8c-8f43-e204bb67630e: Sackin index -0.0160; 12.5 s; peak memory 1159 MiB.
2026-10-09T01:46:24Z INFO [463/750] 7c494cd0-91f4-4bff-a9e0-c605eeaf923f: Sackin index -0.1349; 1.0 s; peak memory 1159 MiB.
2026-10-09T01:46:26Z INFO [464/750] 7c499acd-65cc-4507-be2a-d947218db2b9: Sackin index -0.0774; 2.3 s; peak memory 1159 MiB.
2026-10-09T01:46:27Z INFO [465/750] 7c4a1278-251e-4712-be44-9a2d4abc9f41: Sackin index -0.0709; 1.2 s; peak memory 1159 MiB.
2026-10-09T01:46:32Z INFO [466/750] 7c4a1b7a-b3b8-4e26-9040-5ae4b3af9c50: Sackin index -0.0763; 4.7 s; peak memory 1159 MiB.
2026-10-09T01:46:33Z INFO [467/750] 7c4b10a4-2bfd-4ffb-8ea9-a02db3003185: Sackin index -0.1658; 0.8 s; peak memory 1159 MiB.
2026-10-09T01:46:34Z INFO [468/750] 7c4b1a1f-5dcb-410a-a7ff-c90e84a051e3: Sackin index -0.1349; 1.0 s; peak memory 1159 MiB.
2026-10-09T01:46:35Z INFO [469/750] 7c4b1e09-ab5d-4197-9d52-1ce41118c151: Sackin index -0.1248; 1.1 s; peak memory 1159 MiB.
2026-10-09T01:47:02Z INFO [470/750] 7c4b6cc6-3edb-4faf-b374-695ce305d1fc: Sackin index -0.1078; 27.3 s; peak memory 1159 MiB.
2026-10-09T01:47:03Z INFO [471/750] 7c4bac1a-834e-437a-acfd-e0f27eabdfd8: Sackin index -0.0709; 1.3 s; peak memory 1159 MiB.
2026-10-09T01:47:18Z INFO [472/750] 7c4c0533-b8c3-4fec-90d0-6336bbb26d6b: Sackin index -0.0389; 14.4 s; peak memory 1159 MiB.
2026-10-09T01:47:20Z INFO [473/750] 7c4c221c-7e0d-4e64-8976-8d826ea17a6e: Sackin index -0.1938; 2.0 s; peak memory 1159 MiB.
2026-10-09T01:47:21Z INFO [474/750] 7c4d0580-d7f6-4df0-818a-4eadabf4949b: Sackin index -0.0702; 1.2 s; peak memory 1159 MiB.
2026-10-09T01:47:22Z INFO [475/750] 7c4d491a-e67d-43b8-b3e6-85878bd1d077: Sackin index -0.0881; 1.4 s; peak memory 1159 MiB.
2026-10-09T01:47:24Z INFO [476/750] 7c4d4dba-0d01-4bed-9e5f-2412de21afa3: Sackin index -0.0702; 1.1 s; peak memory 1159 MiB.
2026-10-09T01:47:33Z INFO [477/750] 7c4d5f52-b1ce-4ace-a558-53519952fabb: Sackin index -0.0288; 9.5 s; peak memory 1159 MiB.
2026-10-09T01:47:34Z INFO [478/750] 7c4d74f7-6d28-47cf-a549-17699f5b2b93: Sackin index -0.1408; 1.2 s; peak memory 1159 MiB.
2026-10-09T01:47:35Z INFO [479/750] 7c4e9a46-c9e7-4997-977e-c85e52d258be: Sackin index -0.1349; 1.0 s; peak memory 1159 MiB.
2026-10-09T01:48:19Z INFO [480/750] 7c4f20d2-e444-4d94-a2aa-d231e3d84c39: Sackin index -0.1076; 43.8 s; peak memory 1159 MiB.
2026-10-09T01:48:20Z INFO [481/750] 7c502d6c-954e-492d-b540-2f3c2af97267: Sackin index -0.1349; 1.1 s; peak memory 1159 MiB.
2026-10-09T01:48:21Z INFO [482/750] 7c506def-54bf-4dce-80fa-537647c14d50: Sackin index -0.1349; 1.0 s; peak memory 1159 MiB.
2026-10-09T01:48:22Z INFO [483/750] 7c519d18-e86a-4a7a-a2e8-1d08aaa1a8d9: Sackin index -0.1161; 0.8 s; peak memory 1159 MiB.
2026-10-09T01:48:24Z INFO [484/750] 7c521f1e-e6a0-4103-8919-0ce3d0f4e0ea: Sackin index -0.0728; 1.6 s; peak memory 1159 MiB.
2026-10-09T01:48:25Z INFO [485/750] 7c526a5e-8a04-461c-8489-baa58c9110cc: Sackin index -0.0365; 1.8 s; peak memory 1159 MiB.
2026-10-09T01:48:27Z INFO [486/750] 7c53fd3e-968a-4c1d-b319-c335e20b00df: Sackin index -0.0728; 1.5 s; peak memory 1159 MiB.
2026-10-09T01:48:28Z INFO [487/750] 7c5435e4-8900-45a0-acc1-c8c7d5214005: Sackin index -0.1349; 0.9 s; peak memory 1159 MiB.
2026-10-09T01:48:29Z INFO [488/750] 7c543f6d-fbb8-46c5-91e4-626817badb92: Sackin index -0.0696; 1.4 s; peak memory 1159 MiB.
2026-10-09T01:48:30Z INFO [489/750] 7c544de1-9d69-482c-8595-742e8db6fe02: Sackin index -0.1349; 0.9 s; peak memory 1159 MiB.
2026-10-09T01:48:31Z INFO [490/750] 7c54cfb7-9b42-4336-91a0-30062d08444e: Sackin index -0.0702; 1.3 s; peak memory 1159 MiB.
2026-10-09T01:48:32Z INFO [491/750] 7c55f39d-5fde-40bb-85ba-09d6c0af642e: Sackin index -0.2147; 0.8 s; peak memory 1159 MiB.
2026-10-09T01:48:34Z INFO [492/750] 7c565988-c09c-4d7c-938f-c99781dcd1ab: Sackin index -0.1120; 2.0 s; peak memory 1159 MiB.
2026-10-09T01:48:35Z INFO [493/750] 7c568a1b-4ab1-45c1-98a3-c22bd9f5123f: Sackin index -0.2229; 1.1 s; peak memory 1159 MiB.
2026-10-09T01:48:40Z INFO [494/750] 7c56b8c5-48f7-447f-bbe6-4f207324eb52: Sackin index -0.0260; 4.9 s; peak memory 1159 MiB.
2026-10-09T01:48:41Z INFO [495/750] 7c581be9-a852-4aff-9a9e-f7a7a1e0d774: Sackin index -0.0728; 1.2 s; peak memory 1159 MiB.
2026-10-09T01:48:43Z INFO [496/750] 7c58529a-b728-4641-85f7-f169148a7209: Sackin index -0.0746; 1.3 s; peak memory 1159 MiB.
2026-10-09T01:48:44Z INFO [497/750] 7c589f2e-61b9-4819-ba65-6783624093f7: Sackin index -0.1349; 1.0 s; peak memory 1159 MiB.
2026-10-09T01:48:47Z INFO [498/750] 7c591c49-af71-4f46-aa5b-1e0534e071d1: Sackin index -0.0395; 3.0 s; peak memory 1159 MiB.
2026-10-09T01:48:49Z INFO [499/750] 7c593b00-faad-469c-be3f-7015872e5d1b: Sackin index -0.0797; 2.7 s; peak memory 1159 MiB.
2026-10-09T01:48:52Z INFO [500/750] 7c59d762-0606-4cc6-9d12-1304d41d641a: Sackin index -0.0718; 2.5 s; peak memory 1159 MiB.
2026-10-09T01:48:52Z INFO [500/750] 7c59d762-0606-4cc6-9d12-1304d41d641a: checkpointed 106836 new records.
2026-10-09T01:48:53Z INFO [501/750] 7c59ea93-2ba3-4b9a-a029-5a50064603c3: Sackin index -0.0702; 1.2 s; peak memory 1159 MiB.
2026-10-09T01:48:54Z INFO [502/750] 7c59f2d2-de18-4d07-a2e2-27fc7788e767: Sackin index -0.0702; 1.2 s; peak memory 1159 MiB.
2026-10-09T01:48:55Z INFO [503/750] 7c5a11f0-638a-4b2f-ad18-3837db9ecb5e: Sackin index -0.1349; 0.9 s; peak memory 1159 MiB.
2026-10-09T01:48:56Z INFO [504/750] 7c5a3cbc-2c03-4c75-bb07-15161d924062: Sackin index -0.1349; 1.0 s; peak memory 1159 MiB.
2026-10-09T01:49:05Z INFO [505/750] 7c5a8485-c642-4654-b4cb-73bd2b6c3a33: Sackin index -0.0169; 9.3 s; peak memory 1159 MiB.
2026-10-09T01:49:06Z INFO [506/750] 7c5b019e-d17d-41ca-a2d1-06a6f25b993c: Sackin index -0.3646; 0.8 s; peak memory 1159 MiB.
2026-10-09T01:49:07Z INFO [507/750] 7c5c409c-50be-4ac3-93a2-c8b299e497e5: Sackin index -0.1009; 1.1 s; peak memory 1159 MiB.
2026-10-09T01:49:18Z INFO [508/750] 7c5c6e69-ea92-41bd-b5d8-402b417afef2: Sackin index -0.0141; 11.1 s; peak memory 1159 MiB.
2026-10-09T01:49:19Z INFO [509/750] 7c5cc1b2-c687-4552-89b7-7dc896c2f62d: Sackin index -0.1319; 0.9 s; peak memory 1159 MiB.
2026-10-09T01:49:26Z INFO [510/750] 7c5cdf77-6b44-48e0-b8a2-55e00b2edc11: Sackin index -0.0940; 6.4 s; peak memory 1159 MiB.
2026-10-09T01:49:28Z INFO [511/750] 7c5d5f2a-34de-43fd-b74c-4dc8922f5e8f: Sackin index -0.1072; 2.0 s; peak memory 1159 MiB.
2026-10-09T01:49:29Z INFO [512/750] 7c5d7f41-059d-4f81-9fb0-c4debf79d414: Sackin index -0.1349; 1.1 s; peak memory 1159 MiB.
2026-10-09T01:51:35Z INFO [513/750] 7c5db8c5-10d4-43a3-924b-83d3747fdce9: Sackin index -0.0573; 126.5 s; peak memory 1159 MiB.
2026-10-09T01:51:41Z INFO [514/750] 7c5df576-bfc4-4d25-9ebe-a78bfb0a158b: Sackin index -0.0779; 5.8 s; peak memory 1159 MiB.
2026-10-09T01:51:51Z INFO [515/750] 7c5e02da-6955-4d6b-a390-880df65fe1bd: Sackin index -0.0127; 9.6 s; peak memory 1159 MiB.
2026-10-09T01:51:52Z INFO [516/750] 7c5e8095-0995-4275-a403-0e450cc3f9e5: Sackin index -0.0696; 1.4 s; peak memory 1159 MiB.
2026-10-09T01:51:54Z INFO [517/750] 7c5ec0df-c59a-479f-868d-b6a7e2b8e313: Sackin index -0.0728; 1.3 s; peak memory 1159 MiB.
2026-10-09T01:52:05Z INFO [518/750] 7c5edc3f-08ed-46de-9414-fd5cbc09cf4f: Sackin index -0.1495; 11.1 s; peak memory 1159 MiB.
2026-10-09T01:52:06Z INFO [519/750] 7c5fbb0e-8b93-4d1c-bde9-5b090a0b566c: Sackin index -0.1319; 0.9 s; peak memory 1159 MiB.
2026-10-09T01:53:17Z INFO [520/750] 7c603956-92aa-4a1e-ba66-ed177312f64b: Sackin index -0.0742; 71.2 s; peak memory 1159 MiB.
2026-10-09T01:53:18Z INFO [521/750] 7c6051e4-3fab-42ab-9d95-afaae282b4e4: Sackin index -0.1658; 0.8 s; peak memory 1159 MiB.
2026-10-09T01:53:19Z INFO [522/750] 7c606822-c737-40b0-b362-6304466c53f3: Sackin index -0.0722; 1.3 s; peak memory 1159 MiB.
2026-10-09T01:53:42Z INFO [523/750] 7c60f627-7f8e-4d46-8e14-24907db1913e: Sackin index -0.0098; 23.4 s; peak memory 1159 MiB.
2026-10-09T01:53:51Z INFO [524/750] 7c618c97-b8d5-4a05-bf0f-ebd7cd072ae7: Sackin index -0.0180; 8.6 s; peak memory 1159 MiB.
2026-10-09T01:53:53Z INFO [525/750] 7c61a1ea-7769-47c5-8326-7c62a79d339e: Sackin index -0.1269; 1.8 s; peak memory 1159 MiB.
2026-10-09T01:53:54Z INFO [526/750] 7c62177d-f8ca-4173-b88c-313e7b1538b1: Sackin index -0.1741; 1.0 s; peak memory 1159 MiB.
2026-10-09T01:54:00Z INFO [527/750] 7c6363f3-bdd1-4a98-b89a-5605482c276c: Sackin index -0.0435; 6.2 s; peak memory 1159 MiB.
2026-10-09T01:54:01Z INFO [528/750] 7c63a9a1-fa77-4d56-a9cf-f2bcece4b8d5: Sackin index -0.0728; 1.5 s; peak memory 1159 MiB.
2026-10-09T01:54:03Z INFO [529/750] 7c6490d4-9bd8-45c4-aa71-c3ccbaf2407f: Sackin index -0.0702; 1.2 s; peak memory 1159 MiB.
2026-10-09T01:54:04Z INFO [530/750] 7c649f37-d16c-49e9-a54c-f04b0340a3b5: Sackin index -0.0379; 1.5 s; peak memory 1159 MiB.
2026-10-09T01:54:16Z INFO [531/750] 7c64a820-1637-4650-bc99-4d8d76a9549e: Sackin index -0.0145; 11.7 s; peak memory 1159 MiB.
2026-10-09T01:54:17Z INFO [532/750] 7c658f54-d2ae-4421-b964-6f6cf4c793dd: Sackin index -0.1349; 1.0 s; peak memory 1159 MiB.
2026-10-09T01:54:18Z INFO [533/750] 7c65ebb1-25aa-44b9-9cb0-166405204e83: Sackin index -0.1349; 0.9 s; peak memory 1159 MiB.
2026-10-09T01:54:20Z INFO [534/750] 7c66565d-f80f-479c-8f15-946b9f8f340e: Sackin index -0.0350; 2.3 s; peak memory 1159 MiB.
2026-10-09T01:54:21Z INFO [535/750] 7c668ffb-d3dd-433d-aa00-a2d71438234a: Sackin index -0.1349; 1.0 s; peak memory 1159 MiB.
2026-10-09T01:54:22Z INFO [536/750] 7c685252-06bd-47be-9b44-cea5d2aa747f: Sackin index -0.0391; 1.0 s; peak memory 1159 MiB.
2026-10-09T01:54:23Z INFO [537/750] 7c68a1b7-5f4c-4cdf-bf34-a380f46e6882: Sackin index -0.0702; 1.2 s; peak memory 1159 MiB.
2026-10-09T01:54:25Z INFO [538/750] 7c68a489-9074-4e66-843c-a8fa271c19b1: Sackin index -0.0728; 1.6 s; peak memory 1159 MiB.
2026-10-09T01:54:26Z INFO [539/750] 7c6a0e62-9810-4e84-ad1b-4bc2c543a022: Sackin index -0.0702; 1.2 s; peak memory 1159 MiB.
2026-10-09T01:54:27Z INFO [540/750] 7c6a408e-3125-4cf1-9abc-60c308b47838: Sackin index -0.0702; 1.2 s; peak memory 1159 MiB.
2026-10-09T01:54:29Z INFO [541/750] 7c6a484f-e106-4bf6-8efe-9d0892784378: Sackin index -0.1418; 1.7 s; peak memory 1159 MiB.
2026-10-09T01:54:42Z INFO [542/750] 7c6b8502-a496-4d48-8a88-b6ed4a69b458: Sackin index -0.0143; 12.8 s; peak memory 1159 MiB.
2026-10-09T01:54:45Z INFO [543/750] 7c6c9de9-1310-4300-8854-fe4aa8d8a2a6: Sackin index -0.0626; 3.5 s; peak memory 1159 MiB.
2026-10-09T01:54:46Z INFO [544/750] 7c6eb34c-b485-4a6f-9f41-bc8e14688ea3: Sackin index -0.1349; 1.0 s; peak memory 1159 MiB.
2026-10-09T01:54:47Z INFO [545/750] 7c6eed77-d0ca-4ef2-bda3-413175278e07: Sackin index -0.0702; 1.2 s; peak memory 1159 MiB.
2026-10-09T01:54:49Z INFO [546/750] 7c6f1529-34e7-4b99-b242-028294dfdd5a: Sackin index -0.0275; 1.6 s; peak memory 1159 MiB.
2026-10-09T01:54:50Z INFO [547/750] 7c6fbfb6-e604-45dd-9375-da8a35279124: Sackin index -0.1349; 1.0 s; peak memory 1159 MiB.
2026-10-09T01:54:51Z INFO [548/750] 7c70000b-d97e-4e70-90bb-4b2e8c1ffc3d: Sackin index -0.1248; 1.1 s; peak memory 1159 MiB.
2026-10-09T01:54:53Z INFO [549/750] 7c7086a2-9aad-4d19-9339-fa5d47a6f05c: Sackin index -0.0626; 1.4 s; peak memory 1159 MiB.
2026-10-09T01:54:54Z INFO [550/750] 7c70b4f8-cff7-4374-9bc6-e9cd07f6349f: Sackin index -0.0728; 1.6 s; peak memory 1159 MiB.
2026-10-09T01:54:54Z INFO [550/750] 7c70b4f8-cff7-4374-9bc6-e9cd07f6349f: checkpointed 106886 new records.
2026-10-09T01:54:55Z INFO [551/750] 7c70f75f-eb87-4b6d-8dbb-225a7cb0c3b9: Sackin index -0.1349; 1.0 s; peak memory 1159 MiB.
2026-10-09T01:54:56Z INFO [552/750] 7c71c202-54ec-4a0d-8920-493831b34bf0: Sackin index -0.1448; 0.7 s; peak memory 1159 MiB.
2026-10-09T01:54:58Z INFO [553/750] 7c72a664-ef17-48f8-aff5-b80d043222fe: Sackin index -0.0693; 2.4 s; peak memory 1159 MiB.
2026-10-09T01:55:17Z INFO [554/750] 7c7331ac-162a-49da-a9ed-a35661af724c: Sackin index -0.0134; 18.6 s; peak memory 1159 MiB.
2026-10-09T01:55:19Z INFO [555/750] 7c738764-b0e9-4aab-813b-2d2d463a7447: Sackin index -0.0676; 1.9 s; peak memory 1159 MiB.
2026-10-09T01:55:20Z INFO [556/750] 7c75380e-0876-4a39-9809-f5886f17bc2f: Sackin index -0.0881; 1.5 s; peak memory 1159 MiB.
2026-10-09T01:55:22Z INFO [557/750] 7c7611e0-93be-44d9-a6b3-e59c92b7b901: Sackin index -0.0702; 1.2 s; peak memory 1159 MiB.
2026-10-09T01:55:40Z INFO [558/750] 7c764787-694f-4b2e-bc3e-abda4e80c09d: Sackin index -0.0155; 18.5 s; peak memory 1159 MiB.
2026-10-09T01:55:41Z INFO [559/750] 7c772714-7fb7-42bb-bf96-6028307d2303: Sackin index -0.1349; 1.0 s; peak memory 1159 MiB.
2026-10-09T01:55:42Z INFO [560/750] 7c7755e5-0ab8-4597-afc2-00f9d1cdd0fb: Sackin index -0.0702; 1.2 s; peak memory 1159 MiB.
2026-10-09T01:55:43Z INFO [561/750] 7c775fd4-48d8-42ed-88fb-f89b5bac12c7: Sackin index -0.1484; 0.8 s; peak memory 1159 MiB.
2026-10-09T01:55:44Z INFO [562/750] 7c77c85b-972e-47a0-a784-3e0091b1765d: Sackin index -0.1448; 0.8 s; peak memory 1159 MiB.
2026-10-09T01:55:45Z INFO [563/750] 7c7804ba-0a46-40a0-9dfa-5b12fbb05424: Sackin index -0.1349; 1.0 s; peak memory 1159 MiB.
2026-10-09T01:55:57Z INFO [564/750] 7c789179-bf6f-4ef0-9ee5-7c419f2d1c96: Sackin index -0.0088; 12.4 s; peak memory 1159 MiB.
2026-10-09T01:55:58Z INFO [565/750] 7c7ac2f8-c38d-4c9b-933e-d4d74f0e9692: Sackin index -0.1349; 1.1 s; peak memory 1159 MiB.
2026-10-09T01:56:00Z INFO [566/750] 7c7b7fcd-8e1d-4edc-b99d-c2dbf41ec638: Sackin index -0.0728; 1.3 s; peak memory 1159 MiB.
2026-10-09T01:56:01Z INFO [567/750] 7c7bd880-daad-43ac-a26b-b928bc30bfe6: Sackin index -0.1380; 1.1 s; peak memory 1159 MiB.
2026-10-09T01:56:04Z INFO [568/750] 7c7beca6-64e0-4c55-a6ca-6582a86ad7ac: Sackin index -0.0772; 3.3 s; peak memory 1159 MiB.
2026-10-09T01:56:07Z INFO [569/750] 7c7d5e74-2049-4096-873d-513d71b157b7: Sackin index -0.0660; 3.0 s; peak memory 1159 MiB.
2026-10-09T01:56:09Z INFO [570/750] 7c7d8a97-9a89-4d39-9ed6-ff98bc5ce353: Sackin index -0.0745; 1.5 s; peak memory 1159 MiB.
2026-10-09T01:56:11Z INFO [571/750] 7c7db030-69ea-4895-9517-9538e61c87b2: Sackin index -0.1938; 2.3 s; peak memory 1159 MiB.
2026-10-09T01:56:12Z INFO [572/750] 7c7eb675-11af-4508-b625-361c7f294d78: Sackin index -0.1349; 1.0 s; peak memory 1159 MiB.
2026-10-09T01:56:13Z INFO [573/750] 7c7ef7c4-2e35-44fb-a055-bdb0c8e367cd: Sackin index -0.0702; 1.1 s; peak memory 1159 MiB.
2026-10-09T01:56:14Z INFO [574/750] 7c80455e-d070-4546-a262-88139aeb8c9a: Sackin index -0.1658; 0.8 s; peak memory 1159 MiB.
2026-10-09T01:56:15Z INFO [575/750] 7c80fd41-0c3f-4f4a-9a7d-6a971feb6ad9: Sackin index -0.1331; 0.9 s; peak memory 1159 MiB.
2026-10-09T01:56:29Z INFO [576/750] 7c816324-cb3d-454b-9513-9fac923f5ff4: Sackin index -0.0400; 14.5 s; peak memory 1159 MiB.
2026-10-09T01:56:31Z INFO [577/750] 7c818615-64a1-4dfe-8d5d-1c3195cf5377: Sackin index -0.0881; 1.4 s; peak memory 1159 MiB.
2026-10-09T01:56:32Z INFO [578/750] 7c822911-c82d-4d28-9363-d3c20c201a4b: Sackin index -0.1408; 0.9 s; peak memory 1159 MiB.
2026-10-09T01:56:33Z INFO [579/750] 7c82e213-dd5c-4f61-a98b-17851beb5bb9: Sackin index -0.0944; 1.3 s; peak memory 1159 MiB.
2026-10-09T01:56:34Z INFO [580/750] 7c830e8d-bb00-43d1-8e10-d96a537235fd: Sackin index -0.1938; 0.8 s; peak memory 1159 MiB.
2026-10-09T01:56:35Z INFO [581/750] 7c83a8f7-2ec4-47d0-8df3-1265b589dd59: Sackin index -0.1349; 1.0 s; peak memory 1159 MiB.
2026-10-09T01:56:45Z INFO [582/750] 7c83aef9-04b7-48c8-995e-164a6ee880ed: Sackin index -0.0168; 9.8 s; peak memory 1159 MiB.
2026-10-09T01:56:45Z INFO [583/750] 7c83c7fd-1fd8-4f40-8276-e9e1f4efeb46: Sackin index -0.2073; 0.9 s; peak memory 1159 MiB.
2026-10-09T01:56:47Z INFO [584/750] 7c843b99-0058-41be-8727-7ec49891e65a: Sackin index -0.1390; 1.2 s; peak memory 1159 MiB.
2026-10-09T01:56:48Z INFO [585/750] 7c84706d-9a62-4634-a8a1-b4a4e105d8bb: Sackin index -0.1248; 1.1 s; peak memory 1159 MiB.
2026-10-09T01:56:49Z INFO [586/750] 7c84b4a2-a3f5-4505-b56d-db408b6ccb21: Sackin index -0.1349; 1.0 s; peak memory 1159 MiB.
2026-10-09T01:56:59Z INFO [587/750] 7c84fed6-bc74-497a-951a-c4f14ba20e3c: Sackin index -0.0261; 10.3 s; peak memory 1159 MiB.
2026-10-09T01:57:00Z INFO [588/750] 7c85bef6-bee9-4800-a06f-c32f1988627d: Sackin index -0.1349; 1.0 s; peak memory 1159 MiB.
2026-10-09T01:57:10Z INFO [589/750] 7c86b3cb-9d92-4034-861e-80cf4ab043fc: Sackin index -0.0203; 9.8 s; peak memory 1159 MiB.
2026-10-09T02:11:15Z INFO [590/750] 7c875358-f889-4366-9da3-04f2af28165d: Sackin index -0.0277; 845.0 s; peak memory 1243 MiB.
2026-10-09T02:11:16Z INFO [591/750] 7c883dce-c688-4ba0-a804-baf993363412: Sackin index -0.0696; 1.4 s; peak memory 1243 MiB.
2026-10-09T02:11:24Z INFO [592/750] 7c88a6fc-7a30-4b3b-983b-4983ad36b089: Sackin index -0.0041; 7.6 s; peak memory 1243 MiB.
2026-10-09T02:11:25Z INFO [593/750] 7c890612-3de5-4e35-a528-a3dbca5391fd: Sackin index -0.0709; 1.5 s; peak memory 1243 MiB.
2026-10-09T02:11:26Z INFO [594/750] 7c898eb2-8d47-4c72-8970-b0140ad3a623: Sackin index -0.1658; 0.8 s; peak memory 1243 MiB.
2026-10-09T02:11:28Z INFO [595/750] 7c8b2274-f802-49c2-8ece-8e77d62d311e: Sackin index -0.0728; 1.5 s; peak memory 1243 MiB.
2026-10-09T02:11:35Z INFO [596/750] 7c8cba80-094b-440b-a026-c3cd72de1a78: Sackin index -0.0398; 7.2 s; peak memory 1243 MiB.
2026-10-09T02:11:36Z INFO [597/750] 7c8cc771-998a-4aeb-b9b9-8d7345aaa60c: Sackin index -0.1349; 1.0 s; peak memory 1243 MiB.
2026-10-09T02:11:37Z INFO [598/750] 7c8deb6e-5261-493e-8046-a90c41776d4b: Sackin index -0.0696; 1.1 s; peak memory 1243 MiB.
2026-10-09T02:11:38Z INFO [599/750] 7c8ec5ce-c6db-4dec-937a-37496226c148: Sackin index -0.1349; 0.9 s; peak memory 1243 MiB.
2026-10-09T02:11:39Z INFO [600/750] 7c8f2855-cf69-4993-a46f-58b7d4f502f2: Sackin index -0.0702; 1.3 s; peak memory 1243 MiB.
2026-10-09T02:11:39Z INFO [600/750] 7c8f2855-cf69-4993-a46f-58b7d4f502f2: checkpointed 106936 new records.
2026-10-09T02:11:41Z INFO [601/750] 7c8fb099-5c12-4569-bd3c-4077c88d9dac: Sackin index -0.0384; 1.3 s; peak memory 1243 MiB.
2026-10-09T02:11:42Z INFO [602/750] 7c8fb7da-921f-4800-830b-722d4f83671a: Sackin index -0.0722; 1.5 s; peak memory 1243 MiB.
2026-10-09T02:11:43Z INFO [603/750] 7c90cbef-7dd3-4bba-b827-f1b19a8a2eec: Sackin index -0.1248; 1.1 s; peak memory 1243 MiB.
2026-10-09T02:11:44Z INFO [604/750] 7c90ff8c-ff35-42ab-a1e9-973de8cd4475: Sackin index -0.1602; 0.9 s; peak memory 1243 MiB.
2026-10-09T02:12:13Z INFO [605/750] 7c91531b-86f1-471f-b0dd-7949de4406c2: Sackin index -0.0024; 28.5 s; peak memory 1243 MiB.
2026-10-09T02:12:14Z INFO [606/750] 7c922716-1cd7-47d1-9c9c-df9876a59423: Sackin index -0.1349; 1.0 s; peak memory 1243 MiB.
2026-10-09T02:12:15Z INFO [607/750] 7c92642e-88e2-4bb1-9dec-1c6fb6009d81: Sackin index -0.0702; 1.2 s; peak memory 1243 MiB.
2026-10-09T02:12:16Z INFO [608/750] 7c927823-6313-431f-9260-1d374c9e4aba: Sackin index -0.0702; 1.1 s; peak memory 1243 MiB.
2026-10-09T02:12:17Z INFO [609/750] 7c930792-1f82-4ba3-a770-3f96ea283598: Sackin index -0.1349; 1.0 s; peak memory 1243 MiB.
2026-10-09T02:12:18Z INFO [610/750] 7c933045-a2e5-4638-b6d6-9e342885f186: Sackin index -0.0709; 1.3 s; peak memory 1243 MiB.
2026-10-09T02:12:20Z INFO [611/750] 7c935e48-e224-4c93-8198-bebe11157ae5: Sackin index -0.0709; 1.4 s; peak memory 1243 MiB.
2026-10-09T02:12:22Z INFO [612/750] 7c93d334-dcfa-41d2-b4f6-519e96d3f495: Sackin index -0.0738; 2.1 s; peak memory 1243 MiB.
2026-10-09T02:12:23Z INFO [613/750] 7c93f491-7f6b-4901-9d1b-539c029a7d24: Sackin index -0.0728; 1.5 s; peak memory 1243 MiB.
2026-10-09T02:12:25Z INFO [614/750] 7c9464a8-2547-4d94-b27f-f0dce0247ff0: Sackin index -0.0385; 1.2 s; peak memory 1243 MiB.
2026-10-09T02:12:27Z INFO [615/750] 7c94c060-0ed3-49d8-b63b-d30780ae6556: Sackin index -0.0676; 2.0 s; peak memory 1243 MiB.
2026-10-09T02:12:28Z INFO [616/750] 7c9556cd-c8d8-4d25-bcbf-b9e3ca404dd9: Sackin index -0.1349; 1.1 s; peak memory 1243 MiB.
2026-10-09T02:12:29Z INFO [617/750] 7c9630a6-0e97-447a-b09e-b2cef9714588: Sackin index -0.1273; 1.2 s; peak memory 1243 MiB.
2026-10-09T02:12:30Z INFO [618/750] 7c96d4f9-e56d-4b7c-950c-8c9d213500c9: Sackin index -0.1492; 1.1 s; peak memory 1243 MiB.
2026-10-09T02:12:31Z INFO [619/750] 7c97ca7b-a634-4077-8fad-35fbb745c05d: Sackin index -0.1349; 0.9 s; peak memory 1243 MiB.
2026-10-09T02:12:32Z INFO [620/750] 7c97fb44-ec2f-4319-b326-a06c77d0d8b8: Sackin index -0.1461; 0.9 s; peak memory 1243 MiB.
2026-10-09T02:12:34Z INFO [621/750] 7c9810f6-e2d7-4011-bea1-4d14a4d5166d: Sackin index -0.0941; 1.9 s; peak memory 1243 MiB.
2026-10-09T02:12:35Z INFO [622/750] 7c9840d5-2a3f-4802-86a2-2b5c2f9a121f: Sackin index -0.0275; 1.5 s; peak memory 1243 MiB.
2026-10-09T02:12:36Z INFO [623/750] 7c984a08-455c-4667-95a9-59afe9f129e2: Sackin index -0.1361; 0.9 s; peak memory 1243 MiB.
2026-10-09T02:12:48Z INFO [624/750] 7c985d76-951e-4929-9f1d-678618314ee1: Sackin index -0.0027; 11.5 s; peak memory 1243 MiB.
2026-10-09T02:12:50Z INFO [625/750] 7c9887d7-f833-42c4-a632-f7bf7ad92690: Sackin index -0.0699; 2.4 s; peak memory 1243 MiB.
2026-10-09T02:12:51Z INFO [626/750] 7c98a583-165b-49ce-bf37-a21c17cbc8dd: Sackin index -0.1349; 1.0 s; peak memory 1243 MiB.
2026-10-09T02:12:52Z INFO [627/750] 7c98bdbf-d62e-4086-b444-46c73d79eabf: Sackin index -0.0696; 1.2 s; peak memory 1243 MiB.
2026-10-09T02:12:53Z INFO [628/750] 7c98c525-112f-412a-b1b9-0ddc2ba9910b: Sackin index -0.0696; 1.2 s; peak memory 1243 MiB.
2026-10-09T02:12:54Z INFO [629/750] 7c98cab4-b23d-429a-a370-0090d46505e7: Sackin index -0.1349; 1.0 s; peak memory 1243 MiB.
2026-10-09T02:13:57Z INFO [630/750] 7c99714f-36d5-4e1e-87bc-55dde0ca80f4: Sackin index -0.0747; 62.6 s; peak memory 1243 MiB.
2026-10-09T02:14:04Z INFO [631/750] 7c9a456d-0262-4b6a-8393-e487f2da00fd: Sackin index -0.0214; 6.8 s; peak memory 1243 MiB.
2026-10-09T02:14:24Z INFO [632/750] 7c9ae559-61eb-4623-a36a-8bba3242d73b: Sackin index -0.0151; 20.9 s; peak memory 1243 MiB.
2026-10-09T02:14:26Z INFO [633/750] 7c9b3e6a-aef5-434b-891e-3ab9ff7e6167: Sackin index -0.1015; 1.3 s; peak memory 1243 MiB.
2026-10-09T02:14:32Z INFO [634/750] 7c9b9234-7225-46ed-b511-609afa280af9: Sackin index -0.0251; 5.9 s; peak memory 1243 MiB.
2026-10-09T02:14:33Z INFO [635/750] 7c9d0a88-230d-48ff-8fd2-41127caddc36: Sackin index -0.0745; 1.3 s; peak memory 1243 MiB.
2026-10-09T02:14:36Z INFO [636/750] 7c9d3285-ac63-426b-98ef-ad149187e949: Sackin index -0.0704; 2.6 s; peak memory 1243 MiB.
2026-10-09T02:14:41Z INFO [637/750] 7c9e0862-6eda-4ea0-98b3-260f4ece81dd: Sackin index -0.0251; 5.3 s; peak memory 1243 MiB.
2026-10-09T02:16:49Z INFO [638/750] 7c9e6853-fedf-4030-9c39-ae2ee0dbe16d: Sackin index -0.0573; 127.7 s; peak memory 1243 MiB.
2026-10-09T02:16:49Z INFO [639/750] 7c9e9921-c59e-44df-ac05-b5fa9a68c92e: Sackin index -0.1658; 0.9 s; peak memory 1243 MiB.
2026-10-09T02:16:50Z INFO [640/750] 7c9f085a-5a43-4f2d-8137-3306daffdf65: Sackin index -0.1658; 0.7 s; peak memory 1243 MiB.
2026-10-09T02:16:51Z INFO [641/750] 7c9fe250-ce44-4792-a141-d145da3836cb: Sackin index -0.0702; 1.2 s; peak memory 1243 MiB.
2026-10-09T02:16:52Z INFO [642/750] 7c9ffbd3-a514-49ea-8b1b-463b5d714a6a: Sackin index -0.1349; 1.0 s; peak memory 1243 MiB.
2026-10-09T02:16:53Z INFO [643/750] 7ca01a17-4eae-432a-9c0b-b69218c9e74c: Sackin index -0.1448; 0.8 s; peak memory 1243 MiB.
2026-10-09T02:16:56Z INFO [644/750] 7ca02c2e-b9af-4d98-b9c3-9284e4cd0db1: Sackin index -0.1266; 3.0 s; peak memory 1243 MiB.
2026-10-09T02:16:57Z INFO [645/750] 7ca1abc3-2b95-44dd-845d-e6bc2439dd5c: Sackin index -0.1349; 1.1 s; peak memory 1243 MiB.
2026-10-09T02:16:59Z INFO [646/750] 7ca23ef5-c8b9-4dfa-b26d-4eff13f83bdd: Sackin index -0.1349; 1.1 s; peak memory 1243 MiB.
2026-10-09T02:17:00Z INFO [647/750] 7ca2c280-edeb-4f0d-aba3-8229378cef84: Sackin index -0.1349; 1.1 s; peak memory 1243 MiB.
2026-10-09T02:17:01Z INFO [648/750] 7ca30ead-aa5f-4349-9b4d-9aab44616d31: Sackin index -0.0379; 1.6 s; peak memory 1243 MiB.
2026-10-09T02:17:10Z INFO [649/750] 7ca326ad-bc9b-4e0a-a123-784e0cf6676b: Sackin index -0.0139; 8.4 s; peak memory 1243 MiB.
2026-10-09T02:18:24Z INFO [650/750] 7ca35d25-2370-4fdc-8dd2-a47a4c23bdbd: Sackin index -0.0935; 74.7 s; peak memory 1243 MiB.
2026-10-09T02:18:25Z INFO [650/750] 7ca35d25-2370-4fdc-8dd2-a47a4c23bdbd: checkpointed 106986 new records.
2026-10-09T02:18:32Z INFO [651/750] 7ca45647-a2d8-440b-a725-a67f74fa89d0: Sackin index -0.0193; 7.2 s; peak memory 1243 MiB.
2026-10-09T02:18:33Z INFO [652/750] 7ca46661-11d5-450d-93ce-61b02f7dc041: Sackin index -0.0709; 1.2 s; peak memory 1243 MiB.
2026-10-09T02:18:34Z INFO [653/750] 7ca55a78-fdba-4b88-a0f7-6e4f7faacae6: Sackin index -0.1461; 0.9 s; peak memory 1243 MiB.
2026-10-09T02:18:36Z INFO [654/750] 7ca56372-4143-41c7-98aa-91eddd0f0f31: Sackin index -0.1224; 2.2 s; peak memory 1243 MiB.
2026-10-09T02:18:37Z INFO [655/750] 7ca5708b-0393-4399-8ab0-6b2e4cc5f82f: Sackin index -0.1349; 1.1 s; peak memory 1243 MiB.
2026-10-09T02:18:39Z INFO [656/750] 7ca67238-537e-4103-ae1b-700d0ac4dcd6: Sackin index -0.0696; 1.3 s; peak memory 1243 MiB.
2026-10-09T02:19:33Z INFO [657/750] 7ca7fff9-2a73-4a8d-9a5a-d2b7527dcfc1: Sackin index -0.0254; 54.8 s; peak memory 1243 MiB.
2026-10-09T02:19:36Z INFO [658/750] 7ca8ecdd-2c6a-416a-8f6b-2fd6b0d3b0e7: Sackin index -0.0263; 2.6 s; peak memory 1243 MiB.
2026-10-09T02:19:37Z INFO [659/750] 7ca90f05-2ad0-491a-8c64-38733a6eff41: Sackin index -0.0702; 1.1 s; peak memory 1243 MiB.
2026-10-09T02:19:39Z INFO [660/750] 7caa2386-6a4d-413e-8398-e74a1993d87d: Sackin index -0.0886; 2.0 s; peak memory 1243 MiB.
2026-10-09T02:19:40Z INFO [661/750] 7caa48a9-11b8-4902-8526-d6bd3551f8f6: Sackin index -0.1349; 1.1 s; peak memory 1243 MiB.
2026-10-09T02:19:41Z INFO [662/750] 7caa6199-aafc-4ad0-8a21-88a0ce05d1a5: Sackin index -0.1349; 1.0 s; peak memory 1243 MiB.
2026-10-09T02:19:44Z INFO [663/750] 7caa8378-cd87-4c58-93be-323469a2d59a: Sackin index -0.0665; 2.5 s; peak memory 1243 MiB.
2026-10-09T02:20:28Z INFO [664/750] 7caafa40-9132-44d7-b2ab-9499dc560abb: Sackin index -0.1076; 44.7 s; peak memory 1243 MiB.
2026-10-09T02:20:30Z INFO [665/750] 7cab0a0a-a3be-4262-ae0d-757321dc9756: Sackin index -0.0702; 1.2 s; peak memory 1243 MiB.
2026-10-09T02:20:30Z INFO [666/750] 7cac140f-2aea-4ae6-862d-941b89377775: Sackin index -0.2147; 0.8 s; peak memory 1243 MiB.
2026-10-09T02:20:32Z INFO [667/750] 7cacb12a-5297-4419-b292-50b12ee984d0: Sackin index -0.0748; 1.2 s; peak memory 1243 MiB.
2026-10-09T02:20:33Z INFO [668/750] 7cad0ddb-7a6b-4e20-82f8-1e1ecf2c7827: Sackin index -0.0434; 1.3 s; peak memory 1243 MiB.
2026-10-09T02:20:35Z INFO [669/750] 7cadba96-7601-454e-9233-100b3dfd77dd: Sackin index -0.0752; 1.6 s; peak memory 1243 MiB.
2026-10-09T02:20:36Z INFO [670/750] 7caeb5b1-3a70-4af1-ae25-f0dd60f655ca: Sackin index -0.0696; 1.2 s; peak memory 1243 MiB.
2026-10-09T02:20:37Z INFO [671/750] 7caebb41-14c3-4cf6-9644-44a769d09e0e: Sackin index -0.0457; 1.5 s; peak memory 1243 MiB.
2026-10-09T02:26:04Z INFO [672/750] 7caf5010-1f96-4bcb-8858-93f81f28f9c7: Sackin index -0.0667; 326.3 s; peak memory 1352 MiB.
2026-10-09T02:26:05Z INFO [673/750] 7cb03c69-d87d-4433-b50c-48b39c3d7f18: Sackin index -0.0728; 1.6 s; peak memory 1352 MiB.
2026-10-09T02:26:07Z INFO [674/750] 7cb0c84d-f7e5-4c63-8f9f-2b21d5dc6361: Sackin index -0.0369; 1.5 s; peak memory 1352 MiB.
2026-10-09T02:26:08Z INFO [675/750] 7cb0dc09-c1ab-4b76-8b72-5a3d4a8df49b: Sackin index -0.1349; 1.0 s; peak memory 1352 MiB.
2026-10-09T02:26:14Z INFO [676/750] 7cb0f279-86b8-47f5-9aa9-f09b309ab0c2: Sackin index -0.0457; 6.8 s; peak memory 1352 MiB.
2026-10-09T02:26:16Z INFO [677/750] 7cb15bf2-326a-4f64-beb2-b387aa3a424b: Sackin index -0.0745; 1.9 s; peak memory 1352 MiB.
2026-10-09T02:26:19Z INFO [678/750] 7cb16bae-cc82-4e95-9b41-52a3c5375b32: Sackin index -0.0660; 2.8 s; peak memory 1352 MiB.
2026-10-09T02:26:21Z INFO [679/750] 7cb23e0f-35f0-4603-ad3f-6a3a8ca58671: Sackin index -0.0728; 1.6 s; peak memory 1352 MiB.
2026-10-09T02:27:21Z INFO [680/750] 7cb3500b-b744-476e-b307-a86c0832e9e2: Sackin index -0.0011; 59.9 s; peak memory 1352 MiB.
2026-10-09T02:27:22Z INFO [681/750] 7cb35074-0aba-44d5-93a9-6c5c5f6de0a6: Sackin index -0.1133; 0.9 s; peak memory 1352 MiB.
2026-10-09T02:27:28Z INFO [682/750] 7cb3a179-9c8b-4473-a3be-541331918e09: Sackin index -0.0476; 6.4 s; peak memory 1352 MiB.
2026-10-09T02:27:29Z INFO [683/750] 7cb3cadb-a4ff-4cd6-bfec-0c8832da5102: Sackin index -0.1120; 0.9 s; peak memory 1352 MiB.
2026-10-09T02:27:30Z INFO [684/750] 7cb3db05-f366-45f3-8e89-3985cd0087c4: Sackin index -0.1000; 1.3 s; peak memory 1352 MiB.
2026-10-09T02:27:39Z INFO [685/750] 7cb47900-7666-4d55-83b8-87351d67ad81: Sackin index -0.0130; 8.9 s; peak memory 1352 MiB.
2026-10-09T02:27:40Z INFO [686/750] 7cb5dea1-27b2-4654-80d0-c97f75707733: Sackin index -0.1248; 1.1 s; peak memory 1352 MiB.
2026-10-09T02:27:42Z INFO [687/750] 7cb66065-26ac-444c-b507-19ba6c6bc53d: Sackin index -0.0745; 1.6 s; peak memory 1352 MiB.
2026-10-09T02:27:45Z INFO [688/750] 7cb67f4d-3488-4efb-82ff-c99665ec66f9: Sackin index -0.1062; 3.8 s; peak memory 1352 MiB.
2026-10-09T02:27:48Z INFO [689/750] 7cb72498-f780-44a6-8e55-8f400a5b8bff: Sackin index -0.0350; 2.6 s; peak memory 1352 MiB.
2026-10-09T02:27:49Z INFO [690/750] 7cb7b387-9aa3-4f46-af1c-9a5eff52716b: Sackin index -0.2458; 0.8 s; peak memory 1352 MiB.
2026-10-09T02:27:50Z INFO [691/750] 7cb82051-d009-4ae6-a583-ce8c9694808b: Sackin index -0.1658; 0.9 s; peak memory 1352 MiB.
2026-10-09T02:27:52Z INFO [692/750] 7cb8cbc8-c724-434e-b2bd-040187fe8a5f: Sackin index -0.0369; 2.0 s; peak memory 1352 MiB.
2026-10-09T02:27:59Z INFO [693/750] 7cb8ce7f-a2cf-49ba-bbf2-f51e86563733: Sackin index -0.0129; 6.8 s; peak memory 1352 MiB.
2026-10-09T02:28:00Z INFO [694/750] 7cb9ba02-9ea4-4ced-a2d0-cafdfcc4470a: Sackin index -0.1248; 1.3 s; peak memory 1352 MiB.
2026-10-09T02:28:02Z INFO [695/750] 7cb9f0e3-096c-4de7-b861-cdafe10f0cb0: Sackin index -0.0369; 1.9 s; peak memory 1352 MiB.
2026-10-09T02:28:22Z INFO [696/750] 7cba80c5-de74-41c0-a565-9808160e31d0: Sackin index -0.1367; 20.6 s; peak memory 1352 MiB.
2026-10-09T02:28:24Z INFO [697/750] 7cbabb3f-4b0d-4ce6-8fe8-342a7efcf384: Sackin index -0.0376; 1.4 s; peak memory 1352 MiB.
2026-10-09T02:28:25Z INFO [698/750] 7cbad8c5-7185-4bb2-afba-2dac176d6d5b: Sackin index -0.0376; 1.4 s; peak memory 1352 MiB.
2026-10-09T02:28:26Z INFO [699/750] 7cbb154f-523d-498a-adeb-1918a321143e: Sackin index -0.1248; 1.2 s; peak memory 1352 MiB.
2026-10-09T02:28:28Z INFO [700/750] 7cbb4752-e17c-4ce8-8075-7f5b32623305: Sackin index -0.0696; 1.2 s; peak memory 1352 MiB.
2026-10-09T02:28:28Z INFO [700/750] 7cbb4752-e17c-4ce8-8075-7f5b32623305: checkpointed 107036 new records.
2026-10-09T02:28:29Z INFO [701/750] 7cbc5945-3e66-4048-a967-a8404a5e657f: Sackin index -0.1178; 0.9 s; peak memory 1352 MiB.
2026-10-09T02:28:41Z INFO [702/750] 7cbd82ba-1574-4cbc-a75d-7ef668718340: Sackin index -0.0190; 12.0 s; peak memory 1352 MiB.
2026-10-09T02:29:26Z INFO [703/750] 7cbe5d46-7550-4dd1-b18e-e1ae3f9c0c59: Sackin index -0.1076; 45.3 s; peak memory 1352 MiB.
2026-10-09T02:29:27Z INFO [704/750] 7cbe60ab-7a69-43ff-b147-c4bc94cf10c1: Sackin index -0.1272; 0.8 s; peak memory 1352 MiB.
2026-10-09T02:29:28Z INFO [705/750] 7cbe6d5a-7200-47e4-b67f-c98b82073802: Sackin index -0.0709; 1.5 s; peak memory 1352 MiB.
2026-10-09T02:29:29Z INFO [706/750] 7cbf28e3-5829-482f-b024-930687fb21b7: Sackin index -0.0728; 1.2 s; peak memory 1352 MiB.
2026-10-09T02:29:37Z INFO [707/750] 7cbf5e83-79d3-4894-8305-6f09cef764c3: Sackin index -0.0390; 7.7 s; peak memory 1352 MiB.
2026-10-09T02:29:40Z INFO [708/750] 7cbf9da0-2887-44f7-acae-dd58ee67a404: Sackin index -0.0350; 2.9 s; peak memory 1352 MiB.
2026-10-09T02:29:42Z INFO [709/750] 7cbfe368-0867-4d39-8411-204978c41c24: Sackin index -0.0369; 1.8 s; peak memory 1352 MiB.
2026-10-09T02:29:43Z INFO [710/750] 7cc01b71-ac49-4f41-939a-cab12b773990: Sackin index -0.0745; 1.4 s; peak memory 1352 MiB.
2026-10-09T02:29:47Z INFO [711/750] 7cc07e91-8d5b-491e-bcfb-ee8ea6275f3d: Sackin index -0.0722; 3.4 s; peak memory 1352 MiB.
2026-10-09T02:29:48Z INFO [712/750] 7cc1ae34-4c4a-411e-b8a9-b9b5659a5683: Sackin index -0.1358; 1.1 s; peak memory 1352 MiB.
2026-10-09T02:29:54Z INFO [713/750] 7cc1b20e-6d00-4e19-a53e-b7e92f3a2a50: Sackin index -0.0222; 6.0 s; peak memory 1352 MiB.
2026-10-09T02:29:58Z INFO [714/750] 7cc1c7e2-4e77-4247-9a08-97227c74131c: Sackin index -0.0403; 4.6 s; peak memory 1352 MiB.
2026-10-09T02:30:03Z INFO [715/750] 7cc21069-92df-45cc-9770-03c6330b82f5: Sackin index -0.0250; 4.1 s; peak memory 1352 MiB.
2026-10-09T02:30:52Z INFO [716/750] 7cc35943-a9e7-4ebb-96aa-af8402b7d50e: Sackin index -0.1144; 49.2 s; peak memory 1352 MiB.
2026-10-09T02:30:53Z INFO [717/750] 7cc36e32-0183-44fd-a21d-02cf95000cef: Sackin index -0.0728; 1.5 s; peak memory 1352 MiB.
2026-10-09T02:30:58Z INFO [718/750] 7cc40407-bab1-4bc2-8a30-7ca5017c7396: Sackin index -0.0383; 4.6 s; peak memory 1352 MiB.
2026-10-09T02:30:59Z INFO [719/750] 7cc485a0-dae5-4804-96b8-5329ae7a44f2: Sackin index -0.0728; 1.3 s; peak memory 1352 MiB.
2026-10-09T02:31:00Z INFO [720/750] 7cc55ad3-43ec-4d39-b0c2-e593a4055ce2: Sackin index -0.1349; 1.1 s; peak memory 1352 MiB.
2026-10-09T02:31:02Z INFO [721/750] 7cc5b613-632c-4b14-9d2c-47a24de17fa5: Sackin index -0.0728; 1.3 s; peak memory 1352 MiB.
2026-10-09T02:31:03Z INFO [722/750] 7cc6ba1f-2534-4bca-8faf-9ec6981e38ac: Sackin index -0.0702; 1.4 s; peak memory 1352 MiB.
2026-10-09T02:31:04Z INFO [723/750] 7cc6ff07-c3d4-4bdf-a89f-cae43cf62189: Sackin index -0.1349; 1.0 s; peak memory 1352 MiB.
2026-10-09T02:31:05Z INFO [724/750] 7cc77588-20d9-4aaf-b6e0-55ea902d15e4: Sackin index -0.0696; 1.3 s; peak memory 1352 MiB.
2026-10-09T02:31:06Z INFO [725/750] 7cc7b7f0-cbf4-450b-82b0-8122cf95287b: Sackin index -0.0702; 1.2 s; peak memory 1352 MiB.
2026-10-09T02:31:43Z INFO [726/750] 7cc7d5ea-84d1-4a35-827b-7d12bce6478d: Sackin index -0.1144; 36.2 s; peak memory 1352 MiB.
2026-10-09T02:31:51Z INFO [727/750] 7cc7f231-7190-4a19-be17-8d5b7df859af: Sackin index -0.0614; 8.0 s; peak memory 1352 MiB.
2026-10-09T02:31:52Z INFO [728/750] 7cc85e58-42e2-476f-96e7-e0c76446dfc2: Sackin index -0.0696; 1.2 s; peak memory 1352 MiB.
2026-10-09T02:31:53Z INFO [729/750] 7cc890c3-2979-4a8d-8eba-6da6284d3a8c: Sackin index -0.0709; 1.1 s; peak memory 1352 MiB.
2026-10-09T02:31:54Z INFO [730/750] 7cc962b0-2be8-4eb0-9094-76c388e77e23: Sackin index -0.0375; 1.4 s; peak memory 1352 MiB.
2026-10-09T02:31:57Z INFO [731/750] 7cc98373-306b-4b17-b0d6-b6d4cb2365fe: Sackin index -0.0494; 2.5 s; peak memory 1352 MiB.
2026-10-09T02:31:58Z INFO [732/750] 7cca222f-7fd8-488f-a2c2-9d61b7f739d6: Sackin index -0.0656; 1.0 s; peak memory 1352 MiB.
2026-10-09T02:31:59Z INFO [733/750] 7ccb067c-6f58-4a1b-a4da-e4a7a274b79f: Sackin index -0.0748; 1.2 s; peak memory 1352 MiB.
2026-10-09T02:32:02Z INFO [734/750] 7ccb12fc-6543-49e0-89c2-5458383a36b4: Sackin index -0.0695; 3.3 s; peak memory 1352 MiB.
2026-10-09T02:32:04Z INFO [735/750] 7ccceb41-ad7b-4e29-aa12-c1aed64f68be: Sackin index -0.0728; 1.3 s; peak memory 1352 MiB.
2026-10-09T02:32:05Z INFO [736/750] 7ccd5273-3146-4b22-a1ac-4c3072e827d5: Sackin index -0.0275; 1.6 s; peak memory 1352 MiB.
2026-10-09T02:32:06Z INFO [737/750] 7ccd5ce5-f00d-4cb1-957c-9120e46cca7a: Sackin index -0.1349; 1.1 s; peak memory 1352 MiB.
2026-10-09T02:32:09Z INFO [738/750] 7ccd7374-69f1-42d5-bd03-96e06625c2ce: Sackin index -0.0676; 2.5 s; peak memory 1352 MiB.
2026-10-09T02:32:10Z INFO [739/750] 7ccda500-3bae-42bc-b6a0-1c6a5a554bb3: Sackin index -0.1349; 1.0 s; peak memory 1352 MiB.
2026-10-09T02:32:11Z INFO [740/750] 7ccef6bd-9274-4681-ae5b-196d191810ad: Sackin index -0.0728; 1.4 s; peak memory 1352 MiB.
2026-10-09T02:32:13Z INFO [741/750] 7ccf794c-1331-4f3d-9e55-dad588c399ec: Sackin index -0.0383; 1.5 s; peak memory 1352 MiB.
2026-10-09T02:36:11Z INFO [742/750] 7cd08c03-9afc-4c4a-884d-d8c6a59d48b5: Sackin index -0.0246; 238.1 s; peak memory 1352 MiB.
2026-10-09T02:36:12Z INFO [743/750] 7cd11ae3-ea8f-4348-8dbd-0c4c290cbcbc: Sackin index -0.1267; 1.0 s; peak memory 1352 MiB.
2026-10-09T02:36:13Z INFO [744/750] 7cd12462-718d-4ce8-a520-83f3f015aa3e: Sackin index -0.0917; 1.1 s; peak memory 1352 MiB.
2026-10-09T02:36:15Z INFO [745/750] 7cd136ab-e8ae-433d-85ba-4b75abc4b385: Sackin index -0.0824; 2.1 s; peak memory 1352 MiB.
2026-10-09T02:36:16Z INFO [746/750] 7cd1c1f8-f7ba-46d6-93b8-4c9da76f0274: Sackin index -0.1349; 0.9 s; peak memory 1352 MiB.
2026-10-09T02:36:17Z INFO [747/750] 7cd1e6a4-514e-4d4d-9430-58d150be045b: Sackin index -0.1349; 1.1 s; peak memory 1352 MiB.
2026-10-09T02:36:18Z INFO [748/750] 7cd265f1-9d67-4858-a56a-882942465c08: Sackin index -0.1602; 0.9 s; peak memory 1352 MiB.
2026-10-09T02:36:19Z INFO [749/750] 7cd36d6f-5653-46b4-a0a3-13ff4c8cbfff: Sackin index -0.0881; 1.3 s; peak memory 1352 MiB.
2026-10-09T02:36:36Z INFO [750/750] 7cd43239-c547-47b0-b592-c3dd584ca7b9: Sackin index -0.0271; 16.2 s; peak memory 1352 MiB.
2026-10-09T02:36:36Z INFO [750/750] 7cd43239-c547-47b0-b592-c3dd584ca7b9: checkpointed 107086 new records.
2026-10-09T02:36:36Z INFO Wrote 107086 records to /tmp/derivatives/valid_nwb_file_to_sackin_index.jsonl (750 new, 0 failed) in 111.0 min (peak memory 1352 MiB).
