2026-10-09T21:18:49Z INFO Logging to /tmp/logs/update_2026-10-09T21-18-49Z.log.
2026-10-09T21:18:49Z INFO Update valid-nwb-file-to-sackin-index (base directory /tmp).
2026-10-09T21:18:50Z INFO Processing 750 items (113086 already recorded).
2026-10-09T21:18:51Z INFO [1/750] 890c100f-b7de-4eeb-980e-60e37d51cb03: Sackin index -0.1349; 1.7 s; peak memory 124 MiB.
2026-10-09T21:18:53Z INFO [2/750] 890d102b-864f-4037-ba6b-c78eb670c8ff: Sackin index -0.0704; 2.0 s; peak memory 125 MiB.
2026-10-09T21:19:01Z INFO [3/750] 890d16f2-52aa-4f37-9187-881d4fd34a2a: Sackin index -0.0248; 7.7 s; peak memory 143 MiB.
2026-10-09T21:19:04Z INFO [4/750] 890d5257-ba14-4e20-a473-c0235930f294: Sackin index -0.0643; 2.9 s; peak memory 143 MiB.
2026-10-09T21:19:05Z INFO [5/750] 890d82ee-7209-4f61-a986-9bfe6567abf7: Sackin index -0.0702; 1.4 s; peak memory 143 MiB.
2026-10-09T21:19:07Z INFO [6/750] 890e2263-eb00-4138-bbd2-d212d61ef9b0: Sackin index -0.1380; 1.6 s; peak memory 144 MiB.
2026-10-09T21:19:09Z INFO [7/750] 890e2eb3-9d75-420e-81de-63368bb5762b: Sackin index -0.1210; 2.4 s; peak memory 144 MiB.
2026-10-09T21:19:10Z INFO [8/750] 890e2f93-e6eb-478d-9a3e-d68994403d47: Sackin index -0.1349; 1.3 s; peak memory 144 MiB.
2026-10-09T21:19:13Z INFO [9/750] 890e4572-c824-4815-9b18-48b38bd05080: Sackin index -0.0944; 2.2 s; peak memory 144 MiB.
2026-10-09T21:19:14Z INFO [10/750] 890e8919-ce06-4823-98a9-9b64f7c50ca4: Sackin index -0.0745; 1.7 s; peak memory 144 MiB.
2026-10-09T21:19:16Z INFO [11/750] 890fda14-db2c-4d06-9fc7-c52631a7602b: Sackin index -0.0728; 1.9 s; peak memory 144 MiB.
2026-10-09T21:19:18Z INFO [12/750] 890fe422-a6bb-429d-9e82-06af23ddc59d: Sackin index -0.1349; 1.4 s; peak memory 144 MiB.
2026-10-09T21:19:19Z INFO [13/750] 89104ccc-7d1b-407a-b5d4-dbbc35b9e857: Sackin index -0.1349; 1.3 s; peak memory 144 MiB.
2026-10-09T22:25:44Z INFO [14/750] 8910596f-790e-4626-88fc-588b77f4e58e: Sackin index -0.0199; 3984.8 s; peak memory 1120 MiB.
2026-10-09T22:25:50Z INFO [15/750] 8910dc33-0176-45c9-8217-bda2c2854268: Sackin index -0.0242; 6.5 s; peak memory 1120 MiB.
2026-10-09T22:25:51Z INFO [16/750] 8910de90-4151-461b-b94c-9de7564b9e31: Sackin index -0.1349; 1.2 s; peak memory 1120 MiB.
2026-10-09T22:25:59Z INFO [17/750] 8911917f-96ab-4806-af99-4e6abbbc90fc: Sackin index -0.0251; 7.5 s; peak memory 1120 MiB.
2026-10-09T22:26:00Z INFO [18/750] 891205fc-af22-4974-9add-f76231113f84: Sackin index -0.0709; 1.5 s; peak memory 1120 MiB.
2026-10-09T22:26:02Z INFO [19/750] 8913857f-6e7a-43f5-9670-9704db92fd60: Sackin index -0.1273; 1.7 s; peak memory 1120 MiB.
2026-10-09T22:26:05Z INFO [20/750] 8913f1d8-9299-4a70-9e20-b672de3844d6: Sackin index -0.0869; 3.2 s; peak memory 1120 MiB.
2026-10-09T22:26:07Z INFO [21/750] 8915e58c-26ac-4016-b0fa-caa8a7548593: Sackin index -0.0702; 1.6 s; peak memory 1120 MiB.
2026-10-09T22:26:13Z INFO [22/750] 8915e78c-a15c-4264-a34b-b34231387f50: Sackin index -0.0745; 5.5 s; peak memory 1120 MiB.
2026-10-09T22:26:14Z INFO [23/750] 8916079b-9f9c-4bff-9c50-c6bd3a745a81: Sackin index -0.1658; 1.0 s; peak memory 1120 MiB.
2026-10-09T22:26:15Z INFO [24/750] 89162400-d734-4b66-9b9f-b574cbe62579: Sackin index -0.0702; 1.6 s; peak memory 1120 MiB.
2026-10-09T22:26:27Z INFO [25/750] 89163af8-5612-481d-97b0-f170e1292bec: Sackin index -0.0341; 11.7 s; peak memory 1120 MiB.
2026-10-09T22:26:28Z INFO [26/750] 89165b83-60e1-4c64-92ee-9005b9ad7bd0: Sackin index -0.0709; 1.6 s; peak memory 1120 MiB.
2026-10-09T22:26:35Z INFO [27/750] 89169264-2920-40d6-b55f-8ff72ec5ca27: Sackin index -0.0438; 6.2 s; peak memory 1120 MiB.
2026-10-09T22:26:36Z INFO [28/750] 8916de42-f269-4715-aee6-8d6b2e56a956: Sackin index -0.1658; 1.0 s; peak memory 1120 MiB.
2026-10-09T22:26:47Z INFO [29/750] 891794e8-6e76-4509-8948-0205efc9fa57: Sackin index -0.0182; 11.8 s; peak memory 1120 MiB.
2026-10-09T22:26:48Z INFO [30/750] 8918017b-4414-4d4c-b04b-e1e8752a94b1: Sackin index -0.1349; 1.1 s; peak memory 1120 MiB.
2026-10-09T22:26:56Z INFO [31/750] 89185949-c9d8-4e49-a912-17e6b45fbe70: Sackin index -0.0455; 7.1 s; peak memory 1120 MiB.
2026-10-09T22:26:57Z INFO [32/750] 891866ce-74fa-4b50-8248-2b21ab3a848c: Sackin index -0.0391; 1.6 s; peak memory 1120 MiB.
2026-10-09T22:29:27Z INFO [33/750] 89187c4f-d30f-40f4-8f03-50d3f4255437: Sackin index -0.0493; 149.5 s; peak memory 1120 MiB.
2026-10-09T22:29:28Z INFO [34/750] 89189d99-cdd1-4ecc-9b4c-2c5e3be746f0: Sackin index -0.1349; 1.3 s; peak memory 1120 MiB.
2026-10-09T22:29:30Z INFO [35/750] 891905c3-dd8a-4900-9c9c-3fd20160b7a5: Sackin index -0.0728; 1.9 s; peak memory 1120 MiB.
2026-10-09T22:29:31Z INFO [36/750] 891984f5-6426-4b1c-9e85-771437b0025a: Sackin index -0.1331; 1.1 s; peak memory 1120 MiB.
2026-10-09T22:29:47Z INFO [37/750] 8919e09a-f4eb-4e5c-bae3-df4eaa773526: Sackin index -0.0153; 15.9 s; peak memory 1120 MiB.
2026-10-09T22:29:53Z INFO [38/750] 891a363a-6d16-4bbf-ac90-1b7aa265dd0c: Sackin index -0.0611; 6.3 s; peak memory 1120 MiB.
2026-10-09T22:30:04Z INFO [39/750] 891b4383-7c89-45b6-83cf-a5bc272852d9: Sackin index -0.0315; 10.4 s; peak memory 1120 MiB.
2026-10-09T22:30:10Z INFO [40/750] 891c406f-21f4-4f1d-b800-558678c408bb: Sackin index -0.0403; 6.6 s; peak memory 1120 MiB.
2026-10-09T22:30:12Z INFO [41/750] 891c891e-058b-4d60-830e-2b6a4f833adf: Sackin index -0.1288; 1.4 s; peak memory 1120 MiB.
2026-10-09T22:30:14Z INFO [42/750] 891cd7bd-ae0a-4940-9f5e-00a59bd575ff: Sackin index -0.0369; 2.1 s; peak memory 1120 MiB.
2026-10-09T22:30:16Z INFO [43/750] 891ce290-3d77-4a56-8528-047d620b1f53: Sackin index -0.0696; 1.9 s; peak memory 1120 MiB.
2026-10-09T22:30:30Z INFO [44/750] 891cf72e-ff85-4680-9d9c-bffabc3b27ee: Sackin index -0.0102; 13.9 s; peak memory 1120 MiB.
2026-10-09T22:30:31Z INFO [45/750] 891d3ee3-f2b6-432a-b15e-a1bc4e98f3be: Sackin index -0.1461; 1.2 s; peak memory 1120 MiB.
2026-10-09T22:30:32Z INFO [46/750] 891dc2bd-9d7d-48b5-ba18-7a4934442d79: Sackin index -0.0383; 1.5 s; peak memory 1120 MiB.
2026-10-09T22:30:35Z INFO [47/750] 891f467d-d825-4d19-9581-fc2e1cf65a06: Sackin index -0.0728; 2.1 s; peak memory 1120 MiB.
2026-10-09T22:30:37Z INFO [48/750] 891f8ee1-f661-470c-814c-a8f0fec38317: Sackin index -0.0369; 2.2 s; peak memory 1120 MiB.
2026-10-09T22:30:38Z INFO [49/750] 89202d46-0529-433f-8aad-b122ff747afc: Sackin index -0.1349; 1.2 s; peak memory 1120 MiB.
2026-10-09T22:30:39Z INFO [50/750] 8920d220-aeda-4112-9722-eb83b109b6f2: Sackin index -0.1349; 1.1 s; peak memory 1120 MiB.
2026-10-09T22:30:39Z INFO [50/750] 8920d220-aeda-4112-9722-eb83b109b6f2: checkpointed 113136 new records.
2026-10-09T22:30:40Z INFO [51/750] 89226d22-6778-48c3-919a-f3e6365e3cdd: Sackin index -0.1135; 1.0 s; peak memory 1120 MiB.
2026-10-09T22:30:42Z INFO [52/750] 892340f3-549a-4552-98d1-101fbaf6571a: Sackin index -0.0369; 1.9 s; peak memory 1120 MiB.
2026-10-09T22:30:45Z INFO [53/750] 89241785-0d67-4dcf-a85a-163a04bffae1: Sackin index -0.0984; 2.7 s; peak memory 1120 MiB.
2026-10-09T22:30:46Z INFO [54/750] 8924a95e-32f4-4031-95b6-a804837857d1: Sackin index -0.1602; 1.5 s; peak memory 1120 MiB.
2026-10-09T22:30:50Z INFO [55/750] 89254b04-55b7-457d-9fc9-eafa41109b36: Sackin index -0.0634; 3.5 s; peak memory 1120 MiB.
2026-10-09T22:30:52Z INFO [56/750] 892570e7-275b-4faa-b70a-9eb57b16802d: Sackin index -0.1224; 2.3 s; peak memory 1120 MiB.
2026-10-09T22:30:54Z INFO [57/750] 8925c691-3867-4b0c-8486-cbbccb7501f2: Sackin index -0.1349; 1.4 s; peak memory 1120 MiB.
2026-10-09T22:30:55Z INFO [58/750] 89263897-d8d9-45a8-8c2d-5753746ce1e4: Sackin index -0.0702; 1.6 s; peak memory 1120 MiB.
2026-10-09T22:30:56Z INFO [59/750] 892656fb-8069-4707-adbf-5a26b17474c2: Sackin index -0.1349; 1.3 s; peak memory 1120 MiB.
2026-10-09T22:30:58Z INFO [60/750] 8927c95d-ffec-491b-9253-c744bc8109fa: Sackin index -0.0702; 1.6 s; peak memory 1120 MiB.
2026-10-09T22:31:23Z INFO [61/750] 8927d724-f5ef-420e-84dd-05f2d81685e1: Sackin index -0.1367; 24.6 s; peak memory 1120 MiB.
2026-10-09T22:31:25Z INFO [62/750] 89285d6a-6391-4c99-96b6-4b020fa1aa86: Sackin index -0.0275; 2.2 s; peak memory 1120 MiB.
2026-10-09T22:31:28Z INFO [63/750] 8928b2b7-df0e-4c33-9c46-d74b8f321de4: Sackin index -0.0688; 2.7 s; peak memory 1120 MiB.
2026-10-09T22:31:31Z INFO [64/750] 892a1ff7-0f70-4810-a48d-b60bc133e226: Sackin index -0.1938; 3.0 s; peak memory 1120 MiB.
2026-10-09T22:31:32Z INFO [65/750] 892a2c76-ffb0-435d-9167-1897719dc5fe: Sackin index -0.1349; 1.3 s; peak memory 1120 MiB.
2026-10-09T22:31:35Z INFO [66/750] 892b9598-2e20-4040-8b7b-6d0d9c8d07f9: Sackin index -0.0699; 2.9 s; peak memory 1120 MiB.
2026-10-09T22:31:37Z INFO [67/750] 892bd106-a8af-465a-9e2d-1b2cd25e5ef4: Sackin index -0.0375; 2.1 s; peak memory 1120 MiB.
2026-10-09T22:31:38Z INFO [68/750] 892c4dd2-44d9-4af9-b0cf-0e010f873205: Sackin index -0.1361; 1.2 s; peak memory 1120 MiB.
2026-10-09T22:31:40Z INFO [69/750] 892dc713-fc4f-4e00-bcdb-6942253f3d90: Sackin index -0.1349; 1.4 s; peak memory 1120 MiB.
2026-10-09T22:31:41Z INFO [70/750] 892de623-19cb-454d-a126-e3e77c3a4900: Sackin index -0.1349; 1.3 s; peak memory 1120 MiB.
2026-10-09T22:36:20Z INFO [71/750] 892ea4cc-d8b3-4811-b725-54735f62eb75: Sackin index -0.0414; 279.3 s; peak memory 1120 MiB.
2026-10-09T22:36:22Z INFO [72/750] 892f0e53-ca8d-4a40-aa90-71611bf2377e: Sackin index -0.1248; 1.6 s; peak memory 1120 MiB.
2026-10-09T22:36:33Z INFO [73/750] 892f11d7-432b-4f89-8405-72ee41f41aa5: Sackin index -0.0165; 10.9 s; peak memory 1120 MiB.
2026-10-09T22:36:34Z INFO [74/750] 892f351c-d52d-4525-afae-7b94bbaeb8e1: Sackin index -0.1349; 1.2 s; peak memory 1120 MiB.
2026-10-09T22:36:35Z INFO [75/750] 892f3de0-04d0-41d6-a9e0-133e5a79275f: Sackin index -0.1349; 1.3 s; peak memory 1120 MiB.
2026-10-09T22:36:37Z INFO [76/750] 892f5ab1-68fa-4467-8f30-f8d9b1adf404: Sackin index -0.1602; 1.6 s; peak memory 1120 MiB.
2026-10-09T22:36:38Z INFO [77/750] 892f9d09-4624-4f9b-8582-c9b2693af352: Sackin index -0.1349; 1.3 s; peak memory 1120 MiB.
2026-10-09T22:36:45Z INFO [78/750] 892fe810-2567-4176-b482-2ad77dbe7851: Sackin index -0.0476; 6.6 s; peak memory 1120 MiB.
2026-10-09T22:36:46Z INFO [79/750] 892ffe1c-edee-4381-98fb-05104c43b29c: Sackin index -0.1000; 1.8 s; peak memory 1120 MiB.
2026-10-09T22:36:48Z INFO [80/750] 8930468a-bffc-4037-a525-54626034e0fa: Sackin index -0.1349; 1.2 s; peak memory 1120 MiB.
2026-10-09T22:44:01Z INFO [81/750] 8930caee-9db1-43e0-ab68-b9e741b17faf: Sackin index -0.0587; 433.6 s; peak memory 1120 MiB.
2026-10-09T22:44:02Z INFO [82/750] 8930d522-cbf3-4123-820d-b99e92a00e7d: Sackin index -0.1133; 1.2 s; peak memory 1120 MiB.
2026-10-09T22:46:39Z INFO [83/750] 8931a37f-4caf-41f1-ba04-b48fba8a94be: Sackin index -0.0419; 157.0 s; peak memory 1120 MiB.
2026-10-09T22:46:46Z INFO [84/750] 8931aa88-e8eb-46ea-a6b6-0e5f53246fda: Sackin index -0.0247; 6.3 s; peak memory 1120 MiB.
2026-10-09T22:46:58Z INFO [85/750] 8931e4cb-67d5-4b5a-af26-a8e5291f284f: Sackin index -0.0293; 12.5 s; peak memory 1120 MiB.
2026-10-09T22:47:00Z INFO [86/750] 89320258-a5fc-4b79-8a18-6782cbff9e5d: Sackin index -0.0702; 1.8 s; peak memory 1120 MiB.
2026-10-09T22:47:01Z INFO [87/750] 8932a9c4-cdb4-414e-b4fe-e2753857ecea: Sackin index -0.1349; 1.3 s; peak memory 1120 MiB.
2026-10-09T22:47:06Z INFO [88/750] 8932f55a-cffc-4fee-b9e7-26fbaeabb520: Sackin index -0.1562; 5.2 s; peak memory 1120 MiB.
2026-10-09T22:47:13Z INFO [89/750] 89341518-58b2-415f-860c-70e388f3007d: Sackin index -0.0266; 6.5 s; peak memory 1120 MiB.
2026-10-09T22:47:15Z INFO [90/750] 8934cdb5-51ca-4c0c-9a4e-ba779505a6dc: Sackin index -0.1046; 1.6 s; peak memory 1120 MiB.
2026-10-09T22:47:23Z INFO [91/750] 89370959-a815-4e25-97fb-897306bb04b7: Sackin index -0.0251; 8.8 s; peak memory 1120 MiB.
2026-10-09T22:47:26Z INFO [92/750] 893716a7-1b9b-4cd4-9516-de89ccd94258: Sackin index -0.0579; 2.9 s; peak memory 1120 MiB.
2026-10-09T22:47:48Z INFO [93/750] 89378c9f-3773-42d2-a31f-0feac4a506c5: Sackin index -0.0150; 22.1 s; peak memory 1120 MiB.
2026-10-09T22:47:51Z INFO [94/750] 893803e1-c5fa-484b-a5c6-a34c6fb6d884: Sackin index -0.0738; 2.3 s; peak memory 1120 MiB.
2026-10-09T22:47:52Z INFO [95/750] 893866c3-f100-4d18-b2aa-87c1d2385cf6: Sackin index -0.0390; 1.6 s; peak memory 1120 MiB.
2026-10-09T22:47:59Z INFO [96/750] 8938aa73-f4a3-4b5f-85b6-032730674e25: Sackin index -0.0635; 6.4 s; peak memory 1120 MiB.
2026-10-09T22:48:00Z INFO [97/750] 89395aaf-cdb8-4127-9735-15a753eb2b28: Sackin index -0.1248; 1.4 s; peak memory 1120 MiB.
2026-10-09T22:48:07Z INFO [98/750] 8939bb87-6625-4783-baf6-d6794652819f: Sackin index -0.0383; 6.6 s; peak memory 1120 MiB.
2026-10-09T22:48:08Z INFO [99/750] 893a4d64-0666-4956-a7f3-3ff54aba6932: Sackin index -0.1349; 1.2 s; peak memory 1120 MiB.
2026-10-09T22:48:15Z INFO [100/750] 893c20d2-5c16-4052-a2f1-30dbf17a7701: Sackin index -0.0248; 6.9 s; peak memory 1120 MiB.
2026-10-09T22:48:15Z INFO [100/750] 893c20d2-5c16-4052-a2f1-30dbf17a7701: checkpointed 113186 new records.
2026-10-09T22:48:17Z INFO [101/750] 893c6075-7e90-463e-86c1-e5f26bdf26d7: Sackin index -0.0728; 2.0 s; peak memory 1120 MiB.
2026-10-09T22:48:18Z INFO [102/750] 893d4ca3-b7db-45b5-8f20-aa2b1ec1f0c2: Sackin index -0.1349; 1.2 s; peak memory 1120 MiB.
2026-10-09T22:48:21Z INFO [103/750] 893d643a-00e7-4d34-8fce-03298531591a: Sackin index -0.0676; 2.9 s; peak memory 1120 MiB.
2026-10-09T22:48:22Z INFO [104/750] 893d7589-5d82-4051-9b37-0163266e9f17: Sackin index -0.1349; 1.2 s; peak memory 1120 MiB.
2026-10-09T22:48:24Z INFO [105/750] 893edfc7-ec09-4b3d-8a83-d8277d61d723: Sackin index -0.1248; 1.4 s; peak memory 1120 MiB.
2026-10-09T22:48:25Z INFO [106/750] 893f3a33-696b-498c-896d-2594e970b89e: Sackin index -0.0702; 1.6 s; peak memory 1120 MiB.
2026-10-09T22:48:27Z INFO [107/750] 893ff7b8-f345-4ce3-a6ee-6967c417b1ec: Sackin index -0.0369; 2.1 s; peak memory 1120 MiB.
2026-10-09T22:48:29Z INFO [108/750] 89409f81-5498-4a89-bccc-410cd64aec3f: Sackin index -0.1349; 1.3 s; peak memory 1120 MiB.
2026-10-09T22:48:30Z INFO [109/750] 8940f4e0-ad2f-4637-b368-cfe1c26a007f: Sackin index -0.1349; 1.2 s; peak memory 1120 MiB.
2026-10-09T22:48:32Z INFO [110/750] 8942387b-7dd3-47d1-9d0b-ad288fa18fc1: Sackin index -0.0513; 1.9 s; peak memory 1120 MiB.
2026-10-09T22:48:33Z INFO [111/750] 8942e960-d7d9-4d73-83cc-4ec65c60a283: Sackin index -0.1349; 1.2 s; peak memory 1120 MiB.
2026-10-09T22:48:34Z INFO [112/750] 8943850a-c285-48f8-af1c-0f9509c0d3af: Sackin index -0.1403; 1.2 s; peak memory 1120 MiB.
2026-10-09T22:48:37Z INFO [113/750] 8944bf7c-8388-4605-b0d4-72a680ead2c7: Sackin index -0.0350; 3.0 s; peak memory 1120 MiB.
2026-10-09T22:48:39Z INFO [114/750] 89452006-73c4-49d2-be31-edcbe829c075: Sackin index -0.0423; 2.0 s; peak memory 1120 MiB.
2026-10-09T22:48:41Z INFO [115/750] 89453a8d-d306-4556-a2b5-14638b133e58: Sackin index -0.0369; 1.9 s; peak memory 1120 MiB.
2026-10-09T22:48:44Z INFO [116/750] 89457a64-16a4-413a-82bd-671e294a665f: Sackin index -0.0738; 2.6 s; peak memory 1120 MiB.
2026-10-09T22:48:47Z INFO [117/750] 894653c7-0a3b-413d-843b-8977b0fe7ab2: Sackin index -0.0681; 2.8 s; peak memory 1120 MiB.
2026-10-09T22:48:48Z INFO [118/750] 8946893e-0f16-4589-90b6-6df69747b9d0: Sackin index -0.1303; 1.2 s; peak memory 1120 MiB.
2026-10-09T22:48:50Z INFO [119/750] 8946e657-3854-4200-9a98-424545b83308: Sackin index -0.1291; 1.8 s; peak memory 1120 MiB.
2026-10-09T22:48:55Z INFO [120/750] 8947e154-c9f4-4bdf-bd56-ccf474fc4627: Sackin index -0.0403; 5.5 s; peak memory 1120 MiB.
2026-10-09T22:48:59Z INFO [121/750] 894897d5-fcb0-49ef-8cf6-9b3f0afdc74a: Sackin index -0.0886; 3.5 s; peak memory 1120 MiB.
2026-10-09T22:49:00Z INFO [122/750] 8949fe33-47fe-46ab-8a21-92f4f87f0a17: Sackin index -0.1349; 1.3 s; peak memory 1120 MiB.
2026-10-09T22:49:01Z INFO [123/750] 894a3a96-3ad3-428e-819e-7f53a64965ac: Sackin index -0.1349; 1.3 s; peak memory 1120 MiB.
2026-10-09T22:49:02Z INFO [124/750] 894a9db4-865e-4f46-a693-33b7fb3dad85: Sackin index -0.1710; 1.0 s; peak memory 1120 MiB.
2026-10-09T22:49:04Z INFO [125/750] 894ad75b-1a31-4025-b0cf-0e64d0b97ecb: Sackin index -0.1349; 1.3 s; peak memory 1120 MiB.
2026-10-09T22:49:05Z INFO [126/750] 894b25ce-a6cc-4783-b5f3-a4e7a64e9d4d: Sackin index -0.0702; 1.8 s; peak memory 1120 MiB.
2026-10-09T22:49:07Z INFO [127/750] 894b7c38-0883-4800-9890-06be1747aff1: Sackin index -0.1349; 1.2 s; peak memory 1120 MiB.
2026-10-09T22:49:09Z INFO [128/750] 894d0f9c-e908-4ca5-b259-7bb010483408: Sackin index -0.0728; 2.1 s; peak memory 1120 MiB.
2026-10-09T22:49:10Z INFO [129/750] 894e6ec0-7458-4851-b483-8a592670089c: Sackin index -0.1484; 1.2 s; peak memory 1120 MiB.
2026-10-09T22:49:12Z INFO [130/750] 894e7990-dc53-4e46-ac8f-bd9c9aa0b30f: Sackin index -0.0732; 1.7 s; peak memory 1120 MiB.
2026-10-09T22:49:12Z INFO [131/750] 894ef739-5517-40e8-a135-be3e5c160573: Sackin index -0.2000; 0.9 s; peak memory 1120 MiB.
2026-10-09T22:49:14Z INFO [132/750] 894f741f-586a-46d1-8658-bdaf6ba98e67: Sackin index -0.1331; 1.1 s; peak memory 1120 MiB.
2026-10-09T22:50:05Z INFO [133/750] 894f8781-265d-425e-b646-9db03c7704d5: Sackin index -0.0083; 51.0 s; peak memory 1120 MiB.
2026-10-09T22:50:06Z INFO [134/750] 894ff0d5-d095-495e-b32f-43bdad39a3d1: Sackin index -0.0728; 1.7 s; peak memory 1120 MiB.
2026-10-09T22:50:08Z INFO [135/750] 89506ce8-12c9-469c-845e-d85e1be43edb: Sackin index -0.0709; 1.6 s; peak memory 1120 MiB.
2026-10-09T22:50:09Z INFO [136/750] 89514e55-aa83-4e17-92aa-eec1e9dcfe16: Sackin index -0.1658; 1.0 s; peak memory 1120 MiB.
2026-10-09T22:50:11Z INFO [137/750] 89519b9f-5734-489f-971f-4bdd30572c1e: Sackin index -0.1026; 1.7 s; peak memory 1120 MiB.
2026-10-09T22:50:12Z INFO [138/750] 8952ab0a-e234-47a7-ba2d-cf36d1853f47: Sackin index -0.2168; 1.0 s; peak memory 1120 MiB.
2026-10-09T22:50:13Z INFO [139/750] 895351d9-cb3c-4fd8-ae9e-07b023a89ddf: Sackin index -0.1349; 1.3 s; peak memory 1120 MiB.
2026-10-09T22:50:14Z INFO [140/750] 895365e2-357c-47c7-84e9-c97730a49f8e: Sackin index -0.1349; 1.3 s; peak memory 1120 MiB.
2026-10-09T22:50:16Z INFO [141/750] 8953beb7-314c-4109-9d60-92e8f93ae5a3: Sackin index -0.0702; 1.6 s; peak memory 1120 MiB.
2026-10-09T22:50:17Z INFO [142/750] 8954185a-5d31-460a-8df4-0e38e0187fa3: Sackin index -0.1349; 1.4 s; peak memory 1120 MiB.
2026-10-09T22:50:18Z INFO [143/750] 89545b44-37ef-473d-b0ab-7c50b213dffb: Sackin index -0.2000; 0.9 s; peak memory 1120 MiB.
2026-10-09T22:50:19Z INFO [144/750] 8954f0bd-3858-4967-b90a-aa8fd8c0ea9c: Sackin index -0.1349; 1.2 s; peak memory 1120 MiB.
2026-10-09T22:50:22Z INFO [145/750] 89551a4c-b917-4ccc-a171-c7381d2a6d89: Sackin index -0.0728; 2.2 s; peak memory 1120 MiB.
2026-10-09T22:50:23Z INFO [146/750] 89558692-9de5-4172-a1bf-57915e69f980: Sackin index -0.1349; 1.4 s; peak memory 1120 MiB.
2026-10-09T22:52:47Z INFO [147/750] 89562245-e990-4271-a215-97cc22cd2088: Sackin index -0.0573; 143.5 s; peak memory 1120 MiB.
2026-10-09T22:52:48Z INFO [148/750] 89562324-318b-44ae-aa3f-0431018e0e6c: Sackin index -0.0375; 2.0 s; peak memory 1120 MiB.
2026-10-09T22:52:50Z INFO [149/750] 895823b4-7ca3-4aa2-ad2f-c45afb264447: Sackin index -0.1349; 1.2 s; peak memory 1120 MiB.
2026-10-09T22:52:51Z INFO [150/750] 8958452f-11e7-47cc-b4eb-8c5f9b1c5cd3: Sackin index -0.1683; 1.3 s; peak memory 1120 MiB.
2026-10-09T22:52:51Z INFO [150/750] 8958452f-11e7-47cc-b4eb-8c5f9b1c5cd3: checkpointed 113236 new records.
2026-10-09T22:52:52Z INFO [151/750] 8959149f-27fa-44ae-a6f7-4df6c9892c6e: Sackin index -0.1349; 1.3 s; peak memory 1120 MiB.
2026-10-09T22:52:56Z INFO [152/750] 8959672d-e94e-49e1-b606-cfa6a4464c6a: Sackin index -0.0686; 3.4 s; peak memory 1120 MiB.
2026-10-09T22:53:09Z INFO [153/750] 895aba6e-4c12-420f-aed5-b3a67b99bc82: Sackin index -0.0155; 13.0 s; peak memory 1120 MiB.
2026-10-09T22:53:20Z INFO [154/750] 895abcc1-ebc9-457d-b953-9e965800a740: Sackin index -0.1310; 11.5 s; peak memory 1120 MiB.
2026-10-09T22:53:31Z INFO [155/750] 895b3502-eaa7-462a-aec5-9a0d577a2705: Sackin index -0.0215; 11.2 s; peak memory 1120 MiB.
2026-10-09T22:53:46Z INFO [156/750] 895b4b85-13b4-4697-a424-e3e46beaa5f0: Sackin index -0.0141; 14.2 s; peak memory 1120 MiB.
2026-10-09T22:53:47Z INFO [157/750] 895bf55c-8f9a-4fc8-885a-e2361b605104: Sackin index -0.1349; 1.1 s; peak memory 1120 MiB.
2026-10-09T22:53:48Z INFO [158/750] 895c3691-b341-46dc-b0ff-256c6aad2f64: Sackin index -0.1191; 1.4 s; peak memory 1120 MiB.
2026-10-09T22:53:50Z INFO [159/750] 895c401b-9e24-4375-acaa-bcce70e82fff: Sackin index -0.0728; 1.6 s; peak memory 1120 MiB.
2026-10-09T22:54:42Z INFO [160/750] 895c4f18-5d00-44cf-84ae-f9d5c79add99: Sackin index -0.1076; 52.7 s; peak memory 1120 MiB.
2026-10-09T22:54:43Z INFO [161/750] 895d1cd4-7b8a-4eda-a8e3-1950832bdffd: Sackin index -0.1349; 1.1 s; peak memory 1120 MiB.
2026-10-09T22:54:45Z INFO [162/750] 895d7535-ebb0-49e4-9d95-c3e648189989: Sackin index -0.1349; 1.2 s; peak memory 1120 MiB.
2026-10-09T22:54:47Z INFO [163/750] 895dbd75-28cb-402a-aed4-7c54309a4505: Sackin index -0.0369; 2.3 s; peak memory 1120 MiB.
2026-10-09T22:54:48Z INFO [164/750] 895df4ae-b21c-45c2-9a75-bbdcc23c29e6: Sackin index -0.1398; 1.2 s; peak memory 1120 MiB.
2026-10-09T22:54:49Z INFO [165/750] 895e0f88-43ee-4406-aa01-f93f643eac5e: Sackin index -0.1349; 1.2 s; peak memory 1120 MiB.
2026-10-09T22:55:08Z INFO [166/750] 895f3686-23c2-4ae5-976c-13e11b12583c: Sackin index -0.0237; 19.1 s; peak memory 1120 MiB.
2026-10-09T22:55:15Z INFO [167/750] 895f86b0-f6cf-4915-b07a-6b040bcf37db: Sackin index -0.0438; 7.0 s; peak memory 1120 MiB.
2026-10-09T22:55:17Z INFO [168/750] 895fc2c4-e825-4509-908a-0b460c4fb496: Sackin index -0.0702; 1.5 s; peak memory 1120 MiB.
2026-10-09T22:55:18Z INFO [169/750] 896185fa-4c38-4605-93a1-a4b016b88a79: Sackin index -0.1349; 1.2 s; peak memory 1120 MiB.
2026-10-09T22:55:19Z INFO [170/750] 8963696a-353c-485d-8699-2f859e80c2c2: Sackin index -0.1174; 1.3 s; peak memory 1120 MiB.
2026-10-09T22:55:21Z INFO [171/750] 8963aedd-5c9a-45c1-bf61-68961e2156a0: Sackin index -0.1658; 1.1 s; peak memory 1120 MiB.
2026-10-09T22:55:23Z INFO [172/750] 89644711-c727-4d8f-ad3b-a00e8c0121ac: Sackin index -0.0818; 2.8 s; peak memory 1120 MiB.
2026-10-09T22:55:25Z INFO [173/750] 896483d6-cd40-4b41-ab59-c1a75b74e091: Sackin index -0.0375; 1.8 s; peak memory 1120 MiB.
2026-10-09T22:55:28Z INFO [174/750] 8964d366-f7c4-47de-a311-49228e0f7ce5: Sackin index -0.0576; 2.7 s; peak memory 1120 MiB.
2026-10-09T22:55:29Z INFO [175/750] 8965462b-2c52-4b79-993e-4adf79659bb6: Sackin index -0.1349; 1.4 s; peak memory 1120 MiB.
2026-10-09T22:55:31Z INFO [176/750] 89657e2c-42ba-4cd4-b756-b9206f394f85: Sackin index -0.0696; 1.6 s; peak memory 1120 MiB.
2026-10-09T22:55:33Z INFO [177/750] 8965cc2e-84cf-4a0d-8c5e-2ed7b1df2e33: Sackin index -0.0362; 2.5 s; peak memory 1120 MiB.
2026-10-09T22:55:35Z INFO [178/750] 89661578-304a-47a0-89ea-052779fd6c28: Sackin index -0.1248; 1.4 s; peak memory 1120 MiB.
2026-10-09T22:55:37Z INFO [179/750] 89661965-f5cb-47a5-88d2-9f2399321e75: Sackin index -0.0369; 2.3 s; peak memory 1120 MiB.
2026-10-09T22:55:38Z INFO [180/750] 89676b8b-e574-43c0-9668-f468289777c7: Sackin index -0.2147; 1.0 s; peak memory 1120 MiB.
2026-10-09T23:00:04Z INFO [181/750] 8967ed47-f058-4f9e-b219-f482f8d6bc67: Sackin index -0.0269; 265.7 s; peak memory 1120 MiB.
2026-10-09T23:00:05Z INFO [182/750] 896a5347-5bac-40a3-9535-652010c32a73: Sackin index -0.1349; 1.2 s; peak memory 1120 MiB.
2026-10-09T23:00:15Z INFO [183/750] 896a5cd7-7b97-4a5b-ad23-c5b694d2ec1a: Sackin index -0.0892; 10.1 s; peak memory 1120 MiB.
2026-10-09T23:00:18Z INFO [184/750] 896b8ec0-c4f7-4e93-a1c1-2e6f198cd793: Sackin index -0.0681; 2.5 s; peak memory 1120 MiB.
2026-10-09T23:00:36Z INFO [185/750] 896c48a4-b1f1-4684-94bf-36553adc44fe: Sackin index -0.0120; 18.3 s; peak memory 1120 MiB.
2026-10-09T23:00:38Z INFO [186/750] 896c6cb2-60a2-4640-ac69-f1a999bc8b43: Sackin index -0.1210; 2.1 s; peak memory 1120 MiB.
2026-10-09T23:00:40Z INFO [187/750] 896c7279-5753-472b-a950-84511eac149e: Sackin index -0.0728; 1.7 s; peak memory 1120 MiB.
2026-10-09T23:00:42Z INFO [188/750] 896caabe-d248-4548-a004-ce8f6ef376d5: Sackin index -0.0728; 2.0 s; peak memory 1120 MiB.
2026-10-09T23:00:47Z INFO [189/750] 896d112e-b993-46ff-8f0d-0a84bdee4bc8: Sackin index -0.0341; 5.4 s; peak memory 1120 MiB.
2026-10-09T23:00:49Z INFO [190/750] 896e0b1f-5d5f-4c38-91f9-667bb1aed315: Sackin index -0.0382; 1.7 s; peak memory 1120 MiB.
2026-10-09T23:00:51Z INFO [191/750] 8970288d-b86e-40c4-ad01-5ee49e049ae4: Sackin index -0.0728; 1.8 s; peak memory 1120 MiB.
2026-10-09T23:00:52Z INFO [192/750] 8970e2d7-1bea-4f9a-bd1c-a57140f6dfc2: Sackin index -0.2000; 1.0 s; peak memory 1120 MiB.
2026-10-09T23:00:54Z INFO [193/750] 897124e1-541d-4cd4-81a4-50d9a5261541: Sackin index -0.0728; 1.9 s; peak memory 1120 MiB.
2026-10-09T23:01:00Z INFO [194/750] 8971dfcd-94e7-4c2f-b60a-0eb23a5d5626: Sackin index -0.0238; 6.1 s; peak memory 1120 MiB.
2026-10-09T23:01:01Z INFO [195/750] 8971f33f-e69a-4707-b7de-c87b9a653962: Sackin index -0.0696; 1.7 s; peak memory 1120 MiB.
2026-10-09T23:01:03Z INFO [196/750] 89728f7d-36d1-446c-b2de-1e70c9f8a567: Sackin index -0.0696; 1.5 s; peak memory 1120 MiB.
2026-10-09T23:01:04Z INFO [197/750] 89729216-ed6d-4a21-8a42-83e24f58afc5: Sackin index -0.1349; 1.2 s; peak memory 1120 MiB.
2026-10-09T23:01:05Z INFO [198/750] 8973262b-b465-46d8-bf54-c39ae405fc15: Sackin index -0.1349; 1.1 s; peak memory 1120 MiB.
2026-10-09T23:01:18Z INFO [199/750] 8973ba16-f02d-4ffd-8bfb-5b08041965fa: Sackin index -0.0146; 12.4 s; peak memory 1120 MiB.
2026-10-09T23:01:19Z INFO [200/750] 8973bbf9-acf7-49e3-900a-bbd269b541b2: Sackin index -0.1349; 1.2 s; peak memory 1120 MiB.
2026-10-09T23:01:19Z INFO [200/750] 8973bbf9-acf7-49e3-900a-bbd269b541b2: checkpointed 113286 new records.
2026-10-09T23:01:21Z INFO [201/750] 8973e166-ae4a-4fb2-b097-019a5e8b86fb: Sackin index -0.1248; 1.3 s; peak memory 1120 MiB.
2026-10-09T23:01:22Z INFO [202/750] 89746f0e-50d8-49ac-a8a1-6d7fbabd6c86: Sackin index -0.0745; 1.8 s; peak memory 1120 MiB.
2026-10-09T23:01:24Z INFO [203/750] 8974d93c-2f37-4809-93aa-c53bddf1aa6b: Sackin index -0.0745; 1.5 s; peak memory 1120 MiB.
2026-10-09T23:01:27Z INFO [204/750] 89759a36-79d7-4449-984d-6e864f46d6f6: Sackin index -0.0681; 3.0 s; peak memory 1120 MiB.
2026-10-09T23:01:33Z INFO [205/750] 8976966c-4349-4fff-8b38-9d00045a03e9: Sackin index -0.0256; 6.6 s; peak memory 1120 MiB.
2026-10-09T23:01:37Z INFO [206/750] 8976ea1d-a9da-4cb3-bbbe-c999c193bbcb: Sackin index -0.0660; 3.5 s; peak memory 1120 MiB.
2026-10-09T23:01:38Z INFO [207/750] 897743b8-ff43-4848-a281-d8b3714ca039: Sackin index -0.1658; 1.0 s; peak memory 1120 MiB.
2026-10-09T23:01:39Z INFO [208/750] 89774e6d-e313-41aa-99db-3d7486c696e8: Sackin index -0.1349; 1.2 s; peak memory 1120 MiB.
2026-10-09T23:01:41Z INFO [209/750] 89780f4d-30bd-40d7-910c-46df45aafb91: Sackin index -0.1349; 1.5 s; peak memory 1120 MiB.
2026-10-09T23:01:44Z INFO [210/750] 897854b7-5f56-451b-91e0-55d22897a085: Sackin index -0.0652; 3.1 s; peak memory 1120 MiB.
2026-10-09T23:04:14Z INFO [211/750] 8978eb2b-6e86-464e-b506-9381229a5e6e: Sackin index -0.0305; 150.3 s; peak memory 1120 MiB.
2026-10-09T23:04:15Z INFO [212/750] 89792249-5b1a-4394-b164-55baa3e6e276: Sackin index -0.1398; 1.4 s; peak memory 1120 MiB.
2026-10-09T23:04:20Z INFO [213/750] 89798f64-3896-4a47-b633-2942e0b6c859: Sackin index -0.0507; 4.9 s; peak memory 1120 MiB.
2026-10-09T23:04:22Z INFO [214/750] 897bc4e8-5087-4ccc-9803-48225edfb27c: Sackin index -0.1349; 1.3 s; peak memory 1120 MiB.
2026-10-09T23:04:24Z INFO [215/750] 897c5091-7c67-4db7-859f-ff1a05f84064: Sackin index -0.0709; 1.9 s; peak memory 1120 MiB.
2026-10-09T23:04:25Z INFO [216/750] 897cf0b3-3849-4abc-b759-eafe3bda2d3e: Sackin index -0.0696; 1.6 s; peak memory 1120 MiB.
2026-10-09T23:04:28Z INFO [217/750] 897d4d16-87ad-424e-91c8-fc8f8fcb6022: Sackin index -0.0699; 2.8 s; peak memory 1120 MiB.
2026-10-09T23:04:39Z INFO [218/750] 897e2f55-4dff-40b1-be35-5252d91e96fe: Sackin index -0.1310; 11.3 s; peak memory 1120 MiB.
2026-10-09T23:04:50Z INFO [219/750] 897f0d14-2fd7-4972-830f-a54728927384: Sackin index -0.0154; 11.0 s; peak memory 1120 MiB.
2026-10-09T23:10:26Z INFO [220/750] 89808aff-f03c-463f-b38a-a2c9d47641c6: Sackin index -0.0409; 336.2 s; peak memory 1120 MiB.
2026-10-09T23:10:28Z INFO [221/750] 89818ce6-4132-4439-ac61-4f77f2ef0083: Sackin index -0.1938; 1.2 s; peak memory 1120 MiB.
2026-10-09T23:10:39Z INFO [222/750] 8981d247-70a9-4acf-ad6a-1bdc887c7c59: Sackin index -0.0017; 11.1 s; peak memory 1120 MiB.
2026-10-09T23:10:40Z INFO [223/750] 8981d72f-3a82-408d-8412-0ef763fdf2f8: Sackin index -0.1658; 1.0 s; peak memory 1120 MiB.
2026-10-09T23:10:41Z INFO [224/750] 89822aec-1e8b-4397-b363-e0c0fb4b997e: Sackin index -0.0696; 1.5 s; peak memory 1120 MiB.
2026-10-09T23:10:42Z INFO [225/750] 89828aec-a2d1-4699-a178-b8d6c25affe9: Sackin index -0.2411; 1.1 s; peak memory 1120 MiB.
2026-10-09T23:10:45Z INFO [226/750] 89829215-d83d-4781-8c03-cb6c4416df11: Sackin index -0.0272; 2.8 s; peak memory 1120 MiB.
2026-10-09T23:10:47Z INFO [227/750] 8982f673-04c4-4c1e-b161-ef9e0988f9a1: Sackin index -0.0702; 1.8 s; peak memory 1120 MiB.
2026-10-09T23:10:49Z INFO [228/750] 898320ca-a80a-466c-9219-05629c4861ab: Sackin index -0.1194; 1.7 s; peak memory 1120 MiB.
2026-10-09T23:10:50Z INFO [229/750] 89834b58-f0b6-467a-bd13-499d3ccc5750: Sackin index -0.1658; 1.1 s; peak memory 1120 MiB.
2026-10-09T23:10:51Z INFO [230/750] 8983e4c1-aca3-4f1f-9e0f-c103f1c44bfb: Sackin index -0.1349; 1.4 s; peak memory 1120 MiB.
2026-10-09T23:10:52Z INFO [231/750] 8985a456-fc84-445e-a3a9-bdc15870b642: Sackin index -0.1349; 1.4 s; peak memory 1120 MiB.
2026-10-09T23:10:54Z INFO [232/750] 89860b4f-284d-4448-89b8-6f4f93ad5257: Sackin index -0.1349; 1.4 s; peak memory 1120 MiB.
2026-10-09T23:10:57Z INFO [233/750] 8986719a-ec29-488d-8308-ab82107413f9: Sackin index -0.0704; 3.6 s; peak memory 1120 MiB.
2026-10-09T23:10:59Z INFO [234/750] 8986a7fe-c256-47d0-8e97-f4fb9dcabe19: Sackin index -0.0380; 1.6 s; peak memory 1120 MiB.
2026-10-09T23:11:00Z INFO [235/750] 89877b12-f996-4ae5-8c4f-754d70b2d674: Sackin index -0.1349; 1.1 s; peak memory 1120 MiB.
2026-10-09T23:11:01Z INFO [236/750] 8988027d-cac4-4289-9268-7cd25371a304: Sackin index -0.1448; 1.0 s; peak memory 1120 MiB.
2026-10-09T23:11:03Z INFO [237/750] 89882add-e5bd-4c5f-bfda-be2d9359e3bb: Sackin index -0.1174; 1.3 s; peak memory 1120 MiB.
2026-10-09T23:11:05Z INFO [238/750] 89894bed-6027-4cb9-9425-2a953a6a9c3e: Sackin index -0.0738; 2.2 s; peak memory 1120 MiB.
2026-10-09T23:11:07Z INFO [239/750] 89897a53-c1ce-48e7-a6cd-4cc81ad934e7: Sackin index -0.0728; 2.0 s; peak memory 1120 MiB.
2026-10-09T23:11:08Z INFO [240/750] 8989beb2-f101-4e3b-8472-f08f5d23f878: Sackin index -0.1349; 1.4 s; peak memory 1120 MiB.
2026-10-09T23:11:09Z INFO [241/750] 898dd8f1-f7b9-4081-8862-27337133abdd: Sackin index -0.1461; 1.1 s; peak memory 1120 MiB.
2026-10-09T23:11:13Z INFO [242/750] 898f15fb-54ab-4d9d-a4aa-080ba3a0ad5e: Sackin index -0.0681; 3.2 s; peak memory 1120 MiB.
2026-10-09T23:11:14Z INFO [243/750] 898f3e88-85e2-4500-ac23-9014eab34a3e: Sackin index -0.1349; 1.4 s; peak memory 1120 MiB.
2026-10-09T23:11:15Z INFO [244/750] 898f60ae-6f09-4e91-b2bd-35368f02a86b: Sackin index -0.1178; 1.2 s; peak memory 1120 MiB.
2026-10-09T23:11:17Z INFO [245/750] 898fd7f8-9794-4157-b552-082e9a8b301f: Sackin index -0.0376; 2.0 s; peak memory 1120 MiB.
2026-10-09T23:11:19Z INFO [246/750] 89900c2b-d5ae-45b7-86c9-393f5ccfdbeb: Sackin index -0.0702; 1.5 s; peak memory 1120 MiB.
2026-10-09T23:11:20Z INFO [247/750] 89914d44-d970-4406-8b05-69ee64f29758: Sackin index -0.2000; 1.0 s; peak memory 1120 MiB.
2026-10-09T23:12:01Z INFO [248/750] 89916180-76bd-4131-a9a9-5c6dc67caafd: Sackin index -0.0024; 41.4 s; peak memory 1120 MiB.
2026-10-09T23:12:02Z INFO [249/750] 89919eab-1968-4689-8512-da9755bf1adf: Sackin index -0.1349; 1.3 s; peak memory 1120 MiB.
2026-10-09T23:12:04Z INFO [250/750] 8993a788-f3d3-431e-ac89-8292f5836c92: Sackin index -0.1349; 1.2 s; peak memory 1120 MiB.
2026-10-09T23:12:04Z INFO [250/750] 8993a788-f3d3-431e-ac89-8292f5836c92: checkpointed 113336 new records.
2026-10-09T23:12:05Z INFO [251/750] 8993d220-bcae-4963-b93a-aed4c82458b9: Sackin index -0.0696; 1.4 s; peak memory 1120 MiB.
2026-10-09T23:12:11Z INFO [252/750] 899457af-277b-463a-84bc-c0f789384e00: Sackin index -0.0438; 5.9 s; peak memory 1120 MiB.
2026-10-09T23:12:13Z INFO [253/750] 89948486-28bc-4229-9988-0b00c272b367: Sackin index -0.0376; 1.8 s; peak memory 1120 MiB.
2026-10-09T23:12:17Z INFO [254/750] 8994aa5d-1697-4d29-9542-8e162a431c5b: Sackin index -0.0686; 3.7 s; peak memory 1120 MiB.
2026-10-09T23:12:18Z INFO [255/750] 8994c002-3e61-43e1-af94-d01864a5e017: Sackin index -0.1019; 1.5 s; peak memory 1120 MiB.
2026-10-09T23:12:22Z INFO [256/750] 8995b30a-080d-48b2-97ae-c8e13dd8a97f: Sackin index -0.0660; 3.6 s; peak memory 1120 MiB.
2026-10-09T23:12:23Z INFO [257/750] 8995ec81-4e79-4d47-8963-818201095648: Sackin index -0.1380; 1.5 s; peak memory 1120 MiB.
2026-10-09T23:12:25Z INFO [258/750] 89965762-a2b3-4bb9-bea2-f0aa60388302: Sackin index -0.0745; 1.8 s; peak memory 1120 MiB.
2026-10-09T23:12:26Z INFO [259/750] 89966622-b099-461d-a254-f43ad720c9e0: Sackin index -0.1349; 1.3 s; peak memory 1120 MiB.
2026-10-09T23:12:28Z INFO [260/750] 899685f4-7950-433f-943d-b195f39ba950: Sackin index -0.1178; 1.1 s; peak memory 1120 MiB.
2026-10-09T23:12:30Z INFO [261/750] 899717a0-bfa5-4601-b556-51ba03f4c92c: Sackin index -0.0369; 2.0 s; peak memory 1120 MiB.
2026-10-09T23:12:47Z INFO [262/750] 8997ba80-c5ea-45ac-8c76-ccdc622a0b32: Sackin index -0.0143; 17.6 s; peak memory 1120 MiB.
2026-10-09T23:12:49Z INFO [263/750] 8997f975-fb18-440a-88d0-724795a58ab5: Sackin index -0.1349; 1.4 s; peak memory 1120 MiB.
2026-10-09T23:12:50Z INFO [264/750] 899835d2-4010-427e-b40c-78df882a4fa9: Sackin index -0.0822; 1.7 s; peak memory 1120 MiB.
2026-10-09T23:12:56Z INFO [265/750] 89987be2-894f-49f9-a7d3-8172ca1cdb60: Sackin index -0.0232; 6.0 s; peak memory 1120 MiB.
2026-10-09T23:12:58Z INFO [266/750] 8998987a-9c41-4696-9250-8beba97ef7dd: Sackin index -0.1319; 1.3 s; peak memory 1120 MiB.
2026-10-09T23:13:00Z INFO [267/750] 8998a73e-b180-44c0-a122-c0e2d5ed5993: Sackin index -0.1291; 2.1 s; peak memory 1120 MiB.
2026-10-09T23:13:01Z INFO [268/750] 8999b550-7fcb-46dc-95ef-8a87cd3b4ae6: Sackin index -0.1349; 1.2 s; peak memory 1120 MiB.
2026-10-09T23:13:02Z INFO [269/750] 8999ecaa-2564-4a40-a079-6066bb721835: Sackin index -0.0696; 1.5 s; peak memory 1120 MiB.
2026-10-09T23:13:04Z INFO [270/750] 899b004a-41b6-4935-a3a0-8014eb098fe7: Sackin index -0.1210; 1.9 s; peak memory 1120 MiB.
2026-10-09T23:13:07Z INFO [271/750] 899b3f45-f358-4b35-aed0-2cc04939388f: Sackin index -0.0842; 3.2 s; peak memory 1120 MiB.
2026-10-09T23:13:10Z INFO [272/750] 899b6e0d-68b4-460b-8cfd-e359639fee9c: Sackin index -0.0886; 2.9 s; peak memory 1120 MiB.
2026-10-09T23:13:12Z INFO [273/750] 899ba7a2-9573-4616-b9b8-f1453ed6ddf9: Sackin index -0.0696; 1.7 s; peak memory 1120 MiB.
2026-10-09T23:13:13Z INFO [274/750] 899bbba6-0940-4b47-a436-a09638580d77: Sackin index -0.0702; 1.5 s; peak memory 1120 MiB.
2026-10-09T23:13:15Z INFO [275/750] 899bf4ff-bb95-4868-bd11-2328f9bc5045: Sackin index -0.0379; 1.8 s; peak memory 1120 MiB.
2026-10-09T23:13:17Z INFO [276/750] 899c2e49-a7cd-49c0-ac9b-f0917c159b8e: Sackin index -0.0709; 1.7 s; peak memory 1120 MiB.
2026-10-09T23:13:28Z INFO [277/750] 899da92b-5430-43dd-b8fb-79f5b84794b9: Sackin index -0.0366; 11.3 s; peak memory 1120 MiB.
2026-10-09T23:13:29Z INFO [278/750] 899db6f2-7caa-42aa-9de1-9bc57dce35d9: Sackin index -0.1741; 1.2 s; peak memory 1120 MiB.
2026-10-09T23:13:31Z INFO [279/750] 899e67b9-e528-4937-bc5e-c187191e8e05: Sackin index -0.0376; 1.6 s; peak memory 1120 MiB.
2026-10-09T23:13:56Z INFO [280/750] 899ec6b4-18f1-482d-97bb-05989d3293dd: Sackin index -0.1367; 25.2 s; peak memory 1120 MiB.
2026-10-09T23:13:58Z INFO [281/750] 899f2eb7-d3d3-4eae-9389-a923500f1f70: Sackin index -0.0941; 2.2 s; peak memory 1120 MiB.
2026-10-09T23:14:00Z INFO [282/750] 89a08361-5a83-42d1-be80-00d8e10a55fb: Sackin index -0.1741; 1.2 s; peak memory 1120 MiB.
2026-10-09T23:14:01Z INFO [283/750] 89a26daf-8658-4ce0-ad43-4e33126e87b2: Sackin index -0.1349; 1.2 s; peak memory 1120 MiB.
2026-10-09T23:14:02Z INFO [284/750] 89a2d1a7-ebf0-4e68-875a-f1ccfa9a5086: Sackin index -0.1658; 1.1 s; peak memory 1120 MiB.
2026-10-09T23:14:03Z INFO [285/750] 89a39da7-1517-4eb1-a03d-5216935b2ac6: Sackin index -0.1178; 1.0 s; peak memory 1120 MiB.
2026-10-09T23:14:05Z INFO [286/750] 89a44986-89b6-4bce-8d52-2fa1f6b1c5c3: Sackin index -0.0728; 2.3 s; peak memory 1120 MiB.
2026-10-09T23:14:07Z INFO [287/750] 89a44dd3-8702-4e37-a696-a4286996fb61: Sackin index -0.0696; 1.6 s; peak memory 1120 MiB.
2026-10-09T23:14:17Z INFO [288/750] 89a4c89e-9d84-4401-b1df-5443ffca32de: Sackin index -0.0308; 10.3 s; peak memory 1120 MiB.
2026-10-09T23:14:33Z INFO [289/750] 89a5b651-e982-4d51-b766-5f11cb32c104: Sackin index -0.0140; 15.6 s; peak memory 1120 MiB.
2026-10-09T23:14:36Z INFO [290/750] 89a7399b-f586-48dc-a8f1-210e949f58a2: Sackin index -0.0699; 2.8 s; peak memory 1120 MiB.
2026-10-09T23:14:37Z INFO [291/750] 89a74d8d-647e-4886-8316-a1d0a22589ed: Sackin index -0.0382; 1.6 s; peak memory 1120 MiB.
2026-10-09T23:14:39Z INFO [292/750] 89a77920-3dfc-4558-8227-705261d94b1b: Sackin index -0.0709; 1.6 s; peak memory 1120 MiB.
2026-10-09T23:14:40Z INFO [293/750] 89a9873a-b4f4-4ca8-992c-b1eb7727644e: Sackin index -0.0702; 1.6 s; peak memory 1120 MiB.
2026-10-09T23:14:45Z INFO [294/750] 89aa31ea-08cd-4c93-9d87-29fdd8bf1b62: Sackin index -0.1938; 5.0 s; peak memory 1120 MiB.
2026-10-09T23:14:48Z INFO [295/750] 89aa43a4-cd20-4a5b-91ab-1dde7ec46df4: Sackin index -0.1026; 2.2 s; peak memory 1120 MiB.
2026-10-09T23:14:49Z INFO [296/750] 89aa77aa-e246-4352-aedc-a65a421da174: Sackin index -0.1349; 1.3 s; peak memory 1120 MiB.
2026-10-09T23:14:50Z INFO [297/750] 89aabf16-2248-4111-baf2-42fc0e4483d1: Sackin index -0.2458; 1.0 s; peak memory 1120 MiB.
2026-10-09T23:14:52Z INFO [298/750] 89aac2b3-d7f2-4d64-85be-2f5363b8c7c3: Sackin index -0.0728; 2.2 s; peak memory 1120 MiB.
2026-10-09T23:14:54Z INFO [299/750] 89ab0129-c79b-4f93-9ac2-0a80ca50f7b6: Sackin index -0.0379; 1.6 s; peak memory 1120 MiB.
2026-10-09T23:14:55Z INFO [300/750] 89ab1dfd-6301-46d1-ac73-f656a5cb3adc: Sackin index -0.1602; 1.2 s; peak memory 1120 MiB.
2026-10-09T23:14:55Z INFO [300/750] 89ab1dfd-6301-46d1-ac73-f656a5cb3adc: checkpointed 113386 new records.
2026-10-09T23:14:58Z INFO [301/750] 89ab3ed4-beab-40d7-ba37-8f8ffda8137c: Sackin index -0.0350; 2.9 s; peak memory 1120 MiB.
2026-10-09T23:14:59Z INFO [302/750] 89ac0f93-55b0-4128-b9e3-5ed443befbe2: Sackin index -0.1658; 1.1 s; peak memory 1120 MiB.
2026-10-09T23:15:01Z INFO [303/750] 89ac86bd-997a-431c-b8a9-6461f6aa6561: Sackin index -0.0376; 1.8 s; peak memory 1120 MiB.
2026-10-09T23:15:03Z INFO [304/750] 89acf4b6-bc56-4856-9270-9037999a74f6: Sackin index -0.0369; 2.2 s; peak memory 1120 MiB.
2026-10-09T23:15:04Z INFO [305/750] 89acfc9e-5fd4-4786-b789-2acb22319810: Sackin index -0.1349; 1.2 s; peak memory 1120 MiB.
2026-10-09T23:15:06Z INFO [306/750] 89ae4bf3-a2d7-41a0-8c5f-c8c0b9902c28: Sackin index -0.0702; 1.6 s; peak memory 1120 MiB.
2026-10-09T23:15:08Z INFO [307/750] 89af0e51-2520-4886-a904-6611ca634b0c: Sackin index -0.0745; 1.9 s; peak memory 1120 MiB.
2026-10-09T23:15:24Z INFO [308/750] 89afe2a5-c1a5-416a-ac0a-7af2022a42cf: Sackin index -0.0182; 15.9 s; peak memory 1120 MiB.
2026-10-09T23:15:26Z INFO [309/750] 89b1bdfc-5d49-4da4-ba91-a4c6d1017b2a: Sackin index -0.0728; 1.8 s; peak memory 1120 MiB.
2026-10-09T23:15:27Z INFO [310/750] 89b29711-7324-416a-b7f0-70fb84d858a3: Sackin index -0.0696; 1.8 s; peak memory 1120 MiB.
2026-10-09T23:15:29Z INFO [311/750] 89b30b28-3600-449f-b847-5a3e7d0cc8ef: Sackin index -0.1303; 1.1 s; peak memory 1120 MiB.
2026-10-09T23:15:34Z INFO [312/750] 89b32fd2-8a47-4856-8f8a-796b835beb73: Sackin index -0.0462; 5.2 s; peak memory 1120 MiB.
2026-10-09T23:15:35Z INFO [313/750] 89b3eb81-1f89-409b-b93b-f8e3eea45092: Sackin index -0.0702; 1.7 s; peak memory 1120 MiB.
2026-10-09T23:15:36Z INFO [314/750] 89b5867c-1bc2-48aa-944e-bda25a1dbc6f: Sackin index -0.1658; 1.0 s; peak memory 1120 MiB.
2026-10-09T23:15:38Z INFO [315/750] 89b5c381-72f3-442d-bb8d-dc2daa332db2: Sackin index -0.0371; 1.6 s; peak memory 1120 MiB.
2026-10-09T23:15:39Z INFO [316/750] 89b62ec1-5f7d-4a76-9c11-f6d13cdff46d: Sackin index -0.1683; 1.3 s; peak memory 1120 MiB.
2026-10-09T23:15:40Z INFO [317/750] 89b6953c-cc42-4351-b67f-797e2b38dc05: Sackin index -0.1349; 1.2 s; peak memory 1120 MiB.
2026-10-09T23:15:42Z INFO [318/750] 89b6b65d-6b7b-4d4c-830c-6c35e3d9fa82: Sackin index -0.1349; 1.4 s; peak memory 1120 MiB.
2026-10-09T23:15:43Z INFO [319/750] 89b7dcd0-4fd0-4294-95be-fc06541f3dfe: Sackin index -0.1349; 1.4 s; peak memory 1120 MiB.
2026-10-09T23:15:45Z INFO [320/750] 89b80690-62f6-4c30-ba76-07e1fa7f6802: Sackin index -0.1239; 1.3 s; peak memory 1120 MiB.
2026-10-09T23:15:46Z INFO [321/750] 89b97ceb-69cb-4fdf-9496-ec3b668879dc: Sackin index -0.1349; 1.3 s; peak memory 1120 MiB.
2026-10-09T23:15:47Z INFO [322/750] 89b994bd-2487-412a-8148-d2e6199e590c: Sackin index -0.1266; 1.3 s; peak memory 1120 MiB.
2026-10-09T23:15:53Z INFO [323/750] 89ba3c20-3f0f-4245-8574-399be2a45f8d: Sackin index -0.0539; 6.1 s; peak memory 1120 MiB.
2026-10-09T23:15:55Z INFO [324/750] 89bbb839-5303-42df-92d3-7ddc517997b1: Sackin index -0.0728; 1.6 s; peak memory 1120 MiB.
2026-10-09T23:15:56Z INFO [325/750] 89bbce05-7ca2-46d8-95c0-58478001d98b: Sackin index -0.1658; 1.3 s; peak memory 1120 MiB.
2026-10-09T23:16:19Z INFO [326/750] 89bcce6c-9c8e-4f99-be74-8d5aea311ab7: Sackin index -0.0025; 22.7 s; peak memory 1120 MiB.
2026-10-09T23:16:20Z INFO [327/750] 89bd1675-8d76-4d0e-8f96-00aa9dac7060: Sackin index -0.1120; 1.0 s; peak memory 1120 MiB.
2026-10-09T23:16:21Z INFO [328/750] 89bd22e0-56b2-490a-801a-cc0f7bedf7c7: Sackin index -0.1349; 1.5 s; peak memory 1120 MiB.
2026-10-09T23:16:23Z INFO [329/750] 89bd9b7f-65b7-4600-b202-18d452c23a2c: Sackin index -0.1349; 1.3 s; peak memory 1120 MiB.
2026-10-09T23:16:24Z INFO [330/750] 89bdb1b8-ae70-45b3-aecb-2f7611b8c8e9: Sackin index -0.1349; 1.3 s; peak memory 1120 MiB.
2026-10-09T23:16:26Z INFO [331/750] 89bdcada-ef37-4bf6-8fec-0dc97cd0815c: Sackin index -0.0369; 2.1 s; peak memory 1120 MiB.
2026-10-09T23:16:27Z INFO [332/750] 89be2926-92ad-47da-b2c3-9e7751aa4ed1: Sackin index -0.1448; 1.1 s; peak memory 1120 MiB.
2026-10-09T23:16:28Z INFO [333/750] 89be7c9b-25f2-44d0-aa32-f65ade7e8eb0: Sackin index -0.1349; 1.3 s; peak memory 1120 MiB.
2026-10-09T23:16:30Z INFO [334/750] 89be8db4-8e86-4248-9742-7e051a4428a3: Sackin index -0.1349; 1.4 s; peak memory 1120 MiB.
2026-10-09T23:16:32Z INFO [335/750] 89beaab2-02ea-4772-be27-cba837540d8a: Sackin index -0.0745; 1.7 s; peak memory 1120 MiB.
2026-10-09T23:16:34Z INFO [336/750] 89bf0f40-f05c-4b53-a9e6-c956097b9145: Sackin index -0.0702; 2.0 s; peak memory 1120 MiB.
2026-10-09T23:16:36Z INFO [337/750] 89bf865c-4cb9-432c-aa51-d962d3af9883: Sackin index -0.0728; 1.9 s; peak memory 1120 MiB.
2026-10-09T23:16:37Z INFO [338/750] 89bfa0fe-6a74-4186-aea7-6e85a09d6f26: Sackin index -0.0386; 1.6 s; peak memory 1120 MiB.
2026-10-09T23:16:38Z INFO [339/750] 89bfc1e6-25a1-423d-803c-c2aa9a9e7f8d: Sackin index -0.1349; 1.3 s; peak memory 1120 MiB.
2026-10-09T23:16:40Z INFO [340/750] 89c1b459-4504-479a-a4a6-d31919c8305e: Sackin index -0.0702; 1.6 s; peak memory 1120 MiB.
2026-10-09T23:16:41Z INFO [341/750] 89c21a11-f81c-4b56-b989-aa4abad4cec6: Sackin index -0.1349; 1.4 s; peak memory 1120 MiB.
2026-10-09T23:16:43Z INFO [342/750] 89c23ea1-3f5d-4e53-80c7-9da6e51082fc: Sackin index -0.0375; 1.9 s; peak memory 1120 MiB.
2026-10-09T23:16:46Z INFO [343/750] 89c26bee-3902-4887-93c6-91d848e4d004: Sackin index -0.0272; 2.5 s; peak memory 1120 MiB.
2026-10-09T23:16:48Z INFO [344/750] 89c2922a-7e66-4d90-9ee1-901d3d5de587: Sackin index -0.0696; 2.0 s; peak memory 1120 MiB.
2026-10-09T23:16:51Z INFO [345/750] 89c2be8b-1b38-4187-9998-d1763b535d9b: Sackin index -0.0173; 2.8 s; peak memory 1120 MiB.
2026-10-09T23:16:52Z INFO [346/750] 89c34509-730d-4a23-9a9e-12231eeb136d: Sackin index -0.1349; 1.2 s; peak memory 1120 MiB.
2026-10-09T23:16:54Z INFO [347/750] 89c3736c-4c98-4946-8799-7b54ea970b36: Sackin index -0.0369; 2.4 s; peak memory 1120 MiB.
2026-10-09T23:16:56Z INFO [348/750] 89c474c0-a5fd-4dd6-8d94-0e059efc0940: Sackin index -0.1987; 1.6 s; peak memory 1120 MiB.
2026-10-09T23:16:57Z INFO [349/750] 89c4bd02-aa77-4a86-8a9e-c67a6bc20b56: Sackin index -0.0891; 1.7 s; peak memory 1120 MiB.
2026-10-09T23:16:59Z INFO [350/750] 89c4cb24-748d-4ae6-866d-e2e099e706c7: Sackin index -0.0376; 1.9 s; peak memory 1120 MiB.
2026-10-09T23:17:00Z INFO [350/750] 89c4cb24-748d-4ae6-866d-e2e099e706c7: checkpointed 113436 new records.
2026-10-09T23:17:02Z INFO [351/750] 89c4cc67-75e3-4e74-b5a6-dc7d0cfafae9: Sackin index -0.0728; 2.0 s; peak memory 1120 MiB.
2026-10-09T23:17:03Z INFO [352/750] 89c4d093-a727-4f6d-8eea-70b57c7f2cf9: Sackin index -0.1349; 1.1 s; peak memory 1120 MiB.
2026-10-09T23:17:22Z INFO [353/750] 89c6df30-f094-467f-97a4-59832c2aa574: Sackin index -0.0114; 18.8 s; peak memory 1120 MiB.
2026-10-09T23:17:23Z INFO [354/750] 89c77fe3-f6ce-4ed1-bcdc-3810ce914546: Sackin index -0.1349; 1.0 s; peak memory 1120 MiB.
2026-10-09T23:17:24Z INFO [355/750] 89c7b4e3-7460-4e2f-b8d5-9e9736fb589c: Sackin index -0.0822; 1.5 s; peak memory 1120 MiB.
2026-10-09T23:17:26Z INFO [356/750] 89c81724-a792-4641-92b5-5e6710053e48: Sackin index -0.0383; 1.8 s; peak memory 1120 MiB.
2026-10-09T23:17:39Z INFO [357/750] 89c897c8-8cd7-4549-a142-f47f497029a9: Sackin index -0.0258; 13.1 s; peak memory 1120 MiB.
2026-10-09T23:17:40Z INFO [358/750] 89c954a8-e655-4d42-ac0c-15e34f5950e3: Sackin index -0.0702; 1.5 s; peak memory 1120 MiB.
2026-10-09T23:17:43Z INFO [359/750] 89c97dae-2263-4d2a-9f1d-aafe8f63f155: Sackin index -0.0369; 2.3 s; peak memory 1120 MiB.
2026-10-09T23:17:46Z INFO [360/750] 89c9e7da-4e1c-4178-be86-7d62242a162a: Sackin index -0.0725; 3.6 s; peak memory 1120 MiB.
2026-10-09T23:17:48Z INFO [361/750] 89ca64ff-9366-407a-85da-ae3bff8c99f7: Sackin index -0.0702; 1.5 s; peak memory 1120 MiB.
2026-10-09T23:17:50Z INFO [362/750] 89cadbb7-1acd-460b-9436-c88485f824d5: Sackin index -0.0376; 1.8 s; peak memory 1120 MiB.
2026-10-09T23:17:56Z INFO [363/750] 89cb0ca2-2d3b-402a-baec-4d77f4e16638: Sackin index -0.0403; 6.4 s; peak memory 1120 MiB.
2026-10-09T23:18:17Z INFO [364/750] 89ccbe8b-6ef1-4099-8b67-0bc1090db400: Sackin index -0.0109; 21.1 s; peak memory 1120 MiB.
2026-10-09T23:18:18Z INFO [365/750] 89cd12f9-3c8a-4762-a7a6-ddb366b72acd: Sackin index -0.1349; 1.1 s; peak memory 1120 MiB.
2026-10-09T23:18:20Z INFO [366/750] 89cd97cc-a66d-44e3-beeb-1c1be4e0f575: Sackin index -0.0709; 1.5 s; peak memory 1120 MiB.
2026-10-09T23:18:25Z INFO [367/750] 89ce7fe3-6d49-49bb-8e0b-43e4f98428fa: Sackin index -0.0266; 5.4 s; peak memory 1120 MiB.
2026-10-09T23:18:26Z INFO [368/750] 89cfe748-8aaa-4545-8cba-9b3d74a0d9c8: Sackin index -0.1349; 1.1 s; peak memory 1120 MiB.
2026-10-09T23:18:28Z INFO [369/750] 89d0331f-c840-4aac-9bef-331e0d4b3c9f: Sackin index -0.0702; 1.6 s; peak memory 1120 MiB.
2026-10-09T23:18:29Z INFO [370/750] 89d03e41-8563-4574-ab5b-dce4b8f50a0d: Sackin index -0.1349; 1.1 s; peak memory 1120 MiB.
2026-10-09T23:18:30Z INFO [371/750] 89d14023-371a-487a-9b9d-05c4f39d5145: Sackin index -0.1349; 1.2 s; peak memory 1120 MiB.
2026-10-09T23:18:32Z INFO [372/750] 89d14ae9-1923-4399-8d8c-39460d52ef2b: Sackin index -0.0732; 2.1 s; peak memory 1120 MiB.
2026-10-09T23:18:40Z INFO [373/750] 89d19bea-9f6d-4886-95a8-fb73b7806f6c: Sackin index -0.0940; 7.9 s; peak memory 1120 MiB.
2026-10-09T23:23:59Z INFO [374/750] 89d2b3d1-f833-41a4-b10c-4cbf36ae2a3c: Sackin index -0.0409; 319.0 s; peak memory 1120 MiB.
2026-10-09T23:24:08Z INFO [375/750] 89d3177d-2b7c-4047-94fc-04a79408ee7b: Sackin index -0.0212; 8.5 s; peak memory 1120 MiB.
2026-10-09T23:24:10Z INFO [376/750] 89d330dd-6c78-4be5-a503-d58f3fc11da1: Sackin index -0.0728; 2.0 s; peak memory 1120 MiB.
2026-10-09T23:24:42Z INFO [377/750] 89d36184-a279-4b24-b052-67228db1b775: Sackin index -0.2073; 32.2 s; peak memory 1120 MiB.
2026-10-09T23:24:43Z INFO [378/750] 89d39922-efda-4f41-9ba6-67b1205f5bf4: Sackin index -0.1349; 1.2 s; peak memory 1120 MiB.
2026-10-09T23:24:45Z INFO [379/750] 89d3a005-856f-4359-8543-9a0b0e0590ee: Sackin index -0.0369; 1.9 s; peak memory 1120 MiB.
2026-10-09T23:25:08Z INFO [380/750] 89d3bd5c-b8e8-4927-ba9f-3526f5106c13: Sackin index -0.0133; 22.8 s; peak memory 1120 MiB.
2026-10-09T23:25:10Z INFO [381/750] 89d3c800-e390-4ce2-8567-3f38436dc9fe: Sackin index -0.0745; 2.3 s; peak memory 1120 MiB.
2026-10-09T23:25:13Z INFO [382/750] 89d3d769-2fa4-429e-a345-b42ff15f24a5: Sackin index -0.1938; 2.6 s; peak memory 1120 MiB.
2026-10-09T23:25:15Z INFO [383/750] 89d43847-15d9-4412-a4b5-3da49e43b7e5: Sackin index -0.0375; 1.8 s; peak memory 1120 MiB.
2026-10-09T23:25:16Z INFO [384/750] 89d58080-ce98-4b7c-80b9-4d244b3f19d1: Sackin index -0.1273; 1.5 s; peak memory 1120 MiB.
2026-10-09T23:25:18Z INFO [385/750] 89d5b625-a951-4623-a1e2-43a6867647d2: Sackin index -0.0709; 1.6 s; peak memory 1120 MiB.
2026-10-09T23:25:20Z INFO [386/750] 89d5cb02-e3fd-4722-b6b3-7c7026386759: Sackin index -0.0745; 2.0 s; peak memory 1120 MiB.
2026-10-09T23:25:22Z INFO [387/750] 89d5eba2-9252-41b2-a36c-27ca51ccf960: Sackin index -0.0728; 2.1 s; peak memory 1120 MiB.
2026-10-09T23:25:39Z INFO [388/750] 89d5f808-01b2-4a61-8644-e9878d4f6f5b: Sackin index -0.0139; 17.2 s; peak memory 1120 MiB.
2026-10-09T23:25:41Z INFO [389/750] 89d69692-2122-495a-a8d6-b83ed38f81d2: Sackin index -0.0375; 1.7 s; peak memory 1120 MiB.
2026-10-09T23:25:42Z INFO [390/750] 89d7263b-65ab-4d4f-a348-0068d7c8afcc: Sackin index -0.0702; 1.5 s; peak memory 1120 MiB.
2026-10-09T23:26:05Z INFO [391/750] 89d78e40-3fb4-4ed7-bf1c-476df9d6b404: Sackin index -0.0147; 23.3 s; peak memory 1120 MiB.
2026-10-09T23:26:07Z INFO [392/750] 89d8868f-b332-42f1-b5d9-c33093eadb92: Sackin index -0.0369; 2.0 s; peak memory 1120 MiB.
2026-10-09T23:26:13Z INFO [393/750] 89d8df46-df30-4776-a543-87e2044c9ec8: Sackin index -0.0411; 5.9 s; peak memory 1120 MiB.
2026-10-09T23:26:16Z INFO [394/750] 89d8e2a1-b6be-4a88-958d-4ced6914b8aa: Sackin index -0.0579; 3.2 s; peak memory 1120 MiB.
2026-10-09T23:26:18Z INFO [395/750] 89d9398f-2f82-468b-b531-9d0f7b6a09bf: Sackin index -0.1602; 1.4 s; peak memory 1120 MiB.
2026-10-09T23:26:21Z INFO [396/750] 89d978dd-4d22-4e05-96b5-e81018350904: Sackin index -0.0350; 3.0 s; peak memory 1120 MiB.
2026-10-09T23:26:22Z INFO [397/750] 89d9fe59-8cf8-4fb8-acd4-982007d17f3d: Sackin index -0.1331; 1.1 s; peak memory 1120 MiB.
2026-10-09T23:26:33Z INFO [398/750] 89da0682-4cd4-4521-834d-08138bf18c79: Sackin index -0.0591; 11.4 s; peak memory 1120 MiB.
2026-10-09T23:27:07Z INFO [399/750] 89da106a-f60b-4edf-bf7c-a450fe16ad0e: Sackin index -0.0121; 33.2 s; peak memory 1120 MiB.
2026-10-09T23:29:05Z INFO [400/750] 89da56d1-b9d0-4beb-ac89-9d5884eb0c3c: Sackin index -0.0305; 118.8 s; peak memory 1120 MiB.
2026-10-09T23:29:06Z INFO [400/750] 89da56d1-b9d0-4beb-ac89-9d5884eb0c3c: checkpointed 113486 new records.
2026-10-09T23:29:08Z INFO [401/750] 89db1366-2112-4bf2-8d82-d3736cc404b6: Sackin index -0.0728; 2.0 s; peak memory 1120 MiB.
2026-10-09T23:29:15Z INFO [402/750] 89db2a02-bb69-423c-861c-0aca1c4860d5: Sackin index -0.0251; 7.4 s; peak memory 1120 MiB.
2026-10-09T23:29:17Z INFO [403/750] 89db8eca-b2b4-4616-92e1-883c47d4958c: Sackin index -0.1461; 1.4 s; peak memory 1120 MiB.
2026-10-09T23:29:18Z INFO [404/750] 89dc63c9-f07d-4a02-b318-dd944e8bc2ae: Sackin index -0.1349; 1.4 s; peak memory 1120 MiB.
2026-10-09T23:29:19Z INFO [405/750] 89dcac59-f6b1-4753-8a3b-673493873df1: Sackin index -0.1349; 1.4 s; peak memory 1120 MiB.
2026-10-09T23:29:21Z INFO [406/750] 89dedcce-29cb-4cc2-85ef-da2c6e8caaee: Sackin index -0.1349; 1.3 s; peak memory 1120 MiB.
2026-10-09T23:29:22Z INFO [407/750] 89df9a25-fbf5-45c7-b6ca-b2e632034670: Sackin index -0.1349; 1.4 s; peak memory 1120 MiB.
2026-10-09T23:29:23Z INFO [408/750] 89dfd99e-ea60-4348-9ae9-23e5d0e85e9b: Sackin index -0.1658; 1.0 s; peak memory 1120 MiB.
2026-10-09T23:29:26Z INFO [409/750] 89dfdc48-6e03-431f-88ad-f79f374a82d2: Sackin index -0.0676; 3.2 s; peak memory 1120 MiB.
2026-10-09T23:29:27Z INFO [410/750] 89e09640-5af3-4a36-a3f5-9fff28759bab: Sackin index -0.1267; 1.0 s; peak memory 1120 MiB.
2026-10-09T23:29:30Z INFO [411/750] 89e28f21-1bcf-4434-9553-98172fbfbbc4: Sackin index -0.0369; 2.4 s; peak memory 1120 MiB.
2026-10-09T23:29:31Z INFO [412/750] 89e2b987-24a5-48cc-b8ec-c1c28615ebef: Sackin index -0.0745; 1.8 s; peak memory 1120 MiB.
2026-10-09T23:29:33Z INFO [413/750] 89e312bb-2d03-4452-a29e-1725e9dc4e97: Sackin index -0.1349; 1.3 s; peak memory 1120 MiB.
2026-10-09T23:29:34Z INFO [414/750] 89e42919-25fd-4b84-8e0f-b9b656d8a008: Sackin index -0.0709; 1.7 s; peak memory 1120 MiB.
2026-10-09T23:29:36Z INFO [415/750] 89e4a370-cbe8-4fc8-9880-0da5e60e9ce0: Sackin index -0.1349; 1.2 s; peak memory 1120 MiB.
2026-10-09T23:29:37Z INFO [416/750] 89e503de-2d23-41cf-bd32-b7db5ef8b160: Sackin index -0.1349; 1.3 s; peak memory 1120 MiB.
2026-10-09T23:29:40Z INFO [417/750] 89e5d87a-d9f4-41d6-9b9f-bc357545c242: Sackin index -0.0699; 3.2 s; peak memory 1120 MiB.
2026-10-09T23:29:48Z INFO [418/750] 89e5ef55-aa9e-48c0-8f5c-fd962d2dbcbb: Sackin index -0.1938; 8.0 s; peak memory 1120 MiB.
2026-10-09T23:29:51Z INFO [419/750] 89e6372c-d438-451c-9426-cafa6e0b5a89: Sackin index -0.0688; 2.6 s; peak memory 1120 MiB.
2026-10-09T23:32:14Z INFO [420/750] 89e6fef5-bb23-4275-8233-29941c30b096: Sackin index -0.0573; 143.5 s; peak memory 1120 MiB.
2026-10-09T23:32:17Z INFO [421/750] 89e71717-a9ad-43c5-b1ca-0d7413f0e11a: Sackin index -0.0699; 3.0 s; peak memory 1120 MiB.
2026-10-09T23:32:20Z INFO [422/750] 89e719d7-d02c-413e-b8ed-92dce9ee3c07: Sackin index -0.0681; 2.9 s; peak memory 1120 MiB.
2026-10-09T23:32:21Z INFO [423/750] 89e7ae4d-1846-416e-9cbf-44977d5b6ebc: Sackin index -0.1239; 1.2 s; peak memory 1120 MiB.
2026-10-09T23:32:23Z INFO [424/750] 89e86070-d601-4acf-8382-58149fcaf3da: Sackin index -0.0728; 1.8 s; peak memory 1120 MiB.
2026-10-09T23:32:25Z INFO [425/750] 89e8a7a2-d30e-4b7b-a81d-2c48f4daddf0: Sackin index -0.1273; 1.7 s; peak memory 1120 MiB.
2026-10-09T23:32:27Z INFO [426/750] 89ea2330-d483-4b77-abcd-daeac3463af4: Sackin index -0.0728; 1.8 s; peak memory 1120 MiB.
2026-10-09T23:32:28Z INFO [427/750] 89eaca0f-4ebf-4e4f-adbe-d42fa5bc27ad: Sackin index -0.1658; 1.0 s; peak memory 1120 MiB.
2026-10-09T23:32:29Z INFO [428/750] 89eb6c0b-8087-4021-a2ee-c4b930f1e7d7: Sackin index -0.1349; 1.2 s; peak memory 1120 MiB.
2026-10-09T23:32:31Z INFO [429/750] 89ed15d3-d791-4581-8dcf-5955587650ad: Sackin index -0.0745; 2.0 s; peak memory 1120 MiB.
2026-10-09T23:32:49Z INFO [430/750] 89edccfd-804f-4bc1-a6c6-c7af0b420ba3: Sackin index -0.0165; 17.9 s; peak memory 1120 MiB.
2026-10-09T23:32:52Z INFO [431/750] 89edceaf-59fd-4501-87d7-52952cec40bf: Sackin index -0.0869; 3.1 s; peak memory 1120 MiB.
2026-10-09T23:32:53Z INFO [432/750] 89ee4681-83d6-4cbb-bb76-5f7c5ba11124: Sackin index -0.1349; 1.2 s; peak memory 1120 MiB.
2026-10-09T23:32:55Z INFO [433/750] 89ee66c0-30b8-455e-84c7-ccd0346eb2e2: Sackin index -0.0728; 2.0 s; peak memory 1120 MiB.
2026-10-09T23:32:56Z INFO [434/750] 89ef5055-13bf-409c-9a42-2b2e411bc92e: Sackin index -0.1349; 1.3 s; peak memory 1120 MiB.
2026-10-09T23:32:57Z INFO [435/750] 89ef9283-c4db-4424-b632-0f22941bdc7f: Sackin index -0.1349; 1.2 s; peak memory 1120 MiB.
2026-10-09T23:40:06Z INFO [436/750] 89efa6eb-a7fd-4b35-a90a-c7f774c2fdd6: Sackin index -0.0579; 428.5 s; peak memory 1120 MiB.
2026-10-09T23:40:08Z INFO [437/750] 89efe721-ef3e-4563-89c3-ca98101305c3: Sackin index -0.0709; 1.6 s; peak memory 1120 MiB.
2026-10-09T23:40:14Z INFO [438/750] 89effb23-1df1-455e-b862-e21df88fc9fd: Sackin index -0.0403; 6.0 s; peak memory 1120 MiB.
2026-10-09T23:40:15Z INFO [439/750] 89f184b8-5e81-495f-92cf-63c9686ac7f1: Sackin index -0.1349; 1.3 s; peak memory 1120 MiB.
2026-10-09T23:40:16Z INFO [440/750] 89f2431d-286e-4632-9c37-c49f55713ad2: Sackin index -0.0728; 1.6 s; peak memory 1120 MiB.
2026-10-09T23:40:18Z INFO [441/750] 89f2c994-5f6d-4f11-9f4e-7686d22392ee: Sackin index -0.1592; 1.3 s; peak memory 1120 MiB.
2026-10-09T23:40:23Z INFO [442/750] 89f3629e-1a03-4e8d-ae11-65dfc9dd5177: Sackin index -0.0601; 5.0 s; peak memory 1120 MiB.
2026-10-09T23:40:25Z INFO [443/750] 89f38ecf-d0ec-4634-b933-a1606a404f93: Sackin index -0.0365; 2.1 s; peak memory 1120 MiB.
2026-10-09T23:40:27Z INFO [444/750] 89f549f1-274e-4cbb-8dbc-e31403201ca8: Sackin index -0.0745; 2.0 s; peak memory 1120 MiB.
2026-10-09T23:40:28Z INFO [445/750] 89f56a89-cdda-4ff4-91f6-c5bfd1d4f14b: Sackin index -0.0702; 1.6 s; peak memory 1120 MiB.
2026-10-09T23:40:30Z INFO [446/750] 89f697e2-9352-4206-8c65-ff3e4092070e: Sackin index -0.1233; 1.9 s; peak memory 1120 MiB.
2026-10-09T23:40:50Z INFO [447/750] 89f6a8a8-1d5c-4680-9974-ed8b2060a859: Sackin index -0.1892; 20.1 s; peak memory 1120 MiB.
2026-10-09T23:40:54Z INFO [448/750] 89f6b92c-092b-454f-bd92-d2d1f4882c17: Sackin index -0.0350; 3.1 s; peak memory 1120 MiB.
2026-10-09T23:40:55Z INFO [449/750] 89f6de58-50ac-4bdf-add5-4668a7694651: Sackin index -0.3646; 1.1 s; peak memory 1120 MiB.
2026-10-09T23:40:56Z INFO [450/750] 89f78a74-7ec7-4059-8e53-d51defe9ad27: Sackin index -0.0709; 1.6 s; peak memory 1120 MiB.
2026-10-09T23:40:56Z INFO [450/750] 89f78a74-7ec7-4059-8e53-d51defe9ad27: checkpointed 113536 new records.
2026-10-09T23:40:59Z INFO [451/750] 89f7ccfa-d84b-48fb-9619-9de1b6eaec14: Sackin index -0.0818; 2.5 s; peak memory 1120 MiB.
2026-10-09T23:41:06Z INFO [452/750] 89f88025-3da2-4b6c-be2f-cf8907090fba: Sackin index -0.0611; 6.7 s; peak memory 1120 MiB.
2026-10-09T23:41:07Z INFO [453/750] 89f90192-0076-4ec2-9526-ae8dd8401c3a: Sackin index -0.0728; 1.8 s; peak memory 1120 MiB.
2026-10-09T23:41:14Z INFO [454/750] 89f9262c-34be-4506-9d11-f81a19073d10: Sackin index -0.0403; 6.2 s; peak memory 1120 MiB.
2026-10-09T23:41:17Z INFO [455/750] 89f9f8f7-c851-48a3-b525-9d45073ce43e: Sackin index -0.0660; 3.8 s; peak memory 1120 MiB.
2026-10-09T23:41:25Z INFO [456/750] 89fb6852-0ea3-4e48-8923-bb7ea39d515f: Sackin index -0.0241; 7.5 s; peak memory 1120 MiB.
2026-10-09T23:41:27Z INFO [457/750] 89fcbc38-db91-446c-9059-032b03495a06: Sackin index -0.0376; 2.0 s; peak memory 1120 MiB.
2026-10-09T23:41:29Z INFO [458/750] 89fcbdee-0cf1-4ab8-8438-0752e5c62226: Sackin index -0.0728; 2.1 s; peak memory 1120 MiB.
2026-10-09T23:41:31Z INFO [459/750] 89fcce1d-53a0-486b-bc34-a1479c3abe38: Sackin index -0.0696; 1.6 s; peak memory 1120 MiB.
2026-10-09T23:41:47Z INFO [460/750] 89fdbc5d-6577-4494-884d-a26ebbbac691: Sackin index -0.0155; 16.1 s; peak memory 1120 MiB.
2026-10-09T23:41:48Z INFO [461/750] 89fded40-3791-4f71-9f5f-b5e8faecdfaf: Sackin index -0.0391; 1.6 s; peak memory 1120 MiB.
2026-10-09T23:41:50Z INFO [462/750] 89fe0d50-6b26-4237-8f9a-059ba0b64c4b: Sackin index -0.0722; 1.8 s; peak memory 1120 MiB.
2026-10-09T23:41:51Z INFO [463/750] 89fe228f-1507-42c5-b874-cb119114c575: Sackin index -0.1272; 1.1 s; peak memory 1120 MiB.
2026-10-09T23:41:52Z INFO [464/750] 89fe22ff-2863-4c42-9adc-a92a4c0a6598: Sackin index -0.1466; 1.1 s; peak memory 1120 MiB.
2026-10-09T23:41:54Z INFO [465/750] 89ff1c4f-1606-4d04-8ebd-b3102b15012e: Sackin index -0.1191; 1.4 s; peak memory 1120 MiB.
2026-10-09T23:41:55Z INFO [466/750] 89ff29bd-08af-4d88-98e6-f96a92ea2d58: Sackin index -0.1248; 1.5 s; peak memory 1120 MiB.
2026-10-09T23:44:15Z INFO [467/750] 8a01157b-bea0-42af-9e7e-09094f88c5a1: Sackin index -0.0271; 139.8 s; peak memory 1120 MiB.
2026-10-09T23:44:16Z INFO [468/750] 8a0143b0-8802-4f9a-9433-4948d5c649d9: Sackin index -0.1135; 1.1 s; peak memory 1120 MiB.
2026-10-09T23:44:17Z INFO [469/750] 8a01bfc2-ec42-4820-bb46-e6954f51656e: Sackin index -0.3646; 1.1 s; peak memory 1120 MiB.
2026-10-09T23:44:18Z INFO [470/750] 8a0376bd-0781-4cdf-9594-703b6431a1ea: Sackin index -0.1349; 1.2 s; peak memory 1120 MiB.
2026-10-09T23:44:27Z INFO [471/750] 8a03db6f-0a6e-4cb0-a3af-8667ee2cb129: Sackin index -0.0251; 8.5 s; peak memory 1120 MiB.
2026-10-09T23:44:29Z INFO [472/750] 8a04b063-71e0-4578-9ad6-ed95ba8fe19e: Sackin index -0.0941; 2.3 s; peak memory 1120 MiB.
2026-10-09T23:44:37Z INFO [473/750] 8a04d0a3-79c5-4768-a088-191800207c8d: Sackin index -0.0476; 7.2 s; peak memory 1120 MiB.
2026-10-09T23:44:38Z INFO [474/750] 8a056491-2b46-439e-a387-a0014aa34a18: Sackin index -0.1349; 1.3 s; peak memory 1120 MiB.
2026-10-09T23:44:39Z INFO [475/750] 8a05977f-da6c-4a59-bedb-fe80e0c3bc75: Sackin index -0.1201; 1.4 s; peak memory 1120 MiB.
2026-10-09T23:44:41Z INFO [476/750] 8a05f271-e8e6-41d0-904e-a657f8c7935f: Sackin index -0.1349; 1.3 s; peak memory 1120 MiB.
2026-10-09T23:44:42Z INFO [477/750] 8a06dcd2-162d-4130-819a-4091b1cea0fd: Sackin index -0.1349; 1.3 s; peak memory 1120 MiB.
2026-10-09T23:44:43Z INFO [478/750] 8a0772d2-7d4e-42a8-8199-80ec2f980776: Sackin index -0.1349; 1.2 s; peak memory 1120 MiB.
2026-10-09T23:44:46Z INFO [479/750] 8a078ac8-3a05-4ef5-bcdd-5a125b687e14: Sackin index -0.0699; 2.9 s; peak memory 1120 MiB.
2026-10-09T23:44:48Z INFO [480/750] 8a09d5af-92ff-4bf2-8efc-09fef979adee: Sackin index -0.1383; 1.7 s; peak memory 1120 MiB.
2026-10-09T23:49:13Z INFO [481/750] 8a0a01be-11bd-4db4-99ea-147bfa8e4dae: Sackin index -0.0269; 265.4 s; peak memory 1120 MiB.
2026-10-09T23:49:14Z INFO [482/750] 8a0a3f9d-eaac-421f-948a-b484a04a23f7: Sackin index -0.1349; 1.2 s; peak memory 1120 MiB.
2026-10-09T23:49:16Z INFO [483/750] 8a0a4fbe-1b00-41d9-8004-64c6961d9a14: Sackin index -0.0702; 1.4 s; peak memory 1120 MiB.
2026-10-09T23:51:30Z INFO [484/750] 8a0aaa7b-7c40-4d36-bf7a-c52c23fbffc2: Sackin index -0.0414; 134.7 s; peak memory 1120 MiB.
2026-10-09T23:51:37Z INFO [485/750] 8a0c61ff-ce6d-43dd-a480-d816f9e60725: Sackin index -0.0231; 6.9 s; peak memory 1120 MiB.
2026-10-09T23:51:39Z INFO [486/750] 8a0c72f9-2cc7-4aa7-8b6c-54fc86c5f44a: Sackin index -0.1349; 1.2 s; peak memory 1120 MiB.
2026-10-09T23:51:41Z INFO [487/750] 8a0d4b96-8370-4c1b-9f66-b222c5de9c84: Sackin index -0.0728; 2.1 s; peak memory 1120 MiB.
2026-10-09T23:51:42Z INFO [488/750] 8a0d906b-c666-4cb3-a515-8d5289fac7a2: Sackin index -0.0704; 1.8 s; peak memory 1120 MiB.
2026-10-09T23:51:49Z INFO [489/750] 8a0db9ad-b7f3-4fab-92c9-d010ab10e6ea: Sackin index -0.0416; 6.2 s; peak memory 1120 MiB.
2026-10-09T23:51:50Z INFO [490/750] 8a0f26dd-d9df-415d-ae36-9e15bf63810c: Sackin index -0.0380; 1.7 s; peak memory 1120 MiB.
2026-10-09T23:51:53Z INFO [491/750] 8a0fff21-1c9a-4320-aadb-d37ea0d21af4: Sackin index -0.0699; 2.6 s; peak memory 1120 MiB.
2026-10-09T23:51:57Z INFO [492/750] 8a1008b7-6baf-48b5-b4ab-5360a897fc39: Sackin index -0.0660; 3.7 s; peak memory 1120 MiB.
2026-10-09T23:52:05Z INFO [493/750] 8a100a1b-f114-4585-b861-0b0a557b53f4: Sackin index -0.0213; 8.0 s; peak memory 1120 MiB.
2026-10-09T23:52:06Z INFO [494/750] 8a106b24-e824-49d9-8a96-8469cccb9d08: Sackin index -0.0375; 1.7 s; peak memory 1120 MiB.
2026-10-09T23:52:08Z INFO [495/750] 8a11b787-2a03-4ab5-800d-fdda3f74682c: Sackin index -0.1362; 1.6 s; peak memory 1120 MiB.
2026-10-09T23:52:09Z INFO [496/750] 8a1314eb-2135-4dc0-a31e-0203a91a2788: Sackin index -0.1349; 1.2 s; peak memory 1120 MiB.
2026-10-09T23:52:12Z INFO [497/750] 8a13c67c-7642-4ad3-b3f5-02e371085f61: Sackin index -0.0369; 2.3 s; peak memory 1120 MiB.
2026-10-09T23:52:29Z INFO [498/750] 8a13d527-05bc-48b7-aade-cfdd2e89b88d: Sackin index -0.0389; 17.9 s; peak memory 1120 MiB.
2026-10-09T23:52:31Z INFO [499/750] 8a14150f-9632-4d5a-b5fe-8aedeb4cc850: Sackin index -0.1208; 1.1 s; peak memory 1120 MiB.
2026-10-09T23:52:32Z INFO [500/750] 8a1447ba-4bed-4f4f-ba00-b579accf1806: Sackin index -0.1135; 1.0 s; peak memory 1120 MiB.
2026-10-09T23:52:32Z INFO [500/750] 8a1447ba-4bed-4f4f-ba00-b579accf1806: checkpointed 113586 new records.
2026-10-09T23:52:33Z INFO [501/750] 8a14a6ea-30be-460e-ad63-dfd5d232e0ea: Sackin index -0.1349; 1.3 s; peak memory 1120 MiB.
2026-10-09T23:52:36Z INFO [502/750] 8a14ed11-5ac4-4346-9343-42303aa0b545: Sackin index -0.0699; 3.3 s; peak memory 1120 MiB.
2026-10-09T23:52:39Z INFO [503/750] 8a151113-0db5-4a4e-873f-ed611c1d80ae: Sackin index -0.1938; 3.0 s; peak memory 1120 MiB.
2026-10-09T23:52:41Z INFO [504/750] 8a1531ba-93ae-4ce9-adad-f9e4bce91f11: Sackin index -0.1349; 1.2 s; peak memory 1120 MiB.
2026-10-09T23:52:42Z INFO [505/750] 8a15c213-1cb6-4c68-b75b-ebc706fcdf8e: Sackin index -0.1658; 1.2 s; peak memory 1120 MiB.
2026-10-09T23:52:44Z INFO [506/750] 8a18355b-26cf-4ed2-9746-ae508e1a2450: Sackin index -0.0728; 2.1 s; peak memory 1120 MiB.
2026-10-09T23:52:50Z INFO [507/750] 8a185041-90a2-4eec-833f-db61174c7b13: Sackin index -0.0257; 5.8 s; peak memory 1120 MiB.
2026-10-09T23:52:51Z INFO [508/750] 8a188af6-470d-41e9-b8c2-52fea236e44b: Sackin index -0.1349; 1.4 s; peak memory 1120 MiB.
2026-10-09T23:52:53Z INFO [509/750] 8a18a598-0520-4959-b97a-13aeaf37c11c: Sackin index -0.0681; 2.4 s; peak memory 1120 MiB.
2026-10-09T23:52:55Z INFO [510/750] 8a199391-56a7-44ae-8025-b1ea8ffa93dd: Sackin index -0.1349; 1.5 s; peak memory 1120 MiB.
2026-10-09T23:52:58Z INFO [511/750] 8a199b2e-8afb-4b24-a7d4-e4217d6ab679: Sackin index -0.0797; 3.3 s; peak memory 1120 MiB.
2026-10-09T23:53:00Z INFO [512/750] 8a19e2f7-4dbb-4f1f-b24f-7027d14f401a: Sackin index -0.1248; 1.4 s; peak memory 1120 MiB.
2026-10-09T23:53:01Z INFO [513/750] 8a19fb1c-d172-495e-b7d7-ae64f25e6980: Sackin index -0.1356; 1.1 s; peak memory 1120 MiB.
2026-10-09T23:53:03Z INFO [514/750] 8a1ae477-b57c-4c7e-b916-248d955eb5ca: Sackin index -0.0728; 2.0 s; peak memory 1120 MiB.
2026-10-09T23:53:04Z INFO [515/750] 8a1b1768-4e7a-4912-80f4-b8149ba11221: Sackin index -0.1390; 1.6 s; peak memory 1120 MiB.
2026-10-09T23:53:06Z INFO [516/750] 8a1c0b3b-b150-426b-8b36-d97fda586a76: Sackin index -0.1658; 1.2 s; peak memory 1120 MiB.
2026-10-09T23:53:07Z INFO [517/750] 8a1c3e0a-c514-411f-82b1-c4bdeab9e6da: Sackin index -0.1938; 1.3 s; peak memory 1120 MiB.
2026-10-09T23:53:08Z INFO [518/750] 8a1c4e09-18fd-45c6-8655-f32a1d47c562: Sackin index -0.1349; 1.2 s; peak memory 1120 MiB.
2026-10-09T23:53:09Z INFO [519/750] 8a1d8cbb-043c-40b9-abd1-686ad56a68ec: Sackin index -0.1349; 1.3 s; peak memory 1120 MiB.
2026-10-09T23:53:11Z INFO [520/750] 8a1f7987-23cf-4df6-83d1-6f2e64d09cd5: Sackin index -0.1187; 2.1 s; peak memory 1120 MiB.
2026-10-09T23:53:13Z INFO [521/750] 8a20bff3-0eff-4764-a373-cc09b51b71e2: Sackin index -0.0381; 1.7 s; peak memory 1120 MiB.
2026-10-09T23:53:19Z INFO [522/750] 8a20cb1b-921b-4c8c-a43e-9557f644dbe3: Sackin index -0.0251; 6.1 s; peak memory 1120 MiB.
2026-10-09T23:53:23Z INFO [523/750] 8a21cd93-cb87-4ec8-b2d0-24279accad83: Sackin index -0.0869; 3.2 s; peak memory 1120 MiB.
2026-10-09T23:53:24Z INFO [524/750] 8a220e15-b2b3-4216-b807-64b6db8781f5: Sackin index -0.1349; 1.4 s; peak memory 1120 MiB.
2026-10-09T23:53:27Z INFO [525/750] 8a22ecc4-4057-4468-98c8-8163daf4997b: Sackin index -0.0824; 2.6 s; peak memory 1120 MiB.
2026-10-09T23:53:29Z INFO [526/750] 8a230207-f1a6-443f-bce0-c0e8506833d9: Sackin index -0.0173; 2.5 s; peak memory 1120 MiB.
2026-10-09T23:53:43Z INFO [527/750] 8a231f2d-226c-4407-a827-fea719d5fd39: Sackin index -0.0038; 13.7 s; peak memory 1120 MiB.
2026-10-09T23:53:44Z INFO [528/750] 8a26bc93-cfee-4b3d-8794-f9c2ee85f924: Sackin index -0.1253; 1.4 s; peak memory 1120 MiB.
2026-10-09T23:53:54Z INFO [529/750] 8a2797a2-043d-4d0c-8679-2402aa609d95: Sackin index -0.0209; 9.7 s; peak memory 1120 MiB.
2026-10-09T23:53:56Z INFO [530/750] 8a27f209-b55a-46b5-8ce1-78467f4ebafb: Sackin index -0.0745; 1.8 s; peak memory 1120 MiB.
2026-10-09T23:53:57Z INFO [531/750] 8a28e154-7aa3-4825-952b-ddba78d2234b: Sackin index -0.1349; 0.9 s; peak memory 1120 MiB.
2026-10-09T23:53:58Z INFO [532/750] 8a28f234-859f-4745-99e7-6a27cc284d4f: Sackin index -0.2000; 1.0 s; peak memory 1120 MiB.
2026-10-09T23:54:05Z INFO [533/750] 8a2a94ee-76ea-4cc3-b582-edfa4d02d3c2: Sackin index -0.0235; 7.1 s; peak memory 1120 MiB.
2026-10-09T23:54:07Z INFO [534/750] 8a2aafb9-6f93-4d82-8e8d-4c05ff8b2e63: Sackin index -0.0704; 2.8 s; peak memory 1120 MiB.
2026-10-09T23:54:09Z INFO [535/750] 8a2ac18e-5b3d-4b18-b2a8-844196ff1abb: Sackin index -0.1349; 1.3 s; peak memory 1120 MiB.
2026-10-09T23:54:13Z INFO [536/750] 8a2b3c63-1155-49cf-9836-519cda45d498: Sackin index -0.0660; 3.8 s; peak memory 1120 MiB.
2026-10-09T23:54:14Z INFO [537/750] 8a2b3d97-583e-4852-b784-251335d88307: Sackin index -0.0702; 1.6 s; peak memory 1120 MiB.
2026-10-09T23:54:15Z INFO [538/750] 8a2c60dc-c75b-4835-91ef-e390a797df3f: Sackin index -0.1658; 1.1 s; peak memory 1120 MiB.
2026-10-09T23:54:20Z INFO [539/750] 8a2c735f-fee2-4351-ad68-79f0e4b4c36d: Sackin index -0.0547; 4.9 s; peak memory 1120 MiB.
2026-10-09T23:54:23Z INFO [540/750] 8a2ce9b2-2e98-4c37-8f2a-3b9c8b542086: Sackin index -0.0663; 2.9 s; peak memory 1120 MiB.
2026-10-09T23:54:25Z INFO [541/750] 8a2d405c-378a-4652-9015-efe9caf6a0a5: Sackin index -0.0375; 1.9 s; peak memory 1120 MiB.
2026-10-09T23:54:28Z INFO [542/750] 8a2dbf44-d119-4a44-8c34-ad477fffa2ce: Sackin index -0.0699; 2.8 s; peak memory 1120 MiB.
2026-10-09T23:54:29Z INFO [543/750] 8a2ee51f-7709-4fc3-a9ad-477ed77fe3cc: Sackin index -0.1105; 1.6 s; peak memory 1120 MiB.
2026-10-09T23:54:32Z INFO [544/750] 8a300c91-b372-403c-97b6-5bb9ecdd90fe: Sackin index -0.0728; 2.1 s; peak memory 1120 MiB.
2026-10-09T23:54:35Z INFO [545/750] 8a3032a5-6442-47dc-a5ff-56e7cc194fc1: Sackin index -0.0648; 3.6 s; peak memory 1120 MiB.
2026-10-09T23:54:46Z INFO [546/750] 8a30be3c-4839-4b5c-b33c-6e802e5c8745: Sackin index -0.0017; 11.1 s; peak memory 1120 MiB.
2026-10-09T23:54:58Z INFO [547/750] 8a30c360-3a36-4176-9b71-978ded9a3bd2: Sackin index -0.0254; 12.2 s; peak memory 1120 MiB.
2026-10-09T23:55:01Z INFO [548/750] 8a30f933-9008-4e08-81ad-5f2603fd084d: Sackin index -0.0272; 2.4 s; peak memory 1120 MiB.
2026-10-09T23:55:02Z INFO [549/750] 8a312bfd-01d7-4ca7-a039-acf48e7c1e7f: Sackin index -0.0656; 1.3 s; peak memory 1120 MiB.
2026-10-09T23:55:17Z INFO [550/750] 8a3134c0-c0d1-4ddc-902e-383ac6054d46: Sackin index -0.0205; 14.4 s; peak memory 1120 MiB.
2026-10-09T23:55:17Z INFO [550/750] 8a3134c0-c0d1-4ddc-902e-383ac6054d46: checkpointed 113636 new records.
2026-10-09T23:55:18Z INFO [551/750] 8a320044-4187-406a-9134-a572ef11e7de: Sackin index -0.1349; 1.0 s; peak memory 1120 MiB.
2026-10-09T23:55:44Z INFO [552/750] 8a323c29-55b8-4181-aa37-0250e843e01f: Sackin index -0.0154; 26.0 s; peak memory 1120 MiB.
2026-10-09T23:55:49Z INFO [553/750] 8a32eb7b-ea24-421b-81f0-5ebf1efd6c0e: Sackin index -0.0403; 5.4 s; peak memory 1120 MiB.
2026-10-09T23:55:51Z INFO [554/750] 8a331204-ad89-44ac-b1d1-d6836e9d19f9: Sackin index -0.1349; 1.4 s; peak memory 1120 MiB.
2026-10-09T23:55:54Z INFO [555/750] 8a332c88-3b69-4352-9bb4-1a0abf6e93d6: Sackin index -0.0660; 3.5 s; peak memory 1120 MiB.
2026-10-09T23:56:13Z INFO [556/750] 8a33fea5-a30f-4a4c-8e1b-df1befbeb418: Sackin index -0.0146; 19.1 s; peak memory 1120 MiB.
2026-10-09T23:56:14Z INFO [557/750] 8a34d2e6-b49c-4406-93ac-abc11e52cdf8: Sackin index -0.1349; 1.1 s; peak memory 1120 MiB.
2026-10-09T23:56:15Z INFO [558/750] 8a35073b-43f9-4746-acdb-844f52c1bdc4: Sackin index -0.0707; 1.1 s; peak memory 1120 MiB.
2026-10-09T23:56:17Z INFO [559/750] 8a356709-5b75-4a13-b8fb-52e9b7d34a7b: Sackin index -0.1349; 1.2 s; peak memory 1120 MiB.
2026-10-09T23:56:18Z INFO [560/750] 8a35d729-de1c-4231-b6c8-aae60ed7caa9: Sackin index -0.0722; 1.8 s; peak memory 1120 MiB.
2026-10-09T23:56:20Z INFO [561/750] 8a35f7b5-2fc7-43ad-8789-c88e0dcc0a9f: Sackin index -0.1239; 1.2 s; peak memory 1120 MiB.
2026-10-09T23:56:44Z INFO [562/750] 8a360ab5-d0e2-4c61-8bc2-3c9f6d39abc6: Sackin index -0.1367; 24.5 s; peak memory 1120 MiB.
2026-10-09T23:57:03Z INFO [563/750] 8a3747a6-1660-4752-9904-b691e8afb0c4: Sackin index -0.1388; 18.8 s; peak memory 1120 MiB.
2026-10-09T23:57:05Z INFO [564/750] 8a384479-d894-4336-8348-9e83e47f2dae: Sackin index -0.1273; 2.1 s; peak memory 1120 MiB.
2026-10-09T23:57:07Z INFO [565/750] 8a3863f2-4609-408c-9c19-16e4040b114f: Sackin index -0.0941; 2.0 s; peak memory 1120 MiB.
2026-10-09T23:57:08Z INFO [566/750] 8a38cb38-6a25-4fa6-adee-9662036ea095: Sackin index -0.1349; 1.2 s; peak memory 1120 MiB.
2026-10-09T23:57:10Z INFO [567/750] 8a3913bc-7f11-4079-90ad-860212fa6545: Sackin index -0.0375; 2.0 s; peak memory 1120 MiB.
2026-10-09T23:57:13Z INFO [568/750] 8a39701c-481d-40ea-afae-bc1e751eccb3: Sackin index -0.0694; 3.0 s; peak memory 1120 MiB.
2026-10-09T23:57:14Z INFO [569/750] 8a39850e-49e2-4b13-83c5-eb78d0d3e78c: Sackin index -0.1658; 0.9 s; peak memory 1120 MiB.
2026-10-09T23:57:28Z INFO [570/750] 8a399f35-5aa7-4b63-8c16-d7dd6648d5e1: Sackin index -0.0173; 13.4 s; peak memory 1120 MiB.
2026-10-09T23:57:35Z INFO [571/750] 8a39d576-4420-423f-a2a0-ca67aa3d4cc9: Sackin index -0.0266; 7.5 s; peak memory 1120 MiB.
2026-10-09T23:57:37Z INFO [572/750] 8a3a9887-131f-4e90-b7ad-7e936829cc5c: Sackin index -0.0275; 2.2 s; peak memory 1120 MiB.
2026-10-09T23:57:41Z INFO [573/750] 8a3adcdb-fa39-4c57-bea0-4f9972f82bec: Sackin index -0.0660; 3.9 s; peak memory 1120 MiB.
2026-10-09T23:57:42Z INFO [574/750] 8a3c7dc5-0390-4309-9738-9400efd8f3c2: Sackin index -0.1208; 1.1 s; peak memory 1120 MiB.
2026-10-09T23:57:43Z INFO [575/750] 8a3d69a5-af3b-4075-bf46-b69cda407c1a: Sackin index -0.1448; 1.0 s; peak memory 1120 MiB.
2026-10-09T23:57:57Z INFO [576/750] 8a3dfbca-3cc6-45ed-916a-5336a511cac6: Sackin index -0.0165; 14.1 s; peak memory 1120 MiB.
2026-10-09T23:58:00Z INFO [577/750] 8a3e1a05-2080-407e-b15e-e7cb84e5d9ab: Sackin index -0.0272; 2.4 s; peak memory 1120 MiB.
2026-10-09T23:58:01Z INFO [578/750] 8a3e7e00-ad7a-4b64-a652-46baa9008d62: Sackin index -0.1728; 1.5 s; peak memory 1120 MiB.
2026-10-09T23:58:03Z INFO [579/750] 8a3f8426-11db-409b-857c-e800ea728114: Sackin index -0.0696; 1.7 s; peak memory 1120 MiB.
2026-10-09T23:58:51Z INFO [580/750] 8a4016f0-d9aa-4072-867b-cdb768f2edf1: Sackin index -0.1144; 47.7 s; peak memory 1120 MiB.
2026-10-09T23:58:52Z INFO [581/750] 8a401b2a-1270-48fe-aabb-60300916212c: Sackin index -0.0709; 1.7 s; peak memory 1120 MiB.
2026-10-09T23:58:54Z INFO [582/750] 8a405a3b-946f-4201-b4a2-4867c43df3df: Sackin index -0.0702; 1.5 s; peak memory 1120 MiB.
2026-10-09T23:58:55Z INFO [583/750] 8a41acd4-0c55-454f-b417-3248bc758f9a: Sackin index -0.1248; 1.4 s; peak memory 1120 MiB.
2026-10-09T23:58:57Z INFO [584/750] 8a421e7b-3a90-461e-9bbd-886f0c811a86: Sackin index -0.0709; 1.6 s; peak memory 1120 MiB.
2026-10-09T23:58:59Z INFO [585/750] 8a4256bc-3d78-436d-87d4-1c2b9dd6b85f: Sackin index -0.0745; 2.2 s; peak memory 1120 MiB.
2026-10-09T23:59:01Z INFO [586/750] 8a43f511-5f7d-43d5-bb5f-8ba58ff34a97: Sackin index -0.1380; 1.8 s; peak memory 1120 MiB.
2026-10-09T23:59:02Z INFO [587/750] 8a44ea2f-73a0-4e97-ac11-cfaff2fb301f: Sackin index -0.1349; 1.1 s; peak memory 1120 MiB.
2026-10-09T23:59:03Z INFO [588/750] 8a459005-ddf4-4533-8623-f1cd34e97f83: Sackin index -0.1349; 1.3 s; peak memory 1120 MiB.
2026-10-09T23:59:05Z INFO [589/750] 8a46389a-e531-4380-a24d-6d8e1a0565f0: Sackin index -0.1293; 1.9 s; peak memory 1120 MiB.
2026-10-09T23:59:07Z INFO [590/750] 8a463e69-e8ee-4128-a794-9bf021645a61: Sackin index -0.1349; 1.3 s; peak memory 1120 MiB.
2026-10-09T23:59:24Z INFO [591/750] 8a47069c-b75c-412c-9ddb-a740c7fc940a: Sackin index -0.0183; 17.3 s; peak memory 1120 MiB.
2026-10-09T23:59:25Z INFO [592/750] 8a478d2c-ddff-4670-bca2-48b47af3f66e: Sackin index -0.1658; 1.1 s; peak memory 1120 MiB.
2026-10-09T23:59:26Z INFO [593/750] 8a47b88b-668d-4c25-8ca8-c13d377a8d79: Sackin index -0.1658; 1.1 s; peak memory 1120 MiB.
2026-10-09T23:59:28Z INFO [594/750] 8a48e55b-4bae-4b1e-a4e5-c4aa3ea68df1: Sackin index -0.0275; 2.3 s; peak memory 1120 MiB.
2026-10-09T23:59:30Z INFO [595/750] 8a48eecd-14f2-46d6-972a-d17650772b33: Sackin index -0.1349; 1.4 s; peak memory 1120 MiB.
2026-10-09T23:59:31Z INFO [596/750] 8a4b28bf-fd74-43b2-8725-582a31d33f23: Sackin index -0.1658; 1.1 s; peak memory 1120 MiB.
2026-10-09T23:59:32Z INFO [597/750] 8a4bc828-5c0d-4724-b66b-c24f4fb9a6c4: Sackin index -0.1349; 1.4 s; peak memory 1120 MiB.
2026-10-09T23:59:34Z INFO [598/750] 8a4c7d6d-baf2-464e-a51b-ac8542f19107: Sackin index -0.0745; 2.0 s; peak memory 1120 MiB.
2026-10-09T23:59:38Z INFO [599/750] 8a4d2ca0-d8e1-48e2-8bdd-2edb02dccb6e: Sackin index -0.0869; 3.2 s; peak memory 1120 MiB.
2026-10-09T23:59:39Z INFO [600/750] 8a4d3bc3-f82c-436a-9458-fd1d5b681dd5: Sackin index -0.1349; 1.2 s; peak memory 1120 MiB.
2026-10-09T23:59:39Z INFO [600/750] 8a4d3bc3-f82c-436a-9458-fd1d5b681dd5: checkpointed 113686 new records.
2026-10-09T23:59:42Z INFO [601/750] 8a4f9b8a-f6e1-42c3-a727-78bb63a545c6: Sackin index -0.1938; 3.0 s; peak memory 1120 MiB.
2026-10-09T23:59:43Z INFO [602/750] 8a50c74b-1338-4755-bf26-56d7161b5b61: Sackin index -0.0722; 1.4 s; peak memory 1120 MiB.
2026-10-09T23:59:47Z INFO [603/750] 8a50fd7b-6c5d-4c81-ae41-ec11d20c9ee8: Sackin index -0.0660; 3.5 s; peak memory 1120 MiB.
2026-10-09T23:59:55Z INFO [604/750] 8a511ded-f584-4aa5-9ae9-777227524a40: Sackin index -0.0438; 7.6 s; peak memory 1120 MiB.
2026-10-09T23:59:56Z INFO [605/750] 8a51f70c-d865-41ce-83e3-f1e1bfb2d356: Sackin index -0.0384; 1.5 s; peak memory 1120 MiB.
2026-10-09T23:59:58Z INFO [606/750] 8a525e97-7e2c-4e78-8104-e76f2290dabd: Sackin index -0.0702; 1.7 s; peak memory 1120 MiB.
2026-10-09T23:59:59Z INFO [607/750] 8a52e1a8-5ae9-4212-8a9f-870e17a10ba9: Sackin index -0.0811; 1.4 s; peak memory 1120 MiB.
2026-10-10T00:00:00Z INFO [608/750] 8a530c7e-5b8c-473b-be8a-0e9d4f1b88c4: Sackin index -0.1135; 1.0 s; peak memory 1120 MiB.
2026-10-10T00:00:02Z INFO [609/750] 8a53ca46-2d09-442e-a646-5dc44cd92dc4: Sackin index -0.0702; 1.5 s; peak memory 1120 MiB.
2026-10-10T00:00:03Z INFO [610/750] 8a5485bf-88e9-45dc-8299-326c6540553a: Sackin index -0.1349; 1.3 s; peak memory 1120 MiB.
2026-10-10T00:00:05Z INFO [611/750] 8a54ba07-3cda-435f-a995-6e37f48d30a6: Sackin index -0.0738; 2.2 s; peak memory 1120 MiB.
2026-10-10T00:00:18Z INFO [612/750] 8a54e510-87cf-47ca-8eaa-79e4daf818c8: Sackin index -0.0288; 13.0 s; peak memory 1120 MiB.
2026-10-10T00:00:21Z INFO [613/750] 8a551b5b-6f63-4261-8ac7-90b99158923f: Sackin index -0.0797; 3.0 s; peak memory 1120 MiB.
2026-10-10T00:00:22Z INFO [614/750] 8a5547a4-24d7-4d68-b8c8-e45d962d3899: Sackin index -0.0720; 1.1 s; peak memory 1120 MiB.
2026-10-10T00:00:23Z INFO [615/750] 8a560fb7-5a6e-447a-869c-5690b5a879f2: Sackin index -0.1349; 1.2 s; peak memory 1120 MiB.
2026-10-10T00:00:25Z INFO [616/750] 8a563be5-ee39-4a8e-b7f3-6f4c990eb0a7: Sackin index -0.1349; 1.2 s; peak memory 1120 MiB.
2026-10-10T00:00:26Z INFO [617/750] 8a5714b5-2de5-4a74-a2d8-eaaa27c122ef: Sackin index -0.1273; 1.6 s; peak memory 1120 MiB.
2026-10-10T00:00:27Z INFO [618/750] 8a579efc-cf2c-4e80-bd6f-679871bcc621: Sackin index -0.1349; 1.2 s; peak memory 1120 MiB.
2026-10-10T00:00:51Z INFO [619/750] 8a57ad0f-2285-4a22-b6de-0fa55df46344: Sackin index -0.1367; 23.6 s; peak memory 1120 MiB.
2026-10-10T00:00:52Z INFO [620/750] 8a584cec-741b-45aa-b3e0-036f148670d5: Sackin index -0.1349; 1.3 s; peak memory 1120 MiB.
2026-10-10T00:00:56Z INFO [621/750] 8a58af32-4e69-4ba6-8a42-39ff8673054a: Sackin index -0.0630; 3.6 s; peak memory 1120 MiB.
2026-10-10T00:01:02Z INFO [622/750] 8a58bad2-ca4d-43ad-8a73-f1555cf31717: Sackin index -0.0869; 5.8 s; peak memory 1120 MiB.
2026-10-10T00:01:04Z INFO [623/750] 8a58e724-db61-4f0a-8651-31ace6656b6d: Sackin index -0.1273; 1.9 s; peak memory 1120 MiB.
2026-10-10T00:01:05Z INFO [624/750] 8a58fef8-bafd-4d6d-8ffd-e0cd80d86af5: Sackin index -0.0696; 1.6 s; peak memory 1120 MiB.
2026-10-10T00:01:07Z INFO [625/750] 8a592df7-5f9a-4259-8edf-1ac1fa529d4a: Sackin index -0.0376; 1.7 s; peak memory 1120 MiB.
2026-10-10T00:02:11Z INFO [626/750] 8a59451e-1403-453d-b111-89acdd0476ea: Sackin index -0.0037; 64.2 s; peak memory 1120 MiB.
2026-10-10T00:02:13Z INFO [627/750] 8a5a6024-52dd-40d5-96ee-5a2fb51c2501: Sackin index -0.0728; 1.9 s; peak memory 1120 MiB.
2026-10-10T00:02:14Z INFO [628/750] 8a5c4cdb-8428-4ca2-b4f0-c0afd6b44218: Sackin index -0.1178; 1.0 s; peak memory 1120 MiB.
2026-10-10T00:02:17Z INFO [629/750] 8a5d324f-e728-4cbb-8b10-6b31c1228d96: Sackin index -0.0681; 3.0 s; peak memory 1120 MiB.
2026-10-10T00:02:33Z INFO [630/750] 8a5df6b9-e42e-465d-9ca1-21d805acbdc3: Sackin index -0.0141; 15.5 s; peak memory 1120 MiB.
2026-10-10T00:02:38Z INFO [631/750] 8a5e1ebf-ecf7-40f3-92e9-03ea816235d3: Sackin index -0.0415; 5.2 s; peak memory 1120 MiB.
2026-10-10T00:02:39Z INFO [632/750] 8a5e9dd3-5315-46ee-a396-fcf63f2fc4a3: Sackin index -0.0702; 1.5 s; peak memory 1120 MiB.
2026-10-10T00:02:40Z INFO [633/750] 8a5eed81-80ea-45d8-ba2d-a403e3469de9: Sackin index -0.1592; 1.3 s; peak memory 1120 MiB.
2026-10-10T00:02:42Z INFO [634/750] 8a5f60c4-50e1-4cbe-a493-11758235ddd9: Sackin index -0.1349; 1.3 s; peak memory 1120 MiB.
2026-10-10T00:02:58Z INFO [635/750] 8a6028b2-8e94-4687-87f2-85302e1dba07: Sackin index -0.0160; 16.2 s; peak memory 1120 MiB.
2026-10-10T00:03:00Z INFO [636/750] 8a606bb5-3294-4b46-ba26-39cef0ab572a: Sackin index -0.1248; 1.6 s; peak memory 1120 MiB.
2026-10-10T00:03:02Z INFO [637/750] 8a608ff5-9d62-49c3-aaf2-692ddb45480d: Sackin index -0.0702; 2.1 s; peak memory 1120 MiB.
2026-10-10T00:03:03Z INFO [638/750] 8a60c4a0-c859-4ab6-ba69-7b7bfc478120: Sackin index -0.1461; 1.3 s; peak memory 1120 MiB.
2026-10-10T00:03:05Z INFO [639/750] 8a6185b7-d284-4809-a0c5-605ba62f2d13: Sackin index -0.0702; 1.7 s; peak memory 1120 MiB.
2026-10-10T00:03:21Z INFO [640/750] 8a61ce96-89cf-421a-a5d1-b7d27536e56a: Sackin index -0.0197; 16.0 s; peak memory 1120 MiB.
2026-10-10T00:03:22Z INFO [641/750] 8a629227-9fd0-40e7-b804-f37d65dabbf6: Sackin index -0.1349; 1.1 s; peak memory 1120 MiB.
2026-10-10T00:03:25Z INFO [642/750] 8a62a038-3cb8-4c62-86a9-e7b01a424687: Sackin index -0.0797; 3.6 s; peak memory 1120 MiB.
2026-10-10T00:03:45Z INFO [643/750] 8a62cad5-75f8-45ab-b503-07737422123e: Sackin index -0.0205; 19.5 s; peak memory 1120 MiB.
2026-10-10T00:03:48Z INFO [644/750] 8a631f67-8a8b-433a-b4d3-a32af566c012: Sackin index -0.0704; 3.4 s; peak memory 1120 MiB.
2026-10-10T00:03:50Z INFO [645/750] 8a633699-62f9-47d8-8882-71d79a0b11e3: Sackin index -0.0702; 1.4 s; peak memory 1120 MiB.
2026-10-10T00:03:51Z INFO [646/750] 8a635132-a214-4e5f-b5bc-c60181e65e4d: Sackin index -0.0745; 1.8 s; peak memory 1120 MiB.
2026-10-10T00:03:53Z INFO [647/750] 8a63e097-cdaa-4b42-9037-b52ddcafd8a7: Sackin index -0.1194; 1.7 s; peak memory 1120 MiB.
2026-10-10T00:03:56Z INFO [648/750] 8a656647-acf9-44ae-a8ca-943e33155ab1: Sackin index -0.0699; 3.2 s; peak memory 1120 MiB.
2026-10-10T00:04:29Z INFO [649/750] 8a6592ee-01ce-4e86-833c-b08ffcfd9b09: Sackin index -0.0146; 32.9 s; peak memory 1120 MiB.
2026-10-10T00:04:30Z INFO [650/750] 8a65ca4b-067e-48e8-8cd1-b92e8d6937d7: Sackin index -0.1349; 1.3 s; peak memory 1120 MiB.
2026-10-10T00:04:31Z INFO [650/750] 8a65ca4b-067e-48e8-8cd1-b92e8d6937d7: checkpointed 113736 new records.
2026-10-10T00:04:32Z INFO [651/750] 8a6603e6-b208-4686-a2e8-afd9f9ac0492: Sackin index -0.1239; 1.2 s; peak memory 1120 MiB.
2026-10-10T00:04:33Z INFO [652/750] 8a66e42e-4a3b-4918-a4e0-e6a743899709: Sackin index -0.1349; 1.2 s; peak memory 1120 MiB.
2026-10-10T00:04:35Z INFO [653/750] 8a68316b-8245-4439-86b8-4535f68bd48a: Sackin index -0.0745; 1.8 s; peak memory 1120 MiB.
2026-10-10T00:05:02Z INFO [654/750] 8a683dc3-0d5d-412b-a361-02f926e6229d: Sackin index -0.1367; 27.0 s; peak memory 1120 MiB.
2026-10-10T00:05:04Z INFO [655/750] 8a689b25-8b5d-4e62-86b1-f900e0cd4347: Sackin index -0.0369; 2.5 s; peak memory 1120 MiB.
2026-10-10T00:05:07Z INFO [656/750] 8a68c268-c0c8-47ea-9443-d9ee93f7ec01: Sackin index -0.0643; 3.1 s; peak memory 1120 MiB.
2026-10-10T00:05:10Z INFO [657/750] 8a69bfc7-96e6-4f44-a919-7d4eccb95b62: Sackin index -0.0369; 2.4 s; peak memory 1120 MiB.
2026-10-10T00:05:11Z INFO [658/750] 8a6aaf61-9ac6-4b3b-8b5a-23108dfc601f: Sackin index -0.0376; 1.7 s; peak memory 1120 MiB.
2026-10-10T00:05:13Z INFO [659/750] 8a6ab609-f65b-4a24-b241-7107be604dd5: Sackin index -0.1349; 1.4 s; peak memory 1120 MiB.
2026-10-10T00:05:14Z INFO [660/750] 8a6ac35a-1d1b-4ff7-b325-3201ef244ac4: Sackin index -0.1303; 1.1 s; peak memory 1120 MiB.
2026-10-10T00:13:45Z INFO [661/750] 8a6d26de-ea05-441c-8b86-54994ba09150: Sackin index -0.1201; 511.3 s; peak memory 1120 MiB.
2026-10-10T00:13:46Z INFO [662/750] 8a6d2a38-fa36-4d91-b6bf-b11fa673c59d: Sackin index -0.1349; 1.2 s; peak memory 1120 MiB.
2026-10-10T00:13:48Z INFO [663/750] 8a6d8832-392e-440d-ac98-ac873566e70a: Sackin index -0.0702; 1.6 s; peak memory 1120 MiB.
2026-10-10T00:13:51Z INFO [664/750] 8a6df867-4115-4dbf-9592-181319cd9366: Sackin index -0.0704; 3.2 s; peak memory 1120 MiB.
2026-10-10T00:13:53Z INFO [665/750] 8a6f1904-2ffb-4314-bbe9-373cc03827d3: Sackin index -0.1667; 1.4 s; peak memory 1120 MiB.
2026-10-10T00:13:54Z INFO [666/750] 8a6f792e-44e2-49d0-8f36-6e217a2476a3: Sackin index -0.1658; 1.0 s; peak memory 1120 MiB.
2026-10-10T00:13:55Z INFO [667/750] 8a6f8d9d-dd91-41c4-aed2-437eee79a330: Sackin index -0.1248; 1.4 s; peak memory 1120 MiB.
2026-10-10T00:13:56Z INFO [668/750] 8a6fffd9-7e6e-4da2-b585-bc4b757eb6d8: Sackin index -0.1298; 1.3 s; peak memory 1120 MiB.
2026-10-10T00:13:58Z INFO [669/750] 8a7063ec-ef48-4a54-85e6-2fadbb460635: Sackin index -0.1361; 1.3 s; peak memory 1120 MiB.
2026-10-10T00:14:00Z INFO [670/750] 8a7070bf-82ed-4f98-8149-6e04c7284e2c: Sackin index -0.0728; 2.1 s; peak memory 1120 MiB.
2026-10-10T00:14:02Z INFO [671/750] 8a7171ce-0e1f-419d-9798-d0a401837e4f: Sackin index -0.1243; 2.4 s; peak memory 1120 MiB.
2026-10-10T00:14:03Z INFO [672/750] 8a7225c0-d337-4bc7-993f-96d91cb46e25: Sackin index -0.2147; 1.1 s; peak memory 1120 MiB.
2026-10-10T00:14:05Z INFO [673/750] 8a728f25-57c6-4f8c-b75e-dc18ed1468a1: Sackin index -0.0944; 1.9 s; peak memory 1120 MiB.
2026-10-10T00:14:09Z INFO [674/750] 8a731adb-81bd-488a-aad0-4ed98f337704: Sackin index -0.0660; 3.9 s; peak memory 1120 MiB.
2026-10-10T00:14:15Z INFO [675/750] 8a73343d-3688-4fb5-a083-8eb9f17f5931: Sackin index -0.0257; 5.8 s; peak memory 1120 MiB.
2026-10-10T00:14:17Z INFO [676/750] 8a73ac74-89f1-464f-b9d8-c4da573e1088: Sackin index -0.0379; 1.8 s; peak memory 1120 MiB.
2026-10-10T00:14:18Z INFO [677/750] 8a745284-f8be-4174-8db5-f952271a523a: Sackin index -0.1349; 1.2 s; peak memory 1120 MiB.
2026-10-10T00:14:19Z INFO [678/750] 8a747267-5755-4cc2-a05b-1444d53a0e11: Sackin index -0.0696; 1.6 s; peak memory 1120 MiB.
2026-10-10T00:14:22Z INFO [679/750] 8a74f987-7bef-43d3-9335-2eb70be2c666: Sackin index -0.0272; 2.4 s; peak memory 1120 MiB.
2026-10-10T00:14:23Z INFO [680/750] 8a766ecd-b37c-4f9b-a990-a3c423a85210: Sackin index -0.1349; 1.2 s; peak memory 1120 MiB.
2026-10-10T00:14:25Z INFO [681/750] 8a776c07-1096-4b18-96ba-1fca434ca41a: Sackin index -0.0383; 1.9 s; peak memory 1120 MiB.
2026-10-10T00:14:26Z INFO [682/750] 8a77fc22-088c-4180-a6a7-8908f1d744f8: Sackin index -0.1349; 1.2 s; peak memory 1120 MiB.
2026-10-10T00:14:27Z INFO [683/750] 8a78761b-ccdb-48c9-b095-f1f162f3ff79: Sackin index -0.1120; 1.1 s; peak memory 1120 MiB.
2026-10-10T00:14:29Z INFO [684/750] 8a7895d1-0099-4e8e-82e5-a8a28a56573c: Sackin index -0.0709; 1.6 s; peak memory 1120 MiB.
2026-10-10T00:14:32Z INFO [685/750] 8a798148-abf0-487b-8378-1e45b7782380: Sackin index -0.0652; 3.4 s; peak memory 1120 MiB.
2026-10-10T00:14:34Z INFO [686/750] 8a79f573-8d00-4a8b-bdc5-17f4a949a0b7: Sackin index -0.0702; 1.7 s; peak memory 1120 MiB.
2026-10-10T00:14:36Z INFO [687/750] 8a7ad305-d377-4a11-bfa7-daf4de971f12: Sackin index -0.0272; 2.2 s; peak memory 1120 MiB.
2026-10-10T00:14:39Z INFO [688/750] 8a7b626e-7fbc-478a-b874-3c1fdbae1304: Sackin index -0.0699; 2.7 s; peak memory 1120 MiB.
2026-10-10T00:14:41Z INFO [689/750] 8a7c25de-39a6-4c8c-8965-2dff9db716a8: Sackin index -0.0413; 1.7 s; peak memory 1120 MiB.
2026-10-10T00:14:47Z INFO [690/750] 8a7cef7a-a603-44ce-858e-2bd03dcff186: Sackin index -0.0234; 6.3 s; peak memory 1120 MiB.
2026-10-10T00:14:48Z INFO [691/750] 8a7d1da9-5522-467d-b8e6-9a009c17f267: Sackin index -0.1466; 1.2 s; peak memory 1120 MiB.
2026-10-10T00:14:49Z INFO [692/750] 8a7d41ec-7793-41a0-87e8-85b20970c731: Sackin index -0.1349; 1.3 s; peak memory 1120 MiB.
2026-10-10T00:14:53Z INFO [693/750] 8a7d42f4-76fb-4e87-b766-1b0a348629eb: Sackin index -0.0660; 3.9 s; peak memory 1120 MiB.
2026-10-10T00:14:55Z INFO [694/750] 8a7d50d8-56c9-4af7-8875-c049b997f0f4: Sackin index -0.0371; 1.7 s; peak memory 1120 MiB.
2026-10-10T00:14:57Z INFO [695/750] 8a7da454-a4d3-48e3-bf22-05f8ad51e7ac: Sackin index -0.0483; 1.9 s; peak memory 1120 MiB.
2026-10-10T00:14:58Z INFO [696/750] 8a7e4893-7197-45f8-9314-4405ec026328: Sackin index -0.1349; 1.2 s; peak memory 1120 MiB.
2026-10-10T00:14:59Z INFO [697/750] 8a7e778c-c031-4625-be36-d4234fec9663: Sackin index -0.1303; 1.1 s; peak memory 1120 MiB.
2026-10-10T00:15:01Z INFO [698/750] 8a7f2f86-8b13-4be5-b1f4-1d75c982e402: Sackin index -0.0745; 1.8 s; peak memory 1120 MiB.
2026-10-10T00:15:03Z INFO [699/750] 8a7f9fe9-35f2-4321-8774-a6df8456b907: Sackin index -0.0702; 1.7 s; peak memory 1120 MiB.
2026-10-10T00:15:04Z INFO [700/750] 8a81223b-0919-42e7-bffe-50edc2bac260: Sackin index -0.1349; 1.3 s; peak memory 1120 MiB.
2026-10-10T00:15:04Z INFO [700/750] 8a81223b-0919-42e7-bffe-50edc2bac260: checkpointed 113786 new records.
2026-10-10T00:15:06Z INFO [701/750] 8a81266e-6cbc-4db2-a238-1a124909c388: Sackin index -0.0728; 2.3 s; peak memory 1120 MiB.
2026-10-10T00:15:08Z INFO [702/750] 8a812c48-2a45-4f80-b6cb-1c7d1da4bd19: Sackin index -0.1349; 1.2 s; peak memory 1120 MiB.
2026-10-10T00:15:10Z INFO [703/750] 8a818c34-52c4-4818-b6df-87fcdb014600: Sackin index -0.0369; 2.1 s; peak memory 1120 MiB.
2026-10-10T00:15:20Z INFO [704/750] 8a82c5d4-3975-475a-a292-8974da858743: Sackin index -0.0366; 10.1 s; peak memory 1120 MiB.
2026-10-10T00:15:21Z INFO [705/750] 8a836098-3957-4a24-a653-8c54deb81763: Sackin index -0.1331; 1.4 s; peak memory 1120 MiB.
2026-10-10T00:15:23Z INFO [706/750] 8a83b776-f36c-4dd2-9dce-e9d1c798cd07: Sackin index -0.1461; 1.3 s; peak memory 1120 MiB.
2026-10-10T00:15:25Z INFO [707/750] 8a849c48-f3b7-4974-8e73-a54bd6505707: Sackin index -0.0728; 2.5 s; peak memory 1120 MiB.
2026-10-10T00:16:30Z INFO [708/750] 8a850155-0b84-4bf2-bdcf-fd6e9381155b: Sackin index -0.0067; 64.5 s; peak memory 1120 MiB.
2026-10-10T00:16:31Z INFO [709/750] 8a8594c5-b6f7-4ccd-b738-3bc54b1b0e59: Sackin index -0.1658; 1.0 s; peak memory 1120 MiB.
2026-10-10T00:16:32Z INFO [710/750] 8a85e950-8a86-4738-80ab-dae6723cef26: Sackin index -0.1349; 1.4 s; peak memory 1120 MiB.
2026-10-10T00:16:44Z INFO [711/750] 8a862843-bb1e-4c71-bc4d-5c838756e190: Sackin index -0.0341; 11.7 s; peak memory 1120 MiB.
2026-10-10T00:16:45Z INFO [712/750] 8a86302b-7c86-456a-afc1-9482f23fde59: Sackin index -0.1349; 1.0 s; peak memory 1120 MiB.
2026-10-10T00:16:51Z INFO [713/750] 8a8642bc-4a50-4b48-969b-f977b2c3ceac: Sackin index -0.0403; 6.0 s; peak memory 1120 MiB.
2026-10-10T00:16:53Z INFO [714/750] 8a86615a-d9cd-4e21-be70-aadf1fb134eb: Sackin index -0.0728; 2.0 s; peak memory 1120 MiB.
2026-10-10T00:17:15Z INFO [715/750] 8a8681cf-26ed-4945-8fe2-9738647a60a6: Sackin index -0.0083; 22.2 s; peak memory 1120 MiB.
2026-10-10T00:17:16Z INFO [716/750] 8a873ba2-5f19-48cc-a2cd-07677bc054ce: Sackin index -0.1349; 1.4 s; peak memory 1120 MiB.
2026-10-10T00:17:19Z INFO [717/750] 8a880fdb-e171-47f4-b24c-6890f4ba9c8b: Sackin index -0.0369; 2.4 s; peak memory 1120 MiB.
2026-10-10T00:17:31Z INFO [718/750] 8a885525-d841-4402-9baa-a00ca47b8f98: Sackin index -0.0150; 12.0 s; peak memory 1120 MiB.
2026-10-10T00:17:32Z INFO [719/750] 8a894a7f-622f-44c8-9edd-878daa4fa7b4: Sackin index -0.1349; 1.5 s; peak memory 1120 MiB.
2026-10-10T00:17:35Z INFO [720/750] 8a897830-01f0-4ecb-b6d7-97cb3a7e16de: Sackin index -0.0728; 2.2 s; peak memory 1120 MiB.
2026-10-10T00:17:47Z INFO [721/750] 8a89944e-72be-4887-9cb9-c19ece908824: Sackin index -0.1408; 12.3 s; peak memory 1120 MiB.
2026-10-10T00:17:52Z INFO [722/750] 8a89dfab-c100-43ba-8169-694573390b3a: Sackin index -0.0914; 4.9 s; peak memory 1120 MiB.
2026-10-10T00:17:53Z INFO [723/750] 8a8a3986-b5b3-4165-98da-ae9155a83fa4: Sackin index -0.1248; 1.6 s; peak memory 1120 MiB.
2026-10-10T00:18:00Z INFO [724/750] 8a8aa4b2-3046-4e4f-8193-12f6a59a5f9a: Sackin index -0.0403; 6.4 s; peak memory 1120 MiB.
2026-10-10T00:20:45Z INFO [725/750] 8a8c4e83-abcf-4805-b554-26cf0b21ef94: Sackin index -0.0305; 165.1 s; peak memory 1120 MiB.
2026-10-10T00:20:47Z INFO [726/750] 8a8c6192-303a-4bfa-9b51-01ad5c0931b2: Sackin index -0.0745; 2.3 s; peak memory 1120 MiB.
2026-10-10T00:20:49Z INFO [727/750] 8a8cdfb7-4129-4d41-b70e-302a400c3df9: Sackin index -0.0375; 1.9 s; peak memory 1120 MiB.
2026-10-10T00:20:50Z INFO [728/750] 8a8e871f-f515-495f-86fe-9e358a459541: Sackin index -0.1349; 1.4 s; peak memory 1120 MiB.
2026-10-10T00:20:53Z INFO [729/750] 8a8f6ec4-e1e8-43a2-bfe3-661ae6d481c2: Sackin index -0.0728; 2.1 s; peak memory 1120 MiB.
2026-10-10T00:20:54Z INFO [730/750] 8a8f8625-4237-4b32-aa17-e3609d911b39: Sackin index -0.0745; 1.2 s; peak memory 1120 MiB.
2026-10-10T00:20:56Z INFO [731/750] 8a90436e-cf36-480e-b320-af20a1c709e0: Sackin index -0.1068; 1.8 s; peak memory 1120 MiB.
2026-10-10T00:20:58Z INFO [732/750] 8a907e3f-e8d4-4c09-a234-dd58ba30562c: Sackin index -0.0369; 1.9 s; peak memory 1120 MiB.
2026-10-10T00:20:59Z INFO [733/750] 8a908883-dbd3-4773-bb9a-14fe65661e53: Sackin index -0.0702; 1.7 s; peak memory 1120 MiB.
2026-10-10T00:21:01Z INFO [734/750] 8a911532-e189-4a92-91e4-55a66271db46: Sackin index -0.0709; 1.7 s; peak memory 1120 MiB.
2026-10-10T00:21:06Z INFO [735/750] 8a9176f9-85e4-4701-956b-72e069860e7c: Sackin index -0.0424; 4.7 s; peak memory 1120 MiB.
2026-10-10T00:21:32Z INFO [736/750] 8a918dd6-2d95-4b85-8edd-ec17e88509c4: Sackin index -0.0075; 26.6 s; peak memory 1120 MiB.
2026-10-10T00:21:38Z INFO [737/750] 8a921efc-a380-4a5e-b96f-a883dfc708e5: Sackin index -0.0448; 6.3 s; peak memory 1120 MiB.
2026-10-10T00:21:42Z INFO [738/750] 8a925ac5-35f3-4f62-8b2d-e63944cffaa5: Sackin index -0.0699; 3.1 s; peak memory 1120 MiB.
2026-10-10T00:21:43Z INFO [739/750] 8a9429d3-2968-4f17-b6c9-d05e7bd9e049: Sackin index -0.1349; 1.4 s; peak memory 1120 MiB.
2026-10-10T00:21:45Z INFO [740/750] 8a94b309-e1ae-4e01-a83d-b1297bc120a5: Sackin index -0.0702; 1.6 s; peak memory 1120 MiB.
2026-10-10T00:21:46Z INFO [741/750] 8a96240e-cce8-4f29-aa94-33e7a7860884: Sackin index -0.0696; 1.6 s; peak memory 1120 MiB.
2026-10-10T00:24:13Z INFO [742/750] 8a97065f-5e51-40b5-a631-31cd1a4d6d63: Sackin index -0.0493; 146.9 s; peak memory 1120 MiB.
2026-10-10T00:24:30Z INFO [743/750] 8a973149-8e82-40bc-aa26-05c4c5f80424: Sackin index -0.1462; 17.1 s; peak memory 1120 MiB.
2026-10-10T00:24:33Z INFO [744/750] 8a97d8ea-7da7-4228-9af9-d666d5ac75f2: Sackin index -0.1938; 2.9 s; peak memory 1120 MiB.
2026-10-10T00:26:57Z INFO [745/750] 8a97ffea-9bc4-45c4-b0d8-3ca5276312cb: Sackin index -0.0573; 144.2 s; peak memory 1120 MiB.
2026-10-10T00:26:59Z INFO [746/750] 8a98a369-9b13-4cf6-aaec-99aa96dd45d8: Sackin index -0.1248; 1.5 s; peak memory 1120 MiB.
2026-10-10T00:27:00Z INFO [747/750] 8a992388-b541-4efc-9ab9-6d830654c989: Sackin index -0.1349; 1.4 s; peak memory 1120 MiB.
2026-10-10T00:27:01Z INFO [748/750] 8a9a4971-2708-4518-a1e6-64adc69a458d: Sackin index -0.2000; 1.1 s; peak memory 1120 MiB.
2026-10-10T00:27:17Z INFO [749/750] 8a9a7537-0e75-4d00-ae4a-f6fd35c135bd: Sackin index -0.0138; 15.6 s; peak memory 1120 MiB.
2026-10-10T00:27:18Z INFO [750/750] 8a9a86ed-b34b-4bce-8371-38464ba05aa8: Sackin index -0.1349; 1.2 s; peak memory 1120 MiB.
2026-10-10T00:27:18Z INFO [750/750] 8a9a86ed-b34b-4bce-8371-38464ba05aa8: checkpointed 113836 new records.
2026-10-10T00:27:19Z INFO Wrote 113836 records to /tmp/derivatives/valid_nwb_file_to_sackin_index.jsonl (750 new, 0 failed) in 188.5 min (peak memory 1120 MiB).
