2026-09-17T16:18:29Z INFO Logging to /tmp/logs/update_2026-09-17T16-18-29Z.log.
2026-09-17T16:18:29Z INFO Update valid-nwb-file-to-sackin-index (base directory /tmp).
2026-09-17T16:18:29Z INFO Processing 385 items (48030 already recorded).
2026-09-17T16:18:32Z INFO [1/385] 024ef50f-ac6f-49ea-806b-93ef4b5e8644: Sackin index -0.0172; 3.1 s; peak memory 104 MiB.
2026-09-17T16:18:41Z INFO [2/385] 02509ae0-e003-4390-9ad5-bbc66f840a48: Sackin index -0.1310; 8.9 s; peak memory 109 MiB.
2026-09-17T16:18:43Z INFO [3/385] 0251d188-8c68-4d63-a312-1613fd7f0bea: Sackin index -0.0385; 1.7 s; peak memory 109 MiB.
2026-09-17T16:18:49Z INFO [4/385] 02527521-97e8-4042-b54e-41bde2234281: Sackin index -0.0403; 6.4 s; peak memory 109 MiB.
2026-09-17T16:19:03Z INFO [5/385] 02528e5e-47c9-4647-992e-dfbcc869edef: Sackin index -0.0120; 14.2 s; peak memory 147 MiB.
2026-09-17T16:19:05Z INFO [6/385] 0252bb92-94f9-4450-bec6-3d16202344cb: Sackin index -0.0752; 2.0 s; peak memory 147 MiB.
2026-09-17T16:19:09Z INFO [7/385] 025311c1-a941-4cdb-9ca0-4e7d74e1acbd: Sackin index -0.0660; 3.9 s; peak memory 148 MiB.
2026-09-17T16:19:10Z INFO [8/385] 02537338-fe4e-492d-89ce-d33f06c99a76: Sackin index -0.3646; 1.1 s; peak memory 148 MiB.
2026-09-17T16:19:13Z INFO [9/385] 0253b369-5b51-4800-bbd1-045e1db0a2ac: Sackin index -0.0824; 2.8 s; peak memory 148 MiB.
2026-09-17T16:19:15Z INFO [10/385] 0253dc7c-5a6c-417a-910a-5f984c374001: Sackin index -0.1248; 1.6 s; peak memory 148 MiB.
2026-09-17T16:19:16Z INFO [11/385] 02541d8f-963b-43af-9981-a9e2dfe749a6: Sackin index -0.1148; 1.2 s; peak memory 148 MiB.
2026-09-17T16:19:18Z INFO [12/385] 02547517-2be9-4d24-9ded-3f6a99a23365: Sackin index -0.1000; 1.7 s; peak memory 148 MiB.
2026-09-17T16:19:20Z INFO [13/385] 02549eff-7d98-4458-92e7-284a56e6657c: Sackin index -0.0728; 2.1 s; peak memory 148 MiB.
2026-09-17T16:19:24Z INFO [14/385] 0254cfa7-c12c-434b-9222-d77c386a244c: Sackin index -0.0514; 4.6 s; peak memory 148 MiB.
2026-09-17T16:19:25Z INFO [15/385] 0256b433-cfa1-4537-a4a8-904050680cd9: Sackin index -0.1484; 1.1 s; peak memory 148 MiB.
2026-09-17T16:19:27Z INFO [16/385] 02572c21-3241-4db4-8594-d373920ab756: Sackin index -0.0702; 1.6 s; peak memory 148 MiB.
2026-09-17T16:19:28Z INFO [17/385] 025816cb-ed17-45e6-8e1c-9bd19df73649: Sackin index -0.1349; 1.3 s; peak memory 149 MiB.
2026-09-17T16:19:30Z INFO [18/385] 0258d312-619a-4c4c-9a10-2af71236aa0b: Sackin index -0.1938; 1.2 s; peak memory 149 MiB.
2026-09-17T16:19:32Z INFO [19/385] 0259095a-8c73-4a99-a5a6-55aa0c7e3254: Sackin index -0.0375; 1.9 s; peak memory 149 MiB.
2026-09-17T16:19:33Z INFO [20/385] 02593f98-9954-462f-840d-79240d42b396: Sackin index -0.1349; 1.4 s; peak memory 149 MiB.
2026-09-17T16:21:26Z INFO [21/385] 0259c826-316d-42c8-a97c-44fa8c8f8620: Sackin index -0.1076; 113.0 s; peak memory 283 MiB.
2026-09-17T16:21:33Z INFO [22/385] 025bdf39-a221-4bd0-b7de-9e02f03d035a: Sackin index -0.0403; 7.0 s; peak memory 283 MiB.
2026-09-17T16:21:36Z INFO [23/385] 025d2697-9601-4cf2-86b5-b208c1a5fbc8: Sackin index -0.0728; 2.6 s; peak memory 283 MiB.
2026-09-17T16:21:37Z INFO [24/385] 025de1d3-af05-46c2-b07a-d0c1e13239ff: Sackin index -0.1249; 1.7 s; peak memory 283 MiB.
2026-09-17T16:21:39Z INFO [25/385] 025e0e77-43c5-4f38-bc31-f896c8a14329: Sackin index -0.0702; 1.7 s; peak memory 283 MiB.
2026-09-17T16:21:41Z INFO [26/385] 025ecd20-bb2a-4931-978c-57c58c93476a: Sackin index -0.0928; 1.7 s; peak memory 283 MiB.
2026-09-17T16:21:58Z INFO [27/385] 025f4e29-2fc9-4629-9ec0-60cc276e677e: Sackin index -0.0131; 17.8 s; peak memory 283 MiB.
2026-09-17T16:22:00Z INFO [28/385] 025f5b3e-1580-4903-adac-42d9785baf5c: Sackin index -0.1288; 1.3 s; peak memory 283 MiB.
2026-09-17T16:22:01Z INFO [29/385] 025fcd35-7ea0-4c05-acd4-8ddb02db4ef8: Sackin index -0.1120; 1.2 s; peak memory 283 MiB.
2026-09-17T16:22:18Z INFO [30/385] 025fda14-1b5b-42d1-bece-d4498fc36c41: Sackin index -0.1938; 17.5 s; peak memory 283 MiB.
2026-09-17T16:22:34Z INFO [31/385] 02601806-e257-4127-b97e-7c3a7858666f: Sackin index -0.0137; 15.3 s; peak memory 283 MiB.
2026-09-17T16:22:35Z INFO [32/385] 02602788-2fe0-4e29-8667-88c36c23a3a5: Sackin index -0.1602; 1.5 s; peak memory 283 MiB.
2026-09-17T16:22:37Z INFO [33/385] 02616421-800f-4150-bc7e-6e8b46452c3f: Sackin index -0.1349; 1.5 s; peak memory 283 MiB.
2026-09-17T16:22:39Z INFO [34/385] 02616a8c-b5f8-4aba-8058-e8cb30ec822f: Sackin index -0.0728; 2.3 s; peak memory 283 MiB.
2026-09-17T16:22:41Z INFO [35/385] 0261f267-b39d-428e-9ef6-19a648e46e3d: Sackin index -0.1015; 1.9 s; peak memory 283 MiB.
2026-09-17T16:22:42Z INFO [36/385] 026205d8-4257-4600-aa81-8dd5d214f40d: Sackin index -0.1658; 1.1 s; peak memory 283 MiB.
2026-09-17T16:22:44Z INFO [37/385] 0262192f-33d6-4d2f-92d7-9bf49213473d: Sackin index -0.0702; 1.9 s; peak memory 283 MiB.
2026-09-17T16:22:45Z INFO [38/385] 0262e06f-7fdd-42fd-9cd9-9f358867890f: Sackin index -0.2168; 1.1 s; peak memory 283 MiB.
2026-09-17T16:22:47Z INFO [39/385] 0263c627-cc16-4c62-a29d-13b945380364: Sackin index -0.1291; 2.1 s; peak memory 283 MiB.
2026-09-17T16:22:49Z INFO [40/385] 0263cad7-9b43-4043-8e4e-d999d9cfcc27: Sackin index -0.0275; 2.3 s; peak memory 283 MiB.
2026-09-17T16:22:51Z INFO [41/385] 02649d2a-16ec-4d5f-bdba-a154b6245a1c: Sackin index -0.1349; 1.3 s; peak memory 283 MiB.
2026-09-17T16:22:52Z INFO [42/385] 0264a635-b276-45be-9dec-88484f1bc2bd: Sackin index -0.0702; 1.6 s; peak memory 283 MiB.
2026-09-17T16:22:54Z INFO [43/385] 0264c460-d4cd-4c05-9aaf-527824b9c523: Sackin index -0.1349; 1.3 s; peak memory 283 MiB.
2026-09-17T16:22:57Z INFO [44/385] 026504fc-3d87-47fc-acf8-eb8cabcf1d78: Sackin index -0.0824; 3.2 s; peak memory 283 MiB.
2026-09-17T16:22:58Z INFO [45/385] 026535d4-f345-4e0d-a322-0989787fce36: Sackin index -0.1349; 1.4 s; peak memory 283 MiB.
2026-09-17T16:23:00Z INFO [46/385] 0265e972-ce89-4e76-ad16-722e4b535f21: Sackin index -0.0745; 1.9 s; peak memory 283 MiB.
2026-09-17T16:23:16Z INFO [47/385] 026668b1-7ebc-4629-b7e3-65ee751b810d: Sackin index -0.0155; 15.7 s; peak memory 283 MiB.
2026-09-17T16:23:17Z INFO [48/385] 0266f327-f0e8-4906-bf87-c9044c231c47: Sackin index -0.1349; 1.4 s; peak memory 283 MiB.
2026-09-17T16:23:20Z INFO [49/385] 026732de-e63f-4c3d-8697-27bd6f0b927a: Sackin index -0.0272; 2.2 s; peak memory 283 MiB.
2026-09-17T16:23:21Z INFO [50/385] 02695368-ec1f-4f6f-a065-17083377175a: Sackin index -0.1349; 1.5 s; peak memory 283 MiB.
2026-09-17T16:23:21Z INFO [50/385] 02695368-ec1f-4f6f-a065-17083377175a: checkpointed 48080 records.
2026-09-17T16:23:23Z INFO [51/385] 02698ca0-93ef-495e-9c98-10c2514fa4aa: Sackin index -0.1349; 1.4 s; peak memory 283 MiB.
2026-09-17T16:23:25Z INFO [52/385] 026999f7-a034-4207-b483-9a840d0cd8d5: Sackin index -0.0728; 2.2 s; peak memory 283 MiB.
2026-09-17T16:23:26Z INFO [53/385] 026a656d-cab6-489b-963c-dca1fa70da99: Sackin index -0.1356; 1.2 s; peak memory 283 MiB.
2026-09-17T16:23:27Z INFO [54/385] 026aaef8-a741-49ee-8a08-da1a27af227c: Sackin index -0.1161; 1.1 s; peak memory 283 MiB.
2026-09-17T16:23:31Z INFO [55/385] 026ae42b-9345-40e0-943c-c33cbdf5d4f1: Sackin index -0.0681; 3.5 s; peak memory 283 MiB.
2026-09-17T16:23:32Z INFO [56/385] 026bebbd-e167-464d-b71c-0170734b09f4: Sackin index -0.0728; 1.9 s; peak memory 283 MiB.
2026-09-17T16:23:34Z INFO [57/385] 026c0e13-b0f0-4143-8074-a3fbae51024a: Sackin index -0.0709; 1.9 s; peak memory 283 MiB.
2026-09-17T16:23:37Z INFO [58/385] 026da8fc-01fd-4c50-b931-7513bb92e3d5: Sackin index -0.0728; 2.7 s; peak memory 283 MiB.
2026-09-17T16:23:38Z INFO [59/385] 026ea2d4-80b0-4dfa-87c6-91467b5d7456: Sackin index -0.1349; 1.5 s; peak memory 283 MiB.
2026-09-17T16:23:40Z INFO [60/385] 026ed2c0-0267-405b-a443-f610055369b3: Sackin index -0.0702; 1.8 s; peak memory 283 MiB.
2026-09-17T16:23:42Z INFO [61/385] 026edd41-d5c4-4eb9-bce6-aec2b28d3adb: Sackin index -0.1257; 1.7 s; peak memory 283 MiB.
2026-09-17T16:23:43Z INFO [62/385] 026f2545-e025-438d-a346-5a83ea2623ea: Sackin index -0.0667; 1.4 s; peak memory 283 MiB.
2026-09-17T16:23:47Z INFO [63/385] 026f8d08-f603-4e70-9471-3b1a17034aec: Sackin index -0.1938; 3.3 s; peak memory 283 MiB.
2026-09-17T16:23:49Z INFO [64/385] 0270603b-3fb5-40e3-a96a-85e60f4e1baf: Sackin index -0.0728; 2.3 s; peak memory 283 MiB.
2026-09-17T16:23:52Z INFO [65/385] 027104dc-4a1a-426e-88a0-b0b00153dbb0: Sackin index -0.1938; 3.2 s; peak memory 283 MiB.
2026-09-17T16:23:54Z INFO [66/385] 02717735-65c6-4ae7-8b49-305d3830a819: Sackin index -0.0702; 1.8 s; peak memory 283 MiB.
2026-09-17T16:23:57Z INFO [67/385] 02718419-2ed3-4aed-ba52-394f6e32bcd7: Sackin index -0.0369; 2.9 s; peak memory 283 MiB.
2026-09-17T16:23:59Z INFO [68/385] 0272af92-c8e8-49c5-8603-fe47a19522bb: Sackin index -0.0413; 1.9 s; peak memory 283 MiB.
2026-09-17T16:24:01Z INFO [69/385] 02732f18-5297-49be-9cdb-5ec2e5b3b8b4: Sackin index -0.0802; 2.2 s; peak memory 283 MiB.
2026-09-17T16:24:03Z INFO [70/385] 027397dd-2162-47ac-9f65-0ddfd6b69879: Sackin index -0.0376; 2.1 s; peak memory 283 MiB.
2026-09-17T16:24:05Z INFO [71/385] 02740701-1f67-45e0-b2a4-a7cbe7e62464: Sackin index -0.0702; 1.6 s; peak memory 283 MiB.
2026-09-17T16:24:07Z INFO [72/385] 02743f50-6873-4dc0-b940-b80dc244fbe9: Sackin index -0.0728; 2.3 s; peak memory 283 MiB.
2026-09-17T16:24:08Z INFO [73/385] 0275742a-fb13-4fd0-9feb-48a961e8ef61: Sackin index -0.1331; 1.4 s; peak memory 283 MiB.
2026-09-17T16:24:10Z INFO [74/385] 02757e50-e816-4a32-a8ef-3952a3ec217c: Sackin index -0.0656; 1.5 s; peak memory 283 MiB.
2026-09-17T16:24:22Z INFO [75/385] 0275dffb-2b13-4531-95aa-7d40f528b451: Sackin index -0.0017; 12.0 s; peak memory 283 MiB.
2026-09-17T16:24:28Z INFO [76/385] 02777391-5056-4835-a6d1-b32817d184ca: Sackin index -0.0403; 6.5 s; peak memory 283 MiB.
2026-09-17T16:24:30Z INFO [77/385] 0277c3fb-65b1-447b-b711-518f85f30f7d: Sackin index -0.1349; 1.4 s; peak memory 283 MiB.
2026-09-17T16:24:31Z INFO [78/385] 0277f95e-dd03-4740-a987-14a28bd7752f: Sackin index -0.1349; 1.4 s; peak memory 283 MiB.
2026-09-17T16:24:33Z INFO [79/385] 0277fd86-ed3f-4d1e-b0be-2300df8d0398: Sackin index -0.0569; 1.8 s; peak memory 283 MiB.
2026-09-17T16:24:34Z INFO [80/385] 0278b8b4-9f79-49e9-918e-e4bd0a99f2c9: Sackin index -0.1174; 1.4 s; peak memory 283 MiB.
2026-09-17T16:24:35Z INFO [81/385] 0278c933-c33d-4ac9-9f3a-14be8ec1ac1e: Sackin index -0.1135; 1.2 s; peak memory 283 MiB.
2026-09-17T16:24:39Z INFO [82/385] 02796435-95b1-463b-b902-dc06bc9be988: Sackin index -0.0704; 3.5 s; peak memory 283 MiB.
2026-09-17T16:24:41Z INFO [83/385] 02797d31-e8ef-481d-9149-2b81d191d1c0: Sackin index -0.0696; 1.8 s; peak memory 283 MiB.
2026-09-17T16:24:42Z INFO [84/385] 027982cc-b57a-436c-a634-131180f11c2e: Sackin index -0.1349; 1.5 s; peak memory 283 MiB.
2026-09-17T16:24:44Z INFO [85/385] 0279a7b7-9dc4-4d21-bf27-f03462f56851: Sackin index -0.1291; 2.1 s; peak memory 283 MiB.
2026-09-17T16:24:52Z INFO [86/385] 0279dca2-9cb3-44ba-8483-5c377e21acac: Sackin index -0.0415; 7.4 s; peak memory 283 MiB.
2026-09-17T16:24:53Z INFO [87/385] 027a144b-972f-4180-896b-734131520208: Sackin index -0.0696; 1.7 s; peak memory 283 MiB.
2026-09-17T16:24:56Z INFO [88/385] 027a7730-53ff-4421-8ef0-a2d633d65e25: Sackin index -0.1013; 2.2 s; peak memory 283 MiB.
2026-09-17T16:24:58Z INFO [89/385] 027adeb8-c4b7-427b-a077-7324df21255d: Sackin index -0.0728; 2.4 s; peak memory 283 MiB.
2026-09-17T16:25:05Z INFO [90/385] 027b10c9-78fd-4aa7-ab67-81482fe1c215: Sackin index -0.0383; 7.6 s; peak memory 283 MiB.
2026-09-17T16:25:08Z INFO [91/385] 027d699e-242e-4213-b29f-f1ef09dd2f58: Sackin index -0.0369; 2.6 s; peak memory 283 MiB.
2026-09-17T16:25:15Z INFO [92/385] 027dce51-df65-498c-9e04-3f842e8c4418: Sackin index -0.0476; 6.7 s; peak memory 283 MiB.
2026-09-17T16:25:17Z INFO [93/385] 027f323e-e5aa-4fc9-8325-1a0801c471a7: Sackin index -0.0702; 1.9 s; peak memory 283 MiB.
2026-09-17T16:25:18Z INFO [94/385] 02806552-1931-4326-9b41-78b57b043661: Sackin index -0.1349; 1.4 s; peak memory 283 MiB.
2026-09-17T16:25:20Z INFO [95/385] 028065d0-64d8-4609-99ec-92b978434b87: Sackin index -0.0702; 1.7 s; peak memory 283 MiB.
2026-09-17T16:25:21Z INFO [96/385] 02815e50-4d08-47c5-b2dc-c962bef41956: Sackin index -0.1349; 1.4 s; peak memory 283 MiB.
2026-09-17T16:25:22Z INFO [97/385] 0281843e-d70d-48fa-9fd4-31d528791927: Sackin index -0.1658; 1.1 s; peak memory 283 MiB.
2026-09-17T16:25:24Z INFO [98/385] 02822f47-95be-4b3a-aac2-e1f86eccb6d0: Sackin index -0.1349; 1.4 s; peak memory 283 MiB.
2026-09-17T16:25:25Z INFO [99/385] 02824bdd-446c-4ed9-bd3c-a3a17c926ca0: Sackin index -0.1239; 1.2 s; peak memory 283 MiB.
2026-09-17T16:25:27Z INFO [100/385] 02829433-4773-404a-9d2e-32d2e45cd77a: Sackin index -0.0702; 1.7 s; peak memory 283 MiB.
2026-09-17T16:25:27Z INFO [100/385] 02829433-4773-404a-9d2e-32d2e45cd77a: checkpointed 48130 records.
2026-09-17T16:25:28Z INFO [101/385] 0282fe98-1eac-49c8-9808-33f9c1aaa00a: Sackin index -0.1349; 1.4 s; peak memory 283 MiB.
2026-09-17T16:25:31Z INFO [102/385] 02831699-8efa-41a9-aca7-4a7bfcf664cf: Sackin index -0.0169; 3.1 s; peak memory 283 MiB.
2026-09-17T17:01:08Z INFO [103/385] 0284795a-a1ff-4230-b9ef-4158c57218a8: Sackin index -0.0012; 2136.9 s; peak memory 1308 MiB.
2026-09-17T17:01:10Z INFO [104/385] 0284c48e-b45e-403f-ab03-707ed04d6195: Sackin index -0.0626; 1.9 s; peak memory 1308 MiB.
2026-09-17T17:01:11Z INFO [105/385] 0285844c-4b1b-450f-af5a-d6417ba1cc79: Sackin index -0.2168; 1.1 s; peak memory 1308 MiB.
2026-09-17T17:01:13Z INFO [106/385] 02874466-b78c-41ae-8487-06726996a7d4: Sackin index -0.1349; 1.4 s; peak memory 1308 MiB.
2026-09-17T17:01:15Z INFO [107/385] 02878f31-f679-4940-b6e1-5645c2bc461b: Sackin index -0.0728; 2.1 s; peak memory 1308 MiB.
2026-09-17T17:01:16Z INFO [108/385] 028801d5-ab2d-4a7e-9561-673e12734d37: Sackin index -0.0709; 1.7 s; peak memory 1308 MiB.
2026-09-17T17:01:18Z INFO [109/385] 0288de74-0668-4073-9ec2-b1be49cd1fe2: Sackin index -0.1349; 1.4 s; peak memory 1308 MiB.
2026-09-17T17:01:20Z INFO [110/385] 028953a2-2dd4-4a63-ae1f-0b6ef1cfc94e: Sackin index -0.0745; 1.9 s; peak memory 1308 MiB.
2026-09-17T17:01:21Z INFO [111/385] 028979ab-3a71-405c-9eb1-85486f0b8192: Sackin index -0.1349; 1.4 s; peak memory 1308 MiB.
2026-09-17T17:01:23Z INFO [112/385] 028a4a06-4529-47fb-b5d8-9d0b041e4100: Sackin index -0.0696; 1.8 s; peak memory 1308 MiB.
2026-09-17T17:01:24Z INFO [113/385] 028b6b5e-5f02-4f14-a1c1-6db68da7eef4: Sackin index -0.1349; 1.5 s; peak memory 1308 MiB.
2026-09-17T17:01:26Z INFO [114/385] 028be36d-33e7-4cc7-aabe-b35d358f2eea: Sackin index -0.0709; 1.8 s; peak memory 1308 MiB.
2026-09-17T17:01:28Z INFO [115/385] 028c061c-c72b-49f9-a0da-04dcaf9da140: Sackin index -0.0375; 1.8 s; peak memory 1308 MiB.
2026-09-17T17:01:45Z INFO [116/385] 028d135a-7ce8-42eb-af71-7247c3203f28: Sackin index -0.0148; 16.8 s; peak memory 1308 MiB.
2026-09-17T17:01:47Z INFO [117/385] 028dfba3-b9bc-4f66-8875-e101935eecf3: Sackin index -0.0702; 1.7 s; peak memory 1308 MiB.
2026-09-17T17:01:49Z INFO [118/385] 028e5921-08e8-4dc6-8dd5-e536a8f320fb: Sackin index -0.0369; 2.4 s; peak memory 1308 MiB.
2026-09-17T17:01:50Z INFO [119/385] 028ead3b-09ae-4b5f-9697-c51638a55c9c: Sackin index -0.1349; 1.3 s; peak memory 1308 MiB.
2026-09-17T17:01:52Z INFO [120/385] 028ef11f-c970-4265-8ab7-83172c4be6aa: Sackin index -0.1349; 1.5 s; peak memory 1308 MiB.
2026-09-17T17:01:53Z INFO [121/385] 028fc389-ac38-4662-b310-efd45233854f: Sackin index -0.1658; 1.1 s; peak memory 1308 MiB.
2026-09-17T17:02:02Z INFO [122/385] 02905b08-b0de-402c-a7db-e62e49f05671: Sackin index -0.0248; 8.9 s; peak memory 1308 MiB.
2026-09-17T17:02:03Z INFO [123/385] 0290f830-5dad-4a54-81f3-fd456cd54b17: Sackin index -0.1349; 1.2 s; peak memory 1308 MiB.
2026-09-17T17:02:07Z INFO [124/385] 0290fa92-2465-4fed-8343-9bb5c1bc9974: Sackin index -0.0395; 3.6 s; peak memory 1308 MiB.
2026-09-17T17:02:08Z INFO [125/385] 0291822b-1a0b-4ce3-bef3-c4eb937ab88e: Sackin index -0.1349; 1.4 s; peak memory 1308 MiB.
2026-09-17T17:02:10Z INFO [126/385] 0291edda-91e2-4268-b7c4-453a5550909e: Sackin index -0.1248; 1.5 s; peak memory 1308 MiB.
2026-09-17T17:02:19Z INFO [127/385] 029295d9-7ab6-49d9-af94-d28f2b3bbde5: Sackin index -0.0940; 9.5 s; peak memory 1308 MiB.
2026-09-17T17:02:20Z INFO [128/385] 02935dd8-b9a1-4625-8c3a-f8f14ff0e25e: Sackin index -0.1448; 1.1 s; peak memory 1308 MiB.
2026-09-17T17:02:30Z INFO [129/385] 02937297-72ad-4c19-8e02-f0bc9d9f5c0f: Sackin index -0.0148; 9.6 s; peak memory 1308 MiB.
2026-09-17T17:02:32Z INFO [130/385] 02938ebc-1379-4389-af75-d487d29f0a27: Sackin index -0.0728; 2.3 s; peak memory 1308 MiB.
2026-09-17T17:02:49Z INFO [131/385] 02946b87-acda-4ee1-8dc5-19939ec7b787: Sackin index -0.0179; 16.8 s; peak memory 1308 MiB.
2026-09-17T17:02:51Z INFO [132/385] 02949b71-7360-4a8f-9b81-9f51282f8e5c: Sackin index -0.0728; 2.4 s; peak memory 1308 MiB.
2026-09-17T17:02:53Z INFO [133/385] 0294e0a5-df23-4bd9-bb5f-f1660afbbc22: Sackin index -0.0728; 2.0 s; peak memory 1308 MiB.
2026-09-17T17:02:55Z INFO [134/385] 02950439-2230-46aa-bae8-d7ee63bff896: Sackin index -0.1349; 1.4 s; peak memory 1308 MiB.
2026-09-17T17:03:00Z INFO [135/385] 02954af6-e78d-4cde-8f65-e57e804b4eb1: Sackin index -0.0230; 5.2 s; peak memory 1308 MiB.
2026-09-17T17:03:02Z INFO [136/385] 02954c97-270f-4783-8d50-1017070272e0: Sackin index -0.0387; 1.8 s; peak memory 1308 MiB.
2026-09-17T17:03:03Z INFO [137/385] 02959882-f6a0-4953-8315-ae122f73ee3e: Sackin index -0.1602; 1.7 s; peak memory 1308 MiB.
2026-09-17T17:03:05Z INFO [138/385] 0295bd30-d875-4221-8bf9-fd26a50e4730: Sackin index -0.1269; 2.1 s; peak memory 1308 MiB.
2026-09-17T17:03:07Z INFO [139/385] 02966e4b-e374-497b-a978-f323a372b4da: Sackin index -0.1178; 1.2 s; peak memory 1308 MiB.
2026-09-17T17:03:10Z INFO [140/385] 0297c5f6-6d74-4df9-9180-0a63573ad406: Sackin index -0.0252; 3.4 s; peak memory 1308 MiB.
2026-09-17T17:03:12Z INFO [141/385] 02995666-ca83-462e-8955-8cade5c9dad0: Sackin index -0.0376; 1.7 s; peak memory 1308 MiB.
2026-09-17T17:03:14Z INFO [142/385] 0299a00d-47db-4aa9-b708-b4428c271107: Sackin index -0.0434; 2.2 s; peak memory 1308 MiB.
2026-09-17T17:03:16Z INFO [143/385] 0299aacd-4811-437f-9539-54feaa63e240: Sackin index -0.1492; 1.6 s; peak memory 1308 MiB.
2026-09-17T17:03:32Z INFO [144/385] 0299de1d-65a8-49d3-b61e-68a329ec7256: Sackin index -0.0139; 16.1 s; peak memory 1308 MiB.
2026-09-17T17:03:49Z INFO [145/385] 029aded6-3070-4d1f-a252-41fad264a6fe: Sackin index -0.0101; 17.1 s; peak memory 1308 MiB.
2026-09-17T17:03:50Z INFO [146/385] 029bf697-4540-4395-b264-3edb210470a8: Sackin index -0.1878; 1.4 s; peak memory 1308 MiB.
2026-09-17T17:03:52Z INFO [147/385] 029d5a86-0e9b-418c-813b-ffb02539af15: Sackin index -0.0728; 2.1 s; peak memory 1308 MiB.
2026-09-17T17:32:18Z INFO [148/385] 029d6050-dc13-418b-97a3-bbfbd958e998: Sackin index -0.0306; 1705.4 s; peak memory 1308 MiB.
2026-09-17T17:32:20Z INFO [149/385] 029d681f-5887-4e88-9d28-627bd08d5723: Sackin index -0.0702; 1.9 s; peak memory 1308 MiB.
2026-09-17T17:32:21Z INFO [150/385] 029e9a5f-0496-4bb0-a829-867ab99f8839: Sackin index -0.0376; 1.6 s; peak memory 1308 MiB.
2026-09-17T17:32:21Z INFO [150/385] 029e9a5f-0496-4bb0-a829-867ab99f8839: checkpointed 48180 records.
2026-09-17T17:34:29Z INFO [151/385] 029ea7e2-96c1-4daa-bed3-0251b54fc56e: Sackin index -0.0276; 127.7 s; peak memory 1308 MiB.
2026-09-17T17:34:31Z INFO [152/385] 029ecb06-e88c-4b7b-99f8-f434c257921c: Sackin index -0.0745; 2.3 s; peak memory 1308 MiB.
2026-09-17T17:34:48Z INFO [153/385] 02a17d04-270c-4fbf-9736-b02f5edc72bc: Sackin index -0.0137; 16.5 s; peak memory 1308 MiB.
2026-09-17T17:34:49Z INFO [154/385] 02a1d9ba-34cf-4ec3-9da4-a6d09389448f: Sackin index -0.1349; 1.4 s; peak memory 1308 MiB.
2026-09-17T17:34:53Z INFO [155/385] 02a24b84-5179-429c-8e97-d03da5ecbcb1: Sackin index -0.0660; 3.9 s; peak memory 1308 MiB.
2026-09-17T17:34:55Z INFO [156/385] 02a2d86b-f848-4846-9e29-d92b8cbc38d2: Sackin index -0.0728; 2.1 s; peak memory 1308 MiB.
2026-09-17T17:34:57Z INFO [157/385] 02a32839-becd-4722-9c93-59e02da90002: Sackin index -0.0881; 1.8 s; peak memory 1308 MiB.
2026-09-17T17:35:00Z INFO [158/385] 02a37861-2b09-4c07-8421-2ffa0a97102e: Sackin index -0.0941; 2.6 s; peak memory 1308 MiB.
2026-09-17T17:35:01Z INFO [159/385] 02a40a80-742a-424e-8e01-7cda99237e8e: Sackin index -0.1349; 1.4 s; peak memory 1308 MiB.
2026-09-17T17:35:02Z INFO [160/385] 02a42b1f-1cf4-436f-9320-c7d937bad4fa: Sackin index -0.1349; 1.4 s; peak memory 1308 MiB.
2026-09-17T17:35:04Z INFO [161/385] 02a5842f-430f-4b12-a276-798dd69ae01a: Sackin index -0.1272; 1.1 s; peak memory 1308 MiB.
2026-09-17T17:35:05Z INFO [162/385] 02a6166e-28e2-4e65-b0cb-809e8a8f6cec: Sackin index -0.0696; 1.8 s; peak memory 1308 MiB.
2026-09-17T17:35:07Z INFO [163/385] 02a767b0-1fb4-4989-ad41-174aafcd972e: Sackin index -0.0702; 1.7 s; peak memory 1308 MiB.
2026-09-17T17:35:33Z INFO [164/385] 02a82567-39a8-4040-8860-17a550d6257d: Sackin index -0.0155; 25.7 s; peak memory 1308 MiB.
2026-09-17T17:35:36Z INFO [165/385] 02a87624-9c8a-4fc5-b5a4-c595629b2717: Sackin index -0.0797; 3.5 s; peak memory 1308 MiB.
2026-09-17T17:35:53Z INFO [166/385] 02a87829-cda9-4cae-a640-72d93d360e9c: Sackin index -0.0158; 17.2 s; peak memory 1308 MiB.
2026-09-17T17:35:55Z INFO [167/385] 02a9596d-8286-4034-a5bb-80b902fed0ff: Sackin index -0.1349; 1.5 s; peak memory 1308 MiB.
2026-09-17T17:36:15Z INFO [168/385] 02a95f1a-6af7-44fa-870b-540be1598e25: Sackin index -0.0025; 20.4 s; peak memory 1308 MiB.
2026-09-17T17:36:18Z INFO [169/385] 02ab385f-0a13-4617-9241-cb80277b5f04: Sackin index -0.1356; 2.4 s; peak memory 1308 MiB.
2026-09-17T17:36:21Z INFO [170/385] 02ab47cd-b9ff-46f8-9ae5-f7629e230317: Sackin index -0.0933; 3.2 s; peak memory 1308 MiB.
2026-09-17T17:36:25Z INFO [171/385] 02ab5f1d-b90f-4109-915f-94e39431d8fa: Sackin index -0.0516; 3.6 s; peak memory 1308 MiB.
2026-09-17T17:36:26Z INFO [172/385] 02abdba1-11e3-4245-a4d7-8af2193b29a6: Sackin index -0.1349; 1.5 s; peak memory 1308 MiB.
2026-09-17T17:36:27Z INFO [173/385] 02ace5ca-49ef-420e-b605-64cbc69ef4de: Sackin index -0.0747; 1.5 s; peak memory 1308 MiB.
2026-09-17T17:36:29Z INFO [174/385] 02acf65f-66d3-455f-880f-df80ab42894f: Sackin index -0.1215; 1.7 s; peak memory 1308 MiB.
2026-09-17T17:36:30Z INFO [175/385] 02ad6340-dfcd-48e5-b161-b51f099571a1: Sackin index -0.2000; 1.0 s; peak memory 1308 MiB.
2026-09-17T17:36:32Z INFO [176/385] 02ae98b5-b482-4527-8733-3e786e0d2f31: Sackin index -0.0702; 1.6 s; peak memory 1308 MiB.
2026-09-17T17:36:34Z INFO [177/385] 02ae9a44-bfe7-455d-8bb3-4d669cec400b: Sackin index -0.0702; 1.8 s; peak memory 1308 MiB.
2026-09-17T17:36:35Z INFO [178/385] 02aea000-12b7-400d-be09-43d9e78dd4ba: Sackin index -0.1349; 1.4 s; peak memory 1308 MiB.
2026-09-17T17:36:37Z INFO [179/385] 02aef313-a606-4caf-af6d-b789ad626e2a: Sackin index -0.0728; 2.0 s; peak memory 1308 MiB.
2026-09-17T17:36:38Z INFO [180/385] 02aefefa-d833-4951-930b-7c8b5bb7eca1: Sackin index -0.1349; 1.5 s; peak memory 1308 MiB.
2026-09-17T17:36:40Z INFO [181/385] 02afb526-b429-48ab-8765-b40123a98db9: Sackin index -0.0702; 1.7 s; peak memory 1308 MiB.
2026-09-17T17:36:42Z INFO [182/385] 02b10584-99ff-45a6-a9d9-878dd321bdac: Sackin index -0.0696; 1.8 s; peak memory 1308 MiB.
2026-09-17T17:36:43Z INFO [183/385] 02b16757-61f2-40d3-9903-f22fe5a2f75d: Sackin index -0.1349; 1.3 s; peak memory 1308 MiB.
2026-09-17T17:36:44Z INFO [184/385] 02b22217-563b-410c-a30d-502f83b7f899: Sackin index -0.1120; 1.2 s; peak memory 1308 MiB.
2026-09-17T17:37:06Z INFO [185/385] 02b22372-1158-4c4f-9e96-54a4bbd622c6: Sackin index -0.0354; 21.7 s; peak memory 1308 MiB.
2026-09-17T17:37:08Z INFO [186/385] 02b2641e-321f-4252-a2c4-d8c7b9bbd0d4: Sackin index -0.0728; 1.8 s; peak memory 1308 MiB.
2026-09-17T17:37:10Z INFO [187/385] 02b2e50a-cff5-4dba-a62e-c2fe49769ad0: Sackin index -0.0375; 2.2 s; peak memory 1308 MiB.
2026-09-17T17:37:11Z INFO [188/385] 02b34177-d581-4cb8-9dd8-250d4638df5f: Sackin index -0.1349; 1.3 s; peak memory 1308 MiB.
2026-09-17T17:37:14Z INFO [189/385] 02b34a1c-6b34-4ea9-8b11-ca286ee9b6b6: Sackin index -0.0702; 2.2 s; peak memory 1308 MiB.
2026-09-17T17:37:15Z INFO [190/385] 02b36fcc-831b-47ac-b493-eefcbe929fdc: Sackin index -0.0696; 1.7 s; peak memory 1308 MiB.
2026-09-17T17:37:36Z INFO [191/385] 02b3b0b7-a112-4899-9fe9-6db12ed84160: Sackin index -0.0239; 20.8 s; peak memory 1308 MiB.
2026-09-17T17:37:39Z INFO [192/385] 02b4cbac-134b-4842-a931-d787465f579c: Sackin index -0.0842; 3.0 s; peak memory 1308 MiB.
2026-09-17T17:37:41Z INFO [193/385] 02b526a2-cfde-443c-9394-2f3efc6ef49b: Sackin index -0.1248; 1.5 s; peak memory 1308 MiB.
2026-09-17T17:37:42Z INFO [194/385] 02b64f62-eecc-44ea-a09a-0f98e7005304: Sackin index -0.1349; 1.4 s; peak memory 1308 MiB.
2026-09-17T17:37:44Z INFO [195/385] 02b83423-05ff-4a45-98a5-c192ee57da37: Sackin index -0.0702; 1.7 s; peak memory 1308 MiB.
2026-09-17T17:37:45Z INFO [196/385] 02b961c7-6f34-4998-86ed-a22bcf66f13e: Sackin index -0.1349; 1.4 s; peak memory 1308 MiB.
2026-09-17T17:37:48Z INFO [197/385] 02b96caa-8417-4c4c-b7c0-dc4bb21aadd0: Sackin index -0.0275; 2.3 s; peak memory 1308 MiB.
2026-09-17T17:37:49Z INFO [198/385] 02ba074a-1dfc-47f0-a7c1-cbd17fb6030c: Sackin index -0.1658; 1.3 s; peak memory 1308 MiB.
2026-09-17T17:37:50Z INFO [199/385] 02ba2272-b4a4-4dd8-9698-001a473a379b: Sackin index -0.1349; 1.4 s; peak memory 1308 MiB.
2026-09-17T17:37:52Z INFO [200/385] 02ba3493-299b-4008-baff-53a7969125a0: Sackin index -0.0375; 2.1 s; peak memory 1308 MiB.
2026-09-17T17:37:53Z INFO [200/385] 02ba3493-299b-4008-baff-53a7969125a0: checkpointed 48230 records.
2026-09-17T17:37:55Z INFO [201/385] 02bb68c9-ed47-4ac8-890f-89afe86dbea8: Sackin index -0.1233; 2.1 s; peak memory 1308 MiB.
2026-09-17T17:44:22Z INFO [202/385] 02bbeab5-9101-41d6-a75e-33154f1f780e: Sackin index -0.0006; 387.1 s; peak memory 1308 MiB.
2026-09-17T17:44:23Z INFO [203/385] 02bcb96d-79c6-4a44-b07b-f6c28d5e5232: Sackin index -0.1349; 1.4 s; peak memory 1308 MiB.
2026-09-17T17:44:27Z INFO [204/385] 02bcf7de-0a80-43ce-bebc-08becede8e02: Sackin index -0.0660; 3.9 s; peak memory 1308 MiB.
2026-09-17T17:44:31Z INFO [205/385] 02bd1e75-7480-4af5-b706-1a3a2c7c5068: Sackin index -0.0718; 3.5 s; peak memory 1308 MiB.
2026-09-17T17:44:32Z INFO [206/385] 02bd842b-5d0e-4c31-a136-ac15e7990254: Sackin index -0.0702; 1.7 s; peak memory 1308 MiB.
2026-09-17T17:44:34Z INFO [207/385] 02bdffd3-b050-4bf6-beb2-9650c68334ed: Sackin index -0.0707; 1.7 s; peak memory 1308 MiB.
2026-09-17T17:44:36Z INFO [208/385] 02be6c8b-e8d6-4b0a-a733-011b818c17c8: Sackin index -0.1273; 1.9 s; peak memory 1308 MiB.
2026-09-17T17:44:38Z INFO [209/385] 02bfa38c-d3ac-48df-adb0-c5bf34e4bac3: Sackin index -0.0748; 1.7 s; peak memory 1308 MiB.
2026-09-17T17:44:39Z INFO [210/385] 02bfc69e-526d-44dc-b242-5eff08c1b1f6: Sackin index -0.0656; 1.3 s; peak memory 1308 MiB.
2026-09-17T17:44:41Z INFO [211/385] 02c0f83f-9a69-45ea-96d4-b2915f75a7d5: Sackin index -0.0728; 2.2 s; peak memory 1308 MiB.
2026-09-17T17:44:58Z INFO [212/385] 02c1d006-3ec9-4c43-b4f1-c49f8551d2a3: Sackin index -0.0411; 17.0 s; peak memory 1308 MiB.
2026-09-17T17:45:00Z INFO [213/385] 02c1d51f-5939-46a0-af2e-1ade5ff9290b: Sackin index -0.0369; 2.4 s; peak memory 1308 MiB.
2026-09-17T17:45:02Z INFO [214/385] 02c22b9c-3492-4094-b862-54be671929e0: Sackin index -0.0382; 1.7 s; peak memory 1308 MiB.
2026-09-17T17:45:04Z INFO [215/385] 02c23870-f2c1-4420-b773-b5372884af20: Sackin index -0.0547; 1.9 s; peak memory 1308 MiB.
2026-09-17T17:45:05Z INFO [216/385] 02c2a56e-43d4-46bc-851b-1161540ff8af: Sackin index -0.1349; 1.5 s; peak memory 1308 MiB.
2026-09-17T17:45:11Z INFO [217/385] 02c2aa99-cac2-43e6-9458-aa4f460091bb: Sackin index -0.0262; 5.2 s; peak memory 1308 MiB.
2026-09-17T17:45:12Z INFO [218/385] 02c3cba0-183f-4900-9f73-f06e14cf3827: Sackin index -0.1349; 1.4 s; peak memory 1308 MiB.
2026-09-17T17:45:13Z INFO [219/385] 02c42efa-e4ec-48ce-8fca-cd8f13fc78e8: Sackin index -0.1349; 1.4 s; peak memory 1308 MiB.
2026-09-17T17:45:15Z INFO [220/385] 02c4d5e1-4758-4fb6-9366-97a13461416c: Sackin index -0.0728; 1.7 s; peak memory 1308 MiB.
2026-09-17T17:45:17Z INFO [221/385] 02c53327-b441-4910-acd6-03e40551a884: Sackin index -0.0709; 1.6 s; peak memory 1308 MiB.
2026-09-17T17:45:18Z INFO [222/385] 02c54433-15c9-463d-b1de-9a4af8443ef7: Sackin index -0.0720; 1.4 s; peak memory 1308 MiB.
2026-09-17T17:45:31Z INFO [223/385] 02c5f702-3f70-4e81-90e8-1910a15d5ef1: Sackin index -0.0159; 13.2 s; peak memory 1308 MiB.
2026-09-17T17:45:52Z INFO [224/385] 02c5fe27-666e-4677-8f88-478463429b16: Sackin index -0.0096; 20.8 s; peak memory 1308 MiB.
2026-09-17T17:45:54Z INFO [225/385] 02c6be54-8f27-4ce5-a1ee-ec5648a40b94: Sackin index -0.1349; 1.3 s; peak memory 1308 MiB.
2026-09-17T17:45:59Z INFO [226/385] 02c6d158-5d1c-4990-9db7-d32a8d661fbb: Sackin index -0.1349; 5.6 s; peak memory 1308 MiB.
2026-09-17T17:46:02Z INFO [227/385] 02c70eb0-ba42-41e3-88d9-bb0fcfb6f9a3: Sackin index -0.0699; 3.3 s; peak memory 1308 MiB.
2026-09-17T17:46:04Z INFO [228/385] 02c73d6d-f642-48da-8e4b-38d78580f20f: Sackin index -0.0696; 1.6 s; peak memory 1308 MiB.
2026-09-17T17:46:24Z INFO [229/385] 02c84150-72a0-497b-9bb4-e8ceafcb8e99: Sackin index -0.0116; 20.2 s; peak memory 1308 MiB.
2026-09-17T17:46:26Z INFO [230/385] 02c8e995-d570-42c6-a1ed-c825581348b4: Sackin index -0.1180; 2.2 s; peak memory 1308 MiB.
2026-09-17T17:46:28Z INFO [231/385] 02c9b5e8-98ac-4518-bb9b-48fbb7d1e283: Sackin index -0.1349; 1.4 s; peak memory 1308 MiB.
2026-09-17T17:46:29Z INFO [232/385] 02ca0691-09fe-46e9-998e-28d17115f1e4: Sackin index -0.1602; 1.3 s; peak memory 1308 MiB.
2026-09-17T17:47:04Z INFO [233/385] 02cc86ac-667f-49b3-87f7-424faa577def: Sackin index -0.0030; 35.1 s; peak memory 1308 MiB.
2026-09-17T17:47:19Z INFO [234/385] 02cce8ca-42f1-4492-be67-83774648de5f: Sackin index -0.0218; 14.4 s; peak memory 1308 MiB.
2026-09-17T17:47:20Z INFO [235/385] 02ce26f9-0051-438a-8d72-37ab880d044b: Sackin index -0.1349; 1.4 s; peak memory 1308 MiB.
2026-09-17T17:47:24Z INFO [236/385] 02ce63e6-f796-4702-b3f7-364b28b450d9: Sackin index -0.0562; 4.4 s; peak memory 1308 MiB.
2026-09-17T17:47:26Z INFO [237/385] 02cf352a-fb27-4ce6-ad23-40a958426755: Sackin index -0.0375; 1.9 s; peak memory 1308 MiB.
2026-09-17T17:47:28Z INFO [238/385] 02d034ee-4d85-4ca6-a2b7-0172a703d6c8: Sackin index -0.0369; 2.0 s; peak memory 1308 MiB.
2026-09-17T17:47:30Z INFO [239/385] 02d179ea-2c11-4cc6-b716-044d19a9394d: Sackin index -0.1273; 1.8 s; peak memory 1308 MiB.
2026-09-17T17:47:32Z INFO [240/385] 02d1cc35-8795-4a56-8d48-004aa019b893: Sackin index -0.1349; 1.3 s; peak memory 1308 MiB.
2026-09-17T17:47:35Z INFO [241/385] 02d1e891-91c4-45d6-a951-4dd19b0f91f8: Sackin index -0.0704; 3.2 s; peak memory 1308 MiB.
2026-09-17T17:47:37Z INFO [242/385] 02d27691-e21b-4a8a-8b0e-413625167cb6: Sackin index -0.0728; 1.9 s; peak memory 1308 MiB.
2026-09-17T17:47:46Z INFO [243/385] 02d2d3e2-8e99-425a-8280-8d8f2996050b: Sackin index -0.0228; 9.4 s; peak memory 1308 MiB.
2026-09-17T17:47:47Z INFO [244/385] 02d2ffbe-0ad7-4399-be90-c0b6f907e21e: Sackin index -0.1658; 1.0 s; peak memory 1308 MiB.
2026-09-17T17:47:48Z INFO [245/385] 02d347e1-5043-4d06-8c22-56914461f5b7: Sackin index -0.1741; 1.3 s; peak memory 1308 MiB.
2026-09-17T17:47:50Z INFO [246/385] 02d41816-e0cc-4142-a33d-3a8d40b1ca9d: Sackin index -0.1349; 1.3 s; peak memory 1308 MiB.
2026-09-17T17:47:51Z INFO [247/385] 02d4320d-a735-410b-947b-038f6e51ae3d: Sackin index -0.1178; 1.0 s; peak memory 1308 MiB.
2026-09-17T17:47:52Z INFO [248/385] 02d44d71-fa9e-494c-ba7d-7b71a0023922: Sackin index -0.0386; 1.6 s; peak memory 1308 MiB.
2026-09-17T17:47:54Z INFO [249/385] 02d46ec8-d567-4552-8167-a4944232d45f: Sackin index -0.1000; 1.8 s; peak memory 1308 MiB.
2026-09-17T17:48:01Z INFO [250/385] 02d550da-21a4-4c8f-9d45-3623978fc9fd: Sackin index -0.0476; 7.3 s; peak memory 1308 MiB.
2026-09-17T17:48:01Z INFO [250/385] 02d550da-21a4-4c8f-9d45-3623978fc9fd: checkpointed 48280 records.
2026-09-17T17:48:12Z INFO [251/385] 02d58357-4564-48b3-b8a9-d832c7043fbb: Sackin index -0.0229; 10.3 s; peak memory 1308 MiB.
2026-09-17T17:48:13Z INFO [252/385] 02d5b29f-98cc-4088-b59f-fd1fff96b398: Sackin index -0.1349; 1.4 s; peak memory 1308 MiB.
2026-09-17T17:48:15Z INFO [253/385] 02d5d514-08e5-410d-9897-09bdf864c3f8: Sackin index -0.1349; 1.4 s; peak memory 1308 MiB.
2026-09-17T17:48:16Z INFO [254/385] 02d63deb-5c7c-4c62-842e-d3cffbfd3e1c: Sackin index -0.0702; 1.5 s; peak memory 1308 MiB.
2026-09-17T17:50:20Z INFO [255/385] 02d66a59-ea85-4f72-b07b-71e8ca24e502: Sackin index -0.0450; 123.5 s; peak memory 1308 MiB.
2026-09-17T17:50:21Z INFO [256/385] 02d7423e-12ea-43dd-865e-e3b1f984b107: Sackin index -0.0413; 1.8 s; peak memory 1308 MiB.
2026-09-17T17:50:40Z INFO [257/385] 02d7a696-cb85-4f64-a677-38b74335c000: Sackin index -0.0104; 18.3 s; peak memory 1308 MiB.
2026-09-17T17:50:41Z INFO [258/385] 02d83a5b-bf36-4682-b173-afe3a4fadf91: Sackin index -0.0702; 1.7 s; peak memory 1308 MiB.
2026-09-17T17:50:43Z INFO [259/385] 02d84158-53c8-4439-87b7-a0c31f690fb6: Sackin index -0.1248; 1.5 s; peak memory 1308 MiB.
2026-09-17T17:50:44Z INFO [260/385] 02d8a56e-04dd-4d10-8c65-2f324943bf7f: Sackin index -0.1349; 1.5 s; peak memory 1308 MiB.
2026-09-17T17:53:20Z INFO [261/385] 02d8ea86-616e-4937-944f-8bcac756c43f: Sackin index -0.0668; 155.6 s; peak memory 1308 MiB.
2026-09-17T17:53:39Z INFO [262/385] 02d8f88a-2643-4850-9160-a1e82a06a318: Sackin index -0.0237; 18.8 s; peak memory 1308 MiB.
2026-09-17T17:53:41Z INFO [263/385] 02da0e19-260b-48f9-999d-a30270abd0f3: Sackin index -0.0376; 1.9 s; peak memory 1308 MiB.
2026-09-17T17:53:42Z INFO [264/385] 02da96fc-3fd3-48b9-8f84-c5795acb8aa6: Sackin index -0.1349; 1.4 s; peak memory 1308 MiB.
2026-09-17T17:53:43Z INFO [265/385] 02dabfe8-6757-451c-ad62-59de4517ad2b: Sackin index -0.0702; 1.4 s; peak memory 1308 MiB.
2026-09-17T17:53:44Z INFO [266/385] 02db13aa-fcd0-4442-a45c-4a9eb772768a: Sackin index -0.1178; 1.1 s; peak memory 1308 MiB.
2026-09-17T17:53:59Z INFO [267/385] 02db2a6f-5b0d-4f8f-8f32-c90d39d74fcf: Sackin index -0.0148; 14.5 s; peak memory 1308 MiB.
2026-09-17T17:54:01Z INFO [268/385] 02db52e6-de4e-4cdf-8479-9c29e62d00e3: Sackin index -0.0696; 1.7 s; peak memory 1308 MiB.
2026-09-17T17:56:02Z INFO [269/385] 02dccc33-a6cb-4b17-85ab-c549e1c75011: Sackin index -0.0305; 121.1 s; peak memory 1308 MiB.
2026-09-17T17:56:03Z INFO [270/385] 02ddc403-775a-45da-a1da-dc2d4e06ae15: Sackin index -0.1349; 1.4 s; peak memory 1308 MiB.
2026-09-17T17:56:05Z INFO [271/385] 02de4e83-ba73-4527-8519-b8f5e8ddf284: Sackin index -0.1273; 1.7 s; peak memory 1308 MiB.
2026-09-17T17:56:25Z INFO [272/385] 02de9051-45d0-4add-adf5-a38d32a8ac90: Sackin index -0.1367; 20.4 s; peak memory 1308 MiB.
2026-09-17T17:56:27Z INFO [273/385] 02df1da9-0537-406e-9b4e-4fb16d02d6f8: Sackin index -0.0702; 1.9 s; peak memory 1308 MiB.
2026-09-17T17:58:35Z INFO [274/385] 02e0f0d2-86a3-449f-afd0-d63108249396: Sackin index -0.0573; 128.1 s; peak memory 1308 MiB.
2026-09-17T17:58:37Z INFO [275/385] 02e0f154-5b0f-44d9-9072-373d6fd320bf: Sackin index -0.0818; 1.3 s; peak memory 1308 MiB.
2026-09-17T17:58:46Z INFO [276/385] 02e1033f-27e9-44e4-8345-306206606873: Sackin index -0.0080; 9.0 s; peak memory 1308 MiB.
2026-09-17T17:58:48Z INFO [277/385] 02e1d369-f8b9-4c71-b071-a67349065b14: Sackin index -0.0728; 2.4 s; peak memory 1308 MiB.
2026-09-17T17:58:50Z INFO [278/385] 02e1fd4e-04be-4222-80d7-df7a82d79510: Sackin index -0.0375; 2.1 s; peak memory 1308 MiB.
2026-09-17T17:58:52Z INFO [279/385] 02e21b0e-b78c-4b7c-8def-44bf1864b402: Sackin index -0.0696; 1.6 s; peak memory 1308 MiB.
2026-09-17T17:58:53Z INFO [280/385] 02e35c8e-b323-4d49-9090-bee3af0d69ca: Sackin index -0.1248; 1.5 s; peak memory 1308 MiB.
2026-09-17T17:58:55Z INFO [281/385] 02e3c4df-4228-40b2-b679-8aad639d688b: Sackin index -0.1938; 1.3 s; peak memory 1308 MiB.
2026-09-17T17:58:56Z INFO [282/385] 02e3f9f0-f3d7-4882-9839-52cd639ea26f: Sackin index -0.1658; 1.3 s; peak memory 1308 MiB.
2026-09-17T17:59:03Z INFO [283/385] 02e4cf89-0be1-443e-a607-f3ade1475aca: Sackin index -0.0251; 7.1 s; peak memory 1308 MiB.
2026-09-17T17:59:10Z INFO [284/385] 02e55550-7245-4e31-8d39-dc8ab0acff80: Sackin index -0.0476; 6.8 s; peak memory 1308 MiB.
2026-09-17T17:59:11Z INFO [285/385] 02e55cf5-933e-40ed-af5f-17898403a7bc: Sackin index -0.0748; 1.7 s; peak memory 1308 MiB.
2026-09-17T17:59:20Z INFO [286/385] 02e6112e-79b4-4834-9934-73f963c37a77: Sackin index -0.0251; 8.9 s; peak memory 1308 MiB.
2026-09-17T17:59:21Z INFO [287/385] 02e65616-a598-466f-ac63-f4116a5bbe5a: Sackin index -0.1658; 1.1 s; peak memory 1308 MiB.
2026-09-17T17:59:24Z INFO [288/385] 02e6a0b1-fd20-4405-ae94-05d61eb79b64: Sackin index -0.0978; 2.6 s; peak memory 1308 MiB.
2026-09-17T17:59:26Z INFO [289/385] 02e6d86f-4b19-494b-9881-fcb4dcf69050: Sackin index -0.0681; 2.4 s; peak memory 1308 MiB.
2026-09-17T17:59:33Z INFO [290/385] 02e75675-a21f-4aa7-9835-b80f274719c9: Sackin index -0.0383; 6.6 s; peak memory 1308 MiB.
2026-09-17T17:59:35Z INFO [291/385] 02e83c9a-c17c-4e44-ad83-e22008459794: Sackin index -0.0728; 2.2 s; peak memory 1308 MiB.
2026-09-17T17:59:38Z INFO [292/385] 02e891b3-8e1d-4d1a-9989-8e281ff20199: Sackin index -0.0728; 2.5 s; peak memory 1308 MiB.
2026-09-17T17:59:56Z INFO [293/385] 02e8f5c9-532d-45e4-ad5c-e62208fea04d: Sackin index -0.0237; 17.9 s; peak memory 1308 MiB.
2026-09-17T17:59:58Z INFO [294/385] 02e942ba-d5c5-4435-af95-352a5a55ea6e: Sackin index -0.0376; 2.1 s; peak memory 1308 MiB.
2026-09-17T17:59:59Z INFO [295/385] 02e99bd1-080e-4557-aabc-e19fbbf13793: Sackin index -0.1321; 1.3 s; peak memory 1308 MiB.
2026-09-17T18:00:00Z INFO [296/385] 02ea18ba-068a-417d-bf31-28ae115e8a6b: Sackin index -0.1349; 1.3 s; peak memory 1308 MiB.
2026-09-17T18:00:02Z INFO [297/385] 02ea4cae-bb79-4d54-94f2-aaaa46b07b79: Sackin index -0.1331; 1.3 s; peak memory 1308 MiB.
2026-09-17T18:00:03Z INFO [298/385] 02eb3969-811f-49b9-aff7-1712a1b91188: Sackin index -0.1349; 1.4 s; peak memory 1308 MiB.
2026-09-17T18:00:05Z INFO [299/385] 02eb7b03-a88f-42c8-9087-73f65d70c7f6: Sackin index -0.1349; 1.3 s; peak memory 1308 MiB.
2026-09-17T18:00:06Z INFO [300/385] 02ec6454-8542-4363-9087-677d0403dde0: Sackin index -0.0709; 1.8 s; peak memory 1308 MiB.
2026-09-17T18:00:06Z INFO [300/385] 02ec6454-8542-4363-9087-677d0403dde0: checkpointed 48330 records.
2026-09-17T18:00:08Z INFO [301/385] 02ec74f0-9e06-4771-a926-1d1f4c0aae16: Sackin index -0.0379; 2.0 s; peak memory 1308 MiB.
2026-09-17T18:00:10Z INFO [302/385] 02ed7338-d16e-4691-a158-7f4f3aaaf52e: Sackin index -0.1319; 1.3 s; peak memory 1308 MiB.
2026-09-17T18:00:11Z INFO [303/385] 02ee0601-e61a-4537-aeab-91b2f566c2bb: Sackin index -0.0702; 1.6 s; peak memory 1308 MiB.
2026-09-17T18:00:14Z INFO [304/385] 02ee44e2-06f1-44f5-9871-2ae17d7c7a5b: Sackin index -0.0676; 2.6 s; peak memory 1308 MiB.
2026-09-17T18:00:15Z INFO [305/385] 02eec476-4423-4408-9339-0d73851879cf: Sackin index -0.1349; 1.3 s; peak memory 1308 MiB.
2026-09-17T18:00:18Z INFO [306/385] 02ef01a0-aad2-4eb2-a901-74e7cc4165c8: Sackin index -0.0272; 2.7 s; peak memory 1308 MiB.
2026-09-17T18:00:20Z INFO [307/385] 02f02422-4164-413d-9dd7-e7c102deadb9: Sackin index -0.1000; 1.8 s; peak memory 1308 MiB.
2026-09-17T18:00:40Z INFO [308/385] 02f06bed-bbdb-44a7-801c-38a248c20d21: Sackin index -0.1367; 20.4 s; peak memory 1308 MiB.
2026-09-17T18:00:41Z INFO [309/385] 02f3cc94-dd30-4cce-b08d-be88198bb03c: Sackin index -0.1349; 1.4 s; peak memory 1308 MiB.
2026-09-17T18:00:43Z INFO [310/385] 02f3db88-a514-4a6c-8217-badc8131da3a: Sackin index -0.1658; 1.2 s; peak memory 1308 MiB.
2026-09-17T18:00:56Z INFO [311/385] 02f4bc2b-b24c-4e6b-8049-879ab195a7a6: Sackin index -0.0212; 13.1 s; peak memory 1308 MiB.
2026-09-17T18:00:59Z INFO [312/385] 02f4dc05-fd83-4f5c-848e-d2ed006db186: Sackin index -0.0699; 3.6 s; peak memory 1308 MiB.
2026-09-17T18:01:19Z INFO [313/385] 02f558bc-ae54-4d3a-8991-51176732d04d: Sackin index -0.0183; 19.9 s; peak memory 1308 MiB.
2026-09-17T18:01:21Z INFO [314/385] 02f573e9-0b1f-494f-bbc4-849469cb73c6: Sackin index -0.0745; 2.1 s; peak memory 1308 MiB.
2026-09-17T18:01:25Z INFO [315/385] 02f6647d-6024-4d65-b435-986ddd9e9f73: Sackin index -0.1562; 3.8 s; peak memory 1308 MiB.
2026-09-17T18:01:27Z INFO [316/385] 02f67774-1582-4fa2-9965-eb1302985167: Sackin index -0.0702; 1.6 s; peak memory 1308 MiB.
2026-09-17T18:01:28Z INFO [317/385] 02f6ae84-ea34-466d-a3ec-f95150c4f7a5: Sackin index -0.0696; 1.7 s; peak memory 1308 MiB.
2026-09-17T18:01:31Z INFO [318/385] 02f7c770-a101-407f-8cbe-3d5977ef7ba0: Sackin index -0.0941; 2.4 s; peak memory 1308 MiB.
2026-09-17T18:01:33Z INFO [319/385] 02f95812-16ac-4f9b-ac16-02ecd0e48b08: Sackin index -0.0369; 2.6 s; peak memory 1308 MiB.
2026-09-17T18:01:35Z INFO [320/385] 02f9bc28-54e5-41dd-9386-a4d42845c57a: Sackin index -0.1321; 1.4 s; peak memory 1308 MiB.
2026-09-17T18:01:43Z INFO [321/385] 02f9dc18-ecee-47da-b826-2b598c2b7091: Sackin index -0.0940; 8.3 s; peak memory 1308 MiB.
2026-09-17T18:01:46Z INFO [322/385] 02f9ec3a-558b-43a3-b2fc-9d7e3dbe54b9: Sackin index -0.0699; 3.4 s; peak memory 1308 MiB.
2026-09-17T18:01:48Z INFO [323/385] 02fa72cc-ebc8-4348-a420-b035bee95b89: Sackin index -0.0689; 1.6 s; peak memory 1308 MiB.
2026-09-17T19:00:20Z INFO [324/385] 02fa7c00-efc5-4a80-9948-e8b676306bc2: Sackin index -0.1198; 3512.4 s; peak memory 1308 MiB.
2026-09-17T19:00:30Z INFO [325/385] 02fa9ed3-af82-4932-ba61-db5b28791821: Sackin index -0.0216; 9.5 s; peak memory 1308 MiB.
2026-09-17T19:00:32Z INFO [326/385] 02faf2a3-2fde-4ba8-b45c-f8fea65b8fa7: Sackin index -0.0696; 1.8 s; peak memory 1308 MiB.
2026-09-17T19:00:40Z INFO [327/385] 02fc806e-80c5-4edd-867e-f115437f1801: Sackin index -0.1938; 8.2 s; peak memory 1308 MiB.
2026-09-17T19:00:44Z INFO [328/385] 02fcbfad-d910-4f13-9656-3dfec2955670: Sackin index -0.0660; 4.3 s; peak memory 1308 MiB.
2026-09-17T19:00:46Z INFO [329/385] 02fcf892-92e4-40bd-9ef6-e6ed61d2d334: Sackin index -0.0702; 1.7 s; peak memory 1308 MiB.
2026-09-17T19:00:47Z INFO [330/385] 02fd5fbe-232c-43d2-b49c-e09f76abf3b3: Sackin index -0.1527; 1.6 s; peak memory 1308 MiB.
2026-09-17T19:00:50Z INFO [331/385] 02fdaedc-cbb3-4b54-8243-119ce25fd0c0: Sackin index -0.0728; 2.6 s; peak memory 1308 MiB.
2026-09-17T19:00:51Z INFO [332/385] 02fe5a5b-1a36-4c6c-8073-af972e319de3: Sackin index -0.1349; 1.4 s; peak memory 1308 MiB.
2026-09-17T19:00:53Z INFO [333/385] 02ffcda0-8f26-4e1a-8efe-d4e3dc25e361: Sackin index -0.0702; 1.8 s; peak memory 1308 MiB.
2026-09-17T19:00:55Z INFO [334/385] 03002cc1-5c2c-4d35-89ba-f572cb1b001e: Sackin index -0.1349; 1.4 s; peak memory 1308 MiB.
2026-09-17T19:00:56Z INFO [335/385] 0300bf5a-ed68-4eef-81cd-3297b6197f8a: Sackin index -0.1349; 1.5 s; peak memory 1308 MiB.
2026-09-17T19:01:21Z INFO [336/385] 030123d0-24d9-4fdd-9495-a006fc06aed6: Sackin index -0.0123; 25.3 s; peak memory 1308 MiB.
2026-09-17T19:01:23Z INFO [337/385] 030131e8-f425-4799-bc97-e2c1c0865f62: Sackin index -0.1349; 1.5 s; peak memory 1308 MiB.
2026-09-17T19:01:26Z INFO [338/385] 03013602-8516-48cd-8130-46bcb56b7abc: Sackin index -0.0365; 3.0 s; peak memory 1308 MiB.
2026-09-17T19:01:29Z INFO [339/385] 0301ab30-f480-4e7c-b2e5-cc28fc5ef0c2: Sackin index -0.0699; 3.0 s; peak memory 1308 MiB.
2026-09-17T19:01:30Z INFO [340/385] 0301b704-3832-4032-b33c-d8c782c1d06b: Sackin index -0.1349; 1.3 s; peak memory 1308 MiB.
2026-09-17T19:01:32Z INFO [341/385] 03027bd0-07f8-400e-a26f-6e5758e00b73: Sackin index -0.0702; 2.0 s; peak memory 1308 MiB.
2026-09-17T19:01:33Z INFO [342/385] 0302826d-9c37-4a3c-b94c-96102a524102: Sackin index -0.1448; 1.1 s; peak memory 1308 MiB.
2026-09-17T19:01:37Z INFO [343/385] 03031657-2cbf-4b13-a8db-fd4156827e6b: Sackin index -0.1938; 3.3 s; peak memory 1308 MiB.
2026-09-17T19:01:39Z INFO [344/385] 030392b2-952b-4f03-898f-0f8231a41b20: Sackin index -0.0369; 2.4 s; peak memory 1308 MiB.
2026-09-17T19:01:41Z INFO [345/385] 0303b8d0-aa13-4483-a7d0-ed9d75efa221: Sackin index -0.0696; 1.8 s; peak memory 1308 MiB.
2026-09-17T19:01:42Z INFO [346/385] 0303e5e3-5e53-43b6-93f3-265a4ce5f4da: Sackin index -0.1349; 1.3 s; peak memory 1308 MiB.
2026-09-17T19:01:46Z INFO [347/385] 03046451-83ea-4f04-bbec-65ed978fd460: Sackin index -0.0694; 3.4 s; peak memory 1308 MiB.
2026-09-17T19:01:48Z INFO [348/385] 03055cf2-dfa3-44c8-873d-0a8315e948df: Sackin index -0.0434; 2.0 s; peak memory 1308 MiB.
2026-09-17T19:01:49Z INFO [349/385] 030742ac-8ded-4d25-af73-02c2874fe68b: Sackin index -0.1349; 1.5 s; peak memory 1308 MiB.
2026-09-17T19:01:51Z INFO [350/385] 03075f58-1d38-4189-82da-006a44e06ebc: Sackin index -0.0728; 2.3 s; peak memory 1308 MiB.
2026-09-17T19:01:51Z INFO [350/385] 03075f58-1d38-4189-82da-006a44e06ebc: checkpointed 48380 records.
2026-09-17T19:02:36Z INFO [351/385] 0307fbaf-1a0f-4d69-ae1c-7d382011a9c4: Sackin index -0.1144; 44.7 s; peak memory 1308 MiB.
2026-09-17T19:02:39Z INFO [352/385] 03080228-32cb-4b94-b309-1540af839cd6: Sackin index -0.0369; 2.5 s; peak memory 1308 MiB.
2026-09-17T19:02:40Z INFO [353/385] 0308643c-a326-44d4-b5d1-4b2feb0e8af8: Sackin index -0.0707; 1.3 s; peak memory 1308 MiB.
2026-09-17T19:02:41Z INFO [354/385] 03093050-61bc-4d81-ab79-de878c7ad9cd: Sackin index -0.1349; 1.4 s; peak memory 1308 MiB.
2026-09-17T19:02:42Z INFO [355/385] 030991d9-8c63-414e-bbf5-ae5fd40de85c: Sackin index -0.1658; 1.0 s; peak memory 1308 MiB.
2026-09-17T19:02:44Z INFO [356/385] 030996e3-65f0-4b8d-a0dd-a3ae30bc1d44: Sackin index -0.1349; 1.2 s; peak memory 1308 MiB.
2026-09-17T19:02:49Z INFO [357/385] 0309ca0f-466b-4336-8b5e-13f131053423: Sackin index -0.0332; 5.8 s; peak memory 1308 MiB.
2026-09-17T19:02:52Z INFO [358/385] 030a2ab5-e98f-4ae9-a688-35b928e5563f: Sackin index -0.0704; 3.1 s; peak memory 1308 MiB.
2026-09-17T19:02:54Z INFO [359/385] 030a413c-2394-4c6f-bf28-9d6e37213ddd: Sackin index -0.1349; 1.2 s; peak memory 1308 MiB.
2026-09-17T19:02:55Z INFO [360/385] 030a9c81-7fb9-4fdf-bc15-25f6e1c00bee: Sackin index -0.0728; 1.6 s; peak memory 1308 MiB.
2026-09-17T19:02:57Z INFO [361/385] 030ab108-2215-48ba-ab1b-8fb2fd13582d: Sackin index -0.1349; 1.4 s; peak memory 1308 MiB.
2026-09-17T19:02:58Z INFO [362/385] 030b171c-0ad4-43bc-9d1b-a86d9a736dae: Sackin index -0.0702; 1.7 s; peak memory 1308 MiB.
2026-09-17T19:03:01Z INFO [363/385] 030b6128-762d-42fe-bbdf-823409da111c: Sackin index -0.0738; 2.3 s; peak memory 1308 MiB.
2026-09-17T19:03:14Z INFO [364/385] 030df42c-8762-4716-847f-2176b84273da: Sackin index -0.0161; 13.7 s; peak memory 1308 MiB.
2026-09-17T19:03:19Z INFO [365/385] 030f1e81-0dfa-42fb-aead-10ab63e7caa6: Sackin index -0.0695; 4.2 s; peak memory 1308 MiB.
2026-09-17T19:03:20Z INFO [366/385] 030f5cc2-f68b-4f7a-a53b-0c0148530f5b: Sackin index -0.1356; 1.2 s; peak memory 1308 MiB.
2026-09-17T19:03:21Z INFO [367/385] 030f638d-65f5-4e5b-b049-fa1c2ce2e9bb: Sackin index -0.1349; 1.4 s; peak memory 1308 MiB.
2026-09-17T19:03:22Z INFO [368/385] 03105d89-b6ec-4c20-ae70-aa8474fde83c: Sackin index -0.1349; 1.3 s; peak memory 1308 MiB.
2026-09-17T19:04:25Z INFO [369/385] 03106995-52a2-4916-93b9-6d3fe9eeadf2: Sackin index -0.0074; 62.9 s; peak memory 1308 MiB.
2026-09-17T19:04:27Z INFO [370/385] 031175ff-2ab8-4a81-8389-7442884331f1: Sackin index -0.1510; 1.9 s; peak memory 1308 MiB.
2026-09-17T19:04:29Z INFO [371/385] 0311c80a-3a4c-4f68-b3de-08b6807d25f6: Sackin index -0.0728; 1.9 s; peak memory 1308 MiB.
2026-09-17T19:04:31Z INFO [372/385] 0313c322-7217-4fb7-aac3-bfa9a60f8fcd: Sackin index -0.0276; 2.3 s; peak memory 1308 MiB.
2026-09-17T19:04:34Z INFO [373/385] 0317ac6e-9e0e-4dd9-8a94-f1cf7d34e060: Sackin index -0.0728; 2.4 s; peak memory 1308 MiB.
2026-09-17T19:04:40Z INFO [374/385] 0317ccfb-c051-4f03-b402-477aeb29ecae: Sackin index -0.0254; 5.9 s; peak memory 1308 MiB.
2026-09-17T19:04:42Z INFO [375/385] 03181bed-7518-4e5f-bb6e-6b73ef389516: Sackin index -0.0825; 1.8 s; peak memory 1308 MiB.
2026-09-17T19:04:44Z INFO [376/385] 031adc62-7ff4-4ec4-9c7b-4c1618e5aee3: Sackin index -0.0699; 2.9 s; peak memory 1308 MiB.
2026-09-17T19:05:04Z INFO [377/385] 031b36e2-7d46-49f1-a8d6-1416ff5884d8: Sackin index -0.1367; 19.6 s; peak memory 1308 MiB.
2026-09-17T19:05:05Z INFO [378/385] 031b73b8-00b5-4b30-a1d2-978889d65db8: Sackin index -0.1349; 1.3 s; peak memory 1308 MiB.
2026-09-17T19:05:07Z INFO [379/385] 031bb851-76c6-45cf-b4d6-7b7e32f9fd8b: Sackin index -0.1356; 1.8 s; peak memory 1308 MiB.
2026-09-17T19:05:14Z INFO [380/385] 031cecdf-83a6-45ee-8003-2f49efe237ad: Sackin index -0.0251; 6.4 s; peak memory 1308 MiB.
2026-09-17T19:05:16Z INFO [381/385] 031d4337-0b6a-46e0-8e1a-63e355b3504f: Sackin index -0.0434; 2.1 s; peak memory 1308 MiB.
2026-09-17T19:05:19Z INFO [382/385] 031d49b2-c8ed-43ff-8ffc-680bd208613b: Sackin index -0.0699; 3.7 s; peak memory 1308 MiB.
2026-09-17T19:05:23Z INFO [383/385] 031d5cf4-c435-4c82-8afc-7258310af0d0: Sackin index -0.0699; 3.2 s; peak memory 1308 MiB.
2026-09-17T19:05:29Z INFO [384/385] 031d98bb-0735-4125-8e39-2f8bb4bfa92b: Sackin index -0.0415; 6.2 s; peak memory 1308 MiB.
2026-09-17T19:05:30Z INFO [385/385] 031de63e-9459-4ffb-a9c2-54d5ed465dd8: Sackin index -0.1349; 1.4 s; peak memory 1308 MiB.
2026-09-17T19:05:30Z INFO Wrote 48415 records to /tmp/derivatives/valid_nwb_file_to_sackin_index.jsonl (385 new, 0 failed) in 167.0 min (peak memory 1308 MiB).
