2026-10-10T09:32:02Z INFO Logging to /tmp/logs/update_2026-10-10T09-32-02Z.log.
2026-10-10T09:32:02Z INFO Update valid-nwb-file-to-sackin-index (base directory /tmp).
2026-10-10T09:32:03Z INFO Processing 750 items (116836 already recorded).
2026-10-10T09:32:04Z INFO [1/750] 90d8748d-8dee-4315-b8c7-4dbb93d2b76a: Sackin index -0.1269; 1.3 s; peak memory 124 MiB.
2026-10-10T09:32:05Z INFO [2/750] 90d8ab31-a268-426a-9f52-ad6b074a1bc1: Sackin index -0.1683; 0.8 s; peak memory 124 MiB.
2026-10-10T09:32:06Z INFO [3/750] 90d96cbe-e7b7-441d-b46b-cae9d715d330: Sackin index -0.0728; 0.8 s; peak memory 128 MiB.
2026-10-10T09:32:07Z INFO [4/750] 90d9f236-a9dc-43f8-80bb-8526960143a1: Sackin index -0.1349; 0.7 s; peak memory 128 MiB.
2026-10-10T09:32:07Z INFO [5/750] 90da9119-8da3-482c-b4f7-6541954d4c62: Sackin index -0.1448; 0.5 s; peak memory 128 MiB.
2026-10-10T09:32:08Z INFO [6/750] 90daabd0-3e6c-47d0-bd59-60bd1100acad: Sackin index -0.0728; 1.0 s; peak memory 129 MiB.
2026-10-10T09:32:09Z INFO [7/750] 90db098b-1812-4e7f-9236-6f3b7ea7a02f: Sackin index -0.1349; 0.7 s; peak memory 129 MiB.
2026-10-10T09:32:10Z INFO [8/750] 90db54cc-b158-4ab6-bef2-4b0204b4ee8c: Sackin index -0.0728; 1.0 s; peak memory 129 MiB.
2026-10-10T09:32:11Z INFO [9/750] 90dba7cf-1766-4007-ac8a-fa2db10e46f2: Sackin index -0.1349; 0.9 s; peak memory 129 MiB.
2026-10-10T09:32:11Z INFO [10/750] 90dbaf86-50f0-4329-be17-4c932236b1bd: Sackin index -0.1349; 0.7 s; peak memory 129 MiB.
2026-10-10T09:32:14Z INFO [11/750] 90dde281-da5f-4a67-87ba-fdf66350cc98: Sackin index -0.1938; 2.5 s; peak memory 135 MiB.
2026-10-10T09:32:15Z INFO [12/750] 90de32d7-615d-4cf5-a74e-61d66e969a7f: Sackin index -0.0702; 0.8 s; peak memory 135 MiB.
2026-10-10T09:32:15Z INFO [13/750] 90de6f41-1850-4a3b-9fa0-b6b9e86c3f43: Sackin index -0.0702; 0.6 s; peak memory 135 MiB.
2026-10-10T09:32:16Z INFO [14/750] 90ded17a-eca5-424b-a974-f9d1afe9a001: Sackin index -0.0702; 0.8 s; peak memory 135 MiB.
2026-10-10T09:32:17Z INFO [15/750] 90df3383-e69e-4c60-9ac2-6c9f5c86559e: Sackin index -0.1349; 0.6 s; peak memory 135 MiB.
2026-10-10T09:33:36Z INFO [16/750] 90df5d29-8c3d-44cd-ba73-25026386b7db: Sackin index -0.1076; 79.0 s; peak memory 301 MiB.
2026-10-10T09:33:46Z INFO [17/750] 90e02b4d-17c9-4f4b-a4cd-2725978844dd: Sackin index -0.0147; 10.1 s; peak memory 301 MiB.
2026-10-10T09:33:47Z INFO [18/750] 90e0751d-65bf-49b0-b72a-2089f6b8d49d: Sackin index -0.1349; 0.6 s; peak memory 302 MiB.
2026-10-10T09:33:48Z INFO [19/750] 90e0a0e8-185e-4b9c-8650-eb3e4a44e65f: Sackin index -0.0728; 1.1 s; peak memory 302 MiB.
2026-10-10T09:33:53Z INFO [20/750] 90e0e905-7553-4daf-a411-20b1f78d589f: Sackin index -0.0288; 5.2 s; peak memory 302 MiB.
2026-10-10T09:33:53Z INFO [21/750] 90e1329e-1fdc-4f4e-8d2a-e338ca1d0124: Sackin index -0.1349; 0.5 s; peak memory 302 MiB.
2026-10-10T09:34:01Z INFO [22/750] 90e245bf-8d4d-417d-a4aa-e62b2e24da90: Sackin index -0.0284; 7.2 s; peak memory 302 MiB.
2026-10-10T09:34:02Z INFO [23/750] 90e2c2c1-2b3e-4a63-b703-3653eb4f7477: Sackin index -0.1273; 1.1 s; peak memory 302 MiB.
2026-10-10T09:34:03Z INFO [24/750] 90e33274-3ad3-4e44-85aa-aa1174a7638a: Sackin index -0.0728; 0.9 s; peak memory 302 MiB.
2026-10-10T09:34:03Z INFO [25/750] 90e35e2a-cf73-432f-940b-e1d5c7db3c3e: Sackin index -0.1349; 0.7 s; peak memory 302 MiB.
2026-10-10T09:34:04Z INFO [26/750] 90e3ba34-91f2-420e-941f-569a0024c582: Sackin index -0.1349; 0.5 s; peak memory 302 MiB.
2026-10-10T09:34:04Z INFO [27/750] 90e4121c-2d75-47ee-8795-a2a3e8887e5e: Sackin index -0.0707; 0.6 s; peak memory 302 MiB.
2026-10-10T09:34:13Z INFO [28/750] 90e4161d-c601-4a8b-ade1-0f481dccdb79: Sackin index -0.0129; 8.6 s; peak memory 302 MiB.
2026-10-10T09:34:14Z INFO [29/750] 90e4322b-5353-4157-9dfb-fae4b1bbdcfe: Sackin index -0.0377; 1.0 s; peak memory 302 MiB.
2026-10-10T09:34:15Z INFO [30/750] 90e4512e-9361-4570-bb4f-2fcf2a7d02e1: Sackin index -0.1658; 0.6 s; peak memory 302 MiB.
2026-10-10T09:34:20Z INFO [31/750] 90e4f859-77c9-4f0e-a101-de4edbdadd37: Sackin index -0.0017; 5.1 s; peak memory 305 MiB.
2026-10-10T09:34:21Z INFO [32/750] 90e5225c-eb0c-49f8-ab51-ccded8491e40: Sackin index -0.1152; 1.1 s; peak memory 305 MiB.
2026-10-10T09:34:23Z INFO [33/750] 90e59271-f6ae-4ff1-8fd5-5e3ff2949f3b: Sackin index -0.0660; 2.2 s; peak memory 305 MiB.
2026-10-10T09:34:25Z INFO [34/750] 90e6f5a1-d661-464f-bee1-d288ff2d1509: Sackin index -0.0763; 2.4 s; peak memory 305 MiB.
2026-10-10T09:34:29Z INFO [35/750] 90e786e4-102d-4085-8a5f-ea1cebcbae74: Sackin index -0.1266; 3.3 s; peak memory 305 MiB.
2026-10-10T09:34:30Z INFO [36/750] 90e7a8c1-3294-4ffb-8c71-a3f67a6bb38e: Sackin index -0.0728; 1.1 s; peak memory 305 MiB.
2026-10-10T09:34:34Z INFO [37/750] 90e7ccf6-b6ce-415e-8599-b8785795ed52: Sackin index -0.0940; 3.8 s; peak memory 305 MiB.
2026-10-10T09:34:34Z INFO [38/750] 90e93126-253a-4bbc-929f-74578d62809c: Sackin index -0.0745; 0.7 s; peak memory 305 MiB.
2026-10-10T09:34:35Z INFO [39/750] 90e95f13-6980-40aa-a343-52a13cc287fa: Sackin index -0.1349; 0.7 s; peak memory 305 MiB.
2026-10-10T09:34:36Z INFO [40/750] 90ea4f78-00a8-4578-9705-159944a7b132: Sackin index -0.0709; 0.8 s; peak memory 305 MiB.
2026-10-10T09:34:37Z INFO [41/750] 90eb3f2b-eaf6-48f3-ad16-88a17684faac: Sackin index -0.0513; 0.9 s; peak memory 305 MiB.
2026-10-10T09:34:37Z INFO [42/750] 90ec0158-147d-4bb6-8fe3-a780f708ee66: Sackin index -0.0375; 0.7 s; peak memory 305 MiB.
2026-10-10T09:34:42Z INFO [43/750] 90ec10d7-e7d7-4649-b97f-5c3627873d03: Sackin index -0.0230; 4.5 s; peak memory 305 MiB.
2026-10-10T09:34:43Z INFO [44/750] 90ed2369-5e51-45f9-9796-38effa1b2937: Sackin index -0.1349; 0.8 s; peak memory 305 MiB.
2026-10-10T09:34:44Z INFO [45/750] 90ed2fcd-3ac1-499d-ba29-238d6f64a066: Sackin index -0.0369; 1.4 s; peak memory 305 MiB.
2026-10-10T09:34:45Z INFO [46/750] 90ed6a41-8ab1-4ec7-99a1-fd0c1a32656a: Sackin index -0.1349; 0.6 s; peak memory 306 MiB.
2026-10-10T09:34:45Z INFO [47/750] 90ed715e-a641-4b64-a597-20ee30dafaca: Sackin index -0.1349; 0.7 s; peak memory 306 MiB.
2026-10-10T09:34:53Z INFO [48/750] 90edf943-c3c1-4d6e-8a43-6ced1a5d6df4: Sackin index -0.0178; 8.0 s; peak memory 306 MiB.
2026-10-10T09:34:55Z INFO [49/750] 90ee7fd9-4ae8-473b-8849-f25a8c769e0e: Sackin index -0.0369; 1.1 s; peak memory 306 MiB.
2026-10-10T09:34:55Z INFO [50/750] 90ef1788-a67e-47f1-bc8b-bea69808886f: Sackin index -0.1658; 0.4 s; peak memory 306 MiB.
2026-10-10T09:34:55Z INFO [50/750] 90ef1788-a67e-47f1-bc8b-bea69808886f: checkpointed 116886 new records.
2026-10-10T09:34:57Z INFO [51/750] 90f00a60-43dc-4740-a041-43fad5348708: Sackin index -0.0681; 1.5 s; peak memory 306 MiB.
2026-10-10T09:34:57Z INFO [52/750] 90f0ea0b-0493-4920-a600-cc242a139114: Sackin index -0.2168; 0.5 s; peak memory 306 MiB.
2026-10-10T09:34:58Z INFO [53/750] 90f1500b-24ba-4465-97c2-660827d4ee74: Sackin index -0.0728; 0.9 s; peak memory 306 MiB.
2026-10-10T09:34:59Z INFO [54/750] 90f2a647-3815-404e-a04a-5dd3ce2700d0: Sackin index -0.0709; 1.0 s; peak memory 306 MiB.
2026-10-10T09:35:00Z INFO [55/750] 90f2e37d-0892-41fa-91b4-92667376b6b3: Sackin index -0.1938; 0.5 s; peak memory 306 MiB.
2026-10-10T09:35:00Z INFO [56/750] 90f2f4bf-125d-4ebc-b6ba-f18c58e5a9fb: Sackin index -0.1349; 0.6 s; peak memory 306 MiB.
2026-10-10T09:35:01Z INFO [57/750] 90f3c5d7-186e-4579-a2a9-e7276bc16e1f: Sackin index -0.0728; 1.1 s; peak memory 306 MiB.
2026-10-10T09:35:08Z INFO [58/750] 90f3edf1-0e25-4182-9ff0-22d7ebbba94b: Sackin index -0.0138; 6.6 s; peak memory 306 MiB.
2026-10-10T09:35:10Z INFO [59/750] 90f496bc-ce33-412d-90bb-6ded92762e1c: Sackin index -0.0268; 2.3 s; peak memory 306 MiB.
2026-10-10T09:35:11Z INFO [60/750] 90f498f3-7f2a-4b45-979c-599c6df54872: Sackin index -0.0709; 0.8 s; peak memory 306 MiB.
2026-10-10T09:35:11Z INFO [61/750] 90f4d656-d6e7-492b-bc7c-ba68481e6b22: Sackin index -0.1658; 0.4 s; peak memory 306 MiB.
2026-10-10T09:35:13Z INFO [62/750] 90f4ee7c-ba98-45b1-9408-3f3ff445ee24: Sackin index -0.1356; 1.1 s; peak memory 306 MiB.
2026-10-10T09:35:14Z INFO [63/750] 90f5ab13-e532-4a12-b644-bafbfaf72b3c: Sackin index -0.0728; 0.9 s; peak memory 306 MiB.
2026-10-10T09:35:14Z INFO [64/750] 90f5dc32-4a75-492e-88c0-6cd91fe65583: Sackin index -0.1461; 0.6 s; peak memory 306 MiB.
2026-10-10T09:35:15Z INFO [65/750] 90f65516-68c2-4c94-9264-2bdf8b185151: Sackin index -0.0881; 0.9 s; peak memory 306 MiB.
2026-10-10T09:35:17Z INFO [66/750] 90f6a977-dd7a-4a60-bccd-0d0af0155991: Sackin index -0.0660; 1.8 s; peak memory 306 MiB.
2026-10-10T09:35:18Z INFO [67/750] 90f726e5-6a2d-4f95-bdde-0621d1f0636a: Sackin index -0.0702; 0.8 s; peak memory 306 MiB.
2026-10-10T09:35:19Z INFO [68/750] 90f74d9f-ce96-4b18-b981-56ee4bc159f1: Sackin index -0.0745; 1.0 s; peak memory 306 MiB.
2026-10-10T09:35:20Z INFO [69/750] 90f7e574-e218-4474-bc31-cae13780475e: Sackin index -0.0434; 1.1 s; peak memory 306 MiB.
2026-10-10T09:35:21Z INFO [70/750] 90f838c0-1286-49ae-beae-ebc118464c4d: Sackin index -0.0699; 1.7 s; peak memory 306 MiB.
2026-10-10T09:35:22Z INFO [71/750] 90f871ac-b1a2-48df-841a-0a371646c329: Sackin index -0.0702; 0.7 s; peak memory 306 MiB.
2026-10-10T09:35:23Z INFO [72/750] 90f90ec6-a8e9-4bf6-abf2-65c719b9f0a5: Sackin index -0.0696; 1.0 s; peak memory 306 MiB.
2026-10-10T09:35:24Z INFO [73/750] 90f9b5e7-71ac-45eb-9514-9a55635deff2: Sackin index -0.1349; 0.7 s; peak memory 306 MiB.
2026-10-10T09:35:27Z INFO [74/750] 90f9f554-4d70-48f5-8691-2685d29ff1ed: Sackin index -0.0228; 3.5 s; peak memory 306 MiB.
2026-10-10T09:35:28Z INFO [75/750] 90fa7e69-ceb7-437b-904d-a91054c4f7bf: Sackin index -0.0702; 0.8 s; peak memory 306 MiB.
2026-10-10T09:35:29Z INFO [76/750] 90fb093d-2969-4e75-bed7-8818e2e7ec60: Sackin index -0.1273; 1.2 s; peak memory 306 MiB.
2026-10-10T09:35:30Z INFO [77/750] 90fb6096-846a-43b2-80de-bb306da7cb34: Sackin index -0.1248; 0.7 s; peak memory 306 MiB.
2026-10-10T09:35:31Z INFO [78/750] 90fc29a7-7168-4de5-b40c-e95002d15993: Sackin index -0.1349; 0.7 s; peak memory 306 MiB.
2026-10-10T09:35:31Z INFO [79/750] 90fcabd2-8f32-42ff-8d61-c9ae66093425: Sackin index -0.1448; 0.5 s; peak memory 306 MiB.
2026-10-10T09:35:32Z INFO [80/750] 90fcd1e9-fec3-4041-a2a5-9ddea1a5fade: Sackin index -0.0275; 1.2 s; peak memory 306 MiB.
2026-10-10T09:35:41Z INFO [81/750] 90fdd5ca-fa31-48d4-b70d-34c18947500c: Sackin index -0.1310; 8.3 s; peak memory 306 MiB.
2026-10-10T09:35:42Z INFO [82/750] 90fe72d7-ed17-4c7d-84dd-5299a9e56adc: Sackin index -0.0991; 0.8 s; peak memory 306 MiB.
2026-10-10T09:35:43Z INFO [83/750] 90fe80c9-933c-4b7d-b879-56b056689cf3: Sackin index -0.1194; 0.9 s; peak memory 306 MiB.
2026-10-10T09:35:47Z INFO [84/750] 90ff65ca-37c3-4133-9368-67772c33af3b: Sackin index -0.0251; 4.0 s; peak memory 306 MiB.
2026-10-10T09:35:47Z INFO [85/750] 91011313-d020-4f4a-9afb-a813096c54f1: Sackin index -0.1383; 0.8 s; peak memory 306 MiB.
2026-10-10T09:35:48Z INFO [86/750] 910218f0-8dda-4bdb-9378-cd4fa0108233: Sackin index -0.1358; 0.7 s; peak memory 306 MiB.
2026-10-10T09:35:49Z INFO [87/750] 9103730d-bf74-4351-a156-5bef155bbb4b: Sackin index -0.0702; 0.7 s; peak memory 306 MiB.
2026-10-10T09:35:53Z INFO [88/750] 910376fd-bf99-4f6f-8f99-3476da1e90b9: Sackin index -0.0614; 4.7 s; peak memory 306 MiB.
2026-10-10T09:35:54Z INFO [89/750] 91043270-6e17-471f-9c8d-b4e98b89bd1a: Sackin index -0.1354; 0.8 s; peak memory 306 MiB.
2026-10-10T09:35:56Z INFO [90/750] 9105601d-b0e2-48ba-a226-310ea2d38f95: Sackin index -0.1283; 1.8 s; peak memory 306 MiB.
2026-10-10T09:35:57Z INFO [91/750] 91059a2a-951d-4fe3-80c8-1bdbe4023f29: Sackin index -0.1303; 0.5 s; peak memory 306 MiB.
2026-10-10T09:35:57Z INFO [92/750] 9105f313-b05f-4003-a1cb-468d2b322735: Sackin index -0.2000; 0.6 s; peak memory 306 MiB.
2026-10-10T09:35:58Z INFO [93/750] 9106399d-efe2-4784-9810-14fb3eb09391: Sackin index -0.0626; 1.0 s; peak memory 306 MiB.
2026-10-10T09:35:59Z INFO [94/750] 9106990f-b631-4f23-b7fe-fb74b50c92b8: Sackin index -0.0702; 0.8 s; peak memory 306 MiB.
2026-10-10T09:36:00Z INFO [95/750] 9106a4ff-eee9-4330-b4ba-19a627ac8a70: Sackin index -0.0728; 1.0 s; peak memory 306 MiB.
2026-10-10T09:36:01Z INFO [96/750] 9106c22d-6c5e-478a-88d1-d060047b9206: Sackin index -0.0702; 0.7 s; peak memory 306 MiB.
2026-10-10T09:36:08Z INFO [97/750] 9106cc9e-ba5c-478c-b457-b43790ea5302: Sackin index -0.0135; 7.7 s; peak memory 306 MiB.
2026-10-10T09:36:16Z INFO [98/750] 91076447-be1b-4cea-b451-6aa09944c862: Sackin index -0.0121; 7.7 s; peak memory 306 MiB.
2026-10-10T09:36:17Z INFO [99/750] 91076ac8-b380-4bff-9d0f-f68143192acb: Sackin index -0.1349; 0.7 s; peak memory 306 MiB.
2026-10-10T09:36:17Z INFO [100/750] 91079733-fe3d-422a-ad1c-dd0e4b9b6112: Sackin index -0.0709; 0.7 s; peak memory 306 MiB.
2026-10-10T09:36:18Z INFO [100/750] 91079733-fe3d-422a-ad1c-dd0e4b9b6112: checkpointed 116936 new records.
2026-10-10T09:36:19Z INFO [101/750] 9107c414-0826-460b-9f41-f546054ca68a: Sackin index -0.0728; 1.0 s; peak memory 306 MiB.
2026-10-10T09:36:20Z INFO [102/750] 91082f5f-1f37-43d6-a338-4448b3a14ecb: Sackin index -0.0702; 0.9 s; peak memory 306 MiB.
2026-10-10T09:36:20Z INFO [103/750] 9109a833-8940-4b13-8c72-53b85742b56e: Sackin index -0.1349; 0.7 s; peak memory 306 MiB.
2026-10-10T09:36:22Z INFO [104/750] 9109b620-37d8-49b0-be30-38afe01b3b65: Sackin index -0.0681; 1.8 s; peak memory 306 MiB.
2026-10-10T09:36:23Z INFO [105/750] 9109d685-c34c-4e5b-83ed-b13f7c0c7db0: Sackin index -0.0738; 1.2 s; peak memory 306 MiB.
2026-10-10T09:36:41Z INFO [106/750] 910a473d-00e0-417f-8092-067a592d070c: Sackin index -0.1367; 17.8 s; peak memory 306 MiB.
2026-10-10T09:36:42Z INFO [107/750] 910abe21-6f1a-4d43-a507-adcf3d0bb415: Sackin index -0.1349; 0.7 s; peak memory 306 MiB.
2026-10-10T09:36:42Z INFO [108/750] 910b36ff-c45c-4575-a13e-f4c8776673bd: Sackin index -0.1349; 0.7 s; peak memory 306 MiB.
2026-10-10T09:36:44Z INFO [109/750] 910b675b-a1b3-403c-8007-11b5ac24b5dd: Sackin index -0.0369; 1.6 s; peak memory 306 MiB.
2026-10-10T09:36:45Z INFO [110/750] 910b8b39-260a-4ceb-96ef-fe2372448567: Sackin index -0.0735; 0.9 s; peak memory 306 MiB.
2026-10-10T09:36:46Z INFO [111/750] 910b9998-eff8-4edf-99c3-c26a539b4081: Sackin index -0.0369; 1.3 s; peak memory 306 MiB.
2026-10-10T09:36:47Z INFO [112/750] 910d462d-f89f-47bc-a74b-ce14a1a6d418: Sackin index -0.0709; 0.7 s; peak memory 306 MiB.
2026-10-10T09:36:50Z INFO [113/750] 91113988-f749-4162-99f1-ce129065c2d0: Sackin index -0.0231; 3.4 s; peak memory 306 MiB.
2026-10-10T09:36:51Z INFO [114/750] 9111c04e-2434-4d8e-b4ae-ecf60e26d622: Sackin index -0.1349; 0.7 s; peak memory 306 MiB.
2026-10-10T09:36:52Z INFO [115/750] 9112008c-6e9d-44c6-a96e-9475315cf1b1: Sackin index -0.0702; 0.8 s; peak memory 306 MiB.
2026-10-10T09:36:52Z INFO [116/750] 9112259b-fcab-4b43-bd20-f463dfaca55e: Sackin index -0.0696; 0.7 s; peak memory 306 MiB.
2026-10-10T09:36:53Z INFO [117/750] 9112c09b-c966-4754-853f-9f5ed85c390d: Sackin index -0.2073; 0.7 s; peak memory 306 MiB.
2026-10-10T09:36:54Z INFO [118/750] 9112d61b-9a86-4582-befd-12bd2c59bdfc: Sackin index -0.0702; 0.8 s; peak memory 306 MiB.
2026-10-10T09:36:57Z INFO [119/750] 9112d9d1-fc5e-4889-8c1e-f1a2461fafe6: Sackin index -0.0403; 2.8 s; peak memory 306 MiB.
2026-10-10T09:36:57Z INFO [120/750] 9113b2a1-0053-4ee8-bc07-a3434ecde9ea: Sackin index -0.1349; 0.7 s; peak memory 306 MiB.
2026-10-10T09:36:58Z INFO [121/750] 9113e3ff-e1a7-4745-abce-02d45bd57aad: Sackin index -0.0381; 0.8 s; peak memory 306 MiB.
2026-10-10T09:36:59Z INFO [122/750] 9114be31-d2e8-4465-af5c-ccdc3399ea76: Sackin index -0.1161; 0.6 s; peak memory 306 MiB.
2026-10-10T09:37:03Z INFO [123/750] 91156ff1-5c99-49ca-b50b-16e662457eec: Sackin index -0.0308; 4.6 s; peak memory 306 MiB.
2026-10-10T09:37:04Z INFO [124/750] 9115a90c-248e-402d-bcaa-e7f0fb2394f8: Sackin index -0.0696; 0.8 s; peak memory 306 MiB.
2026-10-10T09:37:05Z INFO [125/750] 9115dde6-f8a7-4410-9b6a-64fa860ce8f7: Sackin index -0.0369; 1.2 s; peak memory 306 MiB.
2026-10-10T09:37:06Z INFO [126/750] 9115eb9f-899d-4480-9bd0-be6db617a5cd: Sackin index -0.0728; 1.0 s; peak memory 306 MiB.
2026-10-10T09:37:07Z INFO [127/750] 9115fb62-325d-4dcc-a7a2-69bb30da0da2: Sackin index -0.0702; 0.9 s; peak memory 306 MiB.
2026-10-10T09:37:08Z INFO [128/750] 9116af30-a6e0-438d-a95e-a3cf07aa0257: Sackin index -0.0746; 0.9 s; peak memory 306 MiB.
2026-10-10T09:37:09Z INFO [129/750] 91171d03-459c-405f-8329-b1f559f9ac7b: Sackin index -0.0702; 0.7 s; peak memory 306 MiB.
2026-10-10T09:37:09Z INFO [130/750] 911729f9-d034-4051-88d1-c62fea7979e9: Sackin index -0.1349; 0.6 s; peak memory 306 MiB.
2026-10-10T09:37:18Z INFO [131/750] 911751c7-80c5-4bbf-8b88-461007ee8850: Sackin index -0.0120; 8.4 s; peak memory 306 MiB.
2026-10-10T09:37:18Z INFO [132/750] 91178c89-28b3-4f63-a0e4-fcd1345fe0e0: Sackin index -0.1349; 0.6 s; peak memory 306 MiB.
2026-10-10T09:37:19Z INFO [133/750] 91182fc9-dd1a-4e61-8c4a-357f36d882e7: Sackin index -0.0702; 0.7 s; peak memory 306 MiB.
2026-10-10T09:37:20Z INFO [134/750] 911836f5-44b7-43bc-837e-378fefca969c: Sackin index -0.1349; 0.8 s; peak memory 306 MiB.
2026-10-10T09:37:20Z INFO [135/750] 91191685-44f5-4824-b5e7-195a75efcac7: Sackin index -0.1248; 0.7 s; peak memory 306 MiB.
2026-10-10T09:37:22Z INFO [136/750] 911961c1-ff87-485d-819c-ac5f6aeb0ecf: Sackin index -0.0728; 1.1 s; peak memory 306 MiB.
2026-10-10T09:37:22Z INFO [137/750] 91198353-6cc3-4a7e-8b0e-0bee504d21f3: Sackin index -0.1349; 0.7 s; peak memory 306 MiB.
2026-10-10T09:37:59Z INFO [138/750] 9119e04a-f2bd-47ac-8ce4-d8d226145932: Sackin index -0.0014; 37.1 s; peak memory 473 MiB.
2026-10-10T09:38:00Z INFO [139/750] 911a417e-55e4-45b6-951f-416f0662b922: Sackin index -0.0702; 0.8 s; peak memory 473 MiB.
2026-10-10T09:38:01Z INFO [140/750] 911b93d0-f42b-4300-bbfd-1e8121be6eee: Sackin index -0.1349; 0.7 s; peak memory 473 MiB.
2026-10-10T09:38:01Z INFO [141/750] 911c6c82-3f8b-43ad-963a-828507761164: Sackin index -0.2168; 0.5 s; peak memory 473 MiB.
2026-10-10T09:38:02Z INFO [142/750] 911cc93d-a22c-41f2-994f-c6697a69cff4: Sackin index -0.0696; 0.8 s; peak memory 473 MiB.
2026-10-10T09:38:03Z INFO [143/750] 911d5b4c-877d-4d4a-a7f2-5baf831c4d17: Sackin index -0.0728; 0.8 s; peak memory 473 MiB.
2026-10-10T09:38:04Z INFO [144/750] 911dc268-5937-4f7a-97cd-aca38e829fa8: Sackin index -0.0728; 0.9 s; peak memory 473 MiB.
2026-10-10T09:38:05Z INFO [145/750] 911e0ec0-6125-4eae-b78d-9f7235174fb0: Sackin index -0.1390; 0.7 s; peak memory 473 MiB.
2026-10-10T09:38:05Z INFO [146/750] 911e79a6-45ec-4008-956e-eb57be7b6af5: Sackin index -0.1349; 0.7 s; peak memory 473 MiB.
2026-10-10T09:38:06Z INFO [147/750] 911efd85-f59e-485e-b7ee-00477b71f0fb: Sackin index -0.1349; 0.7 s; peak memory 473 MiB.
2026-10-10T09:38:14Z INFO [148/750] 911f257f-b4c9-4ea3-b339-1a714605d4d6: Sackin index -0.0185; 7.6 s; peak memory 473 MiB.
2026-10-10T09:38:14Z INFO [149/750] 911f2aa2-3fa4-4c95-b22a-968690978c83: Sackin index -0.1408; 0.8 s; peak memory 473 MiB.
2026-10-10T09:38:16Z INFO [150/750] 9120ab3b-c327-447a-b910-6232673e0ece: Sackin index -0.0272; 1.2 s; peak memory 473 MiB.
2026-10-10T09:38:16Z INFO [150/750] 9120ab3b-c327-447a-b910-6232673e0ece: checkpointed 116986 new records.
2026-10-10T09:38:17Z INFO [151/750] 9122994a-7f79-4ad2-a2ab-73a1c6e3c6e3: Sackin index -0.0702; 0.7 s; peak memory 473 MiB.
2026-10-10T09:38:18Z INFO [152/750] 9122ae48-423c-4096-879b-0c3d5a72e281: Sackin index -0.0379; 0.9 s; peak memory 473 MiB.
2026-10-10T09:38:18Z INFO [153/750] 91233bbd-765d-4cad-8829-2a377613eb7a: Sackin index -0.1349; 0.5 s; peak memory 473 MiB.
2026-10-10T09:38:19Z INFO [154/750] 912356ad-c440-40ca-b78e-bd7057f1463e: Sackin index -0.1178; 0.5 s; peak memory 473 MiB.
2026-10-10T09:38:20Z INFO [155/750] 91238b84-dc54-4af3-85e1-21726b75d0d4: Sackin index -0.0275; 1.0 s; peak memory 473 MiB.
2026-10-10T09:38:20Z INFO [156/750] 91241d25-7097-450c-a556-a59ec7aa1a9e: Sackin index -0.1349; 0.6 s; peak memory 473 MiB.
2026-10-10T09:38:21Z INFO [157/750] 9124a5d0-f322-4162-bcbf-a431f701b487: Sackin index -0.1120; 0.5 s; peak memory 473 MiB.
2026-10-10T09:38:21Z INFO [158/750] 91267991-ed4b-41e5-886e-6c2642bde739: Sackin index -0.1349; 0.6 s; peak memory 473 MiB.
2026-10-10T09:38:22Z INFO [159/750] 912783e6-6edd-4ba8-8970-39b1c1d8abed: Sackin index -0.1349; 0.7 s; peak memory 473 MiB.
2026-10-10T09:38:31Z INFO [160/750] 9128b279-5d4e-4a12-8e17-4264e2bae4fe: Sackin index -0.1462; 9.3 s; peak memory 473 MiB.
2026-10-10T09:38:32Z INFO [161/750] 9128de69-98bd-4f6a-8fdb-cec988993b39: Sackin index -0.1349; 0.6 s; peak memory 473 MiB.
2026-10-10T09:38:33Z INFO [162/750] 912900d9-d41c-4c3f-96c7-475f4c12f8cd: Sackin index -0.0696; 0.7 s; peak memory 473 MiB.
2026-10-10T09:38:33Z INFO [163/750] 91295f2e-8c01-43b7-aee2-d4a58c46f15b: Sackin index -0.1380; 0.8 s; peak memory 473 MiB.
2026-10-10T09:38:34Z INFO [164/750] 9129c7be-a095-46da-8999-6467c6f2a552: Sackin index -0.0696; 0.9 s; peak memory 473 MiB.
2026-10-10T09:38:35Z INFO [165/750] 9129dfd1-bc0e-4f7c-afd6-2a838a7ca91a: Sackin index -0.1248; 0.6 s; peak memory 473 MiB.
2026-10-10T09:38:36Z INFO [166/750] 912a1987-e279-4adc-bee7-ecb79c454d09: Sackin index -0.0715; 0.7 s; peak memory 473 MiB.
2026-10-10T09:38:44Z INFO [167/750] 912a4edf-4733-49c8-b45e-710c15f0a770: Sackin index -0.0128; 8.1 s; peak memory 473 MiB.
2026-10-10T09:38:47Z INFO [168/750] 912b0b56-6dc4-4ae7-9e2c-19d108038d1f: Sackin index -0.0383; 3.2 s; peak memory 473 MiB.
2026-10-10T09:38:48Z INFO [169/750] 912b2367-bbd7-4c7d-b642-896083fbc2a0: Sackin index -0.1349; 0.7 s; peak memory 473 MiB.
2026-10-10T09:38:48Z INFO [170/750] 912c204c-cce4-43c4-8e88-083aa962869a: Sackin index -0.1178; 0.5 s; peak memory 473 MiB.
2026-10-10T09:38:51Z INFO [171/750] 912c5600-f131-4ec1-b737-a4616aa1c969: Sackin index -0.0403; 3.1 s; peak memory 473 MiB.
2026-10-10T09:38:52Z INFO [172/750] 912ce3b5-fe10-4c55-a09a-f93f5d293e17: Sackin index -0.0728; 0.9 s; peak memory 473 MiB.
2026-10-10T09:38:53Z INFO [173/750] 912d1f2a-b4d0-4132-9cd0-e447e8671c2b: Sackin index -0.0696; 0.8 s; peak memory 473 MiB.
2026-10-10T09:38:57Z INFO [174/750] 912d48d4-6ba8-4f17-b6d4-b2db62c28b10: Sackin index -0.0476; 3.8 s; peak memory 473 MiB.
2026-10-10T09:38:58Z INFO [175/750] 912d95a3-8b3c-49c8-ad60-b3e75c7ca454: Sackin index -0.0379; 0.8 s; peak memory 473 MiB.
2026-10-10T09:38:59Z INFO [176/750] 912e0a69-0127-4677-b546-b0a557fb4e5a: Sackin index -0.0728; 1.1 s; peak memory 473 MiB.
2026-10-10T09:38:59Z INFO [177/750] 912e0bb1-0ab2-426e-90aa-a97dae6cfdc4: Sackin index -0.0375; 0.7 s; peak memory 473 MiB.
2026-10-10T09:39:00Z INFO [178/750] 912ee4a4-58dc-4d41-a871-22cde1e8315c: Sackin index -0.0380; 0.8 s; peak memory 473 MiB.
2026-10-10T09:39:01Z INFO [179/750] 912f7adc-b851-4383-badf-ba01e2e28b41: Sackin index -0.3646; 0.5 s; peak memory 473 MiB.
2026-10-10T09:39:01Z INFO [180/750] 913044c0-c399-4645-977a-4f67c7c3e430: Sackin index -0.1658; 0.5 s; peak memory 473 MiB.
2026-10-10T09:39:02Z INFO [181/750] 9130ac55-649e-4d7b-8fcb-434f80c3c4e6: Sackin index -0.1429; 0.6 s; peak memory 473 MiB.
2026-10-10T09:39:02Z INFO [182/750] 9130c08e-54e0-46ef-99c4-aa375be86281: Sackin index -0.0732; 0.5 s; peak memory 473 MiB.
2026-10-10T09:39:03Z INFO [183/750] 91314a12-7af3-4f31-a5f6-96d5ca6d8424: Sackin index -0.1349; 0.7 s; peak memory 473 MiB.
2026-10-10T09:39:04Z INFO [184/750] 913306b1-0fb3-4ebb-a1b9-3982277f8239: Sackin index -0.0728; 1.1 s; peak memory 473 MiB.
2026-10-10T09:39:05Z INFO [185/750] 9133ff18-34b2-4280-864d-563d18ae8adc: Sackin index -0.0702; 0.6 s; peak memory 473 MiB.
2026-10-10T09:39:05Z INFO [186/750] 9134a7d2-93e7-412a-9141-75110d95f8d4: Sackin index -0.1349; 0.7 s; peak memory 473 MiB.
2026-10-10T09:39:07Z INFO [187/750] 9134e98f-bc1d-40f5-8a3e-9b6e81e8e310: Sackin index -0.0694; 1.8 s; peak memory 473 MiB.
2026-10-10T09:39:08Z INFO [188/750] 9134fd32-c4b4-4ab1-8b29-c591227d331b: Sackin index -0.1349; 0.6 s; peak memory 473 MiB.
2026-10-10T09:39:12Z INFO [189/750] 9136a440-dfac-48a7-9f22-a50f231fadd8: Sackin index -0.0512; 4.2 s; peak memory 473 MiB.
2026-10-10T09:39:13Z INFO [190/750] 91370a24-b7f0-4260-a882-bd9d818b29af: Sackin index -0.1349; 0.6 s; peak memory 473 MiB.
2026-10-10T09:39:13Z INFO [191/750] 9137f597-3752-444b-a2eb-66185135f272: Sackin index -0.0956; 0.8 s; peak memory 473 MiB.
2026-10-10T09:39:15Z INFO [192/750] 91381a5c-742b-4d92-b5cb-5172adf78e40: Sackin index -0.0660; 1.8 s; peak memory 473 MiB.
2026-10-10T09:39:16Z INFO [193/750] 9138f1d0-68cf-4d6a-8197-c3bab18ae7dc: Sackin index -0.1178; 0.5 s; peak memory 473 MiB.
2026-10-10T09:39:22Z INFO [194/750] 9139b0d4-a097-462a-837a-98fab12c2100: Sackin index -0.0288; 6.2 s; peak memory 473 MiB.
2026-10-10T09:39:24Z INFO [195/750] 913aaa7b-a76d-4ca1-be4f-b42ceb33f266: Sackin index -0.0660; 1.9 s; peak memory 473 MiB.
2026-10-10T09:39:25Z INFO [196/750] 913b5073-630b-4688-94f4-4f85a4200fdd: Sackin index -0.0732; 0.7 s; peak memory 473 MiB.
2026-10-10T09:39:25Z INFO [197/750] 913b52bc-33f1-4e83-aeec-17404103cd43: Sackin index -0.0696; 0.7 s; peak memory 473 MiB.
2026-10-10T09:39:26Z INFO [198/750] 913d093d-c821-4b63-9bb1-f257edceac1b: Sackin index -0.1269; 1.0 s; peak memory 473 MiB.
2026-10-10T09:39:29Z INFO [199/750] 913da865-e6ac-434d-84f6-a1ae2f22bf8c: Sackin index -0.0270; 2.5 s; peak memory 473 MiB.
2026-10-10T09:39:30Z INFO [200/750] 913e4795-d386-4816-a3f2-f83a8f18ae4e: Sackin index -0.0728; 1.2 s; peak memory 473 MiB.
2026-10-10T09:39:30Z INFO [200/750] 913e4795-d386-4816-a3f2-f83a8f18ae4e: checkpointed 117036 new records.
2026-10-10T09:39:31Z INFO [201/750] 913ead8d-a6cc-45d2-9243-56e4900bb90d: Sackin index -0.0656; 0.7 s; peak memory 473 MiB.
2026-10-10T09:39:32Z INFO [202/750] 913ebc3c-310d-40c9-a62c-d4abab9feaf6: Sackin index -0.1349; 0.8 s; peak memory 473 MiB.
2026-10-10T09:39:33Z INFO [203/750] 913f72f5-c608-45a5-960d-bb7c5932202d: Sackin index -0.0630; 1.8 s; peak memory 473 MiB.
2026-10-10T09:39:34Z INFO [204/750] 91419026-6042-4933-8a50-1ee9f7fa3ee8: Sackin index -0.1658; 0.5 s; peak memory 473 MiB.
2026-10-10T09:39:35Z INFO [205/750] 914276de-f9c2-4736-9884-ffe925c8833e: Sackin index -0.0379; 1.1 s; peak memory 473 MiB.
2026-10-10T09:39:44Z INFO [206/750] 914351d9-774c-48ab-bfdd-42b2e43e82ea: Sackin index -0.0228; 8.7 s; peak memory 473 MiB.
2026-10-10T09:39:46Z INFO [207/750] 9143765a-065f-4018-9477-3c4e5ae16ff4: Sackin index -0.0797; 1.8 s; peak memory 473 MiB.
2026-10-10T09:39:52Z INFO [208/750] 9143d22b-d997-41fa-b592-e4bfce57d075: Sackin index -0.0017; 6.6 s; peak memory 473 MiB.
2026-10-10T09:39:53Z INFO [209/750] 91457b73-b9fb-48be-9e38-a26490eea083: Sackin index -0.1349; 0.7 s; peak memory 473 MiB.
2026-10-10T09:39:54Z INFO [210/750] 91460934-ed32-4a5b-a2e6-b20aafd21c3a: Sackin index -0.0728; 1.0 s; peak memory 473 MiB.
2026-10-10T09:39:55Z INFO [211/750] 91467a6e-4f4d-4402-93c6-a8ae841a9813: Sackin index -0.0778; 0.9 s; peak memory 473 MiB.
2026-10-10T09:39:55Z INFO [212/750] 9146e18b-a3a4-44dc-b958-a6db427186dc: Sackin index -0.0376; 0.7 s; peak memory 473 MiB.
2026-10-10T09:39:56Z INFO [213/750] 9149b230-12b3-4730-a5ba-00ffa31a620a: Sackin index -0.1349; 0.7 s; peak memory 473 MiB.
2026-10-10T09:39:57Z INFO [214/750] 9149fd44-635c-450d-84fc-2b2228aba4c3: Sackin index -0.1349; 0.7 s; peak memory 473 MiB.
2026-10-10T09:39:59Z INFO [215/750] 914a7ce0-5f76-4cde-8f63-1e2f53a69700: Sackin index -0.0704; 2.0 s; peak memory 473 MiB.
2026-10-10T09:39:59Z INFO [216/750] 914afab2-8ce5-4dc4-b456-686adaa89578: Sackin index -0.1349; 0.7 s; peak memory 473 MiB.
2026-10-10T10:03:26Z INFO [217/750] 914ba141-e845-4b60-9836-a48f4616c716: Sackin index -0.0451; 1406.7 s; peak memory 1233 MiB.
2026-10-10T10:03:27Z INFO [218/750] 914c276e-fd9a-4987-b411-bce27bf23b34: Sackin index -0.0386; 0.8 s; peak memory 1233 MiB.
2026-10-10T10:03:28Z INFO [219/750] 914ca9b7-0d51-4bba-8f6b-569e2a8bcfbd: Sackin index -0.0676; 1.3 s; peak memory 1233 MiB.
2026-10-10T10:03:37Z INFO [220/750] 914d7ce2-45c8-43c6-b504-85593c4ac0f9: Sackin index -0.0177; 9.0 s; peak memory 1233 MiB.
2026-10-10T10:03:38Z INFO [221/750] 914d7dfc-9f61-437f-82a7-8f8ab9747cb3: Sackin index -0.1658; 0.5 s; peak memory 1233 MiB.
2026-10-10T10:03:39Z INFO [222/750] 914d94c1-1dc0-4ef3-968b-a607a25e8b68: Sackin index -0.0388; 0.8 s; peak memory 1233 MiB.
2026-10-10T10:03:40Z INFO [223/750] 914de08c-8327-49cd-a553-e4df724f4439: Sackin index -0.0660; 1.9 s; peak memory 1233 MiB.
2026-10-10T10:03:44Z INFO [224/750] 914df3ee-a40a-47f1-afac-407e0537f6b9: Sackin index -0.0251; 3.9 s; peak memory 1233 MiB.
2026-10-10T10:03:46Z INFO [225/750] 91508fcb-5fec-4bf9-996c-3e34841eba58: Sackin index -0.0579; 1.7 s; peak memory 1233 MiB.
2026-10-10T10:03:47Z INFO [226/750] 9150c472-20c0-4d46-82aa-d66bac974a89: Sackin index -0.0375; 1.1 s; peak memory 1233 MiB.
2026-10-10T10:03:48Z INFO [227/750] 9150ed4a-28c5-436b-9f27-39d9ed039ad7: Sackin index -0.0746; 1.1 s; peak memory 1233 MiB.
2026-10-10T10:03:50Z INFO [228/750] 9150ee80-56f3-44f6-9a33-04dd3b0eb275: Sackin index -0.0660; 2.0 s; peak memory 1233 MiB.
2026-10-10T10:03:51Z INFO [229/750] 9151d207-0c24-49a5-bffe-c1ccc8859d09: Sackin index -0.1461; 0.7 s; peak memory 1233 MiB.
2026-10-10T10:03:51Z INFO [230/750] 9152395a-100a-425f-b813-17f5e93213d7: Sackin index -0.1303; 0.5 s; peak memory 1233 MiB.
2026-10-10T10:03:52Z INFO [231/750] 9152c092-50ac-4cbc-921a-dbedd907d566: Sackin index -0.1349; 0.7 s; peak memory 1233 MiB.
2026-10-10T10:03:53Z INFO [232/750] 9152dd58-f6d8-47a1-91ee-b985d611b251: Sackin index -0.0376; 0.9 s; peak memory 1233 MiB.
2026-10-10T10:04:02Z INFO [233/750] 915386d2-481c-4c5f-af08-0808daf053f8: Sackin index -0.0173; 8.7 s; peak memory 1233 MiB.
2026-10-10T10:04:03Z INFO [234/750] 9153921a-4e98-4662-9205-bcc003b8132e: Sackin index -0.0702; 0.9 s; peak memory 1233 MiB.
2026-10-10T10:04:07Z INFO [235/750] 91539b39-4f33-4042-b8c3-8b71b1b2dbbc: Sackin index -0.0244; 4.0 s; peak memory 1233 MiB.
2026-10-10T10:04:07Z INFO [236/750] 9153c283-2cce-4342-a62b-4925141f1d00: Sackin index -0.1248; 0.8 s; peak memory 1233 MiB.
2026-10-10T10:04:08Z INFO [237/750] 9153caac-e08f-4bdc-a053-b51a3faeca57: Sackin index -0.1019; 1.0 s; peak memory 1233 MiB.
2026-10-10T10:04:09Z INFO [238/750] 9153ef03-bc40-4cb6-8d59-ac87b6ec1065: Sackin index -0.0728; 1.0 s; peak memory 1233 MiB.
2026-10-10T10:04:10Z INFO [239/750] 91554af2-4a81-4b64-a29e-2379389f1af7: Sackin index -0.1191; 0.6 s; peak memory 1233 MiB.
2026-10-10T10:04:11Z INFO [240/750] 9155c09e-fd07-413c-94da-336cdde98fec: Sackin index -0.1000; 1.0 s; peak memory 1233 MiB.
2026-10-10T10:04:30Z INFO [241/750] 915779ea-43d4-4913-bac1-eaa308b28983: Sackin index -0.1367; 19.1 s; peak memory 1233 MiB.
2026-10-10T10:04:34Z INFO [242/750] 915785a6-5f86-4468-8e9c-f066e9e28632: Sackin index -0.0415; 3.5 s; peak memory 1233 MiB.
2026-10-10T10:04:34Z INFO [243/750] 9157bfe8-47cd-4d92-8d9c-2fc7b4a5b0af: Sackin index -0.0956; 0.7 s; peak memory 1233 MiB.
2026-10-10T10:04:35Z INFO [244/750] 9157eabd-0308-48af-acf8-3442773fae8d: Sackin index -0.1349; 0.9 s; peak memory 1233 MiB.
2026-10-10T10:04:37Z INFO [245/750] 91587bf6-dbfa-47c6-b22a-151b7f7c5758: Sackin index -0.0704; 1.6 s; peak memory 1233 MiB.
2026-10-10T10:04:38Z INFO [246/750] 91589d11-ec69-4dbd-8e59-c845e656d130: Sackin index -0.1349; 0.7 s; peak memory 1233 MiB.
2026-10-10T10:04:39Z INFO [247/750] 91594b6d-9e43-41eb-b04d-9e6327d8e922: Sackin index -0.0579; 1.6 s; peak memory 1233 MiB.
2026-10-10T10:04:41Z INFO [248/750] 91594f80-78e3-4daf-bab5-7e965b1f66a5: Sackin index -0.0660; 1.9 s; peak memory 1233 MiB.
2026-10-10T10:04:44Z INFO [249/750] 91598b2b-cb9b-4f21-864a-27dff33dfab6: Sackin index -0.0403; 2.9 s; peak memory 1233 MiB.
2026-10-10T10:04:45Z INFO [250/750] 915a9858-0c61-445d-9d44-983565dbee65: Sackin index -0.0728; 0.9 s; peak memory 1233 MiB.
2026-10-10T10:04:45Z INFO [250/750] 915a9858-0c61-445d-9d44-983565dbee65: checkpointed 117086 new records.
2026-10-10T10:04:46Z INFO [251/750] 915ad4c7-c2d1-4ff8-9630-97a4b37b754f: Sackin index -0.1062; 0.9 s; peak memory 1233 MiB.
2026-10-10T10:04:47Z INFO [252/750] 915b3882-9fd4-49bf-9d94-024d5d5546cd: Sackin index -0.1273; 1.1 s; peak memory 1233 MiB.
2026-10-10T10:04:48Z INFO [253/750] 915bccdb-cab5-4b8c-9d4d-c292c9c81464: Sackin index -0.1349; 0.6 s; peak memory 1233 MiB.
2026-10-10T10:04:48Z INFO [254/750] 915c18a2-6133-474b-a9d0-49aca7beb470: Sackin index -0.1349; 0.6 s; peak memory 1233 MiB.
2026-10-10T10:04:56Z INFO [255/750] 915c897d-2c00-48ee-bc77-12018961210c: Sackin index -0.0783; 8.0 s; peak memory 1233 MiB.
2026-10-10T10:04:57Z INFO [256/750] 915cd1e8-48c4-4d97-a37d-a6d74e4b3348: Sackin index -0.0375; 1.0 s; peak memory 1233 MiB.
2026-10-10T10:04:58Z INFO [257/750] 915ce35b-874b-437f-ab6c-7a735ffabcab: Sackin index -0.0702; 0.8 s; peak memory 1233 MiB.
2026-10-10T10:04:59Z INFO [258/750] 915d3212-6c68-42f2-b4dc-0ad3429afc90: Sackin index -0.0881; 0.6 s; peak memory 1233 MiB.
2026-10-10T10:05:00Z INFO [259/750] 915da3a2-b47c-412f-b61b-bbb467d522af: Sackin index -0.0379; 1.0 s; peak memory 1233 MiB.
2026-10-10T10:05:00Z INFO [260/750] 915da3ca-bd36-49d4-91ce-ad5d044df8d7: Sackin index -0.1331; 0.5 s; peak memory 1233 MiB.
2026-10-10T10:05:01Z INFO [261/750] 915db093-b0cf-46bd-b490-05b240ee58ef: Sackin index -0.1303; 0.5 s; peak memory 1233 MiB.
2026-10-10T10:05:02Z INFO [262/750] 915e6828-93f4-4fb7-8342-8b5a36a12009: Sackin index -0.0728; 0.8 s; peak memory 1233 MiB.
2026-10-10T10:05:03Z INFO [263/750] 915f9be4-5522-4c7e-a960-c2918ea01fa3: Sackin index -0.0709; 0.9 s; peak memory 1233 MiB.
2026-10-10T10:05:03Z INFO [264/750] 915fbfd8-3e68-45cc-a97d-2c9faa8707cb: Sackin index -0.1248; 0.7 s; peak memory 1233 MiB.
2026-10-10T10:05:04Z INFO [265/750] 915fca84-3d06-404f-93f4-506c6f5d2f5b: Sackin index -0.1248; 0.8 s; peak memory 1233 MiB.
2026-10-10T10:05:05Z INFO [266/750] 916032f3-d713-4ab0-b674-82e7bb8af546: Sackin index -0.1349; 0.8 s; peak memory 1233 MiB.
2026-10-10T10:05:08Z INFO [267/750] 91608cbf-ffea-416d-a533-e4304adfbbcc: Sackin index -0.0611; 3.0 s; peak memory 1233 MiB.
2026-10-10T10:05:08Z INFO [268/750] 9160e0f2-b18c-417b-b127-ae7be0d42270: Sackin index -0.1448; 0.6 s; peak memory 1233 MiB.
2026-10-10T10:05:09Z INFO [269/750] 9160e3a1-1d9e-4650-b311-8ceba8afcffa: Sackin index -0.0377; 0.9 s; peak memory 1233 MiB.
2026-10-10T10:05:19Z INFO [270/750] 91610570-2b56-4e06-82fb-57d432453248: Sackin index -0.0160; 9.2 s; peak memory 1233 MiB.
2026-10-10T10:05:20Z INFO [271/750] 916124cc-3021-471e-8aef-0f5b33a868a1: Sackin index -0.0745; 1.2 s; peak memory 1233 MiB.
2026-10-10T10:05:21Z INFO [272/750] 91618b96-aef3-436c-b655-b1cfc6d4319a: Sackin index -0.0702; 0.9 s; peak memory 1233 MiB.
2026-10-10T10:05:21Z INFO [273/750] 91625435-5447-448e-aa48-ac23ab733688: Sackin index -0.1466; 0.7 s; peak memory 1233 MiB.
2026-10-10T10:05:22Z INFO [274/750] 91625f50-fb10-4636-a388-c903d118b65e: Sackin index -0.1349; 0.9 s; peak memory 1233 MiB.
2026-10-10T10:05:23Z INFO [275/750] 916341db-ec52-4d8e-900d-55801e912d6c: Sackin index -0.1161; 0.5 s; peak memory 1233 MiB.
2026-10-10T10:05:25Z INFO [276/750] 9163595a-9519-463f-8618-07a651c009cb: Sackin index -0.0686; 1.8 s; peak memory 1233 MiB.
2026-10-10T10:05:36Z INFO [277/750] 91636b59-5a84-453e-a4ca-7c318a6550aa: Sackin index -0.0158; 11.5 s; peak memory 1233 MiB.
2026-10-10T10:05:40Z INFO [278/750] 91637694-d7f4-48a9-877f-9b93a8827f0d: Sackin index -0.0234; 3.7 s; peak memory 1233 MiB.
2026-10-10T10:05:41Z INFO [279/750] 916407ad-3351-45c8-a0c3-c2fea26eebb6: Sackin index -0.0702; 0.8 s; peak memory 1233 MiB.
2026-10-10T10:05:41Z INFO [280/750] 91643a66-5217-45b2-927a-fe204ea05526: Sackin index -0.0881; 0.8 s; peak memory 1233 MiB.
2026-10-10T10:05:45Z INFO [281/750] 91644bba-8ddf-42a2-904d-90647fd9bb4f: Sackin index -0.0403; 4.0 s; peak memory 1233 MiB.
2026-10-10T10:05:54Z INFO [282/750] 91645376-7c8c-4d3d-925a-6c5cbcadcd89: Sackin index -0.1310; 8.6 s; peak memory 1233 MiB.
2026-10-10T10:05:55Z INFO [283/750] 9164f46c-78ef-4d81-8379-1dcad6ae9b5b: Sackin index -0.0709; 0.9 s; peak memory 1233 MiB.
2026-10-10T10:05:56Z INFO [284/750] 91655ec2-c8c5-4c30-97ee-25d9a5fd2bef: Sackin index -0.1349; 0.7 s; peak memory 1233 MiB.
2026-10-10T10:05:56Z INFO [285/750] 91658004-c37e-473b-bde5-c9dd1ae44cb4: Sackin index -0.0702; 0.7 s; peak memory 1233 MiB.
2026-10-10T10:06:02Z INFO [286/750] 9165d855-adc8-48af-a4c6-b0ef245c8e13: Sackin index -0.0041; 5.6 s; peak memory 1233 MiB.
2026-10-10T10:06:02Z INFO [287/750] 9166de46-1ccc-40db-8316-242c8203e848: Sackin index -0.1658; 0.5 s; peak memory 1233 MiB.
2026-10-10T10:06:03Z INFO [288/750] 91688daf-01e7-4908-ae00-8bc3dfd0177a: Sackin index -0.0728; 0.9 s; peak memory 1233 MiB.
2026-10-10T10:08:00Z INFO [289/750] 91696241-73c0-42cd-96e2-e8f8e00237a3: Sackin index -0.0456; 116.9 s; peak memory 1233 MiB.
2026-10-10T10:08:02Z INFO [290/750] 916991b8-22e8-4a44-acef-40adb47a241b: Sackin index -0.0409; 1.5 s; peak memory 1233 MiB.
2026-10-10T10:08:02Z INFO [291/750] 916a02a2-0ef9-416d-95b8-b929932cb58e: Sackin index -0.2147; 0.6 s; peak memory 1233 MiB.
2026-10-10T10:08:10Z INFO [292/750] 916a03cd-f808-48b7-b59d-6d646097ab2f: Sackin index -0.0151; 7.8 s; peak memory 1233 MiB.
2026-10-10T10:08:12Z INFO [293/750] 916a2de8-27d9-4512-ac7b-f54d067c5a51: Sackin index -0.0797; 2.3 s; peak memory 1233 MiB.
2026-10-10T10:08:13Z INFO [294/750] 916a6b45-a680-488e-86b5-99406a8fec42: Sackin index -0.1349; 0.8 s; peak memory 1233 MiB.
2026-10-10T10:08:15Z INFO [295/750] 916b149d-8de5-405f-b521-68311985a2f6: Sackin index -0.0369; 1.6 s; peak memory 1233 MiB.
2026-10-10T10:08:15Z INFO [296/750] 916b2f7d-c279-4e90-a74d-dd7014964ff3: Sackin index -0.0720; 0.6 s; peak memory 1233 MiB.
2026-10-10T10:08:16Z INFO [297/750] 916b73dd-5db4-4e7b-95c2-68d2e95528a3: Sackin index -0.1349; 0.8 s; peak memory 1233 MiB.
2026-10-10T10:08:17Z INFO [298/750] 916c683b-2d95-45b2-859e-6725951a9053: Sackin index -0.1349; 0.7 s; peak memory 1233 MiB.
2026-10-10T10:08:19Z INFO [299/750] 916ce1a8-11d1-4a08-afee-358cd2d9048d: Sackin index -0.0699; 1.7 s; peak memory 1233 MiB.
2026-10-10T10:08:20Z INFO [300/750] 916d003c-18a6-4d6a-8bda-53fc06c6a8b6: Sackin index -0.0728; 1.3 s; peak memory 1233 MiB.
2026-10-10T10:08:20Z INFO [300/750] 916d003c-18a6-4d6a-8bda-53fc06c6a8b6: checkpointed 117136 new records.
2026-10-10T10:08:22Z INFO [301/750] 916d3942-4aac-4d0e-a229-9d567962451c: Sackin index -0.0375; 1.3 s; peak memory 1233 MiB.
2026-10-10T10:08:22Z INFO [302/750] 916d6d86-572b-4c2d-867e-fb1dc522b326: Sackin index -0.0702; 0.9 s; peak memory 1233 MiB.
2026-10-10T10:08:23Z INFO [303/750] 916e4734-ed95-4606-a952-430189ddd583: Sackin index -0.0702; 0.9 s; peak memory 1233 MiB.
2026-10-10T10:08:24Z INFO [304/750] 916ef5e3-b0bf-4a3f-9fed-eec8c0d4da45: Sackin index -0.0745; 1.1 s; peak memory 1233 MiB.
2026-10-10T10:08:25Z INFO [305/750] 9170244d-70b7-41ed-a423-a4116663cc3e: Sackin index -0.0696; 0.7 s; peak memory 1233 MiB.
2026-10-10T10:08:26Z INFO [306/750] 91706c22-a68d-4045-a6d9-6f14048463c5: Sackin index -0.1273; 1.3 s; peak memory 1233 MiB.
2026-10-10T10:08:27Z INFO [307/750] 9170bb2b-ec51-440b-bb7a-9ea622f7370e: Sackin index -0.1602; 0.7 s; peak memory 1233 MiB.
2026-10-10T10:08:36Z INFO [308/750] 9170fb4e-2894-487e-9654-2b325a6526b4: Sackin index -0.1938; 8.5 s; peak memory 1233 MiB.
2026-10-10T10:08:36Z INFO [309/750] 91710bec-ab84-4287-9646-96547e297cc2: Sackin index -0.1248; 0.8 s; peak memory 1233 MiB.
2026-10-10T10:08:37Z INFO [310/750] 91714aca-2433-4496-abf9-6f490f536ed1: Sackin index -0.1349; 0.7 s; peak memory 1233 MiB.
2026-10-10T10:09:41Z INFO [311/750] 9171a022-b766-4e61-bc7a-b35c900bf539: Sackin index -0.1206; 63.6 s; peak memory 1233 MiB.
2026-10-10T10:09:42Z INFO [312/750] 9172dbda-100d-4078-9ce7-7f099ccb125b: Sackin index -0.1152; 1.1 s; peak memory 1233 MiB.
2026-10-10T10:09:44Z INFO [313/750] 9172e652-7719-4990-bbeb-4597d1aedd79: Sackin index -0.0797; 1.9 s; peak memory 1233 MiB.
2026-10-10T10:09:45Z INFO [314/750] 917332d6-770a-4c8d-9920-16ace01e7caa: Sackin index -0.0881; 0.8 s; peak memory 1233 MiB.
2026-10-10T10:09:46Z INFO [315/750] 9173421d-af20-4374-9bd6-9c680fc0df49: Sackin index -0.1273; 1.1 s; peak memory 1233 MiB.
2026-10-10T10:12:56Z INFO [316/750] 91736d90-3c6d-418a-88b0-127d0f6e3240: Sackin index -0.0409; 190.8 s; peak memory 1233 MiB.
2026-10-10T10:12:58Z INFO [317/750] 9173907a-7362-4ae3-9205-77b039c52289: Sackin index -0.0276; 1.3 s; peak memory 1233 MiB.
2026-10-10T10:13:05Z INFO [318/750] 91744240-74d9-4bfc-b05a-baaf7146133e: Sackin index -0.0147; 6.9 s; peak memory 1233 MiB.
2026-10-10T10:13:06Z INFO [319/750] 917449b8-b659-479d-ab1b-75ba6095eb4b: Sackin index -0.0732; 0.8 s; peak memory 1233 MiB.
2026-10-10T10:13:06Z INFO [320/750] 91745f8f-8148-4db1-a4a1-b64e2fba5b3a: Sackin index -0.1349; 0.9 s; peak memory 1233 MiB.
2026-10-10T10:13:12Z INFO [321/750] 91751abb-14b3-40b7-a887-73e0fccf44aa: Sackin index -0.0258; 5.3 s; peak memory 1233 MiB.
2026-10-10T10:13:13Z INFO [322/750] 9175882d-dac6-4351-9a7c-3a11ea304db2: Sackin index -0.0728; 1.0 s; peak memory 1233 MiB.
2026-10-10T10:13:14Z INFO [323/750] 917593e4-f4cd-4e94-8cb2-1d17a40854c2: Sackin index -0.0369; 1.2 s; peak memory 1233 MiB.
2026-10-10T10:13:15Z INFO [324/750] 91763f69-71ae-4d36-8b22-3f4e85ea180e: Sackin index -0.0702; 0.8 s; peak memory 1233 MiB.
2026-10-10T10:13:18Z INFO [325/750] 917680b3-5ddd-48b4-b7d6-dd2a0a34142c: Sackin index -0.0228; 3.6 s; peak memory 1233 MiB.
2026-10-10T10:13:19Z INFO [326/750] 9176a235-7232-4de6-9c72-425a44612d2f: Sackin index -0.1461; 0.7 s; peak memory 1233 MiB.
2026-10-10T10:13:20Z INFO [327/750] 91783a24-10bb-4409-b9ee-030d15d6c0ca: Sackin index -0.1224; 1.4 s; peak memory 1233 MiB.
2026-10-10T10:13:21Z INFO [328/750] 9178801c-fac5-41ac-97a5-b8e38147aa92: Sackin index -0.0702; 0.8 s; peak memory 1233 MiB.
2026-10-10T10:13:23Z INFO [329/750] 9179a2a3-4727-4a21-8515-dfa2522eb0dc: Sackin index -0.0579; 1.7 s; peak memory 1233 MiB.
2026-10-10T10:13:24Z INFO [330/750] 9179f10b-1f15-4295-831e-824c06788510: Sackin index -0.1349; 0.8 s; peak memory 1233 MiB.
2026-10-10T10:13:24Z INFO [331/750] 917af7fe-2c45-4966-b265-0104f07f9d62: Sackin index -0.1331; 0.6 s; peak memory 1233 MiB.
2026-10-10T10:13:26Z INFO [332/750] 917b066e-4cca-44d5-a60f-f7bb612bed10: Sackin index -0.0275; 1.2 s; peak memory 1233 MiB.
2026-10-10T10:13:26Z INFO [333/750] 917c4fcd-7e36-4259-b262-357be94b1d44: Sackin index -0.0702; 0.6 s; peak memory 1233 MiB.
2026-10-10T10:13:27Z INFO [334/750] 917cbf75-d973-45b0-86cb-1a4c8fd80498: Sackin index -0.1349; 0.6 s; peak memory 1233 MiB.
2026-10-10T10:13:27Z INFO [335/750] 917e103c-c97b-4234-b764-2e004a305d5a: Sackin index -0.1120; 0.6 s; peak memory 1233 MiB.
2026-10-10T10:13:28Z INFO [336/750] 917e4365-6d44-44c1-b1c6-116679af03b1: Sackin index -0.1658; 0.6 s; peak memory 1233 MiB.
2026-10-10T10:13:29Z INFO [337/750] 917ed95b-c2d8-493f-a260-286105aa6ae9: Sackin index -0.0728; 1.0 s; peak memory 1233 MiB.
2026-10-10T10:13:29Z INFO [338/750] 917f13f4-6125-4108-b079-03bc75c5ee68: Sackin index -0.1658; 0.4 s; peak memory 1233 MiB.
2026-10-10T10:13:30Z INFO [339/750] 917f14ef-fb05-49fb-b803-578e8b9b9c58: Sackin index -0.0696; 1.0 s; peak memory 1233 MiB.
2026-10-10T10:13:31Z INFO [340/750] 917f58b1-7a95-4a0b-8508-f24f34fd8af2: Sackin index -0.1349; 0.6 s; peak memory 1233 MiB.
2026-10-10T10:13:32Z INFO [341/750] 917fd340-7986-48e1-8031-6c1243772aad: Sackin index -0.0376; 1.1 s; peak memory 1233 MiB.
2026-10-10T10:13:33Z INFO [342/750] 917fe612-7466-4b8a-91c3-be56fd0331b7: Sackin index -0.0369; 1.3 s; peak memory 1233 MiB.
2026-10-10T10:13:35Z INFO [343/750] 917ff9c0-a38c-421a-aa08-a7969a9a7007: Sackin index -0.0585; 1.6 s; peak memory 1233 MiB.
2026-10-10T10:13:36Z INFO [344/750] 9180283f-8013-4e2f-a14f-1b355e6f2acc: Sackin index -0.0728; 0.9 s; peak memory 1233 MiB.
2026-10-10T10:13:37Z INFO [345/750] 918071af-b087-46de-a1a7-2f5a4278b676: Sackin index -0.1273; 0.9 s; peak memory 1233 MiB.
2026-10-10T10:13:41Z INFO [346/750] 9180e3d3-86c7-42cc-9011-be3bbd51d20c: Sackin index -0.0435; 3.7 s; peak memory 1233 MiB.
2026-10-10T10:13:41Z INFO [347/750] 918294ac-f5f8-497e-83a6-72a023c7cc8c: Sackin index -0.1349; 0.7 s; peak memory 1233 MiB.
2026-10-10T10:13:46Z INFO [348/750] 91839249-c7e2-4fb3-965f-9accc0159e50: Sackin index -0.0195; 4.6 s; peak memory 1233 MiB.
2026-10-10T10:13:47Z INFO [349/750] 9183a884-25c4-4c64-b612-7fe7750c8311: Sackin index -0.0696; 0.8 s; peak memory 1233 MiB.
2026-10-10T10:13:51Z INFO [350/750] 9183e5f0-bb46-486e-87a7-e3c915fad81b: Sackin index -0.0251; 4.3 s; peak memory 1233 MiB.
2026-10-10T10:13:51Z INFO [350/750] 9183e5f0-bb46-486e-87a7-e3c915fad81b: checkpointed 117186 new records.
2026-10-10T10:13:52Z INFO [351/750] 9184bab7-a8cc-4108-9d56-0cadf0418ca1: Sackin index -0.1068; 0.7 s; peak memory 1233 MiB.
2026-10-10T10:13:53Z INFO [352/750] 918568de-b9c5-45f7-b959-9907eadab97f: Sackin index -0.1461; 0.6 s; peak memory 1233 MiB.
2026-10-10T10:13:53Z INFO [353/750] 91878140-8c4a-49ea-b26d-92aaa0eb5995: Sackin index -0.1349; 0.6 s; peak memory 1233 MiB.
2026-10-10T10:13:54Z INFO [354/750] 9187fcff-9f0e-4d4e-bb8a-904c89711bf3: Sackin index -0.1938; 0.5 s; peak memory 1233 MiB.
2026-10-10T10:13:54Z INFO [355/750] 918879fd-a724-4f89-9230-267e69e7514a: Sackin index -0.1349; 0.7 s; peak memory 1233 MiB.
2026-10-10T10:13:55Z INFO [356/750] 91888b96-8c53-4d00-bb15-76eae1dea5ab: Sackin index -0.1379; 0.4 s; peak memory 1233 MiB.
2026-10-10T10:13:55Z INFO [357/750] 9188a8a5-acb5-4d5e-823b-b4c7ff8fe115: Sackin index -0.1349; 0.6 s; peak memory 1233 MiB.
2026-10-10T10:13:57Z INFO [358/750] 918a2dea-72fb-4f35-9407-489c95e24665: Sackin index -0.1273; 1.1 s; peak memory 1233 MiB.
2026-10-10T10:13:57Z INFO [359/750] 918b7690-1992-4d83-b952-5bb053e74a17: Sackin index -0.1349; 0.6 s; peak memory 1233 MiB.
2026-10-10T10:13:59Z INFO [360/750] 918befd0-cc75-48c4-a03e-f5a39209d798: Sackin index -0.0350; 1.5 s; peak memory 1233 MiB.
2026-10-10T10:13:59Z INFO [361/750] 918c4ad9-9432-4454-8ba7-7277e05f5dfb: Sackin index -0.1178; 0.4 s; peak memory 1233 MiB.
2026-10-10T10:14:00Z INFO [362/750] 918d0b73-cea5-4c2b-8b4a-101f5c0a2ae4: Sackin index -0.1191; 0.7 s; peak memory 1233 MiB.
2026-10-10T10:14:00Z INFO [363/750] 918d5afb-5c91-442a-b3fc-b5073ccb771e: Sackin index -0.1448; 0.5 s; peak memory 1233 MiB.
2026-10-10T10:14:01Z INFO [364/750] 918d9fca-4518-4d57-8218-1b49f5e3e745: Sackin index -0.0702; 0.7 s; peak memory 1233 MiB.
2026-10-10T10:14:13Z INFO [365/750] 918dd9d2-4213-4f33-b0db-321d8e54a1e2: Sackin index -0.0093; 11.9 s; peak memory 1233 MiB.
2026-10-10T10:14:14Z INFO [366/750] 918dec1b-72ec-410e-a374-f7caf546a4d9: Sackin index -0.0702; 0.8 s; peak memory 1233 MiB.
2026-10-10T10:14:14Z INFO [367/750] 918f0b19-5043-4ee7-9e97-efe33383e7bf: Sackin index -0.0702; 0.7 s; peak memory 1233 MiB.
2026-10-10T10:14:15Z INFO [368/750] 918f41f9-b79e-4f13-8dc7-0e60a29ebe0f: Sackin index -0.0702; 0.8 s; peak memory 1233 MiB.
2026-10-10T10:14:23Z INFO [369/750] 918fafbf-3bd6-43a7-9fbc-eaa84ba8e672: Sackin index -0.0142; 8.0 s; peak memory 1233 MiB.
2026-10-10T10:14:24Z INFO [370/750] 918fd7d6-75be-4640-a7db-e34adeab883e: Sackin index -0.1658; 0.6 s; peak memory 1233 MiB.
2026-10-10T10:14:25Z INFO [371/750] 9190217f-7c59-4ad2-aae1-0bf773344ea3: Sackin index -0.0676; 1.3 s; peak memory 1233 MiB.
2026-10-10T10:14:29Z INFO [372/750] 919058e2-5a48-405f-9a4c-a041f507cb38: Sackin index -0.0233; 3.7 s; peak memory 1233 MiB.
2026-10-10T10:14:29Z INFO [373/750] 91911fd2-574a-44b6-a0e6-7aaa781191f2: Sackin index -0.1349; 0.7 s; peak memory 1233 MiB.
2026-10-10T10:14:31Z INFO [374/750] 9191bb8c-56a0-4ae2-b658-963d114e0d60: Sackin index -0.0660; 1.9 s; peak memory 1233 MiB.
2026-10-10T10:14:35Z INFO [375/750] 9191eabd-3a48-4e5d-bc3b-a061f668f128: Sackin index -0.0611; 3.5 s; peak memory 1233 MiB.
2026-10-10T10:14:35Z INFO [376/750] 91921d28-6520-4d2a-8424-b8ea0725d595: Sackin index -0.1349; 0.6 s; peak memory 1233 MiB.
2026-10-10T10:14:39Z INFO [377/750] 919230af-8b30-4b51-a206-beb837eb56e1: Sackin index -0.0403; 3.2 s; peak memory 1233 MiB.
2026-10-10T10:14:39Z INFO [378/750] 9192321b-c483-46cf-a776-d68c739b3eef: Sackin index -0.1361; 0.6 s; peak memory 1233 MiB.
2026-10-10T10:14:40Z INFO [379/750] 9192e590-94c2-472e-af06-210c236fdf8c: Sackin index -0.1349; 0.6 s; peak memory 1233 MiB.
2026-10-10T10:14:41Z INFO [380/750] 9193a64e-50ed-48e0-a1f6-41fcefb455d1: Sackin index -0.1349; 0.8 s; peak memory 1233 MiB.
2026-10-10T10:14:45Z INFO [381/750] 9193aaf2-ad78-4cc3-b98a-99f6f65276f1: Sackin index -0.1362; 4.3 s; peak memory 1233 MiB.
2026-10-10T10:14:46Z INFO [382/750] 91949edc-de85-4126-8edb-4984a86c2a54: Sackin index -0.0728; 1.0 s; peak memory 1233 MiB.
2026-10-10T10:14:47Z INFO [383/750] 91950b38-1045-449f-bd7c-0d93a0471b2b: Sackin index -0.0375; 1.2 s; peak memory 1233 MiB.
2026-10-10T10:14:48Z INFO [384/750] 9196f910-3e1b-4cd1-83f8-043a9cfb147c: Sackin index -0.0696; 0.7 s; peak memory 1233 MiB.
2026-10-10T10:14:49Z INFO [385/750] 9197c2f0-b5c4-4253-8ac5-28714efd29f9: Sackin index -0.0379; 1.0 s; peak memory 1233 MiB.
2026-10-10T10:14:52Z INFO [386/750] 9198d125-368b-4bc8-b2dd-e16ee5a4da6e: Sackin index -0.1938; 2.6 s; peak memory 1233 MiB.
2026-10-10T10:15:59Z INFO [387/750] 9199ff96-1739-418d-aece-9b0cd036ac97: Sackin index -0.0032; 67.1 s; peak memory 1233 MiB.
2026-10-10T10:15:59Z INFO [388/750] 919a5dd9-a31b-4a2e-b2d4-a633d7b386d1: Sackin index -0.1658; 0.4 s; peak memory 1233 MiB.
2026-10-10T10:16:00Z INFO [389/750] 919aaa53-7f2a-464a-a261-7f9746f8c1bd: Sackin index -0.1000; 0.9 s; peak memory 1233 MiB.
2026-10-10T10:16:03Z INFO [390/750] 919cad7d-f84f-421d-b6be-7561a43745da: Sackin index -0.0501; 2.7 s; peak memory 1233 MiB.
2026-10-10T10:16:03Z INFO [391/750] 919d661f-469a-458c-b30a-6fa9528a71c5: Sackin index -0.0702; 0.8 s; peak memory 1233 MiB.
2026-10-10T10:16:04Z INFO [392/750] 919d7dd0-da31-4644-a7fc-dd36dbcfc8ab: Sackin index -0.1349; 0.7 s; peak memory 1233 MiB.
2026-10-10T10:16:05Z INFO [393/750] 919ddb99-f5cc-41d2-9262-b52ac0ec6ad6: Sackin index -0.0375; 0.9 s; peak memory 1233 MiB.
2026-10-10T10:16:06Z INFO [394/750] 919e1b34-b27a-49b1-8ea2-672605500440: Sackin index -0.1201; 0.7 s; peak memory 1233 MiB.
2026-10-10T10:16:07Z INFO [395/750] 919e586b-4abe-4a6e-a1d5-e6b829038b25: Sackin index -0.0369; 1.4 s; peak memory 1233 MiB.
2026-10-10T10:16:08Z INFO [396/750] 919eaf57-6a02-4f1e-b3c5-94812de564f9: Sackin index -0.1658; 0.6 s; peak memory 1233 MiB.
2026-10-10T10:16:09Z INFO [397/750] 919f911b-ca79-4c16-bb24-f5edf32fe622: Sackin index -0.0886; 1.3 s; peak memory 1233 MiB.
2026-10-10T10:16:10Z INFO [398/750] 91a00873-0f2c-44b2-9905-16e863777167: Sackin index -0.0728; 1.0 s; peak memory 1233 MiB.
2026-10-10T10:16:12Z INFO [399/750] 91a053f8-ef02-412e-9b4e-a0e8a90c2958: Sackin index -0.0694; 2.4 s; peak memory 1233 MiB.
2026-10-10T10:16:23Z INFO [400/750] 91a08acc-8cdd-4482-a173-326249f8f950: Sackin index -0.0134; 10.2 s; peak memory 1233 MiB.
2026-10-10T10:16:23Z INFO [400/750] 91a08acc-8cdd-4482-a173-326249f8f950: checkpointed 117236 new records.
2026-10-10T10:16:26Z INFO [401/750] 91a08b75-24a7-4270-aeb3-ba92cd08ec35: Sackin index -0.0403; 3.3 s; peak memory 1233 MiB.
2026-10-10T10:16:29Z INFO [402/750] 91a0f360-3f92-4088-b199-e22250bafc36: Sackin index -0.0403; 3.2 s; peak memory 1233 MiB.
2026-10-10T10:16:30Z INFO [403/750] 91a1005a-5e4f-4f44-a514-0052bdfe770d: Sackin index -0.0702; 0.7 s; peak memory 1233 MiB.
2026-10-10T10:16:34Z INFO [404/750] 91a118b6-d97f-4e8e-bb48-f1e1c48c232f: Sackin index -0.0252; 3.8 s; peak memory 1233 MiB.
2026-10-10T10:16:35Z INFO [405/750] 91a12fa5-5921-4483-aaa4-a1b733dd389d: Sackin index -0.0696; 0.8 s; peak memory 1233 MiB.
2026-10-10T10:16:37Z INFO [406/750] 91a16876-f22c-44c5-87c9-6c1211aa885d: Sackin index -0.0704; 1.9 s; peak memory 1233 MiB.
2026-10-10T10:16:37Z INFO [407/750] 91a2ffd4-9a6b-4ec8-b413-725d4a48ea2c: Sackin index -0.1349; 0.8 s; peak memory 1233 MiB.
2026-10-10T10:16:38Z INFO [408/750] 91a4d99f-3753-4c52-a4b0-92d46c946deb: Sackin index -0.0375; 1.0 s; peak memory 1233 MiB.
2026-10-10T10:16:39Z INFO [409/750] 91a5045f-3a67-4b53-adb0-1a5830f3189b: Sackin index -0.0746; 0.8 s; peak memory 1233 MiB.
2026-10-10T10:16:40Z INFO [410/750] 91a590be-a917-416c-9024-195d85f7431e: Sackin index -0.0728; 0.9 s; peak memory 1233 MiB.
2026-10-10T10:16:41Z INFO [411/750] 91a62302-b563-4bc1-8a9f-b1e3ba7b8733: Sackin index -0.0696; 0.8 s; peak memory 1233 MiB.
2026-10-10T10:16:41Z INFO [412/750] 91a6701a-8f34-4993-9d0c-7f866dfae5cd: Sackin index -0.1349; 0.6 s; peak memory 1233 MiB.
2026-10-10T10:16:44Z INFO [413/750] 91a764e1-ee41-46f6-b1ad-2d14d8535ed0: Sackin index -0.0660; 2.1 s; peak memory 1233 MiB.
2026-10-10T10:16:46Z INFO [414/750] 91a8c199-18c3-4a58-af93-46b53e1eb060: Sackin index -0.0660; 2.0 s; peak memory 1233 MiB.
2026-10-10T10:16:46Z INFO [415/750] 91a8c73e-1185-49dc-aa54-1c92295e2315: Sackin index -0.1658; 0.4 s; peak memory 1233 MiB.
2026-10-10T10:16:47Z INFO [416/750] 91aa08e3-8ca8-4388-8a0b-56424edf1f78: Sackin index -0.1178; 0.6 s; peak memory 1233 MiB.
2026-10-10T10:16:47Z INFO [417/750] 91aa09ce-ded6-41ff-b338-745bbecfad39: Sackin index -0.0738; 0.9 s; peak memory 1233 MiB.
2026-10-10T10:16:48Z INFO [418/750] 91aaaa82-d846-48c7-9360-ca9b7a63cac7: Sackin index -0.0728; 1.0 s; peak memory 1233 MiB.
2026-10-10T10:16:49Z INFO [419/750] 91ab44fa-cc0b-43e2-8d47-78576a7d1b6d: Sackin index -0.0376; 1.0 s; peak memory 1233 MiB.
2026-10-10T10:16:51Z INFO [420/750] 91ab8351-f318-4a0a-9115-63ffba1bfc29: Sackin index -0.0704; 1.7 s; peak memory 1233 MiB.
2026-10-10T10:16:52Z INFO [421/750] 91ab8ca7-a95a-4607-8a38-c45fa292787f: Sackin index -0.0376; 0.9 s; peak memory 1233 MiB.
2026-10-10T10:16:53Z INFO [422/750] 91abe3fa-22bf-475c-bbd4-4f08e5937a8a: Sackin index -0.1349; 0.6 s; peak memory 1233 MiB.
2026-10-10T10:16:55Z INFO [423/750] 91abe84e-1dd2-40ce-b2db-1fb5ace02acd: Sackin index -0.0484; 2.6 s; peak memory 1233 MiB.
2026-10-10T10:16:56Z INFO [424/750] 91acaa5e-6a44-4eca-bb27-acebdf733e4b: Sackin index -0.1349; 0.8 s; peak memory 1233 MiB.
2026-10-10T10:16:57Z INFO [425/750] 91acabc1-20ca-492a-87eb-d85625e09752: Sackin index -0.1135; 0.5 s; peak memory 1233 MiB.
2026-10-10T10:16:57Z INFO [426/750] 91ad3c36-b3f8-48c4-9468-1e3abc54ec8f: Sackin index -0.1349; 0.6 s; peak memory 1233 MiB.
2026-10-10T10:17:31Z INFO [427/750] 91ae1772-0b89-47b0-a188-52346e5a2da2: Sackin index -0.0169; 34.3 s; peak memory 1233 MiB.
2026-10-10T10:17:33Z INFO [428/750] 91aef529-cf0b-43f3-96e9-7f3ceb378f50: Sackin index -0.0660; 2.1 s; peak memory 1233 MiB.
2026-10-10T10:17:34Z INFO [429/750] 91af1fbe-248f-4873-b225-abab18a0c08d: Sackin index -0.1238; 0.8 s; peak memory 1233 MiB.
2026-10-10T10:17:35Z INFO [430/750] 91b079e0-fcb9-4ebf-b1a9-36ed0cd4d1fb: Sackin index -0.0702; 0.8 s; peak memory 1233 MiB.
2026-10-10T10:17:37Z INFO [431/750] 91b15c10-813c-4941-8b28-554943e426be: Sackin index -0.0699; 1.8 s; peak memory 1233 MiB.
2026-10-10T10:17:37Z INFO [432/750] 91b1ec2c-c021-4c6e-8921-842fc3dcb115: Sackin index -0.1349; 0.6 s; peak memory 1233 MiB.
2026-10-10T10:17:38Z INFO [433/750] 91b273c5-2a00-428c-ab9a-696e63141af5: Sackin index -0.1191; 0.6 s; peak memory 1233 MiB.
2026-10-10T10:17:39Z INFO [434/750] 91b2d081-51f7-4977-9496-e8c710bf5bcc: Sackin index -0.1013; 0.9 s; peak memory 1233 MiB.
2026-10-10T10:17:40Z INFO [435/750] 91b33cc3-de2e-4fcc-8d8d-6c38998e6dd9: Sackin index -0.0696; 0.8 s; peak memory 1233 MiB.
2026-10-10T10:17:40Z INFO [436/750] 91b39c8d-f3c7-4e56-af17-27b40cdda3e9: Sackin index -0.1349; 0.7 s; peak memory 1233 MiB.
2026-10-10T10:17:45Z INFO [437/750] 91b4226f-5275-4890-9c22-986def1137d2: Sackin index -0.0224; 4.8 s; peak memory 1233 MiB.
2026-10-10T10:18:10Z INFO [438/750] 91b51b0b-1d5b-49ce-b100-525eb468dcdc: Sackin index -0.2073; 24.3 s; peak memory 1233 MiB.
2026-10-10T10:18:15Z INFO [439/750] 91b52cc9-d3c3-431f-bb72-2753950dd84c: Sackin index -0.0190; 5.2 s; peak memory 1233 MiB.
2026-10-10T10:18:16Z INFO [440/750] 91b58b01-47ea-4d94-a373-9a2f9b842796: Sackin index -0.0709; 0.7 s; peak memory 1233 MiB.
2026-10-10T10:18:16Z INFO [441/750] 91b64145-a9ed-49d4-a880-f5c648f8451e: Sackin index -0.0379; 1.0 s; peak memory 1233 MiB.
2026-10-10T10:18:17Z INFO [442/750] 91b83df3-d0fe-40bd-92d0-efade58d3d61: Sackin index -0.0944; 0.8 s; peak memory 1233 MiB.
2026-10-10T10:18:18Z INFO [443/750] 91b87f21-4007-4810-bdb8-c61383cf342f: Sackin index -0.0991; 0.9 s; peak memory 1233 MiB.
2026-10-10T10:18:20Z INFO [444/750] 91b899f8-5dc8-4042-a2fd-2d9cf8667a7f: Sackin index -0.0676; 1.4 s; peak memory 1233 MiB.
2026-10-10T10:18:21Z INFO [445/750] 91b9f86e-883f-47dd-acb2-b21c728beef5: Sackin index -0.0379; 1.1 s; peak memory 1233 MiB.
2026-10-10T10:18:21Z INFO [446/750] 91ba12c5-36b1-4e59-8807-a98176166347: Sackin index -0.1349; 0.7 s; peak memory 1233 MiB.
2026-10-10T10:18:22Z INFO [447/750] 91ba829a-f21a-4281-85af-d52a6954fb3b: Sackin index -0.1349; 0.6 s; peak memory 1233 MiB.
2026-10-10T10:18:23Z INFO [448/750] 91bacc82-250d-4847-9881-647c2a219201: Sackin index -0.0738; 1.4 s; peak memory 1233 MiB.
2026-10-10T10:18:25Z INFO [449/750] 91bb4b19-26e8-433d-99d0-6d7e55ef851a: Sackin index -0.0660; 2.0 s; peak memory 1233 MiB.
2026-10-10T10:18:26Z INFO [450/750] 91bc6df3-fe22-47ae-a27f-c59bb7a35504: Sackin index -0.1319; 0.6 s; peak memory 1233 MiB.
2026-10-10T10:18:26Z INFO [450/750] 91bc6df3-fe22-47ae-a27f-c59bb7a35504: checkpointed 117286 new records.
2026-10-10T10:18:27Z INFO [451/750] 91bd24f7-2106-4aad-9c1e-2c8c563b1de4: Sackin index -0.0375; 0.8 s; peak memory 1233 MiB.
2026-10-10T10:18:28Z INFO [452/750] 91bdd5af-29ce-4c79-8c14-3310fd7fd3a9: Sackin index -0.1349; 0.6 s; peak memory 1233 MiB.
2026-10-10T10:18:31Z INFO [453/750] 91bf59ff-5641-41a7-a290-a144bffae7ca: Sackin index -0.0403; 3.4 s; peak memory 1233 MiB.
2026-10-10T10:18:33Z INFO [454/750] 91c02c88-6d73-47ae-8102-43e4be4cfade: Sackin index -0.0699; 1.9 s; peak memory 1233 MiB.
2026-10-10T10:23:48Z INFO [455/750] 91c0fc6f-188f-4294-bab2-31aac1b1e252: Sackin index -0.0604; 314.7 s; peak memory 1233 MiB.
2026-10-10T10:23:49Z INFO [456/750] 91c19946-6a88-4a9b-b744-4d214ed77366: Sackin index -0.1331; 0.8 s; peak memory 1233 MiB.
2026-10-10T10:23:49Z INFO [457/750] 91c1b4a0-f5ba-4f76-bdc1-1435c2074928: Sackin index -0.0728; 0.9 s; peak memory 1233 MiB.
2026-10-10T10:23:51Z INFO [458/750] 91c1f597-fb0f-4103-930a-94dab5509076: Sackin index -0.1349; 1.7 s; peak memory 1233 MiB.
2026-10-10T10:23:52Z INFO [459/750] 91c1f972-61f7-4c44-9947-bc6221a977cd: Sackin index -0.1349; 0.9 s; peak memory 1233 MiB.
2026-10-10T10:25:27Z INFO [460/750] 91c2eca6-3ea1-44db-8414-d1d9434084e6: Sackin index -0.0450; 95.4 s; peak memory 1233 MiB.
2026-10-10T10:25:28Z INFO [461/750] 91c31d92-1a3d-41d5-bc7d-cd619147e9dd: Sackin index -0.0728; 0.9 s; peak memory 1233 MiB.
2026-10-10T10:25:32Z INFO [462/750] 91c3b614-fdc2-494f-9722-b90bad38f10d: Sackin index -0.0253; 3.8 s; peak memory 1233 MiB.
2026-10-10T10:25:33Z INFO [463/750] 91c3c0dd-5901-4e6b-8706-5f6b353a8ab1: Sackin index -0.1340; 1.2 s; peak memory 1233 MiB.
2026-10-10T10:25:34Z INFO [464/750] 91c3e9fb-1920-4b06-a738-ebeeda2a635e: Sackin index -0.0728; 0.9 s; peak memory 1233 MiB.
2026-10-10T10:25:35Z INFO [465/750] 91c40e9d-5bba-4a5a-9ecc-21b3cd4c9ae8: Sackin index -0.1461; 0.6 s; peak memory 1233 MiB.
2026-10-10T10:25:36Z INFO [466/750] 91c41f5a-329a-4977-9079-a323629de724: Sackin index -0.0718; 1.7 s; peak memory 1233 MiB.
2026-10-10T10:25:40Z INFO [467/750] 91c4bea3-1122-4a93-9a36-bced26061254: Sackin index -0.0180; 3.8 s; peak memory 1233 MiB.
2026-10-10T10:25:41Z INFO [468/750] 91c4e7fb-f4ac-4438-9935-214a8fb8254d: Sackin index -0.0702; 0.8 s; peak memory 1233 MiB.
2026-10-10T10:27:29Z INFO [469/750] 91c599b3-98bc-4611-aa65-8187941b734e: Sackin index -0.0305; 107.6 s; peak memory 1233 MiB.
2026-10-10T10:27:30Z INFO [470/750] 91c5de5d-4149-4089-ae0d-f1088497991d: Sackin index -0.1349; 0.9 s; peak memory 1233 MiB.
2026-10-10T10:29:10Z INFO [471/750] 91c720cc-d591-448f-926c-73c49d8f1b47: Sackin index -0.0573; 100.8 s; peak memory 1233 MiB.
2026-10-10T10:29:11Z INFO [472/750] 91c7ab8d-9302-4fb3-ae04-438eff5d3f64: Sackin index -0.0696; 0.9 s; peak memory 1233 MiB.
2026-10-10T10:29:14Z INFO [473/750] 91c7e108-9567-4a28-812e-3fc6dda4c5fb: Sackin index -0.0675; 2.3 s; peak memory 1233 MiB.
2026-10-10T10:29:18Z INFO [474/750] 91c8add9-0c55-4531-859a-3557c0bd61b4: Sackin index -0.0064; 4.3 s; peak memory 1233 MiB.
2026-10-10T10:29:19Z INFO [475/750] 91c921c0-ede7-446b-a36e-233d33dd996e: Sackin index -0.0869; 1.6 s; peak memory 1233 MiB.
2026-10-10T10:29:24Z INFO [476/750] 91c98827-b108-4df4-8494-1e6754428d53: Sackin index -0.0218; 4.3 s; peak memory 1233 MiB.
2026-10-10T10:29:25Z INFO [477/750] 91c9bfac-19e8-4391-b46e-c7b45975c0f7: Sackin index -0.1429; 0.8 s; peak memory 1233 MiB.
2026-10-10T10:29:26Z INFO [478/750] 91ca1362-b949-4558-a870-4215421140d2: Sackin index -0.0369; 1.2 s; peak memory 1233 MiB.
2026-10-10T10:29:27Z INFO [479/750] 91cb15c3-a634-43e0-a219-5a16a4bab300: Sackin index -0.0702; 0.9 s; peak memory 1233 MiB.
2026-10-10T10:29:27Z INFO [480/750] 91cd5d89-441b-400c-85ff-029cd1433cd2: Sackin index -0.1349; 0.6 s; peak memory 1233 MiB.
2026-10-10T10:29:28Z INFO [481/750] 91cd973a-44f7-4ae5-a4ad-6cca35d8d1c6: Sackin index -0.1527; 0.8 s; peak memory 1233 MiB.
2026-10-10T10:29:30Z INFO [482/750] 91ce8cfe-f461-479c-ab66-27591af5b1bb: Sackin index -0.0718; 1.7 s; peak memory 1233 MiB.
2026-10-10T10:29:30Z INFO [483/750] 91cf09b9-9371-4219-b6a1-520a67526686: Sackin index -0.1683; 0.7 s; peak memory 1233 MiB.
2026-10-10T10:29:31Z INFO [484/750] 91cfca49-b4fd-486e-8e08-1897e5dc96b8: Sackin index -0.1178; 0.5 s; peak memory 1233 MiB.
2026-10-10T10:29:32Z INFO [485/750] 91cfe9f8-2975-4c85-84bc-886f8fd5a42a: Sackin index -0.0376; 1.2 s; peak memory 1233 MiB.
2026-10-10T10:29:33Z INFO [486/750] 91d016aa-46f0-4764-be61-c191edeac081: Sackin index -0.0702; 0.8 s; peak memory 1233 MiB.
2026-10-10T10:29:34Z INFO [487/750] 91d094c1-992d-4216-aa24-491fd6ec0305: Sackin index -0.0696; 0.7 s; peak memory 1233 MiB.
2026-10-10T10:29:34Z INFO [488/750] 91d3b34c-eb52-43ae-bfcb-58dd1313b77f: Sackin index -0.1658; 0.5 s; peak memory 1233 MiB.
2026-10-10T10:29:36Z INFO [489/750] 91d3cdc7-96cb-46f5-8802-21231fc9cb00: Sackin index -0.1044; 1.4 s; peak memory 1233 MiB.
2026-10-10T10:29:41Z INFO [490/750] 91d45531-26b5-4791-b7d8-12bf36e92c95: Sackin index -0.0308; 5.7 s; peak memory 1233 MiB.
2026-10-10T10:29:42Z INFO [491/750] 91d4e048-6bd3-4ee4-ab47-c43c1ba7e579: Sackin index -0.1349; 0.7 s; peak memory 1233 MiB.
2026-10-10T10:29:43Z INFO [492/750] 91d584ac-0675-4268-97df-7a2eab2b1d0c: Sackin index -0.0696; 0.9 s; peak memory 1233 MiB.
2026-10-10T10:29:44Z INFO [493/750] 91d60616-788e-4096-8faf-2561723496cb: Sackin index -0.1349; 0.7 s; peak memory 1233 MiB.
2026-10-10T10:29:44Z INFO [494/750] 91d6ed48-dde8-400e-a4c3-873ae5800a3d: Sackin index -0.2168; 0.6 s; peak memory 1233 MiB.
2026-10-10T10:29:49Z INFO [495/750] 91d824b2-f3ad-4e6b-bdd8-bcc50f23cc44: Sackin index -0.0262; 5.1 s; peak memory 1233 MiB.
2026-10-10T10:29:52Z INFO [496/750] 91d88a4f-0783-4880-bfb2-54ec5fbea9a8: Sackin index -0.0403; 3.1 s; peak memory 1233 MiB.
2026-10-10T10:29:53Z INFO [497/750] 91d8cc78-1eda-4a41-ab9b-a2651d78fa9b: Sackin index -0.1658; 0.5 s; peak memory 1233 MiB.
2026-10-10T10:29:53Z INFO [498/750] 91da49ee-813f-4bbf-a59a-702ac69c947c: Sackin index -0.1191; 0.6 s; peak memory 1233 MiB.
2026-10-10T10:29:54Z INFO [499/750] 91da4c41-acca-466c-ae1a-4e8dac1cd65e: Sackin index -0.1349; 0.7 s; peak memory 1233 MiB.
2026-10-10T10:29:55Z INFO [500/750] 91da5e24-01af-48a0-a895-8f1582230ae1: Sackin index -0.1349; 0.7 s; peak memory 1233 MiB.
2026-10-10T10:29:55Z INFO [500/750] 91da5e24-01af-48a0-a895-8f1582230ae1: checkpointed 117336 new records.
2026-10-10T10:29:56Z INFO [501/750] 91da5fb5-ecb6-4845-a131-52134d3da0fd: Sackin index -0.1349; 0.8 s; peak memory 1233 MiB.
2026-10-10T10:29:59Z INFO [502/750] 91dae586-c780-477f-95c9-60e9e0f8e832: Sackin index -0.0238; 2.8 s; peak memory 1233 MiB.
2026-10-10T10:30:00Z INFO [503/750] 91dbf942-e1c5-40e3-b13b-4f06e894c1ca: Sackin index -0.1273; 0.9 s; peak memory 1233 MiB.
2026-10-10T10:30:03Z INFO [504/750] 91dc96d9-5afa-4706-9cbf-9ffe0da32c93: Sackin index -0.0248; 3.6 s; peak memory 1233 MiB.
2026-10-10T10:30:04Z INFO [505/750] 91dcaf3b-f1ae-440e-99b1-bcae76a04eaf: Sackin index -0.1256; 0.5 s; peak memory 1233 MiB.
2026-10-10T10:30:04Z INFO [506/750] 91dcb717-3b01-4275-a1c7-23bfaebd3124: Sackin index -0.1658; 0.5 s; peak memory 1233 MiB.
2026-10-10T10:30:11Z INFO [507/750] 91ddde36-4218-4002-9733-cb6a09c9d18d: Sackin index -0.0783; 6.9 s; peak memory 1233 MiB.
2026-10-10T10:30:12Z INFO [508/750] 91de076a-af33-44c5-9368-e1b15dfc1000: Sackin index -0.0816; 0.7 s; peak memory 1233 MiB.
2026-10-10T10:30:12Z INFO [509/750] 91de153a-26a3-489d-958c-af1740208bb9: Sackin index -0.1658; 0.5 s; peak memory 1233 MiB.
2026-10-10T10:30:14Z INFO [510/750] 91de3d24-2f80-4002-aa40-579cf15236ff: Sackin index -0.1021; 1.6 s; peak memory 1233 MiB.
2026-10-10T10:31:51Z INFO [511/750] 91de4997-e25b-444f-9cbf-574d14bcd4d0: Sackin index -0.0450; 97.3 s; peak memory 1233 MiB.
2026-10-10T10:32:05Z INFO [512/750] 91de5b2f-3bd4-4cf8-9be6-8be541a41dbe: Sackin index -0.0145; 13.6 s; peak memory 1233 MiB.
2026-10-10T10:32:05Z INFO [513/750] 91df1451-14e7-46e5-8a98-35c4f368772f: Sackin index -0.1161; 0.5 s; peak memory 1233 MiB.
2026-10-10T10:32:06Z INFO [514/750] 91df7129-2c19-498a-9bf3-fb2f280aa227: Sackin index -0.0702; 0.8 s; peak memory 1233 MiB.
2026-10-10T10:32:07Z INFO [515/750] 91df7136-733c-4fb1-aa3c-a47347eb122d: Sackin index -0.0272; 1.3 s; peak memory 1233 MiB.
2026-10-10T10:32:08Z INFO [516/750] 91dfef9c-3715-42b7-99c0-564d3c14bfb2: Sackin index -0.1658; 0.5 s; peak memory 1233 MiB.
2026-10-10T10:32:09Z INFO [517/750] 91e04be0-663e-4a6e-ab7c-37be9d034edf: Sackin index -0.1273; 1.2 s; peak memory 1233 MiB.
2026-10-10T10:32:10Z INFO [518/750] 91e06fd4-97a7-4af8-8c53-d9dd283937f2: Sackin index -0.0359; 0.8 s; peak memory 1233 MiB.
2026-10-10T10:32:10Z INFO [519/750] 91e0b9ca-4bee-4a6d-af6c-27fe6adae332: Sackin index -0.1658; 0.5 s; peak memory 1233 MiB.
2026-10-10T10:32:11Z INFO [520/750] 91e2790b-470c-49b5-a205-34bae5528f78: Sackin index -0.0676; 1.0 s; peak memory 1233 MiB.
2026-10-10T10:32:30Z INFO [521/750] 91e2bfaa-601f-491e-827f-8fb744ad730d: Sackin index -0.1367; 18.5 s; peak memory 1233 MiB.
2026-10-10T10:32:31Z INFO [522/750] 91e2e436-1e8b-4a6f-83a6-7c3d5107cc90: Sackin index -0.0702; 0.8 s; peak memory 1233 MiB.
2026-10-10T10:32:32Z INFO [523/750] 91e31127-0993-401e-8470-6f0d88a24c07: Sackin index -0.1191; 1.3 s; peak memory 1233 MiB.
2026-10-10T10:32:33Z INFO [524/750] 91e3e1a2-5c4e-4630-b1fd-f9c3c288f907: Sackin index -0.0728; 1.0 s; peak memory 1233 MiB.
2026-10-10T10:32:34Z INFO [525/750] 91e3f1f3-e046-4346-81cf-832d9abbda76: Sackin index -0.1349; 0.8 s; peak memory 1233 MiB.
2026-10-10T10:32:35Z INFO [526/750] 91e40594-9398-4e16-84ec-d80c868ae4eb: Sackin index -0.0369; 1.1 s; peak memory 1233 MiB.
2026-10-10T10:32:36Z INFO [527/750] 91e495e3-1e4f-40fa-8f65-509d24bb3956: Sackin index -0.0696; 0.7 s; peak memory 1233 MiB.
2026-10-10T10:32:39Z INFO [528/750] 91e543fd-3e05-4077-b2f2-d84b961629dd: Sackin index -0.0435; 3.8 s; peak memory 1233 MiB.
2026-10-10T10:32:40Z INFO [529/750] 91e5665c-c54e-4079-ba03-56c0c6674e71: Sackin index -0.0728; 0.9 s; peak memory 1233 MiB.
2026-10-10T10:32:41Z INFO [530/750] 91e58bd6-ba0d-48e1-9aaa-82aaa2f23f8c: Sackin index -0.2000; 0.5 s; peak memory 1233 MiB.
2026-10-10T10:32:41Z INFO [531/750] 91e64c89-3e84-4ed4-af8c-f487fb2d553d: Sackin index -0.1658; 0.5 s; peak memory 1233 MiB.
2026-10-10T10:32:42Z INFO [532/750] 91e6b671-ec2d-483f-8d5c-4887fa6d0957: Sackin index -0.1248; 0.7 s; peak memory 1233 MiB.
2026-10-10T10:32:43Z INFO [533/750] 91e6d9d4-24ca-4d69-b018-cf5886cdcfb8: Sackin index -0.0881; 0.9 s; peak memory 1233 MiB.
2026-10-10T10:32:44Z INFO [534/750] 91e71466-5226-442a-bcde-8fd3ec9ae910: Sackin index -0.0702; 0.9 s; peak memory 1233 MiB.
2026-10-10T10:32:44Z INFO [535/750] 91e79a94-f1b1-4912-beb3-156db0bc3f42: Sackin index -0.0709; 0.8 s; peak memory 1233 MiB.
2026-10-10T10:32:46Z INFO [536/750] 91e7ede3-c96b-4059-a142-549c1b038914: Sackin index -0.0369; 1.7 s; peak memory 1233 MiB.
2026-10-10T10:32:47Z INFO [537/750] 91e804f4-625e-4662-adaa-1818b9e8c550: Sackin index -0.1135; 0.5 s; peak memory 1233 MiB.
2026-10-10T10:32:47Z INFO [538/750] 91e95e55-b7bd-4e28-9552-ea8b04538c01: Sackin index -0.1349; 0.7 s; peak memory 1233 MiB.
2026-10-10T10:32:48Z INFO [539/750] 91e9714f-07ad-448f-8bd1-fc3a7601742b: Sackin index -0.0709; 0.7 s; peak memory 1233 MiB.
2026-10-10T10:33:01Z INFO [540/750] 91eba137-bb50-41c8-bcde-8731a3fc6bf4: Sackin index -0.0151; 13.4 s; peak memory 1233 MiB.
2026-10-10T10:33:05Z INFO [541/750] 91ec37f8-f79b-42f1-952a-a2b207f0a691: Sackin index -0.0239; 3.3 s; peak memory 1233 MiB.
2026-10-10T10:33:06Z INFO [542/750] 91ecae40-77de-4fb4-b16a-c4d8540ed7cd: Sackin index -0.0376; 0.9 s; peak memory 1233 MiB.
2026-10-10T10:33:06Z INFO [543/750] 91ecd15a-ad42-45cd-85de-95675e4dde0a: Sackin index -0.0702; 0.7 s; peak memory 1233 MiB.
2026-10-10T10:33:07Z INFO [544/750] 91edab3f-f301-47d7-8cd2-34285b05733d: Sackin index -0.0728; 1.0 s; peak memory 1233 MiB.
2026-10-10T10:33:08Z INFO [545/750] 91edc585-7347-498d-81be-32bdc883aca3: Sackin index -0.1658; 0.4 s; peak memory 1233 MiB.
2026-10-10T10:33:08Z INFO [546/750] 91ee6641-c5ef-4641-b019-256089f46e34: Sackin index -0.1349; 0.6 s; peak memory 1233 MiB.
2026-10-10T10:33:12Z INFO [547/750] 91ee7f65-31c7-4f01-b6a6-87584611fa5c: Sackin index -0.0611; 3.3 s; peak memory 1233 MiB.
2026-10-10T10:33:12Z INFO [548/750] 91eeb223-bff2-4fd6-becf-94398ecfa186: Sackin index -0.1938; 0.6 s; peak memory 1233 MiB.
2026-10-10T10:33:13Z INFO [549/750] 91eef446-7cc6-4b03-a452-36b98057e0c1: Sackin index -0.1349; 0.7 s; peak memory 1233 MiB.
2026-10-10T10:33:23Z INFO [550/750] 91ef278d-9bed-4aac-ada2-19b83c5e04c4: Sackin index -0.0614; 9.8 s; peak memory 1233 MiB.
2026-10-10T10:33:23Z INFO [550/750] 91ef278d-9bed-4aac-ada2-19b83c5e04c4: checkpointed 117386 new records.
2026-10-10T10:33:24Z INFO [551/750] 91ef3d29-8ad7-4343-90b1-5af350030565: Sackin index -0.1349; 0.7 s; peak memory 1233 MiB.
2026-10-10T10:33:24Z INFO [552/750] 91ef4683-37c9-4948-9eb0-427f8540e5a1: Sackin index -0.1448; 0.5 s; peak memory 1233 MiB.
2026-10-10T10:33:27Z INFO [553/750] 91ef8f77-23e4-4035-a944-5866d7ca6b86: Sackin index -0.0251; 2.9 s; peak memory 1233 MiB.
2026-10-10T10:33:28Z INFO [554/750] 91efc71b-7d0b-4f0d-91bd-7eedf6e07e45: Sackin index -0.1349; 0.6 s; peak memory 1233 MiB.
2026-10-10T10:33:28Z INFO [555/750] 91f0ae63-b7b1-4f1d-99ad-d9f6740efd3f: Sackin index -0.1716; 0.5 s; peak memory 1233 MiB.
2026-10-10T10:33:30Z INFO [556/750] 91f0eb63-e75a-446a-8671-93c5a2e7d334: Sackin index -0.0699; 1.9 s; peak memory 1233 MiB.
2026-10-10T10:33:31Z INFO [557/750] 91f1701f-eafe-42ed-8657-73028acb7993: Sackin index -0.0626; 0.7 s; peak memory 1233 MiB.
2026-10-10T10:40:03Z INFO [558/750] 91f285db-fa63-4305-a7dd-1b9e05158478: Sackin index -0.0691; 391.7 s; peak memory 1250 MiB.
2026-10-10T10:40:03Z INFO [559/750] 91f2db46-feda-4d79-af55-0a7ae862781d: Sackin index -0.1349; 0.7 s; peak memory 1250 MiB.
2026-10-10T10:40:04Z INFO [560/750] 91f384ee-3854-498b-96ce-9c82a281db8a: Sackin index -0.0385; 0.9 s; peak memory 1250 MiB.
2026-10-10T10:40:05Z INFO [561/750] 91f39e88-5cb8-4236-97b6-0cf01c83e542: Sackin index -0.1194; 0.9 s; peak memory 1250 MiB.
2026-10-10T10:40:06Z INFO [562/750] 91f3ca6b-1c0f-40d1-9526-0f7d8a024bcf: Sackin index -0.1349; 0.7 s; peak memory 1250 MiB.
2026-10-10T10:40:06Z INFO [563/750] 91f3e683-afe3-45f5-ad27-488ef92e9ecd: Sackin index -0.1349; 0.7 s; peak memory 1250 MiB.
2026-10-10T10:40:07Z INFO [564/750] 91f8bd19-fe52-4a1a-8de6-84856272f2b9: Sackin index -0.1527; 0.6 s; peak memory 1250 MiB.
2026-10-10T10:40:08Z INFO [565/750] 91f8df04-2fe8-428f-9f97-c51e403cd069: Sackin index -0.0702; 0.8 s; peak memory 1250 MiB.
2026-10-10T10:40:09Z INFO [566/750] 91f9066d-e6a7-4e20-ba73-50bbb7a86415: Sackin index -0.1987; 0.7 s; peak memory 1250 MiB.
2026-10-10T10:40:09Z INFO [567/750] 91f93409-50e7-469d-86ef-880919dbf239: Sackin index -0.0702; 0.7 s; peak memory 1250 MiB.
2026-10-10T10:40:21Z INFO [568/750] 91f94dfc-81d5-443c-87f9-d241888f00fe: Sackin index -0.0166; 12.1 s; peak memory 1250 MiB.
2026-10-10T10:40:22Z INFO [569/750] 91f9df42-32a1-4218-923f-a4105b0678da: Sackin index -0.1239; 0.6 s; peak memory 1250 MiB.
2026-10-10T10:40:23Z INFO [570/750] 91fa8bd7-f44d-4e01-9255-6beafb57d9a3: Sackin index -0.1349; 0.6 s; peak memory 1250 MiB.
2026-10-10T10:40:24Z INFO [571/750] 91fad3b8-dfff-4d7b-bd0c-9b4d676b4c9b: Sackin index -0.0728; 0.9 s; peak memory 1250 MiB.
2026-10-10T10:40:24Z INFO [572/750] 91fb1594-06a3-4550-935b-9cc40b18ae46: Sackin index -0.0881; 0.9 s; peak memory 1250 MiB.
2026-10-10T10:40:25Z INFO [573/750] 91fbb526-43ac-469c-9eaa-45026610ff5a: Sackin index -0.0702; 0.9 s; peak memory 1250 MiB.
2026-10-10T10:40:26Z INFO [574/750] 91fbb8b4-95ed-458e-8a13-d00696920c2f: Sackin index -0.0413; 1.1 s; peak memory 1250 MiB.
2026-10-10T10:40:27Z INFO [575/750] 91fc2486-ca5a-428a-bf4b-b8236858a266: Sackin index -0.1658; 0.4 s; peak memory 1250 MiB.
2026-10-10T10:40:28Z INFO [576/750] 91fc4ea0-df2d-4698-bfb2-1b97258e35b9: Sackin index -0.0377; 0.9 s; peak memory 1250 MiB.
2026-10-10T10:40:31Z INFO [577/750] 91fce9e2-0ec5-4a06-9723-2439f0535c5d: Sackin index -0.0227; 3.4 s; peak memory 1250 MiB.
2026-10-10T10:40:35Z INFO [578/750] 91fcf791-e8eb-463a-af71-364ae3e299d3: Sackin index -0.0251; 3.4 s; peak memory 1250 MiB.
2026-10-10T10:40:35Z INFO [579/750] 91fdc0cd-c303-4b9c-ba37-cfe8bfb37f41: Sackin index -0.1349; 0.8 s; peak memory 1250 MiB.
2026-10-10T10:40:36Z INFO [580/750] 91fde14e-0225-48d4-83ae-2445d3ad20ef: Sackin index -0.0728; 1.0 s; peak memory 1250 MiB.
2026-10-10T10:40:37Z INFO [581/750] 91fefc0a-ef86-4aae-870a-8c17d311e19a: Sackin index -0.1349; 0.7 s; peak memory 1250 MiB.
2026-10-10T10:40:39Z INFO [582/750] 92003a1a-089a-404d-9ba4-64382ef9242a: Sackin index -0.0704; 1.6 s; peak memory 1250 MiB.
2026-10-10T10:40:40Z INFO [583/750] 92006d14-43ea-4cbf-9999-b2aaabc28141: Sackin index -0.0369; 1.1 s; peak memory 1250 MiB.
2026-10-10T10:40:41Z INFO [584/750] 9200ef44-0d0b-4704-85b9-65654b5ac6c7: Sackin index -0.0728; 1.2 s; peak memory 1250 MiB.
2026-10-10T10:40:42Z INFO [585/750] 92011d1c-543f-44de-9f6e-7e224f9302cf: Sackin index -0.0728; 0.9 s; peak memory 1250 MiB.
2026-10-10T10:40:43Z INFO [586/750] 92015e1f-b6c6-4569-8e3b-37029338710f: Sackin index -0.0881; 0.9 s; peak memory 1250 MiB.
2026-10-10T10:40:43Z INFO [587/750] 92016406-c854-4f6d-b0f8-d313d5e5ca82: Sackin index -0.1356; 0.5 s; peak memory 1250 MiB.
2026-10-10T10:40:45Z INFO [588/750] 92016f4e-b1cf-4516-a97c-cbf9694c0237: Sackin index -0.0660; 2.2 s; peak memory 1250 MiB.
2026-10-10T10:40:47Z INFO [589/750] 920173b2-f45c-45af-80bd-ee32762d26f2: Sackin index -0.0263; 1.5 s; peak memory 1250 MiB.
2026-10-10T10:40:48Z INFO [590/750] 9201770c-7450-47c0-9db3-cd907a974458: Sackin index -0.0702; 0.9 s; peak memory 1250 MiB.
2026-10-10T10:40:49Z INFO [591/750] 9201ab66-3aea-4428-903e-f2ff57551349: Sackin index -0.1349; 0.8 s; peak memory 1250 MiB.
2026-10-10T10:40:49Z INFO [592/750] 920322d3-230b-4982-b108-c9ded1d8497a: Sackin index -0.1349; 0.7 s; peak memory 1250 MiB.
2026-10-10T10:40:50Z INFO [593/750] 92032e27-26ee-4ede-9525-7757c14ef239: Sackin index -0.1602; 0.7 s; peak memory 1250 MiB.
2026-10-10T10:40:51Z INFO [594/750] 92045b9d-50bb-4cca-9cf8-1a734ad6549c: Sackin index -0.1349; 0.6 s; peak memory 1250 MiB.
2026-10-10T10:40:51Z INFO [595/750] 92046a92-300f-471a-85c4-236da97dfcec: Sackin index -0.1349; 0.6 s; peak memory 1250 MiB.
2026-10-10T10:40:52Z INFO [596/750] 920580d6-a5f4-478c-a692-20ff418a9012: Sackin index -0.0702; 0.7 s; peak memory 1250 MiB.
2026-10-10T10:40:53Z INFO [597/750] 9205cd1c-6e42-4bf9-a35e-56e5ec0a3441: Sackin index -0.0728; 1.2 s; peak memory 1250 MiB.
2026-10-10T10:40:54Z INFO [598/750] 9205d78b-b8b8-41b0-a932-84177f756925: Sackin index -0.0709; 0.7 s; peak memory 1250 MiB.
2026-10-10T10:40:57Z INFO [599/750] 92067029-4ba2-4205-a8ee-65d9e82f1db4: Sackin index -0.0611; 3.2 s; peak memory 1250 MiB.
2026-10-10T10:40:58Z INFO [600/750] 92091450-1475-49fe-8f3d-965f8675184a: Sackin index -0.0728; 0.9 s; peak memory 1250 MiB.
2026-10-10T10:40:58Z INFO [600/750] 92091450-1475-49fe-8f3d-965f8675184a: checkpointed 117436 new records.
2026-10-10T10:40:59Z INFO [601/750] 9209638f-8b0b-4786-80da-974bb4b840ee: Sackin index -0.1408; 0.7 s; peak memory 1250 MiB.
2026-10-10T10:41:00Z INFO [602/750] 9209e7fa-e928-48f2-a895-4e2142ce5d73: Sackin index -0.0376; 1.0 s; peak memory 1250 MiB.
2026-10-10T10:41:07Z INFO [603/750] 920a2c33-4531-490d-a9ec-518aaf2db2d5: Sackin index -0.0160; 6.7 s; peak memory 1250 MiB.
2026-10-10T10:41:08Z INFO [604/750] 920c1ac1-4d02-4f49-8394-791534ed0059: Sackin index -0.0745; 1.0 s; peak memory 1250 MiB.
2026-10-10T10:41:08Z INFO [605/750] 920c416d-00bc-4b39-beb6-1f26cd5b4a58: Sackin index -0.1658; 0.5 s; peak memory 1250 MiB.
2026-10-10T10:41:09Z INFO [606/750] 920cdd1b-bc89-4ab3-9bab-8ad282f8d215: Sackin index -0.1602; 0.7 s; peak memory 1250 MiB.
2026-10-10T10:41:09Z INFO [607/750] 920ce1ed-5901-4d83-ab10-24ab699d22f8: Sackin index -0.1349; 0.7 s; peak memory 1250 MiB.
2026-10-10T10:41:11Z INFO [608/750] 920d4193-61b8-46e8-bf51-068b2444035f: Sackin index -0.0369; 1.3 s; peak memory 1250 MiB.
2026-10-10T10:41:11Z INFO [609/750] 920d4652-f688-41ee-b4bc-8c8a1ef82d28: Sackin index -0.1239; 0.6 s; peak memory 1250 MiB.
2026-10-10T10:41:14Z INFO [610/750] 920d64fb-d1ba-45b9-8d3f-e4ce8402c0cc: Sackin index -0.1433; 2.7 s; peak memory 1250 MiB.
2026-10-10T10:41:15Z INFO [611/750] 920e2daa-25cb-46cc-8cf0-2da29b34f61f: Sackin index -0.1349; 0.7 s; peak memory 1250 MiB.
2026-10-10T10:41:16Z INFO [612/750] 920e3bf3-9baf-4c1c-91d9-0e22e3bf7f49: Sackin index -0.0375; 0.9 s; peak memory 1250 MiB.
2026-10-10T10:41:16Z INFO [613/750] 920e6ddd-7b1c-47a3-8803-8bf0730951a7: Sackin index -0.1349; 0.6 s; peak memory 1250 MiB.
2026-10-10T10:41:17Z INFO [614/750] 920e9199-079a-4149-8f1a-1741f418f1b6: Sackin index -0.0541; 0.9 s; peak memory 1250 MiB.
2026-10-10T10:41:18Z INFO [615/750] 920f6ea6-5ffc-4bae-8cad-fe364a3d9ed2: Sackin index -0.0702; 0.8 s; peak memory 1250 MiB.
2026-10-10T10:41:23Z INFO [616/750] 921085e6-7f08-4c24-86e7-694048d799b7: Sackin index -0.0341; 5.3 s; peak memory 1250 MiB.
2026-10-10T10:41:24Z INFO [617/750] 9211098a-0007-43ff-8bd3-f146cad1e07a: Sackin index -0.1349; 0.8 s; peak memory 1250 MiB.
2026-10-10T10:41:24Z INFO [618/750] 9211e701-ef01-4f2e-9e5c-7a3a9b51bffa: Sackin index -0.1938; 0.6 s; peak memory 1250 MiB.
2026-10-10T10:41:25Z INFO [619/750] 92124421-0667-4670-90ec-6d39c8cd99aa: Sackin index -0.0707; 0.9 s; peak memory 1250 MiB.
2026-10-10T10:41:26Z INFO [620/750] 9212e079-5080-41b4-8e4a-37f844970424: Sackin index -0.1068; 0.7 s; peak memory 1250 MiB.
2026-10-10T10:41:27Z INFO [621/750] 921372a5-c80c-466d-b16c-3f31ba16ca72: Sackin index -0.1349; 0.7 s; peak memory 1250 MiB.
2026-10-10T10:41:28Z INFO [622/750] 921459ef-179f-4057-806d-46ac63c3defe: Sackin index -0.1273; 1.1 s; peak memory 1250 MiB.
2026-10-10T10:41:29Z INFO [623/750] 921463de-16b0-4e7e-b730-c436f8fff5fb: Sackin index -0.0369; 1.5 s; peak memory 1250 MiB.
2026-10-10T10:41:30Z INFO [624/750] 9215e459-c018-4fc6-9a8b-e2d869f50c86: Sackin index -0.0728; 1.0 s; peak memory 1250 MiB.
2026-10-10T10:41:32Z INFO [625/750] 9215e4c1-63a6-4ddb-ab88-7b4fca243a01: Sackin index -0.0673; 1.8 s; peak memory 1250 MiB.
2026-10-10T10:41:33Z INFO [626/750] 921607df-8e37-4691-90a8-7e3d467b4109: Sackin index -0.0728; 1.1 s; peak memory 1250 MiB.
2026-10-10T10:41:34Z INFO [627/750] 92162946-6a6e-4ac5-9284-bb3d022bfedf: Sackin index -0.0702; 0.8 s; peak memory 1250 MiB.
2026-10-10T10:41:36Z INFO [628/750] 92165945-8c46-4467-b0c2-64ef50e444aa: Sackin index -0.0660; 1.9 s; peak memory 1250 MiB.
2026-10-10T10:41:37Z INFO [629/750] 92175b8b-6ba2-496c-a1fb-c2e70fa00f53: Sackin index -0.0728; 1.2 s; peak memory 1250 MiB.
2026-10-10T10:41:38Z INFO [630/750] 92176b26-73ef-43b2-850a-913a5ff49358: Sackin index -0.1349; 0.6 s; peak memory 1250 MiB.
2026-10-10T10:41:39Z INFO [631/750] 92182d61-e6ab-480d-9899-0e4779fd16a1: Sackin index -0.0728; 0.9 s; peak memory 1250 MiB.
2026-10-10T10:41:39Z INFO [632/750] 92183aa8-0adf-471e-a270-42d95505dac7: Sackin index -0.1248; 0.6 s; peak memory 1250 MiB.
2026-10-10T10:41:40Z INFO [633/750] 9218acab-70a2-4a7c-9409-3ba9da446782: Sackin index -0.1248; 0.7 s; peak memory 1250 MiB.
2026-10-10T10:41:41Z INFO [634/750] 9219b67b-bb57-4756-a0d4-aeaea39253f1: Sackin index -0.0702; 0.9 s; peak memory 1250 MiB.
2026-10-10T10:41:41Z INFO [635/750] 921a1b99-5a79-4372-bbda-7de3b6665322: Sackin index -0.1349; 0.6 s; peak memory 1250 MiB.
2026-10-10T10:41:42Z INFO [636/750] 921a2a24-7536-4ec8-9733-ef23c86f5c6e: Sackin index -0.1191; 0.7 s; peak memory 1250 MiB.
2026-10-10T10:41:43Z INFO [637/750] 921a3d62-5aa7-4589-aefe-515133ba2f7c: Sackin index -0.1349; 0.6 s; peak memory 1250 MiB.
2026-10-10T10:41:51Z INFO [638/750] 921ac930-2895-4672-b360-713b42e67319: Sackin index -0.0614; 8.3 s; peak memory 1250 MiB.
2026-10-10T10:41:52Z INFO [639/750] 921aed36-209d-436b-b50f-f7afb08cb2d0: Sackin index -0.1349; 0.7 s; peak memory 1250 MiB.
2026-10-10T10:41:52Z INFO [640/750] 921b078b-68bf-4d8d-ae6f-5f20aab3c35e: Sackin index -0.1072; 0.6 s; peak memory 1250 MiB.
2026-10-10T10:42:01Z INFO [641/750] 921cee82-f152-47ac-a047-4d65ed38fcdc: Sackin index -0.0129; 9.1 s; peak memory 1250 MiB.
2026-10-10T10:42:02Z INFO [642/750] 921d5d7a-d79f-43f4-8b5e-6a3e5fc32638: Sackin index -0.1349; 0.7 s; peak memory 1250 MiB.
2026-10-10T10:42:03Z INFO [643/750] 921dc244-6ea9-48db-bf57-471261e1f643: Sackin index -0.1658; 0.5 s; peak memory 1250 MiB.
2026-10-10T10:42:04Z INFO [644/750] 921e9a3c-1d94-49de-b9be-618e302f2aa6: Sackin index -0.0676; 1.4 s; peak memory 1250 MiB.
2026-10-10T10:42:05Z INFO [645/750] 921eec88-e116-4412-beb3-338f2a25f3be: Sackin index -0.0709; 0.9 s; peak memory 1250 MiB.
2026-10-10T10:42:06Z INFO [646/750] 92201356-fc53-439a-b4f6-a3827bf5d9af: Sackin index -0.0696; 0.8 s; peak memory 1250 MiB.
2026-10-10T10:42:06Z INFO [647/750] 922067e5-e49a-453d-8b3b-40439c5e9f06: Sackin index -0.1349; 0.6 s; peak memory 1250 MiB.
2026-10-10T10:42:07Z INFO [648/750] 92209a7c-ab4c-452a-ae82-bac33c4a6789: Sackin index -0.0702; 0.7 s; peak memory 1250 MiB.
2026-10-10T10:42:10Z INFO [649/750] 92215ff6-999c-440d-b952-8f08f4facf0b: Sackin index -0.0244; 3.3 s; peak memory 1250 MiB.
2026-10-10T10:42:11Z INFO [650/750] 92220965-a1af-422b-9c7d-5c899f95d3d8: Sackin index -0.1658; 0.5 s; peak memory 1250 MiB.
2026-10-10T10:42:11Z INFO [650/750] 92220965-a1af-422b-9c7d-5c899f95d3d8: checkpointed 117486 new records.
2026-10-10T10:42:12Z INFO [651/750] 922222d6-1381-47df-82b8-fa255c938ece: Sackin index -0.1349; 0.9 s; peak memory 1250 MiB.
2026-10-10T10:42:13Z INFO [652/750] 922379da-a7f3-4eaf-bc35-811491048f28: Sackin index -0.1161; 0.6 s; peak memory 1250 MiB.
2026-10-10T10:42:13Z INFO [653/750] 9223e43a-ca48-4c92-89ca-294c3e57dd71: Sackin index -0.1248; 0.6 s; peak memory 1250 MiB.
2026-10-10T10:42:14Z INFO [654/750] 92256996-30b9-4cca-a50a-5a724540d95e: Sackin index -0.0747; 1.1 s; peak memory 1250 MiB.
2026-10-10T10:42:22Z INFO [655/750] 9225749d-9e70-4bab-aaa6-6209b3f9373d: Sackin index -0.0171; 7.4 s; peak memory 1250 MiB.
2026-10-10T10:42:23Z INFO [656/750] 9225a1f6-107b-495c-a01f-9713942446cc: Sackin index -0.0275; 1.1 s; peak memory 1250 MiB.
2026-10-10T10:42:24Z INFO [657/750] 9225ff99-5ed3-4974-a889-f342fe888f61: Sackin index -0.0709; 0.9 s; peak memory 1250 MiB.
2026-10-10T10:42:25Z INFO [658/750] 922629c7-3e5a-457f-a8d7-c4aff08b6ff2: Sackin index -0.0275; 1.3 s; peak memory 1250 MiB.
2026-10-10T10:42:26Z INFO [659/750] 92262d44-70bd-47ac-80c2-cab67217963a: Sackin index -0.2000; 0.5 s; peak memory 1250 MiB.
2026-10-10T10:42:28Z INFO [660/750] 9228fefc-d2e5-4700-8c94-bb8f64362009: Sackin index -0.0660; 2.0 s; peak memory 1250 MiB.
2026-10-10T10:42:28Z INFO [661/750] 9229bfc6-b1e1-4ab2-aa95-ac0fc7675640: Sackin index -0.1349; 0.6 s; peak memory 1250 MiB.
2026-10-10T10:42:37Z INFO [662/750] 922a1101-c791-4b75-b3cd-6ba34ed35388: Sackin index -0.0195; 8.6 s; peak memory 1250 MiB.
2026-10-10T10:42:38Z INFO [663/750] 922aa138-e5a7-4810-a575-e8ddd9f5b0f3: Sackin index -0.0275; 1.0 s; peak memory 1250 MiB.
2026-10-10T10:42:39Z INFO [664/750] 922ad7fc-0e55-45c0-87fd-59f8bb60ca3e: Sackin index -0.0728; 0.9 s; peak memory 1250 MiB.
2026-10-10T10:42:40Z INFO [665/750] 922adb76-784b-4c07-bee4-3948ed24b581: Sackin index -0.0587; 1.6 s; peak memory 1250 MiB.
2026-10-10T10:42:49Z INFO [666/750] 922aeb4d-05bf-44c4-b908-c84c05f45c18: Sackin index -0.1938; 8.5 s; peak memory 1250 MiB.
2026-10-10T10:42:49Z INFO [667/750] 922b8f5a-805d-4f6a-a5ec-995f75182aa7: Sackin index -0.0709; 0.7 s; peak memory 1250 MiB.
2026-10-10T10:42:58Z INFO [668/750] 922bd803-849b-4a39-9b2d-8f629780e046: Sackin index -0.0130; 8.6 s; peak memory 1250 MiB.
2026-10-10T10:42:59Z INFO [669/750] 922ca2e1-8f73-410b-be6a-6e840fa9d876: Sackin index -0.0696; 0.8 s; peak memory 1250 MiB.
2026-10-10T10:43:00Z INFO [670/750] 922cae17-fe4b-433c-9979-5513f6ca2454: Sackin index -0.0702; 0.8 s; peak memory 1250 MiB.
2026-10-10T10:43:01Z INFO [671/750] 922ce66a-d9c7-4a55-8832-f2d6aecc8792: Sackin index -0.0676; 1.5 s; peak memory 1250 MiB.
2026-10-10T10:43:02Z INFO [672/750] 922f2e8c-45f0-4015-b3f7-71f38a39d87b: Sackin index -0.0467; 1.3 s; peak memory 1250 MiB.
2026-10-10T10:43:03Z INFO [673/750] 922f2fa9-4ce7-443a-9361-b1cd659434d6: Sackin index -0.0709; 0.9 s; peak memory 1250 MiB.
2026-10-10T10:43:04Z INFO [674/750] 922f3811-293e-4055-9f07-dc6a5e752c67: Sackin index -0.0369; 1.0 s; peak memory 1250 MiB.
2026-10-10T10:43:12Z INFO [675/750] 922fd067-116a-4b36-a3cd-9a2757d4d38c: Sackin index -0.1330; 7.6 s; peak memory 1250 MiB.
2026-10-10T10:43:14Z INFO [676/750] 9230cbd8-857a-4850-9065-5bc20853ac68: Sackin index -0.0660; 1.8 s; peak memory 1250 MiB.
2026-10-10T10:43:15Z INFO [677/750] 9231f652-c454-4efa-8153-8494ed707b50: Sackin index -0.0547; 1.0 s; peak memory 1250 MiB.
2026-10-10T10:43:21Z INFO [678/750] 9232602e-1627-4ac5-ab82-a15ed4f7fb5d: Sackin index -0.0147; 6.2 s; peak memory 1250 MiB.
2026-10-10T10:43:22Z INFO [679/750] 9232ead3-f42c-48bc-acb5-bf64bc665216: Sackin index -0.1291; 1.1 s; peak memory 1250 MiB.
2026-10-10T10:43:23Z INFO [680/750] 9233633b-e2ff-44ff-8b7b-e5304ef74bb5: Sackin index -0.0881; 0.8 s; peak memory 1250 MiB.
2026-10-10T10:43:24Z INFO [681/750] 92339534-b98f-4a77-8a8a-ed2d48f982e6: Sackin index -0.0569; 0.8 s; peak memory 1250 MiB.
2026-10-10T10:43:24Z INFO [682/750] 923416f9-d62d-4b45-b03a-5519f7f2c5c5: Sackin index -0.0702; 0.8 s; peak memory 1250 MiB.
2026-10-10T10:43:25Z INFO [683/750] 92343bd3-6907-4fa9-ada9-ac7ebdc45260: Sackin index -0.1484; 0.5 s; peak memory 1250 MiB.
2026-10-10T10:43:26Z INFO [684/750] 9235085b-19f2-451b-9fc4-08b0da44814d: Sackin index -0.0745; 1.1 s; peak memory 1250 MiB.
2026-10-10T10:43:26Z INFO [685/750] 92351435-5c0d-425d-9b6e-ae73dcd39b12: Sackin index -0.1938; 0.5 s; peak memory 1250 MiB.
2026-10-10T10:43:27Z INFO [686/750] 92352039-aa71-42ac-8e48-6d043607d79b: Sackin index -0.1349; 0.6 s; peak memory 1250 MiB.
2026-10-10T10:43:28Z INFO [687/750] 923603e5-5eab-4b4d-9823-05810fe8dbcd: Sackin index -0.0375; 0.9 s; peak memory 1250 MiB.
2026-10-10T10:43:29Z INFO [688/750] 9236f1aa-5c7c-4de6-bd60-fc57848d29c6: Sackin index -0.0709; 0.7 s; peak memory 1250 MiB.
2026-10-10T10:43:29Z INFO [689/750] 92371f3a-7791-4fe5-aa0f-3c4849dc596a: Sackin index -0.0696; 0.7 s; peak memory 1250 MiB.
2026-10-10T10:43:31Z INFO [690/750] 92374226-11ed-4b37-95a4-b884b1e6a223: Sackin index -0.0728; 1.2 s; peak memory 1250 MiB.
2026-10-10T10:43:31Z INFO [691/750] 92377542-3cfa-4eb6-939c-5b09d6020e5d: Sackin index -0.1349; 0.7 s; peak memory 1250 MiB.
2026-10-10T10:43:32Z INFO [692/750] 923845aa-54d9-4c34-8226-3ca98b03936f: Sackin index -0.1191; 0.5 s; peak memory 1250 MiB.
2026-10-10T10:43:32Z INFO [693/750] 92389908-dc10-4b5a-a959-2dfcb92dd765: Sackin index -0.1658; 0.5 s; peak memory 1250 MiB.
2026-10-10T10:43:34Z INFO [694/750] 92389cdf-64e7-4677-8bd7-c778aa635618: Sackin index -0.0369; 1.3 s; peak memory 1250 MiB.
2026-10-10T10:43:35Z INFO [695/750] 9239fe5e-fedf-4774-bbe0-5f254cc8ab2a: Sackin index -0.0369; 1.0 s; peak memory 1250 MiB.
2026-10-10T10:44:55Z INFO [696/750] 923a02e4-a647-4f30-a8ac-bef3078b13dd: Sackin index -0.1076; 80.5 s; peak memory 1250 MiB.
2026-10-10T10:44:56Z INFO [697/750] 923b277b-3299-4f89-91aa-4dc3ca5faeef: Sackin index -0.1349; 0.8 s; peak memory 1250 MiB.
2026-10-10T10:44:59Z INFO [698/750] 923b5646-d395-45a3-ac90-22e700f21086: Sackin index -0.0390; 3.4 s; peak memory 1250 MiB.
2026-10-10T10:45:00Z INFO [699/750] 923ba869-19bb-44df-b817-bf3bb4084a56: Sackin index -0.1015; 0.9 s; peak memory 1250 MiB.
2026-10-10T10:45:01Z INFO [700/750] 923bdf56-85c8-4517-9ff5-e0251f204dd6: Sackin index -0.0728; 1.1 s; peak memory 1250 MiB.
2026-10-10T10:45:02Z INFO [700/750] 923bdf56-85c8-4517-9ff5-e0251f204dd6: checkpointed 117536 new records.
2026-10-10T10:45:03Z INFO [701/750] 923bf9b6-72b1-40a9-9abd-538f2868db0c: Sackin index -0.0681; 1.3 s; peak memory 1250 MiB.
2026-10-10T10:45:04Z INFO [702/750] 923d10d4-1b01-4a56-904a-aec52d5c5bd0: Sackin index -0.1349; 0.8 s; peak memory 1250 MiB.
2026-10-10T10:45:05Z INFO [703/750] 923d65fc-ece8-4567-ae1c-0f25036f48fd: Sackin index -0.0702; 0.9 s; peak memory 1250 MiB.
2026-10-10T10:45:09Z INFO [704/750] 923df1fc-f8f1-46c8-8bd3-a445942175cb: Sackin index -0.0438; 4.4 s; peak memory 1250 MiB.
2026-10-10T10:45:10Z INFO [705/750] 923e6ca5-20d6-4d02-be87-b36ac684f3ff: Sackin index -0.0702; 0.9 s; peak memory 1250 MiB.
2026-10-10T10:45:11Z INFO [706/750] 923f0331-430e-4a28-bd21-437592d457e9: Sackin index -0.0702; 0.8 s; peak memory 1250 MiB.
2026-10-10T10:45:15Z INFO [707/750] 923f7686-de6a-4f4a-b9d1-18247a723d2d: Sackin index -0.0226; 4.8 s; peak memory 1250 MiB.
2026-10-10T10:45:16Z INFO [708/750] 92400c8a-8841-4698-a26b-a986402833c3: Sackin index -0.1046; 0.7 s; peak memory 1250 MiB.
2026-10-10T10:45:17Z INFO [709/750] 92409360-7504-478d-b426-3188d1b7251d: Sackin index -0.0702; 0.7 s; peak memory 1250 MiB.
2026-10-10T10:45:21Z INFO [710/750] 9240c99e-01a0-419d-87ce-1ea1e3dc0629: Sackin index -0.0212; 4.3 s; peak memory 1250 MiB.
2026-10-10T10:45:22Z INFO [711/750] 92412e97-89b0-4f29-be03-1badf63dfae7: Sackin index -0.0956; 0.7 s; peak memory 1250 MiB.
2026-10-10T10:45:23Z INFO [712/750] 924160e7-bb15-4fc7-bc93-d564ffb681f1: Sackin index -0.0702; 0.8 s; peak memory 1250 MiB.
2026-10-10T10:45:23Z INFO [713/750] 9241814e-4f43-4a4c-99e2-9f575f969b19: Sackin index -0.1349; 0.6 s; peak memory 1250 MiB.
2026-10-10T10:45:24Z INFO [714/750] 9241ab1c-4258-4dee-ac69-517e4c04e298: Sackin index -0.0676; 1.1 s; peak memory 1250 MiB.
2026-10-10T10:45:25Z INFO [715/750] 92435b6f-3b7b-4f73-8074-d6f66200d5cd: Sackin index -0.1298; 0.6 s; peak memory 1250 MiB.
2026-10-10T10:45:26Z INFO [716/750] 92437b1d-d05b-4bab-b179-ca1d9e964f17: Sackin index -0.1349; 0.8 s; peak memory 1250 MiB.
2026-10-10T10:45:27Z INFO [717/750] 92446ff2-8160-400b-85c7-fbc2f19ef061: Sackin index -0.0369; 1.0 s; peak memory 1250 MiB.
2026-10-10T10:45:28Z INFO [718/750] 924474af-55ef-4c9a-9eb1-f150d1fe165b: Sackin index -0.1248; 0.8 s; peak memory 1250 MiB.
2026-10-10T10:45:29Z INFO [719/750] 9245c2c3-b69b-4b1e-80a1-241f208b416c: Sackin index -0.0375; 0.8 s; peak memory 1250 MiB.
2026-10-10T10:45:29Z INFO [720/750] 9245dc7f-6e17-430d-8925-53cb38d88d8f: Sackin index -0.1938; 0.7 s; peak memory 1250 MiB.
2026-10-10T10:45:30Z INFO [721/750] 92462e7c-cc66-4ea9-8084-0a0d895edb8a: Sackin index -0.0728; 0.9 s; peak memory 1250 MiB.
2026-10-10T10:45:34Z INFO [722/750] 92464850-b409-4a3a-9398-72280c3b575c: Sackin index -0.0251; 3.9 s; peak memory 1250 MiB.
2026-10-10T10:45:41Z INFO [723/750] 924788e6-b74b-4990-bd70-25895e77ee3b: Sackin index -0.0136; 6.8 s; peak memory 1250 MiB.
2026-10-10T10:45:42Z INFO [724/750] 924913d7-ebe9-477f-a029-f7cb60caab08: Sackin index -0.0881; 0.7 s; peak memory 1250 MiB.
2026-10-10T10:45:42Z INFO [725/750] 92491dd7-7470-4b88-94fa-bdd7ec37b58e: Sackin index -0.0702; 0.8 s; peak memory 1250 MiB.
2026-10-10T10:45:43Z INFO [726/750] 9249a54a-bb75-40f2-8c19-9dd202e48eb1: Sackin index -0.1349; 0.7 s; peak memory 1250 MiB.
2026-10-10T10:45:44Z INFO [727/750] 9249ea37-e0f9-424d-84ff-9b1df041bc90: Sackin index -0.0275; 1.1 s; peak memory 1250 MiB.
2026-10-10T10:45:45Z INFO [728/750] 924b982a-8910-4005-a6b7-5d08597fe9dc: Sackin index -0.0709; 0.9 s; peak memory 1250 MiB.
2026-10-10T10:45:46Z INFO [729/750] 924ce468-fd88-4bbd-ba49-8fc36127e63f: Sackin index -0.0696; 0.8 s; peak memory 1250 MiB.
2026-10-10T10:45:47Z INFO [730/750] 924dda83-984f-44e2-808a-7ffcd36b9fca: Sackin index -0.0696; 0.7 s; peak memory 1250 MiB.
2026-10-10T10:45:47Z INFO [731/750] 924dfb80-4ff4-4496-bb34-688ad785116d: Sackin index -0.0709; 0.7 s; peak memory 1250 MiB.
2026-10-10T10:45:48Z INFO [732/750] 924e5b17-7784-4827-acd4-99fb625469d8: Sackin index -0.0745; 0.7 s; peak memory 1250 MiB.
2026-10-10T10:45:50Z INFO [733/750] 924f2fdb-ab7e-40f1-91a6-81b8b046f1c8: Sackin index -0.1938; 1.7 s; peak memory 1250 MiB.
2026-10-10T10:45:56Z INFO [734/750] 924f3d81-9469-4b3e-b374-368fe732fb5f: Sackin index -0.0365; 6.8 s; peak memory 1250 MiB.
2026-10-10T10:45:58Z INFO [735/750] 924f597f-6394-4f3b-a7a2-8c64c96f8e83: Sackin index -0.1356; 1.1 s; peak memory 1250 MiB.
2026-10-10T10:45:59Z INFO [736/750] 924fc4d0-7ce5-4074-822a-4bb3595ff23c: Sackin index -0.0369; 1.2 s; peak memory 1250 MiB.
2026-10-10T10:45:59Z INFO [737/750] 92503f14-1312-4373-9bb0-82bffdf82a29: Sackin index -0.1298; 0.6 s; peak memory 1250 MiB.
2026-10-10T10:46:00Z INFO [738/750] 92506b1c-f2e6-4941-8a5b-74c10978c579: Sackin index -0.1291; 1.1 s; peak memory 1250 MiB.
2026-10-10T10:46:01Z INFO [739/750] 92511d13-809e-4ee0-8c6c-3e91a1083efa: Sackin index -0.0702; 0.8 s; peak memory 1250 MiB.
2026-10-10T10:46:02Z INFO [740/750] 9251daac-6655-43d4-9085-b48624483c29: Sackin index -0.1349; 0.7 s; peak memory 1250 MiB.
2026-10-10T10:46:02Z INFO [741/750] 92533416-d221-4d74-973a-1dd5ef27f386: Sackin index -0.1658; 0.5 s; peak memory 1250 MiB.
2026-10-10T10:46:03Z INFO [742/750] 9253a913-cfb8-4ce7-b3da-0603786b6efd: Sackin index -0.1349; 0.8 s; peak memory 1250 MiB.
2026-10-10T10:46:06Z INFO [743/750] 9253c3f1-9cd3-457b-9aaa-4f684d45c171: Sackin index -0.0251; 3.0 s; peak memory 1250 MiB.
2026-10-10T10:46:07Z INFO [744/750] 9254a625-caab-42a8-8e2e-04a38aef438b: Sackin index -0.1349; 0.6 s; peak memory 1250 MiB.
2026-10-10T10:46:07Z INFO [745/750] 9254f716-aed8-4931-b985-03f411031ea5: Sackin index -0.0702; 0.7 s; peak memory 1250 MiB.
2026-10-10T10:46:09Z INFO [746/750] 92554801-0c5c-4237-8144-1da20a257bb2: Sackin index -0.0728; 1.1 s; peak memory 1250 MiB.
2026-10-10T10:46:09Z INFO [747/750] 9255696d-ad0b-4657-bba5-70a100fceea2: Sackin index -0.1349; 0.6 s; peak memory 1250 MiB.
2026-10-10T10:46:10Z INFO [748/750] 9255bd5e-ba84-4ef5-89a5-d6b7c6e28d59: Sackin index -0.1349; 0.7 s; peak memory 1250 MiB.
2026-10-10T10:46:12Z INFO [749/750] 9255be0e-906b-4ef6-97d4-d996a3edfdfe: Sackin index -0.0660; 1.9 s; peak memory 1250 MiB.
2026-10-10T10:46:13Z INFO [750/750] 92566267-5755-45f9-9411-7a15ad0e5c90: Sackin index -0.0696; 0.8 s; peak memory 1250 MiB.
2026-10-10T10:46:13Z INFO [750/750] 92566267-5755-45f9-9411-7a15ad0e5c90: checkpointed 117586 new records.
2026-10-10T10:46:13Z INFO Wrote 117586 records to /tmp/derivatives/valid_nwb_file_to_sackin_index.jsonl (750 new, 0 failed) in 74.2 min (peak memory 1250 MiB).
