2026-10-06T13:22:10Z INFO Logging to /tmp/logs/update_2026-10-06T13-22-10Z.log.
2026-10-06T13:22:10Z INFO Update valid-nwb-file-to-sackin-index (base directory /tmp).
2026-10-06T13:22:10Z INFO Processing 750 items (86086 already recorded).
2026-10-06T13:22:12Z INFO [1/750] 512c7886-88dc-46d4-bca7-c79de4cc4d2a: Sackin index -0.0745; 1.6 s; peak memory 114 MiB.
2026-10-06T13:22:13Z INFO [2/750] 512c85d2-1430-4bac-9cd3-d7ef2fe87bcd: Sackin index -0.1349; 0.9 s; peak memory 114 MiB.
2026-10-06T13:22:14Z INFO [3/750] 512d8f29-94b5-4480-9e4b-b46762668bef: Sackin index -0.0673; 0.9 s; peak memory 114 MiB.
2026-10-06T13:22:14Z INFO [4/750] 512e2eca-a9ae-4764-ae57-0fd83066fc2e: Sackin index -0.1658; 0.5 s; peak memory 115 MiB.
2026-10-06T13:22:15Z INFO [5/750] 51305752-3c5f-4ceb-b480-d25d1cee545a: Sackin index -0.1117; 1.0 s; peak memory 115 MiB.
2026-10-06T13:22:16Z INFO [6/750] 5130d9cf-f843-4167-80a8-183e6930b3af: Sackin index -0.1349; 0.8 s; peak memory 115 MiB.
2026-10-06T13:22:17Z INFO [7/750] 5130e199-bf8c-49e3-9bac-41b61f395070: Sackin index -0.0380; 0.8 s; peak memory 116 MiB.
2026-10-06T13:22:18Z INFO [8/750] 5131010c-3d2c-4d7b-a383-8b68734fc66c: Sackin index -0.1349; 0.9 s; peak memory 116 MiB.
2026-10-06T13:22:19Z INFO [9/750] 5131dd94-e52f-4139-8740-03fc9518c992: Sackin index -0.1273; 1.1 s; peak memory 116 MiB.
2026-10-06T13:22:19Z INFO [10/750] 5132129f-43a6-4527-8b25-29a91cf629a3: Sackin index -0.1658; 0.6 s; peak memory 116 MiB.
2026-10-06T13:22:20Z INFO [11/750] 5132d946-53d4-4676-a9fc-0f82fa7ef277: Sackin index -0.0728; 0.9 s; peak memory 118 MiB.
2026-10-06T13:22:21Z INFO [12/750] 513337ac-2196-4eb7-8e38-9d087497649f: Sackin index -0.0696; 0.8 s; peak memory 118 MiB.
2026-10-06T13:22:22Z INFO [13/750] 51340eda-ce5f-4f1a-acfe-f12d19e200f1: Sackin index -0.1349; 1.0 s; peak memory 118 MiB.
2026-10-06T13:22:23Z INFO [14/750] 5134736a-39a9-4c66-8136-9b620361840e: Sackin index -0.0702; 1.1 s; peak memory 118 MiB.
2026-10-06T13:22:32Z INFO [15/750] 5135f035-31b3-40f7-ae7b-ccfd0d976770: Sackin index -0.0776; 8.4 s; peak memory 145 MiB.
2026-10-06T13:22:34Z INFO [16/750] 51374887-e16b-4b3e-a987-68e0a896c7d1: Sackin index -0.0677; 2.2 s; peak memory 146 MiB.
2026-10-06T13:22:35Z INFO [17/750] 51388b7d-969c-43d2-978b-21ff8b496d3d: Sackin index -0.0738; 1.5 s; peak memory 146 MiB.
2026-10-06T13:22:51Z INFO [18/750] 51390b38-ea0e-42b9-931d-b6831e2bca53: Sackin index -0.0271; 15.2 s; peak memory 146 MiB.
2026-10-06T13:22:51Z INFO [19/750] 513921c5-b2e6-4b96-9560-9e1cc7339541: Sackin index -0.1248; 0.8 s; peak memory 146 MiB.
2026-10-06T13:22:52Z INFO [20/750] 513a65f9-34fa-48ac-83a3-384824e2221b: Sackin index -0.0696; 0.8 s; peak memory 146 MiB.
2026-10-06T13:23:42Z INFO [21/750] 513a80ec-5fa9-4859-9fac-9fc5959b5202: Sackin index -0.0013; 50.2 s; peak memory 414 MiB.
2026-10-06T13:23:43Z INFO [22/750] 513a954d-1f48-429a-bf00-a3438e9b578e: Sackin index -0.0816; 0.9 s; peak memory 414 MiB.
2026-10-06T13:23:44Z INFO [23/750] 513ade33-d5c5-408d-b232-2ce72ca2b428: Sackin index -0.1349; 0.8 s; peak memory 414 MiB.
2026-10-06T13:23:47Z INFO [24/750] 513bd53e-4a34-46a3-b040-1c5e21da1350: Sackin index -0.1562; 2.8 s; peak memory 414 MiB.
2026-10-06T13:23:49Z INFO [25/750] 513be939-7ef4-4471-9042-3c3f95cbc7bf: Sackin index -0.0699; 2.2 s; peak memory 414 MiB.
2026-10-06T13:23:50Z INFO [26/750] 513d5fd5-860b-40e5-a27d-c0856bb14d07: Sackin index -0.1390; 0.9 s; peak memory 414 MiB.
2026-10-06T13:23:51Z INFO [27/750] 513e78ba-ab0f-4950-bbf5-755a27438156: Sackin index -0.1938; 0.7 s; peak memory 414 MiB.
2026-10-06T13:23:52Z INFO [28/750] 513e7b91-a16b-4de2-96e7-43ad31a7ddc5: Sackin index -0.0745; 1.4 s; peak memory 414 MiB.
2026-10-06T13:23:53Z INFO [29/750] 513e80ee-0fd8-44cb-b753-b24de94a0248: Sackin index -0.1248; 0.9 s; peak memory 414 MiB.
2026-10-06T13:23:54Z INFO [30/750] 513eaed5-314c-4c8f-99fd-09fda4c32d84: Sackin index -0.0696; 0.8 s; peak memory 414 MiB.
2026-10-06T13:23:55Z INFO [31/750] 513f4403-fc25-41e1-8fe8-14dad496be4f: Sackin index -0.1349; 0.9 s; peak memory 414 MiB.
2026-10-06T13:23:55Z INFO [32/750] 513f50d0-c6ea-4d99-b118-2b26b58fac14: Sackin index -0.0707; 0.6 s; peak memory 414 MiB.
2026-10-06T13:23:57Z INFO [33/750] 513f6332-1453-4147-abb5-43eaaa38d2fc: Sackin index -0.0704; 2.1 s; peak memory 414 MiB.
2026-10-06T13:23:58Z INFO [34/750] 513f7d94-7729-45d9-bb1d-835c745747cd: Sackin index -0.1349; 0.8 s; peak memory 414 MiB.
2026-10-06T13:24:09Z INFO [35/750] 51400f2a-ecb8-434a-9fd4-b9adbc8b9e1d: Sackin index -0.0262; 11.0 s; peak memory 414 MiB.
2026-10-06T13:24:10Z INFO [36/750] 5140d7fd-5185-4c12-b545-8c87b2e53063: Sackin index -0.1273; 1.0 s; peak memory 414 MiB.
2026-10-06T13:24:12Z INFO [37/750] 51410808-96ec-4e08-a4d1-1c538e3da356: Sackin index -0.1233; 1.3 s; peak memory 414 MiB.
2026-10-06T13:24:13Z INFO [38/750] 5141ff0a-641d-40cb-bb2e-1db3ad973218: Sackin index -0.0745; 0.9 s; peak memory 414 MiB.
2026-10-06T13:24:13Z INFO [39/750] 514219a6-9b7e-408e-a1f8-ddee0f0e6dba: Sackin index -0.1349; 0.8 s; peak memory 414 MiB.
2026-10-06T13:24:14Z INFO [40/750] 5142870d-39c5-4dc8-b93a-dbca20d0bcec: Sackin index -0.0728; 1.1 s; peak memory 414 MiB.
2026-10-06T13:24:15Z INFO [41/750] 51430e9c-3c05-44d9-bd3d-1070f5fae233: Sackin index -0.0709; 0.9 s; peak memory 414 MiB.
2026-10-06T13:24:17Z INFO [42/750] 51436b99-41e4-4416-bdd2-9bd8a63101cc: Sackin index -0.1938; 1.5 s; peak memory 414 MiB.
2026-10-06T13:24:18Z INFO [43/750] 5143a960-0609-4cfa-b09c-fd3fe8b7b71e: Sackin index -0.1120; 0.7 s; peak memory 414 MiB.
2026-10-06T13:24:28Z INFO [44/750] 5144821b-078c-4172-a2b2-323761e7045d: Sackin index -0.1250; 10.1 s; peak memory 414 MiB.
2026-10-06T13:24:29Z INFO [45/750] 5144e822-2b88-4396-bf64-86f03b061cf1: Sackin index -0.1349; 1.0 s; peak memory 414 MiB.
2026-10-06T13:24:29Z INFO [46/750] 5145152c-3e45-415e-9a0a-50e8250b924e: Sackin index -0.1349; 0.8 s; peak memory 414 MiB.
2026-10-06T13:24:30Z INFO [47/750] 51456890-528a-401a-bea1-d443a1e6afb5: Sackin index -0.1135; 0.7 s; peak memory 414 MiB.
2026-10-06T13:24:31Z INFO [48/750] 5145aa59-8b4d-401a-b783-d9e69d50e896: Sackin index -0.0380; 0.9 s; peak memory 414 MiB.
2026-10-06T13:24:32Z INFO [49/750] 514733b3-4789-445e-a8d4-a8ce75bec40a: Sackin index -0.0369; 1.1 s; peak memory 414 MiB.
2026-10-06T13:24:33Z INFO [50/750] 5148868a-36d1-4936-8330-9f2c174aa620: Sackin index -0.1349; 1.0 s; peak memory 414 MiB.
2026-10-06T13:24:33Z INFO [50/750] 5148868a-36d1-4936-8330-9f2c174aa620: checkpointed 86136 records.
2026-10-06T13:24:34Z INFO [51/750] 514a3531-ea95-4022-9ad4-2f1f9498bd8a: Sackin index -0.1178; 0.8 s; peak memory 414 MiB.
2026-10-06T13:24:35Z INFO [52/750] 514acfdd-11f4-48ed-a09d-006e9f4e8188: Sackin index -0.1349; 0.8 s; peak memory 414 MiB.
2026-10-06T13:24:43Z INFO [53/750] 514af535-0e09-419b-adbd-bd8f833e3b70: Sackin index -0.0017; 7.8 s; peak memory 416 MiB.
2026-10-06T13:24:44Z INFO [54/750] 514c5050-9009-45c4-bc79-5dcb9bc1e731: Sackin index -0.1349; 0.9 s; peak memory 416 MiB.
2026-10-06T13:24:45Z INFO [55/750] 514c9338-8166-4b2b-9ff5-d05725cd8365: Sackin index -0.0626; 1.2 s; peak memory 416 MiB.
2026-10-06T13:25:09Z INFO [56/750] 514d4a19-aee4-4a4e-9e16-f82bef07c99f: Sackin index -0.1367; 23.8 s; peak memory 416 MiB.
2026-10-06T13:25:52Z INFO [57/750] 514dc62d-c73f-427a-a572-58fe670e1977: Sackin index -0.1144; 43.9 s; peak memory 416 MiB.
2026-10-06T13:25:54Z INFO [58/750] 514efccd-7bfd-4161-a074-3d6cf2e39adc: Sackin index -0.0728; 1.3 s; peak memory 416 MiB.
2026-10-06T13:25:55Z INFO [59/750] 514f8fa1-6f22-42e0-bc3d-6f3de1b8ac15: Sackin index -0.1349; 0.9 s; peak memory 416 MiB.
2026-10-06T13:25:56Z INFO [60/750] 51506f63-cd85-4556-a18b-3b3ce5e89478: Sackin index -0.0702; 1.0 s; peak memory 416 MiB.
2026-10-06T13:26:04Z INFO [61/750] 51508ee5-c489-429b-ac1a-e0abbb1145c0: Sackin index -0.0130; 8.0 s; peak memory 416 MiB.
2026-10-06T13:26:05Z INFO [62/750] 5150c93d-9098-4fdb-b52a-654bd61fea9d: Sackin index -0.0696; 0.9 s; peak memory 416 MiB.
2026-10-06T13:26:15Z INFO [63/750] 515199dd-6793-451c-918f-ce0ee03fdc00: Sackin index -0.0122; 9.9 s; peak memory 416 MiB.
2026-10-06T13:26:16Z INFO [64/750] 5151c3a9-c454-427f-8804-6e5b9961c2f9: Sackin index -0.1000; 1.0 s; peak memory 416 MiB.
2026-10-06T13:26:17Z INFO [65/750] 5153091d-86b3-470d-a1c6-55152687d84d: Sackin index -0.0380; 1.3 s; peak memory 416 MiB.
2026-10-06T13:26:18Z INFO [66/750] 51537d66-a28d-4d38-b2fd-02e04317d592: Sackin index -0.0702; 1.0 s; peak memory 416 MiB.
2026-10-06T13:26:21Z INFO [67/750] 515422e2-8692-47ad-8058-bdea3b77ba18: Sackin index -0.0660; 2.7 s; peak memory 416 MiB.
2026-10-06T13:26:22Z INFO [68/750] 51543277-1458-4700-ae5a-b9061218b3fc: Sackin index -0.1349; 0.9 s; peak memory 416 MiB.
2026-10-06T13:26:22Z INFO [69/750] 5154e70a-2f8c-4b1c-92f5-e4e108681d36: Sackin index -0.1658; 0.7 s; peak memory 416 MiB.
2026-10-06T13:26:23Z INFO [70/750] 51558b1a-8a1b-4953-a0d4-05bd7d4ee590: Sackin index -0.1349; 1.2 s; peak memory 416 MiB.
2026-10-06T13:26:25Z INFO [71/750] 51563416-2b19-472a-83ee-d0d15d46f403: Sackin index -0.0376; 1.5 s; peak memory 416 MiB.
2026-10-06T13:26:26Z INFO [72/750] 51568ab1-6c1b-4208-8ee7-86e4e14517d6: Sackin index -0.1349; 0.9 s; peak memory 416 MiB.
2026-10-06T13:26:26Z INFO [73/750] 5156a22b-99f7-4b9c-94d3-59a94a70322b: Sackin index -0.1658; 0.6 s; peak memory 416 MiB.
2026-10-06T13:26:27Z INFO [74/750] 51574441-a323-4681-9de9-3604832f19b0: Sackin index -0.1349; 0.8 s; peak memory 416 MiB.
2026-10-06T13:26:34Z INFO [75/750] 5157d36a-da7a-4722-bde8-bac0dc80352b: Sackin index -0.0208; 7.0 s; peak memory 416 MiB.
2026-10-06T13:26:35Z INFO [76/750] 5158f50e-209c-4ea5-8e42-3bd6b9a270f5: Sackin index -0.0696; 0.9 s; peak memory 416 MiB.
2026-10-06T13:26:37Z INFO [77/750] 5159549c-1faf-48ff-8f52-ead11b65c994: Sackin index -0.0660; 2.2 s; peak memory 416 MiB.
2026-10-06T13:26:42Z INFO [78/750] 51598373-a64c-4329-b178-adcfb38b4824: Sackin index -0.0438; 4.9 s; peak memory 416 MiB.
2026-10-06T13:26:48Z INFO [79/750] 5159afc7-a4ca-4d80-a55a-b92b42698141: Sackin index -0.0017; 5.4 s; peak memory 416 MiB.
2026-10-06T13:26:49Z INFO [80/750] 515a4684-c0ea-4774-8710-85f0d2b64df0: Sackin index -0.0728; 1.2 s; peak memory 416 MiB.
2026-10-06T13:26:50Z INFO [81/750] 515ad2b4-edb7-4f34-bcb5-5ec249ba5e0a: Sackin index -0.1248; 0.8 s; peak memory 416 MiB.
2026-10-06T13:26:50Z INFO [82/750] 515be986-ec2a-408b-a06f-96498321b339: Sackin index -0.1135; 0.5 s; peak memory 416 MiB.
2026-10-06T13:26:51Z INFO [83/750] 515c598b-b2e3-44ce-913f-7ac4651433d9: Sackin index -0.1191; 0.9 s; peak memory 416 MiB.
2026-10-06T13:26:52Z INFO [84/750] 515c6dca-beaf-4c8d-ab57-29a2f77f7f7d: Sackin index -0.0702; 0.9 s; peak memory 416 MiB.
2026-10-06T13:26:54Z INFO [85/750] 515c7151-e087-44b5-b2e4-79051fd33dd1: Sackin index -0.0660; 2.4 s; peak memory 417 MiB.
2026-10-06T13:26:55Z INFO [86/750] 515c80bd-f2e9-4b0c-9def-005183d83ef4: Sackin index -0.0696; 0.8 s; peak memory 417 MiB.
2026-10-06T13:27:04Z INFO [87/750] 515e3854-7fde-4eaf-a31c-9562394c1469: Sackin index -0.0142; 8.5 s; peak memory 417 MiB.
2026-10-06T13:27:13Z INFO [88/750] 515e534f-6e1e-43fa-9408-5ece4d152727: Sackin index -0.0192; 9.1 s; peak memory 417 MiB.
2026-10-06T13:27:14Z INFO [89/750] 515e7d4e-b82d-4821-aea1-bf8ed956d11a: Sackin index -0.1349; 1.1 s; peak memory 417 MiB.
2026-10-06T13:27:15Z INFO [90/750] 515fe73c-086d-4531-b37f-63f78a462098: Sackin index -0.0696; 0.8 s; peak memory 417 MiB.
2026-10-06T13:27:16Z INFO [91/750] 51607e7b-bb3a-4248-a937-312c97217220: Sackin index -0.0696; 0.9 s; peak memory 417 MiB.
2026-10-06T13:27:16Z INFO [92/750] 51608bb7-1eba-4bcb-af71-552288defec4: Sackin index -0.1349; 0.8 s; peak memory 417 MiB.
2026-10-06T13:27:18Z INFO [93/750] 5160bc60-3947-467b-802f-f46fa96630d4: Sackin index -0.0745; 1.1 s; peak memory 417 MiB.
2026-10-06T13:27:20Z INFO [94/750] 5161c515-55a6-47ff-8a22-f4da9768a49e: Sackin index -0.0660; 2.4 s; peak memory 417 MiB.
2026-10-06T13:27:21Z INFO [95/750] 5161d989-14a5-41c7-994a-f508739fc829: Sackin index -0.1349; 0.9 s; peak memory 417 MiB.
2026-10-06T13:27:49Z INFO [96/750] 51620fcd-09b9-4b5f-ae0e-2f7848aad851: Sackin index -0.1474; 28.3 s; peak memory 417 MiB.
2026-10-06T13:27:50Z INFO [97/750] 5162a1b5-a259-4ddb-8ac9-e9e6368af38f: Sackin index -0.1135; 0.7 s; peak memory 417 MiB.
2026-10-06T13:27:51Z INFO [98/750] 5162c483-f9c9-49c4-ace9-3d2c427d11e7: Sackin index -0.0702; 1.0 s; peak memory 417 MiB.
2026-10-06T13:27:52Z INFO [99/750] 51633cf0-d26e-487e-9b35-b7750ca68a5c: Sackin index -0.1201; 0.8 s; peak memory 417 MiB.
2026-10-06T13:27:53Z INFO [100/750] 5164760d-06fe-45f6-bca7-edb1c18c924b: Sackin index -0.1349; 0.9 s; peak memory 417 MiB.
2026-10-06T13:27:53Z INFO [100/750] 5164760d-06fe-45f6-bca7-edb1c18c924b: checkpointed 86186 records.
2026-10-06T13:27:54Z INFO [101/750] 5164e44b-3a5e-4125-b766-854c77906f07: Sackin index -0.1233; 1.6 s; peak memory 417 MiB.
2026-10-06T13:27:55Z INFO [102/750] 5165f244-18ca-4a83-beb6-8bbd35c44941: Sackin index -0.0702; 0.8 s; peak memory 417 MiB.
2026-10-06T13:27:56Z INFO [103/750] 5165f5cd-33b1-4dc6-ab8b-943941fd5a10: Sackin index -0.0702; 0.9 s; peak memory 417 MiB.
2026-10-06T13:27:59Z INFO [104/750] 5166e5e9-1d6a-492d-aff6-d71a2255ee2a: Sackin index -0.0253; 3.2 s; peak memory 417 MiB.
2026-10-06T13:28:00Z INFO [105/750] 5166f6a2-f804-468c-9662-9d7f18ad7c2f: Sackin index -0.1633; 0.8 s; peak memory 417 MiB.
2026-10-06T13:28:01Z INFO [106/750] 51674e98-bded-4b45-8dc2-1da1f339aa78: Sackin index -0.0956; 0.8 s; peak memory 417 MiB.
2026-10-06T13:28:03Z INFO [107/750] 51679bf9-3904-4ead-9cfb-9dcd195b9c75: Sackin index -0.0699; 1.9 s; peak memory 417 MiB.
2026-10-06T13:28:05Z INFO [108/750] 5167eed1-5fdd-4474-9828-71f10131d441: Sackin index -0.0694; 2.6 s; peak memory 417 MiB.
2026-10-06T13:28:07Z INFO [109/750] 516a2e3f-e220-49ef-ab03-44d27cbe7085: Sackin index -0.0738; 1.3 s; peak memory 417 MiB.
2026-10-06T13:28:08Z INFO [110/750] 516a77f4-2daf-4cbd-a94f-e341672115c1: Sackin index -0.0728; 1.3 s; peak memory 417 MiB.
2026-10-06T13:28:09Z INFO [111/750] 516b4468-57d4-45f1-91c9-0c6a54aaa50b: Sackin index -0.1135; 0.7 s; peak memory 417 MiB.
2026-10-06T13:28:09Z INFO [112/750] 516b7420-70fe-4a93-8ef3-c096b6c01593: Sackin index -0.1349; 0.7 s; peak memory 417 MiB.
2026-10-06T13:28:10Z INFO [113/750] 516b9d17-582b-4d54-b005-ae3a0e8fac20: Sackin index -0.0702; 1.0 s; peak memory 417 MiB.
2026-10-06T13:28:12Z INFO [114/750] 516c367e-0dd8-4651-95c8-ea7e0e3389cd: Sackin index -0.1224; 1.7 s; peak memory 417 MiB.
2026-10-06T13:28:18Z INFO [115/750] 516c4487-344e-407c-ba97-19b26a50cab9: Sackin index -0.0366; 6.0 s; peak memory 417 MiB.
2026-10-06T13:28:19Z INFO [116/750] 516c5856-84e7-44a9-84b9-df2db3ca1abb: Sackin index -0.1307; 1.0 s; peak memory 417 MiB.
2026-10-06T13:28:20Z INFO [117/750] 516c5a7f-1e05-43bc-87e6-426c13566e81: Sackin index -0.1658; 0.5 s; peak memory 417 MiB.
2026-10-06T13:28:23Z INFO [118/750] 516e0a21-5ba3-427d-ac42-d1e5f46b1d46: Sackin index -0.0251; 3.6 s; peak memory 417 MiB.
2026-10-06T13:28:24Z INFO [119/750] 516e133b-f61e-43cf-b97d-08f1d50aa55c: Sackin index -0.1194; 1.2 s; peak memory 417 MiB.
2026-10-06T13:28:27Z INFO [120/750] 516e7e76-9f4d-45fd-b48a-57be0a95aab2: Sackin index -0.0466; 3.0 s; peak memory 417 MiB.
2026-10-06T13:28:29Z INFO [121/750] 516f25d9-ed23-4b59-9ee8-0a841016f080: Sackin index -0.1180; 1.3 s; peak memory 417 MiB.
2026-10-06T13:28:30Z INFO [122/750] 516f680f-6125-4fa8-9984-e96245816b31: Sackin index -0.1349; 1.0 s; peak memory 417 MiB.
2026-10-06T13:28:30Z INFO [123/750] 51713084-0b6f-4780-b495-14f012805976: Sackin index -0.1135; 0.7 s; peak memory 417 MiB.
2026-10-06T13:28:31Z INFO [124/750] 517222e1-a6b9-40a1-a9fb-8a251d40d048: Sackin index -0.1349; 0.9 s; peak memory 417 MiB.
2026-10-06T13:28:32Z INFO [125/750] 51742092-5c81-4dce-968d-45cd47f68d7f: Sackin index -0.1658; 0.6 s; peak memory 417 MiB.
2026-10-06T13:28:33Z INFO [126/750] 51747fcc-c398-40db-b7be-805ad79463d9: Sackin index -0.1273; 1.2 s; peak memory 417 MiB.
2026-10-06T13:28:34Z INFO [127/750] 5174b3b9-51df-471f-bdc6-a31834e1804b: Sackin index -0.1349; 0.9 s; peak memory 417 MiB.
2026-10-06T13:28:35Z INFO [128/750] 51754538-c1ed-4280-81b7-3be7375491af: Sackin index -0.0728; 0.9 s; peak memory 417 MiB.
2026-10-06T13:28:36Z INFO [129/750] 51761ed0-9f47-424f-988b-2b7f8bde02b7: Sackin index -0.1248; 1.0 s; peak memory 417 MiB.
2026-10-06T13:28:44Z INFO [130/750] 5177f847-36a7-438d-bf9c-67c513bd1dec: Sackin index -0.0140; 8.7 s; peak memory 417 MiB.
2026-10-06T13:28:47Z INFO [131/750] 517825c1-7ab2-4659-9537-56c288948d50: Sackin index -0.0287; 2.7 s; peak memory 417 MiB.
2026-10-06T13:28:48Z INFO [132/750] 517855ed-4c69-471b-a4f6-6582125fb63b: Sackin index -0.0457; 1.1 s; peak memory 417 MiB.
2026-10-06T13:28:54Z INFO [133/750] 5178c29a-60b9-418b-af53-fe30746ca5b9: Sackin index -0.0244; 5.6 s; peak memory 417 MiB.
2026-10-06T13:28:55Z INFO [134/750] 5178f746-6f90-4d71-8507-1c015d7f46b2: Sackin index -0.0702; 0.9 s; peak memory 417 MiB.
2026-10-06T13:28:56Z INFO [135/750] 5179496f-c942-49fe-b9c7-29a96cdf91fd: Sackin index -0.0696; 1.0 s; peak memory 417 MiB.
2026-10-06T13:28:57Z INFO [136/750] 5179aa48-0859-425d-8fd8-98fa24f25003: Sackin index -0.1349; 0.8 s; peak memory 417 MiB.
2026-10-06T13:28:59Z INFO [137/750] 517a8819-49ad-4630-b2c9-0b06865dec97: Sackin index -0.0660; 2.6 s; peak memory 417 MiB.
2026-10-06T13:29:05Z INFO [138/750] 517adbb9-e417-450a-b57f-767cb577b15f: Sackin index -0.0437; 6.1 s; peak memory 417 MiB.
2026-10-06T13:29:06Z INFO [139/750] 517b0d98-d60f-400d-82eb-c67815301756: Sackin index -0.0702; 0.9 s; peak memory 417 MiB.
2026-10-06T13:29:07Z INFO [140/750] 517b4621-ed08-4ac4-a758-8423c2ed3d68: Sackin index -0.0702; 0.9 s; peak memory 417 MiB.
2026-10-06T13:29:08Z INFO [141/750] 517c4f7c-a402-422a-aa5e-7f2409541c36: Sackin index -0.1349; 0.9 s; peak memory 417 MiB.
2026-10-06T13:31:13Z INFO [142/750] 517cafb3-4061-419f-bd60-c02428c25626: Sackin index -0.0276; 125.0 s; peak memory 417 MiB.
2026-10-06T13:31:17Z INFO [143/750] 517d38a2-4a96-44f4-b237-2e916c5b0290: Sackin index -0.0455; 4.7 s; peak memory 417 MiB.
2026-10-06T13:31:26Z INFO [144/750] 517d4160-2026-4a68-8302-97f748aa27fa: Sackin index -0.0783; 8.1 s; peak memory 417 MiB.
2026-10-06T13:31:27Z INFO [145/750] 517db870-1cc5-44e8-8ebb-abea8718c844: Sackin index -0.0728; 1.2 s; peak memory 417 MiB.
2026-10-06T13:31:28Z INFO [146/750] 517e2336-55cf-4cf8-b6d5-ff185064e48b: Sackin index -0.0728; 1.1 s; peak memory 417 MiB.
2026-10-06T13:31:36Z INFO [147/750] 517ed7e3-114b-4aa3-81fc-8e85598699c5: Sackin index -0.0691; 7.8 s; peak memory 417 MiB.
2026-10-06T13:31:42Z INFO [148/750] 518058ae-f3b9-42ba-8c20-a20bd581f2c7: Sackin index -0.0940; 5.9 s; peak memory 417 MiB.
2026-10-06T13:31:43Z INFO [149/750] 518076b3-9b3c-4c27-9b4b-44dc61276d3a: Sackin index -0.0376; 1.3 s; peak memory 417 MiB.
2026-10-06T13:38:29Z INFO [150/750] 5180e0c5-c6f5-4ab8-804b-bf4b0596dafd: Sackin index -0.0668; 406.1 s; peak memory 1198 MiB.
2026-10-06T13:38:29Z INFO [150/750] 5180e0c5-c6f5-4ab8-804b-bf4b0596dafd: checkpointed 86236 records.
2026-10-06T13:38:30Z INFO [151/750] 51811c5b-cd14-422d-a799-c73f9d681f91: Sackin index -0.1429; 0.9 s; peak memory 1198 MiB.
2026-10-06T13:38:31Z INFO [152/750] 51813dc4-b6ab-4024-b9e5-426507f31a44: Sackin index -0.0728; 1.2 s; peak memory 1198 MiB.
2026-10-06T13:38:33Z INFO [153/750] 51826b60-6c53-4e7d-820d-a33fa3885b43: Sackin index -0.0728; 1.3 s; peak memory 1198 MiB.
2026-10-06T13:38:34Z INFO [154/750] 518309e0-2b76-4f04-999e-77b8ecaf7a8b: Sackin index -0.1349; 0.9 s; peak memory 1198 MiB.
2026-10-06T13:38:34Z INFO [155/750] 51839ba2-2214-4bcf-849d-5808d340c19e: Sackin index -0.1341; 0.8 s; peak memory 1198 MiB.
2026-10-06T13:38:35Z INFO [156/750] 5183b50a-773b-44f6-af62-30a95081aa04: Sackin index -0.1239; 0.8 s; peak memory 1198 MiB.
2026-10-06T13:38:36Z INFO [157/750] 518439c7-7881-4e56-8e2a-f9d6ea2fbf5d: Sackin index -0.1349; 1.0 s; peak memory 1198 MiB.
2026-10-06T13:38:37Z INFO [158/750] 51845760-4c5d-492b-807f-40f650e983f3: Sackin index -0.1658; 0.7 s; peak memory 1198 MiB.
2026-10-06T13:38:38Z INFO [159/750] 518656c1-3f58-4162-9407-2c6c20e5f26a: Sackin index -0.0811; 0.9 s; peak memory 1198 MiB.
2026-10-06T13:38:59Z INFO [160/750] 5187b3cd-6256-44be-a615-8b8f21aa321b: Sackin index -0.1367; 21.3 s; peak memory 1198 MiB.
2026-10-06T13:39:00Z INFO [161/750] 5187cc8d-6de3-4aa8-b9bf-be21c900b45d: Sackin index -0.0709; 1.1 s; peak memory 1198 MiB.
2026-10-06T13:39:01Z INFO [162/750] 518986b8-c760-4997-bfbe-ba17b812e22e: Sackin index -0.0696; 1.1 s; peak memory 1198 MiB.
2026-10-06T13:39:02Z INFO [163/750] 518a2a7a-d446-469a-b3ec-03b5c840476b: Sackin index -0.1658; 0.6 s; peak memory 1198 MiB.
2026-10-06T13:39:03Z INFO [164/750] 518a567d-3a9a-4b9c-adca-d27b246c5ab2: Sackin index -0.0656; 0.6 s; peak memory 1198 MiB.
2026-10-06T13:39:07Z INFO [165/750] 518a8c55-25c9-4053-8ea8-30fc4d46b235: Sackin index -0.0252; 4.8 s; peak memory 1198 MiB.
2026-10-06T13:39:08Z INFO [166/750] 518a8e5f-7cde-46e0-88bf-182f1e5cea2f: Sackin index -0.1349; 0.8 s; peak memory 1198 MiB.
2026-10-06T13:39:10Z INFO [167/750] 518ac0c8-7db5-41df-b270-47505f511389: Sackin index -0.0693; 1.8 s; peak memory 1198 MiB.
2026-10-06T13:39:11Z INFO [168/750] 518b433d-1b0d-4c61-8f53-e141ccf002c8: Sackin index -0.1161; 0.6 s; peak memory 1198 MiB.
2026-10-06T13:39:15Z INFO [169/750] 518bd2ea-0856-4bf3-8f52-16a7e92004bf: Sackin index -0.0403; 4.8 s; peak memory 1198 MiB.
2026-10-06T13:39:16Z INFO [170/750] 518bf307-b1eb-4a96-b28d-8bc7f42f9a1d: Sackin index -0.0696; 0.9 s; peak memory 1198 MiB.
2026-10-06T13:39:23Z INFO [171/750] 518c54a2-e2fa-4c20-af99-74846e21433c: Sackin index -0.0204; 6.9 s; peak memory 1198 MiB.
2026-10-06T13:39:24Z INFO [172/750] 518c662e-92bb-485a-a6b2-1de9cb785765: Sackin index -0.0696; 0.9 s; peak memory 1198 MiB.
2026-10-06T13:39:31Z INFO [173/750] 518c704f-4a52-4f9d-8803-907ad7b0d02b: Sackin index -0.0397; 6.7 s; peak memory 1198 MiB.
2026-10-06T13:39:32Z INFO [174/750] 518cb863-b478-488c-84c2-6e65a1b3d270: Sackin index -0.1349; 0.8 s; peak memory 1198 MiB.
2026-10-06T13:39:32Z INFO [175/750] 518f294b-2558-453e-851f-0ff545c21039: Sackin index -0.1349; 0.9 s; peak memory 1198 MiB.
2026-10-06T13:39:33Z INFO [176/750] 518fefd8-9789-43a7-855f-685789933342: Sackin index -0.0384; 1.0 s; peak memory 1198 MiB.
2026-10-06T13:39:35Z INFO [177/750] 5190790f-9dbe-4671-8b68-e9259dd24854: Sackin index -0.0365; 1.4 s; peak memory 1198 MiB.
2026-10-06T13:39:36Z INFO [178/750] 5191519c-55bd-481a-82ce-8b2a8cfe8998: Sackin index -0.0379; 1.3 s; peak memory 1198 MiB.
2026-10-06T13:39:37Z INFO [179/750] 5191d7e8-361a-4206-b005-af53b62ef41c: Sackin index -0.1349; 0.8 s; peak memory 1198 MiB.
2026-10-06T13:39:38Z INFO [180/750] 51921374-9a12-4839-8145-17f4f777fbd3: Sackin index -0.0702; 1.0 s; peak memory 1198 MiB.
2026-10-06T13:39:38Z INFO [181/750] 5192d2d8-81bd-4432-9198-d9105be167c7: Sackin index -0.1658; 0.5 s; peak memory 1198 MiB.
2026-10-06T13:39:39Z INFO [182/750] 51931171-7b7e-491b-b4e4-b0199d41374d: Sackin index -0.1349; 0.9 s; peak memory 1198 MiB.
2026-10-06T13:39:40Z INFO [183/750] 51934eb8-69d6-4fab-9378-365e72a738bd: Sackin index -0.1349; 0.8 s; peak memory 1198 MiB.
2026-10-06T13:39:41Z INFO [184/750] 5193e757-cb74-4ec0-af53-e11659d2b4a5: Sackin index -0.0728; 1.2 s; peak memory 1198 MiB.
2026-10-06T13:39:42Z INFO [185/750] 5194ecf8-acd6-450a-90ce-d8c20ba6cae7: Sackin index -0.1191; 0.7 s; peak memory 1198 MiB.
2026-10-06T13:39:44Z INFO [186/750] 51951ccb-fdc9-4945-892a-a746d90b458a: Sackin index -0.0693; 2.1 s; peak memory 1198 MiB.
2026-10-06T13:40:00Z INFO [187/750] 5195feba-5c2d-46de-bb92-550534ea33c0: Sackin index -0.0235; 16.3 s; peak memory 1198 MiB.
2026-10-06T13:40:02Z INFO [188/750] 5196db75-c098-4cd8-a978-f9c293e6f2c9: Sackin index -0.0375; 1.3 s; peak memory 1198 MiB.
2026-10-06T13:40:07Z INFO [189/750] 5196f7c7-d3f0-4fc4-aee3-9cbb73b796d0: Sackin index -0.0940; 5.6 s; peak memory 1198 MiB.
2026-10-06T13:40:16Z INFO [190/750] 5197e81e-edd0-40a2-8b47-5316d25a20c3: Sackin index -0.0776; 8.7 s; peak memory 1198 MiB.
2026-10-06T13:40:17Z INFO [191/750] 519814c6-9791-4822-ad8c-e98e6720baca: Sackin index -0.0382; 1.1 s; peak memory 1198 MiB.
2026-10-06T13:40:18Z INFO [192/750] 5198c42e-4727-4e66-9a2a-14b6d3a27227: Sackin index -0.1248; 0.8 s; peak memory 1198 MiB.
2026-10-06T13:40:19Z INFO [193/750] 51991448-d3f1-47c6-bbce-5a8d4d18d2f2: Sackin index -0.0377; 1.5 s; peak memory 1198 MiB.
2026-10-06T13:40:26Z INFO [194/750] 519afa07-31d1-4012-a633-cc47e43f08a0: Sackin index -0.0341; 6.1 s; peak memory 1198 MiB.
2026-10-06T13:40:27Z INFO [195/750] 519b2103-ee02-4a4a-a6d3-1a509a03796e: Sackin index -0.1349; 0.9 s; peak memory 1198 MiB.
2026-10-06T13:40:28Z INFO [196/750] 519c727f-4c15-403e-9c79-00246c40e65d: Sackin index -0.0369; 1.5 s; peak memory 1198 MiB.
2026-10-06T13:40:33Z INFO [197/750] 519cfaab-e197-4a3a-a35a-f4aef8041b1c: Sackin index -0.0194; 4.9 s; peak memory 1198 MiB.
2026-10-06T13:40:34Z INFO [198/750] 519d16f2-0d0f-44f1-8269-abf73979d168: Sackin index -0.1349; 0.8 s; peak memory 1198 MiB.
2026-10-06T13:40:35Z INFO [199/750] 519d44b9-5327-4eb3-bbef-65a565070b23: Sackin index -0.1349; 0.9 s; peak memory 1198 MiB.
2026-10-06T13:41:12Z INFO [200/750] 519e15d6-e04c-4b1e-b17b-55eaca4fc939: Sackin index -0.1144; 37.1 s; peak memory 1198 MiB.
2026-10-06T13:41:12Z INFO [200/750] 519e15d6-e04c-4b1e-b17b-55eaca4fc939: checkpointed 86286 records.
2026-10-06T13:41:14Z INFO [201/750] 519fb692-9643-45f2-98af-f5a34ffe7f5f: Sackin index -0.0660; 2.4 s; peak memory 1198 MiB.
2026-10-06T13:41:15Z INFO [202/750] 51a062c7-7aab-4004-80ed-81ab016448cf: Sackin index -0.1349; 0.8 s; peak memory 1198 MiB.
2026-10-06T13:41:16Z INFO [203/750] 51a0ed01-b08b-45bf-8e95-51d3d9d80a1c: Sackin index -0.1349; 1.0 s; peak memory 1198 MiB.
2026-10-06T13:41:18Z INFO [204/750] 51a20829-b254-43e4-a209-9357ec8b49c9: Sackin index -0.0272; 1.5 s; peak memory 1198 MiB.
2026-10-06T13:41:19Z INFO [205/750] 51a27ba9-3427-485c-a7d4-2c1ddeef4fbb: Sackin index -0.0702; 0.9 s; peak memory 1198 MiB.
2026-10-06T13:41:20Z INFO [206/750] 51a2e08a-2e9b-4f62-9876-354d8da55d60: Sackin index -0.0272; 1.3 s; peak memory 1198 MiB.
2026-10-06T13:41:21Z INFO [207/750] 51a3679a-2cbe-4afa-b7d6-4fe2444863ac: Sackin index -0.1135; 0.7 s; peak memory 1198 MiB.
2026-10-06T13:41:21Z INFO [208/750] 51a394d8-73d3-4dfd-b054-bb22ea95484f: Sackin index -0.1602; 0.8 s; peak memory 1198 MiB.
2026-10-06T13:41:22Z INFO [209/750] 51a3cbce-9443-4a93-b670-eccad58e7d93: Sackin index -0.0728; 1.0 s; peak memory 1198 MiB.
2026-10-06T13:41:30Z INFO [210/750] 51a407cc-4a3a-4bd3-b194-f6f2883eb571: Sackin index -0.0317; 8.0 s; peak memory 1198 MiB.
2026-10-06T13:41:38Z INFO [211/750] 51a42128-08f2-4d2d-a325-4997302a368d: Sackin index -0.0390; 8.0 s; peak memory 1198 MiB.
2026-10-06T13:41:40Z INFO [212/750] 51a43673-c8b5-4712-a42d-2b2bddf8150b: Sackin index -0.0272; 1.4 s; peak memory 1198 MiB.
2026-10-06T13:41:41Z INFO [213/750] 51a4587e-00e5-4a01-8af4-224a60d23a46: Sackin index -0.1349; 0.9 s; peak memory 1198 MiB.
2026-10-06T13:41:42Z INFO [214/750] 51a4b6af-8dd0-4f89-80cb-68845889a892: Sackin index -0.0373; 1.1 s; peak memory 1198 MiB.
2026-10-06T13:41:43Z INFO [215/750] 51a4fc20-4bdd-45f6-af6b-b8cdc2a72d11: Sackin index -0.0728; 1.0 s; peak memory 1198 MiB.
2026-10-06T13:41:44Z INFO [216/750] 51a525e8-05e4-4fd5-90b1-1805362a8599: Sackin index -0.0702; 0.9 s; peak memory 1198 MiB.
2026-10-06T13:41:49Z INFO [217/750] 51a5a72b-5390-49c7-8f1c-9e9a2e83c625: Sackin index -0.0476; 5.3 s; peak memory 1198 MiB.
2026-10-06T13:41:54Z INFO [218/750] 51a60457-d221-48b2-9295-2ec37965de38: Sackin index -0.1375; 5.1 s; peak memory 1198 MiB.
2026-10-06T13:41:55Z INFO [219/750] 51a62ab5-1412-4c9e-90c2-7b98266bf5ff: Sackin index -0.1267; 0.5 s; peak memory 1198 MiB.
2026-10-06T13:42:09Z INFO [220/750] 51a83b13-25fb-4ab5-b094-ddac787ea0d1: Sackin index -0.0140; 14.0 s; peak memory 1198 MiB.
2026-10-06T13:42:10Z INFO [221/750] 51a87c36-fe76-4e79-aa63-dfeceacc4252: Sackin index -0.0728; 1.2 s; peak memory 1198 MiB.
2026-10-06T13:42:11Z INFO [222/750] 51a8be92-94a0-4e3d-ae4f-813b11b65a99: Sackin index -0.1243; 1.6 s; peak memory 1198 MiB.
2026-10-06T13:42:12Z INFO [223/750] 51a8f26c-f3e5-412a-9eef-95aba4311e12: Sackin index -0.1208; 0.7 s; peak memory 1198 MiB.
2026-10-06T13:42:16Z INFO [224/750] 51a93616-f27b-4adc-bdce-9f128a3f1e38: Sackin index -0.0235; 3.6 s; peak memory 1198 MiB.
2026-10-06T13:42:17Z INFO [225/750] 51a9853f-8309-49b7-a02c-2bc6b926eaae: Sackin index -0.1248; 0.9 s; peak memory 1198 MiB.
2026-10-06T13:42:33Z INFO [226/750] 51ab90a6-716f-4f08-8024-29ab90193efd: Sackin index -0.1892; 16.2 s; peak memory 1198 MiB.
2026-10-06T13:42:34Z INFO [227/750] 51ac44ba-c178-466a-b962-991953fd7696: Sackin index -0.0728; 1.2 s; peak memory 1198 MiB.
2026-10-06T13:42:35Z INFO [228/750] 51acaae9-7a2e-45d4-b433-6f7872c38a63: Sackin index -0.0709; 0.9 s; peak memory 1198 MiB.
2026-10-06T13:44:42Z INFO [229/750] 51af9232-94da-4ebb-a287-00959b979582: Sackin index -0.0450; 127.0 s; peak memory 1198 MiB.
2026-10-06T13:44:53Z INFO [230/750] 51afb423-91df-46a2-9928-277d983dc81f: Sackin index -0.1310; 11.2 s; peak memory 1198 MiB.
2026-10-06T13:44:54Z INFO [231/750] 51b09283-debe-4e0b-875d-00be3bb11f5f: Sackin index -0.0728; 1.2 s; peak memory 1198 MiB.
2026-10-06T13:44:55Z INFO [232/750] 51b0ad58-43e3-4ae5-90b3-fc16ee2c01e2: Sackin index -0.0702; 0.9 s; peak memory 1198 MiB.
2026-10-06T13:44:57Z INFO [233/750] 51b21878-cb19-4340-9935-22ca6318ab2d: Sackin index -0.0704; 2.0 s; peak memory 1198 MiB.
2026-10-06T13:45:04Z INFO [234/750] 51b22e82-8fa8-4f74-a2ef-14bb6f5100eb: Sackin index -0.0697; 7.2 s; peak memory 1198 MiB.
2026-10-06T13:45:07Z INFO [235/750] 51b32585-12e3-49a2-ba87-353afb7804ef: Sackin index -0.0731; 2.1 s; peak memory 1198 MiB.
2026-10-06T13:45:07Z INFO [236/750] 51b35705-67c9-48e9-8b5f-6bfaa0434391: Sackin index -0.1633; 0.9 s; peak memory 1198 MiB.
2026-10-06T13:45:08Z INFO [237/750] 51b3956d-b0f8-4319-840a-0c4d64cb6784: Sackin index -0.2229; 0.9 s; peak memory 1198 MiB.
2026-10-06T13:45:10Z INFO [238/750] 51b47c31-7101-400e-af79-12108c3a4434: Sackin index -0.1210; 1.3 s; peak memory 1198 MiB.
2026-10-06T13:45:13Z INFO [239/750] 51b4d96d-9c1e-4920-9bd1-ffce3d558cf5: Sackin index -0.0247; 3.8 s; peak memory 1198 MiB.
2026-10-06T13:45:14Z INFO [240/750] 51b51c20-ed45-4a42-9a67-767979245123: Sackin index -0.1349; 0.9 s; peak memory 1198 MiB.
2026-10-06T13:45:18Z INFO [241/750] 51b57d2d-fb0c-433d-ab4b-60081ebf7227: Sackin index -0.0455; 4.1 s; peak memory 1198 MiB.
2026-10-06T13:45:19Z INFO [242/750] 51b5eb48-2552-4060-8fe3-b7c20ce8e726: Sackin index -0.1298; 0.6 s; peak memory 1198 MiB.
2026-10-06T13:45:27Z INFO [243/750] 51b66170-a9ca-402b-a2f3-7d845f3b89b6: Sackin index -0.0228; 8.4 s; peak memory 1198 MiB.
2026-10-06T13:45:28Z INFO [244/750] 51b673ca-a12e-4957-9ca7-5492d7232c31: Sackin index -0.0745; 0.8 s; peak memory 1198 MiB.
2026-10-06T13:45:29Z INFO [245/750] 51b6ddfc-9eef-4393-91eb-2c68871d5827: Sackin index -0.1658; 0.7 s; peak memory 1198 MiB.
2026-10-06T13:45:31Z INFO [246/750] 51b71440-0546-4cc5-9f1d-7cad45795d01: Sackin index -0.0704; 2.3 s; peak memory 1198 MiB.
2026-10-06T13:45:32Z INFO [247/750] 51b71b30-2709-4364-98cc-18be1fc7d70c: Sackin index -0.0376; 1.0 s; peak memory 1198 MiB.
2026-10-06T13:45:33Z INFO [248/750] 51b84261-b1c7-44ed-95c4-0495a3fde4f6: Sackin index -0.1349; 0.9 s; peak memory 1198 MiB.
2026-10-06T13:45:34Z INFO [249/750] 51b87d7f-44d8-48a1-94f5-ff94017eb0da: Sackin index -0.0728; 1.1 s; peak memory 1198 MiB.
2026-10-06T13:45:37Z INFO [250/750] 51b8b73c-9c13-40d9-ad01-4c3607dce0b7: Sackin index -0.0441; 3.2 s; peak memory 1198 MiB.
2026-10-06T13:45:38Z INFO [250/750] 51b8b73c-9c13-40d9-ad01-4c3607dce0b7: checkpointed 86336 records.
2026-10-06T13:45:39Z INFO [251/750] 51b9cb8a-1ddc-4608-bd1f-ac72169714cb: Sackin index -0.1349; 0.9 s; peak memory 1198 MiB.
2026-10-06T13:45:44Z INFO [252/750] 51bb8c94-b1a9-4e97-9a6e-0b0dcf083526: Sackin index -0.0248; 5.4 s; peak memory 1198 MiB.
2026-10-06T13:45:45Z INFO [253/750] 51bc42da-28c1-487c-babe-524c94db5f80: Sackin index -0.1658; 0.8 s; peak memory 1198 MiB.
2026-10-06T13:45:46Z INFO [254/750] 51bc5739-7d17-4b4d-bc89-427dba47224f: Sackin index -0.0728; 1.2 s; peak memory 1198 MiB.
2026-10-06T13:45:47Z INFO [255/750] 51bcf5b3-91fb-46a6-9cd9-70d437260f3d: Sackin index -0.0375; 1.4 s; peak memory 1198 MiB.
2026-10-06T13:45:49Z INFO [256/750] 51bd3ac2-19fe-48c4-95c1-8d63667f0908: Sackin index -0.1100; 2.0 s; peak memory 1198 MiB.
2026-10-06T13:45:58Z INFO [257/750] 51bdd631-b482-4a89-a976-bc2d864ef9c5: Sackin index -0.0204; 8.3 s; peak memory 1198 MiB.
2026-10-06T13:45:59Z INFO [258/750] 51becd0b-7092-4d3b-a30b-dbd2c0493b16: Sackin index -0.0696; 1.0 s; peak memory 1198 MiB.
2026-10-06T13:46:00Z INFO [259/750] 51bf7775-9d86-498b-99bf-5c80fcf65dab: Sackin index -0.0728; 1.1 s; peak memory 1198 MiB.
2026-10-06T13:46:01Z INFO [260/750] 51c0c51d-14dd-402b-ba1b-6f86ad021b4d: Sackin index -0.0709; 1.0 s; peak memory 1198 MiB.
2026-10-06T13:46:02Z INFO [261/750] 51c14a32-bc78-48e8-a283-2f2f5e29daf8: Sackin index -0.0709; 0.8 s; peak memory 1198 MiB.
2026-10-06T13:47:46Z INFO [262/750] 51c262d4-2948-4d0e-9274-b6b052c213ee: Sackin index -0.0668; 104.6 s; peak memory 1198 MiB.
2026-10-06T13:50:18Z INFO [263/750] 51c3855b-0ee3-40d4-8fb2-e397db0e908d: Sackin index -0.0016; 151.9 s; peak memory 1198 MiB.
2026-10-06T13:50:19Z INFO [264/750] 51c4913a-89bf-4b10-bd13-5baee9f0d18d: Sackin index -0.0732; 1.1 s; peak memory 1198 MiB.
2026-10-06T13:50:20Z INFO [265/750] 51c5c1ef-c81e-401f-ab27-04ed9c3e8c6f: Sackin index -0.1349; 0.9 s; peak memory 1198 MiB.
2026-10-06T13:50:22Z INFO [266/750] 51c62e99-1d2d-40c5-9daf-8960398ca7bd: Sackin index -0.0379; 1.3 s; peak memory 1198 MiB.
2026-10-06T13:50:23Z INFO [267/750] 51c6a540-6fef-4975-b34a-3084c2062603: Sackin index -0.0369; 1.5 s; peak memory 1198 MiB.
2026-10-06T13:50:24Z INFO [268/750] 51c6d968-2034-4f8f-8cce-a31dbbe5f1d5: Sackin index -0.1015; 0.8 s; peak memory 1198 MiB.
2026-10-06T13:50:25Z INFO [269/750] 51c787a9-ebd5-4514-857b-fafba037af46: Sackin index -0.1349; 0.9 s; peak memory 1198 MiB.
2026-10-06T13:50:29Z INFO [270/750] 51c7ca73-9370-49c4-bfe1-676d249e7827: Sackin index -0.0242; 4.5 s; peak memory 1198 MiB.
2026-10-06T13:50:30Z INFO [271/750] 51c8045d-9930-4616-969d-ccc57bc95ec7: Sackin index -0.0696; 1.0 s; peak memory 1198 MiB.
2026-10-06T13:50:31Z INFO [272/750] 51c867eb-8cef-4bec-947e-4ddd76c87317: Sackin index -0.1349; 1.0 s; peak memory 1198 MiB.
2026-10-06T13:50:32Z INFO [273/750] 51c8f96d-501a-44bc-a5df-686453fd8837: Sackin index -0.0728; 0.9 s; peak memory 1198 MiB.
2026-10-06T13:50:33Z INFO [274/750] 51c96214-58cb-44ef-9a20-86ce6112ab4e: Sackin index -0.1062; 1.1 s; peak memory 1198 MiB.
2026-10-06T13:50:34Z INFO [275/750] 51c9b713-6640-4dd3-9bfc-f23c2610111e: Sackin index -0.1349; 0.9 s; peak memory 1198 MiB.
2026-10-06T13:50:35Z INFO [276/750] 51ca8db9-1338-45b6-be8c-b144c01dd0ae: Sackin index -0.1248; 0.8 s; peak memory 1198 MiB.
2026-10-06T13:52:33Z INFO [277/750] 51caf65d-061c-4e25-9b85-9883a404da8b: Sackin index -0.0414; 118.2 s; peak memory 1198 MiB.
2026-10-06T13:52:35Z INFO [278/750] 51cb132a-2102-4357-9eb1-fd532d4d0256: Sackin index -0.0660; 2.2 s; peak memory 1198 MiB.
2026-10-06T13:52:36Z INFO [279/750] 51cb3574-1227-409a-85a1-0d141901cf5f: Sackin index -0.0413; 0.9 s; peak memory 1198 MiB.
2026-10-06T13:52:45Z INFO [280/750] 51cb3602-a93b-49f8-ba19-f55da1b65e48: Sackin index -0.0144; 8.3 s; peak memory 1198 MiB.
2026-10-06T13:52:57Z INFO [281/750] 51cb5040-eef0-498e-957e-6024f20c8ab2: Sackin index -0.0167; 12.8 s; peak memory 1198 MiB.
2026-10-06T13:52:58Z INFO [282/750] 51cbae8a-b31f-4bcf-8abb-eb284ab5c433: Sackin index -0.0702; 1.0 s; peak memory 1198 MiB.
2026-10-06T13:53:05Z INFO [283/750] 51cc42e0-bf07-4a00-b8b6-01abda2c9e7b: Sackin index -0.0146; 6.5 s; peak memory 1198 MiB.
2026-10-06T13:53:14Z INFO [284/750] 51cc4e5e-a922-487b-aeae-4dc52f73db98: Sackin index -0.0135; 8.8 s; peak memory 1198 MiB.
2026-10-06T13:53:15Z INFO [285/750] 51ccfc4f-966a-4b05-bf1f-a9c1309ca012: Sackin index -0.0728; 1.1 s; peak memory 1198 MiB.
2026-10-06T13:53:21Z INFO [286/750] 51cdb930-193a-498f-bd2b-86daf6f05b18: Sackin index -0.0346; 5.6 s; peak memory 1198 MiB.
2026-10-06T13:55:30Z INFO [287/750] 51cdca01-8ba3-47e3-bcc5-277e6e49740b: Sackin index -0.0286; 129.4 s; peak memory 1198 MiB.
2026-10-06T13:55:31Z INFO [288/750] 51cde7e1-8446-4a29-bb1a-627b27e333fb: Sackin index -0.0696; 0.8 s; peak memory 1198 MiB.
2026-10-06T13:55:39Z INFO [289/750] 51cf572f-b1cf-4ab7-a8e3-bae1cc4cd0b6: Sackin index -0.0161; 7.7 s; peak memory 1198 MiB.
2026-10-06T13:55:39Z INFO [290/750] 51cf877f-d9cc-4960-9f60-0d7210dbf26c: Sackin index -0.1175; 0.7 s; peak memory 1198 MiB.
2026-10-06T13:55:40Z INFO [291/750] 51d0965b-22cb-4a39-bb2f-dc79a029bbc3: Sackin index -0.1938; 0.7 s; peak memory 1198 MiB.
2026-10-06T14:34:58Z INFO [292/750] 51d0cbb9-0d29-493e-8871-71364dd3d2dd: Sackin index -0.0710; 2357.8 s; peak memory 1204 MiB.
2026-10-06T14:34:59Z INFO [293/750] 51d0fd04-e75e-46d1-9e4f-aca612e15329: Sackin index -0.0371; 1.2 s; peak memory 1204 MiB.
2026-10-06T14:35:01Z INFO [294/750] 51d10576-e3d8-4ba3-9c98-691eae9fda58: Sackin index -0.0699; 2.3 s; peak memory 1204 MiB.
2026-10-06T14:35:07Z INFO [295/750] 51d1250f-4084-4af2-aee2-23f5525add06: Sackin index -0.0132; 5.6 s; peak memory 1204 MiB.
2026-10-06T14:35:08Z INFO [296/750] 51d1478f-a9f8-4870-a37b-4accadf004c5: Sackin index -0.1248; 1.0 s; peak memory 1204 MiB.
2026-10-06T14:35:10Z INFO [297/750] 51d1a3e1-78a9-4a9c-93bc-5de1f6c7a0cd: Sackin index -0.0689; 2.4 s; peak memory 1204 MiB.
2026-10-06T14:35:11Z INFO [298/750] 51d1cfa1-e330-45e7-ac42-d024e33a84fb: Sackin index -0.1349; 1.0 s; peak memory 1204 MiB.
2026-10-06T14:35:12Z INFO [299/750] 51d25e98-2cdd-4824-bdfa-70a1e56e96ec: Sackin index -0.1349; 0.9 s; peak memory 1204 MiB.
2026-10-06T14:35:14Z INFO [300/750] 51d2c40e-0fed-4e84-b5c4-30b4025945dd: Sackin index -0.1370; 2.1 s; peak memory 1204 MiB.
2026-10-06T14:35:14Z INFO [300/750] 51d2c40e-0fed-4e84-b5c4-30b4025945dd: checkpointed 86386 records.
2026-10-06T14:35:15Z INFO [301/750] 51d3359e-ce78-4947-948d-5865fc048682: Sackin index -0.1120; 0.7 s; peak memory 1204 MiB.
2026-10-06T14:35:22Z INFO [302/750] 51d3c8e6-e6a6-41b0-9a21-bf231c9e74a1: Sackin index -0.0438; 7.2 s; peak memory 1204 MiB.
2026-10-06T14:35:26Z INFO [303/750] 51d416de-5208-4c21-b5e3-efb5e5956835: Sackin index -0.0245; 3.5 s; peak memory 1204 MiB.
2026-10-06T14:35:26Z INFO [304/750] 51d51361-ef36-4a3d-9934-86ad096fe457: Sackin index -0.1178; 0.6 s; peak memory 1204 MiB.
2026-10-06T14:35:27Z INFO [305/750] 51d51744-f248-4633-85ad-7a1a80fe0841: Sackin index -0.0728; 1.1 s; peak memory 1204 MiB.
2026-10-06T14:35:51Z INFO [306/750] 51d52240-a706-4f03-ac3c-51437a589be0: Sackin index -0.1367; 23.1 s; peak memory 1204 MiB.
2026-10-06T14:35:51Z INFO [307/750] 51d566f4-0745-447e-9fb1-5cd0e9a87dde: Sackin index -0.1383; 1.0 s; peak memory 1204 MiB.
2026-10-06T14:35:52Z INFO [308/750] 51d67abb-8228-4ff6-954e-a8795e2f1136: Sackin index -0.0377; 1.0 s; peak memory 1204 MiB.
2026-10-06T14:35:53Z INFO [309/750] 51d6e9f0-0077-402b-ab09-6188045b6cb1: Sackin index -0.1349; 0.9 s; peak memory 1204 MiB.
2026-10-06T14:35:54Z INFO [310/750] 51d786c7-b296-4636-902b-cc781a421b6f: Sackin index -0.0709; 1.0 s; peak memory 1204 MiB.
2026-10-06T14:36:19Z INFO [311/750] 51d90a4b-6073-4026-a0bb-9fcb4304d7d1: Sackin index -0.2073; 25.0 s; peak memory 1204 MiB.
2026-10-06T14:36:20Z INFO [312/750] 51d912e3-3048-43e4-aa76-20c84f4e478f: Sackin index -0.0709; 1.1 s; peak memory 1204 MiB.
2026-10-06T14:36:21Z INFO [313/750] 51d94a1a-4b9b-4027-ae5e-da790343df9f: Sackin index -0.0702; 1.0 s; peak memory 1204 MiB.
2026-10-06T14:36:22Z INFO [314/750] 51d98f89-61dc-44ca-828a-6bb0f5577c85: Sackin index -0.1349; 1.0 s; peak memory 1204 MiB.
2026-10-06T14:36:32Z INFO [315/750] 51d9c783-5580-4526-9537-860bd73163c0: Sackin index -0.1310; 9.6 s; peak memory 1204 MiB.
2026-10-06T14:36:33Z INFO [316/750] 51d9e7a2-a7b3-46f4-ba5e-e527904506db: Sackin index -0.0728; 1.2 s; peak memory 1204 MiB.
2026-10-06T14:36:39Z INFO [317/750] 51db2848-429e-403b-aea5-13963dbb3e12: Sackin index -0.0366; 5.7 s; peak memory 1204 MiB.
2026-10-06T14:36:40Z INFO [318/750] 51db873b-a404-435d-b857-de888b2a9e48: Sackin index -0.1349; 1.1 s; peak memory 1204 MiB.
2026-10-06T14:36:41Z INFO [319/750] 51db8ec7-81dc-4c0b-a28e-752ace6cbfb0: Sackin index -0.0702; 0.9 s; peak memory 1204 MiB.
2026-10-06T14:36:42Z INFO [320/750] 51db9342-fd8f-4255-9a61-a706d8d334a9: Sackin index -0.1349; 0.9 s; peak memory 1204 MiB.
2026-10-06T14:36:43Z INFO [321/750] 51dbea16-c99b-4ec2-b148-310c557cd111: Sackin index -0.0735; 0.9 s; peak memory 1204 MiB.
2026-10-06T14:36:44Z INFO [322/750] 51dd3de6-719f-487f-ab39-c46d72b51ba1: Sackin index -0.0696; 1.0 s; peak memory 1204 MiB.
2026-10-06T14:36:45Z INFO [323/750] 51dd7836-fa3f-439e-a1d7-97355770a4e7: Sackin index -0.0696; 0.9 s; peak memory 1204 MiB.
2026-10-06T14:36:46Z INFO [324/750] 51dd7b5b-17b6-4fdf-9ef7-259d41b59015: Sackin index -0.0696; 0.9 s; peak memory 1204 MiB.
2026-10-06T14:36:46Z INFO [325/750] 51dda47d-c696-49ae-95bf-0fee332833df: Sackin index -0.1349; 0.9 s; peak memory 1204 MiB.
2026-10-06T14:36:48Z INFO [326/750] 51ddecf5-52f6-4bc1-9a50-be64fe01d12d: Sackin index -0.0728; 1.3 s; peak memory 1204 MiB.
2026-10-06T14:36:50Z INFO [327/750] 51dee86c-cc79-420c-a0f3-1324746f614a: Sackin index -0.0944; 2.3 s; peak memory 1204 MiB.
2026-10-06T14:36:51Z INFO [328/750] 51dff7bc-068a-4954-98f0-5746e0676eff: Sackin index -0.0382; 1.2 s; peak memory 1204 MiB.
2026-10-06T14:36:52Z INFO [329/750] 51e17a65-e64e-48ee-84ca-0e7b608d0201: Sackin index -0.1349; 1.0 s; peak memory 1204 MiB.
2026-10-06T14:36:53Z INFO [330/750] 51e20efa-1b42-4b57-babe-625f60023a85: Sackin index -0.1658; 0.6 s; peak memory 1204 MiB.
2026-10-06T14:36:54Z INFO [331/750] 51e237b5-1dfe-493e-9c1b-092ad65d6c64: Sackin index -0.0380; 0.9 s; peak memory 1204 MiB.
2026-10-06T14:36:55Z INFO [332/750] 51e24b5d-0abf-499b-8318-32a2ecb709aa: Sackin index -0.0810; 1.3 s; peak memory 1204 MiB.
2026-10-06T14:36:56Z INFO [333/750] 51e3d7e5-4569-4951-bbbf-f185ce537e74: Sackin index -0.1000; 1.1 s; peak memory 1204 MiB.
2026-10-06T14:36:57Z INFO [334/750] 51e44222-faf2-4537-b54c-aaf667b0266c: Sackin index -0.0748; 0.9 s; peak memory 1204 MiB.
2026-10-06T14:37:07Z INFO [335/750] 51e54926-15e7-4888-bf1a-1cf7743d0d1d: Sackin index -0.0195; 9.7 s; peak memory 1204 MiB.
2026-10-06T14:37:07Z INFO [336/750] 51e68642-2845-4d02-9fa7-24cfc541a885: Sackin index -0.1658; 0.7 s; peak memory 1204 MiB.
2026-10-06T14:37:08Z INFO [337/750] 51e75b79-f078-4506-9dd9-60fc5b2d6d50: Sackin index -0.0696; 0.9 s; peak memory 1204 MiB.
2026-10-06T14:37:16Z INFO [338/750] 51e81b75-ce05-4b37-bc95-f41459a00cc1: Sackin index -0.0154; 7.2 s; peak memory 1204 MiB.
2026-10-06T14:37:23Z INFO [339/750] 51e8668b-876a-4ae9-b8c6-8d0b817ad649: Sackin index -0.0697; 7.7 s; peak memory 1204 MiB.
2026-10-06T14:37:25Z INFO [340/750] 51e8e7cf-249f-43be-90af-9a5bcb2b6335: Sackin index -0.1273; 1.3 s; peak memory 1204 MiB.
2026-10-06T14:37:25Z INFO [341/750] 51eac9b6-5630-4130-a0dc-454a062e615b: Sackin index -0.1658; 0.6 s; peak memory 1204 MiB.
2026-10-06T14:37:26Z INFO [342/750] 51ebb6b3-8c09-4725-ae5e-cabde191b6f0: Sackin index -0.0702; 0.9 s; peak memory 1204 MiB.
2026-10-06T14:37:31Z INFO [343/750] 51ebfaa4-42e1-4d44-98cc-09f22c46b4d0: Sackin index -0.0172; 4.5 s; peak memory 1204 MiB.
2026-10-06T14:37:32Z INFO [344/750] 51ee20ce-f411-4e2b-b041-3cb713fbdd3b: Sackin index -0.1349; 0.9 s; peak memory 1204 MiB.
2026-10-06T14:37:32Z INFO [345/750] 51ee25a3-11a3-4dbb-b123-bf66363d56a3: Sackin index -0.1349; 0.9 s; peak memory 1204 MiB.
2026-10-06T14:37:35Z INFO [346/750] 51ee467d-6e6e-477e-8a8b-2b95d1d719d0: Sackin index -0.0704; 2.3 s; peak memory 1204 MiB.
2026-10-06T14:37:36Z INFO [347/750] 51eef702-6a18-4cc7-bbaf-d1fb92f96d7d: Sackin index -0.0881; 1.2 s; peak memory 1204 MiB.
2026-10-06T14:37:37Z INFO [348/750] 51ef05a6-d769-42ba-ae79-3811422a6faf: Sackin index -0.1658; 0.6 s; peak memory 1204 MiB.
2026-10-06T14:37:37Z INFO [349/750] 51ef1cef-abdd-49f1-b3ea-db463b58bc55: Sackin index -0.1448; 0.7 s; peak memory 1204 MiB.
2026-10-06T14:37:38Z INFO [350/750] 51ef26af-aed8-42cf-aaae-840fcd00fb1a: Sackin index -0.0901; 1.2 s; peak memory 1204 MiB.
2026-10-06T14:37:39Z INFO [350/750] 51ef26af-aed8-42cf-aaae-840fcd00fb1a: checkpointed 86436 records.
2026-10-06T14:37:40Z INFO [351/750] 51ef2848-8e90-49dc-9325-91d3477d5235: Sackin index -0.0696; 1.1 s; peak memory 1204 MiB.
2026-10-06T14:37:41Z INFO [352/750] 51ef9f12-bdaa-49fe-891b-8f3d8a8f8e6e: Sackin index -0.1349; 0.9 s; peak memory 1204 MiB.
2026-10-06T14:37:50Z INFO [353/750] 51effbb5-03a3-4510-bb7c-7ce1460c56ab: Sackin index -0.0133; 9.5 s; peak memory 1204 MiB.
2026-10-06T14:37:51Z INFO [354/750] 51f023f9-2bd1-465b-a2f9-a63134e19e1c: Sackin index -0.1349; 0.9 s; peak memory 1204 MiB.
2026-10-06T14:37:53Z INFO [355/750] 51f05f3e-800f-491d-b6c3-4e98f28a6af6: Sackin index -0.0377; 1.5 s; peak memory 1204 MiB.
2026-10-06T14:37:54Z INFO [356/750] 51f16e8c-1d84-44b4-acba-4af5ce0bebde: Sackin index -0.1273; 1.4 s; peak memory 1204 MiB.
2026-10-06T14:37:55Z INFO [357/750] 51f17267-e2ff-4eb8-b803-4b74580f635f: Sackin index -0.1349; 0.9 s; peak memory 1204 MiB.
2026-10-06T14:37:56Z INFO [358/750] 51f1c440-6b50-49b8-a630-e3f8ae139cde: Sackin index -0.0702; 0.9 s; peak memory 1204 MiB.
2026-10-06T14:37:57Z INFO [359/750] 51f2c70f-ba8c-42a5-bf63-de8e72ca8bbf: Sackin index -0.1349; 1.1 s; peak memory 1204 MiB.
2026-10-06T14:37:58Z INFO [360/750] 51f2e043-5f29-41af-9e91-8251a3b3e342: Sackin index -0.1349; 0.7 s; peak memory 1204 MiB.
2026-10-06T14:37:59Z INFO [361/750] 51f441a2-6421-473b-8b83-1523cd71fa2e: Sackin index -0.0728; 1.2 s; peak memory 1204 MiB.
2026-10-06T14:38:00Z INFO [362/750] 51f470f6-d3bd-41af-9373-ac3bff2ad0ed: Sackin index -0.1349; 0.9 s; peak memory 1204 MiB.
2026-10-06T14:38:08Z INFO [363/750] 51f4de02-2300-4fed-a51a-20f99e940793: Sackin index -0.0139; 8.1 s; peak memory 1204 MiB.
2026-10-06T14:38:09Z INFO [364/750] 51f5befb-70ea-4912-8f79-127fc757ead2: Sackin index -0.1349; 0.8 s; peak memory 1204 MiB.
2026-10-06T14:38:09Z INFO [365/750] 51f6f00a-81f9-4902-a33b-09b79e9af893: Sackin index -0.1658; 0.7 s; peak memory 1204 MiB.
2026-10-06T14:38:11Z INFO [366/750] 51f7795a-ea68-405f-820a-ea12cd300781: Sackin index -0.1000; 1.0 s; peak memory 1204 MiB.
2026-10-06T14:38:11Z INFO [367/750] 51f78bdd-b3db-4124-a017-f1f20d97bad4: Sackin index -0.1349; 0.9 s; peak memory 1204 MiB.
2026-10-06T14:38:12Z INFO [368/750] 51f8ee09-b418-4b8c-90b1-9d8b517f3cc7: Sackin index -0.1349; 1.0 s; peak memory 1204 MiB.
2026-10-06T14:38:13Z INFO [369/750] 51f98e5f-c29a-43a6-8009-f63e74965967: Sackin index -0.1349; 0.9 s; peak memory 1204 MiB.
2026-10-06T14:38:14Z INFO [370/750] 51faf3c4-db1c-47b1-b582-07bf06db3c2d: Sackin index -0.1349; 0.7 s; peak memory 1204 MiB.
2026-10-06T14:38:15Z INFO [371/750] 51fb2369-86a7-46ba-a8f3-94473ec12923: Sackin index -0.1349; 0.8 s; peak memory 1204 MiB.
2026-10-06T14:38:23Z INFO [372/750] 51fbcfd4-de3c-487a-9bf5-83227af71705: Sackin index -0.0190; 7.8 s; peak memory 1204 MiB.
2026-10-06T14:38:24Z INFO [373/750] 51fcbbcf-5d5c-4ec2-ad37-28fe2880a373: Sackin index -0.1349; 0.8 s; peak memory 1204 MiB.
2026-10-06T14:38:25Z INFO [374/750] 51fcf5cb-6610-42cf-9d89-85ef7f473745: Sackin index -0.0702; 1.0 s; peak memory 1204 MiB.
2026-10-06T14:38:25Z INFO [375/750] 51fd7589-16b1-4b78-9a6d-cc7a636442bf: Sackin index -0.1349; 0.8 s; peak memory 1204 MiB.
2026-10-06T14:38:26Z INFO [376/750] 51fdce46-b268-4b54-a246-c5747e4cb5de: Sackin index -0.1161; 0.7 s; peak memory 1204 MiB.
2026-10-06T14:38:27Z INFO [377/750] 51fde0a1-c329-4577-a913-cb95317e4578: Sackin index -0.1072; 1.3 s; peak memory 1204 MiB.
2026-10-06T14:38:28Z INFO [378/750] 51fdefc5-a3ad-4759-8a51-2470ab55af1c: Sackin index -0.0728; 1.0 s; peak memory 1204 MiB.
2026-10-06T14:38:29Z INFO [379/750] 51fdf53d-0634-4b04-b078-24ab4094f65e: Sackin index -0.1349; 0.8 s; peak memory 1204 MiB.
2026-10-06T14:38:30Z INFO [380/750] 51fe4194-f4c5-4a1f-8584-2ca6231a999e: Sackin index -0.1658; 0.6 s; peak memory 1204 MiB.
2026-10-06T14:38:31Z INFO [381/750] 51fe9fd8-3f93-4543-911e-52da6a6a1c03: Sackin index -0.1741; 0.8 s; peak memory 1204 MiB.
2026-10-06T14:38:35Z INFO [382/750] 51feab43-ec2f-4fa2-90a2-b0e229730eec: Sackin index -0.0041; 4.3 s; peak memory 1204 MiB.
2026-10-06T14:38:36Z INFO [383/750] 51ff1361-886d-454d-a110-3cac68371564: Sackin index -0.0702; 1.0 s; peak memory 1204 MiB.
2026-10-06T14:38:37Z INFO [384/750] 51ffaea3-706a-4b40-a699-f8951d50a2db: Sackin index -0.0728; 1.0 s; peak memory 1204 MiB.
2026-10-06T14:38:38Z INFO [385/750] 5200a33e-4482-4b01-8023-d4c3be1d4c41: Sackin index -0.0702; 0.9 s; peak memory 1204 MiB.
2026-10-06T14:38:44Z INFO [386/750] 5202ed42-fd58-4832-8aae-b403404652c5: Sackin index -0.0049; 6.0 s; peak memory 1204 MiB.
2026-10-06T14:38:45Z INFO [387/750] 52036011-9bdc-408c-947f-3ccfead0e64d: Sackin index -0.0752; 0.9 s; peak memory 1204 MiB.
2026-10-06T14:38:50Z INFO [388/750] 5203e84b-94a8-4c78-9ce8-476a35e3eaab: Sackin index -0.0614; 5.6 s; peak memory 1204 MiB.
2026-10-06T14:38:53Z INFO [389/750] 5203ecdb-df75-46d3-9a13-7c35f2d383d4: Sackin index -0.0424; 2.9 s; peak memory 1204 MiB.
2026-10-06T14:40:23Z INFO [390/750] 52044fe0-1108-43d2-a29c-e062723c6ac3: Sackin index -0.0935; 90.1 s; peak memory 1204 MiB.
2026-10-06T14:40:29Z INFO [391/750] 5205453e-6f31-4e23-b6e4-f8d34f12d5e9: Sackin index -0.0165; 5.2 s; peak memory 1204 MiB.
2026-10-06T14:40:31Z INFO [392/750] 5206c0a9-b36b-496e-bc0c-c8904a980041: Sackin index -0.1938; 2.3 s; peak memory 1204 MiB.
2026-10-06T14:40:56Z INFO [393/750] 52075cd3-c9bd-4e90-b5fb-9d24967e7b5e: Sackin index -0.1367; 25.5 s; peak memory 1204 MiB.
2026-10-06T14:41:02Z INFO [394/750] 520777a4-a788-408a-9d65-3dfeceb0a54d: Sackin index -0.0154; 5.5 s; peak memory 1204 MiB.
2026-10-06T14:41:03Z INFO [395/750] 52096bae-c10a-4470-aece-08364a53125e: Sackin index -0.0163; 1.6 s; peak memory 1204 MiB.
2026-10-06T14:41:05Z INFO [396/750] 520a1828-a18c-4109-a15a-5821c07f159f: Sackin index -0.0702; 1.1 s; peak memory 1204 MiB.
2026-10-06T14:41:10Z INFO [397/750] 520ae7ad-0fae-4b3d-951c-910352ecb0d4: Sackin index -0.0420; 5.4 s; peak memory 1204 MiB.
2026-10-06T14:41:11Z INFO [398/750] 520b2d60-9f16-4ad7-a8b2-fe81bdb4367e: Sackin index -0.1349; 0.9 s; peak memory 1204 MiB.
2026-10-06T14:41:11Z INFO [399/750] 520bd7c6-0a25-4946-b3b8-4dd3b1f87661: Sackin index -0.1319; 0.6 s; peak memory 1204 MiB.
2026-10-06T14:41:12Z INFO [400/750] 520c05c4-c0a9-4c17-866c-19b65acb0e74: Sackin index -0.1658; 0.5 s; peak memory 1204 MiB.
2026-10-06T14:41:12Z INFO [400/750] 520c05c4-c0a9-4c17-866c-19b65acb0e74: checkpointed 86486 records.
2026-10-06T14:41:15Z INFO [401/750] 520c0c77-1489-41e9-b0a5-894797fde090: Sackin index -0.0797; 2.4 s; peak memory 1204 MiB.
2026-10-06T14:41:16Z INFO [402/750] 520cc295-66ca-41e4-85ef-174c4ab6687c: Sackin index -0.1349; 0.9 s; peak memory 1204 MiB.
2026-10-06T14:41:16Z INFO [403/750] 520d29d4-010f-443d-92a9-e278a8e5dac4: Sackin index -0.1248; 0.8 s; peak memory 1204 MiB.
2026-10-06T14:41:17Z INFO [404/750] 520d96fa-92e2-45dd-bc40-20c6e52f03aa: Sackin index -0.1248; 0.9 s; peak memory 1204 MiB.
2026-10-06T14:41:18Z INFO [405/750] 520dd1ed-2c9f-4e4f-9d39-d887fa7eee5d: Sackin index -0.0709; 0.8 s; peak memory 1204 MiB.
2026-10-06T14:41:19Z INFO [406/750] 520e28f5-9b7a-41ed-9252-e8928f8c504b: Sackin index -0.0376; 1.1 s; peak memory 1204 MiB.
2026-10-06T14:41:21Z INFO [407/750] 520e6ee6-0ee4-4cdc-a6ee-cb9604c30dd7: Sackin index -0.0824; 2.0 s; peak memory 1204 MiB.
2026-10-06T14:41:29Z INFO [408/750] 520e76a0-c089-4ece-a8d8-5df6abd588b9: Sackin index -0.0216; 7.6 s; peak memory 1204 MiB.
2026-10-06T14:41:30Z INFO [409/750] 520e9b61-c3cf-42d2-8ac3-4f40542ca2d4: Sackin index -0.0728; 1.3 s; peak memory 1204 MiB.
2026-10-06T14:41:31Z INFO [410/750] 520eb040-3b8a-432d-bb7a-580e58a353b3: Sackin index -0.1448; 0.7 s; peak memory 1204 MiB.
2026-10-06T14:41:31Z INFO [411/750] 5210f3d0-cb8d-4c76-9c04-0b4e77b9df41: Sackin index -0.1938; 0.7 s; peak memory 1204 MiB.
2026-10-06T14:41:32Z INFO [412/750] 52125c98-4fd8-41f4-9306-c5ee49397f0b: Sackin index -0.1248; 0.8 s; peak memory 1204 MiB.
2026-10-06T14:41:42Z INFO [413/750] 5213edbc-19dd-48a0-8139-1b79902f118a: Sackin index -0.0135; 9.8 s; peak memory 1204 MiB.
2026-10-06T14:41:43Z INFO [414/750] 52148a47-9a85-4de5-9f6d-3255d70f5d30: Sackin index -0.0709; 0.9 s; peak memory 1204 MiB.
2026-10-06T14:41:44Z INFO [415/750] 52156358-5717-40a7-b362-bf5963685798: Sackin index -0.1349; 0.9 s; peak memory 1204 MiB.
2026-10-06T14:41:44Z INFO [416/750] 52177151-0b39-487d-a733-631f31ee3a36: Sackin index -0.1356; 0.5 s; peak memory 1204 MiB.
2026-10-06T14:41:46Z INFO [417/750] 5217a89c-d8c1-4e86-b711-6cc4f9cf0438: Sackin index -0.0376; 1.1 s; peak memory 1204 MiB.
2026-10-06T14:41:47Z INFO [418/750] 5218aa39-64f1-4377-a674-f805cce33d31: Sackin index -0.0728; 1.2 s; peak memory 1204 MiB.
2026-10-06T14:41:48Z INFO [419/750] 52196899-6e2e-4a6d-a389-940794c6a52c: Sackin index -0.0728; 1.1 s; peak memory 1204 MiB.
2026-10-06T14:41:49Z INFO [420/750] 52198707-a194-43d2-9d38-efc7738a2215: Sackin index -0.1349; 0.8 s; peak memory 1204 MiB.
2026-10-06T14:41:53Z INFO [421/750] 5219fdcc-4623-47fc-980d-f7e12a34e8b2: Sackin index -0.0251; 4.6 s; peak memory 1204 MiB.
2026-10-06T14:41:54Z INFO [422/750] 521a4b02-b642-4dbd-b423-f5169c43f8c9: Sackin index -0.1349; 0.9 s; peak memory 1204 MiB.
2026-10-06T14:41:57Z INFO [423/750] 521aba80-2009-4c37-a676-dec56338bc2e: Sackin index -0.0288; 3.3 s; peak memory 1204 MiB.
2026-10-06T14:41:58Z INFO [424/750] 521add06-673e-4eec-8441-7296ca6c3aca: Sackin index -0.0709; 0.9 s; peak memory 1204 MiB.
2026-10-06T14:41:59Z INFO [425/750] 521bd027-ccb6-4dc4-9084-0785879f2adc: Sackin index -0.1602; 0.9 s; peak memory 1204 MiB.
2026-10-06T14:42:03Z INFO [426/750] 521bebdf-cd96-49db-9fbe-1a972ed25596: Sackin index -0.0236; 3.9 s; peak memory 1204 MiB.
2026-10-06T14:42:04Z INFO [427/750] 521c6461-2ac6-49bd-a3dd-04313e5cffd3: Sackin index -0.0728; 1.1 s; peak memory 1204 MiB.
2026-10-06T14:42:05Z INFO [428/750] 521e9751-26c1-49f5-850f-2cbe0d1eeed5: Sackin index -0.0760; 0.9 s; peak memory 1204 MiB.
2026-10-06T14:42:06Z INFO [429/750] 521eba9e-f706-4880-9449-fe65c9eb9a3e: Sackin index -0.0746; 1.1 s; peak memory 1204 MiB.
2026-10-06T14:42:07Z INFO [430/750] 521ee0ca-701e-46ba-a054-0b3237c1ca4b: Sackin index -0.0745; 0.8 s; peak memory 1204 MiB.
2026-10-06T14:42:08Z INFO [431/750] 521f9573-1614-4ef6-b51d-b4ae98569d6b: Sackin index -0.1658; 0.6 s; peak memory 1204 MiB.
2026-10-06T14:42:10Z INFO [432/750] 521fad14-b522-4056-b8a3-14e059cad228: Sackin index -0.0676; 2.0 s; peak memory 1204 MiB.
2026-10-06T14:42:12Z INFO [433/750] 521fb089-cf2f-41db-9f19-46bf1a63f08d: Sackin index -0.0660; 2.2 s; peak memory 1204 MiB.
2026-10-06T14:42:13Z INFO [434/750] 521fc826-aa33-4135-82fb-194dfe92dcbc: Sackin index -0.0702; 0.9 s; peak memory 1204 MiB.
2026-10-06T14:42:14Z INFO [435/750] 521fd0fa-d8ff-4ab5-9fa2-c88fe41ad2ed: Sackin index -0.0728; 1.3 s; peak memory 1204 MiB.
2026-10-06T14:42:15Z INFO [436/750] 5221f389-b87e-4d08-b57f-27ee7ad34cc2: Sackin index -0.2168; 0.8 s; peak memory 1204 MiB.
2026-10-06T14:42:16Z INFO [437/750] 52231d85-ef5d-49a0-9f0c-2779e3a072dd: Sackin index -0.0917; 0.9 s; peak memory 1204 MiB.
2026-10-06T14:42:17Z INFO [438/750] 522338b0-8446-499c-8e23-9664fbe50496: Sackin index -0.0728; 1.1 s; peak memory 1204 MiB.
2026-10-06T14:42:19Z INFO [439/750] 522363c8-4d37-4d6b-a25c-2658ec5c92e4: Sackin index -0.0699; 2.2 s; peak memory 1204 MiB.
2026-10-06T14:42:21Z INFO [440/750] 52247dcf-3edb-4f3c-a265-d70fc669179e: Sackin index -0.0699; 2.0 s; peak memory 1204 MiB.
2026-10-06T14:42:22Z INFO [441/750] 522480b4-4718-4792-9bed-63033cb22245: Sackin index -0.0696; 0.9 s; peak memory 1204 MiB.
2026-10-06T14:42:23Z INFO [442/750] 522494a8-bdf1-40e6-a6f8-637e2bae4c02: Sackin index -0.0371; 1.0 s; peak memory 1204 MiB.
2026-10-06T14:42:24Z INFO [443/750] 5224e217-569f-423e-a06e-05dc1729b7f8: Sackin index -0.0569; 0.9 s; peak memory 1204 MiB.
2026-10-06T14:42:25Z INFO [444/750] 522541ad-f909-45d4-8ff5-f405067d3889: Sackin index -0.0376; 1.0 s; peak memory 1204 MiB.
2026-10-06T14:42:26Z INFO [445/750] 5225f6c6-b92f-4a74-9e8f-f5d5286c6f59: Sackin index -0.1194; 1.0 s; peak memory 1204 MiB.
2026-10-06T14:42:26Z INFO [446/750] 52261418-37b6-493c-be47-e229d869e30c: Sackin index -0.1484; 0.6 s; peak memory 1204 MiB.
2026-10-06T14:42:27Z INFO [447/750] 52263eda-abdc-4aa1-b445-a33f1d3b5460: Sackin index -0.1349; 0.9 s; peak memory 1204 MiB.
2026-10-06T14:42:28Z INFO [448/750] 52283c2d-25a2-4c99-9e0a-d89f4aa737ca: Sackin index -0.1658; 0.5 s; peak memory 1204 MiB.
2026-10-06T14:42:30Z INFO [449/750] 5228a9c8-43b8-4bd8-b6c1-131968e3c255: Sackin index -0.1938; 1.7 s; peak memory 1204 MiB.
2026-10-06T14:42:30Z INFO [450/750] 52297791-0a5d-4b8c-a0a6-833057c7f8cb: Sackin index -0.1349; 0.9 s; peak memory 1204 MiB.
2026-10-06T14:42:31Z INFO [450/750] 52297791-0a5d-4b8c-a0a6-833057c7f8cb: checkpointed 86536 records.
2026-10-06T14:42:32Z INFO [451/750] 5229f33c-2121-4770-be5d-7a81693dc623: Sackin index -0.0709; 0.9 s; peak memory 1204 MiB.
2026-10-06T14:42:32Z INFO [452/750] 522a351c-9dca-45a8-848e-7e0b7df53121: Sackin index -0.0928; 0.9 s; peak memory 1204 MiB.
2026-10-06T14:42:35Z INFO [453/750] 522ab6ac-7f70-44fe-9072-2eafaa093ab8: Sackin index -0.0316; 2.7 s; peak memory 1204 MiB.
2026-10-06T14:42:36Z INFO [454/750] 522abb1c-1560-4802-8096-9d57a52c58ff: Sackin index -0.1191; 0.7 s; peak memory 1204 MiB.
2026-10-06T14:42:37Z INFO [455/750] 522b0203-1e0a-4d78-b181-5817e741ddac: Sackin index -0.1269; 1.2 s; peak memory 1204 MiB.
2026-10-06T14:42:38Z INFO [456/750] 522c171f-3521-41c0-94c8-f0509ed9b79c: Sackin index -0.1191; 1.1 s; peak memory 1204 MiB.
2026-10-06T14:42:45Z INFO [457/750] 522c2549-dc9f-41b8-9fcc-d02ed73d141f: Sackin index -0.0017; 7.2 s; peak memory 1204 MiB.
2026-10-06T14:42:46Z INFO [458/750] 522ca7c8-c254-4206-8a7a-42fdf87dfe84: Sackin index -0.1704; 0.6 s; peak memory 1204 MiB.
2026-10-06T14:42:47Z INFO [459/750] 522ce401-4366-4a1d-92a1-05959c4b1d0d: Sackin index -0.1349; 0.9 s; peak memory 1204 MiB.
2026-10-06T14:42:49Z INFO [460/750] 522e2ac0-c44a-4ccf-995d-6abce7942af2: Sackin index -0.0660; 2.3 s; peak memory 1204 MiB.
2026-10-06T14:42:53Z INFO [461/750] 522f2a4d-6788-4076-8c6c-0500a63f9fa4: Sackin index -0.0415; 4.2 s; peak memory 1204 MiB.
2026-10-06T14:42:54Z INFO [462/750] 522facc9-0419-414a-bccd-b14c92cede02: Sackin index -0.1658; 0.5 s; peak memory 1204 MiB.
2026-10-06T14:42:55Z INFO [463/750] 523071ed-e7e7-4c19-8118-15208f0bdad8: Sackin index -0.1349; 0.9 s; peak memory 1204 MiB.
2026-10-06T14:42:57Z INFO [464/750] 523133a8-8e8f-41ef-a808-c063dc7b7ea9: Sackin index -0.1486; 2.3 s; peak memory 1204 MiB.
2026-10-06T14:43:01Z INFO [465/750] 52314fb7-0f9c-46d7-b47f-624c544885bb: Sackin index -0.0411; 4.2 s; peak memory 1204 MiB.
2026-10-06T14:43:02Z INFO [466/750] 5232aadb-d899-4a88-908f-4bcbf316c07b: Sackin index -0.1658; 0.5 s; peak memory 1204 MiB.
2026-10-06T14:43:03Z INFO [467/750] 5232cb24-0194-481f-9a1e-6ce0852c51ab: Sackin index -0.1349; 0.8 s; peak memory 1204 MiB.
2026-10-06T14:43:04Z INFO [468/750] 52333ad0-0a71-4552-a3a0-5b2e95e00c72: Sackin index -0.0376; 1.1 s; peak memory 1204 MiB.
2026-10-06T14:43:05Z INFO [469/750] 52338cb2-6dec-4c3b-abd6-c7ca891ca354: Sackin index -0.0709; 0.9 s; peak memory 1204 MiB.
2026-10-06T14:43:06Z INFO [470/750] 5233f17f-cb72-4186-8030-4b04445e226d: Sackin index -0.1938; 1.7 s; peak memory 1204 MiB.
2026-10-06T14:43:08Z INFO [471/750] 5233f654-be39-4c31-b4f2-8350aad812bc: Sackin index -0.0369; 1.6 s; peak memory 1204 MiB.
2026-10-06T14:43:09Z INFO [472/750] 523417e4-8c15-46a5-8ef6-97d04290fbe1: Sackin index -0.0369; 1.3 s; peak memory 1204 MiB.
2026-10-06T14:43:10Z INFO [473/750] 52349a31-1b53-48c9-8987-943a8c64ecc3: Sackin index -0.0656; 0.9 s; peak memory 1204 MiB.
2026-10-06T14:43:11Z INFO [474/750] 5234aa2d-e1eb-4969-82ff-9e710fffcd69: Sackin index -0.0881; 0.8 s; peak memory 1204 MiB.
2026-10-06T14:43:12Z INFO [475/750] 5234c8dd-6a2e-4d29-833c-e352d6d3be68: Sackin index -0.1239; 0.7 s; peak memory 1204 MiB.
2026-10-06T14:43:13Z INFO [476/750] 5235138c-a6c0-4363-9df7-24f244264ed9: Sackin index -0.0728; 1.1 s; peak memory 1204 MiB.
2026-10-06T14:43:14Z INFO [477/750] 5235a7f6-d181-4849-90a3-bd914d8d4ad1: Sackin index -0.0745; 1.1 s; peak memory 1204 MiB.
2026-10-06T14:43:15Z INFO [478/750] 5235e4b2-939c-4c62-86c7-b027ee79ab0a: Sackin index -0.1178; 0.9 s; peak memory 1204 MiB.
2026-10-06T14:43:17Z INFO [479/750] 5236495b-cafa-4cbd-951f-12ae636cb258: Sackin index -0.0676; 1.7 s; peak memory 1204 MiB.
2026-10-06T14:43:18Z INFO [480/750] 5236638c-b0e6-4d15-a191-3adfb3fb031a: Sackin index -0.1013; 1.3 s; peak memory 1204 MiB.
2026-10-06T14:43:19Z INFO [481/750] 5237ff34-cfee-4301-9b25-709cb3215b1b: Sackin index -0.0702; 1.1 s; peak memory 1204 MiB.
2026-10-06T14:43:20Z INFO [482/750] 5239dc96-40d4-4d91-9b5a-a1995191d9d2: Sackin index -0.1191; 0.7 s; peak memory 1204 MiB.
2026-10-06T14:43:20Z INFO [483/750] 523a288c-a31b-451e-98d9-e4ec64255f89: Sackin index -0.1658; 0.7 s; peak memory 1204 MiB.
2026-10-06T14:43:21Z INFO [484/750] 523af061-8e77-456a-92b1-3f4e205731ea: Sackin index -0.2168; 0.6 s; peak memory 1204 MiB.
2026-10-06T14:43:22Z INFO [485/750] 523b9bdf-d0c2-4248-aa24-ea5395bbe75c: Sackin index -0.1349; 0.9 s; peak memory 1204 MiB.
2026-10-06T14:43:23Z INFO [486/750] 523bc2fb-860e-4eee-a091-04ffd19084e0: Sackin index -0.0702; 0.9 s; peak memory 1204 MiB.
2026-10-06T14:43:23Z INFO [487/750] 523bc529-65cf-4ec1-8abe-ee892a2080eb: Sackin index -0.0707; 0.8 s; peak memory 1204 MiB.
2026-10-06T14:43:24Z INFO [488/750] 523d4569-d931-48dc-b171-13632bd819bb: Sackin index -0.1291; 1.0 s; peak memory 1204 MiB.
2026-10-06T14:43:29Z INFO [489/750] 523d7efe-ba9e-4f03-8e4a-d3edfc689ccd: Sackin index -0.0403; 4.3 s; peak memory 1204 MiB.
2026-10-06T14:43:31Z INFO [490/750] 523d80a7-baa8-43d4-b213-66c7c6a33be5: Sackin index -0.0484; 2.6 s; peak memory 1204 MiB.
2026-10-06T14:43:32Z INFO [491/750] 523e4e24-8870-4581-8393-d8cc43d258c6: Sackin index -0.1349; 0.8 s; peak memory 1204 MiB.
2026-10-06T14:43:53Z INFO [492/750] 523e65af-4e06-443d-9d53-7e56110f3f9b: Sackin index -0.1367; 21.1 s; peak memory 1204 MiB.
2026-10-06T14:43:55Z INFO [493/750] 523e8473-746f-4c96-9889-09881fb28bc1: Sackin index -0.0533; 2.1 s; peak memory 1204 MiB.
2026-10-06T14:43:56Z INFO [494/750] 523eaa79-954c-4581-a37c-a05e617399d0: Sackin index -0.1349; 0.8 s; peak memory 1204 MiB.
2026-10-06T14:43:57Z INFO [495/750] 523fcd48-0b13-4fa6-9113-7f3133f562a0: Sackin index -0.0371; 1.1 s; peak memory 1204 MiB.
2026-10-06T14:43:58Z INFO [496/750] 523fddc2-f637-4675-abd9-607df5cae816: Sackin index -0.0696; 1.0 s; peak memory 1204 MiB.
2026-10-06T14:43:59Z INFO [497/750] 52400607-59ab-4214-8740-5b281ce37411: Sackin index -0.0387; 1.1 s; peak memory 1204 MiB.
2026-10-06T14:44:00Z INFO [498/750] 52403ca4-da84-4a59-ba63-f1643228c252: Sackin index -0.0696; 0.8 s; peak memory 1204 MiB.
2026-10-06T14:44:01Z INFO [499/750] 5240e003-ef9a-4522-853a-248721dcc6d7: Sackin index -0.1349; 0.8 s; peak memory 1204 MiB.
2026-10-06T14:44:02Z INFO [500/750] 52416408-2d00-4308-bef7-e10609b90352: Sackin index -0.1349; 0.7 s; peak memory 1204 MiB.
2026-10-06T14:44:02Z INFO [500/750] 52416408-2d00-4308-bef7-e10609b90352: checkpointed 86586 records.
2026-10-06T14:44:03Z INFO [501/750] 52435551-9bae-4d88-ae78-ebe8f1564981: Sackin index -0.0752; 0.9 s; peak memory 1204 MiB.
2026-10-06T14:44:04Z INFO [502/750] 5243839c-1927-4283-a4e3-8497b014146b: Sackin index -0.0702; 0.9 s; peak memory 1204 MiB.
2026-10-06T14:44:08Z INFO [503/750] 52440749-e662-4fbc-968b-bd8a47b76c61: Sackin index -0.0265; 4.7 s; peak memory 1204 MiB.
2026-10-06T14:44:09Z INFO [504/750] 524584e5-2243-4939-b726-5484cdc63a12: Sackin index -0.0735; 1.2 s; peak memory 1204 MiB.
2026-10-06T14:44:11Z INFO [505/750] 52464039-3027-4aa1-b3f3-cf6946ddd991: Sackin index -0.0702; 1.1 s; peak memory 1204 MiB.
2026-10-06T14:44:11Z INFO [506/750] 524664de-b3d7-40d4-8503-f5338a59586e: Sackin index -0.1248; 0.9 s; peak memory 1204 MiB.
2026-10-06T14:44:12Z INFO [507/750] 52470149-5443-49cd-8dec-1ae5f9912e4e: Sackin index -0.0696; 1.0 s; peak memory 1204 MiB.
2026-10-06T14:44:13Z INFO [508/750] 52482617-235a-4121-9e0a-e77930fd8d2e: Sackin index -0.1380; 1.0 s; peak memory 1204 MiB.
2026-10-06T14:44:14Z INFO [509/750] 52487051-ac23-4d68-b7f8-5ad2f582e6d9: Sackin index -0.1349; 0.8 s; peak memory 1204 MiB.
2026-10-06T14:44:27Z INFO [510/750] 524983f7-df1e-49b9-b9db-bc292e9ea5d7: Sackin index -0.1462; 12.8 s; peak memory 1204 MiB.
2026-10-06T14:44:28Z INFO [511/750] 5249b0c6-d0f6-4b7c-8770-88acd718d18e: Sackin index -0.0702; 0.9 s; peak memory 1204 MiB.
2026-10-06T14:44:29Z INFO [512/750] 524a309e-41f8-45a5-ba24-cbb5f65c4f20: Sackin index -0.1408; 1.0 s; peak memory 1204 MiB.
2026-10-06T14:44:30Z INFO [513/750] 524a43dc-592f-4098-bee5-5c6d9f36768a: Sackin index -0.0370; 1.5 s; peak memory 1204 MiB.
2026-10-06T14:44:31Z INFO [514/750] 524a8942-b5b7-4da9-9d91-72c63ae4d4d0: Sackin index -0.1938; 0.7 s; peak memory 1204 MiB.
2026-10-06T14:44:32Z INFO [515/750] 524aecae-59dd-4212-9711-94c9adae0ed5: Sackin index -0.1349; 0.8 s; peak memory 1204 MiB.
2026-10-06T14:44:32Z INFO [516/750] 524b0168-151f-4303-a398-bdcb05c3feb8: Sackin index -0.1658; 0.5 s; peak memory 1204 MiB.
2026-10-06T14:44:33Z INFO [517/750] 524b3d21-0a28-4393-be7e-88606479ece9: Sackin index -0.1349; 0.9 s; peak memory 1204 MiB.
2026-10-06T14:44:37Z INFO [518/750] 524be563-22a9-4159-bfe9-63954e2c58b5: Sackin index -0.0251; 4.1 s; peak memory 1204 MiB.
2026-10-06T14:47:08Z INFO [519/750] 524bec27-7872-4613-9d5a-c3e92bedc015: Sackin index -0.0450; 150.5 s; peak memory 1204 MiB.
2026-10-06T14:47:14Z INFO [520/750] 524c1163-b943-4a1b-92a7-e79a5519a542: Sackin index -0.0188; 5.9 s; peak memory 1204 MiB.
2026-10-06T14:47:15Z INFO [521/750] 524c5286-3162-40bc-bb1c-323eeb38ac02: Sackin index -0.0702; 1.0 s; peak memory 1204 MiB.
2026-10-06T14:47:16Z INFO [522/750] 524c6ca9-11f8-4d49-9633-78acc502a9d3: Sackin index -0.1349; 0.9 s; peak memory 1204 MiB.
2026-10-06T14:47:17Z INFO [523/750] 524cf42f-8625-4263-acb6-d1ec8b948fac: Sackin index -0.0375; 1.4 s; peak memory 1204 MiB.
2026-10-06T14:47:18Z INFO [524/750] 524d28b2-716c-446d-87bb-0d001f288716: Sackin index -0.0728; 1.2 s; peak memory 1204 MiB.
2026-10-06T14:47:20Z INFO [525/750] 524da237-793f-443e-b86b-e9d8a608d004: Sackin index -0.0984; 1.3 s; peak memory 1204 MiB.
2026-10-06T14:47:22Z INFO [526/750] 524e499f-4d6b-4315-a6b3-9e195a326eb8: Sackin index -0.0712; 1.9 s; peak memory 1204 MiB.
2026-10-06T14:47:22Z INFO [527/750] 524e7a91-19d3-4f32-bcdb-cc20f0b74a56: Sackin index -0.1208; 0.8 s; peak memory 1204 MiB.
2026-10-06T14:47:23Z INFO [528/750] 524e869d-30f7-4665-b491-6b3cd37a4994: Sackin index -0.0702; 0.9 s; peak memory 1204 MiB.
2026-10-06T14:47:33Z INFO [529/750] 524eb9af-c40f-4401-acc4-f36919a3af38: Sackin index -0.0116; 9.3 s; peak memory 1204 MiB.
2026-10-06T14:47:34Z INFO [530/750] 524ec9e1-1acc-4e3a-acd4-a8255c8fab7c: Sackin index -0.1023; 1.0 s; peak memory 1204 MiB.
2026-10-06T14:47:44Z INFO [531/750] 5250802f-4e69-4730-8b4a-63741217fc3e: Sackin index -0.0178; 10.1 s; peak memory 1204 MiB.
2026-10-06T14:47:45Z INFO [532/750] 5250f8cd-b2df-45f7-82b5-4bcf0fed49c5: Sackin index -0.0375; 1.3 s; peak memory 1204 MiB.
2026-10-06T14:47:47Z INFO [533/750] 525186be-3dc0-44f6-aebe-f4a511b6eab6: Sackin index -0.0365; 2.0 s; peak memory 1204 MiB.
2026-10-06T14:47:48Z INFO [534/750] 52518878-686c-4f48-9ec0-cabc25a3eb7a: Sackin index -0.1349; 0.9 s; peak memory 1204 MiB.
2026-10-06T14:47:49Z INFO [535/750] 52522170-340b-4dff-9df9-55a04bb67d86: Sackin index -0.2073; 0.7 s; peak memory 1204 MiB.
2026-10-06T14:47:50Z INFO [536/750] 52524680-4349-485d-b1dc-fd8f1f3c54a2: Sackin index -0.1602; 1.0 s; peak memory 1204 MiB.
2026-10-06T14:47:51Z INFO [537/750] 52528af5-7560-4abd-b1b4-5f271a32a94c: Sackin index -0.0681; 1.8 s; peak memory 1204 MiB.
2026-10-06T14:47:53Z INFO [538/750] 5252d701-cb23-498c-8024-3a174f90196c: Sackin index -0.1291; 1.0 s; peak memory 1204 MiB.
2026-10-06T14:47:55Z INFO [539/750] 52532d3e-d7c5-4306-80b1-49136dcb72dc: Sackin index -0.0676; 2.1 s; peak memory 1204 MiB.
2026-10-06T14:50:33Z INFO [540/750] 525414cb-2c9f-4cd0-b3d5-61fd2d6fa55d: Sackin index -0.0605; 158.6 s; peak memory 1204 MiB.
2026-10-06T14:50:34Z INFO [541/750] 5254657f-5ec2-40b4-8159-644d4f11a9b8: Sackin index -0.0384; 1.0 s; peak memory 1204 MiB.
2026-10-06T14:50:37Z INFO [542/750] 52546d30-454f-479d-b15f-99a08f3d92ce: Sackin index -0.0484; 2.7 s; peak memory 1204 MiB.
2026-10-06T14:50:38Z INFO [543/750] 52549ced-eacc-4056-811b-92e163171a58: Sackin index -0.0379; 1.3 s; peak memory 1204 MiB.
2026-10-06T14:50:39Z INFO [544/750] 5254ae39-51ac-491b-b177-9c94046a0203: Sackin index -0.1164; 0.8 s; peak memory 1204 MiB.
2026-10-06T14:50:47Z INFO [545/750] 5255a3ce-86aa-4974-ae1f-5bdbd1b27cae: Sackin index -0.0182; 8.0 s; peak memory 1204 MiB.
2026-10-06T14:50:48Z INFO [546/750] 5255c110-5c15-4f6c-9368-816aaad42ce7: Sackin index -0.0941; 1.4 s; peak memory 1204 MiB.
2026-10-06T14:50:50Z INFO [547/750] 52562c55-f824-459e-b57b-7f9ad2c06d41: Sackin index -0.0728; 1.0 s; peak memory 1204 MiB.
2026-10-06T14:51:13Z INFO [548/750] 52565032-3e30-4138-bd70-00e2850d2812: Sackin index -0.1367; 23.5 s; peak memory 1204 MiB.
2026-10-06T14:51:14Z INFO [549/750] 525669ee-d759-4df3-bb5b-c06e17403056: Sackin index -0.0728; 1.0 s; peak memory 1204 MiB.
2026-10-06T14:51:15Z INFO [550/750] 52570f02-a45e-4c9b-8ee7-f4093bdc55a2: Sackin index -0.0375; 1.1 s; peak memory 1204 MiB.
2026-10-06T14:51:15Z INFO [550/750] 52570f02-a45e-4c9b-8ee7-f4093bdc55a2: checkpointed 86636 records.
2026-10-06T14:51:17Z INFO [551/750] 52573f69-9cdf-4579-8956-d1134d65dfa0: Sackin index -0.0376; 1.2 s; peak memory 1204 MiB.
2026-10-06T14:51:26Z INFO [552/750] 52580a75-21d0-41bb-8a14-d44e99321dfb: Sackin index -0.0102; 9.2 s; peak memory 1204 MiB.
2026-10-06T14:51:26Z INFO [553/750] 525821fc-37d3-41a7-bde9-d557f970219b: Sackin index -0.1239; 0.7 s; peak memory 1204 MiB.
2026-10-06T14:51:28Z INFO [554/750] 525848ae-4926-4f89-a790-f7e7d800bec0: Sackin index -0.1356; 1.3 s; peak memory 1204 MiB.
2026-10-06T14:51:29Z INFO [555/750] 525850b5-d6c7-4356-b6a8-a67a01ac984c: Sackin index -0.1023; 1.1 s; peak memory 1204 MiB.
2026-10-06T14:51:30Z INFO [556/750] 5258aacd-c8b4-44a3-aaa9-b0407abbf53b: Sackin index -0.0728; 1.0 s; peak memory 1204 MiB.
2026-10-06T14:51:31Z INFO [557/750] 5258d1ae-f827-4594-abf0-bd3481bcf1cb: Sackin index -0.1349; 0.9 s; peak memory 1204 MiB.
2026-10-06T14:51:32Z INFO [558/750] 525974db-fe98-4350-82eb-f5d81b7129db: Sackin index -0.1349; 0.8 s; peak memory 1204 MiB.
2026-10-06T14:51:32Z INFO [559/750] 525a2802-0d87-4549-a6a2-adccb868be1f: Sackin index -0.0702; 0.9 s; peak memory 1204 MiB.
2026-10-06T14:51:33Z INFO [560/750] 525ad05c-6329-4ffc-b0b4-df9e66c352f6: Sackin index -0.1498; 0.8 s; peak memory 1204 MiB.
2026-10-06T14:51:34Z INFO [561/750] 525c086f-277f-4a07-8179-e6f50bdf889b: Sackin index -0.0728; 1.1 s; peak memory 1204 MiB.
2026-10-06T14:51:35Z INFO [562/750] 525c295b-986e-4696-83ba-d8765b2154ea: Sackin index -0.0709; 1.0 s; peak memory 1204 MiB.
2026-10-06T14:51:42Z INFO [563/750] 525c7bec-bf10-49bb-8887-ab1497d5f2ba: Sackin index -0.0172; 6.5 s; peak memory 1204 MiB.
2026-10-06T14:51:48Z INFO [564/750] 525d9ff3-e12b-4051-a9ae-0105478a6241: Sackin index -0.0439; 6.0 s; peak memory 1204 MiB.
2026-10-06T14:51:49Z INFO [565/750] 525db3b9-c223-4165-b20a-f4fa75ea0f01: Sackin index -0.0275; 1.4 s; peak memory 1204 MiB.
2026-10-06T14:51:50Z INFO [566/750] 525dd31e-b953-4f26-9a5f-3764c8146faf: Sackin index -0.1013; 1.3 s; peak memory 1204 MiB.
2026-10-06T14:51:51Z INFO [567/750] 525e186a-91ff-4873-8038-42c0d51dbb11: Sackin index -0.1303; 0.6 s; peak memory 1204 MiB.
2026-10-06T14:51:52Z INFO [568/750] 525e5450-a516-4413-9631-97468e39106c: Sackin index -0.0376; 1.2 s; peak memory 1204 MiB.
2026-10-06T14:52:02Z INFO [569/750] 525f0376-ff21-4094-821b-56829ddc93d5: Sackin index -0.0141; 10.3 s; peak memory 1204 MiB.
2026-10-06T14:52:03Z INFO [570/750] 525f5e57-7dd0-4258-8bf4-d5c8f0cc9eb4: Sackin index -0.0709; 0.8 s; peak memory 1204 MiB.
2026-10-06T14:52:04Z INFO [571/750] 525fa33b-7677-4224-b9bb-2e0e750cea77: Sackin index -0.1349; 0.8 s; peak memory 1204 MiB.
2026-10-06T14:52:14Z INFO [572/750] 52609f24-eb4f-4772-9b04-2739b5566b15: Sackin index -0.0614; 9.4 s; peak memory 1204 MiB.
2026-10-06T15:03:43Z INFO [573/750] 52614874-adf2-42b8-a7fc-d702523228b0: Sackin index -0.0532; 689.6 s; peak memory 1204 MiB.
2026-10-06T15:03:57Z INFO [574/750] 5261f7b6-7fe1-4fe4-8c4d-6d9c437aff20: Sackin index -0.1495; 13.4 s; peak memory 1204 MiB.
2026-10-06T15:03:57Z INFO [575/750] 52620a02-08a3-4232-b156-8c7417e9a129: Sackin index -0.1349; 0.8 s; peak memory 1204 MiB.
2026-10-06T15:04:10Z INFO [576/750] 5262bc19-4f56-4375-8f55-8232b02443ec: Sackin index -0.1495; 12.6 s; peak memory 1204 MiB.
2026-10-06T15:04:11Z INFO [577/750] 5263938e-119e-4a47-99c2-fdff1bbec42c: Sackin index -0.0696; 1.0 s; peak memory 1204 MiB.
2026-10-06T15:04:12Z INFO [578/750] 526409d7-22e2-4b76-b035-47294522b791: Sackin index -0.1796; 0.8 s; peak memory 1204 MiB.
2026-10-06T15:04:13Z INFO [579/750] 526439ba-597c-42e8-b2c7-ff9239288499: Sackin index -0.1349; 0.9 s; peak memory 1204 MiB.
2026-10-06T15:04:13Z INFO [580/750] 52645820-368a-4a48-93b7-aa17b3f5e563: Sackin index -0.0728; 0.8 s; peak memory 1204 MiB.
2026-10-06T15:04:15Z INFO [581/750] 52646708-faed-44c7-baad-4579283ca187: Sackin index -0.0173; 1.4 s; peak memory 1204 MiB.
2026-10-06T15:04:16Z INFO [582/750] 5264a73c-55c8-48a5-bb83-0dcb263140b9: Sackin index -0.1602; 0.8 s; peak memory 1204 MiB.
2026-10-06T15:04:16Z INFO [583/750] 52650d4b-27fa-4d51-a92a-d659c9475bb8: Sackin index -0.1439; 0.6 s; peak memory 1204 MiB.
2026-10-06T15:04:17Z INFO [584/750] 5265bf78-316a-450d-af4f-06cc7342fd4f: Sackin index -0.1349; 0.9 s; peak memory 1204 MiB.
2026-10-06T15:04:40Z INFO [585/750] 52665306-f334-44c3-98bd-276e956b7b38: Sackin index -0.1367; 23.3 s; peak memory 1204 MiB.
2026-10-06T15:04:42Z INFO [586/750] 52666989-7822-49ab-9a27-ad162ba343f2: Sackin index -0.1370; 1.6 s; peak memory 1204 MiB.
2026-10-06T15:04:45Z INFO [587/750] 52669c5d-46ef-41ad-907d-5ef70c305949: Sackin index -0.0694; 2.6 s; peak memory 1204 MiB.
2026-10-06T15:04:46Z INFO [588/750] 5266be8f-2aa5-4ea1-8f8f-69b1210f04be: Sackin index -0.1370; 1.6 s; peak memory 1204 MiB.
2026-10-06T15:04:47Z INFO [589/750] 526790b4-caa4-4fe3-b313-95a5bca864fc: Sackin index -0.0702; 1.0 s; peak memory 1204 MiB.
2026-10-06T15:04:49Z INFO [590/750] 526831ea-3dcd-4491-b62e-681cd4304d65: Sackin index -0.0728; 1.2 s; peak memory 1204 MiB.
2026-10-06T15:04:50Z INFO [591/750] 52688b7a-aa76-429a-80f8-ab4a8eb606a0: Sackin index -0.1349; 1.0 s; peak memory 1204 MiB.
2026-10-06T15:04:51Z INFO [592/750] 5268a589-6fee-4128-bdd5-dfe67e585760: Sackin index -0.1068; 1.4 s; peak memory 1204 MiB.
2026-10-06T15:04:52Z INFO [593/750] 5268d0c1-47b6-483e-a03c-dd253a99e0dd: Sackin index -0.0732; 1.1 s; peak memory 1204 MiB.
2026-10-06T15:04:53Z INFO [594/750] 5269db4b-3bf3-4c1a-abba-e473defd8dc2: Sackin index -0.1161; 0.7 s; peak memory 1204 MiB.
2026-10-06T15:04:54Z INFO [595/750] 526a2bfd-9b8d-41d6-957d-5c72d62574c3: Sackin index -0.0375; 1.2 s; peak memory 1204 MiB.
2026-10-06T15:05:03Z INFO [596/750] 526b5ffc-8072-4dfa-9e1c-d5ed6fdc0ce8: Sackin index -0.0151; 9.1 s; peak memory 1204 MiB.
2026-10-06T15:05:04Z INFO [597/750] 526bf7dc-bad0-4b52-944d-ca5abc4d1b11: Sackin index -0.0275; 1.5 s; peak memory 1204 MiB.
2026-10-06T15:05:05Z INFO [598/750] 526c2b6f-d9d1-4d1b-88a9-70023b61cf28: Sackin index -0.1349; 1.0 s; peak memory 1204 MiB.
2026-10-06T15:05:06Z INFO [599/750] 526c475f-a6f2-4b59-9c73-d947eeb95fa1: Sackin index -0.1161; 0.8 s; peak memory 1204 MiB.
2026-10-06T15:05:08Z INFO [600/750] 526cc790-9828-4ab4-aac0-7235a7735862: Sackin index -0.0579; 1.7 s; peak memory 1204 MiB.
2026-10-06T15:05:08Z INFO [600/750] 526cc790-9828-4ab4-aac0-7235a7735862: checkpointed 86686 records.
2026-10-06T15:05:09Z INFO [601/750] 526d6ae0-5664-4b74-ac2d-89379b75d6ec: Sackin index -0.0696; 1.1 s; peak memory 1204 MiB.
2026-10-06T15:05:15Z INFO [602/750] 526db528-c113-4315-a6ea-c0699e619d32: Sackin index -0.1303; 5.6 s; peak memory 1204 MiB.
2026-10-06T15:05:16Z INFO [603/750] 526e42e7-57a8-47db-b5ab-deb8d3e827e6: Sackin index -0.0379; 1.3 s; peak memory 1204 MiB.
2026-10-06T15:05:23Z INFO [604/750] 526eb353-d9a4-4683-9cba-6ceea94b0890: Sackin index -0.0289; 7.0 s; peak memory 1204 MiB.
2026-10-06T15:05:24Z INFO [605/750] 526f53f4-20c8-4729-84fc-67951ca58920: Sackin index -0.0728; 1.0 s; peak memory 1204 MiB.
2026-10-06T15:05:25Z INFO [606/750] 52709424-34c3-458c-860c-9f5412eca6d3: Sackin index -0.1349; 0.8 s; peak memory 1204 MiB.
2026-10-06T15:05:26Z INFO [607/750] 52709dbd-5606-4b3a-bb4a-53c276e66878: Sackin index -0.0383; 1.1 s; peak memory 1204 MiB.
2026-10-06T15:05:32Z INFO [608/750] 5271411a-4458-45ce-a3ce-18749792be8b: Sackin index -0.0476; 5.7 s; peak memory 1204 MiB.
2026-10-06T15:05:32Z INFO [609/750] 52718cca-25a2-4fbc-ba8c-145314387d63: Sackin index -0.1178; 0.7 s; peak memory 1204 MiB.
2026-10-06T15:05:34Z INFO [610/750] 5271c072-1185-4075-9c08-9990871ba780: Sackin index -0.0156; 1.8 s; peak memory 1204 MiB.
2026-10-06T15:05:40Z INFO [611/750] 52720990-7432-4b06-8599-38c3add6143b: Sackin index -0.0355; 6.0 s; peak memory 1204 MiB.
2026-10-06T15:05:43Z INFO [612/750] 52721fa9-48c5-4663-97b6-5e5fb4ab2729: Sackin index -0.0273; 2.9 s; peak memory 1204 MiB.
2026-10-06T15:05:44Z INFO [613/750] 5272207f-1409-4bd1-9ae2-8b6e1ecef318: Sackin index -0.1191; 1.0 s; peak memory 1204 MiB.
2026-10-06T15:05:45Z INFO [614/750] 527235c8-6642-4248-8a9b-79d7fdac53c1: Sackin index -0.0379; 1.3 s; peak memory 1204 MiB.
2026-10-06T15:05:47Z INFO [615/750] 5272a94e-f2eb-4c58-b0ad-61bb495bc0da: Sackin index -0.0953; 1.5 s; peak memory 1204 MiB.
2026-10-06T15:05:48Z INFO [616/750] 5273f7e4-7bea-4b10-8d64-a781eb0e8cfe: Sackin index -0.1349; 1.0 s; peak memory 1204 MiB.
2026-10-06T15:05:49Z INFO [617/750] 52746d6e-bf82-4f40-a344-1fe89dff1278: Sackin index -0.1741; 0.7 s; peak memory 1204 MiB.
2026-10-06T15:05:55Z INFO [618/750] 52751a27-0491-4724-928d-b65fb6fe6f53: Sackin index -0.0438; 6.5 s; peak memory 1204 MiB.
2026-10-06T15:05:56Z INFO [619/750] 52761a57-2599-40fc-8630-7aefbe2be07f: Sackin index -0.0728; 1.2 s; peak memory 1204 MiB.
2026-10-06T15:06:00Z INFO [620/750] 5276394a-06f1-4b8c-a8e5-1fdbd19c55b7: Sackin index -0.0251; 4.1 s; peak memory 1204 MiB.
2026-10-06T15:06:02Z INFO [621/750] 527691f1-8014-410e-86c5-712ad489b310: Sackin index -0.0447; 1.3 s; peak memory 1204 MiB.
2026-10-06T15:06:02Z INFO [622/750] 5277ab0c-9b74-4a46-8d30-d340fbd91162: Sackin index -0.1349; 0.8 s; peak memory 1204 MiB.
2026-10-06T15:06:03Z INFO [623/750] 527800b4-11ab-4236-8269-39699821c3b6: Sackin index -0.1658; 0.6 s; peak memory 1204 MiB.
2026-10-06T15:06:04Z INFO [624/750] 527850ba-d7ef-48fd-b8ea-b30f40469f24: Sackin index -0.1938; 0.7 s; peak memory 1204 MiB.
2026-10-06T15:06:05Z INFO [625/750] 527a0789-7a57-46bf-ac57-62354e1ac197: Sackin index -0.0732; 1.0 s; peak memory 1204 MiB.
2026-10-06T15:06:06Z INFO [626/750] 527a1ad3-d700-48e4-90d6-377a36a6261f: Sackin index -0.1349; 1.0 s; peak memory 1204 MiB.
2026-10-06T15:06:07Z INFO [627/750] 527b201a-603c-4ee5-8c29-e5a836605f1c: Sackin index -0.0702; 0.9 s; peak memory 1204 MiB.
2026-10-06T15:06:08Z INFO [628/750] 527b8eed-365a-4aff-a675-5faea54ca4fc: Sackin index -0.0696; 1.0 s; peak memory 1204 MiB.
2026-10-06T15:06:09Z INFO [629/750] 527c58e9-40ff-4a03-be02-6089980fd97b: Sackin index -0.1498; 0.9 s; peak memory 1204 MiB.
2026-10-06T15:06:10Z INFO [630/750] 527ceeff-0c98-42ff-8215-dd273ac7a0ba: Sackin index -0.0702; 1.0 s; peak memory 1204 MiB.
2026-10-06T15:06:10Z INFO [631/750] 527d4065-d42a-4110-a1cf-2fde5a1757ff: Sackin index -0.1349; 0.9 s; peak memory 1204 MiB.
2026-10-06T15:06:11Z INFO [632/750] 527da3df-efb9-420d-91de-df804ec212c0: Sackin index -0.1272; 0.8 s; peak memory 1204 MiB.
2026-10-06T15:06:23Z INFO [633/750] 527da47f-b00f-4ad1-afe2-5abf8d5f62a1: Sackin index -0.0235; 11.5 s; peak memory 1204 MiB.
2026-10-06T15:06:24Z INFO [634/750] 527def8c-3df5-4cfb-9b3d-0558ddf944f2: Sackin index -0.1349; 1.0 s; peak memory 1204 MiB.
2026-10-06T15:06:25Z INFO [635/750] 527e91d4-23bc-4bd9-99f5-b6e1dcfc51c1: Sackin index -0.1349; 0.9 s; peak memory 1204 MiB.
2026-10-06T15:06:34Z INFO [636/750] 527e9f94-0fac-4d21-b2bc-8897fccaa7d4: Sackin index -0.0142; 8.9 s; peak memory 1204 MiB.
2026-10-06T15:06:35Z INFO [637/750] 527f09b8-02f5-4216-b873-f35d195021a4: Sackin index -0.1602; 0.9 s; peak memory 1204 MiB.
2026-10-06T15:06:35Z INFO [638/750] 527f9746-f9b1-47f8-b810-69a4204bb88b: Sackin index -0.1658; 0.8 s; peak memory 1204 MiB.
2026-10-06T15:06:36Z INFO [639/750] 527ff237-ab9c-40bc-8f9e-4846f6152993: Sackin index -0.1349; 0.9 s; peak memory 1204 MiB.
2026-10-06T15:06:38Z INFO [640/750] 52804750-86c1-4296-9a69-0f39eb78dfd2: Sackin index -0.0699; 2.1 s; peak memory 1204 MiB.
2026-10-06T15:06:39Z INFO [641/750] 528050b5-8c18-4123-aee6-529aa1b6b24a: Sackin index -0.1349; 0.8 s; peak memory 1204 MiB.
2026-10-06T15:06:40Z INFO [642/750] 52810c06-47f2-4b01-a099-dad001681f51: Sackin index -0.1248; 0.9 s; peak memory 1204 MiB.
2026-10-06T15:06:41Z INFO [643/750] 528115d3-f631-4323-a6d2-9e9f3618d030: Sackin index -0.0702; 1.0 s; peak memory 1204 MiB.
2026-10-06T15:06:46Z INFO [644/750] 528141d8-6ba5-42d8-9bab-b06aecd80bf9: Sackin index -0.0440; 5.0 s; peak memory 1204 MiB.
2026-10-06T15:06:47Z INFO [645/750] 52815a07-d624-43fc-ae5a-41b2e7ad7cc4: Sackin index -0.1248; 0.9 s; peak memory 1204 MiB.
2026-10-06T15:06:49Z INFO [646/750] 528194bc-d939-4313-8c8e-8b819a1192e9: Sackin index -0.0350; 1.9 s; peak memory 1204 MiB.
2026-10-06T15:06:50Z INFO [647/750] 5281e214-6dd4-4158-9add-56ff3de6180a: Sackin index -0.0702; 0.9 s; peak memory 1204 MiB.
2026-10-06T15:06:51Z INFO [648/750] 52827aea-e58a-4c32-bd09-615e2515c686: Sackin index -0.0673; 0.8 s; peak memory 1204 MiB.
2026-10-06T15:06:52Z INFO [649/750] 52829792-b7c6-4443-8e31-70e99631bc61: Sackin index -0.0745; 1.3 s; peak memory 1204 MiB.
2026-10-06T15:06:53Z INFO [650/750] 5282bfcb-7647-44e6-bf3d-e4780e921628: Sackin index -0.1025; 0.9 s; peak memory 1204 MiB.
2026-10-06T15:06:53Z INFO [650/750] 5282bfcb-7647-44e6-bf3d-e4780e921628: checkpointed 86736 records.
2026-10-06T15:06:54Z INFO [651/750] 52836001-f933-4dda-a745-cc7e544f7391: Sackin index -0.1658; 0.6 s; peak memory 1204 MiB.
2026-10-06T15:06:54Z INFO [652/750] 5283f667-a92f-4e80-a745-13f3ea8d89b1: Sackin index -0.1349; 0.9 s; peak memory 1204 MiB.
2026-10-06T15:06:56Z INFO [653/750] 5284165f-8632-4d8f-8c7a-b1cc85b57997: Sackin index -0.0728; 1.1 s; peak memory 1204 MiB.
2026-10-06T15:06:57Z INFO [654/750] 52841e86-93fb-4352-bccf-d4d75a93a20a: Sackin index -0.1349; 1.0 s; peak memory 1204 MiB.
2026-10-06T15:06:59Z INFO [655/750] 5285401a-3fd5-4abe-a543-9dd8274bcd11: Sackin index -0.0699; 2.1 s; peak memory 1204 MiB.
2026-10-06T15:06:59Z INFO [656/750] 5285dea4-3df0-451f-82b9-d408f9b9e451: Sackin index -0.1658; 0.7 s; peak memory 1204 MiB.
2026-10-06T15:07:03Z INFO [657/750] 52867b26-cc27-48a2-83e2-9cf49fe2b298: Sackin index -0.0257; 4.1 s; peak memory 1204 MiB.
2026-10-06T15:07:06Z INFO [658/750] 5286a2dd-3e01-473b-906d-6623829febf5: Sackin index -0.1243; 2.2 s; peak memory 1204 MiB.
2026-10-06T15:07:07Z INFO [659/750] 52871285-9b7a-4ce4-9703-46429cf70946: Sackin index -0.0413; 1.1 s; peak memory 1204 MiB.
2026-10-06T15:07:08Z INFO [660/750] 528879bd-d922-4321-a12f-58a6856bd460: Sackin index -0.0702; 0.9 s; peak memory 1204 MiB.
2026-10-06T15:09:39Z INFO [661/750] 5288901c-0f26-4752-bed4-988449b8f6a0: Sackin index -0.0286; 151.2 s; peak memory 1204 MiB.
2026-10-06T15:09:40Z INFO [662/750] 5289509a-f641-41c2-ad4a-b2243a939f71: Sackin index -0.0745; 1.2 s; peak memory 1204 MiB.
2026-10-06T15:09:41Z INFO [663/750] 52896f17-262d-47b9-9788-31597bdd9e0f: Sackin index -0.1499; 1.3 s; peak memory 1204 MiB.
2026-10-06T15:09:43Z INFO [664/750] 52897708-339e-462b-a21e-7c855585ad6a: Sackin index -0.0728; 1.4 s; peak memory 1204 MiB.
2026-10-06T15:09:44Z INFO [665/750] 52899ea0-076c-4026-8799-e3e3cb53c44f: Sackin index -0.0956; 1.1 s; peak memory 1204 MiB.
2026-10-06T15:09:45Z INFO [666/750] 5289b758-0dea-41ac-94c5-88fc72e2eb4e: Sackin index -0.1161; 0.7 s; peak memory 1204 MiB.
2026-10-06T15:09:46Z INFO [667/750] 5289c4c8-328a-40ba-b809-1b3131a6485b: Sackin index -0.0376; 1.5 s; peak memory 1204 MiB.
2026-10-06T15:09:48Z INFO [668/750] 5289ca9c-b589-4ba5-ad6d-b79015678ca5: Sackin index -0.0369; 2.0 s; peak memory 1204 MiB.
2026-10-06T15:09:49Z INFO [669/750] 5289d66d-3dfe-4b4e-b32b-f2c9fd7dcec5: Sackin index -0.0891; 0.9 s; peak memory 1204 MiB.
2026-10-06T15:09:50Z INFO [670/750] 5289f3e9-622a-4afa-91ff-1d85f582c29c: Sackin index -0.1349; 0.9 s; peak memory 1204 MiB.
2026-10-06T15:09:51Z INFO [671/750] 528a32d5-41c1-47ef-8c45-76f1ba11c8fe: Sackin index -0.1349; 1.1 s; peak memory 1204 MiB.
2026-10-06T15:09:58Z INFO [672/750] 528a3713-a314-4c96-8187-a88587cc4511: Sackin index -0.0184; 6.6 s; peak memory 1204 MiB.
2026-10-06T15:09:59Z INFO [673/750] 528a3c51-31ae-43de-b3c9-60a16e1792ae: Sackin index -0.0709; 1.1 s; peak memory 1204 MiB.
2026-10-06T15:10:12Z INFO [674/750] 528b1ca2-cf82-4537-be8e-c14782ff57bb: Sackin index -0.0146; 13.1 s; peak memory 1204 MiB.
2026-10-06T15:10:22Z INFO [675/750] 528b72ad-54b1-4bd7-b8ae-ee45d3d8ef07: Sackin index -0.0142; 10.6 s; peak memory 1204 MiB.
2026-10-06T15:10:27Z INFO [676/750] 528ba978-8c21-4755-97d8-91b46c53719f: Sackin index -0.0251; 4.8 s; peak memory 1204 MiB.
2026-10-06T15:10:28Z INFO [677/750] 528cbb4a-f535-4c43-82b4-9afdd7dc5bf4: Sackin index -0.0326; 1.3 s; peak memory 1204 MiB.
2026-10-06T15:10:29Z INFO [678/750] 528ccb4b-5b5a-4e80-ae3b-7f78e384515d: Sackin index -0.1239; 0.7 s; peak memory 1204 MiB.
2026-10-06T15:10:32Z INFO [679/750] 528d1406-9641-4ef4-a215-f1620abeb7da: Sackin index -0.0262; 2.9 s; peak memory 1204 MiB.
2026-10-06T15:10:33Z INFO [680/750] 528e4e7f-1a79-4812-8061-0c9d3a9ef659: Sackin index -0.0702; 1.0 s; peak memory 1204 MiB.
2026-10-06T15:10:34Z INFO [681/750] 528e831a-abbe-4d89-944e-2a8598badd10: Sackin index -0.1191; 0.7 s; peak memory 1204 MiB.
2026-10-06T15:10:40Z INFO [682/750] 52903a7c-9546-49c2-9fa5-43a3b6f86227: Sackin index -0.0305; 6.8 s; peak memory 1204 MiB.
2026-10-06T15:10:41Z INFO [683/750] 52906132-b9a8-4594-ae36-89eee21acbd5: Sackin index -0.1623; 0.8 s; peak memory 1204 MiB.
2026-10-06T15:10:42Z INFO [684/750] 5290a3f0-6bb7-452d-869d-45972c20f9ab: Sackin index -0.1349; 0.8 s; peak memory 1204 MiB.
2026-10-06T15:10:43Z INFO [685/750] 5290f168-2733-498f-9324-c818b75bde89: Sackin index -0.1349; 0.9 s; peak memory 1204 MiB.
2026-10-06T15:10:44Z INFO [686/750] 52910f6e-317a-4c7b-9774-71b8e1847bfc: Sackin index -0.1349; 0.8 s; peak memory 1204 MiB.
2026-10-06T15:10:45Z INFO [687/750] 5291676e-4bc6-408a-bc72-5f8663d1ed99: Sackin index -0.1938; 1.6 s; peak memory 1204 MiB.
2026-10-06T15:10:46Z INFO [688/750] 5291f519-a4c9-4db8-a764-bad49fdf4485: Sackin index -0.1509; 0.7 s; peak memory 1204 MiB.
2026-10-06T15:10:47Z INFO [689/750] 5293a848-a104-4fb5-a575-f2bc7c80788c: Sackin index -0.0728; 0.9 s; peak memory 1204 MiB.
2026-10-06T15:10:48Z INFO [690/750] 52940fb0-6c1e-442f-ad75-b8e315c278fe: Sackin index -0.1273; 1.1 s; peak memory 1204 MiB.
2026-10-06T15:10:50Z INFO [691/750] 5294144e-927a-42c2-a064-57cea35bf10b: Sackin index -0.1938; 1.8 s; peak memory 1204 MiB.
2026-10-06T15:10:51Z INFO [692/750] 52957c03-35a4-4e6d-ab94-0b7940a1635f: Sackin index -0.0434; 1.2 s; peak memory 1204 MiB.
2026-10-06T15:10:52Z INFO [693/750] 5295cc5d-9a30-4419-ba15-012f22cce6f8: Sackin index -0.0375; 1.4 s; peak memory 1204 MiB.
2026-10-06T15:10:53Z INFO [694/750] 529764f6-ccb6-425b-9567-df07bf97d709: Sackin index -0.1349; 0.9 s; peak memory 1204 MiB.
2026-10-06T15:10:54Z INFO [695/750] 5297726c-5a01-43f8-8e04-aa27ad28bc6f: Sackin index -0.0702; 0.9 s; peak memory 1204 MiB.
2026-10-06T15:10:59Z INFO [696/750] 52979995-bf37-443c-8cd8-061e057251f2: Sackin index -0.0476; 4.8 s; peak memory 1204 MiB.
2026-10-06T15:11:00Z INFO [697/750] 5297a4b9-ea35-47a3-8a98-ced37ebb2be5: Sackin index -0.1383; 1.3 s; peak memory 1204 MiB.
2026-10-06T15:11:57Z INFO [698/750] 5297df40-065f-4a91-8122-617be6a5bb72: Sackin index -0.0027; 56.9 s; peak memory 1204 MiB.
2026-10-06T15:12:00Z INFO [699/750] 5298ec83-7bb9-429c-ba9f-a9404c05a507: Sackin index -0.0731; 2.8 s; peak memory 1204 MiB.
2026-10-06T15:14:28Z INFO [700/750] 52990181-9255-4c94-859a-9639b17b9db8: Sackin index -0.1341; 148.0 s; peak memory 1204 MiB.
2026-10-06T15:14:28Z INFO [700/750] 52990181-9255-4c94-859a-9639b17b9db8: checkpointed 86786 records.
2026-10-06T15:14:29Z INFO [701/750] 5299cbb9-ae1f-4c31-a0b1-ef7b88153d05: Sackin index -0.1349; 0.9 s; peak memory 1204 MiB.
2026-10-06T15:14:32Z INFO [702/750] 529a0134-02eb-4fd3-a955-4ef0a7ed1609: Sackin index -0.0643; 3.0 s; peak memory 1204 MiB.
2026-10-06T15:14:33Z INFO [703/750] 529a22c9-ba78-4397-aabf-127824d814a9: Sackin index -0.1349; 1.1 s; peak memory 1204 MiB.
2026-10-06T15:14:43Z INFO [704/750] 529b9611-8c1f-4955-8cae-e4a86354db4f: Sackin index -0.0262; 10.1 s; peak memory 1204 MiB.
2026-10-06T15:14:44Z INFO [705/750] 529cde7f-dbcb-4c56-9d00-24f7a22fc806: Sackin index -0.1349; 1.1 s; peak memory 1204 MiB.
2026-10-06T15:14:45Z INFO [706/750] 529ce6b4-8dad-48c5-98f1-6576aced5411: Sackin index -0.1349; 0.9 s; peak memory 1204 MiB.
2026-10-06T15:14:46Z INFO [707/750] 529cf497-3c2e-4879-9af6-c10f80907142: Sackin index -0.0728; 1.3 s; peak memory 1204 MiB.
2026-10-06T15:14:47Z INFO [708/750] 529d5928-a8f2-4f45-abc5-514a1f5be1cb: Sackin index -0.0702; 1.0 s; peak memory 1204 MiB.
2026-10-06T15:14:48Z INFO [709/750] 529d6df3-13a9-4151-91b3-7570e60a6284: Sackin index -0.1349; 1.0 s; peak memory 1204 MiB.
2026-10-06T15:14:49Z INFO [710/750] 529e01fa-8eb5-47f0-b3b9-499ff438956a: Sackin index -0.0702; 1.0 s; peak memory 1204 MiB.
2026-10-06T15:14:50Z INFO [711/750] 529e50ec-faa7-4bf5-b763-2ae840dcb11f: Sackin index -0.0696; 0.9 s; peak memory 1204 MiB.
2026-10-06T15:14:54Z INFO [712/750] 529ea76f-44df-428b-8983-c8b9fb982e67: Sackin index -0.0418; 3.9 s; peak memory 1204 MiB.
2026-10-06T15:14:55Z INFO [713/750] 529eaa5b-6916-46fd-996e-7dc7aa48572d: Sackin index -0.1439; 0.8 s; peak memory 1204 MiB.
2026-10-06T15:14:57Z INFO [714/750] 529ee7cb-e019-4d1a-8b1c-9ed9d40ec029: Sackin index -0.0369; 1.6 s; peak memory 1204 MiB.
2026-10-06T15:14:58Z INFO [715/750] 529ef45c-5a5b-4e6e-bee0-225f02f1392d: Sackin index -0.0388; 1.0 s; peak memory 1204 MiB.
2026-10-06T15:14:59Z INFO [716/750] 529f5582-167b-4a48-a188-4573ee4e8d2c: Sackin index -0.1349; 0.9 s; peak memory 1204 MiB.
2026-10-06T15:15:00Z INFO [717/750] 529fa0ee-2c71-4043-a540-a5bb2ee25aea: Sackin index -0.1493; 1.2 s; peak memory 1204 MiB.
2026-10-06T15:15:04Z INFO [718/750] 52a141e1-f8c4-4136-96f8-3aabc975dea8: Sackin index -0.1657; 4.5 s; peak memory 1204 MiB.
2026-10-06T15:15:12Z INFO [719/750] 52a167bc-03d2-45aa-87b7-a9040a5cf4e2: Sackin index -0.0299; 7.9 s; peak memory 1204 MiB.
2026-10-06T15:15:18Z INFO [720/750] 52a1c92c-e8cc-48dd-9d2c-aa08c9df3d57: Sackin index -0.0153; 5.7 s; peak memory 1204 MiB.
2026-10-06T15:15:19Z INFO [721/750] 52a267f8-a80f-4495-a2d0-3e3768601ec5: Sackin index -0.1349; 0.8 s; peak memory 1204 MiB.
2026-10-06T15:15:20Z INFO [722/750] 52a2e8de-a866-4506-b2af-5566d5846054: Sackin index -0.0702; 1.0 s; peak memory 1204 MiB.
2026-10-06T15:15:20Z INFO [723/750] 52a36aba-db72-4822-b734-f48ed008fbe6: Sackin index -0.0728; 0.8 s; peak memory 1204 MiB.
2026-10-06T15:15:21Z INFO [724/750] 52a4154f-6b39-4cca-82cc-7d1220d37434: Sackin index -0.1658; 0.6 s; peak memory 1204 MiB.
2026-10-06T15:15:22Z INFO [725/750] 52a41fa0-adea-4b9f-a5c8-0517c5a6eb07: Sackin index -0.1658; 0.7 s; peak memory 1204 MiB.
2026-10-06T15:15:23Z INFO [726/750] 52a540b5-f5e7-4e10-949e-84bcb8725df1: Sackin index -0.0369; 1.5 s; peak memory 1204 MiB.
2026-10-06T15:15:26Z INFO [727/750] 52a59875-c636-408b-87fc-96b8b8eb296f: Sackin index -0.0660; 2.3 s; peak memory 1204 MiB.
2026-10-06T15:15:28Z INFO [728/750] 52a5a3ff-bf4d-4254-a233-d2e95499efd4: Sackin index -0.0660; 2.1 s; peak memory 1204 MiB.
2026-10-06T15:15:51Z INFO [729/750] 52a694cf-ac67-446d-a40a-aa1d013eccf3: Sackin index -0.1367; 23.0 s; peak memory 1204 MiB.
2026-10-06T15:15:52Z INFO [730/750] 52a6bf38-de98-4153-bf36-3e5052ca7854: Sackin index -0.1349; 0.8 s; peak memory 1204 MiB.
2026-10-06T15:15:53Z INFO [731/750] 52a75354-03f9-4abf-88e3-7bec38788859: Sackin index -0.0728; 1.1 s; peak memory 1204 MiB.
2026-10-06T15:15:55Z INFO [732/750] 52a7bef5-2100-491c-93a4-9c1add65cf3d: Sackin index -0.0699; 2.1 s; peak memory 1204 MiB.
2026-10-06T15:15:55Z INFO [733/750] 52a831c1-5272-41e6-a84f-7c299831f709: Sackin index -0.1072; 0.7 s; peak memory 1204 MiB.
2026-10-06T15:15:56Z INFO [734/750] 52a83a17-bbe8-4088-b0b7-7974a09f9cc7: Sackin index -0.0702; 1.1 s; peak memory 1204 MiB.
2026-10-06T15:15:57Z INFO [735/750] 52a8e7ee-c1ea-4968-87c1-86d118a31fd9: Sackin index -0.1349; 0.8 s; peak memory 1204 MiB.
2026-10-06T15:15:58Z INFO [736/750] 52a9ceb0-397b-4c68-bb25-9b507661f98a: Sackin index -0.1349; 0.9 s; peak memory 1204 MiB.
2026-10-06T15:15:59Z INFO [737/750] 52aa9c1e-2e6f-4c9d-957d-f145a87e6e98: Sackin index -0.0702; 1.0 s; peak memory 1204 MiB.
2026-10-06T15:16:03Z INFO [738/750] 52ab7624-ee11-4f07-9805-077c6783eacc: Sackin index -0.0900; 3.4 s; peak memory 1204 MiB.
2026-10-06T15:16:03Z INFO [739/750] 52ac0d7b-9273-45e1-8739-9d5c1d94931d: Sackin index -0.0709; 0.9 s; peak memory 1204 MiB.
2026-10-06T15:16:04Z INFO [740/750] 52acac42-025b-408f-9948-c69bb2026c68: Sackin index -0.0707; 1.1 s; peak memory 1204 MiB.
2026-10-06T15:17:27Z INFO [741/750] 52acc7c8-0c4e-4b4d-9520-ec4814cc8037: Sackin index -0.1132; 82.2 s; peak memory 1204 MiB.
2026-10-06T15:17:43Z INFO [742/750] 52ad6b3c-e09b-4372-95a6-b1a68e6b946f: Sackin index -0.0237; 15.8 s; peak memory 1204 MiB.
2026-10-06T15:17:44Z INFO [743/750] 52ad995d-cae1-4ce0-a55d-74872f314519: Sackin index -0.1229; 1.4 s; peak memory 1204 MiB.
2026-10-06T15:17:48Z INFO [744/750] 52adc2ec-e8fe-43d1-85fa-ca423c928c9d: Sackin index -0.0245; 4.3 s; peak memory 1204 MiB.
2026-10-06T15:17:49Z INFO [745/750] 52aee0a2-b717-435f-849a-20ef46497849: Sackin index -0.1602; 1.1 s; peak memory 1204 MiB.
2026-10-06T15:17:51Z INFO [746/750] 52af073c-d4cc-41a0-ab82-394213e24208: Sackin index -0.0369; 1.3 s; peak memory 1204 MiB.
2026-10-06T15:17:52Z INFO [747/750] 52af3991-229c-4d8c-82d0-fffdd718002a: Sackin index -0.1349; 0.9 s; peak memory 1204 MiB.
2026-10-06T15:17:53Z INFO [748/750] 52af49ca-98d1-458a-9669-0bb115272b88: Sackin index -0.1688; 1.3 s; peak memory 1204 MiB.
2026-10-06T15:17:54Z INFO [749/750] 52afddb0-ea42-4357-b17b-21e93a93877a: Sackin index -0.1658; 0.6 s; peak memory 1204 MiB.
2026-10-06T15:17:59Z INFO [750/750] 52b0347b-6c93-4543-ae3e-a939f05f8c8a: Sackin index -0.1495; 5.8 s; peak memory 1204 MiB.
2026-10-06T15:18:00Z INFO [750/750] 52b0347b-6c93-4543-ae3e-a939f05f8c8a: checkpointed 86836 records.
2026-10-06T15:18:00Z INFO Wrote 86836 records to /tmp/derivatives/valid_nwb_file_to_sackin_index.jsonl (750 new, 0 failed) in 115.8 min (peak memory 1204 MiB).
