2026-10-06T15:19:39Z INFO Logging to /tmp/logs/update_2026-10-06T15-19-39Z.log.
2026-10-06T15:19:39Z INFO Update valid-nwb-file-to-sackin-index (base directory /tmp).
2026-10-06T15:19:39Z INFO Processing 750 items (86836 already recorded).
2026-10-06T15:19:40Z INFO [1/750] 52b07d66-97cb-4275-a259-6b44cc761f9c: Sackin index -0.0881; 1.4 s; peak memory 111 MiB.
2026-10-06T15:19:41Z INFO [2/750] 52b0f0e1-af55-4c00-af85-6aeb871182ce: Sackin index -0.1331; 0.9 s; peak memory 111 MiB.
2026-10-06T15:19:43Z INFO [3/750] 52b0f638-1b5a-4a5f-85bc-3cfd41f2b94f: Sackin index -0.0702; 1.3 s; peak memory 115 MiB.
2026-10-06T15:19:44Z INFO [4/750] 52b1616d-727f-4a13-af1e-c4c5909e301f: Sackin index -0.0369; 1.9 s; peak memory 116 MiB.
2026-10-06T15:19:46Z INFO [5/750] 52b16735-fb5b-4daf-8f12-2f16844a8e4d: Sackin index -0.0832; 1.2 s; peak memory 116 MiB.
2026-10-06T15:19:47Z INFO [6/750] 52b1f4ee-00c5-49ce-bb2d-1f334d310b16: Sackin index -0.1349; 0.9 s; peak memory 116 MiB.
2026-10-06T15:19:48Z INFO [7/750] 52b2c11f-1aba-4263-90d7-4af4ef91463c: Sackin index -0.0728; 1.3 s; peak memory 117 MiB.
2026-10-06T15:19:49Z INFO [8/750] 52b395d5-2538-48b9-9776-6627b4e358c5: Sackin index -0.0715; 1.0 s; peak memory 117 MiB.
2026-10-06T15:19:50Z INFO [9/750] 52b3ae6a-061e-4a20-82ff-c0eed8d0305d: Sackin index -0.0702; 1.0 s; peak memory 117 MiB.
2026-10-06T15:19:51Z INFO [10/750] 52b3b4c3-0f86-4513-9237-030c1113c5d1: Sackin index -0.1349; 1.0 s; peak memory 117 MiB.
2026-10-06T15:19:59Z INFO [11/750] 52b40703-6a42-4469-92c0-b5b87111011a: Sackin index -0.0180; 8.2 s; peak memory 147 MiB.
2026-10-06T15:20:00Z INFO [12/750] 52b40d37-c6ec-4e59-864f-d4953632479e: Sackin index -0.1148; 0.8 s; peak memory 147 MiB.
2026-10-06T15:20:01Z INFO [13/750] 52b493f4-360f-49f0-aa9e-4f609ba9ace6: Sackin index -0.1319; 0.8 s; peak memory 147 MiB.
2026-10-06T15:20:07Z INFO [14/750] 52b4ffc6-6894-4801-bf35-fd41a1847bea: Sackin index -0.0476; 6.5 s; peak memory 147 MiB.
2026-10-06T15:20:08Z INFO [15/750] 52b553ec-d34e-4ef7-9535-9338fd717fa6: Sackin index -0.1191; 0.7 s; peak memory 148 MiB.
2026-10-06T15:20:09Z INFO [16/750] 52b60da2-95b5-45a8-a959-42a7c7769741: Sackin index -0.1349; 1.0 s; peak memory 148 MiB.
2026-10-06T15:20:15Z INFO [17/750] 52b64152-e42b-4fbe-8121-d83c02313b45: Sackin index -0.0420; 6.5 s; peak memory 148 MiB.
2026-10-06T15:20:37Z INFO [18/750] 52b7547b-4671-48b0-97fb-0d185f4879ce: Sackin index -0.0080; 21.8 s; peak memory 195 MiB.
2026-10-06T15:20:38Z INFO [19/750] 52b96f1a-c3ab-4b1c-8d89-17f1151a3679: Sackin index -0.1201; 0.9 s; peak memory 195 MiB.
2026-10-06T15:20:39Z INFO [20/750] 52b9b107-a1ef-40f7-9030-f49f627542b3: Sackin index -0.1349; 1.0 s; peak memory 195 MiB.
2026-10-06T15:20:40Z INFO [21/750] 52b9d3dd-f36d-43b0-8574-6f487c94acdf: Sackin index -0.1349; 1.1 s; peak memory 195 MiB.
2026-10-06T15:20:41Z INFO [22/750] 52ba028f-ba98-4e5d-9634-d7f9b8dbd9f0: Sackin index -0.0626; 1.2 s; peak memory 195 MiB.
2026-10-06T15:20:42Z INFO [23/750] 52ba50e3-13df-437b-a63a-1b98e143c172: Sackin index -0.2147; 0.7 s; peak memory 195 MiB.
2026-10-06T15:20:43Z INFO [24/750] 52bab93c-a020-460a-b08c-ca5b32456216: Sackin index -0.1349; 1.0 s; peak memory 195 MiB.
2026-10-06T15:20:45Z INFO [25/750] 52bb8df8-1270-4f4e-ba86-b77844f04341: Sackin index -0.0350; 2.3 s; peak memory 195 MiB.
2026-10-06T15:20:47Z INFO [26/750] 52bb90ea-f506-460b-8876-7eee1c546ab7: Sackin index -0.0728; 1.1 s; peak memory 195 MiB.
2026-10-06T15:20:48Z INFO [27/750] 52bb928f-1f7e-4cf0-8d5e-dc99af455850: Sackin index -0.0358; 1.7 s; peak memory 195 MiB.
2026-10-06T15:20:50Z INFO [28/750] 52bb96dd-40be-4932-ad61-5f1064dcc058: Sackin index -0.0398; 1.7 s; peak memory 195 MiB.
2026-10-06T15:20:51Z INFO [29/750] 52bd3114-9a01-412d-9779-cbbc789eec9c: Sackin index -0.0883; 0.9 s; peak memory 195 MiB.
2026-10-06T15:20:52Z INFO [30/750] 52bddb38-3352-4248-8e88-2b5e44ef547b: Sackin index -0.1322; 1.1 s; peak memory 195 MiB.
2026-10-06T15:20:54Z INFO [31/750] 52be7e93-e8da-4290-8843-43aacdd413b7: Sackin index -0.0369; 1.9 s; peak memory 195 MiB.
2026-10-06T15:21:04Z INFO [32/750] 52be814f-c65c-44e0-ab4b-38202b24c69c: Sackin index -0.0177; 10.3 s; peak memory 195 MiB.
2026-10-06T15:21:05Z INFO [33/750] 52bea62e-484c-4c13-86db-92f5c4a7034e: Sackin index -0.1349; 1.0 s; peak memory 195 MiB.
2026-10-06T15:21:06Z INFO [34/750] 52bfb80e-fe03-49f4-ae83-1d3515f0fd71: Sackin index -0.0745; 0.9 s; peak memory 195 MiB.
2026-10-06T15:21:07Z INFO [35/750] 52c02713-273d-41b1-b3b8-aaaa892042e6: Sackin index -0.0457; 1.2 s; peak memory 195 MiB.
2026-10-06T15:21:10Z INFO [36/750] 52c08cf4-639d-4661-bd7a-baf8b8563023: Sackin index -0.0695; 2.9 s; peak memory 195 MiB.
2026-10-06T15:21:12Z INFO [37/750] 52c0d1f1-e7f8-4ee5-8fec-6c288e22b2e9: Sackin index -0.0379; 1.5 s; peak memory 195 MiB.
2026-10-06T15:21:14Z INFO [38/750] 52c0f1e1-35b0-41d3-9e92-12f89517762c: Sackin index -0.0818; 2.0 s; peak memory 195 MiB.
2026-10-06T15:21:25Z INFO [39/750] 52c118cd-c669-4c80-b2ce-938563c40124: Sackin index -0.0148; 11.1 s; peak memory 195 MiB.
2026-10-06T15:21:26Z INFO [40/750] 52c20e8a-5677-475d-a6f9-e494a52ef171: Sackin index -0.0375; 1.2 s; peak memory 195 MiB.
2026-10-06T15:21:27Z INFO [41/750] 52c2d056-8670-4c85-94d4-4bee28cb2bea: Sackin index -0.1051; 0.9 s; peak memory 195 MiB.
2026-10-06T15:21:28Z INFO [42/750] 52c330c5-3a17-49eb-bd92-d21de651b4cb: Sackin index -0.0696; 1.1 s; peak memory 195 MiB.
2026-10-06T15:21:29Z INFO [43/750] 52c34c90-82d5-4aae-aa0c-c28a64af3f74: Sackin index -0.0678; 1.6 s; peak memory 195 MiB.
2026-10-06T15:21:31Z INFO [44/750] 52c3a615-2d61-492b-bb6e-1f7f27ad372d: Sackin index -0.0375; 1.2 s; peak memory 195 MiB.
2026-10-06T15:21:42Z INFO [45/750] 52c3b1d5-1713-4386-897d-831e490065ea: Sackin index -0.0145; 10.9 s; peak memory 195 MiB.
2026-10-06T15:21:42Z INFO [46/750] 52c4b5d0-2bd3-4369-b920-64dbce9d3918: Sackin index -0.1575; 1.0 s; peak memory 195 MiB.
2026-10-06T15:21:44Z INFO [47/750] 52c4d260-4c31-4f4a-9449-826c55656680: Sackin index -0.0702; 1.2 s; peak memory 195 MiB.
2026-10-06T15:21:45Z INFO [48/750] 52c53dd8-ad49-4f7c-905f-a2d9beb26325: Sackin index -0.1273; 1.5 s; peak memory 195 MiB.
2026-10-06T15:21:46Z INFO [49/750] 52c60634-142c-4b67-ac11-c86f36c01b70: Sackin index -0.1383; 1.2 s; peak memory 195 MiB.
2026-10-06T15:21:47Z INFO [50/750] 52c667b4-6e36-47ef-afe0-fcb095c08fcf: Sackin index -0.0702; 1.0 s; peak memory 195 MiB.
2026-10-06T15:21:47Z INFO [50/750] 52c667b4-6e36-47ef-afe0-fcb095c08fcf: checkpointed 86886 records.
2026-10-06T15:21:50Z INFO [51/750] 52c71eec-c4ff-4426-b6e8-b4e97963ce39: Sackin index -0.0693; 2.3 s; peak memory 195 MiB.
2026-10-06T15:21:51Z INFO [52/750] 52c80b13-bc86-4798-bbb0-b62bd6f9e244: Sackin index -0.0881; 0.9 s; peak memory 195 MiB.
2026-10-06T15:21:52Z INFO [53/750] 52c872f5-e7da-4acd-badf-915e4702684a: Sackin index -0.0728; 1.3 s; peak memory 195 MiB.
2026-10-06T15:21:55Z INFO [54/750] 52c8e97a-8c22-4ca2-992e-1da183aa8f4d: Sackin index -0.0761; 3.0 s; peak memory 195 MiB.
2026-10-06T15:21:56Z INFO [55/750] 52ca2c1f-7dca-4ba0-82e2-23077f758b55: Sackin index -0.1331; 0.8 s; peak memory 195 MiB.
2026-10-06T15:21:57Z INFO [56/750] 52ca6c7c-d1ec-45ed-8d67-f55d106fe877: Sackin index -0.1390; 1.1 s; peak memory 195 MiB.
2026-10-06T15:21:58Z INFO [57/750] 52cab381-2fcb-4e35-ae42-a78f64ac16a2: Sackin index -0.1349; 0.8 s; peak memory 195 MiB.
2026-10-06T15:22:02Z INFO [58/750] 52cb013e-7be2-480c-8a3b-b26a6d3f5d58: Sackin index -0.0113; 4.4 s; peak memory 195 MiB.
2026-10-06T15:22:04Z INFO [59/750] 52cb7349-7781-46d3-af84-d4fa85e0861e: Sackin index -0.0944; 1.5 s; peak memory 195 MiB.
2026-10-06T15:22:05Z INFO [60/750] 52cc2b65-3dec-47e8-bad7-796e6828842d: Sackin index -0.0369; 1.7 s; peak memory 195 MiB.
2026-10-06T15:22:15Z INFO [61/750] 52ccc77a-c9fe-442c-a3bb-dfa91369e25f: Sackin index -0.0262; 9.5 s; peak memory 195 MiB.
2026-10-06T15:22:16Z INFO [62/750] 52cd37d9-ed7a-4277-9e6d-f396b845d56b: Sackin index -0.0382; 1.0 s; peak memory 195 MiB.
2026-10-06T15:22:20Z INFO [63/750] 52cde384-ba2a-4234-b5fe-391a0b9aaae0: Sackin index -0.0450; 3.9 s; peak memory 195 MiB.
2026-10-06T15:22:21Z INFO [64/750] 52cfbbea-7db6-496c-b7f8-ce0e1df2e6d5: Sackin index -0.0702; 1.1 s; peak memory 195 MiB.
2026-10-06T15:22:30Z INFO [65/750] 52d0a83a-73d6-47c5-9440-57665bc7b771: Sackin index -0.0122; 8.9 s; peak memory 195 MiB.
2026-10-06T15:22:43Z INFO [66/750] 52d0b29d-f356-478f-b764-7a74bf8e9f6f: Sackin index -0.0439; 13.4 s; peak memory 195 MiB.
2026-10-06T15:22:45Z INFO [67/750] 52d0ba9a-3566-49dd-a51a-0bb298c99de4: Sackin index -0.0842; 2.3 s; peak memory 195 MiB.
2026-10-06T15:22:46Z INFO [68/750] 52d151fc-7bc1-415a-b491-a3ef42ae8d26: Sackin index -0.1349; 0.8 s; peak memory 195 MiB.
2026-10-06T15:22:48Z INFO [69/750] 52d258e6-425a-44e9-8f74-8098bbc23376: Sackin index -0.0579; 1.7 s; peak memory 195 MiB.
2026-10-06T15:22:49Z INFO [70/750] 52d2992a-4346-413f-ac1f-e9d985641886: Sackin index -0.2168; 0.7 s; peak memory 195 MiB.
2026-10-06T15:22:51Z INFO [71/750] 52d33f4a-c24a-4815-b53f-ac9f47ccc2f8: Sackin index -0.0720; 2.8 s; peak memory 195 MiB.
2026-10-06T15:22:53Z INFO [72/750] 52d35678-582c-4327-8728-22faa7ee39a3: Sackin index -0.0626; 1.3 s; peak memory 195 MiB.
2026-10-06T15:22:53Z INFO [73/750] 52d37af0-b88c-46b7-a703-d89554214232: Sackin index -0.2147; 0.6 s; peak memory 195 MiB.
2026-10-06T15:22:55Z INFO [74/750] 52d3a909-98e4-4818-969c-d8f82306c681: Sackin index -0.0824; 2.0 s; peak memory 195 MiB.
2026-10-06T15:22:56Z INFO [75/750] 52d417a6-03b0-453d-a53b-9c417640f3f4: Sackin index -0.1692; 0.8 s; peak memory 195 MiB.
2026-10-06T15:23:16Z INFO [76/750] 52d50e7a-ce99-4387-8441-ecbfb41ccf10: Sackin index -0.0144; 19.9 s; peak memory 195 MiB.
2026-10-06T15:23:18Z INFO [77/750] 52d51c4e-e54f-4490-9913-e4c3c0938b8c: Sackin index -0.0824; 1.8 s; peak memory 195 MiB.
2026-10-06T15:23:18Z INFO [78/750] 52d51c68-0de0-4846-b36c-4e9055deae2e: Sackin index -0.1331; 0.7 s; peak memory 195 MiB.
2026-10-06T15:23:19Z INFO [79/750] 52d54633-5ee1-4148-a200-5bbf5a9fd202: Sackin index -0.1938; 0.9 s; peak memory 195 MiB.
2026-10-06T15:23:20Z INFO [80/750] 52d64c5f-bfee-4162-83dd-e3ca6bfaff95: Sackin index -0.1390; 1.1 s; peak memory 195 MiB.
2026-10-06T15:23:21Z INFO [81/750] 52d6a95a-691b-4478-a75a-4a4e9cf7316b: Sackin index -0.1448; 0.6 s; peak memory 195 MiB.
2026-10-06T15:23:22Z INFO [82/750] 52d6e023-d097-41b5-9943-ac777f775b91: Sackin index -0.0745; 1.0 s; peak memory 195 MiB.
2026-10-06T15:23:28Z INFO [83/750] 52d7a1ec-1fff-4be6-98b5-c8c90cdcdc9c: Sackin index -0.0017; 5.9 s; peak memory 247 MiB.
2026-10-06T15:23:33Z INFO [84/750] 52d8e8f2-2466-4ffc-9cfa-8dd21e0c542b: Sackin index -0.0438; 5.7 s; peak memory 247 MiB.
2026-10-06T15:23:34Z INFO [85/750] 52d91d43-58f0-48bb-a0e0-5e179cf2f2bd: Sackin index -0.1331; 1.0 s; peak memory 247 MiB.
2026-10-06T15:23:36Z INFO [86/750] 52d9d7a4-1803-467d-9d00-7c9c8252626f: Sackin index -0.0752; 1.1 s; peak memory 247 MiB.
2026-10-06T15:23:37Z INFO [87/750] 52d9db65-7ad0-4702-a6a2-eaa3ba8bb5ce: Sackin index -0.0746; 1.3 s; peak memory 247 MiB.
2026-10-06T15:23:38Z INFO [88/750] 52da548b-ab5c-43e3-a172-900b25fa8b91: Sackin index -0.0275; 1.4 s; peak memory 247 MiB.
2026-10-06T15:23:39Z INFO [89/750] 52da57c0-ea4a-4a7b-bb83-0268d4ba9dfb: Sackin index -0.0702; 0.9 s; peak memory 247 MiB.
2026-10-06T15:23:40Z INFO [90/750] 52da7f64-c609-4811-95a1-c5c1258c03de: Sackin index -0.1248; 0.9 s; peak memory 247 MiB.
2026-10-06T15:23:41Z INFO [91/750] 52daab0e-e8a7-4e56-9c85-3b98bdce43ef: Sackin index -0.0376; 1.0 s; peak memory 247 MiB.
2026-10-06T15:23:55Z INFO [92/750] 52dabd42-6b59-4c69-8bba-19dde25f8ca5: Sackin index -0.0294; 13.6 s; peak memory 276 MiB.
2026-10-06T15:23:56Z INFO [93/750] 52db8baf-ae7a-45e9-8393-ca47055ed445: Sackin index -0.0385; 1.1 s; peak memory 276 MiB.
2026-10-06T15:23:57Z INFO [94/750] 52db9d97-4bdd-459b-9b34-18df9e761b61: Sackin index -0.1658; 0.9 s; peak memory 276 MiB.
2026-10-06T15:40:44Z INFO [95/750] 52dc38dd-adce-402f-8b7a-4a5851c97952: Sackin index -0.0047; 1007.8 s; peak memory 300 MiB.
2026-10-06T15:40:45Z INFO [96/750] 52dc66b4-8cd9-4ac4-9568-6bfc989afcce: Sackin index -0.1349; 1.0 s; peak memory 300 MiB.
2026-10-06T15:40:50Z INFO [97/750] 52dc9792-46cd-4044-b06d-aa51380a3745: Sackin index -0.0410; 4.3 s; peak memory 300 MiB.
2026-10-06T15:40:56Z INFO [98/750] 52ddcdaf-7fad-4aec-8a21-afa964c911e6: Sackin index -0.0476; 5.9 s; peak memory 300 MiB.
2026-10-06T15:40:57Z INFO [99/750] 52de47e2-3b3b-47b6-8a21-35882c378fb0: Sackin index -0.1215; 1.3 s; peak memory 300 MiB.
2026-10-06T15:40:58Z INFO [100/750] 52de6100-a90f-4135-bd6a-04ada813474c: Sackin index -0.0702; 1.1 s; peak memory 300 MiB.
2026-10-06T15:40:58Z INFO [100/750] 52de6100-a90f-4135-bd6a-04ada813474c: checkpointed 86936 records.
2026-10-06T15:41:00Z INFO [101/750] 52dff391-a820-4e03-bc61-f74c76619e8c: Sackin index -0.0369; 2.0 s; peak memory 300 MiB.
2026-10-06T15:41:01Z INFO [102/750] 52e02e5d-19cb-4857-b83a-9b0bc14029f9: Sackin index -0.1248; 0.9 s; peak memory 300 MiB.
2026-10-06T15:41:02Z INFO [103/750] 52e09ea1-b0e8-4ade-a737-6f6fe438a5e3: Sackin index -0.0728; 1.3 s; peak memory 300 MiB.
2026-10-06T15:41:03Z INFO [104/750] 52e10dd4-db32-4755-807c-594d3df67b41: Sackin index -0.0702; 1.0 s; peak memory 300 MiB.
2026-10-06T15:41:06Z INFO [105/750] 52e399de-701f-494f-92f5-6741eea9c010: Sackin index -0.1243; 2.6 s; peak memory 300 MiB.
2026-10-06T15:41:08Z INFO [106/750] 52e3c588-11cd-44b1-a57d-61912de8ef12: Sackin index -0.0379; 1.6 s; peak memory 300 MiB.
2026-10-06T15:41:09Z INFO [107/750] 52e46438-fe5c-4ef3-acbb-652cf79a96d9: Sackin index -0.1575; 1.0 s; peak memory 300 MiB.
2026-10-06T15:41:09Z INFO [108/750] 52e4b134-ffeb-4848-a299-842f5aebe30c: Sackin index -0.1349; 0.8 s; peak memory 300 MiB.
2026-10-06T15:41:10Z INFO [109/750] 52e50ca4-ec9a-4198-9e3c-f24cc4050e04: Sackin index -0.1543; 0.8 s; peak memory 300 MiB.
2026-10-06T15:41:11Z INFO [110/750] 52e648f6-e0bf-4db3-bfbe-cf5fb674eaf7: Sackin index -0.0385; 1.2 s; peak memory 300 MiB.
2026-10-06T15:41:12Z INFO [111/750] 52e7ad02-e98e-468c-9fc3-c631944a4afa: Sackin index -0.1938; 0.8 s; peak memory 300 MiB.
2026-10-06T15:41:14Z INFO [112/750] 52e80401-8887-4953-8409-2a4469f90c00: Sackin index -0.0944; 1.6 s; peak memory 300 MiB.
2026-10-06T15:41:15Z INFO [113/750] 52e81082-c29b-4c09-a6db-20bcf0161ca2: Sackin index -0.1349; 1.1 s; peak memory 300 MiB.
2026-10-06T15:41:18Z INFO [114/750] 52e92d43-7da2-45ac-b55b-84bd5651df18: Sackin index -0.0914; 3.0 s; peak memory 300 MiB.
2026-10-06T15:41:28Z INFO [115/750] 52e9bac4-0307-4a3f-9026-4e822d5f0711: Sackin index -0.0159; 10.2 s; peak memory 300 MiB.
2026-10-06T15:41:29Z INFO [116/750] 52ea1c05-ec76-4425-8998-cea4a0ce0b64: Sackin index -0.0696; 1.2 s; peak memory 300 MiB.
2026-10-06T15:41:30Z INFO [117/750] 52ea5c8b-2211-4d7b-968b-64f3b42992b0: Sackin index -0.0728; 1.1 s; peak memory 300 MiB.
2026-10-06T15:41:31Z INFO [118/750] 52eac0e0-604f-4dc2-a0cd-daa0f14b66c2: Sackin index -0.0709; 0.9 s; peak memory 300 MiB.
2026-10-06T15:41:40Z INFO [119/750] 52eac966-7fc3-4c73-8189-093c447e5fca: Sackin index -0.0284; 8.5 s; peak memory 300 MiB.
2026-10-06T15:41:41Z INFO [120/750] 52eafe6b-362f-425a-862d-c623cab5f57d: Sackin index -0.0709; 1.1 s; peak memory 300 MiB.
2026-10-06T15:41:42Z INFO [121/750] 52eb269a-f88d-475f-8b13-32cbfddb30ff: Sackin index -0.0728; 1.2 s; peak memory 300 MiB.
2026-10-06T15:41:43Z INFO [122/750] 52eb3e16-a86d-4120-8c10-f15400cb46fd: Sackin index -0.1349; 1.0 s; peak memory 300 MiB.
2026-10-06T15:41:45Z INFO [123/750] 52eb7e8a-a3ea-4a22-847c-156c49375710: Sackin index -0.1562; 2.6 s; peak memory 300 MiB.
2026-10-06T15:41:46Z INFO [124/750] 52eb7fd7-3d60-4eb6-b0c8-f382c78f2b39: Sackin index -0.1461; 0.6 s; peak memory 300 MiB.
2026-10-06T15:41:48Z INFO [125/750] 52ec0ab6-e684-42cb-a7a3-3a1fc952aad6: Sackin index -0.1243; 1.8 s; peak memory 300 MiB.
2026-10-06T15:41:49Z INFO [126/750] 52ec7636-6035-4535-a7ef-d0d24bfff04b: Sackin index -0.0702; 0.9 s; peak memory 300 MiB.
2026-10-06T15:41:50Z INFO [127/750] 52ecb0ad-299e-4aa9-8f0d-163aec4674bd: Sackin index -0.1349; 0.9 s; peak memory 300 MiB.
2026-10-06T15:41:58Z INFO [128/750] 52ecda86-a739-4549-a8d9-2f344e91330d: Sackin index -0.0204; 8.0 s; peak memory 300 MiB.
2026-10-06T15:42:01Z INFO [129/750] 52ed63c5-ac09-45ac-9bee-681715bfc5d0: Sackin index -0.0660; 2.9 s; peak memory 300 MiB.
2026-10-06T15:42:02Z INFO [130/750] 52ed9bff-4017-4d89-b46e-ce07a2034156: Sackin index -0.0379; 1.3 s; peak memory 300 MiB.
2026-10-06T15:42:03Z INFO [131/750] 52ee81b9-c746-4bc0-992e-382c3a51a61c: Sackin index -0.0709; 1.1 s; peak memory 300 MiB.
2026-10-06T15:42:04Z INFO [132/750] 52eeef70-c61a-4c0a-b5dc-b1d67b959b73: Sackin index -0.1148; 0.7 s; peak memory 300 MiB.
2026-10-06T15:44:17Z INFO [133/750] 52ef643e-dd49-4457-adec-cbee237e256c: Sackin index -0.0573; 133.6 s; peak memory 386 MiB.
2026-10-06T15:44:20Z INFO [134/750] 52f1b485-8e6a-48c9-b067-7f90ef071ece: Sackin index -0.1224; 2.2 s; peak memory 386 MiB.
2026-10-06T15:44:32Z INFO [135/750] 52f1bedf-a4b4-4460-ad4a-563e3ed87e9b: Sackin index -0.0025; 12.9 s; peak memory 386 MiB.
2026-10-06T15:44:33Z INFO [136/750] 52f1fcbb-8ff2-4467-bf61-3db5a94f0786: Sackin index -0.1349; 1.0 s; peak memory 386 MiB.
2026-10-06T15:44:34Z INFO [137/750] 52f22d3f-7f45-4bc1-a943-97eab497b99a: Sackin index -0.1349; 1.0 s; peak memory 386 MiB.
2026-10-06T15:44:36Z INFO [138/750] 52f252dc-7fd0-4b8f-ac2f-4ebf0ce5a4f1: Sackin index -0.1349; 1.3 s; peak memory 386 MiB.
2026-10-06T15:44:37Z INFO [139/750] 52f266ac-4e4f-4c8f-beb4-ec23916594f2: Sackin index -0.1023; 1.2 s; peak memory 386 MiB.
2026-10-06T15:44:38Z INFO [140/750] 52f27db3-32dc-4a71-b216-e7da046f975a: Sackin index -0.1448; 0.7 s; peak memory 386 MiB.
2026-10-06T15:44:41Z INFO [141/750] 52f48e66-e805-4432-942d-d36b15f1ff2c: Sackin index -0.0869; 3.2 s; peak memory 386 MiB.
2026-10-06T15:44:43Z INFO [142/750] 52f4bd55-c726-46e2-9caf-ea132f8c00d4: Sackin index -0.0369; 1.7 s; peak memory 386 MiB.
2026-10-06T15:44:44Z INFO [143/750] 52f4f755-ed10-4b90-ad27-6bf4c704e906: Sackin index -0.0702; 1.1 s; peak memory 386 MiB.
2026-10-06T15:44:45Z INFO [144/750] 52f5089a-16e4-45c4-bda6-0704bb1b19d9: Sackin index -0.1248; 1.1 s; peak memory 386 MiB.
2026-10-06T15:44:46Z INFO [145/750] 52f5284f-0f46-43fe-b8b3-946872c55d0b: Sackin index -0.0376; 1.2 s; peak memory 386 MiB.
2026-10-06T15:44:47Z INFO [146/750] 52f589fd-bb0c-49cc-97d5-469e05b738c9: Sackin index -0.0483; 1.2 s; peak memory 386 MiB.
2026-10-06T15:44:55Z INFO [147/750] 52f6019f-12a0-40d7-9055-6790c2f24419: Sackin index -0.0208; 8.1 s; peak memory 386 MiB.
2026-10-06T15:44:56Z INFO [148/750] 52f633d3-34e2-449f-94fa-ce6c6685dc84: Sackin index -0.1349; 0.8 s; peak memory 386 MiB.
2026-10-06T15:45:02Z INFO [149/750] 52f6c850-2a22-40ef-a3e9-0332548185f5: Sackin index -0.0251; 6.0 s; peak memory 386 MiB.
2026-10-06T15:45:04Z INFO [150/750] 52f7794d-1410-4d74-9955-fcfd95553dec: Sackin index -0.0376; 1.5 s; peak memory 386 MiB.
2026-10-06T15:45:04Z INFO [150/750] 52f7794d-1410-4d74-9955-fcfd95553dec: checkpointed 86986 records.
2026-10-06T15:45:06Z INFO [151/750] 52f87fc4-4770-4497-9311-d801556f745d: Sackin index -0.1187; 1.8 s; peak memory 386 MiB.
2026-10-06T15:45:07Z INFO [152/750] 52f8d6c2-63de-4518-a728-91713f97b57e: Sackin index -0.0604; 1.7 s; peak memory 386 MiB.
2026-10-06T15:45:08Z INFO [153/750] 52f94698-8745-4bdd-9dea-32f301a2de1b: Sackin index -0.0745; 1.1 s; peak memory 386 MiB.
2026-10-06T15:45:09Z INFO [154/750] 52fc4b13-e593-4f13-8844-51e6b6f1d2b7: Sackin index -0.0702; 0.9 s; peak memory 386 MiB.
2026-10-06T15:45:10Z INFO [155/750] 52fc9987-c400-4d65-b061-ab71ebcd42af: Sackin index -0.0728; 1.1 s; peak memory 386 MiB.
2026-10-06T15:45:11Z INFO [156/750] 52fdd99d-fec8-400f-a97f-2bee10647d0e: Sackin index -0.1319; 0.9 s; peak memory 386 MiB.
2026-10-06T15:45:13Z INFO [157/750] 52fdf0a8-e583-4b68-82a0-f30af603d105: Sackin index -0.0745; 1.6 s; peak memory 386 MiB.
2026-10-06T15:45:17Z INFO [158/750] 52fe08fa-7276-4cfd-8db2-a76b4886a796: Sackin index -0.1938; 3.9 s; peak memory 386 MiB.
2026-10-06T15:45:27Z INFO [159/750] 52febaaa-f4c6-4c1a-be5f-e68285ebdeb2: Sackin index -0.0088; 10.1 s; peak memory 386 MiB.
2026-10-06T15:45:28Z INFO [160/750] 52fef67b-8045-4b54-9d8c-89677e970db6: Sackin index -0.1174; 0.8 s; peak memory 386 MiB.
2026-10-06T15:45:45Z INFO [161/750] 52ff4870-fe03-4339-b2c9-133bd7713b5f: Sackin index -0.0169; 17.6 s; peak memory 386 MiB.
2026-10-06T15:45:47Z INFO [162/750] 52ff4f90-4ee5-45a6-9d01-5295611ad3e0: Sackin index -0.0702; 1.3 s; peak memory 386 MiB.
2026-10-06T15:45:49Z INFO [163/750] 52ff6f37-e305-4d85-a4fb-6c510b4315c9: Sackin index -0.0704; 2.1 s; peak memory 386 MiB.
2026-10-06T15:45:51Z INFO [164/750] 53038565-ec43-44b6-8fbb-b3aa71e3899e: Sackin index -0.0694; 2.6 s; peak memory 386 MiB.
2026-10-06T15:45:57Z INFO [165/750] 5303c0db-89bd-4250-ac05-a34f0d85bca0: Sackin index -0.0940; 5.9 s; peak memory 386 MiB.
2026-10-06T15:45:58Z INFO [166/750] 53040991-3f42-42f4-a5fb-cdf8fd25f402: Sackin index -0.0956; 0.8 s; peak memory 386 MiB.
2026-10-06T15:50:31Z INFO [167/750] 53043eff-db4a-4e7b-bcb1-2169af88e569: Sackin index -0.0409; 273.1 s; peak memory 511 MiB.
2026-10-06T15:50:47Z INFO [168/750] 53046e8a-d246-4542-a9a5-3142c6169d3b: Sackin index -0.0021; 16.2 s; peak memory 511 MiB.
2026-10-06T15:52:06Z INFO [169/750] 5304d4b2-cc94-446f-b0e0-f90ff695a491: Sackin index -0.0733; 78.4 s; peak memory 511 MiB.
2026-10-06T16:01:34Z INFO [170/750] 5304fba0-3c56-4164-8f36-d958ec7d323f: Sackin index -0.0701; 568.3 s; peak memory 1245 MiB.
2026-10-06T16:01:35Z INFO [171/750] 5304fc00-1b18-4b52-ad41-d3e7df48b1f7: Sackin index -0.1349; 0.9 s; peak memory 1245 MiB.
2026-10-06T16:01:36Z INFO [172/750] 530562c2-7cae-49ba-bbe0-cd1357d26d8e: Sackin index -0.1658; 0.7 s; peak memory 1245 MiB.
2026-10-06T16:01:37Z INFO [173/750] 5305d2a4-05e4-44cd-a2e6-ab59fa425b99: Sackin index -0.0275; 1.6 s; peak memory 1245 MiB.
2026-10-06T16:01:39Z INFO [174/750] 5306837d-c7a4-4fbb-95c9-dc71662f3d26: Sackin index -0.0728; 1.3 s; peak memory 1245 MiB.
2026-10-06T16:01:55Z INFO [175/750] 53068f32-81b2-4875-a81b-18dd8781119b: Sackin index -0.0408; 16.2 s; peak memory 1245 MiB.
2026-10-06T16:01:56Z INFO [176/750] 5307e5c6-bad6-45a9-b3e7-902fd1cbd037: Sackin index -0.0702; 1.0 s; peak memory 1245 MiB.
2026-10-06T16:01:58Z INFO [177/750] 53080cb0-b4ac-49db-b5c1-e5092342e7fd: Sackin index -0.0375; 1.7 s; peak memory 1245 MiB.
2026-10-06T16:01:59Z INFO [178/750] 53089519-9dde-411a-bbe0-92fcfdb508d0: Sackin index -0.0457; 1.2 s; peak memory 1245 MiB.
2026-10-06T16:02:09Z INFO [179/750] 5308cd29-7518-4d91-af67-b86f7dee2f61: Sackin index -0.0167; 10.7 s; peak memory 1245 MiB.
2026-10-06T16:02:11Z INFO [180/750] 5308e6fb-0361-4000-9572-c4444ae11be4: Sackin index -0.0702; 1.1 s; peak memory 1245 MiB.
2026-10-06T16:02:12Z INFO [181/750] 5309e342-1b81-4894-918d-c68edb5a0b85: Sackin index -0.1408; 1.1 s; peak memory 1245 MiB.
2026-10-06T16:02:14Z INFO [182/750] 530a3890-a88c-4164-be5f-18e1d53e6600: Sackin index -0.1408; 1.9 s; peak memory 1245 MiB.
2026-10-06T16:02:15Z INFO [183/750] 530b5c31-e882-4378-a02c-59b4b7a6eafb: Sackin index -0.1248; 1.1 s; peak memory 1245 MiB.
2026-10-06T16:02:16Z INFO [184/750] 530bd751-9bb5-4f74-a9cf-a86b028ad917: Sackin index -0.1194; 1.0 s; peak memory 1245 MiB.
2026-10-06T16:02:22Z INFO [185/750] 530c0d09-b0f9-4383-9f53-7810131b793e: Sackin index -0.0476; 6.4 s; peak memory 1245 MiB.
2026-10-06T16:02:29Z INFO [186/750] 530c9802-b42c-4151-9e53-c7afa1846cd2: Sackin index -0.0145; 6.6 s; peak memory 1245 MiB.
2026-10-06T16:02:30Z INFO [187/750] 530cb375-30ac-4c07-bb16-c77f293e344c: Sackin index -0.1938; 1.9 s; peak memory 1245 MiB.
2026-10-06T16:02:31Z INFO [188/750] 530e4c8d-4d3e-483a-bfa1-f8b9fb007796: Sackin index -0.1349; 1.0 s; peak memory 1245 MiB.
2026-10-06T16:02:37Z INFO [189/750] 530f0e9f-40a9-47a1-904f-9873fd7564ef: Sackin index -0.0216; 5.1 s; peak memory 1245 MiB.
2026-10-06T16:02:38Z INFO [190/750] 530f742f-e945-40bd-a0db-1be0b153888d: Sackin index -0.1349; 1.0 s; peak memory 1245 MiB.
2026-10-06T16:02:39Z INFO [191/750] 53109a37-db79-4c1f-b29b-b7c1720a6588: Sackin index -0.1349; 1.1 s; peak memory 1245 MiB.
2026-10-06T16:02:41Z INFO [192/750] 531126e1-b19d-4d38-9723-a909eeb30768: Sackin index -0.0722; 2.0 s; peak memory 1245 MiB.
2026-10-06T16:02:42Z INFO [193/750] 5311554d-c28c-4fcf-8b51-f5981e58a6c8: Sackin index -0.0728; 1.3 s; peak memory 1245 MiB.
2026-10-06T16:02:43Z INFO [194/750] 5311f382-c5ac-45de-a194-c76743c17735: Sackin index -0.0728; 1.4 s; peak memory 1245 MiB.
2026-10-06T16:02:45Z INFO [195/750] 5311fa1c-4236-4a75-8fc5-175dde5c0d85: Sackin index -0.1349; 1.1 s; peak memory 1245 MiB.
2026-10-06T16:02:45Z INFO [196/750] 53126fd2-f366-43f0-8051-3f032272b08b: Sackin index -0.1349; 0.9 s; peak memory 1245 MiB.
2026-10-06T16:02:59Z INFO [197/750] 5312a7e9-4516-4c5f-baff-aa640b050d28: Sackin index -0.0032; 13.3 s; peak memory 1245 MiB.
2026-10-06T16:03:01Z INFO [198/750] 53132bb8-b3ce-4d51-90b5-ec028619382d: Sackin index -0.0661; 2.0 s; peak memory 1245 MiB.
2026-10-06T16:03:05Z INFO [199/750] 531352c8-7806-4d88-8e87-7bcda5140b0d: Sackin index -0.0250; 4.7 s; peak memory 1245 MiB.
2026-10-06T16:03:06Z INFO [200/750] 53138122-e04d-4297-9751-bb60224e34eb: Sackin index -0.0702; 1.0 s; peak memory 1245 MiB.
2026-10-06T16:03:07Z INFO [200/750] 53138122-e04d-4297-9751-bb60224e34eb: checkpointed 87036 records.
2026-10-06T16:03:08Z INFO [201/750] 53140d27-93aa-4117-9250-035d9ef7f71a: Sackin index -0.0384; 1.2 s; peak memory 1245 MiB.
2026-10-06T16:03:09Z INFO [202/750] 53143312-6431-4618-a897-c4c68e1baf94: Sackin index -0.1448; 0.7 s; peak memory 1245 MiB.
2026-10-06T16:25:19Z INFO [203/750] 5314bec9-0318-400b-b84a-ee9f77069cdf: Sackin index -0.0915; 1330.2 s; peak memory 1245 MiB.
2026-10-06T16:25:22Z INFO [204/750] 5314e0c1-7da4-4281-981c-8b52d29af66c: Sackin index -0.0346; 2.8 s; peak memory 1245 MiB.
2026-10-06T16:25:23Z INFO [205/750] 5315428b-c190-477e-b436-2ee13e2a99e3: Sackin index -0.0728; 1.3 s; peak memory 1245 MiB.
2026-10-06T16:25:24Z INFO [206/750] 5315af96-f54b-4382-b900-d3a415ba754a: Sackin index -0.0745; 1.1 s; peak memory 1245 MiB.
2026-10-06T16:25:25Z INFO [207/750] 5315d284-c5ec-445f-bb66-ee495d96dc60: Sackin index -0.0728; 1.3 s; peak memory 1245 MiB.
2026-10-06T16:25:27Z INFO [208/750] 53165f1b-1dc4-439a-a309-f8d6e2dc2642: Sackin index -0.0375; 1.5 s; peak memory 1245 MiB.
2026-10-06T16:25:39Z INFO [209/750] 53169691-ebac-4ad9-9a4d-44893130298c: Sackin index -0.0146; 12.3 s; peak memory 1245 MiB.
2026-10-06T16:25:40Z INFO [210/750] 5316d833-f116-47f4-b54e-3f38334c3049: Sackin index -0.1349; 1.0 s; peak memory 1245 MiB.
2026-10-06T16:25:42Z INFO [211/750] 5316e80e-6163-4443-b355-e83dd0840dd0: Sackin index -0.0797; 2.2 s; peak memory 1245 MiB.
2026-10-06T16:25:43Z INFO [212/750] 53175b2c-7e40-4d02-918c-e92483535726: Sackin index -0.0391; 0.9 s; peak memory 1245 MiB.
2026-10-06T16:25:44Z INFO [213/750] 5317c32d-a79d-4656-be6e-c78b2e8960d8: Sackin index -0.1938; 0.9 s; peak memory 1245 MiB.
2026-10-06T16:25:48Z INFO [214/750] 5318356f-0b25-4775-b6f0-9926a9ab8bcb: Sackin index -0.0405; 3.6 s; peak memory 1245 MiB.
2026-10-06T16:26:04Z INFO [215/750] 531981a8-711f-4a82-9ebc-709ecb378fb7: Sackin index -0.0143; 16.5 s; peak memory 1245 MiB.
2026-10-06T16:26:07Z INFO [216/750] 5319b81d-f895-46c1-960a-9887b26fbee5: Sackin index -0.0356; 2.4 s; peak memory 1245 MiB.
2026-10-06T16:26:08Z INFO [217/750] 531a55e9-ad4b-41d1-b60a-8599c6a938f8: Sackin index -0.0696; 1.0 s; peak memory 1245 MiB.
2026-10-06T16:26:11Z INFO [218/750] 531aafa1-4578-4a18-8fb1-6494d8051845: Sackin index -0.0547; 3.5 s; peak memory 1245 MiB.
2026-10-06T16:26:12Z INFO [219/750] 531b38c3-907f-497f-bf68-015a2ea7eca4: Sackin index -0.0702; 1.2 s; peak memory 1245 MiB.
2026-10-06T16:26:14Z INFO [220/750] 531c1a60-5d5a-4730-87cd-2f58882b6379: Sackin index -0.0626; 1.4 s; peak memory 1245 MiB.
2026-10-06T16:26:17Z INFO [221/750] 531c3a84-c642-4fd2-97f9-4e8548f2519f: Sackin index -0.1938; 3.5 s; peak memory 1245 MiB.
2026-10-06T16:26:19Z INFO [222/750] 531c5493-179a-4443-a793-5cc918c9e58b: Sackin index -0.0699; 2.0 s; peak memory 1245 MiB.
2026-10-06T16:26:24Z INFO [223/750] 531da23f-1f71-49d8-b26d-b001b47ff7f3: Sackin index -0.0251; 4.6 s; peak memory 1245 MiB.
2026-10-06T16:26:28Z INFO [224/750] 531ed852-595d-4dd9-8a2f-7f1c3f34fdd0: Sackin index -0.0403; 4.4 s; peak memory 1245 MiB.
2026-10-06T16:26:29Z INFO [225/750] 531f247d-942e-4014-b453-d7c14ef38cf2: Sackin index -0.1349; 0.8 s; peak memory 1245 MiB.
2026-10-06T16:26:30Z INFO [226/750] 531f51a3-f4af-4e3f-9e06-dca1699d2d6f: Sackin index -0.1349; 0.9 s; peak memory 1245 MiB.
2026-10-06T16:26:31Z INFO [227/750] 531f728e-d3ea-4117-a59a-7ad30f29f531: Sackin index -0.1349; 0.9 s; peak memory 1245 MiB.
2026-10-06T16:26:34Z INFO [228/750] 531fe0d1-e0aa-4f76-a97a-42fa54f3abd3: Sackin index -0.0442; 3.8 s; peak memory 1245 MiB.
2026-10-06T16:26:36Z INFO [229/750] 53200f0f-0b1c-460f-8805-de7815557925: Sackin index -0.0376; 1.4 s; peak memory 1245 MiB.
2026-10-06T16:26:37Z INFO [230/750] 5320bea9-b919-45f9-a1e5-26dc158a0429: Sackin index -0.0844; 0.9 s; peak memory 1245 MiB.
2026-10-06T16:26:38Z INFO [231/750] 5320f2b9-4ffa-4dea-95de-167622d6eb5e: Sackin index -0.1273; 1.3 s; peak memory 1245 MiB.
2026-10-06T16:26:39Z INFO [232/750] 532217b0-b6fa-4ae2-96e8-620441e1c7a1: Sackin index -0.1349; 1.0 s; peak memory 1245 MiB.
2026-10-06T16:26:40Z INFO [233/750] 53223dd8-b9dd-4cc4-a322-6d3bcff16354: Sackin index -0.0696; 1.1 s; peak memory 1245 MiB.
2026-10-06T16:26:41Z INFO [234/750] 5322c319-8059-4dea-b310-e57ca34a5a7e: Sackin index -0.0702; 1.2 s; peak memory 1245 MiB.
2026-10-06T16:26:43Z INFO [235/750] 5323597b-d44d-4ded-a4b6-11254157cce2: Sackin index -0.1349; 1.1 s; peak memory 1245 MiB.
2026-10-06T16:26:44Z INFO [236/750] 5323b985-0f36-41db-9672-7f68a78db70d: Sackin index -0.0369; 1.8 s; peak memory 1245 MiB.
2026-10-06T16:27:15Z INFO [237/750] 5323c118-4a6b-4b9a-a1fd-73ec2577b71c: Sackin index -0.0023; 30.6 s; peak memory 1245 MiB.
2026-10-06T16:27:16Z INFO [238/750] 53244f2b-b730-49c1-8eb5-ef0acb76277f: Sackin index -0.0728; 1.3 s; peak memory 1245 MiB.
2026-10-06T16:27:17Z INFO [239/750] 53249451-f406-4035-bb2f-ebdc1a781e7f: Sackin index -0.1349; 0.9 s; peak memory 1245 MiB.
2026-10-06T16:27:18Z INFO [240/750] 5324f626-d8b3-4068-b285-be36ca920cb2: Sackin index -0.1349; 1.0 s; peak memory 1245 MiB.
2026-10-06T16:27:20Z INFO [241/750] 5325253d-6a0d-4341-be4d-b36bde0f7340: Sackin index -0.0728; 1.5 s; peak memory 1245 MiB.
2026-10-06T16:27:21Z INFO [242/750] 5326e7e8-404d-4e55-b921-d90fd4eb4780: Sackin index -0.0391; 1.2 s; peak memory 1245 MiB.
2026-10-06T16:27:22Z INFO [243/750] 5327602f-0bb7-4e10-a700-b2d75b2e263e: Sackin index -0.0702; 1.2 s; peak memory 1245 MiB.
2026-10-06T16:27:23Z INFO [244/750] 53276677-5d50-48eb-aa5f-c60ba729a46a: Sackin index -0.0881; 1.2 s; peak memory 1245 MiB.
2026-10-06T16:27:24Z INFO [245/750] 5327e011-5482-46b0-9bed-f036a68f9a67: Sackin index -0.1319; 0.9 s; peak memory 1245 MiB.
2026-10-06T16:27:25Z INFO [246/750] 532906f7-91c3-467d-8157-0f7d8888ba4a: Sackin index -0.1349; 0.8 s; peak memory 1245 MiB.
2026-10-06T16:27:27Z INFO [247/750] 53299466-19a6-4724-8a60-f91870cbe0f4: Sackin index -0.0673; 2.7 s; peak memory 1245 MiB.
2026-10-06T16:27:29Z INFO [248/750] 532a05e6-3780-470e-9404-e19763287547: Sackin index -0.0709; 1.2 s; peak memory 1245 MiB.
2026-10-06T16:27:30Z INFO [249/750] 532a1278-a0a1-4b46-afaf-49d1c2154800: Sackin index -0.0745; 1.2 s; peak memory 1245 MiB.
2026-10-06T16:27:31Z INFO [250/750] 532a7017-6110-42f2-b64e-c7ca76eaaf38: Sackin index -0.0799; 1.0 s; peak memory 1245 MiB.
2026-10-06T16:27:31Z INFO [250/750] 532a7017-6110-42f2-b64e-c7ca76eaaf38: checkpointed 87086 records.
2026-10-06T16:27:32Z INFO [251/750] 532ac2e6-e95e-4156-9801-73dc8080b2e1: Sackin index -0.1349; 1.2 s; peak memory 1245 MiB.
2026-10-06T16:27:33Z INFO [252/750] 532af05e-14ac-4013-b054-770811d482ee: Sackin index -0.0745; 1.0 s; peak memory 1245 MiB.
2026-10-06T16:27:39Z INFO [253/750] 532bb738-03ff-41f7-adb1-9d5bd005172d: Sackin index -0.0429; 5.9 s; peak memory 1245 MiB.
2026-10-06T16:27:40Z INFO [254/750] 532c4c6d-8379-4b7b-b4e9-528e46a48885: Sackin index -0.1383; 0.9 s; peak memory 1245 MiB.
2026-10-06T16:27:41Z INFO [255/750] 532c7fa6-4745-4ef0-a419-4e49bb398ffb: Sackin index -0.1349; 0.9 s; peak memory 1245 MiB.
2026-10-06T16:27:43Z INFO [256/750] 532c81cf-a3e1-43f7-9c00-231f421d1fb5: Sackin index -0.0818; 1.9 s; peak memory 1245 MiB.
2026-10-06T16:27:43Z INFO [257/750] 532e2885-e620-445a-969a-d7409159f96d: Sackin index -0.1658; 0.7 s; peak memory 1245 MiB.
2026-10-06T16:27:44Z INFO [258/750] 532eb500-c260-4d3e-a883-290828388ff4: Sackin index -0.0728; 1.1 s; peak memory 1245 MiB.
2026-10-06T16:27:46Z INFO [259/750] 532ee3c7-1114-4a92-b3c5-107216e1ce27: Sackin index -0.0842; 1.9 s; peak memory 1245 MiB.
2026-10-06T16:27:55Z INFO [260/750] 532f7213-5487-4703-b549-b8d356f6ebe9: Sackin index -0.0783; 8.6 s; peak memory 1245 MiB.
2026-10-06T16:27:56Z INFO [261/750] 53309dec-3ae1-481b-ad2e-be80c06e0550: Sackin index -0.0368; 1.0 s; peak memory 1245 MiB.
2026-10-06T16:27:57Z INFO [262/750] 5330dac7-c004-4537-a4c2-8a383d6d77d5: Sackin index -0.1349; 1.0 s; peak memory 1245 MiB.
2026-10-06T16:27:58Z INFO [263/750] 533179d1-ddd3-45e9-96f3-23df9c6ee0cb: Sackin index -0.1349; 1.0 s; peak memory 1245 MiB.
2026-10-06T16:28:04Z INFO [264/750] 5331b8a5-93f8-46f4-a008-52a17055ac51: Sackin index -0.0022; 5.7 s; peak memory 1245 MiB.
2026-10-06T16:30:29Z INFO [265/750] 53320c27-b3bc-4445-b849-ae48ec0574da: Sackin index -0.0288; 145.4 s; peak memory 1245 MiB.
2026-10-06T16:32:56Z INFO [266/750] 53326278-e157-402d-aaa4-de9f20236615: Sackin index -0.0305; 147.2 s; peak memory 1245 MiB.
2026-10-06T16:33:00Z INFO [267/750] 5332c67e-9094-4289-93d3-c849fd3d5fe5: Sackin index -0.0251; 4.3 s; peak memory 1245 MiB.
2026-10-06T16:33:05Z INFO [268/750] 53338479-0194-40d3-b726-19c20a5dc4e6: Sackin index -0.0102; 4.7 s; peak memory 1245 MiB.
2026-10-06T16:33:06Z INFO [269/750] 5334bb38-a2ff-472a-bd57-339cf0bb3abf: Sackin index -0.1448; 0.8 s; peak memory 1245 MiB.
2026-10-06T16:33:07Z INFO [270/750] 53354d1a-e65e-45fe-9832-d1c86c0ce584: Sackin index -0.1349; 1.1 s; peak memory 1245 MiB.
2026-10-06T16:33:09Z INFO [271/750] 5335b886-1e1d-4012-9c9e-84f97512255c: Sackin index -0.0728; 1.5 s; peak memory 1245 MiB.
2026-10-06T16:33:25Z INFO [272/750] 5335c216-a4e4-4c46-ac12-7ec782522ac7: Sackin index -0.0406; 16.3 s; peak memory 1245 MiB.
2026-10-06T16:33:26Z INFO [273/750] 5336dd24-588e-4b74-9902-b173f903c8bf: Sackin index -0.1178; 0.9 s; peak memory 1245 MiB.
2026-10-06T16:33:27Z INFO [274/750] 53372102-59a3-4d25-8a39-66feda080644: Sackin index -0.0696; 1.1 s; peak memory 1245 MiB.
2026-10-06T16:33:30Z INFO [275/750] 53374907-e283-4d3a-b90b-e3b62223dd2b: Sackin index -0.0718; 2.6 s; peak memory 1245 MiB.
2026-10-06T16:33:31Z INFO [276/750] 53383f57-b66f-484e-8fb4-47cd22852967: Sackin index -0.1349; 1.1 s; peak memory 1245 MiB.
2026-10-06T16:33:32Z INFO [277/750] 533881af-5bd6-45b3-9954-fac25cf6d7c1: Sackin index -0.0728; 1.5 s; peak memory 1245 MiB.
2026-10-06T16:33:33Z INFO [278/750] 53389b25-f374-4ab4-9b3c-0425cda909ab: Sackin index -0.1349; 1.0 s; peak memory 1245 MiB.
2026-10-06T16:33:34Z INFO [279/750] 5338a140-6252-4234-81ee-4bd166ad0741: Sackin index -0.0696; 1.1 s; peak memory 1245 MiB.
2026-10-06T16:33:35Z INFO [280/750] 533a9613-6683-42fc-abcc-5ffa467eec20: Sackin index -0.1604; 1.1 s; peak memory 1245 MiB.
2026-10-06T16:33:36Z INFO [281/750] 533b4a1c-df69-4b07-bbac-cc2a45b30bd6: Sackin index -0.1349; 1.1 s; peak memory 1245 MiB.
2026-10-06T16:34:25Z INFO [282/750] 533c0a73-7de6-4d2c-81da-1546124e24da: Sackin index -0.1144; 48.8 s; peak memory 1245 MiB.
2026-10-06T16:34:26Z INFO [283/750] 533c833a-c3ac-40ee-b566-c63d76d4a81e: Sackin index -0.1349; 1.2 s; peak memory 1245 MiB.
2026-10-06T16:35:08Z INFO [284/750] 533c8740-895d-4367-89e9-eea3b1dd1547: Sackin index -0.0014; 41.2 s; peak memory 1245 MiB.
2026-10-06T16:35:09Z INFO [285/750] 533c9b03-057b-4641-8f55-811abff9d30e: Sackin index -0.0702; 1.3 s; peak memory 1245 MiB.
2026-10-06T16:35:10Z INFO [286/750] 533ca96a-9fe6-4c13-8716-5095157150ec: Sackin index -0.1349; 0.9 s; peak memory 1245 MiB.
2026-10-06T16:35:11Z INFO [287/750] 533f2aec-82d5-4a8c-b477-2cfa680b4231: Sackin index -0.0376; 1.6 s; peak memory 1245 MiB.
2026-10-06T16:35:18Z INFO [288/750] 533fa890-cad9-4d33-bdd6-8639858a7ccc: Sackin index -0.0278; 6.6 s; peak memory 1245 MiB.
2026-10-06T16:35:23Z INFO [289/750] 534125a5-d67e-4b5b-ba91-5ae175bde846: Sackin index -0.0403; 4.9 s; peak memory 1245 MiB.
2026-10-06T16:35:26Z INFO [290/750] 53415886-9e05-403b-8618-d97a3191333e: Sackin index -0.0655; 3.1 s; peak memory 1245 MiB.
2026-10-06T16:35:27Z INFO [291/750] 5341f230-2fba-4a5c-b440-b88077802582: Sackin index -0.0728; 1.2 s; peak memory 1245 MiB.
2026-10-06T16:35:29Z INFO [292/750] 53432830-9cad-4e77-b750-f15a44adcb23: Sackin index -0.0434; 1.3 s; peak memory 1245 MiB.
2026-10-06T16:35:36Z INFO [293/750] 53434084-c10a-42ac-9500-b943a4287590: Sackin index -0.0080; 7.2 s; peak memory 1245 MiB.
2026-10-06T16:35:38Z INFO [294/750] 5343ea41-63f8-4929-9b84-d2468bb2259c: Sackin index -0.0660; 2.3 s; peak memory 1245 MiB.
2026-10-06T16:35:39Z INFO [295/750] 53440dc9-b941-42e5-8762-5546e8aef88f: Sackin index -0.0696; 1.1 s; peak memory 1245 MiB.
2026-10-06T16:35:40Z INFO [296/750] 53447c1b-21e3-4cbe-9ed0-af0b94f3bb52: Sackin index -0.0702; 1.1 s; peak memory 1245 MiB.
2026-10-06T16:35:41Z INFO [297/750] 53449ae8-9f72-412d-a47a-4cc7555af729: Sackin index -0.1938; 0.7 s; peak memory 1245 MiB.
2026-10-06T16:35:42Z INFO [298/750] 5345d0a6-e305-4300-845a-7dde532ebfa8: Sackin index -0.1349; 1.1 s; peak memory 1245 MiB.
2026-10-06T16:35:43Z INFO [299/750] 5345dde9-169c-4ac1-93dd-3986fccfd547: Sackin index -0.0728; 1.4 s; peak memory 1245 MiB.
2026-10-06T16:35:44Z INFO [300/750] 5346cb2f-c3a2-41de-9197-d74b2e54153a: Sackin index -0.1349; 0.9 s; peak memory 1245 MiB.
2026-10-06T16:35:44Z INFO [300/750] 5346cb2f-c3a2-41de-9197-d74b2e54153a: checkpointed 87136 records.
2026-10-06T16:35:45Z INFO [301/750] 5346d919-5806-4b16-a9ca-d63a2574f6e7: Sackin index -0.0709; 1.0 s; peak memory 1245 MiB.
2026-10-06T16:35:46Z INFO [302/750] 53481ab4-49ef-44ed-9b26-afdd00a99c08: Sackin index -0.1349; 0.9 s; peak memory 1245 MiB.
2026-10-06T16:35:52Z INFO [303/750] 5348eec2-11ae-45d4-b6d3-37df19c50ee9: Sackin index -0.0940; 5.7 s; peak memory 1245 MiB.
2026-10-06T16:35:54Z INFO [304/750] 53495bbd-2a29-41a2-9aae-cfe89c9dd06d: Sackin index -0.1229; 1.6 s; peak memory 1245 MiB.
2026-10-06T16:35:56Z INFO [305/750] 534b8cc6-6e74-487b-bc03-669239323967: Sackin index -0.0699; 2.2 s; peak memory 1245 MiB.
2026-10-06T16:35:57Z INFO [306/750] 534ba229-d71b-4019-8241-aceb8378b2d2: Sackin index -0.0728; 1.3 s; peak memory 1245 MiB.
2026-10-06T16:35:59Z INFO [307/750] 534c05e1-c5ad-4c06-b6ef-e3fd2137be64: Sackin index -0.0728; 1.5 s; peak memory 1245 MiB.
2026-10-06T16:36:05Z INFO [308/750] 534c0ca9-5f7d-4ed8-8eb4-ac3f65c1a36e: Sackin index -0.0266; 6.0 s; peak memory 1245 MiB.
2026-10-06T16:36:06Z INFO [309/750] 534c5131-74cc-4ba6-be24-2093c4ee9a1a: Sackin index -0.0732; 1.0 s; peak memory 1245 MiB.
2026-10-06T16:36:07Z INFO [310/750] 534db80f-b0ea-4910-89b4-d3fe1eeeb1d9: Sackin index -0.0702; 1.2 s; peak memory 1245 MiB.
2026-10-06T16:36:08Z INFO [311/750] 534df944-273e-4594-a788-a3f254068d47: Sackin index -0.1349; 1.2 s; peak memory 1245 MiB.
2026-10-06T16:36:09Z INFO [312/750] 534e0fc4-9877-4059-a756-4961a7043de2: Sackin index -0.0696; 1.0 s; peak memory 1245 MiB.
2026-10-06T16:36:10Z INFO [313/750] 534ea7ba-528f-413f-94fc-ceb129989525: Sackin index -0.1349; 1.0 s; peak memory 1245 MiB.
2026-10-06T16:38:50Z INFO [314/750] 534efca6-000f-4147-ad0a-f7f4cd910fa6: Sackin index -0.0684; 160.3 s; peak memory 1245 MiB.
2026-10-06T16:38:51Z INFO [315/750] 534f5d38-bdba-49d4-843a-700ddb260f70: Sackin index -0.1331; 1.0 s; peak memory 1245 MiB.
2026-10-06T16:38:53Z INFO [316/750] 534f8023-33d3-4762-9136-1526b9e8a128: Sackin index -0.0379; 1.4 s; peak memory 1245 MiB.
2026-10-06T16:38:57Z INFO [317/750] 5351284c-b7b2-4e0d-abe9-3a5271a46bfb: Sackin index -0.0151; 4.0 s; peak memory 1245 MiB.
2026-10-06T16:38:58Z INFO [318/750] 5352036c-6ff5-4440-9b71-e69ed0fc8688: Sackin index -0.0702; 1.0 s; peak memory 1245 MiB.
2026-10-06T16:38:59Z INFO [319/750] 535252d6-7e7e-4368-8e8a-80d017de63d0: Sackin index -0.0748; 0.8 s; peak memory 1245 MiB.
2026-10-06T16:38:59Z INFO [320/750] 53529412-3be5-4e38-becf-7b4ae9b5b5c5: Sackin index -0.1356; 0.9 s; peak memory 1245 MiB.
2026-10-06T16:39:01Z INFO [321/750] 5352f032-a225-44c5-aea8-8254642a22e0: Sackin index -0.0569; 1.4 s; peak memory 1245 MiB.
2026-10-06T16:39:03Z INFO [322/750] 53536a0a-5359-4315-ae64-3802d575308e: Sackin index -0.0369; 2.1 s; peak memory 1245 MiB.
2026-10-06T16:39:04Z INFO [323/750] 5353743e-f159-4d89-a5a9-ee6b5e22a6e6: Sackin index -0.1349; 1.1 s; peak memory 1245 MiB.
2026-10-06T16:39:05Z INFO [324/750] 5353cde1-4118-4814-9937-34883703a027: Sackin index -0.1602; 1.4 s; peak memory 1245 MiB.
2026-10-06T16:39:07Z INFO [325/750] 53540cfc-a3f9-4889-82dd-6e69e0a4e031: Sackin index -0.0365; 1.4 s; peak memory 1245 MiB.
2026-10-06T16:39:10Z INFO [326/750] 53544065-5833-463b-9c57-e3a985ce6cb3: Sackin index -0.0797; 3.5 s; peak memory 1245 MiB.
2026-10-06T16:39:15Z INFO [327/750] 53546587-fb89-42b5-85d1-d86888b3909f: Sackin index -0.0206; 4.7 s; peak memory 1245 MiB.
2026-10-06T16:39:16Z INFO [328/750] 5354ab6d-338b-4dfb-a3ea-6ff960ce6d71: Sackin index -0.0702; 1.1 s; peak memory 1245 MiB.
2026-10-06T16:39:17Z INFO [329/750] 53554644-0bf5-44eb-ad2f-27bb4e4460f2: Sackin index -0.1319; 0.7 s; peak memory 1245 MiB.
2026-10-06T16:39:18Z INFO [330/750] 53554696-c71c-4c99-8c8a-7ae67fb545d9: Sackin index -0.0735; 0.9 s; peak memory 1245 MiB.
2026-10-06T16:39:21Z INFO [331/750] 53562e58-7a5f-4a5e-aa60-8cabe98f02b6: Sackin index -0.0298; 3.6 s; peak memory 1245 MiB.
2026-10-06T16:39:22Z INFO [332/750] 5356c6d6-4f0b-447d-a4a8-a80f28480b84: Sackin index -0.1178; 0.8 s; peak memory 1245 MiB.
2026-10-06T16:39:23Z INFO [333/750] 53572964-123a-4959-86c4-3df4de9e79f6: Sackin index -0.1349; 0.9 s; peak memory 1245 MiB.
2026-10-06T16:39:40Z INFO [334/750] 5358162c-409e-403e-bde5-ff6effad1238: Sackin index -0.1938; 17.4 s; peak memory 1245 MiB.
2026-10-06T16:39:41Z INFO [335/750] 5358efb3-755c-49c1-9f06-325f09de2f9b: Sackin index -0.1349; 0.9 s; peak memory 1245 MiB.
2026-10-06T16:39:42Z INFO [336/750] 53599dba-7a6f-4485-97ac-fc6b47248fa2: Sackin index -0.1349; 0.9 s; peak memory 1245 MiB.
2026-10-06T16:39:43Z INFO [337/750] 535ac598-39be-4ac6-af4f-608e866fef2c: Sackin index -0.1349; 1.0 s; peak memory 1245 MiB.
2026-10-06T16:39:44Z INFO [338/750] 535bc21a-f3c0-474d-abd0-c47bb29c0e1f: Sackin index -0.1349; 0.9 s; peak memory 1245 MiB.
2026-10-06T16:39:46Z INFO [339/750] 535be403-5dc6-4ed8-9198-4a2611201982: Sackin index -0.0696; 1.3 s; peak memory 1245 MiB.
2026-10-06T16:39:46Z INFO [340/750] 535be48e-cc68-402f-b0cb-96d9d5059998: Sackin index -0.1254; 0.8 s; peak memory 1245 MiB.
2026-10-06T16:39:47Z INFO [341/750] 535c2068-f683-4c36-bbab-2d06a629c378: Sackin index -0.0728; 1.0 s; peak memory 1245 MiB.
2026-10-06T16:39:50Z INFO [342/750] 535ca793-812b-4d21-9e08-457c9685791e: Sackin index -0.0562; 2.3 s; peak memory 1245 MiB.
2026-10-06T16:39:51Z INFO [343/750] 535d8444-9e80-434f-a99a-0a0688eb23de: Sackin index -0.0702; 0.9 s; peak memory 1245 MiB.
2026-10-06T16:39:51Z INFO [344/750] 535e013d-3730-46e9-81ab-887e829d71f4: Sackin index -0.1248; 0.8 s; peak memory 1245 MiB.
2026-10-06T16:40:01Z INFO [345/750] 535ebe8d-aac9-4ca3-ad97-98c0909286ea: Sackin index -0.0614; 9.6 s; peak memory 1245 MiB.
2026-10-06T16:40:02Z INFO [346/750] 535ee29b-e902-47db-9fae-9675e8e2ea61: Sackin index -0.1331; 0.9 s; peak memory 1245 MiB.
2026-10-06T16:40:03Z INFO [347/750] 535f2a21-bf34-418f-a888-ca67cb7d6a39: Sackin index -0.1349; 1.0 s; peak memory 1245 MiB.
2026-10-06T16:40:04Z INFO [348/750] 535fa97e-a78a-4d7a-8d77-0323f913efeb: Sackin index -0.1349; 0.9 s; peak memory 1245 MiB.
2026-10-06T16:40:06Z INFO [349/750] 5360400d-ad25-4586-82c9-f8891f00cffe: Sackin index -0.0660; 2.3 s; peak memory 1245 MiB.
2026-10-06T16:40:07Z INFO [350/750] 53606d78-a72f-4798-bcb1-affc053f9e31: Sackin index -0.0728; 1.1 s; peak memory 1245 MiB.
2026-10-06T16:40:07Z INFO [350/750] 53606d78-a72f-4798-bcb1-affc053f9e31: checkpointed 87186 records.
2026-10-06T16:40:09Z INFO [351/750] 53607d74-c558-411e-ae76-57831ac684c4: Sackin index -0.0457; 1.1 s; peak memory 1245 MiB.
2026-10-06T16:40:09Z INFO [352/750] 53608cdb-3486-4bd3-a95c-f8960c08e740: Sackin index -0.1349; 0.9 s; peak memory 1245 MiB.
2026-10-06T16:40:10Z INFO [353/750] 53613807-a9b5-411d-b9b5-a4958fee5af0: Sackin index -0.2229; 0.9 s; peak memory 1245 MiB.
2026-10-06T16:40:19Z INFO [354/750] 5361ae55-6ca5-4390-97cf-3bb47b0066a8: Sackin index -0.0288; 9.0 s; peak memory 1245 MiB.
2026-10-06T16:42:45Z INFO [355/750] 5361eeaa-56e6-41a8-9d4b-979cd895c754: Sackin index -0.0573; 145.4 s; peak memory 1245 MiB.
2026-10-06T16:42:46Z INFO [356/750] 5362da99-8004-42f1-a5b4-0ae2f4416015: Sackin index -0.1349; 0.9 s; peak memory 1245 MiB.
2026-10-06T16:42:47Z INFO [357/750] 53634aec-0c70-4c42-bea0-00834b53459c: Sackin index -0.0728; 1.5 s; peak memory 1245 MiB.
2026-10-06T16:42:49Z INFO [358/750] 5364402a-af00-4b3b-b71b-ad45a5b6da4f: Sackin index -0.0693; 2.1 s; peak memory 1245 MiB.
2026-10-06T16:42:51Z INFO [359/750] 53644ed2-f22c-430b-9ffb-5383cecd769d: Sackin index -0.0529; 1.4 s; peak memory 1245 MiB.
2026-10-06T16:42:52Z INFO [360/750] 5364713e-9be4-42cf-a411-6280b46123b1: Sackin index -0.0702; 1.1 s; peak memory 1245 MiB.
2026-10-06T16:42:53Z INFO [361/750] 536596ce-277f-42cb-8fa7-d8c0a42cbdff: Sackin index -0.0738; 1.3 s; peak memory 1245 MiB.
2026-10-06T16:42:54Z INFO [362/750] 5366426a-cbe1-4cd1-ab79-73352add6218: Sackin index -0.1349; 1.2 s; peak memory 1245 MiB.
2026-10-06T16:42:59Z INFO [363/750] 53668cb7-4963-4a0a-a288-c61b74dc0ba4: Sackin index -0.0403; 4.2 s; peak memory 1245 MiB.
2026-10-06T16:43:05Z INFO [364/750] 5366ea50-2b81-4bff-a725-29bdde9cd736: Sackin index -0.0187; 6.2 s; peak memory 1245 MiB.
2026-10-06T16:43:15Z INFO [365/750] 53673c39-5753-420d-ad1a-b2034f28752a: Sackin index -0.0232; 10.7 s; peak memory 1245 MiB.
2026-10-06T16:43:17Z INFO [366/750] 53683104-049a-4870-b88e-3ee296dffe9b: Sackin index -0.0375; 1.2 s; peak memory 1245 MiB.
2026-10-06T16:43:17Z INFO [367/750] 53699b87-2bf5-47e0-8dda-1eaea9018fee: Sackin index -0.1575; 0.8 s; peak memory 1245 MiB.
2026-10-06T16:43:33Z INFO [368/750] 536b0f74-0380-43dc-94a0-28669c2fbf88: Sackin index -0.0098; 15.7 s; peak memory 1245 MiB.
2026-10-06T16:43:35Z INFO [369/750] 536b3ee1-ebe0-427e-a108-b3d23797a115: Sackin index -0.1273; 1.4 s; peak memory 1245 MiB.
2026-10-06T16:43:36Z INFO [370/750] 536b5832-5685-4750-a6b0-5b6a1c076aa5: Sackin index -0.1562; 0.9 s; peak memory 1245 MiB.
2026-10-06T16:43:47Z INFO [371/750] 536d0416-4857-4e6a-9b85-5fae84c6785e: Sackin index -0.0105; 11.2 s; peak memory 1245 MiB.
2026-10-06T16:43:48Z INFO [372/750] 536d610f-7b8f-4625-93c8-b38614b6ad8a: Sackin index -0.0728; 1.3 s; peak memory 1245 MiB.
2026-10-06T16:43:50Z INFO [373/750] 536d9a7e-2125-49f7-b322-8489c41bee43: Sackin index -0.0732; 1.7 s; peak memory 1245 MiB.
2026-10-06T16:43:51Z INFO [374/750] 536d9d6f-2641-45d2-9d94-6de8b017960f: Sackin index -0.0413; 1.1 s; peak memory 1245 MiB.
2026-10-06T16:43:52Z INFO [375/750] 536dd353-fa0d-4792-8932-47776c3f1b71: Sackin index -0.0382; 1.1 s; peak memory 1245 MiB.
2026-10-06T16:43:54Z INFO [376/750] 536ee0cd-2c79-4574-80b3-c30ea722e9a0: Sackin index -0.0681; 2.0 s; peak memory 1245 MiB.
2026-10-06T16:43:56Z INFO [377/750] 536f765d-c600-4ab6-a93e-67f12c828476: Sackin index -0.0660; 2.3 s; peak memory 1245 MiB.
2026-10-06T16:43:57Z INFO [378/750] 53704f30-98c4-449b-92a1-1915e9b031e3: Sackin index -0.1349; 0.9 s; peak memory 1245 MiB.
2026-10-06T16:43:59Z INFO [379/750] 53706a5f-2b8c-4033-97dc-77fa1ad14e5d: Sackin index -0.0369; 2.1 s; peak memory 1245 MiB.
2026-10-06T16:44:00Z INFO [380/750] 53708389-4e00-4aea-8041-c6dfbf4f810c: Sackin index -0.1349; 1.0 s; peak memory 1245 MiB.
2026-10-06T16:44:02Z INFO [381/750] 5370f236-bdd9-4f04-970d-f61a5ab9f5f2: Sackin index -0.0728; 1.5 s; peak memory 1245 MiB.
2026-10-06T16:44:03Z INFO [382/750] 5371d9d2-f286-424e-9bd6-14da0428ff15: Sackin index -0.0671; 1.0 s; peak memory 1245 MiB.
2026-10-06T16:44:04Z INFO [383/750] 537277b9-1208-4cf2-9fe2-b4b9667aa75a: Sackin index -0.1658; 0.7 s; peak memory 1245 MiB.
2026-10-06T16:44:05Z INFO [384/750] 5372e097-be1d-40ac-96c8-d045508aceca: Sackin index -0.1349; 1.1 s; peak memory 1245 MiB.
2026-10-06T16:44:05Z INFO [385/750] 53731ecd-a4de-49b5-9bd8-c6d0039290ca: Sackin index -0.1658; 0.6 s; peak memory 1245 MiB.
2026-10-06T16:44:06Z INFO [386/750] 5373bdd6-ee90-4f81-bfb8-145e9b5fbd92: Sackin index -0.1397; 0.7 s; peak memory 1245 MiB.
2026-10-06T16:44:07Z INFO [387/750] 537431a9-578e-49a4-b6f6-ab131edccbca: Sackin index -0.0702; 0.8 s; peak memory 1245 MiB.
2026-10-06T16:44:14Z INFO [388/750] 537462f9-45ca-4b8d-9c6e-a90c2f2ba815: Sackin index -0.0185; 7.3 s; peak memory 1245 MiB.
2026-10-06T16:44:15Z INFO [389/750] 537489e4-d927-404c-8c48-cd1b60ab6d55: Sackin index -0.2168; 0.7 s; peak memory 1245 MiB.
2026-10-06T16:44:15Z INFO [390/750] 5375ee81-1573-443c-9736-5ffd3917b2eb: Sackin index -0.1658; 0.7 s; peak memory 1245 MiB.
2026-10-06T16:46:36Z INFO [391/750] 5376793f-9b7b-45f7-b999-81b71f20998d: Sackin index -0.0573; 140.6 s; peak memory 1245 MiB.
2026-10-06T16:46:41Z INFO [392/750] 53768c85-1f50-4be3-82bb-987f5d7c62bb: Sackin index -0.0378; 4.5 s; peak memory 1245 MiB.
2026-10-06T16:46:42Z INFO [393/750] 53772faa-9a2e-4031-9045-c4854901fbf7: Sackin index -0.0709; 1.0 s; peak memory 1245 MiB.
2026-10-06T16:46:45Z INFO [394/750] 537784ef-9a0b-4385-ace6-fe4d31c9d1cc: Sackin index -0.0251; 3.9 s; peak memory 1245 MiB.
2026-10-06T16:46:46Z INFO [395/750] 5377aa28-2231-4e2b-9833-a5b6fcf7cd80: Sackin index -0.2168; 0.8 s; peak memory 1245 MiB.
2026-10-06T16:46:47Z INFO [396/750] 537804e8-5bb3-45ab-95c0-70deef0d145b: Sackin index -0.1349; 1.0 s; peak memory 1245 MiB.
2026-10-06T16:46:52Z INFO [397/750] 53785dcb-5b11-4ff9-bda1-ea62658f5587: Sackin index -0.0242; 5.0 s; peak memory 1245 MiB.
2026-10-06T16:46:53Z INFO [398/750] 53786af8-cf2c-441e-94a9-9723b509ed74: Sackin index -0.0702; 0.9 s; peak memory 1245 MiB.
2026-10-06T16:46:55Z INFO [399/750] 53788b70-cab4-4d8b-90bc-6544c28cee41: Sackin index -0.0944; 1.4 s; peak memory 1245 MiB.
2026-10-06T16:46:59Z INFO [400/750] 537990fc-aeed-49c6-a0b8-e2a5d09edd91: Sackin index -0.0614; 3.9 s; peak memory 1245 MiB.
2026-10-06T16:46:59Z INFO [400/750] 537990fc-aeed-49c6-a0b8-e2a5d09edd91: checkpointed 87236 records.
2026-10-06T16:47:01Z INFO [401/750] 5379c6e4-1f51-4caf-b114-d12e6bd011c1: Sackin index -0.0350; 2.3 s; peak memory 1245 MiB.
2026-10-06T16:47:02Z INFO [402/750] 5379c792-40cd-4e4e-9a9b-768ec73f032e: Sackin index -0.0728; 1.1 s; peak memory 1245 MiB.
2026-10-06T16:47:06Z INFO [403/750] 5379e345-12b9-4123-b574-e5fab697bbb6: Sackin index -0.0547; 3.4 s; peak memory 1245 MiB.
2026-10-06T16:47:29Z INFO [404/750] 537a708a-ca77-4363-958a-5abdf2877201: Sackin index -0.1367; 23.4 s; peak memory 1245 MiB.
2026-10-06T16:47:30Z INFO [405/750] 537a86b6-ebda-4e32-9832-59cacaa08804: Sackin index -0.0702; 1.1 s; peak memory 1245 MiB.
2026-10-06T16:47:31Z INFO [406/750] 537ae86c-5a4f-4fa5-967a-fb4af5028383: Sackin index -0.1248; 1.0 s; peak memory 1245 MiB.
2026-10-06T16:47:33Z INFO [407/750] 537b8c4c-dcac-4f32-8ac9-ac43a5876654: Sackin index -0.0660; 2.3 s; peak memory 1245 MiB.
2026-10-06T16:47:34Z INFO [408/750] 537b91f3-9179-429a-be00-78be98ce42e3: Sackin index -0.1331; 0.8 s; peak memory 1245 MiB.
2026-10-06T16:47:41Z INFO [409/750] 537bcbbd-d4e9-4f6c-ba6b-1dd13d92f493: Sackin index -0.0476; 6.8 s; peak memory 1245 MiB.
2026-10-06T16:47:42Z INFO [410/750] 537ca6b7-f237-44be-9d75-94bd2e40b8e5: Sackin index -0.1013; 1.4 s; peak memory 1245 MiB.
2026-10-06T16:47:43Z INFO [411/750] 537d572e-b853-4854-9580-0464ec3ccd68: Sackin index -0.1349; 0.9 s; peak memory 1245 MiB.
2026-10-06T16:47:44Z INFO [412/750] 537df40a-a7d9-459e-b07b-15fb7789df1a: Sackin index -0.0377; 1.0 s; peak memory 1245 MiB.
2026-10-06T16:47:45Z INFO [413/750] 537e5bd2-09ea-4db8-aca8-898cc51446f3: Sackin index -0.0728; 0.9 s; peak memory 1245 MiB.
2026-10-06T16:47:46Z INFO [414/750] 537eb3cd-c993-4a7d-89de-dc7ef2f009a4: Sackin index -0.1562; 0.8 s; peak memory 1245 MiB.
2026-10-06T16:47:47Z INFO [415/750] 537ef8a2-309a-476e-89e9-5073c0890d1a: Sackin index -0.0748; 1.0 s; peak memory 1245 MiB.
2026-10-06T16:47:55Z INFO [416/750] 537f158f-1d3c-4e4d-9d2b-6da083c76088: Sackin index -0.0184; 8.0 s; peak memory 1245 MiB.
2026-10-06T16:47:56Z INFO [417/750] 537f1e37-cc72-4a97-9317-2c96a7e47296: Sackin index -0.0728; 1.2 s; peak memory 1245 MiB.
2026-10-06T16:47:57Z INFO [418/750] 537feb74-d4d3-4dc4-b998-da9c47fe9502: Sackin index -0.0752; 1.2 s; peak memory 1245 MiB.
2026-10-06T16:47:58Z INFO [419/750] 537fefff-72b8-4276-ac48-b998b3a2828b: Sackin index -0.0702; 1.1 s; peak memory 1245 MiB.
2026-10-06T16:47:59Z INFO [420/750] 53805fe6-bb12-4b0e-a5c6-0deca0a5d1d3: Sackin index -0.0656; 1.0 s; peak memory 1245 MiB.
2026-10-06T16:48:01Z INFO [421/750] 53809af7-f3a9-4290-a383-848f0f258b10: Sackin index -0.0728; 1.2 s; peak memory 1245 MiB.
2026-10-06T16:48:01Z INFO [422/750] 53820567-1ebd-4c0d-8ff9-cb4f67bf4524: Sackin index -0.1938; 0.7 s; peak memory 1245 MiB.
2026-10-06T16:48:03Z INFO [423/750] 5382858c-401a-4d3e-9d25-80aeecb915e1: Sackin index -0.0747; 1.4 s; peak memory 1245 MiB.
2026-10-06T16:48:04Z INFO [424/750] 5382c217-44b6-4ee1-b427-101f31075cf0: Sackin index -0.0881; 1.1 s; peak memory 1245 MiB.
2026-10-06T16:48:05Z INFO [425/750] 5382d20b-a989-4819-8e76-a482d296709d: Sackin index -0.0709; 1.1 s; peak memory 1245 MiB.
2026-10-06T16:48:08Z INFO [426/750] 53839240-eb97-4b47-af84-1c6fec8446b9: Sackin index -0.0251; 3.3 s; peak memory 1245 MiB.
2026-10-06T16:48:11Z INFO [427/750] 5384743e-1ae8-4084-91fb-8d5c70e4ae22: Sackin index -0.0379; 3.0 s; peak memory 1245 MiB.
2026-10-06T16:48:16Z INFO [428/750] 53848112-a421-46ec-96d8-195bd8a8166b: Sackin index -0.0383; 4.5 s; peak memory 1245 MiB.
2026-10-06T16:48:23Z INFO [429/750] 5384e32f-fcfe-4d4d-a288-56a8ddc68123: Sackin index -0.0040; 6.7 s; peak memory 1245 MiB.
2026-10-06T16:48:27Z INFO [430/750] 538536ea-b5eb-4eb4-8ed0-fd0ec72f1173: Sackin index -0.0352; 4.7 s; peak memory 1245 MiB.
2026-10-06T16:48:28Z INFO [431/750] 53863b2d-6799-4938-871a-08e8d7966dda: Sackin index -0.1349; 0.8 s; peak memory 1245 MiB.
2026-10-06T16:48:30Z INFO [432/750] 5387ff2b-4da0-49cd-ab34-590f8d0d315e: Sackin index -0.0369; 2.1 s; peak memory 1245 MiB.
2026-10-06T16:48:32Z INFO [433/750] 53883dbe-830b-4701-81b1-f2c5b1e7cba7: Sackin index -0.0579; 1.9 s; peak memory 1245 MiB.
2026-10-06T16:48:34Z INFO [434/750] 5388e2af-f58c-4b2e-8045-a1558b2fef2a: Sackin index -0.0704; 2.0 s; peak memory 1245 MiB.
2026-10-06T16:48:35Z INFO [435/750] 538ab86a-65bd-4fa6-bc0d-e9ede6a0b939: Sackin index -0.0702; 1.0 s; peak memory 1245 MiB.
2026-10-06T16:48:36Z INFO [436/750] 538abc4b-9ce7-4e31-acf3-d896f5334e93: Sackin index -0.1349; 1.1 s; peak memory 1245 MiB.
2026-10-06T16:48:37Z INFO [437/750] 538b312d-2816-44ab-9896-1063c535a8d8: Sackin index -0.1248; 0.9 s; peak memory 1245 MiB.
2026-10-06T16:48:42Z INFO [438/750] 538bb403-dba9-4972-8c93-a89a03c4e878: Sackin index -0.0268; 5.0 s; peak memory 1245 MiB.
2026-10-06T16:48:43Z INFO [439/750] 538c5ed4-857a-4fd0-9de8-d17efd905e26: Sackin index -0.0696; 1.1 s; peak memory 1245 MiB.
2026-10-06T16:48:45Z INFO [440/750] 538ca1f5-6773-4508-98e6-fc1cbf328289: Sackin index -0.0728; 1.4 s; peak memory 1245 MiB.
2026-10-06T16:48:46Z INFO [441/750] 538cc9dd-181a-4fc9-825f-7771dea340c3: Sackin index -0.0702; 1.0 s; peak memory 1245 MiB.
2026-10-06T16:48:47Z INFO [442/750] 538cd945-9fa0-4456-b513-2f2485d3339d: Sackin index -0.0707; 0.9 s; peak memory 1245 MiB.
2026-10-06T16:48:47Z INFO [443/750] 538cda57-bf6a-44f0-b03b-1f80b922cb9a: Sackin index -0.1361; 0.9 s; peak memory 1245 MiB.
2026-10-06T16:48:48Z INFO [444/750] 538ebbd9-f11f-446b-846e-0b2a3dd1c688: Sackin index -0.1349; 0.9 s; peak memory 1245 MiB.
2026-10-06T16:49:01Z INFO [445/750] 538f0d72-4f96-4598-a909-a6c3ec2bb8b0: Sackin index -0.0130; 12.1 s; peak memory 1245 MiB.
2026-10-06T16:49:02Z INFO [446/750] 538f7793-faed-4f81-91bb-306d473c9713: Sackin index -0.1349; 1.0 s; peak memory 1245 MiB.
2026-10-06T16:49:04Z INFO [447/750] 538fa5b4-1b27-4025-aaad-285bf458fe44: Sackin index -0.0809; 2.1 s; peak memory 1245 MiB.
2026-10-06T16:49:05Z INFO [448/750] 5390b75e-409a-44fa-adc9-b601cc070c76: Sackin index -0.0709; 1.3 s; peak memory 1245 MiB.
2026-10-06T16:49:05Z INFO [449/750] 539121ef-c9a5-44fe-bde2-3089a071b5a9: Sackin index -0.1658; 0.6 s; peak memory 1245 MiB.
2026-10-06T16:49:06Z INFO [450/750] 53941ea8-cb88-4b39-8731-278f3e30164c: Sackin index -0.1239; 0.8 s; peak memory 1245 MiB.
2026-10-06T16:49:06Z INFO [450/750] 53941ea8-cb88-4b39-8731-278f3e30164c: checkpointed 87286 records.
2026-10-06T16:49:07Z INFO [451/750] 539463cc-7136-4446-a899-febe15dd582b: Sackin index -0.0702; 1.1 s; peak memory 1245 MiB.
2026-10-06T16:49:08Z INFO [452/750] 5394e3b0-e5c4-4dd9-b1b1-35714fc79ec3: Sackin index -0.1349; 0.9 s; peak memory 1245 MiB.
2026-10-06T16:49:11Z INFO [453/750] 539686e0-7ef2-4b3a-ad70-31a4d1cef237: Sackin index -0.0681; 2.4 s; peak memory 1245 MiB.
2026-10-06T16:49:12Z INFO [454/750] 5397d9b2-8af5-4a41-a134-e3b878c33f70: Sackin index -0.1000; 0.9 s; peak memory 1245 MiB.
2026-10-06T16:49:13Z INFO [455/750] 5398c9d5-9fe3-4c81-af11-143112ab6c97: Sackin index -0.1349; 0.9 s; peak memory 1245 MiB.
2026-10-06T16:49:19Z INFO [456/750] 5398cb9a-b889-485b-90c3-8f736d61ab66: Sackin index -0.0135; 6.0 s; peak memory 1245 MiB.
2026-10-06T16:49:26Z INFO [457/750] 53999984-d1a9-4dcc-a30c-bf525c2d2c30: Sackin index -0.0779; 7.6 s; peak memory 1245 MiB.
2026-10-06T16:49:34Z INFO [458/750] 539a4a85-9d2a-4af1-8118-93652dcafda8: Sackin index -0.0189; 7.9 s; peak memory 1245 MiB.
2026-10-06T16:49:35Z INFO [459/750] 539b5e83-bb52-44e8-b111-69f82680e7e7: Sackin index -0.0272; 1.2 s; peak memory 1245 MiB.
2026-10-06T16:49:37Z INFO [460/750] 539c06bd-6b49-40c3-b48e-69b8f0a94e6f: Sackin index -0.0714; 2.0 s; peak memory 1245 MiB.
2026-10-06T16:49:39Z INFO [461/750] 539c3238-4654-4976-adf7-4d09b9e18de5: Sackin index -0.0676; 1.6 s; peak memory 1245 MiB.
2026-10-06T16:49:40Z INFO [462/750] 539d5d11-2e3b-478d-a7f1-83a1c5dc8b41: Sackin index -0.1349; 0.8 s; peak memory 1245 MiB.
2026-10-06T16:49:41Z INFO [463/750] 539df370-91e8-40c9-8c07-69e0cc12a3a9: Sackin index -0.1349; 1.0 s; peak memory 1245 MiB.
2026-10-06T16:49:42Z INFO [464/750] 539df88e-2c25-46ed-a499-5e79d3beccf9: Sackin index -0.1498; 0.9 s; peak memory 1245 MiB.
2026-10-06T16:49:42Z INFO [465/750] 539e0f7f-66d1-4f7f-928e-ab70d550af2b: Sackin index -0.1349; 0.8 s; peak memory 1245 MiB.
2026-10-06T16:49:44Z INFO [466/750] 539e349e-7579-438d-a70a-a056cfe7cea5: Sackin index -0.0413; 1.5 s; peak memory 1245 MiB.
2026-10-06T16:49:45Z INFO [467/750] 539ed10b-a5cc-4f28-80d3-673c1a5a565f: Sackin index -0.1273; 1.3 s; peak memory 1245 MiB.
2026-10-06T16:49:46Z INFO [468/750] 539ee4f9-9146-4249-b0ee-078312c8ca83: Sackin index -0.1658; 0.7 s; peak memory 1245 MiB.
2026-10-06T16:49:47Z INFO [469/750] 539f6855-3fe4-41f8-aa52-64f347af015e: Sackin index -0.0702; 1.3 s; peak memory 1245 MiB.
2026-10-06T16:49:48Z INFO [470/750] 539f6ebd-dccf-4fbd-8826-00d36dd55746: Sackin index -0.1331; 0.9 s; peak memory 1245 MiB.
2026-10-06T16:49:49Z INFO [471/750] 539ff916-7eba-42f6-ac12-58ec11f7e30e: Sackin index -0.1349; 0.9 s; peak memory 1245 MiB.
2026-10-06T16:49:50Z INFO [472/750] 53a02256-1dbc-4da8-bb4e-288e0778dd6b: Sackin index -0.1938; 0.6 s; peak memory 1245 MiB.
2026-10-06T16:49:51Z INFO [473/750] 53a19cd4-583e-4e76-9c96-829d759d55c3: Sackin index -0.0728; 1.6 s; peak memory 1245 MiB.
2026-10-06T16:49:56Z INFO [474/750] 53a1a33b-8567-4a8c-831b-4c992b3c726e: Sackin index -0.0239; 4.9 s; peak memory 1245 MiB.
2026-10-06T16:49:57Z INFO [475/750] 53a1efcc-e302-475e-a844-160bc9ae1cf3: Sackin index -0.0881; 0.9 s; peak memory 1245 MiB.
2026-10-06T16:49:58Z INFO [476/750] 53a1f692-a33c-4d3d-8dce-c93230d1a130: Sackin index -0.1248; 1.1 s; peak memory 1245 MiB.
2026-10-06T16:49:59Z INFO [477/750] 53a2837b-44a9-412d-9335-255abc9f8815: Sackin index -0.0715; 1.1 s; peak memory 1245 MiB.
2026-10-06T16:50:01Z INFO [478/750] 53a2acc4-43ab-493c-b938-bbb702e8c27c: Sackin index -0.0728; 1.8 s; peak memory 1245 MiB.
2026-10-06T16:50:02Z INFO [479/750] 53a2ed0e-e3f9-401c-8950-3684203f2469: Sackin index -0.1272; 0.7 s; peak memory 1245 MiB.
2026-10-06T16:50:03Z INFO [480/750] 53a31c3c-46af-49df-8d70-f0b9dd76002b: Sackin index -0.0702; 1.1 s; peak memory 1245 MiB.
2026-10-06T16:50:05Z INFO [481/750] 53a39443-0089-4a31-a03a-4a56f7f01877: Sackin index -0.1370; 1.5 s; peak memory 1245 MiB.
2026-10-06T16:50:06Z INFO [482/750] 53a3c9db-c35c-4423-9507-1e593de7ca5c: Sackin index -0.1349; 1.0 s; peak memory 1245 MiB.
2026-10-06T16:50:14Z INFO [483/750] 53a401ef-f3bb-4c7d-9b21-10d41f2a2157: Sackin index -0.0137; 8.2 s; peak memory 1245 MiB.
2026-10-06T16:50:19Z INFO [484/750] 53a49c54-7e0f-4480-a03a-407c9b37c36f: Sackin index -0.1761; 5.4 s; peak memory 1245 MiB.
2026-10-06T16:50:22Z INFO [485/750] 53a6058f-63b5-4a5c-a918-19cd338c4041: Sackin index -0.0365; 2.5 s; peak memory 1245 MiB.
2026-10-06T16:50:22Z INFO [486/750] 53a62ee0-b766-4908-8ddb-ad5c60b051e5: Sackin index -0.0818; 0.8 s; peak memory 1245 MiB.
2026-10-06T16:50:23Z INFO [487/750] 53a7120b-0543-4205-a1a1-8a09ed4a594e: Sackin index -0.0702; 1.0 s; peak memory 1245 MiB.
2026-10-06T16:50:24Z INFO [488/750] 53a9b2d4-6354-4af0-9498-5928cd0da24b: Sackin index -0.1349; 0.9 s; peak memory 1245 MiB.
2026-10-06T16:50:26Z INFO [489/750] 53ab539b-e1bb-47b7-bb7f-9d757947bcb7: Sackin index -0.0681; 1.4 s; peak memory 1245 MiB.
2026-10-06T16:50:27Z INFO [490/750] 53ab66c3-4c71-49cf-bb5d-d0281b9aa2b0: Sackin index -0.0386; 1.1 s; peak memory 1245 MiB.
2026-10-06T16:50:28Z INFO [491/750] 53abc67e-3ba3-48b1-ade0-53877c7401e3: Sackin index -0.1349; 0.9 s; peak memory 1245 MiB.
2026-10-06T16:50:41Z INFO [492/750] 53abeab9-1d6a-485c-83d8-639cdebbcc2b: Sackin index -0.1938; 12.8 s; peak memory 1245 MiB.
2026-10-06T16:50:42Z INFO [493/750] 53acd168-139c-433f-9d3e-58a6d0dce796: Sackin index -0.0376; 1.2 s; peak memory 1245 MiB.
2026-10-06T16:50:43Z INFO [494/750] 53ad6745-e796-46b8-88df-962deaad7379: Sackin index -0.1000; 1.2 s; peak memory 1245 MiB.
2026-10-06T16:50:44Z INFO [495/750] 53ae0b47-72ab-4638-8eb6-f2041cb9c99d: Sackin index -0.1349; 0.9 s; peak memory 1245 MiB.
2026-10-06T16:50:45Z INFO [496/750] 53ae6013-8d9f-479a-9093-f4ae100f04a6: Sackin index -0.0702; 1.0 s; peak memory 1245 MiB.
2026-10-06T16:50:50Z INFO [497/750] 53aeec86-f8dd-4dd3-bdc2-6e7bd34e8063: Sackin index -0.0233; 5.5 s; peak memory 1245 MiB.
2026-10-06T16:51:02Z INFO [498/750] 53af0b11-e06c-4051-9bfb-2614727ae1c6: Sackin index -0.0186; 11.8 s; peak memory 1245 MiB.
2026-10-06T16:51:03Z INFO [499/750] 53af27c5-d552-4a59-832f-36fbfeffd97c: Sackin index -0.1349; 1.0 s; peak memory 1245 MiB.
2026-10-06T16:51:28Z INFO [500/750] 53afd463-8453-44cd-be4a-13eb11447938: Sackin index -0.1284; 25.1 s; peak memory 1245 MiB.
2026-10-06T16:51:28Z INFO [500/750] 53afd463-8453-44cd-be4a-13eb11447938: checkpointed 87336 records.
2026-10-06T16:51:30Z INFO [501/750] 53b03211-cb18-4c88-a341-a30fa639eef6: Sackin index -0.0728; 1.2 s; peak memory 1245 MiB.
2026-10-06T16:51:32Z INFO [502/750] 53b141da-0637-480b-aa38-bb254cc1598d: Sackin index -0.0681; 2.5 s; peak memory 1245 MiB.
2026-10-06T16:51:33Z INFO [503/750] 53b167b5-0498-412a-a896-df50d5337799: Sackin index -0.0696; 1.2 s; peak memory 1245 MiB.
2026-10-06T16:51:44Z INFO [504/750] 53b17e59-b57d-4ba1-bc6b-f5655026936a: Sackin index -0.0155; 10.8 s; peak memory 1245 MiB.
2026-10-06T16:51:57Z INFO [505/750] 53b1bd08-3477-4d54-99f3-eadfca799842: Sackin index -0.1362; 12.3 s; peak memory 1245 MiB.
2026-10-06T16:51:58Z INFO [506/750] 53b289d9-b25c-4034-83f8-f1b0ce794c75: Sackin index -0.0752; 1.5 s; peak memory 1245 MiB.
2026-10-06T16:51:59Z INFO [507/750] 53b29b1c-5025-4556-9ece-a1db77159b90: Sackin index -0.0728; 1.2 s; peak memory 1245 MiB.
2026-10-06T16:52:01Z INFO [508/750] 53b2e95b-2ea3-4079-ae56-37e347f2779c: Sackin index -0.0369; 1.4 s; peak memory 1245 MiB.
2026-10-06T16:52:02Z INFO [509/750] 53b3e233-dd45-401b-bacc-db956353b907: Sackin index -0.0275; 1.4 s; peak memory 1245 MiB.
2026-10-06T16:52:03Z INFO [510/750] 53b3e4a9-54f3-43e8-8acb-1a836e9fc189: Sackin index -0.0728; 0.9 s; peak memory 1245 MiB.
2026-10-06T16:52:04Z INFO [511/750] 53b41796-ed6e-437a-9545-913debbab721: Sackin index -0.1349; 1.1 s; peak memory 1245 MiB.
2026-10-06T16:52:05Z INFO [512/750] 53b4373a-1629-4e73-9983-29649dc339dd: Sackin index -0.0434; 1.4 s; peak memory 1245 MiB.
2026-10-06T16:52:13Z INFO [513/750] 53b4a14f-2a05-4e16-a5e2-544e5abfc88f: Sackin index -0.0308; 7.1 s; peak memory 1245 MiB.
2026-10-06T16:52:14Z INFO [514/750] 53b4fac9-d9c3-44b0-8a52-929cd12507b3: Sackin index -0.0702; 1.0 s; peak memory 1245 MiB.
2026-10-06T16:52:16Z INFO [515/750] 53b5c573-8ff2-4cd7-a7bc-7a672376b3c9: Sackin index -0.0797; 2.7 s; peak memory 1245 MiB.
2026-10-06T16:52:17Z INFO [516/750] 53b722a9-20b5-4293-82b4-eff77bc2cb93: Sackin index -0.1178; 0.6 s; peak memory 1245 MiB.
2026-10-06T16:52:18Z INFO [517/750] 53b7ab0f-b996-4962-97e1-bfeaa771c77c: Sackin index -0.0728; 1.4 s; peak memory 1245 MiB.
2026-10-06T16:52:21Z INFO [518/750] 53b9ddee-b71f-4574-9600-db1d4e254bc5: Sackin index -0.0660; 2.6 s; peak memory 1245 MiB.
2026-10-06T16:52:23Z INFO [519/750] 53ba0504-b64c-4e6e-b784-678ed0bdf7aa: Sackin index -0.0369; 1.9 s; peak memory 1245 MiB.
2026-10-06T16:52:33Z INFO [520/750] 53ba0f71-0451-4f74-9663-63803576a340: Sackin index -0.0217; 10.3 s; peak memory 1245 MiB.
2026-10-06T16:52:34Z INFO [521/750] 53ba0f76-6b07-4cfe-a38b-010419fc6dc1: Sackin index -0.1349; 0.9 s; peak memory 1245 MiB.
2026-10-06T16:52:35Z INFO [522/750] 53baa3f1-79e2-48ee-bb9b-aa3ef283c814: Sackin index -0.0745; 1.0 s; peak memory 1245 MiB.
2026-10-06T16:52:40Z INFO [523/750] 53bacade-1f17-4935-b852-916612fc0a62: Sackin index -0.0411; 5.1 s; peak memory 1245 MiB.
2026-10-06T16:52:41Z INFO [524/750] 53bb9c6c-4e20-4e8a-bbd3-d4dd537a0ea2: Sackin index -0.1349; 1.0 s; peak memory 1245 MiB.
2026-10-06T16:52:46Z INFO [525/750] 53bbd463-deda-44e9-9925-e8b515c0621d: Sackin index -0.0161; 4.4 s; peak memory 1245 MiB.
2026-10-06T16:52:46Z INFO [526/750] 53bbfa8d-c7b9-4fd8-9265-2d7f2623d049: Sackin index -0.0702; 0.9 s; peak memory 1245 MiB.
2026-10-06T16:52:49Z INFO [527/750] 53bc0e4c-a06d-4f5e-8732-6a924d7bd31a: Sackin index -0.0783; 2.1 s; peak memory 1245 MiB.
2026-10-06T16:52:50Z INFO [528/750] 53bc23db-66cb-4ee0-932c-91fe8dbbc844: Sackin index -0.0745; 1.0 s; peak memory 1245 MiB.
2026-10-06T16:52:50Z INFO [529/750] 53bd1073-be7b-4f04-a356-09ff606f31e7: Sackin index -0.0673; 0.9 s; peak memory 1245 MiB.
2026-10-06T16:53:00Z INFO [530/750] 53bdfc40-21b5-48f6-a000-1c64ae02fdb6: Sackin index -0.0122; 10.1 s; peak memory 1245 MiB.
2026-10-06T16:53:01Z INFO [531/750] 53be32bf-83e3-4163-af9b-fde1a5024227: Sackin index -0.1349; 1.0 s; peak memory 1245 MiB.
2026-10-06T16:53:02Z INFO [532/750] 53bf234f-aa8e-46a5-8c93-41f7572bc98d: Sackin index -0.1288; 0.9 s; peak memory 1245 MiB.
2026-10-06T16:53:03Z INFO [533/750] 53c0022a-7a60-4d8c-bed1-39f745118a4e: Sackin index -0.1303; 0.8 s; peak memory 1245 MiB.
2026-10-06T16:53:04Z INFO [534/750] 53c157df-1f21-4389-a86e-a5c7605da848: Sackin index -0.0702; 1.1 s; peak memory 1245 MiB.
2026-10-06T16:53:06Z INFO [535/750] 53c2d8bd-cf86-48d0-85b4-ca0d2d1ab9fa: Sackin index -0.0699; 2.2 s; peak memory 1245 MiB.
2026-10-06T16:53:08Z INFO [536/750] 53c36a4f-8435-44e2-ae0e-c9399c356021: Sackin index -0.0369; 1.6 s; peak memory 1245 MiB.
2026-10-06T16:53:09Z INFO [537/750] 53c46cc6-f56e-445a-8a51-2d39e7a31a62: Sackin index -0.3646; 0.6 s; peak memory 1245 MiB.
2026-10-06T16:53:10Z INFO [538/750] 53c6242f-71bd-429c-ac78-ab5a78b8eb65: Sackin index -0.1658; 0.9 s; peak memory 1245 MiB.
2026-10-06T16:53:10Z INFO [539/750] 53c69106-1106-449a-b737-67b8743ff98e: Sackin index -0.1349; 0.8 s; peak memory 1245 MiB.
2026-10-06T16:53:13Z INFO [540/750] 53c70479-438f-4933-bd2a-def94f26faf7: Sackin index -0.0699; 2.4 s; peak memory 1245 MiB.
2026-10-06T16:53:23Z INFO [541/750] 53c7083d-f812-4d28-b0b4-2876668677cc: Sackin index -0.0196; 10.3 s; peak memory 1245 MiB.
2026-10-06T16:53:25Z INFO [542/750] 53ca1e4e-2ddf-41c0-b265-9e4c0613261a: Sackin index -0.0941; 1.5 s; peak memory 1245 MiB.
2026-10-06T16:53:26Z INFO [543/750] 53cac459-9632-4c0c-b4ef-0224971ef7e2: Sackin index -0.1349; 1.0 s; peak memory 1245 MiB.
2026-10-06T16:53:27Z INFO [544/750] 53cb0d0f-d4c5-4137-ad89-a843ceea65d2: Sackin index -0.1349; 1.1 s; peak memory 1245 MiB.
2026-10-06T16:53:27Z INFO [545/750] 53cb49bf-8ff2-40ab-a830-f18f188c680c: Sackin index -0.1658; 0.6 s; peak memory 1245 MiB.
2026-10-06T16:53:29Z INFO [546/750] 53cb4efa-153a-4770-a02e-7ad6046e2bbc: Sackin index -0.0386; 1.2 s; peak memory 1245 MiB.
2026-10-06T16:53:38Z INFO [547/750] 53cbeb44-ae48-4735-ab25-6f759f4ab0db: Sackin index -0.0783; 9.1 s; peak memory 1245 MiB.
2026-10-06T16:53:38Z INFO [548/750] 53cd6305-084d-4da6-aea0-f3d8c684e0bf: Sackin index -0.1239; 0.8 s; peak memory 1245 MiB.
2026-10-06T16:53:45Z INFO [549/750] 53cd907d-5464-4ccd-bb88-a6c3ff152cf3: Sackin index -0.0249; 6.9 s; peak memory 1245 MiB.
2026-10-06T16:53:46Z INFO [550/750] 53ce6497-7660-4bf4-9353-9bfd7fe8c000: Sackin index -0.1349; 0.9 s; peak memory 1245 MiB.
2026-10-06T16:53:46Z INFO [550/750] 53ce6497-7660-4bf4-9353-9bfd7fe8c000: checkpointed 87386 records.
2026-10-06T16:53:48Z INFO [551/750] 53cf352f-0162-4cf0-8d9e-bcbf2511268e: Sackin index -0.0728; 1.2 s; peak memory 1245 MiB.
2026-10-06T16:53:49Z INFO [552/750] 53d063e3-fea0-4f78-9acc-78209136e9b4: Sackin index -0.0881; 1.0 s; peak memory 1245 MiB.
2026-10-06T16:53:50Z INFO [553/750] 53d0f5bb-fc43-4b99-b1e2-0e38ec0e6f7e: Sackin index -0.0369; 1.7 s; peak memory 1245 MiB.
2026-10-06T16:53:53Z INFO [554/750] 53d0f5ee-8ef7-4fe8-8813-ecf64a7646aa: Sackin index -0.0263; 2.9 s; peak memory 1245 MiB.
2026-10-06T16:53:54Z INFO [555/750] 53d18791-b52b-4e6f-8489-201f9b8a7b44: Sackin index -0.1248; 1.0 s; peak memory 1245 MiB.
2026-10-06T16:53:55Z INFO [556/750] 53d20065-f53f-4ebb-bd45-31368e811df3: Sackin index -0.1248; 1.1 s; peak memory 1245 MiB.
2026-10-06T16:53:56Z INFO [557/750] 53d298cf-fc27-49ff-8b75-8550f27d79c4: Sackin index -0.1349; 0.9 s; peak memory 1245 MiB.
2026-10-06T16:53:58Z INFO [558/750] 53d2f926-0cf0-4221-85ac-0983afd365f6: Sackin index -0.0376; 1.3 s; peak memory 1245 MiB.
2026-10-06T16:54:17Z INFO [559/750] 53d3425d-d53f-4ad1-9e4d-fbbbb068f297: Sackin index -0.0075; 19.5 s; peak memory 1245 MiB.
2026-10-06T16:54:18Z INFO [560/750] 53d358b6-9af2-4a20-bafe-7b1a069f8102: Sackin index -0.1331; 0.8 s; peak memory 1245 MiB.
2026-10-06T16:54:19Z INFO [561/750] 53d3a1d9-b3e2-4a7e-969c-2d9f9e29ace1: Sackin index -0.0709; 0.9 s; peak memory 1245 MiB.
2026-10-06T16:54:20Z INFO [562/750] 53d515e1-eb93-43b3-a7cd-e6f4653a9bf2: Sackin index -0.1349; 0.9 s; peak memory 1245 MiB.
2026-10-06T16:54:29Z INFO [563/750] 53d5742f-26e4-40b3-8d7e-86c088eef89b: Sackin index -0.0206; 8.7 s; peak memory 1245 MiB.
2026-10-06T16:54:30Z INFO [564/750] 53d5c4b9-2f4d-44de-b032-4b401593051d: Sackin index -0.0696; 1.0 s; peak memory 1245 MiB.
2026-10-06T16:54:30Z INFO [565/750] 53d6a990-04c4-4df6-babb-ef51f705e230: Sackin index -0.3646; 0.6 s; peak memory 1245 MiB.
2026-10-06T16:54:36Z INFO [566/750] 53d7c390-4d0e-4d49-94fc-d9d35a083f20: Sackin index -0.0317; 5.6 s; peak memory 1245 MiB.
2026-10-06T16:54:37Z INFO [567/750] 53d8295f-7ebc-43da-a691-b6a42f237b43: Sackin index -0.1349; 0.9 s; peak memory 1245 MiB.
2026-10-06T16:54:38Z INFO [568/750] 53d9495a-60b0-4b56-9c92-187cc7cb2dac: Sackin index -0.0702; 1.1 s; peak memory 1245 MiB.
2026-10-06T16:54:39Z INFO [569/750] 53d97daa-cbd9-45db-8a81-7bf879535410: Sackin index -0.0702; 1.0 s; peak memory 1245 MiB.
2026-10-06T16:54:42Z INFO [570/750] 53d9d85a-d49b-4cbe-96cc-c5e5b78feb20: Sackin index -0.0660; 2.6 s; peak memory 1245 MiB.
2026-10-06T16:54:42Z INFO [571/750] 53db37c1-a242-40fa-b10c-dad82e9b8b89: Sackin index -0.1658; 0.7 s; peak memory 1245 MiB.
2026-10-06T16:54:43Z INFO [572/750] 53db9034-f122-43b7-9b96-7b16567366f2: Sackin index -0.1349; 1.0 s; peak memory 1245 MiB.
2026-10-06T16:54:45Z INFO [573/750] 53dbf0c4-6725-4042-a1a8-51a4f22105c8: Sackin index -0.0660; 2.1 s; peak memory 1245 MiB.
2026-10-06T16:54:46Z INFO [574/750] 53dc53ec-e7ff-4d7a-9a9d-bfe0a874e1a4: Sackin index -0.1658; 0.7 s; peak memory 1245 MiB.
2026-10-06T16:54:47Z INFO [575/750] 53dd60d8-b27f-445c-8af9-57a36162b2a5: Sackin index -0.0702; 1.2 s; peak memory 1245 MiB.
2026-10-06T16:54:50Z INFO [576/750] 53ddc806-29c8-480d-87ea-789c1f9240f5: Sackin index -0.0484; 3.2 s; peak memory 1245 MiB.
2026-10-06T16:55:02Z INFO [577/750] 53de9879-f737-4e90-ad00-b5c99f73b452: Sackin index -0.0407; 12.0 s; peak memory 1245 MiB.
2026-10-06T16:55:03Z INFO [578/750] 53df1d8f-3444-4b4d-b5a4-50e8d2281df3: Sackin index -0.1349; 0.8 s; peak memory 1245 MiB.
2026-10-06T16:55:39Z INFO [579/750] 53df954e-60aa-4d5a-acdc-a9de75bc0d0e: Sackin index -0.2073; 35.4 s; peak memory 1245 MiB.
2026-10-06T16:55:40Z INFO [580/750] 53e01965-a5e1-448d-a913-8d0e468ef3c1: Sackin index -0.0570; 1.4 s; peak memory 1245 MiB.
2026-10-06T16:55:44Z INFO [581/750] 53e0267b-f34c-4b49-9844-6446858de2d9: Sackin index -0.0253; 3.9 s; peak memory 1245 MiB.
2026-10-06T16:55:45Z INFO [582/750] 53e113eb-285e-497d-927f-a34ba5b1574a: Sackin index -0.0702; 0.9 s; peak memory 1245 MiB.
2026-10-06T16:55:46Z INFO [583/750] 53e132e6-05cb-4ca0-a0ca-42b168621850: Sackin index -0.0434; 1.3 s; peak memory 1245 MiB.
2026-10-06T16:55:49Z INFO [584/750] 53e1f805-2044-487b-96bf-86973237466d: Sackin index -0.0694; 2.7 s; peak memory 1245 MiB.
2026-10-06T16:55:51Z INFO [585/750] 53e2f89d-a87a-4900-bc0f-291fce4b5c8d: Sackin index -0.0602; 2.6 s; peak memory 1245 MiB.
2026-10-06T16:55:52Z INFO [586/750] 53e3a4ab-bb45-46f0-9d36-1298eb0efd84: Sackin index -0.1349; 1.0 s; peak memory 1245 MiB.
2026-10-06T16:55:54Z INFO [587/750] 53e3cab1-701a-4026-a75a-d38f6ac7a958: Sackin index -0.0376; 1.9 s; peak memory 1245 MiB.
2026-10-06T16:55:55Z INFO [588/750] 53e44bff-1e82-461b-af88-9624ba5dbf58: Sackin index -0.1461; 0.8 s; peak memory 1245 MiB.
2026-10-06T16:55:56Z INFO [589/750] 53e5cf78-1374-43d7-a2fe-76f728f058bc: Sackin index -0.1356; 0.7 s; peak memory 1245 MiB.
2026-10-06T16:55:57Z INFO [590/750] 53e629a6-f22d-42dd-ae94-5ee0f1967ea5: Sackin index -0.0728; 0.9 s; peak memory 1245 MiB.
2026-10-06T16:55:58Z INFO [591/750] 53e63002-4aaa-4f22-9183-b6f44297ac17: Sackin index -0.1349; 0.9 s; peak memory 1245 MiB.
2026-10-06T16:55:58Z INFO [592/750] 53e6b36b-9a42-45b8-9c37-629f29b8975f: Sackin index -0.1349; 0.8 s; peak memory 1245 MiB.
2026-10-06T16:56:00Z INFO [593/750] 53e6b8dd-b725-43ee-a841-4c2903dbd50d: Sackin index -0.0386; 1.6 s; peak memory 1245 MiB.
2026-10-06T16:56:02Z INFO [594/750] 53e82e7a-7204-4b2b-ac5e-c3301ee08c0b: Sackin index -0.0693; 1.8 s; peak memory 1245 MiB.
2026-10-06T16:56:03Z INFO [595/750] 53e92c46-26e2-4c40-9f8b-674cc20184fa: Sackin index -0.0728; 1.1 s; peak memory 1245 MiB.
2026-10-06T16:56:06Z INFO [596/750] 53e94fe3-1cca-49ea-8fe4-1dc0384c67f6: Sackin index -0.0660; 2.9 s; peak memory 1245 MiB.
2026-10-06T16:56:14Z INFO [597/750] 53e9cefe-9cf5-49c7-91ca-f90ea4d64cc5: Sackin index -0.0420; 8.3 s; peak memory 1245 MiB.
2026-10-06T16:56:15Z INFO [598/750] 53e9f1df-e148-47ec-b44c-8b937eb25ce2: Sackin index -0.0728; 1.3 s; peak memory 1245 MiB.
2026-10-06T16:56:17Z INFO [599/750] 53ea5f48-41a2-458a-84a6-652c121767f5: Sackin index -0.0413; 1.2 s; peak memory 1245 MiB.
2026-10-06T16:58:54Z INFO [600/750] 53ea8077-7176-49d8-9936-d54efe238ca2: Sackin index -0.0288; 157.2 s; peak memory 1245 MiB.
2026-10-06T16:58:54Z INFO [600/750] 53ea8077-7176-49d8-9936-d54efe238ca2: checkpointed 87436 records.
2026-10-06T16:58:55Z INFO [601/750] 53eac2d2-dc24-402a-91e8-97e36d59fcd3: Sackin index -0.1658; 0.7 s; peak memory 1245 MiB.
2026-10-06T16:58:56Z INFO [602/750] 53ead2b0-f920-48e6-ab9b-79e7d46546a8: Sackin index -0.0728; 1.0 s; peak memory 1245 MiB.
2026-10-06T16:58:57Z INFO [603/750] 53eae5bf-3688-4f78-9ff6-85dc2e33b98a: Sackin index -0.1349; 1.1 s; peak memory 1245 MiB.
2026-10-06T16:58:58Z INFO [604/750] 53eaff88-abec-4259-9273-43590d00a448: Sackin index -0.0728; 1.1 s; peak memory 1245 MiB.
2026-10-06T16:59:01Z INFO [605/750] 53eb6e6d-22ee-47c0-b1e0-9fc6cb732662: Sackin index -0.0699; 2.7 s; peak memory 1245 MiB.
2026-10-06T16:59:02Z INFO [606/750] 53ec8e6f-ff57-4e9c-9b59-121b67005582: Sackin index -0.1349; 1.0 s; peak memory 1245 MiB.
2026-10-06T16:59:03Z INFO [607/750] 53ed04eb-3930-4c9f-90e0-938b5e8500ec: Sackin index -0.1051; 1.1 s; peak memory 1245 MiB.
2026-10-06T16:59:07Z INFO [608/750] 53ed23d8-f905-4c14-9208-e5aecf7c09c0: Sackin index -0.0190; 4.4 s; peak memory 1245 MiB.
2026-10-06T16:59:08Z INFO [609/750] 53edaed0-eb33-4767-af54-4cbc086d7384: Sackin index -0.0702; 1.0 s; peak memory 1245 MiB.
2026-10-06T16:59:09Z INFO [610/750] 53ef5645-8e6c-4120-b78c-abce5d846325: Sackin index -0.1349; 1.0 s; peak memory 1245 MiB.
2026-10-06T16:59:10Z INFO [611/750] 53ef9c97-25dc-4454-aeef-1f112920c644: Sackin index -0.1461; 0.8 s; peak memory 1245 MiB.
2026-10-06T16:59:17Z INFO [612/750] 53f17ec9-68b9-44c3-9d54-f767ab1c7c1f: Sackin index -0.0486; 7.1 s; peak memory 1245 MiB.
2026-10-06T16:59:23Z INFO [613/750] 53f1b0df-c32d-4b25-ac65-7fc529327eed: Sackin index -0.0173; 5.9 s; peak memory 1245 MiB.
2026-10-06T16:59:24Z INFO [614/750] 53f256f7-fa0a-4ef1-bd67-4cc6a16e8290: Sackin index -0.1658; 0.7 s; peak memory 1245 MiB.
2026-10-06T16:59:25Z INFO [615/750] 53f2b88e-5ca9-41a0-b7a8-7cf49ad4c1a3: Sackin index -0.0376; 1.0 s; peak memory 1245 MiB.
2026-10-06T16:59:26Z INFO [616/750] 53f2eb06-5397-4e3f-b0bf-0e3dca626402: Sackin index -0.1307; 1.1 s; peak memory 1245 MiB.
2026-10-06T16:59:27Z INFO [617/750] 53f347ed-3475-4870-b40b-f302a70fb088: Sackin index -0.0702; 1.1 s; peak memory 1245 MiB.
2026-10-06T16:59:28Z INFO [618/750] 53f3e233-c2aa-4a9c-8f85-5a9ae741afc5: Sackin index -0.0673; 0.9 s; peak memory 1245 MiB.
2026-10-06T16:59:29Z INFO [619/750] 53f44b19-db9f-42cc-ac45-44d58ab51f46: Sackin index -0.1349; 0.8 s; peak memory 1245 MiB.
2026-10-06T16:59:30Z INFO [620/750] 53f52616-7fd2-4bb2-a7ce-abef6b78e2e2: Sackin index -0.0881; 1.1 s; peak memory 1245 MiB.
2026-10-06T16:59:30Z INFO [621/750] 53f53e1c-8833-417a-92e3-846b8e224641: Sackin index -0.1658; 0.6 s; peak memory 1245 MiB.
2026-10-06T16:59:31Z INFO [622/750] 53f5a14f-bdc2-47eb-9bbc-5375298d7817: Sackin index -0.1349; 1.1 s; peak memory 1245 MiB.
2026-10-06T16:59:37Z INFO [623/750] 53f7b68a-6805-4440-a602-03028ae6d7fb: Sackin index -0.0208; 5.5 s; peak memory 1245 MiB.
2026-10-06T16:59:38Z INFO [624/750] 53f7b7e7-16ef-417e-afa6-865479013cfb: Sackin index -0.0696; 1.0 s; peak memory 1245 MiB.
2026-10-06T16:59:45Z INFO [625/750] 53f83673-622b-4822-a4f7-3a35f6eb462f: Sackin index -0.0161; 7.4 s; peak memory 1245 MiB.
2026-10-06T16:59:53Z INFO [626/750] 53f83edd-35da-4b4a-ad2e-278a46911043: Sackin index -0.0315; 8.0 s; peak memory 1245 MiB.
2026-10-06T17:02:18Z INFO [627/750] 53f86eb0-3cf1-4760-8e32-0bac6d372a49: Sackin index -0.0294; 144.6 s; peak memory 1245 MiB.
2026-10-06T17:02:19Z INFO [628/750] 53f9b125-03c6-4d7a-9379-b931ee2fbff3: Sackin index -0.2411; 0.7 s; peak memory 1245 MiB.
2026-10-06T17:02:21Z INFO [629/750] 53f9bdd1-4a31-4742-a6f4-0dc693ba6de9: Sackin index -0.0660; 2.7 s; peak memory 1245 MiB.
2026-10-06T17:02:23Z INFO [630/750] 53fb30b4-5b95-4f32-a147-8a2089c44d2c: Sackin index -0.0696; 1.2 s; peak memory 1245 MiB.
2026-10-06T17:02:24Z INFO [631/750] 53fc03f1-ad4e-421b-ba30-5f3837c34415: Sackin index -0.1248; 1.1 s; peak memory 1245 MiB.
2026-10-06T17:02:25Z INFO [632/750] 53fd6450-cdd3-4f31-85d1-e34c08fc12d5: Sackin index -0.1248; 1.1 s; peak memory 1245 MiB.
2026-10-06T17:02:26Z INFO [633/750] 53fe55d6-3eaf-4e72-b250-bfa8ad7ed461: Sackin index -0.0376; 1.4 s; peak memory 1245 MiB.
2026-10-06T17:02:28Z INFO [634/750] 53ff35d8-e035-4a48-8832-c0b7acc7df11: Sackin index -0.0276; 1.6 s; peak memory 1245 MiB.
2026-10-06T17:02:31Z INFO [635/750] 53ffbf59-5369-4953-ade1-779b4c77ab37: Sackin index -0.0231; 2.8 s; peak memory 1245 MiB.
2026-10-06T17:02:31Z INFO [636/750] 53ffe718-0b1e-4bf6-a111-63567d77f33e: Sackin index -0.0702; 0.9 s; peak memory 1245 MiB.
2026-10-06T17:02:34Z INFO [637/750] 5400d084-bbaf-4a3a-81c0-b76c3be19743: Sackin index -0.0704; 2.4 s; peak memory 1245 MiB.
2026-10-06T17:02:35Z INFO [638/750] 54012ba9-a2f5-4664-b52d-cf5931379bf5: Sackin index -0.0728; 1.2 s; peak memory 1245 MiB.
2026-10-06T17:02:37Z INFO [639/750] 54015e63-f280-40e0-b8ef-3454297242b1: Sackin index -0.0579; 2.0 s; peak memory 1245 MiB.
2026-10-06T17:02:38Z INFO [640/750] 5402c36f-7491-42bc-8ae6-19d4c90f50f0: Sackin index -0.1178; 0.7 s; peak memory 1245 MiB.
2026-10-06T17:02:39Z INFO [641/750] 5402cf67-e88b-447d-bd01-56605a9b20ae: Sackin index -0.1349; 1.0 s; peak memory 1245 MiB.
2026-10-06T17:02:44Z INFO [642/750] 54031645-247a-4eb8-8751-d43a46b66ffb: Sackin index -0.0251; 4.9 s; peak memory 1245 MiB.
2026-10-06T17:02:45Z INFO [643/750] 5403326a-bc46-489b-8fc6-15dac48f1ae8: Sackin index -0.0709; 1.0 s; peak memory 1245 MiB.
2026-10-06T17:02:46Z INFO [644/750] 54033e89-85f5-4fb8-971e-498e3b06f247: Sackin index -0.0369; 1.4 s; peak memory 1245 MiB.
2026-10-06T17:02:47Z INFO [645/750] 5403497d-4e9a-4cfe-be56-1634b058d1f1: Sackin index -0.0696; 1.0 s; peak memory 1245 MiB.
2026-10-06T17:02:49Z INFO [646/750] 54036754-41e5-4b37-9877-e6d1d481059f: Sackin index -0.0728; 1.5 s; peak memory 1245 MiB.
2026-10-06T17:02:50Z INFO [647/750] 5403b6c8-105d-4717-82b4-b59a54de0f2d: Sackin index -0.1117; 1.4 s; peak memory 1245 MiB.
2026-10-06T17:02:51Z INFO [648/750] 54051148-4bb8-42ad-815a-08a3ff3d4a50: Sackin index -0.1349; 0.9 s; peak memory 1245 MiB.
2026-10-06T17:02:53Z INFO [649/750] 5406afed-fcbe-411f-9056-3253dee0534f: Sackin index -0.0660; 2.6 s; peak memory 1245 MiB.
2026-10-06T17:02:55Z INFO [650/750] 540712bb-02b2-4253-9ab8-50e7936375bf: Sackin index -0.1349; 1.1 s; peak memory 1245 MiB.
2026-10-06T17:02:55Z INFO [650/750] 540712bb-02b2-4253-9ab8-50e7936375bf: checkpointed 87486 records.
2026-10-06T17:02:56Z INFO [651/750] 5407572d-cb87-4295-a72f-cab9fa50933e: Sackin index -0.1349; 1.0 s; peak memory 1245 MiB.
2026-10-06T17:02:57Z INFO [652/750] 54099c89-e758-49c2-968e-4b497fbb9371: Sackin index -0.0728; 1.1 s; peak memory 1245 MiB.
2026-10-06T17:02:58Z INFO [653/750] 540a3c6d-36f5-4037-8482-4e43f9eb3848: Sackin index -0.1349; 1.1 s; peak memory 1245 MiB.
2026-10-06T17:02:59Z INFO [654/750] 540a424e-e74b-49e3-97d9-99958a2b37b4: Sackin index -0.1349; 1.1 s; peak memory 1245 MiB.
2026-10-06T17:03:00Z INFO [655/750] 540a8ef6-6e53-4c09-91ee-ddc0ad5253be: Sackin index -0.0702; 1.0 s; peak memory 1245 MiB.
2026-10-06T17:03:04Z INFO [656/750] 540aa71b-e303-4638-b987-9ce3da1cfc3e: Sackin index -0.0251; 4.3 s; peak memory 1245 MiB.
2026-10-06T17:03:05Z INFO [657/750] 540b9110-0e49-4825-8c0a-6dc7a73c426d: Sackin index -0.1191; 0.9 s; peak memory 1245 MiB.
2026-10-06T17:03:06Z INFO [658/750] 540ca773-a5d3-4286-a9f2-e15e08caf92e: Sackin index -0.1273; 1.3 s; peak memory 1245 MiB.
2026-10-06T17:03:08Z INFO [659/750] 540e1f7e-e658-4379-9d26-5451bab8ff0f: Sackin index -0.0728; 1.6 s; peak memory 1245 MiB.
2026-10-06T17:03:13Z INFO [660/750] 540e528f-a030-451c-8a88-ca8c82d73498: Sackin index -0.0190; 4.9 s; peak memory 1245 MiB.
2026-10-06T17:03:14Z INFO [661/750] 540f17bf-5020-4451-b64e-3bbe11a635c8: Sackin index -0.1349; 1.0 s; peak memory 1245 MiB.
2026-10-06T17:03:15Z INFO [662/750] 540f5b32-4e17-4878-b15e-fc525a177a5a: Sackin index -0.0702; 1.0 s; peak memory 1245 MiB.
2026-10-06T17:03:16Z INFO [663/750] 540f5e4f-ab3e-4f13-a822-835328753a61: Sackin index -0.0702; 0.8 s; peak memory 1245 MiB.
2026-10-06T17:03:17Z INFO [664/750] 54100f9f-a707-4571-9a69-784f4e9a27c4: Sackin index -0.1349; 0.9 s; peak memory 1245 MiB.
2026-10-06T17:03:24Z INFO [665/750] 54117536-f687-4d9b-8346-aa8f7a1f9029: Sackin index -0.0315; 7.4 s; peak memory 1245 MiB.
2026-10-06T17:03:25Z INFO [666/750] 54118281-50ce-4ffd-9123-195d8d4b4ee2: Sackin index -0.1349; 0.8 s; peak memory 1245 MiB.
2026-10-06T17:03:33Z INFO [667/750] 54118a74-48b0-498c-a73a-e04af7fcb2bc: Sackin index -0.0143; 8.1 s; peak memory 1245 MiB.
2026-10-06T17:03:34Z INFO [668/750] 5411cb13-a73d-4232-82f7-fc0942685aa0: Sackin index -0.0696; 1.0 s; peak memory 1245 MiB.
2026-10-06T17:03:35Z INFO [669/750] 5412dadc-6ccf-4011-9299-58818bba49e5: Sackin index -0.1135; 0.9 s; peak memory 1245 MiB.
2026-10-06T17:03:36Z INFO [670/750] 5412e944-7d1a-4ac4-869e-afb3ec8dc800: Sackin index -0.0702; 1.1 s; peak memory 1245 MiB.
2026-10-06T17:03:37Z INFO [671/750] 541317e2-9227-412d-b89c-6585bdfcb7e4: Sackin index -0.1492; 1.1 s; peak memory 1245 MiB.
2026-10-06T17:03:39Z INFO [672/750] 541331bd-be26-4602-b00c-dce6a1afb813: Sackin index -0.0718; 2.1 s; peak memory 1245 MiB.
2026-10-06T17:03:40Z INFO [673/750] 54139b30-9f19-4b77-91e5-0a88035fb7b4: Sackin index -0.1938; 0.7 s; peak memory 1245 MiB.
2026-10-06T17:03:42Z INFO [674/750] 5414459a-1b5b-495e-8070-b6f058d83034: Sackin index -0.0749; 2.0 s; peak memory 1245 MiB.
2026-10-06T17:03:43Z INFO [675/750] 5415474b-1ffd-4a4a-a389-1fd1acf46ffb: Sackin index -0.0702; 1.0 s; peak memory 1245 MiB.
2026-10-06T17:03:44Z INFO [676/750] 5415591a-fc96-4b89-bc90-d77ec4343363: Sackin index -0.1248; 0.9 s; peak memory 1245 MiB.
2026-10-06T17:03:45Z INFO [677/750] 54155b13-8b23-4f17-915d-ed3333effa27: Sackin index -0.0738; 1.4 s; peak memory 1245 MiB.
2026-10-06T17:03:54Z INFO [678/750] 54159440-b34f-4aad-a250-388a6d768726: Sackin index -0.0216; 8.5 s; peak memory 1245 MiB.
2026-10-06T17:03:54Z INFO [679/750] 5415e7a2-cf02-476a-b4de-f6b2db09ad45: Sackin index -0.1658; 0.7 s; peak memory 1245 MiB.
2026-10-06T17:03:55Z INFO [680/750] 5417df22-b378-426b-8bda-c45f93cce7a3: Sackin index -0.1178; 0.8 s; peak memory 1245 MiB.
2026-10-06T17:03:56Z INFO [681/750] 541b82aa-4dd8-418e-8bbd-713d5c253905: Sackin index -0.1349; 1.2 s; peak memory 1245 MiB.
2026-10-06T17:04:09Z INFO [682/750] 541bb9cb-3b37-4752-a5f2-8f3bfff0e723: Sackin index -0.0189; 12.9 s; peak memory 1245 MiB.
2026-10-06T17:04:11Z INFO [683/750] 541cac13-130e-4290-9847-9cbbeba37c5b: Sackin index -0.0944; 2.1 s; peak memory 1245 MiB.
2026-10-06T17:04:12Z INFO [684/750] 541d2ea1-3a46-466e-9244-776e5f18afe2: Sackin index -0.1178; 0.7 s; peak memory 1245 MiB.
2026-10-06T17:04:13Z INFO [685/750] 541d60c8-75bc-42fc-bb15-793afd82618a: Sackin index -0.1658; 0.7 s; peak memory 1245 MiB.
2026-10-06T17:04:17Z INFO [686/750] 541f9ddf-986f-48e6-8fe9-b959fd981e96: Sackin index -0.0635; 4.6 s; peak memory 1245 MiB.
2026-10-06T17:04:19Z INFO [687/750] 54205e7b-6970-4951-8414-93201410dc6a: Sackin index -0.0728; 1.2 s; peak memory 1245 MiB.
2026-10-06T17:04:20Z INFO [688/750] 5420710f-f05e-418f-b507-3756acce824b: Sackin index -0.1273; 1.5 s; peak memory 1245 MiB.
2026-10-06T17:04:21Z INFO [689/750] 5420b399-88db-4e18-800d-17071e33feda: Sackin index -0.0728; 1.1 s; peak memory 1245 MiB.
2026-10-06T17:04:22Z INFO [690/750] 54211428-8071-4f4c-a48a-dc7606d1c07e: Sackin index -0.1602; 1.2 s; peak memory 1245 MiB.
2026-10-06T17:04:23Z INFO [691/750] 5421bbce-f477-448b-bdd2-890fedd5117b: Sackin index -0.0371; 1.2 s; peak memory 1245 MiB.
2026-10-06T17:04:25Z INFO [692/750] 54233967-788d-409a-8709-ceda1aef4c81: Sackin index -0.1201; 1.1 s; peak memory 1245 MiB.
2026-10-06T17:04:26Z INFO [693/750] 54234e1d-f4c9-4674-ba4b-a6b876808077: Sackin index -0.0728; 1.3 s; peak memory 1245 MiB.
2026-10-06T17:04:27Z INFO [694/750] 54238f1b-1ead-4a11-917c-c1e4ba6e80d7: Sackin index -0.1349; 1.0 s; peak memory 1245 MiB.
2026-10-06T17:04:28Z INFO [695/750] 5423979d-03a6-42f1-80d6-67da5eae214b: Sackin index -0.1510; 1.1 s; peak memory 1245 MiB.
2026-10-06T17:04:29Z INFO [696/750] 5423ce41-85ce-4653-ab9e-07f191481c39: Sackin index -0.0709; 1.0 s; peak memory 1245 MiB.
2026-10-06T17:04:30Z INFO [697/750] 542431f9-97d1-4bcb-914c-1cff27472f29: Sackin index -0.1349; 1.0 s; peak memory 1245 MiB.
2026-10-06T17:06:30Z INFO [698/750] 54248c1c-a3a8-4cc1-a015-f4e43b4545d5: Sackin index -0.1076; 119.8 s; peak memory 1245 MiB.
2026-10-06T17:06:32Z INFO [699/750] 542493a2-1f86-48bd-a7ad-988c70253141: Sackin index -0.1938; 2.0 s; peak memory 1245 MiB.
2026-10-06T17:06:34Z INFO [700/750] 54255aa7-f213-4c37-9288-b2a2277e032b: Sackin index -0.1187; 1.8 s; peak memory 1245 MiB.
2026-10-06T17:06:34Z INFO [700/750] 54255aa7-f213-4c37-9288-b2a2277e032b: checkpointed 87536 records.
2026-10-06T17:06:35Z INFO [701/750] 542569a4-8e42-4aac-9cc6-5d667bce5325: Sackin index -0.1741; 1.0 s; peak memory 1245 MiB.
2026-10-06T17:06:36Z INFO [702/750] 54263aed-ec86-4db5-bfca-f93bcfff27e5: Sackin index -0.0369; 1.0 s; peak memory 1245 MiB.
2026-10-06T17:06:38Z INFO [703/750] 5426a6c1-5571-4fda-a421-f870aff3ea5e: Sackin index -0.0681; 2.4 s; peak memory 1245 MiB.
2026-10-06T17:06:45Z INFO [704/750] 5426a9c0-56f4-47a1-a874-828d2ec0d902: Sackin index -0.0158; 6.7 s; peak memory 1245 MiB.
2026-10-06T17:06:46Z INFO [705/750] 54282629-3dcf-4b20-9b79-fb22ab744a9f: Sackin index -0.0709; 1.1 s; peak memory 1245 MiB.
2026-10-06T17:06:47Z INFO [706/750] 5428e735-c3d2-4ee8-a019-65d91e35dc73: Sackin index -0.1349; 1.0 s; peak memory 1245 MiB.
2026-10-06T17:09:18Z INFO [707/750] 5429fa88-270f-4e05-9752-55da15594dd5: Sackin index -0.0573; 150.8 s; peak memory 1245 MiB.
2026-10-06T17:09:19Z INFO [708/750] 542a1dd7-2b62-4120-a87d-d3d1644b4c0c: Sackin index -0.1349; 1.1 s; peak memory 1245 MiB.
2026-10-06T17:09:20Z INFO [709/750] 542a732b-5937-46fb-a84c-6eca9540a711: Sackin index -0.0696; 1.0 s; peak memory 1245 MiB.
2026-10-06T17:10:12Z INFO [710/750] 542a94b4-fc7e-413a-bfd2-8cf545588449: Sackin index -0.0038; 52.4 s; peak memory 1245 MiB.
2026-10-06T17:10:14Z INFO [711/750] 542a9fd1-cae3-4e60-af3c-f4da16830d33: Sackin index -0.1380; 1.6 s; peak memory 1245 MiB.
2026-10-06T17:10:15Z INFO [712/750] 542b179e-f122-45d1-bbf2-1c5c310ba4b2: Sackin index -0.0369; 1.3 s; peak memory 1245 MiB.
2026-10-06T17:10:16Z INFO [713/750] 542b3a84-b27a-4ced-ae69-49fb04b68025: Sackin index -0.1349; 1.1 s; peak memory 1245 MiB.
2026-10-06T17:10:21Z INFO [714/750] 542bce79-302a-48f7-b54e-4a798ef5e4a4: Sackin index -0.0240; 5.0 s; peak memory 1245 MiB.
2026-10-06T17:10:22Z INFO [715/750] 542d88d5-0af3-4c3c-8043-958d2dd595de: Sackin index -0.1000; 1.2 s; peak memory 1245 MiB.
2026-10-06T17:10:48Z INFO [716/750] 542dde8a-2c37-4f47-acd1-26c1d5347be9: Sackin index -0.1367; 25.9 s; peak memory 1245 MiB.
2026-10-06T17:10:49Z INFO [717/750] 542e09ed-b928-453b-83fd-e8d8fd80e834: Sackin index -0.0702; 1.0 s; peak memory 1245 MiB.
2026-10-06T17:10:51Z INFO [718/750] 542eb38a-64d6-4d87-a70f-19310410677a: Sackin index -0.1349; 1.3 s; peak memory 1245 MiB.
2026-10-06T17:10:52Z INFO [719/750] 542edb0a-bf87-413f-b340-b5a61223a64a: Sackin index -0.1214; 1.6 s; peak memory 1245 MiB.
2026-10-06T17:10:54Z INFO [720/750] 542f8efa-96c0-404b-856d-a4d6f3bfb5d8: Sackin index -0.0702; 1.4 s; peak memory 1245 MiB.
2026-10-06T17:10:55Z INFO [721/750] 542f9cf0-9403-454a-86c7-9909fe78c4e0: Sackin index -0.1349; 1.1 s; peak memory 1245 MiB.
2026-10-06T17:10:56Z INFO [722/750] 542fa953-b854-4e1d-99bc-5702af227459: Sackin index -0.0709; 1.1 s; peak memory 1245 MiB.
2026-10-06T17:10:58Z INFO [723/750] 5430c23c-56ae-42ac-aa2b-f84f22a84b1b: Sackin index -0.0369; 2.3 s; peak memory 1245 MiB.
2026-10-06T17:10:59Z INFO [724/750] 543130b9-1d6d-4440-9c5b-5650d208d251: Sackin index -0.0479; 1.3 s; peak memory 1245 MiB.
2026-10-06T17:11:00Z INFO [725/750] 543239fd-5541-4f01-b84f-e9b40d7bd009: Sackin index -0.1349; 1.0 s; peak memory 1245 MiB.
2026-10-06T17:11:09Z INFO [726/750] 5433875d-66f5-4bb2-b896-d36a6098e503: Sackin index -0.0173; 8.8 s; peak memory 1245 MiB.
2026-10-06T17:11:12Z INFO [727/750] 54338a8e-62bd-4960-83d9-aa524b5f1e9d: Sackin index -0.0515; 2.5 s; peak memory 1245 MiB.
2026-10-06T17:11:14Z INFO [728/750] 5433ae1c-ea53-4bcd-8f3b-56a4faf29b13: Sackin index -0.0237; 1.8 s; peak memory 1245 MiB.
2026-10-06T17:11:15Z INFO [729/750] 5433f1e4-beee-4f01-8776-b0c226aa4d41: Sackin index -0.0746; 1.2 s; peak memory 1245 MiB.
2026-10-06T17:11:16Z INFO [730/750] 543402d6-e6f6-4834-ae47-5ff4fde33ac6: Sackin index -0.0728; 1.5 s; peak memory 1245 MiB.
2026-10-06T17:11:17Z INFO [731/750] 54340d07-1b14-411b-92e4-30060d9a21b1: Sackin index -0.0656; 1.1 s; peak memory 1245 MiB.
2026-10-06T17:11:18Z INFO [732/750] 54349eb1-67b0-455c-98ae-6a3fb425c360: Sackin index -0.0702; 1.1 s; peak memory 1245 MiB.
2026-10-06T17:11:19Z INFO [733/750] 5435e639-49d1-4715-96fd-3282852494e6: Sackin index -0.1256; 0.6 s; peak memory 1245 MiB.
2026-10-06T17:11:20Z INFO [734/750] 5437728b-922a-49e1-baf2-77ea20c9843a: Sackin index -0.1349; 1.0 s; peak memory 1245 MiB.
2026-10-06T17:11:23Z INFO [735/750] 5438121c-aa55-48aa-ac9e-cb8f588858fc: Sackin index -0.1243; 2.7 s; peak memory 1245 MiB.
2026-10-06T17:11:24Z INFO [736/750] 5438242d-eb7b-434d-b79f-408eb1569e29: Sackin index -0.0745; 1.1 s; peak memory 1245 MiB.
2026-10-06T17:11:25Z INFO [737/750] 5439c193-2500-4110-84c4-911552e08262: Sackin index -0.1269; 1.5 s; peak memory 1245 MiB.
2026-10-06T17:11:27Z INFO [738/750] 543a10bb-ec21-46f8-bacd-72a1655431d4: Sackin index -0.0365; 1.9 s; peak memory 1245 MiB.
2026-10-06T17:11:28Z INFO [739/750] 543a5010-cfe7-4090-a187-c1d7959d1f10: Sackin index -0.1349; 1.0 s; peak memory 1245 MiB.
2026-10-06T17:11:29Z INFO [740/750] 543a6679-817f-4842-aa18-0d97d718d955: Sackin index -0.0702; 1.0 s; peak memory 1245 MiB.
2026-10-06T17:11:30Z INFO [741/750] 543ae12b-5d0e-4594-8d30-f10bfb45793e: Sackin index -0.0702; 1.0 s; peak memory 1245 MiB.
2026-10-06T17:11:31Z INFO [742/750] 543b1eb3-211c-432c-9b9a-d425354bd9c1: Sackin index -0.1349; 0.9 s; peak memory 1245 MiB.
2026-10-06T17:11:32Z INFO [743/750] 543b8c8b-ef59-465d-a87c-cb85cdf5dfab: Sackin index -0.1178; 0.7 s; peak memory 1245 MiB.
2026-10-06T17:11:33Z INFO [744/750] 543c7834-b3f4-45e1-b802-e1e4ec09cbf3: Sackin index -0.0696; 1.1 s; peak memory 1245 MiB.
2026-10-06T17:11:34Z INFO [745/750] 543db71a-d296-4e5b-a193-b26864d02b0f: Sackin index -0.0434; 1.3 s; peak memory 1245 MiB.
2026-10-06T17:11:35Z INFO [746/750] 543de9b7-a4f8-49d3-b4af-4c7549279313: Sackin index -0.0707; 1.3 s; peak memory 1245 MiB.
2026-10-06T17:11:38Z INFO [747/750] 543e43b4-1749-42ae-bb15-9529ce367f3e: Sackin index -0.0627; 2.7 s; peak memory 1245 MiB.
2026-10-06T17:11:39Z INFO [748/750] 543fc598-9de7-42bd-91bc-3b064815bebb: Sackin index -0.0457; 1.2 s; peak memory 1245 MiB.
2026-10-06T17:11:43Z INFO [749/750] 5440210f-ce58-4e24-8781-f39dbf159ff7: Sackin index -0.0251; 3.7 s; peak memory 1245 MiB.
2026-10-06T17:11:45Z INFO [750/750] 5440eab9-07c6-46a8-ab1b-57650026aca6: Sackin index -0.1044; 1.9 s; peak memory 1245 MiB.
2026-10-06T17:11:45Z INFO [750/750] 5440eab9-07c6-46a8-ab1b-57650026aca6: checkpointed 87586 records.
2026-10-06T17:11:46Z INFO Wrote 87586 records to /tmp/derivatives/valid_nwb_file_to_sackin_index.jsonl (750 new, 0 failed) in 112.1 min (peak memory 1245 MiB).
